============================================================
Decay sweep experiment
Method:      warm:200
Decay mode:  exponential
Decay param: 0.025
Seed:        4
Output:      /home/users/g/s/gsavary/LudiiMCTSVariations/slurm_sweep_full_dataset/output_decay/warm_200_decay_exponential_0_025/seed_4
============================================================

================================================================================
SLURM Sweep Experiment with Synthetic Data Decay
================================================================================
Method: warm:200
Decay: exponential (param=0.025)
Time limit: 3600.0s, Seed: 4, Batch size: 20
Output directory: /home/users/g/s/gsavary/LudiiMCTSVariations/slurm_sweep_full_dataset/output_decay/warm_200_decay_exponential_0_025/seed_4

Loading Ludii dataset...
Loaded 1085 games
Using 1085 games (full dataset)

Running timing probe (100 pulls)...
  Estimated secs/pull: 0.023604

Time budget: 3600.0s → ~152515 total pulls
Per-method budget: 21787 pulls (~514.3s)

Computing predictor-only performance...
  Predictions loaded: 23675 agent predictions
  Predictor-only: regret=0.104318, ape=0.4894

Running WARM-START (w=200, decay=exponential param=0.025)...
[17:49:58] warmStart (decay=exponential) 0% (1/1090) regret=0.100827 ape=0.5530
[17:49:58] warmStart (decay=exponential) 0% (2/1090) regret=0.100827 ape=0.5530
[17:49:58] warmStart (decay=exponential) 0% (3/1090) regret=0.100827 ape=0.5530
[17:49:58] warmStart (decay=exponential) 0% (4/1090) regret=0.100827 ape=0.5530
[17:49:58] warmStart (decay=exponential) 0% (5/1090) regret=0.100827 ape=0.5530
[17:49:59] warmStart (decay=exponential) 0% (6/1090) regret=0.100827 ape=0.5530
[17:49:59] warmStart (decay=exponential) 0% (7/1090) regret=0.100827 ape=0.5530
[17:49:59] warmStart (decay=exponential) 0% (8/1090) regret=0.100827 ape=0.5530
[17:49:59] warmStart (decay=exponential) 0% (9/1090) regret=0.100827 ape=0.5530
[17:50:00] warmStart (decay=exponential) 0% (10/1090) regret=0.100827 ape=0.5530
[17:50:00] warmStart (decay=exponential) 1% (11/1090) regret=0.100827 ape=0.5530
[17:50:00] warmStart (decay=exponential) 1% (12/1090) regret=0.100827 ape=0.5530
[17:50:00] warmStart (decay=exponential) 1% (13/1090) regret=0.100827 ape=0.5530
[17:50:00] warmStart (decay=exponential) 1% (14/1090) regret=0.100827 ape=0.5530
[17:50:01] warmStart (decay=exponential) 1% (15/1090) regret=0.100827 ape=0.5530
[17:50:01] warmStart (decay=exponential) 1% (16/1090) regret=0.100827 ape=0.5530
[17:50:01] warmStart (decay=exponential) 1% (17/1090) regret=0.100827 ape=0.5530
[17:50:01] warmStart (decay=exponential) 1% (18/1090) regret=0.100827 ape=0.5530
[17:50:02] warmStart (decay=exponential) 1% (19/1090) regret=0.100827 ape=0.5530
[17:50:02] warmStart (decay=exponential) 1% (20/1090) regret=0.100827 ape=0.5530
[17:50:02] warmStart (decay=exponential) 1% (21/1090) regret=0.100848 ape=0.5539
[17:50:02] warmStart (decay=exponential) 2% (22/1090) regret=0.100844 ape=0.5539
[17:50:02] warmStart (decay=exponential) 2% (23/1090) regret=0.100844 ape=0.5539
[17:50:03] warmStart (decay=exponential) 2% (24/1090) regret=0.100844 ape=0.5539
[17:50:03] warmStart (decay=exponential) 2% (25/1090) regret=0.100844 ape=0.5539
[17:50:03] warmStart (decay=exponential) 2% (26/1090) regret=0.100844 ape=0.5539
[17:50:03] warmStart (decay=exponential) 2% (27/1090) regret=0.100844 ape=0.5539
[17:50:03] warmStart (decay=exponential) 2% (28/1090) regret=0.100844 ape=0.5539
[17:50:03] warmStart (decay=exponential) 2% (29/1090) regret=0.100844 ape=0.5539
[17:50:04] warmStart (decay=exponential) 2% (30/1090) regret=0.100827 ape=0.5530
[17:50:04] warmStart (decay=exponential) 2% (31/1090) regret=0.100827 ape=0.5530
[17:50:04] warmStart (decay=exponential) 2% (32/1090) regret=0.100827 ape=0.5530
[17:50:04] warmStart (decay=exponential) 3% (33/1090) regret=0.100827 ape=0.5530
[17:50:04] warmStart (decay=exponential) 3% (34/1090) regret=0.100827 ape=0.5530
[17:50:05] warmStart (decay=exponential) 3% (35/1090) regret=0.100827 ape=0.5530
[17:50:05] warmStart (decay=exponential) 3% (36/1090) regret=0.100827 ape=0.5530
[17:50:05] warmStart (decay=exponential) 3% (37/1090) regret=0.100827 ape=0.5530
[17:50:05] warmStart (decay=exponential) 3% (38/1090) regret=0.100827 ape=0.5530
[17:50:05] warmStart (decay=exponential) 3% (39/1090) regret=0.100827 ape=0.5530
[17:50:06] warmStart (decay=exponential) 3% (40/1090) regret=0.100827 ape=0.5530
[17:50:06] warmStart (decay=exponential) 3% (41/1090) regret=0.100827 ape=0.5530
[17:50:06] warmStart (decay=exponential) 3% (42/1090) regret=0.100827 ape=0.5530
[17:50:06] warmStart (decay=exponential) 3% (43/1090) regret=0.100827 ape=0.5530
[17:50:06] warmStart (decay=exponential) 4% (44/1090) regret=0.100827 ape=0.5530
[17:50:07] warmStart (decay=exponential) 4% (45/1090) regret=0.100827 ape=0.5530
[17:50:07] warmStart (decay=exponential) 4% (46/1090) regret=0.100827 ape=0.5530
[17:50:07] warmStart (decay=exponential) 4% (47/1090) regret=0.100827 ape=0.5530
[17:50:07] warmStart (decay=exponential) 4% (48/1090) regret=0.100827 ape=0.5530
[17:50:08] warmStart (decay=exponential) 4% (49/1090) regret=0.100827 ape=0.5530
[17:50:08] warmStart (decay=exponential) 4% (50/1090) regret=0.100827 ape=0.5530
[17:50:08] warmStart (decay=exponential) 4% (51/1090) regret=0.100827 ape=0.5530
[17:50:08] warmStart (decay=exponential) 4% (52/1090) regret=0.100827 ape=0.5530
[17:50:08] warmStart (decay=exponential) 4% (53/1090) regret=0.100827 ape=0.5530
[17:50:09] warmStart (decay=exponential) 4% (54/1090) regret=0.100827 ape=0.5530
[17:50:09] warmStart (decay=exponential) 5% (55/1090) regret=0.100827 ape=0.5530
[17:50:09] warmStart (decay=exponential) 5% (56/1090) regret=0.100827 ape=0.5530
[17:50:09] warmStart (decay=exponential) 5% (57/1090) regret=0.100827 ape=0.5530
[17:50:10] warmStart (decay=exponential) 5% (58/1090) regret=0.100827 ape=0.5530
[17:50:10] warmStart (decay=exponential) 5% (59/1090) regret=0.100827 ape=0.5530
[17:50:10] warmStart (decay=exponential) 5% (60/1090) regret=0.100827 ape=0.5530
[17:50:10] warmStart (decay=exponential) 5% (61/1090) regret=0.100827 ape=0.5530
[17:50:11] warmStart (decay=exponential) 5% (62/1090) regret=0.100827 ape=0.5530
[17:50:11] warmStart (decay=exponential) 5% (63/1090) regret=0.100827 ape=0.5530
[17:50:11] warmStart (decay=exponential) 5% (64/1090) regret=0.100827 ape=0.5530
[17:50:11] warmStart (decay=exponential) 5% (65/1090) regret=0.100827 ape=0.5530
[17:50:11] warmStart (decay=exponential) 6% (66/1090) regret=0.100827 ape=0.5530
[17:50:12] warmStart (decay=exponential) 6% (67/1090) regret=0.100827 ape=0.5530
[17:50:12] warmStart (decay=exponential) 6% (68/1090) regret=0.100827 ape=0.5530
[17:50:12] warmStart (decay=exponential) 6% (69/1090) regret=0.100827 ape=0.5530
[17:50:13] warmStart (decay=exponential) 6% (70/1090) regret=0.100827 ape=0.5530
[17:50:13] warmStart (decay=exponential) 6% (71/1090) regret=0.100827 ape=0.5530
[17:50:13] warmStart (decay=exponential) 6% (72/1090) regret=0.100827 ape=0.5530
[17:50:13] warmStart (decay=exponential) 6% (73/1090) regret=0.100827 ape=0.5530
[17:50:13] warmStart (decay=exponential) 6% (74/1090) regret=0.100827 ape=0.5530
[17:50:14] warmStart (decay=exponential) 6% (75/1090) regret=0.100827 ape=0.5530
[17:50:14] warmStart (decay=exponential) 6% (76/1090) regret=0.100827 ape=0.5530
[17:50:14] warmStart (decay=exponential) 7% (77/1090) regret=0.100827 ape=0.5530
[17:50:14] warmStart (decay=exponential) 7% (78/1090) regret=0.100827 ape=0.5530
[17:50:14] warmStart (decay=exponential) 7% (79/1090) regret=0.100827 ape=0.5530
[17:50:15] warmStart (decay=exponential) 7% (80/1090) regret=0.100827 ape=0.5530
[17:50:15] warmStart (decay=exponential) 7% (81/1090) regret=0.100827 ape=0.5530
[17:50:15] warmStart (decay=exponential) 7% (82/1090) regret=0.100827 ape=0.5530
[17:50:15] warmStart (decay=exponential) 7% (83/1090) regret=0.100827 ape=0.5530
[17:50:15] warmStart (decay=exponential) 7% (84/1090) regret=0.100827 ape=0.5530
[17:50:16] warmStart (decay=exponential) 7% (85/1090) regret=0.100827 ape=0.5530
[17:50:16] warmStart (decay=exponential) 7% (86/1090) regret=0.100827 ape=0.5530
[17:50:16] warmStart (decay=exponential) 7% (87/1090) regret=0.100827 ape=0.5530
[17:50:16] warmStart (decay=exponential) 8% (88/1090) regret=0.100827 ape=0.5530
[17:50:16] warmStart (decay=exponential) 8% (89/1090) regret=0.100827 ape=0.5530
[17:50:17] warmStart (decay=exponential) 8% (90/1090) regret=0.100827 ape=0.5530
[17:50:17] warmStart (decay=exponential) 8% (91/1090) regret=0.100827 ape=0.5530
[17:50:17] warmStart (decay=exponential) 8% (92/1090) regret=0.100827 ape=0.5530
[17:50:17] warmStart (decay=exponential) 8% (93/1090) regret=0.100827 ape=0.5530
[17:50:18] warmStart (decay=exponential) 8% (94/1090) regret=0.100827 ape=0.5530
[17:50:18] warmStart (decay=exponential) 8% (95/1090) regret=0.100827 ape=0.5530
[17:50:18] warmStart (decay=exponential) 8% (96/1090) regret=0.100827 ape=0.5530
[17:50:18] warmStart (decay=exponential) 8% (97/1090) regret=0.100827 ape=0.5530
[17:50:18] warmStart (decay=exponential) 8% (98/1090) regret=0.100827 ape=0.5530
[17:50:19] warmStart (decay=exponential) 9% (99/1090) regret=0.100827 ape=0.5530
[17:50:19] warmStart (decay=exponential) 9% (100/1090) regret=0.100827 ape=0.5530
[17:50:19] warmStart (decay=exponential) 9% (101/1090) regret=0.100827 ape=0.5530
[17:50:19] warmStart (decay=exponential) 9% (102/1090) regret=0.100827 ape=0.5530
[17:50:19] warmStart (decay=exponential) 9% (103/1090) regret=0.100827 ape=0.5530
[17:50:20] warmStart (decay=exponential) 9% (104/1090) regret=0.100827 ape=0.5530
[17:50:20] warmStart (decay=exponential) 9% (105/1090) regret=0.100827 ape=0.5530
[17:50:20] warmStart (decay=exponential) 9% (106/1090) regret=0.100827 ape=0.5530
[17:50:20] warmStart (decay=exponential) 9% (107/1090) regret=0.100827 ape=0.5530
[17:50:21] warmStart (decay=exponential) 9% (108/1090) regret=0.100827 ape=0.5530
[17:50:21] warmStart (decay=exponential) 10% (109/1090) regret=0.100827 ape=0.5530
[17:50:21] warmStart (decay=exponential) 10% (110/1090) regret=0.100827 ape=0.5530
[17:50:21] warmStart (decay=exponential) 10% (111/1090) regret=0.100827 ape=0.5530
[17:50:21] warmStart (decay=exponential) 10% (112/1090) regret=0.100827 ape=0.5530
[17:50:22] warmStart (decay=exponential) 10% (113/1090) regret=0.100827 ape=0.5530
[17:50:22] warmStart (decay=exponential) 10% (114/1090) regret=0.100827 ape=0.5530
[17:50:22] warmStart (decay=exponential) 10% (115/1090) regret=0.100827 ape=0.5530
[17:50:22] warmStart (decay=exponential) 10% (116/1090) regret=0.100827 ape=0.5530
[17:50:22] warmStart (decay=exponential) 10% (117/1090) regret=0.100827 ape=0.5530
[17:50:23] warmStart (decay=exponential) 10% (118/1090) regret=0.100827 ape=0.5530
[17:50:23] warmStart (decay=exponential) 10% (119/1090) regret=0.100827 ape=0.5530
[17:50:23] warmStart (decay=exponential) 11% (120/1090) regret=0.100827 ape=0.5530
[17:50:23] warmStart (decay=exponential) 11% (121/1090) regret=0.100827 ape=0.5530
[17:50:24] warmStart (decay=exponential) 11% (122/1090) regret=0.100827 ape=0.5530
[17:50:24] warmStart (decay=exponential) 11% (123/1090) regret=0.100827 ape=0.5530
[17:50:24] warmStart (decay=exponential) 11% (124/1090) regret=0.100827 ape=0.5530
[17:50:24] warmStart (decay=exponential) 11% (125/1090) regret=0.100827 ape=0.5530
[17:50:24] warmStart (decay=exponential) 11% (126/1090) regret=0.100827 ape=0.5530
[17:50:25] warmStart (decay=exponential) 11% (127/1090) regret=0.100827 ape=0.5530
[17:50:25] warmStart (decay=exponential) 11% (128/1090) regret=0.100827 ape=0.5530
[17:50:25] warmStart (decay=exponential) 11% (129/1090) regret=0.100827 ape=0.5530
[17:50:25] warmStart (decay=exponential) 11% (130/1090) regret=0.100827 ape=0.5530
[17:50:26] warmStart (decay=exponential) 12% (131/1090) regret=0.100827 ape=0.5530
[17:50:26] warmStart (decay=exponential) 12% (132/1090) regret=0.100827 ape=0.5530
[17:50:26] warmStart (decay=exponential) 12% (133/1090) regret=0.100827 ape=0.5530
[17:50:26] warmStart (decay=exponential) 12% (134/1090) regret=0.100827 ape=0.5530
[17:50:26] warmStart (decay=exponential) 12% (135/1090) regret=0.100827 ape=0.5530
[17:50:27] warmStart (decay=exponential) 12% (136/1090) regret=0.100827 ape=0.5530
[17:50:27] warmStart (decay=exponential) 12% (137/1090) regret=0.100827 ape=0.5530
[17:50:27] warmStart (decay=exponential) 12% (138/1090) regret=0.100827 ape=0.5530
[17:50:27] warmStart (decay=exponential) 12% (139/1090) regret=0.100827 ape=0.5530
[17:50:27] warmStart (decay=exponential) 12% (140/1090) regret=0.100827 ape=0.5530
[17:50:28] warmStart (decay=exponential) 12% (141/1090) regret=0.100827 ape=0.5530
[17:50:28] warmStart (decay=exponential) 13% (142/1090) regret=0.100827 ape=0.5530
[17:50:28] warmStart (decay=exponential) 13% (143/1090) regret=0.100827 ape=0.5530
[17:50:28] warmStart (decay=exponential) 13% (144/1090) regret=0.100827 ape=0.5530
[17:50:29] warmStart (decay=exponential) 13% (145/1090) regret=0.100827 ape=0.5530
[17:50:29] warmStart (decay=exponential) 13% (146/1090) regret=0.100827 ape=0.5530
[17:50:29] warmStart (decay=exponential) 13% (147/1090) regret=0.100827 ape=0.5530
[17:50:29] warmStart (decay=exponential) 13% (148/1090) regret=0.100827 ape=0.5530
[17:50:29] warmStart (decay=exponential) 13% (149/1090) regret=0.100827 ape=0.5530
[17:50:30] warmStart (decay=exponential) 13% (150/1090) regret=0.100827 ape=0.5530
[17:50:30] warmStart (decay=exponential) 13% (151/1090) regret=0.100827 ape=0.5530
[17:50:30] warmStart (decay=exponential) 13% (152/1090) regret=0.100827 ape=0.5530
[17:50:30] warmStart (decay=exponential) 14% (153/1090) regret=0.100827 ape=0.5530
[17:50:31] warmStart (decay=exponential) 14% (154/1090) regret=0.100827 ape=0.5530
[17:50:31] warmStart (decay=exponential) 14% (155/1090) regret=0.100827 ape=0.5530
[17:50:31] warmStart (decay=exponential) 14% (156/1090) regret=0.100827 ape=0.5530
[17:50:31] warmStart (decay=exponential) 14% (157/1090) regret=0.100827 ape=0.5530
[17:50:31] warmStart (decay=exponential) 14% (158/1090) regret=0.100827 ape=0.5530
[17:50:32] warmStart (decay=exponential) 14% (159/1090) regret=0.100827 ape=0.5530
[17:50:32] warmStart (decay=exponential) 14% (160/1090) regret=0.100827 ape=0.5530
[17:50:32] warmStart (decay=exponential) 14% (161/1090) regret=0.100827 ape=0.5530
[17:50:32] warmStart (decay=exponential) 14% (162/1090) regret=0.100827 ape=0.5530
[17:50:32] warmStart (decay=exponential) 14% (163/1090) regret=0.100827 ape=0.5530
[17:50:33] warmStart (decay=exponential) 15% (164/1090) regret=0.100827 ape=0.5530
[17:50:33] warmStart (decay=exponential) 15% (165/1090) regret=0.100827 ape=0.5530
[17:50:33] warmStart (decay=exponential) 15% (166/1090) regret=0.100827 ape=0.5530
[17:50:33] warmStart (decay=exponential) 15% (167/1090) regret=0.100827 ape=0.5530
[17:50:33] warmStart (decay=exponential) 15% (168/1090) regret=0.100827 ape=0.5530
[17:50:34] warmStart (decay=exponential) 15% (169/1090) regret=0.100827 ape=0.5530
[17:50:34] warmStart (decay=exponential) 15% (170/1090) regret=0.100827 ape=0.5530
[17:50:34] warmStart (decay=exponential) 15% (171/1090) regret=0.100827 ape=0.5530
[17:50:34] warmStart (decay=exponential) 15% (172/1090) regret=0.100827 ape=0.5530
[17:50:35] warmStart (decay=exponential) 15% (173/1090) regret=0.100827 ape=0.5530
[17:50:35] warmStart (decay=exponential) 15% (174/1090) regret=0.100827 ape=0.5530
[17:50:35] warmStart (decay=exponential) 16% (175/1090) regret=0.100827 ape=0.5530
[17:50:35] warmStart (decay=exponential) 16% (176/1090) regret=0.100827 ape=0.5530
[17:50:36] warmStart (decay=exponential) 16% (177/1090) regret=0.100827 ape=0.5530
[17:50:36] warmStart (decay=exponential) 16% (178/1090) regret=0.100827 ape=0.5530
[17:50:36] warmStart (decay=exponential) 16% (179/1090) regret=0.100827 ape=0.5530
[17:50:36] warmStart (decay=exponential) 16% (180/1090) regret=0.100827 ape=0.5530
[17:50:36] warmStart (decay=exponential) 16% (181/1090) regret=0.100827 ape=0.5530
[17:50:37] warmStart (decay=exponential) 16% (182/1090) regret=0.100827 ape=0.5530
[17:50:37] warmStart (decay=exponential) 16% (183/1090) regret=0.100827 ape=0.5530
[17:50:37] warmStart (decay=exponential) 16% (184/1090) regret=0.100827 ape=0.5530
[17:50:37] warmStart (decay=exponential) 16% (185/1090) regret=0.100827 ape=0.5530
[17:50:37] warmStart (decay=exponential) 17% (186/1090) regret=0.100827 ape=0.5530
[17:50:38] warmStart (decay=exponential) 17% (187/1090) regret=0.100827 ape=0.5530
[17:50:38] warmStart (decay=exponential) 17% (188/1090) regret=0.100827 ape=0.5530
[17:50:38] warmStart (decay=exponential) 17% (189/1090) regret=0.100827 ape=0.5530
[17:50:38] warmStart (decay=exponential) 17% (190/1090) regret=0.100827 ape=0.5530
[17:50:38] warmStart (decay=exponential) 17% (191/1090) regret=0.100827 ape=0.5530
[17:50:39] warmStart (decay=exponential) 17% (192/1090) regret=0.100827 ape=0.5530
[17:50:39] warmStart (decay=exponential) 17% (193/1090) regret=0.100827 ape=0.5530
[17:50:39] warmStart (decay=exponential) 17% (194/1090) regret=0.100827 ape=0.5530
[17:50:39] warmStart (decay=exponential) 17% (195/1090) regret=0.100827 ape=0.5530
[17:50:39] warmStart (decay=exponential) 17% (196/1090) regret=0.100827 ape=0.5530
[17:50:40] warmStart (decay=exponential) 18% (197/1090) regret=0.100827 ape=0.5530
[17:50:40] warmStart (decay=exponential) 18% (198/1090) regret=0.100827 ape=0.5530
[17:50:40] warmStart (decay=exponential) 18% (199/1090) regret=0.100827 ape=0.5530
[17:50:40] warmStart (decay=exponential) 18% (200/1090) regret=0.100827 ape=0.5530
[17:50:40] warmStart (decay=exponential) 18% (201/1090) regret=0.100827 ape=0.5530
[17:50:41] warmStart (decay=exponential) 18% (202/1090) regret=0.100827 ape=0.5530
[17:50:41] warmStart (decay=exponential) 18% (203/1090) regret=0.100827 ape=0.5530
[17:50:41] warmStart (decay=exponential) 18% (204/1090) regret=0.100827 ape=0.5530
[17:50:41] warmStart (decay=exponential) 18% (205/1090) regret=0.100827 ape=0.5530
[17:50:42] warmStart (decay=exponential) 18% (206/1090) regret=0.100827 ape=0.5530
[17:50:42] warmStart (decay=exponential) 18% (207/1090) regret=0.100827 ape=0.5530
[17:50:42] warmStart (decay=exponential) 19% (208/1090) regret=0.100827 ape=0.5530
[17:50:42] warmStart (decay=exponential) 19% (209/1090) regret=0.100827 ape=0.5530
[17:50:43] warmStart (decay=exponential) 19% (210/1090) regret=0.100827 ape=0.5530
[17:50:43] warmStart (decay=exponential) 19% (211/1090) regret=0.100827 ape=0.5530
[17:50:43] warmStart (decay=exponential) 19% (212/1090) regret=0.100827 ape=0.5530
[17:50:43] warmStart (decay=exponential) 19% (213/1090) regret=0.100827 ape=0.5530
[17:50:43] warmStart (decay=exponential) 19% (214/1090) regret=0.100827 ape=0.5530
[17:50:44] warmStart (decay=exponential) 19% (215/1090) regret=0.100827 ape=0.5530
[17:50:44] warmStart (decay=exponential) 19% (216/1090) regret=0.100827 ape=0.5530
[17:50:44] warmStart (decay=exponential) 19% (217/1090) regret=0.100827 ape=0.5530
[17:50:44] warmStart (decay=exponential) 20% (218/1090) regret=0.100827 ape=0.5530
[17:50:44] warmStart (decay=exponential) 20% (219/1090) regret=0.100827 ape=0.5530
[17:50:45] warmStart (decay=exponential) 20% (220/1090) regret=0.100827 ape=0.5530
[17:50:45] warmStart (decay=exponential) 20% (221/1090) regret=0.100827 ape=0.5530
[17:50:45] warmStart (decay=exponential) 20% (222/1090) regret=0.100827 ape=0.5530
[17:50:45] warmStart (decay=exponential) 20% (223/1090) regret=0.100827 ape=0.5530
[17:50:46] warmStart (decay=exponential) 20% (224/1090) regret=0.100827 ape=0.5530
[17:50:46] warmStart (decay=exponential) 20% (225/1090) regret=0.100827 ape=0.5530
[17:50:46] warmStart (decay=exponential) 20% (226/1090) regret=0.100827 ape=0.5530
[17:50:46] warmStart (decay=exponential) 20% (227/1090) regret=0.100827 ape=0.5530
[17:50:46] warmStart (decay=exponential) 20% (228/1090) regret=0.100827 ape=0.5530
[17:50:47] warmStart (decay=exponential) 21% (229/1090) regret=0.100827 ape=0.5530
[17:50:47] warmStart (decay=exponential) 21% (230/1090) regret=0.100827 ape=0.5530
[17:50:47] warmStart (decay=exponential) 21% (231/1090) regret=0.100827 ape=0.5530
[17:50:47] warmStart (decay=exponential) 21% (232/1090) regret=0.100827 ape=0.5530
[17:50:47] warmStart (decay=exponential) 21% (233/1090) regret=0.100827 ape=0.5530
[17:50:48] warmStart (decay=exponential) 21% (234/1090) regret=0.100827 ape=0.5530
[17:50:48] warmStart (decay=exponential) 21% (235/1090) regret=0.100827 ape=0.5530
[17:50:48] warmStart (decay=exponential) 21% (236/1090) regret=0.100827 ape=0.5530
[17:50:48] warmStart (decay=exponential) 21% (237/1090) regret=0.100827 ape=0.5530
[17:50:49] warmStart (decay=exponential) 21% (238/1090) regret=0.100827 ape=0.5530
[17:50:49] warmStart (decay=exponential) 21% (239/1090) regret=0.100827 ape=0.5530
[17:50:49] warmStart (decay=exponential) 22% (240/1090) regret=0.100827 ape=0.5530
[17:50:49] warmStart (decay=exponential) 22% (241/1090) regret=0.100827 ape=0.5530
[17:50:49] warmStart (decay=exponential) 22% (242/1090) regret=0.100827 ape=0.5530
[17:50:50] warmStart (decay=exponential) 22% (243/1090) regret=0.100827 ape=0.5530
[17:50:50] warmStart (decay=exponential) 22% (244/1090) regret=0.100827 ape=0.5530
[17:50:50] warmStart (decay=exponential) 22% (245/1090) regret=0.100827 ape=0.5530
[17:50:50] warmStart (decay=exponential) 22% (246/1090) regret=0.100827 ape=0.5530
[17:50:51] warmStart (decay=exponential) 22% (247/1090) regret=0.100827 ape=0.5530
[17:50:51] warmStart (decay=exponential) 22% (248/1090) regret=0.100827 ape=0.5530
[17:50:51] warmStart (decay=exponential) 22% (249/1090) regret=0.100827 ape=0.5530
[17:50:51] warmStart (decay=exponential) 22% (250/1090) regret=0.100827 ape=0.5530
[17:50:51] warmStart (decay=exponential) 23% (251/1090) regret=0.100827 ape=0.5530
[17:50:52] warmStart (decay=exponential) 23% (252/1090) regret=0.100827 ape=0.5530
[17:50:52] warmStart (decay=exponential) 23% (253/1090) regret=0.100827 ape=0.5530
[17:50:52] warmStart (decay=exponential) 23% (254/1090) regret=0.100827 ape=0.5530
[17:50:52] warmStart (decay=exponential) 23% (255/1090) regret=0.100827 ape=0.5530
[17:50:52] warmStart (decay=exponential) 23% (256/1090) regret=0.100827 ape=0.5530
[17:50:53] warmStart (decay=exponential) 23% (257/1090) regret=0.100827 ape=0.5530
[17:50:53] warmStart (decay=exponential) 23% (258/1090) regret=0.100827 ape=0.5530
[17:50:53] warmStart (decay=exponential) 23% (259/1090) regret=0.100827 ape=0.5530
[17:50:53] warmStart (decay=exponential) 23% (260/1090) regret=0.100827 ape=0.5530
[17:50:54] warmStart (decay=exponential) 23% (261/1090) regret=0.100827 ape=0.5530
[17:50:54] warmStart (decay=exponential) 24% (262/1090) regret=0.100827 ape=0.5530
[17:50:54] warmStart (decay=exponential) 24% (263/1090) regret=0.100827 ape=0.5530
[17:50:54] warmStart (decay=exponential) 24% (264/1090) regret=0.100827 ape=0.5530
[17:50:55] warmStart (decay=exponential) 24% (265/1090) regret=0.100827 ape=0.5530
[17:50:55] warmStart (decay=exponential) 24% (266/1090) regret=0.100827 ape=0.5530
[17:50:55] warmStart (decay=exponential) 24% (267/1090) regret=0.100827 ape=0.5530
[17:50:55] warmStart (decay=exponential) 24% (268/1090) regret=0.100827 ape=0.5530
[17:50:55] warmStart (decay=exponential) 24% (269/1090) regret=0.100827 ape=0.5530
[17:50:56] warmStart (decay=exponential) 24% (270/1090) regret=0.100827 ape=0.5530
[17:50:56] warmStart (decay=exponential) 24% (271/1090) regret=0.100827 ape=0.5530
[17:50:56] warmStart (decay=exponential) 24% (272/1090) regret=0.100827 ape=0.5530
[17:50:56] warmStart (decay=exponential) 25% (273/1090) regret=0.100827 ape=0.5530
[17:50:57] warmStart (decay=exponential) 25% (274/1090) regret=0.100827 ape=0.5530
[17:50:57] warmStart (decay=exponential) 25% (275/1090) regret=0.100827 ape=0.5530
[17:50:57] warmStart (decay=exponential) 25% (276/1090) regret=0.100827 ape=0.5530
[17:50:57] warmStart (decay=exponential) 25% (277/1090) regret=0.100827 ape=0.5530
[17:50:57] warmStart (decay=exponential) 25% (278/1090) regret=0.100827 ape=0.5530
[17:50:58] warmStart (decay=exponential) 25% (279/1090) regret=0.100827 ape=0.5530
[17:50:58] warmStart (decay=exponential) 25% (280/1090) regret=0.100827 ape=0.5530
[17:50:58] warmStart (decay=exponential) 25% (281/1090) regret=0.100827 ape=0.5530
[17:50:58] warmStart (decay=exponential) 25% (282/1090) regret=0.100827 ape=0.5530
[17:50:59] warmStart (decay=exponential) 25% (283/1090) regret=0.100827 ape=0.5530
[17:50:59] warmStart (decay=exponential) 26% (284/1090) regret=0.100827 ape=0.5530
[17:50:59] warmStart (decay=exponential) 26% (285/1090) regret=0.100827 ape=0.5530
[17:50:59] warmStart (decay=exponential) 26% (286/1090) regret=0.100827 ape=0.5530
[17:51:00] warmStart (decay=exponential) 26% (287/1090) regret=0.100827 ape=0.5530
[17:51:00] warmStart (decay=exponential) 26% (288/1090) regret=0.100827 ape=0.5530
[17:51:00] warmStart (decay=exponential) 26% (289/1090) regret=0.100827 ape=0.5530
[17:51:00] warmStart (decay=exponential) 26% (290/1090) regret=0.100827 ape=0.5530
[17:51:00] warmStart (decay=exponential) 26% (291/1090) regret=0.100827 ape=0.5530
[17:51:01] warmStart (decay=exponential) 26% (292/1090) regret=0.100827 ape=0.5530
[17:51:01] warmStart (decay=exponential) 26% (293/1090) regret=0.100827 ape=0.5530
[17:51:01] warmStart (decay=exponential) 26% (294/1090) regret=0.100827 ape=0.5530
[17:51:01] warmStart (decay=exponential) 27% (295/1090) regret=0.100827 ape=0.5530
[17:51:01] warmStart (decay=exponential) 27% (296/1090) regret=0.100827 ape=0.5530
[17:51:02] warmStart (decay=exponential) 27% (297/1090) regret=0.100827 ape=0.5530
[17:51:02] warmStart (decay=exponential) 27% (298/1090) regret=0.100827 ape=0.5530
[17:51:02] warmStart (decay=exponential) 27% (299/1090) regret=0.100827 ape=0.5530
[17:51:02] warmStart (decay=exponential) 27% (300/1090) regret=0.100827 ape=0.5530
[17:51:02] warmStart (decay=exponential) 27% (301/1090) regret=0.100827 ape=0.5530
[17:51:03] warmStart (decay=exponential) 27% (302/1090) regret=0.100827 ape=0.5530
[17:51:03] warmStart (decay=exponential) 27% (303/1090) regret=0.100827 ape=0.5530
[17:51:03] warmStart (decay=exponential) 27% (304/1090) regret=0.100827 ape=0.5530
[17:51:03] warmStart (decay=exponential) 27% (305/1090) regret=0.100827 ape=0.5530
[17:51:03] warmStart (decay=exponential) 28% (306/1090) regret=0.100827 ape=0.5530
[17:51:04] warmStart (decay=exponential) 28% (307/1090) regret=0.100827 ape=0.5530
[17:51:04] warmStart (decay=exponential) 28% (308/1090) regret=0.100827 ape=0.5530
[17:51:04] warmStart (decay=exponential) 28% (309/1090) regret=0.100827 ape=0.5530
[17:51:04] warmStart (decay=exponential) 28% (310/1090) regret=0.100827 ape=0.5530
[17:51:05] warmStart (decay=exponential) 28% (311/1090) regret=0.100827 ape=0.5530
[17:51:05] warmStart (decay=exponential) 28% (312/1090) regret=0.100827 ape=0.5530
[17:51:05] warmStart (decay=exponential) 28% (313/1090) regret=0.100827 ape=0.5530
[17:51:05] warmStart (decay=exponential) 28% (314/1090) regret=0.100827 ape=0.5530
[17:51:06] warmStart (decay=exponential) 28% (315/1090) regret=0.100827 ape=0.5530
[17:51:06] warmStart (decay=exponential) 28% (316/1090) regret=0.100827 ape=0.5530
[17:51:06] warmStart (decay=exponential) 29% (317/1090) regret=0.100827 ape=0.5530
[17:51:06] warmStart (decay=exponential) 29% (318/1090) regret=0.100827 ape=0.5530
[17:51:06] warmStart (decay=exponential) 29% (319/1090) regret=0.100827 ape=0.5530
[17:51:07] warmStart (decay=exponential) 29% (320/1090) regret=0.100827 ape=0.5530
[17:51:07] warmStart (decay=exponential) 29% (321/1090) regret=0.100827 ape=0.5530
[17:51:07] warmStart (decay=exponential) 29% (322/1090) regret=0.100827 ape=0.5530
[17:51:07] warmStart (decay=exponential) 29% (323/1090) regret=0.100827 ape=0.5530
[17:51:07] warmStart (decay=exponential) 29% (324/1090) regret=0.100827 ape=0.5530
[17:51:08] warmStart (decay=exponential) 29% (325/1090) regret=0.100827 ape=0.5530
[17:51:08] warmStart (decay=exponential) 29% (326/1090) regret=0.100827 ape=0.5530
[17:51:08] warmStart (decay=exponential) 30% (327/1090) regret=0.100827 ape=0.5530
[17:51:08] warmStart (decay=exponential) 30% (328/1090) regret=0.100827 ape=0.5530
[17:51:08] warmStart (decay=exponential) 30% (329/1090) regret=0.100827 ape=0.5530
[17:51:09] warmStart (decay=exponential) 30% (330/1090) regret=0.100827 ape=0.5530
[17:51:09] warmStart (decay=exponential) 30% (331/1090) regret=0.100827 ape=0.5530
[17:51:09] warmStart (decay=exponential) 30% (332/1090) regret=0.100827 ape=0.5530
[17:51:09] warmStart (decay=exponential) 30% (333/1090) regret=0.100827 ape=0.5530
[17:51:10] warmStart (decay=exponential) 30% (334/1090) regret=0.100827 ape=0.5530
[17:51:10] warmStart (decay=exponential) 30% (335/1090) regret=0.100827 ape=0.5530
[17:51:10] warmStart (decay=exponential) 30% (336/1090) regret=0.100827 ape=0.5530
[17:51:10] warmStart (decay=exponential) 30% (337/1090) regret=0.100827 ape=0.5530
[17:51:10] warmStart (decay=exponential) 31% (338/1090) regret=0.100827 ape=0.5530
[17:51:11] warmStart (decay=exponential) 31% (339/1090) regret=0.100827 ape=0.5530
[17:51:11] warmStart (decay=exponential) 31% (340/1090) regret=0.100827 ape=0.5530
[17:51:11] warmStart (decay=exponential) 31% (341/1090) regret=0.100827 ape=0.5530
[17:51:12] warmStart (decay=exponential) 31% (342/1090) regret=0.100827 ape=0.5530
[17:51:12] warmStart (decay=exponential) 31% (343/1090) regret=0.100827 ape=0.5530
[17:51:12] warmStart (decay=exponential) 31% (344/1090) regret=0.100827 ape=0.5530
[17:51:12] warmStart (decay=exponential) 31% (345/1090) regret=0.100827 ape=0.5530
[17:51:12] warmStart (decay=exponential) 31% (346/1090) regret=0.100827 ape=0.5530
[17:51:13] warmStart (decay=exponential) 31% (347/1090) regret=0.100827 ape=0.5530
[17:51:13] warmStart (decay=exponential) 31% (348/1090) regret=0.100827 ape=0.5530
[17:51:13] warmStart (decay=exponential) 32% (349/1090) regret=0.100827 ape=0.5530
[17:51:13] warmStart (decay=exponential) 32% (350/1090) regret=0.100827 ape=0.5530
[17:51:13] warmStart (decay=exponential) 32% (351/1090) regret=0.100827 ape=0.5530
[17:51:14] warmStart (decay=exponential) 32% (352/1090) regret=0.100827 ape=0.5530
[17:51:14] warmStart (decay=exponential) 32% (353/1090) regret=0.100827 ape=0.5530
[17:51:14] warmStart (decay=exponential) 32% (354/1090) regret=0.100830 ape=0.5530
[17:51:14] warmStart (decay=exponential) 32% (355/1090) regret=0.100830 ape=0.5530
[17:51:14] warmStart (decay=exponential) 32% (356/1090) regret=0.100795 ape=0.5521
[17:51:15] warmStart (decay=exponential) 32% (357/1090) regret=0.100795 ape=0.5521
[17:51:15] warmStart (decay=exponential) 32% (358/1090) regret=0.100795 ape=0.5521
[17:51:15] warmStart (decay=exponential) 32% (359/1090) regret=0.100795 ape=0.5521
[17:51:15] warmStart (decay=exponential) 33% (360/1090) regret=0.100795 ape=0.5521
[17:51:15] warmStart (decay=exponential) 33% (361/1090) regret=0.100795 ape=0.5521
[17:51:15] warmStart (decay=exponential) 33% (362/1090) regret=0.100795 ape=0.5521
[17:51:16] warmStart (decay=exponential) 33% (363/1090) regret=0.100795 ape=0.5521
[17:51:16] warmStart (decay=exponential) 33% (364/1090) regret=0.100795 ape=0.5521
[17:51:16] warmStart (decay=exponential) 33% (365/1090) regret=0.100795 ape=0.5521
[17:51:16] warmStart (decay=exponential) 33% (366/1090) regret=0.100795 ape=0.5521
[17:51:16] warmStart (decay=exponential) 33% (367/1090) regret=0.100795 ape=0.5521
[17:51:17] warmStart (decay=exponential) 33% (368/1090) regret=0.100795 ape=0.5521
[17:51:17] warmStart (decay=exponential) 33% (369/1090) regret=0.100795 ape=0.5521
[17:51:17] warmStart (decay=exponential) 33% (370/1090) regret=0.100795 ape=0.5521
[17:51:17] warmStart (decay=exponential) 34% (371/1090) regret=0.100795 ape=0.5521
[17:51:17] warmStart (decay=exponential) 34% (372/1090) regret=0.100795 ape=0.5521
[17:51:17] warmStart (decay=exponential) 34% (373/1090) regret=0.100795 ape=0.5521
[17:51:18] warmStart (decay=exponential) 34% (374/1090) regret=0.100795 ape=0.5521
[17:51:18] warmStart (decay=exponential) 34% (375/1090) regret=0.100795 ape=0.5521
[17:51:18] warmStart (decay=exponential) 34% (376/1090) regret=0.100795 ape=0.5521
[17:51:18] warmStart (decay=exponential) 34% (377/1090) regret=0.100795 ape=0.5521
[17:51:18] warmStart (decay=exponential) 34% (378/1090) regret=0.100795 ape=0.5521
[17:51:19] warmStart (decay=exponential) 34% (379/1090) regret=0.100795 ape=0.5521
[17:51:19] warmStart (decay=exponential) 34% (380/1090) regret=0.100795 ape=0.5521
[17:51:19] warmStart (decay=exponential) 34% (381/1090) regret=0.100795 ape=0.5521
[17:51:19] warmStart (decay=exponential) 35% (382/1090) regret=0.100795 ape=0.5521
[17:51:19] warmStart (decay=exponential) 35% (383/1090) regret=0.100795 ape=0.5521
[17:51:19] warmStart (decay=exponential) 35% (384/1090) regret=0.100795 ape=0.5521
[17:51:20] warmStart (decay=exponential) 35% (385/1090) regret=0.100795 ape=0.5521
[17:51:20] warmStart (decay=exponential) 35% (386/1090) regret=0.100795 ape=0.5521
[17:51:20] warmStart (decay=exponential) 35% (387/1090) regret=0.100795 ape=0.5521
[17:51:20] warmStart (decay=exponential) 35% (388/1090) regret=0.100795 ape=0.5521
[17:51:20] warmStart (decay=exponential) 35% (389/1090) regret=0.100795 ape=0.5521
[17:51:21] warmStart (decay=exponential) 35% (390/1090) regret=0.100795 ape=0.5521
[17:51:21] warmStart (decay=exponential) 35% (391/1090) regret=0.100795 ape=0.5521
[17:51:21] warmStart (decay=exponential) 35% (392/1090) regret=0.100795 ape=0.5521
[17:51:21] warmStart (decay=exponential) 36% (393/1090) regret=0.100795 ape=0.5521
[17:51:21] warmStart (decay=exponential) 36% (394/1090) regret=0.100795 ape=0.5521
[17:51:21] warmStart (decay=exponential) 36% (395/1090) regret=0.100795 ape=0.5521
[17:51:22] warmStart (decay=exponential) 36% (396/1090) regret=0.100795 ape=0.5521
[17:51:22] warmStart (decay=exponential) 36% (397/1090) regret=0.100795 ape=0.5521
[17:51:22] warmStart (decay=exponential) 36% (398/1090) regret=0.100795 ape=0.5521
[17:51:22] warmStart (decay=exponential) 36% (399/1090) regret=0.100795 ape=0.5521
[17:51:22] warmStart (decay=exponential) 36% (400/1090) regret=0.100795 ape=0.5521
[17:51:23] warmStart (decay=exponential) 36% (401/1090) regret=0.100795 ape=0.5521
[17:51:23] warmStart (decay=exponential) 36% (402/1090) regret=0.100795 ape=0.5521
[17:51:23] warmStart (decay=exponential) 36% (403/1090) regret=0.100795 ape=0.5521
[17:51:23] warmStart (decay=exponential) 37% (404/1090) regret=0.100795 ape=0.5521
[17:51:24] warmStart (decay=exponential) 37% (405/1090) regret=0.100795 ape=0.5521
[17:51:24] warmStart (decay=exponential) 37% (406/1090) regret=0.100795 ape=0.5521
[17:51:24] warmStart (decay=exponential) 37% (407/1090) regret=0.100795 ape=0.5521
[17:51:24] warmStart (decay=exponential) 37% (408/1090) regret=0.100795 ape=0.5521
[17:51:24] warmStart (decay=exponential) 37% (409/1090) regret=0.100795 ape=0.5521
[17:51:24] warmStart (decay=exponential) 37% (410/1090) regret=0.100795 ape=0.5521
[17:51:25] warmStart (decay=exponential) 37% (411/1090) regret=0.100795 ape=0.5521
[17:51:25] warmStart (decay=exponential) 37% (412/1090) regret=0.100795 ape=0.5521
[17:51:25] warmStart (decay=exponential) 37% (413/1090) regret=0.100795 ape=0.5521
[17:51:25] warmStart (decay=exponential) 37% (414/1090) regret=0.100795 ape=0.5521
[17:51:25] warmStart (decay=exponential) 38% (415/1090) regret=0.100795 ape=0.5521
[17:51:25] warmStart (decay=exponential) 38% (416/1090) regret=0.100795 ape=0.5521
[17:51:26] warmStart (decay=exponential) 38% (417/1090) regret=0.100795 ape=0.5521
[17:51:26] warmStart (decay=exponential) 38% (418/1090) regret=0.100795 ape=0.5521
[17:51:26] warmStart (decay=exponential) 38% (419/1090) regret=0.100795 ape=0.5521
[17:51:26] warmStart (decay=exponential) 38% (420/1090) regret=0.100795 ape=0.5521
[17:51:26] warmStart (decay=exponential) 38% (421/1090) regret=0.100795 ape=0.5521
[17:51:26] warmStart (decay=exponential) 38% (422/1090) regret=0.100795 ape=0.5521
[17:51:27] warmStart (decay=exponential) 38% (423/1090) regret=0.100795 ape=0.5521
[17:51:27] warmStart (decay=exponential) 38% (424/1090) regret=0.100795 ape=0.5521
[17:51:27] warmStart (decay=exponential) 38% (425/1090) regret=0.100795 ape=0.5521
[17:51:27] warmStart (decay=exponential) 39% (426/1090) regret=0.100795 ape=0.5521
[17:51:27] warmStart (decay=exponential) 39% (427/1090) regret=0.100795 ape=0.5521
[17:51:27] warmStart (decay=exponential) 39% (428/1090) regret=0.100795 ape=0.5521
[17:51:28] warmStart (decay=exponential) 39% (429/1090) regret=0.100795 ape=0.5521
[17:51:28] warmStart (decay=exponential) 39% (430/1090) regret=0.100795 ape=0.5521
[17:51:28] warmStart (decay=exponential) 39% (431/1090) regret=0.100795 ape=0.5521
[17:51:28] warmStart (decay=exponential) 39% (432/1090) regret=0.100795 ape=0.5521
[17:51:28] warmStart (decay=exponential) 39% (433/1090) regret=0.100795 ape=0.5521
[17:51:28] warmStart (decay=exponential) 39% (434/1090) regret=0.100793 ape=0.5512
[17:51:29] warmStart (decay=exponential) 39% (435/1090) regret=0.100793 ape=0.5512
[17:51:29] warmStart (decay=exponential) 40% (436/1090) regret=0.100793 ape=0.5512
[17:51:29] warmStart (decay=exponential) 40% (437/1090) regret=0.100793 ape=0.5512
[17:51:29] warmStart (decay=exponential) 40% (438/1090) regret=0.100793 ape=0.5512
[17:51:29] warmStart (decay=exponential) 40% (439/1090) regret=0.100793 ape=0.5512
[17:51:30] warmStart (decay=exponential) 40% (440/1090) regret=0.100793 ape=0.5512
[17:51:30] warmStart (decay=exponential) 40% (441/1090) regret=0.100793 ape=0.5512
[17:51:30] warmStart (decay=exponential) 40% (442/1090) regret=0.100793 ape=0.5512
[17:51:30] warmStart (decay=exponential) 40% (443/1090) regret=0.100793 ape=0.5512
[17:51:30] warmStart (decay=exponential) 40% (444/1090) regret=0.100793 ape=0.5512
[17:51:30] warmStart (decay=exponential) 40% (445/1090) regret=0.100793 ape=0.5512
[17:51:31] warmStart (decay=exponential) 40% (446/1090) regret=0.100793 ape=0.5512
[17:51:31] warmStart (decay=exponential) 41% (447/1090) regret=0.100793 ape=0.5512
[17:51:31] warmStart (decay=exponential) 41% (448/1090) regret=0.100793 ape=0.5512
[17:51:31] warmStart (decay=exponential) 41% (449/1090) regret=0.100793 ape=0.5512
[17:51:31] warmStart (decay=exponential) 41% (450/1090) regret=0.100793 ape=0.5512
[17:51:31] warmStart (decay=exponential) 41% (451/1090) regret=0.100795 ape=0.5521
[17:51:32] warmStart (decay=exponential) 41% (452/1090) regret=0.100795 ape=0.5521
[17:51:32] warmStart (decay=exponential) 41% (453/1090) regret=0.100795 ape=0.5521
[17:51:32] warmStart (decay=exponential) 41% (454/1090) regret=0.100795 ape=0.5521
[17:51:32] warmStart (decay=exponential) 41% (455/1090) regret=0.100795 ape=0.5521
[17:51:32] warmStart (decay=exponential) 41% (456/1090) regret=0.100795 ape=0.5521
[17:51:32] warmStart (decay=exponential) 41% (457/1090) regret=0.100795 ape=0.5521
[17:51:33] warmStart (decay=exponential) 42% (458/1090) regret=0.100795 ape=0.5521
[17:51:33] warmStart (decay=exponential) 42% (459/1090) regret=0.100795 ape=0.5521
[17:51:33] warmStart (decay=exponential) 42% (460/1090) regret=0.100795 ape=0.5521
[17:51:33] warmStart (decay=exponential) 42% (461/1090) regret=0.100795 ape=0.5521
[17:51:33] warmStart (decay=exponential) 42% (462/1090) regret=0.100795 ape=0.5521
[17:51:33] warmStart (decay=exponential) 42% (463/1090) regret=0.100795 ape=0.5521
[17:51:34] warmStart (decay=exponential) 42% (464/1090) regret=0.100795 ape=0.5521
[17:51:34] warmStart (decay=exponential) 42% (465/1090) regret=0.100795 ape=0.5521
[17:51:34] warmStart (decay=exponential) 42% (466/1090) regret=0.100795 ape=0.5521
[17:51:34] warmStart (decay=exponential) 42% (467/1090) regret=0.100795 ape=0.5521
[17:51:34] warmStart (decay=exponential) 42% (468/1090) regret=0.100795 ape=0.5521
[17:51:35] warmStart (decay=exponential) 43% (469/1090) regret=0.100795 ape=0.5521
[17:51:35] warmStart (decay=exponential) 43% (470/1090) regret=0.100795 ape=0.5521
[17:51:35] warmStart (decay=exponential) 43% (471/1090) regret=0.100795 ape=0.5521
[17:51:35] warmStart (decay=exponential) 43% (472/1090) regret=0.100795 ape=0.5521
[17:51:35] warmStart (decay=exponential) 43% (473/1090) regret=0.100795 ape=0.5521
[17:51:35] warmStart (decay=exponential) 43% (474/1090) regret=0.100795 ape=0.5521
[17:51:36] warmStart (decay=exponential) 43% (475/1090) regret=0.100795 ape=0.5521
[17:51:36] warmStart (decay=exponential) 43% (476/1090) regret=0.100795 ape=0.5521
[17:51:36] warmStart (decay=exponential) 43% (477/1090) regret=0.100795 ape=0.5521
[17:51:36] warmStart (decay=exponential) 43% (478/1090) regret=0.100795 ape=0.5521
[17:51:36] warmStart (decay=exponential) 43% (479/1090) regret=0.100795 ape=0.5521
[17:51:36] warmStart (decay=exponential) 44% (480/1090) regret=0.100795 ape=0.5521
[17:51:37] warmStart (decay=exponential) 44% (481/1090) regret=0.100795 ape=0.5521
[17:51:37] warmStart (decay=exponential) 44% (482/1090) regret=0.100795 ape=0.5521
[17:51:37] warmStart (decay=exponential) 44% (483/1090) regret=0.100795 ape=0.5521
[17:51:37] warmStart (decay=exponential) 44% (484/1090) regret=0.100795 ape=0.5521
[17:51:37] warmStart (decay=exponential) 44% (485/1090) regret=0.100795 ape=0.5521
[17:51:37] warmStart (decay=exponential) 44% (486/1090) regret=0.100795 ape=0.5521
[17:51:38] warmStart (decay=exponential) 44% (487/1090) regret=0.100795 ape=0.5521
[17:51:38] warmStart (decay=exponential) 44% (488/1090) regret=0.100795 ape=0.5521
[17:51:38] warmStart (decay=exponential) 44% (489/1090) regret=0.100795 ape=0.5521
[17:51:38] warmStart (decay=exponential) 44% (490/1090) regret=0.100795 ape=0.5521
[17:51:38] warmStart (decay=exponential) 45% (491/1090) regret=0.100795 ape=0.5521
[17:51:38] warmStart (decay=exponential) 45% (492/1090) regret=0.100795 ape=0.5521
[17:51:39] warmStart (decay=exponential) 45% (493/1090) regret=0.100795 ape=0.5521
[17:51:39] warmStart (decay=exponential) 45% (494/1090) regret=0.100795 ape=0.5521
[17:51:39] warmStart (decay=exponential) 45% (495/1090) regret=0.100795 ape=0.5521
[17:51:39] warmStart (decay=exponential) 45% (496/1090) regret=0.100795 ape=0.5521
[17:51:39] warmStart (decay=exponential) 45% (497/1090) regret=0.100795 ape=0.5521
[17:51:39] warmStart (decay=exponential) 45% (498/1090) regret=0.100795 ape=0.5521
[17:51:40] warmStart (decay=exponential) 45% (499/1090) regret=0.100795 ape=0.5521
[17:51:40] warmStart (decay=exponential) 45% (500/1090) regret=0.100795 ape=0.5521
[17:51:40] warmStart (decay=exponential) 45% (501/1090) regret=0.100795 ape=0.5521
[17:51:40] warmStart (decay=exponential) 46% (502/1090) regret=0.100795 ape=0.5521
[17:51:40] warmStart (decay=exponential) 46% (503/1090) regret=0.100795 ape=0.5521
[17:51:41] warmStart (decay=exponential) 46% (504/1090) regret=0.100795 ape=0.5521
[17:51:41] warmStart (decay=exponential) 46% (505/1090) regret=0.100795 ape=0.5521
[17:51:41] warmStart (decay=exponential) 46% (506/1090) regret=0.100795 ape=0.5521
[17:51:41] warmStart (decay=exponential) 46% (507/1090) regret=0.100795 ape=0.5521
[17:51:41] warmStart (decay=exponential) 46% (508/1090) regret=0.100795 ape=0.5521
[17:51:42] warmStart (decay=exponential) 46% (509/1090) regret=0.100795 ape=0.5521
[17:51:42] warmStart (decay=exponential) 46% (510/1090) regret=0.100795 ape=0.5521
[17:51:42] warmStart (decay=exponential) 46% (511/1090) regret=0.100795 ape=0.5521
[17:51:42] warmStart (decay=exponential) 46% (512/1090) regret=0.100795 ape=0.5521
[17:51:42] warmStart (decay=exponential) 47% (513/1090) regret=0.100795 ape=0.5521
[17:51:43] warmStart (decay=exponential) 47% (514/1090) regret=0.100795 ape=0.5521
[17:51:43] warmStart (decay=exponential) 47% (515/1090) regret=0.100795 ape=0.5521
[17:51:43] warmStart (decay=exponential) 47% (516/1090) regret=0.100795 ape=0.5521
[17:51:43] warmStart (decay=exponential) 47% (517/1090) regret=0.100795 ape=0.5521
[17:51:43] warmStart (decay=exponential) 47% (518/1090) regret=0.100795 ape=0.5521
[17:51:43] warmStart (decay=exponential) 47% (519/1090) regret=0.100795 ape=0.5521
[17:51:44] warmStart (decay=exponential) 47% (520/1090) regret=0.100795 ape=0.5521
[17:51:44] warmStart (decay=exponential) 47% (521/1090) regret=0.100795 ape=0.5521
[17:51:44] warmStart (decay=exponential) 47% (522/1090) regret=0.100795 ape=0.5521
[17:51:44] warmStart (decay=exponential) 47% (523/1090) regret=0.100795 ape=0.5521
[17:51:44] warmStart (decay=exponential) 48% (524/1090) regret=0.100795 ape=0.5521
[17:51:45] warmStart (decay=exponential) 48% (525/1090) regret=0.100795 ape=0.5521
[17:51:45] warmStart (decay=exponential) 48% (526/1090) regret=0.100795 ape=0.5521
[17:51:45] warmStart (decay=exponential) 48% (527/1090) regret=0.100795 ape=0.5521
[17:51:45] warmStart (decay=exponential) 48% (528/1090) regret=0.100795 ape=0.5521
[17:51:46] warmStart (decay=exponential) 48% (529/1090) regret=0.100795 ape=0.5521
[17:51:46] warmStart (decay=exponential) 48% (530/1090) regret=0.100795 ape=0.5521
[17:51:46] warmStart (decay=exponential) 48% (531/1090) regret=0.100795 ape=0.5521
[17:51:46] warmStart (decay=exponential) 48% (532/1090) regret=0.100795 ape=0.5521
[17:51:46] warmStart (decay=exponential) 48% (533/1090) regret=0.100795 ape=0.5521
[17:51:46] warmStart (decay=exponential) 48% (534/1090) regret=0.100795 ape=0.5521
[17:51:47] warmStart (decay=exponential) 49% (535/1090) regret=0.100795 ape=0.5521
[17:51:47] warmStart (decay=exponential) 49% (536/1090) regret=0.100795 ape=0.5521
[17:51:47] warmStart (decay=exponential) 49% (537/1090) regret=0.100795 ape=0.5521
[17:51:47] warmStart (decay=exponential) 49% (538/1090) regret=0.100795 ape=0.5521
[17:51:47] warmStart (decay=exponential) 49% (539/1090) regret=0.100795 ape=0.5521
[17:51:48] warmStart (decay=exponential) 49% (540/1090) regret=0.100795 ape=0.5521
[17:51:48] warmStart (decay=exponential) 49% (541/1090) regret=0.100795 ape=0.5521
[17:51:48] warmStart (decay=exponential) 49% (542/1090) regret=0.100795 ape=0.5521
[17:51:48] warmStart (decay=exponential) 49% (543/1090) regret=0.100795 ape=0.5521
[17:51:48] warmStart (decay=exponential) 49% (544/1090) regret=0.100795 ape=0.5521
[17:51:48] warmStart (decay=exponential) 50% (545/1090) regret=0.100795 ape=0.5521
[17:51:49] warmStart (decay=exponential) 50% (546/1090) regret=0.100795 ape=0.5521
[17:51:49] warmStart (decay=exponential) 50% (547/1090) regret=0.100795 ape=0.5521
[17:51:49] warmStart (decay=exponential) 50% (548/1090) regret=0.100795 ape=0.5521
[17:51:49] warmStart (decay=exponential) 50% (549/1090) regret=0.100795 ape=0.5521
[17:51:49] warmStart (decay=exponential) 50% (550/1090) regret=0.100795 ape=0.5521
[17:51:49] warmStart (decay=exponential) 50% (551/1090) regret=0.100795 ape=0.5521
[17:51:50] warmStart (decay=exponential) 50% (552/1090) regret=0.100795 ape=0.5521
[17:51:50] warmStart (decay=exponential) 50% (553/1090) regret=0.100795 ape=0.5521
[17:51:50] warmStart (decay=exponential) 50% (554/1090) regret=0.100795 ape=0.5521
[17:51:50] warmStart (decay=exponential) 50% (555/1090) regret=0.100795 ape=0.5521
[17:51:50] warmStart (decay=exponential) 51% (556/1090) regret=0.100795 ape=0.5521
[17:51:51] warmStart (decay=exponential) 51% (557/1090) regret=0.100795 ape=0.5521
[17:51:51] warmStart (decay=exponential) 51% (558/1090) regret=0.100795 ape=0.5521
[17:51:51] warmStart (decay=exponential) 51% (559/1090) regret=0.100795 ape=0.5521
[17:51:51] warmStart (decay=exponential) 51% (560/1090) regret=0.100795 ape=0.5521
[17:51:52] warmStart (decay=exponential) 51% (561/1090) regret=0.100795 ape=0.5521
[17:51:52] warmStart (decay=exponential) 51% (562/1090) regret=0.100795 ape=0.5521
[17:51:52] warmStart (decay=exponential) 51% (563/1090) regret=0.100795 ape=0.5521
[17:51:52] warmStart (decay=exponential) 51% (564/1090) regret=0.100795 ape=0.5521
[17:51:52] warmStart (decay=exponential) 51% (565/1090) regret=0.100795 ape=0.5521
[17:51:52] warmStart (decay=exponential) 51% (566/1090) regret=0.100795 ape=0.5521
[17:51:53] warmStart (decay=exponential) 52% (567/1090) regret=0.100795 ape=0.5521
[17:51:53] warmStart (decay=exponential) 52% (568/1090) regret=0.100795 ape=0.5521
[17:51:53] warmStart (decay=exponential) 52% (569/1090) regret=0.100795 ape=0.5521
[17:51:53] warmStart (decay=exponential) 52% (570/1090) regret=0.100795 ape=0.5521
[17:51:53] warmStart (decay=exponential) 52% (571/1090) regret=0.100795 ape=0.5521
[17:51:54] warmStart (decay=exponential) 52% (572/1090) regret=0.100795 ape=0.5521
[17:51:54] warmStart (decay=exponential) 52% (573/1090) regret=0.100795 ape=0.5521
[17:51:54] warmStart (decay=exponential) 52% (574/1090) regret=0.100795 ape=0.5521
[17:51:54] warmStart (decay=exponential) 52% (575/1090) regret=0.100795 ape=0.5521
[17:51:54] warmStart (decay=exponential) 52% (576/1090) regret=0.100795 ape=0.5521
[17:51:55] warmStart (decay=exponential) 52% (577/1090) regret=0.100795 ape=0.5521
[17:51:55] warmStart (decay=exponential) 53% (578/1090) regret=0.100795 ape=0.5521
[17:51:55] warmStart (decay=exponential) 53% (579/1090) regret=0.100795 ape=0.5521
[17:51:55] warmStart (decay=exponential) 53% (580/1090) regret=0.100795 ape=0.5521
[17:51:55] warmStart (decay=exponential) 53% (581/1090) regret=0.100795 ape=0.5521
[17:51:56] warmStart (decay=exponential) 53% (582/1090) regret=0.100795 ape=0.5521
[17:51:56] warmStart (decay=exponential) 53% (583/1090) regret=0.100795 ape=0.5521
[17:51:56] warmStart (decay=exponential) 53% (584/1090) regret=0.100795 ape=0.5521
[17:51:56] warmStart (decay=exponential) 53% (585/1090) regret=0.100795 ape=0.5521
[17:51:56] warmStart (decay=exponential) 53% (586/1090) regret=0.100795 ape=0.5521
[17:51:56] warmStart (decay=exponential) 53% (587/1090) regret=0.100795 ape=0.5521
[17:51:57] warmStart (decay=exponential) 53% (588/1090) regret=0.100795 ape=0.5521
[17:51:57] warmStart (decay=exponential) 54% (589/1090) regret=0.100795 ape=0.5521
[17:51:57] warmStart (decay=exponential) 54% (590/1090) regret=0.100795 ape=0.5521
[17:51:57] warmStart (decay=exponential) 54% (591/1090) regret=0.100795 ape=0.5521
[17:51:57] warmStart (decay=exponential) 54% (592/1090) regret=0.100795 ape=0.5521
[17:51:58] warmStart (decay=exponential) 54% (593/1090) regret=0.100795 ape=0.5521
[17:51:58] warmStart (decay=exponential) 54% (594/1090) regret=0.100795 ape=0.5521
[17:51:58] warmStart (decay=exponential) 54% (595/1090) regret=0.100795 ape=0.5521
[17:51:58] warmStart (decay=exponential) 54% (596/1090) regret=0.100795 ape=0.5521
[17:51:58] warmStart (decay=exponential) 54% (597/1090) regret=0.100795 ape=0.5521
[17:51:59] warmStart (decay=exponential) 54% (598/1090) regret=0.100795 ape=0.5521
[17:51:59] warmStart (decay=exponential) 54% (599/1090) regret=0.100795 ape=0.5521
[17:51:59] warmStart (decay=exponential) 55% (600/1090) regret=0.100795 ape=0.5521
[17:51:59] warmStart (decay=exponential) 55% (601/1090) regret=0.100795 ape=0.5521
[17:51:59] warmStart (decay=exponential) 55% (602/1090) regret=0.100795 ape=0.5521
[17:52:00] warmStart (decay=exponential) 55% (603/1090) regret=0.100795 ape=0.5521
[17:52:00] warmStart (decay=exponential) 55% (604/1090) regret=0.100795 ape=0.5521
[17:52:00] warmStart (decay=exponential) 55% (605/1090) regret=0.100795 ape=0.5521
[17:52:00] warmStart (decay=exponential) 55% (606/1090) regret=0.100795 ape=0.5521
[17:52:00] warmStart (decay=exponential) 55% (607/1090) regret=0.100795 ape=0.5521
[17:52:01] warmStart (decay=exponential) 55% (608/1090) regret=0.100795 ape=0.5521
[17:52:01] warmStart (decay=exponential) 55% (609/1090) regret=0.100795 ape=0.5521
[17:52:01] warmStart (decay=exponential) 55% (610/1090) regret=0.100795 ape=0.5521
[17:52:01] warmStart (decay=exponential) 56% (611/1090) regret=0.100795 ape=0.5521
[17:52:01] warmStart (decay=exponential) 56% (612/1090) regret=0.100795 ape=0.5521
[17:52:02] warmStart (decay=exponential) 56% (613/1090) regret=0.100795 ape=0.5521
[17:52:02] warmStart (decay=exponential) 56% (614/1090) regret=0.100795 ape=0.5521
[17:52:02] warmStart (decay=exponential) 56% (615/1090) regret=0.100795 ape=0.5521
[17:52:02] warmStart (decay=exponential) 56% (616/1090) regret=0.100795 ape=0.5521
[17:52:02] warmStart (decay=exponential) 56% (617/1090) regret=0.100795 ape=0.5521
[17:52:03] warmStart (decay=exponential) 56% (618/1090) regret=0.100795 ape=0.5521
[17:52:03] warmStart (decay=exponential) 56% (619/1090) regret=0.100795 ape=0.5521
[17:52:03] warmStart (decay=exponential) 56% (620/1090) regret=0.100795 ape=0.5521
[17:52:03] warmStart (decay=exponential) 56% (621/1090) regret=0.100795 ape=0.5521
[17:52:03] warmStart (decay=exponential) 57% (622/1090) regret=0.100795 ape=0.5521
[17:52:04] warmStart (decay=exponential) 57% (623/1090) regret=0.100795 ape=0.5521
[17:52:04] warmStart (decay=exponential) 57% (624/1090) regret=0.100795 ape=0.5521
[17:52:04] warmStart (decay=exponential) 57% (625/1090) regret=0.100795 ape=0.5521
[17:52:04] warmStart (decay=exponential) 57% (626/1090) regret=0.100795 ape=0.5521
[17:52:04] warmStart (decay=exponential) 57% (627/1090) regret=0.100795 ape=0.5521
[17:52:05] warmStart (decay=exponential) 57% (628/1090) regret=0.100795 ape=0.5521
[17:52:05] warmStart (decay=exponential) 57% (629/1090) regret=0.100795 ape=0.5521
[17:52:05] warmStart (decay=exponential) 57% (630/1090) regret=0.100795 ape=0.5521
[17:52:05] warmStart (decay=exponential) 57% (631/1090) regret=0.100795 ape=0.5521
[17:52:05] warmStart (decay=exponential) 57% (632/1090) regret=0.100795 ape=0.5521
[17:52:06] warmStart (decay=exponential) 58% (633/1090) regret=0.100795 ape=0.5521
[17:52:06] warmStart (decay=exponential) 58% (634/1090) regret=0.100795 ape=0.5521
[17:52:06] warmStart (decay=exponential) 58% (635/1090) regret=0.100795 ape=0.5521
[17:52:06] warmStart (decay=exponential) 58% (636/1090) regret=0.100795 ape=0.5521
[17:52:06] warmStart (decay=exponential) 58% (637/1090) regret=0.100795 ape=0.5521
[17:52:07] warmStart (decay=exponential) 58% (638/1090) regret=0.100795 ape=0.5521
[17:52:07] warmStart (decay=exponential) 58% (639/1090) regret=0.100795 ape=0.5521
[17:52:07] warmStart (decay=exponential) 58% (640/1090) regret=0.100795 ape=0.5521
[17:52:07] warmStart (decay=exponential) 58% (641/1090) regret=0.100795 ape=0.5521
[17:52:08] warmStart (decay=exponential) 58% (642/1090) regret=0.100795 ape=0.5521
[17:52:08] warmStart (decay=exponential) 58% (643/1090) regret=0.100795 ape=0.5521
[17:52:08] warmStart (decay=exponential) 59% (644/1090) regret=0.100795 ape=0.5521
[17:52:08] warmStart (decay=exponential) 59% (645/1090) regret=0.100795 ape=0.5521
[17:52:08] warmStart (decay=exponential) 59% (646/1090) regret=0.100795 ape=0.5521
[17:52:09] warmStart (decay=exponential) 59% (647/1090) regret=0.100795 ape=0.5521
[17:52:09] warmStart (decay=exponential) 59% (648/1090) regret=0.100795 ape=0.5521
[17:52:09] warmStart (decay=exponential) 59% (649/1090) regret=0.100795 ape=0.5521
[17:52:09] warmStart (decay=exponential) 59% (650/1090) regret=0.100795 ape=0.5521
[17:52:09] warmStart (decay=exponential) 59% (651/1090) regret=0.100795 ape=0.5521
[17:52:10] warmStart (decay=exponential) 59% (652/1090) regret=0.100795 ape=0.5521
[17:52:10] warmStart (decay=exponential) 59% (653/1090) regret=0.100795 ape=0.5521
[17:52:10] warmStart (decay=exponential) 60% (654/1090) regret=0.100795 ape=0.5521
[17:52:10] warmStart (decay=exponential) 60% (655/1090) regret=0.100795 ape=0.5521
[17:52:10] warmStart (decay=exponential) 60% (656/1090) regret=0.100795 ape=0.5521
[17:52:10] warmStart (decay=exponential) 60% (657/1090) regret=0.100795 ape=0.5521
[17:52:11] warmStart (decay=exponential) 60% (658/1090) regret=0.100795 ape=0.5521
[17:52:11] warmStart (decay=exponential) 60% (659/1090) regret=0.100776 ape=0.5521
[17:52:11] warmStart (decay=exponential) 60% (660/1090) regret=0.100758 ape=0.5512
[17:52:11] warmStart (decay=exponential) 60% (661/1090) regret=0.100758 ape=0.5512
[17:52:11] warmStart (decay=exponential) 60% (662/1090) regret=0.100758 ape=0.5512
[17:52:12] warmStart (decay=exponential) 60% (663/1090) regret=0.100758 ape=0.5512
[17:52:12] warmStart (decay=exponential) 60% (664/1090) regret=0.100758 ape=0.5512
[17:52:12] warmStart (decay=exponential) 61% (665/1090) regret=0.100758 ape=0.5512
[17:52:12] warmStart (decay=exponential) 61% (666/1090) regret=0.100758 ape=0.5512
[17:52:13] warmStart (decay=exponential) 61% (667/1090) regret=0.100758 ape=0.5512
[17:52:13] warmStart (decay=exponential) 61% (668/1090) regret=0.100758 ape=0.5512
[17:52:13] warmStart (decay=exponential) 61% (669/1090) regret=0.100758 ape=0.5512
[17:52:13] warmStart (decay=exponential) 61% (670/1090) regret=0.100758 ape=0.5512
[17:52:14] warmStart (decay=exponential) 61% (671/1090) regret=0.100758 ape=0.5512
[17:52:14] warmStart (decay=exponential) 61% (672/1090) regret=0.100758 ape=0.5512
[17:52:14] warmStart (decay=exponential) 61% (673/1090) regret=0.100758 ape=0.5512
[17:52:14] warmStart (decay=exponential) 61% (674/1090) regret=0.100758 ape=0.5512
[17:52:14] warmStart (decay=exponential) 61% (675/1090) regret=0.100758 ape=0.5512
[17:52:15] warmStart (decay=exponential) 62% (676/1090) regret=0.100758 ape=0.5512
[17:52:15] warmStart (decay=exponential) 62% (677/1090) regret=0.100758 ape=0.5512
[17:52:15] warmStart (decay=exponential) 62% (678/1090) regret=0.100758 ape=0.5512
[17:52:15] warmStart (decay=exponential) 62% (679/1090) regret=0.100758 ape=0.5512
[17:52:16] warmStart (decay=exponential) 62% (680/1090) regret=0.100758 ape=0.5512
[17:52:16] warmStart (decay=exponential) 62% (681/1090) regret=0.100758 ape=0.5512
[17:52:16] warmStart (decay=exponential) 62% (682/1090) regret=0.100758 ape=0.5512
[17:52:16] warmStart (decay=exponential) 62% (683/1090) regret=0.100758 ape=0.5512
[17:52:16] warmStart (decay=exponential) 62% (684/1090) regret=0.100758 ape=0.5512
[17:52:17] warmStart (decay=exponential) 62% (685/1090) regret=0.100758 ape=0.5512
[17:52:17] warmStart (decay=exponential) 62% (686/1090) regret=0.100758 ape=0.5512
[17:52:17] warmStart (decay=exponential) 63% (687/1090) regret=0.100758 ape=0.5512
[17:52:17] warmStart (decay=exponential) 63% (688/1090) regret=0.100758 ape=0.5512
[17:52:18] warmStart (decay=exponential) 63% (689/1090) regret=0.100758 ape=0.5512
[17:52:18] warmStart (decay=exponential) 63% (690/1090) regret=0.100758 ape=0.5512
[17:52:18] warmStart (decay=exponential) 63% (691/1090) regret=0.100758 ape=0.5512
[17:52:18] warmStart (decay=exponential) 63% (692/1090) regret=0.100758 ape=0.5512
[17:52:18] warmStart (decay=exponential) 63% (693/1090) regret=0.100758 ape=0.5512
[17:52:19] warmStart (decay=exponential) 63% (694/1090) regret=0.100758 ape=0.5512
[17:52:19] warmStart (decay=exponential) 63% (695/1090) regret=0.100758 ape=0.5512
[17:52:19] warmStart (decay=exponential) 63% (696/1090) regret=0.100758 ape=0.5512
[17:52:19] warmStart (decay=exponential) 63% (697/1090) regret=0.100758 ape=0.5512
[17:52:20] warmStart (decay=exponential) 64% (698/1090) regret=0.100758 ape=0.5512
[17:52:20] warmStart (decay=exponential) 64% (699/1090) regret=0.100758 ape=0.5512
[17:52:20] warmStart (decay=exponential) 64% (700/1090) regret=0.100758 ape=0.5512
[17:52:20] warmStart (decay=exponential) 64% (701/1090) regret=0.100758 ape=0.5512
[17:52:20] warmStart (decay=exponential) 64% (702/1090) regret=0.100758 ape=0.5512
[17:52:21] warmStart (decay=exponential) 64% (703/1090) regret=0.100758 ape=0.5512
[17:52:21] warmStart (decay=exponential) 64% (704/1090) regret=0.100758 ape=0.5512
[17:52:21] warmStart (decay=exponential) 64% (705/1090) regret=0.100758 ape=0.5512
[17:52:21] warmStart (decay=exponential) 64% (706/1090) regret=0.100758 ape=0.5512
[17:52:21] warmStart (decay=exponential) 64% (707/1090) regret=0.100758 ape=0.5512
[17:52:22] warmStart (decay=exponential) 64% (708/1090) regret=0.100758 ape=0.5512
[17:52:22] warmStart (decay=exponential) 65% (709/1090) regret=0.100758 ape=0.5512
[17:52:22] warmStart (decay=exponential) 65% (710/1090) regret=0.100758 ape=0.5512
[17:52:22] warmStart (decay=exponential) 65% (711/1090) regret=0.100758 ape=0.5512
[17:52:22] warmStart (decay=exponential) 65% (712/1090) regret=0.100758 ape=0.5512
[17:52:23] warmStart (decay=exponential) 65% (713/1090) regret=0.100758 ape=0.5512
[17:52:23] warmStart (decay=exponential) 65% (714/1090) regret=0.100758 ape=0.5512
[17:52:23] warmStart (decay=exponential) 65% (715/1090) regret=0.100758 ape=0.5512
[17:52:23] warmStart (decay=exponential) 65% (716/1090) regret=0.100758 ape=0.5512
[17:52:23] warmStart (decay=exponential) 65% (717/1090) regret=0.100758 ape=0.5512
[17:52:24] warmStart (decay=exponential) 65% (718/1090) regret=0.100758 ape=0.5512
[17:52:24] warmStart (decay=exponential) 65% (719/1090) regret=0.100758 ape=0.5512
[17:52:24] warmStart (decay=exponential) 66% (720/1090) regret=0.100758 ape=0.5512
[17:52:24] warmStart (decay=exponential) 66% (721/1090) regret=0.100758 ape=0.5512
[17:52:24] warmStart (decay=exponential) 66% (722/1090) regret=0.100758 ape=0.5512
[17:52:25] warmStart (decay=exponential) 66% (723/1090) regret=0.100758 ape=0.5512
[17:52:25] warmStart (decay=exponential) 66% (724/1090) regret=0.100758 ape=0.5512
[17:52:25] warmStart (decay=exponential) 66% (725/1090) regret=0.100758 ape=0.5512
[17:52:25] warmStart (decay=exponential) 66% (726/1090) regret=0.100758 ape=0.5512
[17:52:25] warmStart (decay=exponential) 66% (727/1090) regret=0.100758 ape=0.5512
[17:52:26] warmStart (decay=exponential) 66% (728/1090) regret=0.100758 ape=0.5512
[17:52:26] warmStart (decay=exponential) 66% (729/1090) regret=0.100758 ape=0.5512
[17:52:26] warmStart (decay=exponential) 66% (730/1090) regret=0.100758 ape=0.5512
[17:52:26] warmStart (decay=exponential) 67% (731/1090) regret=0.100758 ape=0.5512
[17:52:27] warmStart (decay=exponential) 67% (732/1090) regret=0.100758 ape=0.5512
[17:52:27] warmStart (decay=exponential) 67% (733/1090) regret=0.100758 ape=0.5512
[17:52:27] warmStart (decay=exponential) 67% (734/1090) regret=0.100758 ape=0.5512
[17:52:27] warmStart (decay=exponential) 67% (735/1090) regret=0.100758 ape=0.5512
[17:52:27] warmStart (decay=exponential) 67% (736/1090) regret=0.100758 ape=0.5512
[17:52:28] warmStart (decay=exponential) 67% (737/1090) regret=0.100758 ape=0.5512
[17:52:28] warmStart (decay=exponential) 67% (738/1090) regret=0.100758 ape=0.5512
[17:52:28] warmStart (decay=exponential) 67% (739/1090) regret=0.100758 ape=0.5512
[17:52:28] warmStart (decay=exponential) 67% (740/1090) regret=0.100758 ape=0.5512
[17:52:28] warmStart (decay=exponential) 67% (741/1090) regret=0.100758 ape=0.5512
[17:52:29] warmStart (decay=exponential) 68% (742/1090) regret=0.100758 ape=0.5512
[17:52:29] warmStart (decay=exponential) 68% (743/1090) regret=0.100758 ape=0.5512
[17:52:29] warmStart (decay=exponential) 68% (744/1090) regret=0.100758 ape=0.5512
[17:52:29] warmStart (decay=exponential) 68% (745/1090) regret=0.100758 ape=0.5512
[17:52:29] warmStart (decay=exponential) 68% (746/1090) regret=0.100758 ape=0.5512
[17:52:30] warmStart (decay=exponential) 68% (747/1090) regret=0.100758 ape=0.5512
[17:52:30] warmStart (decay=exponential) 68% (748/1090) regret=0.100758 ape=0.5512
[17:52:30] warmStart (decay=exponential) 68% (749/1090) regret=0.100758 ape=0.5512
[17:52:30] warmStart (decay=exponential) 68% (750/1090) regret=0.100758 ape=0.5512
[17:52:31] warmStart (decay=exponential) 68% (751/1090) regret=0.100758 ape=0.5512
[17:52:31] warmStart (decay=exponential) 68% (752/1090) regret=0.100758 ape=0.5512
[17:52:31] warmStart (decay=exponential) 69% (753/1090) regret=0.100758 ape=0.5512
[17:52:31] warmStart (decay=exponential) 69% (754/1090) regret=0.100758 ape=0.5512
[17:52:32] warmStart (decay=exponential) 69% (755/1090) regret=0.100758 ape=0.5512
[17:52:32] warmStart (decay=exponential) 69% (756/1090) regret=0.100758 ape=0.5512
[17:52:32] warmStart (decay=exponential) 69% (757/1090) regret=0.100758 ape=0.5512
[17:52:32] warmStart (decay=exponential) 69% (758/1090) regret=0.100758 ape=0.5512
[17:52:32] warmStart (decay=exponential) 69% (759/1090) regret=0.100758 ape=0.5512
[17:52:32] warmStart (decay=exponential) 69% (760/1090) regret=0.100758 ape=0.5512
[17:52:33] warmStart (decay=exponential) 69% (761/1090) regret=0.100758 ape=0.5512
[17:52:33] warmStart (decay=exponential) 69% (762/1090) regret=0.100758 ape=0.5512
[17:52:33] warmStart (decay=exponential) 70% (763/1090) regret=0.100758 ape=0.5512
[17:52:33] warmStart (decay=exponential) 70% (764/1090) regret=0.100758 ape=0.5512
[17:52:33] warmStart (decay=exponential) 70% (765/1090) regret=0.100758 ape=0.5512
[17:52:34] warmStart (decay=exponential) 70% (766/1090) regret=0.100758 ape=0.5512
[17:52:34] warmStart (decay=exponential) 70% (767/1090) regret=0.100758 ape=0.5512
[17:52:34] warmStart (decay=exponential) 70% (768/1090) regret=0.100758 ape=0.5512
[17:52:34] warmStart (decay=exponential) 70% (769/1090) regret=0.100758 ape=0.5512
[17:52:34] warmStart (decay=exponential) 70% (770/1090) regret=0.100758 ape=0.5512
[17:52:35] warmStart (decay=exponential) 70% (771/1090) regret=0.100758 ape=0.5512
[17:52:35] warmStart (decay=exponential) 70% (772/1090) regret=0.100758 ape=0.5512
[17:52:35] warmStart (decay=exponential) 70% (773/1090) regret=0.100758 ape=0.5512
[17:52:35] warmStart (decay=exponential) 71% (774/1090) regret=0.100758 ape=0.5512
[17:52:35] warmStart (decay=exponential) 71% (775/1090) regret=0.100758 ape=0.5512
[17:52:36] warmStart (decay=exponential) 71% (776/1090) regret=0.100758 ape=0.5512
[17:52:36] warmStart (decay=exponential) 71% (777/1090) regret=0.100758 ape=0.5512
[17:52:36] warmStart (decay=exponential) 71% (778/1090) regret=0.100758 ape=0.5512
[17:52:36] warmStart (decay=exponential) 71% (779/1090) regret=0.100758 ape=0.5512
[17:52:37] warmStart (decay=exponential) 71% (780/1090) regret=0.100758 ape=0.5512
[17:52:37] warmStart (decay=exponential) 71% (781/1090) regret=0.100758 ape=0.5512
[17:52:37] warmStart (decay=exponential) 71% (782/1090) regret=0.100758 ape=0.5512
[17:52:37] warmStart (decay=exponential) 71% (783/1090) regret=0.100758 ape=0.5512
[17:52:37] warmStart (decay=exponential) 71% (784/1090) regret=0.100758 ape=0.5512
[17:52:38] warmStart (decay=exponential) 72% (785/1090) regret=0.100758 ape=0.5512
[17:52:38] warmStart (decay=exponential) 72% (786/1090) regret=0.100758 ape=0.5512
[17:52:38] warmStart (decay=exponential) 72% (787/1090) regret=0.100758 ape=0.5512
[17:52:38] warmStart (decay=exponential) 72% (788/1090) regret=0.100758 ape=0.5512
[17:52:38] warmStart (decay=exponential) 72% (789/1090) regret=0.100758 ape=0.5512
[17:52:38] warmStart (decay=exponential) 72% (790/1090) regret=0.100758 ape=0.5512
[17:52:39] warmStart (decay=exponential) 72% (791/1090) regret=0.100758 ape=0.5512
[17:52:39] warmStart (decay=exponential) 72% (792/1090) regret=0.100758 ape=0.5512
[17:52:39] warmStart (decay=exponential) 72% (793/1090) regret=0.100758 ape=0.5512
[17:52:39] warmStart (decay=exponential) 72% (794/1090) regret=0.100758 ape=0.5512
[17:52:40] warmStart (decay=exponential) 72% (795/1090) regret=0.100758 ape=0.5512
[17:52:40] warmStart (decay=exponential) 73% (796/1090) regret=0.100758 ape=0.5512
[17:52:40] warmStart (decay=exponential) 73% (797/1090) regret=0.100758 ape=0.5512
[17:52:40] warmStart (decay=exponential) 73% (798/1090) regret=0.100758 ape=0.5512
[17:52:40] warmStart (decay=exponential) 73% (799/1090) regret=0.100758 ape=0.5512
[17:52:41] warmStart (decay=exponential) 73% (800/1090) regret=0.100758 ape=0.5512
[17:52:41] warmStart (decay=exponential) 73% (801/1090) regret=0.100758 ape=0.5512
[17:52:41] warmStart (decay=exponential) 73% (802/1090) regret=0.100758 ape=0.5512
[17:52:41] warmStart (decay=exponential) 73% (803/1090) regret=0.100758 ape=0.5512
[17:52:41] warmStart (decay=exponential) 73% (804/1090) regret=0.100758 ape=0.5512
[17:52:42] warmStart (decay=exponential) 73% (805/1090) regret=0.100758 ape=0.5512
[17:52:42] warmStart (decay=exponential) 73% (806/1090) regret=0.100758 ape=0.5512
[17:52:42] warmStart (decay=exponential) 74% (807/1090) regret=0.100758 ape=0.5512
[17:52:42] warmStart (decay=exponential) 74% (808/1090) regret=0.100758 ape=0.5512
[17:52:43] warmStart (decay=exponential) 74% (809/1090) regret=0.100758 ape=0.5512
[17:52:43] warmStart (decay=exponential) 74% (810/1090) regret=0.100758 ape=0.5512
[17:52:43] warmStart (decay=exponential) 74% (811/1090) regret=0.100758 ape=0.5512
[17:52:43] warmStart (decay=exponential) 74% (812/1090) regret=0.100758 ape=0.5512
[17:52:44] warmStart (decay=exponential) 74% (813/1090) regret=0.100758 ape=0.5512
[17:52:44] warmStart (decay=exponential) 74% (814/1090) regret=0.100758 ape=0.5512
[17:52:44] warmStart (decay=exponential) 74% (815/1090) regret=0.100758 ape=0.5512
[17:52:44] warmStart (decay=exponential) 74% (816/1090) regret=0.100758 ape=0.5512
[17:52:44] warmStart (decay=exponential) 74% (817/1090) regret=0.100758 ape=0.5512
[17:52:45] warmStart (decay=exponential) 75% (818/1090) regret=0.100758 ape=0.5512
[17:52:45] warmStart (decay=exponential) 75% (819/1090) regret=0.100758 ape=0.5512
[17:52:45] warmStart (decay=exponential) 75% (820/1090) regret=0.100758 ape=0.5512
[17:52:45] warmStart (decay=exponential) 75% (821/1090) regret=0.100758 ape=0.5512
[17:52:45] warmStart (decay=exponential) 75% (822/1090) regret=0.100758 ape=0.5512
[17:52:46] warmStart (decay=exponential) 75% (823/1090) regret=0.100758 ape=0.5512
[17:52:46] warmStart (decay=exponential) 75% (824/1090) regret=0.100758 ape=0.5512
[17:52:46] warmStart (decay=exponential) 75% (825/1090) regret=0.100758 ape=0.5512
[17:52:46] warmStart (decay=exponential) 75% (826/1090) regret=0.100758 ape=0.5512
[17:52:46] warmStart (decay=exponential) 75% (827/1090) regret=0.100758 ape=0.5512
[17:52:47] warmStart (decay=exponential) 75% (828/1090) regret=0.100758 ape=0.5512
[17:52:47] warmStart (decay=exponential) 76% (829/1090) regret=0.100758 ape=0.5512
[17:52:47] warmStart (decay=exponential) 76% (830/1090) regret=0.100758 ape=0.5512
[17:52:47] warmStart (decay=exponential) 76% (831/1090) regret=0.100758 ape=0.5512
[17:52:47] warmStart (decay=exponential) 76% (832/1090) regret=0.100758 ape=0.5512
[17:52:48] warmStart (decay=exponential) 76% (833/1090) regret=0.100758 ape=0.5512
[17:52:48] warmStart (decay=exponential) 76% (834/1090) regret=0.100758 ape=0.5512
[17:52:48] warmStart (decay=exponential) 76% (835/1090) regret=0.100758 ape=0.5512
[17:52:48] warmStart (decay=exponential) 76% (836/1090) regret=0.100758 ape=0.5512
[17:52:49] warmStart (decay=exponential) 76% (837/1090) regret=0.100758 ape=0.5512
[17:52:49] warmStart (decay=exponential) 76% (838/1090) regret=0.100758 ape=0.5512
[17:52:49] warmStart (decay=exponential) 76% (839/1090) regret=0.100758 ape=0.5512
[17:52:49] warmStart (decay=exponential) 77% (840/1090) regret=0.100758 ape=0.5512
[17:52:49] warmStart (decay=exponential) 77% (841/1090) regret=0.100758 ape=0.5512
[17:52:50] warmStart (decay=exponential) 77% (842/1090) regret=0.100758 ape=0.5512
[17:52:50] warmStart (decay=exponential) 77% (843/1090) regret=0.100758 ape=0.5512
[17:52:50] warmStart (decay=exponential) 77% (844/1090) regret=0.100758 ape=0.5512
[17:52:50] warmStart (decay=exponential) 77% (845/1090) regret=0.100758 ape=0.5512
[17:52:51] warmStart (decay=exponential) 77% (846/1090) regret=0.100758 ape=0.5512
[17:52:51] warmStart (decay=exponential) 77% (847/1090) regret=0.100758 ape=0.5512
[17:52:51] warmStart (decay=exponential) 77% (848/1090) regret=0.100758 ape=0.5512
[17:52:51] warmStart (decay=exponential) 77% (849/1090) regret=0.100758 ape=0.5512
[17:52:51] warmStart (decay=exponential) 77% (850/1090) regret=0.100758 ape=0.5512
[17:52:52] warmStart (decay=exponential) 78% (851/1090) regret=0.100758 ape=0.5512
[17:52:52] warmStart (decay=exponential) 78% (852/1090) regret=0.100758 ape=0.5512
[17:52:52] warmStart (decay=exponential) 78% (853/1090) regret=0.100758 ape=0.5512
[17:52:52] warmStart (decay=exponential) 78% (854/1090) regret=0.100758 ape=0.5512
[17:52:53] warmStart (decay=exponential) 78% (855/1090) regret=0.100758 ape=0.5512
[17:52:53] warmStart (decay=exponential) 78% (856/1090) regret=0.100758 ape=0.5512
[17:52:53] warmStart (decay=exponential) 78% (857/1090) regret=0.100758 ape=0.5512
[17:52:53] warmStart (decay=exponential) 78% (858/1090) regret=0.100758 ape=0.5512
[17:52:53] warmStart (decay=exponential) 78% (859/1090) regret=0.100758 ape=0.5512
[17:52:54] warmStart (decay=exponential) 78% (860/1090) regret=0.100758 ape=0.5512
[17:52:54] warmStart (decay=exponential) 78% (861/1090) regret=0.100758 ape=0.5512
[17:52:54] warmStart (decay=exponential) 79% (862/1090) regret=0.100758 ape=0.5512
[17:52:54] warmStart (decay=exponential) 79% (863/1090) regret=0.100758 ape=0.5512
[17:52:54] warmStart (decay=exponential) 79% (864/1090) regret=0.100758 ape=0.5512
[17:52:55] warmStart (decay=exponential) 79% (865/1090) regret=0.100758 ape=0.5512
[17:52:55] warmStart (decay=exponential) 79% (866/1090) regret=0.100758 ape=0.5512
[17:52:55] warmStart (decay=exponential) 79% (867/1090) regret=0.100758 ape=0.5512
[17:52:55] warmStart (decay=exponential) 79% (868/1090) regret=0.100758 ape=0.5512
[17:52:55] warmStart (decay=exponential) 79% (869/1090) regret=0.100758 ape=0.5512
[17:52:56] warmStart (decay=exponential) 79% (870/1090) regret=0.100758 ape=0.5512
[17:52:56] warmStart (decay=exponential) 79% (871/1090) regret=0.100758 ape=0.5512
[17:52:56] warmStart (decay=exponential) 80% (872/1090) regret=0.100758 ape=0.5512
[17:52:56] warmStart (decay=exponential) 80% (873/1090) regret=0.100758 ape=0.5512
[17:52:57] warmStart (decay=exponential) 80% (874/1090) regret=0.100758 ape=0.5512
[17:52:57] warmStart (decay=exponential) 80% (875/1090) regret=0.100758 ape=0.5512
[17:52:57] warmStart (decay=exponential) 80% (876/1090) regret=0.100758 ape=0.5512
[17:52:57] warmStart (decay=exponential) 80% (877/1090) regret=0.100758 ape=0.5512
[17:52:57] warmStart (decay=exponential) 80% (878/1090) regret=0.100758 ape=0.5512
[17:52:58] warmStart (decay=exponential) 80% (879/1090) regret=0.100758 ape=0.5512
[17:52:58] warmStart (decay=exponential) 80% (880/1090) regret=0.100758 ape=0.5512
[17:52:58] warmStart (decay=exponential) 80% (881/1090) regret=0.100758 ape=0.5512
[17:52:58] warmStart (decay=exponential) 80% (882/1090) regret=0.100758 ape=0.5512
[17:52:58] warmStart (decay=exponential) 81% (883/1090) regret=0.100758 ape=0.5512
[17:52:59] warmStart (decay=exponential) 81% (884/1090) regret=0.100758 ape=0.5512
[17:52:59] warmStart (decay=exponential) 81% (885/1090) regret=0.100758 ape=0.5512
[17:52:59] warmStart (decay=exponential) 81% (886/1090) regret=0.100758 ape=0.5512
[17:52:59] warmStart (decay=exponential) 81% (887/1090) regret=0.100758 ape=0.5512
[17:53:00] warmStart (decay=exponential) 81% (888/1090) regret=0.100758 ape=0.5512
[17:53:00] warmStart (decay=exponential) 81% (889/1090) regret=0.100758 ape=0.5512
[17:53:00] warmStart (decay=exponential) 81% (890/1090) regret=0.100758 ape=0.5512
[17:53:00] warmStart (decay=exponential) 81% (891/1090) regret=0.100758 ape=0.5512
[17:53:00] warmStart (decay=exponential) 81% (892/1090) regret=0.100758 ape=0.5512
[17:53:01] warmStart (decay=exponential) 81% (893/1090) regret=0.100758 ape=0.5512
[17:53:01] warmStart (decay=exponential) 82% (894/1090) regret=0.100758 ape=0.5512
[17:53:01] warmStart (decay=exponential) 82% (895/1090) regret=0.100758 ape=0.5512
[17:53:01] warmStart (decay=exponential) 82% (896/1090) regret=0.100758 ape=0.5512
[17:53:01] warmStart (decay=exponential) 82% (897/1090) regret=0.100758 ape=0.5512
[17:53:02] warmStart (decay=exponential) 82% (898/1090) regret=0.100758 ape=0.5512
[17:53:02] warmStart (decay=exponential) 82% (899/1090) regret=0.100758 ape=0.5512
[17:53:02] warmStart (decay=exponential) 82% (900/1090) regret=0.100758 ape=0.5512
[17:53:02] warmStart (decay=exponential) 82% (901/1090) regret=0.100758 ape=0.5512
[17:53:03] warmStart (decay=exponential) 82% (902/1090) regret=0.100758 ape=0.5512
[17:53:03] warmStart (decay=exponential) 82% (903/1090) regret=0.100758 ape=0.5512
[17:53:03] warmStart (decay=exponential) 82% (904/1090) regret=0.100758 ape=0.5512
[17:53:03] warmStart (decay=exponential) 83% (905/1090) regret=0.100758 ape=0.5512
[17:53:03] warmStart (decay=exponential) 83% (906/1090) regret=0.100758 ape=0.5512
[17:53:04] warmStart (decay=exponential) 83% (907/1090) regret=0.100758 ape=0.5512
[17:53:04] warmStart (decay=exponential) 83% (908/1090) regret=0.100758 ape=0.5512
[17:53:04] warmStart (decay=exponential) 83% (909/1090) regret=0.100758 ape=0.5512
[17:53:04] warmStart (decay=exponential) 83% (910/1090) regret=0.100758 ape=0.5512
[17:53:05] warmStart (decay=exponential) 83% (911/1090) regret=0.100758 ape=0.5512
[17:53:05] warmStart (decay=exponential) 83% (912/1090) regret=0.100758 ape=0.5512
[17:53:05] warmStart (decay=exponential) 83% (913/1090) regret=0.100758 ape=0.5512
[17:53:05] warmStart (decay=exponential) 83% (914/1090) regret=0.100758 ape=0.5512
[17:53:05] warmStart (decay=exponential) 83% (915/1090) regret=0.100758 ape=0.5512
[17:53:06] warmStart (decay=exponential) 84% (916/1090) regret=0.100758 ape=0.5512
[17:53:06] warmStart (decay=exponential) 84% (917/1090) regret=0.100758 ape=0.5512
[17:53:06] warmStart (decay=exponential) 84% (918/1090) regret=0.100758 ape=0.5512
[17:53:06] warmStart (decay=exponential) 84% (919/1090) regret=0.100758 ape=0.5512
[17:53:06] warmStart (decay=exponential) 84% (920/1090) regret=0.100758 ape=0.5512
[17:53:07] warmStart (decay=exponential) 84% (921/1090) regret=0.100758 ape=0.5512
[17:53:07] warmStart (decay=exponential) 84% (922/1090) regret=0.100758 ape=0.5512
[17:53:07] warmStart (decay=exponential) 84% (923/1090) regret=0.100758 ape=0.5512
[17:53:07] warmStart (decay=exponential) 84% (924/1090) regret=0.100758 ape=0.5512
[17:53:08] warmStart (decay=exponential) 84% (925/1090) regret=0.100758 ape=0.5512
[17:53:08] warmStart (decay=exponential) 84% (926/1090) regret=0.100758 ape=0.5512
[17:53:08] warmStart (decay=exponential) 85% (927/1090) regret=0.100758 ape=0.5512
[17:53:08] warmStart (decay=exponential) 85% (928/1090) regret=0.100758 ape=0.5512
[17:53:08] warmStart (decay=exponential) 85% (929/1090) regret=0.100758 ape=0.5512
[17:53:09] warmStart (decay=exponential) 85% (930/1090) regret=0.100758 ape=0.5512
[17:53:09] warmStart (decay=exponential) 85% (931/1090) regret=0.100758 ape=0.5512
[17:53:09] warmStart (decay=exponential) 85% (932/1090) regret=0.100758 ape=0.5512
[17:53:09] warmStart (decay=exponential) 85% (933/1090) regret=0.100758 ape=0.5512
[17:53:09] warmStart (decay=exponential) 85% (934/1090) regret=0.100758 ape=0.5512
[17:53:10] warmStart (decay=exponential) 85% (935/1090) regret=0.100758 ape=0.5512
[17:53:10] warmStart (decay=exponential) 85% (936/1090) regret=0.100758 ape=0.5512
[17:53:10] warmStart (decay=exponential) 85% (937/1090) regret=0.100758 ape=0.5512
[17:53:10] warmStart (decay=exponential) 86% (938/1090) regret=0.100758 ape=0.5512
[17:53:10] warmStart (decay=exponential) 86% (939/1090) regret=0.100758 ape=0.5512
[17:53:11] warmStart (decay=exponential) 86% (940/1090) regret=0.100758 ape=0.5512
[17:53:11] warmStart (decay=exponential) 86% (941/1090) regret=0.100758 ape=0.5512
[17:53:11] warmStart (decay=exponential) 86% (942/1090) regret=0.100758 ape=0.5512
[17:53:11] warmStart (decay=exponential) 86% (943/1090) regret=0.100758 ape=0.5512
[17:53:12] warmStart (decay=exponential) 86% (944/1090) regret=0.100758 ape=0.5512
[17:53:12] warmStart (decay=exponential) 86% (945/1090) regret=0.100758 ape=0.5512
[17:53:12] warmStart (decay=exponential) 86% (946/1090) regret=0.100758 ape=0.5512
[17:53:12] warmStart (decay=exponential) 86% (947/1090) regret=0.100758 ape=0.5512
[17:53:12] warmStart (decay=exponential) 86% (948/1090) regret=0.100758 ape=0.5512
[17:53:13] warmStart (decay=exponential) 87% (949/1090) regret=0.100758 ape=0.5512
[17:53:13] warmStart (decay=exponential) 87% (950/1090) regret=0.100758 ape=0.5512
[17:53:13] warmStart (decay=exponential) 87% (951/1090) regret=0.100758 ape=0.5512
[17:53:13] warmStart (decay=exponential) 87% (952/1090) regret=0.100758 ape=0.5512
[17:53:14] warmStart (decay=exponential) 87% (953/1090) regret=0.100758 ape=0.5512
[17:53:14] warmStart (decay=exponential) 87% (954/1090) regret=0.100758 ape=0.5512
[17:53:14] warmStart (decay=exponential) 87% (955/1090) regret=0.100758 ape=0.5512
[17:53:14] warmStart (decay=exponential) 87% (956/1090) regret=0.100758 ape=0.5512
[17:53:14] warmStart (decay=exponential) 87% (957/1090) regret=0.100758 ape=0.5512
[17:53:15] warmStart (decay=exponential) 87% (958/1090) regret=0.100758 ape=0.5512
[17:53:15] warmStart (decay=exponential) 87% (959/1090) regret=0.100758 ape=0.5512
[17:53:15] warmStart (decay=exponential) 88% (960/1090) regret=0.100758 ape=0.5512
[17:53:15] warmStart (decay=exponential) 88% (961/1090) regret=0.100758 ape=0.5512
[17:53:16] warmStart (decay=exponential) 88% (962/1090) regret=0.100758 ape=0.5512
[17:53:16] warmStart (decay=exponential) 88% (963/1090) regret=0.100758 ape=0.5512
[17:53:16] warmStart (decay=exponential) 88% (964/1090) regret=0.100758 ape=0.5512
[17:53:16] warmStart (decay=exponential) 88% (965/1090) regret=0.100758 ape=0.5512
[17:53:17] warmStart (decay=exponential) 88% (966/1090) regret=0.100758 ape=0.5512
[17:53:17] warmStart (decay=exponential) 88% (967/1090) regret=0.100758 ape=0.5512
[17:53:17] warmStart (decay=exponential) 88% (968/1090) regret=0.100758 ape=0.5512
[17:53:17] warmStart (decay=exponential) 88% (969/1090) regret=0.100758 ape=0.5512
[17:53:17] warmStart (decay=exponential) 88% (970/1090) regret=0.100758 ape=0.5512
[17:53:18] warmStart (decay=exponential) 89% (971/1090) regret=0.100758 ape=0.5512
[17:53:18] warmStart (decay=exponential) 89% (972/1090) regret=0.100758 ape=0.5512
[17:53:18] warmStart (decay=exponential) 89% (973/1090) regret=0.100758 ape=0.5512
[17:53:18] warmStart (decay=exponential) 89% (974/1090) regret=0.100758 ape=0.5512
[17:53:18] warmStart (decay=exponential) 89% (975/1090) regret=0.100758 ape=0.5512
[17:53:18] warmStart (decay=exponential) 89% (976/1090) regret=0.100758 ape=0.5512
[17:53:19] warmStart (decay=exponential) 89% (977/1090) regret=0.100758 ape=0.5512
[17:53:19] warmStart (decay=exponential) 89% (978/1090) regret=0.100758 ape=0.5512
[17:53:19] warmStart (decay=exponential) 89% (979/1090) regret=0.100758 ape=0.5512
[17:53:19] warmStart (decay=exponential) 89% (980/1090) regret=0.100758 ape=0.5512
[17:53:19] warmStart (decay=exponential) 90% (981/1090) regret=0.100758 ape=0.5512
[17:53:20] warmStart (decay=exponential) 90% (982/1090) regret=0.100758 ape=0.5512
[17:53:20] warmStart (decay=exponential) 90% (983/1090) regret=0.100758 ape=0.5512
[17:53:20] warmStart (decay=exponential) 90% (984/1090) regret=0.100758 ape=0.5512
[17:53:20] warmStart (decay=exponential) 90% (985/1090) regret=0.100758 ape=0.5512
[17:53:20] warmStart (decay=exponential) 90% (986/1090) regret=0.100758 ape=0.5512
[17:53:20] warmStart (decay=exponential) 90% (987/1090) regret=0.100758 ape=0.5512
[17:53:21] warmStart (decay=exponential) 90% (988/1090) regret=0.100758 ape=0.5512
[17:53:21] warmStart (decay=exponential) 90% (989/1090) regret=0.100758 ape=0.5512
[17:53:21] warmStart (decay=exponential) 90% (990/1090) regret=0.100758 ape=0.5512
[17:53:21] warmStart (decay=exponential) 90% (991/1090) regret=0.100758 ape=0.5512
[17:53:21] warmStart (decay=exponential) 91% (992/1090) regret=0.100758 ape=0.5512
[17:53:22] warmStart (decay=exponential) 91% (993/1090) regret=0.100758 ape=0.5512
[17:53:22] warmStart (decay=exponential) 91% (994/1090) regret=0.100758 ape=0.5512
[17:53:22] warmStart (decay=exponential) 91% (995/1090) regret=0.100758 ape=0.5512
[17:53:22] warmStart (decay=exponential) 91% (996/1090) regret=0.100758 ape=0.5512
[17:53:22] warmStart (decay=exponential) 91% (997/1090) regret=0.100758 ape=0.5512
[17:53:22] warmStart (decay=exponential) 91% (998/1090) regret=0.100758 ape=0.5512
[17:53:23] warmStart (decay=exponential) 91% (999/1090) regret=0.100758 ape=0.5512
[17:53:23] warmStart (decay=exponential) 91% (1000/1090) regret=0.100758 ape=0.5512
[17:53:23] warmStart (decay=exponential) 91% (1001/1090) regret=0.100758 ape=0.5512
[17:53:23] warmStart (decay=exponential) 91% (1002/1090) regret=0.100758 ape=0.5512
[17:53:23] warmStart (decay=exponential) 92% (1003/1090) regret=0.100758 ape=0.5512
[17:53:24] warmStart (decay=exponential) 92% (1004/1090) regret=0.100758 ape=0.5512
[17:53:24] warmStart (decay=exponential) 92% (1005/1090) regret=0.100758 ape=0.5512
[17:53:24] warmStart (decay=exponential) 92% (1006/1090) regret=0.100758 ape=0.5512
[17:53:24] warmStart (decay=exponential) 92% (1007/1090) regret=0.100758 ape=0.5512
[17:53:24] warmStart (decay=exponential) 92% (1008/1090) regret=0.100758 ape=0.5512
[17:53:25] warmStart (decay=exponential) 92% (1009/1090) regret=0.100758 ape=0.5512
[17:53:25] warmStart (decay=exponential) 92% (1010/1090) regret=0.100758 ape=0.5512
[17:53:25] warmStart (decay=exponential) 92% (1011/1090) regret=0.100758 ape=0.5512
[17:53:25] warmStart (decay=exponential) 92% (1012/1090) regret=0.100758 ape=0.5512
[17:53:25] warmStart (decay=exponential) 92% (1013/1090) regret=0.100758 ape=0.5512
[17:53:25] warmStart (decay=exponential) 93% (1014/1090) regret=0.100758 ape=0.5512
[17:53:26] warmStart (decay=exponential) 93% (1015/1090) regret=0.100758 ape=0.5512
[17:53:26] warmStart (decay=exponential) 93% (1016/1090) regret=0.100758 ape=0.5512
[17:53:26] warmStart (decay=exponential) 93% (1017/1090) regret=0.100758 ape=0.5512
[17:53:26] warmStart (decay=exponential) 93% (1018/1090) regret=0.100758 ape=0.5512
[17:53:26] warmStart (decay=exponential) 93% (1019/1090) regret=0.100758 ape=0.5512
[17:53:27] warmStart (decay=exponential) 93% (1020/1090) regret=0.100758 ape=0.5512
[17:53:27] warmStart (decay=exponential) 93% (1021/1090) regret=0.100758 ape=0.5512
[17:53:27] warmStart (decay=exponential) 93% (1022/1090) regret=0.100758 ape=0.5512
[17:53:27] warmStart (decay=exponential) 93% (1023/1090) regret=0.100758 ape=0.5512
[17:53:27] warmStart (decay=exponential) 93% (1024/1090) regret=0.100758 ape=0.5512
[17:53:27] warmStart (decay=exponential) 94% (1025/1090) regret=0.100758 ape=0.5512
[17:53:28] warmStart (decay=exponential) 94% (1026/1090) regret=0.100758 ape=0.5512
[17:53:28] warmStart (decay=exponential) 94% (1027/1090) regret=0.100758 ape=0.5512
[17:53:28] warmStart (decay=exponential) 94% (1028/1090) regret=0.100758 ape=0.5512
[17:53:28] warmStart (decay=exponential) 94% (1029/1090) regret=0.100758 ape=0.5512
[17:53:28] warmStart (decay=exponential) 94% (1030/1090) regret=0.100758 ape=0.5512
[17:53:29] warmStart (decay=exponential) 94% (1031/1090) regret=0.100758 ape=0.5512
[17:53:29] warmStart (decay=exponential) 94% (1032/1090) regret=0.100758 ape=0.5512
[17:53:29] warmStart (decay=exponential) 94% (1033/1090) regret=0.100758 ape=0.5512
[17:53:29] warmStart (decay=exponential) 94% (1034/1090) regret=0.100758 ape=0.5512
[17:53:29] warmStart (decay=exponential) 94% (1035/1090) regret=0.100758 ape=0.5512
[17:53:30] warmStart (decay=exponential) 95% (1036/1090) regret=0.100758 ape=0.5512
[17:53:30] warmStart (decay=exponential) 95% (1037/1090) regret=0.100758 ape=0.5512
[17:53:30] warmStart (decay=exponential) 95% (1038/1090) regret=0.100758 ape=0.5512
[17:53:30] warmStart (decay=exponential) 95% (1039/1090) regret=0.100758 ape=0.5512
[17:53:30] warmStart (decay=exponential) 95% (1040/1090) regret=0.100758 ape=0.5512
[17:53:30] warmStart (decay=exponential) 95% (1041/1090) regret=0.100758 ape=0.5512
[17:53:31] warmStart (decay=exponential) 95% (1042/1090) regret=0.100758 ape=0.5512
[17:53:31] warmStart (decay=exponential) 95% (1043/1090) regret=0.100758 ape=0.5512
[17:53:31] warmStart (decay=exponential) 95% (1044/1090) regret=0.100758 ape=0.5512
[17:53:31] warmStart (decay=exponential) 95% (1045/1090) regret=0.100758 ape=0.5512
[17:53:31] warmStart (decay=exponential) 95% (1046/1090) regret=0.100758 ape=0.5512
[17:53:32] warmStart (decay=exponential) 96% (1047/1090) regret=0.100758 ape=0.5512
[17:53:32] warmStart (decay=exponential) 96% (1048/1090) regret=0.100758 ape=0.5512
[17:53:32] warmStart (decay=exponential) 96% (1049/1090) regret=0.100758 ape=0.5512
[17:53:32] warmStart (decay=exponential) 96% (1050/1090) regret=0.100758 ape=0.5512
[17:53:32] warmStart (decay=exponential) 96% (1051/1090) regret=0.100758 ape=0.5512
[17:53:32] warmStart (decay=exponential) 96% (1052/1090) regret=0.100758 ape=0.5512
[17:53:33] warmStart (decay=exponential) 96% (1053/1090) regret=0.100758 ape=0.5512
[17:53:33] warmStart (decay=exponential) 96% (1054/1090) regret=0.100758 ape=0.5512
[17:53:33] warmStart (decay=exponential) 96% (1055/1090) regret=0.100758 ape=0.5512
[17:53:33] warmStart (decay=exponential) 96% (1056/1090) regret=0.100758 ape=0.5512
[17:53:34] warmStart (decay=exponential) 96% (1057/1090) regret=0.100758 ape=0.5512
[17:53:34] warmStart (decay=exponential) 97% (1058/1090) regret=0.100753 ape=0.5502
[17:53:34] warmStart (decay=exponential) 97% (1059/1090) regret=0.100753 ape=0.5502
[17:53:34] warmStart (decay=exponential) 97% (1060/1090) regret=0.100753 ape=0.5502
[17:53:34] warmStart (decay=exponential) 97% (1061/1090) regret=0.100753 ape=0.5502
[17:53:34] warmStart (decay=exponential) 97% (1062/1090) regret=0.100753 ape=0.5502
[17:53:35] warmStart (decay=exponential) 97% (1063/1090) regret=0.100753 ape=0.5502
[17:53:35] warmStart (decay=exponential) 97% (1064/1090) regret=0.100753 ape=0.5502
[17:53:35] warmStart (decay=exponential) 97% (1065/1090) regret=0.100753 ape=0.5502
[17:53:35] warmStart (decay=exponential) 97% (1066/1090) regret=0.100753 ape=0.5502
[17:53:35] warmStart (decay=exponential) 97% (1067/1090) regret=0.100753 ape=0.5502
[17:53:36] warmStart (decay=exponential) 97% (1068/1090) regret=0.100753 ape=0.5502
[17:53:36] warmStart (decay=exponential) 98% (1069/1090) regret=0.100753 ape=0.5502
[17:53:36] warmStart (decay=exponential) 98% (1070/1090) regret=0.100753 ape=0.5502
[17:53:36] warmStart (decay=exponential) 98% (1071/1090) regret=0.100753 ape=0.5502
[17:53:36] warmStart (decay=exponential) 98% (1072/1090) regret=0.100753 ape=0.5502
[17:53:37] warmStart (decay=exponential) 98% (1073/1090) regret=0.100753 ape=0.5502
[17:53:37] warmStart (decay=exponential) 98% (1074/1090) regret=0.100753 ape=0.5502
[17:53:37] warmStart (decay=exponential) 98% (1075/1090) regret=0.100753 ape=0.5502
[17:53:37] warmStart (decay=exponential) 98% (1076/1090) regret=0.100753 ape=0.5502
[17:53:37] warmStart (decay=exponential) 98% (1077/1090) regret=0.100753 ape=0.5502
[17:53:38] warmStart (decay=exponential) 98% (1078/1090) regret=0.100753 ape=0.5502
[17:53:38] warmStart (decay=exponential) 98% (1079/1090) regret=0.100753 ape=0.5502
[17:53:38] warmStart (decay=exponential) 99% (1080/1090) regret=0.100753 ape=0.5502
[17:53:38] warmStart (decay=exponential) 99% (1081/1090) regret=0.100753 ape=0.5502
[17:53:38] warmStart (decay=exponential) 99% (1082/1090) regret=0.100753 ape=0.5502
[17:53:39] warmStart (decay=exponential) 99% (1083/1090) regret=0.100753 ape=0.5502
[17:53:39] warmStart (decay=exponential) 99% (1084/1090) regret=0.100753 ape=0.5502
[17:53:39] warmStart (decay=exponential) 99% (1085/1090) regret=0.100753 ape=0.5502
[17:53:39] warmStart (decay=exponential) 99% (1086/1090) regret=0.100753 ape=0.5502
[17:53:39] warmStart (decay=exponential) 99% (1087/1090) regret=0.100753 ape=0.5502
[17:53:40] warmStart (decay=exponential) 99% (1088/1090) regret=0.100753 ape=0.5502
[17:53:40] warmStart (decay=exponential) 99% (1089/1090) regret=0.100753 ape=0.5502
Warm w=200 finished: 1089 points, 227.20s wall time
  Final: regret=0.100753, ape=0.5502

Saved: /home/users/g/s/gsavary/LudiiMCTSVariations/slurm_sweep_full_dataset/output_decay/warm_200_decay_exponential_0_025/seed_4/sweep_decay_warm_200_exponential_0.025_4_20260426_175340.json

Generating plots...
Saved: /home/users/g/s/gsavary/LudiiMCTSVariations/slurm_sweep_full_dataset/output_decay/warm_200_decay_exponential_0_025/seed_4/sweep_decay_warm_200_exponential_0.025_4_20260426_175340_regret.png
Saved: /home/users/g/s/gsavary/LudiiMCTSVariations/slurm_sweep_full_dataset/output_decay/warm_200_decay_exponential_0_025/seed_4/sweep_decay_warm_200_exponential_0.025_4_20260426_175340_ape.png

================================================================================
Experiment complete!
================================================================================
Done. Results in: /home/users/g/s/gsavary/LudiiMCTSVariations/slurm_sweep_full_dataset/output_decay/warm_200_decay_exponential_0_025/seed_4
