============================================================
Decay sweep experiment
Method:      warm:200
Decay mode:  exponential
Decay param: 0.025
Seed:        1
Output:      /home/users/g/s/gsavary/LudiiMCTSVariations/slurm_sweep_full_dataset/output_decay/warm_200_decay_exponential_0_025/seed_1
============================================================

================================================================================
SLURM Sweep Experiment with Synthetic Data Decay
================================================================================
Method: warm:200
Decay: exponential (param=0.025)
Time limit: 3600.0s, Seed: 1, Batch size: 20
Output directory: /home/users/g/s/gsavary/LudiiMCTSVariations/slurm_sweep_full_dataset/output_decay/warm_200_decay_exponential_0_025/seed_1

Loading Ludii dataset...
Loaded 1085 games
Using 1085 games (full dataset)

Running timing probe (100 pulls)...
  Estimated secs/pull: 0.022187

Time budget: 3600.0s → ~162258 total pulls
Per-method budget: 23179 pulls (~514.3s)

Computing predictor-only performance...
  Predictions loaded: 23675 agent predictions
  Predictor-only: regret=0.104318, ape=0.4894

Running WARM-START (w=200, decay=exponential param=0.025)...
[17:49:27] warmStart (decay=exponential) 0% (1/1159) regret=0.103601 ape=0.5659
[17:49:27] warmStart (decay=exponential) 0% (2/1159) regret=0.103601 ape=0.5659
[17:49:27] warmStart (decay=exponential) 0% (3/1159) regret=0.103601 ape=0.5659
[17:49:27] warmStart (decay=exponential) 0% (4/1159) regret=0.103601 ape=0.5659
[17:49:28] warmStart (decay=exponential) 0% (5/1159) regret=0.103585 ape=0.5659
[17:49:28] warmStart (decay=exponential) 0% (6/1159) regret=0.103567 ape=0.5659
[17:49:28] warmStart (decay=exponential) 0% (7/1159) regret=0.103567 ape=0.5659
[17:49:28] warmStart (decay=exponential) 0% (8/1159) regret=0.103567 ape=0.5659
[17:49:28] warmStart (decay=exponential) 0% (9/1159) regret=0.103567 ape=0.5659
[17:49:28] warmStart (decay=exponential) 0% (10/1159) regret=0.103567 ape=0.5659
[17:49:29] warmStart (decay=exponential) 0% (11/1159) regret=0.103567 ape=0.5659
[17:49:29] warmStart (decay=exponential) 1% (12/1159) regret=0.103567 ape=0.5659
[17:49:29] warmStart (decay=exponential) 1% (13/1159) regret=0.103567 ape=0.5659
[17:49:29] warmStart (decay=exponential) 1% (14/1159) regret=0.103567 ape=0.5659
[17:49:29] warmStart (decay=exponential) 1% (15/1159) regret=0.103567 ape=0.5659
[17:49:30] warmStart (decay=exponential) 1% (16/1159) regret=0.103567 ape=0.5659
[17:49:30] warmStart (decay=exponential) 1% (17/1159) regret=0.103567 ape=0.5659
[17:49:30] warmStart (decay=exponential) 1% (18/1159) regret=0.103567 ape=0.5659
[17:49:30] warmStart (decay=exponential) 1% (19/1159) regret=0.103567 ape=0.5659
[17:49:30] warmStart (decay=exponential) 1% (20/1159) regret=0.103567 ape=0.5659
[17:49:31] warmStart (decay=exponential) 1% (21/1159) regret=0.103567 ape=0.5659
[17:49:31] warmStart (decay=exponential) 1% (22/1159) regret=0.103567 ape=0.5659
[17:49:31] warmStart (decay=exponential) 1% (23/1159) regret=0.103567 ape=0.5659
[17:49:31] warmStart (decay=exponential) 2% (24/1159) regret=0.103567 ape=0.5659
[17:49:32] warmStart (decay=exponential) 2% (25/1159) regret=0.103567 ape=0.5659
[17:49:32] warmStart (decay=exponential) 2% (26/1159) regret=0.103567 ape=0.5659
[17:49:32] warmStart (decay=exponential) 2% (27/1159) regret=0.103567 ape=0.5659
[17:49:32] warmStart (decay=exponential) 2% (28/1159) regret=0.103567 ape=0.5659
[17:49:32] warmStart (decay=exponential) 2% (29/1159) regret=0.103567 ape=0.5659
[17:49:33] warmStart (decay=exponential) 2% (30/1159) regret=0.103567 ape=0.5659
[17:49:33] warmStart (decay=exponential) 2% (31/1159) regret=0.103567 ape=0.5659
[17:49:33] warmStart (decay=exponential) 2% (32/1159) regret=0.103567 ape=0.5659
[17:49:33] warmStart (decay=exponential) 2% (33/1159) regret=0.103567 ape=0.5659
[17:49:33] warmStart (decay=exponential) 2% (34/1159) regret=0.103567 ape=0.5659
[17:49:34] warmStart (decay=exponential) 3% (35/1159) regret=0.103567 ape=0.5659
[17:49:34] warmStart (decay=exponential) 3% (36/1159) regret=0.103581 ape=0.5659
[17:49:34] warmStart (decay=exponential) 3% (37/1159) regret=0.103572 ape=0.5659
[17:49:34] warmStart (decay=exponential) 3% (38/1159) regret=0.103567 ape=0.5659
[17:49:34] warmStart (decay=exponential) 3% (39/1159) regret=0.103567 ape=0.5659
[17:49:35] warmStart (decay=exponential) 3% (40/1159) regret=0.103553 ape=0.5659
[17:49:35] warmStart (decay=exponential) 3% (41/1159) regret=0.103572 ape=0.5659
[17:49:35] warmStart (decay=exponential) 3% (42/1159) regret=0.103572 ape=0.5659
[17:49:35] warmStart (decay=exponential) 3% (43/1159) regret=0.103530 ape=0.5650
[17:49:35] warmStart (decay=exponential) 3% (44/1159) regret=0.103553 ape=0.5659
[17:49:36] warmStart (decay=exponential) 3% (45/1159) regret=0.103553 ape=0.5659
[17:49:36] warmStart (decay=exponential) 3% (46/1159) regret=0.103530 ape=0.5650
[17:49:36] warmStart (decay=exponential) 4% (47/1159) regret=0.103553 ape=0.5659
[17:49:36] warmStart (decay=exponential) 4% (48/1159) regret=0.103553 ape=0.5659
[17:49:36] warmStart (decay=exponential) 4% (49/1159) regret=0.103572 ape=0.5659
[17:49:37] warmStart (decay=exponential) 4% (50/1159) regret=0.103572 ape=0.5659
[17:49:37] warmStart (decay=exponential) 4% (51/1159) regret=0.103572 ape=0.5659
[17:49:37] warmStart (decay=exponential) 4% (52/1159) regret=0.103576 ape=0.5659
[17:49:37] warmStart (decay=exponential) 4% (53/1159) regret=0.103576 ape=0.5659
[17:49:37] warmStart (decay=exponential) 4% (54/1159) regret=0.103576 ape=0.5659
[17:49:38] warmStart (decay=exponential) 4% (55/1159) regret=0.103576 ape=0.5659
[17:49:38] warmStart (decay=exponential) 4% (56/1159) regret=0.103576 ape=0.5659
[17:49:38] warmStart (decay=exponential) 4% (57/1159) regret=0.103572 ape=0.5659
[17:49:38] warmStart (decay=exponential) 5% (58/1159) regret=0.103530 ape=0.5650
[17:49:38] warmStart (decay=exponential) 5% (59/1159) regret=0.103572 ape=0.5659
[17:49:39] warmStart (decay=exponential) 5% (60/1159) regret=0.103572 ape=0.5659
[17:49:39] warmStart (decay=exponential) 5% (61/1159) regret=0.103572 ape=0.5659
[17:49:39] warmStart (decay=exponential) 5% (62/1159) regret=0.103572 ape=0.5659
[17:49:39] warmStart (decay=exponential) 5% (63/1159) regret=0.103572 ape=0.5659
[17:49:39] warmStart (decay=exponential) 5% (64/1159) regret=0.103572 ape=0.5659
[17:49:40] warmStart (decay=exponential) 5% (65/1159) regret=0.103572 ape=0.5659
[17:49:40] warmStart (decay=exponential) 5% (66/1159) regret=0.103572 ape=0.5659
[17:49:40] warmStart (decay=exponential) 5% (67/1159) regret=0.103572 ape=0.5659
[17:49:40] warmStart (decay=exponential) 5% (68/1159) regret=0.103576 ape=0.5659
[17:49:40] warmStart (decay=exponential) 5% (69/1159) regret=0.103572 ape=0.5659
[17:49:41] warmStart (decay=exponential) 6% (70/1159) regret=0.103572 ape=0.5659
[17:49:41] warmStart (decay=exponential) 6% (71/1159) regret=0.103572 ape=0.5659
[17:49:41] warmStart (decay=exponential) 6% (72/1159) regret=0.103572 ape=0.5659
[17:49:41] warmStart (decay=exponential) 6% (73/1159) regret=0.103576 ape=0.5659
[17:49:41] warmStart (decay=exponential) 6% (74/1159) regret=0.103572 ape=0.5659
[17:49:42] warmStart (decay=exponential) 6% (75/1159) regret=0.103572 ape=0.5659
[17:49:42] warmStart (decay=exponential) 6% (76/1159) regret=0.103572 ape=0.5659
[17:49:42] warmStart (decay=exponential) 6% (77/1159) regret=0.103572 ape=0.5659
[17:49:42] warmStart (decay=exponential) 6% (78/1159) regret=0.103572 ape=0.5659
[17:49:42] warmStart (decay=exponential) 6% (79/1159) regret=0.103576 ape=0.5659
[17:49:43] warmStart (decay=exponential) 6% (80/1159) regret=0.103572 ape=0.5659
[17:49:43] warmStart (decay=exponential) 6% (81/1159) regret=0.103572 ape=0.5659
[17:49:43] warmStart (decay=exponential) 7% (82/1159) regret=0.103572 ape=0.5659
[17:49:43] warmStart (decay=exponential) 7% (83/1159) regret=0.103572 ape=0.5659
[17:49:43] warmStart (decay=exponential) 7% (84/1159) regret=0.103572 ape=0.5659
[17:49:43] warmStart (decay=exponential) 7% (85/1159) regret=0.103572 ape=0.5659
[17:49:44] warmStart (decay=exponential) 7% (86/1159) regret=0.103572 ape=0.5659
[17:49:44] warmStart (decay=exponential) 7% (87/1159) regret=0.103572 ape=0.5659
[17:49:44] warmStart (decay=exponential) 7% (88/1159) regret=0.103576 ape=0.5659
[17:49:44] warmStart (decay=exponential) 7% (89/1159) regret=0.103576 ape=0.5659
[17:49:44] warmStart (decay=exponential) 7% (90/1159) regret=0.103572 ape=0.5659
[17:49:45] warmStart (decay=exponential) 7% (91/1159) regret=0.103572 ape=0.5659
[17:49:45] warmStart (decay=exponential) 7% (92/1159) regret=0.103572 ape=0.5659
[17:49:45] warmStart (decay=exponential) 8% (93/1159) regret=0.103572 ape=0.5659
[17:49:45] warmStart (decay=exponential) 8% (94/1159) regret=0.103572 ape=0.5659
[17:49:45] warmStart (decay=exponential) 8% (95/1159) regret=0.103572 ape=0.5659
[17:49:46] warmStart (decay=exponential) 8% (96/1159) regret=0.103572 ape=0.5659
[17:49:46] warmStart (decay=exponential) 8% (97/1159) regret=0.103572 ape=0.5659
[17:49:46] warmStart (decay=exponential) 8% (98/1159) regret=0.103576 ape=0.5659
[17:49:46] warmStart (decay=exponential) 8% (99/1159) regret=0.103572 ape=0.5659
[17:49:46] warmStart (decay=exponential) 8% (100/1159) regret=0.103576 ape=0.5659
[17:49:47] warmStart (decay=exponential) 8% (101/1159) regret=0.103576 ape=0.5659
[17:49:47] warmStart (decay=exponential) 8% (102/1159) regret=0.103576 ape=0.5659
[17:49:47] warmStart (decay=exponential) 8% (103/1159) regret=0.103544 ape=0.5659
[17:49:47] warmStart (decay=exponential) 8% (104/1159) regret=0.103544 ape=0.5659
[17:49:47] warmStart (decay=exponential) 9% (105/1159) regret=0.103576 ape=0.5659
[17:49:48] warmStart (decay=exponential) 9% (106/1159) regret=0.103549 ape=0.5659
[17:49:48] warmStart (decay=exponential) 9% (107/1159) regret=0.103549 ape=0.5659
[17:49:48] warmStart (decay=exponential) 9% (108/1159) regret=0.103549 ape=0.5659
[17:49:48] warmStart (decay=exponential) 9% (109/1159) regret=0.103549 ape=0.5659
[17:49:48] warmStart (decay=exponential) 9% (110/1159) regret=0.103549 ape=0.5659
[17:49:49] warmStart (decay=exponential) 9% (111/1159) regret=0.103549 ape=0.5659
[17:49:49] warmStart (decay=exponential) 9% (112/1159) regret=0.103549 ape=0.5659
[17:49:49] warmStart (decay=exponential) 9% (113/1159) regret=0.103549 ape=0.5659
[17:49:49] warmStart (decay=exponential) 9% (114/1159) regret=0.103549 ape=0.5659
[17:49:49] warmStart (decay=exponential) 9% (115/1159) regret=0.103549 ape=0.5659
[17:49:50] warmStart (decay=exponential) 10% (116/1159) regret=0.103549 ape=0.5659
[17:49:50] warmStart (decay=exponential) 10% (117/1159) regret=0.103549 ape=0.5659
[17:49:50] warmStart (decay=exponential) 10% (118/1159) regret=0.103549 ape=0.5659
[17:49:50] warmStart (decay=exponential) 10% (119/1159) regret=0.103549 ape=0.5659
[17:49:50] warmStart (decay=exponential) 10% (120/1159) regret=0.103572 ape=0.5659
[17:49:50] warmStart (decay=exponential) 10% (121/1159) regret=0.103572 ape=0.5659
[17:49:51] warmStart (decay=exponential) 10% (122/1159) regret=0.103549 ape=0.5659
[17:49:51] warmStart (decay=exponential) 10% (123/1159) regret=0.103549 ape=0.5659
[17:49:51] warmStart (decay=exponential) 10% (124/1159) regret=0.103549 ape=0.5659
[17:49:51] warmStart (decay=exponential) 10% (125/1159) regret=0.103549 ape=0.5659
[17:49:51] warmStart (decay=exponential) 10% (126/1159) regret=0.103530 ape=0.5650
[17:49:52] warmStart (decay=exponential) 10% (127/1159) regret=0.103530 ape=0.5650
[17:49:52] warmStart (decay=exponential) 11% (128/1159) regret=0.103544 ape=0.5659
[17:49:52] warmStart (decay=exponential) 11% (129/1159) regret=0.103544 ape=0.5659
[17:49:52] warmStart (decay=exponential) 11% (130/1159) regret=0.103544 ape=0.5659
[17:49:52] warmStart (decay=exponential) 11% (131/1159) regret=0.103530 ape=0.5650
[17:49:53] warmStart (decay=exponential) 11% (132/1159) regret=0.103530 ape=0.5650
[17:49:53] warmStart (decay=exponential) 11% (133/1159) regret=0.103530 ape=0.5650
[17:49:53] warmStart (decay=exponential) 11% (134/1159) regret=0.103530 ape=0.5650
[17:49:53] warmStart (decay=exponential) 11% (135/1159) regret=0.103530 ape=0.5650
[17:49:53] warmStart (decay=exponential) 11% (136/1159) regret=0.103530 ape=0.5650
[17:49:54] warmStart (decay=exponential) 11% (137/1159) regret=0.103530 ape=0.5650
[17:49:54] warmStart (decay=exponential) 11% (138/1159) regret=0.103530 ape=0.5650
[17:49:54] warmStart (decay=exponential) 11% (139/1159) regret=0.103530 ape=0.5650
[17:49:54] warmStart (decay=exponential) 12% (140/1159) regret=0.103530 ape=0.5650
[17:49:54] warmStart (decay=exponential) 12% (141/1159) regret=0.103530 ape=0.5650
[17:49:55] warmStart (decay=exponential) 12% (142/1159) regret=0.103530 ape=0.5650
[17:49:55] warmStart (decay=exponential) 12% (143/1159) regret=0.103530 ape=0.5650
[17:49:55] warmStart (decay=exponential) 12% (144/1159) regret=0.103530 ape=0.5650
[17:49:55] warmStart (decay=exponential) 12% (145/1159) regret=0.103530 ape=0.5650
[17:49:55] warmStart (decay=exponential) 12% (146/1159) regret=0.103530 ape=0.5650
[17:49:55] warmStart (decay=exponential) 12% (147/1159) regret=0.103530 ape=0.5650
[17:49:56] warmStart (decay=exponential) 12% (148/1159) regret=0.103530 ape=0.5650
[17:49:56] warmStart (decay=exponential) 12% (149/1159) regret=0.103530 ape=0.5650
[17:49:56] warmStart (decay=exponential) 12% (150/1159) regret=0.103530 ape=0.5650
[17:49:56] warmStart (decay=exponential) 13% (151/1159) regret=0.103530 ape=0.5650
[17:49:56] warmStart (decay=exponential) 13% (152/1159) regret=0.103530 ape=0.5650
[17:49:57] warmStart (decay=exponential) 13% (153/1159) regret=0.103530 ape=0.5650
[17:49:57] warmStart (decay=exponential) 13% (154/1159) regret=0.103530 ape=0.5650
[17:49:57] warmStart (decay=exponential) 13% (155/1159) regret=0.103530 ape=0.5650
[17:49:57] warmStart (decay=exponential) 13% (156/1159) regret=0.103530 ape=0.5650
[17:49:57] warmStart (decay=exponential) 13% (157/1159) regret=0.103530 ape=0.5650
[17:49:58] warmStart (decay=exponential) 13% (158/1159) regret=0.103530 ape=0.5650
[17:49:58] warmStart (decay=exponential) 13% (159/1159) regret=0.103530 ape=0.5650
[17:49:58] warmStart (decay=exponential) 13% (160/1159) regret=0.103530 ape=0.5650
[17:49:58] warmStart (decay=exponential) 13% (161/1159) regret=0.103530 ape=0.5650
[17:49:58] warmStart (decay=exponential) 13% (162/1159) regret=0.103530 ape=0.5650
[17:49:59] warmStart (decay=exponential) 14% (163/1159) regret=0.103530 ape=0.5650
[17:49:59] warmStart (decay=exponential) 14% (164/1159) regret=0.103530 ape=0.5650
[17:49:59] warmStart (decay=exponential) 14% (165/1159) regret=0.103530 ape=0.5650
[17:49:59] warmStart (decay=exponential) 14% (166/1159) regret=0.103530 ape=0.5650
[17:49:59] warmStart (decay=exponential) 14% (167/1159) regret=0.103530 ape=0.5650
[17:49:59] warmStart (decay=exponential) 14% (168/1159) regret=0.103530 ape=0.5650
[17:50:00] warmStart (decay=exponential) 14% (169/1159) regret=0.103530 ape=0.5650
[17:50:00] warmStart (decay=exponential) 14% (170/1159) regret=0.103530 ape=0.5650
[17:50:00] warmStart (decay=exponential) 14% (171/1159) regret=0.103530 ape=0.5650
[17:50:00] warmStart (decay=exponential) 14% (172/1159) regret=0.103530 ape=0.5650
[17:50:00] warmStart (decay=exponential) 14% (173/1159) regret=0.103530 ape=0.5650
[17:50:01] warmStart (decay=exponential) 15% (174/1159) regret=0.103530 ape=0.5650
[17:50:01] warmStart (decay=exponential) 15% (175/1159) regret=0.103530 ape=0.5650
[17:50:01] warmStart (decay=exponential) 15% (176/1159) regret=0.103530 ape=0.5650
[17:50:01] warmStart (decay=exponential) 15% (177/1159) regret=0.103530 ape=0.5650
[17:50:01] warmStart (decay=exponential) 15% (178/1159) regret=0.103530 ape=0.5650
[17:50:02] warmStart (decay=exponential) 15% (179/1159) regret=0.103530 ape=0.5650
[17:50:02] warmStart (decay=exponential) 15% (180/1159) regret=0.103530 ape=0.5650
[17:50:02] warmStart (decay=exponential) 15% (181/1159) regret=0.103530 ape=0.5650
[17:50:02] warmStart (decay=exponential) 15% (182/1159) regret=0.103530 ape=0.5650
[17:50:02] warmStart (decay=exponential) 15% (183/1159) regret=0.103530 ape=0.5650
[17:50:02] warmStart (decay=exponential) 15% (184/1159) regret=0.103530 ape=0.5650
[17:50:03] warmStart (decay=exponential) 15% (185/1159) regret=0.103530 ape=0.5650
[17:50:03] warmStart (decay=exponential) 16% (186/1159) regret=0.103530 ape=0.5650
[17:50:03] warmStart (decay=exponential) 16% (187/1159) regret=0.103530 ape=0.5650
[17:50:03] warmStart (decay=exponential) 16% (188/1159) regret=0.103530 ape=0.5650
[17:50:03] warmStart (decay=exponential) 16% (189/1159) regret=0.103530 ape=0.5650
[17:50:04] warmStart (decay=exponential) 16% (190/1159) regret=0.103530 ape=0.5650
[17:50:04] warmStart (decay=exponential) 16% (191/1159) regret=0.103530 ape=0.5650
[17:50:04] warmStart (decay=exponential) 16% (192/1159) regret=0.103530 ape=0.5650
[17:50:04] warmStart (decay=exponential) 16% (193/1159) regret=0.103530 ape=0.5650
[17:50:04] warmStart (decay=exponential) 16% (194/1159) regret=0.103530 ape=0.5650
[17:50:04] warmStart (decay=exponential) 16% (195/1159) regret=0.103530 ape=0.5650
[17:50:05] warmStart (decay=exponential) 16% (196/1159) regret=0.103530 ape=0.5650
[17:50:05] warmStart (decay=exponential) 16% (197/1159) regret=0.103530 ape=0.5650
[17:50:05] warmStart (decay=exponential) 17% (198/1159) regret=0.103530 ape=0.5650
[17:50:05] warmStart (decay=exponential) 17% (199/1159) regret=0.103530 ape=0.5650
[17:50:05] warmStart (decay=exponential) 17% (200/1159) regret=0.103530 ape=0.5650
[17:50:06] warmStart (decay=exponential) 17% (201/1159) regret=0.103530 ape=0.5650
[17:50:06] warmStart (decay=exponential) 17% (202/1159) regret=0.103530 ape=0.5650
[17:50:06] warmStart (decay=exponential) 17% (203/1159) regret=0.103530 ape=0.5650
[17:50:06] warmStart (decay=exponential) 17% (204/1159) regret=0.103530 ape=0.5650
[17:50:06] warmStart (decay=exponential) 17% (205/1159) regret=0.103530 ape=0.5650
[17:50:07] warmStart (decay=exponential) 17% (206/1159) regret=0.103530 ape=0.5650
[17:50:07] warmStart (decay=exponential) 17% (207/1159) regret=0.103530 ape=0.5650
[17:50:07] warmStart (decay=exponential) 17% (208/1159) regret=0.103530 ape=0.5650
[17:50:07] warmStart (decay=exponential) 18% (209/1159) regret=0.103530 ape=0.5650
[17:50:07] warmStart (decay=exponential) 18% (210/1159) regret=0.103530 ape=0.5650
[17:50:07] warmStart (decay=exponential) 18% (211/1159) regret=0.103530 ape=0.5650
[17:50:08] warmStart (decay=exponential) 18% (212/1159) regret=0.103530 ape=0.5650
[17:50:08] warmStart (decay=exponential) 18% (213/1159) regret=0.103530 ape=0.5650
[17:50:08] warmStart (decay=exponential) 18% (214/1159) regret=0.103530 ape=0.5650
[17:50:08] warmStart (decay=exponential) 18% (215/1159) regret=0.103530 ape=0.5650
[17:50:08] warmStart (decay=exponential) 18% (216/1159) regret=0.103530 ape=0.5650
[17:50:08] warmStart (decay=exponential) 18% (217/1159) regret=0.103530 ape=0.5650
[17:50:09] warmStart (decay=exponential) 18% (218/1159) regret=0.103530 ape=0.5650
[17:50:09] warmStart (decay=exponential) 18% (219/1159) regret=0.103530 ape=0.5650
[17:50:09] warmStart (decay=exponential) 18% (220/1159) regret=0.103530 ape=0.5650
[17:50:09] warmStart (decay=exponential) 19% (221/1159) regret=0.103530 ape=0.5650
[17:50:09] warmStart (decay=exponential) 19% (222/1159) regret=0.103530 ape=0.5650
[17:50:10] warmStart (decay=exponential) 19% (223/1159) regret=0.103530 ape=0.5650
[17:50:10] warmStart (decay=exponential) 19% (224/1159) regret=0.103530 ape=0.5650
[17:50:10] warmStart (decay=exponential) 19% (225/1159) regret=0.103530 ape=0.5650
[17:50:10] warmStart (decay=exponential) 19% (226/1159) regret=0.103530 ape=0.5650
[17:50:10] warmStart (decay=exponential) 19% (227/1159) regret=0.103530 ape=0.5650
[17:50:11] warmStart (decay=exponential) 19% (228/1159) regret=0.103530 ape=0.5650
[17:50:11] warmStart (decay=exponential) 19% (229/1159) regret=0.103530 ape=0.5650
[17:50:11] warmStart (decay=exponential) 19% (230/1159) regret=0.103530 ape=0.5650
[17:50:11] warmStart (decay=exponential) 19% (231/1159) regret=0.103530 ape=0.5650
[17:50:11] warmStart (decay=exponential) 20% (232/1159) regret=0.103530 ape=0.5650
[17:50:11] warmStart (decay=exponential) 20% (233/1159) regret=0.103530 ape=0.5650
[17:50:12] warmStart (decay=exponential) 20% (234/1159) regret=0.103530 ape=0.5650
[17:50:12] warmStart (decay=exponential) 20% (235/1159) regret=0.103530 ape=0.5650
[17:50:12] warmStart (decay=exponential) 20% (236/1159) regret=0.103530 ape=0.5650
[17:50:12] warmStart (decay=exponential) 20% (237/1159) regret=0.103530 ape=0.5650
[17:50:12] warmStart (decay=exponential) 20% (238/1159) regret=0.103530 ape=0.5650
[17:50:13] warmStart (decay=exponential) 20% (239/1159) regret=0.103530 ape=0.5650
[17:50:13] warmStart (decay=exponential) 20% (240/1159) regret=0.103530 ape=0.5650
[17:50:13] warmStart (decay=exponential) 20% (241/1159) regret=0.103530 ape=0.5650
[17:50:13] warmStart (decay=exponential) 20% (242/1159) regret=0.103530 ape=0.5650
[17:50:13] warmStart (decay=exponential) 20% (243/1159) regret=0.103530 ape=0.5650
[17:50:14] warmStart (decay=exponential) 21% (244/1159) regret=0.103530 ape=0.5650
[17:50:14] warmStart (decay=exponential) 21% (245/1159) regret=0.103530 ape=0.5650
[17:50:14] warmStart (decay=exponential) 21% (246/1159) regret=0.103530 ape=0.5650
[17:50:14] warmStart (decay=exponential) 21% (247/1159) regret=0.103530 ape=0.5650
[17:50:14] warmStart (decay=exponential) 21% (248/1159) regret=0.103530 ape=0.5650
[17:50:14] warmStart (decay=exponential) 21% (249/1159) regret=0.103530 ape=0.5650
[17:50:15] warmStart (decay=exponential) 21% (250/1159) regret=0.103530 ape=0.5650
[17:50:15] warmStart (decay=exponential) 21% (251/1159) regret=0.103530 ape=0.5650
[17:50:15] warmStart (decay=exponential) 21% (252/1159) regret=0.103530 ape=0.5650
[17:50:15] warmStart (decay=exponential) 21% (253/1159) regret=0.103530 ape=0.5650
[17:50:15] warmStart (decay=exponential) 21% (254/1159) regret=0.103530 ape=0.5650
[17:50:16] warmStart (decay=exponential) 22% (255/1159) regret=0.103530 ape=0.5650
[17:50:16] warmStart (decay=exponential) 22% (256/1159) regret=0.103530 ape=0.5650
[17:50:16] warmStart (decay=exponential) 22% (257/1159) regret=0.103530 ape=0.5650
[17:50:16] warmStart (decay=exponential) 22% (258/1159) regret=0.103530 ape=0.5650
[17:50:16] warmStart (decay=exponential) 22% (259/1159) regret=0.103530 ape=0.5650
[17:50:17] warmStart (decay=exponential) 22% (260/1159) regret=0.103530 ape=0.5650
[17:50:17] warmStart (decay=exponential) 22% (261/1159) regret=0.103530 ape=0.5650
[17:50:17] warmStart (decay=exponential) 22% (262/1159) regret=0.103530 ape=0.5650
[17:50:17] warmStart (decay=exponential) 22% (263/1159) regret=0.103530 ape=0.5650
[17:50:17] warmStart (decay=exponential) 22% (264/1159) regret=0.103530 ape=0.5650
[17:50:18] warmStart (decay=exponential) 22% (265/1159) regret=0.103530 ape=0.5650
[17:50:18] warmStart (decay=exponential) 22% (266/1159) regret=0.103530 ape=0.5650
[17:50:18] warmStart (decay=exponential) 23% (267/1159) regret=0.103530 ape=0.5650
[17:50:18] warmStart (decay=exponential) 23% (268/1159) regret=0.103530 ape=0.5650
[17:50:18] warmStart (decay=exponential) 23% (269/1159) regret=0.103530 ape=0.5650
[17:50:18] warmStart (decay=exponential) 23% (270/1159) regret=0.103530 ape=0.5650
[17:50:19] warmStart (decay=exponential) 23% (271/1159) regret=0.103530 ape=0.5650
[17:50:19] warmStart (decay=exponential) 23% (272/1159) regret=0.103530 ape=0.5650
[17:50:19] warmStart (decay=exponential) 23% (273/1159) regret=0.103530 ape=0.5650
[17:50:19] warmStart (decay=exponential) 23% (274/1159) regret=0.103530 ape=0.5650
[17:50:19] warmStart (decay=exponential) 23% (275/1159) regret=0.103530 ape=0.5650
[17:50:20] warmStart (decay=exponential) 23% (276/1159) regret=0.103530 ape=0.5650
[17:50:20] warmStart (decay=exponential) 23% (277/1159) regret=0.103530 ape=0.5650
[17:50:20] warmStart (decay=exponential) 23% (278/1159) regret=0.103530 ape=0.5650
[17:50:20] warmStart (decay=exponential) 24% (279/1159) regret=0.103530 ape=0.5650
[17:50:20] warmStart (decay=exponential) 24% (280/1159) regret=0.103530 ape=0.5650
[17:50:21] warmStart (decay=exponential) 24% (281/1159) regret=0.103530 ape=0.5650
[17:50:21] warmStart (decay=exponential) 24% (282/1159) regret=0.103530 ape=0.5650
[17:50:21] warmStart (decay=exponential) 24% (283/1159) regret=0.103530 ape=0.5650
[17:50:21] warmStart (decay=exponential) 24% (284/1159) regret=0.103530 ape=0.5650
[17:50:21] warmStart (decay=exponential) 24% (285/1159) regret=0.103530 ape=0.5650
[17:50:21] warmStart (decay=exponential) 24% (286/1159) regret=0.103530 ape=0.5650
[17:50:22] warmStart (decay=exponential) 24% (287/1159) regret=0.103530 ape=0.5650
[17:50:22] warmStart (decay=exponential) 24% (288/1159) regret=0.103530 ape=0.5650
[17:50:22] warmStart (decay=exponential) 24% (289/1159) regret=0.103530 ape=0.5650
[17:50:22] warmStart (decay=exponential) 25% (290/1159) regret=0.103530 ape=0.5650
[17:50:22] warmStart (decay=exponential) 25% (291/1159) regret=0.103530 ape=0.5650
[17:50:23] warmStart (decay=exponential) 25% (292/1159) regret=0.103530 ape=0.5650
[17:50:23] warmStart (decay=exponential) 25% (293/1159) regret=0.103530 ape=0.5650
[17:50:23] warmStart (decay=exponential) 25% (294/1159) regret=0.103530 ape=0.5650
[17:50:23] warmStart (decay=exponential) 25% (295/1159) regret=0.103530 ape=0.5650
[17:50:23] warmStart (decay=exponential) 25% (296/1159) regret=0.103530 ape=0.5650
[17:50:24] warmStart (decay=exponential) 25% (297/1159) regret=0.103530 ape=0.5650
[17:50:24] warmStart (decay=exponential) 25% (298/1159) regret=0.103530 ape=0.5650
[17:50:24] warmStart (decay=exponential) 25% (299/1159) regret=0.103530 ape=0.5650
[17:50:24] warmStart (decay=exponential) 25% (300/1159) regret=0.103530 ape=0.5650
[17:50:24] warmStart (decay=exponential) 25% (301/1159) regret=0.103530 ape=0.5650
[17:50:24] warmStart (decay=exponential) 26% (302/1159) regret=0.103530 ape=0.5650
[17:50:25] warmStart (decay=exponential) 26% (303/1159) regret=0.103530 ape=0.5650
[17:50:25] warmStart (decay=exponential) 26% (304/1159) regret=0.103530 ape=0.5650
[17:50:25] warmStart (decay=exponential) 26% (305/1159) regret=0.103530 ape=0.5650
[17:50:25] warmStart (decay=exponential) 26% (306/1159) regret=0.103530 ape=0.5650
[17:50:25] warmStart (decay=exponential) 26% (307/1159) regret=0.103530 ape=0.5650
[17:50:26] warmStart (decay=exponential) 26% (308/1159) regret=0.103530 ape=0.5650
[17:50:26] warmStart (decay=exponential) 26% (309/1159) regret=0.103530 ape=0.5650
[17:50:26] warmStart (decay=exponential) 26% (310/1159) regret=0.103530 ape=0.5650
[17:50:26] warmStart (decay=exponential) 26% (311/1159) regret=0.103530 ape=0.5650
[17:50:26] warmStart (decay=exponential) 26% (312/1159) regret=0.103530 ape=0.5650
[17:50:27] warmStart (decay=exponential) 27% (313/1159) regret=0.103530 ape=0.5650
[17:50:27] warmStart (decay=exponential) 27% (314/1159) regret=0.103530 ape=0.5650
[17:50:27] warmStart (decay=exponential) 27% (315/1159) regret=0.103530 ape=0.5650
[17:50:27] warmStart (decay=exponential) 27% (316/1159) regret=0.103530 ape=0.5650
[17:50:27] warmStart (decay=exponential) 27% (317/1159) regret=0.103530 ape=0.5650
[17:50:28] warmStart (decay=exponential) 27% (318/1159) regret=0.103530 ape=0.5650
[17:50:28] warmStart (decay=exponential) 27% (319/1159) regret=0.103530 ape=0.5650
[17:50:28] warmStart (decay=exponential) 27% (320/1159) regret=0.103530 ape=0.5650
[17:50:28] warmStart (decay=exponential) 27% (321/1159) regret=0.103530 ape=0.5650
[17:50:28] warmStart (decay=exponential) 27% (322/1159) regret=0.103530 ape=0.5650
[17:50:28] warmStart (decay=exponential) 27% (323/1159) regret=0.103530 ape=0.5650
[17:50:29] warmStart (decay=exponential) 27% (324/1159) regret=0.103530 ape=0.5650
[17:50:29] warmStart (decay=exponential) 28% (325/1159) regret=0.103530 ape=0.5650
[17:50:29] warmStart (decay=exponential) 28% (326/1159) regret=0.103530 ape=0.5650
[17:50:29] warmStart (decay=exponential) 28% (327/1159) regret=0.103530 ape=0.5650
[17:50:29] warmStart (decay=exponential) 28% (328/1159) regret=0.103530 ape=0.5650
[17:50:30] warmStart (decay=exponential) 28% (329/1159) regret=0.103530 ape=0.5650
[17:50:30] warmStart (decay=exponential) 28% (330/1159) regret=0.103530 ape=0.5650
[17:50:30] warmStart (decay=exponential) 28% (331/1159) regret=0.103530 ape=0.5650
[17:50:30] warmStart (decay=exponential) 28% (332/1159) regret=0.103530 ape=0.5650
[17:50:30] warmStart (decay=exponential) 28% (333/1159) regret=0.103530 ape=0.5650
[17:50:31] warmStart (decay=exponential) 28% (334/1159) regret=0.103530 ape=0.5650
[17:50:31] warmStart (decay=exponential) 28% (335/1159) regret=0.103530 ape=0.5650
[17:50:31] warmStart (decay=exponential) 28% (336/1159) regret=0.103530 ape=0.5650
[17:50:31] warmStart (decay=exponential) 29% (337/1159) regret=0.103530 ape=0.5650
[17:50:31] warmStart (decay=exponential) 29% (338/1159) regret=0.103530 ape=0.5650
[17:50:32] warmStart (decay=exponential) 29% (339/1159) regret=0.103530 ape=0.5650
[17:50:32] warmStart (decay=exponential) 29% (340/1159) regret=0.103530 ape=0.5650
[17:50:32] warmStart (decay=exponential) 29% (341/1159) regret=0.103530 ape=0.5650
[17:50:32] warmStart (decay=exponential) 29% (342/1159) regret=0.103530 ape=0.5650
[17:50:32] warmStart (decay=exponential) 29% (343/1159) regret=0.103530 ape=0.5650
[17:50:32] warmStart (decay=exponential) 29% (344/1159) regret=0.103530 ape=0.5650
[17:50:33] warmStart (decay=exponential) 29% (345/1159) regret=0.103530 ape=0.5650
[17:50:33] warmStart (decay=exponential) 29% (346/1159) regret=0.103530 ape=0.5650
[17:50:33] warmStart (decay=exponential) 29% (347/1159) regret=0.103530 ape=0.5650
[17:50:33] warmStart (decay=exponential) 30% (348/1159) regret=0.103530 ape=0.5650
[17:50:33] warmStart (decay=exponential) 30% (349/1159) regret=0.103530 ape=0.5650
[17:50:34] warmStart (decay=exponential) 30% (350/1159) regret=0.103530 ape=0.5650
[17:50:34] warmStart (decay=exponential) 30% (351/1159) regret=0.103530 ape=0.5650
[17:50:34] warmStart (decay=exponential) 30% (352/1159) regret=0.103530 ape=0.5650
[17:50:34] warmStart (decay=exponential) 30% (353/1159) regret=0.103530 ape=0.5650
[17:50:34] warmStart (decay=exponential) 30% (354/1159) regret=0.103530 ape=0.5650
[17:50:35] warmStart (decay=exponential) 30% (355/1159) regret=0.103530 ape=0.5650
[17:50:35] warmStart (decay=exponential) 30% (356/1159) regret=0.103530 ape=0.5650
[17:50:35] warmStart (decay=exponential) 30% (357/1159) regret=0.103530 ape=0.5650
[17:50:35] warmStart (decay=exponential) 30% (358/1159) regret=0.103530 ape=0.5650
[17:50:35] warmStart (decay=exponential) 30% (359/1159) regret=0.103530 ape=0.5650
[17:50:36] warmStart (decay=exponential) 31% (360/1159) regret=0.103530 ape=0.5650
[17:50:36] warmStart (decay=exponential) 31% (361/1159) regret=0.103530 ape=0.5650
[17:50:36] warmStart (decay=exponential) 31% (362/1159) regret=0.103530 ape=0.5650
[17:50:36] warmStart (decay=exponential) 31% (363/1159) regret=0.103530 ape=0.5650
[17:50:36] warmStart (decay=exponential) 31% (364/1159) regret=0.103530 ape=0.5650
[17:50:36] warmStart (decay=exponential) 31% (365/1159) regret=0.103530 ape=0.5650
[17:50:37] warmStart (decay=exponential) 31% (366/1159) regret=0.103530 ape=0.5650
[17:50:37] warmStart (decay=exponential) 31% (367/1159) regret=0.103530 ape=0.5650
[17:50:37] warmStart (decay=exponential) 31% (368/1159) regret=0.103530 ape=0.5650
[17:50:37] warmStart (decay=exponential) 31% (369/1159) regret=0.103530 ape=0.5650
[17:50:37] warmStart (decay=exponential) 31% (370/1159) regret=0.103530 ape=0.5650
[17:50:38] warmStart (decay=exponential) 32% (371/1159) regret=0.103530 ape=0.5650
[17:50:38] warmStart (decay=exponential) 32% (372/1159) regret=0.103530 ape=0.5650
[17:50:38] warmStart (decay=exponential) 32% (373/1159) regret=0.103530 ape=0.5650
[17:50:38] warmStart (decay=exponential) 32% (374/1159) regret=0.103530 ape=0.5650
[17:50:38] warmStart (decay=exponential) 32% (375/1159) regret=0.103530 ape=0.5650
[17:50:39] warmStart (decay=exponential) 32% (376/1159) regret=0.103530 ape=0.5650
[17:50:39] warmStart (decay=exponential) 32% (377/1159) regret=0.103530 ape=0.5650
[17:50:39] warmStart (decay=exponential) 32% (378/1159) regret=0.103530 ape=0.5650
[17:50:39] warmStart (decay=exponential) 32% (379/1159) regret=0.103530 ape=0.5650
[17:50:39] warmStart (decay=exponential) 32% (380/1159) regret=0.103530 ape=0.5650
[17:50:40] warmStart (decay=exponential) 32% (381/1159) regret=0.103530 ape=0.5650
[17:50:40] warmStart (decay=exponential) 32% (382/1159) regret=0.103530 ape=0.5650
[17:50:40] warmStart (decay=exponential) 33% (383/1159) regret=0.103530 ape=0.5650
[17:50:40] warmStart (decay=exponential) 33% (384/1159) regret=0.103530 ape=0.5650
[17:50:40] warmStart (decay=exponential) 33% (385/1159) regret=0.103530 ape=0.5650
[17:50:41] warmStart (decay=exponential) 33% (386/1159) regret=0.103530 ape=0.5650
[17:50:41] warmStart (decay=exponential) 33% (387/1159) regret=0.103530 ape=0.5650
[17:50:41] warmStart (decay=exponential) 33% (388/1159) regret=0.103530 ape=0.5650
[17:50:41] warmStart (decay=exponential) 33% (389/1159) regret=0.103530 ape=0.5650
[17:50:41] warmStart (decay=exponential) 33% (390/1159) regret=0.103530 ape=0.5650
[17:50:42] warmStart (decay=exponential) 33% (391/1159) regret=0.103530 ape=0.5650
[17:50:42] warmStart (decay=exponential) 33% (392/1159) regret=0.103530 ape=0.5650
[17:50:42] warmStart (decay=exponential) 33% (393/1159) regret=0.103530 ape=0.5650
[17:50:42] warmStart (decay=exponential) 33% (394/1159) regret=0.103530 ape=0.5650
[17:50:42] warmStart (decay=exponential) 34% (395/1159) regret=0.103530 ape=0.5650
[17:50:43] warmStart (decay=exponential) 34% (396/1159) regret=0.103530 ape=0.5650
[17:50:43] warmStart (decay=exponential) 34% (397/1159) regret=0.103530 ape=0.5650
[17:50:43] warmStart (decay=exponential) 34% (398/1159) regret=0.103530 ape=0.5650
[17:50:43] warmStart (decay=exponential) 34% (399/1159) regret=0.103530 ape=0.5650
[17:50:43] warmStart (decay=exponential) 34% (400/1159) regret=0.103530 ape=0.5650
[17:50:44] warmStart (decay=exponential) 34% (401/1159) regret=0.103530 ape=0.5650
[17:50:44] warmStart (decay=exponential) 34% (402/1159) regret=0.103530 ape=0.5650
[17:50:44] warmStart (decay=exponential) 34% (403/1159) regret=0.103530 ape=0.5650
[17:50:44] warmStart (decay=exponential) 34% (404/1159) regret=0.103530 ape=0.5650
[17:50:44] warmStart (decay=exponential) 34% (405/1159) regret=0.103530 ape=0.5650
[17:50:45] warmStart (decay=exponential) 35% (406/1159) regret=0.103530 ape=0.5650
[17:50:45] warmStart (decay=exponential) 35% (407/1159) regret=0.103530 ape=0.5650
[17:50:45] warmStart (decay=exponential) 35% (408/1159) regret=0.103530 ape=0.5650
[17:50:45] warmStart (decay=exponential) 35% (409/1159) regret=0.103530 ape=0.5650
[17:50:45] warmStart (decay=exponential) 35% (410/1159) regret=0.103530 ape=0.5650
[17:50:45] warmStart (decay=exponential) 35% (411/1159) regret=0.103530 ape=0.5650
[17:50:46] warmStart (decay=exponential) 35% (412/1159) regret=0.103530 ape=0.5650
[17:50:46] warmStart (decay=exponential) 35% (413/1159) regret=0.103530 ape=0.5650
[17:50:46] warmStart (decay=exponential) 35% (414/1159) regret=0.103530 ape=0.5650
[17:50:46] warmStart (decay=exponential) 35% (415/1159) regret=0.103530 ape=0.5650
[17:50:46] warmStart (decay=exponential) 35% (416/1159) regret=0.103530 ape=0.5650
[17:50:47] warmStart (decay=exponential) 35% (417/1159) regret=0.103530 ape=0.5650
[17:50:47] warmStart (decay=exponential) 36% (418/1159) regret=0.103530 ape=0.5650
[17:50:47] warmStart (decay=exponential) 36% (419/1159) regret=0.103530 ape=0.5650
[17:50:47] warmStart (decay=exponential) 36% (420/1159) regret=0.103530 ape=0.5650
[17:50:47] warmStart (decay=exponential) 36% (421/1159) regret=0.103530 ape=0.5650
[17:50:48] warmStart (decay=exponential) 36% (422/1159) regret=0.103530 ape=0.5650
[17:50:48] warmStart (decay=exponential) 36% (423/1159) regret=0.103530 ape=0.5650
[17:50:48] warmStart (decay=exponential) 36% (424/1159) regret=0.103530 ape=0.5650
[17:50:48] warmStart (decay=exponential) 36% (425/1159) regret=0.103530 ape=0.5650
[17:50:48] warmStart (decay=exponential) 36% (426/1159) regret=0.103530 ape=0.5650
[17:50:49] warmStart (decay=exponential) 36% (427/1159) regret=0.103530 ape=0.5650
[17:50:49] warmStart (decay=exponential) 36% (428/1159) regret=0.103530 ape=0.5650
[17:50:49] warmStart (decay=exponential) 37% (429/1159) regret=0.103530 ape=0.5650
[17:50:49] warmStart (decay=exponential) 37% (430/1159) regret=0.103530 ape=0.5650
[17:50:49] warmStart (decay=exponential) 37% (431/1159) regret=0.103530 ape=0.5650
[17:50:50] warmStart (decay=exponential) 37% (432/1159) regret=0.103530 ape=0.5650
[17:50:50] warmStart (decay=exponential) 37% (433/1159) regret=0.103530 ape=0.5650
[17:50:50] warmStart (decay=exponential) 37% (434/1159) regret=0.103530 ape=0.5650
[17:50:50] warmStart (decay=exponential) 37% (435/1159) regret=0.103530 ape=0.5650
[17:50:50] warmStart (decay=exponential) 37% (436/1159) regret=0.103530 ape=0.5650
[17:50:51] warmStart (decay=exponential) 37% (437/1159) regret=0.103530 ape=0.5650
[17:50:51] warmStart (decay=exponential) 37% (438/1159) regret=0.103530 ape=0.5650
[17:50:51] warmStart (decay=exponential) 37% (439/1159) regret=0.103530 ape=0.5650
[17:50:51] warmStart (decay=exponential) 37% (440/1159) regret=0.103530 ape=0.5650
[17:50:51] warmStart (decay=exponential) 38% (441/1159) regret=0.103530 ape=0.5650
[17:50:52] warmStart (decay=exponential) 38% (442/1159) regret=0.103530 ape=0.5650
[17:50:52] warmStart (decay=exponential) 38% (443/1159) regret=0.103530 ape=0.5650
[17:50:52] warmStart (decay=exponential) 38% (444/1159) regret=0.103530 ape=0.5650
[17:50:52] warmStart (decay=exponential) 38% (445/1159) regret=0.103530 ape=0.5650
[17:50:52] warmStart (decay=exponential) 38% (446/1159) regret=0.103530 ape=0.5650
[17:50:53] warmStart (decay=exponential) 38% (447/1159) regret=0.103530 ape=0.5650
[17:50:53] warmStart (decay=exponential) 38% (448/1159) regret=0.103530 ape=0.5650
[17:50:53] warmStart (decay=exponential) 38% (449/1159) regret=0.103530 ape=0.5650
[17:50:53] warmStart (decay=exponential) 38% (450/1159) regret=0.103530 ape=0.5650
[17:50:53] warmStart (decay=exponential) 38% (451/1159) regret=0.103530 ape=0.5650
[17:50:53] warmStart (decay=exponential) 38% (452/1159) regret=0.103530 ape=0.5650
[17:50:54] warmStart (decay=exponential) 39% (453/1159) regret=0.103530 ape=0.5650
[17:50:54] warmStart (decay=exponential) 39% (454/1159) regret=0.103530 ape=0.5650
[17:50:54] warmStart (decay=exponential) 39% (455/1159) regret=0.103530 ape=0.5650
[17:50:54] warmStart (decay=exponential) 39% (456/1159) regret=0.103530 ape=0.5650
[17:50:54] warmStart (decay=exponential) 39% (457/1159) regret=0.103530 ape=0.5650
[17:50:54] warmStart (decay=exponential) 39% (458/1159) regret=0.103530 ape=0.5650
[17:50:55] warmStart (decay=exponential) 39% (459/1159) regret=0.103530 ape=0.5650
[17:50:55] warmStart (decay=exponential) 39% (460/1159) regret=0.103530 ape=0.5650
[17:50:55] warmStart (decay=exponential) 39% (461/1159) regret=0.103530 ape=0.5650
[17:50:55] warmStart (decay=exponential) 39% (462/1159) regret=0.103530 ape=0.5650
[17:50:55] warmStart (decay=exponential) 39% (463/1159) regret=0.103530 ape=0.5650
[17:50:55] warmStart (decay=exponential) 40% (464/1159) regret=0.103530 ape=0.5650
[17:50:56] warmStart (decay=exponential) 40% (465/1159) regret=0.103530 ape=0.5650
[17:50:56] warmStart (decay=exponential) 40% (466/1159) regret=0.103530 ape=0.5650
[17:50:56] warmStart (decay=exponential) 40% (467/1159) regret=0.103530 ape=0.5650
[17:50:56] warmStart (decay=exponential) 40% (468/1159) regret=0.103530 ape=0.5650
[17:50:56] warmStart (decay=exponential) 40% (469/1159) regret=0.103530 ape=0.5650
[17:50:56] warmStart (decay=exponential) 40% (470/1159) regret=0.103530 ape=0.5650
[17:50:57] warmStart (decay=exponential) 40% (471/1159) regret=0.103530 ape=0.5650
[17:50:57] warmStart (decay=exponential) 40% (472/1159) regret=0.103530 ape=0.5650
[17:50:57] warmStart (decay=exponential) 40% (473/1159) regret=0.103530 ape=0.5650
[17:50:57] warmStart (decay=exponential) 40% (474/1159) regret=0.103530 ape=0.5650
[17:50:57] warmStart (decay=exponential) 40% (475/1159) regret=0.103530 ape=0.5650
[17:50:57] warmStart (decay=exponential) 41% (476/1159) regret=0.103530 ape=0.5650
[17:50:58] warmStart (decay=exponential) 41% (477/1159) regret=0.103530 ape=0.5650
[17:50:58] warmStart (decay=exponential) 41% (478/1159) regret=0.103530 ape=0.5650
[17:50:58] warmStart (decay=exponential) 41% (479/1159) regret=0.103530 ape=0.5650
[17:50:58] warmStart (decay=exponential) 41% (480/1159) regret=0.103530 ape=0.5650
[17:50:58] warmStart (decay=exponential) 41% (481/1159) regret=0.103530 ape=0.5650
[17:50:59] warmStart (decay=exponential) 41% (482/1159) regret=0.103530 ape=0.5650
[17:50:59] warmStart (decay=exponential) 41% (483/1159) regret=0.103530 ape=0.5650
[17:50:59] warmStart (decay=exponential) 41% (484/1159) regret=0.103530 ape=0.5650
[17:50:59] warmStart (decay=exponential) 41% (485/1159) regret=0.103530 ape=0.5650
[17:50:59] warmStart (decay=exponential) 41% (486/1159) regret=0.103530 ape=0.5650
[17:50:59] warmStart (decay=exponential) 42% (487/1159) regret=0.103530 ape=0.5650
[17:51:00] warmStart (decay=exponential) 42% (488/1159) regret=0.103530 ape=0.5650
[17:51:00] warmStart (decay=exponential) 42% (489/1159) regret=0.103530 ape=0.5650
[17:51:00] warmStart (decay=exponential) 42% (490/1159) regret=0.103530 ape=0.5650
[17:51:00] warmStart (decay=exponential) 42% (491/1159) regret=0.103530 ape=0.5650
[17:51:00] warmStart (decay=exponential) 42% (492/1159) regret=0.103530 ape=0.5650
[17:51:00] warmStart (decay=exponential) 42% (493/1159) regret=0.103530 ape=0.5650
[17:51:01] warmStart (decay=exponential) 42% (494/1159) regret=0.103530 ape=0.5650
[17:51:01] warmStart (decay=exponential) 42% (495/1159) regret=0.103530 ape=0.5650
[17:51:01] warmStart (decay=exponential) 42% (496/1159) regret=0.103530 ape=0.5650
[17:51:01] warmStart (decay=exponential) 42% (497/1159) regret=0.103530 ape=0.5650
[17:51:01] warmStart (decay=exponential) 42% (498/1159) regret=0.103530 ape=0.5650
[17:51:01] warmStart (decay=exponential) 43% (499/1159) regret=0.103530 ape=0.5650
[17:51:02] warmStart (decay=exponential) 43% (500/1159) regret=0.103530 ape=0.5650
[17:51:02] warmStart (decay=exponential) 43% (501/1159) regret=0.103530 ape=0.5650
[17:51:02] warmStart (decay=exponential) 43% (502/1159) regret=0.103530 ape=0.5650
[17:51:02] warmStart (decay=exponential) 43% (503/1159) regret=0.103530 ape=0.5650
[17:51:02] warmStart (decay=exponential) 43% (504/1159) regret=0.103530 ape=0.5650
[17:51:02] warmStart (decay=exponential) 43% (505/1159) regret=0.103530 ape=0.5650
[17:51:03] warmStart (decay=exponential) 43% (506/1159) regret=0.103530 ape=0.5650
[17:51:03] warmStart (decay=exponential) 43% (507/1159) regret=0.103530 ape=0.5650
[17:51:03] warmStart (decay=exponential) 43% (508/1159) regret=0.103530 ape=0.5650
[17:51:03] warmStart (decay=exponential) 43% (509/1159) regret=0.103530 ape=0.5650
[17:51:03] warmStart (decay=exponential) 44% (510/1159) regret=0.103530 ape=0.5650
[17:51:03] warmStart (decay=exponential) 44% (511/1159) regret=0.103530 ape=0.5650
[17:51:04] warmStart (decay=exponential) 44% (512/1159) regret=0.103530 ape=0.5650
[17:51:04] warmStart (decay=exponential) 44% (513/1159) regret=0.103530 ape=0.5650
[17:51:04] warmStart (decay=exponential) 44% (514/1159) regret=0.103530 ape=0.5650
[17:51:04] warmStart (decay=exponential) 44% (515/1159) regret=0.103530 ape=0.5650
[17:51:04] warmStart (decay=exponential) 44% (516/1159) regret=0.103530 ape=0.5650
[17:51:04] warmStart (decay=exponential) 44% (517/1159) regret=0.103530 ape=0.5650
[17:51:05] warmStart (decay=exponential) 44% (518/1159) regret=0.103530 ape=0.5650
[17:51:05] warmStart (decay=exponential) 44% (519/1159) regret=0.103530 ape=0.5650
[17:51:05] warmStart (decay=exponential) 44% (520/1159) regret=0.103530 ape=0.5650
[17:51:05] warmStart (decay=exponential) 44% (521/1159) regret=0.103530 ape=0.5650
[17:51:05] warmStart (decay=exponential) 45% (522/1159) regret=0.103530 ape=0.5650
[17:51:05] warmStart (decay=exponential) 45% (523/1159) regret=0.103530 ape=0.5650
[17:51:06] warmStart (decay=exponential) 45% (524/1159) regret=0.103530 ape=0.5650
[17:51:06] warmStart (decay=exponential) 45% (525/1159) regret=0.103530 ape=0.5650
[17:51:06] warmStart (decay=exponential) 45% (526/1159) regret=0.103530 ape=0.5650
[17:51:06] warmStart (decay=exponential) 45% (527/1159) regret=0.103530 ape=0.5650
[17:51:06] warmStart (decay=exponential) 45% (528/1159) regret=0.103530 ape=0.5650
[17:51:07] warmStart (decay=exponential) 45% (529/1159) regret=0.103530 ape=0.5650
[17:51:07] warmStart (decay=exponential) 45% (530/1159) regret=0.103530 ape=0.5650
[17:51:07] warmStart (decay=exponential) 45% (531/1159) regret=0.103530 ape=0.5650
[17:51:07] warmStart (decay=exponential) 45% (532/1159) regret=0.103530 ape=0.5650
[17:51:07] warmStart (decay=exponential) 45% (533/1159) regret=0.103530 ape=0.5650
[17:51:07] warmStart (decay=exponential) 46% (534/1159) regret=0.103530 ape=0.5650
[17:51:08] warmStart (decay=exponential) 46% (535/1159) regret=0.103530 ape=0.5650
[17:51:08] warmStart (decay=exponential) 46% (536/1159) regret=0.103530 ape=0.5650
[17:51:08] warmStart (decay=exponential) 46% (537/1159) regret=0.103530 ape=0.5650
[17:51:08] warmStart (decay=exponential) 46% (538/1159) regret=0.103530 ape=0.5650
[17:51:08] warmStart (decay=exponential) 46% (539/1159) regret=0.103530 ape=0.5650
[17:51:08] warmStart (decay=exponential) 46% (540/1159) regret=0.103530 ape=0.5650
[17:51:09] warmStart (decay=exponential) 46% (541/1159) regret=0.103530 ape=0.5650
[17:51:09] warmStart (decay=exponential) 46% (542/1159) regret=0.103530 ape=0.5650
[17:51:09] warmStart (decay=exponential) 46% (543/1159) regret=0.103530 ape=0.5650
[17:51:09] warmStart (decay=exponential) 46% (544/1159) regret=0.103530 ape=0.5650
[17:51:09] warmStart (decay=exponential) 47% (545/1159) regret=0.103530 ape=0.5650
[17:51:09] warmStart (decay=exponential) 47% (546/1159) regret=0.103530 ape=0.5650
[17:51:10] warmStart (decay=exponential) 47% (547/1159) regret=0.103530 ape=0.5650
[17:51:10] warmStart (decay=exponential) 47% (548/1159) regret=0.103530 ape=0.5650
[17:51:10] warmStart (decay=exponential) 47% (549/1159) regret=0.103530 ape=0.5650
[17:51:10] warmStart (decay=exponential) 47% (550/1159) regret=0.103530 ape=0.5650
[17:51:10] warmStart (decay=exponential) 47% (551/1159) regret=0.103530 ape=0.5650
[17:51:11] warmStart (decay=exponential) 47% (552/1159) regret=0.103530 ape=0.5650
[17:51:11] warmStart (decay=exponential) 47% (553/1159) regret=0.103530 ape=0.5650
[17:51:11] warmStart (decay=exponential) 47% (554/1159) regret=0.103530 ape=0.5650
[17:51:11] warmStart (decay=exponential) 47% (555/1159) regret=0.103530 ape=0.5650
[17:51:11] warmStart (decay=exponential) 47% (556/1159) regret=0.103530 ape=0.5650
[17:51:11] warmStart (decay=exponential) 48% (557/1159) regret=0.103530 ape=0.5650
[17:51:12] warmStart (decay=exponential) 48% (558/1159) regret=0.103530 ape=0.5650
[17:51:12] warmStart (decay=exponential) 48% (559/1159) regret=0.103530 ape=0.5650
[17:51:12] warmStart (decay=exponential) 48% (560/1159) regret=0.103530 ape=0.5650
[17:51:12] warmStart (decay=exponential) 48% (561/1159) regret=0.103530 ape=0.5650
[17:51:12] warmStart (decay=exponential) 48% (562/1159) regret=0.103530 ape=0.5650
[17:51:12] warmStart (decay=exponential) 48% (563/1159) regret=0.103530 ape=0.5650
[17:51:13] warmStart (decay=exponential) 48% (564/1159) regret=0.103530 ape=0.5650
[17:51:13] warmStart (decay=exponential) 48% (565/1159) regret=0.103530 ape=0.5650
[17:51:13] warmStart (decay=exponential) 48% (566/1159) regret=0.103530 ape=0.5650
[17:51:13] warmStart (decay=exponential) 48% (567/1159) regret=0.103530 ape=0.5650
[17:51:13] warmStart (decay=exponential) 49% (568/1159) regret=0.103530 ape=0.5650
[17:51:13] warmStart (decay=exponential) 49% (569/1159) regret=0.103530 ape=0.5650
[17:51:14] warmStart (decay=exponential) 49% (570/1159) regret=0.103530 ape=0.5650
[17:51:14] warmStart (decay=exponential) 49% (571/1159) regret=0.103530 ape=0.5650
[17:51:14] warmStart (decay=exponential) 49% (572/1159) regret=0.103530 ape=0.5650
[17:51:14] warmStart (decay=exponential) 49% (573/1159) regret=0.103530 ape=0.5650
[17:51:14] warmStart (decay=exponential) 49% (574/1159) regret=0.103530 ape=0.5650
[17:51:14] warmStart (decay=exponential) 49% (575/1159) regret=0.103530 ape=0.5650
[17:51:15] warmStart (decay=exponential) 49% (576/1159) regret=0.103530 ape=0.5650
[17:51:15] warmStart (decay=exponential) 49% (577/1159) regret=0.103530 ape=0.5650
[17:51:15] warmStart (decay=exponential) 49% (578/1159) regret=0.103530 ape=0.5650
[17:51:15] warmStart (decay=exponential) 49% (579/1159) regret=0.103530 ape=0.5650
[17:51:15] warmStart (decay=exponential) 50% (580/1159) regret=0.103530 ape=0.5650
[17:51:16] warmStart (decay=exponential) 50% (581/1159) regret=0.103530 ape=0.5650
[17:51:16] warmStart (decay=exponential) 50% (582/1159) regret=0.103530 ape=0.5650
[17:51:16] warmStart (decay=exponential) 50% (583/1159) regret=0.103530 ape=0.5650
[17:51:16] warmStart (decay=exponential) 50% (584/1159) regret=0.103530 ape=0.5650
[17:51:16] warmStart (decay=exponential) 50% (585/1159) regret=0.103530 ape=0.5650
[17:51:16] warmStart (decay=exponential) 50% (586/1159) regret=0.103530 ape=0.5650
[17:51:17] warmStart (decay=exponential) 50% (587/1159) regret=0.103530 ape=0.5650
[17:51:17] warmStart (decay=exponential) 50% (588/1159) regret=0.103530 ape=0.5650
[17:51:17] warmStart (decay=exponential) 50% (589/1159) regret=0.103530 ape=0.5650
[17:51:17] warmStart (decay=exponential) 50% (590/1159) regret=0.103530 ape=0.5650
[17:51:17] warmStart (decay=exponential) 50% (591/1159) regret=0.103530 ape=0.5650
[17:51:17] warmStart (decay=exponential) 51% (592/1159) regret=0.103530 ape=0.5650
[17:51:18] warmStart (decay=exponential) 51% (593/1159) regret=0.103530 ape=0.5650
[17:51:18] warmStart (decay=exponential) 51% (594/1159) regret=0.103530 ape=0.5650
[17:51:18] warmStart (decay=exponential) 51% (595/1159) regret=0.103530 ape=0.5650
[17:51:18] warmStart (decay=exponential) 51% (596/1159) regret=0.103530 ape=0.5650
[17:51:18] warmStart (decay=exponential) 51% (597/1159) regret=0.103530 ape=0.5650
[17:51:19] warmStart (decay=exponential) 51% (598/1159) regret=0.103530 ape=0.5650
[17:51:19] warmStart (decay=exponential) 51% (599/1159) regret=0.103530 ape=0.5650
[17:51:19] warmStart (decay=exponential) 51% (600/1159) regret=0.103530 ape=0.5650
[17:51:19] warmStart (decay=exponential) 51% (601/1159) regret=0.103530 ape=0.5650
[17:51:19] warmStart (decay=exponential) 51% (602/1159) regret=0.103530 ape=0.5650
[17:51:19] warmStart (decay=exponential) 52% (603/1159) regret=0.103530 ape=0.5650
[17:51:20] warmStart (decay=exponential) 52% (604/1159) regret=0.103530 ape=0.5650
[17:51:20] warmStart (decay=exponential) 52% (605/1159) regret=0.103530 ape=0.5650
[17:51:20] warmStart (decay=exponential) 52% (606/1159) regret=0.103530 ape=0.5650
[17:51:20] warmStart (decay=exponential) 52% (607/1159) regret=0.103530 ape=0.5650
[17:51:20] warmStart (decay=exponential) 52% (608/1159) regret=0.103530 ape=0.5650
[17:51:20] warmStart (decay=exponential) 52% (609/1159) regret=0.103530 ape=0.5650
[17:51:21] warmStart (decay=exponential) 52% (610/1159) regret=0.103530 ape=0.5650
[17:51:21] warmStart (decay=exponential) 52% (611/1159) regret=0.103530 ape=0.5650
[17:51:21] warmStart (decay=exponential) 52% (612/1159) regret=0.103530 ape=0.5650
[17:51:21] warmStart (decay=exponential) 52% (613/1159) regret=0.103530 ape=0.5650
[17:51:21] warmStart (decay=exponential) 52% (614/1159) regret=0.103530 ape=0.5650
[17:51:22] warmStart (decay=exponential) 53% (615/1159) regret=0.103530 ape=0.5650
[17:51:22] warmStart (decay=exponential) 53% (616/1159) regret=0.103733 ape=0.5659
[17:51:22] warmStart (decay=exponential) 53% (617/1159) regret=0.103562 ape=0.5659
[17:51:22] warmStart (decay=exponential) 53% (618/1159) regret=0.103562 ape=0.5659
[17:51:22] warmStart (decay=exponential) 53% (619/1159) regret=0.103562 ape=0.5659
[17:51:22] warmStart (decay=exponential) 53% (620/1159) regret=0.103562 ape=0.5659
[17:51:23] warmStart (decay=exponential) 53% (621/1159) regret=0.103562 ape=0.5659
[17:51:23] warmStart (decay=exponential) 53% (622/1159) regret=0.103530 ape=0.5650
[17:51:23] warmStart (decay=exponential) 53% (623/1159) regret=0.103562 ape=0.5659
[17:51:23] warmStart (decay=exponential) 53% (624/1159) regret=0.103562 ape=0.5659
[17:51:23] warmStart (decay=exponential) 53% (625/1159) regret=0.103562 ape=0.5659
[17:51:24] warmStart (decay=exponential) 54% (626/1159) regret=0.103562 ape=0.5659
[17:51:24] warmStart (decay=exponential) 54% (627/1159) regret=0.103562 ape=0.5659
[17:51:24] warmStart (decay=exponential) 54% (628/1159) regret=0.103562 ape=0.5659
[17:51:24] warmStart (decay=exponential) 54% (629/1159) regret=0.103562 ape=0.5659
[17:51:24] warmStart (decay=exponential) 54% (630/1159) regret=0.103562 ape=0.5659
[17:51:25] warmStart (decay=exponential) 54% (631/1159) regret=0.103562 ape=0.5659
[17:51:25] warmStart (decay=exponential) 54% (632/1159) regret=0.103562 ape=0.5659
[17:51:25] warmStart (decay=exponential) 54% (633/1159) regret=0.103562 ape=0.5659
[17:51:25] warmStart (decay=exponential) 54% (634/1159) regret=0.103562 ape=0.5659
[17:51:25] warmStart (decay=exponential) 54% (635/1159) regret=0.103562 ape=0.5659
[17:51:25] warmStart (decay=exponential) 54% (636/1159) regret=0.103562 ape=0.5659
[17:51:26] warmStart (decay=exponential) 54% (637/1159) regret=0.103562 ape=0.5659
[17:51:26] warmStart (decay=exponential) 55% (638/1159) regret=0.103562 ape=0.5659
[17:51:26] warmStart (decay=exponential) 55% (639/1159) regret=0.103562 ape=0.5659
[17:51:26] warmStart (decay=exponential) 55% (640/1159) regret=0.103562 ape=0.5659
[17:51:26] warmStart (decay=exponential) 55% (641/1159) regret=0.103562 ape=0.5659
[17:51:27] warmStart (decay=exponential) 55% (642/1159) regret=0.103562 ape=0.5659
[17:51:27] warmStart (decay=exponential) 55% (643/1159) regret=0.103562 ape=0.5659
[17:51:27] warmStart (decay=exponential) 55% (644/1159) regret=0.103562 ape=0.5659
[17:51:27] warmStart (decay=exponential) 55% (645/1159) regret=0.103562 ape=0.5659
[17:51:27] warmStart (decay=exponential) 55% (646/1159) regret=0.103562 ape=0.5659
[17:51:27] warmStart (decay=exponential) 55% (647/1159) regret=0.103562 ape=0.5659
[17:51:28] warmStart (decay=exponential) 55% (648/1159) regret=0.103530 ape=0.5650
[17:51:28] warmStart (decay=exponential) 55% (649/1159) regret=0.103530 ape=0.5650
[17:51:28] warmStart (decay=exponential) 56% (650/1159) regret=0.103530 ape=0.5650
[17:51:28] warmStart (decay=exponential) 56% (651/1159) regret=0.103530 ape=0.5650
[17:51:28] warmStart (decay=exponential) 56% (652/1159) regret=0.103530 ape=0.5650
[17:51:29] warmStart (decay=exponential) 56% (653/1159) regret=0.103530 ape=0.5650
[17:51:29] warmStart (decay=exponential) 56% (654/1159) regret=0.103530 ape=0.5650
[17:51:29] warmStart (decay=exponential) 56% (655/1159) regret=0.103530 ape=0.5650
[17:51:29] warmStart (decay=exponential) 56% (656/1159) regret=0.103530 ape=0.5650
[17:51:29] warmStart (decay=exponential) 56% (657/1159) regret=0.103530 ape=0.5650
[17:51:29] warmStart (decay=exponential) 56% (658/1159) regret=0.103530 ape=0.5650
[17:51:30] warmStart (decay=exponential) 56% (659/1159) regret=0.103529 ape=0.5650
[17:51:30] warmStart (decay=exponential) 56% (660/1159) regret=0.103530 ape=0.5650
[17:51:30] warmStart (decay=exponential) 57% (661/1159) regret=0.103530 ape=0.5650
[17:51:30] warmStart (decay=exponential) 57% (662/1159) regret=0.103530 ape=0.5650
[17:51:30] warmStart (decay=exponential) 57% (663/1159) regret=0.103498 ape=0.5641
[17:51:30] warmStart (decay=exponential) 57% (664/1159) regret=0.103530 ape=0.5650
[17:51:30] warmStart (decay=exponential) 57% (665/1159) regret=0.103498 ape=0.5641
[17:51:31] warmStart (decay=exponential) 57% (666/1159) regret=0.103498 ape=0.5641
[17:51:31] warmStart (decay=exponential) 57% (667/1159) regret=0.103498 ape=0.5641
[17:51:31] warmStart (decay=exponential) 57% (668/1159) regret=0.103498 ape=0.5641
[17:51:31] warmStart (decay=exponential) 57% (669/1159) regret=0.103498 ape=0.5641
[17:51:31] warmStart (decay=exponential) 57% (670/1159) regret=0.103514 ape=0.5650
[17:51:31] warmStart (decay=exponential) 57% (671/1159) regret=0.103514 ape=0.5650
[17:51:32] warmStart (decay=exponential) 57% (672/1159) regret=0.103498 ape=0.5641
[17:51:32] warmStart (decay=exponential) 58% (673/1159) regret=0.103498 ape=0.5641
[17:51:32] warmStart (decay=exponential) 58% (674/1159) regret=0.103509 ape=0.5650
[17:51:32] warmStart (decay=exponential) 58% (675/1159) regret=0.103509 ape=0.5650
[17:51:32] warmStart (decay=exponential) 58% (676/1159) regret=0.103509 ape=0.5650
[17:51:32] warmStart (decay=exponential) 58% (677/1159) regret=0.103509 ape=0.5650
[17:51:33] warmStart (decay=exponential) 58% (678/1159) regret=0.103498 ape=0.5641
[17:51:33] warmStart (decay=exponential) 58% (679/1159) regret=0.103514 ape=0.5650
[17:51:33] warmStart (decay=exponential) 58% (680/1159) regret=0.103533 ape=0.5650
[17:51:33] warmStart (decay=exponential) 58% (681/1159) regret=0.103498 ape=0.5641
[17:51:33] warmStart (decay=exponential) 58% (682/1159) regret=0.103509 ape=0.5650
[17:51:33] warmStart (decay=exponential) 58% (683/1159) regret=0.103519 ape=0.5650
[17:51:33] warmStart (decay=exponential) 59% (684/1159) regret=0.103519 ape=0.5650
[17:51:34] warmStart (decay=exponential) 59% (685/1159) regret=0.103519 ape=0.5650
[17:51:34] warmStart (decay=exponential) 59% (686/1159) regret=0.103519 ape=0.5650
[17:51:34] warmStart (decay=exponential) 59% (687/1159) regret=0.103498 ape=0.5641
[17:51:34] warmStart (decay=exponential) 59% (688/1159) regret=0.103498 ape=0.5641
[17:51:34] warmStart (decay=exponential) 59% (689/1159) regret=0.103498 ape=0.5641
[17:51:34] warmStart (decay=exponential) 59% (690/1159) regret=0.103519 ape=0.5650
[17:51:35] warmStart (decay=exponential) 59% (691/1159) regret=0.103519 ape=0.5650
[17:51:35] warmStart (decay=exponential) 59% (692/1159) regret=0.103519 ape=0.5650
[17:51:35] warmStart (decay=exponential) 59% (693/1159) regret=0.103519 ape=0.5650
[17:51:35] warmStart (decay=exponential) 59% (694/1159) regret=0.103498 ape=0.5641
[17:51:35] warmStart (decay=exponential) 59% (695/1159) regret=0.103498 ape=0.5641
[17:51:35] warmStart (decay=exponential) 60% (696/1159) regret=0.103498 ape=0.5641
[17:51:36] warmStart (decay=exponential) 60% (697/1159) regret=0.103514 ape=0.5650
[17:51:36] warmStart (decay=exponential) 60% (698/1159) regret=0.103514 ape=0.5650
[17:51:36] warmStart (decay=exponential) 60% (699/1159) regret=0.103514 ape=0.5650
[17:51:36] warmStart (decay=exponential) 60% (700/1159) regret=0.103514 ape=0.5650
[17:51:36] warmStart (decay=exponential) 60% (701/1159) regret=0.103514 ape=0.5650
[17:51:36] warmStart (decay=exponential) 60% (702/1159) regret=0.103498 ape=0.5641
[17:51:37] warmStart (decay=exponential) 60% (703/1159) regret=0.103498 ape=0.5641
[17:51:37] warmStart (decay=exponential) 60% (704/1159) regret=0.103498 ape=0.5641
[17:51:37] warmStart (decay=exponential) 60% (705/1159) regret=0.103498 ape=0.5641
[17:51:37] warmStart (decay=exponential) 60% (706/1159) regret=0.103498 ape=0.5641
[17:51:37] warmStart (decay=exponential) 61% (707/1159) regret=0.103498 ape=0.5641
[17:51:37] warmStart (decay=exponential) 61% (708/1159) regret=0.103498 ape=0.5641
[17:51:38] warmStart (decay=exponential) 61% (709/1159) regret=0.103498 ape=0.5641
[17:51:38] warmStart (decay=exponential) 61% (710/1159) regret=0.103498 ape=0.5641
[17:51:38] warmStart (decay=exponential) 61% (711/1159) regret=0.103498 ape=0.5641
[17:51:38] warmStart (decay=exponential) 61% (712/1159) regret=0.103498 ape=0.5641
[17:51:38] warmStart (decay=exponential) 61% (713/1159) regret=0.103498 ape=0.5641
[17:51:38] warmStart (decay=exponential) 61% (714/1159) regret=0.103498 ape=0.5641
[17:51:39] warmStart (decay=exponential) 61% (715/1159) regret=0.103498 ape=0.5641
[17:51:39] warmStart (decay=exponential) 61% (716/1159) regret=0.103498 ape=0.5641
[17:51:39] warmStart (decay=exponential) 61% (717/1159) regret=0.103498 ape=0.5641
[17:51:39] warmStart (decay=exponential) 61% (718/1159) regret=0.103498 ape=0.5641
[17:51:39] warmStart (decay=exponential) 62% (719/1159) regret=0.103498 ape=0.5641
[17:51:39] warmStart (decay=exponential) 62% (720/1159) regret=0.103498 ape=0.5641
[17:51:39] warmStart (decay=exponential) 62% (721/1159) regret=0.103498 ape=0.5641
[17:51:40] warmStart (decay=exponential) 62% (722/1159) regret=0.103498 ape=0.5641
[17:51:40] warmStart (decay=exponential) 62% (723/1159) regret=0.103498 ape=0.5641
[17:51:40] warmStart (decay=exponential) 62% (724/1159) regret=0.103498 ape=0.5641
[17:51:40] warmStart (decay=exponential) 62% (725/1159) regret=0.103498 ape=0.5641
[17:51:40] warmStart (decay=exponential) 62% (726/1159) regret=0.103498 ape=0.5641
[17:51:40] warmStart (decay=exponential) 62% (727/1159) regret=0.103498 ape=0.5641
[17:51:41] warmStart (decay=exponential) 62% (728/1159) regret=0.103498 ape=0.5641
[17:51:41] warmStart (decay=exponential) 62% (729/1159) regret=0.103498 ape=0.5641
[17:51:41] warmStart (decay=exponential) 62% (730/1159) regret=0.103498 ape=0.5641
[17:51:41] warmStart (decay=exponential) 63% (731/1159) regret=0.103514 ape=0.5650
[17:51:41] warmStart (decay=exponential) 63% (732/1159) regret=0.103514 ape=0.5650
[17:51:41] warmStart (decay=exponential) 63% (733/1159) regret=0.103514 ape=0.5650
[17:51:42] warmStart (decay=exponential) 63% (734/1159) regret=0.103514 ape=0.5650
[17:51:42] warmStart (decay=exponential) 63% (735/1159) regret=0.103498 ape=0.5641
[17:51:42] warmStart (decay=exponential) 63% (736/1159) regret=0.103498 ape=0.5641
[17:51:42] warmStart (decay=exponential) 63% (737/1159) regret=0.103498 ape=0.5641
[17:51:42] warmStart (decay=exponential) 63% (738/1159) regret=0.103498 ape=0.5641
[17:51:42] warmStart (decay=exponential) 63% (739/1159) regret=0.103498 ape=0.5641
[17:51:43] warmStart (decay=exponential) 63% (740/1159) regret=0.103498 ape=0.5641
[17:51:43] warmStart (decay=exponential) 63% (741/1159) regret=0.103498 ape=0.5641
[17:51:43] warmStart (decay=exponential) 64% (742/1159) regret=0.103516 ape=0.5641
[17:51:43] warmStart (decay=exponential) 64% (743/1159) regret=0.103516 ape=0.5641
[17:51:43] warmStart (decay=exponential) 64% (744/1159) regret=0.103516 ape=0.5641
[17:51:44] warmStart (decay=exponential) 64% (745/1159) regret=0.103516 ape=0.5641
[17:51:44] warmStart (decay=exponential) 64% (746/1159) regret=0.103516 ape=0.5641
[17:51:44] warmStart (decay=exponential) 64% (747/1159) regret=0.103516 ape=0.5641
[17:51:44] warmStart (decay=exponential) 64% (748/1159) regret=0.103516 ape=0.5641
[17:51:44] warmStart (decay=exponential) 64% (749/1159) regret=0.103516 ape=0.5641
[17:51:45] warmStart (decay=exponential) 64% (750/1159) regret=0.103516 ape=0.5641
[17:51:45] warmStart (decay=exponential) 64% (751/1159) regret=0.103516 ape=0.5641
[17:51:45] warmStart (decay=exponential) 64% (752/1159) regret=0.103516 ape=0.5641
[17:51:45] warmStart (decay=exponential) 64% (753/1159) regret=0.103498 ape=0.5641
[17:51:45] warmStart (decay=exponential) 65% (754/1159) regret=0.103498 ape=0.5641
[17:51:46] warmStart (decay=exponential) 65% (755/1159) regret=0.103498 ape=0.5641
[17:51:46] warmStart (decay=exponential) 65% (756/1159) regret=0.103498 ape=0.5641
[17:51:46] warmStart (decay=exponential) 65% (757/1159) regret=0.103498 ape=0.5641
[17:51:46] warmStart (decay=exponential) 65% (758/1159) regret=0.103498 ape=0.5641
[17:51:46] warmStart (decay=exponential) 65% (759/1159) regret=0.103498 ape=0.5641
[17:51:46] warmStart (decay=exponential) 65% (760/1159) regret=0.103498 ape=0.5641
[17:51:47] warmStart (decay=exponential) 65% (761/1159) regret=0.103498 ape=0.5641
[17:51:47] warmStart (decay=exponential) 65% (762/1159) regret=0.103498 ape=0.5641
[17:51:47] warmStart (decay=exponential) 65% (763/1159) regret=0.103516 ape=0.5641
[17:51:47] warmStart (decay=exponential) 65% (764/1159) regret=0.103516 ape=0.5641
[17:51:47] warmStart (decay=exponential) 66% (765/1159) regret=0.103498 ape=0.5641
[17:51:48] warmStart (decay=exponential) 66% (766/1159) regret=0.103498 ape=0.5641
[17:51:48] warmStart (decay=exponential) 66% (767/1159) regret=0.103516 ape=0.5641
[17:51:48] warmStart (decay=exponential) 66% (768/1159) regret=0.103498 ape=0.5641
[17:51:48] warmStart (decay=exponential) 66% (769/1159) regret=0.103498 ape=0.5641
[17:51:49] warmStart (decay=exponential) 66% (770/1159) regret=0.103498 ape=0.5641
[17:51:49] warmStart (decay=exponential) 66% (771/1159) regret=0.103498 ape=0.5641
[17:51:49] warmStart (decay=exponential) 66% (772/1159) regret=0.103498 ape=0.5641
[17:51:49] warmStart (decay=exponential) 66% (773/1159) regret=0.103498 ape=0.5641
[17:51:49] warmStart (decay=exponential) 66% (774/1159) regret=0.103498 ape=0.5641
[17:51:50] warmStart (decay=exponential) 66% (775/1159) regret=0.103498 ape=0.5641
[17:51:50] warmStart (decay=exponential) 66% (776/1159) regret=0.103498 ape=0.5641
[17:51:50] warmStart (decay=exponential) 67% (777/1159) regret=0.103498 ape=0.5641
[17:51:50] warmStart (decay=exponential) 67% (778/1159) regret=0.103498 ape=0.5641
[17:51:50] warmStart (decay=exponential) 67% (779/1159) regret=0.103498 ape=0.5641
[17:51:51] warmStart (decay=exponential) 67% (780/1159) regret=0.103498 ape=0.5641
[17:51:51] warmStart (decay=exponential) 67% (781/1159) regret=0.103498 ape=0.5641
[17:51:51] warmStart (decay=exponential) 67% (782/1159) regret=0.103498 ape=0.5641
[17:51:51] warmStart (decay=exponential) 67% (783/1159) regret=0.103498 ape=0.5641
[17:51:51] warmStart (decay=exponential) 67% (784/1159) regret=0.103498 ape=0.5641
[17:51:52] warmStart (decay=exponential) 67% (785/1159) regret=0.103498 ape=0.5641
[17:51:52] warmStart (decay=exponential) 67% (786/1159) regret=0.103479 ape=0.5631
[17:51:52] warmStart (decay=exponential) 67% (787/1159) regret=0.103498 ape=0.5641
[17:51:52] warmStart (decay=exponential) 67% (788/1159) regret=0.103581 ape=0.5650
[17:51:52] warmStart (decay=exponential) 68% (789/1159) regret=0.103581 ape=0.5650
[17:51:52] warmStart (decay=exponential) 68% (790/1159) regret=0.103544 ape=0.5650
[17:51:53] warmStart (decay=exponential) 68% (791/1159) regret=0.103544 ape=0.5650
[17:51:53] warmStart (decay=exponential) 68% (792/1159) regret=0.103544 ape=0.5650
[17:51:53] warmStart (decay=exponential) 68% (793/1159) regret=0.103544 ape=0.5650
[17:51:53] warmStart (decay=exponential) 68% (794/1159) regret=0.103544 ape=0.5650
[17:51:53] warmStart (decay=exponential) 68% (795/1159) regret=0.103590 ape=0.5650
[17:51:53] warmStart (decay=exponential) 68% (796/1159) regret=0.103590 ape=0.5650
[17:51:54] warmStart (decay=exponential) 68% (797/1159) regret=0.103553 ape=0.5650
[17:51:54] warmStart (decay=exponential) 68% (798/1159) regret=0.103553 ape=0.5650
[17:51:54] warmStart (decay=exponential) 68% (799/1159) regret=0.103553 ape=0.5650
[17:51:54] warmStart (decay=exponential) 69% (800/1159) regret=0.103553 ape=0.5650
[17:51:54] warmStart (decay=exponential) 69% (801/1159) regret=0.103553 ape=0.5650
[17:51:54] warmStart (decay=exponential) 69% (802/1159) regret=0.103553 ape=0.5650
[17:51:55] warmStart (decay=exponential) 69% (803/1159) regret=0.103498 ape=0.5641
[17:51:55] warmStart (decay=exponential) 69% (804/1159) regret=0.103498 ape=0.5641
[17:51:55] warmStart (decay=exponential) 69% (805/1159) regret=0.103498 ape=0.5641
[17:51:55] warmStart (decay=exponential) 69% (806/1159) regret=0.103498 ape=0.5641
[17:51:55] warmStart (decay=exponential) 69% (807/1159) regret=0.103544 ape=0.5641
[17:51:55] warmStart (decay=exponential) 69% (808/1159) regret=0.103526 ape=0.5641
[17:51:56] warmStart (decay=exponential) 69% (809/1159) regret=0.103618 ape=0.5641
[17:51:56] warmStart (decay=exponential) 69% (810/1159) regret=0.103452 ape=0.5641
[17:51:56] warmStart (decay=exponential) 69% (811/1159) regret=0.103452 ape=0.5641
[17:51:56] warmStart (decay=exponential) 70% (812/1159) regret=0.103452 ape=0.5641
[17:51:56] warmStart (decay=exponential) 70% (813/1159) regret=0.103452 ape=0.5641
[17:51:56] warmStart (decay=exponential) 70% (814/1159) regret=0.103452 ape=0.5641
[17:51:57] warmStart (decay=exponential) 70% (815/1159) regret=0.103452 ape=0.5641
[17:51:57] warmStart (decay=exponential) 70% (816/1159) regret=0.103452 ape=0.5641
[17:51:57] warmStart (decay=exponential) 70% (817/1159) regret=0.103452 ape=0.5641
[17:51:57] warmStart (decay=exponential) 70% (818/1159) regret=0.103452 ape=0.5641
[17:51:57] warmStart (decay=exponential) 70% (819/1159) regret=0.103452 ape=0.5641
[17:51:57] warmStart (decay=exponential) 70% (820/1159) regret=0.103452 ape=0.5641
[17:51:58] warmStart (decay=exponential) 70% (821/1159) regret=0.103452 ape=0.5641
[17:51:58] warmStart (decay=exponential) 70% (822/1159) regret=0.103452 ape=0.5641
[17:51:58] warmStart (decay=exponential) 71% (823/1159) regret=0.103452 ape=0.5641
[17:51:58] warmStart (decay=exponential) 71% (824/1159) regret=0.103452 ape=0.5641
[17:51:58] warmStart (decay=exponential) 71% (825/1159) regret=0.103452 ape=0.5641
[17:51:58] warmStart (decay=exponential) 71% (826/1159) regret=0.103443 ape=0.5631
[17:51:58] warmStart (decay=exponential) 71% (827/1159) regret=0.103452 ape=0.5641
[17:51:59] warmStart (decay=exponential) 71% (828/1159) regret=0.103443 ape=0.5631
[17:51:59] warmStart (decay=exponential) 71% (829/1159) regret=0.103443 ape=0.5631
[17:51:59] warmStart (decay=exponential) 71% (830/1159) regret=0.103443 ape=0.5631
[17:51:59] warmStart (decay=exponential) 71% (831/1159) regret=0.103443 ape=0.5631
[17:51:59] warmStart (decay=exponential) 71% (832/1159) regret=0.103443 ape=0.5631
[17:51:59] warmStart (decay=exponential) 71% (833/1159) regret=0.103443 ape=0.5631
[17:52:00] warmStart (decay=exponential) 71% (834/1159) regret=0.103443 ape=0.5631
[17:52:00] warmStart (decay=exponential) 72% (835/1159) regret=0.103443 ape=0.5631
[17:52:00] warmStart (decay=exponential) 72% (836/1159) regret=0.103443 ape=0.5631
[17:52:00] warmStart (decay=exponential) 72% (837/1159) regret=0.103443 ape=0.5631
[17:52:00] warmStart (decay=exponential) 72% (838/1159) regret=0.103443 ape=0.5631
[17:52:00] warmStart (decay=exponential) 72% (839/1159) regret=0.103443 ape=0.5631
[17:52:00] warmStart (decay=exponential) 72% (840/1159) regret=0.103443 ape=0.5631
[17:52:01] warmStart (decay=exponential) 72% (841/1159) regret=0.103443 ape=0.5631
[17:52:01] warmStart (decay=exponential) 72% (842/1159) regret=0.103443 ape=0.5631
[17:52:01] warmStart (decay=exponential) 72% (843/1159) regret=0.103443 ape=0.5631
[17:52:01] warmStart (decay=exponential) 72% (844/1159) regret=0.103443 ape=0.5631
[17:52:01] warmStart (decay=exponential) 72% (845/1159) regret=0.103443 ape=0.5631
[17:52:01] warmStart (decay=exponential) 72% (846/1159) regret=0.103443 ape=0.5631
[17:52:02] warmStart (decay=exponential) 73% (847/1159) regret=0.103443 ape=0.5631
[17:52:02] warmStart (decay=exponential) 73% (848/1159) regret=0.103443 ape=0.5631
[17:52:02] warmStart (decay=exponential) 73% (849/1159) regret=0.103443 ape=0.5631
[17:52:02] warmStart (decay=exponential) 73% (850/1159) regret=0.103443 ape=0.5631
[17:52:02] warmStart (decay=exponential) 73% (851/1159) regret=0.103443 ape=0.5631
[17:52:02] warmStart (decay=exponential) 73% (852/1159) regret=0.103443 ape=0.5631
[17:52:02] warmStart (decay=exponential) 73% (853/1159) regret=0.103443 ape=0.5631
[17:52:03] warmStart (decay=exponential) 73% (854/1159) regret=0.103443 ape=0.5631
[17:52:03] warmStart (decay=exponential) 73% (855/1159) regret=0.103443 ape=0.5631
[17:52:03] warmStart (decay=exponential) 73% (856/1159) regret=0.103443 ape=0.5631
[17:52:03] warmStart (decay=exponential) 73% (857/1159) regret=0.103443 ape=0.5631
[17:52:03] warmStart (decay=exponential) 74% (858/1159) regret=0.103443 ape=0.5631
[17:52:03] warmStart (decay=exponential) 74% (859/1159) regret=0.103443 ape=0.5631
[17:52:04] warmStart (decay=exponential) 74% (860/1159) regret=0.103443 ape=0.5631
[17:52:04] warmStart (decay=exponential) 74% (861/1159) regret=0.103443 ape=0.5631
[17:52:04] warmStart (decay=exponential) 74% (862/1159) regret=0.103443 ape=0.5631
[17:52:04] warmStart (decay=exponential) 74% (863/1159) regret=0.103443 ape=0.5631
[17:52:04] warmStart (decay=exponential) 74% (864/1159) regret=0.103443 ape=0.5631
[17:52:04] warmStart (decay=exponential) 74% (865/1159) regret=0.103443 ape=0.5631
[17:52:04] warmStart (decay=exponential) 74% (866/1159) regret=0.103443 ape=0.5631
[17:52:05] warmStart (decay=exponential) 74% (867/1159) regret=0.103443 ape=0.5631
[17:52:05] warmStart (decay=exponential) 74% (868/1159) regret=0.103443 ape=0.5631
[17:52:05] warmStart (decay=exponential) 74% (869/1159) regret=0.103443 ape=0.5631
[17:52:05] warmStart (decay=exponential) 75% (870/1159) regret=0.103443 ape=0.5631
[17:52:05] warmStart (decay=exponential) 75% (871/1159) regret=0.103443 ape=0.5631
[17:52:05] warmStart (decay=exponential) 75% (872/1159) regret=0.103443 ape=0.5631
[17:52:05] warmStart (decay=exponential) 75% (873/1159) regret=0.103443 ape=0.5631
[17:52:06] warmStart (decay=exponential) 75% (874/1159) regret=0.103443 ape=0.5631
[17:52:06] warmStart (decay=exponential) 75% (875/1159) regret=0.103443 ape=0.5631
[17:52:06] warmStart (decay=exponential) 75% (876/1159) regret=0.103443 ape=0.5631
[17:52:06] warmStart (decay=exponential) 75% (877/1159) regret=0.103443 ape=0.5631
[17:52:06] warmStart (decay=exponential) 75% (878/1159) regret=0.103443 ape=0.5631
[17:52:06] warmStart (decay=exponential) 75% (879/1159) regret=0.103443 ape=0.5631
[17:52:07] warmStart (decay=exponential) 75% (880/1159) regret=0.103443 ape=0.5631
[17:52:07] warmStart (decay=exponential) 76% (881/1159) regret=0.103443 ape=0.5631
[17:52:07] warmStart (decay=exponential) 76% (882/1159) regret=0.103443 ape=0.5631
[17:52:07] warmStart (decay=exponential) 76% (883/1159) regret=0.103443 ape=0.5631
[17:52:07] warmStart (decay=exponential) 76% (884/1159) regret=0.103443 ape=0.5631
[17:52:07] warmStart (decay=exponential) 76% (885/1159) regret=0.103443 ape=0.5631
[17:52:08] warmStart (decay=exponential) 76% (886/1159) regret=0.103443 ape=0.5631
[17:52:08] warmStart (decay=exponential) 76% (887/1159) regret=0.103443 ape=0.5631
[17:52:08] warmStart (decay=exponential) 76% (888/1159) regret=0.103443 ape=0.5631
[17:52:08] warmStart (decay=exponential) 76% (889/1159) regret=0.103443 ape=0.5631
[17:52:08] warmStart (decay=exponential) 76% (890/1159) regret=0.103443 ape=0.5631
[17:52:08] warmStart (decay=exponential) 76% (891/1159) regret=0.103443 ape=0.5631
[17:52:08] warmStart (decay=exponential) 76% (892/1159) regret=0.103443 ape=0.5631
[17:52:09] warmStart (decay=exponential) 77% (893/1159) regret=0.103443 ape=0.5631
[17:52:09] warmStart (decay=exponential) 77% (894/1159) regret=0.103443 ape=0.5631
[17:52:09] warmStart (decay=exponential) 77% (895/1159) regret=0.103443 ape=0.5631
[17:52:09] warmStart (decay=exponential) 77% (896/1159) regret=0.103443 ape=0.5631
[17:52:09] warmStart (decay=exponential) 77% (897/1159) regret=0.103443 ape=0.5631
[17:52:09] warmStart (decay=exponential) 77% (898/1159) regret=0.103443 ape=0.5631
[17:52:10] warmStart (decay=exponential) 77% (899/1159) regret=0.103443 ape=0.5631
[17:52:10] warmStart (decay=exponential) 77% (900/1159) regret=0.103443 ape=0.5631
[17:52:10] warmStart (decay=exponential) 77% (901/1159) regret=0.103443 ape=0.5631
[17:52:10] warmStart (decay=exponential) 77% (902/1159) regret=0.103443 ape=0.5631
[17:52:10] warmStart (decay=exponential) 77% (903/1159) regret=0.103443 ape=0.5631
[17:52:10] warmStart (decay=exponential) 77% (904/1159) regret=0.103443 ape=0.5631
[17:52:10] warmStart (decay=exponential) 78% (905/1159) regret=0.103443 ape=0.5631
[17:52:11] warmStart (decay=exponential) 78% (906/1159) regret=0.103443 ape=0.5631
[17:52:11] warmStart (decay=exponential) 78% (907/1159) regret=0.103443 ape=0.5631
[17:52:11] warmStart (decay=exponential) 78% (908/1159) regret=0.103443 ape=0.5631
[17:52:11] warmStart (decay=exponential) 78% (909/1159) regret=0.103443 ape=0.5631
[17:52:11] warmStart (decay=exponential) 78% (910/1159) regret=0.103443 ape=0.5631
[17:52:11] warmStart (decay=exponential) 78% (911/1159) regret=0.103443 ape=0.5631
[17:52:11] warmStart (decay=exponential) 78% (912/1159) regret=0.103443 ape=0.5631
[17:52:12] warmStart (decay=exponential) 78% (913/1159) regret=0.103443 ape=0.5631
[17:52:12] warmStart (decay=exponential) 78% (914/1159) regret=0.103443 ape=0.5631
[17:52:12] warmStart (decay=exponential) 78% (915/1159) regret=0.103443 ape=0.5631
[17:52:12] warmStart (decay=exponential) 79% (916/1159) regret=0.103443 ape=0.5631
[17:52:12] warmStart (decay=exponential) 79% (917/1159) regret=0.103443 ape=0.5631
[17:52:12] warmStart (decay=exponential) 79% (918/1159) regret=0.103443 ape=0.5631
[17:52:12] warmStart (decay=exponential) 79% (919/1159) regret=0.103443 ape=0.5631
[17:52:13] warmStart (decay=exponential) 79% (920/1159) regret=0.103443 ape=0.5631
[17:52:13] warmStart (decay=exponential) 79% (921/1159) regret=0.103443 ape=0.5631
[17:52:13] warmStart (decay=exponential) 79% (922/1159) regret=0.103443 ape=0.5631
[17:52:13] warmStart (decay=exponential) 79% (923/1159) regret=0.103416 ape=0.5631
[17:52:13] warmStart (decay=exponential) 79% (924/1159) regret=0.103443 ape=0.5631
[17:52:13] warmStart (decay=exponential) 79% (925/1159) regret=0.103413 ape=0.5622
[17:52:14] warmStart (decay=exponential) 79% (926/1159) regret=0.103443 ape=0.5631
[17:52:14] warmStart (decay=exponential) 79% (927/1159) regret=0.103443 ape=0.5631
[17:52:14] warmStart (decay=exponential) 80% (928/1159) regret=0.103416 ape=0.5631
[17:52:14] warmStart (decay=exponential) 80% (929/1159) regret=0.103413 ape=0.5622
[17:52:14] warmStart (decay=exponential) 80% (930/1159) regret=0.103413 ape=0.5622
[17:52:14] warmStart (decay=exponential) 80% (931/1159) regret=0.103413 ape=0.5622
[17:52:14] warmStart (decay=exponential) 80% (932/1159) regret=0.103413 ape=0.5622
[17:52:15] warmStart (decay=exponential) 80% (933/1159) regret=0.103413 ape=0.5622
[17:52:15] warmStart (decay=exponential) 80% (934/1159) regret=0.103413 ape=0.5622
[17:52:15] warmStart (decay=exponential) 80% (935/1159) regret=0.103413 ape=0.5622
[17:52:15] warmStart (decay=exponential) 80% (936/1159) regret=0.103413 ape=0.5622
[17:52:15] warmStart (decay=exponential) 80% (937/1159) regret=0.103413 ape=0.5622
[17:52:15] warmStart (decay=exponential) 80% (938/1159) regret=0.103413 ape=0.5622
[17:52:15] warmStart (decay=exponential) 81% (939/1159) regret=0.103413 ape=0.5622
[17:52:16] warmStart (decay=exponential) 81% (940/1159) regret=0.103380 ape=0.5613
[17:52:16] warmStart (decay=exponential) 81% (941/1159) regret=0.103380 ape=0.5613
[17:52:16] warmStart (decay=exponential) 81% (942/1159) regret=0.103380 ape=0.5613
[17:52:16] warmStart (decay=exponential) 81% (943/1159) regret=0.103297 ape=0.5604
[17:52:16] warmStart (decay=exponential) 81% (944/1159) regret=0.103297 ape=0.5604
[17:52:16] warmStart (decay=exponential) 81% (945/1159) regret=0.103297 ape=0.5604
[17:52:17] warmStart (decay=exponential) 81% (946/1159) regret=0.103297 ape=0.5604
[17:52:17] warmStart (decay=exponential) 81% (947/1159) regret=0.103297 ape=0.5604
[17:52:17] warmStart (decay=exponential) 81% (948/1159) regret=0.103297 ape=0.5604
[17:52:17] warmStart (decay=exponential) 81% (949/1159) regret=0.103297 ape=0.5604
[17:52:17] warmStart (decay=exponential) 81% (950/1159) regret=0.103297 ape=0.5604
[17:52:18] warmStart (decay=exponential) 82% (951/1159) regret=0.103297 ape=0.5604
[17:52:18] warmStart (decay=exponential) 82% (952/1159) regret=0.103297 ape=0.5604
[17:52:18] warmStart (decay=exponential) 82% (953/1159) regret=0.103297 ape=0.5604
[17:52:18] warmStart (decay=exponential) 82% (954/1159) regret=0.103297 ape=0.5604
[17:52:18] warmStart (decay=exponential) 82% (955/1159) regret=0.103297 ape=0.5604
[17:52:19] warmStart (decay=exponential) 82% (956/1159) regret=0.103297 ape=0.5604
[17:52:19] warmStart (decay=exponential) 82% (957/1159) regret=0.103297 ape=0.5604
[17:52:19] warmStart (decay=exponential) 82% (958/1159) regret=0.103297 ape=0.5604
[17:52:19] warmStart (decay=exponential) 82% (959/1159) regret=0.103297 ape=0.5604
[17:52:19] warmStart (decay=exponential) 82% (960/1159) regret=0.103297 ape=0.5604
[17:52:19] warmStart (decay=exponential) 82% (961/1159) regret=0.103297 ape=0.5604
[17:52:20] warmStart (decay=exponential) 83% (962/1159) regret=0.103297 ape=0.5604
[17:52:20] warmStart (decay=exponential) 83% (963/1159) regret=0.103297 ape=0.5604
[17:52:20] warmStart (decay=exponential) 83% (964/1159) regret=0.103297 ape=0.5604
[17:52:20] warmStart (decay=exponential) 83% (965/1159) regret=0.103297 ape=0.5604
[17:52:20] warmStart (decay=exponential) 83% (966/1159) regret=0.103297 ape=0.5604
[17:52:20] warmStart (decay=exponential) 83% (967/1159) regret=0.103297 ape=0.5604
[17:52:21] warmStart (decay=exponential) 83% (968/1159) regret=0.103297 ape=0.5604
[17:52:21] warmStart (decay=exponential) 83% (969/1159) regret=0.103297 ape=0.5604
[17:52:21] warmStart (decay=exponential) 83% (970/1159) regret=0.103297 ape=0.5604
[17:52:21] warmStart (decay=exponential) 83% (971/1159) regret=0.103297 ape=0.5604
[17:52:21] warmStart (decay=exponential) 83% (972/1159) regret=0.103297 ape=0.5604
[17:52:21] warmStart (decay=exponential) 83% (973/1159) regret=0.103297 ape=0.5604
[17:52:22] warmStart (decay=exponential) 84% (974/1159) regret=0.103297 ape=0.5604
[17:52:22] warmStart (decay=exponential) 84% (975/1159) regret=0.103297 ape=0.5604
[17:52:22] warmStart (decay=exponential) 84% (976/1159) regret=0.103297 ape=0.5604
[17:52:22] warmStart (decay=exponential) 84% (977/1159) regret=0.103297 ape=0.5604
[17:52:22] warmStart (decay=exponential) 84% (978/1159) regret=0.103297 ape=0.5604
[17:52:23] warmStart (decay=exponential) 84% (979/1159) regret=0.103297 ape=0.5604
[17:52:23] warmStart (decay=exponential) 84% (980/1159) regret=0.103297 ape=0.5604
[17:52:23] warmStart (decay=exponential) 84% (981/1159) regret=0.103297 ape=0.5604
[17:52:23] warmStart (decay=exponential) 84% (982/1159) regret=0.103297 ape=0.5604
[17:52:23] warmStart (decay=exponential) 84% (983/1159) regret=0.103297 ape=0.5604
[17:52:23] warmStart (decay=exponential) 84% (984/1159) regret=0.103297 ape=0.5604
[17:52:24] warmStart (decay=exponential) 84% (985/1159) regret=0.103297 ape=0.5604
[17:52:24] warmStart (decay=exponential) 85% (986/1159) regret=0.103297 ape=0.5604
[17:52:24] warmStart (decay=exponential) 85% (987/1159) regret=0.103297 ape=0.5604
[17:52:24] warmStart (decay=exponential) 85% (988/1159) regret=0.103297 ape=0.5604
[17:52:24] warmStart (decay=exponential) 85% (989/1159) regret=0.103297 ape=0.5604
[17:52:24] warmStart (decay=exponential) 85% (990/1159) regret=0.103297 ape=0.5604
[17:52:25] warmStart (decay=exponential) 85% (991/1159) regret=0.103297 ape=0.5604
[17:52:25] warmStart (decay=exponential) 85% (992/1159) regret=0.103297 ape=0.5604
[17:52:25] warmStart (decay=exponential) 85% (993/1159) regret=0.103297 ape=0.5604
[17:52:25] warmStart (decay=exponential) 85% (994/1159) regret=0.103297 ape=0.5604
[17:52:25] warmStart (decay=exponential) 85% (995/1159) regret=0.103297 ape=0.5604
[17:52:26] warmStart (decay=exponential) 85% (996/1159) regret=0.103297 ape=0.5604
[17:52:26] warmStart (decay=exponential) 86% (997/1159) regret=0.103297 ape=0.5604
[17:52:26] warmStart (decay=exponential) 86% (998/1159) regret=0.103297 ape=0.5604
[17:52:26] warmStart (decay=exponential) 86% (999/1159) regret=0.103297 ape=0.5604
[17:52:26] warmStart (decay=exponential) 86% (1000/1159) regret=0.103297 ape=0.5604
[17:52:26] warmStart (decay=exponential) 86% (1001/1159) regret=0.103297 ape=0.5604
[17:52:27] warmStart (decay=exponential) 86% (1002/1159) regret=0.103297 ape=0.5604
[17:52:27] warmStart (decay=exponential) 86% (1003/1159) regret=0.103297 ape=0.5604
[17:52:27] warmStart (decay=exponential) 86% (1004/1159) regret=0.103297 ape=0.5604
[17:52:27] warmStart (decay=exponential) 86% (1005/1159) regret=0.103297 ape=0.5604
[17:52:27] warmStart (decay=exponential) 86% (1006/1159) regret=0.103297 ape=0.5604
[17:52:27] warmStart (decay=exponential) 86% (1007/1159) regret=0.103297 ape=0.5604
[17:52:28] warmStart (decay=exponential) 86% (1008/1159) regret=0.103297 ape=0.5604
[17:52:28] warmStart (decay=exponential) 87% (1009/1159) regret=0.103297 ape=0.5604
[17:52:28] warmStart (decay=exponential) 87% (1010/1159) regret=0.103297 ape=0.5604
[17:52:28] warmStart (decay=exponential) 87% (1011/1159) regret=0.103297 ape=0.5604
[17:52:28] warmStart (decay=exponential) 87% (1012/1159) regret=0.103297 ape=0.5604
[17:52:29] warmStart (decay=exponential) 87% (1013/1159) regret=0.103297 ape=0.5604
[17:52:29] warmStart (decay=exponential) 87% (1014/1159) regret=0.103297 ape=0.5604
[17:52:29] warmStart (decay=exponential) 87% (1015/1159) regret=0.103297 ape=0.5604
[17:52:29] warmStart (decay=exponential) 87% (1016/1159) regret=0.103297 ape=0.5604
[17:52:29] warmStart (decay=exponential) 87% (1017/1159) regret=0.103297 ape=0.5604
[17:52:29] warmStart (decay=exponential) 87% (1018/1159) regret=0.103297 ape=0.5604
[17:52:30] warmStart (decay=exponential) 87% (1019/1159) regret=0.103297 ape=0.5604
[17:52:30] warmStart (decay=exponential) 88% (1020/1159) regret=0.103297 ape=0.5604
[17:52:30] warmStart (decay=exponential) 88% (1021/1159) regret=0.103297 ape=0.5604
[17:52:30] warmStart (decay=exponential) 88% (1022/1159) regret=0.103297 ape=0.5604
[17:52:30] warmStart (decay=exponential) 88% (1023/1159) regret=0.103297 ape=0.5604
[17:52:31] warmStart (decay=exponential) 88% (1024/1159) regret=0.103297 ape=0.5604
[17:52:31] warmStart (decay=exponential) 88% (1025/1159) regret=0.103297 ape=0.5604
[17:52:31] warmStart (decay=exponential) 88% (1026/1159) regret=0.103297 ape=0.5604
[17:52:31] warmStart (decay=exponential) 88% (1027/1159) regret=0.103297 ape=0.5604
[17:52:31] warmStart (decay=exponential) 88% (1028/1159) regret=0.103297 ape=0.5604
[17:52:31] warmStart (decay=exponential) 88% (1029/1159) regret=0.103297 ape=0.5604
[17:52:32] warmStart (decay=exponential) 88% (1030/1159) regret=0.103297 ape=0.5604
[17:52:32] warmStart (decay=exponential) 88% (1031/1159) regret=0.103297 ape=0.5604
[17:52:32] warmStart (decay=exponential) 89% (1032/1159) regret=0.103297 ape=0.5604
[17:52:32] warmStart (decay=exponential) 89% (1033/1159) regret=0.103297 ape=0.5604
[17:52:32] warmStart (decay=exponential) 89% (1034/1159) regret=0.103297 ape=0.5604
[17:52:33] warmStart (decay=exponential) 89% (1035/1159) regret=0.103297 ape=0.5604
[17:52:33] warmStart (decay=exponential) 89% (1036/1159) regret=0.103297 ape=0.5604
[17:52:33] warmStart (decay=exponential) 89% (1037/1159) regret=0.103297 ape=0.5604
[17:52:33] warmStart (decay=exponential) 89% (1038/1159) regret=0.103297 ape=0.5604
[17:52:33] warmStart (decay=exponential) 89% (1039/1159) regret=0.103297 ape=0.5604
[17:52:33] warmStart (decay=exponential) 89% (1040/1159) regret=0.103297 ape=0.5604
[17:52:34] warmStart (decay=exponential) 89% (1041/1159) regret=0.103297 ape=0.5604
[17:52:34] warmStart (decay=exponential) 89% (1042/1159) regret=0.103297 ape=0.5604
[17:52:34] warmStart (decay=exponential) 89% (1043/1159) regret=0.103297 ape=0.5604
[17:52:34] warmStart (decay=exponential) 90% (1044/1159) regret=0.103297 ape=0.5604
[17:52:34] warmStart (decay=exponential) 90% (1045/1159) regret=0.103297 ape=0.5604
[17:52:34] warmStart (decay=exponential) 90% (1046/1159) regret=0.103297 ape=0.5604
[17:52:35] warmStart (decay=exponential) 90% (1047/1159) regret=0.103297 ape=0.5604
[17:52:35] warmStart (decay=exponential) 90% (1048/1159) regret=0.103297 ape=0.5604
[17:52:35] warmStart (decay=exponential) 90% (1049/1159) regret=0.103297 ape=0.5604
[17:52:35] warmStart (decay=exponential) 90% (1050/1159) regret=0.103297 ape=0.5604
[17:52:35] warmStart (decay=exponential) 90% (1051/1159) regret=0.103297 ape=0.5604
[17:52:36] warmStart (decay=exponential) 90% (1052/1159) regret=0.103297 ape=0.5604
[17:52:36] warmStart (decay=exponential) 90% (1053/1159) regret=0.103297 ape=0.5604
[17:52:36] warmStart (decay=exponential) 90% (1054/1159) regret=0.103297 ape=0.5604
[17:52:36] warmStart (decay=exponential) 91% (1055/1159) regret=0.103297 ape=0.5604
[17:52:36] warmStart (decay=exponential) 91% (1056/1159) regret=0.103297 ape=0.5604
[17:52:36] warmStart (decay=exponential) 91% (1057/1159) regret=0.103297 ape=0.5604
[17:52:37] warmStart (decay=exponential) 91% (1058/1159) regret=0.103297 ape=0.5604
[17:52:37] warmStart (decay=exponential) 91% (1059/1159) regret=0.103297 ape=0.5604
[17:52:37] warmStart (decay=exponential) 91% (1060/1159) regret=0.103297 ape=0.5604
[17:52:37] warmStart (decay=exponential) 91% (1061/1159) regret=0.103297 ape=0.5604
[17:52:37] warmStart (decay=exponential) 91% (1062/1159) regret=0.103297 ape=0.5604
[17:52:38] warmStart (decay=exponential) 91% (1063/1159) regret=0.103297 ape=0.5604
[17:52:38] warmStart (decay=exponential) 91% (1064/1159) regret=0.103297 ape=0.5604
[17:52:38] warmStart (decay=exponential) 91% (1065/1159) regret=0.103297 ape=0.5604
[17:52:38] warmStart (decay=exponential) 91% (1066/1159) regret=0.103297 ape=0.5604
[17:52:38] warmStart (decay=exponential) 92% (1067/1159) regret=0.103297 ape=0.5604
[17:52:38] warmStart (decay=exponential) 92% (1068/1159) regret=0.103297 ape=0.5604
[17:52:39] warmStart (decay=exponential) 92% (1069/1159) regret=0.103297 ape=0.5604
[17:52:39] warmStart (decay=exponential) 92% (1070/1159) regret=0.103297 ape=0.5604
[17:52:39] warmStart (decay=exponential) 92% (1071/1159) regret=0.103297 ape=0.5604
[17:52:39] warmStart (decay=exponential) 92% (1072/1159) regret=0.103297 ape=0.5604
[17:52:39] warmStart (decay=exponential) 92% (1073/1159) regret=0.103297 ape=0.5604
[17:52:40] warmStart (decay=exponential) 92% (1074/1159) regret=0.103297 ape=0.5604
[17:52:40] warmStart (decay=exponential) 92% (1075/1159) regret=0.103297 ape=0.5604
[17:52:40] warmStart (decay=exponential) 92% (1076/1159) regret=0.103297 ape=0.5604
[17:52:40] warmStart (decay=exponential) 92% (1077/1159) regret=0.103297 ape=0.5604
[17:52:40] warmStart (decay=exponential) 93% (1078/1159) regret=0.103297 ape=0.5604
[17:52:40] warmStart (decay=exponential) 93% (1079/1159) regret=0.103297 ape=0.5604
[17:52:41] warmStart (decay=exponential) 93% (1080/1159) regret=0.103297 ape=0.5604
[17:52:41] warmStart (decay=exponential) 93% (1081/1159) regret=0.103297 ape=0.5604
[17:52:41] warmStart (decay=exponential) 93% (1082/1159) regret=0.103297 ape=0.5604
[17:52:41] warmStart (decay=exponential) 93% (1083/1159) regret=0.103297 ape=0.5604
[17:52:41] warmStart (decay=exponential) 93% (1084/1159) regret=0.103297 ape=0.5604
[17:52:41] warmStart (decay=exponential) 93% (1085/1159) regret=0.103297 ape=0.5604
[17:52:42] warmStart (decay=exponential) 93% (1086/1159) regret=0.103297 ape=0.5604
[17:52:42] warmStart (decay=exponential) 93% (1087/1159) regret=0.103297 ape=0.5604
[17:52:42] warmStart (decay=exponential) 93% (1088/1159) regret=0.103297 ape=0.5604
[17:52:42] warmStart (decay=exponential) 93% (1089/1159) regret=0.103297 ape=0.5604
[17:52:42] warmStart (decay=exponential) 94% (1090/1159) regret=0.103297 ape=0.5604
[17:52:42] warmStart (decay=exponential) 94% (1091/1159) regret=0.103297 ape=0.5604
[17:52:43] warmStart (decay=exponential) 94% (1092/1159) regret=0.103297 ape=0.5604
[17:52:43] warmStart (decay=exponential) 94% (1093/1159) regret=0.103297 ape=0.5604
[17:52:43] warmStart (decay=exponential) 94% (1094/1159) regret=0.103297 ape=0.5604
[17:52:43] warmStart (decay=exponential) 94% (1095/1159) regret=0.103297 ape=0.5604
[17:52:43] warmStart (decay=exponential) 94% (1096/1159) regret=0.103297 ape=0.5604
[17:52:43] warmStart (decay=exponential) 94% (1097/1159) regret=0.103297 ape=0.5604
[17:52:44] warmStart (decay=exponential) 94% (1098/1159) regret=0.103297 ape=0.5604
[17:52:44] warmStart (decay=exponential) 94% (1099/1159) regret=0.103297 ape=0.5604
[17:52:44] warmStart (decay=exponential) 94% (1100/1159) regret=0.103297 ape=0.5604
[17:52:44] warmStart (decay=exponential) 94% (1101/1159) regret=0.103297 ape=0.5604
[17:52:44] warmStart (decay=exponential) 95% (1102/1159) regret=0.103297 ape=0.5604
[17:52:44] warmStart (decay=exponential) 95% (1103/1159) regret=0.103297 ape=0.5604
[17:52:45] warmStart (decay=exponential) 95% (1104/1159) regret=0.103297 ape=0.5604
[17:52:45] warmStart (decay=exponential) 95% (1105/1159) regret=0.103297 ape=0.5604
[17:52:45] warmStart (decay=exponential) 95% (1106/1159) regret=0.103297 ape=0.5604
[17:52:45] warmStart (decay=exponential) 95% (1107/1159) regret=0.103297 ape=0.5604
[17:52:45] warmStart (decay=exponential) 95% (1108/1159) regret=0.103297 ape=0.5604
[17:52:46] warmStart (decay=exponential) 95% (1109/1159) regret=0.103297 ape=0.5604
[17:52:46] warmStart (decay=exponential) 95% (1110/1159) regret=0.103297 ape=0.5604
[17:52:46] warmStart (decay=exponential) 95% (1111/1159) regret=0.103297 ape=0.5604
[17:52:46] warmStart (decay=exponential) 95% (1112/1159) regret=0.103297 ape=0.5604
[17:52:46] warmStart (decay=exponential) 96% (1113/1159) regret=0.103297 ape=0.5604
[17:52:46] warmStart (decay=exponential) 96% (1114/1159) regret=0.103297 ape=0.5604
[17:52:47] warmStart (decay=exponential) 96% (1115/1159) regret=0.103297 ape=0.5604
[17:52:47] warmStart (decay=exponential) 96% (1116/1159) regret=0.103297 ape=0.5604
[17:52:47] warmStart (decay=exponential) 96% (1117/1159) regret=0.103297 ape=0.5604
[17:52:47] warmStart (decay=exponential) 96% (1118/1159) regret=0.103297 ape=0.5604
[17:52:47] warmStart (decay=exponential) 96% (1119/1159) regret=0.103297 ape=0.5604
[17:52:47] warmStart (decay=exponential) 96% (1120/1159) regret=0.103297 ape=0.5604
[17:52:48] warmStart (decay=exponential) 96% (1121/1159) regret=0.103297 ape=0.5604
[17:52:48] warmStart (decay=exponential) 96% (1122/1159) regret=0.103297 ape=0.5604
[17:52:48] warmStart (decay=exponential) 96% (1123/1159) regret=0.103297 ape=0.5604
[17:52:48] warmStart (decay=exponential) 96% (1124/1159) regret=0.103297 ape=0.5604
[17:52:48] warmStart (decay=exponential) 97% (1125/1159) regret=0.103297 ape=0.5604
[17:52:49] warmStart (decay=exponential) 97% (1126/1159) regret=0.103297 ape=0.5604
[17:52:49] warmStart (decay=exponential) 97% (1127/1159) regret=0.103297 ape=0.5604
[17:52:49] warmStart (decay=exponential) 97% (1128/1159) regret=0.103297 ape=0.5604
[17:52:49] warmStart (decay=exponential) 97% (1129/1159) regret=0.103297 ape=0.5604
[17:52:49] warmStart (decay=exponential) 97% (1130/1159) regret=0.103297 ape=0.5604
[17:52:50] warmStart (decay=exponential) 97% (1131/1159) regret=0.103297 ape=0.5604
[17:52:50] warmStart (decay=exponential) 97% (1132/1159) regret=0.103297 ape=0.5604
[17:52:50] warmStart (decay=exponential) 97% (1133/1159) regret=0.103297 ape=0.5604
[17:52:50] warmStart (decay=exponential) 97% (1134/1159) regret=0.103297 ape=0.5604
[17:52:50] warmStart (decay=exponential) 97% (1135/1159) regret=0.103297 ape=0.5604
[17:52:50] warmStart (decay=exponential) 98% (1136/1159) regret=0.103297 ape=0.5604
[17:52:51] warmStart (decay=exponential) 98% (1137/1159) regret=0.103297 ape=0.5604
[17:52:51] warmStart (decay=exponential) 98% (1138/1159) regret=0.103297 ape=0.5604
[17:52:51] warmStart (decay=exponential) 98% (1139/1159) regret=0.103297 ape=0.5604
[17:52:51] warmStart (decay=exponential) 98% (1140/1159) regret=0.103297 ape=0.5604
[17:52:51] warmStart (decay=exponential) 98% (1141/1159) regret=0.103297 ape=0.5604
[17:52:52] warmStart (decay=exponential) 98% (1142/1159) regret=0.103297 ape=0.5604
[17:52:52] warmStart (decay=exponential) 98% (1143/1159) regret=0.103297 ape=0.5604
[17:52:52] warmStart (decay=exponential) 98% (1144/1159) regret=0.103297 ape=0.5604
[17:52:52] warmStart (decay=exponential) 98% (1145/1159) regret=0.103297 ape=0.5604
[17:52:52] warmStart (decay=exponential) 98% (1146/1159) regret=0.103297 ape=0.5604
[17:52:52] warmStart (decay=exponential) 98% (1147/1159) regret=0.103297 ape=0.5604
[17:52:53] warmStart (decay=exponential) 99% (1148/1159) regret=0.103297 ape=0.5604
[17:52:53] warmStart (decay=exponential) 99% (1149/1159) regret=0.103297 ape=0.5604
[17:52:53] warmStart (decay=exponential) 99% (1150/1159) regret=0.103297 ape=0.5604
[17:52:53] warmStart (decay=exponential) 99% (1151/1159) regret=0.103297 ape=0.5604
[17:52:53] warmStart (decay=exponential) 99% (1152/1159) regret=0.103297 ape=0.5604
[17:52:54] warmStart (decay=exponential) 99% (1153/1159) regret=0.103297 ape=0.5604
[17:52:54] warmStart (decay=exponential) 99% (1154/1159) regret=0.103297 ape=0.5604
[17:52:54] warmStart (decay=exponential) 99% (1155/1159) regret=0.103297 ape=0.5604
[17:52:54] warmStart (decay=exponential) 99% (1156/1159) regret=0.103297 ape=0.5604
[17:52:54] warmStart (decay=exponential) 99% (1157/1159) regret=0.103297 ape=0.5604
[17:52:54] warmStart (decay=exponential) 99% (1158/1159) regret=0.103297 ape=0.5604
Warm w=200 finished: 1158 points, 212.43s wall time
  Final: regret=0.103297, ape=0.5604

Saved: /home/users/g/s/gsavary/LudiiMCTSVariations/slurm_sweep_full_dataset/output_decay/warm_200_decay_exponential_0_025/seed_1/sweep_decay_warm_200_exponential_0.025_1_20260426_175255.json

Generating plots...
Saved: /home/users/g/s/gsavary/LudiiMCTSVariations/slurm_sweep_full_dataset/output_decay/warm_200_decay_exponential_0_025/seed_1/sweep_decay_warm_200_exponential_0.025_1_20260426_175255_regret.png
Saved: /home/users/g/s/gsavary/LudiiMCTSVariations/slurm_sweep_full_dataset/output_decay/warm_200_decay_exponential_0_025/seed_1/sweep_decay_warm_200_exponential_0.025_1_20260426_175255_ape.png

================================================================================
Experiment complete!
================================================================================
Done. Results in: /home/users/g/s/gsavary/LudiiMCTSVariations/slurm_sweep_full_dataset/output_decay/warm_200_decay_exponential_0_025/seed_1
