============================================================
Decay sweep experiment
Method:      warm:50
Decay mode:  exponential
Decay param: 0.05
Seed:        0
Output:      /home/users/g/s/gsavary/LudiiMCTSVariations/slurm_sweep_full_dataset/output_decay/warm_50_decay_exponential_0_05/seed_0
============================================================

================================================================================
SLURM Sweep Experiment with Synthetic Data Decay
================================================================================
Method: warm:50
Decay: exponential (param=0.05)
Time limit: 3600.0s, Seed: 0, Batch size: 20
Output directory: /home/users/g/s/gsavary/LudiiMCTSVariations/slurm_sweep_full_dataset/output_decay/warm_50_decay_exponential_0_05/seed_0

Loading Ludii dataset...
Loaded 1085 games
Using 1085 games (full dataset)

Running timing probe (100 pulls)...
  Estimated secs/pull: 0.022641

Time budget: 3600.0s → ~159003 total pulls
Per-method budget: 22714 pulls (~514.3s)

Computing predictor-only performance...
  Predictions loaded: 23675 agent predictions
  Predictor-only: regret=0.104318, ape=0.4894

Running WARM-START (w=50, decay=exponential param=0.05)...
[17:42:23] warmStart (decay=exponential) 0% (1/1136) regret=0.105942 ape=0.5972
[17:42:23] warmStart (decay=exponential) 0% (2/1136) regret=0.105942 ape=0.5972
[17:42:24] warmStart (decay=exponential) 0% (3/1136) regret=0.105942 ape=0.5972
[17:42:24] warmStart (decay=exponential) 0% (4/1136) regret=0.105942 ape=0.5972
[17:42:24] warmStart (decay=exponential) 0% (5/1136) regret=0.105942 ape=0.5972
[17:42:24] warmStart (decay=exponential) 0% (6/1136) regret=0.105923 ape=0.5972
[17:42:24] warmStart (decay=exponential) 0% (7/1136) regret=0.105942 ape=0.5972
[17:42:25] warmStart (decay=exponential) 0% (8/1136) regret=0.105942 ape=0.5972
[17:42:25] warmStart (decay=exponential) 0% (9/1136) regret=0.105942 ape=0.5972
[17:42:25] warmStart (decay=exponential) 0% (10/1136) regret=0.105942 ape=0.5972
[17:42:25] warmStart (decay=exponential) 0% (11/1136) regret=0.105942 ape=0.5972
[17:42:25] warmStart (decay=exponential) 1% (12/1136) regret=0.105942 ape=0.5972
[17:42:26] warmStart (decay=exponential) 1% (13/1136) regret=0.105942 ape=0.5972
[17:42:26] warmStart (decay=exponential) 1% (14/1136) regret=0.105953 ape=0.5972
[17:42:26] warmStart (decay=exponential) 1% (15/1136) regret=0.105953 ape=0.5972
[17:42:26] warmStart (decay=exponential) 1% (16/1136) regret=0.105953 ape=0.5972
[17:42:26] warmStart (decay=exponential) 1% (17/1136) regret=0.105953 ape=0.5972
[17:42:27] warmStart (decay=exponential) 1% (18/1136) regret=0.105953 ape=0.5972
[17:42:27] warmStart (decay=exponential) 1% (19/1136) regret=0.105953 ape=0.5972
[17:42:27] warmStart (decay=exponential) 1% (20/1136) regret=0.105953 ape=0.5972
[17:42:27] warmStart (decay=exponential) 1% (21/1136) regret=0.105963 ape=0.5972
[17:42:27] warmStart (decay=exponential) 1% (22/1136) regret=0.105921 ape=0.5963
[17:42:28] warmStart (decay=exponential) 2% (23/1136) regret=0.105921 ape=0.5963
[17:42:28] warmStart (decay=exponential) 2% (24/1136) regret=0.105921 ape=0.5963
[17:42:28] warmStart (decay=exponential) 2% (25/1136) regret=0.105953 ape=0.5972
[17:42:28] warmStart (decay=exponential) 2% (26/1136) regret=0.105953 ape=0.5972
[17:42:28] warmStart (decay=exponential) 2% (27/1136) regret=0.105953 ape=0.5972
[17:42:29] warmStart (decay=exponential) 2% (28/1136) regret=0.105953 ape=0.5972
[17:42:29] warmStart (decay=exponential) 2% (29/1136) regret=0.106018 ape=0.5972
[17:42:29] warmStart (decay=exponential) 2% (30/1136) regret=0.105953 ape=0.5972
[17:42:29] warmStart (decay=exponential) 2% (31/1136) regret=0.105953 ape=0.5972
[17:42:29] warmStart (decay=exponential) 2% (32/1136) regret=0.106018 ape=0.5972
[17:42:29] warmStart (decay=exponential) 2% (33/1136) regret=0.105953 ape=0.5972
[17:42:30] warmStart (decay=exponential) 2% (34/1136) regret=0.105942 ape=0.5963
[17:42:30] warmStart (decay=exponential) 3% (35/1136) regret=0.105942 ape=0.5963
[17:42:30] warmStart (decay=exponential) 3% (36/1136) regret=0.105953 ape=0.5972
[17:42:30] warmStart (decay=exponential) 3% (37/1136) regret=0.105942 ape=0.5963
[17:42:30] warmStart (decay=exponential) 3% (38/1136) regret=0.105953 ape=0.5972
[17:42:30] warmStart (decay=exponential) 3% (39/1136) regret=0.105942 ape=0.5963
[17:42:31] warmStart (decay=exponential) 3% (40/1136) regret=0.106126 ape=0.5963
[17:42:31] warmStart (decay=exponential) 3% (41/1136) regret=0.106126 ape=0.5963
[17:42:31] warmStart (decay=exponential) 3% (42/1136) regret=0.105942 ape=0.5963
[17:42:31] warmStart (decay=exponential) 3% (43/1136) regret=0.105942 ape=0.5963
[17:42:31] warmStart (decay=exponential) 3% (44/1136) regret=0.105942 ape=0.5963
[17:42:31] warmStart (decay=exponential) 3% (45/1136) regret=0.105942 ape=0.5963
[17:42:32] warmStart (decay=exponential) 4% (46/1136) regret=0.105942 ape=0.5963
[17:42:32] warmStart (decay=exponential) 4% (47/1136) regret=0.105942 ape=0.5963
[17:42:32] warmStart (decay=exponential) 4% (48/1136) regret=0.105942 ape=0.5963
[17:42:32] warmStart (decay=exponential) 4% (49/1136) regret=0.105942 ape=0.5963
[17:42:32] warmStart (decay=exponential) 4% (50/1136) regret=0.105942 ape=0.5963
[17:42:32] warmStart (decay=exponential) 4% (51/1136) regret=0.105942 ape=0.5963
[17:42:33] warmStart (decay=exponential) 4% (52/1136) regret=0.105942 ape=0.5963
[17:42:33] warmStart (decay=exponential) 4% (53/1136) regret=0.105942 ape=0.5963
[17:42:33] warmStart (decay=exponential) 4% (54/1136) regret=0.105942 ape=0.5963
[17:42:33] warmStart (decay=exponential) 4% (55/1136) regret=0.105942 ape=0.5963
[17:42:33] warmStart (decay=exponential) 4% (56/1136) regret=0.105942 ape=0.5963
[17:42:34] warmStart (decay=exponential) 5% (57/1136) regret=0.105942 ape=0.5963
[17:42:34] warmStart (decay=exponential) 5% (58/1136) regret=0.105942 ape=0.5963
[17:42:34] warmStart (decay=exponential) 5% (59/1136) regret=0.105942 ape=0.5963
[17:42:34] warmStart (decay=exponential) 5% (60/1136) regret=0.105942 ape=0.5963
[17:42:34] warmStart (decay=exponential) 5% (61/1136) regret=0.105942 ape=0.5963
[17:42:35] warmStart (decay=exponential) 5% (62/1136) regret=0.105942 ape=0.5963
[17:42:35] warmStart (decay=exponential) 5% (63/1136) regret=0.105960 ape=0.5972
[17:42:35] warmStart (decay=exponential) 5% (64/1136) regret=0.105960 ape=0.5972
[17:42:35] warmStart (decay=exponential) 5% (65/1136) regret=0.106025 ape=0.5972
[17:42:35] warmStart (decay=exponential) 5% (66/1136) regret=0.106025 ape=0.5972
[17:42:35] warmStart (decay=exponential) 5% (67/1136) regret=0.106025 ape=0.5972
[17:42:36] warmStart (decay=exponential) 5% (68/1136) regret=0.105960 ape=0.5972
[17:42:36] warmStart (decay=exponential) 6% (69/1136) regret=0.105960 ape=0.5972
[17:42:36] warmStart (decay=exponential) 6% (70/1136) regret=0.105241 ape=0.5963
[17:42:36] warmStart (decay=exponential) 6% (71/1136) regret=0.105241 ape=0.5963
[17:42:36] warmStart (decay=exponential) 6% (72/1136) regret=0.105241 ape=0.5963
[17:42:37] warmStart (decay=exponential) 6% (73/1136) regret=0.105241 ape=0.5963
[17:42:37] warmStart (decay=exponential) 6% (74/1136) regret=0.105241 ape=0.5963
[17:42:37] warmStart (decay=exponential) 6% (75/1136) regret=0.105241 ape=0.5963
[17:42:37] warmStart (decay=exponential) 6% (76/1136) regret=0.105261 ape=0.5963
[17:42:37] warmStart (decay=exponential) 6% (77/1136) regret=0.105238 ape=0.5963
[17:42:37] warmStart (decay=exponential) 6% (78/1136) regret=0.105238 ape=0.5963
[17:42:38] warmStart (decay=exponential) 6% (79/1136) regret=0.105254 ape=0.5963
[17:42:38] warmStart (decay=exponential) 7% (80/1136) regret=0.105254 ape=0.5963
[17:42:38] warmStart (decay=exponential) 7% (81/1136) regret=0.105254 ape=0.5963
[17:42:38] warmStart (decay=exponential) 7% (82/1136) regret=0.105254 ape=0.5963
[17:42:38] warmStart (decay=exponential) 7% (83/1136) regret=0.105254 ape=0.5963
[17:42:39] warmStart (decay=exponential) 7% (84/1136) regret=0.105254 ape=0.5963
[17:42:39] warmStart (decay=exponential) 7% (85/1136) regret=0.105254 ape=0.5963
[17:42:39] warmStart (decay=exponential) 7% (86/1136) regret=0.105254 ape=0.5963
[17:42:39] warmStart (decay=exponential) 7% (87/1136) regret=0.105254 ape=0.5963
[17:42:39] warmStart (decay=exponential) 7% (88/1136) regret=0.105254 ape=0.5963
[17:42:40] warmStart (decay=exponential) 7% (89/1136) regret=0.105254 ape=0.5963
[17:42:40] warmStart (decay=exponential) 7% (90/1136) regret=0.105254 ape=0.5963
[17:42:40] warmStart (decay=exponential) 8% (91/1136) regret=0.105254 ape=0.5963
[17:42:40] warmStart (decay=exponential) 8% (92/1136) regret=0.105254 ape=0.5963
[17:42:40] warmStart (decay=exponential) 8% (93/1136) regret=0.105254 ape=0.5963
[17:42:40] warmStart (decay=exponential) 8% (94/1136) regret=0.105254 ape=0.5963
[17:42:41] warmStart (decay=exponential) 8% (95/1136) regret=0.105254 ape=0.5963
[17:42:41] warmStart (decay=exponential) 8% (96/1136) regret=0.105254 ape=0.5963
[17:42:41] warmStart (decay=exponential) 8% (97/1136) regret=0.105254 ape=0.5963
[17:42:41] warmStart (decay=exponential) 8% (98/1136) regret=0.105254 ape=0.5963
[17:42:41] warmStart (decay=exponential) 8% (99/1136) regret=0.105254 ape=0.5963
[17:42:42] warmStart (decay=exponential) 8% (100/1136) regret=0.105254 ape=0.5963
[17:42:42] warmStart (decay=exponential) 8% (101/1136) regret=0.105254 ape=0.5963
[17:42:42] warmStart (decay=exponential) 8% (102/1136) regret=0.105254 ape=0.5963
[17:42:42] warmStart (decay=exponential) 9% (103/1136) regret=0.105254 ape=0.5963
[17:42:42] warmStart (decay=exponential) 9% (104/1136) regret=0.105254 ape=0.5963
[17:42:42] warmStart (decay=exponential) 9% (105/1136) regret=0.105254 ape=0.5963
[17:42:43] warmStart (decay=exponential) 9% (106/1136) regret=0.105254 ape=0.5963
[17:42:43] warmStart (decay=exponential) 9% (107/1136) regret=0.105254 ape=0.5963
[17:42:43] warmStart (decay=exponential) 9% (108/1136) regret=0.105254 ape=0.5963
[17:42:43] warmStart (decay=exponential) 9% (109/1136) regret=0.105254 ape=0.5963
[17:42:43] warmStart (decay=exponential) 9% (110/1136) regret=0.105254 ape=0.5963
[17:42:43] warmStart (decay=exponential) 9% (111/1136) regret=0.105254 ape=0.5963
[17:42:44] warmStart (decay=exponential) 9% (112/1136) regret=0.105254 ape=0.5963
[17:42:44] warmStart (decay=exponential) 9% (113/1136) regret=0.105254 ape=0.5963
[17:42:44] warmStart (decay=exponential) 10% (114/1136) regret=0.105254 ape=0.5963
[17:42:44] warmStart (decay=exponential) 10% (115/1136) regret=0.105254 ape=0.5963
[17:42:44] warmStart (decay=exponential) 10% (116/1136) regret=0.105254 ape=0.5963
[17:42:45] warmStart (decay=exponential) 10% (117/1136) regret=0.105254 ape=0.5963
[17:42:45] warmStart (decay=exponential) 10% (118/1136) regret=0.105254 ape=0.5963
[17:42:45] warmStart (decay=exponential) 10% (119/1136) regret=0.105254 ape=0.5963
[17:42:45] warmStart (decay=exponential) 10% (120/1136) regret=0.105277 ape=0.5972
[17:42:45] warmStart (decay=exponential) 10% (121/1136) regret=0.105277 ape=0.5972
[17:42:46] warmStart (decay=exponential) 10% (122/1136) regret=0.105254 ape=0.5963
[17:42:46] warmStart (decay=exponential) 10% (123/1136) regret=0.105254 ape=0.5963
[17:42:46] warmStart (decay=exponential) 10% (124/1136) regret=0.105254 ape=0.5963
[17:42:46] warmStart (decay=exponential) 11% (125/1136) regret=0.105254 ape=0.5963
[17:42:46] warmStart (decay=exponential) 11% (126/1136) regret=0.105335 ape=0.5972
[17:42:47] warmStart (decay=exponential) 11% (127/1136) regret=0.105254 ape=0.5963
[17:42:47] warmStart (decay=exponential) 11% (128/1136) regret=0.105254 ape=0.5963
[17:42:47] warmStart (decay=exponential) 11% (129/1136) regret=0.105254 ape=0.5963
[17:42:47] warmStart (decay=exponential) 11% (130/1136) regret=0.105254 ape=0.5963
[17:42:47] warmStart (decay=exponential) 11% (131/1136) regret=0.105254 ape=0.5963
[17:42:47] warmStart (decay=exponential) 11% (132/1136) regret=0.105254 ape=0.5963
[17:42:48] warmStart (decay=exponential) 11% (133/1136) regret=0.105254 ape=0.5963
[17:42:48] warmStart (decay=exponential) 11% (134/1136) regret=0.105254 ape=0.5963
[17:42:48] warmStart (decay=exponential) 11% (135/1136) regret=0.105254 ape=0.5963
[17:42:48] warmStart (decay=exponential) 11% (136/1136) regret=0.105254 ape=0.5963
[17:42:48] warmStart (decay=exponential) 12% (137/1136) regret=0.105254 ape=0.5963
[17:42:49] warmStart (decay=exponential) 12% (138/1136) regret=0.105254 ape=0.5963
[17:42:49] warmStart (decay=exponential) 12% (139/1136) regret=0.105254 ape=0.5963
[17:42:49] warmStart (decay=exponential) 12% (140/1136) regret=0.105254 ape=0.5963
[17:42:49] warmStart (decay=exponential) 12% (141/1136) regret=0.105254 ape=0.5963
[17:42:49] warmStart (decay=exponential) 12% (142/1136) regret=0.105254 ape=0.5963
[17:42:49] warmStart (decay=exponential) 12% (143/1136) regret=0.105254 ape=0.5963
[17:42:50] warmStart (decay=exponential) 12% (144/1136) regret=0.105254 ape=0.5963
[17:42:50] warmStart (decay=exponential) 12% (145/1136) regret=0.105254 ape=0.5963
[17:42:50] warmStart (decay=exponential) 12% (146/1136) regret=0.105254 ape=0.5963
[17:42:50] warmStart (decay=exponential) 12% (147/1136) regret=0.105254 ape=0.5963
[17:42:50] warmStart (decay=exponential) 13% (148/1136) regret=0.105254 ape=0.5963
[17:42:51] warmStart (decay=exponential) 13% (149/1136) regret=0.105254 ape=0.5963
[17:42:51] warmStart (decay=exponential) 13% (150/1136) regret=0.105254 ape=0.5963
[17:42:51] warmStart (decay=exponential) 13% (151/1136) regret=0.105254 ape=0.5963
[17:42:51] warmStart (decay=exponential) 13% (152/1136) regret=0.105254 ape=0.5963
[17:42:51] warmStart (decay=exponential) 13% (153/1136) regret=0.105254 ape=0.5963
[17:42:51] warmStart (decay=exponential) 13% (154/1136) regret=0.105254 ape=0.5963
[17:42:52] warmStart (decay=exponential) 13% (155/1136) regret=0.105254 ape=0.5963
[17:42:52] warmStart (decay=exponential) 13% (156/1136) regret=0.105254 ape=0.5963
[17:42:52] warmStart (decay=exponential) 13% (157/1136) regret=0.105254 ape=0.5963
[17:42:52] warmStart (decay=exponential) 13% (158/1136) regret=0.105254 ape=0.5963
[17:42:52] warmStart (decay=exponential) 13% (159/1136) regret=0.105254 ape=0.5963
[17:42:52] warmStart (decay=exponential) 14% (160/1136) regret=0.105254 ape=0.5963
[17:42:53] warmStart (decay=exponential) 14% (161/1136) regret=0.105254 ape=0.5963
[17:42:53] warmStart (decay=exponential) 14% (162/1136) regret=0.105254 ape=0.5963
[17:42:53] warmStart (decay=exponential) 14% (163/1136) regret=0.105254 ape=0.5963
[17:42:53] warmStart (decay=exponential) 14% (164/1136) regret=0.105254 ape=0.5963
[17:42:53] warmStart (decay=exponential) 14% (165/1136) regret=0.105254 ape=0.5963
[17:42:54] warmStart (decay=exponential) 14% (166/1136) regret=0.105254 ape=0.5963
[17:42:54] warmStart (decay=exponential) 14% (167/1136) regret=0.105254 ape=0.5963
[17:42:54] warmStart (decay=exponential) 14% (168/1136) regret=0.105254 ape=0.5963
[17:42:54] warmStart (decay=exponential) 14% (169/1136) regret=0.105254 ape=0.5963
[17:42:54] warmStart (decay=exponential) 14% (170/1136) regret=0.105254 ape=0.5963
[17:42:55] warmStart (decay=exponential) 15% (171/1136) regret=0.105254 ape=0.5963
[17:42:55] warmStart (decay=exponential) 15% (172/1136) regret=0.105254 ape=0.5963
[17:42:55] warmStart (decay=exponential) 15% (173/1136) regret=0.105254 ape=0.5963
[17:42:55] warmStart (decay=exponential) 15% (174/1136) regret=0.105254 ape=0.5963
[17:42:55] warmStart (decay=exponential) 15% (175/1136) regret=0.105254 ape=0.5963
[17:42:55] warmStart (decay=exponential) 15% (176/1136) regret=0.105250 ape=0.5954
[17:42:56] warmStart (decay=exponential) 15% (177/1136) regret=0.105254 ape=0.5963
[17:42:56] warmStart (decay=exponential) 15% (178/1136) regret=0.105254 ape=0.5963
[17:42:56] warmStart (decay=exponential) 15% (179/1136) regret=0.105254 ape=0.5963
[17:42:56] warmStart (decay=exponential) 15% (180/1136) regret=0.105254 ape=0.5963
[17:42:56] warmStart (decay=exponential) 15% (181/1136) regret=0.105254 ape=0.5963
[17:42:56] warmStart (decay=exponential) 16% (182/1136) regret=0.105254 ape=0.5963
[17:42:57] warmStart (decay=exponential) 16% (183/1136) regret=0.105254 ape=0.5963
[17:42:57] warmStart (decay=exponential) 16% (184/1136) regret=0.105254 ape=0.5963
[17:42:57] warmStart (decay=exponential) 16% (185/1136) regret=0.105254 ape=0.5963
[17:42:57] warmStart (decay=exponential) 16% (186/1136) regret=0.105254 ape=0.5963
[17:42:57] warmStart (decay=exponential) 16% (187/1136) regret=0.105254 ape=0.5963
[17:42:57] warmStart (decay=exponential) 16% (188/1136) regret=0.105254 ape=0.5963
[17:42:58] warmStart (decay=exponential) 16% (189/1136) regret=0.105254 ape=0.5963
[17:42:58] warmStart (decay=exponential) 16% (190/1136) regret=0.105254 ape=0.5963
[17:42:58] warmStart (decay=exponential) 16% (191/1136) regret=0.105254 ape=0.5963
[17:42:58] warmStart (decay=exponential) 16% (192/1136) regret=0.105254 ape=0.5963
[17:42:58] warmStart (decay=exponential) 16% (193/1136) regret=0.105254 ape=0.5963
[17:42:58] warmStart (decay=exponential) 17% (194/1136) regret=0.105224 ape=0.5954
[17:42:59] warmStart (decay=exponential) 17% (195/1136) regret=0.105224 ape=0.5954
[17:42:59] warmStart (decay=exponential) 17% (196/1136) regret=0.105254 ape=0.5963
[17:42:59] warmStart (decay=exponential) 17% (197/1136) regret=0.105254 ape=0.5963
[17:42:59] warmStart (decay=exponential) 17% (198/1136) regret=0.105254 ape=0.5963
[17:42:59] warmStart (decay=exponential) 17% (199/1136) regret=0.105254 ape=0.5963
[17:42:59] warmStart (decay=exponential) 17% (200/1136) regret=0.105254 ape=0.5963
[17:43:00] warmStart (decay=exponential) 17% (201/1136) regret=0.105224 ape=0.5954
[17:43:00] warmStart (decay=exponential) 17% (202/1136) regret=0.105307 ape=0.5954
[17:43:00] warmStart (decay=exponential) 17% (203/1136) regret=0.105288 ape=0.5954
[17:43:00] warmStart (decay=exponential) 17% (204/1136) regret=0.105288 ape=0.5954
[17:43:00] warmStart (decay=exponential) 18% (205/1136) regret=0.105288 ape=0.5954
[17:43:01] warmStart (decay=exponential) 18% (206/1136) regret=0.105169 ape=0.5945
[17:43:01] warmStart (decay=exponential) 18% (207/1136) regret=0.105169 ape=0.5945
[17:43:01] warmStart (decay=exponential) 18% (208/1136) regret=0.105169 ape=0.5945
[17:43:01] warmStart (decay=exponential) 18% (209/1136) regret=0.105288 ape=0.5954
[17:43:01] warmStart (decay=exponential) 18% (210/1136) regret=0.105181 ape=0.5945
[17:43:01] warmStart (decay=exponential) 18% (211/1136) regret=0.104731 ape=0.5945
[17:43:02] warmStart (decay=exponential) 18% (212/1136) regret=0.104731 ape=0.5945
[17:43:02] warmStart (decay=exponential) 18% (213/1136) regret=0.104731 ape=0.5945
[17:43:02] warmStart (decay=exponential) 18% (214/1136) regret=0.104731 ape=0.5945
[17:43:02] warmStart (decay=exponential) 18% (215/1136) regret=0.104731 ape=0.5945
[17:43:02] warmStart (decay=exponential) 19% (216/1136) regret=0.104731 ape=0.5945
[17:43:03] warmStart (decay=exponential) 19% (217/1136) regret=0.104731 ape=0.5945
[17:43:03] warmStart (decay=exponential) 19% (218/1136) regret=0.104726 ape=0.5935
[17:43:03] warmStart (decay=exponential) 19% (219/1136) regret=0.104726 ape=0.5935
[17:43:03] warmStart (decay=exponential) 19% (220/1136) regret=0.104726 ape=0.5935
[17:43:03] warmStart (decay=exponential) 19% (221/1136) regret=0.104731 ape=0.5945
[17:43:03] warmStart (decay=exponential) 19% (222/1136) regret=0.104726 ape=0.5935
[17:43:04] warmStart (decay=exponential) 19% (223/1136) regret=0.104726 ape=0.5935
[17:43:04] warmStart (decay=exponential) 19% (224/1136) regret=0.104726 ape=0.5935
[17:43:04] warmStart (decay=exponential) 19% (225/1136) regret=0.104726 ape=0.5935
[17:43:04] warmStart (decay=exponential) 19% (226/1136) regret=0.104726 ape=0.5935
[17:43:04] warmStart (decay=exponential) 19% (227/1136) regret=0.104726 ape=0.5935
[17:43:04] warmStart (decay=exponential) 20% (228/1136) regret=0.104726 ape=0.5935
[17:43:05] warmStart (decay=exponential) 20% (229/1136) regret=0.104740 ape=0.5945
[17:43:05] warmStart (decay=exponential) 20% (230/1136) regret=0.104740 ape=0.5945
[17:43:05] warmStart (decay=exponential) 20% (231/1136) regret=0.104740 ape=0.5945
[17:43:05] warmStart (decay=exponential) 20% (232/1136) regret=0.104740 ape=0.5945
[17:43:05] warmStart (decay=exponential) 20% (233/1136) regret=0.104726 ape=0.5935
[17:43:05] warmStart (decay=exponential) 20% (234/1136) regret=0.104726 ape=0.5935
[17:43:06] warmStart (decay=exponential) 20% (235/1136) regret=0.104726 ape=0.5935
[17:43:06] warmStart (decay=exponential) 20% (236/1136) regret=0.104726 ape=0.5935
[17:43:06] warmStart (decay=exponential) 20% (237/1136) regret=0.104726 ape=0.5935
[17:43:06] warmStart (decay=exponential) 20% (238/1136) regret=0.104726 ape=0.5935
[17:43:06] warmStart (decay=exponential) 21% (239/1136) regret=0.104726 ape=0.5935
[17:43:07] warmStart (decay=exponential) 21% (240/1136) regret=0.104726 ape=0.5935
[17:43:07] warmStart (decay=exponential) 21% (241/1136) regret=0.104726 ape=0.5935
[17:43:07] warmStart (decay=exponential) 21% (242/1136) regret=0.104726 ape=0.5935
[17:43:07] warmStart (decay=exponential) 21% (243/1136) regret=0.104726 ape=0.5935
[17:43:07] warmStart (decay=exponential) 21% (244/1136) regret=0.104726 ape=0.5935
[17:43:07] warmStart (decay=exponential) 21% (245/1136) regret=0.104726 ape=0.5935
[17:43:08] warmStart (decay=exponential) 21% (246/1136) regret=0.104726 ape=0.5935
[17:43:08] warmStart (decay=exponential) 21% (247/1136) regret=0.104726 ape=0.5935
[17:43:08] warmStart (decay=exponential) 21% (248/1136) regret=0.104648 ape=0.5926
[17:43:08] warmStart (decay=exponential) 21% (249/1136) regret=0.104648 ape=0.5926
[17:43:08] warmStart (decay=exponential) 22% (250/1136) regret=0.104648 ape=0.5926
[17:43:09] warmStart (decay=exponential) 22% (251/1136) regret=0.104648 ape=0.5926
[17:43:09] warmStart (decay=exponential) 22% (252/1136) regret=0.104648 ape=0.5926
[17:43:09] warmStart (decay=exponential) 22% (253/1136) regret=0.104648 ape=0.5926
[17:43:09] warmStart (decay=exponential) 22% (254/1136) regret=0.104648 ape=0.5926
[17:43:09] warmStart (decay=exponential) 22% (255/1136) regret=0.104648 ape=0.5926
[17:43:10] warmStart (decay=exponential) 22% (256/1136) regret=0.104648 ape=0.5926
[17:43:10] warmStart (decay=exponential) 22% (257/1136) regret=0.104648 ape=0.5926
[17:43:10] warmStart (decay=exponential) 22% (258/1136) regret=0.104647 ape=0.5926
[17:43:10] warmStart (decay=exponential) 22% (259/1136) regret=0.104647 ape=0.5926
[17:43:10] warmStart (decay=exponential) 22% (260/1136) regret=0.104646 ape=0.5926
[17:43:10] warmStart (decay=exponential) 22% (261/1136) regret=0.104639 ape=0.5917
[17:43:11] warmStart (decay=exponential) 23% (262/1136) regret=0.104646 ape=0.5926
[17:43:11] warmStart (decay=exponential) 23% (263/1136) regret=0.104639 ape=0.5917
[17:43:11] warmStart (decay=exponential) 23% (264/1136) regret=0.104639 ape=0.5917
[17:43:11] warmStart (decay=exponential) 23% (265/1136) regret=0.104639 ape=0.5917
[17:43:11] warmStart (decay=exponential) 23% (266/1136) regret=0.104639 ape=0.5917
[17:43:11] warmStart (decay=exponential) 23% (267/1136) regret=0.104639 ape=0.5917
[17:43:12] warmStart (decay=exponential) 23% (268/1136) regret=0.104639 ape=0.5917
[17:43:12] warmStart (decay=exponential) 23% (269/1136) regret=0.104639 ape=0.5917
[17:43:12] warmStart (decay=exponential) 23% (270/1136) regret=0.104639 ape=0.5917
[17:43:12] warmStart (decay=exponential) 23% (271/1136) regret=0.104639 ape=0.5917
[17:43:12] warmStart (decay=exponential) 23% (272/1136) regret=0.104639 ape=0.5917
[17:43:12] warmStart (decay=exponential) 24% (273/1136) regret=0.104639 ape=0.5917
[17:43:13] warmStart (decay=exponential) 24% (274/1136) regret=0.104639 ape=0.5917
[17:43:13] warmStart (decay=exponential) 24% (275/1136) regret=0.104639 ape=0.5917
[17:43:13] warmStart (decay=exponential) 24% (276/1136) regret=0.104639 ape=0.5917
[17:43:13] warmStart (decay=exponential) 24% (277/1136) regret=0.104639 ape=0.5917
[17:43:13] warmStart (decay=exponential) 24% (278/1136) regret=0.104639 ape=0.5917
[17:43:13] warmStart (decay=exponential) 24% (279/1136) regret=0.104639 ape=0.5917
[17:43:14] warmStart (decay=exponential) 24% (280/1136) regret=0.104639 ape=0.5917
[17:43:14] warmStart (decay=exponential) 24% (281/1136) regret=0.104639 ape=0.5917
[17:43:14] warmStart (decay=exponential) 24% (282/1136) regret=0.104639 ape=0.5917
[17:43:14] warmStart (decay=exponential) 24% (283/1136) regret=0.104639 ape=0.5917
[17:43:14] warmStart (decay=exponential) 25% (284/1136) regret=0.104639 ape=0.5917
[17:43:14] warmStart (decay=exponential) 25% (285/1136) regret=0.104639 ape=0.5917
[17:43:15] warmStart (decay=exponential) 25% (286/1136) regret=0.104647 ape=0.5917
[17:43:15] warmStart (decay=exponential) 25% (287/1136) regret=0.104647 ape=0.5917
[17:43:15] warmStart (decay=exponential) 25% (288/1136) regret=0.104639 ape=0.5917
[17:43:15] warmStart (decay=exponential) 25% (289/1136) regret=0.104645 ape=0.5917
[17:43:15] warmStart (decay=exponential) 25% (290/1136) regret=0.104645 ape=0.5917
[17:43:16] warmStart (decay=exponential) 25% (291/1136) regret=0.104645 ape=0.5917
[17:43:16] warmStart (decay=exponential) 25% (292/1136) regret=0.104645 ape=0.5917
[17:43:16] warmStart (decay=exponential) 25% (293/1136) regret=0.104645 ape=0.5917
[17:43:16] warmStart (decay=exponential) 25% (294/1136) regret=0.104645 ape=0.5917
[17:43:16] warmStart (decay=exponential) 25% (295/1136) regret=0.104645 ape=0.5917
[17:43:16] warmStart (decay=exponential) 26% (296/1136) regret=0.104639 ape=0.5917
[17:43:17] warmStart (decay=exponential) 26% (297/1136) regret=0.104639 ape=0.5917
[17:43:17] warmStart (decay=exponential) 26% (298/1136) regret=0.104639 ape=0.5917
[17:43:17] warmStart (decay=exponential) 26% (299/1136) regret=0.104639 ape=0.5917
[17:43:17] warmStart (decay=exponential) 26% (300/1136) regret=0.104639 ape=0.5917
[17:43:17] warmStart (decay=exponential) 26% (301/1136) regret=0.104639 ape=0.5917
[17:43:18] warmStart (decay=exponential) 26% (302/1136) regret=0.104639 ape=0.5917
[17:43:18] warmStart (decay=exponential) 26% (303/1136) regret=0.104639 ape=0.5917
[17:43:18] warmStart (decay=exponential) 26% (304/1136) regret=0.104639 ape=0.5917
[17:43:18] warmStart (decay=exponential) 26% (305/1136) regret=0.104639 ape=0.5917
[17:43:18] warmStart (decay=exponential) 26% (306/1136) regret=0.104639 ape=0.5917
[17:43:18] warmStart (decay=exponential) 27% (307/1136) regret=0.104639 ape=0.5917
[17:43:19] warmStart (decay=exponential) 27% (308/1136) regret=0.104639 ape=0.5917
[17:43:19] warmStart (decay=exponential) 27% (309/1136) regret=0.104639 ape=0.5917
[17:43:19] warmStart (decay=exponential) 27% (310/1136) regret=0.104639 ape=0.5917
[17:43:19] warmStart (decay=exponential) 27% (311/1136) regret=0.104639 ape=0.5917
[17:43:19] warmStart (decay=exponential) 27% (312/1136) regret=0.104639 ape=0.5917
[17:43:20] warmStart (decay=exponential) 27% (313/1136) regret=0.104639 ape=0.5917
[17:43:20] warmStart (decay=exponential) 27% (314/1136) regret=0.104639 ape=0.5917
[17:43:20] warmStart (decay=exponential) 27% (315/1136) regret=0.104639 ape=0.5917
[17:43:20] warmStart (decay=exponential) 27% (316/1136) regret=0.104639 ape=0.5917
[17:43:20] warmStart (decay=exponential) 27% (317/1136) regret=0.104639 ape=0.5917
[17:43:20] warmStart (decay=exponential) 27% (318/1136) regret=0.104639 ape=0.5917
[17:43:21] warmStart (decay=exponential) 28% (319/1136) regret=0.104639 ape=0.5917
[17:43:21] warmStart (decay=exponential) 28% (320/1136) regret=0.104639 ape=0.5917
[17:43:21] warmStart (decay=exponential) 28% (321/1136) regret=0.104639 ape=0.5917
[17:43:21] warmStart (decay=exponential) 28% (322/1136) regret=0.104639 ape=0.5917
[17:43:21] warmStart (decay=exponential) 28% (323/1136) regret=0.104639 ape=0.5917
[17:43:22] warmStart (decay=exponential) 28% (324/1136) regret=0.104759 ape=0.5917
[17:43:22] warmStart (decay=exponential) 28% (325/1136) regret=0.104745 ape=0.5917
[17:43:22] warmStart (decay=exponential) 28% (326/1136) regret=0.104701 ape=0.5917
[17:43:22] warmStart (decay=exponential) 28% (327/1136) regret=0.104639 ape=0.5917
[17:43:22] warmStart (decay=exponential) 28% (328/1136) regret=0.104639 ape=0.5917
[17:43:22] warmStart (decay=exponential) 28% (329/1136) regret=0.104639 ape=0.5917
[17:43:23] warmStart (decay=exponential) 29% (330/1136) regret=0.104614 ape=0.5917
[17:43:23] warmStart (decay=exponential) 29% (331/1136) regret=0.104614 ape=0.5917
[17:43:23] warmStart (decay=exponential) 29% (332/1136) regret=0.104614 ape=0.5917
[17:43:23] warmStart (decay=exponential) 29% (333/1136) regret=0.104614 ape=0.5917
[17:43:23] warmStart (decay=exponential) 29% (334/1136) regret=0.104651 ape=0.5917
[17:43:24] warmStart (decay=exponential) 29% (335/1136) regret=0.104614 ape=0.5917
[17:43:24] warmStart (decay=exponential) 29% (336/1136) regret=0.104614 ape=0.5917
[17:43:24] warmStart (decay=exponential) 29% (337/1136) regret=0.104614 ape=0.5917
[17:43:24] warmStart (decay=exponential) 29% (338/1136) regret=0.104614 ape=0.5917
[17:43:24] warmStart (decay=exponential) 29% (339/1136) regret=0.104614 ape=0.5917
[17:43:25] warmStart (decay=exponential) 29% (340/1136) regret=0.104614 ape=0.5917
[17:43:25] warmStart (decay=exponential) 30% (341/1136) regret=0.104614 ape=0.5917
[17:43:25] warmStart (decay=exponential) 30% (342/1136) regret=0.104614 ape=0.5917
[17:43:25] warmStart (decay=exponential) 30% (343/1136) regret=0.104614 ape=0.5917
[17:43:25] warmStart (decay=exponential) 30% (344/1136) regret=0.104614 ape=0.5917
[17:43:25] warmStart (decay=exponential) 30% (345/1136) regret=0.104614 ape=0.5917
[17:43:26] warmStart (decay=exponential) 30% (346/1136) regret=0.104614 ape=0.5917
[17:43:26] warmStart (decay=exponential) 30% (347/1136) regret=0.104614 ape=0.5917
[17:43:26] warmStart (decay=exponential) 30% (348/1136) regret=0.104614 ape=0.5917
[17:43:26] warmStart (decay=exponential) 30% (349/1136) regret=0.104614 ape=0.5917
[17:43:26] warmStart (decay=exponential) 30% (350/1136) regret=0.104614 ape=0.5917
[17:43:27] warmStart (decay=exponential) 30% (351/1136) regret=0.104614 ape=0.5917
[17:43:27] warmStart (decay=exponential) 30% (352/1136) regret=0.104614 ape=0.5917
[17:43:27] warmStart (decay=exponential) 31% (353/1136) regret=0.104614 ape=0.5917
[17:43:27] warmStart (decay=exponential) 31% (354/1136) regret=0.104614 ape=0.5917
[17:43:27] warmStart (decay=exponential) 31% (355/1136) regret=0.104614 ape=0.5917
[17:43:28] warmStart (decay=exponential) 31% (356/1136) regret=0.104614 ape=0.5917
[17:43:28] warmStart (decay=exponential) 31% (357/1136) regret=0.104614 ape=0.5917
[17:43:28] warmStart (decay=exponential) 31% (358/1136) regret=0.104614 ape=0.5917
[17:43:28] warmStart (decay=exponential) 31% (359/1136) regret=0.104614 ape=0.5917
[17:43:28] warmStart (decay=exponential) 31% (360/1136) regret=0.104614 ape=0.5917
[17:43:29] warmStart (decay=exponential) 31% (361/1136) regret=0.104614 ape=0.5917
[17:43:29] warmStart (decay=exponential) 31% (362/1136) regret=0.104614 ape=0.5917
[17:43:29] warmStart (decay=exponential) 31% (363/1136) regret=0.104614 ape=0.5917
[17:43:29] warmStart (decay=exponential) 32% (364/1136) regret=0.104614 ape=0.5917
[17:43:29] warmStart (decay=exponential) 32% (365/1136) regret=0.104614 ape=0.5917
[17:43:29] warmStart (decay=exponential) 32% (366/1136) regret=0.104614 ape=0.5917
[17:43:30] warmStart (decay=exponential) 32% (367/1136) regret=0.104614 ape=0.5917
[17:43:30] warmStart (decay=exponential) 32% (368/1136) regret=0.104614 ape=0.5917
[17:43:30] warmStart (decay=exponential) 32% (369/1136) regret=0.104614 ape=0.5917
[17:43:30] warmStart (decay=exponential) 32% (370/1136) regret=0.104614 ape=0.5917
[17:43:30] warmStart (decay=exponential) 32% (371/1136) regret=0.104614 ape=0.5917
[17:43:31] warmStart (decay=exponential) 32% (372/1136) regret=0.104614 ape=0.5917
[17:43:31] warmStart (decay=exponential) 32% (373/1136) regret=0.104614 ape=0.5917
[17:43:31] warmStart (decay=exponential) 32% (374/1136) regret=0.104614 ape=0.5917
[17:43:31] warmStart (decay=exponential) 33% (375/1136) regret=0.104614 ape=0.5917
[17:43:31] warmStart (decay=exponential) 33% (376/1136) regret=0.104614 ape=0.5917
[17:43:32] warmStart (decay=exponential) 33% (377/1136) regret=0.104614 ape=0.5917
[17:43:32] warmStart (decay=exponential) 33% (378/1136) regret=0.104614 ape=0.5917
[17:43:32] warmStart (decay=exponential) 33% (379/1136) regret=0.104614 ape=0.5917
[17:43:32] warmStart (decay=exponential) 33% (380/1136) regret=0.104614 ape=0.5917
[17:43:32] warmStart (decay=exponential) 33% (381/1136) regret=0.104614 ape=0.5917
[17:43:32] warmStart (decay=exponential) 33% (382/1136) regret=0.104614 ape=0.5917
[17:43:33] warmStart (decay=exponential) 33% (383/1136) regret=0.104614 ape=0.5917
[17:43:33] warmStart (decay=exponential) 33% (384/1136) regret=0.104614 ape=0.5917
[17:43:33] warmStart (decay=exponential) 33% (385/1136) regret=0.104614 ape=0.5917
[17:43:33] warmStart (decay=exponential) 33% (386/1136) regret=0.104614 ape=0.5917
[17:43:33] warmStart (decay=exponential) 34% (387/1136) regret=0.104614 ape=0.5917
[17:43:33] warmStart (decay=exponential) 34% (388/1136) regret=0.104614 ape=0.5917
[17:43:34] warmStart (decay=exponential) 34% (389/1136) regret=0.104614 ape=0.5917
[17:43:34] warmStart (decay=exponential) 34% (390/1136) regret=0.104614 ape=0.5917
[17:43:34] warmStart (decay=exponential) 34% (391/1136) regret=0.104614 ape=0.5917
[17:43:34] warmStart (decay=exponential) 34% (392/1136) regret=0.104614 ape=0.5917
[17:43:34] warmStart (decay=exponential) 34% (393/1136) regret=0.104614 ape=0.5917
[17:43:34] warmStart (decay=exponential) 34% (394/1136) regret=0.104429 ape=0.5908
[17:43:35] warmStart (decay=exponential) 34% (395/1136) regret=0.104429 ape=0.5908
[17:43:35] warmStart (decay=exponential) 34% (396/1136) regret=0.104429 ape=0.5908
[17:43:35] warmStart (decay=exponential) 34% (397/1136) regret=0.104429 ape=0.5908
[17:43:35] warmStart (decay=exponential) 35% (398/1136) regret=0.104429 ape=0.5908
[17:43:35] warmStart (decay=exponential) 35% (399/1136) regret=0.104429 ape=0.5908
[17:43:35] warmStart (decay=exponential) 35% (400/1136) regret=0.104393 ape=0.5899
[17:43:35] warmStart (decay=exponential) 35% (401/1136) regret=0.104393 ape=0.5899
[17:43:36] warmStart (decay=exponential) 35% (402/1136) regret=0.104393 ape=0.5899
[17:43:36] warmStart (decay=exponential) 35% (403/1136) regret=0.104393 ape=0.5899
[17:43:36] warmStart (decay=exponential) 35% (404/1136) regret=0.104393 ape=0.5899
[17:43:36] warmStart (decay=exponential) 35% (405/1136) regret=0.104393 ape=0.5899
[17:43:36] warmStart (decay=exponential) 35% (406/1136) regret=0.104771 ape=0.5908
[17:43:36] warmStart (decay=exponential) 35% (407/1136) regret=0.104771 ape=0.5908
[17:43:36] warmStart (decay=exponential) 35% (408/1136) regret=0.104808 ape=0.5908
[17:43:37] warmStart (decay=exponential) 36% (409/1136) regret=0.104808 ape=0.5908
[17:43:37] warmStart (decay=exponential) 36% (410/1136) regret=0.104624 ape=0.5908
[17:43:37] warmStart (decay=exponential) 36% (411/1136) regret=0.104624 ape=0.5908
[17:43:37] warmStart (decay=exponential) 36% (412/1136) regret=0.104624 ape=0.5908
[17:43:37] warmStart (decay=exponential) 36% (413/1136) regret=0.104624 ape=0.5908
[17:43:38] warmStart (decay=exponential) 36% (414/1136) regret=0.104393 ape=0.5899
[17:43:38] warmStart (decay=exponential) 36% (415/1136) regret=0.104393 ape=0.5899
[17:43:38] warmStart (decay=exponential) 36% (416/1136) regret=0.104393 ape=0.5899
[17:43:38] warmStart (decay=exponential) 36% (417/1136) regret=0.104393 ape=0.5899
[17:43:38] warmStart (decay=exponential) 36% (418/1136) regret=0.104393 ape=0.5899
[17:43:38] warmStart (decay=exponential) 36% (419/1136) regret=0.104393 ape=0.5899
[17:43:38] warmStart (decay=exponential) 36% (420/1136) regret=0.104393 ape=0.5899
[17:43:39] warmStart (decay=exponential) 37% (421/1136) regret=0.104393 ape=0.5899
[17:43:39] warmStart (decay=exponential) 37% (422/1136) regret=0.104395 ape=0.5899
[17:43:39] warmStart (decay=exponential) 37% (423/1136) regret=0.104384 ape=0.5899
[17:43:39] warmStart (decay=exponential) 37% (424/1136) regret=0.104398 ape=0.5899
[17:43:39] warmStart (decay=exponential) 37% (425/1136) regret=0.104395 ape=0.5899
[17:43:39] warmStart (decay=exponential) 37% (426/1136) regret=0.104395 ape=0.5899
[17:43:40] warmStart (decay=exponential) 37% (427/1136) regret=0.104395 ape=0.5899
[17:43:40] warmStart (decay=exponential) 37% (428/1136) regret=0.104395 ape=0.5899
[17:43:40] warmStart (decay=exponential) 37% (429/1136) regret=0.104370 ape=0.5899
[17:43:40] warmStart (decay=exponential) 37% (430/1136) regret=0.104370 ape=0.5899
[17:43:40] warmStart (decay=exponential) 37% (431/1136) regret=0.104370 ape=0.5899
[17:43:40] warmStart (decay=exponential) 38% (432/1136) regret=0.104370 ape=0.5899
[17:43:41] warmStart (decay=exponential) 38% (433/1136) regret=0.104370 ape=0.5899
[17:43:41] warmStart (decay=exponential) 38% (434/1136) regret=0.104370 ape=0.5899
[17:43:41] warmStart (decay=exponential) 38% (435/1136) regret=0.104370 ape=0.5899
[17:43:41] warmStart (decay=exponential) 38% (436/1136) regret=0.104370 ape=0.5899
[17:43:41] warmStart (decay=exponential) 38% (437/1136) regret=0.104370 ape=0.5899
[17:43:41] warmStart (decay=exponential) 38% (438/1136) regret=0.104370 ape=0.5899
[17:43:42] warmStart (decay=exponential) 38% (439/1136) regret=0.104370 ape=0.5899
[17:43:42] warmStart (decay=exponential) 38% (440/1136) regret=0.104370 ape=0.5899
[17:43:42] warmStart (decay=exponential) 38% (441/1136) regret=0.104370 ape=0.5899
[17:43:42] warmStart (decay=exponential) 38% (442/1136) regret=0.104370 ape=0.5899
[17:43:42] warmStart (decay=exponential) 38% (443/1136) regret=0.104370 ape=0.5899
[17:43:42] warmStart (decay=exponential) 39% (444/1136) regret=0.104370 ape=0.5899
[17:43:43] warmStart (decay=exponential) 39% (445/1136) regret=0.104370 ape=0.5899
[17:43:43] warmStart (decay=exponential) 39% (446/1136) regret=0.104370 ape=0.5899
[17:43:43] warmStart (decay=exponential) 39% (447/1136) regret=0.104370 ape=0.5899
[17:43:43] warmStart (decay=exponential) 39% (448/1136) regret=0.104370 ape=0.5899
[17:43:43] warmStart (decay=exponential) 39% (449/1136) regret=0.104370 ape=0.5899
[17:43:43] warmStart (decay=exponential) 39% (450/1136) regret=0.104370 ape=0.5899
[17:43:43] warmStart (decay=exponential) 39% (451/1136) regret=0.104370 ape=0.5899
[17:43:44] warmStart (decay=exponential) 39% (452/1136) regret=0.104370 ape=0.5899
[17:43:44] warmStart (decay=exponential) 39% (453/1136) regret=0.104370 ape=0.5899
[17:43:44] warmStart (decay=exponential) 39% (454/1136) regret=0.104237 ape=0.5889
[17:43:44] warmStart (decay=exponential) 40% (455/1136) regret=0.104237 ape=0.5889
[17:43:44] warmStart (decay=exponential) 40% (456/1136) regret=0.104237 ape=0.5889
[17:43:44] warmStart (decay=exponential) 40% (457/1136) regret=0.104237 ape=0.5889
[17:43:44] warmStart (decay=exponential) 40% (458/1136) regret=0.104237 ape=0.5889
[17:43:45] warmStart (decay=exponential) 40% (459/1136) regret=0.104237 ape=0.5889
[17:43:45] warmStart (decay=exponential) 40% (460/1136) regret=0.104237 ape=0.5889
[17:43:45] warmStart (decay=exponential) 40% (461/1136) regret=0.104237 ape=0.5889
[17:43:45] warmStart (decay=exponential) 40% (462/1136) regret=0.104237 ape=0.5889
[17:43:45] warmStart (decay=exponential) 40% (463/1136) regret=0.104237 ape=0.5889
[17:43:45] warmStart (decay=exponential) 40% (464/1136) regret=0.104237 ape=0.5889
[17:43:46] warmStart (decay=exponential) 40% (465/1136) regret=0.104237 ape=0.5889
[17:43:46] warmStart (decay=exponential) 41% (466/1136) regret=0.104237 ape=0.5889
[17:43:46] warmStart (decay=exponential) 41% (467/1136) regret=0.104237 ape=0.5889
[17:43:46] warmStart (decay=exponential) 41% (468/1136) regret=0.104237 ape=0.5889
[17:43:46] warmStart (decay=exponential) 41% (469/1136) regret=0.104237 ape=0.5889
[17:43:46] warmStart (decay=exponential) 41% (470/1136) regret=0.104237 ape=0.5889
[17:43:46] warmStart (decay=exponential) 41% (471/1136) regret=0.104237 ape=0.5889
[17:43:47] warmStart (decay=exponential) 41% (472/1136) regret=0.104237 ape=0.5889
[17:43:47] warmStart (decay=exponential) 41% (473/1136) regret=0.104237 ape=0.5889
[17:43:47] warmStart (decay=exponential) 41% (474/1136) regret=0.104237 ape=0.5889
[17:43:47] warmStart (decay=exponential) 41% (475/1136) regret=0.104237 ape=0.5889
[17:43:47] warmStart (decay=exponential) 41% (476/1136) regret=0.104237 ape=0.5889
[17:43:47] warmStart (decay=exponential) 41% (477/1136) regret=0.104207 ape=0.5880
[17:43:47] warmStart (decay=exponential) 42% (478/1136) regret=0.104254 ape=0.5889
[17:43:48] warmStart (decay=exponential) 42% (479/1136) regret=0.104254 ape=0.5889
[17:43:48] warmStart (decay=exponential) 42% (480/1136) regret=0.104207 ape=0.5880
[17:43:48] warmStart (decay=exponential) 42% (481/1136) regret=0.104207 ape=0.5880
[17:43:48] warmStart (decay=exponential) 42% (482/1136) regret=0.104207 ape=0.5880
[17:43:48] warmStart (decay=exponential) 42% (483/1136) regret=0.104207 ape=0.5880
[17:43:48] warmStart (decay=exponential) 42% (484/1136) regret=0.104207 ape=0.5880
[17:43:48] warmStart (decay=exponential) 42% (485/1136) regret=0.104207 ape=0.5880
[17:43:49] warmStart (decay=exponential) 42% (486/1136) regret=0.104207 ape=0.5880
[17:43:49] warmStart (decay=exponential) 42% (487/1136) regret=0.104207 ape=0.5880
[17:43:49] warmStart (decay=exponential) 42% (488/1136) regret=0.104207 ape=0.5880
[17:43:49] warmStart (decay=exponential) 43% (489/1136) regret=0.104237 ape=0.5889
[17:43:49] warmStart (decay=exponential) 43% (490/1136) regret=0.104237 ape=0.5889
[17:43:49] warmStart (decay=exponential) 43% (491/1136) regret=0.104207 ape=0.5880
[17:43:49] warmStart (decay=exponential) 43% (492/1136) regret=0.104207 ape=0.5880
[17:43:50] warmStart (decay=exponential) 43% (493/1136) regret=0.104207 ape=0.5880
[17:43:50] warmStart (decay=exponential) 43% (494/1136) regret=0.104206 ape=0.5880
[17:43:50] warmStart (decay=exponential) 43% (495/1136) regret=0.104201 ape=0.5880
[17:43:50] warmStart (decay=exponential) 43% (496/1136) regret=0.104201 ape=0.5880
[17:43:50] warmStart (decay=exponential) 43% (497/1136) regret=0.104201 ape=0.5880
[17:43:50] warmStart (decay=exponential) 43% (498/1136) regret=0.104201 ape=0.5880
[17:43:50] warmStart (decay=exponential) 43% (499/1136) regret=0.104201 ape=0.5880
[17:43:51] warmStart (decay=exponential) 44% (500/1136) regret=0.104201 ape=0.5880
[17:43:51] warmStart (decay=exponential) 44% (501/1136) regret=0.104201 ape=0.5880
[17:43:51] warmStart (decay=exponential) 44% (502/1136) regret=0.104201 ape=0.5880
[17:43:51] warmStart (decay=exponential) 44% (503/1136) regret=0.104201 ape=0.5880
[17:43:51] warmStart (decay=exponential) 44% (504/1136) regret=0.104201 ape=0.5880
[17:43:51] warmStart (decay=exponential) 44% (505/1136) regret=0.104201 ape=0.5880
[17:43:51] warmStart (decay=exponential) 44% (506/1136) regret=0.104201 ape=0.5880
[17:43:52] warmStart (decay=exponential) 44% (507/1136) regret=0.104201 ape=0.5880
[17:43:52] warmStart (decay=exponential) 44% (508/1136) regret=0.104201 ape=0.5880
[17:43:52] warmStart (decay=exponential) 44% (509/1136) regret=0.104201 ape=0.5880
[17:43:52] warmStart (decay=exponential) 44% (510/1136) regret=0.104201 ape=0.5880
[17:43:52] warmStart (decay=exponential) 44% (511/1136) regret=0.104201 ape=0.5880
[17:43:52] warmStart (decay=exponential) 45% (512/1136) regret=0.104201 ape=0.5880
[17:43:53] warmStart (decay=exponential) 45% (513/1136) regret=0.104201 ape=0.5880
[17:43:53] warmStart (decay=exponential) 45% (514/1136) regret=0.104201 ape=0.5880
[17:43:53] warmStart (decay=exponential) 45% (515/1136) regret=0.104201 ape=0.5880
[17:43:53] warmStart (decay=exponential) 45% (516/1136) regret=0.104201 ape=0.5880
[17:43:53] warmStart (decay=exponential) 45% (517/1136) regret=0.104201 ape=0.5880
[17:43:53] warmStart (decay=exponential) 45% (518/1136) regret=0.104201 ape=0.5880
[17:43:53] warmStart (decay=exponential) 45% (519/1136) regret=0.104201 ape=0.5880
[17:43:54] warmStart (decay=exponential) 45% (520/1136) regret=0.104201 ape=0.5880
[17:43:54] warmStart (decay=exponential) 45% (521/1136) regret=0.104201 ape=0.5880
[17:43:54] warmStart (decay=exponential) 45% (522/1136) regret=0.104201 ape=0.5880
[17:43:54] warmStart (decay=exponential) 46% (523/1136) regret=0.104201 ape=0.5880
[17:43:54] warmStart (decay=exponential) 46% (524/1136) regret=0.104201 ape=0.5880
[17:43:54] warmStart (decay=exponential) 46% (525/1136) regret=0.104201 ape=0.5880
[17:43:55] warmStart (decay=exponential) 46% (526/1136) regret=0.104201 ape=0.5880
[17:43:55] warmStart (decay=exponential) 46% (527/1136) regret=0.104201 ape=0.5880
[17:43:55] warmStart (decay=exponential) 46% (528/1136) regret=0.104201 ape=0.5880
[17:43:55] warmStart (decay=exponential) 46% (529/1136) regret=0.104201 ape=0.5880
[17:43:55] warmStart (decay=exponential) 46% (530/1136) regret=0.104201 ape=0.5880
[17:43:55] warmStart (decay=exponential) 46% (531/1136) regret=0.104201 ape=0.5880
[17:43:56] warmStart (decay=exponential) 46% (532/1136) regret=0.104201 ape=0.5880
[17:43:56] warmStart (decay=exponential) 46% (533/1136) regret=0.104201 ape=0.5880
[17:43:56] warmStart (decay=exponential) 47% (534/1136) regret=0.104201 ape=0.5880
[17:43:56] warmStart (decay=exponential) 47% (535/1136) regret=0.104201 ape=0.5880
[17:43:56] warmStart (decay=exponential) 47% (536/1136) regret=0.104201 ape=0.5880
[17:43:56] warmStart (decay=exponential) 47% (537/1136) regret=0.104201 ape=0.5880
[17:43:56] warmStart (decay=exponential) 47% (538/1136) regret=0.104201 ape=0.5880
[17:43:57] warmStart (decay=exponential) 47% (539/1136) regret=0.104201 ape=0.5880
[17:43:57] warmStart (decay=exponential) 47% (540/1136) regret=0.104201 ape=0.5880
[17:43:57] warmStart (decay=exponential) 47% (541/1136) regret=0.104201 ape=0.5880
[17:43:57] warmStart (decay=exponential) 47% (542/1136) regret=0.104201 ape=0.5880
[17:43:57] warmStart (decay=exponential) 47% (543/1136) regret=0.104201 ape=0.5880
[17:43:57] warmStart (decay=exponential) 47% (544/1136) regret=0.104201 ape=0.5880
[17:43:58] warmStart (decay=exponential) 47% (545/1136) regret=0.104201 ape=0.5880
[17:43:58] warmStart (decay=exponential) 48% (546/1136) regret=0.104201 ape=0.5880
[17:43:58] warmStart (decay=exponential) 48% (547/1136) regret=0.104201 ape=0.5880
[17:43:58] warmStart (decay=exponential) 48% (548/1136) regret=0.104201 ape=0.5880
[17:43:58] warmStart (decay=exponential) 48% (549/1136) regret=0.104201 ape=0.5880
[17:43:58] warmStart (decay=exponential) 48% (550/1136) regret=0.104201 ape=0.5880
[17:43:58] warmStart (decay=exponential) 48% (551/1136) regret=0.104201 ape=0.5880
[17:43:59] warmStart (decay=exponential) 48% (552/1136) regret=0.104201 ape=0.5880
[17:43:59] warmStart (decay=exponential) 48% (553/1136) regret=0.104201 ape=0.5880
[17:43:59] warmStart (decay=exponential) 48% (554/1136) regret=0.104201 ape=0.5880
[17:43:59] warmStart (decay=exponential) 48% (555/1136) regret=0.104201 ape=0.5880
[17:43:59] warmStart (decay=exponential) 48% (556/1136) regret=0.104201 ape=0.5880
[17:43:59] warmStart (decay=exponential) 49% (557/1136) regret=0.104201 ape=0.5880
[17:43:59] warmStart (decay=exponential) 49% (558/1136) regret=0.104201 ape=0.5880
[17:44:00] warmStart (decay=exponential) 49% (559/1136) regret=0.104201 ape=0.5880
[17:44:00] warmStart (decay=exponential) 49% (560/1136) regret=0.104201 ape=0.5880
[17:44:00] warmStart (decay=exponential) 49% (561/1136) regret=0.104201 ape=0.5880
[17:44:00] warmStart (decay=exponential) 49% (562/1136) regret=0.104201 ape=0.5880
[17:44:00] warmStart (decay=exponential) 49% (563/1136) regret=0.104201 ape=0.5880
[17:44:00] warmStart (decay=exponential) 49% (564/1136) regret=0.104127 ape=0.5880
[17:44:00] warmStart (decay=exponential) 49% (565/1136) regret=0.104205 ape=0.5880
[17:44:01] warmStart (decay=exponential) 49% (566/1136) regret=0.104127 ape=0.5880
[17:44:01] warmStart (decay=exponential) 49% (567/1136) regret=0.104113 ape=0.5871
[17:44:01] warmStart (decay=exponential) 50% (568/1136) regret=0.104173 ape=0.5880
[17:44:01] warmStart (decay=exponential) 50% (569/1136) regret=0.104173 ape=0.5880
[17:44:01] warmStart (decay=exponential) 50% (570/1136) regret=0.104113 ape=0.5871
[17:44:01] warmStart (decay=exponential) 50% (571/1136) regret=0.104113 ape=0.5871
[17:44:01] warmStart (decay=exponential) 50% (572/1136) regret=0.104113 ape=0.5871
[17:44:02] warmStart (decay=exponential) 50% (573/1136) regret=0.104113 ape=0.5871
[17:44:02] warmStart (decay=exponential) 50% (574/1136) regret=0.104118 ape=0.5880
[17:44:02] warmStart (decay=exponential) 50% (575/1136) regret=0.104118 ape=0.5880
[17:44:02] warmStart (decay=exponential) 50% (576/1136) regret=0.104118 ape=0.5880
[17:44:02] warmStart (decay=exponential) 50% (577/1136) regret=0.104118 ape=0.5880
[17:44:02] warmStart (decay=exponential) 50% (578/1136) regret=0.104247 ape=0.5880
[17:44:03] warmStart (decay=exponential) 50% (579/1136) regret=0.104247 ape=0.5880
[17:44:03] warmStart (decay=exponential) 51% (580/1136) regret=0.104251 ape=0.5880
[17:44:03] warmStart (decay=exponential) 51% (581/1136) regret=0.104251 ape=0.5880
[17:44:03] warmStart (decay=exponential) 51% (582/1136) regret=0.104251 ape=0.5880
[17:44:03] warmStart (decay=exponential) 51% (583/1136) regret=0.104251 ape=0.5880
[17:44:04] warmStart (decay=exponential) 51% (584/1136) regret=0.104251 ape=0.5880
[17:44:04] warmStart (decay=exponential) 51% (585/1136) regret=0.104251 ape=0.5880
[17:44:04] warmStart (decay=exponential) 51% (586/1136) regret=0.104118 ape=0.5880
[17:44:04] warmStart (decay=exponential) 51% (587/1136) regret=0.104118 ape=0.5880
[17:44:04] warmStart (decay=exponential) 51% (588/1136) regret=0.104118 ape=0.5880
[17:44:05] warmStart (decay=exponential) 51% (589/1136) regret=0.104242 ape=0.5880
[17:44:05] warmStart (decay=exponential) 51% (590/1136) regret=0.104242 ape=0.5880
[17:44:05] warmStart (decay=exponential) 52% (591/1136) regret=0.104118 ape=0.5880
[17:44:05] warmStart (decay=exponential) 52% (592/1136) regret=0.104118 ape=0.5880
[17:44:05] warmStart (decay=exponential) 52% (593/1136) regret=0.104145 ape=0.5889
[17:44:05] warmStart (decay=exponential) 52% (594/1136) regret=0.104145 ape=0.5889
[17:44:05] warmStart (decay=exponential) 52% (595/1136) regret=0.103896 ape=0.5889
[17:44:06] warmStart (decay=exponential) 52% (596/1136) regret=0.103896 ape=0.5889
[17:44:06] warmStart (decay=exponential) 52% (597/1136) regret=0.103896 ape=0.5889
[17:44:06] warmStart (decay=exponential) 52% (598/1136) regret=0.103896 ape=0.5889
[17:44:06] warmStart (decay=exponential) 52% (599/1136) regret=0.103896 ape=0.5889
[17:44:06] warmStart (decay=exponential) 52% (600/1136) regret=0.103841 ape=0.5880
[17:44:06] warmStart (decay=exponential) 52% (601/1136) regret=0.103896 ape=0.5889
[17:44:07] warmStart (decay=exponential) 52% (602/1136) regret=0.103896 ape=0.5889
[17:44:07] warmStart (decay=exponential) 53% (603/1136) regret=0.103896 ape=0.5889
[17:44:07] warmStart (decay=exponential) 53% (604/1136) regret=0.103896 ape=0.5889
[17:44:07] warmStart (decay=exponential) 53% (605/1136) regret=0.103767 ape=0.5880
[17:44:07] warmStart (decay=exponential) 53% (606/1136) regret=0.103767 ape=0.5880
[17:44:07] warmStart (decay=exponential) 53% (607/1136) regret=0.103767 ape=0.5880
[17:44:08] warmStart (decay=exponential) 53% (608/1136) regret=0.103767 ape=0.5880
[17:44:08] warmStart (decay=exponential) 53% (609/1136) regret=0.103767 ape=0.5880
[17:44:08] warmStart (decay=exponential) 53% (610/1136) regret=0.103767 ape=0.5880
[17:44:08] warmStart (decay=exponential) 53% (611/1136) regret=0.103767 ape=0.5880
[17:44:08] warmStart (decay=exponential) 53% (612/1136) regret=0.103767 ape=0.5880
[17:44:08] warmStart (decay=exponential) 53% (613/1136) regret=0.103767 ape=0.5880
[17:44:08] warmStart (decay=exponential) 54% (614/1136) regret=0.103767 ape=0.5880
[17:44:09] warmStart (decay=exponential) 54% (615/1136) regret=0.103767 ape=0.5880
[17:44:09] warmStart (decay=exponential) 54% (616/1136) regret=0.103767 ape=0.5880
[17:44:09] warmStart (decay=exponential) 54% (617/1136) regret=0.103767 ape=0.5880
[17:44:09] warmStart (decay=exponential) 54% (618/1136) regret=0.103767 ape=0.5880
[17:44:09] warmStart (decay=exponential) 54% (619/1136) regret=0.103767 ape=0.5880
[17:44:09] warmStart (decay=exponential) 54% (620/1136) regret=0.103767 ape=0.5880
[17:44:10] warmStart (decay=exponential) 54% (621/1136) regret=0.103767 ape=0.5880
[17:44:10] warmStart (decay=exponential) 54% (622/1136) regret=0.103767 ape=0.5880
[17:44:10] warmStart (decay=exponential) 54% (623/1136) regret=0.103767 ape=0.5880
[17:44:10] warmStart (decay=exponential) 54% (624/1136) regret=0.103767 ape=0.5880
[17:44:10] warmStart (decay=exponential) 55% (625/1136) regret=0.103767 ape=0.5880
[17:44:10] warmStart (decay=exponential) 55% (626/1136) regret=0.103767 ape=0.5880
[17:44:11] warmStart (decay=exponential) 55% (627/1136) regret=0.103767 ape=0.5880
[17:44:11] warmStart (decay=exponential) 55% (628/1136) regret=0.103767 ape=0.5880
[17:44:11] warmStart (decay=exponential) 55% (629/1136) regret=0.103767 ape=0.5880
[17:44:11] warmStart (decay=exponential) 55% (630/1136) regret=0.103767 ape=0.5880
[17:44:11] warmStart (decay=exponential) 55% (631/1136) regret=0.103767 ape=0.5880
[17:44:11] warmStart (decay=exponential) 55% (632/1136) regret=0.103767 ape=0.5880
[17:44:11] warmStart (decay=exponential) 55% (633/1136) regret=0.103767 ape=0.5880
[17:44:12] warmStart (decay=exponential) 55% (634/1136) regret=0.103767 ape=0.5880
[17:44:12] warmStart (decay=exponential) 55% (635/1136) regret=0.103767 ape=0.5880
[17:44:12] warmStart (decay=exponential) 55% (636/1136) regret=0.103767 ape=0.5880
[17:44:12] warmStart (decay=exponential) 56% (637/1136) regret=0.103767 ape=0.5880
[17:44:12] warmStart (decay=exponential) 56% (638/1136) regret=0.103767 ape=0.5880
[17:44:12] warmStart (decay=exponential) 56% (639/1136) regret=0.103767 ape=0.5880
[17:44:13] warmStart (decay=exponential) 56% (640/1136) regret=0.103767 ape=0.5880
[17:44:13] warmStart (decay=exponential) 56% (641/1136) regret=0.103767 ape=0.5880
[17:44:13] warmStart (decay=exponential) 56% (642/1136) regret=0.103767 ape=0.5880
[17:44:13] warmStart (decay=exponential) 56% (643/1136) regret=0.103767 ape=0.5880
[17:44:13] warmStart (decay=exponential) 56% (644/1136) regret=0.103767 ape=0.5880
[17:44:13] warmStart (decay=exponential) 56% (645/1136) regret=0.103767 ape=0.5880
[17:44:14] warmStart (decay=exponential) 56% (646/1136) regret=0.103767 ape=0.5880
[17:44:14] warmStart (decay=exponential) 56% (647/1136) regret=0.103767 ape=0.5880
[17:44:14] warmStart (decay=exponential) 57% (648/1136) regret=0.103767 ape=0.5880
[17:44:14] warmStart (decay=exponential) 57% (649/1136) regret=0.103767 ape=0.5880
[17:44:14] warmStart (decay=exponential) 57% (650/1136) regret=0.103767 ape=0.5880
[17:44:14] warmStart (decay=exponential) 57% (651/1136) regret=0.103767 ape=0.5880
[17:44:14] warmStart (decay=exponential) 57% (652/1136) regret=0.103767 ape=0.5880
[17:44:15] warmStart (decay=exponential) 57% (653/1136) regret=0.103767 ape=0.5880
[17:44:15] warmStart (decay=exponential) 57% (654/1136) regret=0.103767 ape=0.5880
[17:44:15] warmStart (decay=exponential) 57% (655/1136) regret=0.103767 ape=0.5880
[17:44:15] warmStart (decay=exponential) 57% (656/1136) regret=0.103767 ape=0.5880
[17:44:15] warmStart (decay=exponential) 57% (657/1136) regret=0.103767 ape=0.5880
[17:44:16] warmStart (decay=exponential) 57% (658/1136) regret=0.103786 ape=0.5880
[17:44:16] warmStart (decay=exponential) 58% (659/1136) regret=0.103703 ape=0.5880
[17:44:16] warmStart (decay=exponential) 58% (660/1136) regret=0.103777 ape=0.5880
[17:44:16] warmStart (decay=exponential) 58% (661/1136) regret=0.103777 ape=0.5880
[17:44:16] warmStart (decay=exponential) 58% (662/1136) regret=0.103777 ape=0.5880
[17:44:17] warmStart (decay=exponential) 58% (663/1136) regret=0.103777 ape=0.5880
[17:44:17] warmStart (decay=exponential) 58% (664/1136) regret=0.103777 ape=0.5880
[17:44:17] warmStart (decay=exponential) 58% (665/1136) regret=0.103777 ape=0.5880
[17:44:17] warmStart (decay=exponential) 58% (666/1136) regret=0.103777 ape=0.5880
[17:44:17] warmStart (decay=exponential) 58% (667/1136) regret=0.103777 ape=0.5880
[17:44:17] warmStart (decay=exponential) 58% (668/1136) regret=0.103684 ape=0.5880
[17:44:18] warmStart (decay=exponential) 58% (669/1136) regret=0.103684 ape=0.5880
[17:44:18] warmStart (decay=exponential) 58% (670/1136) regret=0.103684 ape=0.5880
[17:44:18] warmStart (decay=exponential) 59% (671/1136) regret=0.103749 ape=0.5880
[17:44:18] warmStart (decay=exponential) 59% (672/1136) regret=0.103749 ape=0.5880
[17:44:18] warmStart (decay=exponential) 59% (673/1136) regret=0.103740 ape=0.5880
[17:44:19] warmStart (decay=exponential) 59% (674/1136) regret=0.103703 ape=0.5871
[17:44:19] warmStart (decay=exponential) 59% (675/1136) regret=0.104256 ape=0.5880
[17:44:19] warmStart (decay=exponential) 59% (676/1136) regret=0.103767 ape=0.5880
[17:44:19] warmStart (decay=exponential) 59% (677/1136) regret=0.103804 ape=0.5880
[17:44:19] warmStart (decay=exponential) 59% (678/1136) regret=0.103668 ape=0.5880
[17:44:19] warmStart (decay=exponential) 59% (679/1136) regret=0.103615 ape=0.5880
[17:44:20] warmStart (decay=exponential) 59% (680/1136) regret=0.103668 ape=0.5880
[17:44:20] warmStart (decay=exponential) 59% (681/1136) regret=0.103668 ape=0.5880
[17:44:20] warmStart (decay=exponential) 60% (682/1136) regret=0.103569 ape=0.5871
[17:44:20] warmStart (decay=exponential) 60% (683/1136) regret=0.103569 ape=0.5871
[17:44:20] warmStart (decay=exponential) 60% (684/1136) regret=0.103569 ape=0.5871
[17:44:21] warmStart (decay=exponential) 60% (685/1136) regret=0.103569 ape=0.5871
[17:44:21] warmStart (decay=exponential) 60% (686/1136) regret=0.103519 ape=0.5871
[17:44:21] warmStart (decay=exponential) 60% (687/1136) regret=0.103519 ape=0.5871
[17:44:21] warmStart (decay=exponential) 60% (688/1136) regret=0.103519 ape=0.5871
[17:44:21] warmStart (decay=exponential) 60% (689/1136) regret=0.103560 ape=0.5871
[17:44:22] warmStart (decay=exponential) 60% (690/1136) regret=0.103560 ape=0.5871
[17:44:22] warmStart (decay=exponential) 60% (691/1136) regret=0.103560 ape=0.5871
[17:44:22] warmStart (decay=exponential) 60% (692/1136) regret=0.103560 ape=0.5871
[17:44:22] warmStart (decay=exponential) 61% (693/1136) regret=0.103560 ape=0.5871
[17:44:22] warmStart (decay=exponential) 61% (694/1136) regret=0.103560 ape=0.5871
[17:44:22] warmStart (decay=exponential) 61% (695/1136) regret=0.103560 ape=0.5871
[17:44:23] warmStart (decay=exponential) 61% (696/1136) regret=0.103560 ape=0.5871
[17:44:23] warmStart (decay=exponential) 61% (697/1136) regret=0.103560 ape=0.5871
[17:44:23] warmStart (decay=exponential) 61% (698/1136) regret=0.103560 ape=0.5871
[17:44:23] warmStart (decay=exponential) 61% (699/1136) regret=0.103560 ape=0.5871
[17:44:24] warmStart (decay=exponential) 61% (700/1136) regret=0.103560 ape=0.5871
[17:44:24] warmStart (decay=exponential) 61% (701/1136) regret=0.103560 ape=0.5871
[17:44:24] warmStart (decay=exponential) 61% (702/1136) regret=0.103560 ape=0.5871
[17:44:24] warmStart (decay=exponential) 61% (703/1136) regret=0.103562 ape=0.5871
[17:44:24] warmStart (decay=exponential) 61% (704/1136) regret=0.103562 ape=0.5871
[17:44:24] warmStart (decay=exponential) 62% (705/1136) regret=0.103562 ape=0.5871
[17:44:25] warmStart (decay=exponential) 62% (706/1136) regret=0.103570 ape=0.5871
[17:44:25] warmStart (decay=exponential) 62% (707/1136) regret=0.103570 ape=0.5871
[17:44:25] warmStart (decay=exponential) 62% (708/1136) regret=0.103570 ape=0.5871
[17:44:25] warmStart (decay=exponential) 62% (709/1136) regret=0.103558 ape=0.5862
[17:44:25] warmStart (decay=exponential) 62% (710/1136) regret=0.103570 ape=0.5871
[17:44:25] warmStart (decay=exponential) 62% (711/1136) regret=0.103570 ape=0.5871
[17:44:26] warmStart (decay=exponential) 62% (712/1136) regret=0.104317 ape=0.5880
[17:44:26] warmStart (decay=exponential) 62% (713/1136) regret=0.103598 ape=0.5871
[17:44:26] warmStart (decay=exponential) 62% (714/1136) regret=0.103561 ape=0.5862
[17:44:26] warmStart (decay=exponential) 62% (715/1136) regret=0.103598 ape=0.5871
[17:44:26] warmStart (decay=exponential) 63% (716/1136) regret=0.103561 ape=0.5862
[17:44:26] warmStart (decay=exponential) 63% (717/1136) regret=0.103598 ape=0.5871
[17:44:27] warmStart (decay=exponential) 63% (718/1136) regret=0.103570 ape=0.5871
[17:44:27] warmStart (decay=exponential) 63% (719/1136) regret=0.103570 ape=0.5871
[17:44:27] warmStart (decay=exponential) 63% (720/1136) regret=0.103570 ape=0.5871
[17:44:27] warmStart (decay=exponential) 63% (721/1136) regret=0.103570 ape=0.5871
[17:44:27] warmStart (decay=exponential) 63% (722/1136) regret=0.103570 ape=0.5871
[17:44:27] warmStart (decay=exponential) 63% (723/1136) regret=0.103570 ape=0.5871
[17:44:28] warmStart (decay=exponential) 63% (724/1136) regret=0.103570 ape=0.5871
[17:44:28] warmStart (decay=exponential) 63% (725/1136) regret=0.103570 ape=0.5871
[17:44:28] warmStart (decay=exponential) 63% (726/1136) regret=0.103570 ape=0.5871
[17:44:28] warmStart (decay=exponential) 63% (727/1136) regret=0.103570 ape=0.5871
[17:44:28] warmStart (decay=exponential) 64% (728/1136) regret=0.103570 ape=0.5871
[17:44:28] warmStart (decay=exponential) 64% (729/1136) regret=0.103570 ape=0.5871
[17:44:29] warmStart (decay=exponential) 64% (730/1136) regret=0.103570 ape=0.5871
[17:44:29] warmStart (decay=exponential) 64% (731/1136) regret=0.103570 ape=0.5871
[17:44:29] warmStart (decay=exponential) 64% (732/1136) regret=0.103570 ape=0.5871
[17:44:29] warmStart (decay=exponential) 64% (733/1136) regret=0.103570 ape=0.5871
[17:44:29] warmStart (decay=exponential) 64% (734/1136) regret=0.103570 ape=0.5871
[17:44:29] warmStart (decay=exponential) 64% (735/1136) regret=0.103570 ape=0.5871
[17:44:30] warmStart (decay=exponential) 64% (736/1136) regret=0.103570 ape=0.5871
[17:44:30] warmStart (decay=exponential) 64% (737/1136) regret=0.103570 ape=0.5871
[17:44:30] warmStart (decay=exponential) 64% (738/1136) regret=0.103570 ape=0.5871
[17:44:30] warmStart (decay=exponential) 65% (739/1136) regret=0.103570 ape=0.5871
[17:44:30] warmStart (decay=exponential) 65% (740/1136) regret=0.103570 ape=0.5871
[17:44:30] warmStart (decay=exponential) 65% (741/1136) regret=0.103570 ape=0.5871
[17:44:30] warmStart (decay=exponential) 65% (742/1136) regret=0.103570 ape=0.5871
[17:44:31] warmStart (decay=exponential) 65% (743/1136) regret=0.103570 ape=0.5871
[17:44:31] warmStart (decay=exponential) 65% (744/1136) regret=0.103570 ape=0.5871
[17:44:31] warmStart (decay=exponential) 65% (745/1136) regret=0.103578 ape=0.5871
[17:44:31] warmStart (decay=exponential) 65% (746/1136) regret=0.103568 ape=0.5871
[17:44:31] warmStart (decay=exponential) 65% (747/1136) regret=0.103578 ape=0.5871
[17:44:31] warmStart (decay=exponential) 65% (748/1136) regret=0.103570 ape=0.5871
[17:44:32] warmStart (decay=exponential) 65% (749/1136) regret=0.103570 ape=0.5871
[17:44:32] warmStart (decay=exponential) 66% (750/1136) regret=0.103570 ape=0.5871
[17:44:32] warmStart (decay=exponential) 66% (751/1136) regret=0.103570 ape=0.5871
[17:44:32] warmStart (decay=exponential) 66% (752/1136) regret=0.103570 ape=0.5871
[17:44:32] warmStart (decay=exponential) 66% (753/1136) regret=0.103570 ape=0.5871
[17:44:32] warmStart (decay=exponential) 66% (754/1136) regret=0.103570 ape=0.5871
[17:44:33] warmStart (decay=exponential) 66% (755/1136) regret=0.103570 ape=0.5871
[17:44:33] warmStart (decay=exponential) 66% (756/1136) regret=0.103570 ape=0.5871
[17:44:33] warmStart (decay=exponential) 66% (757/1136) regret=0.103570 ape=0.5871
[17:44:33] warmStart (decay=exponential) 66% (758/1136) regret=0.103570 ape=0.5871
[17:44:33] warmStart (decay=exponential) 66% (759/1136) regret=0.104229 ape=0.5880
[17:44:33] warmStart (decay=exponential) 66% (760/1136) regret=0.103570 ape=0.5871
[17:44:34] warmStart (decay=exponential) 66% (761/1136) regret=0.103570 ape=0.5871
[17:44:34] warmStart (decay=exponential) 67% (762/1136) regret=0.103570 ape=0.5871
[17:44:34] warmStart (decay=exponential) 67% (763/1136) regret=0.103570 ape=0.5871
[17:44:34] warmStart (decay=exponential) 67% (764/1136) regret=0.103570 ape=0.5871
[17:44:34] warmStart (decay=exponential) 67% (765/1136) regret=0.103570 ape=0.5871
[17:44:35] warmStart (decay=exponential) 67% (766/1136) regret=0.103208 ape=0.5871
[17:44:35] warmStart (decay=exponential) 67% (767/1136) regret=0.103208 ape=0.5871
[17:44:35] warmStart (decay=exponential) 67% (768/1136) regret=0.103190 ape=0.5862
[17:44:35] warmStart (decay=exponential) 67% (769/1136) regret=0.103190 ape=0.5862
[17:44:35] warmStart (decay=exponential) 67% (770/1136) regret=0.103190 ape=0.5862
[17:44:35] warmStart (decay=exponential) 67% (771/1136) regret=0.103190 ape=0.5862
[17:44:36] warmStart (decay=exponential) 67% (772/1136) regret=0.103190 ape=0.5862
[17:44:36] warmStart (decay=exponential) 68% (773/1136) regret=0.103190 ape=0.5862
[17:44:36] warmStart (decay=exponential) 68% (774/1136) regret=0.103190 ape=0.5862
[17:44:36] warmStart (decay=exponential) 68% (775/1136) regret=0.103190 ape=0.5862
[17:44:36] warmStart (decay=exponential) 68% (776/1136) regret=0.103190 ape=0.5862
[17:44:37] warmStart (decay=exponential) 68% (777/1136) regret=0.103190 ape=0.5862
[17:44:37] warmStart (decay=exponential) 68% (778/1136) regret=0.103190 ape=0.5862
[17:44:37] warmStart (decay=exponential) 68% (779/1136) regret=0.103190 ape=0.5862
[17:44:37] warmStart (decay=exponential) 68% (780/1136) regret=0.103190 ape=0.5862
[17:44:37] warmStart (decay=exponential) 68% (781/1136) regret=0.103190 ape=0.5862
[17:44:38] warmStart (decay=exponential) 68% (782/1136) regret=0.103190 ape=0.5862
[17:44:38] warmStart (decay=exponential) 68% (783/1136) regret=0.103190 ape=0.5862
[17:44:38] warmStart (decay=exponential) 69% (784/1136) regret=0.103190 ape=0.5862
[17:44:38] warmStart (decay=exponential) 69% (785/1136) regret=0.103190 ape=0.5862
[17:44:38] warmStart (decay=exponential) 69% (786/1136) regret=0.103190 ape=0.5862
[17:44:39] warmStart (decay=exponential) 69% (787/1136) regret=0.103190 ape=0.5862
[17:44:39] warmStart (decay=exponential) 69% (788/1136) regret=0.103190 ape=0.5862
[17:44:39] warmStart (decay=exponential) 69% (789/1136) regret=0.103190 ape=0.5862
[17:44:39] warmStart (decay=exponential) 69% (790/1136) regret=0.103190 ape=0.5862
[17:44:39] warmStart (decay=exponential) 69% (791/1136) regret=0.103190 ape=0.5862
[17:44:40] warmStart (decay=exponential) 69% (792/1136) regret=0.103190 ape=0.5862
[17:44:40] warmStart (decay=exponential) 69% (793/1136) regret=0.103190 ape=0.5862
[17:44:40] warmStart (decay=exponential) 69% (794/1136) regret=0.103190 ape=0.5862
[17:44:40] warmStart (decay=exponential) 69% (795/1136) regret=0.103190 ape=0.5862
[17:44:40] warmStart (decay=exponential) 70% (796/1136) regret=0.103190 ape=0.5862
[17:44:41] warmStart (decay=exponential) 70% (797/1136) regret=0.103190 ape=0.5862
[17:44:41] warmStart (decay=exponential) 70% (798/1136) regret=0.103190 ape=0.5862
[17:44:41] warmStart (decay=exponential) 70% (799/1136) regret=0.103190 ape=0.5862
[17:44:41] warmStart (decay=exponential) 70% (800/1136) regret=0.103190 ape=0.5862
[17:44:41] warmStart (decay=exponential) 70% (801/1136) regret=0.103190 ape=0.5862
[17:44:42] warmStart (decay=exponential) 70% (802/1136) regret=0.103190 ape=0.5862
[17:44:42] warmStart (decay=exponential) 70% (803/1136) regret=0.103190 ape=0.5862
[17:44:42] warmStart (decay=exponential) 70% (804/1136) regret=0.103190 ape=0.5862
[17:44:42] warmStart (decay=exponential) 70% (805/1136) regret=0.103190 ape=0.5862
[17:44:42] warmStart (decay=exponential) 70% (806/1136) regret=0.103190 ape=0.5862
[17:44:43] warmStart (decay=exponential) 71% (807/1136) regret=0.103190 ape=0.5862
[17:44:43] warmStart (decay=exponential) 71% (808/1136) regret=0.103190 ape=0.5862
[17:44:43] warmStart (decay=exponential) 71% (809/1136) regret=0.103190 ape=0.5862
[17:44:43] warmStart (decay=exponential) 71% (810/1136) regret=0.103190 ape=0.5862
[17:44:43] warmStart (decay=exponential) 71% (811/1136) regret=0.103190 ape=0.5862
[17:44:44] warmStart (decay=exponential) 71% (812/1136) regret=0.103190 ape=0.5862
[17:44:44] warmStart (decay=exponential) 71% (813/1136) regret=0.103190 ape=0.5862
[17:44:44] warmStart (decay=exponential) 71% (814/1136) regret=0.103190 ape=0.5862
[17:44:44] warmStart (decay=exponential) 71% (815/1136) regret=0.103190 ape=0.5862
[17:44:44] warmStart (decay=exponential) 71% (816/1136) regret=0.103190 ape=0.5862
[17:44:45] warmStart (decay=exponential) 71% (817/1136) regret=0.103190 ape=0.5862
[17:44:45] warmStart (decay=exponential) 72% (818/1136) regret=0.103190 ape=0.5862
[17:44:45] warmStart (decay=exponential) 72% (819/1136) regret=0.103190 ape=0.5862
[17:44:45] warmStart (decay=exponential) 72% (820/1136) regret=0.103190 ape=0.5862
[17:44:45] warmStart (decay=exponential) 72% (821/1136) regret=0.103190 ape=0.5862
[17:44:46] warmStart (decay=exponential) 72% (822/1136) regret=0.103190 ape=0.5862
[17:44:46] warmStart (decay=exponential) 72% (823/1136) regret=0.103190 ape=0.5862
[17:44:46] warmStart (decay=exponential) 72% (824/1136) regret=0.103190 ape=0.5862
[17:44:46] warmStart (decay=exponential) 72% (825/1136) regret=0.103190 ape=0.5862
[17:44:47] warmStart (decay=exponential) 72% (826/1136) regret=0.103190 ape=0.5862
[17:44:47] warmStart (decay=exponential) 72% (827/1136) regret=0.103190 ape=0.5862
[17:44:47] warmStart (decay=exponential) 72% (828/1136) regret=0.103190 ape=0.5862
[17:44:47] warmStart (decay=exponential) 72% (829/1136) regret=0.103190 ape=0.5862
[17:44:47] warmStart (decay=exponential) 73% (830/1136) regret=0.103190 ape=0.5862
[17:44:47] warmStart (decay=exponential) 73% (831/1136) regret=0.103190 ape=0.5862
[17:44:48] warmStart (decay=exponential) 73% (832/1136) regret=0.103190 ape=0.5862
[17:44:48] warmStart (decay=exponential) 73% (833/1136) regret=0.103190 ape=0.5862
[17:44:48] warmStart (decay=exponential) 73% (834/1136) regret=0.103190 ape=0.5862
[17:44:48] warmStart (decay=exponential) 73% (835/1136) regret=0.103190 ape=0.5862
[17:44:49] warmStart (decay=exponential) 73% (836/1136) regret=0.103190 ape=0.5862
[17:44:49] warmStart (decay=exponential) 73% (837/1136) regret=0.103190 ape=0.5862
[17:44:49] warmStart (decay=exponential) 73% (838/1136) regret=0.103190 ape=0.5862
[17:44:49] warmStart (decay=exponential) 73% (839/1136) regret=0.103190 ape=0.5862
[17:44:49] warmStart (decay=exponential) 73% (840/1136) regret=0.103190 ape=0.5862
[17:44:50] warmStart (decay=exponential) 74% (841/1136) regret=0.103190 ape=0.5862
[17:44:50] warmStart (decay=exponential) 74% (842/1136) regret=0.103190 ape=0.5862
[17:44:50] warmStart (decay=exponential) 74% (843/1136) regret=0.103190 ape=0.5862
[17:44:50] warmStart (decay=exponential) 74% (844/1136) regret=0.103190 ape=0.5862
[17:44:50] warmStart (decay=exponential) 74% (845/1136) regret=0.103190 ape=0.5862
[17:44:51] warmStart (decay=exponential) 74% (846/1136) regret=0.103190 ape=0.5862
[17:44:51] warmStart (decay=exponential) 74% (847/1136) regret=0.103190 ape=0.5862
[17:44:51] warmStart (decay=exponential) 74% (848/1136) regret=0.103190 ape=0.5862
[17:44:51] warmStart (decay=exponential) 74% (849/1136) regret=0.103190 ape=0.5862
[17:44:51] warmStart (decay=exponential) 74% (850/1136) regret=0.103190 ape=0.5862
[17:44:51] warmStart (decay=exponential) 74% (851/1136) regret=0.103190 ape=0.5862
[17:44:52] warmStart (decay=exponential) 75% (852/1136) regret=0.103190 ape=0.5862
[17:44:52] warmStart (decay=exponential) 75% (853/1136) regret=0.103190 ape=0.5862
[17:44:52] warmStart (decay=exponential) 75% (854/1136) regret=0.103190 ape=0.5862
[17:44:52] warmStart (decay=exponential) 75% (855/1136) regret=0.103190 ape=0.5862
[17:44:52] warmStart (decay=exponential) 75% (856/1136) regret=0.103190 ape=0.5862
[17:44:52] warmStart (decay=exponential) 75% (857/1136) regret=0.103190 ape=0.5862
[17:44:53] warmStart (decay=exponential) 75% (858/1136) regret=0.103190 ape=0.5862
[17:44:53] warmStart (decay=exponential) 75% (859/1136) regret=0.103190 ape=0.5862
[17:44:53] warmStart (decay=exponential) 75% (860/1136) regret=0.103190 ape=0.5862
[17:44:53] warmStart (decay=exponential) 75% (861/1136) regret=0.103190 ape=0.5862
[17:44:53] warmStart (decay=exponential) 75% (862/1136) regret=0.103190 ape=0.5862
[17:44:53] warmStart (decay=exponential) 75% (863/1136) regret=0.103190 ape=0.5862
[17:44:54] warmStart (decay=exponential) 76% (864/1136) regret=0.103190 ape=0.5862
[17:44:54] warmStart (decay=exponential) 76% (865/1136) regret=0.103190 ape=0.5862
[17:44:54] warmStart (decay=exponential) 76% (866/1136) regret=0.103190 ape=0.5862
[17:44:54] warmStart (decay=exponential) 76% (867/1136) regret=0.103190 ape=0.5862
[17:44:54] warmStart (decay=exponential) 76% (868/1136) regret=0.103190 ape=0.5862
[17:44:54] warmStart (decay=exponential) 76% (869/1136) regret=0.103190 ape=0.5862
[17:44:55] warmStart (decay=exponential) 76% (870/1136) regret=0.103190 ape=0.5862
[17:44:55] warmStart (decay=exponential) 76% (871/1136) regret=0.103190 ape=0.5862
[17:44:55] warmStart (decay=exponential) 76% (872/1136) regret=0.103236 ape=0.5871
[17:44:55] warmStart (decay=exponential) 76% (873/1136) regret=0.103236 ape=0.5871
[17:44:55] warmStart (decay=exponential) 76% (874/1136) regret=0.103236 ape=0.5871
[17:44:55] warmStart (decay=exponential) 77% (875/1136) regret=0.103236 ape=0.5871
[17:44:56] warmStart (decay=exponential) 77% (876/1136) regret=0.103236 ape=0.5871
[17:44:56] warmStart (decay=exponential) 77% (877/1136) regret=0.103236 ape=0.5871
[17:44:56] warmStart (decay=exponential) 77% (878/1136) regret=0.103236 ape=0.5871
[17:44:56] warmStart (decay=exponential) 77% (879/1136) regret=0.103236 ape=0.5871
[17:44:56] warmStart (decay=exponential) 77% (880/1136) regret=0.103236 ape=0.5871
[17:44:56] warmStart (decay=exponential) 77% (881/1136) regret=0.103236 ape=0.5871
[17:44:57] warmStart (decay=exponential) 77% (882/1136) regret=0.103236 ape=0.5871
[17:44:57] warmStart (decay=exponential) 77% (883/1136) regret=0.103236 ape=0.5871
[17:44:57] warmStart (decay=exponential) 77% (884/1136) regret=0.103236 ape=0.5871
[17:44:57] warmStart (decay=exponential) 77% (885/1136) regret=0.103236 ape=0.5871
[17:44:57] warmStart (decay=exponential) 77% (886/1136) regret=0.103236 ape=0.5871
[17:44:58] warmStart (decay=exponential) 78% (887/1136) regret=0.103236 ape=0.5871
[17:44:58] warmStart (decay=exponential) 78% (888/1136) regret=0.103236 ape=0.5871
[17:44:58] warmStart (decay=exponential) 78% (889/1136) regret=0.103236 ape=0.5871
[17:44:58] warmStart (decay=exponential) 78% (890/1136) regret=0.103236 ape=0.5871
[17:44:58] warmStart (decay=exponential) 78% (891/1136) regret=0.103236 ape=0.5871
[17:44:58] warmStart (decay=exponential) 78% (892/1136) regret=0.103236 ape=0.5871
[17:44:59] warmStart (decay=exponential) 78% (893/1136) regret=0.103236 ape=0.5871
[17:44:59] warmStart (decay=exponential) 78% (894/1136) regret=0.103236 ape=0.5871
[17:44:59] warmStart (decay=exponential) 78% (895/1136) regret=0.103236 ape=0.5871
[17:44:59] warmStart (decay=exponential) 78% (896/1136) regret=0.103236 ape=0.5871
[17:44:59] warmStart (decay=exponential) 78% (897/1136) regret=0.103236 ape=0.5871
[17:45:00] warmStart (decay=exponential) 79% (898/1136) regret=0.103236 ape=0.5871
[17:45:00] warmStart (decay=exponential) 79% (899/1136) regret=0.103236 ape=0.5871
[17:45:00] warmStart (decay=exponential) 79% (900/1136) regret=0.103236 ape=0.5871
[17:45:00] warmStart (decay=exponential) 79% (901/1136) regret=0.103236 ape=0.5871
[17:45:00] warmStart (decay=exponential) 79% (902/1136) regret=0.103236 ape=0.5871
[17:45:00] warmStart (decay=exponential) 79% (903/1136) regret=0.103236 ape=0.5871
[17:45:01] warmStart (decay=exponential) 79% (904/1136) regret=0.103236 ape=0.5871
[17:45:01] warmStart (decay=exponential) 79% (905/1136) regret=0.103236 ape=0.5871
[17:45:01] warmStart (decay=exponential) 79% (906/1136) regret=0.103236 ape=0.5871
[17:45:01] warmStart (decay=exponential) 79% (907/1136) regret=0.103236 ape=0.5871
[17:45:01] warmStart (decay=exponential) 79% (908/1136) regret=0.103236 ape=0.5871
[17:45:02] warmStart (decay=exponential) 80% (909/1136) regret=0.103236 ape=0.5871
[17:45:02] warmStart (decay=exponential) 80% (910/1136) regret=0.103236 ape=0.5871
[17:45:02] warmStart (decay=exponential) 80% (911/1136) regret=0.103236 ape=0.5871
[17:45:02] warmStart (decay=exponential) 80% (912/1136) regret=0.103236 ape=0.5871
[17:45:02] warmStart (decay=exponential) 80% (913/1136) regret=0.103236 ape=0.5871
[17:45:02] warmStart (decay=exponential) 80% (914/1136) regret=0.103236 ape=0.5871
[17:45:03] warmStart (decay=exponential) 80% (915/1136) regret=0.103236 ape=0.5871
[17:45:03] warmStart (decay=exponential) 80% (916/1136) regret=0.103522 ape=0.5880
[17:45:03] warmStart (decay=exponential) 80% (917/1136) regret=0.103236 ape=0.5871
[17:45:03] warmStart (decay=exponential) 80% (918/1136) regret=0.103236 ape=0.5871
[17:45:03] warmStart (decay=exponential) 80% (919/1136) regret=0.103236 ape=0.5871
[17:45:03] warmStart (decay=exponential) 80% (920/1136) regret=0.103236 ape=0.5871
[17:45:04] warmStart (decay=exponential) 81% (921/1136) regret=0.103236 ape=0.5871
[17:45:04] warmStart (decay=exponential) 81% (922/1136) regret=0.103148 ape=0.5871
[17:45:04] warmStart (decay=exponential) 81% (923/1136) regret=0.102817 ape=0.5862
[17:45:04] warmStart (decay=exponential) 81% (924/1136) regret=0.103148 ape=0.5871
[17:45:04] warmStart (decay=exponential) 81% (925/1136) regret=0.102817 ape=0.5862
[17:45:05] warmStart (decay=exponential) 81% (926/1136) regret=0.102817 ape=0.5862
[17:45:05] warmStart (decay=exponential) 81% (927/1136) regret=0.102798 ape=0.5862
[17:45:05] warmStart (decay=exponential) 81% (928/1136) regret=0.102812 ape=0.5862
[17:45:05] warmStart (decay=exponential) 81% (929/1136) regret=0.102812 ape=0.5862
[17:45:05] warmStart (decay=exponential) 81% (930/1136) regret=0.102812 ape=0.5862
[17:45:06] warmStart (decay=exponential) 81% (931/1136) regret=0.102812 ape=0.5862
[17:45:06] warmStart (decay=exponential) 82% (932/1136) regret=0.102812 ape=0.5862
[17:45:06] warmStart (decay=exponential) 82% (933/1136) regret=0.102812 ape=0.5862
[17:45:06] warmStart (decay=exponential) 82% (934/1136) regret=0.102807 ape=0.5862
[17:45:06] warmStart (decay=exponential) 82% (935/1136) regret=0.102807 ape=0.5862
[17:45:07] warmStart (decay=exponential) 82% (936/1136) regret=0.102807 ape=0.5862
[17:45:07] warmStart (decay=exponential) 82% (937/1136) regret=0.102807 ape=0.5862
[17:45:07] warmStart (decay=exponential) 82% (938/1136) regret=0.102807 ape=0.5862
[17:45:07] warmStart (decay=exponential) 82% (939/1136) regret=0.102807 ape=0.5862
[17:45:07] warmStart (decay=exponential) 82% (940/1136) regret=0.102807 ape=0.5862
[17:45:08] warmStart (decay=exponential) 82% (941/1136) regret=0.102807 ape=0.5862
[17:45:08] warmStart (decay=exponential) 82% (942/1136) regret=0.102807 ape=0.5862
[17:45:08] warmStart (decay=exponential) 83% (943/1136) regret=0.102807 ape=0.5862
[17:45:08] warmStart (decay=exponential) 83% (944/1136) regret=0.102807 ape=0.5862
[17:45:08] warmStart (decay=exponential) 83% (945/1136) regret=0.102801 ape=0.5853
[17:45:09] warmStart (decay=exponential) 83% (946/1136) regret=0.102801 ape=0.5853
[17:45:09] warmStart (decay=exponential) 83% (947/1136) regret=0.102801 ape=0.5853
[17:45:09] warmStart (decay=exponential) 83% (948/1136) regret=0.102801 ape=0.5853
[17:45:09] warmStart (decay=exponential) 83% (949/1136) regret=0.102820 ape=0.5862
[17:45:09] warmStart (decay=exponential) 83% (950/1136) regret=0.102801 ape=0.5853
[17:45:10] warmStart (decay=exponential) 83% (951/1136) regret=0.102801 ape=0.5853
[17:45:10] warmStart (decay=exponential) 83% (952/1136) regret=0.102801 ape=0.5853
[17:45:10] warmStart (decay=exponential) 83% (953/1136) regret=0.102820 ape=0.5862
[17:45:10] warmStart (decay=exponential) 83% (954/1136) regret=0.102801 ape=0.5853
[17:45:10] warmStart (decay=exponential) 84% (955/1136) regret=0.102799 ape=0.5853
[17:45:11] warmStart (decay=exponential) 84% (956/1136) regret=0.102797 ape=0.5843
[17:45:11] warmStart (decay=exponential) 84% (957/1136) regret=0.102797 ape=0.5843
[17:45:11] warmStart (decay=exponential) 84% (958/1136) regret=0.102799 ape=0.5853
[17:45:11] warmStart (decay=exponential) 84% (959/1136) regret=0.102797 ape=0.5843
[17:45:11] warmStart (decay=exponential) 84% (960/1136) regret=0.102797 ape=0.5843
[17:45:11] warmStart (decay=exponential) 84% (961/1136) regret=0.102797 ape=0.5843
[17:45:12] warmStart (decay=exponential) 84% (962/1136) regret=0.102797 ape=0.5843
[17:45:12] warmStart (decay=exponential) 84% (963/1136) regret=0.102801 ape=0.5853
[17:45:12] warmStart (decay=exponential) 84% (964/1136) regret=0.102799 ape=0.5853
[17:45:12] warmStart (decay=exponential) 84% (965/1136) regret=0.102797 ape=0.5843
[17:45:12] warmStart (decay=exponential) 85% (966/1136) regret=0.102797 ape=0.5843
[17:45:12] warmStart (decay=exponential) 85% (967/1136) regret=0.102799 ape=0.5853
[17:45:13] warmStart (decay=exponential) 85% (968/1136) regret=0.102797 ape=0.5843
[17:45:13] warmStart (decay=exponential) 85% (969/1136) regret=0.102797 ape=0.5843
[17:45:13] warmStart (decay=exponential) 85% (970/1136) regret=0.102797 ape=0.5843
[17:45:13] warmStart (decay=exponential) 85% (971/1136) regret=0.102797 ape=0.5843
[17:45:13] warmStart (decay=exponential) 85% (972/1136) regret=0.102797 ape=0.5843
[17:45:13] warmStart (decay=exponential) 85% (973/1136) regret=0.102797 ape=0.5843
[17:45:14] warmStart (decay=exponential) 85% (974/1136) regret=0.102797 ape=0.5843
[17:45:14] warmStart (decay=exponential) 85% (975/1136) regret=0.102797 ape=0.5843
[17:45:14] warmStart (decay=exponential) 85% (976/1136) regret=0.102797 ape=0.5843
[17:45:14] warmStart (decay=exponential) 86% (977/1136) regret=0.102797 ape=0.5843
[17:45:14] warmStart (decay=exponential) 86% (978/1136) regret=0.102797 ape=0.5843
[17:45:14] warmStart (decay=exponential) 86% (979/1136) regret=0.102797 ape=0.5843
[17:45:15] warmStart (decay=exponential) 86% (980/1136) regret=0.102797 ape=0.5843
[17:45:15] warmStart (decay=exponential) 86% (981/1136) regret=0.102797 ape=0.5843
[17:45:15] warmStart (decay=exponential) 86% (982/1136) regret=0.102797 ape=0.5843
[17:45:15] warmStart (decay=exponential) 86% (983/1136) regret=0.102797 ape=0.5843
[17:45:15] warmStart (decay=exponential) 86% (984/1136) regret=0.102797 ape=0.5843
[17:45:15] warmStart (decay=exponential) 86% (985/1136) regret=0.102797 ape=0.5843
[17:45:16] warmStart (decay=exponential) 86% (986/1136) regret=0.102797 ape=0.5843
[17:45:16] warmStart (decay=exponential) 86% (987/1136) regret=0.102797 ape=0.5843
[17:45:16] warmStart (decay=exponential) 86% (988/1136) regret=0.102797 ape=0.5843
[17:45:16] warmStart (decay=exponential) 87% (989/1136) regret=0.102797 ape=0.5843
[17:45:16] warmStart (decay=exponential) 87% (990/1136) regret=0.102797 ape=0.5843
[17:45:16] warmStart (decay=exponential) 87% (991/1136) regret=0.102797 ape=0.5843
[17:45:16] warmStart (decay=exponential) 87% (992/1136) regret=0.102945 ape=0.5843
[17:45:17] warmStart (decay=exponential) 87% (993/1136) regret=0.102972 ape=0.5843
[17:45:17] warmStart (decay=exponential) 87% (994/1136) regret=0.102797 ape=0.5843
[17:45:17] warmStart (decay=exponential) 87% (995/1136) regret=0.102774 ape=0.5843
[17:45:17] warmStart (decay=exponential) 87% (996/1136) regret=0.102774 ape=0.5843
[17:45:17] warmStart (decay=exponential) 87% (997/1136) regret=0.102742 ape=0.5834
[17:45:18] warmStart (decay=exponential) 87% (998/1136) regret=0.102742 ape=0.5834
[17:45:18] warmStart (decay=exponential) 87% (999/1136) regret=0.102742 ape=0.5834
[17:45:18] warmStart (decay=exponential) 88% (1000/1136) regret=0.102742 ape=0.5834
[17:45:18] warmStart (decay=exponential) 88% (1001/1136) regret=0.102742 ape=0.5834
[17:45:18] warmStart (decay=exponential) 88% (1002/1136) regret=0.102742 ape=0.5834
[17:45:19] warmStart (decay=exponential) 88% (1003/1136) regret=0.102742 ape=0.5834
[17:45:19] warmStart (decay=exponential) 88% (1004/1136) regret=0.102742 ape=0.5834
[17:45:19] warmStart (decay=exponential) 88% (1005/1136) regret=0.102742 ape=0.5834
[17:45:19] warmStart (decay=exponential) 88% (1006/1136) regret=0.102742 ape=0.5834
[17:45:19] warmStart (decay=exponential) 88% (1007/1136) regret=0.102742 ape=0.5834
[17:45:20] warmStart (decay=exponential) 88% (1008/1136) regret=0.102742 ape=0.5834
[17:45:20] warmStart (decay=exponential) 88% (1009/1136) regret=0.102742 ape=0.5834
[17:45:20] warmStart (decay=exponential) 88% (1010/1136) regret=0.102779 ape=0.5834
[17:45:20] warmStart (decay=exponential) 88% (1011/1136) regret=0.102816 ape=0.5834
[17:45:20] warmStart (decay=exponential) 89% (1012/1136) regret=0.102890 ape=0.5834
[17:45:20] warmStart (decay=exponential) 89% (1013/1136) regret=0.102696 ape=0.5825
[17:45:21] warmStart (decay=exponential) 89% (1014/1136) regret=0.102696 ape=0.5825
[17:45:21] warmStart (decay=exponential) 89% (1015/1136) regret=0.102696 ape=0.5825
[17:45:21] warmStart (decay=exponential) 89% (1016/1136) regret=0.102696 ape=0.5825
[17:45:21] warmStart (decay=exponential) 89% (1017/1136) regret=0.102696 ape=0.5825
[17:45:21] warmStart (decay=exponential) 89% (1018/1136) regret=0.102696 ape=0.5825
[17:45:22] warmStart (decay=exponential) 89% (1019/1136) regret=0.102696 ape=0.5825
[17:45:22] warmStart (decay=exponential) 89% (1020/1136) regret=0.102696 ape=0.5825
[17:45:22] warmStart (decay=exponential) 89% (1021/1136) regret=0.102696 ape=0.5825
[17:45:22] warmStart (decay=exponential) 89% (1022/1136) regret=0.102696 ape=0.5825
[17:45:22] warmStart (decay=exponential) 90% (1023/1136) regret=0.102696 ape=0.5825
[17:45:23] warmStart (decay=exponential) 90% (1024/1136) regret=0.102696 ape=0.5825
[17:45:23] warmStart (decay=exponential) 90% (1025/1136) regret=0.102696 ape=0.5825
[17:45:23] warmStart (decay=exponential) 90% (1026/1136) regret=0.102696 ape=0.5825
[17:45:23] warmStart (decay=exponential) 90% (1027/1136) regret=0.102696 ape=0.5825
[17:45:23] warmStart (decay=exponential) 90% (1028/1136) regret=0.102696 ape=0.5825
[17:45:24] warmStart (decay=exponential) 90% (1029/1136) regret=0.102696 ape=0.5825
[17:45:24] warmStart (decay=exponential) 90% (1030/1136) regret=0.102696 ape=0.5825
[17:45:24] warmStart (decay=exponential) 90% (1031/1136) regret=0.102696 ape=0.5825
[17:45:24] warmStart (decay=exponential) 90% (1032/1136) regret=0.102696 ape=0.5825
[17:45:24] warmStart (decay=exponential) 90% (1033/1136) regret=0.102696 ape=0.5825
[17:45:25] warmStart (decay=exponential) 91% (1034/1136) regret=0.102696 ape=0.5825
[17:45:25] warmStart (decay=exponential) 91% (1035/1136) regret=0.102696 ape=0.5825
[17:45:25] warmStart (decay=exponential) 91% (1036/1136) regret=0.102696 ape=0.5825
[17:45:25] warmStart (decay=exponential) 91% (1037/1136) regret=0.102696 ape=0.5825
[17:45:25] warmStart (decay=exponential) 91% (1038/1136) regret=0.102696 ape=0.5825
[17:45:26] warmStart (decay=exponential) 91% (1039/1136) regret=0.102696 ape=0.5825
[17:45:26] warmStart (decay=exponential) 91% (1040/1136) regret=0.102696 ape=0.5825
[17:45:26] warmStart (decay=exponential) 91% (1041/1136) regret=0.102696 ape=0.5825
[17:45:26] warmStart (decay=exponential) 91% (1042/1136) regret=0.102696 ape=0.5825
[17:45:26] warmStart (decay=exponential) 91% (1043/1136) regret=0.102696 ape=0.5825
[17:45:26] warmStart (decay=exponential) 91% (1044/1136) regret=0.102696 ape=0.5825
[17:45:27] warmStart (decay=exponential) 91% (1045/1136) regret=0.102696 ape=0.5825
[17:45:27] warmStart (decay=exponential) 92% (1046/1136) regret=0.102696 ape=0.5825
[17:45:27] warmStart (decay=exponential) 92% (1047/1136) regret=0.102696 ape=0.5825
[17:45:27] warmStart (decay=exponential) 92% (1048/1136) regret=0.102696 ape=0.5825
[17:45:27] warmStart (decay=exponential) 92% (1049/1136) regret=0.102696 ape=0.5825
[17:45:28] warmStart (decay=exponential) 92% (1050/1136) regret=0.102696 ape=0.5825
[17:45:28] warmStart (decay=exponential) 92% (1051/1136) regret=0.102696 ape=0.5825
[17:45:28] warmStart (decay=exponential) 92% (1052/1136) regret=0.102696 ape=0.5825
[17:45:28] warmStart (decay=exponential) 92% (1053/1136) regret=0.102696 ape=0.5825
[17:45:28] warmStart (decay=exponential) 92% (1054/1136) regret=0.102696 ape=0.5825
[17:45:29] warmStart (decay=exponential) 92% (1055/1136) regret=0.102696 ape=0.5825
[17:45:29] warmStart (decay=exponential) 92% (1056/1136) regret=0.102696 ape=0.5825
[17:45:29] warmStart (decay=exponential) 93% (1057/1136) regret=0.102696 ape=0.5825
[17:45:29] warmStart (decay=exponential) 93% (1058/1136) regret=0.102696 ape=0.5825
[17:45:29] warmStart (decay=exponential) 93% (1059/1136) regret=0.102696 ape=0.5825
[17:45:30] warmStart (decay=exponential) 93% (1060/1136) regret=0.102696 ape=0.5825
[17:45:30] warmStart (decay=exponential) 93% (1061/1136) regret=0.102696 ape=0.5825
[17:45:30] warmStart (decay=exponential) 93% (1062/1136) regret=0.102696 ape=0.5825
[17:45:30] warmStart (decay=exponential) 93% (1063/1136) regret=0.102696 ape=0.5825
[17:45:30] warmStart (decay=exponential) 93% (1064/1136) regret=0.102696 ape=0.5825
[17:45:30] warmStart (decay=exponential) 93% (1065/1136) regret=0.102696 ape=0.5825
[17:45:31] warmStart (decay=exponential) 93% (1066/1136) regret=0.102696 ape=0.5825
[17:45:31] warmStart (decay=exponential) 93% (1067/1136) regret=0.102696 ape=0.5825
[17:45:31] warmStart (decay=exponential) 94% (1068/1136) regret=0.102696 ape=0.5825
[17:45:31] warmStart (decay=exponential) 94% (1069/1136) regret=0.102696 ape=0.5825
[17:45:31] warmStart (decay=exponential) 94% (1070/1136) regret=0.102696 ape=0.5825
[17:45:32] warmStart (decay=exponential) 94% (1071/1136) regret=0.102696 ape=0.5825
[17:45:32] warmStart (decay=exponential) 94% (1072/1136) regret=0.102696 ape=0.5825
[17:45:32] warmStart (decay=exponential) 94% (1073/1136) regret=0.102696 ape=0.5825
[17:45:32] warmStart (decay=exponential) 94% (1074/1136) regret=0.102696 ape=0.5825
[17:45:32] warmStart (decay=exponential) 94% (1075/1136) regret=0.102696 ape=0.5825
[17:45:33] warmStart (decay=exponential) 94% (1076/1136) regret=0.102696 ape=0.5825
[17:45:33] warmStart (decay=exponential) 94% (1077/1136) regret=0.102696 ape=0.5825
[17:45:33] warmStart (decay=exponential) 94% (1078/1136) regret=0.102696 ape=0.5825
[17:45:33] warmStart (decay=exponential) 94% (1079/1136) regret=0.102696 ape=0.5825
[17:45:33] warmStart (decay=exponential) 95% (1080/1136) regret=0.102696 ape=0.5825
[17:45:33] warmStart (decay=exponential) 95% (1081/1136) regret=0.102696 ape=0.5825
[17:45:34] warmStart (decay=exponential) 95% (1082/1136) regret=0.102696 ape=0.5825
[17:45:34] warmStart (decay=exponential) 95% (1083/1136) regret=0.102696 ape=0.5825
[17:45:34] warmStart (decay=exponential) 95% (1084/1136) regret=0.102696 ape=0.5825
[17:45:34] warmStart (decay=exponential) 95% (1085/1136) regret=0.102696 ape=0.5825
[17:45:34] warmStart (decay=exponential) 95% (1086/1136) regret=0.102696 ape=0.5825
[17:45:34] warmStart (decay=exponential) 95% (1087/1136) regret=0.102696 ape=0.5825
[17:45:35] warmStart (decay=exponential) 95% (1088/1136) regret=0.102696 ape=0.5825
[17:45:35] warmStart (decay=exponential) 95% (1089/1136) regret=0.102696 ape=0.5825
[17:45:35] warmStart (decay=exponential) 95% (1090/1136) regret=0.103360 ape=0.5834
[17:45:35] warmStart (decay=exponential) 96% (1091/1136) regret=0.102696 ape=0.5825
[17:45:35] warmStart (decay=exponential) 96% (1092/1136) regret=0.102696 ape=0.5825
[17:45:35] warmStart (decay=exponential) 96% (1093/1136) regret=0.102622 ape=0.5816
[17:45:36] warmStart (decay=exponential) 96% (1094/1136) regret=0.102622 ape=0.5816
[17:45:36] warmStart (decay=exponential) 96% (1095/1136) regret=0.103103 ape=0.5816
[17:45:36] warmStart (decay=exponential) 96% (1096/1136) regret=0.102622 ape=0.5816
[17:45:36] warmStart (decay=exponential) 96% (1097/1136) regret=0.102622 ape=0.5816
[17:45:36] warmStart (decay=exponential) 96% (1098/1136) regret=0.102551 ape=0.5806
[17:45:36] warmStart (decay=exponential) 96% (1099/1136) regret=0.102551 ape=0.5806
[17:45:37] warmStart (decay=exponential) 96% (1100/1136) regret=0.102574 ape=0.5806
[17:45:37] warmStart (decay=exponential) 96% (1101/1136) regret=0.102574 ape=0.5806
[17:45:37] warmStart (decay=exponential) 97% (1102/1136) regret=0.102426 ape=0.5797
[17:45:37] warmStart (decay=exponential) 97% (1103/1136) regret=0.102426 ape=0.5797
[17:45:37] warmStart (decay=exponential) 97% (1104/1136) regret=0.102426 ape=0.5797
[17:45:37] warmStart (decay=exponential) 97% (1105/1136) regret=0.102426 ape=0.5797
[17:45:38] warmStart (decay=exponential) 97% (1106/1136) regret=0.102426 ape=0.5797
[17:45:38] warmStart (decay=exponential) 97% (1107/1136) regret=0.102426 ape=0.5797
[17:45:38] warmStart (decay=exponential) 97% (1108/1136) regret=0.102521 ape=0.5797
[17:45:38] warmStart (decay=exponential) 97% (1109/1136) regret=0.102426 ape=0.5797
[17:45:38] warmStart (decay=exponential) 97% (1110/1136) regret=0.102426 ape=0.5797
[17:45:38] warmStart (decay=exponential) 97% (1111/1136) regret=0.102592 ape=0.5797
[17:45:39] warmStart (decay=exponential) 97% (1112/1136) regret=0.102500 ape=0.5797
[17:45:39] warmStart (decay=exponential) 97% (1113/1136) regret=0.102500 ape=0.5797
[17:45:39] warmStart (decay=exponential) 98% (1114/1136) regret=0.102422 ape=0.5788
[17:45:39] warmStart (decay=exponential) 98% (1115/1136) regret=0.102422 ape=0.5788
[17:45:39] warmStart (decay=exponential) 98% (1116/1136) regret=0.102422 ape=0.5788
[17:45:39] warmStart (decay=exponential) 98% (1117/1136) regret=0.102422 ape=0.5788
[17:45:40] warmStart (decay=exponential) 98% (1118/1136) regret=0.102422 ape=0.5788
[17:45:40] warmStart (decay=exponential) 98% (1119/1136) regret=0.102422 ape=0.5788
[17:45:40] warmStart (decay=exponential) 98% (1120/1136) regret=0.102422 ape=0.5788
[17:45:40] warmStart (decay=exponential) 98% (1121/1136) regret=0.102422 ape=0.5788
[17:45:40] warmStart (decay=exponential) 98% (1122/1136) regret=0.102477 ape=0.5788
[17:45:40] warmStart (decay=exponential) 98% (1123/1136) regret=0.102468 ape=0.5788
[17:45:41] warmStart (decay=exponential) 98% (1124/1136) regret=0.102468 ape=0.5788
[17:45:41] warmStart (decay=exponential) 99% (1125/1136) regret=0.102468 ape=0.5788
[17:45:41] warmStart (decay=exponential) 99% (1126/1136) regret=0.102468 ape=0.5788
[17:45:41] warmStart (decay=exponential) 99% (1127/1136) regret=0.102468 ape=0.5788
[17:45:41] warmStart (decay=exponential) 99% (1128/1136) regret=0.102468 ape=0.5788
[17:45:41] warmStart (decay=exponential) 99% (1129/1136) regret=0.102431 ape=0.5788
[17:45:42] warmStart (decay=exponential) 99% (1130/1136) regret=0.102431 ape=0.5788
[17:45:42] warmStart (decay=exponential) 99% (1131/1136) regret=0.102431 ape=0.5788
[17:45:42] warmStart (decay=exponential) 99% (1132/1136) regret=0.102431 ape=0.5788
[17:45:42] warmStart (decay=exponential) 99% (1133/1136) regret=0.102431 ape=0.5788
[17:45:42] warmStart (decay=exponential) 99% (1134/1136) regret=0.102431 ape=0.5788
[17:45:43] warmStart (decay=exponential) 99% (1135/1136) regret=0.102431 ape=0.5788
Warm w=50 finished: 1135 points, 201.89s wall time
  Final: regret=0.102431, ape=0.5788

Saved: /home/users/g/s/gsavary/LudiiMCTSVariations/slurm_sweep_full_dataset/output_decay/warm_50_decay_exponential_0_05/seed_0/sweep_decay_warm_50_exponential_0.05_0_20260426_174543.json

Generating plots...
Saved: /home/users/g/s/gsavary/LudiiMCTSVariations/slurm_sweep_full_dataset/output_decay/warm_50_decay_exponential_0_05/seed_0/sweep_decay_warm_50_exponential_0.05_0_20260426_174543_regret.png
Saved: /home/users/g/s/gsavary/LudiiMCTSVariations/slurm_sweep_full_dataset/output_decay/warm_50_decay_exponential_0_05/seed_0/sweep_decay_warm_50_exponential_0.05_0_20260426_174543_ape.png

================================================================================
Experiment complete!
================================================================================
Done. Results in: /home/users/g/s/gsavary/LudiiMCTSVariations/slurm_sweep_full_dataset/output_decay/warm_50_decay_exponential_0_05/seed_0
