============================================================
Decay sweep experiment
Method:      warm:50
Decay mode:  exponential
Decay param: 0.90
Seed:        4
Output:      /home/users/g/s/gsavary/LudiiMCTSVariations/slurm_sweep_full_dataset/output_decay/warm_50_decay_exponential_0_90/seed_4
============================================================

================================================================================
SLURM Sweep Experiment with Synthetic Data Decay
================================================================================
Method: warm:50
Decay: exponential (param=0.9)
Time limit: 3600.0s, Seed: 4, Batch size: 20
Output directory: /home/users/g/s/gsavary/LudiiMCTSVariations/slurm_sweep_full_dataset/output_decay/warm_50_decay_exponential_0_90/seed_4

Loading Ludii dataset...
Loaded 1085 games
Using 1085 games (full dataset)

Running timing probe (100 pulls)...
  Estimated secs/pull: 0.026971

Time budget: 3600.0s → ~133474 total pulls
Per-method budget: 19067 pulls (~514.3s)

Computing predictor-only performance...
  Predictions loaded: 23675 agent predictions
  Predictor-only: regret=0.104318, ape=0.4894

Running WARM-START (w=50, decay=exponential param=0.9)...
[17:47:24] warmStart (decay=exponential) 0% (1/954) regret=0.113570 ape=0.6018
[17:47:24] warmStart (decay=exponential) 0% (2/954) regret=0.113538 ape=0.6009
[17:47:24] warmStart (decay=exponential) 0% (3/954) regret=0.113538 ape=0.6009
[17:47:25] warmStart (decay=exponential) 0% (4/954) regret=0.113538 ape=0.6009
[17:47:25] warmStart (decay=exponential) 0% (5/954) regret=0.113538 ape=0.6009
[17:47:25] warmStart (decay=exponential) 0% (6/954) regret=0.113538 ape=0.6009
[17:47:25] warmStart (decay=exponential) 0% (7/954) regret=0.113538 ape=0.6009
[17:47:26] warmStart (decay=exponential) 0% (8/954) regret=0.113538 ape=0.6009
[17:47:26] warmStart (decay=exponential) 0% (9/954) regret=0.113538 ape=0.6009
[17:47:26] warmStart (decay=exponential) 1% (10/954) regret=0.113538 ape=0.6009
[17:47:27] warmStart (decay=exponential) 1% (11/954) regret=0.113538 ape=0.6009
[17:47:27] warmStart (decay=exponential) 1% (12/954) regret=0.113538 ape=0.6009
[17:47:27] warmStart (decay=exponential) 1% (13/954) regret=0.113538 ape=0.6009
[17:47:27] warmStart (decay=exponential) 1% (14/954) regret=0.113538 ape=0.6009
[17:47:28] warmStart (decay=exponential) 1% (15/954) regret=0.113538 ape=0.6009
[17:47:28] warmStart (decay=exponential) 1% (16/954) regret=0.113538 ape=0.6009
[17:47:28] warmStart (decay=exponential) 1% (17/954) regret=0.113538 ape=0.6009
[17:47:28] warmStart (decay=exponential) 1% (18/954) regret=0.113538 ape=0.6009
[17:47:29] warmStart (decay=exponential) 1% (19/954) regret=0.113538 ape=0.6009
[17:47:29] warmStart (decay=exponential) 2% (20/954) regret=0.113538 ape=0.6009
[17:47:29] warmStart (decay=exponential) 2% (21/954) regret=0.113538 ape=0.6009
[17:47:29] warmStart (decay=exponential) 2% (22/954) regret=0.113538 ape=0.6009
[17:47:30] warmStart (decay=exponential) 2% (23/954) regret=0.113538 ape=0.6009
[17:47:30] warmStart (decay=exponential) 2% (24/954) regret=0.113538 ape=0.6009
[17:47:30] warmStart (decay=exponential) 2% (25/954) regret=0.113538 ape=0.6009
[17:47:30] warmStart (decay=exponential) 2% (26/954) regret=0.113538 ape=0.6009
[17:47:31] warmStart (decay=exponential) 2% (27/954) regret=0.113538 ape=0.6009
[17:47:31] warmStart (decay=exponential) 2% (28/954) regret=0.113538 ape=0.6009
[17:47:31] warmStart (decay=exponential) 3% (29/954) regret=0.113538 ape=0.6009
[17:47:31] warmStart (decay=exponential) 3% (30/954) regret=0.113538 ape=0.6009
[17:47:32] warmStart (decay=exponential) 3% (31/954) regret=0.113538 ape=0.6009
[17:47:32] warmStart (decay=exponential) 3% (32/954) regret=0.113538 ape=0.6009
[17:47:32] warmStart (decay=exponential) 3% (33/954) regret=0.113538 ape=0.6009
[17:47:33] warmStart (decay=exponential) 3% (34/954) regret=0.113538 ape=0.6009
[17:47:33] warmStart (decay=exponential) 3% (35/954) regret=0.113538 ape=0.6009
[17:47:33] warmStart (decay=exponential) 3% (36/954) regret=0.113538 ape=0.6009
[17:47:33] warmStart (decay=exponential) 3% (37/954) regret=0.113538 ape=0.6009
[17:47:34] warmStart (decay=exponential) 3% (38/954) regret=0.113538 ape=0.6009
[17:47:34] warmStart (decay=exponential) 4% (39/954) regret=0.113538 ape=0.6009
[17:47:34] warmStart (decay=exponential) 4% (40/954) regret=0.113538 ape=0.6009
[17:47:34] warmStart (decay=exponential) 4% (41/954) regret=0.113538 ape=0.6009
[17:47:35] warmStart (decay=exponential) 4% (42/954) regret=0.113538 ape=0.6009
[17:47:35] warmStart (decay=exponential) 4% (43/954) regret=0.113538 ape=0.6009
[17:47:35] warmStart (decay=exponential) 4% (44/954) regret=0.113538 ape=0.6009
[17:47:35] warmStart (decay=exponential) 4% (45/954) regret=0.113538 ape=0.6009
[17:47:36] warmStart (decay=exponential) 4% (46/954) regret=0.113538 ape=0.6009
[17:47:36] warmStart (decay=exponential) 4% (47/954) regret=0.113538 ape=0.6009
[17:47:36] warmStart (decay=exponential) 5% (48/954) regret=0.113538 ape=0.6009
[17:47:37] warmStart (decay=exponential) 5% (49/954) regret=0.113538 ape=0.6009
[17:47:37] warmStart (decay=exponential) 5% (50/954) regret=0.113538 ape=0.6009
[17:47:37] warmStart (decay=exponential) 5% (51/954) regret=0.113538 ape=0.6009
[17:47:37] warmStart (decay=exponential) 5% (52/954) regret=0.113538 ape=0.6009
[17:47:38] warmStart (decay=exponential) 5% (53/954) regret=0.113538 ape=0.6009
[17:47:38] warmStart (decay=exponential) 5% (54/954) regret=0.113538 ape=0.6009
[17:47:38] warmStart (decay=exponential) 5% (55/954) regret=0.113538 ape=0.6009
[17:47:38] warmStart (decay=exponential) 5% (56/954) regret=0.113538 ape=0.6009
[17:47:39] warmStart (decay=exponential) 5% (57/954) regret=0.113538 ape=0.6009
[17:47:39] warmStart (decay=exponential) 6% (58/954) regret=0.113538 ape=0.6009
[17:47:39] warmStart (decay=exponential) 6% (59/954) regret=0.113538 ape=0.6009
[17:47:40] warmStart (decay=exponential) 6% (60/954) regret=0.113538 ape=0.6009
[17:47:40] warmStart (decay=exponential) 6% (61/954) regret=0.113538 ape=0.6009
[17:47:40] warmStart (decay=exponential) 6% (62/954) regret=0.113538 ape=0.6009
[17:47:40] warmStart (decay=exponential) 6% (63/954) regret=0.113538 ape=0.6009
[17:47:41] warmStart (decay=exponential) 6% (64/954) regret=0.113538 ape=0.6009
[17:47:41] warmStart (decay=exponential) 6% (65/954) regret=0.113538 ape=0.6009
[17:47:41] warmStart (decay=exponential) 6% (66/954) regret=0.113538 ape=0.6009
[17:47:41] warmStart (decay=exponential) 7% (67/954) regret=0.113538 ape=0.6009
[17:47:42] warmStart (decay=exponential) 7% (68/954) regret=0.113538 ape=0.6009
[17:47:42] warmStart (decay=exponential) 7% (69/954) regret=0.113538 ape=0.6009
[17:47:42] warmStart (decay=exponential) 7% (70/954) regret=0.113538 ape=0.6009
[17:47:43] warmStart (decay=exponential) 7% (71/954) regret=0.113538 ape=0.6009
[17:47:43] warmStart (decay=exponential) 7% (72/954) regret=0.113538 ape=0.6009
[17:47:43] warmStart (decay=exponential) 7% (73/954) regret=0.113538 ape=0.6009
[17:47:43] warmStart (decay=exponential) 7% (74/954) regret=0.113538 ape=0.6009
[17:47:44] warmStart (decay=exponential) 7% (75/954) regret=0.113538 ape=0.6009
[17:47:44] warmStart (decay=exponential) 7% (76/954) regret=0.113538 ape=0.6009
[17:47:44] warmStart (decay=exponential) 8% (77/954) regret=0.113538 ape=0.6009
[17:47:44] warmStart (decay=exponential) 8% (78/954) regret=0.113538 ape=0.6009
[17:47:45] warmStart (decay=exponential) 8% (79/954) regret=0.113538 ape=0.6009
[17:47:45] warmStart (decay=exponential) 8% (80/954) regret=0.113538 ape=0.6009
[17:47:45] warmStart (decay=exponential) 8% (81/954) regret=0.113538 ape=0.6009
[17:47:45] warmStart (decay=exponential) 8% (82/954) regret=0.113538 ape=0.6009
[17:47:46] warmStart (decay=exponential) 8% (83/954) regret=0.113538 ape=0.6009
[17:47:46] warmStart (decay=exponential) 8% (84/954) regret=0.113538 ape=0.6009
[17:47:46] warmStart (decay=exponential) 8% (85/954) regret=0.113538 ape=0.6009
[17:47:46] warmStart (decay=exponential) 9% (86/954) regret=0.113538 ape=0.6009
[17:47:47] warmStart (decay=exponential) 9% (87/954) regret=0.113538 ape=0.6009
[17:47:47] warmStart (decay=exponential) 9% (88/954) regret=0.113538 ape=0.6009
[17:47:47] warmStart (decay=exponential) 9% (89/954) regret=0.113538 ape=0.6009
[17:47:47] warmStart (decay=exponential) 9% (90/954) regret=0.113538 ape=0.6009
[17:47:48] warmStart (decay=exponential) 9% (91/954) regret=0.113538 ape=0.6009
[17:47:48] warmStart (decay=exponential) 9% (92/954) regret=0.113630 ape=0.6018
[17:47:48] warmStart (decay=exponential) 9% (93/954) regret=0.113630 ape=0.6018
[17:47:48] warmStart (decay=exponential) 9% (94/954) regret=0.113621 ape=0.6018
[17:47:49] warmStart (decay=exponential) 9% (95/954) regret=0.113621 ape=0.6018
[17:47:49] warmStart (decay=exponential) 10% (96/954) regret=0.113621 ape=0.6018
[17:47:49] warmStart (decay=exponential) 10% (97/954) regret=0.113621 ape=0.6018
[17:47:49] warmStart (decay=exponential) 10% (98/954) regret=0.113556 ape=0.6018
[17:47:49] warmStart (decay=exponential) 10% (99/954) regret=0.113151 ape=0.6009
[17:47:50] warmStart (decay=exponential) 10% (100/954) regret=0.113151 ape=0.6009
[17:47:50] warmStart (decay=exponential) 10% (101/954) regret=0.113537 ape=0.6009
[17:47:50] warmStart (decay=exponential) 10% (102/954) regret=0.113192 ape=0.6009
[17:47:50] warmStart (decay=exponential) 10% (103/954) regret=0.113056 ape=0.6009
[17:47:51] warmStart (decay=exponential) 10% (104/954) regret=0.113056 ape=0.6009
[17:47:51] warmStart (decay=exponential) 11% (105/954) regret=0.113050 ape=0.6000
[17:47:51] warmStart (decay=exponential) 11% (106/954) regret=0.113056 ape=0.6009
[17:47:51] warmStart (decay=exponential) 11% (107/954) regret=0.113056 ape=0.6009
[17:47:52] warmStart (decay=exponential) 11% (108/954) regret=0.113056 ape=0.6009
[17:47:52] warmStart (decay=exponential) 11% (109/954) regret=0.113056 ape=0.6009
[17:47:52] warmStart (decay=exponential) 11% (110/954) regret=0.113056 ape=0.6009
[17:47:52] warmStart (decay=exponential) 11% (111/954) regret=0.113056 ape=0.6009
[17:47:52] warmStart (decay=exponential) 11% (112/954) regret=0.113056 ape=0.6009
[17:47:52] warmStart (decay=exponential) 11% (113/954) regret=0.113056 ape=0.6009
[17:47:53] warmStart (decay=exponential) 11% (114/954) regret=0.113056 ape=0.6009
[17:47:53] warmStart (decay=exponential) 12% (115/954) regret=0.113056 ape=0.6009
[17:47:53] warmStart (decay=exponential) 12% (116/954) regret=0.113056 ape=0.6009
[17:47:53] warmStart (decay=exponential) 12% (117/954) regret=0.113056 ape=0.6009
[17:47:53] warmStart (decay=exponential) 12% (118/954) regret=0.113056 ape=0.6009
[17:47:53] warmStart (decay=exponential) 12% (119/954) regret=0.113056 ape=0.6009
[17:47:54] warmStart (decay=exponential) 12% (120/954) regret=0.113056 ape=0.6009
[17:47:54] warmStart (decay=exponential) 12% (121/954) regret=0.113056 ape=0.6009
[17:47:54] warmStart (decay=exponential) 12% (122/954) regret=0.113056 ape=0.6009
[17:47:54] warmStart (decay=exponential) 12% (123/954) regret=0.113056 ape=0.6009
[17:47:54] warmStart (decay=exponential) 12% (124/954) regret=0.113056 ape=0.6009
[17:47:54] warmStart (decay=exponential) 13% (125/954) regret=0.113056 ape=0.6009
[17:47:55] warmStart (decay=exponential) 13% (126/954) regret=0.113056 ape=0.6009
[17:47:55] warmStart (decay=exponential) 13% (127/954) regret=0.113056 ape=0.6009
[17:47:55] warmStart (decay=exponential) 13% (128/954) regret=0.113056 ape=0.6009
[17:47:55] warmStart (decay=exponential) 13% (129/954) regret=0.113056 ape=0.6009
[17:47:55] warmStart (decay=exponential) 13% (130/954) regret=0.113056 ape=0.6009
[17:47:56] warmStart (decay=exponential) 13% (131/954) regret=0.113056 ape=0.6009
[17:47:56] warmStart (decay=exponential) 13% (132/954) regret=0.113056 ape=0.6009
[17:47:56] warmStart (decay=exponential) 13% (133/954) regret=0.113056 ape=0.6009
[17:47:56] warmStart (decay=exponential) 14% (134/954) regret=0.113056 ape=0.6009
[17:47:56] warmStart (decay=exponential) 14% (135/954) regret=0.113056 ape=0.6009
[17:47:56] warmStart (decay=exponential) 14% (136/954) regret=0.113056 ape=0.6009
[17:47:57] warmStart (decay=exponential) 14% (137/954) regret=0.113056 ape=0.6009
[17:47:57] warmStart (decay=exponential) 14% (138/954) regret=0.113056 ape=0.6009
[17:47:57] warmStart (decay=exponential) 14% (139/954) regret=0.113056 ape=0.6009
[17:47:57] warmStart (decay=exponential) 14% (140/954) regret=0.113056 ape=0.6009
[17:47:57] warmStart (decay=exponential) 14% (141/954) regret=0.113056 ape=0.6009
[17:47:58] warmStart (decay=exponential) 14% (142/954) regret=0.113056 ape=0.6009
[17:47:58] warmStart (decay=exponential) 14% (143/954) regret=0.113056 ape=0.6009
[17:47:58] warmStart (decay=exponential) 15% (144/954) regret=0.113056 ape=0.6009
[17:47:58] warmStart (decay=exponential) 15% (145/954) regret=0.113056 ape=0.6009
[17:47:58] warmStart (decay=exponential) 15% (146/954) regret=0.113056 ape=0.6009
[17:47:59] warmStart (decay=exponential) 15% (147/954) regret=0.113056 ape=0.6009
[17:47:59] warmStart (decay=exponential) 15% (148/954) regret=0.113089 ape=0.6018
[17:47:59] warmStart (decay=exponential) 15% (149/954) regret=0.113089 ape=0.6018
[17:47:59] warmStart (decay=exponential) 15% (150/954) regret=0.113089 ape=0.6018
[17:47:59] warmStart (decay=exponential) 15% (151/954) regret=0.113089 ape=0.6018
[17:47:59] warmStart (decay=exponential) 15% (152/954) regret=0.113089 ape=0.6018
[17:48:00] warmStart (decay=exponential) 16% (153/954) regret=0.113089 ape=0.6018
[17:48:00] warmStart (decay=exponential) 16% (154/954) regret=0.113089 ape=0.6018
[17:48:00] warmStart (decay=exponential) 16% (155/954) regret=0.113089 ape=0.6018
[17:48:00] warmStart (decay=exponential) 16% (156/954) regret=0.113089 ape=0.6018
[17:48:00] warmStart (decay=exponential) 16% (157/954) regret=0.113089 ape=0.6018
[17:48:00] warmStart (decay=exponential) 16% (158/954) regret=0.113089 ape=0.6018
[17:48:00] warmStart (decay=exponential) 16% (159/954) regret=0.113089 ape=0.6018
[17:48:01] warmStart (decay=exponential) 16% (160/954) regret=0.113089 ape=0.6018
[17:48:01] warmStart (decay=exponential) 16% (161/954) regret=0.113089 ape=0.6018
[17:48:01] warmStart (decay=exponential) 16% (162/954) regret=0.113089 ape=0.6018
[17:48:01] warmStart (decay=exponential) 17% (163/954) regret=0.113089 ape=0.6018
[17:48:01] warmStart (decay=exponential) 17% (164/954) regret=0.113089 ape=0.6018
[17:48:01] warmStart (decay=exponential) 17% (165/954) regret=0.113089 ape=0.6018
[17:48:01] warmStart (decay=exponential) 17% (166/954) regret=0.113089 ape=0.6018
[17:48:02] warmStart (decay=exponential) 17% (167/954) regret=0.113089 ape=0.6018
[17:48:02] warmStart (decay=exponential) 17% (168/954) regret=0.113089 ape=0.6018
[17:48:02] warmStart (decay=exponential) 17% (169/954) regret=0.113089 ape=0.6018
[17:48:02] warmStart (decay=exponential) 17% (170/954) regret=0.113089 ape=0.6018
[17:48:02] warmStart (decay=exponential) 17% (171/954) regret=0.113089 ape=0.6018
[17:48:02] warmStart (decay=exponential) 18% (172/954) regret=0.113089 ape=0.6018
[17:48:03] warmStart (decay=exponential) 18% (173/954) regret=0.113089 ape=0.6018
[17:48:03] warmStart (decay=exponential) 18% (174/954) regret=0.113089 ape=0.6018
[17:48:03] warmStart (decay=exponential) 18% (175/954) regret=0.113089 ape=0.6018
[17:48:03] warmStart (decay=exponential) 18% (176/954) regret=0.113089 ape=0.6018
[17:48:03] warmStart (decay=exponential) 18% (177/954) regret=0.113099 ape=0.6018
[17:48:03] warmStart (decay=exponential) 18% (178/954) regret=0.113099 ape=0.6018
[17:48:03] warmStart (decay=exponential) 18% (179/954) regret=0.113099 ape=0.6018
[17:48:04] warmStart (decay=exponential) 18% (180/954) regret=0.113023 ape=0.6009
[17:48:04] warmStart (decay=exponential) 18% (181/954) regret=0.113023 ape=0.6009
[17:48:04] warmStart (decay=exponential) 19% (182/954) regret=0.113023 ape=0.6009
[17:48:04] warmStart (decay=exponential) 19% (183/954) regret=0.113023 ape=0.6009
[17:48:04] warmStart (decay=exponential) 19% (184/954) regret=0.113023 ape=0.6009
[17:48:04] warmStart (decay=exponential) 19% (185/954) regret=0.113023 ape=0.6009
[17:48:04] warmStart (decay=exponential) 19% (186/954) regret=0.113023 ape=0.6009
[17:48:05] warmStart (decay=exponential) 19% (187/954) regret=0.113023 ape=0.6009
[17:48:05] warmStart (decay=exponential) 19% (188/954) regret=0.113023 ape=0.6009
[17:48:05] warmStart (decay=exponential) 19% (189/954) regret=0.113023 ape=0.6009
[17:48:05] warmStart (decay=exponential) 19% (190/954) regret=0.112839 ape=0.6000
[17:48:05] warmStart (decay=exponential) 20% (191/954) regret=0.112839 ape=0.6000
[17:48:05] warmStart (decay=exponential) 20% (192/954) regret=0.112839 ape=0.6000
[17:48:06] warmStart (decay=exponential) 20% (193/954) regret=0.113023 ape=0.6009
[17:48:06] warmStart (decay=exponential) 20% (194/954) regret=0.113023 ape=0.6009
[17:48:06] warmStart (decay=exponential) 20% (195/954) regret=0.112839 ape=0.6000
[17:48:06] warmStart (decay=exponential) 20% (196/954) regret=0.112839 ape=0.6000
[17:48:06] warmStart (decay=exponential) 20% (197/954) regret=0.112692 ape=0.5991
[17:48:06] warmStart (decay=exponential) 20% (198/954) regret=0.112710 ape=0.5991
[17:48:07] warmStart (decay=exponential) 20% (199/954) regret=0.112710 ape=0.5991
[17:48:07] warmStart (decay=exponential) 20% (200/954) regret=0.112710 ape=0.5991
[17:48:07] warmStart (decay=exponential) 21% (201/954) regret=0.112263 ape=0.5991
[17:48:07] warmStart (decay=exponential) 21% (202/954) regret=0.112475 ape=0.5991
[17:48:07] warmStart (decay=exponential) 21% (203/954) regret=0.112263 ape=0.5991
[17:48:07] warmStart (decay=exponential) 21% (204/954) regret=0.112185 ape=0.5982
[17:48:07] warmStart (decay=exponential) 21% (205/954) regret=0.112185 ape=0.5982
[17:48:08] warmStart (decay=exponential) 21% (206/954) regret=0.112185 ape=0.5982
[17:48:08] warmStart (decay=exponential) 21% (207/954) regret=0.112185 ape=0.5982
[17:48:08] warmStart (decay=exponential) 21% (208/954) regret=0.112185 ape=0.5982
[17:48:08] warmStart (decay=exponential) 21% (209/954) regret=0.112185 ape=0.5982
[17:48:08] warmStart (decay=exponential) 22% (210/954) regret=0.112185 ape=0.5982
[17:48:09] warmStart (decay=exponential) 22% (211/954) regret=0.112185 ape=0.5982
[17:48:09] warmStart (decay=exponential) 22% (212/954) regret=0.112185 ape=0.5982
[17:48:09] warmStart (decay=exponential) 22% (213/954) regret=0.112185 ape=0.5982
[17:48:09] warmStart (decay=exponential) 22% (214/954) regret=0.112185 ape=0.5982
[17:48:09] warmStart (decay=exponential) 22% (215/954) regret=0.112185 ape=0.5982
[17:48:09] warmStart (decay=exponential) 22% (216/954) regret=0.112180 ape=0.5982
[17:48:10] warmStart (decay=exponential) 22% (217/954) regret=0.112180 ape=0.5982
[17:48:10] warmStart (decay=exponential) 22% (218/954) regret=0.112180 ape=0.5982
[17:48:10] warmStart (decay=exponential) 22% (219/954) regret=0.112180 ape=0.5982
[17:48:10] warmStart (decay=exponential) 23% (220/954) regret=0.112180 ape=0.5982
[17:48:10] warmStart (decay=exponential) 23% (221/954) regret=0.112180 ape=0.5982
[17:48:10] warmStart (decay=exponential) 23% (222/954) regret=0.112180 ape=0.5982
[17:48:11] warmStart (decay=exponential) 23% (223/954) regret=0.112180 ape=0.5982
[17:48:11] warmStart (decay=exponential) 23% (224/954) regret=0.112180 ape=0.5982
[17:48:11] warmStart (decay=exponential) 23% (225/954) regret=0.112180 ape=0.5982
[17:48:11] warmStart (decay=exponential) 23% (226/954) regret=0.112180 ape=0.5982
[17:48:11] warmStart (decay=exponential) 23% (227/954) regret=0.112180 ape=0.5982
[17:48:11] warmStart (decay=exponential) 23% (228/954) regret=0.112180 ape=0.5982
[17:48:12] warmStart (decay=exponential) 24% (229/954) regret=0.112180 ape=0.5982
[17:48:12] warmStart (decay=exponential) 24% (230/954) regret=0.112180 ape=0.5982
[17:48:12] warmStart (decay=exponential) 24% (231/954) regret=0.112180 ape=0.5982
[17:48:12] warmStart (decay=exponential) 24% (232/954) regret=0.112180 ape=0.5982
[17:48:12] warmStart (decay=exponential) 24% (233/954) regret=0.112184 ape=0.5982
[17:48:12] warmStart (decay=exponential) 24% (234/954) regret=0.112184 ape=0.5982
[17:48:12] warmStart (decay=exponential) 24% (235/954) regret=0.112184 ape=0.5982
[17:48:13] warmStart (decay=exponential) 24% (236/954) regret=0.112184 ape=0.5982
[17:48:13] warmStart (decay=exponential) 24% (237/954) regret=0.112184 ape=0.5982
[17:48:13] warmStart (decay=exponential) 24% (238/954) regret=0.112184 ape=0.5982
[17:48:13] warmStart (decay=exponential) 25% (239/954) regret=0.112184 ape=0.5982
[17:48:14] warmStart (decay=exponential) 25% (240/954) regret=0.112184 ape=0.5982
[17:48:14] warmStart (decay=exponential) 25% (241/954) regret=0.112184 ape=0.5982
[17:48:14] warmStart (decay=exponential) 25% (242/954) regret=0.112184 ape=0.5982
[17:48:14] warmStart (decay=exponential) 25% (243/954) regret=0.112184 ape=0.5982
[17:48:15] warmStart (decay=exponential) 25% (244/954) regret=0.112184 ape=0.5982
[17:48:15] warmStart (decay=exponential) 25% (245/954) regret=0.112184 ape=0.5982
[17:48:15] warmStart (decay=exponential) 25% (246/954) regret=0.112184 ape=0.5982
[17:48:15] warmStart (decay=exponential) 25% (247/954) regret=0.112184 ape=0.5982
[17:48:16] warmStart (decay=exponential) 25% (248/954) regret=0.112184 ape=0.5982
[17:48:16] warmStart (decay=exponential) 26% (249/954) regret=0.112184 ape=0.5982
[17:48:16] warmStart (decay=exponential) 26% (250/954) regret=0.112184 ape=0.5982
[17:48:17] warmStart (decay=exponential) 26% (251/954) regret=0.112184 ape=0.5982
[17:48:17] warmStart (decay=exponential) 26% (252/954) regret=0.112184 ape=0.5982
[17:48:17] warmStart (decay=exponential) 26% (253/954) regret=0.112184 ape=0.5982
[17:48:17] warmStart (decay=exponential) 26% (254/954) regret=0.112184 ape=0.5982
[17:48:18] warmStart (decay=exponential) 26% (255/954) regret=0.112184 ape=0.5982
[17:48:18] warmStart (decay=exponential) 26% (256/954) regret=0.112184 ape=0.5982
[17:48:18] warmStart (decay=exponential) 26% (257/954) regret=0.112184 ape=0.5982
[17:48:18] warmStart (decay=exponential) 27% (258/954) regret=0.112184 ape=0.5982
[17:48:19] warmStart (decay=exponential) 27% (259/954) regret=0.112184 ape=0.5982
[17:48:19] warmStart (decay=exponential) 27% (260/954) regret=0.112184 ape=0.5982
[17:48:19] warmStart (decay=exponential) 27% (261/954) regret=0.112184 ape=0.5982
[17:48:20] warmStart (decay=exponential) 27% (262/954) regret=0.112184 ape=0.5982
[17:48:20] warmStart (decay=exponential) 27% (263/954) regret=0.112184 ape=0.5982
[17:48:20] warmStart (decay=exponential) 27% (264/954) regret=0.112184 ape=0.5982
[17:48:20] warmStart (decay=exponential) 27% (265/954) regret=0.112184 ape=0.5982
[17:48:21] warmStart (decay=exponential) 27% (266/954) regret=0.112184 ape=0.5982
[17:48:21] warmStart (decay=exponential) 27% (267/954) regret=0.112184 ape=0.5982
[17:48:21] warmStart (decay=exponential) 28% (268/954) regret=0.112184 ape=0.5982
[17:48:21] warmStart (decay=exponential) 28% (269/954) regret=0.112184 ape=0.5982
[17:48:22] warmStart (decay=exponential) 28% (270/954) regret=0.112184 ape=0.5982
[17:48:22] warmStart (decay=exponential) 28% (271/954) regret=0.112184 ape=0.5982
[17:48:22] warmStart (decay=exponential) 28% (272/954) regret=0.112184 ape=0.5982
[17:48:23] warmStart (decay=exponential) 28% (273/954) regret=0.112184 ape=0.5982
[17:48:23] warmStart (decay=exponential) 28% (274/954) regret=0.112184 ape=0.5982
[17:48:23] warmStart (decay=exponential) 28% (275/954) regret=0.112184 ape=0.5982
[17:48:23] warmStart (decay=exponential) 28% (276/954) regret=0.112184 ape=0.5982
[17:48:24] warmStart (decay=exponential) 29% (277/954) regret=0.112184 ape=0.5982
[17:48:24] warmStart (decay=exponential) 29% (278/954) regret=0.112184 ape=0.5982
[17:48:24] warmStart (decay=exponential) 29% (279/954) regret=0.112184 ape=0.5982
[17:48:25] warmStart (decay=exponential) 29% (280/954) regret=0.112184 ape=0.5982
[17:48:25] warmStart (decay=exponential) 29% (281/954) regret=0.112184 ape=0.5982
[17:48:25] warmStart (decay=exponential) 29% (282/954) regret=0.112184 ape=0.5982
[17:48:25] warmStart (decay=exponential) 29% (283/954) regret=0.112184 ape=0.5982
[17:48:26] warmStart (decay=exponential) 29% (284/954) regret=0.112184 ape=0.5982
[17:48:26] warmStart (decay=exponential) 29% (285/954) regret=0.112184 ape=0.5982
[17:48:26] warmStart (decay=exponential) 29% (286/954) regret=0.112184 ape=0.5982
[17:48:26] warmStart (decay=exponential) 30% (287/954) regret=0.112184 ape=0.5982
[17:48:27] warmStart (decay=exponential) 30% (288/954) regret=0.112184 ape=0.5982
[17:48:27] warmStart (decay=exponential) 30% (289/954) regret=0.112184 ape=0.5982
[17:48:27] warmStart (decay=exponential) 30% (290/954) regret=0.112184 ape=0.5982
[17:48:28] warmStart (decay=exponential) 30% (291/954) regret=0.112184 ape=0.5982
[17:48:28] warmStart (decay=exponential) 30% (292/954) regret=0.112184 ape=0.5982
[17:48:28] warmStart (decay=exponential) 30% (293/954) regret=0.112184 ape=0.5982
[17:48:28] warmStart (decay=exponential) 30% (294/954) regret=0.112184 ape=0.5982
[17:48:29] warmStart (decay=exponential) 30% (295/954) regret=0.112184 ape=0.5982
[17:48:29] warmStart (decay=exponential) 31% (296/954) regret=0.112184 ape=0.5982
[17:48:29] warmStart (decay=exponential) 31% (297/954) regret=0.112184 ape=0.5982
[17:48:29] warmStart (decay=exponential) 31% (298/954) regret=0.112184 ape=0.5982
[17:48:30] warmStart (decay=exponential) 31% (299/954) regret=0.112184 ape=0.5982
[17:48:30] warmStart (decay=exponential) 31% (300/954) regret=0.112184 ape=0.5982
[17:48:30] warmStart (decay=exponential) 31% (301/954) regret=0.112184 ape=0.5982
[17:48:31] warmStart (decay=exponential) 31% (302/954) regret=0.112184 ape=0.5982
[17:48:31] warmStart (decay=exponential) 31% (303/954) regret=0.112184 ape=0.5982
[17:48:31] warmStart (decay=exponential) 31% (304/954) regret=0.112184 ape=0.5982
[17:48:31] warmStart (decay=exponential) 31% (305/954) regret=0.112184 ape=0.5982
[17:48:32] warmStart (decay=exponential) 32% (306/954) regret=0.112184 ape=0.5982
[17:48:32] warmStart (decay=exponential) 32% (307/954) regret=0.112184 ape=0.5982
[17:48:32] warmStart (decay=exponential) 32% (308/954) regret=0.112184 ape=0.5982
[17:48:33] warmStart (decay=exponential) 32% (309/954) regret=0.112184 ape=0.5982
[17:48:33] warmStart (decay=exponential) 32% (310/954) regret=0.112184 ape=0.5982
[17:48:33] warmStart (decay=exponential) 32% (311/954) regret=0.112184 ape=0.5982
[17:48:33] warmStart (decay=exponential) 32% (312/954) regret=0.112191 ape=0.5991
[17:48:34] warmStart (decay=exponential) 32% (313/954) regret=0.112191 ape=0.5991
[17:48:34] warmStart (decay=exponential) 32% (314/954) regret=0.112191 ape=0.5991
[17:48:34] warmStart (decay=exponential) 33% (315/954) regret=0.112190 ape=0.5991
[17:48:34] warmStart (decay=exponential) 33% (316/954) regret=0.112190 ape=0.5991
[17:48:35] warmStart (decay=exponential) 33% (317/954) regret=0.112190 ape=0.5991
[17:48:35] warmStart (decay=exponential) 33% (318/954) regret=0.112190 ape=0.5991
[17:48:35] warmStart (decay=exponential) 33% (319/954) regret=0.112190 ape=0.5991
[17:48:35] warmStart (decay=exponential) 33% (320/954) regret=0.112190 ape=0.5991
[17:48:36] warmStart (decay=exponential) 33% (321/954) regret=0.112190 ape=0.5991
[17:48:36] warmStart (decay=exponential) 33% (322/954) regret=0.112190 ape=0.5991
[17:48:36] warmStart (decay=exponential) 33% (323/954) regret=0.112190 ape=0.5991
[17:48:36] warmStart (decay=exponential) 33% (324/954) regret=0.112190 ape=0.5991
[17:48:36] warmStart (decay=exponential) 34% (325/954) regret=0.112190 ape=0.5991
[17:48:37] warmStart (decay=exponential) 34% (326/954) regret=0.112190 ape=0.5991
[17:48:37] warmStart (decay=exponential) 34% (327/954) regret=0.112190 ape=0.5991
[17:48:37] warmStart (decay=exponential) 34% (328/954) regret=0.112190 ape=0.5991
[17:48:37] warmStart (decay=exponential) 34% (329/954) regret=0.112190 ape=0.5991
[17:48:38] warmStart (decay=exponential) 34% (330/954) regret=0.112190 ape=0.5991
[17:48:38] warmStart (decay=exponential) 34% (331/954) regret=0.112190 ape=0.5991
[17:48:38] warmStart (decay=exponential) 34% (332/954) regret=0.112190 ape=0.5991
[17:48:38] warmStart (decay=exponential) 34% (333/954) regret=0.112190 ape=0.5991
[17:48:39] warmStart (decay=exponential) 35% (334/954) regret=0.112190 ape=0.5991
[17:48:39] warmStart (decay=exponential) 35% (335/954) regret=0.112190 ape=0.5991
[17:48:39] warmStart (decay=exponential) 35% (336/954) regret=0.112190 ape=0.5991
[17:48:39] warmStart (decay=exponential) 35% (337/954) regret=0.112190 ape=0.5991
[17:48:40] warmStart (decay=exponential) 35% (338/954) regret=0.112190 ape=0.5991
[17:48:40] warmStart (decay=exponential) 35% (339/954) regret=0.112190 ape=0.5991
[17:48:40] warmStart (decay=exponential) 35% (340/954) regret=0.112190 ape=0.5991
[17:48:41] warmStart (decay=exponential) 35% (341/954) regret=0.112190 ape=0.5991
[17:48:41] warmStart (decay=exponential) 35% (342/954) regret=0.112190 ape=0.5991
[17:48:41] warmStart (decay=exponential) 35% (343/954) regret=0.112190 ape=0.5991
[17:48:41] warmStart (decay=exponential) 36% (344/954) regret=0.112190 ape=0.5991
[17:48:42] warmStart (decay=exponential) 36% (345/954) regret=0.112190 ape=0.5991
[17:48:42] warmStart (decay=exponential) 36% (346/954) regret=0.112190 ape=0.5991
[17:48:42] warmStart (decay=exponential) 36% (347/954) regret=0.112190 ape=0.5991
[17:48:42] warmStart (decay=exponential) 36% (348/954) regret=0.112190 ape=0.5991
[17:48:43] warmStart (decay=exponential) 36% (349/954) regret=0.112190 ape=0.5991
[17:48:43] warmStart (decay=exponential) 36% (350/954) regret=0.112190 ape=0.5991
[17:48:43] warmStart (decay=exponential) 36% (351/954) regret=0.112190 ape=0.5991
[17:48:43] warmStart (decay=exponential) 36% (352/954) regret=0.112190 ape=0.5991
[17:48:44] warmStart (decay=exponential) 37% (353/954) regret=0.112190 ape=0.5991
[17:48:44] warmStart (decay=exponential) 37% (354/954) regret=0.112190 ape=0.5991
[17:48:44] warmStart (decay=exponential) 37% (355/954) regret=0.112190 ape=0.5991
[17:48:44] warmStart (decay=exponential) 37% (356/954) regret=0.112190 ape=0.5991
[17:48:45] warmStart (decay=exponential) 37% (357/954) regret=0.112190 ape=0.5991
[17:48:45] warmStart (decay=exponential) 37% (358/954) regret=0.112190 ape=0.5991
[17:48:45] warmStart (decay=exponential) 37% (359/954) regret=0.112190 ape=0.5991
[17:48:45] warmStart (decay=exponential) 37% (360/954) regret=0.112190 ape=0.5991
[17:48:46] warmStart (decay=exponential) 37% (361/954) regret=0.112190 ape=0.5991
[17:48:46] warmStart (decay=exponential) 37% (362/954) regret=0.112190 ape=0.5991
[17:48:46] warmStart (decay=exponential) 38% (363/954) regret=0.112190 ape=0.5991
[17:48:47] warmStart (decay=exponential) 38% (364/954) regret=0.112190 ape=0.5991
[17:48:47] warmStart (decay=exponential) 38% (365/954) regret=0.112190 ape=0.5991
[17:48:47] warmStart (decay=exponential) 38% (366/954) regret=0.112190 ape=0.5991
[17:48:47] warmStart (decay=exponential) 38% (367/954) regret=0.112190 ape=0.5991
[17:48:48] warmStart (decay=exponential) 38% (368/954) regret=0.112190 ape=0.5991
[17:48:48] warmStart (decay=exponential) 38% (369/954) regret=0.112190 ape=0.5991
[17:48:48] warmStart (decay=exponential) 38% (370/954) regret=0.112190 ape=0.5991
[17:48:48] warmStart (decay=exponential) 38% (371/954) regret=0.112190 ape=0.5991
[17:48:49] warmStart (decay=exponential) 38% (372/954) regret=0.112190 ape=0.5991
[17:48:49] warmStart (decay=exponential) 39% (373/954) regret=0.112190 ape=0.5991
[17:48:49] warmStart (decay=exponential) 39% (374/954) regret=0.112190 ape=0.5991
[17:48:49] warmStart (decay=exponential) 39% (375/954) regret=0.112190 ape=0.5991
[17:48:50] warmStart (decay=exponential) 39% (376/954) regret=0.112190 ape=0.5991
[17:48:50] warmStart (decay=exponential) 39% (377/954) regret=0.112190 ape=0.5991
[17:48:50] warmStart (decay=exponential) 39% (378/954) regret=0.112190 ape=0.5991
[17:48:50] warmStart (decay=exponential) 39% (379/954) regret=0.112190 ape=0.5991
[17:48:51] warmStart (decay=exponential) 39% (380/954) regret=0.112190 ape=0.5991
[17:48:51] warmStart (decay=exponential) 39% (381/954) regret=0.112190 ape=0.5991
[17:48:51] warmStart (decay=exponential) 40% (382/954) regret=0.112190 ape=0.5991
[17:48:51] warmStart (decay=exponential) 40% (383/954) regret=0.112190 ape=0.5991
[17:48:52] warmStart (decay=exponential) 40% (384/954) regret=0.112190 ape=0.5991
[17:48:52] warmStart (decay=exponential) 40% (385/954) regret=0.112190 ape=0.5991
[17:48:52] warmStart (decay=exponential) 40% (386/954) regret=0.112190 ape=0.5991
[17:48:52] warmStart (decay=exponential) 40% (387/954) regret=0.112190 ape=0.5991
[17:48:53] warmStart (decay=exponential) 40% (388/954) regret=0.112190 ape=0.5991
[17:48:53] warmStart (decay=exponential) 40% (389/954) regret=0.112190 ape=0.5991
[17:48:53] warmStart (decay=exponential) 40% (390/954) regret=0.112190 ape=0.5991
[17:48:53] warmStart (decay=exponential) 40% (391/954) regret=0.112190 ape=0.5991
[17:48:54] warmStart (decay=exponential) 41% (392/954) regret=0.112190 ape=0.5991
[17:48:54] warmStart (decay=exponential) 41% (393/954) regret=0.112190 ape=0.5991
[17:48:54] warmStart (decay=exponential) 41% (394/954) regret=0.112190 ape=0.5991
[17:48:54] warmStart (decay=exponential) 41% (395/954) regret=0.112190 ape=0.5991
[17:48:55] warmStart (decay=exponential) 41% (396/954) regret=0.112190 ape=0.5991
[17:48:55] warmStart (decay=exponential) 41% (397/954) regret=0.112190 ape=0.5991
[17:48:55] warmStart (decay=exponential) 41% (398/954) regret=0.112190 ape=0.5991
[17:48:55] warmStart (decay=exponential) 41% (399/954) regret=0.112190 ape=0.5991
[17:48:56] warmStart (decay=exponential) 41% (400/954) regret=0.112190 ape=0.5991
[17:48:56] warmStart (decay=exponential) 42% (401/954) regret=0.112190 ape=0.5991
[17:48:56] warmStart (decay=exponential) 42% (402/954) regret=0.112190 ape=0.5991
[17:48:56] warmStart (decay=exponential) 42% (403/954) regret=0.112190 ape=0.5991
[17:48:57] warmStart (decay=exponential) 42% (404/954) regret=0.112190 ape=0.5991
[17:48:57] warmStart (decay=exponential) 42% (405/954) regret=0.112190 ape=0.5991
[17:48:57] warmStart (decay=exponential) 42% (406/954) regret=0.112190 ape=0.5991
[17:48:57] warmStart (decay=exponential) 42% (407/954) regret=0.112190 ape=0.5991
[17:48:58] warmStart (decay=exponential) 42% (408/954) regret=0.112190 ape=0.5991
[17:48:58] warmStart (decay=exponential) 42% (409/954) regret=0.112190 ape=0.5991
[17:48:58] warmStart (decay=exponential) 42% (410/954) regret=0.112190 ape=0.5991
[17:48:58] warmStart (decay=exponential) 43% (411/954) regret=0.112190 ape=0.5991
[17:48:59] warmStart (decay=exponential) 43% (412/954) regret=0.112190 ape=0.5991
[17:48:59] warmStart (decay=exponential) 43% (413/954) regret=0.112190 ape=0.5991
[17:48:59] warmStart (decay=exponential) 43% (414/954) regret=0.112190 ape=0.5991
[17:48:59] warmStart (decay=exponential) 43% (415/954) regret=0.112190 ape=0.5991
[17:49:00] warmStart (decay=exponential) 43% (416/954) regret=0.112190 ape=0.5991
[17:49:00] warmStart (decay=exponential) 43% (417/954) regret=0.112190 ape=0.5991
[17:49:00] warmStart (decay=exponential) 43% (418/954) regret=0.112190 ape=0.5991
[17:49:01] warmStart (decay=exponential) 43% (419/954) regret=0.112190 ape=0.5991
[17:49:01] warmStart (decay=exponential) 44% (420/954) regret=0.112190 ape=0.5991
[17:49:01] warmStart (decay=exponential) 44% (421/954) regret=0.112190 ape=0.5991
[17:49:01] warmStart (decay=exponential) 44% (422/954) regret=0.112190 ape=0.5991
[17:49:02] warmStart (decay=exponential) 44% (423/954) regret=0.112190 ape=0.5991
[17:49:02] warmStart (decay=exponential) 44% (424/954) regret=0.112190 ape=0.5991
[17:49:02] warmStart (decay=exponential) 44% (425/954) regret=0.112190 ape=0.5991
[17:49:02] warmStart (decay=exponential) 44% (426/954) regret=0.112190 ape=0.5991
[17:49:03] warmStart (decay=exponential) 44% (427/954) regret=0.112190 ape=0.5991
[17:49:03] warmStart (decay=exponential) 44% (428/954) regret=0.112190 ape=0.5991
[17:49:03] warmStart (decay=exponential) 44% (429/954) regret=0.112190 ape=0.5991
[17:49:03] warmStart (decay=exponential) 45% (430/954) regret=0.112190 ape=0.5991
[17:49:04] warmStart (decay=exponential) 45% (431/954) regret=0.112190 ape=0.5991
[17:49:04] warmStart (decay=exponential) 45% (432/954) regret=0.112190 ape=0.5991
[17:49:04] warmStart (decay=exponential) 45% (433/954) regret=0.112190 ape=0.5991
[17:49:04] warmStart (decay=exponential) 45% (434/954) regret=0.112190 ape=0.5991
[17:49:05] warmStart (decay=exponential) 45% (435/954) regret=0.112190 ape=0.5991
[17:49:05] warmStart (decay=exponential) 45% (436/954) regret=0.112190 ape=0.5991
[17:49:05] warmStart (decay=exponential) 45% (437/954) regret=0.112190 ape=0.5991
[17:49:05] warmStart (decay=exponential) 45% (438/954) regret=0.112190 ape=0.5991
[17:49:06] warmStart (decay=exponential) 46% (439/954) regret=0.112190 ape=0.5991
[17:49:06] warmStart (decay=exponential) 46% (440/954) regret=0.112190 ape=0.5991
[17:49:06] warmStart (decay=exponential) 46% (441/954) regret=0.112190 ape=0.5991
[17:49:06] warmStart (decay=exponential) 46% (442/954) regret=0.112190 ape=0.5991
[17:49:07] warmStart (decay=exponential) 46% (443/954) regret=0.112190 ape=0.5991
[17:49:07] warmStart (decay=exponential) 46% (444/954) regret=0.112190 ape=0.5991
[17:49:07] warmStart (decay=exponential) 46% (445/954) regret=0.112190 ape=0.5991
[17:49:07] warmStart (decay=exponential) 46% (446/954) regret=0.112190 ape=0.5991
[17:49:08] warmStart (decay=exponential) 46% (447/954) regret=0.112190 ape=0.5991
[17:49:08] warmStart (decay=exponential) 46% (448/954) regret=0.112190 ape=0.5991
[17:49:08] warmStart (decay=exponential) 47% (449/954) regret=0.112190 ape=0.5991
[17:49:09] warmStart (decay=exponential) 47% (450/954) regret=0.112190 ape=0.5991
[17:49:09] warmStart (decay=exponential) 47% (451/954) regret=0.112190 ape=0.5991
[17:49:09] warmStart (decay=exponential) 47% (452/954) regret=0.112190 ape=0.5991
[17:49:09] warmStart (decay=exponential) 47% (453/954) regret=0.112190 ape=0.5991
[17:49:10] warmStart (decay=exponential) 47% (454/954) regret=0.112190 ape=0.5991
[17:49:10] warmStart (decay=exponential) 47% (455/954) regret=0.112190 ape=0.5991
[17:49:10] warmStart (decay=exponential) 47% (456/954) regret=0.112190 ape=0.5991
[17:49:10] warmStart (decay=exponential) 47% (457/954) regret=0.112190 ape=0.5991
[17:49:11] warmStart (decay=exponential) 48% (458/954) regret=0.112190 ape=0.5991
[17:49:11] warmStart (decay=exponential) 48% (459/954) regret=0.112190 ape=0.5991
[17:49:11] warmStart (decay=exponential) 48% (460/954) regret=0.112190 ape=0.5991
[17:49:11] warmStart (decay=exponential) 48% (461/954) regret=0.112190 ape=0.5991
[17:49:12] warmStart (decay=exponential) 48% (462/954) regret=0.112190 ape=0.5991
[17:49:12] warmStart (decay=exponential) 48% (463/954) regret=0.112056 ape=0.5982
[17:49:12] warmStart (decay=exponential) 48% (464/954) regret=0.112056 ape=0.5982
[17:49:12] warmStart (decay=exponential) 48% (465/954) regret=0.112056 ape=0.5982
[17:49:13] warmStart (decay=exponential) 48% (466/954) regret=0.112056 ape=0.5982
[17:49:13] warmStart (decay=exponential) 48% (467/954) regret=0.112056 ape=0.5982
[17:49:13] warmStart (decay=exponential) 49% (468/954) regret=0.112056 ape=0.5982
[17:49:13] warmStart (decay=exponential) 49% (469/954) regret=0.112063 ape=0.5982
[17:49:14] warmStart (decay=exponential) 49% (470/954) regret=0.112046 ape=0.5982
[17:49:14] warmStart (decay=exponential) 49% (471/954) regret=0.112046 ape=0.5982
[17:49:14] warmStart (decay=exponential) 49% (472/954) regret=0.112046 ape=0.5982
[17:49:14] warmStart (decay=exponential) 49% (473/954) regret=0.112046 ape=0.5982
[17:49:15] warmStart (decay=exponential) 49% (474/954) regret=0.112046 ape=0.5982
[17:49:15] warmStart (decay=exponential) 49% (475/954) regret=0.112046 ape=0.5982
[17:49:15] warmStart (decay=exponential) 49% (476/954) regret=0.112046 ape=0.5982
[17:49:15] warmStart (decay=exponential) 50% (477/954) regret=0.112046 ape=0.5982
[17:49:15] warmStart (decay=exponential) 50% (478/954) regret=0.112046 ape=0.5982
[17:49:16] warmStart (decay=exponential) 50% (479/954) regret=0.112046 ape=0.5982
[17:49:16] warmStart (decay=exponential) 50% (480/954) regret=0.112063 ape=0.5982
[17:49:16] warmStart (decay=exponential) 50% (481/954) regret=0.112017 ape=0.5972
[17:49:16] warmStart (decay=exponential) 50% (482/954) regret=0.112010 ape=0.5972
[17:49:17] warmStart (decay=exponential) 50% (483/954) regret=0.112017 ape=0.5972
[17:49:17] warmStart (decay=exponential) 50% (484/954) regret=0.112017 ape=0.5972
[17:49:17] warmStart (decay=exponential) 50% (485/954) regret=0.112017 ape=0.5972
[17:49:17] warmStart (decay=exponential) 50% (486/954) regret=0.112017 ape=0.5972
[17:49:18] warmStart (decay=exponential) 51% (487/954) regret=0.112017 ape=0.5972
[17:49:18] warmStart (decay=exponential) 51% (488/954) regret=0.112017 ape=0.5972
[17:49:18] warmStart (decay=exponential) 51% (489/954) regret=0.112016 ape=0.5972
[17:49:18] warmStart (decay=exponential) 51% (490/954) regret=0.112009 ape=0.5963
[17:49:19] warmStart (decay=exponential) 51% (491/954) regret=0.112009 ape=0.5963
[17:49:19] warmStart (decay=exponential) 51% (492/954) regret=0.112009 ape=0.5963
[17:49:19] warmStart (decay=exponential) 51% (493/954) regret=0.112009 ape=0.5963
[17:49:19] warmStart (decay=exponential) 51% (494/954) regret=0.112009 ape=0.5963
[17:49:20] warmStart (decay=exponential) 51% (495/954) regret=0.112009 ape=0.5963
[17:49:20] warmStart (decay=exponential) 51% (496/954) regret=0.112009 ape=0.5963
[17:49:20] warmStart (decay=exponential) 52% (497/954) regret=0.112009 ape=0.5963
[17:49:20] warmStart (decay=exponential) 52% (498/954) regret=0.112223 ape=0.5963
[17:49:21] warmStart (decay=exponential) 52% (499/954) regret=0.112115 ape=0.5963
[17:49:21] warmStart (decay=exponential) 52% (500/954) regret=0.112115 ape=0.5963
[17:49:21] warmStart (decay=exponential) 52% (501/954) regret=0.112013 ape=0.5963
[17:49:21] warmStart (decay=exponential) 52% (502/954) regret=0.112013 ape=0.5963
[17:49:22] warmStart (decay=exponential) 52% (503/954) regret=0.112013 ape=0.5963
[17:49:22] warmStart (decay=exponential) 52% (504/954) regret=0.112013 ape=0.5963
[17:49:22] warmStart (decay=exponential) 52% (505/954) regret=0.112013 ape=0.5963
[17:49:22] warmStart (decay=exponential) 53% (506/954) regret=0.112013 ape=0.5963
[17:49:23] warmStart (decay=exponential) 53% (507/954) regret=0.112013 ape=0.5963
[17:49:23] warmStart (decay=exponential) 53% (508/954) regret=0.112013 ape=0.5963
[17:49:23] warmStart (decay=exponential) 53% (509/954) regret=0.112013 ape=0.5963
[17:49:24] warmStart (decay=exponential) 53% (510/954) regret=0.111988 ape=0.5963
[17:49:24] warmStart (decay=exponential) 53% (511/954) regret=0.111988 ape=0.5963
[17:49:24] warmStart (decay=exponential) 53% (512/954) regret=0.111988 ape=0.5963
[17:49:24] warmStart (decay=exponential) 53% (513/954) regret=0.111986 ape=0.5954
[17:49:25] warmStart (decay=exponential) 53% (514/954) regret=0.111986 ape=0.5954
[17:49:25] warmStart (decay=exponential) 53% (515/954) regret=0.111986 ape=0.5954
[17:49:25] warmStart (decay=exponential) 54% (516/954) regret=0.112004 ape=0.5963
[17:49:25] warmStart (decay=exponential) 54% (517/954) regret=0.112004 ape=0.5963
[17:49:26] warmStart (decay=exponential) 54% (518/954) regret=0.112004 ape=0.5963
[17:49:26] warmStart (decay=exponential) 54% (519/954) regret=0.112004 ape=0.5963
[17:49:26] warmStart (decay=exponential) 54% (520/954) regret=0.112004 ape=0.5963
[17:49:26] warmStart (decay=exponential) 54% (521/954) regret=0.112004 ape=0.5963
[17:49:27] warmStart (decay=exponential) 54% (522/954) regret=0.112004 ape=0.5963
[17:49:27] warmStart (decay=exponential) 54% (523/954) regret=0.112004 ape=0.5963
[17:49:27] warmStart (decay=exponential) 54% (524/954) regret=0.112004 ape=0.5963
[17:49:27] warmStart (decay=exponential) 55% (525/954) regret=0.112004 ape=0.5963
[17:49:28] warmStart (decay=exponential) 55% (526/954) regret=0.112004 ape=0.5963
[17:49:28] warmStart (decay=exponential) 55% (527/954) regret=0.112004 ape=0.5963
[17:49:28] warmStart (decay=exponential) 55% (528/954) regret=0.112004 ape=0.5963
[17:49:28] warmStart (decay=exponential) 55% (529/954) regret=0.112004 ape=0.5963
[17:49:28] warmStart (decay=exponential) 55% (530/954) regret=0.112004 ape=0.5963
[17:49:29] warmStart (decay=exponential) 55% (531/954) regret=0.112004 ape=0.5963
[17:49:29] warmStart (decay=exponential) 55% (532/954) regret=0.112045 ape=0.5972
[17:49:29] warmStart (decay=exponential) 55% (533/954) regret=0.112045 ape=0.5972
[17:49:30] warmStart (decay=exponential) 55% (534/954) regret=0.112045 ape=0.5972
[17:49:30] warmStart (decay=exponential) 56% (535/954) regret=0.112045 ape=0.5972
[17:49:30] warmStart (decay=exponential) 56% (536/954) regret=0.112045 ape=0.5972
[17:49:30] warmStart (decay=exponential) 56% (537/954) regret=0.112045 ape=0.5972
[17:49:31] warmStart (decay=exponential) 56% (538/954) regret=0.112045 ape=0.5972
[17:49:31] warmStart (decay=exponential) 56% (539/954) regret=0.112045 ape=0.5972
[17:49:31] warmStart (decay=exponential) 56% (540/954) regret=0.112045 ape=0.5972
[17:49:32] warmStart (decay=exponential) 56% (541/954) regret=0.112045 ape=0.5972
[17:49:32] warmStart (decay=exponential) 56% (542/954) regret=0.112045 ape=0.5972
[17:49:32] warmStart (decay=exponential) 56% (543/954) regret=0.112045 ape=0.5972
[17:49:32] warmStart (decay=exponential) 57% (544/954) regret=0.112045 ape=0.5972
[17:49:33] warmStart (decay=exponential) 57% (545/954) regret=0.112045 ape=0.5972
[17:49:33] warmStart (decay=exponential) 57% (546/954) regret=0.112045 ape=0.5972
[17:49:33] warmStart (decay=exponential) 57% (547/954) regret=0.112045 ape=0.5972
[17:49:34] warmStart (decay=exponential) 57% (548/954) regret=0.112045 ape=0.5972
[17:49:34] warmStart (decay=exponential) 57% (549/954) regret=0.112004 ape=0.5963
[17:49:34] warmStart (decay=exponential) 57% (550/954) regret=0.112004 ape=0.5963
[17:49:34] warmStart (decay=exponential) 57% (551/954) regret=0.112004 ape=0.5963
[17:49:35] warmStart (decay=exponential) 57% (552/954) regret=0.112004 ape=0.5963
[17:49:35] warmStart (decay=exponential) 57% (553/954) regret=0.112004 ape=0.5963
[17:49:35] warmStart (decay=exponential) 58% (554/954) regret=0.112004 ape=0.5963
[17:49:36] warmStart (decay=exponential) 58% (555/954) regret=0.112004 ape=0.5963
[17:49:36] warmStart (decay=exponential) 58% (556/954) regret=0.112004 ape=0.5963
[17:49:36] warmStart (decay=exponential) 58% (557/954) regret=0.112177 ape=0.5963
[17:49:36] warmStart (decay=exponential) 58% (558/954) regret=0.112012 ape=0.5963
[17:49:37] warmStart (decay=exponential) 58% (559/954) regret=0.112012 ape=0.5963
[17:49:37] warmStart (decay=exponential) 58% (560/954) regret=0.112013 ape=0.5963
[17:49:37] warmStart (decay=exponential) 58% (561/954) regret=0.112013 ape=0.5963
[17:49:37] warmStart (decay=exponential) 58% (562/954) regret=0.112013 ape=0.5963
[17:49:38] warmStart (decay=exponential) 59% (563/954) regret=0.112013 ape=0.5963
[17:49:38] warmStart (decay=exponential) 59% (564/954) regret=0.112013 ape=0.5963
[17:49:38] warmStart (decay=exponential) 59% (565/954) regret=0.112013 ape=0.5963
[17:49:39] warmStart (decay=exponential) 59% (566/954) regret=0.111969 ape=0.5954
[17:49:39] warmStart (decay=exponential) 59% (567/954) regret=0.111969 ape=0.5954
[17:49:39] warmStart (decay=exponential) 59% (568/954) regret=0.112012 ape=0.5963
[17:49:39] warmStart (decay=exponential) 59% (569/954) regret=0.112012 ape=0.5963
[17:49:40] warmStart (decay=exponential) 59% (570/954) regret=0.112012 ape=0.5963
[17:49:40] warmStart (decay=exponential) 59% (571/954) regret=0.112012 ape=0.5963
[17:49:40] warmStart (decay=exponential) 59% (572/954) regret=0.111969 ape=0.5954
[17:49:40] warmStart (decay=exponential) 60% (573/954) regret=0.111969 ape=0.5954
[17:49:41] warmStart (decay=exponential) 60% (574/954) regret=0.111969 ape=0.5954
[17:49:41] warmStart (decay=exponential) 60% (575/954) regret=0.111969 ape=0.5954
[17:49:41] warmStart (decay=exponential) 60% (576/954) regret=0.111969 ape=0.5954
[17:49:42] warmStart (decay=exponential) 60% (577/954) regret=0.111969 ape=0.5954
[17:49:42] warmStart (decay=exponential) 60% (578/954) regret=0.111969 ape=0.5954
[17:49:42] warmStart (decay=exponential) 60% (579/954) regret=0.111969 ape=0.5954
[17:49:42] warmStart (decay=exponential) 60% (580/954) regret=0.111969 ape=0.5954
[17:49:43] warmStart (decay=exponential) 60% (581/954) regret=0.111969 ape=0.5954
[17:49:43] warmStart (decay=exponential) 61% (582/954) regret=0.111969 ape=0.5954
[17:49:43] warmStart (decay=exponential) 61% (583/954) regret=0.111960 ape=0.5954
[17:49:43] warmStart (decay=exponential) 61% (584/954) regret=0.111960 ape=0.5954
[17:49:44] warmStart (decay=exponential) 61% (585/954) regret=0.111628 ape=0.5954
[17:49:44] warmStart (decay=exponential) 61% (586/954) regret=0.111628 ape=0.5954
[17:49:44] warmStart (decay=exponential) 61% (587/954) regret=0.111628 ape=0.5954
[17:49:44] warmStart (decay=exponential) 61% (588/954) regret=0.111628 ape=0.5954
[17:49:45] warmStart (decay=exponential) 61% (589/954) regret=0.111628 ape=0.5954
[17:49:45] warmStart (decay=exponential) 61% (590/954) regret=0.111628 ape=0.5954
[17:49:45] warmStart (decay=exponential) 61% (591/954) regret=0.111615 ape=0.5954
[17:49:45] warmStart (decay=exponential) 62% (592/954) regret=0.111615 ape=0.5954
[17:49:46] warmStart (decay=exponential) 62% (593/954) regret=0.110914 ape=0.5954
[17:49:46] warmStart (decay=exponential) 62% (594/954) regret=0.110896 ape=0.5945
[17:49:46] warmStart (decay=exponential) 62% (595/954) regret=0.110914 ape=0.5954
[17:49:46] warmStart (decay=exponential) 62% (596/954) regret=0.110914 ape=0.5954
[17:49:47] warmStart (decay=exponential) 62% (597/954) regret=0.110969 ape=0.5954
[17:49:47] warmStart (decay=exponential) 62% (598/954) regret=0.110969 ape=0.5954
[17:49:47] warmStart (decay=exponential) 62% (599/954) regret=0.110886 ape=0.5954
[17:49:47] warmStart (decay=exponential) 62% (600/954) regret=0.110969 ape=0.5954
[17:49:47] warmStart (decay=exponential) 62% (601/954) regret=0.110905 ape=0.5954
[17:49:48] warmStart (decay=exponential) 63% (602/954) regret=0.110905 ape=0.5954
[17:49:48] warmStart (decay=exponential) 63% (603/954) regret=0.110905 ape=0.5954
[17:49:48] warmStart (decay=exponential) 63% (604/954) regret=0.110914 ape=0.5954
[17:49:48] warmStart (decay=exponential) 63% (605/954) regret=0.110905 ape=0.5954
[17:49:48] warmStart (decay=exponential) 63% (606/954) regret=0.110859 ape=0.5945
[17:49:49] warmStart (decay=exponential) 63% (607/954) regret=0.110859 ape=0.5945
[17:49:49] warmStart (decay=exponential) 63% (608/954) regret=0.110871 ape=0.5954
[17:49:49] warmStart (decay=exponential) 63% (609/954) regret=0.110859 ape=0.5945
[17:49:49] warmStart (decay=exponential) 63% (610/954) regret=0.110859 ape=0.5945
[17:49:49] warmStart (decay=exponential) 64% (611/954) regret=0.110859 ape=0.5945
[17:49:49] warmStart (decay=exponential) 64% (612/954) regret=0.110859 ape=0.5945
[17:49:49] warmStart (decay=exponential) 64% (613/954) regret=0.110859 ape=0.5945
[17:49:50] warmStart (decay=exponential) 64% (614/954) regret=0.110859 ape=0.5945
[17:49:50] warmStart (decay=exponential) 64% (615/954) regret=0.110859 ape=0.5945
[17:49:50] warmStart (decay=exponential) 64% (616/954) regret=0.110918 ape=0.5945
[17:49:50] warmStart (decay=exponential) 64% (617/954) regret=0.110833 ape=0.5935
[17:49:50] warmStart (decay=exponential) 64% (618/954) regret=0.110833 ape=0.5935
[17:49:50] warmStart (decay=exponential) 64% (619/954) regret=0.110833 ape=0.5935
[17:49:51] warmStart (decay=exponential) 64% (620/954) regret=0.110833 ape=0.5935
[17:49:51] warmStart (decay=exponential) 65% (621/954) regret=0.110860 ape=0.5945
[17:49:51] warmStart (decay=exponential) 65% (622/954) regret=0.110833 ape=0.5935
[17:49:51] warmStart (decay=exponential) 65% (623/954) regret=0.110860 ape=0.5945
[17:49:51] warmStart (decay=exponential) 65% (624/954) regret=0.110837 ape=0.5935
[17:49:51] warmStart (decay=exponential) 65% (625/954) regret=0.110828 ape=0.5926
[17:49:52] warmStart (decay=exponential) 65% (626/954) regret=0.110837 ape=0.5935
[17:49:52] warmStart (decay=exponential) 65% (627/954) regret=0.110837 ape=0.5935
[17:49:52] warmStart (decay=exponential) 65% (628/954) regret=0.110837 ape=0.5935
[17:49:52] warmStart (decay=exponential) 65% (629/954) regret=0.110833 ape=0.5935
[17:49:52] warmStart (decay=exponential) 66% (630/954) regret=0.110833 ape=0.5935
[17:49:52] warmStart (decay=exponential) 66% (631/954) regret=0.110833 ape=0.5935
[17:49:53] warmStart (decay=exponential) 66% (632/954) regret=0.110833 ape=0.5935
[17:49:53] warmStart (decay=exponential) 66% (633/954) regret=0.110833 ape=0.5935
[17:49:53] warmStart (decay=exponential) 66% (634/954) regret=0.110833 ape=0.5935
[17:49:53] warmStart (decay=exponential) 66% (635/954) regret=0.110833 ape=0.5935
[17:49:53] warmStart (decay=exponential) 66% (636/954) regret=0.110833 ape=0.5935
[17:49:53] warmStart (decay=exponential) 66% (637/954) regret=0.110833 ape=0.5935
[17:49:54] warmStart (decay=exponential) 66% (638/954) regret=0.110833 ape=0.5935
[17:49:54] warmStart (decay=exponential) 66% (639/954) regret=0.110833 ape=0.5935
[17:49:54] warmStart (decay=exponential) 67% (640/954) regret=0.110833 ape=0.5935
[17:49:54] warmStart (decay=exponential) 67% (641/954) regret=0.110828 ape=0.5926
[17:49:54] warmStart (decay=exponential) 67% (642/954) regret=0.110828 ape=0.5926
[17:49:55] warmStart (decay=exponential) 67% (643/954) regret=0.110833 ape=0.5935
[17:49:55] warmStart (decay=exponential) 67% (644/954) regret=0.110833 ape=0.5935
[17:49:55] warmStart (decay=exponential) 67% (645/954) regret=0.110833 ape=0.5935
[17:49:55] warmStart (decay=exponential) 67% (646/954) regret=0.110833 ape=0.5935
[17:49:55] warmStart (decay=exponential) 67% (647/954) regret=0.110833 ape=0.5935
[17:49:55] warmStart (decay=exponential) 67% (648/954) regret=0.110833 ape=0.5935
[17:49:56] warmStart (decay=exponential) 68% (649/954) regret=0.110833 ape=0.5935
[17:49:56] warmStart (decay=exponential) 68% (650/954) regret=0.110833 ape=0.5935
[17:49:56] warmStart (decay=exponential) 68% (651/954) regret=0.110833 ape=0.5935
[17:49:56] warmStart (decay=exponential) 68% (652/954) regret=0.110833 ape=0.5935
[17:49:56] warmStart (decay=exponential) 68% (653/954) regret=0.110833 ape=0.5935
[17:49:56] warmStart (decay=exponential) 68% (654/954) regret=0.110833 ape=0.5935
[17:49:57] warmStart (decay=exponential) 68% (655/954) regret=0.110833 ape=0.5935
[17:49:57] warmStart (decay=exponential) 68% (656/954) regret=0.110833 ape=0.5935
[17:49:57] warmStart (decay=exponential) 68% (657/954) regret=0.110833 ape=0.5935
[17:49:57] warmStart (decay=exponential) 68% (658/954) regret=0.110833 ape=0.5935
[17:49:57] warmStart (decay=exponential) 69% (659/954) regret=0.110833 ape=0.5935
[17:49:58] warmStart (decay=exponential) 69% (660/954) regret=0.110833 ape=0.5935
[17:49:58] warmStart (decay=exponential) 69% (661/954) regret=0.110833 ape=0.5935
[17:49:58] warmStart (decay=exponential) 69% (662/954) regret=0.109985 ape=0.5926
[17:49:58] warmStart (decay=exponential) 69% (663/954) regret=0.109985 ape=0.5926
[17:49:58] warmStart (decay=exponential) 69% (664/954) regret=0.109985 ape=0.5926
[17:49:58] warmStart (decay=exponential) 69% (665/954) regret=0.110266 ape=0.5935
[17:49:59] warmStart (decay=exponential) 69% (666/954) regret=0.110165 ape=0.5935
[17:49:59] warmStart (decay=exponential) 69% (667/954) regret=0.110165 ape=0.5935
[17:49:59] warmStart (decay=exponential) 70% (668/954) regret=0.109985 ape=0.5926
[17:49:59] warmStart (decay=exponential) 70% (669/954) regret=0.110165 ape=0.5935
[17:49:59] warmStart (decay=exponential) 70% (670/954) regret=0.109985 ape=0.5926
[17:50:00] warmStart (decay=exponential) 70% (671/954) regret=0.110165 ape=0.5935
[17:50:00] warmStart (decay=exponential) 70% (672/954) regret=0.109985 ape=0.5926
[17:50:00] warmStart (decay=exponential) 70% (673/954) regret=0.109985 ape=0.5926
[17:50:00] warmStart (decay=exponential) 70% (674/954) regret=0.109985 ape=0.5926
[17:50:00] warmStart (decay=exponential) 70% (675/954) regret=0.109985 ape=0.5926
[17:50:01] warmStart (decay=exponential) 70% (676/954) regret=0.109985 ape=0.5926
[17:50:01] warmStart (decay=exponential) 70% (677/954) regret=0.109985 ape=0.5926
[17:50:01] warmStart (decay=exponential) 71% (678/954) regret=0.109985 ape=0.5926
[17:50:01] warmStart (decay=exponential) 71% (679/954) regret=0.109989 ape=0.5926
[17:50:01] warmStart (decay=exponential) 71% (680/954) regret=0.110022 ape=0.5926
[17:50:01] warmStart (decay=exponential) 71% (681/954) regret=0.110022 ape=0.5926
[17:50:02] warmStart (decay=exponential) 71% (682/954) regret=0.110022 ape=0.5926
[17:50:02] warmStart (decay=exponential) 71% (683/954) regret=0.110022 ape=0.5926
[17:50:02] warmStart (decay=exponential) 71% (684/954) regret=0.110022 ape=0.5926
[17:50:02] warmStart (decay=exponential) 71% (685/954) regret=0.109971 ape=0.5917
[17:50:02] warmStart (decay=exponential) 71% (686/954) regret=0.109971 ape=0.5917
[17:50:02] warmStart (decay=exponential) 72% (687/954) regret=0.109971 ape=0.5917
[17:50:03] warmStart (decay=exponential) 72% (688/954) regret=0.109971 ape=0.5917
[17:50:03] warmStart (decay=exponential) 72% (689/954) regret=0.109971 ape=0.5917
[17:50:03] warmStart (decay=exponential) 72% (690/954) regret=0.109971 ape=0.5917
[17:50:03] warmStart (decay=exponential) 72% (691/954) regret=0.109971 ape=0.5917
[17:50:03] warmStart (decay=exponential) 72% (692/954) regret=0.109971 ape=0.5917
[17:50:04] warmStart (decay=exponential) 72% (693/954) regret=0.109971 ape=0.5917
[17:50:04] warmStart (decay=exponential) 72% (694/954) regret=0.109971 ape=0.5917
[17:50:04] warmStart (decay=exponential) 72% (695/954) regret=0.109971 ape=0.5917
[17:50:04] warmStart (decay=exponential) 72% (696/954) regret=0.109971 ape=0.5917
[17:50:04] warmStart (decay=exponential) 73% (697/954) regret=0.109971 ape=0.5917
[17:50:04] warmStart (decay=exponential) 73% (698/954) regret=0.109971 ape=0.5917
[17:50:05] warmStart (decay=exponential) 73% (699/954) regret=0.109971 ape=0.5917
[17:50:05] warmStart (decay=exponential) 73% (700/954) regret=0.109971 ape=0.5917
[17:50:05] warmStart (decay=exponential) 73% (701/954) regret=0.109971 ape=0.5917
[17:50:05] warmStart (decay=exponential) 73% (702/954) regret=0.109971 ape=0.5917
[17:50:05] warmStart (decay=exponential) 73% (703/954) regret=0.109971 ape=0.5917
[17:50:05] warmStart (decay=exponential) 73% (704/954) regret=0.109971 ape=0.5917
[17:50:05] warmStart (decay=exponential) 73% (705/954) regret=0.109971 ape=0.5917
[17:50:06] warmStart (decay=exponential) 74% (706/954) regret=0.109971 ape=0.5917
[17:50:06] warmStart (decay=exponential) 74% (707/954) regret=0.109971 ape=0.5917
[17:50:06] warmStart (decay=exponential) 74% (708/954) regret=0.109971 ape=0.5917
[17:50:06] warmStart (decay=exponential) 74% (709/954) regret=0.109971 ape=0.5917
[17:50:06] warmStart (decay=exponential) 74% (710/954) regret=0.109971 ape=0.5917
[17:50:06] warmStart (decay=exponential) 74% (711/954) regret=0.109971 ape=0.5917
[17:50:07] warmStart (decay=exponential) 74% (712/954) regret=0.109971 ape=0.5917
[17:50:07] warmStart (decay=exponential) 74% (713/954) regret=0.109971 ape=0.5917
[17:50:07] warmStart (decay=exponential) 74% (714/954) regret=0.109971 ape=0.5917
[17:50:07] warmStart (decay=exponential) 74% (715/954) regret=0.109971 ape=0.5917
[17:50:07] warmStart (decay=exponential) 75% (716/954) regret=0.109971 ape=0.5917
[17:50:07] warmStart (decay=exponential) 75% (717/954) regret=0.109971 ape=0.5917
[17:50:07] warmStart (decay=exponential) 75% (718/954) regret=0.109971 ape=0.5917
[17:50:08] warmStart (decay=exponential) 75% (719/954) regret=0.109971 ape=0.5917
[17:50:08] warmStart (decay=exponential) 75% (720/954) regret=0.109971 ape=0.5917
[17:50:08] warmStart (decay=exponential) 75% (721/954) regret=0.109994 ape=0.5926
[17:50:08] warmStart (decay=exponential) 75% (722/954) regret=0.109971 ape=0.5917
[17:50:08] warmStart (decay=exponential) 75% (723/954) regret=0.109971 ape=0.5917
[17:50:08] warmStart (decay=exponential) 75% (724/954) regret=0.109971 ape=0.5917
[17:50:09] warmStart (decay=exponential) 75% (725/954) regret=0.109971 ape=0.5917
[17:50:09] warmStart (decay=exponential) 76% (726/954) regret=0.109971 ape=0.5917
[17:50:09] warmStart (decay=exponential) 76% (727/954) regret=0.109971 ape=0.5917
[17:50:09] warmStart (decay=exponential) 76% (728/954) regret=0.109971 ape=0.5917
[17:50:09] warmStart (decay=exponential) 76% (729/954) regret=0.109906 ape=0.5908
[17:50:09] warmStart (decay=exponential) 76% (730/954) regret=0.109906 ape=0.5908
[17:50:10] warmStart (decay=exponential) 76% (731/954) regret=0.109906 ape=0.5908
[17:50:10] warmStart (decay=exponential) 76% (732/954) regret=0.109906 ape=0.5908
[17:50:10] warmStart (decay=exponential) 76% (733/954) regret=0.109906 ape=0.5908
[17:50:10] warmStart (decay=exponential) 76% (734/954) regret=0.109906 ape=0.5908
[17:50:10] warmStart (decay=exponential) 77% (735/954) regret=0.109906 ape=0.5908
[17:50:10] warmStart (decay=exponential) 77% (736/954) regret=0.109906 ape=0.5908
[17:50:10] warmStart (decay=exponential) 77% (737/954) regret=0.109906 ape=0.5908
[17:50:11] warmStart (decay=exponential) 77% (738/954) regret=0.109906 ape=0.5908
[17:50:11] warmStart (decay=exponential) 77% (739/954) regret=0.109906 ape=0.5908
[17:50:11] warmStart (decay=exponential) 77% (740/954) regret=0.109906 ape=0.5908
[17:50:11] warmStart (decay=exponential) 77% (741/954) regret=0.109906 ape=0.5908
[17:50:11] warmStart (decay=exponential) 77% (742/954) regret=0.109906 ape=0.5908
[17:50:11] warmStart (decay=exponential) 77% (743/954) regret=0.109906 ape=0.5908
[17:50:12] warmStart (decay=exponential) 77% (744/954) regret=0.109906 ape=0.5908
[17:50:12] warmStart (decay=exponential) 78% (745/954) regret=0.109906 ape=0.5908
[17:50:12] warmStart (decay=exponential) 78% (746/954) regret=0.109906 ape=0.5908
[17:50:12] warmStart (decay=exponential) 78% (747/954) regret=0.109906 ape=0.5908
[17:50:12] warmStart (decay=exponential) 78% (748/954) regret=0.109906 ape=0.5908
[17:50:12] warmStart (decay=exponential) 78% (749/954) regret=0.109906 ape=0.5908
[17:50:13] warmStart (decay=exponential) 78% (750/954) regret=0.109906 ape=0.5908
[17:50:13] warmStart (decay=exponential) 78% (751/954) regret=0.109906 ape=0.5908
[17:50:13] warmStart (decay=exponential) 78% (752/954) regret=0.109906 ape=0.5908
[17:50:13] warmStart (decay=exponential) 78% (753/954) regret=0.109906 ape=0.5908
[17:50:13] warmStart (decay=exponential) 79% (754/954) regret=0.109906 ape=0.5908
[17:50:13] warmStart (decay=exponential) 79% (755/954) regret=0.109906 ape=0.5908
[17:50:13] warmStart (decay=exponential) 79% (756/954) regret=0.109906 ape=0.5908
[17:50:14] warmStart (decay=exponential) 79% (757/954) regret=0.109906 ape=0.5908
[17:50:14] warmStart (decay=exponential) 79% (758/954) regret=0.109906 ape=0.5908
[17:50:14] warmStart (decay=exponential) 79% (759/954) regret=0.109906 ape=0.5908
[17:50:14] warmStart (decay=exponential) 79% (760/954) regret=0.109906 ape=0.5908
[17:50:14] warmStart (decay=exponential) 79% (761/954) regret=0.109906 ape=0.5908
[17:50:14] warmStart (decay=exponential) 79% (762/954) regret=0.109906 ape=0.5908
[17:50:15] warmStart (decay=exponential) 79% (763/954) regret=0.109906 ape=0.5908
[17:50:15] warmStart (decay=exponential) 80% (764/954) regret=0.109906 ape=0.5908
[17:50:15] warmStart (decay=exponential) 80% (765/954) regret=0.109906 ape=0.5908
[17:50:15] warmStart (decay=exponential) 80% (766/954) regret=0.109906 ape=0.5908
[17:50:15] warmStart (decay=exponential) 80% (767/954) regret=0.109906 ape=0.5908
[17:50:15] warmStart (decay=exponential) 80% (768/954) regret=0.109906 ape=0.5908
[17:50:16] warmStart (decay=exponential) 80% (769/954) regret=0.109906 ape=0.5908
[17:50:16] warmStart (decay=exponential) 80% (770/954) regret=0.109906 ape=0.5908
[17:50:16] warmStart (decay=exponential) 80% (771/954) regret=0.110017 ape=0.5908
[17:50:16] warmStart (decay=exponential) 80% (772/954) regret=0.109989 ape=0.5908
[17:50:16] warmStart (decay=exponential) 81% (773/954) regret=0.109870 ape=0.5899
[17:50:16] warmStart (decay=exponential) 81% (774/954) regret=0.109870 ape=0.5899
[17:50:17] warmStart (decay=exponential) 81% (775/954) regret=0.109870 ape=0.5899
[17:50:17] warmStart (decay=exponential) 81% (776/954) regret=0.109962 ape=0.5908
[17:50:17] warmStart (decay=exponential) 81% (777/954) regret=0.109870 ape=0.5899
[17:50:17] warmStart (decay=exponential) 81% (778/954) regret=0.109870 ape=0.5899
[17:50:17] warmStart (decay=exponential) 81% (779/954) regret=0.109870 ape=0.5899
[17:50:17] warmStart (decay=exponential) 81% (780/954) regret=0.109870 ape=0.5899
[17:50:18] warmStart (decay=exponential) 81% (781/954) regret=0.109870 ape=0.5899
[17:50:18] warmStart (decay=exponential) 81% (782/954) regret=0.109870 ape=0.5899
[17:50:18] warmStart (decay=exponential) 82% (783/954) regret=0.109870 ape=0.5899
[17:50:18] warmStart (decay=exponential) 82% (784/954) regret=0.109870 ape=0.5899
[17:50:18] warmStart (decay=exponential) 82% (785/954) regret=0.109962 ape=0.5908
[17:50:18] warmStart (decay=exponential) 82% (786/954) regret=0.109870 ape=0.5899
[17:50:19] warmStart (decay=exponential) 82% (787/954) regret=0.109870 ape=0.5899
[17:50:19] warmStart (decay=exponential) 82% (788/954) regret=0.109870 ape=0.5899
[17:50:19] warmStart (decay=exponential) 82% (789/954) regret=0.109870 ape=0.5899
[17:50:19] warmStart (decay=exponential) 82% (790/954) regret=0.109870 ape=0.5899
[17:50:19] warmStart (decay=exponential) 82% (791/954) regret=0.109870 ape=0.5899
[17:50:20] warmStart (decay=exponential) 83% (792/954) regret=0.109870 ape=0.5899
[17:50:20] warmStart (decay=exponential) 83% (793/954) regret=0.109870 ape=0.5899
[17:50:20] warmStart (decay=exponential) 83% (794/954) regret=0.109870 ape=0.5899
[17:50:20] warmStart (decay=exponential) 83% (795/954) regret=0.109870 ape=0.5899
[17:50:20] warmStart (decay=exponential) 83% (796/954) regret=0.109870 ape=0.5899
[17:50:21] warmStart (decay=exponential) 83% (797/954) regret=0.109870 ape=0.5899
[17:50:21] warmStart (decay=exponential) 83% (798/954) regret=0.109870 ape=0.5899
[17:50:21] warmStart (decay=exponential) 83% (799/954) regret=0.109870 ape=0.5899
[17:50:22] warmStart (decay=exponential) 83% (800/954) regret=0.109870 ape=0.5899
[17:50:22] warmStart (decay=exponential) 83% (801/954) regret=0.109870 ape=0.5899
[17:50:22] warmStart (decay=exponential) 84% (802/954) regret=0.109870 ape=0.5899
[17:50:22] warmStart (decay=exponential) 84% (803/954) regret=0.109870 ape=0.5899
[17:50:23] warmStart (decay=exponential) 84% (804/954) regret=0.109870 ape=0.5899
[17:50:23] warmStart (decay=exponential) 84% (805/954) regret=0.109870 ape=0.5899
[17:50:23] warmStart (decay=exponential) 84% (806/954) regret=0.109870 ape=0.5899
[17:50:23] warmStart (decay=exponential) 84% (807/954) regret=0.109870 ape=0.5899
[17:50:24] warmStart (decay=exponential) 84% (808/954) regret=0.109870 ape=0.5899
[17:50:24] warmStart (decay=exponential) 84% (809/954) regret=0.109870 ape=0.5899
[17:50:24] warmStart (decay=exponential) 84% (810/954) regret=0.109870 ape=0.5899
[17:50:24] warmStart (decay=exponential) 85% (811/954) regret=0.109870 ape=0.5899
[17:50:25] warmStart (decay=exponential) 85% (812/954) regret=0.109870 ape=0.5899
[17:50:25] warmStart (decay=exponential) 85% (813/954) regret=0.109870 ape=0.5899
[17:50:25] warmStart (decay=exponential) 85% (814/954) regret=0.109870 ape=0.5899
[17:50:26] warmStart (decay=exponential) 85% (815/954) regret=0.109870 ape=0.5899
[17:50:26] warmStart (decay=exponential) 85% (816/954) regret=0.109870 ape=0.5899
[17:50:26] warmStart (decay=exponential) 85% (817/954) regret=0.109870 ape=0.5899
[17:50:26] warmStart (decay=exponential) 85% (818/954) regret=0.109870 ape=0.5899
[17:50:27] warmStart (decay=exponential) 85% (819/954) regret=0.109870 ape=0.5899
[17:50:27] warmStart (decay=exponential) 85% (820/954) regret=0.109870 ape=0.5899
[17:50:27] warmStart (decay=exponential) 86% (821/954) regret=0.109870 ape=0.5899
[17:50:27] warmStart (decay=exponential) 86% (822/954) regret=0.109870 ape=0.5899
[17:50:28] warmStart (decay=exponential) 86% (823/954) regret=0.109870 ape=0.5899
[17:50:28] warmStart (decay=exponential) 86% (824/954) regret=0.109870 ape=0.5899
[17:50:28] warmStart (decay=exponential) 86% (825/954) regret=0.109870 ape=0.5899
[17:50:28] warmStart (decay=exponential) 86% (826/954) regret=0.109870 ape=0.5899
[17:50:29] warmStart (decay=exponential) 86% (827/954) regret=0.109870 ape=0.5899
[17:50:29] warmStart (decay=exponential) 86% (828/954) regret=0.109870 ape=0.5899
[17:50:29] warmStart (decay=exponential) 86% (829/954) regret=0.109870 ape=0.5899
[17:50:30] warmStart (decay=exponential) 87% (830/954) regret=0.109870 ape=0.5899
[17:50:30] warmStart (decay=exponential) 87% (831/954) regret=0.109870 ape=0.5899
[17:50:30] warmStart (decay=exponential) 87% (832/954) regret=0.109870 ape=0.5899
[17:50:30] warmStart (decay=exponential) 87% (833/954) regret=0.109870 ape=0.5899
[17:50:31] warmStart (decay=exponential) 87% (834/954) regret=0.109870 ape=0.5899
[17:50:31] warmStart (decay=exponential) 87% (835/954) regret=0.109870 ape=0.5899
[17:50:31] warmStart (decay=exponential) 87% (836/954) regret=0.109870 ape=0.5899
[17:50:31] warmStart (decay=exponential) 87% (837/954) regret=0.109870 ape=0.5899
[17:50:32] warmStart (decay=exponential) 87% (838/954) regret=0.109870 ape=0.5899
[17:50:32] warmStart (decay=exponential) 87% (839/954) regret=0.109870 ape=0.5899
[17:50:32] warmStart (decay=exponential) 88% (840/954) regret=0.109870 ape=0.5899
[17:50:33] warmStart (decay=exponential) 88% (841/954) regret=0.109870 ape=0.5899
[17:50:33] warmStart (decay=exponential) 88% (842/954) regret=0.109870 ape=0.5899
[17:50:33] warmStart (decay=exponential) 88% (843/954) regret=0.109870 ape=0.5899
[17:50:33] warmStart (decay=exponential) 88% (844/954) regret=0.109870 ape=0.5899
[17:50:34] warmStart (decay=exponential) 88% (845/954) regret=0.109870 ape=0.5899
[17:50:34] warmStart (decay=exponential) 88% (846/954) regret=0.109870 ape=0.5899
[17:50:34] warmStart (decay=exponential) 88% (847/954) regret=0.109870 ape=0.5899
[17:50:34] warmStart (decay=exponential) 88% (848/954) regret=0.109870 ape=0.5899
[17:50:35] warmStart (decay=exponential) 88% (849/954) regret=0.109870 ape=0.5899
[17:50:35] warmStart (decay=exponential) 89% (850/954) regret=0.109870 ape=0.5899
[17:50:35] warmStart (decay=exponential) 89% (851/954) regret=0.109870 ape=0.5899
[17:50:35] warmStart (decay=exponential) 89% (852/954) regret=0.109870 ape=0.5899
[17:50:36] warmStart (decay=exponential) 89% (853/954) regret=0.109870 ape=0.5899
[17:50:36] warmStart (decay=exponential) 89% (854/954) regret=0.109870 ape=0.5899
[17:50:36] warmStart (decay=exponential) 89% (855/954) regret=0.109870 ape=0.5899
[17:50:37] warmStart (decay=exponential) 89% (856/954) regret=0.109870 ape=0.5899
[17:50:37] warmStart (decay=exponential) 89% (857/954) regret=0.109870 ape=0.5899
[17:50:37] warmStart (decay=exponential) 89% (858/954) regret=0.109870 ape=0.5899
[17:50:37] warmStart (decay=exponential) 90% (859/954) regret=0.109870 ape=0.5899
[17:50:38] warmStart (decay=exponential) 90% (860/954) regret=0.109870 ape=0.5899
[17:50:38] warmStart (decay=exponential) 90% (861/954) regret=0.109870 ape=0.5899
[17:50:38] warmStart (decay=exponential) 90% (862/954) regret=0.109870 ape=0.5899
[17:50:38] warmStart (decay=exponential) 90% (863/954) regret=0.109870 ape=0.5899
[17:50:39] warmStart (decay=exponential) 90% (864/954) regret=0.109870 ape=0.5899
[17:50:39] warmStart (decay=exponential) 90% (865/954) regret=0.109870 ape=0.5899
[17:50:39] warmStart (decay=exponential) 90% (866/954) regret=0.109870 ape=0.5899
[17:50:40] warmStart (decay=exponential) 90% (867/954) regret=0.109870 ape=0.5899
[17:50:40] warmStart (decay=exponential) 90% (868/954) regret=0.109870 ape=0.5899
[17:50:40] warmStart (decay=exponential) 91% (869/954) regret=0.109879 ape=0.5899
[17:50:40] warmStart (decay=exponential) 91% (870/954) regret=0.109897 ape=0.5899
[17:50:41] warmStart (decay=exponential) 91% (871/954) regret=0.109870 ape=0.5899
[17:50:41] warmStart (decay=exponential) 91% (872/954) regret=0.109870 ape=0.5899
[17:50:41] warmStart (decay=exponential) 91% (873/954) regret=0.109870 ape=0.5899
[17:50:41] warmStart (decay=exponential) 91% (874/954) regret=0.109897 ape=0.5899
[17:50:42] warmStart (decay=exponential) 91% (875/954) regret=0.109897 ape=0.5899
[17:50:42] warmStart (decay=exponential) 91% (876/954) regret=0.109897 ape=0.5899
[17:50:42] warmStart (decay=exponential) 91% (877/954) regret=0.109897 ape=0.5899
[17:50:42] warmStart (decay=exponential) 92% (878/954) regret=0.109897 ape=0.5899
[17:50:43] warmStart (decay=exponential) 92% (879/954) regret=0.109897 ape=0.5899
[17:50:43] warmStart (decay=exponential) 92% (880/954) regret=0.109897 ape=0.5899
[17:50:43] warmStart (decay=exponential) 92% (881/954) regret=0.109897 ape=0.5899
[17:50:43] warmStart (decay=exponential) 92% (882/954) regret=0.109897 ape=0.5899
[17:50:44] warmStart (decay=exponential) 92% (883/954) regret=0.109897 ape=0.5899
[17:50:44] warmStart (decay=exponential) 92% (884/954) regret=0.109897 ape=0.5899
[17:50:44] warmStart (decay=exponential) 92% (885/954) regret=0.109897 ape=0.5899
[17:50:45] warmStart (decay=exponential) 92% (886/954) regret=0.109897 ape=0.5899
[17:50:45] warmStart (decay=exponential) 92% (887/954) regret=0.109897 ape=0.5899
[17:50:45] warmStart (decay=exponential) 93% (888/954) regret=0.109897 ape=0.5899
[17:50:45] warmStart (decay=exponential) 93% (889/954) regret=0.109897 ape=0.5899
[17:50:46] warmStart (decay=exponential) 93% (890/954) regret=0.109897 ape=0.5899
[17:50:46] warmStart (decay=exponential) 93% (891/954) regret=0.109897 ape=0.5899
[17:50:46] warmStart (decay=exponential) 93% (892/954) regret=0.109897 ape=0.5899
[17:50:46] warmStart (decay=exponential) 93% (893/954) regret=0.109897 ape=0.5899
[17:50:47] warmStart (decay=exponential) 93% (894/954) regret=0.109897 ape=0.5899
[17:50:47] warmStart (decay=exponential) 93% (895/954) regret=0.109897 ape=0.5899
[17:50:47] warmStart (decay=exponential) 93% (896/954) regret=0.109897 ape=0.5899
[17:50:48] warmStart (decay=exponential) 94% (897/954) regret=0.109897 ape=0.5899
[17:50:48] warmStart (decay=exponential) 94% (898/954) regret=0.109897 ape=0.5899
[17:50:48] warmStart (decay=exponential) 94% (899/954) regret=0.109897 ape=0.5899
[17:50:48] warmStart (decay=exponential) 94% (900/954) regret=0.109897 ape=0.5899
[17:50:49] warmStart (decay=exponential) 94% (901/954) regret=0.109897 ape=0.5899
[17:50:49] warmStart (decay=exponential) 94% (902/954) regret=0.109897 ape=0.5899
[17:50:49] warmStart (decay=exponential) 94% (903/954) regret=0.109897 ape=0.5899
[17:50:49] warmStart (decay=exponential) 94% (904/954) regret=0.109897 ape=0.5899
[17:50:50] warmStart (decay=exponential) 94% (905/954) regret=0.109897 ape=0.5899
[17:50:50] warmStart (decay=exponential) 94% (906/954) regret=0.109897 ape=0.5899
[17:50:50] warmStart (decay=exponential) 95% (907/954) regret=0.109897 ape=0.5899
[17:50:51] warmStart (decay=exponential) 95% (908/954) regret=0.109897 ape=0.5899
[17:50:51] warmStart (decay=exponential) 95% (909/954) regret=0.109897 ape=0.5899
[17:50:51] warmStart (decay=exponential) 95% (910/954) regret=0.109897 ape=0.5899
[17:50:51] warmStart (decay=exponential) 95% (911/954) regret=0.109897 ape=0.5899
[17:50:52] warmStart (decay=exponential) 95% (912/954) regret=0.109897 ape=0.5899
[17:50:52] warmStart (decay=exponential) 95% (913/954) regret=0.109897 ape=0.5899
[17:50:52] warmStart (decay=exponential) 95% (914/954) regret=0.109897 ape=0.5899
[17:50:52] warmStart (decay=exponential) 95% (915/954) regret=0.109897 ape=0.5899
[17:50:53] warmStart (decay=exponential) 96% (916/954) regret=0.109897 ape=0.5899
[17:50:53] warmStart (decay=exponential) 96% (917/954) regret=0.109897 ape=0.5899
[17:50:53] warmStart (decay=exponential) 96% (918/954) regret=0.109897 ape=0.5899
[17:50:54] warmStart (decay=exponential) 96% (919/954) regret=0.109897 ape=0.5899
[17:50:54] warmStart (decay=exponential) 96% (920/954) regret=0.109897 ape=0.5899
[17:50:54] warmStart (decay=exponential) 96% (921/954) regret=0.109897 ape=0.5899
[17:50:54] warmStart (decay=exponential) 96% (922/954) regret=0.109897 ape=0.5899
[17:50:55] warmStart (decay=exponential) 96% (923/954) regret=0.109897 ape=0.5899
[17:50:55] warmStart (decay=exponential) 96% (924/954) regret=0.109897 ape=0.5899
[17:50:55] warmStart (decay=exponential) 96% (925/954) regret=0.109897 ape=0.5899
[17:50:55] warmStart (decay=exponential) 97% (926/954) regret=0.109897 ape=0.5899
[17:50:56] warmStart (decay=exponential) 97% (927/954) regret=0.109897 ape=0.5899
[17:50:56] warmStart (decay=exponential) 97% (928/954) regret=0.109897 ape=0.5899
[17:50:56] warmStart (decay=exponential) 97% (929/954) regret=0.109897 ape=0.5899
[17:50:57] warmStart (decay=exponential) 97% (930/954) regret=0.109897 ape=0.5899
[17:50:57] warmStart (decay=exponential) 97% (931/954) regret=0.109897 ape=0.5899
[17:50:57] warmStart (decay=exponential) 97% (932/954) regret=0.109897 ape=0.5899
[17:50:57] warmStart (decay=exponential) 97% (933/954) regret=0.109897 ape=0.5899
[17:50:58] warmStart (decay=exponential) 97% (934/954) regret=0.109897 ape=0.5899
[17:50:58] warmStart (decay=exponential) 98% (935/954) regret=0.109897 ape=0.5899
[17:50:58] warmStart (decay=exponential) 98% (936/954) regret=0.109897 ape=0.5899
[17:50:58] warmStart (decay=exponential) 98% (937/954) regret=0.109897 ape=0.5899
[17:50:59] warmStart (decay=exponential) 98% (938/954) regret=0.109897 ape=0.5899
[17:50:59] warmStart (decay=exponential) 98% (939/954) regret=0.109897 ape=0.5899
[17:50:59] warmStart (decay=exponential) 98% (940/954) regret=0.109897 ape=0.5899
[17:51:00] warmStart (decay=exponential) 98% (941/954) regret=0.109897 ape=0.5899
[17:51:00] warmStart (decay=exponential) 98% (942/954) regret=0.109897 ape=0.5899
[17:51:00] warmStart (decay=exponential) 98% (943/954) regret=0.109897 ape=0.5899
[17:51:00] warmStart (decay=exponential) 98% (944/954) regret=0.109897 ape=0.5899
[17:51:01] warmStart (decay=exponential) 99% (945/954) regret=0.109897 ape=0.5899
[17:51:01] warmStart (decay=exponential) 99% (946/954) regret=0.109897 ape=0.5899
[17:51:01] warmStart (decay=exponential) 99% (947/954) regret=0.109897 ape=0.5899
[17:51:01] warmStart (decay=exponential) 99% (948/954) regret=0.109897 ape=0.5899
[17:51:02] warmStart (decay=exponential) 99% (949/954) regret=0.109897 ape=0.5899
[17:51:02] warmStart (decay=exponential) 99% (950/954) regret=0.109900 ape=0.5899
[17:51:02] warmStart (decay=exponential) 99% (951/954) regret=0.109896 ape=0.5889
[17:51:02] warmStart (decay=exponential) 99% (952/954) regret=0.109896 ape=0.5889
[17:51:03] warmStart (decay=exponential) 99% (953/954) regret=0.109896 ape=0.5889
Warm w=50 finished: 953 points, 221.61s wall time
  Final: regret=0.109896, ape=0.5889

Saved: /home/users/g/s/gsavary/LudiiMCTSVariations/slurm_sweep_full_dataset/output_decay/warm_50_decay_exponential_0_90/seed_4/sweep_decay_warm_50_exponential_0.9_4_20260426_175103.json

Generating plots...
Saved: /home/users/g/s/gsavary/LudiiMCTSVariations/slurm_sweep_full_dataset/output_decay/warm_50_decay_exponential_0_90/seed_4/sweep_decay_warm_50_exponential_0.9_4_20260426_175103_regret.png
Saved: /home/users/g/s/gsavary/LudiiMCTSVariations/slurm_sweep_full_dataset/output_decay/warm_50_decay_exponential_0_90/seed_4/sweep_decay_warm_50_exponential_0.9_4_20260426_175103_ape.png

================================================================================
Experiment complete!
================================================================================
Done. Results in: /home/users/g/s/gsavary/LudiiMCTSVariations/slurm_sweep_full_dataset/output_decay/warm_50_decay_exponential_0_90/seed_4
