============================================================
Decay sweep experiment
Method:      baseline
Decay mode:  none
Decay param: 0.0
Seed:        1
Output:      /home/users/g/s/gsavary/LudiiMCTSVariations/slurm_sweep_full_dataset/output_decay/baseline_decay_none_0_0/seed_1
============================================================

================================================================================
SLURM Sweep Experiment with Synthetic Data Decay
================================================================================
Method: baseline
Decay: none (param=0.0)
Time limit: 3600.0s, Seed: 1, Batch size: 20
Output directory: /home/users/g/s/gsavary/LudiiMCTSVariations/slurm_sweep_full_dataset/output_decay/baseline_decay_none_0_0/seed_1

Loading Ludii dataset...
Loaded 1085 games
Using 1085 games (full dataset)

Running timing probe (100 pulls)...
  Estimated secs/pull: 0.021456

Time budget: 3600.0s → ~167781 total pulls
Per-method budget: 23968 pulls (~514.3s)

Computing predictor-only performance...
  Predictions loaded: 23675 agent predictions
  Predictor-only: regret=0.104318, ape=0.4894

Running BASELINE (cold start)...
[17:41:46] regretChangePotential 0% (1/1199) regret=0.147464 ape=0.7161
[17:41:47] regretChangePotential 0% (2/1199) regret=0.147552 ape=0.7171
[17:41:47] regretChangePotential 0% (3/1199) regret=0.147244 ape=0.7171
[17:41:47] regretChangePotential 0% (4/1199) regret=0.146971 ape=0.7171
[17:41:47] regretChangePotential 0% (5/1199) regret=0.145706 ape=0.7180
[17:41:47] regretChangePotential 0% (6/1199) regret=0.145189 ape=0.7180
[17:41:47] regretChangePotential 0% (7/1199) regret=0.144373 ape=0.7180
[17:41:47] regretChangePotential 0% (8/1199) regret=0.143364 ape=0.7161
[17:41:48] regretChangePotential 0% (9/1199) regret=0.141982 ape=0.7134
[17:41:48] regretChangePotential 0% (10/1199) regret=0.142031 ape=0.7134
[17:41:48] regretChangePotential 0% (11/1199) regret=0.142016 ape=0.7134
[17:41:48] regretChangePotential 1% (12/1199) regret=0.140934 ape=0.7124
[17:41:48] regretChangePotential 1% (13/1199) regret=0.140934 ape=0.7124
[17:41:48] regretChangePotential 1% (14/1199) regret=0.140847 ape=0.7124
[17:41:48] regretChangePotential 1% (15/1199) regret=0.140787 ape=0.7124
[17:41:49] regretChangePotential 1% (16/1199) regret=0.140009 ape=0.7124
[17:41:49] regretChangePotential 1% (17/1199) regret=0.140046 ape=0.7115
[17:41:49] regretChangePotential 1% (18/1199) regret=0.140581 ape=0.7115
[17:41:49] regretChangePotential 1% (19/1199) regret=0.139595 ape=0.7097
[17:41:49] regretChangePotential 1% (20/1199) regret=0.138678 ape=0.7078
[17:41:49] regretChangePotential 1% (21/1199) regret=0.138741 ape=0.7088
[17:41:49] regretChangePotential 1% (22/1199) regret=0.137741 ape=0.7088
[17:41:49] regretChangePotential 1% (23/1199) regret=0.137764 ape=0.7088
[17:41:50] regretChangePotential 2% (24/1199) regret=0.137861 ape=0.7088
[17:41:50] regretChangePotential 2% (25/1199) regret=0.137373 ape=0.7078
[17:41:50] regretChangePotential 2% (26/1199) regret=0.136350 ape=0.7069
[17:41:50] regretChangePotential 2% (27/1199) regret=0.136700 ape=0.7069
[17:41:50] regretChangePotential 2% (28/1199) regret=0.136631 ape=0.7069
[17:41:50] regretChangePotential 2% (29/1199) regret=0.136631 ape=0.7069
[17:41:51] regretChangePotential 2% (30/1199) regret=0.135810 ape=0.7069
[17:41:51] regretChangePotential 2% (31/1199) regret=0.135184 ape=0.7060
[17:41:51] regretChangePotential 2% (32/1199) regret=0.134912 ape=0.7060
[17:41:51] regretChangePotential 2% (33/1199) regret=0.134912 ape=0.7060
[17:41:51] regretChangePotential 2% (34/1199) regret=0.134931 ape=0.7060
[17:41:51] regretChangePotential 2% (35/1199) regret=0.134912 ape=0.7060
[17:41:51] regretChangePotential 3% (36/1199) regret=0.135091 ape=0.7060
[17:41:52] regretChangePotential 3% (37/1199) regret=0.134222 ape=0.7060
[17:41:52] regretChangePotential 3% (38/1199) regret=0.133771 ape=0.7051
[17:41:52] regretChangePotential 3% (39/1199) regret=0.133771 ape=0.7051
[17:41:52] regretChangePotential 3% (40/1199) regret=0.132751 ape=0.7032
[17:41:52] regretChangePotential 3% (41/1199) regret=0.132700 ape=0.7032
[17:41:52] regretChangePotential 3% (42/1199) regret=0.132700 ape=0.7032
[17:41:52] regretChangePotential 3% (43/1199) regret=0.132700 ape=0.7032
[17:41:52] regretChangePotential 3% (44/1199) regret=0.132700 ape=0.7032
[17:41:53] regretChangePotential 3% (45/1199) regret=0.131686 ape=0.7023
[17:41:53] regretChangePotential 3% (46/1199) regret=0.131686 ape=0.7023
[17:41:53] regretChangePotential 3% (47/1199) regret=0.130156 ape=0.7005
[17:41:53] regretChangePotential 4% (48/1199) regret=0.129686 ape=0.7005
[17:41:53] regretChangePotential 4% (49/1199) regret=0.129686 ape=0.7005
[17:41:53] regretChangePotential 4% (50/1199) regret=0.129378 ape=0.6995
[17:41:54] regretChangePotential 4% (51/1199) regret=0.127504 ape=0.6986
[17:41:54] regretChangePotential 4% (52/1199) regret=0.126730 ape=0.6977
[17:41:54] regretChangePotential 4% (53/1199) regret=0.125748 ape=0.6959
[17:41:54] regretChangePotential 4% (54/1199) regret=0.125748 ape=0.6959
[17:41:54] regretChangePotential 4% (55/1199) regret=0.125621 ape=0.6959
[17:41:54] regretChangePotential 4% (56/1199) regret=0.124833 ape=0.6959
[17:41:54] regretChangePotential 4% (57/1199) regret=0.124714 ape=0.6949
[17:41:55] regretChangePotential 4% (58/1199) regret=0.124714 ape=0.6949
[17:41:55] regretChangePotential 4% (59/1199) regret=0.124593 ape=0.6959
[17:41:55] regretChangePotential 5% (60/1199) regret=0.124721 ape=0.6968
[17:41:55] regretChangePotential 5% (61/1199) regret=0.124730 ape=0.6968
[17:41:55] regretChangePotential 5% (62/1199) regret=0.124743 ape=0.6968
[17:41:55] regretChangePotential 5% (63/1199) regret=0.124730 ape=0.6968
[17:41:55] regretChangePotential 5% (64/1199) regret=0.124458 ape=0.6959
[17:41:56] regretChangePotential 5% (65/1199) regret=0.124430 ape=0.6959
[17:41:56] regretChangePotential 5% (66/1199) regret=0.124540 ape=0.6959
[17:41:56] regretChangePotential 5% (67/1199) regret=0.124157 ape=0.6959
[17:41:56] regretChangePotential 5% (68/1199) regret=0.124157 ape=0.6959
[17:41:56] regretChangePotential 5% (69/1199) regret=0.122788 ape=0.6959
[17:41:56] regretChangePotential 5% (70/1199) regret=0.121848 ape=0.6949
[17:41:56] regretChangePotential 5% (71/1199) regret=0.121733 ape=0.6949
[17:41:57] regretChangePotential 6% (72/1199) regret=0.120705 ape=0.6931
[17:41:57] regretChangePotential 6% (73/1199) regret=0.118730 ape=0.6922
[17:41:57] regretChangePotential 6% (74/1199) regret=0.117848 ape=0.6912
[17:41:57] regretChangePotential 6% (75/1199) regret=0.115401 ape=0.6894
[17:41:57] regretChangePotential 6% (76/1199) regret=0.115401 ape=0.6894
[17:41:57] regretChangePotential 6% (77/1199) regret=0.115401 ape=0.6894
[17:41:57] regretChangePotential 6% (78/1199) regret=0.114737 ape=0.6885
[17:41:58] regretChangePotential 6% (79/1199) regret=0.113966 ape=0.6885
[17:41:58] regretChangePotential 6% (80/1199) regret=0.113118 ape=0.6866
[17:41:58] regretChangePotential 6% (81/1199) regret=0.113038 ape=0.6848
[17:41:58] regretChangePotential 6% (82/1199) regret=0.112379 ape=0.6848
[17:41:58] regretChangePotential 6% (83/1199) regret=0.111393 ape=0.6829
[17:41:58] regretChangePotential 7% (84/1199) regret=0.111470 ape=0.6839
[17:41:58] regretChangePotential 7% (85/1199) regret=0.111258 ape=0.6839
[17:41:58] regretChangePotential 7% (86/1199) regret=0.111488 ape=0.6839
[17:41:59] regretChangePotential 7% (87/1199) regret=0.110948 ape=0.6829
[17:41:59] regretChangePotential 7% (88/1199) regret=0.109888 ape=0.6820
[17:41:59] regretChangePotential 7% (89/1199) regret=0.109423 ape=0.6802
[17:41:59] regretChangePotential 7% (90/1199) regret=0.109423 ape=0.6802
[17:41:59] regretChangePotential 7% (91/1199) regret=0.109248 ape=0.6793
[17:41:59] regretChangePotential 7% (92/1199) regret=0.109423 ape=0.6802
[17:41:59] regretChangePotential 7% (93/1199) regret=0.109423 ape=0.6802
[17:42:00] regretChangePotential 7% (94/1199) regret=0.107916 ape=0.6793
[17:42:00] regretChangePotential 7% (95/1199) regret=0.107876 ape=0.6793
[17:42:00] regretChangePotential 8% (96/1199) regret=0.106976 ape=0.6774
[17:42:00] regretChangePotential 8% (97/1199) regret=0.106673 ape=0.6765
[17:42:00] regretChangePotential 8% (98/1199) regret=0.106158 ape=0.6756
[17:42:00] regretChangePotential 8% (99/1199) regret=0.106278 ape=0.6756
[17:42:00] regretChangePotential 8% (100/1199) regret=0.105658 ape=0.6737
[17:42:01] regretChangePotential 8% (101/1199) regret=0.105639 ape=0.6737
[17:42:01] regretChangePotential 8% (102/1199) regret=0.105639 ape=0.6737
[17:42:01] regretChangePotential 8% (103/1199) regret=0.104641 ape=0.6728
[17:42:01] regretChangePotential 8% (104/1199) regret=0.104585 ape=0.6737
[17:42:01] regretChangePotential 8% (105/1199) regret=0.103642 ape=0.6719
[17:42:01] regretChangePotential 8% (106/1199) regret=0.103601 ape=0.6728
[17:42:01] regretChangePotential 8% (107/1199) regret=0.103154 ape=0.6728
[17:42:02] regretChangePotential 9% (108/1199) regret=0.102184 ape=0.6728
[17:42:02] regretChangePotential 9% (109/1199) regret=0.101783 ape=0.6728
[17:42:02] regretChangePotential 9% (110/1199) regret=0.101082 ape=0.6719
[17:42:02] regretChangePotential 9% (111/1199) regret=0.099946 ape=0.6700
[17:42:02] regretChangePotential 9% (112/1199) regret=0.099872 ape=0.6700
[17:42:02] regretChangePotential 9% (113/1199) regret=0.099863 ape=0.6700
[17:42:02] regretChangePotential 9% (114/1199) regret=0.099863 ape=0.6700
[17:42:03] regretChangePotential 9% (115/1199) regret=0.099943 ape=0.6700
[17:42:03] regretChangePotential 9% (116/1199) regret=0.098860 ape=0.6673
[17:42:03] regretChangePotential 9% (117/1199) regret=0.098293 ape=0.6664
[17:42:03] regretChangePotential 9% (118/1199) regret=0.096638 ape=0.6645
[17:42:03] regretChangePotential 9% (119/1199) regret=0.095887 ape=0.6636
[17:42:03] regretChangePotential 10% (120/1199) regret=0.095887 ape=0.6636
[17:42:03] regretChangePotential 10% (121/1199) regret=0.095560 ape=0.6627
[17:42:04] regretChangePotential 10% (122/1199) regret=0.094497 ape=0.6618
[17:42:04] regretChangePotential 10% (123/1199) regret=0.093746 ape=0.6599
[17:42:04] regretChangePotential 10% (124/1199) regret=0.093746 ape=0.6599
[17:42:04] regretChangePotential 10% (125/1199) regret=0.093210 ape=0.6590
[17:42:04] regretChangePotential 10% (126/1199) regret=0.092998 ape=0.6590
[17:42:04] regretChangePotential 10% (127/1199) regret=0.092915 ape=0.6581
[17:42:04] regretChangePotential 10% (128/1199) regret=0.092288 ape=0.6562
[17:42:05] regretChangePotential 10% (129/1199) regret=0.092223 ape=0.6553
[17:42:05] regretChangePotential 10% (130/1199) regret=0.092055 ape=0.6544
[17:42:05] regretChangePotential 10% (131/1199) regret=0.091539 ape=0.6535
[17:42:05] regretChangePotential 11% (132/1199) regret=0.091105 ape=0.6525
[17:42:05] regretChangePotential 11% (133/1199) regret=0.090893 ape=0.6516
[17:42:05] regretChangePotential 11% (134/1199) regret=0.090191 ape=0.6507
[17:42:05] regretChangePotential 11% (135/1199) regret=0.090112 ape=0.6507
[17:42:06] regretChangePotential 11% (136/1199) regret=0.089598 ape=0.6498
[17:42:06] regretChangePotential 11% (137/1199) regret=0.089103 ape=0.6507
[17:42:06] regretChangePotential 11% (138/1199) regret=0.088658 ape=0.6498
[17:42:06] regretChangePotential 11% (139/1199) regret=0.088455 ape=0.6498
[17:42:06] regretChangePotential 11% (140/1199) regret=0.088223 ape=0.6498
[17:42:06] regretChangePotential 11% (141/1199) regret=0.088256 ape=0.6498
[17:42:06] regretChangePotential 11% (142/1199) regret=0.088733 ape=0.6498
[17:42:07] regretChangePotential 11% (143/1199) regret=0.088541 ape=0.6488
[17:42:07] regretChangePotential 12% (144/1199) regret=0.088394 ape=0.6488
[17:42:07] regretChangePotential 12% (145/1199) regret=0.087743 ape=0.6470
[17:42:07] regretChangePotential 12% (146/1199) regret=0.087808 ape=0.6479
[17:42:07] regretChangePotential 12% (147/1199) regret=0.087411 ape=0.6479
[17:42:07] regretChangePotential 12% (148/1199) regret=0.086362 ape=0.6452
[17:42:07] regretChangePotential 12% (149/1199) regret=0.086468 ape=0.6442
[17:42:08] regretChangePotential 12% (150/1199) regret=0.086017 ape=0.6433
[17:42:08] regretChangePotential 12% (151/1199) regret=0.085164 ape=0.6415
[17:42:08] regretChangePotential 12% (152/1199) regret=0.085164 ape=0.6415
[17:42:08] regretChangePotential 12% (153/1199) regret=0.085164 ape=0.6415
[17:42:08] regretChangePotential 12% (154/1199) regret=0.085155 ape=0.6406
[17:42:08] regretChangePotential 12% (155/1199) regret=0.084307 ape=0.6387
[17:42:08] regretChangePotential 13% (156/1199) regret=0.084183 ape=0.6396
[17:42:09] regretChangePotential 13% (157/1199) regret=0.084210 ape=0.6396
[17:42:09] regretChangePotential 13% (158/1199) regret=0.083359 ape=0.6396
[17:42:09] regretChangePotential 13% (159/1199) regret=0.083359 ape=0.6396
[17:42:09] regretChangePotential 13% (160/1199) regret=0.082981 ape=0.6387
[17:42:09] regretChangePotential 13% (161/1199) regret=0.082751 ape=0.6387
[17:42:09] regretChangePotential 13% (162/1199) regret=0.082798 ape=0.6387
[17:42:09] regretChangePotential 13% (163/1199) regret=0.082658 ape=0.6378
[17:42:10] regretChangePotential 13% (164/1199) regret=0.081652 ape=0.6359
[17:42:10] regretChangePotential 13% (165/1199) regret=0.081566 ape=0.6369
[17:42:10] regretChangePotential 13% (166/1199) regret=0.080971 ape=0.6350
[17:42:10] regretChangePotential 13% (167/1199) regret=0.081219 ape=0.6341
[17:42:10] regretChangePotential 14% (168/1199) regret=0.080805 ape=0.6341
[17:42:10] regretChangePotential 14% (169/1199) regret=0.079938 ape=0.6323
[17:42:10] regretChangePotential 14% (170/1199) regret=0.079652 ape=0.6313
[17:42:11] regretChangePotential 14% (171/1199) regret=0.079187 ape=0.6295
[17:42:11] regretChangePotential 14% (172/1199) regret=0.078726 ape=0.6295
[17:42:11] regretChangePotential 14% (173/1199) regret=0.078726 ape=0.6295
[17:42:11] regretChangePotential 14% (174/1199) regret=0.078665 ape=0.6295
[17:42:11] regretChangePotential 14% (175/1199) regret=0.078692 ape=0.6286
[17:42:11] regretChangePotential 14% (176/1199) regret=0.078582 ape=0.6286
[17:42:11] regretChangePotential 14% (177/1199) regret=0.077792 ape=0.6286
[17:42:12] regretChangePotential 14% (178/1199) regret=0.077706 ape=0.6286
[17:42:12] regretChangePotential 14% (179/1199) regret=0.076849 ape=0.6267
[17:42:12] regretChangePotential 15% (180/1199) regret=0.076847 ape=0.6258
[17:42:12] regretChangePotential 15% (181/1199) regret=0.076531 ape=0.6249
[17:42:12] regretChangePotential 15% (182/1199) regret=0.076321 ape=0.6240
[17:42:12] regretChangePotential 15% (183/1199) regret=0.076266 ape=0.6240
[17:42:12] regretChangePotential 15% (184/1199) regret=0.076006 ape=0.6240
[17:42:13] regretChangePotential 15% (185/1199) regret=0.076017 ape=0.6249
[17:42:13] regretChangePotential 15% (186/1199) regret=0.075649 ape=0.6230
[17:42:13] regretChangePotential 15% (187/1199) regret=0.075584 ape=0.6230
[17:42:13] regretChangePotential 15% (188/1199) regret=0.074815 ape=0.6221
[17:42:13] regretChangePotential 15% (189/1199) regret=0.074293 ape=0.6203
[17:42:13] regretChangePotential 15% (190/1199) regret=0.073630 ape=0.6194
[17:42:13] regretChangePotential 15% (191/1199) regret=0.072980 ape=0.6184
[17:42:14] regretChangePotential 16% (192/1199) regret=0.072980 ape=0.6184
[17:42:14] regretChangePotential 16% (193/1199) regret=0.072980 ape=0.6184
[17:42:14] regretChangePotential 16% (194/1199) regret=0.072980 ape=0.6184
[17:42:14] regretChangePotential 16% (195/1199) regret=0.072980 ape=0.6184
[17:42:14] regretChangePotential 16% (196/1199) regret=0.072980 ape=0.6184
[17:42:14] regretChangePotential 16% (197/1199) regret=0.072934 ape=0.6184
[17:42:14] regretChangePotential 16% (198/1199) regret=0.072934 ape=0.6184
[17:42:15] regretChangePotential 16% (199/1199) regret=0.072809 ape=0.6175
[17:42:15] regretChangePotential 16% (200/1199) regret=0.072809 ape=0.6175
[17:42:15] regretChangePotential 16% (201/1199) regret=0.072809 ape=0.6175
[17:42:15] regretChangePotential 16% (202/1199) regret=0.072809 ape=0.6175
[17:42:15] regretChangePotential 16% (203/1199) regret=0.072809 ape=0.6175
[17:42:15] regretChangePotential 17% (204/1199) regret=0.072809 ape=0.6175
[17:42:15] regretChangePotential 17% (205/1199) regret=0.072809 ape=0.6175
[17:42:16] regretChangePotential 17% (206/1199) regret=0.072782 ape=0.6166
[17:42:16] regretChangePotential 17% (207/1199) regret=0.072782 ape=0.6166
[17:42:16] regretChangePotential 17% (208/1199) regret=0.072782 ape=0.6166
[17:42:16] regretChangePotential 17% (209/1199) regret=0.072727 ape=0.6166
[17:42:16] regretChangePotential 17% (210/1199) regret=0.072727 ape=0.6166
[17:42:16] regretChangePotential 17% (211/1199) regret=0.072727 ape=0.6166
[17:42:16] regretChangePotential 17% (212/1199) regret=0.072727 ape=0.6166
[17:42:17] regretChangePotential 17% (213/1199) regret=0.072727 ape=0.6166
[17:42:17] regretChangePotential 17% (214/1199) regret=0.072727 ape=0.6166
[17:42:17] regretChangePotential 17% (215/1199) regret=0.072727 ape=0.6166
[17:42:17] regretChangePotential 18% (216/1199) regret=0.072727 ape=0.6166
[17:42:17] regretChangePotential 18% (217/1199) regret=0.072727 ape=0.6166
[17:42:17] regretChangePotential 18% (218/1199) regret=0.072727 ape=0.6166
[17:42:17] regretChangePotential 18% (219/1199) regret=0.072727 ape=0.6166
[17:42:18] regretChangePotential 18% (220/1199) regret=0.072727 ape=0.6166
[17:42:18] regretChangePotential 18% (221/1199) regret=0.072727 ape=0.6166
[17:42:18] regretChangePotential 18% (222/1199) regret=0.072727 ape=0.6166
[17:42:18] regretChangePotential 18% (223/1199) regret=0.072727 ape=0.6166
[17:42:18] regretChangePotential 18% (224/1199) regret=0.072727 ape=0.6166
[17:42:18] regretChangePotential 18% (225/1199) regret=0.072727 ape=0.6166
[17:42:18] regretChangePotential 18% (226/1199) regret=0.072727 ape=0.6166
[17:42:19] regretChangePotential 18% (227/1199) regret=0.072731 ape=0.6175
[17:42:19] regretChangePotential 19% (228/1199) regret=0.072731 ape=0.6175
[17:42:19] regretChangePotential 19% (229/1199) regret=0.072731 ape=0.6175
[17:42:19] regretChangePotential 19% (230/1199) regret=0.072731 ape=0.6175
[17:42:19] regretChangePotential 19% (231/1199) regret=0.072602 ape=0.6157
[17:42:19] regretChangePotential 19% (232/1199) regret=0.072441 ape=0.6138
[17:42:19] regretChangePotential 19% (233/1199) regret=0.072429 ape=0.6129
[17:42:20] regretChangePotential 19% (234/1199) regret=0.072429 ape=0.6129
[17:42:20] regretChangePotential 19% (235/1199) regret=0.072429 ape=0.6129
[17:42:20] regretChangePotential 19% (236/1199) regret=0.072429 ape=0.6129
[17:42:20] regretChangePotential 19% (237/1199) regret=0.072429 ape=0.6129
[17:42:20] regretChangePotential 19% (238/1199) regret=0.072429 ape=0.6129
[17:42:20] regretChangePotential 19% (239/1199) regret=0.072429 ape=0.6129
[17:42:20] regretChangePotential 20% (240/1199) regret=0.072429 ape=0.6129
[17:42:21] regretChangePotential 20% (241/1199) regret=0.072429 ape=0.6129
[17:42:21] regretChangePotential 20% (242/1199) regret=0.072360 ape=0.6120
[17:42:21] regretChangePotential 20% (243/1199) regret=0.072360 ape=0.6120
[17:42:21] regretChangePotential 20% (244/1199) regret=0.072360 ape=0.6120
[17:42:21] regretChangePotential 20% (245/1199) regret=0.072360 ape=0.6120
[17:42:21] regretChangePotential 20% (246/1199) regret=0.072360 ape=0.6120
[17:42:21] regretChangePotential 20% (247/1199) regret=0.072360 ape=0.6120
[17:42:22] regretChangePotential 20% (248/1199) regret=0.072258 ape=0.6120
[17:42:22] regretChangePotential 20% (249/1199) regret=0.072258 ape=0.6120
[17:42:22] regretChangePotential 20% (250/1199) regret=0.072258 ape=0.6120
[17:42:22] regretChangePotential 20% (251/1199) regret=0.072245 ape=0.6120
[17:42:22] regretChangePotential 21% (252/1199) regret=0.072245 ape=0.6120
[17:42:22] regretChangePotential 21% (253/1199) regret=0.072245 ape=0.6120
[17:42:22] regretChangePotential 21% (254/1199) regret=0.072245 ape=0.6120
[17:42:23] regretChangePotential 21% (255/1199) regret=0.072245 ape=0.6120
[17:42:23] regretChangePotential 21% (256/1199) regret=0.072245 ape=0.6120
[17:42:23] regretChangePotential 21% (257/1199) regret=0.072245 ape=0.6120
[17:42:23] regretChangePotential 21% (258/1199) regret=0.072245 ape=0.6120
[17:42:23] regretChangePotential 21% (259/1199) regret=0.072245 ape=0.6120
[17:42:23] regretChangePotential 21% (260/1199) regret=0.072240 ape=0.6120
[17:42:23] regretChangePotential 21% (261/1199) regret=0.072240 ape=0.6120
[17:42:23] regretChangePotential 21% (262/1199) regret=0.072240 ape=0.6120
[17:42:24] regretChangePotential 21% (263/1199) regret=0.072240 ape=0.6120
[17:42:24] regretChangePotential 22% (264/1199) regret=0.072240 ape=0.6120
[17:42:24] regretChangePotential 22% (265/1199) regret=0.072240 ape=0.6120
[17:42:24] regretChangePotential 22% (266/1199) regret=0.072240 ape=0.6120
[17:42:24] regretChangePotential 22% (267/1199) regret=0.072240 ape=0.6120
[17:42:24] regretChangePotential 22% (268/1199) regret=0.071908 ape=0.6111
[17:42:24] regretChangePotential 22% (269/1199) regret=0.071994 ape=0.6120
[17:42:25] regretChangePotential 22% (270/1199) regret=0.071851 ape=0.6111
[17:42:25] regretChangePotential 22% (271/1199) regret=0.071421 ape=0.6101
[17:42:25] regretChangePotential 22% (272/1199) regret=0.071393 ape=0.6101
[17:42:25] regretChangePotential 22% (273/1199) regret=0.071389 ape=0.6101
[17:42:25] regretChangePotential 22% (274/1199) regret=0.071425 ape=0.6101
[17:42:25] regretChangePotential 22% (275/1199) regret=0.071158 ape=0.6101
[17:42:25] regretChangePotential 23% (276/1199) regret=0.070753 ape=0.6092
[17:42:26] regretChangePotential 23% (277/1199) regret=0.070507 ape=0.6092
[17:42:26] regretChangePotential 23% (278/1199) regret=0.070530 ape=0.6092
[17:42:26] regretChangePotential 23% (279/1199) regret=0.070229 ape=0.6074
[17:42:26] regretChangePotential 23% (280/1199) regret=0.070050 ape=0.6074
[17:42:26] regretChangePotential 23% (281/1199) regret=0.070077 ape=0.6074
[17:42:26] regretChangePotential 23% (282/1199) regret=0.070004 ape=0.6074
[17:42:26] regretChangePotential 23% (283/1199) regret=0.069964 ape=0.6065
[17:42:27] regretChangePotential 23% (284/1199) regret=0.070037 ape=0.6065
[17:42:27] regretChangePotential 23% (285/1199) regret=0.069982 ape=0.6065
[17:42:27] regretChangePotential 23% (286/1199) regret=0.070162 ape=0.6074
[17:42:27] regretChangePotential 23% (287/1199) regret=0.069975 ape=0.6065
[17:42:27] regretChangePotential 24% (288/1199) regret=0.069965 ape=0.6074
[17:42:27] regretChangePotential 24% (289/1199) regret=0.069753 ape=0.6055
[17:42:27] regretChangePotential 24% (290/1199) regret=0.069151 ape=0.6055
[17:42:28] regretChangePotential 24% (291/1199) regret=0.069151 ape=0.6055
[17:42:28] regretChangePotential 24% (292/1199) regret=0.069207 ape=0.6055
[17:42:28] regretChangePotential 24% (293/1199) regret=0.069191 ape=0.6055
[17:42:28] regretChangePotential 24% (294/1199) regret=0.069191 ape=0.6055
[17:42:28] regretChangePotential 24% (295/1199) regret=0.068927 ape=0.6046
[17:42:28] regretChangePotential 24% (296/1199) regret=0.068952 ape=0.6055
[17:42:28] regretChangePotential 24% (297/1199) regret=0.068620 ape=0.6037
[17:42:29] regretChangePotential 24% (298/1199) regret=0.068146 ape=0.6018
[17:42:29] regretChangePotential 24% (299/1199) regret=0.068146 ape=0.6018
[17:42:29] regretChangePotential 25% (300/1199) regret=0.067993 ape=0.6000
[17:42:29] regretChangePotential 25% (301/1199) regret=0.067877 ape=0.6000
[17:42:29] regretChangePotential 25% (302/1199) regret=0.067292 ape=0.6000
[17:42:29] regretChangePotential 25% (303/1199) regret=0.066877 ape=0.5982
[17:42:29] regretChangePotential 25% (304/1199) regret=0.066793 ape=0.5982
[17:42:30] regretChangePotential 25% (305/1199) regret=0.066401 ape=0.5972
[17:42:30] regretChangePotential 25% (306/1199) regret=0.066521 ape=0.5982
[17:42:30] regretChangePotential 25% (307/1199) regret=0.066076 ape=0.5972
[17:42:30] regretChangePotential 25% (308/1199) regret=0.065993 ape=0.5972
[17:42:30] regretChangePotential 25% (309/1199) regret=0.065896 ape=0.5972
[17:42:30] regretChangePotential 25% (310/1199) regret=0.065401 ape=0.5972
[17:42:30] regretChangePotential 25% (311/1199) regret=0.065480 ape=0.5972
[17:42:31] regretChangePotential 26% (312/1199) regret=0.065308 ape=0.5972
[17:42:31] regretChangePotential 26% (313/1199) regret=0.065308 ape=0.5972
[17:42:31] regretChangePotential 26% (314/1199) regret=0.065372 ape=0.5963
[17:42:31] regretChangePotential 26% (315/1199) regret=0.065372 ape=0.5963
[17:42:31] regretChangePotential 26% (316/1199) regret=0.065406 ape=0.5963
[17:42:31] regretChangePotential 26% (317/1199) regret=0.065406 ape=0.5963
[17:42:32] regretChangePotential 26% (318/1199) regret=0.065236 ape=0.5954
[17:42:32] regretChangePotential 26% (319/1199) regret=0.065100 ape=0.5954
[17:42:32] regretChangePotential 26% (320/1199) regret=0.065035 ape=0.5954
[17:42:32] regretChangePotential 26% (321/1199) regret=0.064865 ape=0.5954
[17:42:32] regretChangePotential 26% (322/1199) regret=0.065035 ape=0.5954
[17:42:32] regretChangePotential 26% (323/1199) regret=0.065035 ape=0.5954
[17:42:32] regretChangePotential 27% (324/1199) regret=0.065436 ape=0.5954
[17:42:33] regretChangePotential 27% (325/1199) regret=0.065510 ape=0.5963
[17:42:33] regretChangePotential 27% (326/1199) regret=0.065567 ape=0.5963
[17:42:33] regretChangePotential 27% (327/1199) regret=0.065558 ape=0.5954
[17:42:33] regretChangePotential 27% (328/1199) regret=0.065558 ape=0.5954
[17:42:33] regretChangePotential 27% (329/1199) regret=0.065715 ape=0.5954
[17:42:33] regretChangePotential 27% (330/1199) regret=0.065730 ape=0.5954
[17:42:33] regretChangePotential 27% (331/1199) regret=0.065713 ape=0.5954
[17:42:34] regretChangePotential 27% (332/1199) regret=0.065655 ape=0.5963
[17:42:34] regretChangePotential 27% (333/1199) regret=0.065581 ape=0.5963
[17:42:34] regretChangePotential 27% (334/1199) regret=0.065360 ape=0.5963
[17:42:34] regretChangePotential 27% (335/1199) regret=0.065414 ape=0.5963
[17:42:34] regretChangePotential 28% (336/1199) regret=0.065414 ape=0.5963
[17:42:34] regretChangePotential 28% (337/1199) regret=0.065414 ape=0.5963
[17:42:34] regretChangePotential 28% (338/1199) regret=0.065391 ape=0.5963
[17:42:35] regretChangePotential 28% (339/1199) regret=0.065900 ape=0.5972
[17:42:35] regretChangePotential 28% (340/1199) regret=0.065877 ape=0.5972
[17:42:35] regretChangePotential 28% (341/1199) regret=0.065349 ape=0.5963
[17:42:35] regretChangePotential 28% (342/1199) regret=0.065214 ape=0.5963
[17:42:35] regretChangePotential 28% (343/1199) regret=0.065195 ape=0.5972
[17:42:35] regretChangePotential 28% (344/1199) regret=0.065233 ape=0.5982
[17:42:35] regretChangePotential 28% (345/1199) regret=0.065233 ape=0.5982
[17:42:36] regretChangePotential 28% (346/1199) regret=0.065203 ape=0.5982
[17:42:36] regretChangePotential 28% (347/1199) regret=0.065124 ape=0.5982
[17:42:36] regretChangePotential 29% (348/1199) regret=0.064866 ape=0.5972
[17:42:36] regretChangePotential 29% (349/1199) regret=0.065101 ape=0.5982
[17:42:36] regretChangePotential 29% (350/1199) regret=0.065110 ape=0.5991
[17:42:36] regretChangePotential 29% (351/1199) regret=0.064917 ape=0.5982
[17:42:36] regretChangePotential 29% (352/1199) regret=0.064751 ape=0.5982
[17:42:37] regretChangePotential 29% (353/1199) regret=0.064631 ape=0.5982
[17:42:37] regretChangePotential 29% (354/1199) regret=0.064677 ape=0.5982
[17:42:37] regretChangePotential 29% (355/1199) regret=0.064603 ape=0.5982
[17:42:37] regretChangePotential 29% (356/1199) regret=0.064603 ape=0.5982
[17:42:37] regretChangePotential 29% (357/1199) regret=0.064622 ape=0.5982
[17:42:37] regretChangePotential 29% (358/1199) regret=0.064644 ape=0.5982
[17:42:37] regretChangePotential 29% (359/1199) regret=0.064622 ape=0.5982
[17:42:38] regretChangePotential 30% (360/1199) regret=0.064617 ape=0.5982
[17:42:38] regretChangePotential 30% (361/1199) regret=0.064672 ape=0.5991
[17:42:38] regretChangePotential 30% (362/1199) regret=0.064886 ape=0.5991
[17:42:38] regretChangePotential 30% (363/1199) regret=0.064600 ape=0.5991
[17:42:38] regretChangePotential 30% (364/1199) regret=0.064600 ape=0.5991
[17:42:38] regretChangePotential 30% (365/1199) regret=0.064600 ape=0.5991
[17:42:38] regretChangePotential 30% (366/1199) regret=0.064600 ape=0.5991
[17:42:39] regretChangePotential 30% (367/1199) regret=0.064480 ape=0.6000
[17:42:39] regretChangePotential 30% (368/1199) regret=0.064181 ape=0.5991
[17:42:39] regretChangePotential 30% (369/1199) regret=0.064350 ape=0.5982
[17:42:39] regretChangePotential 30% (370/1199) regret=0.064350 ape=0.5982
[17:42:39] regretChangePotential 30% (371/1199) regret=0.064382 ape=0.5982
[17:42:39] regretChangePotential 31% (372/1199) regret=0.064494 ape=0.5982
[17:42:39] regretChangePotential 31% (373/1199) regret=0.064172 ape=0.5963
[17:42:40] regretChangePotential 31% (374/1199) regret=0.064172 ape=0.5963
[17:42:40] regretChangePotential 31% (375/1199) regret=0.064172 ape=0.5963
[17:42:40] regretChangePotential 31% (376/1199) regret=0.063268 ape=0.5945
[17:42:40] regretChangePotential 31% (377/1199) regret=0.063268 ape=0.5945
[17:42:40] regretChangePotential 31% (378/1199) regret=0.063268 ape=0.5945
[17:42:40] regretChangePotential 31% (379/1199) regret=0.063268 ape=0.5945
[17:42:40] regretChangePotential 31% (380/1199) regret=0.063268 ape=0.5945
[17:42:41] regretChangePotential 31% (381/1199) regret=0.063268 ape=0.5945
[17:42:41] regretChangePotential 31% (382/1199) regret=0.063628 ape=0.5945
[17:42:41] regretChangePotential 31% (383/1199) regret=0.063628 ape=0.5945
[17:42:41] regretChangePotential 32% (384/1199) regret=0.063562 ape=0.5935
[17:42:41] regretChangePotential 32% (385/1199) regret=0.063562 ape=0.5935
[17:42:41] regretChangePotential 32% (386/1199) regret=0.063253 ape=0.5926
[17:42:41] regretChangePotential 32% (387/1199) regret=0.063545 ape=0.5926
[17:42:42] regretChangePotential 32% (388/1199) regret=0.063135 ape=0.5926
[17:42:42] regretChangePotential 32% (389/1199) regret=0.063172 ape=0.5926
[17:42:42] regretChangePotential 32% (390/1199) regret=0.063135 ape=0.5926
[17:42:42] regretChangePotential 32% (391/1199) regret=0.063163 ape=0.5926
[17:42:42] regretChangePotential 32% (392/1199) regret=0.063328 ape=0.5935
[17:42:42] regretChangePotential 32% (393/1199) regret=0.063268 ape=0.5935
[17:42:42] regretChangePotential 32% (394/1199) regret=0.063268 ape=0.5935
[17:42:43] regretChangePotential 32% (395/1199) regret=0.063230 ape=0.5926
[17:42:43] regretChangePotential 33% (396/1199) regret=0.063230 ape=0.5926
[17:42:43] regretChangePotential 33% (397/1199) regret=0.063230 ape=0.5926
[17:42:43] regretChangePotential 33% (398/1199) regret=0.063223 ape=0.5917
[17:42:43] regretChangePotential 33% (399/1199) regret=0.063627 ape=0.5917
[17:42:43] regretChangePotential 33% (400/1199) regret=0.063318 ape=0.5917
[17:42:43] regretChangePotential 33% (401/1199) regret=0.063272 ape=0.5917
[17:42:44] regretChangePotential 33% (402/1199) regret=0.063272 ape=0.5917
[17:42:44] regretChangePotential 33% (403/1199) regret=0.063272 ape=0.5917
[17:42:44] regretChangePotential 33% (404/1199) regret=0.063272 ape=0.5917
[17:42:44] regretChangePotential 33% (405/1199) regret=0.063272 ape=0.5917
[17:42:44] regretChangePotential 33% (406/1199) regret=0.063005 ape=0.5917
[17:42:44] regretChangePotential 33% (407/1199) regret=0.063272 ape=0.5917
[17:42:44] regretChangePotential 34% (408/1199) regret=0.063235 ape=0.5917
[17:42:45] regretChangePotential 34% (409/1199) regret=0.063258 ape=0.5917
[17:42:45] regretChangePotential 34% (410/1199) regret=0.063230 ape=0.5917
[17:42:45] regretChangePotential 34% (411/1199) regret=0.063230 ape=0.5917
[17:42:45] regretChangePotential 34% (412/1199) regret=0.063086 ape=0.5908
[17:42:45] regretChangePotential 34% (413/1199) regret=0.063069 ape=0.5908
[17:42:45] regretChangePotential 34% (414/1199) regret=0.062871 ape=0.5889
[17:42:45] regretChangePotential 34% (415/1199) regret=0.062871 ape=0.5889
[17:42:46] regretChangePotential 34% (416/1199) regret=0.062535 ape=0.5880
[17:42:46] regretChangePotential 34% (417/1199) regret=0.062535 ape=0.5880
[17:42:46] regretChangePotential 34% (418/1199) regret=0.062525 ape=0.5871
[17:42:46] regretChangePotential 34% (419/1199) regret=0.062525 ape=0.5871
[17:42:46] regretChangePotential 35% (420/1199) regret=0.062562 ape=0.5871
[17:42:46] regretChangePotential 35% (421/1199) regret=0.062525 ape=0.5871
[17:42:46] regretChangePotential 35% (422/1199) regret=0.062525 ape=0.5871
[17:42:47] regretChangePotential 35% (423/1199) regret=0.062668 ape=0.5871
[17:42:47] regretChangePotential 35% (424/1199) regret=0.062512 ape=0.5862
[17:42:47] regretChangePotential 35% (425/1199) regret=0.062512 ape=0.5862
[17:42:47] regretChangePotential 35% (426/1199) regret=0.062404 ape=0.5853
[17:42:47] regretChangePotential 35% (427/1199) regret=0.062170 ape=0.5843
[17:42:47] regretChangePotential 35% (428/1199) regret=0.061764 ape=0.5843
[17:42:47] regretChangePotential 35% (429/1199) regret=0.061433 ape=0.5843
[17:42:48] regretChangePotential 35% (430/1199) regret=0.060926 ape=0.5843
[17:42:48] regretChangePotential 35% (431/1199) regret=0.060446 ape=0.5843
[17:42:48] regretChangePotential 36% (432/1199) regret=0.060446 ape=0.5843
[17:42:48] regretChangePotential 36% (433/1199) regret=0.060446 ape=0.5843
[17:42:48] regretChangePotential 36% (434/1199) regret=0.060474 ape=0.5834
[17:42:48] regretChangePotential 36% (435/1199) regret=0.060009 ape=0.5825
[17:42:48] regretChangePotential 36% (436/1199) regret=0.059981 ape=0.5816
[17:42:49] regretChangePotential 36% (437/1199) regret=0.060231 ape=0.5825
[17:42:49] regretChangePotential 36% (438/1199) regret=0.060188 ape=0.5816
[17:42:49] regretChangePotential 36% (439/1199) regret=0.060188 ape=0.5816
[17:42:49] regretChangePotential 36% (440/1199) regret=0.060009 ape=0.5806
[17:42:49] regretChangePotential 36% (441/1199) regret=0.060115 ape=0.5806
[17:42:49] regretChangePotential 36% (442/1199) regret=0.060080 ape=0.5806
[17:42:49] regretChangePotential 36% (443/1199) regret=0.059994 ape=0.5816
[17:42:49] regretChangePotential 37% (444/1199) regret=0.060177 ape=0.5816
[17:42:50] regretChangePotential 37% (445/1199) regret=0.058906 ape=0.5788
[17:42:50] regretChangePotential 37% (446/1199) regret=0.058933 ape=0.5788
[17:42:50] regretChangePotential 37% (447/1199) regret=0.059089 ape=0.5788
[17:42:50] regretChangePotential 37% (448/1199) regret=0.059078 ape=0.5788
[17:42:50] regretChangePotential 37% (449/1199) regret=0.059316 ape=0.5788
[17:42:50] regretChangePotential 37% (450/1199) regret=0.058873 ape=0.5779
[17:42:50] regretChangePotential 37% (451/1199) regret=0.058873 ape=0.5779
[17:42:51] regretChangePotential 37% (452/1199) regret=0.058975 ape=0.5788
[17:42:51] regretChangePotential 37% (453/1199) regret=0.058629 ape=0.5788
[17:42:51] regretChangePotential 37% (454/1199) regret=0.058512 ape=0.5788
[17:42:51] regretChangePotential 37% (455/1199) regret=0.058486 ape=0.5788
[17:42:51] regretChangePotential 38% (456/1199) regret=0.058486 ape=0.5788
[17:42:52] regretChangePotential 38% (457/1199) regret=0.058483 ape=0.5788
[17:42:52] regretChangePotential 38% (458/1199) regret=0.058290 ape=0.5779
[17:42:52] regretChangePotential 38% (459/1199) regret=0.058184 ape=0.5779
[17:42:52] regretChangePotential 38% (460/1199) regret=0.057797 ape=0.5770
[17:42:53] regretChangePotential 38% (461/1199) regret=0.057377 ape=0.5770
[17:42:53] regretChangePotential 38% (462/1199) regret=0.057373 ape=0.5770
[17:42:53] regretChangePotential 38% (463/1199) regret=0.057373 ape=0.5770
[17:42:53] regretChangePotential 38% (464/1199) regret=0.057373 ape=0.5770
[17:42:54] regretChangePotential 38% (465/1199) regret=0.057373 ape=0.5770
[17:42:54] regretChangePotential 38% (466/1199) regret=0.057373 ape=0.5770
[17:42:54] regretChangePotential 38% (467/1199) regret=0.057373 ape=0.5770
[17:42:55] regretChangePotential 39% (468/1199) regret=0.057345 ape=0.5770
[17:42:55] regretChangePotential 39% (469/1199) regret=0.057345 ape=0.5770
[17:42:55] regretChangePotential 39% (470/1199) regret=0.057278 ape=0.5779
[17:42:55] regretChangePotential 39% (471/1199) regret=0.057278 ape=0.5779
[17:42:56] regretChangePotential 39% (472/1199) regret=0.057278 ape=0.5779
[17:42:56] regretChangePotential 39% (473/1199) regret=0.057278 ape=0.5779
[17:42:56] regretChangePotential 39% (474/1199) regret=0.057278 ape=0.5779
[17:42:56] regretChangePotential 39% (475/1199) regret=0.057059 ape=0.5770
[17:42:57] regretChangePotential 39% (476/1199) regret=0.057059 ape=0.5770
[17:42:57] regretChangePotential 39% (477/1199) regret=0.057059 ape=0.5770
[17:42:57] regretChangePotential 39% (478/1199) regret=0.057059 ape=0.5770
[17:42:57] regretChangePotential 39% (479/1199) regret=0.057059 ape=0.5770
[17:42:58] regretChangePotential 40% (480/1199) regret=0.057059 ape=0.5770
[17:42:58] regretChangePotential 40% (481/1199) regret=0.057059 ape=0.5770
[17:42:58] regretChangePotential 40% (482/1199) regret=0.057059 ape=0.5770
[17:42:58] regretChangePotential 40% (483/1199) regret=0.057059 ape=0.5770
[17:42:59] regretChangePotential 40% (484/1199) regret=0.056732 ape=0.5760
[17:42:59] regretChangePotential 40% (485/1199) regret=0.056732 ape=0.5760
[17:42:59] regretChangePotential 40% (486/1199) regret=0.056711 ape=0.5751
[17:42:59] regretChangePotential 40% (487/1199) regret=0.056711 ape=0.5751
[17:42:59] regretChangePotential 40% (488/1199) regret=0.056693 ape=0.5751
[17:43:00] regretChangePotential 40% (489/1199) regret=0.056686 ape=0.5742
[17:43:00] regretChangePotential 40% (490/1199) regret=0.056686 ape=0.5742
[17:43:00] regretChangePotential 40% (491/1199) regret=0.056686 ape=0.5742
[17:43:01] regretChangePotential 41% (492/1199) regret=0.056686 ape=0.5742
[17:43:01] regretChangePotential 41% (493/1199) regret=0.056686 ape=0.5742
[17:43:01] regretChangePotential 41% (494/1199) regret=0.056686 ape=0.5742
[17:43:01] regretChangePotential 41% (495/1199) regret=0.056686 ape=0.5742
[17:43:02] regretChangePotential 41% (496/1199) regret=0.056686 ape=0.5742
[17:43:02] regretChangePotential 41% (497/1199) regret=0.056686 ape=0.5742
[17:43:02] regretChangePotential 41% (498/1199) regret=0.056686 ape=0.5742
[17:43:02] regretChangePotential 41% (499/1199) regret=0.056686 ape=0.5742
[17:43:03] regretChangePotential 41% (500/1199) regret=0.056686 ape=0.5742
[17:43:03] regretChangePotential 41% (501/1199) regret=0.056686 ape=0.5742
[17:43:03] regretChangePotential 41% (502/1199) regret=0.056686 ape=0.5742
[17:43:03] regretChangePotential 41% (503/1199) regret=0.056686 ape=0.5742
[17:43:04] regretChangePotential 42% (504/1199) regret=0.056686 ape=0.5742
[17:43:04] regretChangePotential 42% (505/1199) regret=0.056686 ape=0.5742
[17:43:04] regretChangePotential 42% (506/1199) regret=0.056686 ape=0.5742
[17:43:04] regretChangePotential 42% (507/1199) regret=0.056686 ape=0.5742
[17:43:05] regretChangePotential 42% (508/1199) regret=0.056686 ape=0.5742
[17:43:05] regretChangePotential 42% (509/1199) regret=0.056686 ape=0.5742
[17:43:05] regretChangePotential 42% (510/1199) regret=0.056438 ape=0.5733
[17:43:05] regretChangePotential 42% (511/1199) regret=0.056438 ape=0.5733
[17:43:05] regretChangePotential 42% (512/1199) regret=0.056376 ape=0.5724
[17:43:06] regretChangePotential 42% (513/1199) regret=0.056376 ape=0.5724
[17:43:06] regretChangePotential 42% (514/1199) regret=0.056376 ape=0.5724
[17:43:06] regretChangePotential 42% (515/1199) regret=0.056376 ape=0.5724
[17:43:07] regretChangePotential 43% (516/1199) regret=0.056376 ape=0.5724
[17:43:07] regretChangePotential 43% (517/1199) regret=0.056376 ape=0.5724
[17:43:07] regretChangePotential 43% (518/1199) regret=0.056376 ape=0.5724
[17:43:07] regretChangePotential 43% (519/1199) regret=0.056376 ape=0.5724
[17:43:08] regretChangePotential 43% (520/1199) regret=0.056376 ape=0.5724
[17:43:08] regretChangePotential 43% (521/1199) regret=0.056347 ape=0.5724
[17:43:08] regretChangePotential 43% (522/1199) regret=0.056347 ape=0.5724
[17:43:08] regretChangePotential 43% (523/1199) regret=0.056347 ape=0.5724
[17:43:09] regretChangePotential 43% (524/1199) regret=0.056347 ape=0.5724
[17:43:09] regretChangePotential 43% (525/1199) regret=0.056347 ape=0.5724
[17:43:09] regretChangePotential 43% (526/1199) regret=0.056347 ape=0.5724
[17:43:09] regretChangePotential 43% (527/1199) regret=0.056347 ape=0.5724
[17:43:10] regretChangePotential 44% (528/1199) regret=0.056347 ape=0.5724
[17:43:10] regretChangePotential 44% (529/1199) regret=0.055941 ape=0.5714
[17:43:10] regretChangePotential 44% (530/1199) regret=0.055418 ape=0.5705
[17:43:10] regretChangePotential 44% (531/1199) regret=0.055418 ape=0.5705
[17:43:11] regretChangePotential 44% (532/1199) regret=0.055418 ape=0.5705
[17:43:11] regretChangePotential 44% (533/1199) regret=0.055418 ape=0.5705
[17:43:11] regretChangePotential 44% (534/1199) regret=0.055418 ape=0.5705
[17:43:11] regretChangePotential 44% (535/1199) regret=0.055418 ape=0.5705
[17:43:12] regretChangePotential 44% (536/1199) regret=0.055418 ape=0.5705
[17:43:12] regretChangePotential 44% (537/1199) regret=0.055418 ape=0.5705
[17:43:12] regretChangePotential 44% (538/1199) regret=0.055537 ape=0.5705
[17:43:12] regretChangePotential 44% (539/1199) regret=0.055418 ape=0.5705
[17:43:13] regretChangePotential 45% (540/1199) regret=0.055418 ape=0.5705
[17:43:13] regretChangePotential 45% (541/1199) regret=0.055777 ape=0.5705
[17:43:13] regretChangePotential 45% (542/1199) regret=0.055316 ape=0.5705
[17:43:13] regretChangePotential 45% (543/1199) regret=0.055316 ape=0.5705
[17:43:13] regretChangePotential 45% (544/1199) regret=0.055213 ape=0.5696
[17:43:13] regretChangePotential 45% (545/1199) regret=0.055176 ape=0.5687
[17:43:13] regretChangePotential 45% (546/1199) regret=0.055176 ape=0.5687
[17:43:14] regretChangePotential 45% (547/1199) regret=0.055176 ape=0.5687
[17:43:14] regretChangePotential 45% (548/1199) regret=0.055176 ape=0.5687
[17:43:14] regretChangePotential 45% (549/1199) regret=0.055176 ape=0.5687
[17:43:14] regretChangePotential 45% (550/1199) regret=0.055176 ape=0.5687
[17:43:14] regretChangePotential 45% (551/1199) regret=0.055268 ape=0.5687
[17:43:14] regretChangePotential 46% (552/1199) regret=0.055005 ape=0.5677
[17:43:14] regretChangePotential 46% (553/1199) regret=0.055005 ape=0.5677
[17:43:15] regretChangePotential 46% (554/1199) regret=0.054701 ape=0.5668
[17:43:15] regretChangePotential 46% (555/1199) regret=0.054438 ape=0.5677
[17:43:15] regretChangePotential 46% (556/1199) regret=0.054438 ape=0.5677
[17:43:15] regretChangePotential 46% (557/1199) regret=0.054328 ape=0.5677
[17:43:15] regretChangePotential 46% (558/1199) regret=0.053913 ape=0.5668
[17:43:15] regretChangePotential 46% (559/1199) regret=0.053812 ape=0.5668
[17:43:15] regretChangePotential 46% (560/1199) regret=0.053895 ape=0.5668
[17:43:16] regretChangePotential 46% (561/1199) regret=0.053767 ape=0.5668
[17:43:16] regretChangePotential 46% (562/1199) regret=0.053767 ape=0.5668
[17:43:16] regretChangePotential 46% (563/1199) regret=0.053640 ape=0.5668
[17:43:16] regretChangePotential 47% (564/1199) regret=0.053604 ape=0.5668
[17:43:16] regretChangePotential 47% (565/1199) regret=0.053604 ape=0.5668
[17:43:16] regretChangePotential 47% (566/1199) regret=0.053601 ape=0.5668
[17:43:17] regretChangePotential 47% (567/1199) regret=0.053537 ape=0.5668
[17:43:17] regretChangePotential 47% (568/1199) regret=0.053822 ape=0.5659
[17:43:17] regretChangePotential 47% (569/1199) regret=0.053362 ape=0.5659
[17:43:17] regretChangePotential 47% (570/1199) regret=0.053435 ape=0.5659
[17:43:17] regretChangePotential 47% (571/1199) regret=0.053211 ape=0.5659
[17:43:17] regretChangePotential 47% (572/1199) regret=0.053014 ape=0.5641
[17:43:18] regretChangePotential 47% (573/1199) regret=0.053107 ape=0.5641
[17:43:18] regretChangePotential 47% (574/1199) regret=0.053190 ape=0.5641
[17:43:18] regretChangePotential 47% (575/1199) regret=0.053143 ape=0.5641
[17:43:18] regretChangePotential 48% (576/1199) regret=0.053297 ape=0.5641
[17:43:18] regretChangePotential 48% (577/1199) regret=0.053162 ape=0.5641
[17:43:19] regretChangePotential 48% (578/1199) regret=0.052747 ape=0.5622
[17:43:19] regretChangePotential 48% (579/1199) regret=0.052858 ape=0.5622
[17:43:19] regretChangePotential 48% (580/1199) regret=0.052397 ape=0.5613
[17:43:19] regretChangePotential 48% (581/1199) regret=0.052397 ape=0.5613
[17:43:20] regretChangePotential 48% (582/1199) regret=0.051735 ape=0.5613
[17:43:20] regretChangePotential 48% (583/1199) regret=0.052039 ape=0.5613
[17:43:20] regretChangePotential 48% (584/1199) regret=0.052057 ape=0.5613
[17:43:21] regretChangePotential 48% (585/1199) regret=0.051726 ape=0.5613
[17:43:21] regretChangePotential 48% (586/1199) regret=0.051726 ape=0.5613
[17:43:21] regretChangePotential 48% (587/1199) regret=0.051726 ape=0.5613
[17:43:21] regretChangePotential 49% (588/1199) regret=0.051726 ape=0.5613
[17:43:22] regretChangePotential 49% (589/1199) regret=0.051726 ape=0.5613
[17:43:22] regretChangePotential 49% (590/1199) regret=0.051744 ape=0.5613
[17:43:22] regretChangePotential 49% (591/1199) regret=0.051578 ape=0.5613
[17:43:22] regretChangePotential 49% (592/1199) regret=0.051569 ape=0.5613
[17:43:23] regretChangePotential 49% (593/1199) regret=0.051431 ape=0.5613
[17:43:23] regretChangePotential 49% (594/1199) regret=0.050990 ape=0.5613
[17:43:23] regretChangePotential 49% (595/1199) regret=0.051165 ape=0.5613
[17:43:23] regretChangePotential 49% (596/1199) regret=0.050621 ape=0.5604
[17:43:24] regretChangePotential 49% (597/1199) regret=0.050621 ape=0.5604
[17:43:24] regretChangePotential 49% (598/1199) regret=0.050621 ape=0.5604
[17:43:24] regretChangePotential 49% (599/1199) regret=0.050621 ape=0.5604
[17:43:24] regretChangePotential 50% (600/1199) regret=0.050621 ape=0.5604
[17:43:25] regretChangePotential 50% (601/1199) regret=0.050621 ape=0.5604
[17:43:25] regretChangePotential 50% (602/1199) regret=0.050621 ape=0.5604
[17:43:25] regretChangePotential 50% (603/1199) regret=0.050621 ape=0.5604
[17:43:25] regretChangePotential 50% (604/1199) regret=0.050621 ape=0.5604
[17:43:26] regretChangePotential 50% (605/1199) regret=0.050621 ape=0.5604
[17:43:26] regretChangePotential 50% (606/1199) regret=0.050621 ape=0.5604
[17:43:26] regretChangePotential 50% (607/1199) regret=0.050621 ape=0.5604
[17:43:26] regretChangePotential 50% (608/1199) regret=0.050621 ape=0.5604
[17:43:27] regretChangePotential 50% (609/1199) regret=0.050621 ape=0.5604
[17:43:27] regretChangePotential 50% (610/1199) regret=0.050621 ape=0.5604
[17:43:27] regretChangePotential 50% (611/1199) regret=0.050621 ape=0.5604
[17:43:27] regretChangePotential 51% (612/1199) regret=0.050621 ape=0.5604
[17:43:28] regretChangePotential 51% (613/1199) regret=0.050621 ape=0.5604
[17:43:28] regretChangePotential 51% (614/1199) regret=0.050621 ape=0.5604
[17:43:28] regretChangePotential 51% (615/1199) regret=0.050621 ape=0.5604
[17:43:28] regretChangePotential 51% (616/1199) regret=0.050612 ape=0.5604
[17:43:29] regretChangePotential 51% (617/1199) regret=0.050612 ape=0.5604
[17:43:29] regretChangePotential 51% (618/1199) regret=0.050612 ape=0.5604
[17:43:29] regretChangePotential 51% (619/1199) regret=0.050612 ape=0.5604
[17:43:29] regretChangePotential 51% (620/1199) regret=0.050612 ape=0.5604
[17:43:30] regretChangePotential 51% (621/1199) regret=0.050612 ape=0.5604
[17:43:30] regretChangePotential 51% (622/1199) regret=0.050612 ape=0.5604
[17:43:30] regretChangePotential 51% (623/1199) regret=0.050612 ape=0.5604
[17:43:31] regretChangePotential 52% (624/1199) regret=0.050612 ape=0.5604
[17:43:31] regretChangePotential 52% (625/1199) regret=0.050612 ape=0.5604
[17:43:31] regretChangePotential 52% (626/1199) regret=0.050612 ape=0.5604
[17:43:31] regretChangePotential 52% (627/1199) regret=0.051001 ape=0.5604
[17:43:32] regretChangePotential 52% (628/1199) regret=0.050408 ape=0.5585
[17:43:32] regretChangePotential 52% (629/1199) regret=0.050206 ape=0.5585
[17:43:32] regretChangePotential 52% (630/1199) regret=0.050174 ape=0.5585
[17:43:32] regretChangePotential 52% (631/1199) regret=0.049796 ape=0.5576
[17:43:32] regretChangePotential 52% (632/1199) regret=0.049989 ape=0.5594
[17:43:33] regretChangePotential 52% (633/1199) regret=0.049906 ape=0.5585
[17:43:33] regretChangePotential 52% (634/1199) regret=0.049913 ape=0.5585
[17:43:33] regretChangePotential 52% (635/1199) regret=0.049781 ape=0.5567
[17:43:34] regretChangePotential 53% (636/1199) regret=0.049765 ape=0.5567
[17:43:34] regretChangePotential 53% (637/1199) regret=0.049781 ape=0.5567
[17:43:34] regretChangePotential 53% (638/1199) regret=0.049781 ape=0.5567
[17:43:34] regretChangePotential 53% (639/1199) regret=0.049781 ape=0.5567
[17:43:35] regretChangePotential 53% (640/1199) regret=0.049610 ape=0.5558
[17:43:35] regretChangePotential 53% (641/1199) regret=0.049338 ape=0.5548
[17:43:35] regretChangePotential 53% (642/1199) regret=0.049297 ape=0.5548
[17:43:35] regretChangePotential 53% (643/1199) regret=0.049288 ape=0.5548
[17:43:36] regretChangePotential 53% (644/1199) regret=0.049288 ape=0.5548
[17:43:36] regretChangePotential 53% (645/1199) regret=0.049288 ape=0.5548
[17:43:36] regretChangePotential 53% (646/1199) regret=0.049288 ape=0.5548
[17:43:37] regretChangePotential 53% (647/1199) regret=0.049288 ape=0.5548
[17:43:37] regretChangePotential 54% (648/1199) regret=0.049581 ape=0.5548
[17:43:37] regretChangePotential 54% (649/1199) regret=0.049591 ape=0.5558
[17:43:37] regretChangePotential 54% (650/1199) regret=0.049688 ape=0.5558
[17:43:38] regretChangePotential 54% (651/1199) regret=0.049688 ape=0.5558
[17:43:38] regretChangePotential 54% (652/1199) regret=0.049688 ape=0.5558
[17:43:38] regretChangePotential 54% (653/1199) regret=0.049688 ape=0.5558
[17:43:38] regretChangePotential 54% (654/1199) regret=0.049688 ape=0.5558
[17:43:39] regretChangePotential 54% (655/1199) regret=0.049688 ape=0.5558
[17:43:39] regretChangePotential 54% (656/1199) regret=0.049682 ape=0.5558
[17:43:39] regretChangePotential 54% (657/1199) regret=0.049668 ape=0.5558
[17:43:40] regretChangePotential 54% (658/1199) regret=0.049668 ape=0.5558
[17:43:40] regretChangePotential 54% (659/1199) regret=0.049668 ape=0.5558
[17:43:40] regretChangePotential 55% (660/1199) regret=0.049668 ape=0.5558
[17:43:40] regretChangePotential 55% (661/1199) regret=0.049668 ape=0.5558
[17:43:40] regretChangePotential 55% (662/1199) regret=0.049668 ape=0.5558
[17:43:41] regretChangePotential 55% (663/1199) regret=0.049668 ape=0.5558
[17:43:41] regretChangePotential 55% (664/1199) regret=0.049715 ape=0.5567
[17:43:41] regretChangePotential 55% (665/1199) regret=0.049808 ape=0.5567
[17:43:41] regretChangePotential 55% (666/1199) regret=0.049808 ape=0.5567
[17:43:41] regretChangePotential 55% (667/1199) regret=0.049525 ape=0.5558
[17:43:42] regretChangePotential 55% (668/1199) regret=0.049525 ape=0.5558
[17:43:42] regretChangePotential 55% (669/1199) regret=0.049525 ape=0.5558
[17:43:42] regretChangePotential 55% (670/1199) regret=0.049525 ape=0.5558
[17:43:42] regretChangePotential 55% (671/1199) regret=0.049525 ape=0.5558
[17:43:42] regretChangePotential 56% (672/1199) regret=0.049525 ape=0.5558
[17:43:43] regretChangePotential 56% (673/1199) regret=0.049525 ape=0.5558
[17:43:43] regretChangePotential 56% (674/1199) regret=0.049525 ape=0.5558
[17:43:43] regretChangePotential 56% (675/1199) regret=0.049525 ape=0.5558
[17:43:44] regretChangePotential 56% (676/1199) regret=0.049525 ape=0.5558
[17:43:44] regretChangePotential 56% (677/1199) regret=0.049525 ape=0.5558
[17:43:44] regretChangePotential 56% (678/1199) regret=0.049525 ape=0.5558
[17:43:44] regretChangePotential 56% (679/1199) regret=0.049525 ape=0.5558
[17:43:45] regretChangePotential 56% (680/1199) regret=0.049525 ape=0.5558
[17:43:45] regretChangePotential 56% (681/1199) regret=0.049525 ape=0.5558
[17:43:45] regretChangePotential 56% (682/1199) regret=0.049525 ape=0.5558
[17:43:46] regretChangePotential 56% (683/1199) regret=0.049599 ape=0.5558
[17:43:46] regretChangePotential 57% (684/1199) regret=0.049516 ape=0.5558
[17:43:46] regretChangePotential 57% (685/1199) regret=0.049516 ape=0.5558
[17:43:46] regretChangePotential 57% (686/1199) regret=0.049516 ape=0.5558
[17:43:47] regretChangePotential 57% (687/1199) regret=0.049516 ape=0.5558
[17:43:47] regretChangePotential 57% (688/1199) regret=0.049516 ape=0.5558
[17:43:47] regretChangePotential 57% (689/1199) regret=0.049516 ape=0.5558
[17:43:47] regretChangePotential 57% (690/1199) regret=0.049516 ape=0.5558
[17:43:48] regretChangePotential 57% (691/1199) regret=0.049516 ape=0.5558
[17:43:48] regretChangePotential 57% (692/1199) regret=0.049415 ape=0.5558
[17:43:48] regretChangePotential 57% (693/1199) regret=0.049516 ape=0.5558
[17:43:48] regretChangePotential 57% (694/1199) regret=0.049516 ape=0.5558
[17:43:48] regretChangePotential 57% (695/1199) regret=0.049516 ape=0.5558
[17:43:49] regretChangePotential 58% (696/1199) regret=0.049516 ape=0.5558
[17:43:49] regretChangePotential 58% (697/1199) regret=0.049516 ape=0.5558
[17:43:49] regretChangePotential 58% (698/1199) regret=0.049516 ape=0.5558
[17:43:50] regretChangePotential 58% (699/1199) regret=0.049516 ape=0.5558
[17:43:50] regretChangePotential 58% (700/1199) regret=0.049516 ape=0.5558
[17:43:50] regretChangePotential 58% (701/1199) regret=0.049406 ape=0.5558
[17:43:50] regretChangePotential 58% (702/1199) regret=0.049406 ape=0.5558
[17:43:51] regretChangePotential 58% (703/1199) regret=0.049161 ape=0.5558
[17:43:51] regretChangePotential 58% (704/1199) regret=0.049161 ape=0.5558
[17:43:51] regretChangePotential 58% (705/1199) regret=0.049161 ape=0.5558
[17:43:51] regretChangePotential 58% (706/1199) regret=0.049078 ape=0.5558
[17:43:52] regretChangePotential 58% (707/1199) regret=0.049078 ape=0.5558
[17:43:52] regretChangePotential 59% (708/1199) regret=0.049078 ape=0.5558
[17:43:52] regretChangePotential 59% (709/1199) regret=0.048949 ape=0.5548
[17:43:52] regretChangePotential 59% (710/1199) regret=0.049046 ape=0.5548
[17:43:53] regretChangePotential 59% (711/1199) regret=0.049046 ape=0.5548
[17:43:53] regretChangePotential 59% (712/1199) regret=0.049032 ape=0.5548
[17:43:53] regretChangePotential 59% (713/1199) regret=0.049032 ape=0.5548
[17:43:53] regretChangePotential 59% (714/1199) regret=0.049032 ape=0.5548
[17:43:54] regretChangePotential 59% (715/1199) regret=0.049032 ape=0.5548
[17:43:54] regretChangePotential 59% (716/1199) regret=0.048968 ape=0.5548
[17:43:54] regretChangePotential 59% (717/1199) regret=0.048968 ape=0.5548
[17:43:54] regretChangePotential 59% (718/1199) regret=0.048968 ape=0.5548
[17:43:55] regretChangePotential 59% (719/1199) regret=0.048912 ape=0.5558
[17:43:55] regretChangePotential 60% (720/1199) regret=0.048585 ape=0.5558
[17:43:55] regretChangePotential 60% (721/1199) regret=0.048325 ape=0.5548
[17:43:56] regretChangePotential 60% (722/1199) regret=0.048555 ape=0.5558
[17:43:56] regretChangePotential 60% (723/1199) regret=0.048555 ape=0.5558
[17:43:56] regretChangePotential 60% (724/1199) regret=0.048592 ape=0.5558
[17:43:56] regretChangePotential 60% (725/1199) regret=0.048592 ape=0.5558
[17:43:56] regretChangePotential 60% (726/1199) regret=0.048592 ape=0.5558
[17:43:57] regretChangePotential 60% (727/1199) regret=0.048694 ape=0.5567
[17:43:57] regretChangePotential 60% (728/1199) regret=0.048694 ape=0.5567
[17:43:57] regretChangePotential 60% (729/1199) regret=0.048694 ape=0.5567
[17:43:58] regretChangePotential 60% (730/1199) regret=0.048694 ape=0.5567
[17:43:58] regretChangePotential 60% (731/1199) regret=0.048694 ape=0.5567
[17:43:58] regretChangePotential 61% (732/1199) regret=0.048694 ape=0.5567
[17:43:58] regretChangePotential 61% (733/1199) regret=0.048694 ape=0.5567
[17:43:59] regretChangePotential 61% (734/1199) regret=0.048274 ape=0.5558
[17:43:59] regretChangePotential 61% (735/1199) regret=0.047491 ape=0.5548
[17:43:59] regretChangePotential 61% (736/1199) regret=0.047491 ape=0.5548
[17:44:00] regretChangePotential 61% (737/1199) regret=0.047491 ape=0.5548
[17:44:00] regretChangePotential 61% (738/1199) regret=0.047491 ape=0.5548
[17:44:00] regretChangePotential 61% (739/1199) regret=0.047491 ape=0.5548
[17:44:01] regretChangePotential 61% (740/1199) regret=0.047574 ape=0.5558
[17:44:01] regretChangePotential 61% (741/1199) regret=0.047177 ape=0.5548
[17:44:01] regretChangePotential 61% (742/1199) regret=0.046892 ape=0.5548
[17:44:01] regretChangePotential 61% (743/1199) regret=0.046892 ape=0.5548
[17:44:02] regretChangePotential 62% (744/1199) regret=0.046919 ape=0.5548
[17:44:02] regretChangePotential 62% (745/1199) regret=0.046919 ape=0.5548
[17:44:02] regretChangePotential 62% (746/1199) regret=0.046919 ape=0.5548
[17:44:02] regretChangePotential 62% (747/1199) regret=0.046781 ape=0.5539
[17:44:02] regretChangePotential 62% (748/1199) regret=0.046781 ape=0.5539
[17:44:03] regretChangePotential 62% (749/1199) regret=0.046684 ape=0.5530
[17:44:03] regretChangePotential 62% (750/1199) regret=0.046758 ape=0.5539
[17:44:03] regretChangePotential 62% (751/1199) regret=0.046758 ape=0.5539
[17:44:03] regretChangePotential 62% (752/1199) regret=0.046758 ape=0.5539
[17:44:03] regretChangePotential 62% (753/1199) regret=0.046758 ape=0.5539
[17:44:04] regretChangePotential 62% (754/1199) regret=0.046758 ape=0.5539
[17:44:04] regretChangePotential 62% (755/1199) regret=0.046956 ape=0.5539
[17:44:04] regretChangePotential 63% (756/1199) regret=0.046988 ape=0.5539
[17:44:04] regretChangePotential 63% (757/1199) regret=0.046933 ape=0.5539
[17:44:05] regretChangePotential 63% (758/1199) regret=0.046518 ape=0.5530
[17:44:05] regretChangePotential 63% (759/1199) regret=0.046399 ape=0.5521
[17:44:05] regretChangePotential 63% (760/1199) regret=0.046196 ape=0.5521
[17:44:05] regretChangePotential 63% (761/1199) regret=0.046270 ape=0.5521
[17:44:06] regretChangePotential 63% (762/1199) regret=0.046214 ape=0.5512
[17:44:06] regretChangePotential 63% (763/1199) regret=0.046251 ape=0.5512
[17:44:06] regretChangePotential 63% (764/1199) regret=0.046251 ape=0.5512
[17:44:07] regretChangePotential 63% (765/1199) regret=0.046251 ape=0.5512
[17:44:07] regretChangePotential 63% (766/1199) regret=0.046283 ape=0.5512
[17:44:07] regretChangePotential 63% (767/1199) regret=0.046283 ape=0.5512
[17:44:07] regretChangePotential 64% (768/1199) regret=0.046010 ape=0.5502
[17:44:08] regretChangePotential 64% (769/1199) regret=0.046015 ape=0.5502
[17:44:08] regretChangePotential 64% (770/1199) regret=0.046015 ape=0.5502
[17:44:08] regretChangePotential 64% (771/1199) regret=0.045490 ape=0.5502
[17:44:08] regretChangePotential 64% (772/1199) regret=0.045521 ape=0.5502
[17:44:09] regretChangePotential 64% (773/1199) regret=0.045565 ape=0.5512
[17:44:09] regretChangePotential 64% (774/1199) regret=0.045123 ape=0.5502
[17:44:09] regretChangePotential 64% (775/1199) regret=0.045123 ape=0.5502
[17:44:09] regretChangePotential 64% (776/1199) regret=0.045113 ape=0.5512
[17:44:10] regretChangePotential 64% (777/1199) regret=0.045113 ape=0.5512
[17:44:10] regretChangePotential 64% (778/1199) regret=0.044579 ape=0.5512
[17:44:10] regretChangePotential 64% (779/1199) regret=0.044831 ape=0.5512
[17:44:10] regretChangePotential 65% (780/1199) regret=0.044831 ape=0.5512
[17:44:11] regretChangePotential 65% (781/1199) regret=0.044831 ape=0.5512
[17:44:11] regretChangePotential 65% (782/1199) regret=0.044831 ape=0.5512
[17:44:11] regretChangePotential 65% (783/1199) regret=0.044721 ape=0.5493
[17:44:11] regretChangePotential 65% (784/1199) regret=0.044721 ape=0.5493
[17:44:12] regretChangePotential 65% (785/1199) regret=0.044910 ape=0.5484
[17:44:12] regretChangePotential 65% (786/1199) regret=0.044910 ape=0.5484
[17:44:12] regretChangePotential 65% (787/1199) regret=0.044910 ape=0.5484
[17:44:12] regretChangePotential 65% (788/1199) regret=0.044910 ape=0.5484
[17:44:13] regretChangePotential 65% (789/1199) regret=0.044910 ape=0.5484
[17:44:13] regretChangePotential 65% (790/1199) regret=0.044911 ape=0.5484
[17:44:13] regretChangePotential 65% (791/1199) regret=0.044911 ape=0.5484
[17:44:14] regretChangePotential 66% (792/1199) regret=0.044889 ape=0.5484
[17:44:14] regretChangePotential 66% (793/1199) regret=0.044954 ape=0.5493
[17:44:14] regretChangePotential 66% (794/1199) regret=0.044954 ape=0.5493
[17:44:14] regretChangePotential 66% (795/1199) regret=0.044954 ape=0.5493
[17:44:15] regretChangePotential 66% (796/1199) regret=0.044747 ape=0.5484
[17:44:15] regretChangePotential 66% (797/1199) regret=0.044641 ape=0.5475
[17:44:15] regretChangePotential 66% (798/1199) regret=0.044641 ape=0.5475
[17:44:15] regretChangePotential 66% (799/1199) regret=0.044346 ape=0.5475
[17:44:16] regretChangePotential 66% (800/1199) regret=0.044346 ape=0.5475
[17:44:16] regretChangePotential 66% (801/1199) regret=0.044346 ape=0.5475
[17:44:16] regretChangePotential 66% (802/1199) regret=0.044267 ape=0.5475
[17:44:16] regretChangePotential 66% (803/1199) regret=0.044242 ape=0.5475
[17:44:17] regretChangePotential 67% (804/1199) regret=0.044242 ape=0.5475
[17:44:17] regretChangePotential 67% (805/1199) regret=0.044652 ape=0.5475
[17:44:17] regretChangePotential 67% (806/1199) regret=0.044170 ape=0.5465
[17:44:18] regretChangePotential 67% (807/1199) regret=0.044161 ape=0.5465
[17:44:18] regretChangePotential 67% (808/1199) regret=0.044112 ape=0.5456
[17:44:18] regretChangePotential 67% (809/1199) regret=0.044057 ape=0.5456
[17:44:18] regretChangePotential 67% (810/1199) regret=0.044057 ape=0.5456
[17:44:18] regretChangePotential 67% (811/1199) regret=0.044057 ape=0.5456
[17:44:19] regretChangePotential 67% (812/1199) regret=0.044057 ape=0.5456
[17:44:19] regretChangePotential 67% (813/1199) regret=0.044061 ape=0.5456
[17:44:19] regretChangePotential 67% (814/1199) regret=0.043928 ape=0.5456
[17:44:20] regretChangePotential 67% (815/1199) regret=0.043863 ape=0.5456
[17:44:20] regretChangePotential 68% (816/1199) regret=0.043780 ape=0.5456
[17:44:20] regretChangePotential 68% (817/1199) regret=0.043863 ape=0.5456
[17:44:20] regretChangePotential 68% (818/1199) regret=0.043863 ape=0.5456
[17:44:21] regretChangePotential 68% (819/1199) regret=0.043863 ape=0.5456
[17:44:21] regretChangePotential 68% (820/1199) regret=0.043898 ape=0.5456
[17:44:21] regretChangePotential 68% (821/1199) regret=0.043845 ape=0.5456
[17:44:22] regretChangePotential 68% (822/1199) regret=0.043867 ape=0.5456
[17:44:22] regretChangePotential 68% (823/1199) regret=0.043898 ape=0.5456
[17:44:22] regretChangePotential 68% (824/1199) regret=0.043653 ape=0.5447
[17:44:22] regretChangePotential 68% (825/1199) regret=0.043653 ape=0.5447
[17:44:23] regretChangePotential 68% (826/1199) regret=0.043716 ape=0.5447
[17:44:23] regretChangePotential 68% (827/1199) regret=0.043426 ape=0.5438
[17:44:23] regretChangePotential 69% (828/1199) regret=0.043426 ape=0.5438
[17:44:23] regretChangePotential 69% (829/1199) regret=0.043426 ape=0.5438
[17:44:24] regretChangePotential 69% (830/1199) regret=0.043325 ape=0.5438
[17:44:24] regretChangePotential 69% (831/1199) regret=0.043219 ape=0.5429
[17:44:24] regretChangePotential 69% (832/1199) regret=0.043219 ape=0.5429
[17:44:24] regretChangePotential 69% (833/1199) regret=0.043286 ape=0.5429
[17:44:25] regretChangePotential 69% (834/1199) regret=0.043238 ape=0.5429
[17:44:25] regretChangePotential 69% (835/1199) regret=0.043853 ape=0.5419
[17:44:25] regretChangePotential 69% (836/1199) regret=0.043194 ape=0.5419
[17:44:25] regretChangePotential 69% (837/1199) regret=0.043194 ape=0.5419
[17:44:25] regretChangePotential 69% (838/1199) regret=0.043194 ape=0.5419
[17:44:26] regretChangePotential 69% (839/1199) regret=0.043194 ape=0.5419
[17:44:26] regretChangePotential 70% (840/1199) regret=0.043194 ape=0.5419
[17:44:26] regretChangePotential 70% (841/1199) regret=0.043203 ape=0.5419
[17:44:26] regretChangePotential 70% (842/1199) regret=0.043111 ape=0.5410
[17:44:26] regretChangePotential 70% (843/1199) regret=0.043024 ape=0.5410
[17:44:27] regretChangePotential 70% (844/1199) regret=0.043024 ape=0.5410
[17:44:27] regretChangePotential 70% (845/1199) regret=0.042802 ape=0.5410
[17:44:27] regretChangePotential 70% (846/1199) regret=0.042802 ape=0.5410
[17:44:27] regretChangePotential 70% (847/1199) regret=0.042802 ape=0.5410
[17:44:28] regretChangePotential 70% (848/1199) regret=0.042802 ape=0.5410
[17:44:28] regretChangePotential 70% (849/1199) regret=0.042862 ape=0.5419
[17:44:28] regretChangePotential 70% (850/1199) regret=0.042323 ape=0.5410
[17:44:28] regretChangePotential 70% (851/1199) regret=0.042148 ape=0.5410
[17:44:29] regretChangePotential 71% (852/1199) regret=0.042148 ape=0.5410
[17:44:29] regretChangePotential 71% (853/1199) regret=0.042148 ape=0.5410
[17:44:29] regretChangePotential 71% (854/1199) regret=0.042148 ape=0.5410
[17:44:30] regretChangePotential 71% (855/1199) regret=0.042148 ape=0.5410
[17:44:30] regretChangePotential 71% (856/1199) regret=0.042148 ape=0.5410
[17:44:30] regretChangePotential 71% (857/1199) regret=0.042148 ape=0.5410
[17:44:30] regretChangePotential 71% (858/1199) regret=0.042148 ape=0.5410
[17:44:31] regretChangePotential 71% (859/1199) regret=0.042148 ape=0.5410
[17:44:31] regretChangePotential 71% (860/1199) regret=0.042148 ape=0.5410
[17:44:31] regretChangePotential 71% (861/1199) regret=0.042148 ape=0.5410
[17:44:31] regretChangePotential 71% (862/1199) regret=0.042148 ape=0.5410
[17:44:32] regretChangePotential 71% (863/1199) regret=0.042148 ape=0.5410
[17:44:32] regretChangePotential 72% (864/1199) regret=0.042148 ape=0.5410
[17:44:32] regretChangePotential 72% (865/1199) regret=0.042148 ape=0.5410
[17:44:32] regretChangePotential 72% (866/1199) regret=0.042148 ape=0.5410
[17:44:33] regretChangePotential 72% (867/1199) regret=0.042139 ape=0.5410
[17:44:33] regretChangePotential 72% (868/1199) regret=0.042139 ape=0.5410
[17:44:33] regretChangePotential 72% (869/1199) regret=0.042139 ape=0.5410
[17:44:33] regretChangePotential 72% (870/1199) regret=0.042139 ape=0.5410
[17:44:34] regretChangePotential 72% (871/1199) regret=0.042139 ape=0.5410
[17:44:34] regretChangePotential 72% (872/1199) regret=0.042139 ape=0.5410
[17:44:34] regretChangePotential 72% (873/1199) regret=0.042139 ape=0.5410
[17:44:34] regretChangePotential 72% (874/1199) regret=0.042139 ape=0.5410
[17:44:35] regretChangePotential 72% (875/1199) regret=0.042139 ape=0.5410
[17:44:35] regretChangePotential 73% (876/1199) regret=0.042139 ape=0.5410
[17:44:35] regretChangePotential 73% (877/1199) regret=0.042139 ape=0.5410
[17:44:35] regretChangePotential 73% (878/1199) regret=0.042139 ape=0.5410
[17:44:36] regretChangePotential 73% (879/1199) regret=0.041982 ape=0.5401
[17:44:36] regretChangePotential 73% (880/1199) regret=0.042021 ape=0.5410
[17:44:36] regretChangePotential 73% (881/1199) regret=0.042030 ape=0.5410
[17:44:37] regretChangePotential 73% (882/1199) regret=0.042220 ape=0.5419
[17:44:37] regretChangePotential 73% (883/1199) regret=0.042174 ape=0.5419
[17:44:37] regretChangePotential 73% (884/1199) regret=0.042174 ape=0.5419
[17:44:37] regretChangePotential 73% (885/1199) regret=0.042174 ape=0.5419
[17:44:38] regretChangePotential 73% (886/1199) regret=0.042174 ape=0.5419
[17:44:38] regretChangePotential 73% (887/1199) regret=0.042174 ape=0.5419
[17:44:38] regretChangePotential 74% (888/1199) regret=0.042174 ape=0.5419
[17:44:38] regretChangePotential 74% (889/1199) regret=0.042174 ape=0.5419
[17:44:39] regretChangePotential 74% (890/1199) regret=0.042174 ape=0.5419
[17:44:39] regretChangePotential 74% (891/1199) regret=0.042174 ape=0.5419
[17:44:39] regretChangePotential 74% (892/1199) regret=0.042174 ape=0.5419
[17:44:39] regretChangePotential 74% (893/1199) regret=0.042174 ape=0.5419
[17:44:40] regretChangePotential 74% (894/1199) regret=0.042174 ape=0.5419
[17:44:40] regretChangePotential 74% (895/1199) regret=0.042174 ape=0.5419
[17:44:40] regretChangePotential 74% (896/1199) regret=0.042174 ape=0.5419
[17:44:40] regretChangePotential 74% (897/1199) regret=0.042174 ape=0.5419
[17:44:40] regretChangePotential 74% (898/1199) regret=0.042174 ape=0.5419
[17:44:41] regretChangePotential 74% (899/1199) regret=0.042174 ape=0.5419
[17:44:41] regretChangePotential 75% (900/1199) regret=0.042275 ape=0.5419
[17:44:41] regretChangePotential 75% (901/1199) regret=0.042275 ape=0.5419
[17:44:42] regretChangePotential 75% (902/1199) regret=0.042275 ape=0.5419
[17:44:42] regretChangePotential 75% (903/1199) regret=0.042275 ape=0.5419
[17:44:42] regretChangePotential 75% (904/1199) regret=0.042275 ape=0.5419
[17:44:42] regretChangePotential 75% (905/1199) regret=0.042275 ape=0.5419
[17:44:43] regretChangePotential 75% (906/1199) regret=0.042275 ape=0.5419
[17:44:43] regretChangePotential 75% (907/1199) regret=0.042275 ape=0.5419
[17:44:43] regretChangePotential 75% (908/1199) regret=0.042275 ape=0.5419
[17:44:43] regretChangePotential 75% (909/1199) regret=0.042275 ape=0.5419
[17:44:44] regretChangePotential 75% (910/1199) regret=0.042275 ape=0.5419
[17:44:44] regretChangePotential 75% (911/1199) regret=0.042275 ape=0.5419
[17:44:44] regretChangePotential 76% (912/1199) regret=0.042275 ape=0.5419
[17:44:45] regretChangePotential 76% (913/1199) regret=0.042275 ape=0.5419
[17:44:45] regretChangePotential 76% (914/1199) regret=0.042275 ape=0.5419
[17:44:45] regretChangePotential 76% (915/1199) regret=0.042275 ape=0.5419
[17:44:45] regretChangePotential 76% (916/1199) regret=0.042275 ape=0.5419
[17:44:46] regretChangePotential 76% (917/1199) regret=0.042275 ape=0.5419
[17:44:46] regretChangePotential 76% (918/1199) regret=0.042275 ape=0.5419
[17:44:46] regretChangePotential 76% (919/1199) regret=0.042275 ape=0.5419
[17:44:46] regretChangePotential 76% (920/1199) regret=0.042275 ape=0.5419
[17:44:47] regretChangePotential 76% (921/1199) regret=0.042275 ape=0.5419
[17:44:47] regretChangePotential 76% (922/1199) regret=0.042275 ape=0.5419
[17:44:47] regretChangePotential 76% (923/1199) regret=0.042275 ape=0.5419
[17:44:47] regretChangePotential 77% (924/1199) regret=0.042275 ape=0.5419
[17:44:48] regretChangePotential 77% (925/1199) regret=0.042275 ape=0.5419
[17:44:48] regretChangePotential 77% (926/1199) regret=0.042275 ape=0.5419
[17:44:48] regretChangePotential 77% (927/1199) regret=0.042275 ape=0.5419
[17:44:48] regretChangePotential 77% (928/1199) regret=0.042275 ape=0.5419
[17:44:48] regretChangePotential 77% (929/1199) regret=0.042275 ape=0.5419
[17:44:49] regretChangePotential 77% (930/1199) regret=0.042275 ape=0.5419
[17:44:49] regretChangePotential 77% (931/1199) regret=0.042275 ape=0.5419
[17:44:49] regretChangePotential 77% (932/1199) regret=0.042275 ape=0.5419
[17:44:49] regretChangePotential 77% (933/1199) regret=0.042179 ape=0.5419
[17:44:49] regretChangePotential 77% (934/1199) regret=0.042179 ape=0.5419
[17:44:50] regretChangePotential 77% (935/1199) regret=0.042179 ape=0.5419
[17:44:50] regretChangePotential 78% (936/1199) regret=0.042179 ape=0.5419
[17:44:50] regretChangePotential 78% (937/1199) regret=0.042179 ape=0.5419
[17:44:50] regretChangePotential 78% (938/1199) regret=0.042179 ape=0.5419
[17:44:51] regretChangePotential 78% (939/1199) regret=0.042179 ape=0.5419
[17:44:51] regretChangePotential 78% (940/1199) regret=0.042340 ape=0.5419
[17:44:51] regretChangePotential 78% (941/1199) regret=0.042326 ape=0.5419
[17:44:51] regretChangePotential 78% (942/1199) regret=0.042326 ape=0.5419
[17:44:52] regretChangePotential 78% (943/1199) regret=0.042324 ape=0.5419
[17:44:52] regretChangePotential 78% (944/1199) regret=0.042324 ape=0.5419
[17:44:52] regretChangePotential 78% (945/1199) regret=0.042324 ape=0.5419
[17:44:53] regretChangePotential 78% (946/1199) regret=0.042299 ape=0.5419
[17:44:53] regretChangePotential 78% (947/1199) regret=0.042299 ape=0.5419
[17:44:53] regretChangePotential 79% (948/1199) regret=0.042299 ape=0.5419
[17:44:53] regretChangePotential 79% (949/1199) regret=0.042327 ape=0.5429
[17:44:54] regretChangePotential 79% (950/1199) regret=0.042327 ape=0.5429
[17:44:54] regretChangePotential 79% (951/1199) regret=0.042526 ape=0.5429
[17:44:54] regretChangePotential 79% (952/1199) regret=0.042532 ape=0.5429
[17:44:55] regretChangePotential 79% (953/1199) regret=0.042544 ape=0.5429
[17:44:55] regretChangePotential 79% (954/1199) regret=0.042564 ape=0.5429
[17:44:55] regretChangePotential 79% (955/1199) regret=0.042564 ape=0.5429
[17:44:55] regretChangePotential 79% (956/1199) regret=0.042508 ape=0.5419
[17:44:56] regretChangePotential 79% (957/1199) regret=0.041872 ape=0.5410
[17:44:56] regretChangePotential 79% (958/1199) regret=0.041393 ape=0.5401
[17:44:56] regretChangePotential 79% (959/1199) regret=0.041530 ape=0.5392
[17:44:56] regretChangePotential 80% (960/1199) regret=0.041531 ape=0.5392
[17:44:57] regretChangePotential 80% (961/1199) regret=0.041439 ape=0.5392
[17:44:57] regretChangePotential 80% (962/1199) regret=0.041619 ape=0.5392
[17:44:57] regretChangePotential 80% (963/1199) regret=0.041135 ape=0.5382
[17:44:57] regretChangePotential 80% (964/1199) regret=0.041035 ape=0.5382
[17:44:58] regretChangePotential 80% (965/1199) regret=0.041035 ape=0.5382
[17:44:58] regretChangePotential 80% (966/1199) regret=0.041035 ape=0.5382
[17:44:58] regretChangePotential 80% (967/1199) regret=0.040832 ape=0.5373
[17:44:59] regretChangePotential 80% (968/1199) regret=0.040851 ape=0.5382
[17:44:59] regretChangePotential 80% (969/1199) regret=0.040961 ape=0.5373
[17:44:59] regretChangePotential 80% (970/1199) regret=0.040755 ape=0.5373
[17:44:59] regretChangePotential 80% (971/1199) regret=0.040780 ape=0.5382
[17:45:00] regretChangePotential 81% (972/1199) regret=0.040253 ape=0.5364
[17:45:00] regretChangePotential 81% (973/1199) regret=0.040243 ape=0.5364
[17:45:00] regretChangePotential 81% (974/1199) regret=0.040243 ape=0.5364
[17:45:00] regretChangePotential 81% (975/1199) regret=0.040243 ape=0.5364
[17:45:01] regretChangePotential 81% (976/1199) regret=0.040243 ape=0.5364
[17:45:01] regretChangePotential 81% (977/1199) regret=0.040265 ape=0.5364
[17:45:01] regretChangePotential 81% (978/1199) regret=0.040265 ape=0.5364
[17:45:01] regretChangePotential 81% (979/1199) regret=0.039836 ape=0.5364
[17:45:02] regretChangePotential 81% (980/1199) regret=0.039836 ape=0.5364
[17:45:02] regretChangePotential 81% (981/1199) regret=0.039836 ape=0.5364
[17:45:02] regretChangePotential 81% (982/1199) regret=0.039836 ape=0.5364
[17:45:03] regretChangePotential 81% (983/1199) regret=0.039836 ape=0.5364
[17:45:03] regretChangePotential 82% (984/1199) regret=0.039836 ape=0.5364
[17:45:03] regretChangePotential 82% (985/1199) regret=0.039836 ape=0.5364
[17:45:03] regretChangePotential 82% (986/1199) regret=0.039812 ape=0.5364
[17:45:03] regretChangePotential 82% (987/1199) regret=0.039812 ape=0.5364
[17:45:04] regretChangePotential 82% (988/1199) regret=0.039812 ape=0.5364
[17:45:04] regretChangePotential 82% (989/1199) regret=0.039812 ape=0.5364
[17:45:04] regretChangePotential 82% (990/1199) regret=0.039683 ape=0.5355
[17:45:05] regretChangePotential 82% (991/1199) regret=0.039691 ape=0.5355
[17:45:05] regretChangePotential 82% (992/1199) regret=0.039866 ape=0.5355
[17:45:05] regretChangePotential 82% (993/1199) regret=0.039763 ape=0.5355
[17:45:05] regretChangePotential 82% (994/1199) regret=0.039811 ape=0.5355
[17:45:06] regretChangePotential 82% (995/1199) regret=0.039811 ape=0.5355
[17:45:06] regretChangePotential 83% (996/1199) regret=0.039792 ape=0.5364
[17:45:06] regretChangePotential 83% (997/1199) regret=0.039811 ape=0.5364
[17:45:06] regretChangePotential 83% (998/1199) regret=0.039802 ape=0.5364
[17:45:07] regretChangePotential 83% (999/1199) regret=0.039802 ape=0.5364
[17:45:07] regretChangePotential 83% (1000/1199) regret=0.039802 ape=0.5364
[17:45:07] regretChangePotential 83% (1001/1199) regret=0.039802 ape=0.5364
[17:45:08] regretChangePotential 83% (1002/1199) regret=0.039802 ape=0.5364
[17:45:08] regretChangePotential 83% (1003/1199) regret=0.039802 ape=0.5364
[17:45:08] regretChangePotential 83% (1004/1199) regret=0.039802 ape=0.5364
[17:45:08] regretChangePotential 83% (1005/1199) regret=0.039802 ape=0.5364
[17:45:09] regretChangePotential 83% (1006/1199) regret=0.039802 ape=0.5364
[17:45:09] regretChangePotential 83% (1007/1199) regret=0.039802 ape=0.5364
[17:45:09] regretChangePotential 84% (1008/1199) regret=0.039802 ape=0.5364
[17:45:10] regretChangePotential 84% (1009/1199) regret=0.039802 ape=0.5364
[17:45:10] regretChangePotential 84% (1010/1199) regret=0.039792 ape=0.5364
[17:45:10] regretChangePotential 84% (1011/1199) regret=0.039792 ape=0.5364
[17:45:10] regretChangePotential 84% (1012/1199) regret=0.039792 ape=0.5364
[17:45:11] regretChangePotential 84% (1013/1199) regret=0.039792 ape=0.5364
[17:45:11] regretChangePotential 84% (1014/1199) regret=0.039792 ape=0.5364
[17:45:11] regretChangePotential 84% (1015/1199) regret=0.039792 ape=0.5364
[17:45:11] regretChangePotential 84% (1016/1199) regret=0.039792 ape=0.5364
[17:45:11] regretChangePotential 84% (1017/1199) regret=0.039792 ape=0.5364
[17:45:12] regretChangePotential 84% (1018/1199) regret=0.039792 ape=0.5364
[17:45:12] regretChangePotential 84% (1019/1199) regret=0.039792 ape=0.5364
[17:45:12] regretChangePotential 85% (1020/1199) regret=0.039792 ape=0.5364
[17:45:12] regretChangePotential 85% (1021/1199) regret=0.039792 ape=0.5364
[17:45:12] regretChangePotential 85% (1022/1199) regret=0.039792 ape=0.5364
[17:45:13] regretChangePotential 85% (1023/1199) regret=0.039792 ape=0.5364
[17:45:13] regretChangePotential 85% (1024/1199) regret=0.039792 ape=0.5364
[17:45:13] regretChangePotential 85% (1025/1199) regret=0.039792 ape=0.5364
[17:45:13] regretChangePotential 85% (1026/1199) regret=0.039942 ape=0.5364
[17:45:14] regretChangePotential 85% (1027/1199) regret=0.039606 ape=0.5355
[17:45:14] regretChangePotential 85% (1028/1199) regret=0.039606 ape=0.5355
[17:45:14] regretChangePotential 85% (1029/1199) regret=0.039587 ape=0.5355
[17:45:15] regretChangePotential 85% (1030/1199) regret=0.039587 ape=0.5355
[17:45:15] regretChangePotential 85% (1031/1199) regret=0.039546 ape=0.5346
[17:45:15] regretChangePotential 86% (1032/1199) regret=0.039546 ape=0.5346
[17:45:16] regretChangePotential 86% (1033/1199) regret=0.039546 ape=0.5346
[17:45:16] regretChangePotential 86% (1034/1199) regret=0.039500 ape=0.5346
[17:45:16] regretChangePotential 86% (1035/1199) regret=0.039362 ape=0.5336
[17:45:16] regretChangePotential 86% (1036/1199) regret=0.039352 ape=0.5327
[17:45:17] regretChangePotential 86% (1037/1199) regret=0.039362 ape=0.5336
[17:45:17] regretChangePotential 86% (1038/1199) regret=0.039343 ape=0.5336
[17:45:17] regretChangePotential 86% (1039/1199) regret=0.039426 ape=0.5336
[17:45:17] regretChangePotential 86% (1040/1199) regret=0.039426 ape=0.5336
[17:45:18] regretChangePotential 86% (1041/1199) regret=0.039362 ape=0.5336
[17:45:18] regretChangePotential 86% (1042/1199) regret=0.039362 ape=0.5336
[17:45:18] regretChangePotential 86% (1043/1199) regret=0.039291 ape=0.5336
[17:45:18] regretChangePotential 87% (1044/1199) regret=0.039229 ape=0.5336
[17:45:19] regretChangePotential 87% (1045/1199) regret=0.039266 ape=0.5336
[17:45:19] regretChangePotential 87% (1046/1199) regret=0.039266 ape=0.5336
[17:45:19] regretChangePotential 87% (1047/1199) regret=0.039266 ape=0.5336
[17:45:19] regretChangePotential 87% (1048/1199) regret=0.039266 ape=0.5336
[17:45:20] regretChangePotential 87% (1049/1199) regret=0.039312 ape=0.5346
[17:45:20] regretChangePotential 87% (1050/1199) regret=0.039266 ape=0.5336
[17:45:20] regretChangePotential 87% (1051/1199) regret=0.039266 ape=0.5336
[17:45:21] regretChangePotential 87% (1052/1199) regret=0.039197 ape=0.5336
[17:45:21] regretChangePotential 87% (1053/1199) regret=0.039335 ape=0.5346
[17:45:21] regretChangePotential 87% (1054/1199) regret=0.039253 ape=0.5346
[17:45:21] regretChangePotential 87% (1055/1199) regret=0.039432 ape=0.5346
[17:45:22] regretChangePotential 88% (1056/1199) regret=0.039239 ape=0.5346
[17:45:22] regretChangePotential 88% (1057/1199) regret=0.039239 ape=0.5346
[17:45:22] regretChangePotential 88% (1058/1199) regret=0.039497 ape=0.5346
[17:45:23] regretChangePotential 88% (1059/1199) regret=0.039592 ape=0.5346
[17:45:23] regretChangePotential 88% (1060/1199) regret=0.039672 ape=0.5346
[17:45:23] regretChangePotential 88% (1061/1199) regret=0.039497 ape=0.5346
[17:45:23] regretChangePotential 88% (1062/1199) regret=0.039469 ape=0.5346
[17:45:24] regretChangePotential 88% (1063/1199) regret=0.039847 ape=0.5346
[17:45:24] regretChangePotential 88% (1064/1199) regret=0.039211 ape=0.5346
[17:45:24] regretChangePotential 88% (1065/1199) regret=0.039211 ape=0.5346
[17:45:25] regretChangePotential 88% (1066/1199) regret=0.039179 ape=0.5327
[17:45:25] regretChangePotential 88% (1067/1199) regret=0.039019 ape=0.5327
[17:45:25] regretChangePotential 89% (1068/1199) regret=0.038941 ape=0.5327
[17:45:25] regretChangePotential 89% (1069/1199) regret=0.039150 ape=0.5318
[17:45:26] regretChangePotential 89% (1070/1199) regret=0.039057 ape=0.5309
[17:45:26] regretChangePotential 89% (1071/1199) regret=0.039057 ape=0.5309
[17:45:26] regretChangePotential 89% (1072/1199) regret=0.039014 ape=0.5300
[17:45:27] regretChangePotential 89% (1073/1199) regret=0.039119 ape=0.5309
[17:45:27] regretChangePotential 89% (1074/1199) regret=0.039119 ape=0.5309
[17:45:27] regretChangePotential 89% (1075/1199) regret=0.039119 ape=0.5309
[17:45:27] regretChangePotential 89% (1076/1199) regret=0.039119 ape=0.5309
[17:45:28] regretChangePotential 89% (1077/1199) regret=0.039119 ape=0.5309
[17:45:28] regretChangePotential 89% (1078/1199) regret=0.039119 ape=0.5309
[17:45:28] regretChangePotential 89% (1079/1199) regret=0.039119 ape=0.5309
[17:45:29] regretChangePotential 90% (1080/1199) regret=0.039119 ape=0.5309
[17:45:29] regretChangePotential 90% (1081/1199) regret=0.039119 ape=0.5309
[17:45:29] regretChangePotential 90% (1082/1199) regret=0.039123 ape=0.5309
[17:45:29] regretChangePotential 90% (1083/1199) regret=0.039123 ape=0.5309
[17:45:30] regretChangePotential 90% (1084/1199) regret=0.039120 ape=0.5309
[17:45:30] regretChangePotential 90% (1085/1199) regret=0.039120 ape=0.5309
[17:45:30] regretChangePotential 90% (1086/1199) regret=0.039120 ape=0.5309
[17:45:31] regretChangePotential 90% (1087/1199) regret=0.039120 ape=0.5309
[17:45:31] regretChangePotential 90% (1088/1199) regret=0.039120 ape=0.5309
[17:45:31] regretChangePotential 90% (1089/1199) regret=0.039120 ape=0.5309
[17:45:31] regretChangePotential 90% (1090/1199) regret=0.039099 ape=0.5309
[17:45:32] regretChangePotential 90% (1091/1199) regret=0.039099 ape=0.5309
[17:45:32] regretChangePotential 91% (1092/1199) regret=0.039182 ape=0.5309
[17:45:32] regretChangePotential 91% (1093/1199) regret=0.039237 ape=0.5309
[17:45:32] regretChangePotential 91% (1094/1199) regret=0.039237 ape=0.5309
[17:45:33] regretChangePotential 91% (1095/1199) regret=0.039237 ape=0.5309
[17:45:33] regretChangePotential 91% (1096/1199) regret=0.039237 ape=0.5309
[17:45:33] regretChangePotential 91% (1097/1199) regret=0.039237 ape=0.5309
[17:45:33] regretChangePotential 91% (1098/1199) regret=0.039514 ape=0.5309
[17:45:33] regretChangePotential 91% (1099/1199) regret=0.039514 ape=0.5309
[17:45:34] regretChangePotential 91% (1100/1199) regret=0.039016 ape=0.5300
[17:45:34] regretChangePotential 91% (1101/1199) regret=0.039071 ape=0.5300
[17:45:34] regretChangePotential 91% (1102/1199) regret=0.039071 ape=0.5300
[17:45:34] regretChangePotential 91% (1103/1199) regret=0.039071 ape=0.5300
[17:45:34] regretChangePotential 92% (1104/1199) regret=0.039071 ape=0.5300
[17:45:35] regretChangePotential 92% (1105/1199) regret=0.039071 ape=0.5300
[17:45:35] regretChangePotential 92% (1106/1199) regret=0.039154 ape=0.5300
[17:45:35] regretChangePotential 92% (1107/1199) regret=0.039058 ape=0.5290
[17:45:35] regretChangePotential 92% (1108/1199) regret=0.039058 ape=0.5290
[17:45:36] regretChangePotential 92% (1109/1199) regret=0.039058 ape=0.5290
[17:45:36] regretChangePotential 92% (1110/1199) regret=0.039058 ape=0.5290
[17:45:36] regretChangePotential 92% (1111/1199) regret=0.038445 ape=0.5281
[17:45:37] regretChangePotential 92% (1112/1199) regret=0.038445 ape=0.5281
[17:45:37] regretChangePotential 92% (1113/1199) regret=0.038445 ape=0.5281
[17:45:37] regretChangePotential 92% (1114/1199) regret=0.038445 ape=0.5281
[17:45:37] regretChangePotential 92% (1115/1199) regret=0.038455 ape=0.5281
[17:45:38] regretChangePotential 93% (1116/1199) regret=0.038455 ape=0.5281
[17:45:38] regretChangePotential 93% (1117/1199) regret=0.038529 ape=0.5281
[17:45:38] regretChangePotential 93% (1118/1199) regret=0.038529 ape=0.5281
[17:45:38] regretChangePotential 93% (1119/1199) regret=0.038529 ape=0.5281
[17:45:39] regretChangePotential 93% (1120/1199) regret=0.038529 ape=0.5281
[17:45:39] regretChangePotential 93% (1121/1199) regret=0.038529 ape=0.5281
[17:45:39] regretChangePotential 93% (1122/1199) regret=0.038529 ape=0.5281
[17:45:40] regretChangePotential 93% (1123/1199) regret=0.038529 ape=0.5281
[17:45:40] regretChangePotential 93% (1124/1199) regret=0.038529 ape=0.5281
[17:45:40] regretChangePotential 93% (1125/1199) regret=0.038529 ape=0.5281
[17:45:40] regretChangePotential 93% (1126/1199) regret=0.038529 ape=0.5281
[17:45:41] regretChangePotential 93% (1127/1199) regret=0.038810 ape=0.5290
[17:45:41] regretChangePotential 94% (1128/1199) regret=0.038810 ape=0.5290
[17:45:41] regretChangePotential 94% (1129/1199) regret=0.038829 ape=0.5290
[17:45:42] regretChangePotential 94% (1130/1199) regret=0.038804 ape=0.5290
[17:45:42] regretChangePotential 94% (1131/1199) regret=0.038601 ape=0.5281
[17:45:42] regretChangePotential 94% (1132/1199) regret=0.038601 ape=0.5281
[17:45:42] regretChangePotential 94% (1133/1199) regret=0.038601 ape=0.5281
[17:45:42] regretChangePotential 94% (1134/1199) regret=0.038574 ape=0.5272
[17:45:43] regretChangePotential 94% (1135/1199) regret=0.038574 ape=0.5272
[17:45:43] regretChangePotential 94% (1136/1199) regret=0.038574 ape=0.5272
[17:45:43] regretChangePotential 94% (1137/1199) regret=0.038574 ape=0.5272
[17:45:44] regretChangePotential 94% (1138/1199) regret=0.038574 ape=0.5272
[17:45:44] regretChangePotential 94% (1139/1199) regret=0.038574 ape=0.5272
[17:45:44] regretChangePotential 95% (1140/1199) regret=0.038466 ape=0.5263
[17:45:44] regretChangePotential 95% (1141/1199) regret=0.038402 ape=0.5263
[17:45:45] regretChangePotential 95% (1142/1199) regret=0.038402 ape=0.5263
[17:45:45] regretChangePotential 95% (1143/1199) regret=0.038402 ape=0.5263
[17:45:45] regretChangePotential 95% (1144/1199) regret=0.038402 ape=0.5263
[17:45:45] regretChangePotential 95% (1145/1199) regret=0.038402 ape=0.5263
[17:45:46] regretChangePotential 95% (1146/1199) regret=0.038128 ape=0.5253
[17:45:46] regretChangePotential 95% (1147/1199) regret=0.038128 ape=0.5253
[17:45:46] regretChangePotential 95% (1148/1199) regret=0.038128 ape=0.5253
[17:45:47] regretChangePotential 95% (1149/1199) regret=0.038174 ape=0.5253
[17:45:47] regretChangePotential 95% (1150/1199) regret=0.038174 ape=0.5253
[17:45:47] regretChangePotential 95% (1151/1199) regret=0.038174 ape=0.5253
[17:45:47] regretChangePotential 96% (1152/1199) regret=0.038174 ape=0.5253
[17:45:48] regretChangePotential 96% (1153/1199) regret=0.038432 ape=0.5263
[17:45:48] regretChangePotential 96% (1154/1199) regret=0.038174 ape=0.5253
[17:45:48] regretChangePotential 96% (1155/1199) regret=0.038174 ape=0.5253
[17:45:48] regretChangePotential 96% (1156/1199) regret=0.038174 ape=0.5253
[17:45:48] regretChangePotential 96% (1157/1199) regret=0.038174 ape=0.5253
[17:45:49] regretChangePotential 96% (1158/1199) regret=0.038174 ape=0.5253
[17:45:49] regretChangePotential 96% (1159/1199) regret=0.038063 ape=0.5253
[17:45:49] regretChangePotential 96% (1160/1199) regret=0.038174 ape=0.5253
[17:45:50] regretChangePotential 96% (1161/1199) regret=0.038232 ape=0.5263
[17:45:50] regretChangePotential 96% (1162/1199) regret=0.038232 ape=0.5263
[17:45:50] regretChangePotential 96% (1163/1199) regret=0.038232 ape=0.5263
[17:45:50] regretChangePotential 97% (1164/1199) regret=0.038232 ape=0.5263
[17:45:51] regretChangePotential 97% (1165/1199) regret=0.038211 ape=0.5263
[17:45:51] regretChangePotential 97% (1166/1199) regret=0.038303 ape=0.5263
[17:45:51] regretChangePotential 97% (1167/1199) regret=0.038216 ape=0.5263
[17:45:52] regretChangePotential 97% (1168/1199) regret=0.038059 ape=0.5263
[17:45:52] regretChangePotential 97% (1169/1199) regret=0.038059 ape=0.5263
[17:45:52] regretChangePotential 97% (1170/1199) regret=0.038059 ape=0.5263
[17:45:53] regretChangePotential 97% (1171/1199) regret=0.038122 ape=0.5263
[17:45:53] regretChangePotential 97% (1172/1199) regret=0.038025 ape=0.5263
[17:45:53] regretChangePotential 97% (1173/1199) regret=0.038025 ape=0.5263
[17:45:53] regretChangePotential 97% (1174/1199) regret=0.038043 ape=0.5263
[17:45:54] regretChangePotential 97% (1175/1199) regret=0.037907 ape=0.5253
[17:45:54] regretChangePotential 98% (1176/1199) regret=0.038015 ape=0.5272
[17:45:54] regretChangePotential 98% (1177/1199) regret=0.038046 ape=0.5272
[17:45:54] regretChangePotential 98% (1178/1199) regret=0.038147 ape=0.5281
[17:45:55] regretChangePotential 98% (1179/1199) regret=0.038147 ape=0.5281
[17:45:55] regretChangePotential 98% (1180/1199) regret=0.038147 ape=0.5281
[17:45:55] regretChangePotential 98% (1181/1199) regret=0.038147 ape=0.5281
[17:45:55] regretChangePotential 98% (1182/1199) regret=0.038147 ape=0.5281
[17:45:55] regretChangePotential 98% (1183/1199) regret=0.038129 ape=0.5281
[17:45:56] regretChangePotential 98% (1184/1199) regret=0.038133 ape=0.5281
[17:45:56] regretChangePotential 98% (1185/1199) regret=0.038122 ape=0.5281
[17:45:56] regretChangePotential 98% (1186/1199) regret=0.037979 ape=0.5272
[17:45:56] regretChangePotential 98% (1187/1199) regret=0.037979 ape=0.5272
[17:45:57] regretChangePotential 99% (1188/1199) regret=0.038006 ape=0.5272
[17:45:57] regretChangePotential 99% (1189/1199) regret=0.037919 ape=0.5272
[17:45:57] regretChangePotential 99% (1190/1199) regret=0.037954 ape=0.5272
[17:45:57] regretChangePotential 99% (1191/1199) regret=0.037951 ape=0.5272
[17:45:57] regretChangePotential 99% (1192/1199) regret=0.037938 ape=0.5272
[17:45:58] regretChangePotential 99% (1193/1199) regret=0.037799 ape=0.5272
[17:45:58] regretChangePotential 99% (1194/1199) regret=0.037938 ape=0.5272
[17:45:58] regretChangePotential 99% (1195/1199) regret=0.037938 ape=0.5272
[17:45:59] regretChangePotential 99% (1196/1199) regret=0.037938 ape=0.5272
[17:45:59] regretChangePotential 99% (1197/1199) regret=0.037926 ape=0.5263
[17:45:59] regretChangePotential 99% (1198/1199) regret=0.038074 ape=0.5263
Baseline finished: 1199 points, 254.65s wall time
  Final: regret=0.038074, ape=0.5263

Saved: /home/users/g/s/gsavary/LudiiMCTSVariations/slurm_sweep_full_dataset/output_decay/baseline_decay_none_0_0/seed_1/sweep_decay_baseline_1_20260426_174559.json

Generating plots...
Saved: /home/users/g/s/gsavary/LudiiMCTSVariations/slurm_sweep_full_dataset/output_decay/baseline_decay_none_0_0/seed_1/sweep_decay_baseline_1_20260426_174559_regret.png
Saved: /home/users/g/s/gsavary/LudiiMCTSVariations/slurm_sweep_full_dataset/output_decay/baseline_decay_none_0_0/seed_1/sweep_decay_baseline_1_20260426_174559_ape.png

================================================================================
Experiment complete!
================================================================================
Done. Results in: /home/users/g/s/gsavary/LudiiMCTSVariations/slurm_sweep_full_dataset/output_decay/baseline_decay_none_0_0/seed_1
