============================================================
Decay sweep experiment
Method:      warm:50
Decay mode:  exponential
Decay param: 0.075
Seed:        1
Output:      /home/users/g/s/gsavary/LudiiMCTSVariations/slurm_sweep_full_dataset/output_decay/warm_50_decay_exponential_0_075/seed_1
============================================================

================================================================================
SLURM Sweep Experiment with Synthetic Data Decay
================================================================================
Method: warm:50
Decay: exponential (param=0.075)
Time limit: 3600.0s, Seed: 1, Batch size: 20
Output directory: /home/users/g/s/gsavary/LudiiMCTSVariations/slurm_sweep_full_dataset/output_decay/warm_50_decay_exponential_0_075/seed_1

Loading Ludii dataset...
Loaded 1085 games
Using 1085 games (full dataset)

Running timing probe (100 pulls)...
  Estimated secs/pull: 0.023207

Time budget: 3600.0s → ~155128 total pulls
Per-method budget: 22161 pulls (~514.3s)

Computing predictor-only performance...
  Predictions loaded: 23675 agent predictions
  Predictor-only: regret=0.104318, ape=0.4894

Running WARM-START (w=50, decay=exponential param=0.075)...
[17:42:51] warmStart (decay=exponential) 0% (1/1109) regret=0.107639 ape=0.5991
[17:42:51] warmStart (decay=exponential) 0% (2/1109) regret=0.107113 ape=0.5991
[17:42:52] warmStart (decay=exponential) 0% (3/1109) regret=0.107113 ape=0.5991
[17:42:52] warmStart (decay=exponential) 0% (4/1109) regret=0.107113 ape=0.5991
[17:42:52] warmStart (decay=exponential) 0% (5/1109) regret=0.107113 ape=0.5991
[17:42:52] warmStart (decay=exponential) 0% (6/1109) regret=0.107132 ape=0.6000
[17:42:53] warmStart (decay=exponential) 0% (7/1109) regret=0.107132 ape=0.6000
[17:42:53] warmStart (decay=exponential) 0% (8/1109) regret=0.107132 ape=0.6000
[17:42:53] warmStart (decay=exponential) 0% (9/1109) regret=0.107132 ape=0.6000
[17:42:53] warmStart (decay=exponential) 0% (10/1109) regret=0.107132 ape=0.6000
[17:42:53] warmStart (decay=exponential) 0% (11/1109) regret=0.107132 ape=0.6000
[17:42:54] warmStart (decay=exponential) 1% (12/1109) regret=0.107132 ape=0.6000
[17:42:54] warmStart (decay=exponential) 1% (13/1109) regret=0.107132 ape=0.6000
[17:42:54] warmStart (decay=exponential) 1% (14/1109) regret=0.107132 ape=0.6000
[17:42:54] warmStart (decay=exponential) 1% (15/1109) regret=0.107132 ape=0.6000
[17:42:55] warmStart (decay=exponential) 1% (16/1109) regret=0.107132 ape=0.6000
[17:42:55] warmStart (decay=exponential) 1% (17/1109) regret=0.107132 ape=0.6000
[17:42:55] warmStart (decay=exponential) 1% (18/1109) regret=0.107132 ape=0.6000
[17:42:55] warmStart (decay=exponential) 1% (19/1109) regret=0.107132 ape=0.6000
[17:42:55] warmStart (decay=exponential) 1% (20/1109) regret=0.107132 ape=0.6000
[17:42:56] warmStart (decay=exponential) 1% (21/1109) regret=0.107132 ape=0.6000
[17:42:56] warmStart (decay=exponential) 1% (22/1109) regret=0.107132 ape=0.6000
[17:42:56] warmStart (decay=exponential) 2% (23/1109) regret=0.107132 ape=0.6000
[17:42:56] warmStart (decay=exponential) 2% (24/1109) regret=0.107132 ape=0.6000
[17:42:56] warmStart (decay=exponential) 2% (25/1109) regret=0.107132 ape=0.6000
[17:42:57] warmStart (decay=exponential) 2% (26/1109) regret=0.107132 ape=0.6000
[17:42:57] warmStart (decay=exponential) 2% (27/1109) regret=0.107132 ape=0.6000
[17:42:57] warmStart (decay=exponential) 2% (28/1109) regret=0.107132 ape=0.6000
[17:42:57] warmStart (decay=exponential) 2% (29/1109) regret=0.107132 ape=0.6000
[17:42:57] warmStart (decay=exponential) 2% (30/1109) regret=0.107132 ape=0.6000
[17:42:58] warmStart (decay=exponential) 2% (31/1109) regret=0.107132 ape=0.6000
[17:42:58] warmStart (decay=exponential) 2% (32/1109) regret=0.107132 ape=0.6000
[17:42:58] warmStart (decay=exponential) 2% (33/1109) regret=0.107132 ape=0.6000
[17:42:58] warmStart (decay=exponential) 3% (34/1109) regret=0.107132 ape=0.6000
[17:42:59] warmStart (decay=exponential) 3% (35/1109) regret=0.107132 ape=0.6000
[17:42:59] warmStart (decay=exponential) 3% (36/1109) regret=0.107132 ape=0.6000
[17:42:59] warmStart (decay=exponential) 3% (37/1109) regret=0.107132 ape=0.6000
[17:42:59] warmStart (decay=exponential) 3% (38/1109) regret=0.107132 ape=0.6000
[17:42:59] warmStart (decay=exponential) 3% (39/1109) regret=0.107132 ape=0.6000
[17:43:00] warmStart (decay=exponential) 3% (40/1109) regret=0.107132 ape=0.6000
[17:43:00] warmStart (decay=exponential) 3% (41/1109) regret=0.107132 ape=0.6000
[17:43:00] warmStart (decay=exponential) 3% (42/1109) regret=0.107132 ape=0.6000
[17:43:00] warmStart (decay=exponential) 3% (43/1109) regret=0.107132 ape=0.6000
[17:43:00] warmStart (decay=exponential) 3% (44/1109) regret=0.107132 ape=0.6000
[17:43:01] warmStart (decay=exponential) 4% (45/1109) regret=0.107132 ape=0.6000
[17:43:01] warmStart (decay=exponential) 4% (46/1109) regret=0.107132 ape=0.6000
[17:43:01] warmStart (decay=exponential) 4% (47/1109) regret=0.107132 ape=0.6000
[17:43:01] warmStart (decay=exponential) 4% (48/1109) regret=0.107132 ape=0.6000
[17:43:01] warmStart (decay=exponential) 4% (49/1109) regret=0.107132 ape=0.6000
[17:43:02] warmStart (decay=exponential) 4% (50/1109) regret=0.107132 ape=0.6000
[17:43:02] warmStart (decay=exponential) 4% (51/1109) regret=0.107132 ape=0.6000
[17:43:02] warmStart (decay=exponential) 4% (52/1109) regret=0.107132 ape=0.6000
[17:43:02] warmStart (decay=exponential) 4% (53/1109) regret=0.107132 ape=0.6000
[17:43:03] warmStart (decay=exponential) 4% (54/1109) regret=0.107132 ape=0.6000
[17:43:03] warmStart (decay=exponential) 4% (55/1109) regret=0.107615 ape=0.6000
[17:43:03] warmStart (decay=exponential) 5% (56/1109) regret=0.107132 ape=0.6000
[17:43:03] warmStart (decay=exponential) 5% (57/1109) regret=0.107132 ape=0.6000
[17:43:03] warmStart (decay=exponential) 5% (58/1109) regret=0.107060 ape=0.5991
[17:43:04] warmStart (decay=exponential) 5% (59/1109) regret=0.107060 ape=0.5991
[17:43:04] warmStart (decay=exponential) 5% (60/1109) regret=0.107106 ape=0.5991
[17:43:04] warmStart (decay=exponential) 5% (61/1109) regret=0.107106 ape=0.5991
[17:43:04] warmStart (decay=exponential) 5% (62/1109) regret=0.107139 ape=0.5991
[17:43:04] warmStart (decay=exponential) 5% (63/1109) regret=0.107139 ape=0.5991
[17:43:05] warmStart (decay=exponential) 5% (64/1109) regret=0.107106 ape=0.5991
[17:43:05] warmStart (decay=exponential) 5% (65/1109) regret=0.107046 ape=0.5982
[17:43:05] warmStart (decay=exponential) 5% (66/1109) regret=0.107046 ape=0.5982
[17:43:05] warmStart (decay=exponential) 6% (67/1109) regret=0.107111 ape=0.5982
[17:43:05] warmStart (decay=exponential) 6% (68/1109) regret=0.107065 ape=0.5982
[17:43:06] warmStart (decay=exponential) 6% (69/1109) regret=0.107065 ape=0.5982
[17:43:06] warmStart (decay=exponential) 6% (70/1109) regret=0.107065 ape=0.5982
[17:43:06] warmStart (decay=exponential) 6% (71/1109) regret=0.107148 ape=0.5982
[17:43:06] warmStart (decay=exponential) 6% (72/1109) regret=0.107111 ape=0.5982
[17:43:06] warmStart (decay=exponential) 6% (73/1109) regret=0.107065 ape=0.5982
[17:43:07] warmStart (decay=exponential) 6% (74/1109) regret=0.107046 ape=0.5982
[17:43:07] warmStart (decay=exponential) 6% (75/1109) regret=0.107065 ape=0.5982
[17:43:07] warmStart (decay=exponential) 6% (76/1109) regret=0.107065 ape=0.5982
[17:43:07] warmStart (decay=exponential) 6% (77/1109) regret=0.107065 ape=0.5982
[17:43:07] warmStart (decay=exponential) 7% (78/1109) regret=0.107046 ape=0.5982
[17:43:08] warmStart (decay=exponential) 7% (79/1109) regret=0.107083 ape=0.5982
[17:43:08] warmStart (decay=exponential) 7% (80/1109) regret=0.107120 ape=0.5982
[17:43:08] warmStart (decay=exponential) 7% (81/1109) regret=0.107000 ape=0.5982
[17:43:08] warmStart (decay=exponential) 7% (82/1109) regret=0.106816 ape=0.5972
[17:43:08] warmStart (decay=exponential) 7% (83/1109) regret=0.106816 ape=0.5972
[17:43:09] warmStart (decay=exponential) 7% (84/1109) regret=0.106816 ape=0.5972
[17:43:09] warmStart (decay=exponential) 7% (85/1109) regret=0.106816 ape=0.5972
[17:43:09] warmStart (decay=exponential) 7% (86/1109) regret=0.106816 ape=0.5972
[17:43:09] warmStart (decay=exponential) 7% (87/1109) regret=0.106816 ape=0.5972
[17:43:09] warmStart (decay=exponential) 7% (88/1109) regret=0.106816 ape=0.5972
[17:43:10] warmStart (decay=exponential) 8% (89/1109) regret=0.106816 ape=0.5972
[17:43:10] warmStart (decay=exponential) 8% (90/1109) regret=0.106816 ape=0.5972
[17:43:10] warmStart (decay=exponential) 8% (91/1109) regret=0.106816 ape=0.5972
[17:43:10] warmStart (decay=exponential) 8% (92/1109) regret=0.106816 ape=0.5972
[17:43:10] warmStart (decay=exponential) 8% (93/1109) regret=0.106816 ape=0.5972
[17:43:11] warmStart (decay=exponential) 8% (94/1109) regret=0.106816 ape=0.5972
[17:43:11] warmStart (decay=exponential) 8% (95/1109) regret=0.106816 ape=0.5972
[17:43:11] warmStart (decay=exponential) 8% (96/1109) regret=0.106816 ape=0.5972
[17:43:11] warmStart (decay=exponential) 8% (97/1109) regret=0.106816 ape=0.5972
[17:43:12] warmStart (decay=exponential) 8% (98/1109) regret=0.106816 ape=0.5972
[17:43:12] warmStart (decay=exponential) 8% (99/1109) regret=0.106816 ape=0.5972
[17:43:12] warmStart (decay=exponential) 9% (100/1109) regret=0.106816 ape=0.5972
[17:43:12] warmStart (decay=exponential) 9% (101/1109) regret=0.106816 ape=0.5972
[17:43:12] warmStart (decay=exponential) 9% (102/1109) regret=0.106816 ape=0.5972
[17:43:13] warmStart (decay=exponential) 9% (103/1109) regret=0.106816 ape=0.5972
[17:43:13] warmStart (decay=exponential) 9% (104/1109) regret=0.106816 ape=0.5972
[17:43:13] warmStart (decay=exponential) 9% (105/1109) regret=0.106816 ape=0.5972
[17:43:13] warmStart (decay=exponential) 9% (106/1109) regret=0.106816 ape=0.5972
[17:43:13] warmStart (decay=exponential) 9% (107/1109) regret=0.106816 ape=0.5972
[17:43:14] warmStart (decay=exponential) 9% (108/1109) regret=0.106816 ape=0.5972
[17:43:14] warmStart (decay=exponential) 9% (109/1109) regret=0.106816 ape=0.5972
[17:43:14] warmStart (decay=exponential) 9% (110/1109) regret=0.106816 ape=0.5972
[17:43:14] warmStart (decay=exponential) 10% (111/1109) regret=0.106816 ape=0.5972
[17:43:14] warmStart (decay=exponential) 10% (112/1109) regret=0.106816 ape=0.5972
[17:43:15] warmStart (decay=exponential) 10% (113/1109) regret=0.106816 ape=0.5972
[17:43:15] warmStart (decay=exponential) 10% (114/1109) regret=0.106816 ape=0.5972
[17:43:15] warmStart (decay=exponential) 10% (115/1109) regret=0.106816 ape=0.5972
[17:43:15] warmStart (decay=exponential) 10% (116/1109) regret=0.106816 ape=0.5972
[17:43:16] warmStart (decay=exponential) 10% (117/1109) regret=0.106816 ape=0.5972
[17:43:16] warmStart (decay=exponential) 10% (118/1109) regret=0.106816 ape=0.5972
[17:43:16] warmStart (decay=exponential) 10% (119/1109) regret=0.106816 ape=0.5972
[17:43:16] warmStart (decay=exponential) 10% (120/1109) regret=0.106816 ape=0.5972
[17:43:16] warmStart (decay=exponential) 10% (121/1109) regret=0.106816 ape=0.5972
[17:43:17] warmStart (decay=exponential) 11% (122/1109) regret=0.106816 ape=0.5972
[17:43:17] warmStart (decay=exponential) 11% (123/1109) regret=0.106816 ape=0.5972
[17:43:17] warmStart (decay=exponential) 11% (124/1109) regret=0.106816 ape=0.5972
[17:43:17] warmStart (decay=exponential) 11% (125/1109) regret=0.106816 ape=0.5972
[17:43:17] warmStart (decay=exponential) 11% (126/1109) regret=0.106816 ape=0.5972
[17:43:18] warmStart (decay=exponential) 11% (127/1109) regret=0.106816 ape=0.5972
[17:43:18] warmStart (decay=exponential) 11% (128/1109) regret=0.106816 ape=0.5972
[17:43:18] warmStart (decay=exponential) 11% (129/1109) regret=0.106816 ape=0.5972
[17:43:18] warmStart (decay=exponential) 11% (130/1109) regret=0.106816 ape=0.5972
[17:43:19] warmStart (decay=exponential) 11% (131/1109) regret=0.106816 ape=0.5972
[17:43:19] warmStart (decay=exponential) 11% (132/1109) regret=0.106816 ape=0.5972
[17:43:19] warmStart (decay=exponential) 11% (133/1109) regret=0.106816 ape=0.5972
[17:43:19] warmStart (decay=exponential) 12% (134/1109) regret=0.106816 ape=0.5972
[17:43:19] warmStart (decay=exponential) 12% (135/1109) regret=0.106816 ape=0.5972
[17:43:20] warmStart (decay=exponential) 12% (136/1109) regret=0.106816 ape=0.5972
[17:43:20] warmStart (decay=exponential) 12% (137/1109) regret=0.106816 ape=0.5972
[17:43:20] warmStart (decay=exponential) 12% (138/1109) regret=0.106816 ape=0.5972
[17:43:20] warmStart (decay=exponential) 12% (139/1109) regret=0.106816 ape=0.5972
[17:43:20] warmStart (decay=exponential) 12% (140/1109) regret=0.106816 ape=0.5972
[17:43:21] warmStart (decay=exponential) 12% (141/1109) regret=0.106816 ape=0.5972
[17:43:21] warmStart (decay=exponential) 12% (142/1109) regret=0.106816 ape=0.5972
[17:43:21] warmStart (decay=exponential) 12% (143/1109) regret=0.106816 ape=0.5972
[17:43:21] warmStart (decay=exponential) 12% (144/1109) regret=0.106816 ape=0.5972
[17:43:21] warmStart (decay=exponential) 13% (145/1109) regret=0.106816 ape=0.5972
[17:43:22] warmStart (decay=exponential) 13% (146/1109) regret=0.106816 ape=0.5972
[17:43:22] warmStart (decay=exponential) 13% (147/1109) regret=0.106816 ape=0.5972
[17:43:22] warmStart (decay=exponential) 13% (148/1109) regret=0.106816 ape=0.5972
[17:43:22] warmStart (decay=exponential) 13% (149/1109) regret=0.106816 ape=0.5972
[17:43:22] warmStart (decay=exponential) 13% (150/1109) regret=0.106816 ape=0.5972
[17:43:23] warmStart (decay=exponential) 13% (151/1109) regret=0.106816 ape=0.5972
[17:43:23] warmStart (decay=exponential) 13% (152/1109) regret=0.106816 ape=0.5972
[17:43:23] warmStart (decay=exponential) 13% (153/1109) regret=0.106816 ape=0.5972
[17:43:23] warmStart (decay=exponential) 13% (154/1109) regret=0.106816 ape=0.5972
[17:43:24] warmStart (decay=exponential) 13% (155/1109) regret=0.106816 ape=0.5972
[17:43:24] warmStart (decay=exponential) 14% (156/1109) regret=0.106816 ape=0.5972
[17:43:24] warmStart (decay=exponential) 14% (157/1109) regret=0.106816 ape=0.5972
[17:43:24] warmStart (decay=exponential) 14% (158/1109) regret=0.106816 ape=0.5972
[17:43:24] warmStart (decay=exponential) 14% (159/1109) regret=0.106816 ape=0.5972
[17:43:25] warmStart (decay=exponential) 14% (160/1109) regret=0.106816 ape=0.5972
[17:43:25] warmStart (decay=exponential) 14% (161/1109) regret=0.106816 ape=0.5972
[17:43:25] warmStart (decay=exponential) 14% (162/1109) regret=0.106816 ape=0.5972
[17:43:25] warmStart (decay=exponential) 14% (163/1109) regret=0.106816 ape=0.5972
[17:43:25] warmStart (decay=exponential) 14% (164/1109) regret=0.106816 ape=0.5972
[17:43:26] warmStart (decay=exponential) 14% (165/1109) regret=0.106816 ape=0.5972
[17:43:26] warmStart (decay=exponential) 14% (166/1109) regret=0.106816 ape=0.5972
[17:43:26] warmStart (decay=exponential) 15% (167/1109) regret=0.106816 ape=0.5972
[17:43:26] warmStart (decay=exponential) 15% (168/1109) regret=0.106816 ape=0.5972
[17:43:26] warmStart (decay=exponential) 15% (169/1109) regret=0.106816 ape=0.5972
[17:43:27] warmStart (decay=exponential) 15% (170/1109) regret=0.106816 ape=0.5972
[17:43:27] warmStart (decay=exponential) 15% (171/1109) regret=0.106816 ape=0.5972
[17:43:27] warmStart (decay=exponential) 15% (172/1109) regret=0.106816 ape=0.5972
[17:43:27] warmStart (decay=exponential) 15% (173/1109) regret=0.106816 ape=0.5972
[17:43:27] warmStart (decay=exponential) 15% (174/1109) regret=0.106816 ape=0.5972
[17:43:28] warmStart (decay=exponential) 15% (175/1109) regret=0.106816 ape=0.5972
[17:43:28] warmStart (decay=exponential) 15% (176/1109) regret=0.106816 ape=0.5972
[17:43:28] warmStart (decay=exponential) 15% (177/1109) regret=0.106816 ape=0.5972
[17:43:28] warmStart (decay=exponential) 16% (178/1109) regret=0.106816 ape=0.5972
[17:43:28] warmStart (decay=exponential) 16% (179/1109) regret=0.106816 ape=0.5972
[17:43:29] warmStart (decay=exponential) 16% (180/1109) regret=0.106816 ape=0.5972
[17:43:29] warmStart (decay=exponential) 16% (181/1109) regret=0.106816 ape=0.5972
[17:43:29] warmStart (decay=exponential) 16% (182/1109) regret=0.106816 ape=0.5972
[17:43:29] warmStart (decay=exponential) 16% (183/1109) regret=0.106816 ape=0.5972
[17:43:30] warmStart (decay=exponential) 16% (184/1109) regret=0.106816 ape=0.5972
[17:43:30] warmStart (decay=exponential) 16% (185/1109) regret=0.106816 ape=0.5972
[17:43:30] warmStart (decay=exponential) 16% (186/1109) regret=0.107152 ape=0.5982
[17:43:30] warmStart (decay=exponential) 16% (187/1109) regret=0.106816 ape=0.5972
[17:43:30] warmStart (decay=exponential) 16% (188/1109) regret=0.106816 ape=0.5972
[17:43:31] warmStart (decay=exponential) 17% (189/1109) regret=0.106816 ape=0.5972
[17:43:31] warmStart (decay=exponential) 17% (190/1109) regret=0.106816 ape=0.5972
[17:43:31] warmStart (decay=exponential) 17% (191/1109) regret=0.106816 ape=0.5972
[17:43:31] warmStart (decay=exponential) 17% (192/1109) regret=0.106816 ape=0.5972
[17:43:32] warmStart (decay=exponential) 17% (193/1109) regret=0.106816 ape=0.5972
[17:43:32] warmStart (decay=exponential) 17% (194/1109) regret=0.106816 ape=0.5972
[17:43:32] warmStart (decay=exponential) 17% (195/1109) regret=0.106834 ape=0.5972
[17:43:32] warmStart (decay=exponential) 17% (196/1109) regret=0.106834 ape=0.5972
[17:43:32] warmStart (decay=exponential) 17% (197/1109) regret=0.106834 ape=0.5972
[17:43:33] warmStart (decay=exponential) 17% (198/1109) regret=0.106387 ape=0.5972
[17:43:33] warmStart (decay=exponential) 17% (199/1109) regret=0.106387 ape=0.5972
[17:43:33] warmStart (decay=exponential) 18% (200/1109) regret=0.106387 ape=0.5972
[17:43:33] warmStart (decay=exponential) 18% (201/1109) regret=0.106387 ape=0.5972
[17:43:33] warmStart (decay=exponential) 18% (202/1109) regret=0.106387 ape=0.5972
[17:43:33] warmStart (decay=exponential) 18% (203/1109) regret=0.106387 ape=0.5972
[17:43:34] warmStart (decay=exponential) 18% (204/1109) regret=0.106387 ape=0.5972
[17:43:34] warmStart (decay=exponential) 18% (205/1109) regret=0.106387 ape=0.5972
[17:43:34] warmStart (decay=exponential) 18% (206/1109) regret=0.106383 ape=0.5972
[17:43:34] warmStart (decay=exponential) 18% (207/1109) regret=0.106383 ape=0.5972
[17:43:35] warmStart (decay=exponential) 18% (208/1109) regret=0.106383 ape=0.5972
[17:43:35] warmStart (decay=exponential) 18% (209/1109) regret=0.106383 ape=0.5972
[17:43:35] warmStart (decay=exponential) 18% (210/1109) regret=0.106383 ape=0.5972
[17:43:35] warmStart (decay=exponential) 19% (211/1109) regret=0.106383 ape=0.5972
[17:43:35] warmStart (decay=exponential) 19% (212/1109) regret=0.106383 ape=0.5972
[17:43:36] warmStart (decay=exponential) 19% (213/1109) regret=0.106383 ape=0.5972
[17:43:36] warmStart (decay=exponential) 19% (214/1109) regret=0.106383 ape=0.5972
[17:43:36] warmStart (decay=exponential) 19% (215/1109) regret=0.106383 ape=0.5972
[17:43:36] warmStart (decay=exponential) 19% (216/1109) regret=0.106383 ape=0.5972
[17:43:36] warmStart (decay=exponential) 19% (217/1109) regret=0.106383 ape=0.5972
[17:43:37] warmStart (decay=exponential) 19% (218/1109) regret=0.106383 ape=0.5972
[17:43:37] warmStart (decay=exponential) 19% (219/1109) regret=0.106383 ape=0.5972
[17:43:37] warmStart (decay=exponential) 19% (220/1109) regret=0.106383 ape=0.5972
[17:43:37] warmStart (decay=exponential) 19% (221/1109) regret=0.106383 ape=0.5972
[17:43:37] warmStart (decay=exponential) 20% (222/1109) regret=0.106383 ape=0.5972
[17:43:38] warmStart (decay=exponential) 20% (223/1109) regret=0.106383 ape=0.5972
[17:43:38] warmStart (decay=exponential) 20% (224/1109) regret=0.106383 ape=0.5972
[17:43:38] warmStart (decay=exponential) 20% (225/1109) regret=0.106383 ape=0.5972
[17:43:38] warmStart (decay=exponential) 20% (226/1109) regret=0.106383 ape=0.5972
[17:43:39] warmStart (decay=exponential) 20% (227/1109) regret=0.106383 ape=0.5972
[17:43:39] warmStart (decay=exponential) 20% (228/1109) regret=0.106383 ape=0.5972
[17:43:39] warmStart (decay=exponential) 20% (229/1109) regret=0.106383 ape=0.5972
[17:43:39] warmStart (decay=exponential) 20% (230/1109) regret=0.106383 ape=0.5972
[17:43:39] warmStart (decay=exponential) 20% (231/1109) regret=0.106383 ape=0.5972
[17:43:39] warmStart (decay=exponential) 20% (232/1109) regret=0.106383 ape=0.5972
[17:43:40] warmStart (decay=exponential) 21% (233/1109) regret=0.106383 ape=0.5972
[17:43:40] warmStart (decay=exponential) 21% (234/1109) regret=0.106383 ape=0.5972
[17:43:40] warmStart (decay=exponential) 21% (235/1109) regret=0.106383 ape=0.5972
[17:43:40] warmStart (decay=exponential) 21% (236/1109) regret=0.106383 ape=0.5972
[17:43:40] warmStart (decay=exponential) 21% (237/1109) regret=0.106383 ape=0.5972
[17:43:40] warmStart (decay=exponential) 21% (238/1109) regret=0.106383 ape=0.5972
[17:43:41] warmStart (decay=exponential) 21% (239/1109) regret=0.106383 ape=0.5972
[17:43:41] warmStart (decay=exponential) 21% (240/1109) regret=0.106383 ape=0.5972
[17:43:41] warmStart (decay=exponential) 21% (241/1109) regret=0.106383 ape=0.5972
[17:43:41] warmStart (decay=exponential) 21% (242/1109) regret=0.106383 ape=0.5972
[17:43:41] warmStart (decay=exponential) 21% (243/1109) regret=0.106383 ape=0.5972
[17:43:41] warmStart (decay=exponential) 22% (244/1109) regret=0.106383 ape=0.5972
[17:43:42] warmStart (decay=exponential) 22% (245/1109) regret=0.106383 ape=0.5972
[17:43:42] warmStart (decay=exponential) 22% (246/1109) regret=0.106383 ape=0.5972
[17:43:42] warmStart (decay=exponential) 22% (247/1109) regret=0.106383 ape=0.5972
[17:43:42] warmStart (decay=exponential) 22% (248/1109) regret=0.106383 ape=0.5972
[17:43:42] warmStart (decay=exponential) 22% (249/1109) regret=0.106383 ape=0.5972
[17:43:42] warmStart (decay=exponential) 22% (250/1109) regret=0.106383 ape=0.5972
[17:43:43] warmStart (decay=exponential) 22% (251/1109) regret=0.106383 ape=0.5972
[17:43:43] warmStart (decay=exponential) 22% (252/1109) regret=0.106383 ape=0.5972
[17:43:43] warmStart (decay=exponential) 22% (253/1109) regret=0.106383 ape=0.5972
[17:43:43] warmStart (decay=exponential) 22% (254/1109) regret=0.106383 ape=0.5972
[17:43:43] warmStart (decay=exponential) 22% (255/1109) regret=0.106383 ape=0.5972
[17:43:43] warmStart (decay=exponential) 23% (256/1109) regret=0.106383 ape=0.5972
[17:43:44] warmStart (decay=exponential) 23% (257/1109) regret=0.106383 ape=0.5972
[17:43:44] warmStart (decay=exponential) 23% (258/1109) regret=0.106383 ape=0.5972
[17:43:44] warmStart (decay=exponential) 23% (259/1109) regret=0.106383 ape=0.5972
[17:43:44] warmStart (decay=exponential) 23% (260/1109) regret=0.106383 ape=0.5972
[17:43:44] warmStart (decay=exponential) 23% (261/1109) regret=0.106383 ape=0.5972
[17:43:44] warmStart (decay=exponential) 23% (262/1109) regret=0.106383 ape=0.5972
[17:43:45] warmStart (decay=exponential) 23% (263/1109) regret=0.106383 ape=0.5972
[17:43:45] warmStart (decay=exponential) 23% (264/1109) regret=0.106383 ape=0.5972
[17:43:45] warmStart (decay=exponential) 23% (265/1109) regret=0.106383 ape=0.5972
[17:43:45] warmStart (decay=exponential) 23% (266/1109) regret=0.106383 ape=0.5972
[17:43:45] warmStart (decay=exponential) 24% (267/1109) regret=0.106383 ape=0.5972
[17:43:45] warmStart (decay=exponential) 24% (268/1109) regret=0.106383 ape=0.5972
[17:43:46] warmStart (decay=exponential) 24% (269/1109) regret=0.106383 ape=0.5972
[17:43:46] warmStart (decay=exponential) 24% (270/1109) regret=0.106383 ape=0.5972
[17:43:46] warmStart (decay=exponential) 24% (271/1109) regret=0.106383 ape=0.5972
[17:43:46] warmStart (decay=exponential) 24% (272/1109) regret=0.106383 ape=0.5972
[17:43:46] warmStart (decay=exponential) 24% (273/1109) regret=0.106383 ape=0.5972
[17:43:46] warmStart (decay=exponential) 24% (274/1109) regret=0.106383 ape=0.5972
[17:43:46] warmStart (decay=exponential) 24% (275/1109) regret=0.106383 ape=0.5972
[17:43:47] warmStart (decay=exponential) 24% (276/1109) regret=0.106383 ape=0.5972
[17:43:47] warmStart (decay=exponential) 24% (277/1109) regret=0.106383 ape=0.5972
[17:43:47] warmStart (decay=exponential) 25% (278/1109) regret=0.106383 ape=0.5972
[17:43:47] warmStart (decay=exponential) 25% (279/1109) regret=0.106383 ape=0.5972
[17:43:47] warmStart (decay=exponential) 25% (280/1109) regret=0.106383 ape=0.5972
[17:43:47] warmStart (decay=exponential) 25% (281/1109) regret=0.106383 ape=0.5972
[17:43:48] warmStart (decay=exponential) 25% (282/1109) regret=0.106383 ape=0.5972
[17:43:48] warmStart (decay=exponential) 25% (283/1109) regret=0.106383 ape=0.5972
[17:43:48] warmStart (decay=exponential) 25% (284/1109) regret=0.106383 ape=0.5972
[17:43:48] warmStart (decay=exponential) 25% (285/1109) regret=0.106383 ape=0.5972
[17:43:48] warmStart (decay=exponential) 25% (286/1109) regret=0.106383 ape=0.5972
[17:43:48] warmStart (decay=exponential) 25% (287/1109) regret=0.106383 ape=0.5972
[17:43:49] warmStart (decay=exponential) 25% (288/1109) regret=0.106383 ape=0.5972
[17:43:49] warmStart (decay=exponential) 26% (289/1109) regret=0.106383 ape=0.5972
[17:43:49] warmStart (decay=exponential) 26% (290/1109) regret=0.106383 ape=0.5972
[17:43:49] warmStart (decay=exponential) 26% (291/1109) regret=0.106383 ape=0.5972
[17:43:49] warmStart (decay=exponential) 26% (292/1109) regret=0.106383 ape=0.5972
[17:43:49] warmStart (decay=exponential) 26% (293/1109) regret=0.106383 ape=0.5972
[17:43:50] warmStart (decay=exponential) 26% (294/1109) regret=0.106420 ape=0.5972
[17:43:50] warmStart (decay=exponential) 26% (295/1109) regret=0.106429 ape=0.5972
[17:43:50] warmStart (decay=exponential) 26% (296/1109) regret=0.106438 ape=0.5972
[17:43:50] warmStart (decay=exponential) 26% (297/1109) regret=0.106539 ape=0.5972
[17:43:50] warmStart (decay=exponential) 26% (298/1109) regret=0.106327 ape=0.5972
[17:43:50] warmStart (decay=exponential) 26% (299/1109) regret=0.106327 ape=0.5972
[17:43:51] warmStart (decay=exponential) 27% (300/1109) regret=0.106364 ape=0.5972
[17:43:51] warmStart (decay=exponential) 27% (301/1109) regret=0.106364 ape=0.5972
[17:43:51] warmStart (decay=exponential) 27% (302/1109) regret=0.106383 ape=0.5972
[17:43:51] warmStart (decay=exponential) 27% (303/1109) regret=0.106364 ape=0.5972
[17:43:51] warmStart (decay=exponential) 27% (304/1109) regret=0.106420 ape=0.5972
[17:43:51] warmStart (decay=exponential) 27% (305/1109) regret=0.106420 ape=0.5972
[17:43:52] warmStart (decay=exponential) 27% (306/1109) regret=0.106327 ape=0.5972
[17:43:52] warmStart (decay=exponential) 27% (307/1109) regret=0.106327 ape=0.5972
[17:43:52] warmStart (decay=exponential) 27% (308/1109) regret=0.106327 ape=0.5972
[17:43:52] warmStart (decay=exponential) 27% (309/1109) regret=0.106327 ape=0.5972
[17:43:52] warmStart (decay=exponential) 27% (310/1109) regret=0.106311 ape=0.5972
[17:43:52] warmStart (decay=exponential) 28% (311/1109) regret=0.106311 ape=0.5972
[17:43:52] warmStart (decay=exponential) 28% (312/1109) regret=0.106311 ape=0.5972
[17:43:53] warmStart (decay=exponential) 28% (313/1109) regret=0.106311 ape=0.5972
[17:43:53] warmStart (decay=exponential) 28% (314/1109) regret=0.106311 ape=0.5972
[17:43:53] warmStart (decay=exponential) 28% (315/1109) regret=0.106307 ape=0.5963
[17:43:53] warmStart (decay=exponential) 28% (316/1109) regret=0.106307 ape=0.5963
[17:43:53] warmStart (decay=exponential) 28% (317/1109) regret=0.106311 ape=0.5972
[17:43:53] warmStart (decay=exponential) 28% (318/1109) regret=0.106307 ape=0.5963
[17:43:54] warmStart (decay=exponential) 28% (319/1109) regret=0.106307 ape=0.5963
[17:43:54] warmStart (decay=exponential) 28% (320/1109) regret=0.106307 ape=0.5963
[17:43:54] warmStart (decay=exponential) 28% (321/1109) regret=0.106311 ape=0.5972
[17:43:54] warmStart (decay=exponential) 29% (322/1109) regret=0.106307 ape=0.5963
[17:43:54] warmStart (decay=exponential) 29% (323/1109) regret=0.106307 ape=0.5963
[17:43:54] warmStart (decay=exponential) 29% (324/1109) regret=0.106307 ape=0.5963
[17:43:54] warmStart (decay=exponential) 29% (325/1109) regret=0.106307 ape=0.5963
[17:43:55] warmStart (decay=exponential) 29% (326/1109) regret=0.106307 ape=0.5963
[17:43:55] warmStart (decay=exponential) 29% (327/1109) regret=0.106307 ape=0.5963
[17:43:55] warmStart (decay=exponential) 29% (328/1109) regret=0.106307 ape=0.5963
[17:43:55] warmStart (decay=exponential) 29% (329/1109) regret=0.106307 ape=0.5963
[17:43:55] warmStart (decay=exponential) 29% (330/1109) regret=0.106311 ape=0.5972
[17:43:55] warmStart (decay=exponential) 29% (331/1109) regret=0.106307 ape=0.5963
[17:43:56] warmStart (decay=exponential) 29% (332/1109) regret=0.106294 ape=0.5963
[17:43:56] warmStart (decay=exponential) 30% (333/1109) regret=0.106294 ape=0.5963
[17:43:56] warmStart (decay=exponential) 30% (334/1109) regret=0.106294 ape=0.5963
[17:43:56] warmStart (decay=exponential) 30% (335/1109) regret=0.106294 ape=0.5963
[17:43:56] warmStart (decay=exponential) 30% (336/1109) regret=0.106294 ape=0.5963
[17:43:56] warmStart (decay=exponential) 30% (337/1109) regret=0.106294 ape=0.5963
[17:43:56] warmStart (decay=exponential) 30% (338/1109) regret=0.106294 ape=0.5963
[17:43:57] warmStart (decay=exponential) 30% (339/1109) regret=0.106299 ape=0.5963
[17:43:57] warmStart (decay=exponential) 30% (340/1109) regret=0.106299 ape=0.5963
[17:43:57] warmStart (decay=exponential) 30% (341/1109) regret=0.106299 ape=0.5963
[17:43:57] warmStart (decay=exponential) 30% (342/1109) regret=0.106299 ape=0.5963
[17:43:57] warmStart (decay=exponential) 30% (343/1109) regret=0.106299 ape=0.5963
[17:43:57] warmStart (decay=exponential) 31% (344/1109) regret=0.106299 ape=0.5963
[17:43:58] warmStart (decay=exponential) 31% (345/1109) regret=0.106299 ape=0.5963
[17:43:58] warmStart (decay=exponential) 31% (346/1109) regret=0.106299 ape=0.5963
[17:43:58] warmStart (decay=exponential) 31% (347/1109) regret=0.106299 ape=0.5963
[17:43:58] warmStart (decay=exponential) 31% (348/1109) regret=0.106299 ape=0.5963
[17:43:58] warmStart (decay=exponential) 31% (349/1109) regret=0.106290 ape=0.5954
[17:43:58] warmStart (decay=exponential) 31% (350/1109) regret=0.106290 ape=0.5954
[17:43:59] warmStart (decay=exponential) 31% (351/1109) regret=0.106290 ape=0.5954
[17:43:59] warmStart (decay=exponential) 31% (352/1109) regret=0.106290 ape=0.5954
[17:43:59] warmStart (decay=exponential) 31% (353/1109) regret=0.106290 ape=0.5954
[17:43:59] warmStart (decay=exponential) 31% (354/1109) regret=0.106290 ape=0.5954
[17:43:59] warmStart (decay=exponential) 32% (355/1109) regret=0.106290 ape=0.5954
[17:43:59] warmStart (decay=exponential) 32% (356/1109) regret=0.106290 ape=0.5954
[17:43:59] warmStart (decay=exponential) 32% (357/1109) regret=0.106290 ape=0.5954
[17:44:00] warmStart (decay=exponential) 32% (358/1109) regret=0.106290 ape=0.5954
[17:44:00] warmStart (decay=exponential) 32% (359/1109) regret=0.106290 ape=0.5954
[17:44:00] warmStart (decay=exponential) 32% (360/1109) regret=0.106290 ape=0.5954
[17:44:00] warmStart (decay=exponential) 32% (361/1109) regret=0.106290 ape=0.5954
[17:44:00] warmStart (decay=exponential) 32% (362/1109) regret=0.106290 ape=0.5954
[17:44:00] warmStart (decay=exponential) 32% (363/1109) regret=0.106290 ape=0.5954
[17:44:01] warmStart (decay=exponential) 32% (364/1109) regret=0.106290 ape=0.5954
[17:44:01] warmStart (decay=exponential) 32% (365/1109) regret=0.106290 ape=0.5954
[17:44:01] warmStart (decay=exponential) 33% (366/1109) regret=0.106290 ape=0.5954
[17:44:01] warmStart (decay=exponential) 33% (367/1109) regret=0.106290 ape=0.5954
[17:44:01] warmStart (decay=exponential) 33% (368/1109) regret=0.106290 ape=0.5954
[17:44:01] warmStart (decay=exponential) 33% (369/1109) regret=0.106290 ape=0.5954
[17:44:02] warmStart (decay=exponential) 33% (370/1109) regret=0.106290 ape=0.5954
[17:44:02] warmStart (decay=exponential) 33% (371/1109) regret=0.106290 ape=0.5954
[17:44:02] warmStart (decay=exponential) 33% (372/1109) regret=0.106290 ape=0.5954
[17:44:02] warmStart (decay=exponential) 33% (373/1109) regret=0.106290 ape=0.5954
[17:44:02] warmStart (decay=exponential) 33% (374/1109) regret=0.106290 ape=0.5954
[17:44:02] warmStart (decay=exponential) 33% (375/1109) regret=0.106290 ape=0.5954
[17:44:03] warmStart (decay=exponential) 33% (376/1109) regret=0.106290 ape=0.5954
[17:44:03] warmStart (decay=exponential) 33% (377/1109) regret=0.106290 ape=0.5954
[17:44:03] warmStart (decay=exponential) 34% (378/1109) regret=0.106290 ape=0.5954
[17:44:03] warmStart (decay=exponential) 34% (379/1109) regret=0.106290 ape=0.5954
[17:44:03] warmStart (decay=exponential) 34% (380/1109) regret=0.106290 ape=0.5954
[17:44:03] warmStart (decay=exponential) 34% (381/1109) regret=0.106290 ape=0.5954
[17:44:03] warmStart (decay=exponential) 34% (382/1109) regret=0.106290 ape=0.5954
[17:44:04] warmStart (decay=exponential) 34% (383/1109) regret=0.106290 ape=0.5954
[17:44:04] warmStart (decay=exponential) 34% (384/1109) regret=0.106290 ape=0.5954
[17:44:04] warmStart (decay=exponential) 34% (385/1109) regret=0.106290 ape=0.5954
[17:44:04] warmStart (decay=exponential) 34% (386/1109) regret=0.106290 ape=0.5954
[17:44:04] warmStart (decay=exponential) 34% (387/1109) regret=0.106290 ape=0.5954
[17:44:04] warmStart (decay=exponential) 34% (388/1109) regret=0.106290 ape=0.5954
[17:44:05] warmStart (decay=exponential) 35% (389/1109) regret=0.106290 ape=0.5954
[17:44:05] warmStart (decay=exponential) 35% (390/1109) regret=0.106290 ape=0.5954
[17:44:05] warmStart (decay=exponential) 35% (391/1109) regret=0.106290 ape=0.5954
[17:44:05] warmStart (decay=exponential) 35% (392/1109) regret=0.106290 ape=0.5954
[17:44:05] warmStart (decay=exponential) 35% (393/1109) regret=0.106290 ape=0.5954
[17:44:05] warmStart (decay=exponential) 35% (394/1109) regret=0.106290 ape=0.5954
[17:44:06] warmStart (decay=exponential) 35% (395/1109) regret=0.106290 ape=0.5954
[17:44:06] warmStart (decay=exponential) 35% (396/1109) regret=0.106290 ape=0.5954
[17:44:06] warmStart (decay=exponential) 35% (397/1109) regret=0.106290 ape=0.5954
[17:44:06] warmStart (decay=exponential) 35% (398/1109) regret=0.106290 ape=0.5954
[17:44:06] warmStart (decay=exponential) 35% (399/1109) regret=0.106290 ape=0.5954
[17:44:06] warmStart (decay=exponential) 36% (400/1109) regret=0.106290 ape=0.5954
[17:44:07] warmStart (decay=exponential) 36% (401/1109) regret=0.106290 ape=0.5954
[17:44:07] warmStart (decay=exponential) 36% (402/1109) regret=0.106290 ape=0.5954
[17:44:07] warmStart (decay=exponential) 36% (403/1109) regret=0.106290 ape=0.5954
[17:44:07] warmStart (decay=exponential) 36% (404/1109) regret=0.106290 ape=0.5954
[17:44:07] warmStart (decay=exponential) 36% (405/1109) regret=0.106290 ape=0.5954
[17:44:07] warmStart (decay=exponential) 36% (406/1109) regret=0.106290 ape=0.5954
[17:44:08] warmStart (decay=exponential) 36% (407/1109) regret=0.106290 ape=0.5954
[17:44:08] warmStart (decay=exponential) 36% (408/1109) regret=0.106290 ape=0.5954
[17:44:08] warmStart (decay=exponential) 36% (409/1109) regret=0.106290 ape=0.5954
[17:44:08] warmStart (decay=exponential) 36% (410/1109) regret=0.106290 ape=0.5954
[17:44:08] warmStart (decay=exponential) 37% (411/1109) regret=0.106290 ape=0.5954
[17:44:08] warmStart (decay=exponential) 37% (412/1109) regret=0.106290 ape=0.5954
[17:44:09] warmStart (decay=exponential) 37% (413/1109) regret=0.106290 ape=0.5954
[17:44:09] warmStart (decay=exponential) 37% (414/1109) regret=0.106290 ape=0.5954
[17:44:09] warmStart (decay=exponential) 37% (415/1109) regret=0.106290 ape=0.5954
[17:44:09] warmStart (decay=exponential) 37% (416/1109) regret=0.106290 ape=0.5954
[17:44:09] warmStart (decay=exponential) 37% (417/1109) regret=0.106290 ape=0.5954
[17:44:09] warmStart (decay=exponential) 37% (418/1109) regret=0.106290 ape=0.5954
[17:44:09] warmStart (decay=exponential) 37% (419/1109) regret=0.106290 ape=0.5954
[17:44:10] warmStart (decay=exponential) 37% (420/1109) regret=0.106290 ape=0.5954
[17:44:10] warmStart (decay=exponential) 37% (421/1109) regret=0.106290 ape=0.5954
[17:44:10] warmStart (decay=exponential) 38% (422/1109) regret=0.106290 ape=0.5954
[17:44:10] warmStart (decay=exponential) 38% (423/1109) regret=0.106290 ape=0.5954
[17:44:10] warmStart (decay=exponential) 38% (424/1109) regret=0.106290 ape=0.5954
[17:44:10] warmStart (decay=exponential) 38% (425/1109) regret=0.106290 ape=0.5954
[17:44:11] warmStart (decay=exponential) 38% (426/1109) regret=0.106290 ape=0.5954
[17:44:11] warmStart (decay=exponential) 38% (427/1109) regret=0.106290 ape=0.5954
[17:44:11] warmStart (decay=exponential) 38% (428/1109) regret=0.106290 ape=0.5954
[17:44:11] warmStart (decay=exponential) 38% (429/1109) regret=0.106290 ape=0.5954
[17:44:11] warmStart (decay=exponential) 38% (430/1109) regret=0.106290 ape=0.5954
[17:44:11] warmStart (decay=exponential) 38% (431/1109) regret=0.106290 ape=0.5954
[17:44:11] warmStart (decay=exponential) 38% (432/1109) regret=0.106290 ape=0.5954
[17:44:12] warmStart (decay=exponential) 39% (433/1109) regret=0.106290 ape=0.5954
[17:44:12] warmStart (decay=exponential) 39% (434/1109) regret=0.106290 ape=0.5954
[17:44:12] warmStart (decay=exponential) 39% (435/1109) regret=0.106290 ape=0.5954
[17:44:12] warmStart (decay=exponential) 39% (436/1109) regret=0.106290 ape=0.5954
[17:44:12] warmStart (decay=exponential) 39% (437/1109) regret=0.106290 ape=0.5954
[17:44:12] warmStart (decay=exponential) 39% (438/1109) regret=0.106290 ape=0.5954
[17:44:13] warmStart (decay=exponential) 39% (439/1109) regret=0.106290 ape=0.5954
[17:44:13] warmStart (decay=exponential) 39% (440/1109) regret=0.106290 ape=0.5954
[17:44:13] warmStart (decay=exponential) 39% (441/1109) regret=0.106290 ape=0.5954
[17:44:13] warmStart (decay=exponential) 39% (442/1109) regret=0.106290 ape=0.5954
[17:44:13] warmStart (decay=exponential) 39% (443/1109) regret=0.106290 ape=0.5954
[17:44:13] warmStart (decay=exponential) 40% (444/1109) regret=0.106336 ape=0.5954
[17:44:14] warmStart (decay=exponential) 40% (445/1109) regret=0.106317 ape=0.5954
[17:44:14] warmStart (decay=exponential) 40% (446/1109) regret=0.106327 ape=0.5954
[17:44:14] warmStart (decay=exponential) 40% (447/1109) regret=0.106290 ape=0.5954
[17:44:14] warmStart (decay=exponential) 40% (448/1109) regret=0.106290 ape=0.5954
[17:44:14] warmStart (decay=exponential) 40% (449/1109) regret=0.106290 ape=0.5954
[17:44:14] warmStart (decay=exponential) 40% (450/1109) regret=0.106290 ape=0.5954
[17:44:15] warmStart (decay=exponential) 40% (451/1109) regret=0.106290 ape=0.5954
[17:44:15] warmStart (decay=exponential) 40% (452/1109) regret=0.106290 ape=0.5954
[17:44:15] warmStart (decay=exponential) 40% (453/1109) regret=0.106290 ape=0.5954
[17:44:15] warmStart (decay=exponential) 40% (454/1109) regret=0.106096 ape=0.5954
[17:44:15] warmStart (decay=exponential) 41% (455/1109) regret=0.105949 ape=0.5945
[17:44:16] warmStart (decay=exponential) 41% (456/1109) regret=0.106281 ape=0.5954
[17:44:16] warmStart (decay=exponential) 41% (457/1109) regret=0.106096 ape=0.5954
[17:44:16] warmStart (decay=exponential) 41% (458/1109) regret=0.106562 ape=0.5963
[17:44:16] warmStart (decay=exponential) 41% (459/1109) regret=0.106096 ape=0.5954
[17:44:16] warmStart (decay=exponential) 41% (460/1109) regret=0.106096 ape=0.5954
[17:44:17] warmStart (decay=exponential) 41% (461/1109) regret=0.106096 ape=0.5954
[17:44:17] warmStart (decay=exponential) 41% (462/1109) regret=0.106096 ape=0.5954
[17:44:17] warmStart (decay=exponential) 41% (463/1109) regret=0.106107 ape=0.5954
[17:44:17] warmStart (decay=exponential) 41% (464/1109) regret=0.106107 ape=0.5954
[17:44:17] warmStart (decay=exponential) 41% (465/1109) regret=0.106090 ape=0.5945
[17:44:18] warmStart (decay=exponential) 42% (466/1109) regret=0.106090 ape=0.5945
[17:44:18] warmStart (decay=exponential) 42% (467/1109) regret=0.106090 ape=0.5945
[17:44:18] warmStart (decay=exponential) 42% (468/1109) regret=0.106096 ape=0.5954
[17:44:18] warmStart (decay=exponential) 42% (469/1109) regret=0.106096 ape=0.5954
[17:44:19] warmStart (decay=exponential) 42% (470/1109) regret=0.106096 ape=0.5954
[17:44:19] warmStart (decay=exponential) 42% (471/1109) regret=0.106096 ape=0.5954
[17:44:19] warmStart (decay=exponential) 42% (472/1109) regret=0.106096 ape=0.5954
[17:44:19] warmStart (decay=exponential) 42% (473/1109) regret=0.106096 ape=0.5954
[17:44:19] warmStart (decay=exponential) 42% (474/1109) regret=0.106096 ape=0.5954
[17:44:20] warmStart (decay=exponential) 42% (475/1109) regret=0.106096 ape=0.5954
[17:44:20] warmStart (decay=exponential) 42% (476/1109) regret=0.106244 ape=0.5963
[17:44:20] warmStart (decay=exponential) 43% (477/1109) regret=0.106152 ape=0.5963
[17:44:20] warmStart (decay=exponential) 43% (478/1109) regret=0.106096 ape=0.5954
[17:44:20] warmStart (decay=exponential) 43% (479/1109) regret=0.106096 ape=0.5954
[17:44:21] warmStart (decay=exponential) 43% (480/1109) regret=0.106253 ape=0.5954
[17:44:21] warmStart (decay=exponential) 43% (481/1109) regret=0.106133 ape=0.5954
[17:44:21] warmStart (decay=exponential) 43% (482/1109) regret=0.105857 ape=0.5945
[17:44:21] warmStart (decay=exponential) 43% (483/1109) regret=0.105857 ape=0.5945
[17:44:21] warmStart (decay=exponential) 43% (484/1109) regret=0.105857 ape=0.5945
[17:44:22] warmStart (decay=exponential) 43% (485/1109) regret=0.105857 ape=0.5945
[17:44:22] warmStart (decay=exponential) 43% (486/1109) regret=0.105857 ape=0.5945
[17:44:22] warmStart (decay=exponential) 43% (487/1109) regret=0.105857 ape=0.5945
[17:44:22] warmStart (decay=exponential) 44% (488/1109) regret=0.105857 ape=0.5945
[17:44:22] warmStart (decay=exponential) 44% (489/1109) regret=0.105857 ape=0.5945
[17:44:23] warmStart (decay=exponential) 44% (490/1109) regret=0.105857 ape=0.5945
[17:44:23] warmStart (decay=exponential) 44% (491/1109) regret=0.105857 ape=0.5945
[17:44:23] warmStart (decay=exponential) 44% (492/1109) regret=0.105857 ape=0.5945
[17:44:23] warmStart (decay=exponential) 44% (493/1109) regret=0.105857 ape=0.5945
[17:44:23] warmStart (decay=exponential) 44% (494/1109) regret=0.105857 ape=0.5945
[17:44:23] warmStart (decay=exponential) 44% (495/1109) regret=0.105857 ape=0.5945
[17:44:24] warmStart (decay=exponential) 44% (496/1109) regret=0.105857 ape=0.5945
[17:44:24] warmStart (decay=exponential) 44% (497/1109) regret=0.105857 ape=0.5945
[17:44:24] warmStart (decay=exponential) 44% (498/1109) regret=0.105857 ape=0.5945
[17:44:24] warmStart (decay=exponential) 44% (499/1109) regret=0.105857 ape=0.5945
[17:44:24] warmStart (decay=exponential) 45% (500/1109) regret=0.105857 ape=0.5945
[17:44:25] warmStart (decay=exponential) 45% (501/1109) regret=0.105857 ape=0.5945
[17:44:25] warmStart (decay=exponential) 45% (502/1109) regret=0.105857 ape=0.5945
[17:44:25] warmStart (decay=exponential) 45% (503/1109) regret=0.105857 ape=0.5945
[17:44:25] warmStart (decay=exponential) 45% (504/1109) regret=0.105857 ape=0.5945
[17:44:25] warmStart (decay=exponential) 45% (505/1109) regret=0.105857 ape=0.5945
[17:44:26] warmStart (decay=exponential) 45% (506/1109) regret=0.106161 ape=0.5954
[17:44:26] warmStart (decay=exponential) 45% (507/1109) regret=0.105857 ape=0.5945
[17:44:26] warmStart (decay=exponential) 45% (508/1109) regret=0.105857 ape=0.5945
[17:44:26] warmStart (decay=exponential) 45% (509/1109) regret=0.105857 ape=0.5945
[17:44:26] warmStart (decay=exponential) 45% (510/1109) regret=0.105857 ape=0.5945
[17:44:27] warmStart (decay=exponential) 46% (511/1109) regret=0.105857 ape=0.5945
[17:44:27] warmStart (decay=exponential) 46% (512/1109) regret=0.105853 ape=0.5945
[17:44:27] warmStart (decay=exponential) 46% (513/1109) regret=0.105853 ape=0.5945
[17:44:27] warmStart (decay=exponential) 46% (514/1109) regret=0.105853 ape=0.5945
[17:44:27] warmStart (decay=exponential) 46% (515/1109) regret=0.105853 ape=0.5945
[17:44:28] warmStart (decay=exponential) 46% (516/1109) regret=0.105852 ape=0.5935
[17:44:28] warmStart (decay=exponential) 46% (517/1109) regret=0.105852 ape=0.5935
[17:44:28] warmStart (decay=exponential) 46% (518/1109) regret=0.105852 ape=0.5935
[17:44:28] warmStart (decay=exponential) 46% (519/1109) regret=0.105852 ape=0.5935
[17:44:28] warmStart (decay=exponential) 46% (520/1109) regret=0.105852 ape=0.5935
[17:44:28] warmStart (decay=exponential) 46% (521/1109) regret=0.105852 ape=0.5935
[17:44:29] warmStart (decay=exponential) 47% (522/1109) regret=0.105852 ape=0.5935
[17:44:29] warmStart (decay=exponential) 47% (523/1109) regret=0.105852 ape=0.5935
[17:44:29] warmStart (decay=exponential) 47% (524/1109) regret=0.105852 ape=0.5935
[17:44:29] warmStart (decay=exponential) 47% (525/1109) regret=0.105855 ape=0.5945
[17:44:29] warmStart (decay=exponential) 47% (526/1109) regret=0.105852 ape=0.5935
[17:44:30] warmStart (decay=exponential) 47% (527/1109) regret=0.105852 ape=0.5935
[17:44:30] warmStart (decay=exponential) 47% (528/1109) regret=0.105852 ape=0.5935
[17:44:30] warmStart (decay=exponential) 47% (529/1109) regret=0.105852 ape=0.5935
[17:44:30] warmStart (decay=exponential) 47% (530/1109) regret=0.105852 ape=0.5935
[17:44:30] warmStart (decay=exponential) 47% (531/1109) regret=0.105838 ape=0.5935
[17:44:31] warmStart (decay=exponential) 47% (532/1109) regret=0.105838 ape=0.5935
[17:44:31] warmStart (decay=exponential) 48% (533/1109) regret=0.105838 ape=0.5935
[17:44:31] warmStart (decay=exponential) 48% (534/1109) regret=0.105838 ape=0.5935
[17:44:31] warmStart (decay=exponential) 48% (535/1109) regret=0.105838 ape=0.5935
[17:44:32] warmStart (decay=exponential) 48% (536/1109) regret=0.105838 ape=0.5935
[17:44:32] warmStart (decay=exponential) 48% (537/1109) regret=0.105838 ape=0.5935
[17:44:32] warmStart (decay=exponential) 48% (538/1109) regret=0.105838 ape=0.5935
[17:44:32] warmStart (decay=exponential) 48% (539/1109) regret=0.105838 ape=0.5935
[17:44:32] warmStart (decay=exponential) 48% (540/1109) regret=0.105838 ape=0.5935
[17:44:33] warmStart (decay=exponential) 48% (541/1109) regret=0.105838 ape=0.5935
[17:44:33] warmStart (decay=exponential) 48% (542/1109) regret=0.105838 ape=0.5935
[17:44:33] warmStart (decay=exponential) 48% (543/1109) regret=0.105838 ape=0.5935
[17:44:33] warmStart (decay=exponential) 49% (544/1109) regret=0.105838 ape=0.5935
[17:44:34] warmStart (decay=exponential) 49% (545/1109) regret=0.105838 ape=0.5935
[17:44:34] warmStart (decay=exponential) 49% (546/1109) regret=0.105838 ape=0.5935
[17:44:34] warmStart (decay=exponential) 49% (547/1109) regret=0.105838 ape=0.5935
[17:44:34] warmStart (decay=exponential) 49% (548/1109) regret=0.105842 ape=0.5935
[17:44:34] warmStart (decay=exponential) 49% (549/1109) regret=0.105852 ape=0.5935
[17:44:35] warmStart (decay=exponential) 49% (550/1109) regret=0.105852 ape=0.5935
[17:44:35] warmStart (decay=exponential) 49% (551/1109) regret=0.105852 ape=0.5935
[17:44:35] warmStart (decay=exponential) 49% (552/1109) regret=0.105852 ape=0.5935
[17:44:35] warmStart (decay=exponential) 49% (553/1109) regret=0.105852 ape=0.5935
[17:44:35] warmStart (decay=exponential) 49% (554/1109) regret=0.105852 ape=0.5935
[17:44:36] warmStart (decay=exponential) 50% (555/1109) regret=0.105842 ape=0.5935
[17:44:36] warmStart (decay=exponential) 50% (556/1109) regret=0.105842 ape=0.5935
[17:44:36] warmStart (decay=exponential) 50% (557/1109) regret=0.105847 ape=0.5935
[17:44:36] warmStart (decay=exponential) 50% (558/1109) regret=0.105829 ape=0.5926
[17:44:37] warmStart (decay=exponential) 50% (559/1109) regret=0.105829 ape=0.5926
[17:44:37] warmStart (decay=exponential) 50% (560/1109) regret=0.105829 ape=0.5926
[17:44:37] warmStart (decay=exponential) 50% (561/1109) regret=0.105829 ape=0.5926
[17:44:37] warmStart (decay=exponential) 50% (562/1109) regret=0.105829 ape=0.5926
[17:44:37] warmStart (decay=exponential) 50% (563/1109) regret=0.105829 ape=0.5926
[17:44:38] warmStart (decay=exponential) 50% (564/1109) regret=0.105829 ape=0.5926
[17:44:38] warmStart (decay=exponential) 50% (565/1109) regret=0.105829 ape=0.5926
[17:44:38] warmStart (decay=exponential) 51% (566/1109) regret=0.105829 ape=0.5926
[17:44:38] warmStart (decay=exponential) 51% (567/1109) regret=0.105829 ape=0.5926
[17:44:38] warmStart (decay=exponential) 51% (568/1109) regret=0.105829 ape=0.5926
[17:44:39] warmStart (decay=exponential) 51% (569/1109) regret=0.105829 ape=0.5926
[17:44:39] warmStart (decay=exponential) 51% (570/1109) regret=0.105829 ape=0.5926
[17:44:39] warmStart (decay=exponential) 51% (571/1109) regret=0.105829 ape=0.5926
[17:44:39] warmStart (decay=exponential) 51% (572/1109) regret=0.105829 ape=0.5926
[17:44:39] warmStart (decay=exponential) 51% (573/1109) regret=0.105829 ape=0.5926
[17:44:40] warmStart (decay=exponential) 51% (574/1109) regret=0.105829 ape=0.5926
[17:44:40] warmStart (decay=exponential) 51% (575/1109) regret=0.105829 ape=0.5926
[17:44:40] warmStart (decay=exponential) 51% (576/1109) regret=0.105829 ape=0.5926
[17:44:40] warmStart (decay=exponential) 52% (577/1109) regret=0.105829 ape=0.5926
[17:44:40] warmStart (decay=exponential) 52% (578/1109) regret=0.105829 ape=0.5926
[17:44:41] warmStart (decay=exponential) 52% (579/1109) regret=0.105829 ape=0.5926
[17:44:41] warmStart (decay=exponential) 52% (580/1109) regret=0.105829 ape=0.5926
[17:44:41] warmStart (decay=exponential) 52% (581/1109) regret=0.105829 ape=0.5926
[17:44:41] warmStart (decay=exponential) 52% (582/1109) regret=0.105829 ape=0.5926
[17:44:41] warmStart (decay=exponential) 52% (583/1109) regret=0.105829 ape=0.5926
[17:44:42] warmStart (decay=exponential) 52% (584/1109) regret=0.105829 ape=0.5926
[17:44:42] warmStart (decay=exponential) 52% (585/1109) regret=0.105829 ape=0.5926
[17:44:42] warmStart (decay=exponential) 52% (586/1109) regret=0.105829 ape=0.5926
[17:44:42] warmStart (decay=exponential) 52% (587/1109) regret=0.105829 ape=0.5926
[17:44:42] warmStart (decay=exponential) 53% (588/1109) regret=0.105829 ape=0.5926
[17:44:43] warmStart (decay=exponential) 53% (589/1109) regret=0.105829 ape=0.5926
[17:44:43] warmStart (decay=exponential) 53% (590/1109) regret=0.105829 ape=0.5926
[17:44:43] warmStart (decay=exponential) 53% (591/1109) regret=0.105829 ape=0.5926
[17:44:43] warmStart (decay=exponential) 53% (592/1109) regret=0.105829 ape=0.5926
[17:44:43] warmStart (decay=exponential) 53% (593/1109) regret=0.105829 ape=0.5926
[17:44:44] warmStart (decay=exponential) 53% (594/1109) regret=0.105829 ape=0.5926
[17:44:44] warmStart (decay=exponential) 53% (595/1109) regret=0.105829 ape=0.5926
[17:44:44] warmStart (decay=exponential) 53% (596/1109) regret=0.105829 ape=0.5926
[17:44:44] warmStart (decay=exponential) 53% (597/1109) regret=0.105829 ape=0.5926
[17:44:44] warmStart (decay=exponential) 53% (598/1109) regret=0.105829 ape=0.5926
[17:44:45] warmStart (decay=exponential) 54% (599/1109) regret=0.105829 ape=0.5926
[17:44:45] warmStart (decay=exponential) 54% (600/1109) regret=0.105829 ape=0.5926
[17:44:45] warmStart (decay=exponential) 54% (601/1109) regret=0.105829 ape=0.5926
[17:44:45] warmStart (decay=exponential) 54% (602/1109) regret=0.105829 ape=0.5926
[17:44:45] warmStart (decay=exponential) 54% (603/1109) regret=0.105829 ape=0.5926
[17:44:46] warmStart (decay=exponential) 54% (604/1109) regret=0.105829 ape=0.5926
[17:44:46] warmStart (decay=exponential) 54% (605/1109) regret=0.105829 ape=0.5926
[17:44:46] warmStart (decay=exponential) 54% (606/1109) regret=0.105829 ape=0.5926
[17:44:46] warmStart (decay=exponential) 54% (607/1109) regret=0.105829 ape=0.5926
[17:44:46] warmStart (decay=exponential) 54% (608/1109) regret=0.105829 ape=0.5926
[17:44:47] warmStart (decay=exponential) 54% (609/1109) regret=0.105856 ape=0.5935
[17:44:47] warmStart (decay=exponential) 55% (610/1109) regret=0.105829 ape=0.5926
[17:44:47] warmStart (decay=exponential) 55% (611/1109) regret=0.105554 ape=0.5917
[17:44:47] warmStart (decay=exponential) 55% (612/1109) regret=0.105554 ape=0.5917
[17:44:47] warmStart (decay=exponential) 55% (613/1109) regret=0.105554 ape=0.5917
[17:44:47] warmStart (decay=exponential) 55% (614/1109) regret=0.105554 ape=0.5917
[17:44:48] warmStart (decay=exponential) 55% (615/1109) regret=0.105554 ape=0.5917
[17:44:48] warmStart (decay=exponential) 55% (616/1109) regret=0.105554 ape=0.5917
[17:44:48] warmStart (decay=exponential) 55% (617/1109) regret=0.105554 ape=0.5917
[17:44:48] warmStart (decay=exponential) 55% (618/1109) regret=0.105554 ape=0.5917
[17:44:48] warmStart (decay=exponential) 55% (619/1109) regret=0.105554 ape=0.5917
[17:44:49] warmStart (decay=exponential) 55% (620/1109) regret=0.105554 ape=0.5917
[17:44:49] warmStart (decay=exponential) 55% (621/1109) regret=0.105554 ape=0.5917
[17:44:49] warmStart (decay=exponential) 56% (622/1109) regret=0.105554 ape=0.5917
[17:44:49] warmStart (decay=exponential) 56% (623/1109) regret=0.105554 ape=0.5917
[17:44:49] warmStart (decay=exponential) 56% (624/1109) regret=0.105554 ape=0.5917
[17:44:50] warmStart (decay=exponential) 56% (625/1109) regret=0.105554 ape=0.5917
[17:44:50] warmStart (decay=exponential) 56% (626/1109) regret=0.105554 ape=0.5917
[17:44:50] warmStart (decay=exponential) 56% (627/1109) regret=0.105554 ape=0.5917
[17:44:50] warmStart (decay=exponential) 56% (628/1109) regret=0.105554 ape=0.5917
[17:44:51] warmStart (decay=exponential) 56% (629/1109) regret=0.105554 ape=0.5917
[17:44:51] warmStart (decay=exponential) 56% (630/1109) regret=0.105554 ape=0.5917
[17:44:51] warmStart (decay=exponential) 56% (631/1109) regret=0.105554 ape=0.5917
[17:44:51] warmStart (decay=exponential) 56% (632/1109) regret=0.105554 ape=0.5917
[17:44:51] warmStart (decay=exponential) 57% (633/1109) regret=0.105554 ape=0.5917
[17:44:52] warmStart (decay=exponential) 57% (634/1109) regret=0.105554 ape=0.5917
[17:44:52] warmStart (decay=exponential) 57% (635/1109) regret=0.105554 ape=0.5917
[17:44:52] warmStart (decay=exponential) 57% (636/1109) regret=0.105554 ape=0.5917
[17:44:52] warmStart (decay=exponential) 57% (637/1109) regret=0.105554 ape=0.5917
[17:44:53] warmStart (decay=exponential) 57% (638/1109) regret=0.105554 ape=0.5917
[17:44:53] warmStart (decay=exponential) 57% (639/1109) regret=0.105554 ape=0.5917
[17:44:53] warmStart (decay=exponential) 57% (640/1109) regret=0.105554 ape=0.5917
[17:44:53] warmStart (decay=exponential) 57% (641/1109) regret=0.105554 ape=0.5917
[17:44:53] warmStart (decay=exponential) 57% (642/1109) regret=0.105554 ape=0.5917
[17:44:54] warmStart (decay=exponential) 57% (643/1109) regret=0.105554 ape=0.5917
[17:44:54] warmStart (decay=exponential) 58% (644/1109) regret=0.105554 ape=0.5917
[17:44:54] warmStart (decay=exponential) 58% (645/1109) regret=0.105554 ape=0.5917
[17:44:54] warmStart (decay=exponential) 58% (646/1109) regret=0.105554 ape=0.5917
[17:44:54] warmStart (decay=exponential) 58% (647/1109) regret=0.105554 ape=0.5917
[17:44:55] warmStart (decay=exponential) 58% (648/1109) regret=0.105554 ape=0.5917
[17:44:55] warmStart (decay=exponential) 58% (649/1109) regret=0.105554 ape=0.5917
[17:44:55] warmStart (decay=exponential) 58% (650/1109) regret=0.105554 ape=0.5917
[17:44:55] warmStart (decay=exponential) 58% (651/1109) regret=0.105554 ape=0.5917
[17:44:56] warmStart (decay=exponential) 58% (652/1109) regret=0.105554 ape=0.5917
[17:44:56] warmStart (decay=exponential) 58% (653/1109) regret=0.105554 ape=0.5917
[17:44:56] warmStart (decay=exponential) 58% (654/1109) regret=0.105554 ape=0.5917
[17:44:56] warmStart (decay=exponential) 59% (655/1109) regret=0.105554 ape=0.5917
[17:44:56] warmStart (decay=exponential) 59% (656/1109) regret=0.105554 ape=0.5917
[17:44:57] warmStart (decay=exponential) 59% (657/1109) regret=0.105554 ape=0.5917
[17:44:57] warmStart (decay=exponential) 59% (658/1109) regret=0.105554 ape=0.5917
[17:44:57] warmStart (decay=exponential) 59% (659/1109) regret=0.105554 ape=0.5917
[17:44:57] warmStart (decay=exponential) 59% (660/1109) regret=0.105554 ape=0.5917
[17:44:57] warmStart (decay=exponential) 59% (661/1109) regret=0.105554 ape=0.5917
[17:44:58] warmStart (decay=exponential) 59% (662/1109) regret=0.105554 ape=0.5917
[17:44:58] warmStart (decay=exponential) 59% (663/1109) regret=0.105554 ape=0.5917
[17:44:58] warmStart (decay=exponential) 59% (664/1109) regret=0.105554 ape=0.5917
[17:44:58] warmStart (decay=exponential) 59% (665/1109) regret=0.105554 ape=0.5917
[17:44:59] warmStart (decay=exponential) 60% (666/1109) regret=0.105554 ape=0.5917
[17:44:59] warmStart (decay=exponential) 60% (667/1109) regret=0.105554 ape=0.5917
[17:44:59] warmStart (decay=exponential) 60% (668/1109) regret=0.105554 ape=0.5917
[17:44:59] warmStart (decay=exponential) 60% (669/1109) regret=0.105554 ape=0.5917
[17:44:59] warmStart (decay=exponential) 60% (670/1109) regret=0.105554 ape=0.5917
[17:45:00] warmStart (decay=exponential) 60% (671/1109) regret=0.105554 ape=0.5917
[17:45:00] warmStart (decay=exponential) 60% (672/1109) regret=0.105554 ape=0.5917
[17:45:00] warmStart (decay=exponential) 60% (673/1109) regret=0.105554 ape=0.5917
[17:45:00] warmStart (decay=exponential) 60% (674/1109) regret=0.105554 ape=0.5917
[17:45:01] warmStart (decay=exponential) 60% (675/1109) regret=0.105554 ape=0.5917
[17:45:01] warmStart (decay=exponential) 60% (676/1109) regret=0.105554 ape=0.5917
[17:45:01] warmStart (decay=exponential) 61% (677/1109) regret=0.105554 ape=0.5917
[17:45:01] warmStart (decay=exponential) 61% (678/1109) regret=0.105554 ape=0.5917
[17:45:01] warmStart (decay=exponential) 61% (679/1109) regret=0.105554 ape=0.5917
[17:45:02] warmStart (decay=exponential) 61% (680/1109) regret=0.105554 ape=0.5917
[17:45:02] warmStart (decay=exponential) 61% (681/1109) regret=0.105554 ape=0.5917
[17:45:02] warmStart (decay=exponential) 61% (682/1109) regret=0.105554 ape=0.5917
[17:45:02] warmStart (decay=exponential) 61% (683/1109) regret=0.105554 ape=0.5917
[17:45:02] warmStart (decay=exponential) 61% (684/1109) regret=0.105554 ape=0.5917
[17:45:03] warmStart (decay=exponential) 61% (685/1109) regret=0.105554 ape=0.5917
[17:45:03] warmStart (decay=exponential) 61% (686/1109) regret=0.105554 ape=0.5917
[17:45:03] warmStart (decay=exponential) 61% (687/1109) regret=0.105554 ape=0.5917
[17:45:03] warmStart (decay=exponential) 62% (688/1109) regret=0.105554 ape=0.5917
[17:45:04] warmStart (decay=exponential) 62% (689/1109) regret=0.105554 ape=0.5917
[17:45:04] warmStart (decay=exponential) 62% (690/1109) regret=0.105554 ape=0.5917
[17:45:04] warmStart (decay=exponential) 62% (691/1109) regret=0.105554 ape=0.5917
[17:45:04] warmStart (decay=exponential) 62% (692/1109) regret=0.105554 ape=0.5917
[17:45:04] warmStart (decay=exponential) 62% (693/1109) regret=0.105554 ape=0.5917
[17:45:05] warmStart (decay=exponential) 62% (694/1109) regret=0.105876 ape=0.5926
[17:45:05] warmStart (decay=exponential) 62% (695/1109) regret=0.105554 ape=0.5917
[17:45:05] warmStart (decay=exponential) 62% (696/1109) regret=0.105554 ape=0.5917
[17:45:05] warmStart (decay=exponential) 62% (697/1109) regret=0.105554 ape=0.5917
[17:45:06] warmStart (decay=exponential) 62% (698/1109) regret=0.105554 ape=0.5917
[17:45:06] warmStart (decay=exponential) 63% (699/1109) regret=0.105554 ape=0.5917
[17:45:06] warmStart (decay=exponential) 63% (700/1109) regret=0.105554 ape=0.5917
[17:45:06] warmStart (decay=exponential) 63% (701/1109) regret=0.105554 ape=0.5917
[17:45:06] warmStart (decay=exponential) 63% (702/1109) regret=0.105554 ape=0.5917
[17:45:07] warmStart (decay=exponential) 63% (703/1109) regret=0.105554 ape=0.5917
[17:45:07] warmStart (decay=exponential) 63% (704/1109) regret=0.105388 ape=0.5917
[17:45:07] warmStart (decay=exponential) 63% (705/1109) regret=0.105526 ape=0.5917
[17:45:07] warmStart (decay=exponential) 63% (706/1109) regret=0.105388 ape=0.5917
[17:45:08] warmStart (decay=exponential) 63% (707/1109) regret=0.105388 ape=0.5917
[17:45:08] warmStart (decay=exponential) 63% (708/1109) regret=0.105388 ape=0.5917
[17:45:08] warmStart (decay=exponential) 63% (709/1109) regret=0.105351 ape=0.5908
[17:45:08] warmStart (decay=exponential) 64% (710/1109) regret=0.105351 ape=0.5908
[17:45:08] warmStart (decay=exponential) 64% (711/1109) regret=0.105351 ape=0.5908
[17:45:09] warmStart (decay=exponential) 64% (712/1109) regret=0.105351 ape=0.5908
[17:45:09] warmStart (decay=exponential) 64% (713/1109) regret=0.105351 ape=0.5908
[17:45:09] warmStart (decay=exponential) 64% (714/1109) regret=0.105351 ape=0.5908
[17:45:09] warmStart (decay=exponential) 64% (715/1109) regret=0.105351 ape=0.5908
[17:45:09] warmStart (decay=exponential) 64% (716/1109) regret=0.105388 ape=0.5917
[17:45:10] warmStart (decay=exponential) 64% (717/1109) regret=0.105452 ape=0.5917
[17:45:10] warmStart (decay=exponential) 64% (718/1109) regret=0.105388 ape=0.5917
[17:45:10] warmStart (decay=exponential) 64% (719/1109) regret=0.105650 ape=0.5917
[17:45:10] warmStart (decay=exponential) 64% (720/1109) regret=0.105369 ape=0.5908
[17:45:10] warmStart (decay=exponential) 65% (721/1109) regret=0.105369 ape=0.5908
[17:45:11] warmStart (decay=exponential) 65% (722/1109) regret=0.105369 ape=0.5908
[17:45:11] warmStart (decay=exponential) 65% (723/1109) regret=0.105618 ape=0.5917
[17:45:11] warmStart (decay=exponential) 65% (724/1109) regret=0.105756 ape=0.5917
[17:45:11] warmStart (decay=exponential) 65% (725/1109) regret=0.105369 ape=0.5908
[17:45:11] warmStart (decay=exponential) 65% (726/1109) regret=0.105369 ape=0.5908
[17:45:12] warmStart (decay=exponential) 65% (727/1109) regret=0.105425 ape=0.5917
[17:45:12] warmStart (decay=exponential) 65% (728/1109) regret=0.105369 ape=0.5908
[17:45:12] warmStart (decay=exponential) 65% (729/1109) regret=0.105369 ape=0.5908
[17:45:12] warmStart (decay=exponential) 65% (730/1109) regret=0.105379 ape=0.5917
[17:45:12] warmStart (decay=exponential) 65% (731/1109) regret=0.105369 ape=0.5908
[17:45:13] warmStart (decay=exponential) 66% (732/1109) regret=0.105369 ape=0.5908
[17:45:13] warmStart (decay=exponential) 66% (733/1109) regret=0.105379 ape=0.5917
[17:45:13] warmStart (decay=exponential) 66% (734/1109) regret=0.105379 ape=0.5917
[17:45:13] warmStart (decay=exponential) 66% (735/1109) regret=0.105425 ape=0.5917
[17:45:14] warmStart (decay=exponential) 66% (736/1109) regret=0.105895 ape=0.5926
[17:45:14] warmStart (decay=exponential) 66% (737/1109) regret=0.105392 ape=0.5926
[17:45:14] warmStart (decay=exponential) 66% (738/1109) regret=0.105425 ape=0.5926
[17:45:14] warmStart (decay=exponential) 66% (739/1109) regret=0.105521 ape=0.5926
[17:45:14] warmStart (decay=exponential) 66% (740/1109) regret=0.105425 ape=0.5926
[17:45:15] warmStart (decay=exponential) 66% (741/1109) regret=0.105425 ape=0.5926
[17:45:15] warmStart (decay=exponential) 66% (742/1109) regret=0.105425 ape=0.5926
[17:45:15] warmStart (decay=exponential) 66% (743/1109) regret=0.105425 ape=0.5926
[17:45:15] warmStart (decay=exponential) 67% (744/1109) regret=0.105379 ape=0.5917
[17:45:15] warmStart (decay=exponential) 67% (745/1109) regret=0.105379 ape=0.5917
[17:45:16] warmStart (decay=exponential) 67% (746/1109) regret=0.105379 ape=0.5917
[17:45:16] warmStart (decay=exponential) 67% (747/1109) regret=0.105379 ape=0.5917
[17:45:16] warmStart (decay=exponential) 67% (748/1109) regret=0.105379 ape=0.5917
[17:45:16] warmStart (decay=exponential) 67% (749/1109) regret=0.105379 ape=0.5917
[17:45:16] warmStart (decay=exponential) 67% (750/1109) regret=0.105379 ape=0.5917
[17:45:17] warmStart (decay=exponential) 67% (751/1109) regret=0.105379 ape=0.5917
[17:45:17] warmStart (decay=exponential) 67% (752/1109) regret=0.105379 ape=0.5917
[17:45:17] warmStart (decay=exponential) 67% (753/1109) regret=0.105379 ape=0.5917
[17:45:17] warmStart (decay=exponential) 67% (754/1109) regret=0.105379 ape=0.5917
[17:45:17] warmStart (decay=exponential) 68% (755/1109) regret=0.105379 ape=0.5917
[17:45:18] warmStart (decay=exponential) 68% (756/1109) regret=0.105379 ape=0.5917
[17:45:18] warmStart (decay=exponential) 68% (757/1109) regret=0.105379 ape=0.5917
[17:45:18] warmStart (decay=exponential) 68% (758/1109) regret=0.105379 ape=0.5917
[17:45:18] warmStart (decay=exponential) 68% (759/1109) regret=0.105379 ape=0.5917
[17:45:18] warmStart (decay=exponential) 68% (760/1109) regret=0.105379 ape=0.5917
[17:45:19] warmStart (decay=exponential) 68% (761/1109) regret=0.105379 ape=0.5917
[17:45:19] warmStart (decay=exponential) 68% (762/1109) regret=0.105379 ape=0.5917
[17:45:19] warmStart (decay=exponential) 68% (763/1109) regret=0.105379 ape=0.5917
[17:45:19] warmStart (decay=exponential) 68% (764/1109) regret=0.105379 ape=0.5917
[17:45:20] warmStart (decay=exponential) 68% (765/1109) regret=0.105379 ape=0.5917
[17:45:20] warmStart (decay=exponential) 69% (766/1109) regret=0.105379 ape=0.5917
[17:45:20] warmStart (decay=exponential) 69% (767/1109) regret=0.105379 ape=0.5917
[17:45:20] warmStart (decay=exponential) 69% (768/1109) regret=0.105379 ape=0.5917
[17:45:20] warmStart (decay=exponential) 69% (769/1109) regret=0.105379 ape=0.5917
[17:45:21] warmStart (decay=exponential) 69% (770/1109) regret=0.105379 ape=0.5917
[17:45:21] warmStart (decay=exponential) 69% (771/1109) regret=0.105379 ape=0.5917
[17:45:21] warmStart (decay=exponential) 69% (772/1109) regret=0.105379 ape=0.5917
[17:45:21] warmStart (decay=exponential) 69% (773/1109) regret=0.105379 ape=0.5917
[17:45:21] warmStart (decay=exponential) 69% (774/1109) regret=0.105379 ape=0.5917
[17:45:22] warmStart (decay=exponential) 69% (775/1109) regret=0.105379 ape=0.5917
[17:45:22] warmStart (decay=exponential) 69% (776/1109) regret=0.105379 ape=0.5917
[17:45:22] warmStart (decay=exponential) 70% (777/1109) regret=0.105379 ape=0.5917
[17:45:22] warmStart (decay=exponential) 70% (778/1109) regret=0.105379 ape=0.5917
[17:45:22] warmStart (decay=exponential) 70% (779/1109) regret=0.105379 ape=0.5917
[17:45:23] warmStart (decay=exponential) 70% (780/1109) regret=0.105379 ape=0.5917
[17:45:23] warmStart (decay=exponential) 70% (781/1109) regret=0.105379 ape=0.5917
[17:45:23] warmStart (decay=exponential) 70% (782/1109) regret=0.105379 ape=0.5917
[17:45:23] warmStart (decay=exponential) 70% (783/1109) regret=0.105379 ape=0.5917
[17:45:24] warmStart (decay=exponential) 70% (784/1109) regret=0.105379 ape=0.5917
[17:45:24] warmStart (decay=exponential) 70% (785/1109) regret=0.105379 ape=0.5917
[17:45:24] warmStart (decay=exponential) 70% (786/1109) regret=0.105379 ape=0.5917
[17:45:24] warmStart (decay=exponential) 70% (787/1109) regret=0.105379 ape=0.5917
[17:45:24] warmStart (decay=exponential) 71% (788/1109) regret=0.105379 ape=0.5917
[17:45:25] warmStart (decay=exponential) 71% (789/1109) regret=0.105379 ape=0.5917
[17:45:25] warmStart (decay=exponential) 71% (790/1109) regret=0.105379 ape=0.5917
[17:45:25] warmStart (decay=exponential) 71% (791/1109) regret=0.105379 ape=0.5917
[17:45:25] warmStart (decay=exponential) 71% (792/1109) regret=0.105383 ape=0.5917
[17:45:25] warmStart (decay=exponential) 71% (793/1109) regret=0.105374 ape=0.5917
[17:45:26] warmStart (decay=exponential) 71% (794/1109) regret=0.105259 ape=0.5917
[17:45:26] warmStart (decay=exponential) 71% (795/1109) regret=0.105245 ape=0.5908
[17:45:26] warmStart (decay=exponential) 71% (796/1109) regret=0.105245 ape=0.5908
[17:45:26] warmStart (decay=exponential) 71% (797/1109) regret=0.105245 ape=0.5908
[17:45:26] warmStart (decay=exponential) 71% (798/1109) regret=0.105245 ape=0.5908
[17:45:27] warmStart (decay=exponential) 72% (799/1109) regret=0.105374 ape=0.5917
[17:45:27] warmStart (decay=exponential) 72% (800/1109) regret=0.105245 ape=0.5908
[17:45:27] warmStart (decay=exponential) 72% (801/1109) regret=0.105374 ape=0.5917
[17:45:27] warmStart (decay=exponential) 72% (802/1109) regret=0.105245 ape=0.5908
[17:45:28] warmStart (decay=exponential) 72% (803/1109) regret=0.105374 ape=0.5917
[17:45:28] warmStart (decay=exponential) 72% (804/1109) regret=0.105236 ape=0.5908
[17:45:28] warmStart (decay=exponential) 72% (805/1109) regret=0.105312 ape=0.5917
[17:45:28] warmStart (decay=exponential) 72% (806/1109) regret=0.105321 ape=0.5917
[17:45:28] warmStart (decay=exponential) 72% (807/1109) regret=0.105321 ape=0.5917
[17:45:29] warmStart (decay=exponential) 72% (808/1109) regret=0.105279 ape=0.5917
[17:45:29] warmStart (decay=exponential) 72% (809/1109) regret=0.105372 ape=0.5917
[17:45:29] warmStart (decay=exponential) 73% (810/1109) regret=0.105362 ape=0.5917
[17:45:29] warmStart (decay=exponential) 73% (811/1109) regret=0.105312 ape=0.5917
[17:45:30] warmStart (decay=exponential) 73% (812/1109) regret=0.105312 ape=0.5917
[17:45:30] warmStart (decay=exponential) 73% (813/1109) regret=0.105312 ape=0.5917
[17:45:30] warmStart (decay=exponential) 73% (814/1109) regret=0.105279 ape=0.5917
[17:45:30] warmStart (decay=exponential) 73% (815/1109) regret=0.105279 ape=0.5917
[17:45:30] warmStart (decay=exponential) 73% (816/1109) regret=0.105323 ape=0.5917
[17:45:31] warmStart (decay=exponential) 73% (817/1109) regret=0.105323 ape=0.5917
[17:45:31] warmStart (decay=exponential) 73% (818/1109) regret=0.105323 ape=0.5917
[17:45:31] warmStart (decay=exponential) 73% (819/1109) regret=0.105323 ape=0.5917
[17:45:31] warmStart (decay=exponential) 73% (820/1109) regret=0.105323 ape=0.5917
[17:45:32] warmStart (decay=exponential) 74% (821/1109) regret=0.105374 ape=0.5917
[17:45:32] warmStart (decay=exponential) 74% (822/1109) regret=0.105323 ape=0.5917
[17:45:32] warmStart (decay=exponential) 74% (823/1109) regret=0.105275 ape=0.5917
[17:45:32] warmStart (decay=exponential) 74% (824/1109) regret=0.105275 ape=0.5917
[17:45:32] warmStart (decay=exponential) 74% (825/1109) regret=0.105323 ape=0.5917
[17:45:33] warmStart (decay=exponential) 74% (826/1109) regret=0.105332 ape=0.5917
[17:45:33] warmStart (decay=exponential) 74% (827/1109) regret=0.105332 ape=0.5917
[17:45:33] warmStart (decay=exponential) 74% (828/1109) regret=0.105332 ape=0.5917
[17:45:33] warmStart (decay=exponential) 74% (829/1109) regret=0.105332 ape=0.5917
[17:45:34] warmStart (decay=exponential) 74% (830/1109) regret=0.105332 ape=0.5917
[17:45:34] warmStart (decay=exponential) 74% (831/1109) regret=0.105314 ape=0.5917
[17:45:34] warmStart (decay=exponential) 75% (832/1109) regret=0.105314 ape=0.5917
[17:45:34] warmStart (decay=exponential) 75% (833/1109) regret=0.105314 ape=0.5917
[17:45:35] warmStart (decay=exponential) 75% (834/1109) regret=0.105314 ape=0.5917
[17:45:35] warmStart (decay=exponential) 75% (835/1109) regret=0.105314 ape=0.5917
[17:45:35] warmStart (decay=exponential) 75% (836/1109) regret=0.105314 ape=0.5917
[17:45:35] warmStart (decay=exponential) 75% (837/1109) regret=0.105314 ape=0.5917
[17:45:35] warmStart (decay=exponential) 75% (838/1109) regret=0.105314 ape=0.5917
[17:45:36] warmStart (decay=exponential) 75% (839/1109) regret=0.105314 ape=0.5917
[17:45:36] warmStart (decay=exponential) 75% (840/1109) regret=0.105314 ape=0.5917
[17:45:36] warmStart (decay=exponential) 75% (841/1109) regret=0.105314 ape=0.5917
[17:45:36] warmStart (decay=exponential) 75% (842/1109) regret=0.105314 ape=0.5917
[17:45:37] warmStart (decay=exponential) 76% (843/1109) regret=0.105425 ape=0.5926
[17:45:37] warmStart (decay=exponential) 76% (844/1109) regret=0.105425 ape=0.5926
[17:45:37] warmStart (decay=exponential) 76% (845/1109) regret=0.105425 ape=0.5926
[17:45:37] warmStart (decay=exponential) 76% (846/1109) regret=0.105577 ape=0.5926
[17:45:37] warmStart (decay=exponential) 76% (847/1109) regret=0.105296 ape=0.5917
[17:45:37] warmStart (decay=exponential) 76% (848/1109) regret=0.105296 ape=0.5917
[17:45:38] warmStart (decay=exponential) 76% (849/1109) regret=0.105296 ape=0.5917
[17:45:38] warmStart (decay=exponential) 76% (850/1109) regret=0.105296 ape=0.5917
[17:45:38] warmStart (decay=exponential) 76% (851/1109) regret=0.105296 ape=0.5917
[17:45:38] warmStart (decay=exponential) 76% (852/1109) regret=0.105296 ape=0.5917
[17:45:38] warmStart (decay=exponential) 76% (853/1109) regret=0.105296 ape=0.5917
[17:45:39] warmStart (decay=exponential) 77% (854/1109) regret=0.105296 ape=0.5917
[17:45:39] warmStart (decay=exponential) 77% (855/1109) regret=0.105296 ape=0.5917
[17:45:39] warmStart (decay=exponential) 77% (856/1109) regret=0.105296 ape=0.5917
[17:45:39] warmStart (decay=exponential) 77% (857/1109) regret=0.105296 ape=0.5917
[17:45:39] warmStart (decay=exponential) 77% (858/1109) regret=0.105296 ape=0.5917
[17:45:39] warmStart (decay=exponential) 77% (859/1109) regret=0.105296 ape=0.5917
[17:45:39] warmStart (decay=exponential) 77% (860/1109) regret=0.105296 ape=0.5917
[17:45:40] warmStart (decay=exponential) 77% (861/1109) regret=0.105296 ape=0.5917
[17:45:40] warmStart (decay=exponential) 77% (862/1109) regret=0.105296 ape=0.5917
[17:45:40] warmStart (decay=exponential) 77% (863/1109) regret=0.105296 ape=0.5917
[17:45:40] warmStart (decay=exponential) 77% (864/1109) regret=0.105296 ape=0.5917
[17:45:40] warmStart (decay=exponential) 77% (865/1109) regret=0.105296 ape=0.5917
[17:45:40] warmStart (decay=exponential) 78% (866/1109) regret=0.105296 ape=0.5917
[17:45:41] warmStart (decay=exponential) 78% (867/1109) regret=0.105296 ape=0.5917
[17:45:41] warmStart (decay=exponential) 78% (868/1109) regret=0.105296 ape=0.5917
[17:45:41] warmStart (decay=exponential) 78% (869/1109) regret=0.105296 ape=0.5917
[17:45:41] warmStart (decay=exponential) 78% (870/1109) regret=0.105296 ape=0.5917
[17:45:41] warmStart (decay=exponential) 78% (871/1109) regret=0.105296 ape=0.5917
[17:45:41] warmStart (decay=exponential) 78% (872/1109) regret=0.105296 ape=0.5917
[17:45:42] warmStart (decay=exponential) 78% (873/1109) regret=0.105296 ape=0.5917
[17:45:42] warmStart (decay=exponential) 78% (874/1109) regret=0.105296 ape=0.5917
[17:45:42] warmStart (decay=exponential) 78% (875/1109) regret=0.105296 ape=0.5917
[17:45:42] warmStart (decay=exponential) 78% (876/1109) regret=0.105296 ape=0.5917
[17:45:42] warmStart (decay=exponential) 79% (877/1109) regret=0.105296 ape=0.5917
[17:45:42] warmStart (decay=exponential) 79% (878/1109) regret=0.105296 ape=0.5917
[17:45:43] warmStart (decay=exponential) 79% (879/1109) regret=0.105296 ape=0.5917
[17:45:43] warmStart (decay=exponential) 79% (880/1109) regret=0.105296 ape=0.5917
[17:45:43] warmStart (decay=exponential) 79% (881/1109) regret=0.105296 ape=0.5917
[17:45:43] warmStart (decay=exponential) 79% (882/1109) regret=0.105296 ape=0.5917
[17:45:43] warmStart (decay=exponential) 79% (883/1109) regret=0.105296 ape=0.5917
[17:45:43] warmStart (decay=exponential) 79% (884/1109) regret=0.105296 ape=0.5917
[17:45:44] warmStart (decay=exponential) 79% (885/1109) regret=0.105296 ape=0.5917
[17:45:44] warmStart (decay=exponential) 79% (886/1109) regret=0.105296 ape=0.5917
[17:45:44] warmStart (decay=exponential) 79% (887/1109) regret=0.105296 ape=0.5917
[17:45:44] warmStart (decay=exponential) 80% (888/1109) regret=0.105296 ape=0.5917
[17:45:44] warmStart (decay=exponential) 80% (889/1109) regret=0.105296 ape=0.5917
[17:45:44] warmStart (decay=exponential) 80% (890/1109) regret=0.105296 ape=0.5917
[17:45:45] warmStart (decay=exponential) 80% (891/1109) regret=0.105296 ape=0.5917
[17:45:45] warmStart (decay=exponential) 80% (892/1109) regret=0.105296 ape=0.5917
[17:45:45] warmStart (decay=exponential) 80% (893/1109) regret=0.105296 ape=0.5917
[17:45:45] warmStart (decay=exponential) 80% (894/1109) regret=0.105296 ape=0.5917
[17:45:45] warmStart (decay=exponential) 80% (895/1109) regret=0.105296 ape=0.5917
[17:45:45] warmStart (decay=exponential) 80% (896/1109) regret=0.105296 ape=0.5917
[17:45:46] warmStart (decay=exponential) 80% (897/1109) regret=0.105296 ape=0.5917
[17:45:46] warmStart (decay=exponential) 80% (898/1109) regret=0.105296 ape=0.5917
[17:45:46] warmStart (decay=exponential) 81% (899/1109) regret=0.105296 ape=0.5917
[17:45:46] warmStart (decay=exponential) 81% (900/1109) regret=0.105296 ape=0.5917
[17:45:46] warmStart (decay=exponential) 81% (901/1109) regret=0.105296 ape=0.5917
[17:45:46] warmStart (decay=exponential) 81% (902/1109) regret=0.105296 ape=0.5917
[17:45:47] warmStart (decay=exponential) 81% (903/1109) regret=0.105296 ape=0.5917
[17:45:47] warmStart (decay=exponential) 81% (904/1109) regret=0.105296 ape=0.5917
[17:45:47] warmStart (decay=exponential) 81% (905/1109) regret=0.105296 ape=0.5917
[17:45:47] warmStart (decay=exponential) 81% (906/1109) regret=0.105296 ape=0.5917
[17:45:47] warmStart (decay=exponential) 81% (907/1109) regret=0.105296 ape=0.5917
[17:45:47] warmStart (decay=exponential) 81% (908/1109) regret=0.105296 ape=0.5917
[17:45:48] warmStart (decay=exponential) 81% (909/1109) regret=0.105296 ape=0.5917
[17:45:48] warmStart (decay=exponential) 82% (910/1109) regret=0.105296 ape=0.5917
[17:45:48] warmStart (decay=exponential) 82% (911/1109) regret=0.105296 ape=0.5917
[17:45:48] warmStart (decay=exponential) 82% (912/1109) regret=0.105296 ape=0.5917
[17:45:48] warmStart (decay=exponential) 82% (913/1109) regret=0.105296 ape=0.5917
[17:45:49] warmStart (decay=exponential) 82% (914/1109) regret=0.105296 ape=0.5917
[17:45:49] warmStart (decay=exponential) 82% (915/1109) regret=0.105296 ape=0.5917
[17:45:49] warmStart (decay=exponential) 82% (916/1109) regret=0.105296 ape=0.5917
[17:45:49] warmStart (decay=exponential) 82% (917/1109) regret=0.105296 ape=0.5917
[17:45:49] warmStart (decay=exponential) 82% (918/1109) regret=0.105296 ape=0.5917
[17:45:49] warmStart (decay=exponential) 82% (919/1109) regret=0.105296 ape=0.5917
[17:45:50] warmStart (decay=exponential) 82% (920/1109) regret=0.105296 ape=0.5917
[17:45:50] warmStart (decay=exponential) 83% (921/1109) regret=0.105296 ape=0.5917
[17:45:50] warmStart (decay=exponential) 83% (922/1109) regret=0.105296 ape=0.5917
[17:45:50] warmStart (decay=exponential) 83% (923/1109) regret=0.105296 ape=0.5917
[17:45:50] warmStart (decay=exponential) 83% (924/1109) regret=0.105296 ape=0.5917
[17:45:51] warmStart (decay=exponential) 83% (925/1109) regret=0.105296 ape=0.5917
[17:45:51] warmStart (decay=exponential) 83% (926/1109) regret=0.105296 ape=0.5917
[17:45:51] warmStart (decay=exponential) 83% (927/1109) regret=0.105296 ape=0.5917
[17:45:51] warmStart (decay=exponential) 83% (928/1109) regret=0.105296 ape=0.5917
[17:45:51] warmStart (decay=exponential) 83% (929/1109) regret=0.105296 ape=0.5917
[17:45:51] warmStart (decay=exponential) 83% (930/1109) regret=0.105296 ape=0.5917
[17:45:52] warmStart (decay=exponential) 83% (931/1109) regret=0.105296 ape=0.5917
[17:45:52] warmStart (decay=exponential) 84% (932/1109) regret=0.105296 ape=0.5917
[17:45:52] warmStart (decay=exponential) 84% (933/1109) regret=0.105296 ape=0.5917
[17:45:52] warmStart (decay=exponential) 84% (934/1109) regret=0.105296 ape=0.5917
[17:45:52] warmStart (decay=exponential) 84% (935/1109) regret=0.105296 ape=0.5917
[17:45:53] warmStart (decay=exponential) 84% (936/1109) regret=0.105296 ape=0.5917
[17:45:53] warmStart (decay=exponential) 84% (937/1109) regret=0.105296 ape=0.5917
[17:45:53] warmStart (decay=exponential) 84% (938/1109) regret=0.105296 ape=0.5917
[17:45:53] warmStart (decay=exponential) 84% (939/1109) regret=0.105296 ape=0.5917
[17:45:53] warmStart (decay=exponential) 84% (940/1109) regret=0.105296 ape=0.5917
[17:45:53] warmStart (decay=exponential) 84% (941/1109) regret=0.105296 ape=0.5917
[17:45:54] warmStart (decay=exponential) 84% (942/1109) regret=0.105296 ape=0.5917
[17:45:54] warmStart (decay=exponential) 85% (943/1109) regret=0.105296 ape=0.5917
[17:45:54] warmStart (decay=exponential) 85% (944/1109) regret=0.105296 ape=0.5917
[17:45:54] warmStart (decay=exponential) 85% (945/1109) regret=0.105296 ape=0.5917
[17:45:54] warmStart (decay=exponential) 85% (946/1109) regret=0.105296 ape=0.5917
[17:45:54] warmStart (decay=exponential) 85% (947/1109) regret=0.105296 ape=0.5917
[17:45:55] warmStart (decay=exponential) 85% (948/1109) regret=0.105296 ape=0.5917
[17:45:55] warmStart (decay=exponential) 85% (949/1109) regret=0.105296 ape=0.5917
[17:45:55] warmStart (decay=exponential) 85% (950/1109) regret=0.105296 ape=0.5917
[17:45:55] warmStart (decay=exponential) 85% (951/1109) regret=0.105296 ape=0.5917
[17:45:55] warmStart (decay=exponential) 85% (952/1109) regret=0.105296 ape=0.5917
[17:45:56] warmStart (decay=exponential) 85% (953/1109) regret=0.105296 ape=0.5917
[17:45:56] warmStart (decay=exponential) 86% (954/1109) regret=0.105296 ape=0.5917
[17:45:56] warmStart (decay=exponential) 86% (955/1109) regret=0.105296 ape=0.5917
[17:45:56] warmStart (decay=exponential) 86% (956/1109) regret=0.105296 ape=0.5917
[17:45:56] warmStart (decay=exponential) 86% (957/1109) regret=0.105296 ape=0.5917
[17:45:56] warmStart (decay=exponential) 86% (958/1109) regret=0.105296 ape=0.5917
[17:45:57] warmStart (decay=exponential) 86% (959/1109) regret=0.105296 ape=0.5917
[17:45:57] warmStart (decay=exponential) 86% (960/1109) regret=0.105296 ape=0.5917
[17:45:57] warmStart (decay=exponential) 86% (961/1109) regret=0.105296 ape=0.5917
[17:45:57] warmStart (decay=exponential) 86% (962/1109) regret=0.105296 ape=0.5917
[17:45:57] warmStart (decay=exponential) 86% (963/1109) regret=0.105296 ape=0.5917
[17:45:58] warmStart (decay=exponential) 86% (964/1109) regret=0.105288 ape=0.5908
[17:45:58] warmStart (decay=exponential) 87% (965/1109) regret=0.105296 ape=0.5917
[17:45:58] warmStart (decay=exponential) 87% (966/1109) regret=0.105296 ape=0.5917
[17:45:58] warmStart (decay=exponential) 87% (967/1109) regret=0.105296 ape=0.5917
[17:45:58] warmStart (decay=exponential) 87% (968/1109) regret=0.105296 ape=0.5917
[17:45:58] warmStart (decay=exponential) 87% (969/1109) regret=0.105296 ape=0.5917
[17:45:58] warmStart (decay=exponential) 87% (970/1109) regret=0.105296 ape=0.5917
[17:45:59] warmStart (decay=exponential) 87% (971/1109) regret=0.105296 ape=0.5917
[17:45:59] warmStart (decay=exponential) 87% (972/1109) regret=0.105296 ape=0.5917
[17:45:59] warmStart (decay=exponential) 87% (973/1109) regret=0.105296 ape=0.5917
[17:45:59] warmStart (decay=exponential) 87% (974/1109) regret=0.105296 ape=0.5917
[17:45:59] warmStart (decay=exponential) 87% (975/1109) regret=0.105296 ape=0.5917
[17:45:59] warmStart (decay=exponential) 88% (976/1109) regret=0.105296 ape=0.5917
[17:46:00] warmStart (decay=exponential) 88% (977/1109) regret=0.105296 ape=0.5917
[17:46:00] warmStart (decay=exponential) 88% (978/1109) regret=0.105296 ape=0.5917
[17:46:00] warmStart (decay=exponential) 88% (979/1109) regret=0.105296 ape=0.5917
[17:46:00] warmStart (decay=exponential) 88% (980/1109) regret=0.105296 ape=0.5917
[17:46:00] warmStart (decay=exponential) 88% (981/1109) regret=0.105296 ape=0.5917
[17:46:00] warmStart (decay=exponential) 88% (982/1109) regret=0.105296 ape=0.5917
[17:46:00] warmStart (decay=exponential) 88% (983/1109) regret=0.105288 ape=0.5908
[17:46:01] warmStart (decay=exponential) 88% (984/1109) regret=0.105288 ape=0.5908
[17:46:01] warmStart (decay=exponential) 88% (985/1109) regret=0.105288 ape=0.5908
[17:46:01] warmStart (decay=exponential) 88% (986/1109) regret=0.105288 ape=0.5908
[17:46:01] warmStart (decay=exponential) 88% (987/1109) regret=0.105288 ape=0.5908
[17:46:01] warmStart (decay=exponential) 89% (988/1109) regret=0.105299 ape=0.5908
[17:46:01] warmStart (decay=exponential) 89% (989/1109) regret=0.105289 ape=0.5908
[17:46:02] warmStart (decay=exponential) 89% (990/1109) regret=0.105299 ape=0.5908
[17:46:02] warmStart (decay=exponential) 89% (991/1109) regret=0.105289 ape=0.5908
[17:46:02] warmStart (decay=exponential) 89% (992/1109) regret=0.105289 ape=0.5908
[17:46:02] warmStart (decay=exponential) 89% (993/1109) regret=0.105289 ape=0.5908
[17:46:02] warmStart (decay=exponential) 89% (994/1109) regret=0.105289 ape=0.5908
[17:46:02] warmStart (decay=exponential) 89% (995/1109) regret=0.105289 ape=0.5908
[17:46:02] warmStart (decay=exponential) 89% (996/1109) regret=0.105289 ape=0.5908
[17:46:03] warmStart (decay=exponential) 89% (997/1109) regret=0.105289 ape=0.5908
[17:46:03] warmStart (decay=exponential) 89% (998/1109) regret=0.105289 ape=0.5908
[17:46:03] warmStart (decay=exponential) 90% (999/1109) regret=0.105289 ape=0.5908
[17:46:03] warmStart (decay=exponential) 90% (1000/1109) regret=0.105289 ape=0.5908
[17:46:03] warmStart (decay=exponential) 90% (1001/1109) regret=0.105289 ape=0.5908
[17:46:03] warmStart (decay=exponential) 90% (1002/1109) regret=0.105289 ape=0.5908
[17:46:04] warmStart (decay=exponential) 90% (1003/1109) regret=0.105289 ape=0.5908
[17:46:04] warmStart (decay=exponential) 90% (1004/1109) regret=0.105289 ape=0.5908
[17:46:04] warmStart (decay=exponential) 90% (1005/1109) regret=0.105289 ape=0.5908
[17:46:04] warmStart (decay=exponential) 90% (1006/1109) regret=0.105289 ape=0.5908
[17:46:04] warmStart (decay=exponential) 90% (1007/1109) regret=0.105289 ape=0.5908
[17:46:04] warmStart (decay=exponential) 90% (1008/1109) regret=0.105289 ape=0.5908
[17:46:04] warmStart (decay=exponential) 90% (1009/1109) regret=0.105233 ape=0.5899
[17:46:05] warmStart (decay=exponential) 91% (1010/1109) regret=0.105316 ape=0.5908
[17:46:05] warmStart (decay=exponential) 91% (1011/1109) regret=0.105233 ape=0.5899
[17:46:05] warmStart (decay=exponential) 91% (1012/1109) regret=0.105316 ape=0.5908
[17:46:05] warmStart (decay=exponential) 91% (1013/1109) regret=0.105316 ape=0.5908
[17:46:05] warmStart (decay=exponential) 91% (1014/1109) regret=0.105326 ape=0.5908
[17:46:05] warmStart (decay=exponential) 91% (1015/1109) regret=0.105233 ape=0.5899
[17:46:06] warmStart (decay=exponential) 91% (1016/1109) regret=0.105233 ape=0.5899
[17:46:06] warmStart (decay=exponential) 91% (1017/1109) regret=0.105233 ape=0.5899
[17:46:06] warmStart (decay=exponential) 91% (1018/1109) regret=0.105233 ape=0.5899
[17:46:06] warmStart (decay=exponential) 91% (1019/1109) regret=0.105233 ape=0.5899
[17:46:06] warmStart (decay=exponential) 91% (1020/1109) regret=0.105233 ape=0.5899
[17:46:06] warmStart (decay=exponential) 92% (1021/1109) regret=0.105233 ape=0.5899
[17:46:06] warmStart (decay=exponential) 92% (1022/1109) regret=0.105233 ape=0.5899
[17:46:07] warmStart (decay=exponential) 92% (1023/1109) regret=0.105233 ape=0.5899
[17:46:07] warmStart (decay=exponential) 92% (1024/1109) regret=0.105233 ape=0.5899
[17:46:07] warmStart (decay=exponential) 92% (1025/1109) regret=0.105233 ape=0.5899
[17:46:07] warmStart (decay=exponential) 92% (1026/1109) regret=0.105233 ape=0.5899
[17:46:07] warmStart (decay=exponential) 92% (1027/1109) regret=0.105233 ape=0.5899
[17:46:07] warmStart (decay=exponential) 92% (1028/1109) regret=0.105233 ape=0.5899
[17:46:08] warmStart (decay=exponential) 92% (1029/1109) regret=0.105233 ape=0.5899
[17:46:08] warmStart (decay=exponential) 92% (1030/1109) regret=0.105233 ape=0.5899
[17:46:08] warmStart (decay=exponential) 92% (1031/1109) regret=0.105233 ape=0.5899
[17:46:08] warmStart (decay=exponential) 93% (1032/1109) regret=0.105233 ape=0.5899
[17:46:08] warmStart (decay=exponential) 93% (1033/1109) regret=0.105233 ape=0.5899
[17:46:08] warmStart (decay=exponential) 93% (1034/1109) regret=0.105233 ape=0.5899
[17:46:08] warmStart (decay=exponential) 93% (1035/1109) regret=0.105233 ape=0.5899
[17:46:09] warmStart (decay=exponential) 93% (1036/1109) regret=0.105233 ape=0.5899
[17:46:09] warmStart (decay=exponential) 93% (1037/1109) regret=0.105233 ape=0.5899
[17:46:09] warmStart (decay=exponential) 93% (1038/1109) regret=0.105233 ape=0.5899
[17:46:09] warmStart (decay=exponential) 93% (1039/1109) regret=0.105233 ape=0.5899
[17:46:09] warmStart (decay=exponential) 93% (1040/1109) regret=0.105233 ape=0.5899
[17:46:10] warmStart (decay=exponential) 93% (1041/1109) regret=0.105233 ape=0.5899
[17:46:10] warmStart (decay=exponential) 93% (1042/1109) regret=0.105233 ape=0.5899
[17:46:10] warmStart (decay=exponential) 94% (1043/1109) regret=0.105233 ape=0.5899
[17:46:10] warmStart (decay=exponential) 94% (1044/1109) regret=0.105233 ape=0.5899
[17:46:10] warmStart (decay=exponential) 94% (1045/1109) regret=0.105233 ape=0.5899
[17:46:11] warmStart (decay=exponential) 94% (1046/1109) regret=0.105233 ape=0.5899
[17:46:11] warmStart (decay=exponential) 94% (1047/1109) regret=0.105233 ape=0.5899
[17:46:11] warmStart (decay=exponential) 94% (1048/1109) regret=0.105233 ape=0.5899
[17:46:11] warmStart (decay=exponential) 94% (1049/1109) regret=0.105233 ape=0.5899
[17:46:11] warmStart (decay=exponential) 94% (1050/1109) regret=0.105233 ape=0.5899
[17:46:12] warmStart (decay=exponential) 94% (1051/1109) regret=0.105233 ape=0.5899
[17:46:12] warmStart (decay=exponential) 94% (1052/1109) regret=0.105233 ape=0.5899
[17:46:12] warmStart (decay=exponential) 94% (1053/1109) regret=0.105233 ape=0.5899
[17:46:12] warmStart (decay=exponential) 95% (1054/1109) regret=0.105233 ape=0.5899
[17:46:12] warmStart (decay=exponential) 95% (1055/1109) regret=0.105233 ape=0.5899
[17:46:12] warmStart (decay=exponential) 95% (1056/1109) regret=0.105233 ape=0.5899
[17:46:13] warmStart (decay=exponential) 95% (1057/1109) regret=0.105233 ape=0.5899
[17:46:13] warmStart (decay=exponential) 95% (1058/1109) regret=0.105233 ape=0.5899
[17:46:13] warmStart (decay=exponential) 95% (1059/1109) regret=0.105233 ape=0.5899
[17:46:13] warmStart (decay=exponential) 95% (1060/1109) regret=0.105233 ape=0.5899
[17:46:13] warmStart (decay=exponential) 95% (1061/1109) regret=0.105233 ape=0.5899
[17:46:14] warmStart (decay=exponential) 95% (1062/1109) regret=0.105233 ape=0.5899
[17:46:14] warmStart (decay=exponential) 95% (1063/1109) regret=0.105233 ape=0.5899
[17:46:14] warmStart (decay=exponential) 95% (1064/1109) regret=0.105233 ape=0.5899
[17:46:14] warmStart (decay=exponential) 96% (1065/1109) regret=0.105233 ape=0.5899
[17:46:15] warmStart (decay=exponential) 96% (1066/1109) regret=0.105233 ape=0.5899
[17:46:15] warmStart (decay=exponential) 96% (1067/1109) regret=0.105233 ape=0.5899
[17:46:15] warmStart (decay=exponential) 96% (1068/1109) regret=0.105233 ape=0.5899
[17:46:15] warmStart (decay=exponential) 96% (1069/1109) regret=0.105233 ape=0.5899
[17:46:15] warmStart (decay=exponential) 96% (1070/1109) regret=0.105233 ape=0.5899
[17:46:16] warmStart (decay=exponential) 96% (1071/1109) regret=0.105233 ape=0.5899
[17:46:16] warmStart (decay=exponential) 96% (1072/1109) regret=0.105233 ape=0.5899
[17:46:16] warmStart (decay=exponential) 96% (1073/1109) regret=0.105176 ape=0.5899
[17:46:16] warmStart (decay=exponential) 96% (1074/1109) regret=0.105173 ape=0.5899
[17:46:16] warmStart (decay=exponential) 96% (1075/1109) regret=0.105160 ape=0.5899
[17:46:17] warmStart (decay=exponential) 97% (1076/1109) regret=0.105160 ape=0.5899
[17:46:17] warmStart (decay=exponential) 97% (1077/1109) regret=0.105176 ape=0.5899
[17:46:17] warmStart (decay=exponential) 97% (1078/1109) regret=0.105160 ape=0.5899
[17:46:17] warmStart (decay=exponential) 97% (1079/1109) regret=0.105160 ape=0.5899
[17:46:17] warmStart (decay=exponential) 97% (1080/1109) regret=0.105176 ape=0.5899
[17:46:17] warmStart (decay=exponential) 97% (1081/1109) regret=0.105173 ape=0.5899
[17:46:18] warmStart (decay=exponential) 97% (1082/1109) regret=0.105160 ape=0.5899
[17:46:18] warmStart (decay=exponential) 97% (1083/1109) regret=0.105160 ape=0.5899
[17:46:18] warmStart (decay=exponential) 97% (1084/1109) regret=0.105176 ape=0.5899
[17:46:18] warmStart (decay=exponential) 97% (1085/1109) regret=0.105160 ape=0.5899
[17:46:18] warmStart (decay=exponential) 97% (1086/1109) regret=0.105160 ape=0.5899
[17:46:19] warmStart (decay=exponential) 98% (1087/1109) regret=0.105160 ape=0.5899
[17:46:19] warmStart (decay=exponential) 98% (1088/1109) regret=0.105160 ape=0.5899
[17:46:19] warmStart (decay=exponential) 98% (1089/1109) regret=0.105160 ape=0.5899
[17:46:19] warmStart (decay=exponential) 98% (1090/1109) regret=0.105160 ape=0.5899
[17:46:19] warmStart (decay=exponential) 98% (1091/1109) regret=0.105475 ape=0.5899
[17:46:20] warmStart (decay=exponential) 98% (1092/1109) regret=0.105058 ape=0.5889
[17:46:20] warmStart (decay=exponential) 98% (1093/1109) regret=0.105058 ape=0.5889
[17:46:20] warmStart (decay=exponential) 98% (1094/1109) regret=0.105178 ape=0.5899
[17:46:20] warmStart (decay=exponential) 98% (1095/1109) regret=0.105058 ape=0.5889
[17:46:20] warmStart (decay=exponential) 98% (1096/1109) regret=0.105058 ape=0.5889
[17:46:21] warmStart (decay=exponential) 98% (1097/1109) regret=0.105058 ape=0.5889
[17:46:21] warmStart (decay=exponential) 99% (1098/1109) regret=0.105058 ape=0.5889
[17:46:21] warmStart (decay=exponential) 99% (1099/1109) regret=0.105058 ape=0.5889
[17:46:21] warmStart (decay=exponential) 99% (1100/1109) regret=0.105058 ape=0.5889
[17:46:21] warmStart (decay=exponential) 99% (1101/1109) regret=0.105160 ape=0.5899
[17:46:22] warmStart (decay=exponential) 99% (1102/1109) regret=0.105058 ape=0.5889
[17:46:22] warmStart (decay=exponential) 99% (1103/1109) regret=0.105058 ape=0.5889
[17:46:22] warmStart (decay=exponential) 99% (1104/1109) regret=0.105058 ape=0.5889
[17:46:22] warmStart (decay=exponential) 99% (1105/1109) regret=0.105046 ape=0.5880
[17:46:22] warmStart (decay=exponential) 99% (1106/1109) regret=0.105046 ape=0.5880
[17:46:23] warmStart (decay=exponential) 99% (1107/1109) regret=0.105046 ape=0.5880
[17:46:23] warmStart (decay=exponential) 99% (1108/1109) regret=0.105046 ape=0.5880
Warm w=50 finished: 1108 points, 214.22s wall time
  Final: regret=0.105046, ape=0.5880

Saved: /home/users/g/s/gsavary/LudiiMCTSVariations/slurm_sweep_full_dataset/output_decay/warm_50_decay_exponential_0_075/seed_1/sweep_decay_warm_50_exponential_0.075_1_20260426_174623.json

Generating plots...
Saved: /home/users/g/s/gsavary/LudiiMCTSVariations/slurm_sweep_full_dataset/output_decay/warm_50_decay_exponential_0_075/seed_1/sweep_decay_warm_50_exponential_0.075_1_20260426_174623_regret.png
Saved: /home/users/g/s/gsavary/LudiiMCTSVariations/slurm_sweep_full_dataset/output_decay/warm_50_decay_exponential_0_075/seed_1/sweep_decay_warm_50_exponential_0.075_1_20260426_174623_ape.png

================================================================================
Experiment complete!
================================================================================
Done. Results in: /home/users/g/s/gsavary/LudiiMCTSVariations/slurm_sweep_full_dataset/output_decay/warm_50_decay_exponential_0_075/seed_1
