============================================================
Decay sweep experiment
Method:      warm:50
Decay mode:  exponential
Decay param: 0.50
Seed:        0
Output:      /home/users/g/s/gsavary/LudiiMCTSVariations/slurm_sweep_full_dataset/output_decay/warm_50_decay_exponential_0_50/seed_0
============================================================

================================================================================
SLURM Sweep Experiment with Synthetic Data Decay
================================================================================
Method: warm:50
Decay: exponential (param=0.5)
Time limit: 3600.0s, Seed: 0, Batch size: 20
Output directory: /home/users/g/s/gsavary/LudiiMCTSVariations/slurm_sweep_full_dataset/output_decay/warm_50_decay_exponential_0_50/seed_0

Loading Ludii dataset...
Loaded 1085 games
Using 1085 games (full dataset)

Running timing probe (100 pulls)...
  Estimated secs/pull: 0.027869

Time budget: 3600.0s → ~129174 total pulls
Per-method budget: 18453 pulls (~514.3s)

Computing predictor-only performance...
  Predictions loaded: 23675 agent predictions
  Predictor-only: regret=0.104318, ape=0.4894

Running WARM-START (w=50, decay=exponential param=0.5)...
[17:46:54] warmStart (decay=exponential) 0% (1/923) regret=0.105942 ape=0.5972
[17:46:54] warmStart (decay=exponential) 0% (2/923) regret=0.105942 ape=0.5972
[17:46:54] warmStart (decay=exponential) 0% (3/923) regret=0.105942 ape=0.5972
[17:46:54] warmStart (decay=exponential) 0% (4/923) regret=0.105942 ape=0.5972
[17:46:55] warmStart (decay=exponential) 0% (5/923) regret=0.105942 ape=0.5972
[17:46:55] warmStart (decay=exponential) 0% (6/923) regret=0.105942 ape=0.5972
[17:46:55] warmStart (decay=exponential) 0% (7/923) regret=0.105942 ape=0.5972
[17:46:55] warmStart (decay=exponential) 0% (8/923) regret=0.105942 ape=0.5972
[17:46:55] warmStart (decay=exponential) 0% (9/923) regret=0.105942 ape=0.5972
[17:46:55] warmStart (decay=exponential) 1% (10/923) regret=0.105942 ape=0.5972
[17:46:56] warmStart (decay=exponential) 1% (11/923) regret=0.105942 ape=0.5972
[17:46:56] warmStart (decay=exponential) 1% (12/923) regret=0.105942 ape=0.5972
[17:46:56] warmStart (decay=exponential) 1% (13/923) regret=0.105942 ape=0.5972
[17:46:56] warmStart (decay=exponential) 1% (14/923) regret=0.105942 ape=0.5972
[17:46:56] warmStart (decay=exponential) 1% (15/923) regret=0.105942 ape=0.5972
[17:46:56] warmStart (decay=exponential) 1% (16/923) regret=0.105942 ape=0.5972
[17:46:57] warmStart (decay=exponential) 1% (17/923) regret=0.105942 ape=0.5972
[17:46:57] warmStart (decay=exponential) 1% (18/923) regret=0.105942 ape=0.5972
[17:46:57] warmStart (decay=exponential) 2% (19/923) regret=0.105942 ape=0.5972
[17:46:57] warmStart (decay=exponential) 2% (20/923) regret=0.105942 ape=0.5972
[17:46:57] warmStart (decay=exponential) 2% (21/923) regret=0.105942 ape=0.5972
[17:46:57] warmStart (decay=exponential) 2% (22/923) regret=0.105942 ape=0.5972
[17:46:58] warmStart (decay=exponential) 2% (23/923) regret=0.105942 ape=0.5972
[17:46:58] warmStart (decay=exponential) 2% (24/923) regret=0.105850 ape=0.5963
[17:46:58] warmStart (decay=exponential) 2% (25/923) regret=0.105942 ape=0.5972
[17:46:58] warmStart (decay=exponential) 2% (26/923) regret=0.105850 ape=0.5963
[17:46:58] warmStart (decay=exponential) 2% (27/923) regret=0.105850 ape=0.5963
[17:46:58] warmStart (decay=exponential) 3% (28/923) regret=0.105850 ape=0.5963
[17:46:58] warmStart (decay=exponential) 3% (29/923) regret=0.105850 ape=0.5963
[17:46:59] warmStart (decay=exponential) 3% (30/923) regret=0.105850 ape=0.5963
[17:46:59] warmStart (decay=exponential) 3% (31/923) regret=0.105850 ape=0.5963
[17:46:59] warmStart (decay=exponential) 3% (32/923) regret=0.105850 ape=0.5963
[17:46:59] warmStart (decay=exponential) 3% (33/923) regret=0.105850 ape=0.5963
[17:46:59] warmStart (decay=exponential) 3% (34/923) regret=0.105850 ape=0.5963
[17:46:59] warmStart (decay=exponential) 3% (35/923) regret=0.105850 ape=0.5963
[17:47:00] warmStart (decay=exponential) 3% (36/923) regret=0.105850 ape=0.5963
[17:47:00] warmStart (decay=exponential) 4% (37/923) regret=0.105850 ape=0.5963
[17:47:00] warmStart (decay=exponential) 4% (38/923) regret=0.105850 ape=0.5963
[17:47:00] warmStart (decay=exponential) 4% (39/923) regret=0.105850 ape=0.5963
[17:47:00] warmStart (decay=exponential) 4% (40/923) regret=0.105850 ape=0.5963
[17:47:01] warmStart (decay=exponential) 4% (41/923) regret=0.105850 ape=0.5963
[17:47:01] warmStart (decay=exponential) 4% (42/923) regret=0.105850 ape=0.5963
[17:47:01] warmStart (decay=exponential) 4% (43/923) regret=0.105850 ape=0.5963
[17:47:01] warmStart (decay=exponential) 4% (44/923) regret=0.105850 ape=0.5963
[17:47:01] warmStart (decay=exponential) 4% (45/923) regret=0.105850 ape=0.5963
[17:47:02] warmStart (decay=exponential) 4% (46/923) regret=0.105850 ape=0.5963
[17:47:02] warmStart (decay=exponential) 5% (47/923) regret=0.105850 ape=0.5963
[17:47:02] warmStart (decay=exponential) 5% (48/923) regret=0.105850 ape=0.5963
[17:47:02] warmStart (decay=exponential) 5% (49/923) regret=0.105850 ape=0.5963
[17:47:03] warmStart (decay=exponential) 5% (50/923) regret=0.105850 ape=0.5963
[17:47:03] warmStart (decay=exponential) 5% (51/923) regret=0.105850 ape=0.5963
[17:47:03] warmStart (decay=exponential) 5% (52/923) regret=0.105850 ape=0.5963
[17:47:04] warmStart (decay=exponential) 5% (53/923) regret=0.105850 ape=0.5963
[17:47:04] warmStart (decay=exponential) 5% (54/923) regret=0.105850 ape=0.5963
[17:47:04] warmStart (decay=exponential) 5% (55/923) regret=0.105850 ape=0.5963
[17:47:05] warmStart (decay=exponential) 6% (56/923) regret=0.105850 ape=0.5963
[17:47:05] warmStart (decay=exponential) 6% (57/923) regret=0.105850 ape=0.5963
[17:47:05] warmStart (decay=exponential) 6% (58/923) regret=0.105850 ape=0.5963
[17:47:05] warmStart (decay=exponential) 6% (59/923) regret=0.105850 ape=0.5963
[17:47:06] warmStart (decay=exponential) 6% (60/923) regret=0.105850 ape=0.5963
[17:47:06] warmStart (decay=exponential) 6% (61/923) regret=0.105850 ape=0.5963
[17:47:06] warmStart (decay=exponential) 6% (62/923) regret=0.105850 ape=0.5963
[17:47:07] warmStart (decay=exponential) 6% (63/923) regret=0.105850 ape=0.5963
[17:47:07] warmStart (decay=exponential) 6% (64/923) regret=0.105850 ape=0.5963
[17:47:07] warmStart (decay=exponential) 7% (65/923) regret=0.105850 ape=0.5963
[17:47:08] warmStart (decay=exponential) 7% (66/923) regret=0.105850 ape=0.5963
[17:47:08] warmStart (decay=exponential) 7% (67/923) regret=0.105850 ape=0.5963
[17:47:08] warmStart (decay=exponential) 7% (68/923) regret=0.105850 ape=0.5963
[17:47:09] warmStart (decay=exponential) 7% (69/923) regret=0.105850 ape=0.5963
[17:47:09] warmStart (decay=exponential) 7% (70/923) regret=0.105850 ape=0.5963
[17:47:09] warmStart (decay=exponential) 7% (71/923) regret=0.105850 ape=0.5963
[17:47:09] warmStart (decay=exponential) 7% (72/923) regret=0.105850 ape=0.5963
[17:47:10] warmStart (decay=exponential) 7% (73/923) regret=0.105850 ape=0.5963
[17:47:10] warmStart (decay=exponential) 8% (74/923) regret=0.105850 ape=0.5963
[17:47:10] warmStart (decay=exponential) 8% (75/923) regret=0.105850 ape=0.5963
[17:47:11] warmStart (decay=exponential) 8% (76/923) regret=0.105850 ape=0.5963
[17:47:11] warmStart (decay=exponential) 8% (77/923) regret=0.105850 ape=0.5963
[17:47:11] warmStart (decay=exponential) 8% (78/923) regret=0.105850 ape=0.5963
[17:47:12] warmStart (decay=exponential) 8% (79/923) regret=0.105850 ape=0.5963
[17:47:12] warmStart (decay=exponential) 8% (80/923) regret=0.105850 ape=0.5963
[17:47:12] warmStart (decay=exponential) 8% (81/923) regret=0.105850 ape=0.5963
[17:47:13] warmStart (decay=exponential) 8% (82/923) regret=0.105850 ape=0.5963
[17:47:13] warmStart (decay=exponential) 8% (83/923) regret=0.105850 ape=0.5963
[17:47:13] warmStart (decay=exponential) 9% (84/923) regret=0.105850 ape=0.5963
[17:47:14] warmStart (decay=exponential) 9% (85/923) regret=0.105850 ape=0.5963
[17:47:14] warmStart (decay=exponential) 9% (86/923) regret=0.105850 ape=0.5963
[17:47:14] warmStart (decay=exponential) 9% (87/923) regret=0.105850 ape=0.5963
[17:47:14] warmStart (decay=exponential) 9% (88/923) regret=0.105850 ape=0.5963
[17:47:15] warmStart (decay=exponential) 9% (89/923) regret=0.105850 ape=0.5963
[17:47:15] warmStart (decay=exponential) 9% (90/923) regret=0.105850 ape=0.5963
[17:47:15] warmStart (decay=exponential) 9% (91/923) regret=0.105850 ape=0.5963
[17:47:16] warmStart (decay=exponential) 9% (92/923) regret=0.105850 ape=0.5963
[17:47:16] warmStart (decay=exponential) 10% (93/923) regret=0.105850 ape=0.5963
[17:47:16] warmStart (decay=exponential) 10% (94/923) regret=0.105850 ape=0.5963
[17:47:17] warmStart (decay=exponential) 10% (95/923) regret=0.105850 ape=0.5963
[17:47:17] warmStart (decay=exponential) 10% (96/923) regret=0.105850 ape=0.5963
[17:47:17] warmStart (decay=exponential) 10% (97/923) regret=0.105850 ape=0.5963
[17:47:18] warmStart (decay=exponential) 10% (98/923) regret=0.105850 ape=0.5963
[17:47:18] warmStart (decay=exponential) 10% (99/923) regret=0.105850 ape=0.5963
[17:47:18] warmStart (decay=exponential) 10% (100/923) regret=0.105850 ape=0.5963
[17:47:18] warmStart (decay=exponential) 10% (101/923) regret=0.105850 ape=0.5963
[17:47:19] warmStart (decay=exponential) 11% (102/923) regret=0.105850 ape=0.5963
[17:47:19] warmStart (decay=exponential) 11% (103/923) regret=0.105850 ape=0.5963
[17:47:19] warmStart (decay=exponential) 11% (104/923) regret=0.105850 ape=0.5963
[17:47:20] warmStart (decay=exponential) 11% (105/923) regret=0.105850 ape=0.5963
[17:47:20] warmStart (decay=exponential) 11% (106/923) regret=0.105850 ape=0.5963
[17:47:20] warmStart (decay=exponential) 11% (107/923) regret=0.105850 ape=0.5963
[17:47:21] warmStart (decay=exponential) 11% (108/923) regret=0.105850 ape=0.5963
[17:47:21] warmStart (decay=exponential) 11% (109/923) regret=0.105850 ape=0.5963
[17:47:21] warmStart (decay=exponential) 11% (110/923) regret=0.105850 ape=0.5963
[17:47:21] warmStart (decay=exponential) 12% (111/923) regret=0.105850 ape=0.5963
[17:47:22] warmStart (decay=exponential) 12% (112/923) regret=0.105850 ape=0.5963
[17:47:22] warmStart (decay=exponential) 12% (113/923) regret=0.105850 ape=0.5963
[17:47:22] warmStart (decay=exponential) 12% (114/923) regret=0.105850 ape=0.5963
[17:47:23] warmStart (decay=exponential) 12% (115/923) regret=0.105850 ape=0.5963
[17:47:23] warmStart (decay=exponential) 12% (116/923) regret=0.105850 ape=0.5963
[17:47:23] warmStart (decay=exponential) 12% (117/923) regret=0.105850 ape=0.5963
[17:47:23] warmStart (decay=exponential) 12% (118/923) regret=0.105850 ape=0.5963
[17:47:24] warmStart (decay=exponential) 12% (119/923) regret=0.105850 ape=0.5963
[17:47:24] warmStart (decay=exponential) 13% (120/923) regret=0.105850 ape=0.5963
[17:47:24] warmStart (decay=exponential) 13% (121/923) regret=0.105850 ape=0.5963
[17:47:25] warmStart (decay=exponential) 13% (122/923) regret=0.105850 ape=0.5963
[17:47:25] warmStart (decay=exponential) 13% (123/923) regret=0.105850 ape=0.5963
[17:47:25] warmStart (decay=exponential) 13% (124/923) regret=0.105850 ape=0.5963
[17:47:26] warmStart (decay=exponential) 13% (125/923) regret=0.105850 ape=0.5963
[17:47:26] warmStart (decay=exponential) 13% (126/923) regret=0.105850 ape=0.5963
[17:47:26] warmStart (decay=exponential) 13% (127/923) regret=0.105850 ape=0.5963
[17:47:26] warmStart (decay=exponential) 13% (128/923) regret=0.105850 ape=0.5963
[17:47:27] warmStart (decay=exponential) 13% (129/923) regret=0.105850 ape=0.5963
[17:47:27] warmStart (decay=exponential) 14% (130/923) regret=0.105850 ape=0.5963
[17:47:27] warmStart (decay=exponential) 14% (131/923) regret=0.105850 ape=0.5963
[17:47:28] warmStart (decay=exponential) 14% (132/923) regret=0.105850 ape=0.5963
[17:47:28] warmStart (decay=exponential) 14% (133/923) regret=0.105850 ape=0.5963
[17:47:28] warmStart (decay=exponential) 14% (134/923) regret=0.105850 ape=0.5963
[17:47:28] warmStart (decay=exponential) 14% (135/923) regret=0.105850 ape=0.5963
[17:47:29] warmStart (decay=exponential) 14% (136/923) regret=0.105850 ape=0.5963
[17:47:29] warmStart (decay=exponential) 14% (137/923) regret=0.105850 ape=0.5963
[17:47:29] warmStart (decay=exponential) 14% (138/923) regret=0.105850 ape=0.5963
[17:47:30] warmStart (decay=exponential) 15% (139/923) regret=0.105850 ape=0.5963
[17:47:30] warmStart (decay=exponential) 15% (140/923) regret=0.105850 ape=0.5963
[17:47:30] warmStart (decay=exponential) 15% (141/923) regret=0.105850 ape=0.5963
[17:47:31] warmStart (decay=exponential) 15% (142/923) regret=0.105850 ape=0.5963
[17:47:31] warmStart (decay=exponential) 15% (143/923) regret=0.105850 ape=0.5963
[17:47:31] warmStart (decay=exponential) 15% (144/923) regret=0.105850 ape=0.5963
[17:47:31] warmStart (decay=exponential) 15% (145/923) regret=0.105850 ape=0.5963
[17:47:32] warmStart (decay=exponential) 15% (146/923) regret=0.105850 ape=0.5963
[17:47:32] warmStart (decay=exponential) 15% (147/923) regret=0.105850 ape=0.5963
[17:47:32] warmStart (decay=exponential) 16% (148/923) regret=0.105850 ape=0.5963
[17:47:33] warmStart (decay=exponential) 16% (149/923) regret=0.105850 ape=0.5963
[17:47:33] warmStart (decay=exponential) 16% (150/923) regret=0.106218 ape=0.5972
[17:47:33] warmStart (decay=exponential) 16% (151/923) regret=0.105850 ape=0.5963
[17:47:34] warmStart (decay=exponential) 16% (152/923) regret=0.105850 ape=0.5963
[17:47:34] warmStart (decay=exponential) 16% (153/923) regret=0.105850 ape=0.5963
[17:47:34] warmStart (decay=exponential) 16% (154/923) regret=0.105850 ape=0.5963
[17:47:34] warmStart (decay=exponential) 16% (155/923) regret=0.105850 ape=0.5963
[17:47:35] warmStart (decay=exponential) 16% (156/923) regret=0.105850 ape=0.5963
[17:47:35] warmStart (decay=exponential) 17% (157/923) regret=0.105850 ape=0.5963
[17:47:35] warmStart (decay=exponential) 17% (158/923) regret=0.105850 ape=0.5963
[17:47:36] warmStart (decay=exponential) 17% (159/923) regret=0.105850 ape=0.5963
[17:47:36] warmStart (decay=exponential) 17% (160/923) regret=0.105850 ape=0.5963
[17:47:36] warmStart (decay=exponential) 17% (161/923) regret=0.105850 ape=0.5963
[17:47:37] warmStart (decay=exponential) 17% (162/923) regret=0.105850 ape=0.5963
[17:47:37] warmStart (decay=exponential) 17% (163/923) regret=0.105850 ape=0.5963
[17:47:37] warmStart (decay=exponential) 17% (164/923) regret=0.105850 ape=0.5963
[17:47:38] warmStart (decay=exponential) 17% (165/923) regret=0.105850 ape=0.5963
[17:47:38] warmStart (decay=exponential) 17% (166/923) regret=0.105850 ape=0.5963
[17:47:38] warmStart (decay=exponential) 18% (167/923) regret=0.105850 ape=0.5963
[17:47:38] warmStart (decay=exponential) 18% (168/923) regret=0.105850 ape=0.5963
[17:47:39] warmStart (decay=exponential) 18% (169/923) regret=0.105850 ape=0.5963
[17:47:39] warmStart (decay=exponential) 18% (170/923) regret=0.105850 ape=0.5963
[17:47:39] warmStart (decay=exponential) 18% (171/923) regret=0.105850 ape=0.5963
[17:47:40] warmStart (decay=exponential) 18% (172/923) regret=0.105850 ape=0.5963
[17:47:40] warmStart (decay=exponential) 18% (173/923) regret=0.105850 ape=0.5963
[17:47:40] warmStart (decay=exponential) 18% (174/923) regret=0.105850 ape=0.5963
[17:47:41] warmStart (decay=exponential) 18% (175/923) regret=0.105850 ape=0.5963
[17:47:41] warmStart (decay=exponential) 19% (176/923) regret=0.105850 ape=0.5963
[17:47:41] warmStart (decay=exponential) 19% (177/923) regret=0.105850 ape=0.5963
[17:47:42] warmStart (decay=exponential) 19% (178/923) regret=0.105850 ape=0.5963
[17:47:42] warmStart (decay=exponential) 19% (179/923) regret=0.105850 ape=0.5963
[17:47:42] warmStart (decay=exponential) 19% (180/923) regret=0.105850 ape=0.5963
[17:47:43] warmStart (decay=exponential) 19% (181/923) regret=0.105850 ape=0.5963
[17:47:43] warmStart (decay=exponential) 19% (182/923) regret=0.105850 ape=0.5963
[17:47:43] warmStart (decay=exponential) 19% (183/923) regret=0.105850 ape=0.5963
[17:47:43] warmStart (decay=exponential) 19% (184/923) regret=0.105850 ape=0.5963
[17:47:44] warmStart (decay=exponential) 20% (185/923) regret=0.105850 ape=0.5963
[17:47:44] warmStart (decay=exponential) 20% (186/923) regret=0.105850 ape=0.5963
[17:47:44] warmStart (decay=exponential) 20% (187/923) regret=0.105850 ape=0.5963
[17:47:45] warmStart (decay=exponential) 20% (188/923) regret=0.105850 ape=0.5963
[17:47:45] warmStart (decay=exponential) 20% (189/923) regret=0.105850 ape=0.5963
[17:47:45] warmStart (decay=exponential) 20% (190/923) regret=0.105850 ape=0.5963
[17:47:46] warmStart (decay=exponential) 20% (191/923) regret=0.105850 ape=0.5963
[17:47:46] warmStart (decay=exponential) 20% (192/923) regret=0.105850 ape=0.5963
[17:47:46] warmStart (decay=exponential) 20% (193/923) regret=0.105850 ape=0.5963
[17:47:46] warmStart (decay=exponential) 21% (194/923) regret=0.105850 ape=0.5963
[17:47:47] warmStart (decay=exponential) 21% (195/923) regret=0.105850 ape=0.5963
[17:47:47] warmStart (decay=exponential) 21% (196/923) regret=0.105850 ape=0.5963
[17:47:47] warmStart (decay=exponential) 21% (197/923) regret=0.105850 ape=0.5963
[17:47:48] warmStart (decay=exponential) 21% (198/923) regret=0.105850 ape=0.5963
[17:47:48] warmStart (decay=exponential) 21% (199/923) regret=0.105850 ape=0.5963
[17:47:48] warmStart (decay=exponential) 21% (200/923) regret=0.105850 ape=0.5963
[17:47:48] warmStart (decay=exponential) 21% (201/923) regret=0.105850 ape=0.5963
[17:47:49] warmStart (decay=exponential) 21% (202/923) regret=0.105850 ape=0.5963
[17:47:49] warmStart (decay=exponential) 21% (203/923) regret=0.105850 ape=0.5963
[17:47:49] warmStart (decay=exponential) 22% (204/923) regret=0.105850 ape=0.5963
[17:47:50] warmStart (decay=exponential) 22% (205/923) regret=0.105850 ape=0.5963
[17:47:50] warmStart (decay=exponential) 22% (206/923) regret=0.105850 ape=0.5963
[17:47:50] warmStart (decay=exponential) 22% (207/923) regret=0.105850 ape=0.5963
[17:47:50] warmStart (decay=exponential) 22% (208/923) regret=0.105850 ape=0.5963
[17:47:50] warmStart (decay=exponential) 22% (209/923) regret=0.105850 ape=0.5963
[17:47:51] warmStart (decay=exponential) 22% (210/923) regret=0.105850 ape=0.5963
[17:47:51] warmStart (decay=exponential) 22% (211/923) regret=0.105850 ape=0.5963
[17:47:51] warmStart (decay=exponential) 22% (212/923) regret=0.105850 ape=0.5963
[17:47:51] warmStart (decay=exponential) 23% (213/923) regret=0.105850 ape=0.5963
[17:47:51] warmStart (decay=exponential) 23% (214/923) regret=0.105850 ape=0.5963
[17:47:51] warmStart (decay=exponential) 23% (215/923) regret=0.105850 ape=0.5963
[17:47:52] warmStart (decay=exponential) 23% (216/923) regret=0.105850 ape=0.5963
[17:47:52] warmStart (decay=exponential) 23% (217/923) regret=0.105850 ape=0.5963
[17:47:52] warmStart (decay=exponential) 23% (218/923) regret=0.105850 ape=0.5963
[17:47:52] warmStart (decay=exponential) 23% (219/923) regret=0.105850 ape=0.5963
[17:47:52] warmStart (decay=exponential) 23% (220/923) regret=0.105850 ape=0.5963
[17:47:53] warmStart (decay=exponential) 23% (221/923) regret=0.105850 ape=0.5963
[17:47:53] warmStart (decay=exponential) 24% (222/923) regret=0.105850 ape=0.5963
[17:47:53] warmStart (decay=exponential) 24% (223/923) regret=0.105850 ape=0.5963
[17:47:53] warmStart (decay=exponential) 24% (224/923) regret=0.105850 ape=0.5963
[17:47:53] warmStart (decay=exponential) 24% (225/923) regret=0.105790 ape=0.5963
[17:47:53] warmStart (decay=exponential) 24% (226/923) regret=0.105767 ape=0.5963
[17:47:54] warmStart (decay=exponential) 24% (227/923) regret=0.105767 ape=0.5963
[17:47:54] warmStart (decay=exponential) 24% (228/923) regret=0.105767 ape=0.5963
[17:47:54] warmStart (decay=exponential) 24% (229/923) regret=0.105781 ape=0.5963
[17:47:54] warmStart (decay=exponential) 24% (230/923) regret=0.105781 ape=0.5963
[17:47:54] warmStart (decay=exponential) 25% (231/923) regret=0.105781 ape=0.5963
[17:47:54] warmStart (decay=exponential) 25% (232/923) regret=0.105781 ape=0.5963
[17:47:55] warmStart (decay=exponential) 25% (233/923) regret=0.105781 ape=0.5963
[17:47:55] warmStart (decay=exponential) 25% (234/923) regret=0.105781 ape=0.5963
[17:47:55] warmStart (decay=exponential) 25% (235/923) regret=0.105781 ape=0.5963
[17:47:55] warmStart (decay=exponential) 25% (236/923) regret=0.105781 ape=0.5963
[17:47:55] warmStart (decay=exponential) 25% (237/923) regret=0.105781 ape=0.5963
[17:47:55] warmStart (decay=exponential) 25% (238/923) regret=0.105781 ape=0.5963
[17:47:55] warmStart (decay=exponential) 25% (239/923) regret=0.105781 ape=0.5963
[17:47:56] warmStart (decay=exponential) 26% (240/923) regret=0.105781 ape=0.5963
[17:47:56] warmStart (decay=exponential) 26% (241/923) regret=0.105781 ape=0.5963
[17:47:56] warmStart (decay=exponential) 26% (242/923) regret=0.105781 ape=0.5963
[17:47:56] warmStart (decay=exponential) 26% (243/923) regret=0.105781 ape=0.5963
[17:47:56] warmStart (decay=exponential) 26% (244/923) regret=0.105781 ape=0.5963
[17:47:56] warmStart (decay=exponential) 26% (245/923) regret=0.105781 ape=0.5963
[17:47:57] warmStart (decay=exponential) 26% (246/923) regret=0.105781 ape=0.5963
[17:47:57] warmStart (decay=exponential) 26% (247/923) regret=0.105781 ape=0.5963
[17:47:57] warmStart (decay=exponential) 26% (248/923) regret=0.105781 ape=0.5963
[17:47:57] warmStart (decay=exponential) 26% (249/923) regret=0.105781 ape=0.5963
[17:47:57] warmStart (decay=exponential) 27% (250/923) regret=0.105781 ape=0.5963
[17:47:57] warmStart (decay=exponential) 27% (251/923) regret=0.105781 ape=0.5963
[17:47:57] warmStart (decay=exponential) 27% (252/923) regret=0.105781 ape=0.5963
[17:47:58] warmStart (decay=exponential) 27% (253/923) regret=0.105781 ape=0.5963
[17:47:58] warmStart (decay=exponential) 27% (254/923) regret=0.105781 ape=0.5963
[17:47:58] warmStart (decay=exponential) 27% (255/923) regret=0.105781 ape=0.5963
[17:47:58] warmStart (decay=exponential) 27% (256/923) regret=0.105781 ape=0.5963
[17:47:58] warmStart (decay=exponential) 27% (257/923) regret=0.105988 ape=0.5963
[17:47:58] warmStart (decay=exponential) 27% (258/923) regret=0.105702 ape=0.5954
[17:47:59] warmStart (decay=exponential) 28% (259/923) regret=0.105702 ape=0.5954
[17:47:59] warmStart (decay=exponential) 28% (260/923) regret=0.105702 ape=0.5954
[17:47:59] warmStart (decay=exponential) 28% (261/923) regret=0.105702 ape=0.5954
[17:47:59] warmStart (decay=exponential) 28% (262/923) regret=0.105702 ape=0.5954
[17:47:59] warmStart (decay=exponential) 28% (263/923) regret=0.105702 ape=0.5954
[17:47:59] warmStart (decay=exponential) 28% (264/923) regret=0.105702 ape=0.5954
[17:48:00] warmStart (decay=exponential) 28% (265/923) regret=0.105702 ape=0.5954
[17:48:00] warmStart (decay=exponential) 28% (266/923) regret=0.105702 ape=0.5954
[17:48:00] warmStart (decay=exponential) 28% (267/923) regret=0.105702 ape=0.5954
[17:48:00] warmStart (decay=exponential) 29% (268/923) regret=0.105702 ape=0.5954
[17:48:00] warmStart (decay=exponential) 29% (269/923) regret=0.105702 ape=0.5954
[17:48:01] warmStart (decay=exponential) 29% (270/923) regret=0.105694 ape=0.5945
[17:48:01] warmStart (decay=exponential) 29% (271/923) regret=0.105694 ape=0.5945
[17:48:01] warmStart (decay=exponential) 29% (272/923) regret=0.105702 ape=0.5954
[17:48:01] warmStart (decay=exponential) 29% (273/923) regret=0.105702 ape=0.5954
[17:48:01] warmStart (decay=exponential) 29% (274/923) regret=0.105702 ape=0.5954
[17:48:01] warmStart (decay=exponential) 29% (275/923) regret=0.105702 ape=0.5954
[17:48:01] warmStart (decay=exponential) 29% (276/923) regret=0.105702 ape=0.5954
[17:48:02] warmStart (decay=exponential) 30% (277/923) regret=0.105702 ape=0.5954
[17:48:02] warmStart (decay=exponential) 30% (278/923) regret=0.105702 ape=0.5954
[17:48:02] warmStart (decay=exponential) 30% (279/923) regret=0.105702 ape=0.5954
[17:48:02] warmStart (decay=exponential) 30% (280/923) regret=0.105702 ape=0.5954
[17:48:02] warmStart (decay=exponential) 30% (281/923) regret=0.105702 ape=0.5954
[17:48:02] warmStart (decay=exponential) 30% (282/923) regret=0.105702 ape=0.5954
[17:48:02] warmStart (decay=exponential) 30% (283/923) regret=0.105702 ape=0.5954
[17:48:03] warmStart (decay=exponential) 30% (284/923) regret=0.105702 ape=0.5954
[17:48:03] warmStart (decay=exponential) 30% (285/923) regret=0.105702 ape=0.5954
[17:48:03] warmStart (decay=exponential) 30% (286/923) regret=0.105702 ape=0.5954
[17:48:03] warmStart (decay=exponential) 31% (287/923) regret=0.105702 ape=0.5954
[17:48:03] warmStart (decay=exponential) 31% (288/923) regret=0.105702 ape=0.5954
[17:48:03] warmStart (decay=exponential) 31% (289/923) regret=0.105702 ape=0.5954
[17:48:04] warmStart (decay=exponential) 31% (290/923) regret=0.105702 ape=0.5954
[17:48:04] warmStart (decay=exponential) 31% (291/923) regret=0.105702 ape=0.5954
[17:48:04] warmStart (decay=exponential) 31% (292/923) regret=0.105702 ape=0.5954
[17:48:04] warmStart (decay=exponential) 31% (293/923) regret=0.105700 ape=0.5954
[17:48:04] warmStart (decay=exponential) 31% (294/923) regret=0.105700 ape=0.5954
[17:48:04] warmStart (decay=exponential) 31% (295/923) regret=0.105700 ape=0.5954
[17:48:04] warmStart (decay=exponential) 32% (296/923) regret=0.105700 ape=0.5954
[17:48:05] warmStart (decay=exponential) 32% (297/923) regret=0.105700 ape=0.5954
[17:48:05] warmStart (decay=exponential) 32% (298/923) regret=0.105700 ape=0.5954
[17:48:05] warmStart (decay=exponential) 32% (299/923) regret=0.105700 ape=0.5954
[17:48:05] warmStart (decay=exponential) 32% (300/923) regret=0.105700 ape=0.5954
[17:48:05] warmStart (decay=exponential) 32% (301/923) regret=0.105700 ape=0.5954
[17:48:06] warmStart (decay=exponential) 32% (302/923) regret=0.105700 ape=0.5954
[17:48:06] warmStart (decay=exponential) 32% (303/923) regret=0.105700 ape=0.5954
[17:48:06] warmStart (decay=exponential) 32% (304/923) regret=0.105700 ape=0.5954
[17:48:06] warmStart (decay=exponential) 33% (305/923) regret=0.105700 ape=0.5954
[17:48:06] warmStart (decay=exponential) 33% (306/923) regret=0.105700 ape=0.5954
[17:48:06] warmStart (decay=exponential) 33% (307/923) regret=0.105700 ape=0.5954
[17:48:07] warmStart (decay=exponential) 33% (308/923) regret=0.105700 ape=0.5954
[17:48:07] warmStart (decay=exponential) 33% (309/923) regret=0.105700 ape=0.5954
[17:48:07] warmStart (decay=exponential) 33% (310/923) regret=0.105700 ape=0.5954
[17:48:07] warmStart (decay=exponential) 33% (311/923) regret=0.105700 ape=0.5954
[17:48:07] warmStart (decay=exponential) 33% (312/923) regret=0.105700 ape=0.5954
[17:48:07] warmStart (decay=exponential) 33% (313/923) regret=0.105700 ape=0.5954
[17:48:08] warmStart (decay=exponential) 34% (314/923) regret=0.105700 ape=0.5954
[17:48:08] warmStart (decay=exponential) 34% (315/923) regret=0.105700 ape=0.5954
[17:48:08] warmStart (decay=exponential) 34% (316/923) regret=0.105700 ape=0.5954
[17:48:08] warmStart (decay=exponential) 34% (317/923) regret=0.105700 ape=0.5954
[17:48:08] warmStart (decay=exponential) 34% (318/923) regret=0.105700 ape=0.5954
[17:48:09] warmStart (decay=exponential) 34% (319/923) regret=0.105700 ape=0.5954
[17:48:09] warmStart (decay=exponential) 34% (320/923) regret=0.105700 ape=0.5954
[17:48:09] warmStart (decay=exponential) 34% (321/923) regret=0.105700 ape=0.5954
[17:48:09] warmStart (decay=exponential) 34% (322/923) regret=0.105700 ape=0.5954
[17:48:09] warmStart (decay=exponential) 34% (323/923) regret=0.105700 ape=0.5954
[17:48:10] warmStart (decay=exponential) 35% (324/923) regret=0.105700 ape=0.5954
[17:48:10] warmStart (decay=exponential) 35% (325/923) regret=0.105700 ape=0.5954
[17:48:10] warmStart (decay=exponential) 35% (326/923) regret=0.105700 ape=0.5954
[17:48:10] warmStart (decay=exponential) 35% (327/923) regret=0.105700 ape=0.5954
[17:48:10] warmStart (decay=exponential) 35% (328/923) regret=0.105700 ape=0.5954
[17:48:11] warmStart (decay=exponential) 35% (329/923) regret=0.105700 ape=0.5954
[17:48:11] warmStart (decay=exponential) 35% (330/923) regret=0.105700 ape=0.5954
[17:48:11] warmStart (decay=exponential) 35% (331/923) regret=0.105700 ape=0.5954
[17:48:11] warmStart (decay=exponential) 35% (332/923) regret=0.105700 ape=0.5954
[17:48:11] warmStart (decay=exponential) 36% (333/923) regret=0.105700 ape=0.5954
[17:48:12] warmStart (decay=exponential) 36% (334/923) regret=0.105700 ape=0.5954
[17:48:12] warmStart (decay=exponential) 36% (335/923) regret=0.105700 ape=0.5954
[17:48:12] warmStart (decay=exponential) 36% (336/923) regret=0.105700 ape=0.5954
[17:48:12] warmStart (decay=exponential) 36% (337/923) regret=0.105700 ape=0.5954
[17:48:13] warmStart (decay=exponential) 36% (338/923) regret=0.105700 ape=0.5954
[17:48:13] warmStart (decay=exponential) 36% (339/923) regret=0.105700 ape=0.5954
[17:48:13] warmStart (decay=exponential) 36% (340/923) regret=0.105700 ape=0.5954
[17:48:13] warmStart (decay=exponential) 36% (341/923) regret=0.105700 ape=0.5954
[17:48:14] warmStart (decay=exponential) 37% (342/923) regret=0.105700 ape=0.5954
[17:48:14] warmStart (decay=exponential) 37% (343/923) regret=0.105700 ape=0.5954
[17:48:14] warmStart (decay=exponential) 37% (344/923) regret=0.105700 ape=0.5954
[17:48:14] warmStart (decay=exponential) 37% (345/923) regret=0.105700 ape=0.5954
[17:48:15] warmStart (decay=exponential) 37% (346/923) regret=0.105700 ape=0.5954
[17:48:15] warmStart (decay=exponential) 37% (347/923) regret=0.105700 ape=0.5954
[17:48:15] warmStart (decay=exponential) 37% (348/923) regret=0.105700 ape=0.5954
[17:48:16] warmStart (decay=exponential) 37% (349/923) regret=0.105700 ape=0.5954
[17:48:16] warmStart (decay=exponential) 37% (350/923) regret=0.105700 ape=0.5954
[17:48:16] warmStart (decay=exponential) 38% (351/923) regret=0.105700 ape=0.5954
[17:48:17] warmStart (decay=exponential) 38% (352/923) regret=0.105700 ape=0.5954
[17:48:17] warmStart (decay=exponential) 38% (353/923) regret=0.105700 ape=0.5954
[17:48:17] warmStart (decay=exponential) 38% (354/923) regret=0.105700 ape=0.5954
[17:48:17] warmStart (decay=exponential) 38% (355/923) regret=0.105700 ape=0.5954
[17:48:18] warmStart (decay=exponential) 38% (356/923) regret=0.105700 ape=0.5954
[17:48:18] warmStart (decay=exponential) 38% (357/923) regret=0.105700 ape=0.5954
[17:48:18] warmStart (decay=exponential) 38% (358/923) regret=0.105700 ape=0.5954
[17:48:19] warmStart (decay=exponential) 38% (359/923) regret=0.105700 ape=0.5954
[17:48:19] warmStart (decay=exponential) 39% (360/923) regret=0.105700 ape=0.5954
[17:48:19] warmStart (decay=exponential) 39% (361/923) regret=0.105700 ape=0.5954
[17:48:20] warmStart (decay=exponential) 39% (362/923) regret=0.105700 ape=0.5954
[17:48:20] warmStart (decay=exponential) 39% (363/923) regret=0.105700 ape=0.5954
[17:48:20] warmStart (decay=exponential) 39% (364/923) regret=0.105700 ape=0.5954
[17:48:20] warmStart (decay=exponential) 39% (365/923) regret=0.105700 ape=0.5954
[17:48:21] warmStart (decay=exponential) 39% (366/923) regret=0.105700 ape=0.5954
[17:48:21] warmStart (decay=exponential) 39% (367/923) regret=0.105700 ape=0.5954
[17:48:21] warmStart (decay=exponential) 39% (368/923) regret=0.105708 ape=0.5954
[17:48:22] warmStart (decay=exponential) 39% (369/923) regret=0.105708 ape=0.5954
[17:48:22] warmStart (decay=exponential) 40% (370/923) regret=0.105706 ape=0.5954
[17:48:22] warmStart (decay=exponential) 40% (371/923) regret=0.105706 ape=0.5954
[17:48:22] warmStart (decay=exponential) 40% (372/923) regret=0.105706 ape=0.5954
[17:48:23] warmStart (decay=exponential) 40% (373/923) regret=0.105706 ape=0.5954
[17:48:23] warmStart (decay=exponential) 40% (374/923) regret=0.105706 ape=0.5954
[17:48:23] warmStart (decay=exponential) 40% (375/923) regret=0.105706 ape=0.5954
[17:48:24] warmStart (decay=exponential) 40% (376/923) regret=0.105706 ape=0.5954
[17:48:24] warmStart (decay=exponential) 40% (377/923) regret=0.105706 ape=0.5954
[17:48:24] warmStart (decay=exponential) 40% (378/923) regret=0.105706 ape=0.5954
[17:48:24] warmStart (decay=exponential) 41% (379/923) regret=0.105706 ape=0.5954
[17:48:25] warmStart (decay=exponential) 41% (380/923) regret=0.105706 ape=0.5954
[17:48:25] warmStart (decay=exponential) 41% (381/923) regret=0.105706 ape=0.5954
[17:48:25] warmStart (decay=exponential) 41% (382/923) regret=0.105706 ape=0.5954
[17:48:26] warmStart (decay=exponential) 41% (383/923) regret=0.105706 ape=0.5954
[17:48:26] warmStart (decay=exponential) 41% (384/923) regret=0.105706 ape=0.5954
[17:48:26] warmStart (decay=exponential) 41% (385/923) regret=0.105706 ape=0.5954
[17:48:26] warmStart (decay=exponential) 41% (386/923) regret=0.105706 ape=0.5954
[17:48:27] warmStart (decay=exponential) 41% (387/923) regret=0.105706 ape=0.5954
[17:48:27] warmStart (decay=exponential) 42% (388/923) regret=0.105706 ape=0.5954
[17:48:27] warmStart (decay=exponential) 42% (389/923) regret=0.105706 ape=0.5954
[17:48:27] warmStart (decay=exponential) 42% (390/923) regret=0.105706 ape=0.5954
[17:48:28] warmStart (decay=exponential) 42% (391/923) regret=0.105706 ape=0.5954
[17:48:28] warmStart (decay=exponential) 42% (392/923) regret=0.105706 ape=0.5954
[17:48:28] warmStart (decay=exponential) 42% (393/923) regret=0.105706 ape=0.5954
[17:48:29] warmStart (decay=exponential) 42% (394/923) regret=0.105706 ape=0.5954
[17:48:29] warmStart (decay=exponential) 42% (395/923) regret=0.105706 ape=0.5954
[17:48:29] warmStart (decay=exponential) 42% (396/923) regret=0.105706 ape=0.5954
[17:48:29] warmStart (decay=exponential) 43% (397/923) regret=0.105706 ape=0.5954
[17:48:30] warmStart (decay=exponential) 43% (398/923) regret=0.105706 ape=0.5954
[17:48:30] warmStart (decay=exponential) 43% (399/923) regret=0.105706 ape=0.5954
[17:48:30] warmStart (decay=exponential) 43% (400/923) regret=0.105706 ape=0.5954
[17:48:31] warmStart (decay=exponential) 43% (401/923) regret=0.105706 ape=0.5954
[17:48:31] warmStart (decay=exponential) 43% (402/923) regret=0.105706 ape=0.5954
[17:48:31] warmStart (decay=exponential) 43% (403/923) regret=0.105706 ape=0.5954
[17:48:31] warmStart (decay=exponential) 43% (404/923) regret=0.105706 ape=0.5954
[17:48:32] warmStart (decay=exponential) 43% (405/923) regret=0.105706 ape=0.5954
[17:48:32] warmStart (decay=exponential) 43% (406/923) regret=0.105706 ape=0.5954
[17:48:32] warmStart (decay=exponential) 44% (407/923) regret=0.105706 ape=0.5954
[17:48:33] warmStart (decay=exponential) 44% (408/923) regret=0.105706 ape=0.5954
[17:48:33] warmStart (decay=exponential) 44% (409/923) regret=0.105706 ape=0.5954
[17:48:33] warmStart (decay=exponential) 44% (410/923) regret=0.105706 ape=0.5954
[17:48:33] warmStart (decay=exponential) 44% (411/923) regret=0.105706 ape=0.5954
[17:48:34] warmStart (decay=exponential) 44% (412/923) regret=0.105706 ape=0.5954
[17:48:34] warmStart (decay=exponential) 44% (413/923) regret=0.105706 ape=0.5954
[17:48:34] warmStart (decay=exponential) 44% (414/923) regret=0.105706 ape=0.5954
[17:48:34] warmStart (decay=exponential) 44% (415/923) regret=0.105706 ape=0.5954
[17:48:35] warmStart (decay=exponential) 45% (416/923) regret=0.105706 ape=0.5954
[17:48:35] warmStart (decay=exponential) 45% (417/923) regret=0.105706 ape=0.5954
[17:48:35] warmStart (decay=exponential) 45% (418/923) regret=0.105706 ape=0.5954
[17:48:36] warmStart (decay=exponential) 45% (419/923) regret=0.105706 ape=0.5954
[17:48:36] warmStart (decay=exponential) 45% (420/923) regret=0.105706 ape=0.5954
[17:48:36] warmStart (decay=exponential) 45% (421/923) regret=0.105706 ape=0.5954
[17:48:36] warmStart (decay=exponential) 45% (422/923) regret=0.105706 ape=0.5954
[17:48:37] warmStart (decay=exponential) 45% (423/923) regret=0.105706 ape=0.5954
[17:48:37] warmStart (decay=exponential) 45% (424/923) regret=0.105706 ape=0.5954
[17:48:37] warmStart (decay=exponential) 46% (425/923) regret=0.105706 ape=0.5954
[17:48:38] warmStart (decay=exponential) 46% (426/923) regret=0.105706 ape=0.5954
[17:48:38] warmStart (decay=exponential) 46% (427/923) regret=0.105706 ape=0.5954
[17:48:38] warmStart (decay=exponential) 46% (428/923) regret=0.105706 ape=0.5954
[17:48:38] warmStart (decay=exponential) 46% (429/923) regret=0.105706 ape=0.5954
[17:48:39] warmStart (decay=exponential) 46% (430/923) regret=0.105706 ape=0.5954
[17:48:39] warmStart (decay=exponential) 46% (431/923) regret=0.105706 ape=0.5954
[17:48:39] warmStart (decay=exponential) 46% (432/923) regret=0.105706 ape=0.5954
[17:48:40] warmStart (decay=exponential) 46% (433/923) regret=0.105706 ape=0.5954
[17:48:40] warmStart (decay=exponential) 47% (434/923) regret=0.105706 ape=0.5954
[17:48:40] warmStart (decay=exponential) 47% (435/923) regret=0.105706 ape=0.5954
[17:48:40] warmStart (decay=exponential) 47% (436/923) regret=0.105706 ape=0.5954
[17:48:41] warmStart (decay=exponential) 47% (437/923) regret=0.105706 ape=0.5954
[17:48:41] warmStart (decay=exponential) 47% (438/923) regret=0.105706 ape=0.5954
[17:48:41] warmStart (decay=exponential) 47% (439/923) regret=0.105706 ape=0.5954
[17:48:42] warmStart (decay=exponential) 47% (440/923) regret=0.105706 ape=0.5954
[17:48:42] warmStart (decay=exponential) 47% (441/923) regret=0.105706 ape=0.5954
[17:48:42] warmStart (decay=exponential) 47% (442/923) regret=0.105706 ape=0.5954
[17:48:42] warmStart (decay=exponential) 47% (443/923) regret=0.105706 ape=0.5954
[17:48:43] warmStart (decay=exponential) 48% (444/923) regret=0.105706 ape=0.5954
[17:48:43] warmStart (decay=exponential) 48% (445/923) regret=0.105706 ape=0.5954
[17:48:43] warmStart (decay=exponential) 48% (446/923) regret=0.106112 ape=0.5963
[17:48:44] warmStart (decay=exponential) 48% (447/923) regret=0.105743 ape=0.5963
[17:48:44] warmStart (decay=exponential) 48% (448/923) regret=0.105743 ape=0.5963
[17:48:44] warmStart (decay=exponential) 48% (449/923) regret=0.105734 ape=0.5963
[17:48:44] warmStart (decay=exponential) 48% (450/923) regret=0.105743 ape=0.5963
[17:48:45] warmStart (decay=exponential) 48% (451/923) regret=0.105743 ape=0.5963
[17:48:45] warmStart (decay=exponential) 48% (452/923) regret=0.105745 ape=0.5963
[17:48:45] warmStart (decay=exponential) 49% (453/923) regret=0.105752 ape=0.5963
[17:48:45] warmStart (decay=exponential) 49% (454/923) regret=0.105706 ape=0.5954
[17:48:46] warmStart (decay=exponential) 49% (455/923) regret=0.105706 ape=0.5954
[17:48:46] warmStart (decay=exponential) 49% (456/923) regret=0.105706 ape=0.5954
[17:48:46] warmStart (decay=exponential) 49% (457/923) regret=0.105706 ape=0.5954
[17:48:47] warmStart (decay=exponential) 49% (458/923) regret=0.105706 ape=0.5954
[17:48:47] warmStart (decay=exponential) 49% (459/923) regret=0.105706 ape=0.5954
[17:48:47] warmStart (decay=exponential) 49% (460/923) regret=0.105706 ape=0.5954
[17:48:47] warmStart (decay=exponential) 49% (461/923) regret=0.105706 ape=0.5954
[17:48:48] warmStart (decay=exponential) 50% (462/923) regret=0.105706 ape=0.5954
[17:48:48] warmStart (decay=exponential) 50% (463/923) regret=0.105706 ape=0.5954
[17:48:48] warmStart (decay=exponential) 50% (464/923) regret=0.105706 ape=0.5954
[17:48:49] warmStart (decay=exponential) 50% (465/923) regret=0.105706 ape=0.5954
[17:48:49] warmStart (decay=exponential) 50% (466/923) regret=0.105706 ape=0.5954
[17:48:49] warmStart (decay=exponential) 50% (467/923) regret=0.105706 ape=0.5954
[17:48:49] warmStart (decay=exponential) 50% (468/923) regret=0.105706 ape=0.5954
[17:48:50] warmStart (decay=exponential) 50% (469/923) regret=0.105706 ape=0.5954
[17:48:50] warmStart (decay=exponential) 50% (470/923) regret=0.105706 ape=0.5954
[17:48:50] warmStart (decay=exponential) 51% (471/923) regret=0.105706 ape=0.5954
[17:48:51] warmStart (decay=exponential) 51% (472/923) regret=0.105706 ape=0.5954
[17:48:51] warmStart (decay=exponential) 51% (473/923) regret=0.105706 ape=0.5954
[17:48:51] warmStart (decay=exponential) 51% (474/923) regret=0.105706 ape=0.5954
[17:48:51] warmStart (decay=exponential) 51% (475/923) regret=0.105706 ape=0.5954
[17:48:52] warmStart (decay=exponential) 51% (476/923) regret=0.105706 ape=0.5954
[17:48:52] warmStart (decay=exponential) 51% (477/923) regret=0.105706 ape=0.5954
[17:48:52] warmStart (decay=exponential) 51% (478/923) regret=0.105706 ape=0.5954
[17:48:53] warmStart (decay=exponential) 51% (479/923) regret=0.105706 ape=0.5954
[17:48:53] warmStart (decay=exponential) 52% (480/923) regret=0.105706 ape=0.5954
[17:48:53] warmStart (decay=exponential) 52% (481/923) regret=0.105706 ape=0.5954
[17:48:53] warmStart (decay=exponential) 52% (482/923) regret=0.105706 ape=0.5954
[17:48:54] warmStart (decay=exponential) 52% (483/923) regret=0.105706 ape=0.5954
[17:48:54] warmStart (decay=exponential) 52% (484/923) regret=0.105706 ape=0.5954
[17:48:54] warmStart (decay=exponential) 52% (485/923) regret=0.105706 ape=0.5954
[17:48:54] warmStart (decay=exponential) 52% (486/923) regret=0.105706 ape=0.5954
[17:48:55] warmStart (decay=exponential) 52% (487/923) regret=0.105706 ape=0.5954
[17:48:55] warmStart (decay=exponential) 52% (488/923) regret=0.105706 ape=0.5954
[17:48:55] warmStart (decay=exponential) 52% (489/923) regret=0.105706 ape=0.5954
[17:48:56] warmStart (decay=exponential) 53% (490/923) regret=0.105706 ape=0.5954
[17:48:56] warmStart (decay=exponential) 53% (491/923) regret=0.105706 ape=0.5954
[17:48:56] warmStart (decay=exponential) 53% (492/923) regret=0.105706 ape=0.5954
[17:48:56] warmStart (decay=exponential) 53% (493/923) regret=0.105706 ape=0.5954
[17:48:57] warmStart (decay=exponential) 53% (494/923) regret=0.105706 ape=0.5954
[17:48:57] warmStart (decay=exponential) 53% (495/923) regret=0.105706 ape=0.5954
[17:48:57] warmStart (decay=exponential) 53% (496/923) regret=0.105706 ape=0.5954
[17:48:58] warmStart (decay=exponential) 53% (497/923) regret=0.105706 ape=0.5954
[17:48:58] warmStart (decay=exponential) 53% (498/923) regret=0.105706 ape=0.5954
[17:48:58] warmStart (decay=exponential) 54% (499/923) regret=0.105706 ape=0.5954
[17:48:58] warmStart (decay=exponential) 54% (500/923) regret=0.105706 ape=0.5954
[17:48:59] warmStart (decay=exponential) 54% (501/923) regret=0.105706 ape=0.5954
[17:48:59] warmStart (decay=exponential) 54% (502/923) regret=0.105706 ape=0.5954
[17:48:59] warmStart (decay=exponential) 54% (503/923) regret=0.105706 ape=0.5954
[17:48:59] warmStart (decay=exponential) 54% (504/923) regret=0.105706 ape=0.5954
[17:49:00] warmStart (decay=exponential) 54% (505/923) regret=0.105706 ape=0.5954
[17:49:00] warmStart (decay=exponential) 54% (506/923) regret=0.105706 ape=0.5954
[17:49:00] warmStart (decay=exponential) 54% (507/923) regret=0.105706 ape=0.5954
[17:49:01] warmStart (decay=exponential) 55% (508/923) regret=0.105706 ape=0.5954
[17:49:01] warmStart (decay=exponential) 55% (509/923) regret=0.105706 ape=0.5954
[17:49:01] warmStart (decay=exponential) 55% (510/923) regret=0.105706 ape=0.5954
[17:49:01] warmStart (decay=exponential) 55% (511/923) regret=0.105706 ape=0.5954
[17:49:02] warmStart (decay=exponential) 55% (512/923) regret=0.105706 ape=0.5954
[17:49:02] warmStart (decay=exponential) 55% (513/923) regret=0.105706 ape=0.5954
[17:49:02] warmStart (decay=exponential) 55% (514/923) regret=0.105706 ape=0.5954
[17:49:03] warmStart (decay=exponential) 55% (515/923) regret=0.105706 ape=0.5954
[17:49:03] warmStart (decay=exponential) 55% (516/923) regret=0.105706 ape=0.5954
[17:49:03] warmStart (decay=exponential) 56% (517/923) regret=0.105706 ape=0.5954
[17:49:03] warmStart (decay=exponential) 56% (518/923) regret=0.105706 ape=0.5954
[17:49:04] warmStart (decay=exponential) 56% (519/923) regret=0.105706 ape=0.5954
[17:49:04] warmStart (decay=exponential) 56% (520/923) regret=0.105706 ape=0.5954
[17:49:04] warmStart (decay=exponential) 56% (521/923) regret=0.105706 ape=0.5954
[17:49:04] warmStart (decay=exponential) 56% (522/923) regret=0.105706 ape=0.5954
[17:49:05] warmStart (decay=exponential) 56% (523/923) regret=0.105706 ape=0.5954
[17:49:05] warmStart (decay=exponential) 56% (524/923) regret=0.105706 ape=0.5954
[17:49:05] warmStart (decay=exponential) 56% (525/923) regret=0.105706 ape=0.5954
[17:49:06] warmStart (decay=exponential) 56% (526/923) regret=0.105706 ape=0.5954
[17:49:06] warmStart (decay=exponential) 57% (527/923) regret=0.105706 ape=0.5954
[17:49:06] warmStart (decay=exponential) 57% (528/923) regret=0.105706 ape=0.5954
[17:49:06] warmStart (decay=exponential) 57% (529/923) regret=0.105706 ape=0.5954
[17:49:07] warmStart (decay=exponential) 57% (530/923) regret=0.105706 ape=0.5954
[17:49:07] warmStart (decay=exponential) 57% (531/923) regret=0.105706 ape=0.5954
[17:49:07] warmStart (decay=exponential) 57% (532/923) regret=0.105706 ape=0.5954
[17:49:07] warmStart (decay=exponential) 57% (533/923) regret=0.105706 ape=0.5954
[17:49:08] warmStart (decay=exponential) 57% (534/923) regret=0.105706 ape=0.5954
[17:49:08] warmStart (decay=exponential) 57% (535/923) regret=0.105706 ape=0.5954
[17:49:08] warmStart (decay=exponential) 58% (536/923) regret=0.105706 ape=0.5954
[17:49:08] warmStart (decay=exponential) 58% (537/923) regret=0.105706 ape=0.5954
[17:49:09] warmStart (decay=exponential) 58% (538/923) regret=0.106187 ape=0.5954
[17:49:09] warmStart (decay=exponential) 58% (539/923) regret=0.105635 ape=0.5945
[17:49:09] warmStart (decay=exponential) 58% (540/923) regret=0.105635 ape=0.5945
[17:49:10] warmStart (decay=exponential) 58% (541/923) regret=0.105831 ape=0.5954
[17:49:10] warmStart (decay=exponential) 58% (542/923) regret=0.105840 ape=0.5954
[17:49:10] warmStart (decay=exponential) 58% (543/923) regret=0.105840 ape=0.5954
[17:49:10] warmStart (decay=exponential) 58% (544/923) regret=0.105840 ape=0.5954
[17:49:11] warmStart (decay=exponential) 59% (545/923) regret=0.105635 ape=0.5945
[17:49:11] warmStart (decay=exponential) 59% (546/923) regret=0.105635 ape=0.5945
[17:49:11] warmStart (decay=exponential) 59% (547/923) regret=0.105605 ape=0.5935
[17:49:12] warmStart (decay=exponential) 59% (548/923) regret=0.105605 ape=0.5935
[17:49:12] warmStart (decay=exponential) 59% (549/923) regret=0.105605 ape=0.5935
[17:49:12] warmStart (decay=exponential) 59% (550/923) regret=0.105605 ape=0.5935
[17:49:13] warmStart (decay=exponential) 59% (551/923) regret=0.105670 ape=0.5945
[17:49:13] warmStart (decay=exponential) 59% (552/923) regret=0.105670 ape=0.5945
[17:49:13] warmStart (decay=exponential) 59% (553/923) regret=0.105605 ape=0.5935
[17:49:13] warmStart (decay=exponential) 60% (554/923) regret=0.105605 ape=0.5935
[17:49:14] warmStart (decay=exponential) 60% (555/923) regret=0.105605 ape=0.5935
[17:49:14] warmStart (decay=exponential) 60% (556/923) regret=0.105605 ape=0.5935
[17:49:14] warmStart (decay=exponential) 60% (557/923) regret=0.105605 ape=0.5935
[17:49:15] warmStart (decay=exponential) 60% (558/923) regret=0.105670 ape=0.5945
[17:49:15] warmStart (decay=exponential) 60% (559/923) regret=0.105706 ape=0.5935
[17:49:15] warmStart (decay=exponential) 60% (560/923) regret=0.105725 ape=0.5935
[17:49:15] warmStart (decay=exponential) 60% (561/923) regret=0.105686 ape=0.5935
[17:49:16] warmStart (decay=exponential) 60% (562/923) regret=0.105686 ape=0.5935
[17:49:16] warmStart (decay=exponential) 60% (563/923) regret=0.105686 ape=0.5935
[17:49:16] warmStart (decay=exponential) 61% (564/923) regret=0.105559 ape=0.5935
[17:49:17] warmStart (decay=exponential) 61% (565/923) regret=0.105540 ape=0.5926
[17:49:17] warmStart (decay=exponential) 61% (566/923) regret=0.105540 ape=0.5926
[17:49:17] warmStart (decay=exponential) 61% (567/923) regret=0.105540 ape=0.5926
[17:49:17] warmStart (decay=exponential) 61% (568/923) regret=0.105559 ape=0.5935
[17:49:18] warmStart (decay=exponential) 61% (569/923) regret=0.105540 ape=0.5926
[17:49:18] warmStart (decay=exponential) 61% (570/923) regret=0.105540 ape=0.5926
[17:49:18] warmStart (decay=exponential) 61% (571/923) regret=0.105660 ape=0.5935
[17:49:19] warmStart (decay=exponential) 61% (572/923) regret=0.105559 ape=0.5935
[17:49:19] warmStart (decay=exponential) 62% (573/923) regret=0.105559 ape=0.5935
[17:49:19] warmStart (decay=exponential) 62% (574/923) regret=0.105554 ape=0.5926
[17:49:20] warmStart (decay=exponential) 62% (575/923) regret=0.105554 ape=0.5926
[17:49:20] warmStart (decay=exponential) 62% (576/923) regret=0.105554 ape=0.5926
[17:49:20] warmStart (decay=exponential) 62% (577/923) regret=0.105554 ape=0.5926
[17:49:20] warmStart (decay=exponential) 62% (578/923) regret=0.105568 ape=0.5935
[17:49:21] warmStart (decay=exponential) 62% (579/923) regret=0.105568 ape=0.5935
[17:49:21] warmStart (decay=exponential) 62% (580/923) regret=0.105568 ape=0.5935
[17:49:21] warmStart (decay=exponential) 62% (581/923) regret=0.105568 ape=0.5935
[17:49:21] warmStart (decay=exponential) 63% (582/923) regret=0.105568 ape=0.5935
[17:49:22] warmStart (decay=exponential) 63% (583/923) regret=0.105568 ape=0.5935
[17:49:22] warmStart (decay=exponential) 63% (584/923) regret=0.105568 ape=0.5935
[17:49:22] warmStart (decay=exponential) 63% (585/923) regret=0.105568 ape=0.5935
[17:49:23] warmStart (decay=exponential) 63% (586/923) regret=0.105568 ape=0.5935
[17:49:23] warmStart (decay=exponential) 63% (587/923) regret=0.105568 ape=0.5935
[17:49:23] warmStart (decay=exponential) 63% (588/923) regret=0.105568 ape=0.5935
[17:49:23] warmStart (decay=exponential) 63% (589/923) regret=0.105568 ape=0.5935
[17:49:24] warmStart (decay=exponential) 63% (590/923) regret=0.105568 ape=0.5935
[17:49:24] warmStart (decay=exponential) 64% (591/923) regret=0.105568 ape=0.5935
[17:49:24] warmStart (decay=exponential) 64% (592/923) regret=0.105568 ape=0.5935
[17:49:24] warmStart (decay=exponential) 64% (593/923) regret=0.105554 ape=0.5926
[17:49:25] warmStart (decay=exponential) 64% (594/923) regret=0.105554 ape=0.5926
[17:49:25] warmStart (decay=exponential) 64% (595/923) regret=0.105554 ape=0.5926
[17:49:25] warmStart (decay=exponential) 64% (596/923) regret=0.105554 ape=0.5926
[17:49:26] warmStart (decay=exponential) 64% (597/923) regret=0.105554 ape=0.5926
[17:49:26] warmStart (decay=exponential) 64% (598/923) regret=0.105554 ape=0.5926
[17:49:26] warmStart (decay=exponential) 64% (599/923) regret=0.105554 ape=0.5926
[17:49:26] warmStart (decay=exponential) 65% (600/923) regret=0.105554 ape=0.5926
[17:49:27] warmStart (decay=exponential) 65% (601/923) regret=0.105554 ape=0.5926
[17:49:27] warmStart (decay=exponential) 65% (602/923) regret=0.105554 ape=0.5926
[17:49:27] warmStart (decay=exponential) 65% (603/923) regret=0.105554 ape=0.5926
[17:49:28] warmStart (decay=exponential) 65% (604/923) regret=0.105554 ape=0.5926
[17:49:28] warmStart (decay=exponential) 65% (605/923) regret=0.105554 ape=0.5926
[17:49:28] warmStart (decay=exponential) 65% (606/923) regret=0.105564 ape=0.5926
[17:49:28] warmStart (decay=exponential) 65% (607/923) regret=0.105545 ape=0.5926
[17:49:29] warmStart (decay=exponential) 65% (608/923) regret=0.105545 ape=0.5926
[17:49:29] warmStart (decay=exponential) 65% (609/923) regret=0.105545 ape=0.5926
[17:49:29] warmStart (decay=exponential) 66% (610/923) regret=0.105545 ape=0.5926
[17:49:30] warmStart (decay=exponential) 66% (611/923) regret=0.105545 ape=0.5926
[17:49:30] warmStart (decay=exponential) 66% (612/923) regret=0.105545 ape=0.5926
[17:49:30] warmStart (decay=exponential) 66% (613/923) regret=0.105545 ape=0.5926
[17:49:31] warmStart (decay=exponential) 66% (614/923) regret=0.105545 ape=0.5926
[17:49:31] warmStart (decay=exponential) 66% (615/923) regret=0.105545 ape=0.5926
[17:49:31] warmStart (decay=exponential) 66% (616/923) regret=0.105545 ape=0.5926
[17:49:31] warmStart (decay=exponential) 66% (617/923) regret=0.105545 ape=0.5926
[17:49:32] warmStart (decay=exponential) 66% (618/923) regret=0.105545 ape=0.5926
[17:49:32] warmStart (decay=exponential) 67% (619/923) regret=0.105545 ape=0.5926
[17:49:32] warmStart (decay=exponential) 67% (620/923) regret=0.105545 ape=0.5926
[17:49:33] warmStart (decay=exponential) 67% (621/923) regret=0.105545 ape=0.5926
[17:49:33] warmStart (decay=exponential) 67% (622/923) regret=0.105545 ape=0.5926
[17:49:33] warmStart (decay=exponential) 67% (623/923) regret=0.105545 ape=0.5926
[17:49:34] warmStart (decay=exponential) 67% (624/923) regret=0.105610 ape=0.5926
[17:49:34] warmStart (decay=exponential) 67% (625/923) regret=0.105545 ape=0.5926
[17:49:34] warmStart (decay=exponential) 67% (626/923) regret=0.105534 ape=0.5917
[17:49:34] warmStart (decay=exponential) 67% (627/923) regret=0.105545 ape=0.5926
[17:49:35] warmStart (decay=exponential) 68% (628/923) regret=0.105545 ape=0.5926
[17:49:35] warmStart (decay=exponential) 68% (629/923) regret=0.105545 ape=0.5926
[17:49:35] warmStart (decay=exponential) 68% (630/923) regret=0.105545 ape=0.5926
[17:49:35] warmStart (decay=exponential) 68% (631/923) regret=0.105545 ape=0.5926
[17:49:36] warmStart (decay=exponential) 68% (632/923) regret=0.105545 ape=0.5926
[17:49:36] warmStart (decay=exponential) 68% (633/923) regret=0.105545 ape=0.5926
[17:49:36] warmStart (decay=exponential) 68% (634/923) regret=0.105545 ape=0.5926
[17:49:37] warmStart (decay=exponential) 68% (635/923) regret=0.105545 ape=0.5926
[17:49:37] warmStart (decay=exponential) 68% (636/923) regret=0.105794 ape=0.5926
[17:49:37] warmStart (decay=exponential) 69% (637/923) regret=0.105665 ape=0.5926
[17:49:37] warmStart (decay=exponential) 69% (638/923) regret=0.105720 ape=0.5926
[17:49:38] warmStart (decay=exponential) 69% (639/923) regret=0.105868 ape=0.5926
[17:49:38] warmStart (decay=exponential) 69% (640/923) regret=0.105665 ape=0.5926
[17:49:38] warmStart (decay=exponential) 69% (641/923) regret=0.105665 ape=0.5926
[17:49:38] warmStart (decay=exponential) 69% (642/923) regret=0.105665 ape=0.5926
[17:49:39] warmStart (decay=exponential) 69% (643/923) regret=0.105665 ape=0.5926
[17:49:39] warmStart (decay=exponential) 69% (644/923) regret=0.106038 ape=0.5935
[17:49:39] warmStart (decay=exponential) 69% (645/923) regret=0.105665 ape=0.5926
[17:49:39] warmStart (decay=exponential) 69% (646/923) regret=0.105665 ape=0.5926
[17:49:40] warmStart (decay=exponential) 70% (647/923) regret=0.105665 ape=0.5926
[17:49:40] warmStart (decay=exponential) 70% (648/923) regret=0.105665 ape=0.5926
[17:49:40] warmStart (decay=exponential) 70% (649/923) regret=0.105665 ape=0.5926
[17:49:41] warmStart (decay=exponential) 70% (650/923) regret=0.105780 ape=0.5935
[17:49:41] warmStart (decay=exponential) 70% (651/923) regret=0.105665 ape=0.5926
[17:49:41] warmStart (decay=exponential) 70% (652/923) regret=0.105665 ape=0.5926
[17:49:41] warmStart (decay=exponential) 70% (653/923) regret=0.105665 ape=0.5926
[17:49:41] warmStart (decay=exponential) 70% (654/923) regret=0.105665 ape=0.5926
[17:49:42] warmStart (decay=exponential) 70% (655/923) regret=0.105665 ape=0.5926
[17:49:42] warmStart (decay=exponential) 71% (656/923) regret=0.105665 ape=0.5926
[17:49:42] warmStart (decay=exponential) 71% (657/923) regret=0.105665 ape=0.5926
[17:49:42] warmStart (decay=exponential) 71% (658/923) regret=0.105665 ape=0.5926
[17:49:43] warmStart (decay=exponential) 71% (659/923) regret=0.105665 ape=0.5926
[17:49:43] warmStart (decay=exponential) 71% (660/923) regret=0.105665 ape=0.5926
[17:49:43] warmStart (decay=exponential) 71% (661/923) regret=0.105665 ape=0.5926
[17:49:43] warmStart (decay=exponential) 71% (662/923) regret=0.105665 ape=0.5926
[17:49:43] warmStart (decay=exponential) 71% (663/923) regret=0.105665 ape=0.5926
[17:49:44] warmStart (decay=exponential) 71% (664/923) regret=0.105665 ape=0.5926
[17:49:44] warmStart (decay=exponential) 72% (665/923) regret=0.105665 ape=0.5926
[17:49:44] warmStart (decay=exponential) 72% (666/923) regret=0.105665 ape=0.5926
[17:49:44] warmStart (decay=exponential) 72% (667/923) regret=0.105665 ape=0.5926
[17:49:45] warmStart (decay=exponential) 72% (668/923) regret=0.105665 ape=0.5926
[17:49:45] warmStart (decay=exponential) 72% (669/923) regret=0.105665 ape=0.5926
[17:49:45] warmStart (decay=exponential) 72% (670/923) regret=0.105665 ape=0.5926
[17:49:45] warmStart (decay=exponential) 72% (671/923) regret=0.105665 ape=0.5926
[17:49:45] warmStart (decay=exponential) 72% (672/923) regret=0.105660 ape=0.5917
[17:49:46] warmStart (decay=exponential) 72% (673/923) regret=0.105679 ape=0.5926
[17:49:46] warmStart (decay=exponential) 73% (674/923) regret=0.105660 ape=0.5917
[17:49:46] warmStart (decay=exponential) 73% (675/923) regret=0.105670 ape=0.5917
[17:49:46] warmStart (decay=exponential) 73% (676/923) regret=0.105670 ape=0.5917
[17:49:46] warmStart (decay=exponential) 73% (677/923) regret=0.105670 ape=0.5917
[17:49:47] warmStart (decay=exponential) 73% (678/923) regret=0.105670 ape=0.5917
[17:49:47] warmStart (decay=exponential) 73% (679/923) regret=0.105679 ape=0.5917
[17:49:47] warmStart (decay=exponential) 73% (680/923) regret=0.104969 ape=0.5917
[17:49:47] warmStart (decay=exponential) 73% (681/923) regret=0.104969 ape=0.5917
[17:49:47] warmStart (decay=exponential) 73% (682/923) regret=0.104969 ape=0.5917
[17:49:48] warmStart (decay=exponential) 73% (683/923) regret=0.105462 ape=0.5926
[17:49:48] warmStart (decay=exponential) 74% (684/923) regret=0.105052 ape=0.5926
[17:49:48] warmStart (decay=exponential) 74% (685/923) regret=0.105052 ape=0.5926
[17:49:48] warmStart (decay=exponential) 74% (686/923) regret=0.105052 ape=0.5926
[17:49:48] warmStart (decay=exponential) 74% (687/923) regret=0.105054 ape=0.5926
[17:49:49] warmStart (decay=exponential) 74% (688/923) regret=0.105084 ape=0.5926
[17:49:49] warmStart (decay=exponential) 74% (689/923) regret=0.105270 ape=0.5926
[17:49:49] warmStart (decay=exponential) 74% (690/923) regret=0.105067 ape=0.5926
[17:49:49] warmStart (decay=exponential) 74% (691/923) regret=0.105054 ape=0.5926
[17:49:49] warmStart (decay=exponential) 74% (692/923) regret=0.105084 ape=0.5926
[17:49:49] warmStart (decay=exponential) 75% (693/923) regret=0.105084 ape=0.5926
[17:49:50] warmStart (decay=exponential) 75% (694/923) regret=0.105084 ape=0.5926
[17:49:50] warmStart (decay=exponential) 75% (695/923) regret=0.105084 ape=0.5926
[17:49:50] warmStart (decay=exponential) 75% (696/923) regret=0.105084 ape=0.5926
[17:49:50] warmStart (decay=exponential) 75% (697/923) regret=0.105084 ape=0.5926
[17:49:50] warmStart (decay=exponential) 75% (698/923) regret=0.105084 ape=0.5926
[17:49:50] warmStart (decay=exponential) 75% (699/923) regret=0.105084 ape=0.5926
[17:49:51] warmStart (decay=exponential) 75% (700/923) regret=0.105084 ape=0.5926
[17:49:51] warmStart (decay=exponential) 75% (701/923) regret=0.105084 ape=0.5926
[17:49:51] warmStart (decay=exponential) 76% (702/923) regret=0.105084 ape=0.5926
[17:49:51] warmStart (decay=exponential) 76% (703/923) regret=0.105084 ape=0.5926
[17:49:51] warmStart (decay=exponential) 76% (704/923) regret=0.105084 ape=0.5926
[17:49:51] warmStart (decay=exponential) 76% (705/923) regret=0.105084 ape=0.5926
[17:49:51] warmStart (decay=exponential) 76% (706/923) regret=0.105084 ape=0.5926
[17:49:52] warmStart (decay=exponential) 76% (707/923) regret=0.105084 ape=0.5926
[17:49:52] warmStart (decay=exponential) 76% (708/923) regret=0.105084 ape=0.5926
[17:49:52] warmStart (decay=exponential) 76% (709/923) regret=0.105084 ape=0.5926
[17:49:52] warmStart (decay=exponential) 76% (710/923) regret=0.105084 ape=0.5926
[17:49:52] warmStart (decay=exponential) 77% (711/923) regret=0.105084 ape=0.5926
[17:49:52] warmStart (decay=exponential) 77% (712/923) regret=0.105084 ape=0.5926
[17:49:53] warmStart (decay=exponential) 77% (713/923) regret=0.105084 ape=0.5926
[17:49:53] warmStart (decay=exponential) 77% (714/923) regret=0.105084 ape=0.5926
[17:49:53] warmStart (decay=exponential) 77% (715/923) regret=0.105084 ape=0.5926
[17:49:53] warmStart (decay=exponential) 77% (716/923) regret=0.105084 ape=0.5926
[17:49:53] warmStart (decay=exponential) 77% (717/923) regret=0.105084 ape=0.5926
[17:49:53] warmStart (decay=exponential) 77% (718/923) regret=0.105084 ape=0.5926
[17:49:54] warmStart (decay=exponential) 77% (719/923) regret=0.105084 ape=0.5926
[17:49:54] warmStart (decay=exponential) 78% (720/923) regret=0.105084 ape=0.5926
[17:49:54] warmStart (decay=exponential) 78% (721/923) regret=0.105084 ape=0.5926
[17:49:54] warmStart (decay=exponential) 78% (722/923) regret=0.105084 ape=0.5926
[17:49:54] warmStart (decay=exponential) 78% (723/923) regret=0.105084 ape=0.5926
[17:49:54] warmStart (decay=exponential) 78% (724/923) regret=0.105084 ape=0.5926
[17:49:55] warmStart (decay=exponential) 78% (725/923) regret=0.105084 ape=0.5926
[17:49:55] warmStart (decay=exponential) 78% (726/923) regret=0.105084 ape=0.5926
[17:49:55] warmStart (decay=exponential) 78% (727/923) regret=0.105084 ape=0.5926
[17:49:55] warmStart (decay=exponential) 78% (728/923) regret=0.105084 ape=0.5926
[17:49:55] warmStart (decay=exponential) 78% (729/923) regret=0.105084 ape=0.5926
[17:49:55] warmStart (decay=exponential) 79% (730/923) regret=0.105084 ape=0.5926
[17:49:55] warmStart (decay=exponential) 79% (731/923) regret=0.105084 ape=0.5926
[17:49:56] warmStart (decay=exponential) 79% (732/923) regret=0.105577 ape=0.5935
[17:49:56] warmStart (decay=exponential) 79% (733/923) regret=0.105107 ape=0.5935
[17:49:56] warmStart (decay=exponential) 79% (734/923) regret=0.105107 ape=0.5935
[17:49:56] warmStart (decay=exponential) 79% (735/923) regret=0.105084 ape=0.5926
[17:49:56] warmStart (decay=exponential) 79% (736/923) regret=0.105084 ape=0.5926
[17:49:56] warmStart (decay=exponential) 79% (737/923) regret=0.105084 ape=0.5926
[17:49:57] warmStart (decay=exponential) 79% (738/923) regret=0.105084 ape=0.5926
[17:49:57] warmStart (decay=exponential) 80% (739/923) regret=0.105084 ape=0.5926
[17:49:57] warmStart (decay=exponential) 80% (740/923) regret=0.105095 ape=0.5935
[17:49:57] warmStart (decay=exponential) 80% (741/923) regret=0.105084 ape=0.5926
[17:49:57] warmStart (decay=exponential) 80% (742/923) regret=0.105101 ape=0.5935
[17:49:58] warmStart (decay=exponential) 80% (743/923) regret=0.105110 ape=0.5935
[17:49:58] warmStart (decay=exponential) 80% (744/923) regret=0.105101 ape=0.5935
[17:49:58] warmStart (decay=exponential) 80% (745/923) regret=0.105101 ape=0.5935
[17:49:58] warmStart (decay=exponential) 80% (746/923) regret=0.105101 ape=0.5935
[17:49:58] warmStart (decay=exponential) 80% (747/923) regret=0.105101 ape=0.5935
[17:49:58] warmStart (decay=exponential) 81% (748/923) regret=0.105101 ape=0.5935
[17:49:58] warmStart (decay=exponential) 81% (749/923) regret=0.105101 ape=0.5935
[17:49:59] warmStart (decay=exponential) 81% (750/923) regret=0.105101 ape=0.5935
[17:49:59] warmStart (decay=exponential) 81% (751/923) regret=0.105101 ape=0.5935
[17:49:59] warmStart (decay=exponential) 81% (752/923) regret=0.105101 ape=0.5935
[17:49:59] warmStart (decay=exponential) 81% (753/923) regret=0.105101 ape=0.5935
[17:49:59] warmStart (decay=exponential) 81% (754/923) regret=0.105101 ape=0.5935
[17:49:59] warmStart (decay=exponential) 81% (755/923) regret=0.105101 ape=0.5935
[17:50:00] warmStart (decay=exponential) 81% (756/923) regret=0.105101 ape=0.5935
[17:50:00] warmStart (decay=exponential) 82% (757/923) regret=0.105101 ape=0.5935
[17:50:00] warmStart (decay=exponential) 82% (758/923) regret=0.105101 ape=0.5935
[17:50:00] warmStart (decay=exponential) 82% (759/923) regret=0.105101 ape=0.5935
[17:50:00] warmStart (decay=exponential) 82% (760/923) regret=0.105101 ape=0.5935
[17:50:00] warmStart (decay=exponential) 82% (761/923) regret=0.105101 ape=0.5935
[17:50:01] warmStart (decay=exponential) 82% (762/923) regret=0.105101 ape=0.5935
[17:50:01] warmStart (decay=exponential) 82% (763/923) regret=0.105101 ape=0.5935
[17:50:01] warmStart (decay=exponential) 82% (764/923) regret=0.105101 ape=0.5935
[17:50:01] warmStart (decay=exponential) 82% (765/923) regret=0.105101 ape=0.5935
[17:50:01] warmStart (decay=exponential) 82% (766/923) regret=0.105101 ape=0.5935
[17:50:01] warmStart (decay=exponential) 83% (767/923) regret=0.105101 ape=0.5935
[17:50:01] warmStart (decay=exponential) 83% (768/923) regret=0.105101 ape=0.5935
[17:50:02] warmStart (decay=exponential) 83% (769/923) regret=0.105101 ape=0.5935
[17:50:02] warmStart (decay=exponential) 83% (770/923) regret=0.105101 ape=0.5935
[17:50:02] warmStart (decay=exponential) 83% (771/923) regret=0.105101 ape=0.5935
[17:50:02] warmStart (decay=exponential) 83% (772/923) regret=0.105101 ape=0.5935
[17:50:02] warmStart (decay=exponential) 83% (773/923) regret=0.105101 ape=0.5935
[17:50:02] warmStart (decay=exponential) 83% (774/923) regret=0.105101 ape=0.5935
[17:50:03] warmStart (decay=exponential) 83% (775/923) regret=0.105101 ape=0.5935
[17:50:03] warmStart (decay=exponential) 84% (776/923) regret=0.105101 ape=0.5935
[17:50:03] warmStart (decay=exponential) 84% (777/923) regret=0.105101 ape=0.5935
[17:50:03] warmStart (decay=exponential) 84% (778/923) regret=0.105101 ape=0.5935
[17:50:03] warmStart (decay=exponential) 84% (779/923) regret=0.105101 ape=0.5935
[17:50:03] warmStart (decay=exponential) 84% (780/923) regret=0.105101 ape=0.5935
[17:50:04] warmStart (decay=exponential) 84% (781/923) regret=0.105101 ape=0.5935
[17:50:04] warmStart (decay=exponential) 84% (782/923) regret=0.105101 ape=0.5935
[17:50:04] warmStart (decay=exponential) 84% (783/923) regret=0.105101 ape=0.5935
[17:50:04] warmStart (decay=exponential) 84% (784/923) regret=0.105101 ape=0.5935
[17:50:04] warmStart (decay=exponential) 85% (785/923) regret=0.105101 ape=0.5935
[17:50:04] warmStart (decay=exponential) 85% (786/923) regret=0.105101 ape=0.5935
[17:50:05] warmStart (decay=exponential) 85% (787/923) regret=0.105101 ape=0.5935
[17:50:05] warmStart (decay=exponential) 85% (788/923) regret=0.105101 ape=0.5935
[17:50:05] warmStart (decay=exponential) 85% (789/923) regret=0.105101 ape=0.5935
[17:50:05] warmStart (decay=exponential) 85% (790/923) regret=0.105101 ape=0.5935
[17:50:05] warmStart (decay=exponential) 85% (791/923) regret=0.105101 ape=0.5935
[17:50:05] warmStart (decay=exponential) 85% (792/923) regret=0.105099 ape=0.5935
[17:50:05] warmStart (decay=exponential) 85% (793/923) regret=0.105099 ape=0.5935
[17:50:06] warmStart (decay=exponential) 86% (794/923) regret=0.105099 ape=0.5935
[17:50:06] warmStart (decay=exponential) 86% (795/923) regret=0.105099 ape=0.5935
[17:50:06] warmStart (decay=exponential) 86% (796/923) regret=0.105099 ape=0.5935
[17:50:06] warmStart (decay=exponential) 86% (797/923) regret=0.105099 ape=0.5935
[17:50:06] warmStart (decay=exponential) 86% (798/923) regret=0.105099 ape=0.5935
[17:50:06] warmStart (decay=exponential) 86% (799/923) regret=0.105099 ape=0.5935
[17:50:06] warmStart (decay=exponential) 86% (800/923) regret=0.105099 ape=0.5935
[17:50:07] warmStart (decay=exponential) 86% (801/923) regret=0.105099 ape=0.5935
[17:50:07] warmStart (decay=exponential) 86% (802/923) regret=0.105101 ape=0.5935
[17:50:07] warmStart (decay=exponential) 86% (803/923) regret=0.105101 ape=0.5935
[17:50:07] warmStart (decay=exponential) 87% (804/923) regret=0.105101 ape=0.5935
[17:50:07] warmStart (decay=exponential) 87% (805/923) regret=0.105101 ape=0.5935
[17:50:07] warmStart (decay=exponential) 87% (806/923) regret=0.105101 ape=0.5935
[17:50:07] warmStart (decay=exponential) 87% (807/923) regret=0.105101 ape=0.5935
[17:50:08] warmStart (decay=exponential) 87% (808/923) regret=0.105101 ape=0.5935
[17:50:08] warmStart (decay=exponential) 87% (809/923) regret=0.105101 ape=0.5935
[17:50:08] warmStart (decay=exponential) 87% (810/923) regret=0.105120 ape=0.5935
[17:50:08] warmStart (decay=exponential) 87% (811/923) regret=0.105138 ape=0.5935
[17:50:08] warmStart (decay=exponential) 87% (812/923) regret=0.105138 ape=0.5935
[17:50:08] warmStart (decay=exponential) 88% (813/923) regret=0.105138 ape=0.5935
[17:50:08] warmStart (decay=exponential) 88% (814/923) regret=0.105046 ape=0.5926
[17:50:09] warmStart (decay=exponential) 88% (815/923) regret=0.105138 ape=0.5935
[17:50:09] warmStart (decay=exponential) 88% (816/923) regret=0.105101 ape=0.5935
[17:50:09] warmStart (decay=exponential) 88% (817/923) regret=0.105101 ape=0.5935
[17:50:09] warmStart (decay=exponential) 88% (818/923) regret=0.104626 ape=0.5935
[17:50:09] warmStart (decay=exponential) 88% (819/923) regret=0.104663 ape=0.5935
[17:50:09] warmStart (decay=exponential) 88% (820/923) regret=0.104663 ape=0.5935
[17:50:10] warmStart (decay=exponential) 88% (821/923) regret=0.104626 ape=0.5935
[17:50:10] warmStart (decay=exponential) 89% (822/923) regret=0.104663 ape=0.5935
[17:50:10] warmStart (decay=exponential) 89% (823/923) regret=0.104663 ape=0.5935
[17:50:10] warmStart (decay=exponential) 89% (824/923) regret=0.104663 ape=0.5935
[17:50:10] warmStart (decay=exponential) 89% (825/923) regret=0.104663 ape=0.5935
[17:50:10] warmStart (decay=exponential) 89% (826/923) regret=0.104728 ape=0.5945
[17:50:11] warmStart (decay=exponential) 89% (827/923) regret=0.104663 ape=0.5935
[17:50:11] warmStart (decay=exponential) 89% (828/923) regret=0.104663 ape=0.5935
[17:50:11] warmStart (decay=exponential) 89% (829/923) regret=0.104663 ape=0.5935
[17:50:11] warmStart (decay=exponential) 89% (830/923) regret=0.104663 ape=0.5935
[17:50:11] warmStart (decay=exponential) 90% (831/923) regret=0.104663 ape=0.5935
[17:50:11] warmStart (decay=exponential) 90% (832/923) regret=0.104663 ape=0.5935
[17:50:12] warmStart (decay=exponential) 90% (833/923) regret=0.104663 ape=0.5935
[17:50:12] warmStart (decay=exponential) 90% (834/923) regret=0.104663 ape=0.5935
[17:50:12] warmStart (decay=exponential) 90% (835/923) regret=0.104663 ape=0.5935
[17:50:12] warmStart (decay=exponential) 90% (836/923) regret=0.104663 ape=0.5935
[17:50:12] warmStart (decay=exponential) 90% (837/923) regret=0.104663 ape=0.5935
[17:50:12] warmStart (decay=exponential) 90% (838/923) regret=0.104663 ape=0.5935
[17:50:12] warmStart (decay=exponential) 90% (839/923) regret=0.104663 ape=0.5935
[17:50:13] warmStart (decay=exponential) 91% (840/923) regret=0.104663 ape=0.5935
[17:50:13] warmStart (decay=exponential) 91% (841/923) regret=0.104663 ape=0.5935
[17:50:13] warmStart (decay=exponential) 91% (842/923) regret=0.104663 ape=0.5935
[17:50:13] warmStart (decay=exponential) 91% (843/923) regret=0.104663 ape=0.5935
[17:50:13] warmStart (decay=exponential) 91% (844/923) regret=0.104663 ape=0.5935
[17:50:13] warmStart (decay=exponential) 91% (845/923) regret=0.104663 ape=0.5935
[17:50:14] warmStart (decay=exponential) 91% (846/923) regret=0.104663 ape=0.5935
[17:50:14] warmStart (decay=exponential) 91% (847/923) regret=0.104663 ape=0.5935
[17:50:14] warmStart (decay=exponential) 91% (848/923) regret=0.104663 ape=0.5935
[17:50:14] warmStart (decay=exponential) 91% (849/923) regret=0.104663 ape=0.5935
[17:50:14] warmStart (decay=exponential) 92% (850/923) regret=0.104663 ape=0.5935
[17:50:14] warmStart (decay=exponential) 92% (851/923) regret=0.104663 ape=0.5935
[17:50:15] warmStart (decay=exponential) 92% (852/923) regret=0.104663 ape=0.5935
[17:50:15] warmStart (decay=exponential) 92% (853/923) regret=0.104663 ape=0.5935
[17:50:15] warmStart (decay=exponential) 92% (854/923) regret=0.104663 ape=0.5935
[17:50:15] warmStart (decay=exponential) 92% (855/923) regret=0.104663 ape=0.5935
[17:50:15] warmStart (decay=exponential) 92% (856/923) regret=0.104663 ape=0.5935
[17:50:16] warmStart (decay=exponential) 92% (857/923) regret=0.104663 ape=0.5935
[17:50:16] warmStart (decay=exponential) 92% (858/923) regret=0.104663 ape=0.5935
[17:50:16] warmStart (decay=exponential) 93% (859/923) regret=0.104663 ape=0.5935
[17:50:16] warmStart (decay=exponential) 93% (860/923) regret=0.104663 ape=0.5935
[17:50:16] warmStart (decay=exponential) 93% (861/923) regret=0.104663 ape=0.5935
[17:50:16] warmStart (decay=exponential) 93% (862/923) regret=0.104663 ape=0.5935
[17:50:17] warmStart (decay=exponential) 93% (863/923) regret=0.104663 ape=0.5935
[17:50:17] warmStart (decay=exponential) 93% (864/923) regret=0.104663 ape=0.5935
[17:50:17] warmStart (decay=exponential) 93% (865/923) regret=0.104663 ape=0.5935
[17:50:17] warmStart (decay=exponential) 93% (866/923) regret=0.104663 ape=0.5935
[17:50:17] warmStart (decay=exponential) 93% (867/923) regret=0.104663 ape=0.5935
[17:50:18] warmStart (decay=exponential) 94% (868/923) regret=0.104663 ape=0.5935
[17:50:18] warmStart (decay=exponential) 94% (869/923) regret=0.104663 ape=0.5935
[17:50:18] warmStart (decay=exponential) 94% (870/923) regret=0.104663 ape=0.5935
[17:50:18] warmStart (decay=exponential) 94% (871/923) regret=0.104663 ape=0.5935
[17:50:18] warmStart (decay=exponential) 94% (872/923) regret=0.104663 ape=0.5935
[17:50:19] warmStart (decay=exponential) 94% (873/923) regret=0.104663 ape=0.5935
[17:50:19] warmStart (decay=exponential) 94% (874/923) regret=0.104663 ape=0.5935
[17:50:19] warmStart (decay=exponential) 94% (875/923) regret=0.104663 ape=0.5935
[17:50:19] warmStart (decay=exponential) 94% (876/923) regret=0.104663 ape=0.5935
[17:50:19] warmStart (decay=exponential) 95% (877/923) regret=0.104663 ape=0.5935
[17:50:20] warmStart (decay=exponential) 95% (878/923) regret=0.104663 ape=0.5935
[17:50:20] warmStart (decay=exponential) 95% (879/923) regret=0.104663 ape=0.5935
[17:50:20] warmStart (decay=exponential) 95% (880/923) regret=0.104663 ape=0.5935
[17:50:20] warmStart (decay=exponential) 95% (881/923) regret=0.104663 ape=0.5935
[17:50:21] warmStart (decay=exponential) 95% (882/923) regret=0.104663 ape=0.5935
[17:50:21] warmStart (decay=exponential) 95% (883/923) regret=0.104663 ape=0.5935
[17:50:21] warmStart (decay=exponential) 95% (884/923) regret=0.104663 ape=0.5935
[17:50:22] warmStart (decay=exponential) 95% (885/923) regret=0.104663 ape=0.5935
[17:50:22] warmStart (decay=exponential) 95% (886/923) regret=0.104663 ape=0.5935
[17:50:22] warmStart (decay=exponential) 96% (887/923) regret=0.104663 ape=0.5935
[17:50:22] warmStart (decay=exponential) 96% (888/923) regret=0.104663 ape=0.5935
[17:50:23] warmStart (decay=exponential) 96% (889/923) regret=0.104479 ape=0.5926
[17:50:23] warmStart (decay=exponential) 96% (890/923) regret=0.104479 ape=0.5926
[17:50:23] warmStart (decay=exponential) 96% (891/923) regret=0.104479 ape=0.5926
[17:50:24] warmStart (decay=exponential) 96% (892/923) regret=0.104463 ape=0.5926
[17:50:24] warmStart (decay=exponential) 96% (893/923) regret=0.104463 ape=0.5926
[17:50:24] warmStart (decay=exponential) 96% (894/923) regret=0.104463 ape=0.5926
[17:50:24] warmStart (decay=exponential) 96% (895/923) regret=0.104460 ape=0.5926
[17:50:25] warmStart (decay=exponential) 97% (896/923) regret=0.104460 ape=0.5926
[17:50:25] warmStart (decay=exponential) 97% (897/923) regret=0.104460 ape=0.5926
[17:50:25] warmStart (decay=exponential) 97% (898/923) regret=0.104463 ape=0.5926
[17:50:25] warmStart (decay=exponential) 97% (899/923) regret=0.104460 ape=0.5926
[17:50:26] warmStart (decay=exponential) 97% (900/923) regret=0.104460 ape=0.5926
[17:50:26] warmStart (decay=exponential) 97% (901/923) regret=0.104819 ape=0.5935
[17:50:26] warmStart (decay=exponential) 97% (902/923) regret=0.104782 ape=0.5935
[17:50:27] warmStart (decay=exponential) 97% (903/923) regret=0.104709 ape=0.5935
[17:50:27] warmStart (decay=exponential) 97% (904/923) regret=0.104819 ape=0.5935
[17:50:27] warmStart (decay=exponential) 98% (905/923) regret=0.104819 ape=0.5935
[17:50:27] warmStart (decay=exponential) 98% (906/923) regret=0.104460 ape=0.5926
[17:50:28] warmStart (decay=exponential) 98% (907/923) regret=0.104460 ape=0.5926
[17:50:28] warmStart (decay=exponential) 98% (908/923) regret=0.104460 ape=0.5926
[17:50:28] warmStart (decay=exponential) 98% (909/923) regret=0.104460 ape=0.5926
[17:50:29] warmStart (decay=exponential) 98% (910/923) regret=0.104460 ape=0.5926
[17:50:29] warmStart (decay=exponential) 98% (911/923) regret=0.104460 ape=0.5926
[17:50:29] warmStart (decay=exponential) 98% (912/923) regret=0.104460 ape=0.5926
[17:50:29] warmStart (decay=exponential) 98% (913/923) regret=0.104460 ape=0.5926
[17:50:30] warmStart (decay=exponential) 99% (914/923) regret=0.104460 ape=0.5926
[17:50:30] warmStart (decay=exponential) 99% (915/923) regret=0.104460 ape=0.5926
[17:50:30] warmStart (decay=exponential) 99% (916/923) regret=0.104460 ape=0.5926
[17:50:30] warmStart (decay=exponential) 99% (917/923) regret=0.104460 ape=0.5926
[17:50:31] warmStart (decay=exponential) 99% (918/923) regret=0.104326 ape=0.5917
[17:50:31] warmStart (decay=exponential) 99% (919/923) regret=0.104326 ape=0.5917
[17:50:31] warmStart (decay=exponential) 99% (920/923) regret=0.104326 ape=0.5917
[17:50:32] warmStart (decay=exponential) 99% (921/923) regret=0.104326 ape=0.5917
[17:50:32] warmStart (decay=exponential) 99% (922/923) regret=0.104326 ape=0.5917
Warm w=50 finished: 922 points, 220.57s wall time
  Final: regret=0.104326, ape=0.5917

Saved: /home/users/g/s/gsavary/LudiiMCTSVariations/slurm_sweep_full_dataset/output_decay/warm_50_decay_exponential_0_50/seed_0/sweep_decay_warm_50_exponential_0.5_0_20260426_175032.json

Generating plots...
Saved: /home/users/g/s/gsavary/LudiiMCTSVariations/slurm_sweep_full_dataset/output_decay/warm_50_decay_exponential_0_50/seed_0/sweep_decay_warm_50_exponential_0.5_0_20260426_175032_regret.png
Saved: /home/users/g/s/gsavary/LudiiMCTSVariations/slurm_sweep_full_dataset/output_decay/warm_50_decay_exponential_0_50/seed_0/sweep_decay_warm_50_exponential_0.5_0_20260426_175032_ape.png

================================================================================
Experiment complete!
================================================================================
Done. Results in: /home/users/g/s/gsavary/LudiiMCTSVariations/slurm_sweep_full_dataset/output_decay/warm_50_decay_exponential_0_50/seed_0
