============================================================
Decay sweep experiment
Method:      baseline
Decay mode:  none
Decay param: 0.0
Seed:        0
Output:      /home/users/g/s/gsavary/LudiiMCTSVariations/slurm_sweep_full_dataset/output_decay/baseline_decay_none_0_0/seed_0
============================================================

================================================================================
SLURM Sweep Experiment with Synthetic Data Decay
================================================================================
Method: baseline
Decay: none (param=0.0)
Time limit: 3600.0s, Seed: 0, Batch size: 20
Output directory: /home/users/g/s/gsavary/LudiiMCTSVariations/slurm_sweep_full_dataset/output_decay/baseline_decay_none_0_0/seed_0

Loading Ludii dataset...
Loaded 1085 games
Using 1085 games (full dataset)

Running timing probe (100 pulls)...
  Estimated secs/pull: 0.024221

Time budget: 3600.0s → ~148630 total pulls
Per-method budget: 21232 pulls (~514.3s)

Computing predictor-only performance...
  Predictions loaded: 23675 agent predictions
  Predictor-only: regret=0.104318, ape=0.4894

Running BASELINE (cold start)...
[17:41:47] regretChangePotential 0% (1/1062) regret=0.148017 ape=0.7161
[17:41:47] regretChangePotential 0% (2/1062) regret=0.147912 ape=0.7171
[17:41:48] regretChangePotential 0% (3/1062) regret=0.147715 ape=0.7171
[17:41:48] regretChangePotential 0% (4/1062) regret=0.146987 ape=0.7161
[17:41:48] regretChangePotential 0% (5/1062) regret=0.146311 ape=0.7152
[17:41:48] regretChangePotential 0% (6/1062) regret=0.145470 ape=0.7143
[17:41:49] regretChangePotential 0% (7/1062) regret=0.144493 ape=0.7134
[17:41:49] regretChangePotential 0% (8/1062) regret=0.143041 ape=0.7115
[17:41:49] regretChangePotential 0% (9/1062) regret=0.143044 ape=0.7115
[17:41:49] regretChangePotential 0% (10/1062) regret=0.141782 ape=0.7106
[17:41:49] regretChangePotential 1% (11/1062) regret=0.141330 ape=0.7097
[17:41:50] regretChangePotential 1% (12/1062) regret=0.141132 ape=0.7088
[17:41:50] regretChangePotential 1% (13/1062) regret=0.140555 ape=0.7069
[17:41:50] regretChangePotential 1% (14/1062) regret=0.139988 ape=0.7069
[17:41:50] regretChangePotential 1% (15/1062) regret=0.139947 ape=0.7060
[17:41:50] regretChangePotential 1% (16/1062) regret=0.139947 ape=0.7060
[17:41:51] regretChangePotential 1% (17/1062) regret=0.139859 ape=0.7060
[17:41:51] regretChangePotential 1% (18/1062) regret=0.139251 ape=0.7041
[17:41:51] regretChangePotential 1% (19/1062) regret=0.139031 ape=0.7051
[17:41:51] regretChangePotential 1% (20/1062) regret=0.139326 ape=0.7060
[17:41:51] regretChangePotential 1% (21/1062) regret=0.139077 ape=0.7051
[17:41:52] regretChangePotential 2% (22/1062) regret=0.138178 ape=0.7041
[17:41:52] regretChangePotential 2% (23/1062) regret=0.138178 ape=0.7041
[17:41:52] regretChangePotential 2% (24/1062) regret=0.138178 ape=0.7041
[17:41:52] regretChangePotential 2% (25/1062) regret=0.137140 ape=0.7051
[17:41:53] regretChangePotential 2% (26/1062) regret=0.137140 ape=0.7051
[17:41:53] regretChangePotential 2% (27/1062) regret=0.136754 ape=0.7051
[17:41:53] regretChangePotential 2% (28/1062) regret=0.136754 ape=0.7051
[17:41:53] regretChangePotential 2% (29/1062) regret=0.135960 ape=0.7041
[17:41:53] regretChangePotential 2% (30/1062) regret=0.134774 ape=0.7023
[17:41:54] regretChangePotential 2% (31/1062) regret=0.134774 ape=0.7023
[17:41:54] regretChangePotential 3% (32/1062) regret=0.134774 ape=0.7023
[17:41:54] regretChangePotential 3% (33/1062) regret=0.134820 ape=0.7023
[17:41:54] regretChangePotential 3% (34/1062) regret=0.133746 ape=0.7014
[17:41:55] regretChangePotential 3% (35/1062) regret=0.133773 ape=0.7014
[17:41:55] regretChangePotential 3% (36/1062) regret=0.133464 ape=0.6995
[17:41:55] regretChangePotential 3% (37/1062) regret=0.132913 ape=0.6986
[17:41:55] regretChangePotential 3% (38/1062) regret=0.133314 ape=0.6986
[17:41:56] regretChangePotential 3% (39/1062) regret=0.132609 ape=0.6986
[17:41:56] regretChangePotential 3% (40/1062) regret=0.131555 ape=0.6977
[17:41:56] regretChangePotential 3% (41/1062) regret=0.131555 ape=0.6977
[17:41:56] regretChangePotential 3% (42/1062) regret=0.130938 ape=0.6977
[17:41:56] regretChangePotential 4% (43/1062) regret=0.130435 ape=0.6968
[17:41:57] regretChangePotential 4% (44/1062) regret=0.130352 ape=0.6959
[17:41:57] regretChangePotential 4% (45/1062) regret=0.130352 ape=0.6959
[17:41:57] regretChangePotential 4% (46/1062) regret=0.130352 ape=0.6959
[17:41:57] regretChangePotential 4% (47/1062) regret=0.129452 ape=0.6940
[17:41:57] regretChangePotential 4% (48/1062) regret=0.128240 ape=0.6922
[17:41:58] regretChangePotential 4% (49/1062) regret=0.128130 ape=0.6912
[17:41:58] regretChangePotential 4% (50/1062) regret=0.127687 ape=0.6912
[17:41:58] regretChangePotential 4% (51/1062) regret=0.126048 ape=0.6894
[17:41:58] regretChangePotential 4% (52/1062) regret=0.125113 ape=0.6894
[17:41:59] regretChangePotential 4% (53/1062) regret=0.123790 ape=0.6876
[17:41:59] regretChangePotential 5% (54/1062) regret=0.122140 ape=0.6848
[17:41:59] regretChangePotential 5% (55/1062) regret=0.122149 ape=0.6848
[17:41:59] regretChangePotential 5% (56/1062) regret=0.121967 ape=0.6848
[17:42:00] regretChangePotential 5% (57/1062) regret=0.120966 ape=0.6839
[17:42:00] regretChangePotential 5% (58/1062) regret=0.120813 ape=0.6829
[17:42:00] regretChangePotential 5% (59/1062) regret=0.121118 ape=0.6839
[17:42:00] regretChangePotential 5% (60/1062) regret=0.121007 ape=0.6829
[17:42:00] regretChangePotential 5% (61/1062) regret=0.121179 ape=0.6848
[17:42:01] regretChangePotential 5% (62/1062) regret=0.121179 ape=0.6848
[17:42:01] regretChangePotential 5% (63/1062) regret=0.121179 ape=0.6848
[17:42:01] regretChangePotential 6% (64/1062) regret=0.120829 ape=0.6839
[17:42:01] regretChangePotential 6% (65/1062) regret=0.120659 ape=0.6839
[17:42:02] regretChangePotential 6% (66/1062) regret=0.119813 ape=0.6829
[17:42:02] regretChangePotential 6% (67/1062) regret=0.119878 ape=0.6829
[17:42:02] regretChangePotential 6% (68/1062) regret=0.119813 ape=0.6820
[17:42:02] regretChangePotential 6% (69/1062) regret=0.118878 ape=0.6820
[17:42:03] regretChangePotential 6% (70/1062) regret=0.118873 ape=0.6820
[17:42:03] regretChangePotential 6% (71/1062) regret=0.118873 ape=0.6820
[17:42:03] regretChangePotential 6% (72/1062) regret=0.118366 ape=0.6820
[17:42:03] regretChangePotential 6% (73/1062) regret=0.118154 ape=0.6829
[17:42:03] regretChangePotential 6% (74/1062) regret=0.117982 ape=0.6829
[17:42:04] regretChangePotential 7% (75/1062) regret=0.116359 ape=0.6820
[17:42:04] regretChangePotential 7% (76/1062) regret=0.116359 ape=0.6820
[17:42:04] regretChangePotential 7% (77/1062) regret=0.114170 ape=0.6820
[17:42:04] regretChangePotential 7% (78/1062) regret=0.114133 ape=0.6820
[17:42:05] regretChangePotential 7% (79/1062) regret=0.114138 ape=0.6820
[17:42:05] regretChangePotential 7% (80/1062) regret=0.113428 ape=0.6811
[17:42:05] regretChangePotential 7% (81/1062) regret=0.111506 ape=0.6783
[17:42:05] regretChangePotential 7% (82/1062) regret=0.111188 ape=0.6774
[17:42:05] regretChangePotential 7% (83/1062) regret=0.111141 ape=0.6765
[17:42:06] regretChangePotential 7% (84/1062) regret=0.109056 ape=0.6756
[17:42:06] regretChangePotential 8% (85/1062) regret=0.109056 ape=0.6756
[17:42:06] regretChangePotential 8% (86/1062) regret=0.108623 ape=0.6756
[17:42:06] regretChangePotential 8% (87/1062) regret=0.108568 ape=0.6765
[17:42:07] regretChangePotential 8% (88/1062) regret=0.108260 ape=0.6765
[17:42:07] regretChangePotential 8% (89/1062) regret=0.108246 ape=0.6765
[17:42:07] regretChangePotential 8% (90/1062) regret=0.108160 ape=0.6756
[17:42:07] regretChangePotential 8% (91/1062) regret=0.107874 ape=0.6756
[17:42:07] regretChangePotential 8% (92/1062) regret=0.107886 ape=0.6756
[17:42:08] regretChangePotential 8% (93/1062) regret=0.107886 ape=0.6756
[17:42:08] regretChangePotential 8% (94/1062) regret=0.107711 ape=0.6747
[17:42:08] regretChangePotential 8% (95/1062) regret=0.107711 ape=0.6747
[17:42:08] regretChangePotential 9% (96/1062) regret=0.107191 ape=0.6747
[17:42:09] regretChangePotential 9% (97/1062) regret=0.107065 ape=0.6747
[17:42:09] regretChangePotential 9% (98/1062) regret=0.106406 ape=0.6737
[17:42:09] regretChangePotential 9% (99/1062) regret=0.106599 ape=0.6737
[17:42:09] regretChangePotential 9% (100/1062) regret=0.105980 ape=0.6728
[17:42:09] regretChangePotential 9% (101/1062) regret=0.106186 ape=0.6728
[17:42:10] regretChangePotential 9% (102/1062) regret=0.106169 ape=0.6719
[17:42:10] regretChangePotential 9% (103/1062) regret=0.105130 ape=0.6691
[17:42:10] regretChangePotential 9% (104/1062) regret=0.105130 ape=0.6691
[17:42:10] regretChangePotential 9% (105/1062) regret=0.105130 ape=0.6691
[17:42:10] regretChangePotential 9% (106/1062) regret=0.104690 ape=0.6682
[17:42:11] regretChangePotential 10% (107/1062) regret=0.104292 ape=0.6673
[17:42:11] regretChangePotential 10% (108/1062) regret=0.104013 ape=0.6664
[17:42:11] regretChangePotential 10% (109/1062) regret=0.104277 ape=0.6664
[17:42:11] regretChangePotential 10% (110/1062) regret=0.103169 ape=0.6654
[17:42:12] regretChangePotential 10% (111/1062) regret=0.103231 ape=0.6645
[17:42:12] regretChangePotential 10% (112/1062) regret=0.102821 ape=0.6645
[17:42:12] regretChangePotential 10% (113/1062) regret=0.102821 ape=0.6645
[17:42:12] regretChangePotential 10% (114/1062) regret=0.101726 ape=0.6627
[17:42:12] regretChangePotential 10% (115/1062) regret=0.101102 ape=0.6618
[17:42:13] regretChangePotential 10% (116/1062) regret=0.100695 ape=0.6627
[17:42:13] regretChangePotential 11% (117/1062) regret=0.100695 ape=0.6627
[17:42:13] regretChangePotential 11% (118/1062) regret=0.099755 ape=0.6618
[17:42:13] regretChangePotential 11% (119/1062) regret=0.099299 ape=0.6599
[17:42:14] regretChangePotential 11% (120/1062) regret=0.097824 ape=0.6581
[17:42:14] regretChangePotential 11% (121/1062) regret=0.097550 ape=0.6581
[17:42:14] regretChangePotential 11% (122/1062) regret=0.096333 ape=0.6562
[17:42:14] regretChangePotential 11% (123/1062) regret=0.096259 ape=0.6562
[17:42:15] regretChangePotential 11% (124/1062) regret=0.095439 ape=0.6553
[17:42:15] regretChangePotential 11% (125/1062) regret=0.093887 ape=0.6535
[17:42:15] regretChangePotential 11% (126/1062) regret=0.093166 ape=0.6525
[17:42:15] regretChangePotential 11% (127/1062) regret=0.092779 ape=0.6516
[17:42:15] regretChangePotential 12% (128/1062) regret=0.092864 ape=0.6525
[17:42:16] regretChangePotential 12% (129/1062) regret=0.092588 ape=0.6525
[17:42:16] regretChangePotential 12% (130/1062) regret=0.092929 ape=0.6525
[17:42:16] regretChangePotential 12% (131/1062) regret=0.093033 ape=0.6525
[17:42:16] regretChangePotential 12% (132/1062) regret=0.093063 ape=0.6525
[17:42:17] regretChangePotential 12% (133/1062) regret=0.092593 ape=0.6525
[17:42:17] regretChangePotential 12% (134/1062) regret=0.092704 ape=0.6525
[17:42:17] regretChangePotential 12% (135/1062) regret=0.092578 ape=0.6525
[17:42:17] regretChangePotential 12% (136/1062) regret=0.091865 ape=0.6507
[17:42:18] regretChangePotential 12% (137/1062) regret=0.091862 ape=0.6507
[17:42:18] regretChangePotential 12% (138/1062) regret=0.091553 ape=0.6507
[17:42:18] regretChangePotential 13% (139/1062) regret=0.091240 ape=0.6498
[17:42:18] regretChangePotential 13% (140/1062) regret=0.091019 ape=0.6488
[17:42:18] regretChangePotential 13% (141/1062) regret=0.090807 ape=0.6479
[17:42:19] regretChangePotential 13% (142/1062) regret=0.090779 ape=0.6470
[17:42:19] regretChangePotential 13% (143/1062) regret=0.090900 ape=0.6470
[17:42:19] regretChangePotential 13% (144/1062) regret=0.090997 ape=0.6479
[17:42:19] regretChangePotential 13% (145/1062) regret=0.091052 ape=0.6479
[17:42:20] regretChangePotential 13% (146/1062) regret=0.091052 ape=0.6479
[17:42:20] regretChangePotential 13% (147/1062) regret=0.091140 ape=0.6479
[17:42:20] regretChangePotential 13% (148/1062) regret=0.090589 ape=0.6470
[17:42:20] regretChangePotential 14% (149/1062) regret=0.089926 ape=0.6461
[17:42:21] regretChangePotential 14% (150/1062) regret=0.089898 ape=0.6461
[17:42:21] regretChangePotential 14% (151/1062) regret=0.089560 ape=0.6470
[17:42:21] regretChangePotential 14% (152/1062) regret=0.089739 ape=0.6479
[17:42:21] regretChangePotential 14% (153/1062) regret=0.089749 ape=0.6470
[17:42:21] regretChangePotential 14% (154/1062) regret=0.089709 ape=0.6470
[17:42:22] regretChangePotential 14% (155/1062) regret=0.089384 ape=0.6461
[17:42:22] regretChangePotential 14% (156/1062) regret=0.089288 ape=0.6442
[17:42:22] regretChangePotential 14% (157/1062) regret=0.089052 ape=0.6442
[17:42:22] regretChangePotential 14% (158/1062) regret=0.089099 ape=0.6442
[17:42:23] regretChangePotential 14% (159/1062) regret=0.088973 ape=0.6442
[17:42:23] regretChangePotential 15% (160/1062) regret=0.089104 ape=0.6452
[17:42:23] regretChangePotential 15% (161/1062) regret=0.089426 ape=0.6452
[17:42:23] regretChangePotential 15% (162/1062) regret=0.088353 ape=0.6442
[17:42:24] regretChangePotential 15% (163/1062) regret=0.086933 ape=0.6424
[17:42:24] regretChangePotential 15% (164/1062) regret=0.086585 ape=0.6415
[17:42:24] regretChangePotential 15% (165/1062) regret=0.087021 ape=0.6415
[17:42:24] regretChangePotential 15% (166/1062) regret=0.086207 ape=0.6406
[17:42:24] regretChangePotential 15% (167/1062) regret=0.085224 ape=0.6387
[17:42:25] regretChangePotential 15% (168/1062) regret=0.085184 ape=0.6387
[17:42:25] regretChangePotential 15% (169/1062) regret=0.085251 ape=0.6387
[17:42:25] regretChangePotential 16% (170/1062) regret=0.084684 ape=0.6378
[17:42:25] regretChangePotential 16% (171/1062) regret=0.084703 ape=0.6378
[17:42:26] regretChangePotential 16% (172/1062) regret=0.084715 ape=0.6378
[17:42:26] regretChangePotential 16% (173/1062) regret=0.084559 ape=0.6369
[17:42:26] regretChangePotential 16% (174/1062) regret=0.083941 ape=0.6359
[17:42:26] regretChangePotential 16% (175/1062) regret=0.083641 ape=0.6350
[17:42:26] regretChangePotential 16% (176/1062) regret=0.083697 ape=0.6359
[17:42:27] regretChangePotential 16% (177/1062) regret=0.083171 ape=0.6350
[17:42:27] regretChangePotential 16% (178/1062) regret=0.083195 ape=0.6341
[17:42:27] regretChangePotential 16% (179/1062) regret=0.083209 ape=0.6341
[17:42:27] regretChangePotential 16% (180/1062) regret=0.083251 ape=0.6341
[17:42:28] regretChangePotential 17% (181/1062) regret=0.083251 ape=0.6341
[17:42:28] regretChangePotential 17% (182/1062) regret=0.083166 ape=0.6341
[17:42:28] regretChangePotential 17% (183/1062) regret=0.082862 ape=0.6332
[17:42:28] regretChangePotential 17% (184/1062) regret=0.082595 ape=0.6323
[17:42:29] regretChangePotential 17% (185/1062) regret=0.081784 ape=0.6313
[17:42:29] regretChangePotential 17% (186/1062) regret=0.081676 ape=0.6313
[17:42:29] regretChangePotential 17% (187/1062) regret=0.081296 ape=0.6313
[17:42:29] regretChangePotential 17% (188/1062) regret=0.080909 ape=0.6304
[17:42:29] regretChangePotential 17% (189/1062) regret=0.080070 ape=0.6286
[17:42:30] regretChangePotential 17% (190/1062) regret=0.080070 ape=0.6286
[17:42:30] regretChangePotential 17% (191/1062) regret=0.080212 ape=0.6286
[17:42:30] regretChangePotential 18% (192/1062) regret=0.079110 ape=0.6267
[17:42:30] regretChangePotential 18% (193/1062) regret=0.079101 ape=0.6267
[17:42:31] regretChangePotential 18% (194/1062) regret=0.078921 ape=0.6258
[17:42:31] regretChangePotential 18% (195/1062) regret=0.078886 ape=0.6258
[17:42:31] regretChangePotential 18% (196/1062) regret=0.078849 ape=0.6258
[17:42:31] regretChangePotential 18% (197/1062) regret=0.078849 ape=0.6258
[17:42:32] regretChangePotential 18% (198/1062) regret=0.078849 ape=0.6258
[17:42:32] regretChangePotential 18% (199/1062) regret=0.078185 ape=0.6249
[17:42:32] regretChangePotential 18% (200/1062) regret=0.078185 ape=0.6249
[17:42:32] regretChangePotential 18% (201/1062) regret=0.078185 ape=0.6249
[17:42:32] regretChangePotential 19% (202/1062) regret=0.078185 ape=0.6249
[17:42:33] regretChangePotential 19% (203/1062) regret=0.078185 ape=0.6249
[17:42:33] regretChangePotential 19% (204/1062) regret=0.078015 ape=0.6240
[17:42:33] regretChangePotential 19% (205/1062) regret=0.078015 ape=0.6240
[17:42:33] regretChangePotential 19% (206/1062) regret=0.078015 ape=0.6240
[17:42:34] regretChangePotential 19% (207/1062) regret=0.078015 ape=0.6240
[17:42:34] regretChangePotential 19% (208/1062) regret=0.078015 ape=0.6240
[17:42:34] regretChangePotential 19% (209/1062) regret=0.078015 ape=0.6240
[17:42:34] regretChangePotential 19% (210/1062) regret=0.078015 ape=0.6240
[17:42:34] regretChangePotential 19% (211/1062) regret=0.078015 ape=0.6240
[17:42:35] regretChangePotential 19% (212/1062) regret=0.078015 ape=0.6240
[17:42:35] regretChangePotential 20% (213/1062) regret=0.078015 ape=0.6240
[17:42:35] regretChangePotential 20% (214/1062) regret=0.078015 ape=0.6240
[17:42:35] regretChangePotential 20% (215/1062) regret=0.078015 ape=0.6240
[17:42:36] regretChangePotential 20% (216/1062) regret=0.077812 ape=0.6240
[17:42:36] regretChangePotential 20% (217/1062) regret=0.077812 ape=0.6240
[17:42:36] regretChangePotential 20% (218/1062) regret=0.077812 ape=0.6240
[17:42:36] regretChangePotential 20% (219/1062) regret=0.077812 ape=0.6240
[17:42:36] regretChangePotential 20% (220/1062) regret=0.077812 ape=0.6240
[17:42:37] regretChangePotential 20% (221/1062) regret=0.077812 ape=0.6240
[17:42:37] regretChangePotential 20% (222/1062) regret=0.077812 ape=0.6240
[17:42:37] regretChangePotential 20% (223/1062) regret=0.077637 ape=0.6240
[17:42:37] regretChangePotential 21% (224/1062) regret=0.077637 ape=0.6240
[17:42:38] regretChangePotential 21% (225/1062) regret=0.077637 ape=0.6240
[17:42:38] regretChangePotential 21% (226/1062) regret=0.077637 ape=0.6240
[17:42:38] regretChangePotential 21% (227/1062) regret=0.077637 ape=0.6240
[17:42:38] regretChangePotential 21% (228/1062) regret=0.077637 ape=0.6240
[17:42:38] regretChangePotential 21% (229/1062) regret=0.077674 ape=0.6240
[17:42:39] regretChangePotential 21% (230/1062) regret=0.077674 ape=0.6240
[17:42:39] regretChangePotential 21% (231/1062) regret=0.077674 ape=0.6240
[17:42:39] regretChangePotential 21% (232/1062) regret=0.077674 ape=0.6240
[17:42:39] regretChangePotential 21% (233/1062) regret=0.077674 ape=0.6240
[17:42:40] regretChangePotential 22% (234/1062) regret=0.077545 ape=0.6230
[17:42:40] regretChangePotential 22% (235/1062) regret=0.077799 ape=0.6249
[17:42:40] regretChangePotential 22% (236/1062) regret=0.077559 ape=0.6249
[17:42:40] regretChangePotential 22% (237/1062) regret=0.076865 ape=0.6240
[17:42:40] regretChangePotential 22% (238/1062) regret=0.076865 ape=0.6240
[17:42:41] regretChangePotential 22% (239/1062) regret=0.076865 ape=0.6240
[17:42:41] regretChangePotential 22% (240/1062) regret=0.076865 ape=0.6240
[17:42:41] regretChangePotential 22% (241/1062) regret=0.076865 ape=0.6240
[17:42:41] regretChangePotential 22% (242/1062) regret=0.076865 ape=0.6240
[17:42:42] regretChangePotential 22% (243/1062) regret=0.076865 ape=0.6240
[17:42:42] regretChangePotential 22% (244/1062) regret=0.076865 ape=0.6240
[17:42:42] regretChangePotential 23% (245/1062) regret=0.076845 ape=0.6240
[17:42:42] regretChangePotential 23% (246/1062) regret=0.076845 ape=0.6240
[17:42:42] regretChangePotential 23% (247/1062) regret=0.076845 ape=0.6240
[17:42:43] regretChangePotential 23% (248/1062) regret=0.076845 ape=0.6240
[17:42:43] regretChangePotential 23% (249/1062) regret=0.076743 ape=0.6240
[17:42:43] regretChangePotential 23% (250/1062) regret=0.076716 ape=0.6230
[17:42:43] regretChangePotential 23% (251/1062) regret=0.076716 ape=0.6230
[17:42:43] regretChangePotential 23% (252/1062) regret=0.076716 ape=0.6230
[17:42:44] regretChangePotential 23% (253/1062) regret=0.076716 ape=0.6230
[17:42:44] regretChangePotential 23% (254/1062) regret=0.076716 ape=0.6230
[17:42:44] regretChangePotential 24% (255/1062) regret=0.076716 ape=0.6230
[17:42:44] regretChangePotential 24% (256/1062) regret=0.076716 ape=0.6230
[17:42:45] regretChangePotential 24% (257/1062) regret=0.076716 ape=0.6230
[17:42:45] regretChangePotential 24% (258/1062) regret=0.076716 ape=0.6230
[17:42:45] regretChangePotential 24% (259/1062) regret=0.076716 ape=0.6230
[17:42:45] regretChangePotential 24% (260/1062) regret=0.076716 ape=0.6230
[17:42:45] regretChangePotential 24% (261/1062) regret=0.076716 ape=0.6230
[17:42:46] regretChangePotential 24% (262/1062) regret=0.076716 ape=0.6230
[17:42:46] regretChangePotential 24% (263/1062) regret=0.076716 ape=0.6230
[17:42:46] regretChangePotential 24% (264/1062) regret=0.076716 ape=0.6230
[17:42:46] regretChangePotential 24% (265/1062) regret=0.076706 ape=0.6230
[17:42:47] regretChangePotential 25% (266/1062) regret=0.076706 ape=0.6230
[17:42:47] regretChangePotential 25% (267/1062) regret=0.076706 ape=0.6230
[17:42:47] regretChangePotential 25% (268/1062) regret=0.076706 ape=0.6230
[17:42:47] regretChangePotential 25% (269/1062) regret=0.076706 ape=0.6230
[17:42:48] regretChangePotential 25% (270/1062) regret=0.076633 ape=0.6221
[17:42:48] regretChangePotential 25% (271/1062) regret=0.076835 ape=0.6221
[17:42:48] regretChangePotential 25% (272/1062) regret=0.076817 ape=0.6221
[17:42:48] regretChangePotential 25% (273/1062) regret=0.077013 ape=0.6221
[17:42:48] regretChangePotential 25% (274/1062) regret=0.076994 ape=0.6221
[17:42:49] regretChangePotential 25% (275/1062) regret=0.077004 ape=0.6221
[17:42:49] regretChangePotential 25% (276/1062) regret=0.076752 ape=0.6221
[17:42:49] regretChangePotential 26% (277/1062) regret=0.076964 ape=0.6212
[17:42:49] regretChangePotential 26% (278/1062) regret=0.076779 ape=0.6212
[17:42:50] regretChangePotential 26% (279/1062) regret=0.076540 ape=0.6212
[17:42:50] regretChangePotential 26% (280/1062) regret=0.076534 ape=0.6203
[17:42:50] regretChangePotential 26% (281/1062) regret=0.076053 ape=0.6194
[17:42:50] regretChangePotential 26% (282/1062) regret=0.075760 ape=0.6175
[17:42:50] regretChangePotential 26% (283/1062) regret=0.075908 ape=0.6184
[17:42:51] regretChangePotential 26% (284/1062) regret=0.076332 ape=0.6184
[17:42:51] regretChangePotential 26% (285/1062) regret=0.075862 ape=0.6184
[17:42:51] regretChangePotential 26% (286/1062) regret=0.075639 ape=0.6184
[17:42:51] regretChangePotential 27% (287/1062) regret=0.075556 ape=0.6184
[17:42:52] regretChangePotential 27% (288/1062) regret=0.074892 ape=0.6166
[17:42:52] regretChangePotential 27% (289/1062) regret=0.074892 ape=0.6166
[17:42:52] regretChangePotential 27% (290/1062) regret=0.074831 ape=0.6157
[17:42:52] regretChangePotential 27% (291/1062) regret=0.074831 ape=0.6157
[17:42:53] regretChangePotential 27% (292/1062) regret=0.074619 ape=0.6157
[17:42:53] regretChangePotential 27% (293/1062) regret=0.075067 ape=0.6157
[17:42:53] regretChangePotential 27% (294/1062) regret=0.074110 ape=0.6147
[17:42:53] regretChangePotential 27% (295/1062) regret=0.074092 ape=0.6138
[17:42:54] regretChangePotential 27% (296/1062) regret=0.073986 ape=0.6129
[17:42:54] regretChangePotential 27% (297/1062) regret=0.074049 ape=0.6129
[17:42:54] regretChangePotential 28% (298/1062) regret=0.074206 ape=0.6129
[17:42:54] regretChangePotential 28% (299/1062) regret=0.073957 ape=0.6120
[17:42:55] regretChangePotential 28% (300/1062) regret=0.073789 ape=0.6120
[17:42:55] regretChangePotential 28% (301/1062) regret=0.073733 ape=0.6101
[17:42:55] regretChangePotential 28% (302/1062) regret=0.073830 ape=0.6111
[17:42:55] regretChangePotential 28% (303/1062) regret=0.073531 ape=0.6111
[17:42:56] regretChangePotential 28% (304/1062) regret=0.073604 ape=0.6111
[17:42:56] regretChangePotential 28% (305/1062) regret=0.073143 ape=0.6101
[17:42:56] regretChangePotential 28% (306/1062) regret=0.072637 ape=0.6092
[17:42:57] regretChangePotential 28% (307/1062) regret=0.072024 ape=0.6074
[17:42:57] regretChangePotential 29% (308/1062) regret=0.071612 ape=0.6065
[17:42:57] regretChangePotential 29% (309/1062) regret=0.071446 ape=0.6065
[17:42:57] regretChangePotential 29% (310/1062) regret=0.071443 ape=0.6055
[17:42:58] regretChangePotential 29% (311/1062) regret=0.071443 ape=0.6055
[17:42:58] regretChangePotential 29% (312/1062) regret=0.071213 ape=0.6055
[17:42:58] regretChangePotential 29% (313/1062) regret=0.070535 ape=0.6046
[17:42:58] regretChangePotential 29% (314/1062) regret=0.069802 ape=0.6037
[17:42:59] regretChangePotential 29% (315/1062) regret=0.069268 ape=0.6037
[17:42:59] regretChangePotential 29% (316/1062) regret=0.068840 ape=0.6037
[17:42:59] regretChangePotential 29% (317/1062) regret=0.068935 ape=0.6037
[17:42:59] regretChangePotential 29% (318/1062) regret=0.068953 ape=0.6055
[17:43:00] regretChangePotential 30% (319/1062) regret=0.068303 ape=0.6055
[17:43:00] regretChangePotential 30% (320/1062) regret=0.068294 ape=0.6055
[17:43:00] regretChangePotential 30% (321/1062) regret=0.068294 ape=0.6055
[17:43:01] regretChangePotential 30% (322/1062) regret=0.068160 ape=0.6055
[17:43:01] regretChangePotential 30% (323/1062) regret=0.068202 ape=0.6055
[17:43:01] regretChangePotential 30% (324/1062) regret=0.068017 ape=0.6055
[17:43:01] regretChangePotential 30% (325/1062) regret=0.067446 ape=0.6046
[17:43:02] regretChangePotential 30% (326/1062) regret=0.067446 ape=0.6046
[17:43:02] regretChangePotential 30% (327/1062) regret=0.067265 ape=0.6037
[17:43:02] regretChangePotential 30% (328/1062) regret=0.067265 ape=0.6037
[17:43:02] regretChangePotential 30% (329/1062) regret=0.066739 ape=0.6028
[17:43:03] regretChangePotential 31% (330/1062) regret=0.066684 ape=0.6028
[17:43:03] regretChangePotential 31% (331/1062) regret=0.066629 ape=0.6028
[17:43:03] regretChangePotential 31% (332/1062) regret=0.065918 ape=0.6018
[17:43:04] regretChangePotential 31% (333/1062) regret=0.065916 ape=0.6009
[17:43:04] regretChangePotential 31% (334/1062) regret=0.065810 ape=0.6009
[17:43:04] regretChangePotential 31% (335/1062) regret=0.066262 ape=0.6009
[17:43:04] regretChangePotential 31% (336/1062) regret=0.066262 ape=0.6009
[17:43:05] regretChangePotential 31% (337/1062) regret=0.066244 ape=0.6009
[17:43:05] regretChangePotential 31% (338/1062) regret=0.065951 ape=0.6000
[17:43:05] regretChangePotential 31% (339/1062) regret=0.065849 ape=0.6000
[17:43:05] regretChangePotential 32% (340/1062) regret=0.065551 ape=0.5972
[17:43:06] regretChangePotential 32% (341/1062) regret=0.065477 ape=0.5972
[17:43:06] regretChangePotential 32% (342/1062) regret=0.065535 ape=0.5954
[17:43:06] regretChangePotential 32% (343/1062) regret=0.065342 ape=0.5954
[17:43:06] regretChangePotential 32% (344/1062) regret=0.065342 ape=0.5954
[17:43:07] regretChangePotential 32% (345/1062) regret=0.065342 ape=0.5954
[17:43:07] regretChangePotential 32% (346/1062) regret=0.065342 ape=0.5954
[17:43:07] regretChangePotential 32% (347/1062) regret=0.065486 ape=0.5963
[17:43:07] regretChangePotential 32% (348/1062) regret=0.065246 ape=0.5963
[17:43:08] regretChangePotential 32% (349/1062) regret=0.064772 ape=0.5954
[17:43:08] regretChangePotential 32% (350/1062) regret=0.064198 ape=0.5945
[17:43:08] regretChangePotential 33% (351/1062) regret=0.063798 ape=0.5945
[17:43:08] regretChangePotential 33% (352/1062) regret=0.063687 ape=0.5945
[17:43:09] regretChangePotential 33% (353/1062) regret=0.063835 ape=0.5954
[17:43:09] regretChangePotential 33% (354/1062) regret=0.063835 ape=0.5954
[17:43:09] regretChangePotential 33% (355/1062) regret=0.063359 ape=0.5945
[17:43:09] regretChangePotential 33% (356/1062) regret=0.063359 ape=0.5945
[17:43:10] regretChangePotential 33% (357/1062) regret=0.063359 ape=0.5945
[17:43:10] regretChangePotential 33% (358/1062) regret=0.063359 ape=0.5945
[17:43:10] regretChangePotential 33% (359/1062) regret=0.063068 ape=0.5935
[17:43:10] regretChangePotential 33% (360/1062) regret=0.063222 ape=0.5945
[17:43:11] regretChangePotential 33% (361/1062) regret=0.063076 ape=0.5945
[17:43:11] regretChangePotential 34% (362/1062) regret=0.063076 ape=0.5945
[17:43:11] regretChangePotential 34% (363/1062) regret=0.063076 ape=0.5945
[17:43:11] regretChangePotential 34% (364/1062) regret=0.063076 ape=0.5945
[17:43:12] regretChangePotential 34% (365/1062) regret=0.063187 ape=0.5945
[17:43:12] regretChangePotential 34% (366/1062) regret=0.063076 ape=0.5945
[17:43:12] regretChangePotential 34% (367/1062) regret=0.063076 ape=0.5945
[17:43:12] regretChangePotential 34% (368/1062) regret=0.063048 ape=0.5935
[17:43:13] regretChangePotential 34% (369/1062) regret=0.063048 ape=0.5935
[17:43:13] regretChangePotential 34% (370/1062) regret=0.063081 ape=0.5935
[17:43:13] regretChangePotential 34% (371/1062) regret=0.062755 ape=0.5935
[17:43:13] regretChangePotential 35% (372/1062) regret=0.062122 ape=0.5935
[17:43:14] regretChangePotential 35% (373/1062) regret=0.062122 ape=0.5935
[17:43:14] regretChangePotential 35% (374/1062) regret=0.062122 ape=0.5935
[17:43:14] regretChangePotential 35% (375/1062) regret=0.062122 ape=0.5935
[17:43:14] regretChangePotential 35% (376/1062) regret=0.062122 ape=0.5935
[17:43:15] regretChangePotential 35% (377/1062) regret=0.062122 ape=0.5935
[17:43:15] regretChangePotential 35% (378/1062) regret=0.062122 ape=0.5935
[17:43:15] regretChangePotential 35% (379/1062) regret=0.062122 ape=0.5935
[17:43:15] regretChangePotential 35% (380/1062) regret=0.062122 ape=0.5935
[17:43:16] regretChangePotential 35% (381/1062) regret=0.062122 ape=0.5935
[17:43:16] regretChangePotential 35% (382/1062) regret=0.062030 ape=0.5926
[17:43:16] regretChangePotential 36% (383/1062) regret=0.062030 ape=0.5926
[17:43:16] regretChangePotential 36% (384/1062) regret=0.062048 ape=0.5935
[17:43:17] regretChangePotential 36% (385/1062) regret=0.062048 ape=0.5935
[17:43:17] regretChangePotential 36% (386/1062) regret=0.062048 ape=0.5935
[17:43:17] regretChangePotential 36% (387/1062) regret=0.062048 ape=0.5935
[17:43:17] regretChangePotential 36% (388/1062) regret=0.062048 ape=0.5935
[17:43:18] regretChangePotential 36% (389/1062) regret=0.062048 ape=0.5935
[17:43:18] regretChangePotential 36% (390/1062) regret=0.061878 ape=0.5935
[17:43:18] regretChangePotential 36% (391/1062) regret=0.061776 ape=0.5926
[17:43:18] regretChangePotential 36% (392/1062) regret=0.061776 ape=0.5926
[17:43:19] regretChangePotential 37% (393/1062) regret=0.062002 ape=0.5926
[17:43:19] regretChangePotential 37% (394/1062) regret=0.061260 ape=0.5908
[17:43:19] regretChangePotential 37% (395/1062) regret=0.061260 ape=0.5908
[17:43:19] regretChangePotential 37% (396/1062) regret=0.061260 ape=0.5908
[17:43:20] regretChangePotential 37% (397/1062) regret=0.061260 ape=0.5908
[17:43:20] regretChangePotential 37% (398/1062) regret=0.061298 ape=0.5917
[17:43:20] regretChangePotential 37% (399/1062) regret=0.061298 ape=0.5917
[17:43:20] regretChangePotential 37% (400/1062) regret=0.061516 ape=0.5917
[17:43:21] regretChangePotential 37% (401/1062) regret=0.061451 ape=0.5917
[17:43:21] regretChangePotential 37% (402/1062) regret=0.061451 ape=0.5917
[17:43:21] regretChangePotential 37% (403/1062) regret=0.061304 ape=0.5917
[17:43:22] regretChangePotential 38% (404/1062) regret=0.061267 ape=0.5908
[17:43:22] regretChangePotential 38% (405/1062) regret=0.061267 ape=0.5908
[17:43:22] regretChangePotential 38% (406/1062) regret=0.061129 ape=0.5908
[17:43:22] regretChangePotential 38% (407/1062) regret=0.061129 ape=0.5908
[17:43:23] regretChangePotential 38% (408/1062) regret=0.061129 ape=0.5908
[17:43:23] regretChangePotential 38% (409/1062) regret=0.061037 ape=0.5908
[17:43:23] regretChangePotential 38% (410/1062) regret=0.060917 ape=0.5908
[17:43:23] regretChangePotential 38% (411/1062) regret=0.060769 ape=0.5899
[17:43:24] regretChangePotential 38% (412/1062) regret=0.060825 ape=0.5908
[17:43:24] regretChangePotential 38% (413/1062) regret=0.060518 ape=0.5908
[17:43:24] regretChangePotential 38% (414/1062) regret=0.060346 ape=0.5908
[17:43:24] regretChangePotential 39% (415/1062) regret=0.060346 ape=0.5908
[17:43:25] regretChangePotential 39% (416/1062) regret=0.059976 ape=0.5899
[17:43:25] regretChangePotential 39% (417/1062) regret=0.060125 ape=0.5908
[17:43:25] regretChangePotential 39% (418/1062) regret=0.060031 ape=0.5908
[17:43:26] regretChangePotential 39% (419/1062) regret=0.060031 ape=0.5908
[17:43:26] regretChangePotential 39% (420/1062) regret=0.060511 ape=0.5908
[17:43:26] regretChangePotential 39% (421/1062) regret=0.059782 ape=0.5899
[17:43:26] regretChangePotential 39% (422/1062) regret=0.059796 ape=0.5899
[17:43:27] regretChangePotential 39% (423/1062) regret=0.059816 ape=0.5899
[17:43:27] regretChangePotential 39% (424/1062) regret=0.059816 ape=0.5899
[17:43:27] regretChangePotential 40% (425/1062) regret=0.059687 ape=0.5899
[17:43:27] regretChangePotential 40% (426/1062) regret=0.059844 ape=0.5899
[17:43:28] regretChangePotential 40% (427/1062) regret=0.059816 ape=0.5899
[17:43:28] regretChangePotential 40% (428/1062) regret=0.059816 ape=0.5899
[17:43:28] regretChangePotential 40% (429/1062) regret=0.059853 ape=0.5899
[17:43:28] regretChangePotential 40% (430/1062) regret=0.059821 ape=0.5899
[17:43:29] regretChangePotential 40% (431/1062) regret=0.059821 ape=0.5899
[17:43:29] regretChangePotential 40% (432/1062) regret=0.059802 ape=0.5899
[17:43:29] regretChangePotential 40% (433/1062) regret=0.059701 ape=0.5889
[17:43:30] regretChangePotential 40% (434/1062) regret=0.059738 ape=0.5889
[17:43:30] regretChangePotential 40% (435/1062) regret=0.059738 ape=0.5889
[17:43:30] regretChangePotential 41% (436/1062) regret=0.059970 ape=0.5899
[17:43:30] regretChangePotential 41% (437/1062) regret=0.059836 ape=0.5899
[17:43:31] regretChangePotential 41% (438/1062) regret=0.060495 ape=0.5926
[17:43:31] regretChangePotential 41% (439/1062) regret=0.060318 ape=0.5926
[17:43:31] regretChangePotential 41% (440/1062) regret=0.060250 ape=0.5926
[17:43:31] regretChangePotential 41% (441/1062) regret=0.060077 ape=0.5935
[17:43:32] regretChangePotential 41% (442/1062) regret=0.059964 ape=0.5945
[17:43:32] regretChangePotential 41% (443/1062) regret=0.060088 ape=0.5945
[17:43:32] regretChangePotential 41% (444/1062) regret=0.059940 ape=0.5945
[17:43:33] regretChangePotential 41% (445/1062) regret=0.059434 ape=0.5935
[17:43:33] regretChangePotential 41% (446/1062) regret=0.059332 ape=0.5926
[17:43:33] regretChangePotential 42% (447/1062) regret=0.059307 ape=0.5926
[17:43:33] regretChangePotential 42% (448/1062) regret=0.059307 ape=0.5926
[17:43:34] regretChangePotential 42% (449/1062) regret=0.059307 ape=0.5926
[17:43:34] regretChangePotential 42% (450/1062) regret=0.059307 ape=0.5926
[17:43:34] regretChangePotential 42% (451/1062) regret=0.059118 ape=0.5926
[17:43:34] regretChangePotential 42% (452/1062) regret=0.058897 ape=0.5917
[17:43:35] regretChangePotential 42% (453/1062) regret=0.058763 ape=0.5917
[17:43:35] regretChangePotential 42% (454/1062) regret=0.058763 ape=0.5917
[17:43:35] regretChangePotential 42% (455/1062) regret=0.058763 ape=0.5917
[17:43:35] regretChangePotential 42% (456/1062) regret=0.058758 ape=0.5917
[17:43:36] regretChangePotential 43% (457/1062) regret=0.058750 ape=0.5908
[17:43:36] regretChangePotential 43% (458/1062) regret=0.058814 ape=0.5908
[17:43:36] regretChangePotential 43% (459/1062) regret=0.058828 ape=0.5917
[17:43:37] regretChangePotential 43% (460/1062) regret=0.058828 ape=0.5917
[17:43:37] regretChangePotential 43% (461/1062) regret=0.058851 ape=0.5926
[17:43:37] regretChangePotential 43% (462/1062) regret=0.058632 ape=0.5917
[17:43:37] regretChangePotential 43% (463/1062) regret=0.058653 ape=0.5908
[17:43:38] regretChangePotential 43% (464/1062) regret=0.058653 ape=0.5908
[17:43:38] regretChangePotential 43% (465/1062) regret=0.058653 ape=0.5908
[17:43:38] regretChangePotential 43% (466/1062) regret=0.058653 ape=0.5908
[17:43:38] regretChangePotential 43% (467/1062) regret=0.058653 ape=0.5908
[17:43:39] regretChangePotential 44% (468/1062) regret=0.058653 ape=0.5908
[17:43:39] regretChangePotential 44% (469/1062) regret=0.058355 ape=0.5889
[17:43:39] regretChangePotential 44% (470/1062) regret=0.058355 ape=0.5889
[17:43:39] regretChangePotential 44% (471/1062) regret=0.058355 ape=0.5889
[17:43:40] regretChangePotential 44% (472/1062) regret=0.058343 ape=0.5880
[17:43:40] regretChangePotential 44% (473/1062) regret=0.058340 ape=0.5880
[17:43:40] regretChangePotential 44% (474/1062) regret=0.058340 ape=0.5880
[17:43:40] regretChangePotential 44% (475/1062) regret=0.058340 ape=0.5880
[17:43:41] regretChangePotential 44% (476/1062) regret=0.058340 ape=0.5880
[17:43:41] regretChangePotential 44% (477/1062) regret=0.058340 ape=0.5880
[17:43:41] regretChangePotential 45% (478/1062) regret=0.058340 ape=0.5880
[17:43:41] regretChangePotential 45% (479/1062) regret=0.058340 ape=0.5880
[17:43:42] regretChangePotential 45% (480/1062) regret=0.058053 ape=0.5871
[17:43:42] regretChangePotential 45% (481/1062) regret=0.058021 ape=0.5862
[17:43:42] regretChangePotential 45% (482/1062) regret=0.058003 ape=0.5862
[17:43:42] regretChangePotential 45% (483/1062) regret=0.058003 ape=0.5862
[17:43:43] regretChangePotential 45% (484/1062) regret=0.058003 ape=0.5862
[17:43:43] regretChangePotential 45% (485/1062) regret=0.058003 ape=0.5862
[17:43:43] regretChangePotential 45% (486/1062) regret=0.058003 ape=0.5862
[17:43:43] regretChangePotential 45% (487/1062) regret=0.058003 ape=0.5862
[17:43:43] regretChangePotential 45% (488/1062) regret=0.058003 ape=0.5862
[17:43:44] regretChangePotential 46% (489/1062) regret=0.058003 ape=0.5862
[17:43:44] regretChangePotential 46% (490/1062) regret=0.058003 ape=0.5862
[17:43:44] regretChangePotential 46% (491/1062) regret=0.058003 ape=0.5862
[17:43:44] regretChangePotential 46% (492/1062) regret=0.058003 ape=0.5862
[17:43:45] regretChangePotential 46% (493/1062) regret=0.058003 ape=0.5862
[17:43:45] regretChangePotential 46% (494/1062) regret=0.058003 ape=0.5862
[17:43:45] regretChangePotential 46% (495/1062) regret=0.058003 ape=0.5862
[17:43:45] regretChangePotential 46% (496/1062) regret=0.058003 ape=0.5862
[17:43:46] regretChangePotential 46% (497/1062) regret=0.058003 ape=0.5862
[17:43:46] regretChangePotential 46% (498/1062) regret=0.058003 ape=0.5862
[17:43:46] regretChangePotential 46% (499/1062) regret=0.058003 ape=0.5862
[17:43:46] regretChangePotential 47% (500/1062) regret=0.058003 ape=0.5862
[17:43:47] regretChangePotential 47% (501/1062) regret=0.058003 ape=0.5862
[17:43:47] regretChangePotential 47% (502/1062) regret=0.058003 ape=0.5862
[17:43:47] regretChangePotential 47% (503/1062) regret=0.057998 ape=0.5853
[17:43:47] regretChangePotential 47% (504/1062) regret=0.057998 ape=0.5853
[17:43:48] regretChangePotential 47% (505/1062) regret=0.057998 ape=0.5853
[17:43:48] regretChangePotential 47% (506/1062) regret=0.057998 ape=0.5853
[17:43:48] regretChangePotential 47% (507/1062) regret=0.057998 ape=0.5853
[17:43:48] regretChangePotential 47% (508/1062) regret=0.057998 ape=0.5853
[17:43:49] regretChangePotential 47% (509/1062) regret=0.057998 ape=0.5853
[17:43:49] regretChangePotential 48% (510/1062) regret=0.057998 ape=0.5853
[17:43:49] regretChangePotential 48% (511/1062) regret=0.057998 ape=0.5853
[17:43:49] regretChangePotential 48% (512/1062) regret=0.057998 ape=0.5853
[17:43:50] regretChangePotential 48% (513/1062) regret=0.057998 ape=0.5853
[17:43:50] regretChangePotential 48% (514/1062) regret=0.057998 ape=0.5853
[17:43:50] regretChangePotential 48% (515/1062) regret=0.057998 ape=0.5853
[17:43:50] regretChangePotential 48% (516/1062) regret=0.057998 ape=0.5853
[17:43:51] regretChangePotential 48% (517/1062) regret=0.057998 ape=0.5853
[17:43:51] regretChangePotential 48% (518/1062) regret=0.057998 ape=0.5853
[17:43:51] regretChangePotential 48% (519/1062) regret=0.057998 ape=0.5853
[17:43:52] regretChangePotential 48% (520/1062) regret=0.057998 ape=0.5853
[17:43:52] regretChangePotential 49% (521/1062) regret=0.057998 ape=0.5853
[17:43:52] regretChangePotential 49% (522/1062) regret=0.057998 ape=0.5853
[17:43:52] regretChangePotential 49% (523/1062) regret=0.057902 ape=0.5853
[17:43:52] regretChangePotential 49% (524/1062) regret=0.057496 ape=0.5843
[17:43:53] regretChangePotential 49% (525/1062) regret=0.057143 ape=0.5834
[17:43:53] regretChangePotential 49% (526/1062) regret=0.057143 ape=0.5834
[17:43:53] regretChangePotential 49% (527/1062) regret=0.057143 ape=0.5834
[17:43:53] regretChangePotential 49% (528/1062) regret=0.057143 ape=0.5834
[17:43:54] regretChangePotential 49% (529/1062) regret=0.056956 ape=0.5834
[17:43:54] regretChangePotential 49% (530/1062) regret=0.056956 ape=0.5834
[17:43:54] regretChangePotential 50% (531/1062) regret=0.056956 ape=0.5834
[17:43:54] regretChangePotential 50% (532/1062) regret=0.056956 ape=0.5834
[17:43:55] regretChangePotential 50% (533/1062) regret=0.056956 ape=0.5834
[17:43:55] regretChangePotential 50% (534/1062) regret=0.056956 ape=0.5834
[17:43:55] regretChangePotential 50% (535/1062) regret=0.056468 ape=0.5825
[17:43:56] regretChangePotential 50% (536/1062) regret=0.056421 ape=0.5825
[17:43:56] regretChangePotential 50% (537/1062) regret=0.056421 ape=0.5825
[17:43:56] regretChangePotential 50% (538/1062) regret=0.056435 ape=0.5834
[17:43:56] regretChangePotential 50% (539/1062) regret=0.056524 ape=0.5825
[17:43:57] regretChangePotential 50% (540/1062) regret=0.056313 ape=0.5825
[17:43:57] regretChangePotential 50% (541/1062) regret=0.056303 ape=0.5825
[17:43:57] regretChangePotential 51% (542/1062) regret=0.056142 ape=0.5825
[17:43:57] regretChangePotential 51% (543/1062) regret=0.055902 ape=0.5806
[17:43:58] regretChangePotential 51% (544/1062) regret=0.056002 ape=0.5806
[17:43:58] regretChangePotential 51% (545/1062) regret=0.056020 ape=0.5806
[17:43:58] regretChangePotential 51% (546/1062) regret=0.055509 ape=0.5797
[17:43:58] regretChangePotential 51% (547/1062) regret=0.055509 ape=0.5797
[17:43:59] regretChangePotential 51% (548/1062) regret=0.055509 ape=0.5797
[17:43:59] regretChangePotential 51% (549/1062) regret=0.055508 ape=0.5797
[17:43:59] regretChangePotential 51% (550/1062) regret=0.055548 ape=0.5797
[17:43:59] regretChangePotential 51% (551/1062) regret=0.055548 ape=0.5797
[17:44:00] regretChangePotential 51% (552/1062) regret=0.055548 ape=0.5797
[17:44:00] regretChangePotential 52% (553/1062) regret=0.055548 ape=0.5797
[17:44:00] regretChangePotential 52% (554/1062) regret=0.055465 ape=0.5788
[17:44:01] regretChangePotential 52% (555/1062) regret=0.055446 ape=0.5779
[17:44:01] regretChangePotential 52% (556/1062) regret=0.055446 ape=0.5779
[17:44:01] regretChangePotential 52% (557/1062) regret=0.055161 ape=0.5779
[17:44:01] regretChangePotential 52% (558/1062) regret=0.055136 ape=0.5779
[17:44:02] regretChangePotential 52% (559/1062) regret=0.054689 ape=0.5770
[17:44:02] regretChangePotential 52% (560/1062) regret=0.054689 ape=0.5770
[17:44:02] regretChangePotential 52% (561/1062) regret=0.054629 ape=0.5760
[17:44:02] regretChangePotential 52% (562/1062) regret=0.054624 ape=0.5760
[17:44:02] regretChangePotential 53% (563/1062) regret=0.054624 ape=0.5760
[17:44:03] regretChangePotential 53% (564/1062) regret=0.054611 ape=0.5760
[17:44:03] regretChangePotential 53% (565/1062) regret=0.054624 ape=0.5760
[17:44:03] regretChangePotential 53% (566/1062) regret=0.054624 ape=0.5760
[17:44:03] regretChangePotential 53% (567/1062) regret=0.054618 ape=0.5760
[17:44:04] regretChangePotential 53% (568/1062) regret=0.054956 ape=0.5770
[17:44:04] regretChangePotential 53% (569/1062) regret=0.054688 ape=0.5770
[17:44:04] regretChangePotential 53% (570/1062) regret=0.054624 ape=0.5760
[17:44:04] regretChangePotential 53% (571/1062) regret=0.054624 ape=0.5760
[17:44:05] regretChangePotential 53% (572/1062) regret=0.054737 ape=0.5770
[17:44:05] regretChangePotential 53% (573/1062) regret=0.054624 ape=0.5760
[17:44:05] regretChangePotential 54% (574/1062) regret=0.054485 ape=0.5751
[17:44:06] regretChangePotential 54% (575/1062) regret=0.054035 ape=0.5751
[17:44:06] regretChangePotential 54% (576/1062) regret=0.053949 ape=0.5742
[17:44:06] regretChangePotential 54% (577/1062) regret=0.053852 ape=0.5733
[17:44:06] regretChangePotential 54% (578/1062) regret=0.053898 ape=0.5751
[17:44:07] regretChangePotential 54% (579/1062) regret=0.053879 ape=0.5751
[17:44:07] regretChangePotential 54% (580/1062) regret=0.053879 ape=0.5751
[17:44:07] regretChangePotential 54% (581/1062) regret=0.053879 ape=0.5751
[17:44:07] regretChangePotential 54% (582/1062) regret=0.053879 ape=0.5751
[17:44:08] regretChangePotential 54% (583/1062) regret=0.053879 ape=0.5751
[17:44:08] regretChangePotential 54% (584/1062) regret=0.053879 ape=0.5751
[17:44:08] regretChangePotential 55% (585/1062) regret=0.053879 ape=0.5751
[17:44:09] regretChangePotential 55% (586/1062) regret=0.053879 ape=0.5751
[17:44:09] regretChangePotential 55% (587/1062) regret=0.053879 ape=0.5751
[17:44:09] regretChangePotential 55% (588/1062) regret=0.053681 ape=0.5751
[17:44:09] regretChangePotential 55% (589/1062) regret=0.053681 ape=0.5751
[17:44:10] regretChangePotential 55% (590/1062) regret=0.053681 ape=0.5751
[17:44:10] regretChangePotential 55% (591/1062) regret=0.053681 ape=0.5751
[17:44:10] regretChangePotential 55% (592/1062) regret=0.053681 ape=0.5751
[17:44:10] regretChangePotential 55% (593/1062) regret=0.053681 ape=0.5751
[17:44:11] regretChangePotential 55% (594/1062) regret=0.053681 ape=0.5751
[17:44:11] regretChangePotential 56% (595/1062) regret=0.053681 ape=0.5751
[17:44:11] regretChangePotential 56% (596/1062) regret=0.053681 ape=0.5751
[17:44:11] regretChangePotential 56% (597/1062) regret=0.053681 ape=0.5751
[17:44:12] regretChangePotential 56% (598/1062) regret=0.053681 ape=0.5751
[17:44:12] regretChangePotential 56% (599/1062) regret=0.053681 ape=0.5751
[17:44:12] regretChangePotential 56% (600/1062) regret=0.053681 ape=0.5751
[17:44:12] regretChangePotential 56% (601/1062) regret=0.053681 ape=0.5751
[17:44:13] regretChangePotential 56% (602/1062) regret=0.053681 ape=0.5751
[17:44:13] regretChangePotential 56% (603/1062) regret=0.053681 ape=0.5751
[17:44:13] regretChangePotential 56% (604/1062) regret=0.053681 ape=0.5751
[17:44:14] regretChangePotential 56% (605/1062) regret=0.053681 ape=0.5751
[17:44:14] regretChangePotential 57% (606/1062) regret=0.053681 ape=0.5751
[17:44:14] regretChangePotential 57% (607/1062) regret=0.053681 ape=0.5751
[17:44:14] regretChangePotential 57% (608/1062) regret=0.053672 ape=0.5742
[17:44:15] regretChangePotential 57% (609/1062) regret=0.053672 ape=0.5742
[17:44:15] regretChangePotential 57% (610/1062) regret=0.053672 ape=0.5742
[17:44:15] regretChangePotential 57% (611/1062) regret=0.053672 ape=0.5742
[17:44:15] regretChangePotential 57% (612/1062) regret=0.053672 ape=0.5742
[17:44:16] regretChangePotential 57% (613/1062) regret=0.053672 ape=0.5742
[17:44:16] regretChangePotential 57% (614/1062) regret=0.053689 ape=0.5742
[17:44:16] regretChangePotential 57% (615/1062) regret=0.053482 ape=0.5742
[17:44:17] regretChangePotential 58% (616/1062) regret=0.053385 ape=0.5742
[17:44:17] regretChangePotential 58% (617/1062) regret=0.053482 ape=0.5742
[17:44:17] regretChangePotential 58% (618/1062) regret=0.053482 ape=0.5742
[17:44:17] regretChangePotential 58% (619/1062) regret=0.053531 ape=0.5742
[17:44:18] regretChangePotential 58% (620/1062) regret=0.052794 ape=0.5724
[17:44:18] regretChangePotential 58% (621/1062) regret=0.052721 ape=0.5714
[17:44:18] regretChangePotential 58% (622/1062) regret=0.052721 ape=0.5714
[17:44:18] regretChangePotential 58% (623/1062) regret=0.052725 ape=0.5714
[17:44:19] regretChangePotential 58% (624/1062) regret=0.052725 ape=0.5714
[17:44:19] regretChangePotential 58% (625/1062) regret=0.052725 ape=0.5714
[17:44:19] regretChangePotential 58% (626/1062) regret=0.052725 ape=0.5714
[17:44:19] regretChangePotential 59% (627/1062) regret=0.052725 ape=0.5714
[17:44:20] regretChangePotential 59% (628/1062) regret=0.052725 ape=0.5714
[17:44:20] regretChangePotential 59% (629/1062) regret=0.052725 ape=0.5714
[17:44:20] regretChangePotential 59% (630/1062) regret=0.052721 ape=0.5714
[17:44:21] regretChangePotential 59% (631/1062) regret=0.052957 ape=0.5724
[17:44:21] regretChangePotential 59% (632/1062) regret=0.052957 ape=0.5724
[17:44:21] regretChangePotential 59% (633/1062) regret=0.052837 ape=0.5714
[17:44:21] regretChangePotential 59% (634/1062) regret=0.052832 ape=0.5714
[17:44:22] regretChangePotential 59% (635/1062) regret=0.052832 ape=0.5714
[17:44:22] regretChangePotential 59% (636/1062) regret=0.052832 ape=0.5714
[17:44:22] regretChangePotential 59% (637/1062) regret=0.052832 ape=0.5714
[17:44:22] regretChangePotential 60% (638/1062) regret=0.052832 ape=0.5714
[17:44:23] regretChangePotential 60% (639/1062) regret=0.052842 ape=0.5714
[17:44:23] regretChangePotential 60% (640/1062) regret=0.052842 ape=0.5714
[17:44:23] regretChangePotential 60% (641/1062) regret=0.052842 ape=0.5714
[17:44:23] regretChangePotential 60% (642/1062) regret=0.052842 ape=0.5714
[17:44:24] regretChangePotential 60% (643/1062) regret=0.053129 ape=0.5724
[17:44:24] regretChangePotential 60% (644/1062) regret=0.053129 ape=0.5724
[17:44:24] regretChangePotential 60% (645/1062) regret=0.053176 ape=0.5733
[17:44:24] regretChangePotential 60% (646/1062) regret=0.053176 ape=0.5733
[17:44:25] regretChangePotential 60% (647/1062) regret=0.053029 ape=0.5733
[17:44:25] regretChangePotential 61% (648/1062) regret=0.052757 ape=0.5733
[17:44:25] regretChangePotential 61% (649/1062) regret=0.052757 ape=0.5733
[17:44:25] regretChangePotential 61% (650/1062) regret=0.052757 ape=0.5733
[17:44:26] regretChangePotential 61% (651/1062) regret=0.052471 ape=0.5733
[17:44:26] regretChangePotential 61% (652/1062) regret=0.052471 ape=0.5733
[17:44:26] regretChangePotential 61% (653/1062) regret=0.052471 ape=0.5733
[17:44:26] regretChangePotential 61% (654/1062) regret=0.052471 ape=0.5733
[17:44:27] regretChangePotential 61% (655/1062) regret=0.052471 ape=0.5733
[17:44:27] regretChangePotential 61% (656/1062) regret=0.052471 ape=0.5733
[17:44:27] regretChangePotential 61% (657/1062) regret=0.052471 ape=0.5733
[17:44:27] regretChangePotential 61% (658/1062) regret=0.052471 ape=0.5733
[17:44:28] regretChangePotential 62% (659/1062) regret=0.052471 ape=0.5733
[17:44:28] regretChangePotential 62% (660/1062) regret=0.052471 ape=0.5733
[17:44:28] regretChangePotential 62% (661/1062) regret=0.052471 ape=0.5733
[17:44:28] regretChangePotential 62% (662/1062) regret=0.052471 ape=0.5733
[17:44:29] regretChangePotential 62% (663/1062) regret=0.052299 ape=0.5724
[17:44:29] regretChangePotential 62% (664/1062) regret=0.052299 ape=0.5724
[17:44:29] regretChangePotential 62% (665/1062) regret=0.052299 ape=0.5724
[17:44:29] regretChangePotential 62% (666/1062) regret=0.052299 ape=0.5724
[17:44:30] regretChangePotential 62% (667/1062) regret=0.052068 ape=0.5714
[17:44:30] regretChangePotential 62% (668/1062) regret=0.052068 ape=0.5714
[17:44:30] regretChangePotential 62% (669/1062) regret=0.052068 ape=0.5714
[17:44:30] regretChangePotential 63% (670/1062) regret=0.052068 ape=0.5714
[17:44:30] regretChangePotential 63% (671/1062) regret=0.051999 ape=0.5705
[17:44:31] regretChangePotential 63% (672/1062) regret=0.051999 ape=0.5705
[17:44:31] regretChangePotential 63% (673/1062) regret=0.051999 ape=0.5705
[17:44:31] regretChangePotential 63% (674/1062) regret=0.051999 ape=0.5705
[17:44:31] regretChangePotential 63% (675/1062) regret=0.052027 ape=0.5705
[17:44:32] regretChangePotential 63% (676/1062) regret=0.052027 ape=0.5705
[17:44:32] regretChangePotential 63% (677/1062) regret=0.052027 ape=0.5705
[17:44:32] regretChangePotential 63% (678/1062) regret=0.052027 ape=0.5705
[17:44:32] regretChangePotential 63% (679/1062) regret=0.052027 ape=0.5705
[17:44:32] regretChangePotential 64% (680/1062) regret=0.052027 ape=0.5705
[17:44:33] regretChangePotential 64% (681/1062) regret=0.052027 ape=0.5705
[17:44:33] regretChangePotential 64% (682/1062) regret=0.052027 ape=0.5705
[17:44:33] regretChangePotential 64% (683/1062) regret=0.051985 ape=0.5705
[17:44:33] regretChangePotential 64% (684/1062) regret=0.051985 ape=0.5705
[17:44:34] regretChangePotential 64% (685/1062) regret=0.051741 ape=0.5705
[17:44:34] regretChangePotential 64% (686/1062) regret=0.051741 ape=0.5705
[17:44:34] regretChangePotential 64% (687/1062) regret=0.051741 ape=0.5705
[17:44:34] regretChangePotential 64% (688/1062) regret=0.051741 ape=0.5705
[17:44:34] regretChangePotential 64% (689/1062) regret=0.051741 ape=0.5705
[17:44:35] regretChangePotential 64% (690/1062) regret=0.051741 ape=0.5705
[17:44:35] regretChangePotential 65% (691/1062) regret=0.051741 ape=0.5705
[17:44:35] regretChangePotential 65% (692/1062) regret=0.051741 ape=0.5705
[17:44:35] regretChangePotential 65% (693/1062) regret=0.051379 ape=0.5705
[17:44:35] regretChangePotential 65% (694/1062) regret=0.051379 ape=0.5705
[17:44:36] regretChangePotential 65% (695/1062) regret=0.051580 ape=0.5705
[17:44:36] regretChangePotential 65% (696/1062) regret=0.051580 ape=0.5705
[17:44:36] regretChangePotential 65% (697/1062) regret=0.051580 ape=0.5705
[17:44:36] regretChangePotential 65% (698/1062) regret=0.050880 ape=0.5687
[17:44:37] regretChangePotential 65% (699/1062) regret=0.050880 ape=0.5687
[17:44:37] regretChangePotential 65% (700/1062) regret=0.050963 ape=0.5687
[17:44:37] regretChangePotential 66% (701/1062) regret=0.050963 ape=0.5687
[17:44:37] regretChangePotential 66% (702/1062) regret=0.051119 ape=0.5696
[17:44:37] regretChangePotential 66% (703/1062) regret=0.051108 ape=0.5696
[17:44:38] regretChangePotential 66% (704/1062) regret=0.051039 ape=0.5687
[17:44:38] regretChangePotential 66% (705/1062) regret=0.051039 ape=0.5687
[17:44:38] regretChangePotential 66% (706/1062) regret=0.050836 ape=0.5677
[17:44:38] regretChangePotential 66% (707/1062) regret=0.050836 ape=0.5677
[17:44:39] regretChangePotential 66% (708/1062) regret=0.050836 ape=0.5677
[17:44:39] regretChangePotential 66% (709/1062) regret=0.050836 ape=0.5677
[17:44:39] regretChangePotential 66% (710/1062) regret=0.050836 ape=0.5677
[17:44:39] regretChangePotential 66% (711/1062) regret=0.050836 ape=0.5677
[17:44:39] regretChangePotential 67% (712/1062) regret=0.050836 ape=0.5677
[17:44:40] regretChangePotential 67% (713/1062) regret=0.050836 ape=0.5677
[17:44:40] regretChangePotential 67% (714/1062) regret=0.050836 ape=0.5677
[17:44:40] regretChangePotential 67% (715/1062) regret=0.050417 ape=0.5668
[17:44:40] regretChangePotential 67% (716/1062) regret=0.050417 ape=0.5668
[17:44:41] regretChangePotential 67% (717/1062) regret=0.050444 ape=0.5668
[17:44:41] regretChangePotential 67% (718/1062) regret=0.050444 ape=0.5668
[17:44:41] regretChangePotential 67% (719/1062) regret=0.050426 ape=0.5659
[17:44:41] regretChangePotential 67% (720/1062) regret=0.050426 ape=0.5659
[17:44:41] regretChangePotential 67% (721/1062) regret=0.050426 ape=0.5659
[17:44:42] regretChangePotential 67% (722/1062) regret=0.050370 ape=0.5659
[17:44:42] regretChangePotential 68% (723/1062) regret=0.049974 ape=0.5650
[17:44:42] regretChangePotential 68% (724/1062) regret=0.049974 ape=0.5650
[17:44:42] regretChangePotential 68% (725/1062) regret=0.049592 ape=0.5641
[17:44:43] regretChangePotential 68% (726/1062) regret=0.049592 ape=0.5641
[17:44:43] regretChangePotential 68% (727/1062) regret=0.049592 ape=0.5641
[17:44:43] regretChangePotential 68% (728/1062) regret=0.049615 ape=0.5631
[17:44:43] regretChangePotential 68% (729/1062) regret=0.049615 ape=0.5631
[17:44:43] regretChangePotential 68% (730/1062) regret=0.049615 ape=0.5631
[17:44:44] regretChangePotential 68% (731/1062) regret=0.049615 ape=0.5631
[17:44:44] regretChangePotential 68% (732/1062) regret=0.049652 ape=0.5631
[17:44:44] regretChangePotential 69% (733/1062) regret=0.049652 ape=0.5631
[17:44:44] regretChangePotential 69% (734/1062) regret=0.049652 ape=0.5631
[17:44:45] regretChangePotential 69% (735/1062) regret=0.049100 ape=0.5613
[17:44:45] regretChangePotential 69% (736/1062) regret=0.048915 ape=0.5604
[17:44:45] regretChangePotential 69% (737/1062) regret=0.048602 ape=0.5594
[17:44:45] regretChangePotential 69% (738/1062) regret=0.048484 ape=0.5604
[17:44:46] regretChangePotential 69% (739/1062) regret=0.048134 ape=0.5585
[17:44:46] regretChangePotential 69% (740/1062) regret=0.048097 ape=0.5576
[17:44:46] regretChangePotential 69% (741/1062) regret=0.048097 ape=0.5576
[17:44:46] regretChangePotential 69% (742/1062) regret=0.048097 ape=0.5576
[17:44:46] regretChangePotential 69% (743/1062) regret=0.048097 ape=0.5576
[17:44:47] regretChangePotential 70% (744/1062) regret=0.047470 ape=0.5567
[17:44:47] regretChangePotential 70% (745/1062) regret=0.047470 ape=0.5567
[17:44:47] regretChangePotential 70% (746/1062) regret=0.047470 ape=0.5567
[17:44:47] regretChangePotential 70% (747/1062) regret=0.047470 ape=0.5567
[17:44:47] regretChangePotential 70% (748/1062) regret=0.047314 ape=0.5558
[17:44:48] regretChangePotential 70% (749/1062) regret=0.047314 ape=0.5558
[17:44:48] regretChangePotential 70% (750/1062) regret=0.047314 ape=0.5558
[17:44:48] regretChangePotential 70% (751/1062) regret=0.047314 ape=0.5558
[17:44:48] regretChangePotential 70% (752/1062) regret=0.047009 ape=0.5558
[17:44:49] regretChangePotential 70% (753/1062) regret=0.047009 ape=0.5558
[17:44:49] regretChangePotential 70% (754/1062) regret=0.047009 ape=0.5558
[17:44:49] regretChangePotential 71% (755/1062) regret=0.046567 ape=0.5548
[17:44:49] regretChangePotential 71% (756/1062) regret=0.047083 ape=0.5558
[17:44:49] regretChangePotential 71% (757/1062) regret=0.046972 ape=0.5548
[17:44:50] regretChangePotential 71% (758/1062) regret=0.046972 ape=0.5548
[17:44:50] regretChangePotential 71% (759/1062) regret=0.046972 ape=0.5548
[17:44:50] regretChangePotential 71% (760/1062) regret=0.046972 ape=0.5548
[17:44:50] regretChangePotential 71% (761/1062) regret=0.046926 ape=0.5548
[17:44:51] regretChangePotential 71% (762/1062) regret=0.046784 ape=0.5539
[17:44:51] regretChangePotential 71% (763/1062) regret=0.046917 ape=0.5548
[17:44:51] regretChangePotential 71% (764/1062) regret=0.046917 ape=0.5548
[17:44:51] regretChangePotential 72% (765/1062) regret=0.046913 ape=0.5539
[17:44:51] regretChangePotential 72% (766/1062) regret=0.046913 ape=0.5539
[17:44:52] regretChangePotential 72% (767/1062) regret=0.046913 ape=0.5539
[17:44:52] regretChangePotential 72% (768/1062) regret=0.046913 ape=0.5539
[17:44:52] regretChangePotential 72% (769/1062) regret=0.046882 ape=0.5530
[17:44:52] regretChangePotential 72% (770/1062) regret=0.046895 ape=0.5530
[17:44:53] regretChangePotential 72% (771/1062) regret=0.046921 ape=0.5530
[17:44:53] regretChangePotential 72% (772/1062) regret=0.046979 ape=0.5530
[17:44:53] regretChangePotential 72% (773/1062) regret=0.047382 ape=0.5548
[17:44:53] regretChangePotential 72% (774/1062) regret=0.047427 ape=0.5530
[17:44:54] regretChangePotential 72% (775/1062) regret=0.047427 ape=0.5530
[17:44:54] regretChangePotential 73% (776/1062) regret=0.047381 ape=0.5530
[17:44:54] regretChangePotential 73% (777/1062) regret=0.047427 ape=0.5530
[17:44:54] regretChangePotential 73% (778/1062) regret=0.047427 ape=0.5530
[17:44:54] regretChangePotential 73% (779/1062) regret=0.047732 ape=0.5530
[17:44:54] regretChangePotential 73% (780/1062) regret=0.047427 ape=0.5530
[17:44:55] regretChangePotential 73% (781/1062) regret=0.047480 ape=0.5539
[17:44:55] regretChangePotential 73% (782/1062) regret=0.047480 ape=0.5539
[17:44:55] regretChangePotential 73% (783/1062) regret=0.047678 ape=0.5548
[17:44:55] regretChangePotential 73% (784/1062) regret=0.047678 ape=0.5548
[17:44:56] regretChangePotential 73% (785/1062) regret=0.047813 ape=0.5548
[17:44:56] regretChangePotential 74% (786/1062) regret=0.047712 ape=0.5548
[17:44:56] regretChangePotential 74% (787/1062) regret=0.047701 ape=0.5548
[17:44:56] regretChangePotential 74% (788/1062) regret=0.047509 ape=0.5539
[17:44:56] regretChangePotential 74% (789/1062) regret=0.047509 ape=0.5539
[17:44:56] regretChangePotential 74% (790/1062) regret=0.047509 ape=0.5539
[17:44:57] regretChangePotential 74% (791/1062) regret=0.047444 ape=0.5539
[17:44:57] regretChangePotential 74% (792/1062) regret=0.047444 ape=0.5539
[17:44:57] regretChangePotential 74% (793/1062) regret=0.047389 ape=0.5539
[17:44:57] regretChangePotential 74% (794/1062) regret=0.047403 ape=0.5539
[17:44:57] regretChangePotential 74% (795/1062) regret=0.047389 ape=0.5539
[17:44:58] regretChangePotential 74% (796/1062) regret=0.047389 ape=0.5539
[17:44:58] regretChangePotential 75% (797/1062) regret=0.047488 ape=0.5539
[17:44:58] regretChangePotential 75% (798/1062) regret=0.047389 ape=0.5539
[17:44:58] regretChangePotential 75% (799/1062) regret=0.047375 ape=0.5530
[17:44:58] regretChangePotential 75% (800/1062) regret=0.047301 ape=0.5530
[17:44:59] regretChangePotential 75% (801/1062) regret=0.047311 ape=0.5530
[17:44:59] regretChangePotential 75% (802/1062) regret=0.047311 ape=0.5539
[17:44:59] regretChangePotential 75% (803/1062) regret=0.046905 ape=0.5530
[17:44:59] regretChangePotential 75% (804/1062) regret=0.046964 ape=0.5530
[17:44:59] regretChangePotential 75% (805/1062) regret=0.046675 ape=0.5521
[17:44:59] regretChangePotential 75% (806/1062) regret=0.046675 ape=0.5521
[17:45:00] regretChangePotential 75% (807/1062) regret=0.046684 ape=0.5521
[17:45:00] regretChangePotential 76% (808/1062) regret=0.046675 ape=0.5521
[17:45:00] regretChangePotential 76% (809/1062) regret=0.046647 ape=0.5521
[17:45:00] regretChangePotential 76% (810/1062) regret=0.046583 ape=0.5521
[17:45:00] regretChangePotential 76% (811/1062) regret=0.046654 ape=0.5521
[17:45:01] regretChangePotential 76% (812/1062) regret=0.046626 ape=0.5521
[17:45:01] regretChangePotential 76% (813/1062) regret=0.046589 ape=0.5521
[17:45:01] regretChangePotential 76% (814/1062) regret=0.046599 ape=0.5530
[17:45:01] regretChangePotential 76% (815/1062) regret=0.046460 ape=0.5521
[17:45:01] regretChangePotential 76% (816/1062) regret=0.046460 ape=0.5521
[17:45:02] regretChangePotential 76% (817/1062) regret=0.046460 ape=0.5521
[17:45:02] regretChangePotential 77% (818/1062) regret=0.046419 ape=0.5521
[17:45:02] regretChangePotential 77% (819/1062) regret=0.046419 ape=0.5521
[17:45:02] regretChangePotential 77% (820/1062) regret=0.046760 ape=0.5530
[17:45:02] regretChangePotential 77% (821/1062) regret=0.046447 ape=0.5521
[17:45:02] regretChangePotential 77% (822/1062) regret=0.046419 ape=0.5521
[17:45:03] regretChangePotential 77% (823/1062) regret=0.046419 ape=0.5521
[17:45:03] regretChangePotential 77% (824/1062) regret=0.046419 ape=0.5521
[17:45:03] regretChangePotential 77% (825/1062) regret=0.046419 ape=0.5521
[17:45:03] regretChangePotential 77% (826/1062) regret=0.046419 ape=0.5521
[17:45:03] regretChangePotential 77% (827/1062) regret=0.046419 ape=0.5521
[17:45:04] regretChangePotential 77% (828/1062) regret=0.046401 ape=0.5512
[17:45:04] regretChangePotential 78% (829/1062) regret=0.046401 ape=0.5521
[17:45:04] regretChangePotential 78% (830/1062) regret=0.046410 ape=0.5521
[17:45:04] regretChangePotential 78% (831/1062) regret=0.046361 ape=0.5521
[17:45:04] regretChangePotential 78% (832/1062) regret=0.046195 ape=0.5512
[17:45:05] regretChangePotential 78% (833/1062) regret=0.046103 ape=0.5502
[17:45:05] regretChangePotential 78% (834/1062) regret=0.046115 ape=0.5502
[17:45:05] regretChangePotential 78% (835/1062) regret=0.046115 ape=0.5502
[17:45:05] regretChangePotential 78% (836/1062) regret=0.046115 ape=0.5502
[17:45:05] regretChangePotential 78% (837/1062) regret=0.046115 ape=0.5502
[17:45:05] regretChangePotential 78% (838/1062) regret=0.046115 ape=0.5502
[17:45:06] regretChangePotential 79% (839/1062) regret=0.046115 ape=0.5502
[17:45:06] regretChangePotential 79% (840/1062) regret=0.046115 ape=0.5502
[17:45:06] regretChangePotential 79% (841/1062) regret=0.046115 ape=0.5502
[17:45:06] regretChangePotential 79% (842/1062) regret=0.046115 ape=0.5502
[17:45:06] regretChangePotential 79% (843/1062) regret=0.046115 ape=0.5502
[17:45:07] regretChangePotential 79% (844/1062) regret=0.046115 ape=0.5502
[17:45:07] regretChangePotential 79% (845/1062) regret=0.046115 ape=0.5502
[17:45:07] regretChangePotential 79% (846/1062) regret=0.046115 ape=0.5502
[17:45:07] regretChangePotential 79% (847/1062) regret=0.046115 ape=0.5502
[17:45:07] regretChangePotential 79% (848/1062) regret=0.046115 ape=0.5502
[17:45:08] regretChangePotential 79% (849/1062) regret=0.046106 ape=0.5502
[17:45:08] regretChangePotential 80% (850/1062) regret=0.046106 ape=0.5502
[17:45:08] regretChangePotential 80% (851/1062) regret=0.046106 ape=0.5502
[17:45:08] regretChangePotential 80% (852/1062) regret=0.046106 ape=0.5502
[17:45:08] regretChangePotential 80% (853/1062) regret=0.046106 ape=0.5502
[17:45:08] regretChangePotential 80% (854/1062) regret=0.046106 ape=0.5502
[17:45:09] regretChangePotential 80% (855/1062) regret=0.046106 ape=0.5502
[17:45:09] regretChangePotential 80% (856/1062) regret=0.046106 ape=0.5502
[17:45:09] regretChangePotential 80% (857/1062) regret=0.046106 ape=0.5502
[17:45:09] regretChangePotential 80% (858/1062) regret=0.046106 ape=0.5502
[17:45:09] regretChangePotential 80% (859/1062) regret=0.046106 ape=0.5502
[17:45:10] regretChangePotential 80% (860/1062) regret=0.046106 ape=0.5502
[17:45:10] regretChangePotential 81% (861/1062) regret=0.046106 ape=0.5502
[17:45:10] regretChangePotential 81% (862/1062) regret=0.046106 ape=0.5502
[17:45:10] regretChangePotential 81% (863/1062) regret=0.046106 ape=0.5502
[17:45:10] regretChangePotential 81% (864/1062) regret=0.045904 ape=0.5493
[17:45:11] regretChangePotential 81% (865/1062) regret=0.045888 ape=0.5484
[17:45:11] regretChangePotential 81% (866/1062) regret=0.045917 ape=0.5493
[17:45:11] regretChangePotential 81% (867/1062) regret=0.045735 ape=0.5493
[17:45:11] regretChangePotential 81% (868/1062) regret=0.045735 ape=0.5493
[17:45:11] regretChangePotential 81% (869/1062) regret=0.045735 ape=0.5493
[17:45:11] regretChangePotential 81% (870/1062) regret=0.045735 ape=0.5493
[17:45:12] regretChangePotential 82% (871/1062) regret=0.045735 ape=0.5493
[17:45:12] regretChangePotential 82% (872/1062) regret=0.045704 ape=0.5484
[17:45:12] regretChangePotential 82% (873/1062) regret=0.045704 ape=0.5484
[17:45:12] regretChangePotential 82% (874/1062) regret=0.045704 ape=0.5484
[17:45:12] regretChangePotential 82% (875/1062) regret=0.045704 ape=0.5484
[17:45:12] regretChangePotential 82% (876/1062) regret=0.045704 ape=0.5484
[17:45:13] regretChangePotential 82% (877/1062) regret=0.045704 ape=0.5484
[17:45:13] regretChangePotential 82% (878/1062) regret=0.045704 ape=0.5484
[17:45:13] regretChangePotential 82% (879/1062) regret=0.045704 ape=0.5484
[17:45:13] regretChangePotential 82% (880/1062) regret=0.045704 ape=0.5484
[17:45:13] regretChangePotential 82% (881/1062) regret=0.045704 ape=0.5484
[17:45:14] regretChangePotential 83% (882/1062) regret=0.045704 ape=0.5484
[17:45:14] regretChangePotential 83% (883/1062) regret=0.045704 ape=0.5484
[17:45:14] regretChangePotential 83% (884/1062) regret=0.045704 ape=0.5484
[17:45:14] regretChangePotential 83% (885/1062) regret=0.045704 ape=0.5484
[17:45:14] regretChangePotential 83% (886/1062) regret=0.045704 ape=0.5484
[17:45:15] regretChangePotential 83% (887/1062) regret=0.045704 ape=0.5484
[17:45:15] regretChangePotential 83% (888/1062) regret=0.045704 ape=0.5484
[17:45:15] regretChangePotential 83% (889/1062) regret=0.045704 ape=0.5484
[17:45:15] regretChangePotential 83% (890/1062) regret=0.045704 ape=0.5484
[17:45:15] regretChangePotential 83% (891/1062) regret=0.045704 ape=0.5484
[17:45:16] regretChangePotential 83% (892/1062) regret=0.045704 ape=0.5484
[17:45:16] regretChangePotential 84% (893/1062) regret=0.045704 ape=0.5484
[17:45:16] regretChangePotential 84% (894/1062) regret=0.045704 ape=0.5484
[17:45:16] regretChangePotential 84% (895/1062) regret=0.045704 ape=0.5484
[17:45:16] regretChangePotential 84% (896/1062) regret=0.045704 ape=0.5484
[17:45:16] regretChangePotential 84% (897/1062) regret=0.045704 ape=0.5484
[17:45:17] regretChangePotential 84% (898/1062) regret=0.045704 ape=0.5484
[17:45:17] regretChangePotential 84% (899/1062) regret=0.045704 ape=0.5484
[17:45:17] regretChangePotential 84% (900/1062) regret=0.045670 ape=0.5484
[17:45:17] regretChangePotential 84% (901/1062) regret=0.045670 ape=0.5484
[17:45:17] regretChangePotential 84% (902/1062) regret=0.045670 ape=0.5484
[17:45:17] regretChangePotential 85% (903/1062) regret=0.045670 ape=0.5484
[17:45:18] regretChangePotential 85% (904/1062) regret=0.045670 ape=0.5484
[17:45:18] regretChangePotential 85% (905/1062) regret=0.045670 ape=0.5484
[17:45:18] regretChangePotential 85% (906/1062) regret=0.045670 ape=0.5484
[17:45:18] regretChangePotential 85% (907/1062) regret=0.045670 ape=0.5484
[17:45:18] regretChangePotential 85% (908/1062) regret=0.045675 ape=0.5484
[17:45:19] regretChangePotential 85% (909/1062) regret=0.045675 ape=0.5484
[17:45:19] regretChangePotential 85% (910/1062) regret=0.045675 ape=0.5484
[17:45:19] regretChangePotential 85% (911/1062) regret=0.045675 ape=0.5484
[17:45:19] regretChangePotential 85% (912/1062) regret=0.045675 ape=0.5484
[17:45:19] regretChangePotential 85% (913/1062) regret=0.045675 ape=0.5484
[17:45:19] regretChangePotential 86% (914/1062) regret=0.045675 ape=0.5484
[17:45:20] regretChangePotential 86% (915/1062) regret=0.045675 ape=0.5484
[17:45:20] regretChangePotential 86% (916/1062) regret=0.045675 ape=0.5484
[17:45:20] regretChangePotential 86% (917/1062) regret=0.045675 ape=0.5484
[17:45:20] regretChangePotential 86% (918/1062) regret=0.045675 ape=0.5484
[17:45:20] regretChangePotential 86% (919/1062) regret=0.045675 ape=0.5484
[17:45:20] regretChangePotential 86% (920/1062) regret=0.045675 ape=0.5484
[17:45:21] regretChangePotential 86% (921/1062) regret=0.045675 ape=0.5484
[17:45:21] regretChangePotential 86% (922/1062) regret=0.045675 ape=0.5484
[17:45:21] regretChangePotential 86% (923/1062) regret=0.045675 ape=0.5484
[17:45:21] regretChangePotential 87% (924/1062) regret=0.045670 ape=0.5484
[17:45:21] regretChangePotential 87% (925/1062) regret=0.044957 ape=0.5484
[17:45:22] regretChangePotential 87% (926/1062) regret=0.044985 ape=0.5493
[17:45:22] regretChangePotential 87% (927/1062) regret=0.044985 ape=0.5493
[17:45:22] regretChangePotential 87% (928/1062) regret=0.045036 ape=0.5502
[17:45:22] regretChangePotential 87% (929/1062) regret=0.044828 ape=0.5493
[17:45:22] regretChangePotential 87% (930/1062) regret=0.044911 ape=0.5493
[17:45:23] regretChangePotential 87% (931/1062) regret=0.044914 ape=0.5493
[17:45:23] regretChangePotential 87% (932/1062) regret=0.044887 ape=0.5484
[17:45:23] regretChangePotential 87% (933/1062) regret=0.044864 ape=0.5484
[17:45:23] regretChangePotential 87% (934/1062) regret=0.045011 ape=0.5484
[17:45:23] regretChangePotential 88% (935/1062) regret=0.044799 ape=0.5475
[17:45:23] regretChangePotential 88% (936/1062) regret=0.044430 ape=0.5465
[17:45:24] regretChangePotential 88% (937/1062) regret=0.044477 ape=0.5465
[17:45:24] regretChangePotential 88% (938/1062) regret=0.044471 ape=0.5465
[17:45:24] regretChangePotential 88% (939/1062) regret=0.044317 ape=0.5456
[17:45:24] regretChangePotential 88% (940/1062) regret=0.044311 ape=0.5456
[17:45:24] regretChangePotential 88% (941/1062) regret=0.044311 ape=0.5456
[17:45:25] regretChangePotential 88% (942/1062) regret=0.044385 ape=0.5465
[17:45:25] regretChangePotential 88% (943/1062) regret=0.044545 ape=0.5465
[17:45:25] regretChangePotential 88% (944/1062) regret=0.044468 ape=0.5456
[17:45:25] regretChangePotential 88% (945/1062) regret=0.044408 ape=0.5456
[17:45:25] regretChangePotential 89% (946/1062) regret=0.043983 ape=0.5447
[17:45:26] regretChangePotential 89% (947/1062) regret=0.043983 ape=0.5447
[17:45:26] regretChangePotential 89% (948/1062) regret=0.043983 ape=0.5447
[17:45:26] regretChangePotential 89% (949/1062) regret=0.044029 ape=0.5447
[17:45:26] regretChangePotential 89% (950/1062) regret=0.044017 ape=0.5447
[17:45:26] regretChangePotential 89% (951/1062) regret=0.044031 ape=0.5456
[17:45:26] regretChangePotential 89% (952/1062) regret=0.044031 ape=0.5456
[17:45:27] regretChangePotential 89% (953/1062) regret=0.043792 ape=0.5447
[17:45:27] regretChangePotential 89% (954/1062) regret=0.043792 ape=0.5447
[17:45:27] regretChangePotential 89% (955/1062) regret=0.043792 ape=0.5447
[17:45:27] regretChangePotential 90% (956/1062) regret=0.043792 ape=0.5447
[17:45:27] regretChangePotential 90% (957/1062) regret=0.043792 ape=0.5447
[17:45:28] regretChangePotential 90% (958/1062) regret=0.043792 ape=0.5447
[17:45:28] regretChangePotential 90% (959/1062) regret=0.043792 ape=0.5447
[17:45:28] regretChangePotential 90% (960/1062) regret=0.043732 ape=0.5438
[17:45:28] regretChangePotential 90% (961/1062) regret=0.043732 ape=0.5438
[17:45:28] regretChangePotential 90% (962/1062) regret=0.043732 ape=0.5438
[17:45:28] regretChangePotential 90% (963/1062) regret=0.043733 ape=0.5438
[17:45:29] regretChangePotential 90% (964/1062) regret=0.043733 ape=0.5438
[17:45:29] regretChangePotential 90% (965/1062) regret=0.043788 ape=0.5438
[17:45:29] regretChangePotential 90% (966/1062) regret=0.043461 ape=0.5429
[17:45:29] regretChangePotential 91% (967/1062) regret=0.043215 ape=0.5429
[17:45:29] regretChangePotential 91% (968/1062) regret=0.043077 ape=0.5410
[17:45:30] regretChangePotential 91% (969/1062) regret=0.043077 ape=0.5410
[17:45:30] regretChangePotential 91% (970/1062) regret=0.043130 ape=0.5410
[17:45:30] regretChangePotential 91% (971/1062) regret=0.043130 ape=0.5410
[17:45:30] regretChangePotential 91% (972/1062) regret=0.042991 ape=0.5401
[17:45:30] regretChangePotential 91% (973/1062) regret=0.042964 ape=0.5392
[17:45:31] regretChangePotential 91% (974/1062) regret=0.042964 ape=0.5392
[17:45:31] regretChangePotential 91% (975/1062) regret=0.042964 ape=0.5392
[17:45:31] regretChangePotential 91% (976/1062) regret=0.042964 ape=0.5392
[17:45:31] regretChangePotential 91% (977/1062) regret=0.042964 ape=0.5392
[17:45:31] regretChangePotential 92% (978/1062) regret=0.042964 ape=0.5392
[17:45:32] regretChangePotential 92% (979/1062) regret=0.042964 ape=0.5392
[17:45:32] regretChangePotential 92% (980/1062) regret=0.042964 ape=0.5392
[17:45:32] regretChangePotential 92% (981/1062) regret=0.042964 ape=0.5392
[17:45:32] regretChangePotential 92% (982/1062) regret=0.042964 ape=0.5392
[17:45:32] regretChangePotential 92% (983/1062) regret=0.042964 ape=0.5392
[17:45:33] regretChangePotential 92% (984/1062) regret=0.042798 ape=0.5382
[17:45:33] regretChangePotential 92% (985/1062) regret=0.042798 ape=0.5382
[17:45:33] regretChangePotential 92% (986/1062) regret=0.042798 ape=0.5382
[17:45:33] regretChangePotential 92% (987/1062) regret=0.042798 ape=0.5382
[17:45:33] regretChangePotential 93% (988/1062) regret=0.042798 ape=0.5382
[17:45:33] regretChangePotential 93% (989/1062) regret=0.042798 ape=0.5382
[17:45:34] regretChangePotential 93% (990/1062) regret=0.042798 ape=0.5382
[17:45:34] regretChangePotential 93% (991/1062) regret=0.042798 ape=0.5382
[17:45:34] regretChangePotential 93% (992/1062) regret=0.042798 ape=0.5382
[17:45:34] regretChangePotential 93% (993/1062) regret=0.042798 ape=0.5382
[17:45:34] regretChangePotential 93% (994/1062) regret=0.042789 ape=0.5382
[17:45:34] regretChangePotential 93% (995/1062) regret=0.042789 ape=0.5382
[17:45:35] regretChangePotential 93% (996/1062) regret=0.042789 ape=0.5382
[17:45:35] regretChangePotential 93% (997/1062) regret=0.042789 ape=0.5382
[17:45:35] regretChangePotential 93% (998/1062) regret=0.042789 ape=0.5382
[17:45:35] regretChangePotential 94% (999/1062) regret=0.042789 ape=0.5382
[17:45:35] regretChangePotential 94% (1000/1062) regret=0.042789 ape=0.5382
[17:45:36] regretChangePotential 94% (1001/1062) regret=0.042789 ape=0.5382
[17:45:36] regretChangePotential 94% (1002/1062) regret=0.042789 ape=0.5382
[17:45:36] regretChangePotential 94% (1003/1062) regret=0.042770 ape=0.5382
[17:45:36] regretChangePotential 94% (1004/1062) regret=0.042770 ape=0.5382
[17:45:36] regretChangePotential 94% (1005/1062) regret=0.042770 ape=0.5382
[17:45:36] regretChangePotential 94% (1006/1062) regret=0.043214 ape=0.5382
[17:45:37] regretChangePotential 94% (1007/1062) regret=0.042670 ape=0.5373
[17:45:37] regretChangePotential 94% (1008/1062) regret=0.042667 ape=0.5373
[17:45:37] regretChangePotential 95% (1009/1062) regret=0.042796 ape=0.5373
[17:45:37] regretChangePotential 95% (1010/1062) regret=0.042796 ape=0.5373
[17:45:37] regretChangePotential 95% (1011/1062) regret=0.042607 ape=0.5373
[17:45:38] regretChangePotential 95% (1012/1062) regret=0.042607 ape=0.5373
[17:45:38] regretChangePotential 95% (1013/1062) regret=0.042607 ape=0.5373
[17:45:38] regretChangePotential 95% (1014/1062) regret=0.042584 ape=0.5373
[17:45:38] regretChangePotential 95% (1015/1062) regret=0.042483 ape=0.5364
[17:45:38] regretChangePotential 95% (1016/1062) regret=0.042483 ape=0.5364
[17:45:38] regretChangePotential 95% (1017/1062) regret=0.042381 ape=0.5364
[17:45:39] regretChangePotential 95% (1018/1062) regret=0.042381 ape=0.5364
[17:45:39] regretChangePotential 95% (1019/1062) regret=0.042483 ape=0.5364
[17:45:39] regretChangePotential 96% (1020/1062) regret=0.042381 ape=0.5364
[17:45:39] regretChangePotential 96% (1021/1062) regret=0.042381 ape=0.5364
[17:45:39] regretChangePotential 96% (1022/1062) regret=0.042418 ape=0.5373
[17:45:40] regretChangePotential 96% (1023/1062) regret=0.042381 ape=0.5364
[17:45:40] regretChangePotential 96% (1024/1062) regret=0.042381 ape=0.5364
[17:45:40] regretChangePotential 96% (1025/1062) regret=0.042381 ape=0.5364
[17:45:40] regretChangePotential 96% (1026/1062) regret=0.042381 ape=0.5364
[17:45:40] regretChangePotential 96% (1027/1062) regret=0.042381 ape=0.5364
[17:45:41] regretChangePotential 96% (1028/1062) regret=0.042415 ape=0.5364
[17:45:41] regretChangePotential 96% (1029/1062) regret=0.042534 ape=0.5364
[17:45:41] regretChangePotential 96% (1030/1062) regret=0.042442 ape=0.5364
[17:45:41] regretChangePotential 97% (1031/1062) regret=0.042346 ape=0.5364
[17:45:41] regretChangePotential 97% (1032/1062) regret=0.042147 ape=0.5355
[17:45:42] regretChangePotential 97% (1033/1062) regret=0.042147 ape=0.5355
[17:45:42] regretChangePotential 97% (1034/1062) regret=0.042147 ape=0.5355
[17:45:42] regretChangePotential 97% (1035/1062) regret=0.042120 ape=0.5355
[17:45:42] regretChangePotential 97% (1036/1062) regret=0.042120 ape=0.5355
[17:45:42] regretChangePotential 97% (1037/1062) regret=0.042617 ape=0.5355
[17:45:42] regretChangePotential 97% (1038/1062) regret=0.042051 ape=0.5346
[17:45:43] regretChangePotential 97% (1039/1062) regret=0.042259 ape=0.5346
[17:45:43] regretChangePotential 97% (1040/1062) regret=0.041985 ape=0.5336
[17:45:43] regretChangePotential 98% (1041/1062) regret=0.041726 ape=0.5327
[17:45:43] regretChangePotential 98% (1042/1062) regret=0.041726 ape=0.5327
[17:45:43] regretChangePotential 98% (1043/1062) regret=0.041726 ape=0.5327
[17:45:44] regretChangePotential 98% (1044/1062) regret=0.041726 ape=0.5327
[17:45:44] regretChangePotential 98% (1045/1062) regret=0.041375 ape=0.5318
[17:45:44] regretChangePotential 98% (1046/1062) regret=0.041375 ape=0.5318
[17:45:44] regretChangePotential 98% (1047/1062) regret=0.041375 ape=0.5318
[17:45:44] regretChangePotential 98% (1048/1062) regret=0.041375 ape=0.5318
[17:45:45] regretChangePotential 98% (1049/1062) regret=0.041375 ape=0.5318
[17:45:45] regretChangePotential 98% (1050/1062) regret=0.041375 ape=0.5318
[17:45:45] regretChangePotential 98% (1051/1062) regret=0.041375 ape=0.5318
[17:45:45] regretChangePotential 99% (1052/1062) regret=0.041375 ape=0.5318
[17:45:45] regretChangePotential 99% (1053/1062) regret=0.041375 ape=0.5318
[17:45:46] regretChangePotential 99% (1054/1062) regret=0.041375 ape=0.5318
[17:45:46] regretChangePotential 99% (1055/1062) regret=0.041375 ape=0.5318
[17:45:46] regretChangePotential 99% (1056/1062) regret=0.041375 ape=0.5318
[17:45:46] regretChangePotential 99% (1057/1062) regret=0.041375 ape=0.5318
[17:45:46] regretChangePotential 99% (1058/1062) regret=0.041375 ape=0.5318
[17:45:46] regretChangePotential 99% (1059/1062) regret=0.041412 ape=0.5318
[17:45:47] regretChangePotential 99% (1060/1062) regret=0.041412 ape=0.5318
[17:45:47] regretChangePotential 99% (1061/1062) regret=0.041412 ape=0.5318
Baseline finished: 1062 points, 241.36s wall time
  Final: regret=0.041412, ape=0.5318

Saved: /home/users/g/s/gsavary/LudiiMCTSVariations/slurm_sweep_full_dataset/output_decay/baseline_decay_none_0_0/seed_0/sweep_decay_baseline_0_20260426_174547.json

Generating plots...
Saved: /home/users/g/s/gsavary/LudiiMCTSVariations/slurm_sweep_full_dataset/output_decay/baseline_decay_none_0_0/seed_0/sweep_decay_baseline_0_20260426_174547_regret.png
Saved: /home/users/g/s/gsavary/LudiiMCTSVariations/slurm_sweep_full_dataset/output_decay/baseline_decay_none_0_0/seed_0/sweep_decay_baseline_0_20260426_174547_ape.png

================================================================================
Experiment complete!
================================================================================
Done. Results in: /home/users/g/s/gsavary/LudiiMCTSVariations/slurm_sweep_full_dataset/output_decay/baseline_decay_none_0_0/seed_0
