============================================================
Decay sweep experiment
Method:      warm:200
Decay mode:  exponential
Decay param: 0.025
Seed:        2
Output:      /home/users/g/s/gsavary/LudiiMCTSVariations/slurm_sweep_full_dataset/output_decay/warm_200_decay_exponential_0_025/seed_2
============================================================

================================================================================
SLURM Sweep Experiment with Synthetic Data Decay
================================================================================
Method: warm:200
Decay: exponential (param=0.025)
Time limit: 3600.0s, Seed: 2, Batch size: 20
Output directory: /home/users/g/s/gsavary/LudiiMCTSVariations/slurm_sweep_full_dataset/output_decay/warm_200_decay_exponential_0_025/seed_2

Loading Ludii dataset...
Loaded 1085 games
Using 1085 games (full dataset)

Running timing probe (100 pulls)...
  Estimated secs/pull: 0.025560

Time budget: 3600.0s → ~140847 total pulls
Per-method budget: 20121 pulls (~514.3s)

Computing predictor-only performance...
  Predictions loaded: 23675 agent predictions
  Predictor-only: regret=0.104318, ape=0.4894

Running WARM-START (w=200, decay=exponential param=0.025)...
[17:49:26] warmStart (decay=exponential) 0% (1/1007) regret=0.099576 ape=0.5512
[17:49:27] warmStart (decay=exponential) 0% (2/1007) regret=0.099576 ape=0.5512
[17:49:27] warmStart (decay=exponential) 0% (3/1007) regret=0.099576 ape=0.5512
[17:49:27] warmStart (decay=exponential) 0% (4/1007) regret=0.099576 ape=0.5512
[17:49:27] warmStart (decay=exponential) 0% (5/1007) regret=0.099576 ape=0.5512
[17:49:28] warmStart (decay=exponential) 0% (6/1007) regret=0.099576 ape=0.5512
[17:49:28] warmStart (decay=exponential) 0% (7/1007) regret=0.099576 ape=0.5512
[17:49:28] warmStart (decay=exponential) 0% (8/1007) regret=0.099576 ape=0.5512
[17:49:28] warmStart (decay=exponential) 0% (9/1007) regret=0.099576 ape=0.5512
[17:49:29] warmStart (decay=exponential) 0% (10/1007) regret=0.099576 ape=0.5512
[17:49:29] warmStart (decay=exponential) 1% (11/1007) regret=0.099576 ape=0.5512
[17:49:29] warmStart (decay=exponential) 1% (12/1007) regret=0.099584 ape=0.5521
[17:49:29] warmStart (decay=exponential) 1% (13/1007) regret=0.099584 ape=0.5521
[17:49:30] warmStart (decay=exponential) 1% (14/1007) regret=0.099576 ape=0.5512
[17:49:30] warmStart (decay=exponential) 1% (15/1007) regret=0.099584 ape=0.5521
[17:49:30] warmStart (decay=exponential) 1% (16/1007) regret=0.099584 ape=0.5521
[17:49:30] warmStart (decay=exponential) 1% (17/1007) regret=0.099584 ape=0.5521
[17:49:31] warmStart (decay=exponential) 1% (18/1007) regret=0.099584 ape=0.5521
[17:49:31] warmStart (decay=exponential) 1% (19/1007) regret=0.099584 ape=0.5521
[17:49:31] warmStart (decay=exponential) 1% (20/1007) regret=0.099584 ape=0.5521
[17:49:31] warmStart (decay=exponential) 2% (21/1007) regret=0.099584 ape=0.5521
[17:49:32] warmStart (decay=exponential) 2% (22/1007) regret=0.099584 ape=0.5521
[17:49:32] warmStart (decay=exponential) 2% (23/1007) regret=0.099584 ape=0.5521
[17:49:32] warmStart (decay=exponential) 2% (24/1007) regret=0.099584 ape=0.5521
[17:49:33] warmStart (decay=exponential) 2% (25/1007) regret=0.099584 ape=0.5521
[17:49:33] warmStart (decay=exponential) 2% (26/1007) regret=0.099584 ape=0.5521
[17:49:33] warmStart (decay=exponential) 2% (27/1007) regret=0.099584 ape=0.5521
[17:49:33] warmStart (decay=exponential) 2% (28/1007) regret=0.099584 ape=0.5521
[17:49:34] warmStart (decay=exponential) 2% (29/1007) regret=0.099584 ape=0.5521
[17:49:34] warmStart (decay=exponential) 2% (30/1007) regret=0.099584 ape=0.5521
[17:49:34] warmStart (decay=exponential) 3% (31/1007) regret=0.099584 ape=0.5521
[17:49:34] warmStart (decay=exponential) 3% (32/1007) regret=0.099584 ape=0.5521
[17:49:35] warmStart (decay=exponential) 3% (33/1007) regret=0.099584 ape=0.5521
[17:49:35] warmStart (decay=exponential) 3% (34/1007) regret=0.099584 ape=0.5521
[17:49:35] warmStart (decay=exponential) 3% (35/1007) regret=0.099584 ape=0.5521
[17:49:36] warmStart (decay=exponential) 3% (36/1007) regret=0.099584 ape=0.5521
[17:49:36] warmStart (decay=exponential) 3% (37/1007) regret=0.099584 ape=0.5521
[17:49:36] warmStart (decay=exponential) 3% (38/1007) regret=0.099584 ape=0.5521
[17:49:36] warmStart (decay=exponential) 3% (39/1007) regret=0.099584 ape=0.5521
[17:49:37] warmStart (decay=exponential) 3% (40/1007) regret=0.099584 ape=0.5521
[17:49:37] warmStart (decay=exponential) 4% (41/1007) regret=0.099584 ape=0.5521
[17:49:37] warmStart (decay=exponential) 4% (42/1007) regret=0.099584 ape=0.5521
[17:49:37] warmStart (decay=exponential) 4% (43/1007) regret=0.099584 ape=0.5521
[17:49:38] warmStart (decay=exponential) 4% (44/1007) regret=0.099584 ape=0.5521
[17:49:38] warmStart (decay=exponential) 4% (45/1007) regret=0.099584 ape=0.5521
[17:49:38] warmStart (decay=exponential) 4% (46/1007) regret=0.099584 ape=0.5521
[17:49:39] warmStart (decay=exponential) 4% (47/1007) regret=0.099584 ape=0.5521
[17:49:39] warmStart (decay=exponential) 4% (48/1007) regret=0.099584 ape=0.5521
[17:49:39] warmStart (decay=exponential) 4% (49/1007) regret=0.099584 ape=0.5521
[17:49:39] warmStart (decay=exponential) 4% (50/1007) regret=0.099584 ape=0.5521
[17:49:40] warmStart (decay=exponential) 5% (51/1007) regret=0.099584 ape=0.5521
[17:49:40] warmStart (decay=exponential) 5% (52/1007) regret=0.099584 ape=0.5521
[17:49:40] warmStart (decay=exponential) 5% (53/1007) regret=0.099584 ape=0.5521
[17:49:40] warmStart (decay=exponential) 5% (54/1007) regret=0.099584 ape=0.5521
[17:49:41] warmStart (decay=exponential) 5% (55/1007) regret=0.099584 ape=0.5521
[17:49:41] warmStart (decay=exponential) 5% (56/1007) regret=0.099584 ape=0.5521
[17:49:41] warmStart (decay=exponential) 5% (57/1007) regret=0.099584 ape=0.5521
[17:49:41] warmStart (decay=exponential) 5% (58/1007) regret=0.099584 ape=0.5521
[17:49:41] warmStart (decay=exponential) 5% (59/1007) regret=0.099584 ape=0.5521
[17:49:42] warmStart (decay=exponential) 5% (60/1007) regret=0.099584 ape=0.5521
[17:49:42] warmStart (decay=exponential) 6% (61/1007) regret=0.099584 ape=0.5521
[17:49:42] warmStart (decay=exponential) 6% (62/1007) regret=0.099584 ape=0.5521
[17:49:42] warmStart (decay=exponential) 6% (63/1007) regret=0.099584 ape=0.5521
[17:49:42] warmStart (decay=exponential) 6% (64/1007) regret=0.099584 ape=0.5521
[17:49:42] warmStart (decay=exponential) 6% (65/1007) regret=0.099584 ape=0.5521
[17:49:43] warmStart (decay=exponential) 6% (66/1007) regret=0.099584 ape=0.5521
[17:49:43] warmStart (decay=exponential) 6% (67/1007) regret=0.099584 ape=0.5521
[17:49:43] warmStart (decay=exponential) 6% (68/1007) regret=0.099584 ape=0.5521
[17:49:43] warmStart (decay=exponential) 6% (69/1007) regret=0.099584 ape=0.5521
[17:49:43] warmStart (decay=exponential) 6% (70/1007) regret=0.099584 ape=0.5521
[17:49:44] warmStart (decay=exponential) 7% (71/1007) regret=0.099584 ape=0.5521
[17:49:44] warmStart (decay=exponential) 7% (72/1007) regret=0.099584 ape=0.5521
[17:49:44] warmStart (decay=exponential) 7% (73/1007) regret=0.099584 ape=0.5521
[17:49:44] warmStart (decay=exponential) 7% (74/1007) regret=0.099584 ape=0.5521
[17:49:44] warmStart (decay=exponential) 7% (75/1007) regret=0.099584 ape=0.5521
[17:49:45] warmStart (decay=exponential) 7% (76/1007) regret=0.099584 ape=0.5521
[17:49:45] warmStart (decay=exponential) 7% (77/1007) regret=0.099584 ape=0.5521
[17:49:45] warmStart (decay=exponential) 7% (78/1007) regret=0.099584 ape=0.5521
[17:49:45] warmStart (decay=exponential) 7% (79/1007) regret=0.099584 ape=0.5521
[17:49:45] warmStart (decay=exponential) 7% (80/1007) regret=0.099584 ape=0.5521
[17:49:45] warmStart (decay=exponential) 8% (81/1007) regret=0.099584 ape=0.5521
[17:49:46] warmStart (decay=exponential) 8% (82/1007) regret=0.099584 ape=0.5521
[17:49:46] warmStart (decay=exponential) 8% (83/1007) regret=0.099584 ape=0.5521
[17:49:46] warmStart (decay=exponential) 8% (84/1007) regret=0.099584 ape=0.5521
[17:49:46] warmStart (decay=exponential) 8% (85/1007) regret=0.099584 ape=0.5521
[17:49:46] warmStart (decay=exponential) 8% (86/1007) regret=0.099584 ape=0.5521
[17:49:46] warmStart (decay=exponential) 8% (87/1007) regret=0.099584 ape=0.5521
[17:49:47] warmStart (decay=exponential) 8% (88/1007) regret=0.099584 ape=0.5521
[17:49:47] warmStart (decay=exponential) 8% (89/1007) regret=0.099584 ape=0.5521
[17:49:47] warmStart (decay=exponential) 8% (90/1007) regret=0.099584 ape=0.5521
[17:49:47] warmStart (decay=exponential) 9% (91/1007) regret=0.099584 ape=0.5521
[17:49:47] warmStart (decay=exponential) 9% (92/1007) regret=0.099584 ape=0.5521
[17:49:47] warmStart (decay=exponential) 9% (93/1007) regret=0.099584 ape=0.5521
[17:49:48] warmStart (decay=exponential) 9% (94/1007) regret=0.099584 ape=0.5521
[17:49:48] warmStart (decay=exponential) 9% (95/1007) regret=0.099584 ape=0.5521
[17:49:48] warmStart (decay=exponential) 9% (96/1007) regret=0.099584 ape=0.5521
[17:49:48] warmStart (decay=exponential) 9% (97/1007) regret=0.099584 ape=0.5521
[17:49:48] warmStart (decay=exponential) 9% (98/1007) regret=0.099584 ape=0.5521
[17:49:48] warmStart (decay=exponential) 9% (99/1007) regret=0.099584 ape=0.5521
[17:49:49] warmStart (decay=exponential) 9% (100/1007) regret=0.099584 ape=0.5521
[17:49:49] warmStart (decay=exponential) 10% (101/1007) regret=0.099584 ape=0.5521
[17:49:49] warmStart (decay=exponential) 10% (102/1007) regret=0.099584 ape=0.5521
[17:49:49] warmStart (decay=exponential) 10% (103/1007) regret=0.099584 ape=0.5521
[17:49:49] warmStart (decay=exponential) 10% (104/1007) regret=0.099584 ape=0.5521
[17:49:49] warmStart (decay=exponential) 10% (105/1007) regret=0.099584 ape=0.5521
[17:49:50] warmStart (decay=exponential) 10% (106/1007) regret=0.099584 ape=0.5521
[17:49:50] warmStart (decay=exponential) 10% (107/1007) regret=0.099584 ape=0.5521
[17:49:50] warmStart (decay=exponential) 10% (108/1007) regret=0.099584 ape=0.5521
[17:49:50] warmStart (decay=exponential) 10% (109/1007) regret=0.099584 ape=0.5521
[17:49:50] warmStart (decay=exponential) 10% (110/1007) regret=0.099584 ape=0.5521
[17:49:50] warmStart (decay=exponential) 11% (111/1007) regret=0.099584 ape=0.5521
[17:49:50] warmStart (decay=exponential) 11% (112/1007) regret=0.099584 ape=0.5521
[17:49:51] warmStart (decay=exponential) 11% (113/1007) regret=0.099584 ape=0.5521
[17:49:51] warmStart (decay=exponential) 11% (114/1007) regret=0.099584 ape=0.5521
[17:49:51] warmStart (decay=exponential) 11% (115/1007) regret=0.099584 ape=0.5521
[17:49:51] warmStart (decay=exponential) 11% (116/1007) regret=0.099584 ape=0.5521
[17:49:51] warmStart (decay=exponential) 11% (117/1007) regret=0.099584 ape=0.5521
[17:49:51] warmStart (decay=exponential) 11% (118/1007) regret=0.099584 ape=0.5521
[17:49:52] warmStart (decay=exponential) 11% (119/1007) regret=0.099584 ape=0.5521
[17:49:52] warmStart (decay=exponential) 11% (120/1007) regret=0.099584 ape=0.5521
[17:49:52] warmStart (decay=exponential) 12% (121/1007) regret=0.099584 ape=0.5521
[17:49:52] warmStart (decay=exponential) 12% (122/1007) regret=0.099584 ape=0.5521
[17:49:52] warmStart (decay=exponential) 12% (123/1007) regret=0.099584 ape=0.5521
[17:49:52] warmStart (decay=exponential) 12% (124/1007) regret=0.099584 ape=0.5521
[17:49:53] warmStart (decay=exponential) 12% (125/1007) regret=0.099584 ape=0.5521
[17:49:53] warmStart (decay=exponential) 12% (126/1007) regret=0.099584 ape=0.5521
[17:49:53] warmStart (decay=exponential) 12% (127/1007) regret=0.099584 ape=0.5521
[17:49:53] warmStart (decay=exponential) 12% (128/1007) regret=0.099584 ape=0.5521
[17:49:53] warmStart (decay=exponential) 12% (129/1007) regret=0.099584 ape=0.5521
[17:49:53] warmStart (decay=exponential) 12% (130/1007) regret=0.099584 ape=0.5521
[17:49:54] warmStart (decay=exponential) 13% (131/1007) regret=0.099584 ape=0.5521
[17:49:54] warmStart (decay=exponential) 13% (132/1007) regret=0.099584 ape=0.5521
[17:49:54] warmStart (decay=exponential) 13% (133/1007) regret=0.099584 ape=0.5521
[17:49:54] warmStart (decay=exponential) 13% (134/1007) regret=0.099584 ape=0.5521
[17:49:54] warmStart (decay=exponential) 13% (135/1007) regret=0.099584 ape=0.5521
[17:49:54] warmStart (decay=exponential) 13% (136/1007) regret=0.099584 ape=0.5521
[17:49:55] warmStart (decay=exponential) 13% (137/1007) regret=0.099584 ape=0.5521
[17:49:55] warmStart (decay=exponential) 13% (138/1007) regret=0.099584 ape=0.5521
[17:49:55] warmStart (decay=exponential) 13% (139/1007) regret=0.099584 ape=0.5521
[17:49:55] warmStart (decay=exponential) 13% (140/1007) regret=0.099584 ape=0.5521
[17:49:55] warmStart (decay=exponential) 14% (141/1007) regret=0.099584 ape=0.5521
[17:49:55] warmStart (decay=exponential) 14% (142/1007) regret=0.099584 ape=0.5521
[17:49:56] warmStart (decay=exponential) 14% (143/1007) regret=0.099584 ape=0.5521
[17:49:56] warmStart (decay=exponential) 14% (144/1007) regret=0.099584 ape=0.5521
[17:49:56] warmStart (decay=exponential) 14% (145/1007) regret=0.099584 ape=0.5521
[17:49:56] warmStart (decay=exponential) 14% (146/1007) regret=0.099584 ape=0.5521
[17:49:56] warmStart (decay=exponential) 14% (147/1007) regret=0.099584 ape=0.5521
[17:49:56] warmStart (decay=exponential) 14% (148/1007) regret=0.099584 ape=0.5521
[17:49:57] warmStart (decay=exponential) 14% (149/1007) regret=0.099584 ape=0.5521
[17:49:57] warmStart (decay=exponential) 14% (150/1007) regret=0.099584 ape=0.5521
[17:49:57] warmStart (decay=exponential) 14% (151/1007) regret=0.099584 ape=0.5521
[17:49:57] warmStart (decay=exponential) 15% (152/1007) regret=0.099584 ape=0.5521
[17:49:57] warmStart (decay=exponential) 15% (153/1007) regret=0.099584 ape=0.5521
[17:49:57] warmStart (decay=exponential) 15% (154/1007) regret=0.099584 ape=0.5521
[17:49:58] warmStart (decay=exponential) 15% (155/1007) regret=0.099584 ape=0.5521
[17:49:58] warmStart (decay=exponential) 15% (156/1007) regret=0.099584 ape=0.5521
[17:49:58] warmStart (decay=exponential) 15% (157/1007) regret=0.099584 ape=0.5521
[17:49:58] warmStart (decay=exponential) 15% (158/1007) regret=0.099584 ape=0.5521
[17:49:58] warmStart (decay=exponential) 15% (159/1007) regret=0.099584 ape=0.5521
[17:49:58] warmStart (decay=exponential) 15% (160/1007) regret=0.099584 ape=0.5521
[17:49:59] warmStart (decay=exponential) 15% (161/1007) regret=0.099584 ape=0.5521
[17:49:59] warmStart (decay=exponential) 16% (162/1007) regret=0.099584 ape=0.5521
[17:49:59] warmStart (decay=exponential) 16% (163/1007) regret=0.099584 ape=0.5521
[17:49:59] warmStart (decay=exponential) 16% (164/1007) regret=0.099584 ape=0.5521
[17:49:59] warmStart (decay=exponential) 16% (165/1007) regret=0.099584 ape=0.5521
[17:50:00] warmStart (decay=exponential) 16% (166/1007) regret=0.099584 ape=0.5521
[17:50:00] warmStart (decay=exponential) 16% (167/1007) regret=0.099584 ape=0.5521
[17:50:00] warmStart (decay=exponential) 16% (168/1007) regret=0.099584 ape=0.5521
[17:50:00] warmStart (decay=exponential) 16% (169/1007) regret=0.099584 ape=0.5521
[17:50:00] warmStart (decay=exponential) 16% (170/1007) regret=0.099584 ape=0.5521
[17:50:00] warmStart (decay=exponential) 16% (171/1007) regret=0.099584 ape=0.5521
[17:50:01] warmStart (decay=exponential) 17% (172/1007) regret=0.099584 ape=0.5521
[17:50:01] warmStart (decay=exponential) 17% (173/1007) regret=0.099584 ape=0.5521
[17:50:01] warmStart (decay=exponential) 17% (174/1007) regret=0.099584 ape=0.5521
[17:50:01] warmStart (decay=exponential) 17% (175/1007) regret=0.099584 ape=0.5521
[17:50:01] warmStart (decay=exponential) 17% (176/1007) regret=0.099584 ape=0.5521
[17:50:02] warmStart (decay=exponential) 17% (177/1007) regret=0.099584 ape=0.5521
[17:50:02] warmStart (decay=exponential) 17% (178/1007) regret=0.099584 ape=0.5521
[17:50:02] warmStart (decay=exponential) 17% (179/1007) regret=0.099584 ape=0.5521
[17:50:02] warmStart (decay=exponential) 17% (180/1007) regret=0.099584 ape=0.5521
[17:50:02] warmStart (decay=exponential) 17% (181/1007) regret=0.099584 ape=0.5521
[17:50:02] warmStart (decay=exponential) 18% (182/1007) regret=0.099584 ape=0.5521
[17:50:03] warmStart (decay=exponential) 18% (183/1007) regret=0.099584 ape=0.5521
[17:50:03] warmStart (decay=exponential) 18% (184/1007) regret=0.099584 ape=0.5521
[17:50:03] warmStart (decay=exponential) 18% (185/1007) regret=0.099584 ape=0.5521
[17:50:03] warmStart (decay=exponential) 18% (186/1007) regret=0.099584 ape=0.5521
[17:50:03] warmStart (decay=exponential) 18% (187/1007) regret=0.099584 ape=0.5521
[17:50:04] warmStart (decay=exponential) 18% (188/1007) regret=0.099584 ape=0.5521
[17:50:04] warmStart (decay=exponential) 18% (189/1007) regret=0.099584 ape=0.5521
[17:50:04] warmStart (decay=exponential) 18% (190/1007) regret=0.099584 ape=0.5521
[17:50:04] warmStart (decay=exponential) 18% (191/1007) regret=0.099584 ape=0.5521
[17:50:04] warmStart (decay=exponential) 19% (192/1007) regret=0.099584 ape=0.5521
[17:50:05] warmStart (decay=exponential) 19% (193/1007) regret=0.099584 ape=0.5521
[17:50:05] warmStart (decay=exponential) 19% (194/1007) regret=0.099584 ape=0.5521
[17:50:05] warmStart (decay=exponential) 19% (195/1007) regret=0.099584 ape=0.5521
[17:50:05] warmStart (decay=exponential) 19% (196/1007) regret=0.099584 ape=0.5521
[17:50:05] warmStart (decay=exponential) 19% (197/1007) regret=0.099584 ape=0.5521
[17:50:05] warmStart (decay=exponential) 19% (198/1007) regret=0.099584 ape=0.5521
[17:50:06] warmStart (decay=exponential) 19% (199/1007) regret=0.099584 ape=0.5521
[17:50:06] warmStart (decay=exponential) 19% (200/1007) regret=0.099584 ape=0.5521
[17:50:06] warmStart (decay=exponential) 19% (201/1007) regret=0.099584 ape=0.5521
[17:50:06] warmStart (decay=exponential) 20% (202/1007) regret=0.099584 ape=0.5521
[17:50:06] warmStart (decay=exponential) 20% (203/1007) regret=0.099584 ape=0.5521
[17:50:07] warmStart (decay=exponential) 20% (204/1007) regret=0.099584 ape=0.5521
[17:50:07] warmStart (decay=exponential) 20% (205/1007) regret=0.099584 ape=0.5521
[17:50:07] warmStart (decay=exponential) 20% (206/1007) regret=0.099584 ape=0.5521
[17:50:07] warmStart (decay=exponential) 20% (207/1007) regret=0.099584 ape=0.5521
[17:50:07] warmStart (decay=exponential) 20% (208/1007) regret=0.099584 ape=0.5521
[17:50:08] warmStart (decay=exponential) 20% (209/1007) regret=0.099584 ape=0.5521
[17:50:08] warmStart (decay=exponential) 20% (210/1007) regret=0.099584 ape=0.5521
[17:50:08] warmStart (decay=exponential) 20% (211/1007) regret=0.099584 ape=0.5521
[17:50:08] warmStart (decay=exponential) 21% (212/1007) regret=0.099584 ape=0.5521
[17:50:08] warmStart (decay=exponential) 21% (213/1007) regret=0.099584 ape=0.5521
[17:50:08] warmStart (decay=exponential) 21% (214/1007) regret=0.099584 ape=0.5521
[17:50:09] warmStart (decay=exponential) 21% (215/1007) regret=0.099584 ape=0.5521
[17:50:09] warmStart (decay=exponential) 21% (216/1007) regret=0.099584 ape=0.5521
[17:50:09] warmStart (decay=exponential) 21% (217/1007) regret=0.099584 ape=0.5521
[17:50:09] warmStart (decay=exponential) 21% (218/1007) regret=0.099584 ape=0.5521
[17:50:09] warmStart (decay=exponential) 21% (219/1007) regret=0.099584 ape=0.5521
[17:50:09] warmStart (decay=exponential) 21% (220/1007) regret=0.099584 ape=0.5521
[17:50:10] warmStart (decay=exponential) 21% (221/1007) regret=0.099584 ape=0.5521
[17:50:10] warmStart (decay=exponential) 22% (222/1007) regret=0.099584 ape=0.5521
[17:50:10] warmStart (decay=exponential) 22% (223/1007) regret=0.099584 ape=0.5521
[17:50:10] warmStart (decay=exponential) 22% (224/1007) regret=0.099584 ape=0.5521
[17:50:10] warmStart (decay=exponential) 22% (225/1007) regret=0.099584 ape=0.5521
[17:50:10] warmStart (decay=exponential) 22% (226/1007) regret=0.099584 ape=0.5521
[17:50:11] warmStart (decay=exponential) 22% (227/1007) regret=0.099584 ape=0.5521
[17:50:11] warmStart (decay=exponential) 22% (228/1007) regret=0.099584 ape=0.5521
[17:50:11] warmStart (decay=exponential) 22% (229/1007) regret=0.099584 ape=0.5521
[17:50:11] warmStart (decay=exponential) 22% (230/1007) regret=0.099584 ape=0.5521
[17:50:11] warmStart (decay=exponential) 22% (231/1007) regret=0.099584 ape=0.5521
[17:50:11] warmStart (decay=exponential) 23% (232/1007) regret=0.099584 ape=0.5521
[17:50:12] warmStart (decay=exponential) 23% (233/1007) regret=0.099584 ape=0.5521
[17:50:12] warmStart (decay=exponential) 23% (234/1007) regret=0.099584 ape=0.5521
[17:50:12] warmStart (decay=exponential) 23% (235/1007) regret=0.099584 ape=0.5521
[17:50:12] warmStart (decay=exponential) 23% (236/1007) regret=0.099584 ape=0.5521
[17:50:12] warmStart (decay=exponential) 23% (237/1007) regret=0.099584 ape=0.5521
[17:50:12] warmStart (decay=exponential) 23% (238/1007) regret=0.099584 ape=0.5521
[17:50:13] warmStart (decay=exponential) 23% (239/1007) regret=0.099584 ape=0.5521
[17:50:13] warmStart (decay=exponential) 23% (240/1007) regret=0.099584 ape=0.5521
[17:50:13] warmStart (decay=exponential) 23% (241/1007) regret=0.099584 ape=0.5521
[17:50:13] warmStart (decay=exponential) 24% (242/1007) regret=0.099584 ape=0.5521
[17:50:13] warmStart (decay=exponential) 24% (243/1007) regret=0.099584 ape=0.5521
[17:50:13] warmStart (decay=exponential) 24% (244/1007) regret=0.099584 ape=0.5521
[17:50:14] warmStart (decay=exponential) 24% (245/1007) regret=0.099584 ape=0.5521
[17:50:14] warmStart (decay=exponential) 24% (246/1007) regret=0.099584 ape=0.5521
[17:50:14] warmStart (decay=exponential) 24% (247/1007) regret=0.099584 ape=0.5521
[17:50:14] warmStart (decay=exponential) 24% (248/1007) regret=0.099584 ape=0.5521
[17:50:14] warmStart (decay=exponential) 24% (249/1007) regret=0.099584 ape=0.5521
[17:50:14] warmStart (decay=exponential) 24% (250/1007) regret=0.099584 ape=0.5521
[17:50:15] warmStart (decay=exponential) 24% (251/1007) regret=0.099584 ape=0.5521
[17:50:15] warmStart (decay=exponential) 25% (252/1007) regret=0.099584 ape=0.5521
[17:50:15] warmStart (decay=exponential) 25% (253/1007) regret=0.099584 ape=0.5521
[17:50:15] warmStart (decay=exponential) 25% (254/1007) regret=0.099584 ape=0.5521
[17:50:15] warmStart (decay=exponential) 25% (255/1007) regret=0.099584 ape=0.5521
[17:50:15] warmStart (decay=exponential) 25% (256/1007) regret=0.099584 ape=0.5521
[17:50:16] warmStart (decay=exponential) 25% (257/1007) regret=0.099584 ape=0.5521
[17:50:16] warmStart (decay=exponential) 25% (258/1007) regret=0.099584 ape=0.5521
[17:50:16] warmStart (decay=exponential) 25% (259/1007) regret=0.099584 ape=0.5521
[17:50:16] warmStart (decay=exponential) 25% (260/1007) regret=0.099584 ape=0.5521
[17:50:16] warmStart (decay=exponential) 25% (261/1007) regret=0.099584 ape=0.5521
[17:50:16] warmStart (decay=exponential) 26% (262/1007) regret=0.099584 ape=0.5521
[17:50:17] warmStart (decay=exponential) 26% (263/1007) regret=0.099584 ape=0.5521
[17:50:17] warmStart (decay=exponential) 26% (264/1007) regret=0.099584 ape=0.5521
[17:50:17] warmStart (decay=exponential) 26% (265/1007) regret=0.099584 ape=0.5521
[17:50:17] warmStart (decay=exponential) 26% (266/1007) regret=0.099584 ape=0.5521
[17:50:17] warmStart (decay=exponential) 26% (267/1007) regret=0.099584 ape=0.5521
[17:50:18] warmStart (decay=exponential) 26% (268/1007) regret=0.099584 ape=0.5521
[17:50:18] warmStart (decay=exponential) 26% (269/1007) regret=0.099584 ape=0.5521
[17:50:18] warmStart (decay=exponential) 26% (270/1007) regret=0.099584 ape=0.5521
[17:50:18] warmStart (decay=exponential) 26% (271/1007) regret=0.099584 ape=0.5521
[17:50:18] warmStart (decay=exponential) 27% (272/1007) regret=0.099584 ape=0.5521
[17:50:18] warmStart (decay=exponential) 27% (273/1007) regret=0.099584 ape=0.5521
[17:50:19] warmStart (decay=exponential) 27% (274/1007) regret=0.099584 ape=0.5521
[17:50:19] warmStart (decay=exponential) 27% (275/1007) regret=0.099584 ape=0.5521
[17:50:19] warmStart (decay=exponential) 27% (276/1007) regret=0.099584 ape=0.5521
[17:50:19] warmStart (decay=exponential) 27% (277/1007) regret=0.099584 ape=0.5521
[17:50:19] warmStart (decay=exponential) 27% (278/1007) regret=0.099584 ape=0.5521
[17:50:19] warmStart (decay=exponential) 27% (279/1007) regret=0.099584 ape=0.5521
[17:50:20] warmStart (decay=exponential) 27% (280/1007) regret=0.099584 ape=0.5521
[17:50:20] warmStart (decay=exponential) 27% (281/1007) regret=0.099584 ape=0.5521
[17:50:20] warmStart (decay=exponential) 28% (282/1007) regret=0.099584 ape=0.5521
[17:50:20] warmStart (decay=exponential) 28% (283/1007) regret=0.099584 ape=0.5521
[17:50:21] warmStart (decay=exponential) 28% (284/1007) regret=0.099584 ape=0.5521
[17:50:21] warmStart (decay=exponential) 28% (285/1007) regret=0.099584 ape=0.5521
[17:50:21] warmStart (decay=exponential) 28% (286/1007) regret=0.099584 ape=0.5521
[17:50:21] warmStart (decay=exponential) 28% (287/1007) regret=0.099584 ape=0.5521
[17:50:22] warmStart (decay=exponential) 28% (288/1007) regret=0.099584 ape=0.5521
[17:50:22] warmStart (decay=exponential) 28% (289/1007) regret=0.099584 ape=0.5521
[17:50:22] warmStart (decay=exponential) 28% (290/1007) regret=0.099584 ape=0.5521
[17:50:22] warmStart (decay=exponential) 28% (291/1007) regret=0.099584 ape=0.5521
[17:50:23] warmStart (decay=exponential) 28% (292/1007) regret=0.099584 ape=0.5521
[17:50:23] warmStart (decay=exponential) 29% (293/1007) regret=0.099584 ape=0.5521
[17:50:23] warmStart (decay=exponential) 29% (294/1007) regret=0.099584 ape=0.5521
[17:50:24] warmStart (decay=exponential) 29% (295/1007) regret=0.099584 ape=0.5521
[17:50:24] warmStart (decay=exponential) 29% (296/1007) regret=0.099584 ape=0.5521
[17:50:24] warmStart (decay=exponential) 29% (297/1007) regret=0.099584 ape=0.5521
[17:50:24] warmStart (decay=exponential) 29% (298/1007) regret=0.099584 ape=0.5521
[17:50:25] warmStart (decay=exponential) 29% (299/1007) regret=0.099584 ape=0.5521
[17:50:25] warmStart (decay=exponential) 29% (300/1007) regret=0.099584 ape=0.5521
[17:50:25] warmStart (decay=exponential) 29% (301/1007) regret=0.099584 ape=0.5521
[17:50:25] warmStart (decay=exponential) 29% (302/1007) regret=0.099584 ape=0.5521
[17:50:26] warmStart (decay=exponential) 30% (303/1007) regret=0.099584 ape=0.5521
[17:50:26] warmStart (decay=exponential) 30% (304/1007) regret=0.099584 ape=0.5521
[17:50:26] warmStart (decay=exponential) 30% (305/1007) regret=0.099584 ape=0.5521
[17:50:26] warmStart (decay=exponential) 30% (306/1007) regret=0.099584 ape=0.5521
[17:50:27] warmStart (decay=exponential) 30% (307/1007) regret=0.099584 ape=0.5521
[17:50:27] warmStart (decay=exponential) 30% (308/1007) regret=0.099584 ape=0.5521
[17:50:27] warmStart (decay=exponential) 30% (309/1007) regret=0.099584 ape=0.5521
[17:50:28] warmStart (decay=exponential) 30% (310/1007) regret=0.099584 ape=0.5521
[17:50:28] warmStart (decay=exponential) 30% (311/1007) regret=0.099584 ape=0.5521
[17:50:28] warmStart (decay=exponential) 30% (312/1007) regret=0.099584 ape=0.5521
[17:50:28] warmStart (decay=exponential) 31% (313/1007) regret=0.099584 ape=0.5521
[17:50:29] warmStart (decay=exponential) 31% (314/1007) regret=0.099584 ape=0.5521
[17:50:29] warmStart (decay=exponential) 31% (315/1007) regret=0.099584 ape=0.5521
[17:50:29] warmStart (decay=exponential) 31% (316/1007) regret=0.099584 ape=0.5521
[17:50:29] warmStart (decay=exponential) 31% (317/1007) regret=0.099584 ape=0.5521
[17:50:30] warmStart (decay=exponential) 31% (318/1007) regret=0.099584 ape=0.5521
[17:50:30] warmStart (decay=exponential) 31% (319/1007) regret=0.099584 ape=0.5521
[17:50:30] warmStart (decay=exponential) 31% (320/1007) regret=0.099584 ape=0.5521
[17:50:30] warmStart (decay=exponential) 31% (321/1007) regret=0.099584 ape=0.5521
[17:50:31] warmStart (decay=exponential) 31% (322/1007) regret=0.099584 ape=0.5521
[17:50:31] warmStart (decay=exponential) 32% (323/1007) regret=0.099584 ape=0.5521
[17:50:31] warmStart (decay=exponential) 32% (324/1007) regret=0.099584 ape=0.5521
[17:50:31] warmStart (decay=exponential) 32% (325/1007) regret=0.099584 ape=0.5521
[17:50:32] warmStart (decay=exponential) 32% (326/1007) regret=0.099584 ape=0.5521
[17:50:32] warmStart (decay=exponential) 32% (327/1007) regret=0.099584 ape=0.5521
[17:50:32] warmStart (decay=exponential) 32% (328/1007) regret=0.099584 ape=0.5521
[17:50:33] warmStart (decay=exponential) 32% (329/1007) regret=0.099584 ape=0.5521
[17:50:33] warmStart (decay=exponential) 32% (330/1007) regret=0.099584 ape=0.5521
[17:50:33] warmStart (decay=exponential) 32% (331/1007) regret=0.099584 ape=0.5521
[17:50:33] warmStart (decay=exponential) 32% (332/1007) regret=0.099584 ape=0.5521
[17:50:34] warmStart (decay=exponential) 33% (333/1007) regret=0.099584 ape=0.5521
[17:50:34] warmStart (decay=exponential) 33% (334/1007) regret=0.099584 ape=0.5521
[17:50:34] warmStart (decay=exponential) 33% (335/1007) regret=0.099584 ape=0.5521
[17:50:34] warmStart (decay=exponential) 33% (336/1007) regret=0.099584 ape=0.5521
[17:50:35] warmStart (decay=exponential) 33% (337/1007) regret=0.099584 ape=0.5521
[17:50:35] warmStart (decay=exponential) 33% (338/1007) regret=0.099584 ape=0.5521
[17:50:35] warmStart (decay=exponential) 33% (339/1007) regret=0.099584 ape=0.5521
[17:50:35] warmStart (decay=exponential) 33% (340/1007) regret=0.099584 ape=0.5521
[17:50:36] warmStart (decay=exponential) 33% (341/1007) regret=0.099584 ape=0.5521
[17:50:36] warmStart (decay=exponential) 33% (342/1007) regret=0.099584 ape=0.5521
[17:50:36] warmStart (decay=exponential) 34% (343/1007) regret=0.099584 ape=0.5521
[17:50:37] warmStart (decay=exponential) 34% (344/1007) regret=0.099584 ape=0.5521
[17:50:37] warmStart (decay=exponential) 34% (345/1007) regret=0.099584 ape=0.5521
[17:50:37] warmStart (decay=exponential) 34% (346/1007) regret=0.099584 ape=0.5521
[17:50:37] warmStart (decay=exponential) 34% (347/1007) regret=0.099584 ape=0.5521
[17:50:38] warmStart (decay=exponential) 34% (348/1007) regret=0.099584 ape=0.5521
[17:50:38] warmStart (decay=exponential) 34% (349/1007) regret=0.099584 ape=0.5521
[17:50:38] warmStart (decay=exponential) 34% (350/1007) regret=0.099584 ape=0.5521
[17:50:38] warmStart (decay=exponential) 34% (351/1007) regret=0.099584 ape=0.5521
[17:50:39] warmStart (decay=exponential) 34% (352/1007) regret=0.099584 ape=0.5521
[17:50:39] warmStart (decay=exponential) 35% (353/1007) regret=0.099584 ape=0.5521
[17:50:39] warmStart (decay=exponential) 35% (354/1007) regret=0.099584 ape=0.5521
[17:50:39] warmStart (decay=exponential) 35% (355/1007) regret=0.099584 ape=0.5521
[17:50:40] warmStart (decay=exponential) 35% (356/1007) regret=0.099584 ape=0.5521
[17:50:40] warmStart (decay=exponential) 35% (357/1007) regret=0.099584 ape=0.5521
[17:50:40] warmStart (decay=exponential) 35% (358/1007) regret=0.099584 ape=0.5521
[17:50:41] warmStart (decay=exponential) 35% (359/1007) regret=0.099584 ape=0.5521
[17:50:41] warmStart (decay=exponential) 35% (360/1007) regret=0.099584 ape=0.5521
[17:50:41] warmStart (decay=exponential) 35% (361/1007) regret=0.099584 ape=0.5521
[17:50:41] warmStart (decay=exponential) 35% (362/1007) regret=0.099584 ape=0.5521
[17:50:42] warmStart (decay=exponential) 36% (363/1007) regret=0.099584 ape=0.5521
[17:50:42] warmStart (decay=exponential) 36% (364/1007) regret=0.099584 ape=0.5521
[17:50:42] warmStart (decay=exponential) 36% (365/1007) regret=0.099584 ape=0.5521
[17:50:42] warmStart (decay=exponential) 36% (366/1007) regret=0.099584 ape=0.5521
[17:50:43] warmStart (decay=exponential) 36% (367/1007) regret=0.099584 ape=0.5521
[17:50:43] warmStart (decay=exponential) 36% (368/1007) regret=0.099584 ape=0.5521
[17:50:43] warmStart (decay=exponential) 36% (369/1007) regret=0.099584 ape=0.5521
[17:50:43] warmStart (decay=exponential) 36% (370/1007) regret=0.099584 ape=0.5521
[17:50:44] warmStart (decay=exponential) 36% (371/1007) regret=0.099584 ape=0.5521
[17:50:44] warmStart (decay=exponential) 36% (372/1007) regret=0.099584 ape=0.5521
[17:50:44] warmStart (decay=exponential) 37% (373/1007) regret=0.099584 ape=0.5521
[17:50:45] warmStart (decay=exponential) 37% (374/1007) regret=0.099584 ape=0.5521
[17:50:45] warmStart (decay=exponential) 37% (375/1007) regret=0.099584 ape=0.5521
[17:50:45] warmStart (decay=exponential) 37% (376/1007) regret=0.099584 ape=0.5521
[17:50:45] warmStart (decay=exponential) 37% (377/1007) regret=0.099584 ape=0.5521
[17:50:46] warmStart (decay=exponential) 37% (378/1007) regret=0.099584 ape=0.5521
[17:50:46] warmStart (decay=exponential) 37% (379/1007) regret=0.099584 ape=0.5521
[17:50:46] warmStart (decay=exponential) 37% (380/1007) regret=0.099584 ape=0.5521
[17:50:46] warmStart (decay=exponential) 37% (381/1007) regret=0.099584 ape=0.5521
[17:50:47] warmStart (decay=exponential) 37% (382/1007) regret=0.099584 ape=0.5521
[17:50:47] warmStart (decay=exponential) 38% (383/1007) regret=0.099584 ape=0.5521
[17:50:47] warmStart (decay=exponential) 38% (384/1007) regret=0.099584 ape=0.5521
[17:50:47] warmStart (decay=exponential) 38% (385/1007) regret=0.099584 ape=0.5521
[17:50:48] warmStart (decay=exponential) 38% (386/1007) regret=0.099584 ape=0.5521
[17:50:48] warmStart (decay=exponential) 38% (387/1007) regret=0.099584 ape=0.5521
[17:50:48] warmStart (decay=exponential) 38% (388/1007) regret=0.099584 ape=0.5521
[17:50:48] warmStart (decay=exponential) 38% (389/1007) regret=0.099584 ape=0.5521
[17:50:49] warmStart (decay=exponential) 38% (390/1007) regret=0.099584 ape=0.5521
[17:50:49] warmStart (decay=exponential) 38% (391/1007) regret=0.099584 ape=0.5521
[17:50:49] warmStart (decay=exponential) 38% (392/1007) regret=0.099584 ape=0.5521
[17:50:50] warmStart (decay=exponential) 39% (393/1007) regret=0.099685 ape=0.5530
[17:50:50] warmStart (decay=exponential) 39% (394/1007) regret=0.099620 ape=0.5530
[17:50:50] warmStart (decay=exponential) 39% (395/1007) regret=0.099620 ape=0.5530
[17:50:50] warmStart (decay=exponential) 39% (396/1007) regret=0.099620 ape=0.5530
[17:50:51] warmStart (decay=exponential) 39% (397/1007) regret=0.099620 ape=0.5530
[17:50:51] warmStart (decay=exponential) 39% (398/1007) regret=0.099584 ape=0.5521
[17:50:51] warmStart (decay=exponential) 39% (399/1007) regret=0.099584 ape=0.5521
[17:50:51] warmStart (decay=exponential) 39% (400/1007) regret=0.099584 ape=0.5521
[17:50:51] warmStart (decay=exponential) 39% (401/1007) regret=0.099584 ape=0.5521
[17:50:52] warmStart (decay=exponential) 39% (402/1007) regret=0.099584 ape=0.5521
[17:50:52] warmStart (decay=exponential) 40% (403/1007) regret=0.099584 ape=0.5521
[17:50:52] warmStart (decay=exponential) 40% (404/1007) regret=0.099584 ape=0.5521
[17:50:52] warmStart (decay=exponential) 40% (405/1007) regret=0.099584 ape=0.5521
[17:50:53] warmStart (decay=exponential) 40% (406/1007) regret=0.099584 ape=0.5521
[17:50:53] warmStart (decay=exponential) 40% (407/1007) regret=0.099584 ape=0.5521
[17:50:53] warmStart (decay=exponential) 40% (408/1007) regret=0.099584 ape=0.5521
[17:50:53] warmStart (decay=exponential) 40% (409/1007) regret=0.099584 ape=0.5521
[17:50:54] warmStart (decay=exponential) 40% (410/1007) regret=0.099534 ape=0.5521
[17:50:54] warmStart (decay=exponential) 40% (411/1007) regret=0.099550 ape=0.5521
[17:50:54] warmStart (decay=exponential) 40% (412/1007) regret=0.099534 ape=0.5521
[17:50:54] warmStart (decay=exponential) 41% (413/1007) regret=0.099550 ape=0.5521
[17:50:55] warmStart (decay=exponential) 41% (414/1007) regret=0.099534 ape=0.5521
[17:50:55] warmStart (decay=exponential) 41% (415/1007) regret=0.099534 ape=0.5521
[17:50:55] warmStart (decay=exponential) 41% (416/1007) regret=0.099534 ape=0.5521
[17:50:55] warmStart (decay=exponential) 41% (417/1007) regret=0.099534 ape=0.5521
[17:50:56] warmStart (decay=exponential) 41% (418/1007) regret=0.099550 ape=0.5521
[17:50:56] warmStart (decay=exponential) 41% (419/1007) regret=0.099550 ape=0.5521
[17:50:56] warmStart (decay=exponential) 41% (420/1007) regret=0.099532 ape=0.5521
[17:50:56] warmStart (decay=exponential) 41% (421/1007) regret=0.099550 ape=0.5521
[17:50:57] warmStart (decay=exponential) 41% (422/1007) regret=0.099550 ape=0.5521
[17:50:57] warmStart (decay=exponential) 42% (423/1007) regret=0.099550 ape=0.5521
[17:50:57] warmStart (decay=exponential) 42% (424/1007) regret=0.099550 ape=0.5521
[17:50:57] warmStart (decay=exponential) 42% (425/1007) regret=0.099550 ape=0.5521
[17:50:57] warmStart (decay=exponential) 42% (426/1007) regret=0.099550 ape=0.5521
[17:50:58] warmStart (decay=exponential) 42% (427/1007) regret=0.099550 ape=0.5521
[17:50:58] warmStart (decay=exponential) 42% (428/1007) regret=0.099550 ape=0.5521
[17:50:58] warmStart (decay=exponential) 42% (429/1007) regret=0.099550 ape=0.5521
[17:50:58] warmStart (decay=exponential) 42% (430/1007) regret=0.099550 ape=0.5521
[17:50:59] warmStart (decay=exponential) 42% (431/1007) regret=0.099550 ape=0.5521
[17:50:59] warmStart (decay=exponential) 42% (432/1007) regret=0.099550 ape=0.5521
[17:50:59] warmStart (decay=exponential) 42% (433/1007) regret=0.099550 ape=0.5521
[17:50:59] warmStart (decay=exponential) 43% (434/1007) regret=0.099550 ape=0.5521
[17:51:00] warmStart (decay=exponential) 43% (435/1007) regret=0.099550 ape=0.5521
[17:51:00] warmStart (decay=exponential) 43% (436/1007) regret=0.099550 ape=0.5521
[17:51:00] warmStart (decay=exponential) 43% (437/1007) regret=0.099550 ape=0.5521
[17:51:00] warmStart (decay=exponential) 43% (438/1007) regret=0.099550 ape=0.5521
[17:51:01] warmStart (decay=exponential) 43% (439/1007) regret=0.099550 ape=0.5521
[17:51:01] warmStart (decay=exponential) 43% (440/1007) regret=0.099550 ape=0.5521
[17:51:01] warmStart (decay=exponential) 43% (441/1007) regret=0.099550 ape=0.5521
[17:51:01] warmStart (decay=exponential) 43% (442/1007) regret=0.099550 ape=0.5521
[17:51:02] warmStart (decay=exponential) 43% (443/1007) regret=0.099532 ape=0.5521
[17:51:02] warmStart (decay=exponential) 44% (444/1007) regret=0.099532 ape=0.5521
[17:51:02] warmStart (decay=exponential) 44% (445/1007) regret=0.099532 ape=0.5521
[17:51:02] warmStart (decay=exponential) 44% (446/1007) regret=0.099532 ape=0.5521
[17:51:03] warmStart (decay=exponential) 44% (447/1007) regret=0.099532 ape=0.5521
[17:51:03] warmStart (decay=exponential) 44% (448/1007) regret=0.099532 ape=0.5521
[17:51:03] warmStart (decay=exponential) 44% (449/1007) regret=0.099532 ape=0.5521
[17:51:03] warmStart (decay=exponential) 44% (450/1007) regret=0.099532 ape=0.5521
[17:51:04] warmStart (decay=exponential) 44% (451/1007) regret=0.099532 ape=0.5521
[17:51:04] warmStart (decay=exponential) 44% (452/1007) regret=0.099532 ape=0.5521
[17:51:04] warmStart (decay=exponential) 44% (453/1007) regret=0.099532 ape=0.5521
[17:51:04] warmStart (decay=exponential) 45% (454/1007) regret=0.099532 ape=0.5521
[17:51:05] warmStart (decay=exponential) 45% (455/1007) regret=0.099532 ape=0.5521
[17:51:05] warmStart (decay=exponential) 45% (456/1007) regret=0.099532 ape=0.5521
[17:51:05] warmStart (decay=exponential) 45% (457/1007) regret=0.099532 ape=0.5521
[17:51:05] warmStart (decay=exponential) 45% (458/1007) regret=0.099532 ape=0.5521
[17:51:05] warmStart (decay=exponential) 45% (459/1007) regret=0.099532 ape=0.5521
[17:51:06] warmStart (decay=exponential) 45% (460/1007) regret=0.099532 ape=0.5521
[17:51:06] warmStart (decay=exponential) 45% (461/1007) regret=0.099532 ape=0.5521
[17:51:06] warmStart (decay=exponential) 45% (462/1007) regret=0.099532 ape=0.5521
[17:51:06] warmStart (decay=exponential) 45% (463/1007) regret=0.099532 ape=0.5521
[17:51:07] warmStart (decay=exponential) 46% (464/1007) regret=0.099532 ape=0.5521
[17:51:07] warmStart (decay=exponential) 46% (465/1007) regret=0.099532 ape=0.5521
[17:51:07] warmStart (decay=exponential) 46% (466/1007) regret=0.099532 ape=0.5521
[17:51:07] warmStart (decay=exponential) 46% (467/1007) regret=0.099532 ape=0.5521
[17:51:08] warmStart (decay=exponential) 46% (468/1007) regret=0.099532 ape=0.5521
[17:51:08] warmStart (decay=exponential) 46% (469/1007) regret=0.099532 ape=0.5521
[17:51:08] warmStart (decay=exponential) 46% (470/1007) regret=0.099532 ape=0.5521
[17:51:08] warmStart (decay=exponential) 46% (471/1007) regret=0.099532 ape=0.5521
[17:51:09] warmStart (decay=exponential) 46% (472/1007) regret=0.099532 ape=0.5521
[17:51:09] warmStart (decay=exponential) 46% (473/1007) regret=0.099532 ape=0.5521
[17:51:09] warmStart (decay=exponential) 47% (474/1007) regret=0.099532 ape=0.5521
[17:51:09] warmStart (decay=exponential) 47% (475/1007) regret=0.099532 ape=0.5521
[17:51:10] warmStart (decay=exponential) 47% (476/1007) regret=0.099532 ape=0.5521
[17:51:10] warmStart (decay=exponential) 47% (477/1007) regret=0.099532 ape=0.5521
[17:51:10] warmStart (decay=exponential) 47% (478/1007) regret=0.099532 ape=0.5521
[17:51:10] warmStart (decay=exponential) 47% (479/1007) regret=0.099532 ape=0.5521
[17:51:11] warmStart (decay=exponential) 47% (480/1007) regret=0.099532 ape=0.5521
[17:51:11] warmStart (decay=exponential) 47% (481/1007) regret=0.099532 ape=0.5521
[17:51:11] warmStart (decay=exponential) 47% (482/1007) regret=0.099532 ape=0.5521
[17:51:11] warmStart (decay=exponential) 47% (483/1007) regret=0.099532 ape=0.5521
[17:51:12] warmStart (decay=exponential) 48% (484/1007) regret=0.099532 ape=0.5521
[17:51:12] warmStart (decay=exponential) 48% (485/1007) regret=0.099532 ape=0.5521
[17:51:12] warmStart (decay=exponential) 48% (486/1007) regret=0.099532 ape=0.5521
[17:51:12] warmStart (decay=exponential) 48% (487/1007) regret=0.099532 ape=0.5521
[17:51:13] warmStart (decay=exponential) 48% (488/1007) regret=0.099532 ape=0.5521
[17:51:13] warmStart (decay=exponential) 48% (489/1007) regret=0.099532 ape=0.5521
[17:51:13] warmStart (decay=exponential) 48% (490/1007) regret=0.099532 ape=0.5521
[17:51:13] warmStart (decay=exponential) 48% (491/1007) regret=0.099532 ape=0.5521
[17:51:14] warmStart (decay=exponential) 48% (492/1007) regret=0.099532 ape=0.5521
[17:51:14] warmStart (decay=exponential) 48% (493/1007) regret=0.099532 ape=0.5521
[17:51:14] warmStart (decay=exponential) 49% (494/1007) regret=0.099532 ape=0.5521
[17:51:14] warmStart (decay=exponential) 49% (495/1007) regret=0.099532 ape=0.5521
[17:51:15] warmStart (decay=exponential) 49% (496/1007) regret=0.099532 ape=0.5521
[17:51:15] warmStart (decay=exponential) 49% (497/1007) regret=0.099532 ape=0.5521
[17:51:15] warmStart (decay=exponential) 49% (498/1007) regret=0.099532 ape=0.5521
[17:51:15] warmStart (decay=exponential) 49% (499/1007) regret=0.099532 ape=0.5521
[17:51:16] warmStart (decay=exponential) 49% (500/1007) regret=0.099532 ape=0.5521
[17:51:16] warmStart (decay=exponential) 49% (501/1007) regret=0.099532 ape=0.5521
[17:51:16] warmStart (decay=exponential) 49% (502/1007) regret=0.099532 ape=0.5521
[17:51:16] warmStart (decay=exponential) 49% (503/1007) regret=0.099532 ape=0.5521
[17:51:17] warmStart (decay=exponential) 50% (504/1007) regret=0.099532 ape=0.5521
[17:51:17] warmStart (decay=exponential) 50% (505/1007) regret=0.099532 ape=0.5521
[17:51:17] warmStart (decay=exponential) 50% (506/1007) regret=0.099532 ape=0.5521
[17:51:17] warmStart (decay=exponential) 50% (507/1007) regret=0.099532 ape=0.5521
[17:51:17] warmStart (decay=exponential) 50% (508/1007) regret=0.099477 ape=0.5512
[17:51:18] warmStart (decay=exponential) 50% (509/1007) regret=0.099477 ape=0.5512
[17:51:18] warmStart (decay=exponential) 50% (510/1007) regret=0.099477 ape=0.5512
[17:51:18] warmStart (decay=exponential) 50% (511/1007) regret=0.099477 ape=0.5512
[17:51:18] warmStart (decay=exponential) 50% (512/1007) regret=0.099513 ape=0.5512
[17:51:19] warmStart (decay=exponential) 50% (513/1007) regret=0.099513 ape=0.5512
[17:51:19] warmStart (decay=exponential) 51% (514/1007) regret=0.099513 ape=0.5512
[17:51:19] warmStart (decay=exponential) 51% (515/1007) regret=0.099431 ape=0.5512
[17:51:19] warmStart (decay=exponential) 51% (516/1007) regret=0.099431 ape=0.5512
[17:51:20] warmStart (decay=exponential) 51% (517/1007) regret=0.099421 ape=0.5502
[17:51:20] warmStart (decay=exponential) 51% (518/1007) regret=0.099431 ape=0.5512
[17:51:20] warmStart (decay=exponential) 51% (519/1007) regret=0.099606 ape=0.5512
[17:51:20] warmStart (decay=exponential) 51% (520/1007) regret=0.099421 ape=0.5502
[17:51:21] warmStart (decay=exponential) 51% (521/1007) regret=0.099421 ape=0.5502
[17:51:21] warmStart (decay=exponential) 51% (522/1007) regret=0.099421 ape=0.5502
[17:51:21] warmStart (decay=exponential) 51% (523/1007) regret=0.099421 ape=0.5502
[17:51:21] warmStart (decay=exponential) 52% (524/1007) regret=0.099421 ape=0.5502
[17:51:22] warmStart (decay=exponential) 52% (525/1007) regret=0.099421 ape=0.5502
[17:51:22] warmStart (decay=exponential) 52% (526/1007) regret=0.099421 ape=0.5502
[17:51:22] warmStart (decay=exponential) 52% (527/1007) regret=0.099421 ape=0.5502
[17:51:22] warmStart (decay=exponential) 52% (528/1007) regret=0.099421 ape=0.5502
[17:51:23] warmStart (decay=exponential) 52% (529/1007) regret=0.099421 ape=0.5502
[17:51:23] warmStart (decay=exponential) 52% (530/1007) regret=0.099421 ape=0.5502
[17:51:23] warmStart (decay=exponential) 52% (531/1007) regret=0.099421 ape=0.5502
[17:51:23] warmStart (decay=exponential) 52% (532/1007) regret=0.099421 ape=0.5502
[17:51:24] warmStart (decay=exponential) 52% (533/1007) regret=0.099624 ape=0.5512
[17:51:24] warmStart (decay=exponential) 53% (534/1007) regret=0.099421 ape=0.5502
[17:51:24] warmStart (decay=exponential) 53% (535/1007) regret=0.099421 ape=0.5502
[17:51:24] warmStart (decay=exponential) 53% (536/1007) regret=0.099421 ape=0.5502
[17:51:25] warmStart (decay=exponential) 53% (537/1007) regret=0.099421 ape=0.5502
[17:51:25] warmStart (decay=exponential) 53% (538/1007) regret=0.099421 ape=0.5502
[17:51:25] warmStart (decay=exponential) 53% (539/1007) regret=0.099421 ape=0.5502
[17:51:25] warmStart (decay=exponential) 53% (540/1007) regret=0.099421 ape=0.5502
[17:51:26] warmStart (decay=exponential) 53% (541/1007) regret=0.099421 ape=0.5502
[17:51:26] warmStart (decay=exponential) 53% (542/1007) regret=0.099421 ape=0.5502
[17:51:26] warmStart (decay=exponential) 53% (543/1007) regret=0.099421 ape=0.5502
[17:51:26] warmStart (decay=exponential) 54% (544/1007) regret=0.099421 ape=0.5502
[17:51:27] warmStart (decay=exponential) 54% (545/1007) regret=0.099421 ape=0.5502
[17:51:27] warmStart (decay=exponential) 54% (546/1007) regret=0.099343 ape=0.5493
[17:51:27] warmStart (decay=exponential) 54% (547/1007) regret=0.099343 ape=0.5493
[17:51:27] warmStart (decay=exponential) 54% (548/1007) regret=0.099343 ape=0.5493
[17:51:28] warmStart (decay=exponential) 54% (549/1007) regret=0.099343 ape=0.5493
[17:51:28] warmStart (decay=exponential) 54% (550/1007) regret=0.099394 ape=0.5502
[17:51:28] warmStart (decay=exponential) 54% (551/1007) regret=0.099343 ape=0.5493
[17:51:29] warmStart (decay=exponential) 54% (552/1007) regret=0.099343 ape=0.5493
[17:51:29] warmStart (decay=exponential) 54% (553/1007) regret=0.099343 ape=0.5493
[17:51:29] warmStart (decay=exponential) 55% (554/1007) regret=0.099394 ape=0.5502
[17:51:29] warmStart (decay=exponential) 55% (555/1007) regret=0.099394 ape=0.5502
[17:51:30] warmStart (decay=exponential) 55% (556/1007) regret=0.099394 ape=0.5502
[17:51:30] warmStart (decay=exponential) 55% (557/1007) regret=0.099343 ape=0.5493
[17:51:30] warmStart (decay=exponential) 55% (558/1007) regret=0.099343 ape=0.5493
[17:51:30] warmStart (decay=exponential) 55% (559/1007) regret=0.099343 ape=0.5493
[17:51:31] warmStart (decay=exponential) 55% (560/1007) regret=0.099343 ape=0.5493
[17:51:31] warmStart (decay=exponential) 55% (561/1007) regret=0.099343 ape=0.5493
[17:51:31] warmStart (decay=exponential) 55% (562/1007) regret=0.099343 ape=0.5493
[17:51:31] warmStart (decay=exponential) 55% (563/1007) regret=0.099343 ape=0.5493
[17:51:32] warmStart (decay=exponential) 56% (564/1007) regret=0.099343 ape=0.5493
[17:51:32] warmStart (decay=exponential) 56% (565/1007) regret=0.099343 ape=0.5493
[17:51:32] warmStart (decay=exponential) 56% (566/1007) regret=0.099343 ape=0.5493
[17:51:33] warmStart (decay=exponential) 56% (567/1007) regret=0.099343 ape=0.5493
[17:51:33] warmStart (decay=exponential) 56% (568/1007) regret=0.099343 ape=0.5493
[17:51:33] warmStart (decay=exponential) 56% (569/1007) regret=0.099343 ape=0.5493
[17:51:33] warmStart (decay=exponential) 56% (570/1007) regret=0.099343 ape=0.5493
[17:51:34] warmStart (decay=exponential) 56% (571/1007) regret=0.099343 ape=0.5493
[17:51:34] warmStart (decay=exponential) 56% (572/1007) regret=0.099343 ape=0.5493
[17:51:34] warmStart (decay=exponential) 56% (573/1007) regret=0.099343 ape=0.5493
[17:51:34] warmStart (decay=exponential) 57% (574/1007) regret=0.099343 ape=0.5493
[17:51:35] warmStart (decay=exponential) 57% (575/1007) regret=0.099343 ape=0.5493
[17:51:35] warmStart (decay=exponential) 57% (576/1007) regret=0.099343 ape=0.5493
[17:51:35] warmStart (decay=exponential) 57% (577/1007) regret=0.099343 ape=0.5493
[17:51:36] warmStart (decay=exponential) 57% (578/1007) regret=0.099426 ape=0.5493
[17:51:36] warmStart (decay=exponential) 57% (579/1007) regret=0.099454 ape=0.5493
[17:51:36] warmStart (decay=exponential) 57% (580/1007) regret=0.099338 ape=0.5493
[17:51:36] warmStart (decay=exponential) 57% (581/1007) regret=0.099375 ape=0.5493
[17:51:37] warmStart (decay=exponential) 57% (582/1007) regret=0.099343 ape=0.5493
[17:51:37] warmStart (decay=exponential) 57% (583/1007) regret=0.099375 ape=0.5493
[17:51:37] warmStart (decay=exponential) 57% (584/1007) regret=0.099375 ape=0.5493
[17:51:37] warmStart (decay=exponential) 58% (585/1007) regret=0.099375 ape=0.5493
[17:51:37] warmStart (decay=exponential) 58% (586/1007) regret=0.099375 ape=0.5493
[17:51:38] warmStart (decay=exponential) 58% (587/1007) regret=0.099375 ape=0.5493
[17:51:38] warmStart (decay=exponential) 58% (588/1007) regret=0.099350 ape=0.5493
[17:51:38] warmStart (decay=exponential) 58% (589/1007) regret=0.099375 ape=0.5493
[17:51:38] warmStart (decay=exponential) 58% (590/1007) regret=0.099375 ape=0.5493
[17:51:39] warmStart (decay=exponential) 58% (591/1007) regret=0.099375 ape=0.5493
[17:51:39] warmStart (decay=exponential) 58% (592/1007) regret=0.099299 ape=0.5484
[17:51:39] warmStart (decay=exponential) 58% (593/1007) regret=0.099375 ape=0.5493
[17:51:39] warmStart (decay=exponential) 58% (594/1007) regret=0.099299 ape=0.5484
[17:51:40] warmStart (decay=exponential) 59% (595/1007) regret=0.099299 ape=0.5484
[17:51:40] warmStart (decay=exponential) 59% (596/1007) regret=0.099299 ape=0.5484
[17:51:40] warmStart (decay=exponential) 59% (597/1007) regret=0.099299 ape=0.5484
[17:51:40] warmStart (decay=exponential) 59% (598/1007) regret=0.099299 ape=0.5484
[17:51:40] warmStart (decay=exponential) 59% (599/1007) regret=0.099299 ape=0.5484
[17:51:41] warmStart (decay=exponential) 59% (600/1007) regret=0.099375 ape=0.5493
[17:51:41] warmStart (decay=exponential) 59% (601/1007) regret=0.099375 ape=0.5493
[17:51:41] warmStart (decay=exponential) 59% (602/1007) regret=0.099375 ape=0.5493
[17:51:41] warmStart (decay=exponential) 59% (603/1007) regret=0.099375 ape=0.5493
[17:51:41] warmStart (decay=exponential) 59% (604/1007) regret=0.099375 ape=0.5493
[17:51:42] warmStart (decay=exponential) 60% (605/1007) regret=0.099299 ape=0.5484
[17:51:42] warmStart (decay=exponential) 60% (606/1007) regret=0.099299 ape=0.5484
[17:51:42] warmStart (decay=exponential) 60% (607/1007) regret=0.099299 ape=0.5484
[17:51:42] warmStart (decay=exponential) 60% (608/1007) regret=0.099299 ape=0.5484
[17:51:42] warmStart (decay=exponential) 60% (609/1007) regret=0.099299 ape=0.5484
[17:51:43] warmStart (decay=exponential) 60% (610/1007) regret=0.099299 ape=0.5484
[17:51:43] warmStart (decay=exponential) 60% (611/1007) regret=0.099299 ape=0.5484
[17:51:43] warmStart (decay=exponential) 60% (612/1007) regret=0.099299 ape=0.5484
[17:51:43] warmStart (decay=exponential) 60% (613/1007) regret=0.099299 ape=0.5484
[17:51:43] warmStart (decay=exponential) 60% (614/1007) regret=0.099338 ape=0.5493
[17:51:43] warmStart (decay=exponential) 61% (615/1007) regret=0.099299 ape=0.5484
[17:51:44] warmStart (decay=exponential) 61% (616/1007) regret=0.099299 ape=0.5484
[17:51:44] warmStart (decay=exponential) 61% (617/1007) regret=0.099299 ape=0.5484
[17:51:44] warmStart (decay=exponential) 61% (618/1007) regret=0.099299 ape=0.5484
[17:51:44] warmStart (decay=exponential) 61% (619/1007) regret=0.099299 ape=0.5484
[17:51:44] warmStart (decay=exponential) 61% (620/1007) regret=0.099299 ape=0.5484
[17:51:45] warmStart (decay=exponential) 61% (621/1007) regret=0.099299 ape=0.5484
[17:51:45] warmStart (decay=exponential) 61% (622/1007) regret=0.099299 ape=0.5484
[17:51:45] warmStart (decay=exponential) 61% (623/1007) regret=0.099299 ape=0.5484
[17:51:45] warmStart (decay=exponential) 61% (624/1007) regret=0.099299 ape=0.5484
[17:51:45] warmStart (decay=exponential) 62% (625/1007) regret=0.099299 ape=0.5484
[17:51:46] warmStart (decay=exponential) 62% (626/1007) regret=0.099299 ape=0.5484
[17:51:46] warmStart (decay=exponential) 62% (627/1007) regret=0.099295 ape=0.5484
[17:51:46] warmStart (decay=exponential) 62% (628/1007) regret=0.099304 ape=0.5484
[17:51:46] warmStart (decay=exponential) 62% (629/1007) regret=0.099304 ape=0.5484
[17:51:46] warmStart (decay=exponential) 62% (630/1007) regret=0.099296 ape=0.5484
[17:51:46] warmStart (decay=exponential) 62% (631/1007) regret=0.099295 ape=0.5484
[17:51:47] warmStart (decay=exponential) 62% (632/1007) regret=0.099295 ape=0.5484
[17:51:47] warmStart (decay=exponential) 62% (633/1007) regret=0.099295 ape=0.5484
[17:51:47] warmStart (decay=exponential) 62% (634/1007) regret=0.099295 ape=0.5484
[17:51:47] warmStart (decay=exponential) 63% (635/1007) regret=0.099298 ape=0.5484
[17:51:47] warmStart (decay=exponential) 63% (636/1007) regret=0.099295 ape=0.5484
[17:51:47] warmStart (decay=exponential) 63% (637/1007) regret=0.099296 ape=0.5484
[17:51:47] warmStart (decay=exponential) 63% (638/1007) regret=0.099295 ape=0.5484
[17:51:48] warmStart (decay=exponential) 63% (639/1007) regret=0.099295 ape=0.5484
[17:51:48] warmStart (decay=exponential) 63% (640/1007) regret=0.099295 ape=0.5484
[17:51:48] warmStart (decay=exponential) 63% (641/1007) regret=0.099295 ape=0.5484
[17:51:48] warmStart (decay=exponential) 63% (642/1007) regret=0.099295 ape=0.5484
[17:51:48] warmStart (decay=exponential) 63% (643/1007) regret=0.099295 ape=0.5484
[17:51:48] warmStart (decay=exponential) 63% (644/1007) regret=0.099295 ape=0.5484
[17:51:49] warmStart (decay=exponential) 64% (645/1007) regret=0.099295 ape=0.5484
[17:51:49] warmStart (decay=exponential) 64% (646/1007) regret=0.099295 ape=0.5484
[17:51:49] warmStart (decay=exponential) 64% (647/1007) regret=0.099295 ape=0.5484
[17:51:49] warmStart (decay=exponential) 64% (648/1007) regret=0.099295 ape=0.5484
[17:51:49] warmStart (decay=exponential) 64% (649/1007) regret=0.099295 ape=0.5484
[17:51:49] warmStart (decay=exponential) 64% (650/1007) regret=0.099295 ape=0.5484
[17:51:49] warmStart (decay=exponential) 64% (651/1007) regret=0.099295 ape=0.5484
[17:51:50] warmStart (decay=exponential) 64% (652/1007) regret=0.099295 ape=0.5484
[17:51:50] warmStart (decay=exponential) 64% (653/1007) regret=0.099295 ape=0.5484
[17:51:50] warmStart (decay=exponential) 64% (654/1007) regret=0.099295 ape=0.5484
[17:51:50] warmStart (decay=exponential) 65% (655/1007) regret=0.099295 ape=0.5484
[17:51:50] warmStart (decay=exponential) 65% (656/1007) regret=0.099295 ape=0.5484
[17:51:50] warmStart (decay=exponential) 65% (657/1007) regret=0.099295 ape=0.5484
[17:51:51] warmStart (decay=exponential) 65% (658/1007) regret=0.099295 ape=0.5484
[17:51:51] warmStart (decay=exponential) 65% (659/1007) regret=0.099296 ape=0.5484
[17:51:51] warmStart (decay=exponential) 65% (660/1007) regret=0.099296 ape=0.5484
[17:51:51] warmStart (decay=exponential) 65% (661/1007) regret=0.099296 ape=0.5484
[17:51:51] warmStart (decay=exponential) 65% (662/1007) regret=0.099296 ape=0.5484
[17:51:51] warmStart (decay=exponential) 65% (663/1007) regret=0.099296 ape=0.5484
[17:51:52] warmStart (decay=exponential) 65% (664/1007) regret=0.099296 ape=0.5484
[17:51:52] warmStart (decay=exponential) 66% (665/1007) regret=0.099296 ape=0.5484
[17:51:52] warmStart (decay=exponential) 66% (666/1007) regret=0.099296 ape=0.5484
[17:51:52] warmStart (decay=exponential) 66% (667/1007) regret=0.099296 ape=0.5484
[17:51:52] warmStart (decay=exponential) 66% (668/1007) regret=0.099295 ape=0.5484
[17:51:52] warmStart (decay=exponential) 66% (669/1007) regret=0.099296 ape=0.5484
[17:51:53] warmStart (decay=exponential) 66% (670/1007) regret=0.099295 ape=0.5484
[17:51:53] warmStart (decay=exponential) 66% (671/1007) regret=0.099296 ape=0.5484
[17:51:53] warmStart (decay=exponential) 66% (672/1007) regret=0.099295 ape=0.5484
[17:51:53] warmStart (decay=exponential) 66% (673/1007) regret=0.099295 ape=0.5484
[17:51:53] warmStart (decay=exponential) 66% (674/1007) regret=0.099295 ape=0.5484
[17:51:53] warmStart (decay=exponential) 67% (675/1007) regret=0.099295 ape=0.5484
[17:51:53] warmStart (decay=exponential) 67% (676/1007) regret=0.099295 ape=0.5484
[17:51:54] warmStart (decay=exponential) 67% (677/1007) regret=0.099295 ape=0.5484
[17:51:54] warmStart (decay=exponential) 67% (678/1007) regret=0.099283 ape=0.5475
[17:51:54] warmStart (decay=exponential) 67% (679/1007) regret=0.099283 ape=0.5475
[17:51:54] warmStart (decay=exponential) 67% (680/1007) regret=0.099283 ape=0.5475
[17:51:54] warmStart (decay=exponential) 67% (681/1007) regret=0.099283 ape=0.5475
[17:51:54] warmStart (decay=exponential) 67% (682/1007) regret=0.099283 ape=0.5475
[17:51:55] warmStart (decay=exponential) 67% (683/1007) regret=0.099283 ape=0.5475
[17:51:55] warmStart (decay=exponential) 67% (684/1007) regret=0.099283 ape=0.5475
[17:51:55] warmStart (decay=exponential) 68% (685/1007) regret=0.099283 ape=0.5475
[17:51:55] warmStart (decay=exponential) 68% (686/1007) regret=0.099278 ape=0.5475
[17:51:55] warmStart (decay=exponential) 68% (687/1007) regret=0.099283 ape=0.5475
[17:51:55] warmStart (decay=exponential) 68% (688/1007) regret=0.099278 ape=0.5475
[17:51:56] warmStart (decay=exponential) 68% (689/1007) regret=0.099278 ape=0.5475
[17:51:56] warmStart (decay=exponential) 68% (690/1007) regret=0.099278 ape=0.5475
[17:51:56] warmStart (decay=exponential) 68% (691/1007) regret=0.099278 ape=0.5475
[17:51:56] warmStart (decay=exponential) 68% (692/1007) regret=0.099278 ape=0.5475
[17:51:56] warmStart (decay=exponential) 68% (693/1007) regret=0.099278 ape=0.5475
[17:51:57] warmStart (decay=exponential) 68% (694/1007) regret=0.099278 ape=0.5475
[17:51:57] warmStart (decay=exponential) 69% (695/1007) regret=0.099278 ape=0.5475
[17:51:57] warmStart (decay=exponential) 69% (696/1007) regret=0.099278 ape=0.5475
[17:51:57] warmStart (decay=exponential) 69% (697/1007) regret=0.099278 ape=0.5475
[17:51:57] warmStart (decay=exponential) 69% (698/1007) regret=0.099278 ape=0.5475
[17:51:57] warmStart (decay=exponential) 69% (699/1007) regret=0.099278 ape=0.5475
[17:51:58] warmStart (decay=exponential) 69% (700/1007) regret=0.099278 ape=0.5475
[17:51:58] warmStart (decay=exponential) 69% (701/1007) regret=0.099278 ape=0.5475
[17:51:58] warmStart (decay=exponential) 69% (702/1007) regret=0.099278 ape=0.5475
[17:51:58] warmStart (decay=exponential) 69% (703/1007) regret=0.099278 ape=0.5475
[17:51:58] warmStart (decay=exponential) 69% (704/1007) regret=0.099278 ape=0.5475
[17:51:59] warmStart (decay=exponential) 70% (705/1007) regret=0.099278 ape=0.5475
[17:51:59] warmStart (decay=exponential) 70% (706/1007) regret=0.099278 ape=0.5475
[17:51:59] warmStart (decay=exponential) 70% (707/1007) regret=0.099278 ape=0.5475
[17:51:59] warmStart (decay=exponential) 70% (708/1007) regret=0.099278 ape=0.5475
[17:51:59] warmStart (decay=exponential) 70% (709/1007) regret=0.099278 ape=0.5475
[17:51:59] warmStart (decay=exponential) 70% (710/1007) regret=0.099278 ape=0.5475
[17:52:00] warmStart (decay=exponential) 70% (711/1007) regret=0.099278 ape=0.5475
[17:52:00] warmStart (decay=exponential) 70% (712/1007) regret=0.099278 ape=0.5475
[17:52:00] warmStart (decay=exponential) 70% (713/1007) regret=0.099278 ape=0.5475
[17:52:00] warmStart (decay=exponential) 70% (714/1007) regret=0.099278 ape=0.5475
[17:52:00] warmStart (decay=exponential) 71% (715/1007) regret=0.099278 ape=0.5475
[17:52:00] warmStart (decay=exponential) 71% (716/1007) regret=0.099278 ape=0.5475
[17:52:01] warmStart (decay=exponential) 71% (717/1007) regret=0.099278 ape=0.5475
[17:52:01] warmStart (decay=exponential) 71% (718/1007) regret=0.099278 ape=0.5475
[17:52:01] warmStart (decay=exponential) 71% (719/1007) regret=0.099278 ape=0.5475
[17:52:01] warmStart (decay=exponential) 71% (720/1007) regret=0.099278 ape=0.5475
[17:52:01] warmStart (decay=exponential) 71% (721/1007) regret=0.099278 ape=0.5475
[17:52:02] warmStart (decay=exponential) 71% (722/1007) regret=0.099278 ape=0.5475
[17:52:02] warmStart (decay=exponential) 71% (723/1007) regret=0.099278 ape=0.5475
[17:52:02] warmStart (decay=exponential) 71% (724/1007) regret=0.099278 ape=0.5475
[17:52:02] warmStart (decay=exponential) 71% (725/1007) regret=0.099278 ape=0.5475
[17:52:02] warmStart (decay=exponential) 72% (726/1007) regret=0.099278 ape=0.5475
[17:52:02] warmStart (decay=exponential) 72% (727/1007) regret=0.099278 ape=0.5475
[17:52:03] warmStart (decay=exponential) 72% (728/1007) regret=0.099278 ape=0.5475
[17:52:03] warmStart (decay=exponential) 72% (729/1007) regret=0.099278 ape=0.5475
[17:52:03] warmStart (decay=exponential) 72% (730/1007) regret=0.099278 ape=0.5475
[17:52:03] warmStart (decay=exponential) 72% (731/1007) regret=0.099278 ape=0.5475
[17:52:03] warmStart (decay=exponential) 72% (732/1007) regret=0.099278 ape=0.5475
[17:52:04] warmStart (decay=exponential) 72% (733/1007) regret=0.099278 ape=0.5475
[17:52:04] warmStart (decay=exponential) 72% (734/1007) regret=0.099278 ape=0.5475
[17:52:04] warmStart (decay=exponential) 72% (735/1007) regret=0.099278 ape=0.5475
[17:52:04] warmStart (decay=exponential) 73% (736/1007) regret=0.099278 ape=0.5475
[17:52:04] warmStart (decay=exponential) 73% (737/1007) regret=0.099278 ape=0.5475
[17:52:04] warmStart (decay=exponential) 73% (738/1007) regret=0.099278 ape=0.5475
[17:52:05] warmStart (decay=exponential) 73% (739/1007) regret=0.099278 ape=0.5475
[17:52:05] warmStart (decay=exponential) 73% (740/1007) regret=0.099278 ape=0.5475
[17:52:05] warmStart (decay=exponential) 73% (741/1007) regret=0.099278 ape=0.5475
[17:52:05] warmStart (decay=exponential) 73% (742/1007) regret=0.099278 ape=0.5475
[17:52:05] warmStart (decay=exponential) 73% (743/1007) regret=0.099278 ape=0.5475
[17:52:05] warmStart (decay=exponential) 73% (744/1007) regret=0.099278 ape=0.5475
[17:52:06] warmStart (decay=exponential) 73% (745/1007) regret=0.099278 ape=0.5475
[17:52:06] warmStart (decay=exponential) 74% (746/1007) regret=0.099278 ape=0.5475
[17:52:06] warmStart (decay=exponential) 74% (747/1007) regret=0.099278 ape=0.5475
[17:52:06] warmStart (decay=exponential) 74% (748/1007) regret=0.099278 ape=0.5475
[17:52:06] warmStart (decay=exponential) 74% (749/1007) regret=0.099278 ape=0.5475
[17:52:06] warmStart (decay=exponential) 74% (750/1007) regret=0.099278 ape=0.5475
[17:52:06] warmStart (decay=exponential) 74% (751/1007) regret=0.099278 ape=0.5475
[17:52:07] warmStart (decay=exponential) 74% (752/1007) regret=0.099278 ape=0.5475
[17:52:07] warmStart (decay=exponential) 74% (753/1007) regret=0.099278 ape=0.5475
[17:52:07] warmStart (decay=exponential) 74% (754/1007) regret=0.099278 ape=0.5475
[17:52:07] warmStart (decay=exponential) 74% (755/1007) regret=0.099278 ape=0.5475
[17:52:07] warmStart (decay=exponential) 75% (756/1007) regret=0.099278 ape=0.5475
[17:52:07] warmStart (decay=exponential) 75% (757/1007) regret=0.099278 ape=0.5475
[17:52:08] warmStart (decay=exponential) 75% (758/1007) regret=0.099278 ape=0.5475
[17:52:08] warmStart (decay=exponential) 75% (759/1007) regret=0.099278 ape=0.5475
[17:52:08] warmStart (decay=exponential) 75% (760/1007) regret=0.099278 ape=0.5475
[17:52:08] warmStart (decay=exponential) 75% (761/1007) regret=0.099278 ape=0.5475
[17:52:08] warmStart (decay=exponential) 75% (762/1007) regret=0.099278 ape=0.5475
[17:52:08] warmStart (decay=exponential) 75% (763/1007) regret=0.099278 ape=0.5475
[17:52:09] warmStart (decay=exponential) 75% (764/1007) regret=0.099278 ape=0.5475
[17:52:09] warmStart (decay=exponential) 75% (765/1007) regret=0.099278 ape=0.5475
[17:52:09] warmStart (decay=exponential) 76% (766/1007) regret=0.099278 ape=0.5475
[17:52:09] warmStart (decay=exponential) 76% (767/1007) regret=0.099278 ape=0.5475
[17:52:09] warmStart (decay=exponential) 76% (768/1007) regret=0.099278 ape=0.5475
[17:52:09] warmStart (decay=exponential) 76% (769/1007) regret=0.099278 ape=0.5475
[17:52:10] warmStart (decay=exponential) 76% (770/1007) regret=0.099278 ape=0.5475
[17:52:10] warmStart (decay=exponential) 76% (771/1007) regret=0.099278 ape=0.5475
[17:52:10] warmStart (decay=exponential) 76% (772/1007) regret=0.099278 ape=0.5475
[17:52:10] warmStart (decay=exponential) 76% (773/1007) regret=0.099278 ape=0.5475
[17:52:10] warmStart (decay=exponential) 76% (774/1007) regret=0.099278 ape=0.5475
[17:52:10] warmStart (decay=exponential) 76% (775/1007) regret=0.099278 ape=0.5475
[17:52:11] warmStart (decay=exponential) 77% (776/1007) regret=0.099278 ape=0.5475
[17:52:11] warmStart (decay=exponential) 77% (777/1007) regret=0.099278 ape=0.5475
[17:52:11] warmStart (decay=exponential) 77% (778/1007) regret=0.099278 ape=0.5475
[17:52:11] warmStart (decay=exponential) 77% (779/1007) regret=0.099278 ape=0.5475
[17:52:11] warmStart (decay=exponential) 77% (780/1007) regret=0.099278 ape=0.5475
[17:52:11] warmStart (decay=exponential) 77% (781/1007) regret=0.099278 ape=0.5475
[17:52:12] warmStart (decay=exponential) 77% (782/1007) regret=0.099278 ape=0.5475
[17:52:12] warmStart (decay=exponential) 77% (783/1007) regret=0.099278 ape=0.5475
[17:52:12] warmStart (decay=exponential) 77% (784/1007) regret=0.099278 ape=0.5475
[17:52:12] warmStart (decay=exponential) 77% (785/1007) regret=0.099278 ape=0.5475
[17:52:12] warmStart (decay=exponential) 78% (786/1007) regret=0.099278 ape=0.5475
[17:52:12] warmStart (decay=exponential) 78% (787/1007) regret=0.099278 ape=0.5475
[17:52:13] warmStart (decay=exponential) 78% (788/1007) regret=0.099278 ape=0.5475
[17:52:13] warmStart (decay=exponential) 78% (789/1007) regret=0.099278 ape=0.5475
[17:52:13] warmStart (decay=exponential) 78% (790/1007) regret=0.099278 ape=0.5475
[17:52:13] warmStart (decay=exponential) 78% (791/1007) regret=0.099278 ape=0.5475
[17:52:13] warmStart (decay=exponential) 78% (792/1007) regret=0.099278 ape=0.5475
[17:52:13] warmStart (decay=exponential) 78% (793/1007) regret=0.099278 ape=0.5475
[17:52:14] warmStart (decay=exponential) 78% (794/1007) regret=0.099278 ape=0.5475
[17:52:14] warmStart (decay=exponential) 78% (795/1007) regret=0.099278 ape=0.5475
[17:52:14] warmStart (decay=exponential) 79% (796/1007) regret=0.099278 ape=0.5475
[17:52:14] warmStart (decay=exponential) 79% (797/1007) regret=0.099278 ape=0.5475
[17:52:14] warmStart (decay=exponential) 79% (798/1007) regret=0.099278 ape=0.5475
[17:52:15] warmStart (decay=exponential) 79% (799/1007) regret=0.099273 ape=0.5465
[17:52:15] warmStart (decay=exponential) 79% (800/1007) regret=0.099273 ape=0.5465
[17:52:15] warmStart (decay=exponential) 79% (801/1007) regret=0.099273 ape=0.5465
[17:52:16] warmStart (decay=exponential) 79% (802/1007) regret=0.099273 ape=0.5465
[17:52:16] warmStart (decay=exponential) 79% (803/1007) regret=0.099273 ape=0.5465
[17:52:16] warmStart (decay=exponential) 79% (804/1007) regret=0.099273 ape=0.5465
[17:52:16] warmStart (decay=exponential) 79% (805/1007) regret=0.099273 ape=0.5465
[17:52:16] warmStart (decay=exponential) 80% (806/1007) regret=0.099273 ape=0.5465
[17:52:17] warmStart (decay=exponential) 80% (807/1007) regret=0.099273 ape=0.5465
[17:52:17] warmStart (decay=exponential) 80% (808/1007) regret=0.099273 ape=0.5465
[17:52:17] warmStart (decay=exponential) 80% (809/1007) regret=0.099273 ape=0.5465
[17:52:18] warmStart (decay=exponential) 80% (810/1007) regret=0.099273 ape=0.5465
[17:52:18] warmStart (decay=exponential) 80% (811/1007) regret=0.099273 ape=0.5465
[17:52:18] warmStart (decay=exponential) 80% (812/1007) regret=0.099273 ape=0.5465
[17:52:18] warmStart (decay=exponential) 80% (813/1007) regret=0.099273 ape=0.5465
[17:52:19] warmStart (decay=exponential) 80% (814/1007) regret=0.099273 ape=0.5465
[17:52:19] warmStart (decay=exponential) 80% (815/1007) regret=0.099273 ape=0.5465
[17:52:19] warmStart (decay=exponential) 81% (816/1007) regret=0.099273 ape=0.5465
[17:52:19] warmStart (decay=exponential) 81% (817/1007) regret=0.099273 ape=0.5465
[17:52:20] warmStart (decay=exponential) 81% (818/1007) regret=0.099273 ape=0.5465
[17:52:20] warmStart (decay=exponential) 81% (819/1007) regret=0.099273 ape=0.5465
[17:52:20] warmStart (decay=exponential) 81% (820/1007) regret=0.099273 ape=0.5465
[17:52:20] warmStart (decay=exponential) 81% (821/1007) regret=0.099273 ape=0.5465
[17:52:21] warmStart (decay=exponential) 81% (822/1007) regret=0.099273 ape=0.5465
[17:52:21] warmStart (decay=exponential) 81% (823/1007) regret=0.099273 ape=0.5465
[17:52:21] warmStart (decay=exponential) 81% (824/1007) regret=0.099273 ape=0.5465
[17:52:21] warmStart (decay=exponential) 81% (825/1007) regret=0.099273 ape=0.5465
[17:52:22] warmStart (decay=exponential) 82% (826/1007) regret=0.099273 ape=0.5465
[17:52:22] warmStart (decay=exponential) 82% (827/1007) regret=0.099273 ape=0.5465
[17:52:22] warmStart (decay=exponential) 82% (828/1007) regret=0.099273 ape=0.5465
[17:52:22] warmStart (decay=exponential) 82% (829/1007) regret=0.099273 ape=0.5465
[17:52:23] warmStart (decay=exponential) 82% (830/1007) regret=0.099273 ape=0.5465
[17:52:23] warmStart (decay=exponential) 82% (831/1007) regret=0.099273 ape=0.5465
[17:52:23] warmStart (decay=exponential) 82% (832/1007) regret=0.099273 ape=0.5465
[17:52:23] warmStart (decay=exponential) 82% (833/1007) regret=0.099273 ape=0.5465
[17:52:24] warmStart (decay=exponential) 82% (834/1007) regret=0.099273 ape=0.5465
[17:52:24] warmStart (decay=exponential) 82% (835/1007) regret=0.099273 ape=0.5465
[17:52:24] warmStart (decay=exponential) 83% (836/1007) regret=0.099273 ape=0.5465
[17:52:24] warmStart (decay=exponential) 83% (837/1007) regret=0.099273 ape=0.5465
[17:52:25] warmStart (decay=exponential) 83% (838/1007) regret=0.099273 ape=0.5465
[17:52:25] warmStart (decay=exponential) 83% (839/1007) regret=0.099273 ape=0.5465
[17:52:25] warmStart (decay=exponential) 83% (840/1007) regret=0.099273 ape=0.5465
[17:52:25] warmStart (decay=exponential) 83% (841/1007) regret=0.099273 ape=0.5465
[17:52:26] warmStart (decay=exponential) 83% (842/1007) regret=0.099273 ape=0.5465
[17:52:26] warmStart (decay=exponential) 83% (843/1007) regret=0.099273 ape=0.5465
[17:52:26] warmStart (decay=exponential) 83% (844/1007) regret=0.099273 ape=0.5465
[17:52:27] warmStart (decay=exponential) 83% (845/1007) regret=0.099273 ape=0.5465
[17:52:27] warmStart (decay=exponential) 84% (846/1007) regret=0.099273 ape=0.5465
[17:52:27] warmStart (decay=exponential) 84% (847/1007) regret=0.099273 ape=0.5465
[17:52:27] warmStart (decay=exponential) 84% (848/1007) regret=0.099273 ape=0.5465
[17:52:28] warmStart (decay=exponential) 84% (849/1007) regret=0.099269 ape=0.5465
[17:52:28] warmStart (decay=exponential) 84% (850/1007) regret=0.099269 ape=0.5465
[17:52:28] warmStart (decay=exponential) 84% (851/1007) regret=0.099269 ape=0.5465
[17:52:28] warmStart (decay=exponential) 84% (852/1007) regret=0.099269 ape=0.5465
[17:52:29] warmStart (decay=exponential) 84% (853/1007) regret=0.099269 ape=0.5465
[17:52:29] warmStart (decay=exponential) 84% (854/1007) regret=0.099269 ape=0.5465
[17:52:29] warmStart (decay=exponential) 84% (855/1007) regret=0.099269 ape=0.5465
[17:52:29] warmStart (decay=exponential) 85% (856/1007) regret=0.099269 ape=0.5465
[17:52:30] warmStart (decay=exponential) 85% (857/1007) regret=0.099269 ape=0.5465
[17:52:30] warmStart (decay=exponential) 85% (858/1007) regret=0.099269 ape=0.5465
[17:52:30] warmStart (decay=exponential) 85% (859/1007) regret=0.099269 ape=0.5465
[17:52:30] warmStart (decay=exponential) 85% (860/1007) regret=0.099269 ape=0.5465
[17:52:31] warmStart (decay=exponential) 85% (861/1007) regret=0.099269 ape=0.5465
[17:52:31] warmStart (decay=exponential) 85% (862/1007) regret=0.099269 ape=0.5465
[17:52:31] warmStart (decay=exponential) 85% (863/1007) regret=0.099269 ape=0.5465
[17:52:32] warmStart (decay=exponential) 85% (864/1007) regret=0.099269 ape=0.5465
[17:52:32] warmStart (decay=exponential) 85% (865/1007) regret=0.099269 ape=0.5465
[17:52:32] warmStart (decay=exponential) 85% (866/1007) regret=0.099269 ape=0.5465
[17:52:32] warmStart (decay=exponential) 86% (867/1007) regret=0.099269 ape=0.5465
[17:52:33] warmStart (decay=exponential) 86% (868/1007) regret=0.099269 ape=0.5465
[17:52:33] warmStart (decay=exponential) 86% (869/1007) regret=0.099269 ape=0.5465
[17:52:33] warmStart (decay=exponential) 86% (870/1007) regret=0.099269 ape=0.5465
[17:52:33] warmStart (decay=exponential) 86% (871/1007) regret=0.099269 ape=0.5465
[17:52:34] warmStart (decay=exponential) 86% (872/1007) regret=0.099269 ape=0.5465
[17:52:34] warmStart (decay=exponential) 86% (873/1007) regret=0.099269 ape=0.5465
[17:52:34] warmStart (decay=exponential) 86% (874/1007) regret=0.099223 ape=0.5456
[17:52:34] warmStart (decay=exponential) 86% (875/1007) regret=0.099223 ape=0.5456
[17:52:35] warmStart (decay=exponential) 86% (876/1007) regret=0.099223 ape=0.5456
[17:52:35] warmStart (decay=exponential) 87% (877/1007) regret=0.099223 ape=0.5456
[17:52:35] warmStart (decay=exponential) 87% (878/1007) regret=0.099223 ape=0.5456
[17:52:35] warmStart (decay=exponential) 87% (879/1007) regret=0.099223 ape=0.5456
[17:52:36] warmStart (decay=exponential) 87% (880/1007) regret=0.099223 ape=0.5456
[17:52:36] warmStart (decay=exponential) 87% (881/1007) regret=0.099223 ape=0.5456
[17:52:36] warmStart (decay=exponential) 87% (882/1007) regret=0.099223 ape=0.5456
[17:52:37] warmStart (decay=exponential) 87% (883/1007) regret=0.099223 ape=0.5456
[17:52:37] warmStart (decay=exponential) 87% (884/1007) regret=0.099223 ape=0.5456
[17:52:37] warmStart (decay=exponential) 87% (885/1007) regret=0.099223 ape=0.5456
[17:52:37] warmStart (decay=exponential) 87% (886/1007) regret=0.099223 ape=0.5456
[17:52:38] warmStart (decay=exponential) 88% (887/1007) regret=0.099223 ape=0.5456
[17:52:38] warmStart (decay=exponential) 88% (888/1007) regret=0.099223 ape=0.5456
[17:52:38] warmStart (decay=exponential) 88% (889/1007) regret=0.099223 ape=0.5456
[17:52:38] warmStart (decay=exponential) 88% (890/1007) regret=0.099223 ape=0.5456
[17:52:39] warmStart (decay=exponential) 88% (891/1007) regret=0.099260 ape=0.5465
[17:52:39] warmStart (decay=exponential) 88% (892/1007) regret=0.099343 ape=0.5465
[17:52:39] warmStart (decay=exponential) 88% (893/1007) regret=0.099343 ape=0.5465
[17:52:39] warmStart (decay=exponential) 88% (894/1007) regret=0.099343 ape=0.5465
[17:52:40] warmStart (decay=exponential) 88% (895/1007) regret=0.099324 ape=0.5465
[17:52:40] warmStart (decay=exponential) 88% (896/1007) regret=0.099324 ape=0.5465
[17:52:40] warmStart (decay=exponential) 89% (897/1007) regret=0.099278 ape=0.5465
[17:52:40] warmStart (decay=exponential) 89% (898/1007) regret=0.099278 ape=0.5465
[17:52:41] warmStart (decay=exponential) 89% (899/1007) regret=0.099278 ape=0.5465
[17:52:41] warmStart (decay=exponential) 89% (900/1007) regret=0.099223 ape=0.5456
[17:52:41] warmStart (decay=exponential) 89% (901/1007) regret=0.099278 ape=0.5465
[17:52:41] warmStart (decay=exponential) 89% (902/1007) regret=0.099278 ape=0.5465
[17:52:42] warmStart (decay=exponential) 89% (903/1007) regret=0.099278 ape=0.5465
[17:52:42] warmStart (decay=exponential) 89% (904/1007) regret=0.099278 ape=0.5465
[17:52:42] warmStart (decay=exponential) 89% (905/1007) regret=0.099278 ape=0.5465
[17:52:42] warmStart (decay=exponential) 89% (906/1007) regret=0.099278 ape=0.5465
[17:52:43] warmStart (decay=exponential) 90% (907/1007) regret=0.099278 ape=0.5465
[17:52:43] warmStart (decay=exponential) 90% (908/1007) regret=0.099278 ape=0.5465
[17:52:43] warmStart (decay=exponential) 90% (909/1007) regret=0.099278 ape=0.5465
[17:52:43] warmStart (decay=exponential) 90% (910/1007) regret=0.099278 ape=0.5465
[17:52:43] warmStart (decay=exponential) 90% (911/1007) regret=0.099278 ape=0.5465
[17:52:44] warmStart (decay=exponential) 90% (912/1007) regret=0.099278 ape=0.5465
[17:52:44] warmStart (decay=exponential) 90% (913/1007) regret=0.099333 ape=0.5465
[17:52:44] warmStart (decay=exponential) 90% (914/1007) regret=0.099278 ape=0.5465
[17:52:44] warmStart (decay=exponential) 90% (915/1007) regret=0.099333 ape=0.5465
[17:52:45] warmStart (decay=exponential) 90% (916/1007) regret=0.099278 ape=0.5465
[17:52:45] warmStart (decay=exponential) 91% (917/1007) regret=0.099278 ape=0.5465
[17:52:45] warmStart (decay=exponential) 91% (918/1007) regret=0.099278 ape=0.5465
[17:52:45] warmStart (decay=exponential) 91% (919/1007) regret=0.099278 ape=0.5465
[17:52:46] warmStart (decay=exponential) 91% (920/1007) regret=0.099278 ape=0.5465
[17:52:46] warmStart (decay=exponential) 91% (921/1007) regret=0.099278 ape=0.5465
[17:52:46] warmStart (decay=exponential) 91% (922/1007) regret=0.099278 ape=0.5465
[17:52:46] warmStart (decay=exponential) 91% (923/1007) regret=0.099223 ape=0.5456
[17:52:47] warmStart (decay=exponential) 91% (924/1007) regret=0.099223 ape=0.5456
[17:52:47] warmStart (decay=exponential) 91% (925/1007) regret=0.099223 ape=0.5456
[17:52:47] warmStart (decay=exponential) 91% (926/1007) regret=0.099278 ape=0.5465
[17:52:47] warmStart (decay=exponential) 92% (927/1007) regret=0.099333 ape=0.5465
[17:52:48] warmStart (decay=exponential) 92% (928/1007) regret=0.099278 ape=0.5465
[17:52:48] warmStart (decay=exponential) 92% (929/1007) regret=0.099278 ape=0.5465
[17:52:48] warmStart (decay=exponential) 92% (930/1007) regret=0.099278 ape=0.5465
[17:52:48] warmStart (decay=exponential) 92% (931/1007) regret=0.099278 ape=0.5465
[17:52:48] warmStart (decay=exponential) 92% (932/1007) regret=0.099278 ape=0.5465
[17:52:49] warmStart (decay=exponential) 92% (933/1007) regret=0.099278 ape=0.5465
[17:52:49] warmStart (decay=exponential) 92% (934/1007) regret=0.099278 ape=0.5465
[17:52:49] warmStart (decay=exponential) 92% (935/1007) regret=0.099278 ape=0.5465
[17:52:49] warmStart (decay=exponential) 92% (936/1007) regret=0.099278 ape=0.5465
[17:52:49] warmStart (decay=exponential) 93% (937/1007) regret=0.099278 ape=0.5465
[17:52:50] warmStart (decay=exponential) 93% (938/1007) regret=0.099278 ape=0.5465
[17:52:50] warmStart (decay=exponential) 93% (939/1007) regret=0.099278 ape=0.5465
[17:52:50] warmStart (decay=exponential) 93% (940/1007) regret=0.099278 ape=0.5465
[17:52:50] warmStart (decay=exponential) 93% (941/1007) regret=0.099278 ape=0.5465
[17:52:50] warmStart (decay=exponential) 93% (942/1007) regret=0.099278 ape=0.5465
[17:52:50] warmStart (decay=exponential) 93% (943/1007) regret=0.099278 ape=0.5465
[17:52:50] warmStart (decay=exponential) 93% (944/1007) regret=0.099278 ape=0.5465
[17:52:51] warmStart (decay=exponential) 93% (945/1007) regret=0.099278 ape=0.5465
[17:52:51] warmStart (decay=exponential) 93% (946/1007) regret=0.099306 ape=0.5465
[17:52:51] warmStart (decay=exponential) 94% (947/1007) regret=0.099306 ape=0.5465
[17:52:51] warmStart (decay=exponential) 94% (948/1007) regret=0.099218 ape=0.5456
[17:52:51] warmStart (decay=exponential) 94% (949/1007) regret=0.099218 ape=0.5456
[17:52:52] warmStart (decay=exponential) 94% (950/1007) regret=0.099218 ape=0.5456
[17:52:52] warmStart (decay=exponential) 94% (951/1007) regret=0.099218 ape=0.5456
[17:52:52] warmStart (decay=exponential) 94% (952/1007) regret=0.099218 ape=0.5456
[17:52:52] warmStart (decay=exponential) 94% (953/1007) regret=0.099218 ape=0.5456
[17:52:52] warmStart (decay=exponential) 94% (954/1007) regret=0.099218 ape=0.5456
[17:52:53] warmStart (decay=exponential) 94% (955/1007) regret=0.099218 ape=0.5456
[17:52:53] warmStart (decay=exponential) 94% (956/1007) regret=0.099218 ape=0.5456
[17:52:53] warmStart (decay=exponential) 95% (957/1007) regret=0.099218 ape=0.5456
[17:52:53] warmStart (decay=exponential) 95% (958/1007) regret=0.099218 ape=0.5456
[17:52:53] warmStart (decay=exponential) 95% (959/1007) regret=0.099218 ape=0.5456
[17:52:53] warmStart (decay=exponential) 95% (960/1007) regret=0.099218 ape=0.5456
[17:52:54] warmStart (decay=exponential) 95% (961/1007) regret=0.099218 ape=0.5456
[17:52:54] warmStart (decay=exponential) 95% (962/1007) regret=0.099218 ape=0.5456
[17:52:54] warmStart (decay=exponential) 95% (963/1007) regret=0.099218 ape=0.5456
[17:52:54] warmStart (decay=exponential) 95% (964/1007) regret=0.099550 ape=0.5465
[17:52:54] warmStart (decay=exponential) 95% (965/1007) regret=0.099218 ape=0.5456
[17:52:55] warmStart (decay=exponential) 95% (966/1007) regret=0.099218 ape=0.5456
[17:52:55] warmStart (decay=exponential) 96% (967/1007) regret=0.099218 ape=0.5456
[17:52:55] warmStart (decay=exponential) 96% (968/1007) regret=0.099218 ape=0.5456
[17:52:55] warmStart (decay=exponential) 96% (969/1007) regret=0.099218 ape=0.5456
[17:52:55] warmStart (decay=exponential) 96% (970/1007) regret=0.099218 ape=0.5456
[17:52:56] warmStart (decay=exponential) 96% (971/1007) regret=0.099223 ape=0.5456
[17:52:56] warmStart (decay=exponential) 96% (972/1007) regret=0.099223 ape=0.5456
[17:52:56] warmStart (decay=exponential) 96% (973/1007) regret=0.099181 ape=0.5456
[17:52:56] warmStart (decay=exponential) 96% (974/1007) regret=0.099181 ape=0.5456
[17:52:56] warmStart (decay=exponential) 96% (975/1007) regret=0.099181 ape=0.5456
[17:52:56] warmStart (decay=exponential) 96% (976/1007) regret=0.099181 ape=0.5456
[17:52:57] warmStart (decay=exponential) 97% (977/1007) regret=0.099181 ape=0.5456
[17:52:57] warmStart (decay=exponential) 97% (978/1007) regret=0.099181 ape=0.5456
[17:52:57] warmStart (decay=exponential) 97% (979/1007) regret=0.099186 ape=0.5465
[17:52:57] warmStart (decay=exponential) 97% (980/1007) regret=0.099186 ape=0.5465
[17:52:57] warmStart (decay=exponential) 97% (981/1007) regret=0.099186 ape=0.5465
[17:52:58] warmStart (decay=exponential) 97% (982/1007) regret=0.099186 ape=0.5465
[17:52:58] warmStart (decay=exponential) 97% (983/1007) regret=0.099186 ape=0.5465
[17:52:58] warmStart (decay=exponential) 97% (984/1007) regret=0.099186 ape=0.5465
[17:52:58] warmStart (decay=exponential) 97% (985/1007) regret=0.099186 ape=0.5465
[17:52:58] warmStart (decay=exponential) 97% (986/1007) regret=0.099186 ape=0.5465
[17:52:58] warmStart (decay=exponential) 98% (987/1007) regret=0.099186 ape=0.5465
[17:52:59] warmStart (decay=exponential) 98% (988/1007) regret=0.099186 ape=0.5465
[17:52:59] warmStart (decay=exponential) 98% (989/1007) regret=0.099186 ape=0.5465
[17:52:59] warmStart (decay=exponential) 98% (990/1007) regret=0.099186 ape=0.5465
[17:52:59] warmStart (decay=exponential) 98% (991/1007) regret=0.099186 ape=0.5465
[17:52:59] warmStart (decay=exponential) 98% (992/1007) regret=0.099186 ape=0.5465
[17:53:00] warmStart (decay=exponential) 98% (993/1007) regret=0.099186 ape=0.5465
[17:53:00] warmStart (decay=exponential) 98% (994/1007) regret=0.099186 ape=0.5465
[17:53:00] warmStart (decay=exponential) 98% (995/1007) regret=0.099186 ape=0.5465
[17:53:00] warmStart (decay=exponential) 98% (996/1007) regret=0.099186 ape=0.5465
[17:53:00] warmStart (decay=exponential) 99% (997/1007) regret=0.099186 ape=0.5465
[17:53:01] warmStart (decay=exponential) 99% (998/1007) regret=0.099186 ape=0.5465
[17:53:01] warmStart (decay=exponential) 99% (999/1007) regret=0.099186 ape=0.5465
[17:53:01] warmStart (decay=exponential) 99% (1000/1007) regret=0.099186 ape=0.5465
[17:53:01] warmStart (decay=exponential) 99% (1001/1007) regret=0.099186 ape=0.5465
[17:53:01] warmStart (decay=exponential) 99% (1002/1007) regret=0.099187 ape=0.5465
[17:53:02] warmStart (decay=exponential) 99% (1003/1007) regret=0.099187 ape=0.5465
[17:53:02] warmStart (decay=exponential) 99% (1004/1007) regret=0.099187 ape=0.5465
[17:53:02] warmStart (decay=exponential) 99% (1005/1007) regret=0.099187 ape=0.5465
[17:53:02] warmStart (decay=exponential) 99% (1006/1007) regret=0.099187 ape=0.5465
Warm w=200 finished: 1006 points, 220.71s wall time
  Final: regret=0.099187, ape=0.5465

Saved: /home/users/g/s/gsavary/LudiiMCTSVariations/slurm_sweep_full_dataset/output_decay/warm_200_decay_exponential_0_025/seed_2/sweep_decay_warm_200_exponential_0.025_2_20260426_175302.json

Generating plots...
Saved: /home/users/g/s/gsavary/LudiiMCTSVariations/slurm_sweep_full_dataset/output_decay/warm_200_decay_exponential_0_025/seed_2/sweep_decay_warm_200_exponential_0.025_2_20260426_175302_regret.png
Saved: /home/users/g/s/gsavary/LudiiMCTSVariations/slurm_sweep_full_dataset/output_decay/warm_200_decay_exponential_0_025/seed_2/sweep_decay_warm_200_exponential_0.025_2_20260426_175302_ape.png

================================================================================
Experiment complete!
================================================================================
Done. Results in: /home/users/g/s/gsavary/LudiiMCTSVariations/slurm_sweep_full_dataset/output_decay/warm_200_decay_exponential_0_025/seed_2
