============================================================
Decay sweep experiment
Method:      warm:50
Decay mode:  exponential
Decay param: 0.20
Seed:        4
Output:      /home/users/g/s/gsavary/LudiiMCTSVariations/slurm_sweep_full_dataset/output_decay/warm_50_decay_exponential_0_20/seed_4
============================================================

================================================================================
SLURM Sweep Experiment with Synthetic Data Decay
================================================================================
Method: warm:50
Decay: exponential (param=0.2)
Time limit: 3600.0s, Seed: 4, Batch size: 20
Output directory: /home/users/g/s/gsavary/LudiiMCTSVariations/slurm_sweep_full_dataset/output_decay/warm_50_decay_exponential_0_20/seed_4

Loading Ludii dataset...
Loaded 1085 games
Using 1085 games (full dataset)

Running timing probe (100 pulls)...
  Estimated secs/pull: 0.022473

Time budget: 3600.0s → ~160191 total pulls
Per-method budget: 22884 pulls (~514.3s)

Computing predictor-only performance...
  Predictions loaded: 23675 agent predictions
  Predictor-only: regret=0.104318, ape=0.4894

Running WARM-START (w=50, decay=exponential param=0.2)...
[17:46:54] warmStart (decay=exponential) 0% (1/1145) regret=0.113570 ape=0.6018
[17:46:54] warmStart (decay=exponential) 0% (2/1145) regret=0.113570 ape=0.6018
[17:46:54] warmStart (decay=exponential) 0% (3/1145) regret=0.113570 ape=0.6018
[17:46:54] warmStart (decay=exponential) 0% (4/1145) regret=0.113570 ape=0.6018
[17:46:55] warmStart (decay=exponential) 0% (5/1145) regret=0.113570 ape=0.6018
[17:46:55] warmStart (decay=exponential) 0% (6/1145) regret=0.113570 ape=0.6018
[17:46:55] warmStart (decay=exponential) 0% (7/1145) regret=0.113570 ape=0.6018
[17:46:55] warmStart (decay=exponential) 0% (8/1145) regret=0.113570 ape=0.6018
[17:46:55] warmStart (decay=exponential) 0% (9/1145) regret=0.113570 ape=0.6018
[17:46:55] warmStart (decay=exponential) 0% (10/1145) regret=0.113570 ape=0.6018
[17:46:56] warmStart (decay=exponential) 0% (11/1145) regret=0.113570 ape=0.6018
[17:46:56] warmStart (decay=exponential) 1% (12/1145) regret=0.113570 ape=0.6018
[17:46:56] warmStart (decay=exponential) 1% (13/1145) regret=0.113570 ape=0.6018
[17:46:56] warmStart (decay=exponential) 1% (14/1145) regret=0.113570 ape=0.6018
[17:46:56] warmStart (decay=exponential) 1% (15/1145) regret=0.113570 ape=0.6018
[17:46:56] warmStart (decay=exponential) 1% (16/1145) regret=0.113570 ape=0.6018
[17:46:57] warmStart (decay=exponential) 1% (17/1145) regret=0.113570 ape=0.6018
[17:46:57] warmStart (decay=exponential) 1% (18/1145) regret=0.113570 ape=0.6018
[17:46:57] warmStart (decay=exponential) 1% (19/1145) regret=0.113570 ape=0.6018
[17:46:57] warmStart (decay=exponential) 1% (20/1145) regret=0.113570 ape=0.6018
[17:46:57] warmStart (decay=exponential) 1% (21/1145) regret=0.113570 ape=0.6018
[17:46:57] warmStart (decay=exponential) 1% (22/1145) regret=0.113570 ape=0.6018
[17:46:58] warmStart (decay=exponential) 2% (23/1145) regret=0.113570 ape=0.6018
[17:46:58] warmStart (decay=exponential) 2% (24/1145) regret=0.113570 ape=0.6018
[17:46:58] warmStart (decay=exponential) 2% (25/1145) regret=0.113570 ape=0.6018
[17:46:58] warmStart (decay=exponential) 2% (26/1145) regret=0.113570 ape=0.6018
[17:46:58] warmStart (decay=exponential) 2% (27/1145) regret=0.113570 ape=0.6018
[17:46:58] warmStart (decay=exponential) 2% (28/1145) regret=0.113570 ape=0.6018
[17:46:58] warmStart (decay=exponential) 2% (29/1145) regret=0.113570 ape=0.6018
[17:46:59] warmStart (decay=exponential) 2% (30/1145) regret=0.113570 ape=0.6018
[17:46:59] warmStart (decay=exponential) 2% (31/1145) regret=0.113570 ape=0.6018
[17:46:59] warmStart (decay=exponential) 2% (32/1145) regret=0.113570 ape=0.6018
[17:46:59] warmStart (decay=exponential) 2% (33/1145) regret=0.113570 ape=0.6018
[17:46:59] warmStart (decay=exponential) 2% (34/1145) regret=0.113570 ape=0.6018
[17:46:59] warmStart (decay=exponential) 3% (35/1145) regret=0.113570 ape=0.6018
[17:47:00] warmStart (decay=exponential) 3% (36/1145) regret=0.113570 ape=0.6018
[17:47:00] warmStart (decay=exponential) 3% (37/1145) regret=0.113570 ape=0.6018
[17:47:00] warmStart (decay=exponential) 3% (38/1145) regret=0.113570 ape=0.6018
[17:47:00] warmStart (decay=exponential) 3% (39/1145) regret=0.113570 ape=0.6018
[17:47:00] warmStart (decay=exponential) 3% (40/1145) regret=0.113570 ape=0.6018
[17:47:00] warmStart (decay=exponential) 3% (41/1145) regret=0.113570 ape=0.6018
[17:47:01] warmStart (decay=exponential) 3% (42/1145) regret=0.113570 ape=0.6018
[17:47:01] warmStart (decay=exponential) 3% (43/1145) regret=0.113570 ape=0.6018
[17:47:01] warmStart (decay=exponential) 3% (44/1145) regret=0.113570 ape=0.6018
[17:47:01] warmStart (decay=exponential) 3% (45/1145) regret=0.113570 ape=0.6018
[17:47:01] warmStart (decay=exponential) 4% (46/1145) regret=0.113570 ape=0.6018
[17:47:02] warmStart (decay=exponential) 4% (47/1145) regret=0.113570 ape=0.6018
[17:47:02] warmStart (decay=exponential) 4% (48/1145) regret=0.113570 ape=0.6018
[17:47:02] warmStart (decay=exponential) 4% (49/1145) regret=0.113570 ape=0.6018
[17:47:02] warmStart (decay=exponential) 4% (50/1145) regret=0.113570 ape=0.6018
[17:47:02] warmStart (decay=exponential) 4% (51/1145) regret=0.113570 ape=0.6018
[17:47:02] warmStart (decay=exponential) 4% (52/1145) regret=0.113570 ape=0.6018
[17:47:03] warmStart (decay=exponential) 4% (53/1145) regret=0.113570 ape=0.6018
[17:47:03] warmStart (decay=exponential) 4% (54/1145) regret=0.113570 ape=0.6018
[17:47:03] warmStart (decay=exponential) 4% (55/1145) regret=0.113570 ape=0.6018
[17:47:03] warmStart (decay=exponential) 4% (56/1145) regret=0.113570 ape=0.6018
[17:47:03] warmStart (decay=exponential) 4% (57/1145) regret=0.113570 ape=0.6018
[17:47:03] warmStart (decay=exponential) 5% (58/1145) regret=0.113570 ape=0.6018
[17:47:04] warmStart (decay=exponential) 5% (59/1145) regret=0.113570 ape=0.6018
[17:47:04] warmStart (decay=exponential) 5% (60/1145) regret=0.113570 ape=0.6018
[17:47:04] warmStart (decay=exponential) 5% (61/1145) regret=0.113570 ape=0.6018
[17:47:04] warmStart (decay=exponential) 5% (62/1145) regret=0.113570 ape=0.6018
[17:47:04] warmStart (decay=exponential) 5% (63/1145) regret=0.113570 ape=0.6018
[17:47:04] warmStart (decay=exponential) 5% (64/1145) regret=0.113570 ape=0.6018
[17:47:05] warmStart (decay=exponential) 5% (65/1145) regret=0.113570 ape=0.6018
[17:47:05] warmStart (decay=exponential) 5% (66/1145) regret=0.113570 ape=0.6018
[17:47:05] warmStart (decay=exponential) 5% (67/1145) regret=0.113570 ape=0.6018
[17:47:05] warmStart (decay=exponential) 5% (68/1145) regret=0.113570 ape=0.6018
[17:47:05] warmStart (decay=exponential) 6% (69/1145) regret=0.113681 ape=0.6028
[17:47:05] warmStart (decay=exponential) 6% (70/1145) regret=0.113672 ape=0.6028
[17:47:06] warmStart (decay=exponential) 6% (71/1145) regret=0.113570 ape=0.6018
[17:47:06] warmStart (decay=exponential) 6% (72/1145) regret=0.113570 ape=0.6018
[17:47:06] warmStart (decay=exponential) 6% (73/1145) regret=0.113570 ape=0.6018
[17:47:06] warmStart (decay=exponential) 6% (74/1145) regret=0.113589 ape=0.6028
[17:47:06] warmStart (decay=exponential) 6% (75/1145) regret=0.113589 ape=0.6028
[17:47:06] warmStart (decay=exponential) 6% (76/1145) regret=0.113589 ape=0.6028
[17:47:07] warmStart (decay=exponential) 6% (77/1145) regret=0.113589 ape=0.6028
[17:47:07] warmStart (decay=exponential) 6% (78/1145) regret=0.113589 ape=0.6028
[17:47:07] warmStart (decay=exponential) 6% (79/1145) regret=0.113183 ape=0.6018
[17:47:07] warmStart (decay=exponential) 6% (80/1145) regret=0.113569 ape=0.6018
[17:47:07] warmStart (decay=exponential) 7% (81/1145) regret=0.113082 ape=0.6009
[17:47:08] warmStart (decay=exponential) 7% (82/1145) regret=0.113082 ape=0.6009
[17:47:08] warmStart (decay=exponential) 7% (83/1145) regret=0.113082 ape=0.6009
[17:47:08] warmStart (decay=exponential) 7% (84/1145) regret=0.113082 ape=0.6009
[17:47:08] warmStart (decay=exponential) 7% (85/1145) regret=0.113082 ape=0.6009
[17:47:08] warmStart (decay=exponential) 7% (86/1145) regret=0.113082 ape=0.6009
[17:47:09] warmStart (decay=exponential) 7% (87/1145) regret=0.113082 ape=0.6009
[17:47:09] warmStart (decay=exponential) 7% (88/1145) regret=0.113082 ape=0.6009
[17:47:09] warmStart (decay=exponential) 7% (89/1145) regret=0.113082 ape=0.6009
[17:47:09] warmStart (decay=exponential) 7% (90/1145) regret=0.113082 ape=0.6009
[17:47:09] warmStart (decay=exponential) 7% (91/1145) regret=0.113082 ape=0.6009
[17:47:10] warmStart (decay=exponential) 8% (92/1145) regret=0.113082 ape=0.6009
[17:47:10] warmStart (decay=exponential) 8% (93/1145) regret=0.113082 ape=0.6009
[17:47:10] warmStart (decay=exponential) 8% (94/1145) regret=0.113082 ape=0.6009
[17:47:10] warmStart (decay=exponential) 8% (95/1145) regret=0.113082 ape=0.6009
[17:47:10] warmStart (decay=exponential) 8% (96/1145) regret=0.113082 ape=0.6009
[17:47:10] warmStart (decay=exponential) 8% (97/1145) regret=0.113082 ape=0.6009
[17:47:11] warmStart (decay=exponential) 8% (98/1145) regret=0.113082 ape=0.6009
[17:47:11] warmStart (decay=exponential) 8% (99/1145) regret=0.113082 ape=0.6009
[17:47:11] warmStart (decay=exponential) 8% (100/1145) regret=0.113082 ape=0.6009
[17:47:11] warmStart (decay=exponential) 8% (101/1145) regret=0.113082 ape=0.6009
[17:47:11] warmStart (decay=exponential) 8% (102/1145) regret=0.113082 ape=0.6009
[17:47:12] warmStart (decay=exponential) 8% (103/1145) regret=0.113082 ape=0.6009
[17:47:12] warmStart (decay=exponential) 9% (104/1145) regret=0.113082 ape=0.6009
[17:47:12] warmStart (decay=exponential) 9% (105/1145) regret=0.113082 ape=0.6009
[17:47:12] warmStart (decay=exponential) 9% (106/1145) regret=0.113082 ape=0.6009
[17:47:12] warmStart (decay=exponential) 9% (107/1145) regret=0.113082 ape=0.6009
[17:47:12] warmStart (decay=exponential) 9% (108/1145) regret=0.113082 ape=0.6009
[17:47:13] warmStart (decay=exponential) 9% (109/1145) regret=0.113082 ape=0.6009
[17:47:13] warmStart (decay=exponential) 9% (110/1145) regret=0.113082 ape=0.6009
[17:47:13] warmStart (decay=exponential) 9% (111/1145) regret=0.113082 ape=0.6009
[17:47:13] warmStart (decay=exponential) 9% (112/1145) regret=0.113082 ape=0.6009
[17:47:13] warmStart (decay=exponential) 9% (113/1145) regret=0.113082 ape=0.6009
[17:47:14] warmStart (decay=exponential) 9% (114/1145) regret=0.113082 ape=0.6009
[17:47:14] warmStart (decay=exponential) 10% (115/1145) regret=0.113082 ape=0.6009
[17:47:14] warmStart (decay=exponential) 10% (116/1145) regret=0.113082 ape=0.6009
[17:47:14] warmStart (decay=exponential) 10% (117/1145) regret=0.113082 ape=0.6009
[17:47:14] warmStart (decay=exponential) 10% (118/1145) regret=0.113082 ape=0.6009
[17:47:14] warmStart (decay=exponential) 10% (119/1145) regret=0.113082 ape=0.6009
[17:47:15] warmStart (decay=exponential) 10% (120/1145) regret=0.113082 ape=0.6009
[17:47:15] warmStart (decay=exponential) 10% (121/1145) regret=0.113082 ape=0.6009
[17:47:15] warmStart (decay=exponential) 10% (122/1145) regret=0.113020 ape=0.6000
[17:47:15] warmStart (decay=exponential) 10% (123/1145) regret=0.113020 ape=0.6000
[17:47:15] warmStart (decay=exponential) 10% (124/1145) regret=0.113011 ape=0.5991
[17:47:16] warmStart (decay=exponential) 10% (125/1145) regret=0.113011 ape=0.5991
[17:47:16] warmStart (decay=exponential) 11% (126/1145) regret=0.113011 ape=0.5991
[17:47:16] warmStart (decay=exponential) 11% (127/1145) regret=0.113011 ape=0.5991
[17:47:16] warmStart (decay=exponential) 11% (128/1145) regret=0.113011 ape=0.5991
[17:47:16] warmStart (decay=exponential) 11% (129/1145) regret=0.113011 ape=0.5991
[17:47:16] warmStart (decay=exponential) 11% (130/1145) regret=0.113011 ape=0.5991
[17:47:17] warmStart (decay=exponential) 11% (131/1145) regret=0.113011 ape=0.5991
[17:47:17] warmStart (decay=exponential) 11% (132/1145) regret=0.113011 ape=0.5991
[17:47:17] warmStart (decay=exponential) 11% (133/1145) regret=0.113011 ape=0.5991
[17:47:17] warmStart (decay=exponential) 11% (134/1145) regret=0.113011 ape=0.5991
[17:47:17] warmStart (decay=exponential) 11% (135/1145) regret=0.113011 ape=0.5991
[17:47:18] warmStart (decay=exponential) 11% (136/1145) regret=0.113011 ape=0.5991
[17:47:18] warmStart (decay=exponential) 11% (137/1145) regret=0.113011 ape=0.5991
[17:47:18] warmStart (decay=exponential) 12% (138/1145) regret=0.113011 ape=0.5991
[17:47:18] warmStart (decay=exponential) 12% (139/1145) regret=0.113011 ape=0.5991
[17:47:18] warmStart (decay=exponential) 12% (140/1145) regret=0.113011 ape=0.5991
[17:47:18] warmStart (decay=exponential) 12% (141/1145) regret=0.113011 ape=0.5991
[17:47:19] warmStart (decay=exponential) 12% (142/1145) regret=0.113011 ape=0.5991
[17:47:19] warmStart (decay=exponential) 12% (143/1145) regret=0.113011 ape=0.5991
[17:47:19] warmStart (decay=exponential) 12% (144/1145) regret=0.113011 ape=0.5991
[17:47:19] warmStart (decay=exponential) 12% (145/1145) regret=0.113011 ape=0.5991
[17:47:19] warmStart (decay=exponential) 12% (146/1145) regret=0.113011 ape=0.5991
[17:47:19] warmStart (decay=exponential) 12% (147/1145) regret=0.113011 ape=0.5991
[17:47:20] warmStart (decay=exponential) 12% (148/1145) regret=0.113011 ape=0.5991
[17:47:20] warmStart (decay=exponential) 13% (149/1145) regret=0.113011 ape=0.5991
[17:47:20] warmStart (decay=exponential) 13% (150/1145) regret=0.113011 ape=0.5991
[17:47:20] warmStart (decay=exponential) 13% (151/1145) regret=0.113011 ape=0.5991
[17:47:20] warmStart (decay=exponential) 13% (152/1145) regret=0.113011 ape=0.5991
[17:47:21] warmStart (decay=exponential) 13% (153/1145) regret=0.113011 ape=0.5991
[17:47:21] warmStart (decay=exponential) 13% (154/1145) regret=0.112957 ape=0.5991
[17:47:21] warmStart (decay=exponential) 13% (155/1145) regret=0.112957 ape=0.5991
[17:47:21] warmStart (decay=exponential) 13% (156/1145) regret=0.112957 ape=0.5991
[17:47:21] warmStart (decay=exponential) 13% (157/1145) regret=0.112957 ape=0.5991
[17:47:21] warmStart (decay=exponential) 13% (158/1145) regret=0.112957 ape=0.5991
[17:47:22] warmStart (decay=exponential) 13% (159/1145) regret=0.112946 ape=0.5982
[17:47:22] warmStart (decay=exponential) 13% (160/1145) regret=0.112946 ape=0.5982
[17:47:22] warmStart (decay=exponential) 14% (161/1145) regret=0.112946 ape=0.5982
[17:47:22] warmStart (decay=exponential) 14% (162/1145) regret=0.112946 ape=0.5982
[17:47:22] warmStart (decay=exponential) 14% (163/1145) regret=0.113821 ape=0.5991
[17:47:22] warmStart (decay=exponential) 14% (164/1145) regret=0.112973 ape=0.5991
[17:47:23] warmStart (decay=exponential) 14% (165/1145) regret=0.112973 ape=0.5991
[17:47:23] warmStart (decay=exponential) 14% (166/1145) regret=0.112973 ape=0.5991
[17:47:23] warmStart (decay=exponential) 14% (167/1145) regret=0.112973 ape=0.5991
[17:47:23] warmStart (decay=exponential) 14% (168/1145) regret=0.112789 ape=0.5982
[17:47:23] warmStart (decay=exponential) 14% (169/1145) regret=0.112789 ape=0.5982
[17:47:24] warmStart (decay=exponential) 14% (170/1145) regret=0.112642 ape=0.5972
[17:47:24] warmStart (decay=exponential) 14% (171/1145) regret=0.112660 ape=0.5972
[17:47:24] warmStart (decay=exponential) 15% (172/1145) regret=0.112642 ape=0.5972
[17:47:24] warmStart (decay=exponential) 15% (173/1145) regret=0.112213 ape=0.5972
[17:47:24] warmStart (decay=exponential) 15% (174/1145) regret=0.112407 ape=0.5972
[17:47:25] warmStart (decay=exponential) 15% (175/1145) regret=0.112416 ape=0.5972
[17:47:25] warmStart (decay=exponential) 15% (176/1145) regret=0.112416 ape=0.5972
[17:47:25] warmStart (decay=exponential) 15% (177/1145) regret=0.112135 ape=0.5963
[17:47:25] warmStart (decay=exponential) 15% (178/1145) regret=0.112135 ape=0.5963
[17:47:25] warmStart (decay=exponential) 15% (179/1145) regret=0.112135 ape=0.5963
[17:47:26] warmStart (decay=exponential) 15% (180/1145) regret=0.112135 ape=0.5963
[17:47:26] warmStart (decay=exponential) 15% (181/1145) regret=0.112135 ape=0.5963
[17:47:26] warmStart (decay=exponential) 15% (182/1145) regret=0.112135 ape=0.5963
[17:47:26] warmStart (decay=exponential) 15% (183/1145) regret=0.112135 ape=0.5963
[17:47:26] warmStart (decay=exponential) 16% (184/1145) regret=0.112135 ape=0.5963
[17:47:27] warmStart (decay=exponential) 16% (185/1145) regret=0.112135 ape=0.5963
[17:47:27] warmStart (decay=exponential) 16% (186/1145) regret=0.112127 ape=0.5954
[17:47:27] warmStart (decay=exponential) 16% (187/1145) regret=0.112134 ape=0.5963
[17:47:27] warmStart (decay=exponential) 16% (188/1145) regret=0.112134 ape=0.5963
[17:47:27] warmStart (decay=exponential) 16% (189/1145) regret=0.112134 ape=0.5963
[17:47:27] warmStart (decay=exponential) 16% (190/1145) regret=0.112134 ape=0.5963
[17:47:28] warmStart (decay=exponential) 16% (191/1145) regret=0.112134 ape=0.5963
[17:47:28] warmStart (decay=exponential) 16% (192/1145) regret=0.112136 ape=0.5963
[17:47:28] warmStart (decay=exponential) 16% (193/1145) regret=0.112136 ape=0.5963
[17:47:28] warmStart (decay=exponential) 16% (194/1145) regret=0.112136 ape=0.5963
[17:47:28] warmStart (decay=exponential) 17% (195/1145) regret=0.112136 ape=0.5963
[17:47:29] warmStart (decay=exponential) 17% (196/1145) regret=0.112136 ape=0.5963
[17:47:29] warmStart (decay=exponential) 17% (197/1145) regret=0.112136 ape=0.5963
[17:47:29] warmStart (decay=exponential) 17% (198/1145) regret=0.112136 ape=0.5963
[17:47:29] warmStart (decay=exponential) 17% (199/1145) regret=0.112136 ape=0.5963
[17:47:29] warmStart (decay=exponential) 17% (200/1145) regret=0.112136 ape=0.5963
[17:47:29] warmStart (decay=exponential) 17% (201/1145) regret=0.112136 ape=0.5963
[17:47:30] warmStart (decay=exponential) 17% (202/1145) regret=0.112136 ape=0.5963
[17:47:30] warmStart (decay=exponential) 17% (203/1145) regret=0.112136 ape=0.5963
[17:47:30] warmStart (decay=exponential) 17% (204/1145) regret=0.112136 ape=0.5963
[17:47:30] warmStart (decay=exponential) 17% (205/1145) regret=0.112136 ape=0.5963
[17:47:30] warmStart (decay=exponential) 17% (206/1145) regret=0.112136 ape=0.5963
[17:47:30] warmStart (decay=exponential) 18% (207/1145) regret=0.112136 ape=0.5963
[17:47:31] warmStart (decay=exponential) 18% (208/1145) regret=0.112136 ape=0.5963
[17:47:31] warmStart (decay=exponential) 18% (209/1145) regret=0.112136 ape=0.5963
[17:47:31] warmStart (decay=exponential) 18% (210/1145) regret=0.112136 ape=0.5963
[17:47:31] warmStart (decay=exponential) 18% (211/1145) regret=0.112130 ape=0.5963
[17:47:31] warmStart (decay=exponential) 18% (212/1145) regret=0.112130 ape=0.5963
[17:47:32] warmStart (decay=exponential) 18% (213/1145) regret=0.112130 ape=0.5963
[17:47:32] warmStart (decay=exponential) 18% (214/1145) regret=0.112130 ape=0.5963
[17:47:32] warmStart (decay=exponential) 18% (215/1145) regret=0.112130 ape=0.5963
[17:47:32] warmStart (decay=exponential) 18% (216/1145) regret=0.112130 ape=0.5963
[17:47:32] warmStart (decay=exponential) 18% (217/1145) regret=0.112130 ape=0.5963
[17:47:33] warmStart (decay=exponential) 19% (218/1145) regret=0.112130 ape=0.5963
[17:47:33] warmStart (decay=exponential) 19% (219/1145) regret=0.112130 ape=0.5963
[17:47:33] warmStart (decay=exponential) 19% (220/1145) regret=0.112130 ape=0.5963
[17:47:33] warmStart (decay=exponential) 19% (221/1145) regret=0.112130 ape=0.5963
[17:47:34] warmStart (decay=exponential) 19% (222/1145) regret=0.112130 ape=0.5963
[17:47:34] warmStart (decay=exponential) 19% (223/1145) regret=0.112130 ape=0.5963
[17:47:34] warmStart (decay=exponential) 19% (224/1145) regret=0.112130 ape=0.5963
[17:47:34] warmStart (decay=exponential) 19% (225/1145) regret=0.112130 ape=0.5963
[17:47:34] warmStart (decay=exponential) 19% (226/1145) regret=0.112130 ape=0.5963
[17:47:35] warmStart (decay=exponential) 19% (227/1145) regret=0.112130 ape=0.5963
[17:47:35] warmStart (decay=exponential) 19% (228/1145) regret=0.112130 ape=0.5963
[17:47:35] warmStart (decay=exponential) 20% (229/1145) regret=0.112130 ape=0.5963
[17:47:35] warmStart (decay=exponential) 20% (230/1145) regret=0.112130 ape=0.5963
[17:47:35] warmStart (decay=exponential) 20% (231/1145) regret=0.112130 ape=0.5963
[17:47:36] warmStart (decay=exponential) 20% (232/1145) regret=0.112130 ape=0.5963
[17:47:36] warmStart (decay=exponential) 20% (233/1145) regret=0.112130 ape=0.5963
[17:47:36] warmStart (decay=exponential) 20% (234/1145) regret=0.112130 ape=0.5963
[17:47:36] warmStart (decay=exponential) 20% (235/1145) regret=0.112130 ape=0.5963
[17:47:36] warmStart (decay=exponential) 20% (236/1145) regret=0.112130 ape=0.5963
[17:47:37] warmStart (decay=exponential) 20% (237/1145) regret=0.112130 ape=0.5963
[17:47:37] warmStart (decay=exponential) 20% (238/1145) regret=0.112130 ape=0.5963
[17:47:37] warmStart (decay=exponential) 20% (239/1145) regret=0.112130 ape=0.5963
[17:47:37] warmStart (decay=exponential) 20% (240/1145) regret=0.112130 ape=0.5963
[17:47:38] warmStart (decay=exponential) 21% (241/1145) regret=0.112130 ape=0.5963
[17:47:38] warmStart (decay=exponential) 21% (242/1145) regret=0.112130 ape=0.5963
[17:47:38] warmStart (decay=exponential) 21% (243/1145) regret=0.112130 ape=0.5963
[17:47:38] warmStart (decay=exponential) 21% (244/1145) regret=0.112130 ape=0.5963
[17:47:38] warmStart (decay=exponential) 21% (245/1145) regret=0.112130 ape=0.5963
[17:47:39] warmStart (decay=exponential) 21% (246/1145) regret=0.112130 ape=0.5963
[17:47:39] warmStart (decay=exponential) 21% (247/1145) regret=0.112130 ape=0.5963
[17:47:39] warmStart (decay=exponential) 21% (248/1145) regret=0.112130 ape=0.5963
[17:47:39] warmStart (decay=exponential) 21% (249/1145) regret=0.112130 ape=0.5963
[17:47:39] warmStart (decay=exponential) 21% (250/1145) regret=0.112130 ape=0.5963
[17:47:40] warmStart (decay=exponential) 21% (251/1145) regret=0.112130 ape=0.5963
[17:47:40] warmStart (decay=exponential) 22% (252/1145) regret=0.112130 ape=0.5963
[17:47:40] warmStart (decay=exponential) 22% (253/1145) regret=0.112130 ape=0.5963
[17:47:40] warmStart (decay=exponential) 22% (254/1145) regret=0.112130 ape=0.5963
[17:47:40] warmStart (decay=exponential) 22% (255/1145) regret=0.112130 ape=0.5963
[17:47:41] warmStart (decay=exponential) 22% (256/1145) regret=0.112130 ape=0.5963
[17:47:41] warmStart (decay=exponential) 22% (257/1145) regret=0.112130 ape=0.5963
[17:47:41] warmStart (decay=exponential) 22% (258/1145) regret=0.112130 ape=0.5963
[17:47:41] warmStart (decay=exponential) 22% (259/1145) regret=0.112130 ape=0.5963
[17:47:42] warmStart (decay=exponential) 22% (260/1145) regret=0.112130 ape=0.5963
[17:47:42] warmStart (decay=exponential) 22% (261/1145) regret=0.112130 ape=0.5963
[17:47:42] warmStart (decay=exponential) 22% (262/1145) regret=0.112130 ape=0.5963
[17:47:42] warmStart (decay=exponential) 22% (263/1145) regret=0.112130 ape=0.5963
[17:47:42] warmStart (decay=exponential) 23% (264/1145) regret=0.112130 ape=0.5963
[17:47:43] warmStart (decay=exponential) 23% (265/1145) regret=0.112130 ape=0.5963
[17:47:43] warmStart (decay=exponential) 23% (266/1145) regret=0.112130 ape=0.5963
[17:47:43] warmStart (decay=exponential) 23% (267/1145) regret=0.112130 ape=0.5963
[17:47:43] warmStart (decay=exponential) 23% (268/1145) regret=0.112130 ape=0.5963
[17:47:43] warmStart (decay=exponential) 23% (269/1145) regret=0.112130 ape=0.5963
[17:47:44] warmStart (decay=exponential) 23% (270/1145) regret=0.112130 ape=0.5963
[17:47:44] warmStart (decay=exponential) 23% (271/1145) regret=0.112130 ape=0.5963
[17:47:44] warmStart (decay=exponential) 23% (272/1145) regret=0.112130 ape=0.5963
[17:47:44] warmStart (decay=exponential) 23% (273/1145) regret=0.112130 ape=0.5963
[17:47:45] warmStart (decay=exponential) 23% (274/1145) regret=0.112130 ape=0.5963
[17:47:45] warmStart (decay=exponential) 24% (275/1145) regret=0.112130 ape=0.5963
[17:47:45] warmStart (decay=exponential) 24% (276/1145) regret=0.112130 ape=0.5963
[17:47:45] warmStart (decay=exponential) 24% (277/1145) regret=0.112130 ape=0.5963
[17:47:45] warmStart (decay=exponential) 24% (278/1145) regret=0.112130 ape=0.5963
[17:47:46] warmStart (decay=exponential) 24% (279/1145) regret=0.112130 ape=0.5963
[17:47:46] warmStart (decay=exponential) 24% (280/1145) regret=0.112130 ape=0.5963
[17:47:46] warmStart (decay=exponential) 24% (281/1145) regret=0.112130 ape=0.5963
[17:47:46] warmStart (decay=exponential) 24% (282/1145) regret=0.112130 ape=0.5963
[17:47:46] warmStart (decay=exponential) 24% (283/1145) regret=0.112130 ape=0.5963
[17:47:47] warmStart (decay=exponential) 24% (284/1145) regret=0.112138 ape=0.5972
[17:47:47] warmStart (decay=exponential) 24% (285/1145) regret=0.112136 ape=0.5972
[17:47:47] warmStart (decay=exponential) 24% (286/1145) regret=0.112138 ape=0.5972
[17:47:47] warmStart (decay=exponential) 25% (287/1145) regret=0.112136 ape=0.5972
[17:47:47] warmStart (decay=exponential) 25% (288/1145) regret=0.112136 ape=0.5972
[17:47:47] warmStart (decay=exponential) 25% (289/1145) regret=0.112136 ape=0.5972
[17:47:48] warmStart (decay=exponential) 25% (290/1145) regret=0.112136 ape=0.5972
[17:47:48] warmStart (decay=exponential) 25% (291/1145) regret=0.112136 ape=0.5972
[17:47:48] warmStart (decay=exponential) 25% (292/1145) regret=0.112136 ape=0.5972
[17:47:48] warmStart (decay=exponential) 25% (293/1145) regret=0.112136 ape=0.5972
[17:47:48] warmStart (decay=exponential) 25% (294/1145) regret=0.112136 ape=0.5972
[17:47:48] warmStart (decay=exponential) 25% (295/1145) regret=0.112136 ape=0.5972
[17:47:49] warmStart (decay=exponential) 25% (296/1145) regret=0.112136 ape=0.5972
[17:47:49] warmStart (decay=exponential) 25% (297/1145) regret=0.112136 ape=0.5972
[17:47:49] warmStart (decay=exponential) 26% (298/1145) regret=0.112136 ape=0.5972
[17:47:49] warmStart (decay=exponential) 26% (299/1145) regret=0.112136 ape=0.5972
[17:47:49] warmStart (decay=exponential) 26% (300/1145) regret=0.112136 ape=0.5972
[17:47:49] warmStart (decay=exponential) 26% (301/1145) regret=0.112136 ape=0.5972
[17:47:50] warmStart (decay=exponential) 26% (302/1145) regret=0.112136 ape=0.5972
[17:47:50] warmStart (decay=exponential) 26% (303/1145) regret=0.112136 ape=0.5972
[17:47:50] warmStart (decay=exponential) 26% (304/1145) regret=0.112136 ape=0.5972
[17:47:50] warmStart (decay=exponential) 26% (305/1145) regret=0.112136 ape=0.5972
[17:47:50] warmStart (decay=exponential) 26% (306/1145) regret=0.112136 ape=0.5972
[17:47:51] warmStart (decay=exponential) 26% (307/1145) regret=0.112136 ape=0.5972
[17:47:51] warmStart (decay=exponential) 26% (308/1145) regret=0.112136 ape=0.5972
[17:47:51] warmStart (decay=exponential) 26% (309/1145) regret=0.112136 ape=0.5972
[17:47:51] warmStart (decay=exponential) 27% (310/1145) regret=0.112136 ape=0.5972
[17:47:51] warmStart (decay=exponential) 27% (311/1145) regret=0.112136 ape=0.5972
[17:47:52] warmStart (decay=exponential) 27% (312/1145) regret=0.112136 ape=0.5972
[17:47:52] warmStart (decay=exponential) 27% (313/1145) regret=0.112136 ape=0.5972
[17:47:52] warmStart (decay=exponential) 27% (314/1145) regret=0.112136 ape=0.5972
[17:47:52] warmStart (decay=exponential) 27% (315/1145) regret=0.112136 ape=0.5972
[17:47:52] warmStart (decay=exponential) 27% (316/1145) regret=0.112136 ape=0.5972
[17:47:52] warmStart (decay=exponential) 27% (317/1145) regret=0.112136 ape=0.5972
[17:47:53] warmStart (decay=exponential) 27% (318/1145) regret=0.112136 ape=0.5972
[17:47:53] warmStart (decay=exponential) 27% (319/1145) regret=0.112136 ape=0.5972
[17:47:53] warmStart (decay=exponential) 27% (320/1145) regret=0.112136 ape=0.5972
[17:47:53] warmStart (decay=exponential) 28% (321/1145) regret=0.112136 ape=0.5972
[17:47:53] warmStart (decay=exponential) 28% (322/1145) regret=0.112136 ape=0.5972
[17:47:54] warmStart (decay=exponential) 28% (323/1145) regret=0.112136 ape=0.5972
[17:47:54] warmStart (decay=exponential) 28% (324/1145) regret=0.112136 ape=0.5972
[17:47:54] warmStart (decay=exponential) 28% (325/1145) regret=0.112136 ape=0.5972
[17:47:54] warmStart (decay=exponential) 28% (326/1145) regret=0.112136 ape=0.5972
[17:47:54] warmStart (decay=exponential) 28% (327/1145) regret=0.112136 ape=0.5972
[17:47:55] warmStart (decay=exponential) 28% (328/1145) regret=0.112136 ape=0.5972
[17:47:55] warmStart (decay=exponential) 28% (329/1145) regret=0.112136 ape=0.5972
[17:47:55] warmStart (decay=exponential) 28% (330/1145) regret=0.112136 ape=0.5972
[17:47:55] warmStart (decay=exponential) 28% (331/1145) regret=0.112136 ape=0.5972
[17:47:55] warmStart (decay=exponential) 28% (332/1145) regret=0.112136 ape=0.5972
[17:47:56] warmStart (decay=exponential) 29% (333/1145) regret=0.112136 ape=0.5972
[17:47:56] warmStart (decay=exponential) 29% (334/1145) regret=0.112136 ape=0.5972
[17:47:56] warmStart (decay=exponential) 29% (335/1145) regret=0.112136 ape=0.5972
[17:47:56] warmStart (decay=exponential) 29% (336/1145) regret=0.112136 ape=0.5972
[17:47:56] warmStart (decay=exponential) 29% (337/1145) regret=0.112136 ape=0.5972
[17:47:56] warmStart (decay=exponential) 29% (338/1145) regret=0.112136 ape=0.5972
[17:47:57] warmStart (decay=exponential) 29% (339/1145) regret=0.112136 ape=0.5972
[17:47:57] warmStart (decay=exponential) 29% (340/1145) regret=0.112136 ape=0.5972
[17:47:57] warmStart (decay=exponential) 29% (341/1145) regret=0.112136 ape=0.5972
[17:47:57] warmStart (decay=exponential) 29% (342/1145) regret=0.112136 ape=0.5972
[17:47:57] warmStart (decay=exponential) 29% (343/1145) regret=0.112136 ape=0.5972
[17:47:57] warmStart (decay=exponential) 30% (344/1145) regret=0.112136 ape=0.5972
[17:47:58] warmStart (decay=exponential) 30% (345/1145) regret=0.112136 ape=0.5972
[17:47:58] warmStart (decay=exponential) 30% (346/1145) regret=0.112136 ape=0.5972
[17:47:58] warmStart (decay=exponential) 30% (347/1145) regret=0.112136 ape=0.5972
[17:47:58] warmStart (decay=exponential) 30% (348/1145) regret=0.112136 ape=0.5972
[17:47:58] warmStart (decay=exponential) 30% (349/1145) regret=0.112136 ape=0.5972
[17:47:58] warmStart (decay=exponential) 30% (350/1145) regret=0.112136 ape=0.5972
[17:47:59] warmStart (decay=exponential) 30% (351/1145) regret=0.112136 ape=0.5972
[17:47:59] warmStart (decay=exponential) 30% (352/1145) regret=0.112136 ape=0.5972
[17:47:59] warmStart (decay=exponential) 30% (353/1145) regret=0.112136 ape=0.5972
[17:47:59] warmStart (decay=exponential) 30% (354/1145) regret=0.112136 ape=0.5972
[17:47:59] warmStart (decay=exponential) 31% (355/1145) regret=0.112136 ape=0.5972
[17:47:59] warmStart (decay=exponential) 31% (356/1145) regret=0.112136 ape=0.5972
[17:47:59] warmStart (decay=exponential) 31% (357/1145) regret=0.112136 ape=0.5972
[17:48:00] warmStart (decay=exponential) 31% (358/1145) regret=0.112136 ape=0.5972
[17:48:00] warmStart (decay=exponential) 31% (359/1145) regret=0.112136 ape=0.5972
[17:48:00] warmStart (decay=exponential) 31% (360/1145) regret=0.112136 ape=0.5972
[17:48:00] warmStart (decay=exponential) 31% (361/1145) regret=0.112136 ape=0.5972
[17:48:00] warmStart (decay=exponential) 31% (362/1145) regret=0.112136 ape=0.5972
[17:48:00] warmStart (decay=exponential) 31% (363/1145) regret=0.112136 ape=0.5972
[17:48:01] warmStart (decay=exponential) 31% (364/1145) regret=0.112136 ape=0.5972
[17:48:01] warmStart (decay=exponential) 31% (365/1145) regret=0.112136 ape=0.5972
[17:48:01] warmStart (decay=exponential) 31% (366/1145) regret=0.112136 ape=0.5972
[17:48:01] warmStart (decay=exponential) 32% (367/1145) regret=0.112136 ape=0.5972
[17:48:01] warmStart (decay=exponential) 32% (368/1145) regret=0.112136 ape=0.5972
[17:48:01] warmStart (decay=exponential) 32% (369/1145) regret=0.112136 ape=0.5972
[17:48:02] warmStart (decay=exponential) 32% (370/1145) regret=0.112136 ape=0.5972
[17:48:02] warmStart (decay=exponential) 32% (371/1145) regret=0.112136 ape=0.5972
[17:48:02] warmStart (decay=exponential) 32% (372/1145) regret=0.112136 ape=0.5972
[17:48:02] warmStart (decay=exponential) 32% (373/1145) regret=0.112136 ape=0.5972
[17:48:02] warmStart (decay=exponential) 32% (374/1145) regret=0.112136 ape=0.5972
[17:48:02] warmStart (decay=exponential) 32% (375/1145) regret=0.112136 ape=0.5972
[17:48:03] warmStart (decay=exponential) 32% (376/1145) regret=0.112136 ape=0.5972
[17:48:03] warmStart (decay=exponential) 32% (377/1145) regret=0.112136 ape=0.5972
[17:48:03] warmStart (decay=exponential) 33% (378/1145) regret=0.112136 ape=0.5972
[17:48:03] warmStart (decay=exponential) 33% (379/1145) regret=0.112136 ape=0.5972
[17:48:03] warmStart (decay=exponential) 33% (380/1145) regret=0.112136 ape=0.5972
[17:48:03] warmStart (decay=exponential) 33% (381/1145) regret=0.112136 ape=0.5972
[17:48:03] warmStart (decay=exponential) 33% (382/1145) regret=0.112136 ape=0.5972
[17:48:04] warmStart (decay=exponential) 33% (383/1145) regret=0.112136 ape=0.5972
[17:48:04] warmStart (decay=exponential) 33% (384/1145) regret=0.112136 ape=0.5972
[17:48:04] warmStart (decay=exponential) 33% (385/1145) regret=0.112136 ape=0.5972
[17:48:04] warmStart (decay=exponential) 33% (386/1145) regret=0.112136 ape=0.5972
[17:48:04] warmStart (decay=exponential) 33% (387/1145) regret=0.112136 ape=0.5972
[17:48:04] warmStart (decay=exponential) 33% (388/1145) regret=0.112136 ape=0.5972
[17:48:05] warmStart (decay=exponential) 33% (389/1145) regret=0.112136 ape=0.5972
[17:48:05] warmStart (decay=exponential) 34% (390/1145) regret=0.112136 ape=0.5972
[17:48:05] warmStart (decay=exponential) 34% (391/1145) regret=0.112136 ape=0.5972
[17:48:05] warmStart (decay=exponential) 34% (392/1145) regret=0.112136 ape=0.5972
[17:48:05] warmStart (decay=exponential) 34% (393/1145) regret=0.112136 ape=0.5972
[17:48:05] warmStart (decay=exponential) 34% (394/1145) regret=0.112136 ape=0.5972
[17:48:06] warmStart (decay=exponential) 34% (395/1145) regret=0.112136 ape=0.5972
[17:48:06] warmStart (decay=exponential) 34% (396/1145) regret=0.112136 ape=0.5972
[17:48:06] warmStart (decay=exponential) 34% (397/1145) regret=0.112136 ape=0.5972
[17:48:06] warmStart (decay=exponential) 34% (398/1145) regret=0.112136 ape=0.5972
[17:48:06] warmStart (decay=exponential) 34% (399/1145) regret=0.112136 ape=0.5972
[17:48:06] warmStart (decay=exponential) 34% (400/1145) regret=0.112136 ape=0.5972
[17:48:07] warmStart (decay=exponential) 35% (401/1145) regret=0.112136 ape=0.5972
[17:48:07] warmStart (decay=exponential) 35% (402/1145) regret=0.112136 ape=0.5972
[17:48:07] warmStart (decay=exponential) 35% (403/1145) regret=0.112136 ape=0.5972
[17:48:07] warmStart (decay=exponential) 35% (404/1145) regret=0.112136 ape=0.5972
[17:48:07] warmStart (decay=exponential) 35% (405/1145) regret=0.112136 ape=0.5972
[17:48:07] warmStart (decay=exponential) 35% (406/1145) regret=0.112136 ape=0.5972
[17:48:07] warmStart (decay=exponential) 35% (407/1145) regret=0.112136 ape=0.5972
[17:48:08] warmStart (decay=exponential) 35% (408/1145) regret=0.112136 ape=0.5972
[17:48:08] warmStart (decay=exponential) 35% (409/1145) regret=0.112136 ape=0.5972
[17:48:08] warmStart (decay=exponential) 35% (410/1145) regret=0.112136 ape=0.5972
[17:48:08] warmStart (decay=exponential) 35% (411/1145) regret=0.112136 ape=0.5972
[17:48:08] warmStart (decay=exponential) 35% (412/1145) regret=0.112136 ape=0.5972
[17:48:08] warmStart (decay=exponential) 36% (413/1145) regret=0.112136 ape=0.5972
[17:48:09] warmStart (decay=exponential) 36% (414/1145) regret=0.112136 ape=0.5972
[17:48:09] warmStart (decay=exponential) 36% (415/1145) regret=0.112136 ape=0.5972
[17:48:09] warmStart (decay=exponential) 36% (416/1145) regret=0.112136 ape=0.5972
[17:48:09] warmStart (decay=exponential) 36% (417/1145) regret=0.112136 ape=0.5972
[17:48:09] warmStart (decay=exponential) 36% (418/1145) regret=0.112136 ape=0.5972
[17:48:09] warmStart (decay=exponential) 36% (419/1145) regret=0.112136 ape=0.5972
[17:48:10] warmStart (decay=exponential) 36% (420/1145) regret=0.112136 ape=0.5972
[17:48:10] warmStart (decay=exponential) 36% (421/1145) regret=0.112136 ape=0.5972
[17:48:10] warmStart (decay=exponential) 36% (422/1145) regret=0.112136 ape=0.5972
[17:48:10] warmStart (decay=exponential) 36% (423/1145) regret=0.112136 ape=0.5972
[17:48:10] warmStart (decay=exponential) 37% (424/1145) regret=0.112136 ape=0.5972
[17:48:10] warmStart (decay=exponential) 37% (425/1145) regret=0.112136 ape=0.5972
[17:48:11] warmStart (decay=exponential) 37% (426/1145) regret=0.112136 ape=0.5972
[17:48:11] warmStart (decay=exponential) 37% (427/1145) regret=0.112136 ape=0.5972
[17:48:11] warmStart (decay=exponential) 37% (428/1145) regret=0.112136 ape=0.5972
[17:48:11] warmStart (decay=exponential) 37% (429/1145) regret=0.112136 ape=0.5972
[17:48:11] warmStart (decay=exponential) 37% (430/1145) regret=0.112136 ape=0.5972
[17:48:11] warmStart (decay=exponential) 37% (431/1145) regret=0.112136 ape=0.5972
[17:48:12] warmStart (decay=exponential) 37% (432/1145) regret=0.112136 ape=0.5972
[17:48:12] warmStart (decay=exponential) 37% (433/1145) regret=0.112136 ape=0.5972
[17:48:12] warmStart (decay=exponential) 37% (434/1145) regret=0.112136 ape=0.5972
[17:48:12] warmStart (decay=exponential) 37% (435/1145) regret=0.112136 ape=0.5972
[17:48:12] warmStart (decay=exponential) 38% (436/1145) regret=0.112136 ape=0.5972
[17:48:12] warmStart (decay=exponential) 38% (437/1145) regret=0.112003 ape=0.5963
[17:48:13] warmStart (decay=exponential) 38% (438/1145) regret=0.112003 ape=0.5963
[17:48:13] warmStart (decay=exponential) 38% (439/1145) regret=0.112003 ape=0.5963
[17:48:13] warmStart (decay=exponential) 38% (440/1145) regret=0.112003 ape=0.5963
[17:48:13] warmStart (decay=exponential) 38% (441/1145) regret=0.112003 ape=0.5963
[17:48:13] warmStart (decay=exponential) 38% (442/1145) regret=0.112003 ape=0.5963
[17:48:13] warmStart (decay=exponential) 38% (443/1145) regret=0.112003 ape=0.5963
[17:48:14] warmStart (decay=exponential) 38% (444/1145) regret=0.112003 ape=0.5963
[17:48:14] warmStart (decay=exponential) 38% (445/1145) regret=0.112003 ape=0.5963
[17:48:14] warmStart (decay=exponential) 38% (446/1145) regret=0.112003 ape=0.5963
[17:48:14] warmStart (decay=exponential) 39% (447/1145) regret=0.112003 ape=0.5963
[17:48:14] warmStart (decay=exponential) 39% (448/1145) regret=0.112003 ape=0.5963
[17:48:14] warmStart (decay=exponential) 39% (449/1145) regret=0.112003 ape=0.5963
[17:48:15] warmStart (decay=exponential) 39% (450/1145) regret=0.112003 ape=0.5963
[17:48:15] warmStart (decay=exponential) 39% (451/1145) regret=0.112003 ape=0.5963
[17:48:15] warmStart (decay=exponential) 39% (452/1145) regret=0.112003 ape=0.5963
[17:48:15] warmStart (decay=exponential) 39% (453/1145) regret=0.112003 ape=0.5963
[17:48:15] warmStart (decay=exponential) 39% (454/1145) regret=0.112003 ape=0.5963
[17:48:15] warmStart (decay=exponential) 39% (455/1145) regret=0.112003 ape=0.5963
[17:48:15] warmStart (decay=exponential) 39% (456/1145) regret=0.112003 ape=0.5963
[17:48:16] warmStart (decay=exponential) 39% (457/1145) regret=0.112003 ape=0.5963
[17:48:16] warmStart (decay=exponential) 40% (458/1145) regret=0.112003 ape=0.5963
[17:48:16] warmStart (decay=exponential) 40% (459/1145) regret=0.112003 ape=0.5963
[17:48:16] warmStart (decay=exponential) 40% (460/1145) regret=0.112003 ape=0.5963
[17:48:16] warmStart (decay=exponential) 40% (461/1145) regret=0.112003 ape=0.5963
[17:48:16] warmStart (decay=exponential) 40% (462/1145) regret=0.112003 ape=0.5963
[17:48:17] warmStart (decay=exponential) 40% (463/1145) regret=0.112003 ape=0.5963
[17:48:17] warmStart (decay=exponential) 40% (464/1145) regret=0.112010 ape=0.5963
[17:48:17] warmStart (decay=exponential) 40% (465/1145) regret=0.112010 ape=0.5963
[17:48:17] warmStart (decay=exponential) 40% (466/1145) regret=0.112010 ape=0.5963
[17:48:17] warmStart (decay=exponential) 40% (467/1145) regret=0.112019 ape=0.5963
[17:48:17] warmStart (decay=exponential) 40% (468/1145) regret=0.112019 ape=0.5963
[17:48:17] warmStart (decay=exponential) 40% (469/1145) regret=0.112019 ape=0.5963
[17:48:18] warmStart (decay=exponential) 41% (470/1145) regret=0.112010 ape=0.5963
[17:48:18] warmStart (decay=exponential) 41% (471/1145) regret=0.112010 ape=0.5963
[17:48:18] warmStart (decay=exponential) 41% (472/1145) regret=0.112010 ape=0.5963
[17:48:18] warmStart (decay=exponential) 41% (473/1145) regret=0.112010 ape=0.5963
[17:48:18] warmStart (decay=exponential) 41% (474/1145) regret=0.111963 ape=0.5954
[17:48:18] warmStart (decay=exponential) 41% (475/1145) regret=0.111963 ape=0.5954
[17:48:18] warmStart (decay=exponential) 41% (476/1145) regret=0.111959 ape=0.5954
[17:48:19] warmStart (decay=exponential) 41% (477/1145) regret=0.111963 ape=0.5954
[17:48:19] warmStart (decay=exponential) 41% (478/1145) regret=0.111963 ape=0.5954
[17:48:19] warmStart (decay=exponential) 41% (479/1145) regret=0.111963 ape=0.5954
[17:48:19] warmStart (decay=exponential) 41% (480/1145) regret=0.111963 ape=0.5954
[17:48:19] warmStart (decay=exponential) 42% (481/1145) regret=0.111963 ape=0.5954
[17:48:19] warmStart (decay=exponential) 42% (482/1145) regret=0.111963 ape=0.5954
[17:48:20] warmStart (decay=exponential) 42% (483/1145) regret=0.111963 ape=0.5954
[17:48:20] warmStart (decay=exponential) 42% (484/1145) regret=0.111963 ape=0.5954
[17:48:20] warmStart (decay=exponential) 42% (485/1145) regret=0.111963 ape=0.5954
[17:48:20] warmStart (decay=exponential) 42% (486/1145) regret=0.111963 ape=0.5954
[17:48:20] warmStart (decay=exponential) 42% (487/1145) regret=0.111963 ape=0.5954
[17:48:20] warmStart (decay=exponential) 42% (488/1145) regret=0.111963 ape=0.5954
[17:48:20] warmStart (decay=exponential) 42% (489/1145) regret=0.111963 ape=0.5954
[17:48:21] warmStart (decay=exponential) 42% (490/1145) regret=0.111963 ape=0.5954
[17:48:21] warmStart (decay=exponential) 42% (491/1145) regret=0.111963 ape=0.5954
[17:48:21] warmStart (decay=exponential) 42% (492/1145) regret=0.111963 ape=0.5954
[17:48:21] warmStart (decay=exponential) 43% (493/1145) regret=0.111963 ape=0.5954
[17:48:21] warmStart (decay=exponential) 43% (494/1145) regret=0.111963 ape=0.5954
[17:48:21] warmStart (decay=exponential) 43% (495/1145) regret=0.111975 ape=0.5954
[17:48:22] warmStart (decay=exponential) 43% (496/1145) regret=0.112063 ape=0.5954
[17:48:22] warmStart (decay=exponential) 43% (497/1145) regret=0.111963 ape=0.5954
[17:48:22] warmStart (decay=exponential) 43% (498/1145) regret=0.112164 ape=0.5954
[17:48:22] warmStart (decay=exponential) 43% (499/1145) regret=0.112000 ape=0.5954
[17:48:22] warmStart (decay=exponential) 43% (500/1145) regret=0.111989 ape=0.5954
[17:48:22] warmStart (decay=exponential) 43% (501/1145) regret=0.112010 ape=0.5954
[17:48:23] warmStart (decay=exponential) 43% (502/1145) regret=0.112010 ape=0.5954
[17:48:23] warmStart (decay=exponential) 43% (503/1145) regret=0.112010 ape=0.5954
[17:48:23] warmStart (decay=exponential) 44% (504/1145) regret=0.112026 ape=0.5954
[17:48:23] warmStart (decay=exponential) 44% (505/1145) regret=0.112026 ape=0.5954
[17:48:23] warmStart (decay=exponential) 44% (506/1145) regret=0.112026 ape=0.5954
[17:48:24] warmStart (decay=exponential) 44% (507/1145) regret=0.112010 ape=0.5954
[17:48:24] warmStart (decay=exponential) 44% (508/1145) regret=0.112012 ape=0.5954
[17:48:24] warmStart (decay=exponential) 44% (509/1145) regret=0.112000 ape=0.5954
[17:48:24] warmStart (decay=exponential) 44% (510/1145) regret=0.112051 ape=0.5954
[17:48:24] warmStart (decay=exponential) 44% (511/1145) regret=0.112026 ape=0.5954
[17:48:24] warmStart (decay=exponential) 44% (512/1145) regret=0.111943 ape=0.5954
[17:48:25] warmStart (decay=exponential) 44% (513/1145) regret=0.111943 ape=0.5954
[17:48:25] warmStart (decay=exponential) 44% (514/1145) regret=0.111943 ape=0.5954
[17:48:25] warmStart (decay=exponential) 44% (515/1145) regret=0.111943 ape=0.5954
[17:48:25] warmStart (decay=exponential) 45% (516/1145) regret=0.111943 ape=0.5954
[17:48:25] warmStart (decay=exponential) 45% (517/1145) regret=0.111943 ape=0.5954
[17:48:25] warmStart (decay=exponential) 45% (518/1145) regret=0.111943 ape=0.5954
[17:48:26] warmStart (decay=exponential) 45% (519/1145) regret=0.111941 ape=0.5945
[17:48:26] warmStart (decay=exponential) 45% (520/1145) regret=0.111941 ape=0.5945
[17:48:26] warmStart (decay=exponential) 45% (521/1145) regret=0.111941 ape=0.5945
[17:48:26] warmStart (decay=exponential) 45% (522/1145) regret=0.111941 ape=0.5945
[17:48:26] warmStart (decay=exponential) 45% (523/1145) regret=0.111941 ape=0.5945
[17:48:26] warmStart (decay=exponential) 45% (524/1145) regret=0.111941 ape=0.5945
[17:48:27] warmStart (decay=exponential) 45% (525/1145) regret=0.111941 ape=0.5945
[17:48:27] warmStart (decay=exponential) 45% (526/1145) regret=0.111941 ape=0.5945
[17:48:27] warmStart (decay=exponential) 46% (527/1145) regret=0.111941 ape=0.5945
[17:48:27] warmStart (decay=exponential) 46% (528/1145) regret=0.111941 ape=0.5945
[17:48:27] warmStart (decay=exponential) 46% (529/1145) regret=0.111941 ape=0.5945
[17:48:27] warmStart (decay=exponential) 46% (530/1145) regret=0.111941 ape=0.5945
[17:48:27] warmStart (decay=exponential) 46% (531/1145) regret=0.111941 ape=0.5945
[17:48:28] warmStart (decay=exponential) 46% (532/1145) regret=0.111941 ape=0.5945
[17:48:28] warmStart (decay=exponential) 46% (533/1145) regret=0.111941 ape=0.5945
[17:48:28] warmStart (decay=exponential) 46% (534/1145) regret=0.111941 ape=0.5945
[17:48:28] warmStart (decay=exponential) 46% (535/1145) regret=0.111983 ape=0.5954
[17:48:28] warmStart (decay=exponential) 46% (536/1145) regret=0.111983 ape=0.5954
[17:48:28] warmStart (decay=exponential) 46% (537/1145) regret=0.111983 ape=0.5954
[17:48:29] warmStart (decay=exponential) 46% (538/1145) regret=0.111983 ape=0.5954
[17:48:29] warmStart (decay=exponential) 47% (539/1145) regret=0.111983 ape=0.5954
[17:48:29] warmStart (decay=exponential) 47% (540/1145) regret=0.111983 ape=0.5954
[17:48:29] warmStart (decay=exponential) 47% (541/1145) regret=0.111983 ape=0.5954
[17:48:29] warmStart (decay=exponential) 47% (542/1145) regret=0.111983 ape=0.5954
[17:48:30] warmStart (decay=exponential) 47% (543/1145) regret=0.111983 ape=0.5954
[17:48:30] warmStart (decay=exponential) 47% (544/1145) regret=0.111983 ape=0.5954
[17:48:30] warmStart (decay=exponential) 47% (545/1145) regret=0.111983 ape=0.5954
[17:48:30] warmStart (decay=exponential) 47% (546/1145) regret=0.111983 ape=0.5954
[17:48:30] warmStart (decay=exponential) 47% (547/1145) regret=0.111983 ape=0.5954
[17:48:31] warmStart (decay=exponential) 47% (548/1145) regret=0.111983 ape=0.5954
[17:48:31] warmStart (decay=exponential) 47% (549/1145) regret=0.111983 ape=0.5954
[17:48:31] warmStart (decay=exponential) 48% (550/1145) regret=0.111983 ape=0.5954
[17:48:31] warmStart (decay=exponential) 48% (551/1145) regret=0.111983 ape=0.5954
[17:48:31] warmStart (decay=exponential) 48% (552/1145) regret=0.111983 ape=0.5954
[17:48:32] warmStart (decay=exponential) 48% (553/1145) regret=0.111983 ape=0.5954
[17:48:32] warmStart (decay=exponential) 48% (554/1145) regret=0.111983 ape=0.5954
[17:48:32] warmStart (decay=exponential) 48% (555/1145) regret=0.111983 ape=0.5954
[17:48:32] warmStart (decay=exponential) 48% (556/1145) regret=0.111983 ape=0.5954
[17:48:32] warmStart (decay=exponential) 48% (557/1145) regret=0.111983 ape=0.5954
[17:48:33] warmStart (decay=exponential) 48% (558/1145) regret=0.111983 ape=0.5954
[17:48:33] warmStart (decay=exponential) 48% (559/1145) regret=0.111983 ape=0.5954
[17:48:33] warmStart (decay=exponential) 48% (560/1145) regret=0.111983 ape=0.5954
[17:48:33] warmStart (decay=exponential) 48% (561/1145) regret=0.111983 ape=0.5954
[17:48:33] warmStart (decay=exponential) 49% (562/1145) regret=0.111983 ape=0.5954
[17:48:34] warmStart (decay=exponential) 49% (563/1145) regret=0.111983 ape=0.5954
[17:48:34] warmStart (decay=exponential) 49% (564/1145) regret=0.111983 ape=0.5954
[17:48:34] warmStart (decay=exponential) 49% (565/1145) regret=0.111983 ape=0.5954
[17:48:34] warmStart (decay=exponential) 49% (566/1145) regret=0.111983 ape=0.5954
[17:48:34] warmStart (decay=exponential) 49% (567/1145) regret=0.111983 ape=0.5954
[17:48:35] warmStart (decay=exponential) 49% (568/1145) regret=0.111983 ape=0.5954
[17:48:35] warmStart (decay=exponential) 49% (569/1145) regret=0.111978 ape=0.5954
[17:48:35] warmStart (decay=exponential) 49% (570/1145) regret=0.111978 ape=0.5954
[17:48:35] warmStart (decay=exponential) 49% (571/1145) regret=0.111978 ape=0.5954
[17:48:35] warmStart (decay=exponential) 49% (572/1145) regret=0.111978 ape=0.5954
[17:48:35] warmStart (decay=exponential) 50% (573/1145) regret=0.111978 ape=0.5954
[17:48:36] warmStart (decay=exponential) 50% (574/1145) regret=0.111986 ape=0.5954
[17:48:36] warmStart (decay=exponential) 50% (575/1145) regret=0.111943 ape=0.5945
[17:48:36] warmStart (decay=exponential) 50% (576/1145) regret=0.111943 ape=0.5945
[17:48:36] warmStart (decay=exponential) 50% (577/1145) regret=0.111943 ape=0.5945
[17:48:36] warmStart (decay=exponential) 50% (578/1145) regret=0.111943 ape=0.5945
[17:48:37] warmStart (decay=exponential) 50% (579/1145) regret=0.111943 ape=0.5945
[17:48:37] warmStart (decay=exponential) 50% (580/1145) regret=0.111957 ape=0.5954
[17:48:37] warmStart (decay=exponential) 50% (581/1145) regret=0.111978 ape=0.5954
[17:48:37] warmStart (decay=exponential) 50% (582/1145) regret=0.111978 ape=0.5954
[17:48:37] warmStart (decay=exponential) 50% (583/1145) regret=0.111978 ape=0.5954
[17:48:38] warmStart (decay=exponential) 51% (584/1145) regret=0.111978 ape=0.5954
[17:48:38] warmStart (decay=exponential) 51% (585/1145) regret=0.112017 ape=0.5954
[17:48:38] warmStart (decay=exponential) 51% (586/1145) regret=0.112017 ape=0.5954
[17:48:38] warmStart (decay=exponential) 51% (587/1145) regret=0.112017 ape=0.5954
[17:48:38] warmStart (decay=exponential) 51% (588/1145) regret=0.111994 ape=0.5954
[17:48:38] warmStart (decay=exponential) 51% (589/1145) regret=0.112017 ape=0.5954
[17:48:39] warmStart (decay=exponential) 51% (590/1145) regret=0.111994 ape=0.5954
[17:48:39] warmStart (decay=exponential) 51% (591/1145) regret=0.111994 ape=0.5954
[17:48:39] warmStart (decay=exponential) 51% (592/1145) regret=0.111994 ape=0.5954
[17:48:39] warmStart (decay=exponential) 51% (593/1145) regret=0.111994 ape=0.5954
[17:48:39] warmStart (decay=exponential) 51% (594/1145) regret=0.112019 ape=0.5954
[17:48:40] warmStart (decay=exponential) 51% (595/1145) regret=0.112019 ape=0.5954
[17:48:40] warmStart (decay=exponential) 52% (596/1145) regret=0.111957 ape=0.5954
[17:48:40] warmStart (decay=exponential) 52% (597/1145) regret=0.112019 ape=0.5954
[17:48:40] warmStart (decay=exponential) 52% (598/1145) regret=0.112019 ape=0.5954
[17:48:40] warmStart (decay=exponential) 52% (599/1145) regret=0.112019 ape=0.5954
[17:48:41] warmStart (decay=exponential) 52% (600/1145) regret=0.112019 ape=0.5954
[17:48:41] warmStart (decay=exponential) 52% (601/1145) regret=0.112019 ape=0.5954
[17:48:41] warmStart (decay=exponential) 52% (602/1145) regret=0.112019 ape=0.5954
[17:48:41] warmStart (decay=exponential) 52% (603/1145) regret=0.112019 ape=0.5954
[17:48:41] warmStart (decay=exponential) 52% (604/1145) regret=0.112019 ape=0.5954
[17:48:41] warmStart (decay=exponential) 52% (605/1145) regret=0.112019 ape=0.5954
[17:48:42] warmStart (decay=exponential) 52% (606/1145) regret=0.111943 ape=0.5945
[17:48:42] warmStart (decay=exponential) 53% (607/1145) regret=0.111943 ape=0.5945
[17:48:42] warmStart (decay=exponential) 53% (608/1145) regret=0.111934 ape=0.5945
[17:48:42] warmStart (decay=exponential) 53% (609/1145) regret=0.111925 ape=0.5945
[17:48:42] warmStart (decay=exponential) 53% (610/1145) regret=0.111925 ape=0.5945
[17:48:43] warmStart (decay=exponential) 53% (611/1145) regret=0.111584 ape=0.5945
[17:48:43] warmStart (decay=exponential) 53% (612/1145) regret=0.111718 ape=0.5945
[17:48:43] warmStart (decay=exponential) 53% (613/1145) regret=0.111487 ape=0.5935
[17:48:43] warmStart (decay=exponential) 53% (614/1145) regret=0.111487 ape=0.5935
[17:48:43] warmStart (decay=exponential) 53% (615/1145) regret=0.111487 ape=0.5935
[17:48:43] warmStart (decay=exponential) 53% (616/1145) regret=0.111487 ape=0.5935
[17:48:44] warmStart (decay=exponential) 53% (617/1145) regret=0.111487 ape=0.5935
[17:48:44] warmStart (decay=exponential) 53% (618/1145) regret=0.110787 ape=0.5935
[17:48:44] warmStart (decay=exponential) 54% (619/1145) regret=0.110768 ape=0.5926
[17:48:44] warmStart (decay=exponential) 54% (620/1145) regret=0.110768 ape=0.5926
[17:48:44] warmStart (decay=exponential) 54% (621/1145) regret=0.110907 ape=0.5926
[17:48:44] warmStart (decay=exponential) 54% (622/1145) regret=0.110768 ape=0.5926
[17:48:45] warmStart (decay=exponential) 54% (623/1145) regret=0.110768 ape=0.5926
[17:48:45] warmStart (decay=exponential) 54% (624/1145) regret=0.110768 ape=0.5926
[17:48:45] warmStart (decay=exponential) 54% (625/1145) regret=0.110768 ape=0.5926
[17:48:45] warmStart (decay=exponential) 54% (626/1145) regret=0.110768 ape=0.5926
[17:48:45] warmStart (decay=exponential) 54% (627/1145) regret=0.110771 ape=0.5935
[17:48:45] warmStart (decay=exponential) 54% (628/1145) regret=0.110771 ape=0.5935
[17:48:46] warmStart (decay=exponential) 54% (629/1145) regret=0.110771 ape=0.5935
[17:48:46] warmStart (decay=exponential) 55% (630/1145) regret=0.110771 ape=0.5935
[17:48:46] warmStart (decay=exponential) 55% (631/1145) regret=0.110771 ape=0.5935
[17:48:46] warmStart (decay=exponential) 55% (632/1145) regret=0.110771 ape=0.5935
[17:48:46] warmStart (decay=exponential) 55% (633/1145) regret=0.110771 ape=0.5935
[17:48:46] warmStart (decay=exponential) 55% (634/1145) regret=0.110745 ape=0.5926
[17:48:46] warmStart (decay=exponential) 55% (635/1145) regret=0.110771 ape=0.5935
[17:48:47] warmStart (decay=exponential) 55% (636/1145) regret=0.110745 ape=0.5926
[17:48:47] warmStart (decay=exponential) 55% (637/1145) regret=0.110745 ape=0.5926
[17:48:47] warmStart (decay=exponential) 55% (638/1145) regret=0.110745 ape=0.5926
[17:48:47] warmStart (decay=exponential) 55% (639/1145) regret=0.110745 ape=0.5926
[17:48:47] warmStart (decay=exponential) 55% (640/1145) regret=0.110745 ape=0.5926
[17:48:47] warmStart (decay=exponential) 55% (641/1145) regret=0.110749 ape=0.5926
[17:48:48] warmStart (decay=exponential) 56% (642/1145) regret=0.110749 ape=0.5926
[17:48:48] warmStart (decay=exponential) 56% (643/1145) regret=0.110749 ape=0.5926
[17:48:48] warmStart (decay=exponential) 56% (644/1145) regret=0.110749 ape=0.5926
[17:48:48] warmStart (decay=exponential) 56% (645/1145) regret=0.110749 ape=0.5926
[17:48:48] warmStart (decay=exponential) 56% (646/1145) regret=0.110749 ape=0.5926
[17:48:48] warmStart (decay=exponential) 56% (647/1145) regret=0.110745 ape=0.5926
[17:48:49] warmStart (decay=exponential) 56% (648/1145) regret=0.110745 ape=0.5926
[17:48:49] warmStart (decay=exponential) 56% (649/1145) regret=0.110745 ape=0.5926
[17:48:49] warmStart (decay=exponential) 56% (650/1145) regret=0.110745 ape=0.5926
[17:48:49] warmStart (decay=exponential) 56% (651/1145) regret=0.110745 ape=0.5926
[17:48:49] warmStart (decay=exponential) 56% (652/1145) regret=0.110745 ape=0.5926
[17:48:50] warmStart (decay=exponential) 57% (653/1145) regret=0.110745 ape=0.5926
[17:48:50] warmStart (decay=exponential) 57% (654/1145) regret=0.110745 ape=0.5926
[17:48:50] warmStart (decay=exponential) 57% (655/1145) regret=0.110745 ape=0.5926
[17:48:50] warmStart (decay=exponential) 57% (656/1145) regret=0.110745 ape=0.5926
[17:48:50] warmStart (decay=exponential) 57% (657/1145) regret=0.110745 ape=0.5926
[17:48:50] warmStart (decay=exponential) 57% (658/1145) regret=0.110745 ape=0.5926
[17:48:51] warmStart (decay=exponential) 57% (659/1145) regret=0.110745 ape=0.5926
[17:48:51] warmStart (decay=exponential) 57% (660/1145) regret=0.110745 ape=0.5926
[17:48:51] warmStart (decay=exponential) 57% (661/1145) regret=0.110745 ape=0.5926
[17:48:51] warmStart (decay=exponential) 57% (662/1145) regret=0.110745 ape=0.5926
[17:48:51] warmStart (decay=exponential) 57% (663/1145) regret=0.110745 ape=0.5926
[17:48:51] warmStart (decay=exponential) 57% (664/1145) regret=0.110745 ape=0.5926
[17:48:52] warmStart (decay=exponential) 58% (665/1145) regret=0.110745 ape=0.5926
[17:48:52] warmStart (decay=exponential) 58% (666/1145) regret=0.110745 ape=0.5926
[17:48:52] warmStart (decay=exponential) 58% (667/1145) regret=0.110745 ape=0.5926
[17:48:52] warmStart (decay=exponential) 58% (668/1145) regret=0.110745 ape=0.5926
[17:48:52] warmStart (decay=exponential) 58% (669/1145) regret=0.110745 ape=0.5926
[17:48:52] warmStart (decay=exponential) 58% (670/1145) regret=0.110745 ape=0.5926
[17:48:53] warmStart (decay=exponential) 58% (671/1145) regret=0.110745 ape=0.5926
[17:48:53] warmStart (decay=exponential) 58% (672/1145) regret=0.110745 ape=0.5926
[17:48:53] warmStart (decay=exponential) 58% (673/1145) regret=0.110745 ape=0.5926
[17:48:53] warmStart (decay=exponential) 58% (674/1145) regret=0.110745 ape=0.5926
[17:48:53] warmStart (decay=exponential) 58% (675/1145) regret=0.110745 ape=0.5926
[17:48:53] warmStart (decay=exponential) 59% (676/1145) regret=0.110740 ape=0.5917
[17:48:54] warmStart (decay=exponential) 59% (677/1145) regret=0.110740 ape=0.5917
[17:48:54] warmStart (decay=exponential) 59% (678/1145) regret=0.110740 ape=0.5917
[17:48:54] warmStart (decay=exponential) 59% (679/1145) regret=0.110740 ape=0.5917
[17:48:54] warmStart (decay=exponential) 59% (680/1145) regret=0.110740 ape=0.5917
[17:48:54] warmStart (decay=exponential) 59% (681/1145) regret=0.110740 ape=0.5917
[17:48:54] warmStart (decay=exponential) 59% (682/1145) regret=0.110740 ape=0.5917
[17:48:55] warmStart (decay=exponential) 59% (683/1145) regret=0.109892 ape=0.5908
[17:48:55] warmStart (decay=exponential) 59% (684/1145) regret=0.109892 ape=0.5908
[17:48:55] warmStart (decay=exponential) 59% (685/1145) regret=0.109892 ape=0.5908
[17:48:55] warmStart (decay=exponential) 59% (686/1145) regret=0.109892 ape=0.5908
[17:48:55] warmStart (decay=exponential) 60% (687/1145) regret=0.109892 ape=0.5908
[17:48:56] warmStart (decay=exponential) 60% (688/1145) regret=0.109892 ape=0.5908
[17:48:56] warmStart (decay=exponential) 60% (689/1145) regret=0.109892 ape=0.5908
[17:48:56] warmStart (decay=exponential) 60% (690/1145) regret=0.109892 ape=0.5908
[17:48:56] warmStart (decay=exponential) 60% (691/1145) regret=0.109892 ape=0.5908
[17:48:56] warmStart (decay=exponential) 60% (692/1145) regret=0.109892 ape=0.5908
[17:48:56] warmStart (decay=exponential) 60% (693/1145) regret=0.109892 ape=0.5908
[17:48:57] warmStart (decay=exponential) 60% (694/1145) regret=0.109892 ape=0.5908
[17:48:57] warmStart (decay=exponential) 60% (695/1145) regret=0.109892 ape=0.5908
[17:48:57] warmStart (decay=exponential) 60% (696/1145) regret=0.109892 ape=0.5908
[17:48:57] warmStart (decay=exponential) 60% (697/1145) regret=0.109892 ape=0.5908
[17:48:57] warmStart (decay=exponential) 60% (698/1145) regret=0.109892 ape=0.5908
[17:48:58] warmStart (decay=exponential) 61% (699/1145) regret=0.109892 ape=0.5908
[17:48:58] warmStart (decay=exponential) 61% (700/1145) regret=0.109892 ape=0.5908
[17:48:58] warmStart (decay=exponential) 61% (701/1145) regret=0.109914 ape=0.5908
[17:48:58] warmStart (decay=exponential) 61% (702/1145) regret=0.109930 ape=0.5908
[17:48:58] warmStart (decay=exponential) 61% (703/1145) regret=0.109930 ape=0.5908
[17:48:58] warmStart (decay=exponential) 61% (704/1145) regret=0.109930 ape=0.5908
[17:48:59] warmStart (decay=exponential) 61% (705/1145) regret=0.109930 ape=0.5908
[17:48:59] warmStart (decay=exponential) 61% (706/1145) regret=0.109930 ape=0.5908
[17:48:59] warmStart (decay=exponential) 61% (707/1145) regret=0.109899 ape=0.5908
[17:48:59] warmStart (decay=exponential) 61% (708/1145) regret=0.109930 ape=0.5908
[17:48:59] warmStart (decay=exponential) 61% (709/1145) regret=0.109930 ape=0.5908
[17:48:59] warmStart (decay=exponential) 62% (710/1145) regret=0.109929 ape=0.5908
[17:49:00] warmStart (decay=exponential) 62% (711/1145) regret=0.109922 ape=0.5908
[17:49:00] warmStart (decay=exponential) 62% (712/1145) regret=0.109899 ape=0.5908
[17:49:00] warmStart (decay=exponential) 62% (713/1145) regret=0.109897 ape=0.5908
[17:49:00] warmStart (decay=exponential) 62% (714/1145) regret=0.109897 ape=0.5908
[17:49:00] warmStart (decay=exponential) 62% (715/1145) regret=0.109897 ape=0.5908
[17:49:00] warmStart (decay=exponential) 62% (716/1145) regret=0.109930 ape=0.5908
[17:49:01] warmStart (decay=exponential) 62% (717/1145) regret=0.109899 ape=0.5908
[17:49:01] warmStart (decay=exponential) 62% (718/1145) regret=0.109899 ape=0.5908
[17:49:01] warmStart (decay=exponential) 62% (719/1145) regret=0.109899 ape=0.5908
[17:49:01] warmStart (decay=exponential) 62% (720/1145) regret=0.109899 ape=0.5908
[17:49:01] warmStart (decay=exponential) 62% (721/1145) regret=0.109897 ape=0.5908
[17:49:01] warmStart (decay=exponential) 63% (722/1145) regret=0.109897 ape=0.5908
[17:49:02] warmStart (decay=exponential) 63% (723/1145) regret=0.109899 ape=0.5908
[17:49:02] warmStart (decay=exponential) 63% (724/1145) regret=0.109899 ape=0.5908
[17:49:02] warmStart (decay=exponential) 63% (725/1145) regret=0.109899 ape=0.5908
[17:49:02] warmStart (decay=exponential) 63% (726/1145) regret=0.109899 ape=0.5908
[17:49:02] warmStart (decay=exponential) 63% (727/1145) regret=0.109899 ape=0.5908
[17:49:02] warmStart (decay=exponential) 63% (728/1145) regret=0.109899 ape=0.5908
[17:49:03] warmStart (decay=exponential) 63% (729/1145) regret=0.109899 ape=0.5908
[17:49:03] warmStart (decay=exponential) 63% (730/1145) regret=0.109899 ape=0.5908
[17:49:03] warmStart (decay=exponential) 63% (731/1145) regret=0.109899 ape=0.5908
[17:49:03] warmStart (decay=exponential) 63% (732/1145) regret=0.109899 ape=0.5908
[17:49:03] warmStart (decay=exponential) 64% (733/1145) regret=0.109899 ape=0.5908
[17:49:03] warmStart (decay=exponential) 64% (734/1145) regret=0.109899 ape=0.5908
[17:49:04] warmStart (decay=exponential) 64% (735/1145) regret=0.109899 ape=0.5908
[17:49:04] warmStart (decay=exponential) 64% (736/1145) regret=0.109899 ape=0.5908
[17:49:04] warmStart (decay=exponential) 64% (737/1145) regret=0.109899 ape=0.5908
[17:49:04] warmStart (decay=exponential) 64% (738/1145) regret=0.109899 ape=0.5908
[17:49:04] warmStart (decay=exponential) 64% (739/1145) regret=0.109899 ape=0.5908
[17:49:04] warmStart (decay=exponential) 64% (740/1145) regret=0.109899 ape=0.5908
[17:49:05] warmStart (decay=exponential) 64% (741/1145) regret=0.109899 ape=0.5908
[17:49:05] warmStart (decay=exponential) 64% (742/1145) regret=0.109899 ape=0.5908
[17:49:05] warmStart (decay=exponential) 64% (743/1145) regret=0.109899 ape=0.5908
[17:49:05] warmStart (decay=exponential) 64% (744/1145) regret=0.109899 ape=0.5908
[17:49:05] warmStart (decay=exponential) 65% (745/1145) regret=0.109899 ape=0.5908
[17:49:05] warmStart (decay=exponential) 65% (746/1145) regret=0.109899 ape=0.5908
[17:49:05] warmStart (decay=exponential) 65% (747/1145) regret=0.109899 ape=0.5908
[17:49:06] warmStart (decay=exponential) 65% (748/1145) regret=0.109899 ape=0.5908
[17:49:06] warmStart (decay=exponential) 65% (749/1145) regret=0.109899 ape=0.5908
[17:49:06] warmStart (decay=exponential) 65% (750/1145) regret=0.109899 ape=0.5908
[17:49:06] warmStart (decay=exponential) 65% (751/1145) regret=0.109899 ape=0.5908
[17:49:06] warmStart (decay=exponential) 65% (752/1145) regret=0.109899 ape=0.5908
[17:49:06] warmStart (decay=exponential) 65% (753/1145) regret=0.109899 ape=0.5908
[17:49:07] warmStart (decay=exponential) 65% (754/1145) regret=0.109899 ape=0.5908
[17:49:07] warmStart (decay=exponential) 65% (755/1145) regret=0.109899 ape=0.5908
[17:49:07] warmStart (decay=exponential) 66% (756/1145) regret=0.109899 ape=0.5908
[17:49:07] warmStart (decay=exponential) 66% (757/1145) regret=0.109899 ape=0.5908
[17:49:07] warmStart (decay=exponential) 66% (758/1145) regret=0.109899 ape=0.5908
[17:49:07] warmStart (decay=exponential) 66% (759/1145) regret=0.109834 ape=0.5899
[17:49:08] warmStart (decay=exponential) 66% (760/1145) regret=0.109834 ape=0.5899
[17:49:08] warmStart (decay=exponential) 66% (761/1145) regret=0.109834 ape=0.5899
[17:49:08] warmStart (decay=exponential) 66% (762/1145) regret=0.109834 ape=0.5899
[17:49:08] warmStart (decay=exponential) 66% (763/1145) regret=0.109834 ape=0.5899
[17:49:08] warmStart (decay=exponential) 66% (764/1145) regret=0.109834 ape=0.5899
[17:49:08] warmStart (decay=exponential) 66% (765/1145) regret=0.109834 ape=0.5899
[17:49:09] warmStart (decay=exponential) 66% (766/1145) regret=0.109834 ape=0.5899
[17:49:09] warmStart (decay=exponential) 66% (767/1145) regret=0.109834 ape=0.5899
[17:49:09] warmStart (decay=exponential) 67% (768/1145) regret=0.109834 ape=0.5899
[17:49:09] warmStart (decay=exponential) 67% (769/1145) regret=0.109834 ape=0.5899
[17:49:09] warmStart (decay=exponential) 67% (770/1145) regret=0.109834 ape=0.5899
[17:49:09] warmStart (decay=exponential) 67% (771/1145) regret=0.109834 ape=0.5899
[17:49:10] warmStart (decay=exponential) 67% (772/1145) regret=0.109834 ape=0.5899
[17:49:10] warmStart (decay=exponential) 67% (773/1145) regret=0.109834 ape=0.5899
[17:49:10] warmStart (decay=exponential) 67% (774/1145) regret=0.109834 ape=0.5899
[17:49:10] warmStart (decay=exponential) 67% (775/1145) regret=0.109834 ape=0.5899
[17:49:10] warmStart (decay=exponential) 67% (776/1145) regret=0.109834 ape=0.5899
[17:49:10] warmStart (decay=exponential) 67% (777/1145) regret=0.109834 ape=0.5899
[17:49:11] warmStart (decay=exponential) 67% (778/1145) regret=0.109834 ape=0.5899
[17:49:11] warmStart (decay=exponential) 68% (779/1145) regret=0.109834 ape=0.5899
[17:49:11] warmStart (decay=exponential) 68% (780/1145) regret=0.109834 ape=0.5899
[17:49:11] warmStart (decay=exponential) 68% (781/1145) regret=0.109834 ape=0.5899
[17:49:11] warmStart (decay=exponential) 68% (782/1145) regret=0.109834 ape=0.5899
[17:49:11] warmStart (decay=exponential) 68% (783/1145) regret=0.109834 ape=0.5899
[17:49:12] warmStart (decay=exponential) 68% (784/1145) regret=0.109834 ape=0.5899
[17:49:12] warmStart (decay=exponential) 68% (785/1145) regret=0.109834 ape=0.5899
[17:49:12] warmStart (decay=exponential) 68% (786/1145) regret=0.109834 ape=0.5899
[17:49:12] warmStart (decay=exponential) 68% (787/1145) regret=0.109834 ape=0.5899
[17:49:12] warmStart (decay=exponential) 68% (788/1145) regret=0.109834 ape=0.5899
[17:49:12] warmStart (decay=exponential) 68% (789/1145) regret=0.109834 ape=0.5899
[17:49:13] warmStart (decay=exponential) 68% (790/1145) regret=0.109834 ape=0.5899
[17:49:13] warmStart (decay=exponential) 69% (791/1145) regret=0.109834 ape=0.5899
[17:49:13] warmStart (decay=exponential) 69% (792/1145) regret=0.109834 ape=0.5899
[17:49:13] warmStart (decay=exponential) 69% (793/1145) regret=0.109834 ape=0.5899
[17:49:13] warmStart (decay=exponential) 69% (794/1145) regret=0.109834 ape=0.5899
[17:49:13] warmStart (decay=exponential) 69% (795/1145) regret=0.109834 ape=0.5899
[17:49:14] warmStart (decay=exponential) 69% (796/1145) regret=0.109834 ape=0.5899
[17:49:14] warmStart (decay=exponential) 69% (797/1145) regret=0.109834 ape=0.5899
[17:49:14] warmStart (decay=exponential) 69% (798/1145) regret=0.109834 ape=0.5899
[17:49:14] warmStart (decay=exponential) 69% (799/1145) regret=0.109834 ape=0.5899
[17:49:14] warmStart (decay=exponential) 69% (800/1145) regret=0.109871 ape=0.5899
[17:49:14] warmStart (decay=exponential) 69% (801/1145) regret=0.109871 ape=0.5899
[17:49:15] warmStart (decay=exponential) 70% (802/1145) regret=0.109871 ape=0.5899
[17:49:15] warmStart (decay=exponential) 70% (803/1145) regret=0.109871 ape=0.5899
[17:49:15] warmStart (decay=exponential) 70% (804/1145) regret=0.109871 ape=0.5899
[17:49:15] warmStart (decay=exponential) 70% (805/1145) regret=0.109871 ape=0.5899
[17:49:15] warmStart (decay=exponential) 70% (806/1145) regret=0.109871 ape=0.5899
[17:49:15] warmStart (decay=exponential) 70% (807/1145) regret=0.109862 ape=0.5899
[17:49:16] warmStart (decay=exponential) 70% (808/1145) regret=0.109871 ape=0.5899
[17:49:16] warmStart (decay=exponential) 70% (809/1145) regret=0.109862 ape=0.5899
[17:49:16] warmStart (decay=exponential) 70% (810/1145) regret=0.109871 ape=0.5899
[17:49:16] warmStart (decay=exponential) 70% (811/1145) regret=0.109862 ape=0.5899
[17:49:16] warmStart (decay=exponential) 70% (812/1145) regret=0.109862 ape=0.5899
[17:49:16] warmStart (decay=exponential) 71% (813/1145) regret=0.109862 ape=0.5899
[17:49:17] warmStart (decay=exponential) 71% (814/1145) regret=0.109862 ape=0.5899
[17:49:17] warmStart (decay=exponential) 71% (815/1145) regret=0.109862 ape=0.5899
[17:49:17] warmStart (decay=exponential) 71% (816/1145) regret=0.109830 ape=0.5889
[17:49:17] warmStart (decay=exponential) 71% (817/1145) regret=0.109830 ape=0.5889
[17:49:17] warmStart (decay=exponential) 71% (818/1145) regret=0.109830 ape=0.5889
[17:49:18] warmStart (decay=exponential) 71% (819/1145) regret=0.109830 ape=0.5889
[17:49:18] warmStart (decay=exponential) 71% (820/1145) regret=0.109830 ape=0.5889
[17:49:18] warmStart (decay=exponential) 71% (821/1145) regret=0.109830 ape=0.5889
[17:49:18] warmStart (decay=exponential) 71% (822/1145) regret=0.109830 ape=0.5889
[17:49:18] warmStart (decay=exponential) 71% (823/1145) regret=0.109830 ape=0.5889
[17:49:18] warmStart (decay=exponential) 71% (824/1145) regret=0.109861 ape=0.5889
[17:49:19] warmStart (decay=exponential) 72% (825/1145) regret=0.109861 ape=0.5889
[17:49:19] warmStart (decay=exponential) 72% (826/1145) regret=0.109861 ape=0.5889
[17:49:19] warmStart (decay=exponential) 72% (827/1145) regret=0.109861 ape=0.5889
[17:49:19] warmStart (decay=exponential) 72% (828/1145) regret=0.109825 ape=0.5889
[17:49:19] warmStart (decay=exponential) 72% (829/1145) regret=0.109825 ape=0.5889
[17:49:19] warmStart (decay=exponential) 72% (830/1145) regret=0.109825 ape=0.5889
[17:49:20] warmStart (decay=exponential) 72% (831/1145) regret=0.109825 ape=0.5889
[17:49:20] warmStart (decay=exponential) 72% (832/1145) regret=0.109825 ape=0.5889
[17:49:20] warmStart (decay=exponential) 72% (833/1145) regret=0.109825 ape=0.5889
[17:49:20] warmStart (decay=exponential) 72% (834/1145) regret=0.109825 ape=0.5889
[17:49:20] warmStart (decay=exponential) 72% (835/1145) regret=0.109825 ape=0.5889
[17:49:21] warmStart (decay=exponential) 73% (836/1145) regret=0.109825 ape=0.5889
[17:49:21] warmStart (decay=exponential) 73% (837/1145) regret=0.109825 ape=0.5889
[17:49:21] warmStart (decay=exponential) 73% (838/1145) regret=0.109825 ape=0.5889
[17:49:21] warmStart (decay=exponential) 73% (839/1145) regret=0.109825 ape=0.5889
[17:49:21] warmStart (decay=exponential) 73% (840/1145) regret=0.109825 ape=0.5889
[17:49:21] warmStart (decay=exponential) 73% (841/1145) regret=0.109825 ape=0.5889
[17:49:22] warmStart (decay=exponential) 73% (842/1145) regret=0.109825 ape=0.5889
[17:49:22] warmStart (decay=exponential) 73% (843/1145) regret=0.109825 ape=0.5889
[17:49:22] warmStart (decay=exponential) 73% (844/1145) regret=0.109825 ape=0.5889
[17:49:22] warmStart (decay=exponential) 73% (845/1145) regret=0.109825 ape=0.5889
[17:49:22] warmStart (decay=exponential) 73% (846/1145) regret=0.109825 ape=0.5889
[17:49:23] warmStart (decay=exponential) 73% (847/1145) regret=0.109825 ape=0.5889
[17:49:23] warmStart (decay=exponential) 74% (848/1145) regret=0.109825 ape=0.5889
[17:49:23] warmStart (decay=exponential) 74% (849/1145) regret=0.109825 ape=0.5889
[17:49:23] warmStart (decay=exponential) 74% (850/1145) regret=0.109825 ape=0.5889
[17:49:23] warmStart (decay=exponential) 74% (851/1145) regret=0.109825 ape=0.5889
[17:49:23] warmStart (decay=exponential) 74% (852/1145) regret=0.109825 ape=0.5889
[17:49:24] warmStart (decay=exponential) 74% (853/1145) regret=0.109825 ape=0.5889
[17:49:24] warmStart (decay=exponential) 74% (854/1145) regret=0.109825 ape=0.5889
[17:49:24] warmStart (decay=exponential) 74% (855/1145) regret=0.109825 ape=0.5889
[17:49:24] warmStart (decay=exponential) 74% (856/1145) regret=0.109825 ape=0.5889
[17:49:24] warmStart (decay=exponential) 74% (857/1145) regret=0.109825 ape=0.5889
[17:49:25] warmStart (decay=exponential) 74% (858/1145) regret=0.109825 ape=0.5889
[17:49:25] warmStart (decay=exponential) 75% (859/1145) regret=0.109825 ape=0.5889
[17:49:25] warmStart (decay=exponential) 75% (860/1145) regret=0.109825 ape=0.5889
[17:49:25] warmStart (decay=exponential) 75% (861/1145) regret=0.109825 ape=0.5889
[17:49:25] warmStart (decay=exponential) 75% (862/1145) regret=0.109825 ape=0.5889
[17:49:25] warmStart (decay=exponential) 75% (863/1145) regret=0.109825 ape=0.5889
[17:49:26] warmStart (decay=exponential) 75% (864/1145) regret=0.109825 ape=0.5889
[17:49:26] warmStart (decay=exponential) 75% (865/1145) regret=0.109825 ape=0.5889
[17:49:26] warmStart (decay=exponential) 75% (866/1145) regret=0.109825 ape=0.5889
[17:49:26] warmStart (decay=exponential) 75% (867/1145) regret=0.109825 ape=0.5889
[17:49:26] warmStart (decay=exponential) 75% (868/1145) regret=0.109825 ape=0.5889
[17:49:26] warmStart (decay=exponential) 75% (869/1145) regret=0.109825 ape=0.5889
[17:49:27] warmStart (decay=exponential) 75% (870/1145) regret=0.109825 ape=0.5889
[17:49:27] warmStart (decay=exponential) 76% (871/1145) regret=0.109825 ape=0.5889
[17:49:27] warmStart (decay=exponential) 76% (872/1145) regret=0.109825 ape=0.5889
[17:49:27] warmStart (decay=exponential) 76% (873/1145) regret=0.109825 ape=0.5889
[17:49:27] warmStart (decay=exponential) 76% (874/1145) regret=0.109825 ape=0.5889
[17:49:28] warmStart (decay=exponential) 76% (875/1145) regret=0.109825 ape=0.5889
[17:49:28] warmStart (decay=exponential) 76% (876/1145) regret=0.109825 ape=0.5889
[17:49:28] warmStart (decay=exponential) 76% (877/1145) regret=0.109825 ape=0.5889
[17:49:28] warmStart (decay=exponential) 76% (878/1145) regret=0.109825 ape=0.5889
[17:49:28] warmStart (decay=exponential) 76% (879/1145) regret=0.109825 ape=0.5889
[17:49:29] warmStart (decay=exponential) 76% (880/1145) regret=0.109825 ape=0.5889
[17:49:29] warmStart (decay=exponential) 76% (881/1145) regret=0.109825 ape=0.5889
[17:49:29] warmStart (decay=exponential) 77% (882/1145) regret=0.109825 ape=0.5889
[17:49:29] warmStart (decay=exponential) 77% (883/1145) regret=0.109825 ape=0.5889
[17:49:29] warmStart (decay=exponential) 77% (884/1145) regret=0.109825 ape=0.5889
[17:49:29] warmStart (decay=exponential) 77% (885/1145) regret=0.109825 ape=0.5889
[17:49:30] warmStart (decay=exponential) 77% (886/1145) regret=0.109825 ape=0.5889
[17:49:30] warmStart (decay=exponential) 77% (887/1145) regret=0.109825 ape=0.5889
[17:49:30] warmStart (decay=exponential) 77% (888/1145) regret=0.109825 ape=0.5889
[17:49:30] warmStart (decay=exponential) 77% (889/1145) regret=0.109825 ape=0.5889
[17:49:30] warmStart (decay=exponential) 77% (890/1145) regret=0.109825 ape=0.5889
[17:49:31] warmStart (decay=exponential) 77% (891/1145) regret=0.109825 ape=0.5889
[17:49:31] warmStart (decay=exponential) 77% (892/1145) regret=0.109825 ape=0.5889
[17:49:31] warmStart (decay=exponential) 77% (893/1145) regret=0.109825 ape=0.5889
[17:49:31] warmStart (decay=exponential) 78% (894/1145) regret=0.109825 ape=0.5889
[17:49:31] warmStart (decay=exponential) 78% (895/1145) regret=0.109825 ape=0.5889
[17:49:31] warmStart (decay=exponential) 78% (896/1145) regret=0.109825 ape=0.5889
[17:49:32] warmStart (decay=exponential) 78% (897/1145) regret=0.109825 ape=0.5889
[17:49:32] warmStart (decay=exponential) 78% (898/1145) regret=0.109825 ape=0.5889
[17:49:32] warmStart (decay=exponential) 78% (899/1145) regret=0.109825 ape=0.5889
[17:49:32] warmStart (decay=exponential) 78% (900/1145) regret=0.109825 ape=0.5889
[17:49:32] warmStart (decay=exponential) 78% (901/1145) regret=0.109825 ape=0.5889
[17:49:33] warmStart (decay=exponential) 78% (902/1145) regret=0.109825 ape=0.5889
[17:49:33] warmStart (decay=exponential) 78% (903/1145) regret=0.109825 ape=0.5889
[17:49:33] warmStart (decay=exponential) 78% (904/1145) regret=0.109825 ape=0.5889
[17:49:33] warmStart (decay=exponential) 79% (905/1145) regret=0.109825 ape=0.5889
[17:49:33] warmStart (decay=exponential) 79% (906/1145) regret=0.109825 ape=0.5889
[17:49:33] warmStart (decay=exponential) 79% (907/1145) regret=0.109825 ape=0.5889
[17:49:34] warmStart (decay=exponential) 79% (908/1145) regret=0.109825 ape=0.5889
[17:49:34] warmStart (decay=exponential) 79% (909/1145) regret=0.109825 ape=0.5889
[17:49:34] warmStart (decay=exponential) 79% (910/1145) regret=0.109825 ape=0.5889
[17:49:34] warmStart (decay=exponential) 79% (911/1145) regret=0.109825 ape=0.5889
[17:49:34] warmStart (decay=exponential) 79% (912/1145) regret=0.109825 ape=0.5889
[17:49:34] warmStart (decay=exponential) 79% (913/1145) regret=0.109825 ape=0.5889
[17:49:35] warmStart (decay=exponential) 79% (914/1145) regret=0.109825 ape=0.5889
[17:49:35] warmStart (decay=exponential) 79% (915/1145) regret=0.109825 ape=0.5889
[17:49:35] warmStart (decay=exponential) 80% (916/1145) regret=0.109825 ape=0.5889
[17:49:35] warmStart (decay=exponential) 80% (917/1145) regret=0.109825 ape=0.5889
[17:49:35] warmStart (decay=exponential) 80% (918/1145) regret=0.109825 ape=0.5889
[17:49:35] warmStart (decay=exponential) 80% (919/1145) regret=0.109825 ape=0.5889
[17:49:36] warmStart (decay=exponential) 80% (920/1145) regret=0.109825 ape=0.5889
[17:49:36] warmStart (decay=exponential) 80% (921/1145) regret=0.109825 ape=0.5889
[17:49:36] warmStart (decay=exponential) 80% (922/1145) regret=0.109825 ape=0.5889
[17:49:36] warmStart (decay=exponential) 80% (923/1145) regret=0.109825 ape=0.5889
[17:49:36] warmStart (decay=exponential) 80% (924/1145) regret=0.109825 ape=0.5889
[17:49:37] warmStart (decay=exponential) 80% (925/1145) regret=0.109825 ape=0.5889
[17:49:37] warmStart (decay=exponential) 80% (926/1145) regret=0.109825 ape=0.5889
[17:49:37] warmStart (decay=exponential) 80% (927/1145) regret=0.109825 ape=0.5889
[17:49:37] warmStart (decay=exponential) 81% (928/1145) regret=0.109825 ape=0.5889
[17:49:37] warmStart (decay=exponential) 81% (929/1145) regret=0.109825 ape=0.5889
[17:49:37] warmStart (decay=exponential) 81% (930/1145) regret=0.109825 ape=0.5889
[17:49:38] warmStart (decay=exponential) 81% (931/1145) regret=0.109825 ape=0.5889
[17:49:38] warmStart (decay=exponential) 81% (932/1145) regret=0.109825 ape=0.5889
[17:49:38] warmStart (decay=exponential) 81% (933/1145) regret=0.109825 ape=0.5889
[17:49:38] warmStart (decay=exponential) 81% (934/1145) regret=0.109825 ape=0.5889
[17:49:38] warmStart (decay=exponential) 81% (935/1145) regret=0.109825 ape=0.5889
[17:49:39] warmStart (decay=exponential) 81% (936/1145) regret=0.109825 ape=0.5889
[17:49:39] warmStart (decay=exponential) 81% (937/1145) regret=0.109825 ape=0.5889
[17:49:39] warmStart (decay=exponential) 81% (938/1145) regret=0.109825 ape=0.5889
[17:49:39] warmStart (decay=exponential) 82% (939/1145) regret=0.109825 ape=0.5889
[17:49:39] warmStart (decay=exponential) 82% (940/1145) regret=0.109825 ape=0.5889
[17:49:39] warmStart (decay=exponential) 82% (941/1145) regret=0.109825 ape=0.5889
[17:49:40] warmStart (decay=exponential) 82% (942/1145) regret=0.109825 ape=0.5889
[17:49:40] warmStart (decay=exponential) 82% (943/1145) regret=0.109825 ape=0.5889
[17:49:40] warmStart (decay=exponential) 82% (944/1145) regret=0.109825 ape=0.5889
[17:49:40] warmStart (decay=exponential) 82% (945/1145) regret=0.109825 ape=0.5889
[17:49:40] warmStart (decay=exponential) 82% (946/1145) regret=0.109825 ape=0.5889
[17:49:41] warmStart (decay=exponential) 82% (947/1145) regret=0.109825 ape=0.5889
[17:49:41] warmStart (decay=exponential) 82% (948/1145) regret=0.109825 ape=0.5889
[17:49:41] warmStart (decay=exponential) 82% (949/1145) regret=0.109825 ape=0.5889
[17:49:41] warmStart (decay=exponential) 82% (950/1145) regret=0.109825 ape=0.5889
[17:49:41] warmStart (decay=exponential) 83% (951/1145) regret=0.109825 ape=0.5889
[17:49:41] warmStart (decay=exponential) 83% (952/1145) regret=0.109825 ape=0.5889
[17:49:42] warmStart (decay=exponential) 83% (953/1145) regret=0.109825 ape=0.5889
[17:49:42] warmStart (decay=exponential) 83% (954/1145) regret=0.109825 ape=0.5889
[17:49:42] warmStart (decay=exponential) 83% (955/1145) regret=0.109825 ape=0.5889
[17:49:42] warmStart (decay=exponential) 83% (956/1145) regret=0.109825 ape=0.5889
[17:49:42] warmStart (decay=exponential) 83% (957/1145) regret=0.109825 ape=0.5889
[17:49:43] warmStart (decay=exponential) 83% (958/1145) regret=0.109825 ape=0.5889
[17:49:43] warmStart (decay=exponential) 83% (959/1145) regret=0.109825 ape=0.5889
[17:49:43] warmStart (decay=exponential) 83% (960/1145) regret=0.109825 ape=0.5889
[17:49:43] warmStart (decay=exponential) 83% (961/1145) regret=0.109825 ape=0.5889
[17:49:43] warmStart (decay=exponential) 84% (962/1145) regret=0.109825 ape=0.5889
[17:49:44] warmStart (decay=exponential) 84% (963/1145) regret=0.109825 ape=0.5889
[17:49:44] warmStart (decay=exponential) 84% (964/1145) regret=0.109825 ape=0.5889
[17:49:44] warmStart (decay=exponential) 84% (965/1145) regret=0.109825 ape=0.5889
[17:49:44] warmStart (decay=exponential) 84% (966/1145) regret=0.109825 ape=0.5889
[17:49:44] warmStart (decay=exponential) 84% (967/1145) regret=0.109825 ape=0.5889
[17:49:44] warmStart (decay=exponential) 84% (968/1145) regret=0.109825 ape=0.5889
[17:49:45] warmStart (decay=exponential) 84% (969/1145) regret=0.109825 ape=0.5889
[17:49:45] warmStart (decay=exponential) 84% (970/1145) regret=0.109825 ape=0.5889
[17:49:45] warmStart (decay=exponential) 84% (971/1145) regret=0.109825 ape=0.5889
[17:49:45] warmStart (decay=exponential) 84% (972/1145) regret=0.109825 ape=0.5889
[17:49:45] warmStart (decay=exponential) 84% (973/1145) regret=0.109825 ape=0.5889
[17:49:46] warmStart (decay=exponential) 85% (974/1145) regret=0.109825 ape=0.5889
[17:49:46] warmStart (decay=exponential) 85% (975/1145) regret=0.109825 ape=0.5889
[17:49:46] warmStart (decay=exponential) 85% (976/1145) regret=0.109825 ape=0.5889
[17:49:46] warmStart (decay=exponential) 85% (977/1145) regret=0.109825 ape=0.5889
[17:49:46] warmStart (decay=exponential) 85% (978/1145) regret=0.109825 ape=0.5889
[17:49:46] warmStart (decay=exponential) 85% (979/1145) regret=0.109825 ape=0.5889
[17:49:47] warmStart (decay=exponential) 85% (980/1145) regret=0.109825 ape=0.5889
[17:49:47] warmStart (decay=exponential) 85% (981/1145) regret=0.109825 ape=0.5889
[17:49:47] warmStart (decay=exponential) 85% (982/1145) regret=0.109825 ape=0.5889
[17:49:47] warmStart (decay=exponential) 85% (983/1145) regret=0.109825 ape=0.5889
[17:49:47] warmStart (decay=exponential) 85% (984/1145) regret=0.109825 ape=0.5889
[17:49:48] warmStart (decay=exponential) 86% (985/1145) regret=0.109825 ape=0.5889
[17:49:48] warmStart (decay=exponential) 86% (986/1145) regret=0.109825 ape=0.5889
[17:49:48] warmStart (decay=exponential) 86% (987/1145) regret=0.109825 ape=0.5889
[17:49:48] warmStart (decay=exponential) 86% (988/1145) regret=0.109825 ape=0.5889
[17:49:48] warmStart (decay=exponential) 86% (989/1145) regret=0.109825 ape=0.5889
[17:49:49] warmStart (decay=exponential) 86% (990/1145) regret=0.109825 ape=0.5889
[17:49:49] warmStart (decay=exponential) 86% (991/1145) regret=0.109825 ape=0.5889
[17:49:49] warmStart (decay=exponential) 86% (992/1145) regret=0.109828 ape=0.5889
[17:49:49] warmStart (decay=exponential) 86% (993/1145) regret=0.109825 ape=0.5889
[17:49:49] warmStart (decay=exponential) 86% (994/1145) regret=0.109827 ape=0.5889
[17:49:49] warmStart (decay=exponential) 86% (995/1145) regret=0.109825 ape=0.5889
[17:49:49] warmStart (decay=exponential) 86% (996/1145) regret=0.109825 ape=0.5889
[17:49:50] warmStart (decay=exponential) 87% (997/1145) regret=0.109824 ape=0.5880
[17:49:50] warmStart (decay=exponential) 87% (998/1145) regret=0.109824 ape=0.5880
[17:49:50] warmStart (decay=exponential) 87% (999/1145) regret=0.109824 ape=0.5880
[17:49:50] warmStart (decay=exponential) 87% (1000/1145) regret=0.109824 ape=0.5880
[17:49:50] warmStart (decay=exponential) 87% (1001/1145) regret=0.109824 ape=0.5880
[17:49:50] warmStart (decay=exponential) 87% (1002/1145) regret=0.109824 ape=0.5880
[17:49:51] warmStart (decay=exponential) 87% (1003/1145) regret=0.109824 ape=0.5880
[17:49:51] warmStart (decay=exponential) 87% (1004/1145) regret=0.109824 ape=0.5880
[17:49:51] warmStart (decay=exponential) 87% (1005/1145) regret=0.109824 ape=0.5880
[17:49:51] warmStart (decay=exponential) 87% (1006/1145) regret=0.109824 ape=0.5880
[17:49:51] warmStart (decay=exponential) 87% (1007/1145) regret=0.109824 ape=0.5880
[17:49:51] warmStart (decay=exponential) 88% (1008/1145) regret=0.109824 ape=0.5880
[17:49:52] warmStart (decay=exponential) 88% (1009/1145) regret=0.109824 ape=0.5880
[17:49:52] warmStart (decay=exponential) 88% (1010/1145) regret=0.109824 ape=0.5880
[17:49:52] warmStart (decay=exponential) 88% (1011/1145) regret=0.109824 ape=0.5880
[17:49:52] warmStart (decay=exponential) 88% (1012/1145) regret=0.109824 ape=0.5880
[17:49:52] warmStart (decay=exponential) 88% (1013/1145) regret=0.109824 ape=0.5880
[17:49:52] warmStart (decay=exponential) 88% (1014/1145) regret=0.109824 ape=0.5880
[17:49:52] warmStart (decay=exponential) 88% (1015/1145) regret=0.109824 ape=0.5880
[17:49:53] warmStart (decay=exponential) 88% (1016/1145) regret=0.109824 ape=0.5880
[17:49:53] warmStart (decay=exponential) 88% (1017/1145) regret=0.109824 ape=0.5880
[17:49:53] warmStart (decay=exponential) 88% (1018/1145) regret=0.109824 ape=0.5880
[17:49:53] warmStart (decay=exponential) 88% (1019/1145) regret=0.109824 ape=0.5880
[17:49:53] warmStart (decay=exponential) 89% (1020/1145) regret=0.109824 ape=0.5880
[17:49:53] warmStart (decay=exponential) 89% (1021/1145) regret=0.109824 ape=0.5880
[17:49:54] warmStart (decay=exponential) 89% (1022/1145) regret=0.109824 ape=0.5880
[17:49:54] warmStart (decay=exponential) 89% (1023/1145) regret=0.109824 ape=0.5880
[17:49:54] warmStart (decay=exponential) 89% (1024/1145) regret=0.109824 ape=0.5880
[17:49:54] warmStart (decay=exponential) 89% (1025/1145) regret=0.109824 ape=0.5880
[17:49:54] warmStart (decay=exponential) 89% (1026/1145) regret=0.109824 ape=0.5880
[17:49:54] warmStart (decay=exponential) 89% (1027/1145) regret=0.109824 ape=0.5880
[17:49:55] warmStart (decay=exponential) 89% (1028/1145) regret=0.109824 ape=0.5880
[17:49:55] warmStart (decay=exponential) 89% (1029/1145) regret=0.109824 ape=0.5880
[17:49:55] warmStart (decay=exponential) 89% (1030/1145) regret=0.109824 ape=0.5880
[17:49:55] warmStart (decay=exponential) 90% (1031/1145) regret=0.109824 ape=0.5880
[17:49:55] warmStart (decay=exponential) 90% (1032/1145) regret=0.109824 ape=0.5880
[17:49:55] warmStart (decay=exponential) 90% (1033/1145) regret=0.109824 ape=0.5880
[17:49:56] warmStart (decay=exponential) 90% (1034/1145) regret=0.109824 ape=0.5880
[17:49:56] warmStart (decay=exponential) 90% (1035/1145) regret=0.109824 ape=0.5880
[17:49:56] warmStart (decay=exponential) 90% (1036/1145) regret=0.109824 ape=0.5880
[17:49:56] warmStart (decay=exponential) 90% (1037/1145) regret=0.109824 ape=0.5880
[17:49:56] warmStart (decay=exponential) 90% (1038/1145) regret=0.109824 ape=0.5880
[17:49:56] warmStart (decay=exponential) 90% (1039/1145) regret=0.109824 ape=0.5880
[17:49:57] warmStart (decay=exponential) 90% (1040/1145) regret=0.109824 ape=0.5880
[17:49:57] warmStart (decay=exponential) 90% (1041/1145) regret=0.109824 ape=0.5880
[17:49:57] warmStart (decay=exponential) 91% (1042/1145) regret=0.109824 ape=0.5880
[17:49:57] warmStart (decay=exponential) 91% (1043/1145) regret=0.109824 ape=0.5880
[17:49:57] warmStart (decay=exponential) 91% (1044/1145) regret=0.109819 ape=0.5871
[17:49:57] warmStart (decay=exponential) 91% (1045/1145) regret=0.109819 ape=0.5871
[17:49:58] warmStart (decay=exponential) 91% (1046/1145) regret=0.109819 ape=0.5871
[17:49:58] warmStart (decay=exponential) 91% (1047/1145) regret=0.109819 ape=0.5871
[17:49:58] warmStart (decay=exponential) 91% (1048/1145) regret=0.109819 ape=0.5871
[17:49:58] warmStart (decay=exponential) 91% (1049/1145) regret=0.109819 ape=0.5871
[17:49:58] warmStart (decay=exponential) 91% (1050/1145) regret=0.109819 ape=0.5871
[17:49:58] warmStart (decay=exponential) 91% (1051/1145) regret=0.109819 ape=0.5871
[17:49:59] warmStart (decay=exponential) 91% (1052/1145) regret=0.109819 ape=0.5871
[17:49:59] warmStart (decay=exponential) 91% (1053/1145) regret=0.109819 ape=0.5871
[17:49:59] warmStart (decay=exponential) 92% (1054/1145) regret=0.109819 ape=0.5871
[17:49:59] warmStart (decay=exponential) 92% (1055/1145) regret=0.109819 ape=0.5871
[17:49:59] warmStart (decay=exponential) 92% (1056/1145) regret=0.109825 ape=0.5871
[17:49:59] warmStart (decay=exponential) 92% (1057/1145) regret=0.109825 ape=0.5871
[17:50:00] warmStart (decay=exponential) 92% (1058/1145) regret=0.109825 ape=0.5871
[17:50:00] warmStart (decay=exponential) 92% (1059/1145) regret=0.109825 ape=0.5871
[17:50:00] warmStart (decay=exponential) 92% (1060/1145) regret=0.109825 ape=0.5871
[17:50:00] warmStart (decay=exponential) 92% (1061/1145) regret=0.109825 ape=0.5871
[17:50:00] warmStart (decay=exponential) 92% (1062/1145) regret=0.109825 ape=0.5871
[17:50:00] warmStart (decay=exponential) 92% (1063/1145) regret=0.109825 ape=0.5871
[17:50:01] warmStart (decay=exponential) 92% (1064/1145) regret=0.109825 ape=0.5871
[17:50:01] warmStart (decay=exponential) 93% (1065/1145) regret=0.109825 ape=0.5871
[17:50:01] warmStart (decay=exponential) 93% (1066/1145) regret=0.109825 ape=0.5871
[17:50:01] warmStart (decay=exponential) 93% (1067/1145) regret=0.109825 ape=0.5871
[17:50:01] warmStart (decay=exponential) 93% (1068/1145) regret=0.109825 ape=0.5871
[17:50:01] warmStart (decay=exponential) 93% (1069/1145) regret=0.109825 ape=0.5871
[17:50:01] warmStart (decay=exponential) 93% (1070/1145) regret=0.109825 ape=0.5871
[17:50:02] warmStart (decay=exponential) 93% (1071/1145) regret=0.109825 ape=0.5871
[17:50:02] warmStart (decay=exponential) 93% (1072/1145) regret=0.109825 ape=0.5871
[17:50:02] warmStart (decay=exponential) 93% (1073/1145) regret=0.109825 ape=0.5871
[17:50:02] warmStart (decay=exponential) 93% (1074/1145) regret=0.109819 ape=0.5871
[17:50:02] warmStart (decay=exponential) 93% (1075/1145) regret=0.109819 ape=0.5871
[17:50:02] warmStart (decay=exponential) 93% (1076/1145) regret=0.109819 ape=0.5871
[17:50:03] warmStart (decay=exponential) 94% (1077/1145) regret=0.109819 ape=0.5871
[17:50:03] warmStart (decay=exponential) 94% (1078/1145) regret=0.109819 ape=0.5871
[17:50:03] warmStart (decay=exponential) 94% (1079/1145) regret=0.109819 ape=0.5871
[17:50:03] warmStart (decay=exponential) 94% (1080/1145) regret=0.109819 ape=0.5871
[17:50:03] warmStart (decay=exponential) 94% (1081/1145) regret=0.109819 ape=0.5871
[17:50:03] warmStart (decay=exponential) 94% (1082/1145) regret=0.109819 ape=0.5871
[17:50:04] warmStart (decay=exponential) 94% (1083/1145) regret=0.109819 ape=0.5871
[17:50:04] warmStart (decay=exponential) 94% (1084/1145) regret=0.109819 ape=0.5871
[17:50:04] warmStart (decay=exponential) 94% (1085/1145) regret=0.109819 ape=0.5871
[17:50:04] warmStart (decay=exponential) 94% (1086/1145) regret=0.109819 ape=0.5871
[17:50:04] warmStart (decay=exponential) 94% (1087/1145) regret=0.109819 ape=0.5871
[17:50:04] warmStart (decay=exponential) 95% (1088/1145) regret=0.109819 ape=0.5871
[17:50:05] warmStart (decay=exponential) 95% (1089/1145) regret=0.109819 ape=0.5871
[17:50:05] warmStart (decay=exponential) 95% (1090/1145) regret=0.109819 ape=0.5871
[17:50:05] warmStart (decay=exponential) 95% (1091/1145) regret=0.109819 ape=0.5871
[17:50:05] warmStart (decay=exponential) 95% (1092/1145) regret=0.109819 ape=0.5871
[17:50:05] warmStart (decay=exponential) 95% (1093/1145) regret=0.109819 ape=0.5871
[17:50:05] warmStart (decay=exponential) 95% (1094/1145) regret=0.109819 ape=0.5871
[17:50:05] warmStart (decay=exponential) 95% (1095/1145) regret=0.109819 ape=0.5871
[17:50:06] warmStart (decay=exponential) 95% (1096/1145) regret=0.109819 ape=0.5871
[17:50:06] warmStart (decay=exponential) 95% (1097/1145) regret=0.110119 ape=0.5871
[17:50:06] warmStart (decay=exponential) 95% (1098/1145) regret=0.109676 ape=0.5862
[17:50:06] warmStart (decay=exponential) 95% (1099/1145) regret=0.109676 ape=0.5862
[17:50:06] warmStart (decay=exponential) 96% (1100/1145) regret=0.109759 ape=0.5871
[17:50:06] warmStart (decay=exponential) 96% (1101/1145) regret=0.109676 ape=0.5862
[17:50:07] warmStart (decay=exponential) 96% (1102/1145) regret=0.109676 ape=0.5862
[17:50:07] warmStart (decay=exponential) 96% (1103/1145) regret=0.109685 ape=0.5871
[17:50:07] warmStart (decay=exponential) 96% (1104/1145) regret=0.109676 ape=0.5862
[17:50:07] warmStart (decay=exponential) 96% (1105/1145) regret=0.109787 ape=0.5871
[17:50:07] warmStart (decay=exponential) 96% (1106/1145) regret=0.109676 ape=0.5862
[17:50:07] warmStart (decay=exponential) 96% (1107/1145) regret=0.109685 ape=0.5871
[17:50:07] warmStart (decay=exponential) 96% (1108/1145) regret=0.109676 ape=0.5862
[17:50:08] warmStart (decay=exponential) 96% (1109/1145) regret=0.109778 ape=0.5871
[17:50:08] warmStart (decay=exponential) 96% (1110/1145) regret=0.109778 ape=0.5871
[17:50:08] warmStart (decay=exponential) 97% (1111/1145) regret=0.109781 ape=0.5880
[17:50:08] warmStart (decay=exponential) 97% (1112/1145) regret=0.109782 ape=0.5880
[17:50:08] warmStart (decay=exponential) 97% (1113/1145) regret=0.109782 ape=0.5880
[17:50:08] warmStart (decay=exponential) 97% (1114/1145) regret=0.109778 ape=0.5871
[17:50:09] warmStart (decay=exponential) 97% (1115/1145) regret=0.109778 ape=0.5871
[17:50:09] warmStart (decay=exponential) 97% (1116/1145) regret=0.109780 ape=0.5880
[17:50:09] warmStart (decay=exponential) 97% (1117/1145) regret=0.109781 ape=0.5880
[17:50:09] warmStart (decay=exponential) 97% (1118/1145) regret=0.109781 ape=0.5880
[17:50:09] warmStart (decay=exponential) 97% (1119/1145) regret=0.109781 ape=0.5880
[17:50:09] warmStart (decay=exponential) 97% (1120/1145) regret=0.109781 ape=0.5880
[17:50:09] warmStart (decay=exponential) 97% (1121/1145) regret=0.109781 ape=0.5880
[17:50:10] warmStart (decay=exponential) 97% (1122/1145) regret=0.109781 ape=0.5880
[17:50:10] warmStart (decay=exponential) 98% (1123/1145) regret=0.109781 ape=0.5880
[17:50:10] warmStart (decay=exponential) 98% (1124/1145) regret=0.109781 ape=0.5880
[17:50:10] warmStart (decay=exponential) 98% (1125/1145) regret=0.109781 ape=0.5880
[17:50:10] warmStart (decay=exponential) 98% (1126/1145) regret=0.109781 ape=0.5880
[17:50:10] warmStart (decay=exponential) 98% (1127/1145) regret=0.109781 ape=0.5880
[17:50:10] warmStart (decay=exponential) 98% (1128/1145) regret=0.109781 ape=0.5880
[17:50:11] warmStart (decay=exponential) 98% (1129/1145) regret=0.109781 ape=0.5880
[17:50:11] warmStart (decay=exponential) 98% (1130/1145) regret=0.109781 ape=0.5880
[17:50:11] warmStart (decay=exponential) 98% (1131/1145) regret=0.109781 ape=0.5880
[17:50:11] warmStart (decay=exponential) 98% (1132/1145) regret=0.109781 ape=0.5880
[17:50:11] warmStart (decay=exponential) 98% (1133/1145) regret=0.109781 ape=0.5880
[17:50:11] warmStart (decay=exponential) 99% (1134/1145) regret=0.109781 ape=0.5880
[17:50:11] warmStart (decay=exponential) 99% (1135/1145) regret=0.109781 ape=0.5880
[17:50:12] warmStart (decay=exponential) 99% (1136/1145) regret=0.109781 ape=0.5880
[17:50:12] warmStart (decay=exponential) 99% (1137/1145) regret=0.109781 ape=0.5880
[17:50:12] warmStart (decay=exponential) 99% (1138/1145) regret=0.109781 ape=0.5880
[17:50:12] warmStart (decay=exponential) 99% (1139/1145) regret=0.109781 ape=0.5880
[17:50:12] warmStart (decay=exponential) 99% (1140/1145) regret=0.109781 ape=0.5880
[17:50:12] warmStart (decay=exponential) 99% (1141/1145) regret=0.109781 ape=0.5880
[17:50:13] warmStart (decay=exponential) 99% (1142/1145) regret=0.109781 ape=0.5880
[17:50:13] warmStart (decay=exponential) 99% (1143/1145) regret=0.109781 ape=0.5880
[17:50:13] warmStart (decay=exponential) 99% (1144/1145) regret=0.109781 ape=0.5880
Warm w=50 finished: 1144 points, 201.70s wall time
  Final: regret=0.109781, ape=0.5880

Saved: /home/users/g/s/gsavary/LudiiMCTSVariations/slurm_sweep_full_dataset/output_decay/warm_50_decay_exponential_0_20/seed_4/sweep_decay_warm_50_exponential_0.2_4_20260426_175013.json

Generating plots...
Saved: /home/users/g/s/gsavary/LudiiMCTSVariations/slurm_sweep_full_dataset/output_decay/warm_50_decay_exponential_0_20/seed_4/sweep_decay_warm_50_exponential_0.2_4_20260426_175013_regret.png
Saved: /home/users/g/s/gsavary/LudiiMCTSVariations/slurm_sweep_full_dataset/output_decay/warm_50_decay_exponential_0_20/seed_4/sweep_decay_warm_50_exponential_0.2_4_20260426_175013_ape.png

================================================================================
Experiment complete!
================================================================================
Done. Results in: /home/users/g/s/gsavary/LudiiMCTSVariations/slurm_sweep_full_dataset/output_decay/warm_50_decay_exponential_0_20/seed_4
