============================================================
Decay sweep experiment
Method:      warm:50
Decay mode:  exponential
Decay param: 0.05
Seed:        1
Output:      /home/users/g/s/gsavary/LudiiMCTSVariations/slurm_sweep_full_dataset/output_decay/warm_50_decay_exponential_0_05/seed_1
============================================================

================================================================================
SLURM Sweep Experiment with Synthetic Data Decay
================================================================================
Method: warm:50
Decay: exponential (param=0.05)
Time limit: 3600.0s, Seed: 1, Batch size: 20
Output directory: /home/users/g/s/gsavary/LudiiMCTSVariations/slurm_sweep_full_dataset/output_decay/warm_50_decay_exponential_0_05/seed_1

Loading Ludii dataset...
Loaded 1085 games
Using 1085 games (full dataset)

Running timing probe (100 pulls)...
  Estimated secs/pull: 0.023170

Time budget: 3600.0s → ~155374 total pulls
Per-method budget: 22196 pulls (~514.3s)

Computing predictor-only performance...
  Predictions loaded: 23675 agent predictions
  Predictor-only: regret=0.104318, ape=0.4894

Running WARM-START (w=50, decay=exponential param=0.05)...
[17:42:24] warmStart (decay=exponential) 0% (1/1110) regret=0.107639 ape=0.5991
[17:42:24] warmStart (decay=exponential) 0% (2/1110) regret=0.107639 ape=0.5991
[17:42:24] warmStart (decay=exponential) 0% (3/1110) regret=0.107639 ape=0.5991
[17:42:24] warmStart (decay=exponential) 0% (4/1110) regret=0.107639 ape=0.5991
[17:42:24] warmStart (decay=exponential) 0% (5/1110) regret=0.107639 ape=0.5991
[17:42:25] warmStart (decay=exponential) 0% (6/1110) regret=0.107717 ape=0.5991
[17:42:25] warmStart (decay=exponential) 0% (7/1110) regret=0.107717 ape=0.5991
[17:42:25] warmStart (decay=exponential) 0% (8/1110) regret=0.107717 ape=0.5991
[17:42:25] warmStart (decay=exponential) 0% (9/1110) regret=0.107717 ape=0.5991
[17:42:25] warmStart (decay=exponential) 0% (10/1110) regret=0.107717 ape=0.5991
[17:42:26] warmStart (decay=exponential) 0% (11/1110) regret=0.107717 ape=0.5991
[17:42:26] warmStart (decay=exponential) 1% (12/1110) regret=0.107717 ape=0.5991
[17:42:26] warmStart (decay=exponential) 1% (13/1110) regret=0.107717 ape=0.5991
[17:42:26] warmStart (decay=exponential) 1% (14/1110) regret=0.107717 ape=0.5991
[17:42:26] warmStart (decay=exponential) 1% (15/1110) regret=0.107717 ape=0.5991
[17:42:27] warmStart (decay=exponential) 1% (16/1110) regret=0.107717 ape=0.5991
[17:42:27] warmStart (decay=exponential) 1% (17/1110) regret=0.107717 ape=0.5991
[17:42:27] warmStart (decay=exponential) 1% (18/1110) regret=0.107717 ape=0.5991
[17:42:27] warmStart (decay=exponential) 1% (19/1110) regret=0.107717 ape=0.5991
[17:42:27] warmStart (decay=exponential) 1% (20/1110) regret=0.107717 ape=0.5991
[17:42:28] warmStart (decay=exponential) 1% (21/1110) regret=0.107717 ape=0.5991
[17:42:28] warmStart (decay=exponential) 1% (22/1110) regret=0.107717 ape=0.5991
[17:42:28] warmStart (decay=exponential) 2% (23/1110) regret=0.107717 ape=0.5991
[17:42:28] warmStart (decay=exponential) 2% (24/1110) regret=0.107717 ape=0.5991
[17:42:28] warmStart (decay=exponential) 2% (25/1110) regret=0.107717 ape=0.5991
[17:42:29] warmStart (decay=exponential) 2% (26/1110) regret=0.107745 ape=0.5991
[17:42:29] warmStart (decay=exponential) 2% (27/1110) regret=0.107717 ape=0.5991
[17:42:29] warmStart (decay=exponential) 2% (28/1110) regret=0.107717 ape=0.5991
[17:42:29] warmStart (decay=exponential) 2% (29/1110) regret=0.107745 ape=0.5991
[17:42:29] warmStart (decay=exponential) 2% (30/1110) regret=0.107717 ape=0.5991
[17:42:29] warmStart (decay=exponential) 2% (31/1110) regret=0.107717 ape=0.5991
[17:42:30] warmStart (decay=exponential) 2% (32/1110) regret=0.107697 ape=0.5982
[17:42:30] warmStart (decay=exponential) 2% (33/1110) regret=0.107697 ape=0.5982
[17:42:30] warmStart (decay=exponential) 3% (34/1110) regret=0.107697 ape=0.5982
[17:42:30] warmStart (decay=exponential) 3% (35/1110) regret=0.107697 ape=0.5982
[17:42:30] warmStart (decay=exponential) 3% (36/1110) regret=0.107697 ape=0.5982
[17:42:31] warmStart (decay=exponential) 3% (37/1110) regret=0.107697 ape=0.5982
[17:42:31] warmStart (decay=exponential) 3% (38/1110) regret=0.107697 ape=0.5982
[17:42:31] warmStart (decay=exponential) 3% (39/1110) regret=0.107697 ape=0.5982
[17:42:31] warmStart (decay=exponential) 3% (40/1110) regret=0.107697 ape=0.5982
[17:42:31] warmStart (decay=exponential) 3% (41/1110) regret=0.107697 ape=0.5982
[17:42:31] warmStart (decay=exponential) 3% (42/1110) regret=0.107678 ape=0.5982
[17:42:32] warmStart (decay=exponential) 3% (43/1110) regret=0.107698 ape=0.5982
[17:42:32] warmStart (decay=exponential) 3% (44/1110) regret=0.107699 ape=0.5982
[17:42:32] warmStart (decay=exponential) 4% (45/1110) regret=0.107678 ape=0.5982
[17:42:32] warmStart (decay=exponential) 4% (46/1110) regret=0.107683 ape=0.5982
[17:42:32] warmStart (decay=exponential) 4% (47/1110) regret=0.107678 ape=0.5982
[17:42:32] warmStart (decay=exponential) 4% (48/1110) regret=0.107699 ape=0.5982
[17:42:33] warmStart (decay=exponential) 4% (49/1110) regret=0.107699 ape=0.5982
[17:42:33] warmStart (decay=exponential) 4% (50/1110) regret=0.107699 ape=0.5982
[17:42:33] warmStart (decay=exponential) 4% (51/1110) regret=0.107678 ape=0.5982
[17:42:33] warmStart (decay=exponential) 4% (52/1110) regret=0.107678 ape=0.5982
[17:42:33] warmStart (decay=exponential) 4% (53/1110) regret=0.107699 ape=0.5982
[17:42:33] warmStart (decay=exponential) 4% (54/1110) regret=0.107699 ape=0.5982
[17:42:34] warmStart (decay=exponential) 4% (55/1110) regret=0.107699 ape=0.5982
[17:42:34] warmStart (decay=exponential) 5% (56/1110) regret=0.107699 ape=0.5982
[17:42:34] warmStart (decay=exponential) 5% (57/1110) regret=0.107699 ape=0.5982
[17:42:34] warmStart (decay=exponential) 5% (58/1110) regret=0.107699 ape=0.5982
[17:42:34] warmStart (decay=exponential) 5% (59/1110) regret=0.107718 ape=0.5982
[17:42:35] warmStart (decay=exponential) 5% (60/1110) regret=0.107718 ape=0.5982
[17:42:35] warmStart (decay=exponential) 5% (61/1110) regret=0.107718 ape=0.5982
[17:42:35] warmStart (decay=exponential) 5% (62/1110) regret=0.107718 ape=0.5982
[17:42:35] warmStart (decay=exponential) 5% (63/1110) regret=0.107718 ape=0.5982
[17:42:35] warmStart (decay=exponential) 5% (64/1110) regret=0.107718 ape=0.5982
[17:42:35] warmStart (decay=exponential) 5% (65/1110) regret=0.107718 ape=0.5982
[17:42:36] warmStart (decay=exponential) 5% (66/1110) regret=0.107718 ape=0.5982
[17:42:36] warmStart (decay=exponential) 6% (67/1110) regret=0.107718 ape=0.5982
[17:42:36] warmStart (decay=exponential) 6% (68/1110) regret=0.107718 ape=0.5982
[17:42:36] warmStart (decay=exponential) 6% (69/1110) regret=0.107718 ape=0.5982
[17:42:36] warmStart (decay=exponential) 6% (70/1110) regret=0.107718 ape=0.5982
[17:42:36] warmStart (decay=exponential) 6% (71/1110) regret=0.107718 ape=0.5982
[17:42:37] warmStart (decay=exponential) 6% (72/1110) regret=0.107718 ape=0.5982
[17:42:37] warmStart (decay=exponential) 6% (73/1110) regret=0.107718 ape=0.5982
[17:42:37] warmStart (decay=exponential) 6% (74/1110) regret=0.107718 ape=0.5982
[17:42:37] warmStart (decay=exponential) 6% (75/1110) regret=0.107676 ape=0.5972
[17:42:37] warmStart (decay=exponential) 6% (76/1110) regret=0.107676 ape=0.5972
[17:42:38] warmStart (decay=exponential) 6% (77/1110) regret=0.107718 ape=0.5982
[17:42:38] warmStart (decay=exponential) 7% (78/1110) regret=0.107676 ape=0.5972
[17:42:38] warmStart (decay=exponential) 7% (79/1110) regret=0.107676 ape=0.5972
[17:42:38] warmStart (decay=exponential) 7% (80/1110) regret=0.107676 ape=0.5972
[17:42:38] warmStart (decay=exponential) 7% (81/1110) regret=0.107676 ape=0.5972
[17:42:38] warmStart (decay=exponential) 7% (82/1110) regret=0.107676 ape=0.5972
[17:42:39] warmStart (decay=exponential) 7% (83/1110) regret=0.107676 ape=0.5972
[17:42:39] warmStart (decay=exponential) 7% (84/1110) regret=0.107676 ape=0.5972
[17:42:39] warmStart (decay=exponential) 7% (85/1110) regret=0.107676 ape=0.5972
[17:42:39] warmStart (decay=exponential) 7% (86/1110) regret=0.107676 ape=0.5972
[17:42:39] warmStart (decay=exponential) 7% (87/1110) regret=0.107676 ape=0.5972
[17:42:39] warmStart (decay=exponential) 7% (88/1110) regret=0.107676 ape=0.5972
[17:42:40] warmStart (decay=exponential) 8% (89/1110) regret=0.107676 ape=0.5972
[17:42:40] warmStart (decay=exponential) 8% (90/1110) regret=0.107676 ape=0.5972
[17:42:40] warmStart (decay=exponential) 8% (91/1110) regret=0.107676 ape=0.5972
[17:42:40] warmStart (decay=exponential) 8% (92/1110) regret=0.107676 ape=0.5972
[17:42:40] warmStart (decay=exponential) 8% (93/1110) regret=0.107676 ape=0.5972
[17:42:41] warmStart (decay=exponential) 8% (94/1110) regret=0.107676 ape=0.5972
[17:42:41] warmStart (decay=exponential) 8% (95/1110) regret=0.107676 ape=0.5972
[17:42:41] warmStart (decay=exponential) 8% (96/1110) regret=0.107676 ape=0.5972
[17:42:41] warmStart (decay=exponential) 8% (97/1110) regret=0.107676 ape=0.5972
[17:42:41] warmStart (decay=exponential) 8% (98/1110) regret=0.107676 ape=0.5972
[17:42:41] warmStart (decay=exponential) 8% (99/1110) regret=0.107676 ape=0.5972
[17:42:42] warmStart (decay=exponential) 9% (100/1110) regret=0.107676 ape=0.5972
[17:42:42] warmStart (decay=exponential) 9% (101/1110) regret=0.107676 ape=0.5972
[17:42:42] warmStart (decay=exponential) 9% (102/1110) regret=0.107676 ape=0.5972
[17:42:42] warmStart (decay=exponential) 9% (103/1110) regret=0.107676 ape=0.5972
[17:42:42] warmStart (decay=exponential) 9% (104/1110) regret=0.107676 ape=0.5972
[17:42:42] warmStart (decay=exponential) 9% (105/1110) regret=0.107676 ape=0.5972
[17:42:43] warmStart (decay=exponential) 9% (106/1110) regret=0.107676 ape=0.5972
[17:42:43] warmStart (decay=exponential) 9% (107/1110) regret=0.107483 ape=0.5972
[17:42:43] warmStart (decay=exponential) 9% (108/1110) regret=0.107483 ape=0.5972
[17:42:43] warmStart (decay=exponential) 9% (109/1110) regret=0.107483 ape=0.5972
[17:42:43] warmStart (decay=exponential) 9% (110/1110) regret=0.107335 ape=0.5963
[17:42:44] warmStart (decay=exponential) 10% (111/1110) regret=0.107819 ape=0.5972
[17:42:44] warmStart (decay=exponential) 10% (112/1110) regret=0.107335 ape=0.5963
[17:42:44] warmStart (decay=exponential) 10% (113/1110) regret=0.107335 ape=0.5963
[17:42:44] warmStart (decay=exponential) 10% (114/1110) regret=0.107335 ape=0.5963
[17:42:44] warmStart (decay=exponential) 10% (115/1110) regret=0.107335 ape=0.5963
[17:42:44] warmStart (decay=exponential) 10% (116/1110) regret=0.107335 ape=0.5963
[17:42:45] warmStart (decay=exponential) 10% (117/1110) regret=0.107390 ape=0.5972
[17:42:45] warmStart (decay=exponential) 10% (118/1110) regret=0.107335 ape=0.5963
[17:42:45] warmStart (decay=exponential) 10% (119/1110) regret=0.107346 ape=0.5963
[17:42:45] warmStart (decay=exponential) 10% (120/1110) regret=0.107346 ape=0.5963
[17:42:45] warmStart (decay=exponential) 10% (121/1110) regret=0.107329 ape=0.5954
[17:42:46] warmStart (decay=exponential) 10% (122/1110) regret=0.107346 ape=0.5963
[17:42:46] warmStart (decay=exponential) 11% (123/1110) regret=0.107329 ape=0.5954
[17:42:46] warmStart (decay=exponential) 11% (124/1110) regret=0.107329 ape=0.5954
[17:42:46] warmStart (decay=exponential) 11% (125/1110) regret=0.107329 ape=0.5954
[17:42:46] warmStart (decay=exponential) 11% (126/1110) regret=0.107329 ape=0.5954
[17:42:47] warmStart (decay=exponential) 11% (127/1110) regret=0.107329 ape=0.5954
[17:42:47] warmStart (decay=exponential) 11% (128/1110) regret=0.107329 ape=0.5954
[17:42:47] warmStart (decay=exponential) 11% (129/1110) regret=0.107329 ape=0.5954
[17:42:47] warmStart (decay=exponential) 11% (130/1110) regret=0.107329 ape=0.5954
[17:42:48] warmStart (decay=exponential) 11% (131/1110) regret=0.107329 ape=0.5954
[17:42:48] warmStart (decay=exponential) 11% (132/1110) regret=0.107329 ape=0.5954
[17:42:48] warmStart (decay=exponential) 11% (133/1110) regret=0.107329 ape=0.5954
[17:42:48] warmStart (decay=exponential) 12% (134/1110) regret=0.107329 ape=0.5954
[17:42:48] warmStart (decay=exponential) 12% (135/1110) regret=0.107329 ape=0.5954
[17:42:49] warmStart (decay=exponential) 12% (136/1110) regret=0.107329 ape=0.5954
[17:42:49] warmStart (decay=exponential) 12% (137/1110) regret=0.107329 ape=0.5954
[17:42:49] warmStart (decay=exponential) 12% (138/1110) regret=0.107329 ape=0.5954
[17:42:49] warmStart (decay=exponential) 12% (139/1110) regret=0.107329 ape=0.5954
[17:42:49] warmStart (decay=exponential) 12% (140/1110) regret=0.107329 ape=0.5954
[17:42:50] warmStart (decay=exponential) 12% (141/1110) regret=0.107329 ape=0.5954
[17:42:50] warmStart (decay=exponential) 12% (142/1110) regret=0.107329 ape=0.5954
[17:42:50] warmStart (decay=exponential) 12% (143/1110) regret=0.107329 ape=0.5954
[17:42:50] warmStart (decay=exponential) 12% (144/1110) regret=0.107329 ape=0.5954
[17:42:50] warmStart (decay=exponential) 13% (145/1110) regret=0.107329 ape=0.5954
[17:42:51] warmStart (decay=exponential) 13% (146/1110) regret=0.107329 ape=0.5954
[17:42:51] warmStart (decay=exponential) 13% (147/1110) regret=0.107329 ape=0.5954
[17:42:51] warmStart (decay=exponential) 13% (148/1110) regret=0.107329 ape=0.5954
[17:42:51] warmStart (decay=exponential) 13% (149/1110) regret=0.107329 ape=0.5954
[17:42:51] warmStart (decay=exponential) 13% (150/1110) regret=0.107329 ape=0.5954
[17:42:52] warmStart (decay=exponential) 13% (151/1110) regret=0.107329 ape=0.5954
[17:42:52] warmStart (decay=exponential) 13% (152/1110) regret=0.107329 ape=0.5954
[17:42:52] warmStart (decay=exponential) 13% (153/1110) regret=0.107329 ape=0.5954
[17:42:52] warmStart (decay=exponential) 13% (154/1110) regret=0.107329 ape=0.5954
[17:42:52] warmStart (decay=exponential) 13% (155/1110) regret=0.107329 ape=0.5954
[17:42:53] warmStart (decay=exponential) 14% (156/1110) regret=0.107329 ape=0.5954
[17:42:53] warmStart (decay=exponential) 14% (157/1110) regret=0.107329 ape=0.5954
[17:42:53] warmStart (decay=exponential) 14% (158/1110) regret=0.107329 ape=0.5954
[17:42:53] warmStart (decay=exponential) 14% (159/1110) regret=0.107329 ape=0.5954
[17:42:53] warmStart (decay=exponential) 14% (160/1110) regret=0.107329 ape=0.5954
[17:42:54] warmStart (decay=exponential) 14% (161/1110) regret=0.107329 ape=0.5954
[17:42:54] warmStart (decay=exponential) 14% (162/1110) regret=0.107329 ape=0.5954
[17:42:54] warmStart (decay=exponential) 14% (163/1110) regret=0.107329 ape=0.5954
[17:42:54] warmStart (decay=exponential) 14% (164/1110) regret=0.107329 ape=0.5954
[17:42:54] warmStart (decay=exponential) 14% (165/1110) regret=0.107329 ape=0.5954
[17:42:55] warmStart (decay=exponential) 14% (166/1110) regret=0.107329 ape=0.5954
[17:42:55] warmStart (decay=exponential) 15% (167/1110) regret=0.107329 ape=0.5954
[17:42:55] warmStart (decay=exponential) 15% (168/1110) regret=0.107329 ape=0.5954
[17:42:55] warmStart (decay=exponential) 15% (169/1110) regret=0.107329 ape=0.5954
[17:42:55] warmStart (decay=exponential) 15% (170/1110) regret=0.107329 ape=0.5954
[17:42:56] warmStart (decay=exponential) 15% (171/1110) regret=0.107329 ape=0.5954
[17:42:56] warmStart (decay=exponential) 15% (172/1110) regret=0.107329 ape=0.5954
[17:42:56] warmStart (decay=exponential) 15% (173/1110) regret=0.107329 ape=0.5954
[17:42:56] warmStart (decay=exponential) 15% (174/1110) regret=0.107329 ape=0.5954
[17:42:56] warmStart (decay=exponential) 15% (175/1110) regret=0.107329 ape=0.5954
[17:42:57] warmStart (decay=exponential) 15% (176/1110) regret=0.107329 ape=0.5954
[17:42:57] warmStart (decay=exponential) 15% (177/1110) regret=0.107329 ape=0.5954
[17:42:57] warmStart (decay=exponential) 16% (178/1110) regret=0.107329 ape=0.5954
[17:42:57] warmStart (decay=exponential) 16% (179/1110) regret=0.107329 ape=0.5954
[17:42:57] warmStart (decay=exponential) 16% (180/1110) regret=0.107329 ape=0.5954
[17:42:58] warmStart (decay=exponential) 16% (181/1110) regret=0.107329 ape=0.5954
[17:42:58] warmStart (decay=exponential) 16% (182/1110) regret=0.107329 ape=0.5954
[17:42:58] warmStart (decay=exponential) 16% (183/1110) regret=0.107329 ape=0.5954
[17:42:58] warmStart (decay=exponential) 16% (184/1110) regret=0.107329 ape=0.5954
[17:42:58] warmStart (decay=exponential) 16% (185/1110) regret=0.107329 ape=0.5954
[17:42:59] warmStart (decay=exponential) 16% (186/1110) regret=0.107329 ape=0.5954
[17:42:59] warmStart (decay=exponential) 16% (187/1110) regret=0.107329 ape=0.5954
[17:42:59] warmStart (decay=exponential) 16% (188/1110) regret=0.107329 ape=0.5954
[17:42:59] warmStart (decay=exponential) 17% (189/1110) regret=0.107329 ape=0.5954
[17:42:59] warmStart (decay=exponential) 17% (190/1110) regret=0.107329 ape=0.5954
[17:43:00] warmStart (decay=exponential) 17% (191/1110) regret=0.107329 ape=0.5954
[17:43:00] warmStart (decay=exponential) 17% (192/1110) regret=0.107329 ape=0.5954
[17:43:00] warmStart (decay=exponential) 17% (193/1110) regret=0.107329 ape=0.5954
[17:43:00] warmStart (decay=exponential) 17% (194/1110) regret=0.107329 ape=0.5954
[17:43:00] warmStart (decay=exponential) 17% (195/1110) regret=0.107329 ape=0.5954
[17:43:01] warmStart (decay=exponential) 17% (196/1110) regret=0.107329 ape=0.5954
[17:43:01] warmStart (decay=exponential) 17% (197/1110) regret=0.107329 ape=0.5954
[17:43:01] warmStart (decay=exponential) 17% (198/1110) regret=0.107329 ape=0.5954
[17:43:01] warmStart (decay=exponential) 17% (199/1110) regret=0.107329 ape=0.5954
[17:43:01] warmStart (decay=exponential) 18% (200/1110) regret=0.107329 ape=0.5954
[17:43:02] warmStart (decay=exponential) 18% (201/1110) regret=0.107384 ape=0.5963
[17:43:02] warmStart (decay=exponential) 18% (202/1110) regret=0.107440 ape=0.5963
[17:43:02] warmStart (decay=exponential) 18% (203/1110) regret=0.107384 ape=0.5963
[17:43:02] warmStart (decay=exponential) 18% (204/1110) regret=0.107384 ape=0.5963
[17:43:02] warmStart (decay=exponential) 18% (205/1110) regret=0.107384 ape=0.5963
[17:43:02] warmStart (decay=exponential) 18% (206/1110) regret=0.107384 ape=0.5963
[17:43:03] warmStart (decay=exponential) 18% (207/1110) regret=0.107375 ape=0.5963
[17:43:03] warmStart (decay=exponential) 18% (208/1110) regret=0.107384 ape=0.5963
[17:43:03] warmStart (decay=exponential) 18% (209/1110) regret=0.107384 ape=0.5963
[17:43:03] warmStart (decay=exponential) 18% (210/1110) regret=0.107384 ape=0.5963
[17:43:03] warmStart (decay=exponential) 19% (211/1110) regret=0.107384 ape=0.5963
[17:43:04] warmStart (decay=exponential) 19% (212/1110) regret=0.107384 ape=0.5963
[17:43:04] warmStart (decay=exponential) 19% (213/1110) regret=0.107384 ape=0.5963
[17:43:04] warmStart (decay=exponential) 19% (214/1110) regret=0.107384 ape=0.5963
[17:43:04] warmStart (decay=exponential) 19% (215/1110) regret=0.107384 ape=0.5963
[17:43:04] warmStart (decay=exponential) 19% (216/1110) regret=0.107384 ape=0.5963
[17:43:04] warmStart (decay=exponential) 19% (217/1110) regret=0.107380 ape=0.5963
[17:43:05] warmStart (decay=exponential) 19% (218/1110) regret=0.107384 ape=0.5963
[17:43:05] warmStart (decay=exponential) 19% (219/1110) regret=0.107384 ape=0.5963
[17:43:05] warmStart (decay=exponential) 19% (220/1110) regret=0.107384 ape=0.5963
[17:43:05] warmStart (decay=exponential) 19% (221/1110) regret=0.107384 ape=0.5963
[17:43:05] warmStart (decay=exponential) 20% (222/1110) regret=0.107384 ape=0.5963
[17:43:06] warmStart (decay=exponential) 20% (223/1110) regret=0.107384 ape=0.5963
[17:43:06] warmStart (decay=exponential) 20% (224/1110) regret=0.107384 ape=0.5963
[17:43:06] warmStart (decay=exponential) 20% (225/1110) regret=0.107384 ape=0.5963
[17:43:06] warmStart (decay=exponential) 20% (226/1110) regret=0.107384 ape=0.5963
[17:43:06] warmStart (decay=exponential) 20% (227/1110) regret=0.107384 ape=0.5963
[17:43:07] warmStart (decay=exponential) 20% (228/1110) regret=0.107384 ape=0.5963
[17:43:07] warmStart (decay=exponential) 20% (229/1110) regret=0.107380 ape=0.5963
[17:43:07] warmStart (decay=exponential) 20% (230/1110) regret=0.107375 ape=0.5954
[17:43:07] warmStart (decay=exponential) 20% (231/1110) regret=0.107380 ape=0.5963
[17:43:07] warmStart (decay=exponential) 20% (232/1110) regret=0.107380 ape=0.5963
[17:43:07] warmStart (decay=exponential) 20% (233/1110) regret=0.107380 ape=0.5963
[17:43:08] warmStart (decay=exponential) 21% (234/1110) regret=0.107380 ape=0.5963
[17:43:08] warmStart (decay=exponential) 21% (235/1110) regret=0.107380 ape=0.5963
[17:43:08] warmStart (decay=exponential) 21% (236/1110) regret=0.107380 ape=0.5963
[17:43:08] warmStart (decay=exponential) 21% (237/1110) regret=0.107380 ape=0.5963
[17:43:08] warmStart (decay=exponential) 21% (238/1110) regret=0.107380 ape=0.5963
[17:43:09] warmStart (decay=exponential) 21% (239/1110) regret=0.107380 ape=0.5963
[17:43:09] warmStart (decay=exponential) 21% (240/1110) regret=0.107375 ape=0.5954
[17:43:09] warmStart (decay=exponential) 21% (241/1110) regret=0.107135 ape=0.5945
[17:43:09] warmStart (decay=exponential) 21% (242/1110) regret=0.107357 ape=0.5954
[17:43:09] warmStart (decay=exponential) 21% (243/1110) regret=0.107357 ape=0.5954
[17:43:09] warmStart (decay=exponential) 21% (244/1110) regret=0.107135 ape=0.5945
[17:43:10] warmStart (decay=exponential) 22% (245/1110) regret=0.107135 ape=0.5945
[17:43:10] warmStart (decay=exponential) 22% (246/1110) regret=0.107135 ape=0.5945
[17:43:10] warmStart (decay=exponential) 22% (247/1110) regret=0.107135 ape=0.5945
[17:43:10] warmStart (decay=exponential) 22% (248/1110) regret=0.107135 ape=0.5945
[17:43:10] warmStart (decay=exponential) 22% (249/1110) regret=0.107135 ape=0.5945
[17:43:10] warmStart (decay=exponential) 22% (250/1110) regret=0.107135 ape=0.5945
[17:43:11] warmStart (decay=exponential) 22% (251/1110) regret=0.107135 ape=0.5945
[17:43:11] warmStart (decay=exponential) 22% (252/1110) regret=0.107135 ape=0.5945
[17:43:11] warmStart (decay=exponential) 22% (253/1110) regret=0.107135 ape=0.5945
[17:43:11] warmStart (decay=exponential) 22% (254/1110) regret=0.107135 ape=0.5945
[17:43:11] warmStart (decay=exponential) 22% (255/1110) regret=0.107135 ape=0.5945
[17:43:11] warmStart (decay=exponential) 23% (256/1110) regret=0.107135 ape=0.5945
[17:43:12] warmStart (decay=exponential) 23% (257/1110) regret=0.107135 ape=0.5945
[17:43:12] warmStart (decay=exponential) 23% (258/1110) regret=0.107135 ape=0.5945
[17:43:12] warmStart (decay=exponential) 23% (259/1110) regret=0.107135 ape=0.5945
[17:43:12] warmStart (decay=exponential) 23% (260/1110) regret=0.107135 ape=0.5945
[17:43:12] warmStart (decay=exponential) 23% (261/1110) regret=0.107135 ape=0.5945
[17:43:12] warmStart (decay=exponential) 23% (262/1110) regret=0.107135 ape=0.5945
[17:43:13] warmStart (decay=exponential) 23% (263/1110) regret=0.107135 ape=0.5945
[17:43:13] warmStart (decay=exponential) 23% (264/1110) regret=0.107135 ape=0.5945
[17:43:13] warmStart (decay=exponential) 23% (265/1110) regret=0.107135 ape=0.5945
[17:43:13] warmStart (decay=exponential) 23% (266/1110) regret=0.107135 ape=0.5945
[17:43:13] warmStart (decay=exponential) 24% (267/1110) regret=0.107135 ape=0.5945
[17:43:14] warmStart (decay=exponential) 24% (268/1110) regret=0.107135 ape=0.5945
[17:43:14] warmStart (decay=exponential) 24% (269/1110) regret=0.107135 ape=0.5945
[17:43:14] warmStart (decay=exponential) 24% (270/1110) regret=0.107135 ape=0.5945
[17:43:14] warmStart (decay=exponential) 24% (271/1110) regret=0.107135 ape=0.5945
[17:43:14] warmStart (decay=exponential) 24% (272/1110) regret=0.107135 ape=0.5945
[17:43:14] warmStart (decay=exponential) 24% (273/1110) regret=0.107135 ape=0.5945
[17:43:15] warmStart (decay=exponential) 24% (274/1110) regret=0.107135 ape=0.5945
[17:43:15] warmStart (decay=exponential) 24% (275/1110) regret=0.107135 ape=0.5945
[17:43:15] warmStart (decay=exponential) 24% (276/1110) regret=0.107135 ape=0.5945
[17:43:15] warmStart (decay=exponential) 24% (277/1110) regret=0.107135 ape=0.5945
[17:43:15] warmStart (decay=exponential) 25% (278/1110) regret=0.107135 ape=0.5945
[17:43:16] warmStart (decay=exponential) 25% (279/1110) regret=0.107135 ape=0.5945
[17:43:16] warmStart (decay=exponential) 25% (280/1110) regret=0.107135 ape=0.5945
[17:43:16] warmStart (decay=exponential) 25% (281/1110) regret=0.107135 ape=0.5945
[17:43:16] warmStart (decay=exponential) 25% (282/1110) regret=0.107135 ape=0.5945
[17:43:16] warmStart (decay=exponential) 25% (283/1110) regret=0.107135 ape=0.5945
[17:43:16] warmStart (decay=exponential) 25% (284/1110) regret=0.107135 ape=0.5945
[17:43:17] warmStart (decay=exponential) 25% (285/1110) regret=0.107135 ape=0.5945
[17:43:17] warmStart (decay=exponential) 25% (286/1110) regret=0.107135 ape=0.5945
[17:43:17] warmStart (decay=exponential) 25% (287/1110) regret=0.107135 ape=0.5945
[17:43:17] warmStart (decay=exponential) 25% (288/1110) regret=0.107135 ape=0.5945
[17:43:17] warmStart (decay=exponential) 26% (289/1110) regret=0.107135 ape=0.5945
[17:43:18] warmStart (decay=exponential) 26% (290/1110) regret=0.107135 ape=0.5945
[17:43:18] warmStart (decay=exponential) 26% (291/1110) regret=0.107135 ape=0.5945
[17:43:18] warmStart (decay=exponential) 26% (292/1110) regret=0.107135 ape=0.5945
[17:43:18] warmStart (decay=exponential) 26% (293/1110) regret=0.107135 ape=0.5945
[17:43:18] warmStart (decay=exponential) 26% (294/1110) regret=0.107135 ape=0.5945
[17:43:18] warmStart (decay=exponential) 26% (295/1110) regret=0.107135 ape=0.5945
[17:43:19] warmStart (decay=exponential) 26% (296/1110) regret=0.107135 ape=0.5945
[17:43:19] warmStart (decay=exponential) 26% (297/1110) regret=0.107135 ape=0.5945
[17:43:19] warmStart (decay=exponential) 26% (298/1110) regret=0.107135 ape=0.5945
[17:43:19] warmStart (decay=exponential) 26% (299/1110) regret=0.107135 ape=0.5945
[17:43:19] warmStart (decay=exponential) 27% (300/1110) regret=0.107135 ape=0.5945
[17:43:20] warmStart (decay=exponential) 27% (301/1110) regret=0.107135 ape=0.5945
[17:43:20] warmStart (decay=exponential) 27% (302/1110) regret=0.107135 ape=0.5945
[17:43:20] warmStart (decay=exponential) 27% (303/1110) regret=0.107135 ape=0.5945
[17:43:20] warmStart (decay=exponential) 27% (304/1110) regret=0.107135 ape=0.5945
[17:43:20] warmStart (decay=exponential) 27% (305/1110) regret=0.107135 ape=0.5945
[17:43:20] warmStart (decay=exponential) 27% (306/1110) regret=0.107135 ape=0.5945
[17:43:21] warmStart (decay=exponential) 27% (307/1110) regret=0.107135 ape=0.5945
[17:43:21] warmStart (decay=exponential) 27% (308/1110) regret=0.107135 ape=0.5945
[17:43:21] warmStart (decay=exponential) 27% (309/1110) regret=0.107135 ape=0.5945
[17:43:21] warmStart (decay=exponential) 27% (310/1110) regret=0.107132 ape=0.5945
[17:43:21] warmStart (decay=exponential) 28% (311/1110) regret=0.107134 ape=0.5945
[17:43:21] warmStart (decay=exponential) 28% (312/1110) regret=0.107132 ape=0.5945
[17:43:22] warmStart (decay=exponential) 28% (313/1110) regret=0.107135 ape=0.5945
[17:43:22] warmStart (decay=exponential) 28% (314/1110) regret=0.107130 ape=0.5935
[17:43:22] warmStart (decay=exponential) 28% (315/1110) regret=0.107132 ape=0.5945
[17:43:22] warmStart (decay=exponential) 28% (316/1110) regret=0.107132 ape=0.5945
[17:43:22] warmStart (decay=exponential) 28% (317/1110) regret=0.107132 ape=0.5945
[17:43:22] warmStart (decay=exponential) 28% (318/1110) regret=0.107131 ape=0.5945
[17:43:23] warmStart (decay=exponential) 28% (319/1110) regret=0.107132 ape=0.5945
[17:43:23] warmStart (decay=exponential) 28% (320/1110) regret=0.107134 ape=0.5945
[17:43:23] warmStart (decay=exponential) 28% (321/1110) regret=0.107132 ape=0.5945
[17:43:23] warmStart (decay=exponential) 29% (322/1110) regret=0.107135 ape=0.5945
[17:43:23] warmStart (decay=exponential) 29% (323/1110) regret=0.107130 ape=0.5935
[17:43:23] warmStart (decay=exponential) 29% (324/1110) regret=0.107132 ape=0.5945
[17:43:24] warmStart (decay=exponential) 29% (325/1110) regret=0.107132 ape=0.5945
[17:43:24] warmStart (decay=exponential) 29% (326/1110) regret=0.107132 ape=0.5945
[17:43:24] warmStart (decay=exponential) 29% (327/1110) regret=0.107155 ape=0.5945
[17:43:24] warmStart (decay=exponential) 29% (328/1110) regret=0.107118 ape=0.5945
[17:43:24] warmStart (decay=exponential) 29% (329/1110) regret=0.107118 ape=0.5945
[17:43:25] warmStart (decay=exponential) 29% (330/1110) regret=0.107118 ape=0.5945
[17:43:25] warmStart (decay=exponential) 29% (331/1110) regret=0.107118 ape=0.5945
[17:43:25] warmStart (decay=exponential) 29% (332/1110) regret=0.107118 ape=0.5945
[17:43:25] warmStart (decay=exponential) 30% (333/1110) regret=0.107118 ape=0.5945
[17:43:25] warmStart (decay=exponential) 30% (334/1110) regret=0.107118 ape=0.5945
[17:43:26] warmStart (decay=exponential) 30% (335/1110) regret=0.107118 ape=0.5945
[17:43:26] warmStart (decay=exponential) 30% (336/1110) regret=0.107127 ape=0.5945
[17:43:26] warmStart (decay=exponential) 30% (337/1110) regret=0.107127 ape=0.5945
[17:43:26] warmStart (decay=exponential) 30% (338/1110) regret=0.107127 ape=0.5945
[17:43:26] warmStart (decay=exponential) 30% (339/1110) regret=0.107127 ape=0.5945
[17:43:27] warmStart (decay=exponential) 30% (340/1110) regret=0.107127 ape=0.5945
[17:43:27] warmStart (decay=exponential) 30% (341/1110) regret=0.107118 ape=0.5945
[17:43:27] warmStart (decay=exponential) 30% (342/1110) regret=0.107118 ape=0.5945
[17:43:27] warmStart (decay=exponential) 30% (343/1110) regret=0.107118 ape=0.5945
[17:43:27] warmStart (decay=exponential) 30% (344/1110) regret=0.107118 ape=0.5945
[17:43:28] warmStart (decay=exponential) 31% (345/1110) regret=0.107118 ape=0.5945
[17:43:28] warmStart (decay=exponential) 31% (346/1110) regret=0.107118 ape=0.5945
[17:43:28] warmStart (decay=exponential) 31% (347/1110) regret=0.107118 ape=0.5945
[17:43:28] warmStart (decay=exponential) 31% (348/1110) regret=0.107118 ape=0.5945
[17:43:28] warmStart (decay=exponential) 31% (349/1110) regret=0.107118 ape=0.5945
[17:43:29] warmStart (decay=exponential) 31% (350/1110) regret=0.107118 ape=0.5945
[17:43:29] warmStart (decay=exponential) 31% (351/1110) regret=0.107118 ape=0.5945
[17:43:29] warmStart (decay=exponential) 31% (352/1110) regret=0.107118 ape=0.5945
[17:43:29] warmStart (decay=exponential) 31% (353/1110) regret=0.107118 ape=0.5945
[17:43:29] warmStart (decay=exponential) 31% (354/1110) regret=0.107118 ape=0.5945
[17:43:30] warmStart (decay=exponential) 31% (355/1110) regret=0.107118 ape=0.5945
[17:43:30] warmStart (decay=exponential) 32% (356/1110) regret=0.107118 ape=0.5945
[17:43:30] warmStart (decay=exponential) 32% (357/1110) regret=0.107118 ape=0.5945
[17:43:30] warmStart (decay=exponential) 32% (358/1110) regret=0.107118 ape=0.5945
[17:43:30] warmStart (decay=exponential) 32% (359/1110) regret=0.107132 ape=0.5945
[17:43:31] warmStart (decay=exponential) 32% (360/1110) regret=0.107118 ape=0.5945
[17:43:31] warmStart (decay=exponential) 32% (361/1110) regret=0.107118 ape=0.5945
[17:43:31] warmStart (decay=exponential) 32% (362/1110) regret=0.107118 ape=0.5945
[17:43:31] warmStart (decay=exponential) 32% (363/1110) regret=0.107118 ape=0.5945
[17:43:31] warmStart (decay=exponential) 32% (364/1110) regret=0.107118 ape=0.5945
[17:43:32] warmStart (decay=exponential) 32% (365/1110) regret=0.107118 ape=0.5945
[17:43:32] warmStart (decay=exponential) 32% (366/1110) regret=0.107118 ape=0.5945
[17:43:32] warmStart (decay=exponential) 33% (367/1110) regret=0.107118 ape=0.5945
[17:43:32] warmStart (decay=exponential) 33% (368/1110) regret=0.107118 ape=0.5945
[17:43:32] warmStart (decay=exponential) 33% (369/1110) regret=0.107118 ape=0.5945
[17:43:32] warmStart (decay=exponential) 33% (370/1110) regret=0.107118 ape=0.5945
[17:43:33] warmStart (decay=exponential) 33% (371/1110) regret=0.107118 ape=0.5945
[17:43:33] warmStart (decay=exponential) 33% (372/1110) regret=0.107118 ape=0.5945
[17:43:33] warmStart (decay=exponential) 33% (373/1110) regret=0.107118 ape=0.5945
[17:43:33] warmStart (decay=exponential) 33% (374/1110) regret=0.107118 ape=0.5945
[17:43:33] warmStart (decay=exponential) 33% (375/1110) regret=0.107118 ape=0.5945
[17:43:34] warmStart (decay=exponential) 33% (376/1110) regret=0.107118 ape=0.5945
[17:43:34] warmStart (decay=exponential) 33% (377/1110) regret=0.107118 ape=0.5945
[17:43:34] warmStart (decay=exponential) 34% (378/1110) regret=0.107118 ape=0.5945
[17:43:34] warmStart (decay=exponential) 34% (379/1110) regret=0.107118 ape=0.5945
[17:43:34] warmStart (decay=exponential) 34% (380/1110) regret=0.107118 ape=0.5945
[17:43:34] warmStart (decay=exponential) 34% (381/1110) regret=0.107118 ape=0.5945
[17:43:35] warmStart (decay=exponential) 34% (382/1110) regret=0.107118 ape=0.5945
[17:43:35] warmStart (decay=exponential) 34% (383/1110) regret=0.107118 ape=0.5945
[17:43:35] warmStart (decay=exponential) 34% (384/1110) regret=0.107118 ape=0.5945
[17:43:35] warmStart (decay=exponential) 34% (385/1110) regret=0.107118 ape=0.5945
[17:43:35] warmStart (decay=exponential) 34% (386/1110) regret=0.107118 ape=0.5945
[17:43:36] warmStart (decay=exponential) 34% (387/1110) regret=0.107118 ape=0.5945
[17:43:36] warmStart (decay=exponential) 34% (388/1110) regret=0.107118 ape=0.5945
[17:43:36] warmStart (decay=exponential) 35% (389/1110) regret=0.107118 ape=0.5945
[17:43:36] warmStart (decay=exponential) 35% (390/1110) regret=0.107118 ape=0.5945
[17:43:36] warmStart (decay=exponential) 35% (391/1110) regret=0.107118 ape=0.5945
[17:43:37] warmStart (decay=exponential) 35% (392/1110) regret=0.107118 ape=0.5945
[17:43:37] warmStart (decay=exponential) 35% (393/1110) regret=0.107118 ape=0.5945
[17:43:37] warmStart (decay=exponential) 35% (394/1110) regret=0.107118 ape=0.5945
[17:43:37] warmStart (decay=exponential) 35% (395/1110) regret=0.107118 ape=0.5945
[17:43:37] warmStart (decay=exponential) 35% (396/1110) regret=0.107118 ape=0.5945
[17:43:37] warmStart (decay=exponential) 35% (397/1110) regret=0.107118 ape=0.5945
[17:43:38] warmStart (decay=exponential) 35% (398/1110) regret=0.107118 ape=0.5945
[17:43:38] warmStart (decay=exponential) 35% (399/1110) regret=0.107118 ape=0.5945
[17:43:38] warmStart (decay=exponential) 36% (400/1110) regret=0.107118 ape=0.5945
[17:43:38] warmStart (decay=exponential) 36% (401/1110) regret=0.107118 ape=0.5945
[17:43:38] warmStart (decay=exponential) 36% (402/1110) regret=0.107118 ape=0.5945
[17:43:38] warmStart (decay=exponential) 36% (403/1110) regret=0.107118 ape=0.5945
[17:43:39] warmStart (decay=exponential) 36% (404/1110) regret=0.107118 ape=0.5945
[17:43:39] warmStart (decay=exponential) 36% (405/1110) regret=0.107118 ape=0.5945
[17:43:39] warmStart (decay=exponential) 36% (406/1110) regret=0.107146 ape=0.5954
[17:43:39] warmStart (decay=exponential) 36% (407/1110) regret=0.107146 ape=0.5954
[17:43:39] warmStart (decay=exponential) 36% (408/1110) regret=0.106871 ape=0.5945
[17:43:40] warmStart (decay=exponential) 36% (409/1110) regret=0.106871 ape=0.5945
[17:43:40] warmStart (decay=exponential) 36% (410/1110) regret=0.106871 ape=0.5945
[17:43:40] warmStart (decay=exponential) 37% (411/1110) regret=0.106871 ape=0.5945
[17:43:40] warmStart (decay=exponential) 37% (412/1110) regret=0.106871 ape=0.5945
[17:43:40] warmStart (decay=exponential) 37% (413/1110) regret=0.106871 ape=0.5945
[17:43:40] warmStart (decay=exponential) 37% (414/1110) regret=0.106871 ape=0.5945
[17:43:41] warmStart (decay=exponential) 37% (415/1110) regret=0.106871 ape=0.5945
[17:43:41] warmStart (decay=exponential) 37% (416/1110) regret=0.106871 ape=0.5945
[17:43:41] warmStart (decay=exponential) 37% (417/1110) regret=0.106871 ape=0.5945
[17:43:41] warmStart (decay=exponential) 37% (418/1110) regret=0.106871 ape=0.5945
[17:43:41] warmStart (decay=exponential) 37% (419/1110) regret=0.106871 ape=0.5945
[17:43:42] warmStart (decay=exponential) 37% (420/1110) regret=0.106871 ape=0.5945
[17:43:42] warmStart (decay=exponential) 37% (421/1110) regret=0.106871 ape=0.5945
[17:43:42] warmStart (decay=exponential) 38% (422/1110) regret=0.106871 ape=0.5945
[17:43:42] warmStart (decay=exponential) 38% (423/1110) regret=0.106871 ape=0.5945
[17:43:42] warmStart (decay=exponential) 38% (424/1110) regret=0.106871 ape=0.5945
[17:43:43] warmStart (decay=exponential) 38% (425/1110) regret=0.106871 ape=0.5945
[17:43:43] warmStart (decay=exponential) 38% (426/1110) regret=0.106871 ape=0.5945
[17:43:43] warmStart (decay=exponential) 38% (427/1110) regret=0.106871 ape=0.5945
[17:43:43] warmStart (decay=exponential) 38% (428/1110) regret=0.106871 ape=0.5945
[17:43:43] warmStart (decay=exponential) 38% (429/1110) regret=0.106871 ape=0.5945
[17:43:44] warmStart (decay=exponential) 38% (430/1110) regret=0.106871 ape=0.5945
[17:43:44] warmStart (decay=exponential) 38% (431/1110) regret=0.106871 ape=0.5945
[17:43:44] warmStart (decay=exponential) 38% (432/1110) regret=0.106871 ape=0.5945
[17:43:44] warmStart (decay=exponential) 39% (433/1110) regret=0.106871 ape=0.5945
[17:43:44] warmStart (decay=exponential) 39% (434/1110) regret=0.106871 ape=0.5945
[17:43:45] warmStart (decay=exponential) 39% (435/1110) regret=0.106871 ape=0.5945
[17:43:45] warmStart (decay=exponential) 39% (436/1110) regret=0.106871 ape=0.5945
[17:43:45] warmStart (decay=exponential) 39% (437/1110) regret=0.106871 ape=0.5945
[17:43:45] warmStart (decay=exponential) 39% (438/1110) regret=0.106871 ape=0.5945
[17:43:45] warmStart (decay=exponential) 39% (439/1110) regret=0.106871 ape=0.5945
[17:43:46] warmStart (decay=exponential) 39% (440/1110) regret=0.106871 ape=0.5945
[17:43:46] warmStart (decay=exponential) 39% (441/1110) regret=0.106871 ape=0.5945
[17:43:46] warmStart (decay=exponential) 39% (442/1110) regret=0.106871 ape=0.5945
[17:43:46] warmStart (decay=exponential) 39% (443/1110) regret=0.106871 ape=0.5945
[17:43:46] warmStart (decay=exponential) 40% (444/1110) regret=0.106871 ape=0.5945
[17:43:47] warmStart (decay=exponential) 40% (445/1110) regret=0.106871 ape=0.5945
[17:43:47] warmStart (decay=exponential) 40% (446/1110) regret=0.106871 ape=0.5945
[17:43:47] warmStart (decay=exponential) 40% (447/1110) regret=0.106871 ape=0.5945
[17:43:47] warmStart (decay=exponential) 40% (448/1110) regret=0.106871 ape=0.5945
[17:43:47] warmStart (decay=exponential) 40% (449/1110) regret=0.106871 ape=0.5945
[17:43:48] warmStart (decay=exponential) 40% (450/1110) regret=0.106871 ape=0.5945
[17:43:48] warmStart (decay=exponential) 40% (451/1110) regret=0.106871 ape=0.5945
[17:43:48] warmStart (decay=exponential) 40% (452/1110) regret=0.106871 ape=0.5945
[17:43:48] warmStart (decay=exponential) 40% (453/1110) regret=0.106871 ape=0.5945
[17:43:48] warmStart (decay=exponential) 40% (454/1110) regret=0.106871 ape=0.5945
[17:43:49] warmStart (decay=exponential) 40% (455/1110) regret=0.106871 ape=0.5945
[17:43:49] warmStart (decay=exponential) 41% (456/1110) regret=0.106871 ape=0.5945
[17:43:49] warmStart (decay=exponential) 41% (457/1110) regret=0.106871 ape=0.5945
[17:43:49] warmStart (decay=exponential) 41% (458/1110) regret=0.106871 ape=0.5945
[17:43:49] warmStart (decay=exponential) 41% (459/1110) regret=0.106871 ape=0.5945
[17:43:50] warmStart (decay=exponential) 41% (460/1110) regret=0.106871 ape=0.5945
[17:43:50] warmStart (decay=exponential) 41% (461/1110) regret=0.106871 ape=0.5945
[17:43:50] warmStart (decay=exponential) 41% (462/1110) regret=0.106871 ape=0.5945
[17:43:50] warmStart (decay=exponential) 41% (463/1110) regret=0.106871 ape=0.5945
[17:43:50] warmStart (decay=exponential) 41% (464/1110) regret=0.106871 ape=0.5945
[17:43:51] warmStart (decay=exponential) 41% (465/1110) regret=0.106871 ape=0.5945
[17:43:51] warmStart (decay=exponential) 41% (466/1110) regret=0.106871 ape=0.5945
[17:43:51] warmStart (decay=exponential) 42% (467/1110) regret=0.106871 ape=0.5945
[17:43:51] warmStart (decay=exponential) 42% (468/1110) regret=0.106871 ape=0.5945
[17:43:51] warmStart (decay=exponential) 42% (469/1110) regret=0.106871 ape=0.5945
[17:43:52] warmStart (decay=exponential) 42% (470/1110) regret=0.106871 ape=0.5945
[17:43:52] warmStart (decay=exponential) 42% (471/1110) regret=0.106871 ape=0.5945
[17:43:52] warmStart (decay=exponential) 42% (472/1110) regret=0.106871 ape=0.5945
[17:43:52] warmStart (decay=exponential) 42% (473/1110) regret=0.106871 ape=0.5945
[17:43:52] warmStart (decay=exponential) 42% (474/1110) regret=0.106871 ape=0.5945
[17:43:53] warmStart (decay=exponential) 42% (475/1110) regret=0.106871 ape=0.5945
[17:43:53] warmStart (decay=exponential) 42% (476/1110) regret=0.106871 ape=0.5945
[17:43:53] warmStart (decay=exponential) 42% (477/1110) regret=0.106871 ape=0.5945
[17:43:53] warmStart (decay=exponential) 43% (478/1110) regret=0.106871 ape=0.5945
[17:43:53] warmStart (decay=exponential) 43% (479/1110) regret=0.106871 ape=0.5945
[17:43:54] warmStart (decay=exponential) 43% (480/1110) regret=0.106871 ape=0.5945
[17:43:54] warmStart (decay=exponential) 43% (481/1110) regret=0.106871 ape=0.5945
[17:43:54] warmStart (decay=exponential) 43% (482/1110) regret=0.106871 ape=0.5945
[17:43:54] warmStart (decay=exponential) 43% (483/1110) regret=0.106871 ape=0.5945
[17:43:54] warmStart (decay=exponential) 43% (484/1110) regret=0.106871 ape=0.5945
[17:43:55] warmStart (decay=exponential) 43% (485/1110) regret=0.106871 ape=0.5945
[17:43:55] warmStart (decay=exponential) 43% (486/1110) regret=0.106871 ape=0.5945
[17:43:55] warmStart (decay=exponential) 43% (487/1110) regret=0.106871 ape=0.5945
[17:43:55] warmStart (decay=exponential) 43% (488/1110) regret=0.106871 ape=0.5945
[17:43:55] warmStart (decay=exponential) 44% (489/1110) regret=0.106871 ape=0.5945
[17:43:56] warmStart (decay=exponential) 44% (490/1110) regret=0.106871 ape=0.5945
[17:43:56] warmStart (decay=exponential) 44% (491/1110) regret=0.107193 ape=0.5954
[17:43:56] warmStart (decay=exponential) 44% (492/1110) regret=0.106871 ape=0.5945
[17:43:56] warmStart (decay=exponential) 44% (493/1110) regret=0.106871 ape=0.5945
[17:43:56] warmStart (decay=exponential) 44% (494/1110) regret=0.106871 ape=0.5945
[17:43:57] warmStart (decay=exponential) 44% (495/1110) regret=0.106871 ape=0.5945
[17:43:57] warmStart (decay=exponential) 44% (496/1110) regret=0.106871 ape=0.5945
[17:43:57] warmStart (decay=exponential) 44% (497/1110) regret=0.106871 ape=0.5945
[17:43:57] warmStart (decay=exponential) 44% (498/1110) regret=0.106871 ape=0.5945
[17:43:57] warmStart (decay=exponential) 44% (499/1110) regret=0.106871 ape=0.5945
[17:43:58] warmStart (decay=exponential) 45% (500/1110) regret=0.106871 ape=0.5945
[17:43:58] warmStart (decay=exponential) 45% (501/1110) regret=0.106705 ape=0.5945
[17:43:58] warmStart (decay=exponential) 45% (502/1110) regret=0.106852 ape=0.5945
[17:43:58] warmStart (decay=exponential) 45% (503/1110) regret=0.106769 ape=0.5945
[17:43:58] warmStart (decay=exponential) 45% (504/1110) regret=0.106769 ape=0.5945
[17:43:59] warmStart (decay=exponential) 45% (505/1110) regret=0.106917 ape=0.5945
[17:43:59] warmStart (decay=exponential) 45% (506/1110) regret=0.106677 ape=0.5945
[17:43:59] warmStart (decay=exponential) 45% (507/1110) regret=0.106677 ape=0.5945
[17:43:59] warmStart (decay=exponential) 45% (508/1110) regret=0.106677 ape=0.5945
[17:43:59] warmStart (decay=exponential) 45% (509/1110) regret=0.106677 ape=0.5945
[17:44:00] warmStart (decay=exponential) 45% (510/1110) regret=0.106677 ape=0.5945
[17:44:00] warmStart (decay=exponential) 46% (511/1110) regret=0.106677 ape=0.5945
[17:44:00] warmStart (decay=exponential) 46% (512/1110) regret=0.106677 ape=0.5945
[17:44:00] warmStart (decay=exponential) 46% (513/1110) regret=0.106677 ape=0.5945
[17:44:00] warmStart (decay=exponential) 46% (514/1110) regret=0.106670 ape=0.5945
[17:44:01] warmStart (decay=exponential) 46% (515/1110) regret=0.106659 ape=0.5935
[17:44:01] warmStart (decay=exponential) 46% (516/1110) regret=0.106670 ape=0.5945
[17:44:01] warmStart (decay=exponential) 46% (517/1110) regret=0.106712 ape=0.5945
[17:44:01] warmStart (decay=exponential) 46% (518/1110) regret=0.106677 ape=0.5945
[17:44:01] warmStart (decay=exponential) 46% (519/1110) regret=0.106670 ape=0.5945
[17:44:01] warmStart (decay=exponential) 46% (520/1110) regret=0.107057 ape=0.5954
[17:44:02] warmStart (decay=exponential) 46% (521/1110) regret=0.107242 ape=0.5954
[17:44:02] warmStart (decay=exponential) 47% (522/1110) regret=0.106984 ape=0.5954
[17:44:02] warmStart (decay=exponential) 47% (523/1110) regret=0.106670 ape=0.5945
[17:44:02] warmStart (decay=exponential) 47% (524/1110) regret=0.106670 ape=0.5945
[17:44:02] warmStart (decay=exponential) 47% (525/1110) regret=0.106670 ape=0.5945
[17:44:03] warmStart (decay=exponential) 47% (526/1110) regret=0.106726 ape=0.5954
[17:44:03] warmStart (decay=exponential) 47% (527/1110) regret=0.106680 ape=0.5954
[17:44:03] warmStart (decay=exponential) 47% (528/1110) regret=0.106790 ape=0.5954
[17:44:03] warmStart (decay=exponential) 47% (529/1110) regret=0.106790 ape=0.5954
[17:44:03] warmStart (decay=exponential) 47% (530/1110) regret=0.106680 ape=0.5954
[17:44:03] warmStart (decay=exponential) 47% (531/1110) regret=0.106680 ape=0.5954
[17:44:04] warmStart (decay=exponential) 47% (532/1110) regret=0.107196 ape=0.5963
[17:44:04] warmStart (decay=exponential) 48% (533/1110) regret=0.106822 ape=0.5963
[17:44:04] warmStart (decay=exponential) 48% (534/1110) regret=0.106680 ape=0.5954
[17:44:04] warmStart (decay=exponential) 48% (535/1110) regret=0.106693 ape=0.5963
[17:44:04] warmStart (decay=exponential) 48% (536/1110) regret=0.106693 ape=0.5963
[17:44:05] warmStart (decay=exponential) 48% (537/1110) regret=0.106693 ape=0.5963
[17:44:05] warmStart (decay=exponential) 48% (538/1110) regret=0.107403 ape=0.5972
[17:44:05] warmStart (decay=exponential) 48% (539/1110) regret=0.106693 ape=0.5963
[17:44:05] warmStart (decay=exponential) 48% (540/1110) regret=0.106693 ape=0.5963
[17:44:05] warmStart (decay=exponential) 48% (541/1110) regret=0.106693 ape=0.5963
[17:44:05] warmStart (decay=exponential) 48% (542/1110) regret=0.106693 ape=0.5963
[17:44:06] warmStart (decay=exponential) 48% (543/1110) regret=0.106693 ape=0.5963
[17:44:06] warmStart (decay=exponential) 49% (544/1110) regret=0.106693 ape=0.5963
[17:44:06] warmStart (decay=exponential) 49% (545/1110) regret=0.106693 ape=0.5963
[17:44:06] warmStart (decay=exponential) 49% (546/1110) regret=0.106693 ape=0.5963
[17:44:06] warmStart (decay=exponential) 49% (547/1110) regret=0.106693 ape=0.5963
[17:44:07] warmStart (decay=exponential) 49% (548/1110) regret=0.106693 ape=0.5963
[17:44:07] warmStart (decay=exponential) 49% (549/1110) regret=0.106693 ape=0.5963
[17:44:07] warmStart (decay=exponential) 49% (550/1110) regret=0.106693 ape=0.5963
[17:44:07] warmStart (decay=exponential) 49% (551/1110) regret=0.106693 ape=0.5963
[17:44:07] warmStart (decay=exponential) 49% (552/1110) regret=0.106693 ape=0.5963
[17:44:07] warmStart (decay=exponential) 49% (553/1110) regret=0.106693 ape=0.5963
[17:44:08] warmStart (decay=exponential) 49% (554/1110) regret=0.106693 ape=0.5963
[17:44:08] warmStart (decay=exponential) 50% (555/1110) regret=0.106693 ape=0.5963
[17:44:08] warmStart (decay=exponential) 50% (556/1110) regret=0.106693 ape=0.5963
[17:44:08] warmStart (decay=exponential) 50% (557/1110) regret=0.106693 ape=0.5963
[17:44:08] warmStart (decay=exponential) 50% (558/1110) regret=0.106693 ape=0.5963
[17:44:09] warmStart (decay=exponential) 50% (559/1110) regret=0.106693 ape=0.5963
[17:44:09] warmStart (decay=exponential) 50% (560/1110) regret=0.106693 ape=0.5963
[17:44:09] warmStart (decay=exponential) 50% (561/1110) regret=0.106693 ape=0.5963
[17:44:09] warmStart (decay=exponential) 50% (562/1110) regret=0.106693 ape=0.5963
[17:44:09] warmStart (decay=exponential) 50% (563/1110) regret=0.106693 ape=0.5963
[17:44:10] warmStart (decay=exponential) 50% (564/1110) regret=0.106693 ape=0.5963
[17:44:10] warmStart (decay=exponential) 50% (565/1110) regret=0.106693 ape=0.5963
[17:44:10] warmStart (decay=exponential) 50% (566/1110) regret=0.106693 ape=0.5963
[17:44:10] warmStart (decay=exponential) 51% (567/1110) regret=0.106693 ape=0.5963
[17:44:10] warmStart (decay=exponential) 51% (568/1110) regret=0.106693 ape=0.5963
[17:44:10] warmStart (decay=exponential) 51% (569/1110) regret=0.106693 ape=0.5963
[17:44:11] warmStart (decay=exponential) 51% (570/1110) regret=0.106693 ape=0.5963
[17:44:11] warmStart (decay=exponential) 51% (571/1110) regret=0.106693 ape=0.5963
[17:44:11] warmStart (decay=exponential) 51% (572/1110) regret=0.106693 ape=0.5963
[17:44:11] warmStart (decay=exponential) 51% (573/1110) regret=0.106693 ape=0.5963
[17:44:11] warmStart (decay=exponential) 51% (574/1110) regret=0.106693 ape=0.5963
[17:44:12] warmStart (decay=exponential) 51% (575/1110) regret=0.106693 ape=0.5963
[17:44:12] warmStart (decay=exponential) 51% (576/1110) regret=0.106693 ape=0.5963
[17:44:12] warmStart (decay=exponential) 51% (577/1110) regret=0.106693 ape=0.5963
[17:44:12] warmStart (decay=exponential) 52% (578/1110) regret=0.106693 ape=0.5963
[17:44:12] warmStart (decay=exponential) 52% (579/1110) regret=0.106693 ape=0.5963
[17:44:12] warmStart (decay=exponential) 52% (580/1110) regret=0.106693 ape=0.5963
[17:44:13] warmStart (decay=exponential) 52% (581/1110) regret=0.106693 ape=0.5963
[17:44:13] warmStart (decay=exponential) 52% (582/1110) regret=0.106693 ape=0.5963
[17:44:13] warmStart (decay=exponential) 52% (583/1110) regret=0.106693 ape=0.5963
[17:44:13] warmStart (decay=exponential) 52% (584/1110) regret=0.106781 ape=0.5963
[17:44:13] warmStart (decay=exponential) 52% (585/1110) regret=0.106693 ape=0.5963
[17:44:14] warmStart (decay=exponential) 52% (586/1110) regret=0.106560 ape=0.5954
[17:44:14] warmStart (decay=exponential) 52% (587/1110) regret=0.106560 ape=0.5954
[17:44:14] warmStart (decay=exponential) 52% (588/1110) regret=0.106707 ape=0.5963
[17:44:14] warmStart (decay=exponential) 53% (589/1110) regret=0.106707 ape=0.5963
[17:44:14] warmStart (decay=exponential) 53% (590/1110) regret=0.106707 ape=0.5963
[17:44:15] warmStart (decay=exponential) 53% (591/1110) regret=0.106560 ape=0.5954
[17:44:15] warmStart (decay=exponential) 53% (592/1110) regret=0.106707 ape=0.5963
[17:44:15] warmStart (decay=exponential) 53% (593/1110) regret=0.106707 ape=0.5963
[17:44:15] warmStart (decay=exponential) 53% (594/1110) regret=0.106707 ape=0.5963
[17:44:15] warmStart (decay=exponential) 53% (595/1110) regret=0.106707 ape=0.5963
[17:44:16] warmStart (decay=exponential) 53% (596/1110) regret=0.106707 ape=0.5963
[17:44:16] warmStart (decay=exponential) 53% (597/1110) regret=0.106560 ape=0.5954
[17:44:16] warmStart (decay=exponential) 53% (598/1110) regret=0.106560 ape=0.5954
[17:44:16] warmStart (decay=exponential) 53% (599/1110) regret=0.106422 ape=0.5945
[17:44:16] warmStart (decay=exponential) 54% (600/1110) regret=0.106548 ape=0.5954
[17:44:17] warmStart (decay=exponential) 54% (601/1110) regret=0.106548 ape=0.5954
[17:44:17] warmStart (decay=exponential) 54% (602/1110) regret=0.106548 ape=0.5954
[17:44:17] warmStart (decay=exponential) 54% (603/1110) regret=0.106541 ape=0.5954
[17:44:17] warmStart (decay=exponential) 54% (604/1110) regret=0.106548 ape=0.5954
[17:44:17] warmStart (decay=exponential) 54% (605/1110) regret=0.106548 ape=0.5954
[17:44:18] warmStart (decay=exponential) 54% (606/1110) regret=0.106548 ape=0.5954
[17:44:18] warmStart (decay=exponential) 54% (607/1110) regret=0.106548 ape=0.5954
[17:44:18] warmStart (decay=exponential) 54% (608/1110) regret=0.106465 ape=0.5954
[17:44:18] warmStart (decay=exponential) 54% (609/1110) regret=0.106465 ape=0.5954
[17:44:18] warmStart (decay=exponential) 54% (610/1110) regret=0.106465 ape=0.5954
[17:44:19] warmStart (decay=exponential) 55% (611/1110) regret=0.106472 ape=0.5954
[17:44:19] warmStart (decay=exponential) 55% (612/1110) regret=0.106548 ape=0.5954
[17:44:19] warmStart (decay=exponential) 55% (613/1110) regret=0.106548 ape=0.5954
[17:44:19] warmStart (decay=exponential) 55% (614/1110) regret=0.106548 ape=0.5954
[17:44:19] warmStart (decay=exponential) 55% (615/1110) regret=0.106548 ape=0.5954
[17:44:20] warmStart (decay=exponential) 55% (616/1110) regret=0.106509 ape=0.5954
[17:44:20] warmStart (decay=exponential) 55% (617/1110) regret=0.106509 ape=0.5954
[17:44:20] warmStart (decay=exponential) 55% (618/1110) regret=0.106523 ape=0.5954
[17:44:20] warmStart (decay=exponential) 55% (619/1110) regret=0.106509 ape=0.5954
[17:44:20] warmStart (decay=exponential) 55% (620/1110) regret=0.106518 ape=0.5954
[17:44:21] warmStart (decay=exponential) 55% (621/1110) regret=0.106518 ape=0.5954
[17:44:21] warmStart (decay=exponential) 56% (622/1110) regret=0.106518 ape=0.5954
[17:44:21] warmStart (decay=exponential) 56% (623/1110) regret=0.106518 ape=0.5954
[17:44:21] warmStart (decay=exponential) 56% (624/1110) regret=0.106518 ape=0.5954
[17:44:22] warmStart (decay=exponential) 56% (625/1110) regret=0.106518 ape=0.5954
[17:44:22] warmStart (decay=exponential) 56% (626/1110) regret=0.106518 ape=0.5954
[17:44:22] warmStart (decay=exponential) 56% (627/1110) regret=0.106518 ape=0.5954
[17:44:22] warmStart (decay=exponential) 56% (628/1110) regret=0.106518 ape=0.5954
[17:44:22] warmStart (decay=exponential) 56% (629/1110) regret=0.106518 ape=0.5954
[17:44:23] warmStart (decay=exponential) 56% (630/1110) regret=0.106518 ape=0.5954
[17:44:23] warmStart (decay=exponential) 56% (631/1110) regret=0.106518 ape=0.5954
[17:44:23] warmStart (decay=exponential) 56% (632/1110) regret=0.106518 ape=0.5954
[17:44:23] warmStart (decay=exponential) 57% (633/1110) regret=0.106518 ape=0.5954
[17:44:24] warmStart (decay=exponential) 57% (634/1110) regret=0.106518 ape=0.5954
[17:44:24] warmStart (decay=exponential) 57% (635/1110) regret=0.106518 ape=0.5954
[17:44:24] warmStart (decay=exponential) 57% (636/1110) regret=0.106518 ape=0.5954
[17:44:24] warmStart (decay=exponential) 57% (637/1110) regret=0.106518 ape=0.5954
[17:44:24] warmStart (decay=exponential) 57% (638/1110) regret=0.106518 ape=0.5954
[17:44:25] warmStart (decay=exponential) 57% (639/1110) regret=0.106518 ape=0.5954
[17:44:25] warmStart (decay=exponential) 57% (640/1110) regret=0.106518 ape=0.5954
[17:44:25] warmStart (decay=exponential) 57% (641/1110) regret=0.106518 ape=0.5954
[17:44:25] warmStart (decay=exponential) 57% (642/1110) regret=0.106518 ape=0.5954
[17:44:26] warmStart (decay=exponential) 57% (643/1110) regret=0.106509 ape=0.5954
[17:44:26] warmStart (decay=exponential) 58% (644/1110) regret=0.106509 ape=0.5954
[17:44:26] warmStart (decay=exponential) 58% (645/1110) regret=0.106509 ape=0.5954
[17:44:26] warmStart (decay=exponential) 58% (646/1110) regret=0.106509 ape=0.5954
[17:44:26] warmStart (decay=exponential) 58% (647/1110) regret=0.106509 ape=0.5954
[17:44:27] warmStart (decay=exponential) 58% (648/1110) regret=0.106509 ape=0.5954
[17:44:27] warmStart (decay=exponential) 58% (649/1110) regret=0.106509 ape=0.5954
[17:44:27] warmStart (decay=exponential) 58% (650/1110) regret=0.106509 ape=0.5954
[17:44:27] warmStart (decay=exponential) 58% (651/1110) regret=0.106509 ape=0.5954
[17:44:28] warmStart (decay=exponential) 58% (652/1110) regret=0.106509 ape=0.5954
[17:44:28] warmStart (decay=exponential) 58% (653/1110) regret=0.106509 ape=0.5954
[17:44:28] warmStart (decay=exponential) 58% (654/1110) regret=0.106509 ape=0.5954
[17:44:28] warmStart (decay=exponential) 59% (655/1110) regret=0.106509 ape=0.5954
[17:44:28] warmStart (decay=exponential) 59% (656/1110) regret=0.106509 ape=0.5954
[17:44:29] warmStart (decay=exponential) 59% (657/1110) regret=0.106380 ape=0.5945
[17:44:29] warmStart (decay=exponential) 59% (658/1110) regret=0.106380 ape=0.5945
[17:44:29] warmStart (decay=exponential) 59% (659/1110) regret=0.106380 ape=0.5945
[17:44:29] warmStart (decay=exponential) 59% (660/1110) regret=0.106380 ape=0.5945
[17:44:29] warmStart (decay=exponential) 59% (661/1110) regret=0.106380 ape=0.5945
[17:44:30] warmStart (decay=exponential) 59% (662/1110) regret=0.106380 ape=0.5945
[17:44:30] warmStart (decay=exponential) 59% (663/1110) regret=0.106380 ape=0.5945
[17:44:30] warmStart (decay=exponential) 59% (664/1110) regret=0.106380 ape=0.5945
[17:44:30] warmStart (decay=exponential) 59% (665/1110) regret=0.106380 ape=0.5945
[17:44:31] warmStart (decay=exponential) 60% (666/1110) regret=0.106380 ape=0.5945
[17:44:31] warmStart (decay=exponential) 60% (667/1110) regret=0.106380 ape=0.5945
[17:44:31] warmStart (decay=exponential) 60% (668/1110) regret=0.106380 ape=0.5945
[17:44:31] warmStart (decay=exponential) 60% (669/1110) regret=0.106380 ape=0.5945
[17:44:31] warmStart (decay=exponential) 60% (670/1110) regret=0.106380 ape=0.5945
[17:44:32] warmStart (decay=exponential) 60% (671/1110) regret=0.106509 ape=0.5954
[17:44:32] warmStart (decay=exponential) 60% (672/1110) regret=0.106380 ape=0.5945
[17:44:32] warmStart (decay=exponential) 60% (673/1110) regret=0.106380 ape=0.5945
[17:44:32] warmStart (decay=exponential) 60% (674/1110) regret=0.106380 ape=0.5945
[17:44:32] warmStart (decay=exponential) 60% (675/1110) regret=0.106380 ape=0.5945
[17:44:33] warmStart (decay=exponential) 60% (676/1110) regret=0.106380 ape=0.5945
[17:44:33] warmStart (decay=exponential) 60% (677/1110) regret=0.106417 ape=0.5954
[17:44:33] warmStart (decay=exponential) 61% (678/1110) regret=0.106445 ape=0.5954
[17:44:33] warmStart (decay=exponential) 61% (679/1110) regret=0.106380 ape=0.5945
[17:44:33] warmStart (decay=exponential) 61% (680/1110) regret=0.106380 ape=0.5945
[17:44:34] warmStart (decay=exponential) 61% (681/1110) regret=0.106380 ape=0.5945
[17:44:34] warmStart (decay=exponential) 61% (682/1110) regret=0.106380 ape=0.5945
[17:44:34] warmStart (decay=exponential) 61% (683/1110) regret=0.106380 ape=0.5945
[17:44:34] warmStart (decay=exponential) 61% (684/1110) regret=0.106380 ape=0.5945
[17:44:35] warmStart (decay=exponential) 61% (685/1110) regret=0.106380 ape=0.5945
[17:44:35] warmStart (decay=exponential) 61% (686/1110) regret=0.106380 ape=0.5945
[17:44:35] warmStart (decay=exponential) 61% (687/1110) regret=0.106380 ape=0.5945
[17:44:35] warmStart (decay=exponential) 61% (688/1110) regret=0.106380 ape=0.5945
[17:44:35] warmStart (decay=exponential) 62% (689/1110) regret=0.106380 ape=0.5945
[17:44:36] warmStart (decay=exponential) 62% (690/1110) regret=0.106380 ape=0.5945
[17:44:36] warmStart (decay=exponential) 62% (691/1110) regret=0.106380 ape=0.5945
[17:44:36] warmStart (decay=exponential) 62% (692/1110) regret=0.106380 ape=0.5945
[17:44:36] warmStart (decay=exponential) 62% (693/1110) regret=0.106380 ape=0.5945
[17:44:36] warmStart (decay=exponential) 62% (694/1110) regret=0.106380 ape=0.5945
[17:44:37] warmStart (decay=exponential) 62% (695/1110) regret=0.106380 ape=0.5945
[17:44:37] warmStart (decay=exponential) 62% (696/1110) regret=0.106380 ape=0.5945
[17:44:37] warmStart (decay=exponential) 62% (697/1110) regret=0.106380 ape=0.5945
[17:44:37] warmStart (decay=exponential) 62% (698/1110) regret=0.106380 ape=0.5945
[17:44:37] warmStart (decay=exponential) 62% (699/1110) regret=0.106380 ape=0.5945
[17:44:38] warmStart (decay=exponential) 63% (700/1110) regret=0.106380 ape=0.5945
[17:44:38] warmStart (decay=exponential) 63% (701/1110) regret=0.106380 ape=0.5945
[17:44:38] warmStart (decay=exponential) 63% (702/1110) regret=0.106380 ape=0.5945
[17:44:38] warmStart (decay=exponential) 63% (703/1110) regret=0.106380 ape=0.5945
[17:44:39] warmStart (decay=exponential) 63% (704/1110) regret=0.106380 ape=0.5945
[17:44:39] warmStart (decay=exponential) 63% (705/1110) regret=0.106380 ape=0.5945
[17:44:39] warmStart (decay=exponential) 63% (706/1110) regret=0.106380 ape=0.5945
[17:44:39] warmStart (decay=exponential) 63% (707/1110) regret=0.106380 ape=0.5945
[17:44:39] warmStart (decay=exponential) 63% (708/1110) regret=0.106380 ape=0.5945
[17:44:40] warmStart (decay=exponential) 63% (709/1110) regret=0.106380 ape=0.5945
[17:44:40] warmStart (decay=exponential) 63% (710/1110) regret=0.106380 ape=0.5945
[17:44:40] warmStart (decay=exponential) 64% (711/1110) regret=0.106380 ape=0.5945
[17:44:40] warmStart (decay=exponential) 64% (712/1110) regret=0.106380 ape=0.5945
[17:44:41] warmStart (decay=exponential) 64% (713/1110) regret=0.106380 ape=0.5945
[17:44:41] warmStart (decay=exponential) 64% (714/1110) regret=0.106380 ape=0.5945
[17:44:41] warmStart (decay=exponential) 64% (715/1110) regret=0.106380 ape=0.5945
[17:44:41] warmStart (decay=exponential) 64% (716/1110) regret=0.106380 ape=0.5945
[17:44:41] warmStart (decay=exponential) 64% (717/1110) regret=0.106380 ape=0.5945
[17:44:42] warmStart (decay=exponential) 64% (718/1110) regret=0.106380 ape=0.5945
[17:44:42] warmStart (decay=exponential) 64% (719/1110) regret=0.106380 ape=0.5945
[17:44:42] warmStart (decay=exponential) 64% (720/1110) regret=0.106380 ape=0.5945
[17:44:42] warmStart (decay=exponential) 64% (721/1110) regret=0.106380 ape=0.5945
[17:44:43] warmStart (decay=exponential) 65% (722/1110) regret=0.106380 ape=0.5945
[17:44:43] warmStart (decay=exponential) 65% (723/1110) regret=0.106380 ape=0.5945
[17:44:43] warmStart (decay=exponential) 65% (724/1110) regret=0.106380 ape=0.5945
[17:44:43] warmStart (decay=exponential) 65% (725/1110) regret=0.106380 ape=0.5945
[17:44:43] warmStart (decay=exponential) 65% (726/1110) regret=0.106380 ape=0.5945
[17:44:44] warmStart (decay=exponential) 65% (727/1110) regret=0.106380 ape=0.5945
[17:44:44] warmStart (decay=exponential) 65% (728/1110) regret=0.106380 ape=0.5945
[17:44:44] warmStart (decay=exponential) 65% (729/1110) regret=0.106380 ape=0.5945
[17:44:44] warmStart (decay=exponential) 65% (730/1110) regret=0.106380 ape=0.5945
[17:44:44] warmStart (decay=exponential) 65% (731/1110) regret=0.106380 ape=0.5945
[17:44:45] warmStart (decay=exponential) 65% (732/1110) regret=0.106380 ape=0.5945
[17:44:45] warmStart (decay=exponential) 66% (733/1110) regret=0.106380 ape=0.5945
[17:44:45] warmStart (decay=exponential) 66% (734/1110) regret=0.106380 ape=0.5945
[17:44:45] warmStart (decay=exponential) 66% (735/1110) regret=0.106380 ape=0.5945
[17:44:45] warmStart (decay=exponential) 66% (736/1110) regret=0.106380 ape=0.5945
[17:44:46] warmStart (decay=exponential) 66% (737/1110) regret=0.106380 ape=0.5945
[17:44:46] warmStart (decay=exponential) 66% (738/1110) regret=0.106380 ape=0.5945
[17:44:46] warmStart (decay=exponential) 66% (739/1110) regret=0.106380 ape=0.5945
[17:44:46] warmStart (decay=exponential) 66% (740/1110) regret=0.106380 ape=0.5945
[17:44:47] warmStart (decay=exponential) 66% (741/1110) regret=0.106380 ape=0.5945
[17:44:47] warmStart (decay=exponential) 66% (742/1110) regret=0.106380 ape=0.5945
[17:44:47] warmStart (decay=exponential) 66% (743/1110) regret=0.106380 ape=0.5945
[17:44:47] warmStart (decay=exponential) 67% (744/1110) regret=0.106380 ape=0.5945
[17:44:48] warmStart (decay=exponential) 67% (745/1110) regret=0.106380 ape=0.5945
[17:44:48] warmStart (decay=exponential) 67% (746/1110) regret=0.106380 ape=0.5945
[17:44:48] warmStart (decay=exponential) 67% (747/1110) regret=0.106380 ape=0.5945
[17:44:48] warmStart (decay=exponential) 67% (748/1110) regret=0.106380 ape=0.5945
[17:44:48] warmStart (decay=exponential) 67% (749/1110) regret=0.106380 ape=0.5945
[17:44:49] warmStart (decay=exponential) 67% (750/1110) regret=0.106380 ape=0.5945
[17:44:49] warmStart (decay=exponential) 67% (751/1110) regret=0.106348 ape=0.5945
[17:44:49] warmStart (decay=exponential) 67% (752/1110) regret=0.106380 ape=0.5945
[17:44:49] warmStart (decay=exponential) 67% (753/1110) regret=0.106380 ape=0.5945
[17:44:50] warmStart (decay=exponential) 67% (754/1110) regret=0.106288 ape=0.5935
[17:44:50] warmStart (decay=exponential) 68% (755/1110) regret=0.106288 ape=0.5935
[17:44:50] warmStart (decay=exponential) 68% (756/1110) regret=0.106288 ape=0.5935
[17:44:50] warmStart (decay=exponential) 68% (757/1110) regret=0.106288 ape=0.5935
[17:44:50] warmStart (decay=exponential) 68% (758/1110) regret=0.106266 ape=0.5935
[17:44:50] warmStart (decay=exponential) 68% (759/1110) regret=0.106266 ape=0.5935
[17:44:51] warmStart (decay=exponential) 68% (760/1110) regret=0.106266 ape=0.5935
[17:44:51] warmStart (decay=exponential) 68% (761/1110) regret=0.106266 ape=0.5935
[17:44:51] warmStart (decay=exponential) 68% (762/1110) regret=0.106266 ape=0.5935
[17:44:51] warmStart (decay=exponential) 68% (763/1110) regret=0.106266 ape=0.5935
[17:44:51] warmStart (decay=exponential) 68% (764/1110) regret=0.106266 ape=0.5935
[17:44:52] warmStart (decay=exponential) 68% (765/1110) regret=0.106266 ape=0.5935
[17:44:52] warmStart (decay=exponential) 69% (766/1110) regret=0.106259 ape=0.5926
[17:44:52] warmStart (decay=exponential) 69% (767/1110) regret=0.106259 ape=0.5926
[17:44:52] warmStart (decay=exponential) 69% (768/1110) regret=0.106259 ape=0.5926
[17:44:52] warmStart (decay=exponential) 69% (769/1110) regret=0.106262 ape=0.5935
[17:44:53] warmStart (decay=exponential) 69% (770/1110) regret=0.106262 ape=0.5935
[17:44:53] warmStart (decay=exponential) 69% (771/1110) regret=0.106262 ape=0.5935
[17:44:53] warmStart (decay=exponential) 69% (772/1110) regret=0.106262 ape=0.5935
[17:44:53] warmStart (decay=exponential) 69% (773/1110) regret=0.106262 ape=0.5935
[17:44:53] warmStart (decay=exponential) 69% (774/1110) regret=0.106262 ape=0.5935
[17:44:53] warmStart (decay=exponential) 69% (775/1110) regret=0.106262 ape=0.5935
[17:44:54] warmStart (decay=exponential) 69% (776/1110) regret=0.106262 ape=0.5935
[17:44:54] warmStart (decay=exponential) 70% (777/1110) regret=0.106262 ape=0.5935
[17:44:54] warmStart (decay=exponential) 70% (778/1110) regret=0.106262 ape=0.5935
[17:44:54] warmStart (decay=exponential) 70% (779/1110) regret=0.106262 ape=0.5935
[17:44:54] warmStart (decay=exponential) 70% (780/1110) regret=0.106262 ape=0.5935
[17:44:55] warmStart (decay=exponential) 70% (781/1110) regret=0.106262 ape=0.5935
[17:44:55] warmStart (decay=exponential) 70% (782/1110) regret=0.106262 ape=0.5935
[17:44:55] warmStart (decay=exponential) 70% (783/1110) regret=0.106262 ape=0.5935
[17:44:55] warmStart (decay=exponential) 70% (784/1110) regret=0.106262 ape=0.5935
[17:44:55] warmStart (decay=exponential) 70% (785/1110) regret=0.106262 ape=0.5935
[17:44:56] warmStart (decay=exponential) 70% (786/1110) regret=0.106262 ape=0.5935
[17:44:56] warmStart (decay=exponential) 70% (787/1110) regret=0.106262 ape=0.5935
[17:44:56] warmStart (decay=exponential) 70% (788/1110) regret=0.106455 ape=0.5945
[17:44:56] warmStart (decay=exponential) 71% (789/1110) regret=0.106511 ape=0.5945
[17:44:56] warmStart (decay=exponential) 71% (790/1110) regret=0.106331 ape=0.5945
[17:44:56] warmStart (decay=exponential) 71% (791/1110) regret=0.106331 ape=0.5945
[17:44:57] warmStart (decay=exponential) 71% (792/1110) regret=0.106331 ape=0.5945
[17:44:57] warmStart (decay=exponential) 71% (793/1110) regret=0.106331 ape=0.5945
[17:44:57] warmStart (decay=exponential) 71% (794/1110) regret=0.106331 ape=0.5945
[17:44:57] warmStart (decay=exponential) 71% (795/1110) regret=0.106405 ape=0.5954
[17:44:57] warmStart (decay=exponential) 71% (796/1110) regret=0.106405 ape=0.5954
[17:44:58] warmStart (decay=exponential) 71% (797/1110) regret=0.106416 ape=0.5954
[17:44:58] warmStart (decay=exponential) 71% (798/1110) regret=0.106405 ape=0.5954
[17:44:58] warmStart (decay=exponential) 71% (799/1110) regret=0.106405 ape=0.5954
[17:44:58] warmStart (decay=exponential) 72% (800/1110) regret=0.106405 ape=0.5954
[17:44:58] warmStart (decay=exponential) 72% (801/1110) regret=0.106405 ape=0.5954
[17:44:58] warmStart (decay=exponential) 72% (802/1110) regret=0.106405 ape=0.5954
[17:44:59] warmStart (decay=exponential) 72% (803/1110) regret=0.106405 ape=0.5954
[17:44:59] warmStart (decay=exponential) 72% (804/1110) regret=0.106405 ape=0.5954
[17:44:59] warmStart (decay=exponential) 72% (805/1110) regret=0.106405 ape=0.5954
[17:44:59] warmStart (decay=exponential) 72% (806/1110) regret=0.106405 ape=0.5954
[17:44:59] warmStart (decay=exponential) 72% (807/1110) regret=0.106405 ape=0.5954
[17:45:00] warmStart (decay=exponential) 72% (808/1110) regret=0.106405 ape=0.5954
[17:45:00] warmStart (decay=exponential) 72% (809/1110) regret=0.106405 ape=0.5954
[17:45:00] warmStart (decay=exponential) 72% (810/1110) regret=0.106405 ape=0.5954
[17:45:00] warmStart (decay=exponential) 73% (811/1110) regret=0.106405 ape=0.5954
[17:45:00] warmStart (decay=exponential) 73% (812/1110) regret=0.106405 ape=0.5954
[17:45:01] warmStart (decay=exponential) 73% (813/1110) regret=0.106405 ape=0.5954
[17:45:01] warmStart (decay=exponential) 73% (814/1110) regret=0.106405 ape=0.5954
[17:45:01] warmStart (decay=exponential) 73% (815/1110) regret=0.106405 ape=0.5954
[17:45:01] warmStart (decay=exponential) 73% (816/1110) regret=0.106350 ape=0.5945
[17:45:01] warmStart (decay=exponential) 73% (817/1110) regret=0.106433 ape=0.5954
[17:45:02] warmStart (decay=exponential) 73% (818/1110) regret=0.106415 ape=0.5954
[17:45:02] warmStart (decay=exponential) 73% (819/1110) regret=0.106415 ape=0.5954
[17:45:02] warmStart (decay=exponential) 73% (820/1110) regret=0.106405 ape=0.5954
[17:45:02] warmStart (decay=exponential) 73% (821/1110) regret=0.106405 ape=0.5954
[17:45:02] warmStart (decay=exponential) 74% (822/1110) regret=0.106405 ape=0.5954
[17:45:03] warmStart (decay=exponential) 74% (823/1110) regret=0.106405 ape=0.5954
[17:45:03] warmStart (decay=exponential) 74% (824/1110) regret=0.106405 ape=0.5954
[17:45:03] warmStart (decay=exponential) 74% (825/1110) regret=0.106415 ape=0.5954
[17:45:03] warmStart (decay=exponential) 74% (826/1110) regret=0.106415 ape=0.5954
[17:45:03] warmStart (decay=exponential) 74% (827/1110) regret=0.106415 ape=0.5954
[17:45:04] warmStart (decay=exponential) 74% (828/1110) regret=0.106415 ape=0.5954
[17:45:04] warmStart (decay=exponential) 74% (829/1110) regret=0.106415 ape=0.5954
[17:45:04] warmStart (decay=exponential) 74% (830/1110) regret=0.106415 ape=0.5954
[17:45:04] warmStart (decay=exponential) 74% (831/1110) regret=0.106415 ape=0.5954
[17:45:04] warmStart (decay=exponential) 74% (832/1110) regret=0.106415 ape=0.5954
[17:45:04] warmStart (decay=exponential) 75% (833/1110) regret=0.106415 ape=0.5954
[17:45:05] warmStart (decay=exponential) 75% (834/1110) regret=0.106415 ape=0.5954
[17:45:05] warmStart (decay=exponential) 75% (835/1110) regret=0.106415 ape=0.5954
[17:45:05] warmStart (decay=exponential) 75% (836/1110) regret=0.106415 ape=0.5954
[17:45:05] warmStart (decay=exponential) 75% (837/1110) regret=0.106415 ape=0.5954
[17:45:05] warmStart (decay=exponential) 75% (838/1110) regret=0.106415 ape=0.5954
[17:45:06] warmStart (decay=exponential) 75% (839/1110) regret=0.106415 ape=0.5954
[17:45:06] warmStart (decay=exponential) 75% (840/1110) regret=0.106415 ape=0.5954
[17:45:06] warmStart (decay=exponential) 75% (841/1110) regret=0.106415 ape=0.5954
[17:45:06] warmStart (decay=exponential) 75% (842/1110) regret=0.106415 ape=0.5954
[17:45:06] warmStart (decay=exponential) 75% (843/1110) regret=0.106415 ape=0.5954
[17:45:06] warmStart (decay=exponential) 76% (844/1110) regret=0.106415 ape=0.5954
[17:45:07] warmStart (decay=exponential) 76% (845/1110) regret=0.106415 ape=0.5954
[17:45:07] warmStart (decay=exponential) 76% (846/1110) regret=0.106415 ape=0.5954
[17:45:07] warmStart (decay=exponential) 76% (847/1110) regret=0.106415 ape=0.5954
[17:45:07] warmStart (decay=exponential) 76% (848/1110) regret=0.106415 ape=0.5954
[17:45:07] warmStart (decay=exponential) 76% (849/1110) regret=0.106415 ape=0.5954
[17:45:08] warmStart (decay=exponential) 76% (850/1110) regret=0.106415 ape=0.5954
[17:45:08] warmStart (decay=exponential) 76% (851/1110) regret=0.106415 ape=0.5954
[17:45:08] warmStart (decay=exponential) 76% (852/1110) regret=0.106415 ape=0.5954
[17:45:08] warmStart (decay=exponential) 76% (853/1110) regret=0.106415 ape=0.5954
[17:45:08] warmStart (decay=exponential) 76% (854/1110) regret=0.106415 ape=0.5954
[17:45:09] warmStart (decay=exponential) 77% (855/1110) regret=0.106415 ape=0.5954
[17:45:09] warmStart (decay=exponential) 77% (856/1110) regret=0.106415 ape=0.5954
[17:45:09] warmStart (decay=exponential) 77% (857/1110) regret=0.106415 ape=0.5954
[17:45:09] warmStart (decay=exponential) 77% (858/1110) regret=0.106415 ape=0.5954
[17:45:09] warmStart (decay=exponential) 77% (859/1110) regret=0.106415 ape=0.5954
[17:45:09] warmStart (decay=exponential) 77% (860/1110) regret=0.106415 ape=0.5954
[17:45:10] warmStart (decay=exponential) 77% (861/1110) regret=0.106415 ape=0.5954
[17:45:10] warmStart (decay=exponential) 77% (862/1110) regret=0.106415 ape=0.5954
[17:45:10] warmStart (decay=exponential) 77% (863/1110) regret=0.106415 ape=0.5954
[17:45:10] warmStart (decay=exponential) 77% (864/1110) regret=0.106415 ape=0.5954
[17:45:10] warmStart (decay=exponential) 77% (865/1110) regret=0.106415 ape=0.5954
[17:45:11] warmStart (decay=exponential) 78% (866/1110) regret=0.106415 ape=0.5954
[17:45:11] warmStart (decay=exponential) 78% (867/1110) regret=0.106415 ape=0.5954
[17:45:11] warmStart (decay=exponential) 78% (868/1110) regret=0.106415 ape=0.5954
[17:45:11] warmStart (decay=exponential) 78% (869/1110) regret=0.106415 ape=0.5954
[17:45:11] warmStart (decay=exponential) 78% (870/1110) regret=0.106415 ape=0.5954
[17:45:12] warmStart (decay=exponential) 78% (871/1110) regret=0.106415 ape=0.5954
[17:45:12] warmStart (decay=exponential) 78% (872/1110) regret=0.106415 ape=0.5954
[17:45:12] warmStart (decay=exponential) 78% (873/1110) regret=0.106415 ape=0.5954
[17:45:12] warmStart (decay=exponential) 78% (874/1110) regret=0.106415 ape=0.5954
[17:45:12] warmStart (decay=exponential) 78% (875/1110) regret=0.106415 ape=0.5954
[17:45:12] warmStart (decay=exponential) 78% (876/1110) regret=0.106415 ape=0.5954
[17:45:13] warmStart (decay=exponential) 79% (877/1110) regret=0.106415 ape=0.5954
[17:45:13] warmStart (decay=exponential) 79% (878/1110) regret=0.106415 ape=0.5954
[17:45:13] warmStart (decay=exponential) 79% (879/1110) regret=0.106897 ape=0.5954
[17:45:13] warmStart (decay=exponential) 79% (880/1110) regret=0.106343 ape=0.5945
[17:45:13] warmStart (decay=exponential) 79% (881/1110) regret=0.106343 ape=0.5945
[17:45:14] warmStart (decay=exponential) 79% (882/1110) regret=0.106343 ape=0.5945
[17:45:14] warmStart (decay=exponential) 79% (883/1110) regret=0.106343 ape=0.5945
[17:45:14] warmStart (decay=exponential) 79% (884/1110) regret=0.106343 ape=0.5945
[17:45:14] warmStart (decay=exponential) 79% (885/1110) regret=0.106269 ape=0.5945
[17:45:14] warmStart (decay=exponential) 79% (886/1110) regret=0.106269 ape=0.5945
[17:45:15] warmStart (decay=exponential) 79% (887/1110) regret=0.106269 ape=0.5945
[17:45:15] warmStart (decay=exponential) 80% (888/1110) regret=0.106269 ape=0.5945
[17:45:15] warmStart (decay=exponential) 80% (889/1110) regret=0.106269 ape=0.5945
[17:45:15] warmStart (decay=exponential) 80% (890/1110) regret=0.106269 ape=0.5945
[17:45:15] warmStart (decay=exponential) 80% (891/1110) regret=0.106269 ape=0.5945
[17:45:16] warmStart (decay=exponential) 80% (892/1110) regret=0.106269 ape=0.5945
[17:45:16] warmStart (decay=exponential) 80% (893/1110) regret=0.106269 ape=0.5945
[17:45:16] warmStart (decay=exponential) 80% (894/1110) regret=0.106269 ape=0.5945
[17:45:16] warmStart (decay=exponential) 80% (895/1110) regret=0.106269 ape=0.5945
[17:45:16] warmStart (decay=exponential) 80% (896/1110) regret=0.106269 ape=0.5945
[17:45:16] warmStart (decay=exponential) 80% (897/1110) regret=0.106269 ape=0.5945
[17:45:17] warmStart (decay=exponential) 80% (898/1110) regret=0.106269 ape=0.5945
[17:45:17] warmStart (decay=exponential) 80% (899/1110) regret=0.106269 ape=0.5945
[17:45:17] warmStart (decay=exponential) 81% (900/1110) regret=0.106269 ape=0.5945
[17:45:17] warmStart (decay=exponential) 81% (901/1110) regret=0.106269 ape=0.5945
[17:45:17] warmStart (decay=exponential) 81% (902/1110) regret=0.106316 ape=0.5945
[17:45:18] warmStart (decay=exponential) 81% (903/1110) regret=0.106168 ape=0.5935
[17:45:18] warmStart (decay=exponential) 81% (904/1110) regret=0.106168 ape=0.5935
[17:45:18] warmStart (decay=exponential) 81% (905/1110) regret=0.106288 ape=0.5945
[17:45:18] warmStart (decay=exponential) 81% (906/1110) regret=0.106168 ape=0.5935
[17:45:18] warmStart (decay=exponential) 81% (907/1110) regret=0.106168 ape=0.5935
[17:45:19] warmStart (decay=exponential) 81% (908/1110) regret=0.106171 ape=0.5935
[17:45:19] warmStart (decay=exponential) 81% (909/1110) regret=0.106177 ape=0.5935
[17:45:19] warmStart (decay=exponential) 81% (910/1110) regret=0.106177 ape=0.5935
[17:45:19] warmStart (decay=exponential) 82% (911/1110) regret=0.106177 ape=0.5935
[17:45:19] warmStart (decay=exponential) 82% (912/1110) regret=0.106177 ape=0.5935
[17:45:19] warmStart (decay=exponential) 82% (913/1110) regret=0.106168 ape=0.5935
[17:45:20] warmStart (decay=exponential) 82% (914/1110) regret=0.106168 ape=0.5935
[17:45:20] warmStart (decay=exponential) 82% (915/1110) regret=0.106168 ape=0.5935
[17:45:20] warmStart (decay=exponential) 82% (916/1110) regret=0.106177 ape=0.5935
[17:45:20] warmStart (decay=exponential) 82% (917/1110) regret=0.106168 ape=0.5935
[17:45:20] warmStart (decay=exponential) 82% (918/1110) regret=0.106168 ape=0.5935
[17:45:21] warmStart (decay=exponential) 82% (919/1110) regret=0.106168 ape=0.5935
[17:45:21] warmStart (decay=exponential) 82% (920/1110) regret=0.106168 ape=0.5935
[17:45:21] warmStart (decay=exponential) 82% (921/1110) regret=0.106168 ape=0.5935
[17:45:21] warmStart (decay=exponential) 83% (922/1110) regret=0.106168 ape=0.5935
[17:45:21] warmStart (decay=exponential) 83% (923/1110) regret=0.106168 ape=0.5935
[17:45:21] warmStart (decay=exponential) 83% (924/1110) regret=0.106168 ape=0.5935
[17:45:21] warmStart (decay=exponential) 83% (925/1110) regret=0.106172 ape=0.5935
[17:45:22] warmStart (decay=exponential) 83% (926/1110) regret=0.106172 ape=0.5935
[17:45:22] warmStart (decay=exponential) 83% (927/1110) regret=0.106172 ape=0.5935
[17:45:22] warmStart (decay=exponential) 83% (928/1110) regret=0.106172 ape=0.5935
[17:45:22] warmStart (decay=exponential) 83% (929/1110) regret=0.106172 ape=0.5935
[17:45:22] warmStart (decay=exponential) 83% (930/1110) regret=0.106172 ape=0.5935
[17:45:23] warmStart (decay=exponential) 83% (931/1110) regret=0.106172 ape=0.5935
[17:45:23] warmStart (decay=exponential) 83% (932/1110) regret=0.106172 ape=0.5935
[17:45:23] warmStart (decay=exponential) 84% (933/1110) regret=0.106172 ape=0.5935
[17:45:23] warmStart (decay=exponential) 84% (934/1110) regret=0.106172 ape=0.5935
[17:45:23] warmStart (decay=exponential) 84% (935/1110) regret=0.106172 ape=0.5935
[17:45:24] warmStart (decay=exponential) 84% (936/1110) regret=0.106172 ape=0.5935
[17:45:24] warmStart (decay=exponential) 84% (937/1110) regret=0.106172 ape=0.5935
[17:45:24] warmStart (decay=exponential) 84% (938/1110) regret=0.106172 ape=0.5935
[17:45:24] warmStart (decay=exponential) 84% (939/1110) regret=0.106172 ape=0.5935
[17:45:24] warmStart (decay=exponential) 84% (940/1110) regret=0.106172 ape=0.5935
[17:45:24] warmStart (decay=exponential) 84% (941/1110) regret=0.106172 ape=0.5935
[17:45:25] warmStart (decay=exponential) 84% (942/1110) regret=0.106172 ape=0.5935
[17:45:25] warmStart (decay=exponential) 84% (943/1110) regret=0.106172 ape=0.5935
[17:45:25] warmStart (decay=exponential) 85% (944/1110) regret=0.106172 ape=0.5935
[17:45:25] warmStart (decay=exponential) 85% (945/1110) regret=0.106172 ape=0.5935
[17:45:25] warmStart (decay=exponential) 85% (946/1110) regret=0.106172 ape=0.5935
[17:45:26] warmStart (decay=exponential) 85% (947/1110) regret=0.106172 ape=0.5935
[17:45:26] warmStart (decay=exponential) 85% (948/1110) regret=0.106172 ape=0.5935
[17:45:26] warmStart (decay=exponential) 85% (949/1110) regret=0.106172 ape=0.5935
[17:45:26] warmStart (decay=exponential) 85% (950/1110) regret=0.106172 ape=0.5935
[17:45:26] warmStart (decay=exponential) 85% (951/1110) regret=0.106172 ape=0.5935
[17:45:26] warmStart (decay=exponential) 85% (952/1110) regret=0.106173 ape=0.5935
[17:45:27] warmStart (decay=exponential) 85% (953/1110) regret=0.106173 ape=0.5935
[17:45:27] warmStart (decay=exponential) 85% (954/1110) regret=0.106173 ape=0.5935
[17:45:27] warmStart (decay=exponential) 86% (955/1110) regret=0.106173 ape=0.5935
[17:45:27] warmStart (decay=exponential) 86% (956/1110) regret=0.106173 ape=0.5935
[17:45:27] warmStart (decay=exponential) 86% (957/1110) regret=0.106173 ape=0.5935
[17:45:28] warmStart (decay=exponential) 86% (958/1110) regret=0.106173 ape=0.5935
[17:45:28] warmStart (decay=exponential) 86% (959/1110) regret=0.106191 ape=0.5935
[17:45:28] warmStart (decay=exponential) 86% (960/1110) regret=0.105823 ape=0.5935
[17:45:28] warmStart (decay=exponential) 86% (961/1110) regret=0.105721 ape=0.5926
[17:45:29] warmStart (decay=exponential) 86% (962/1110) regret=0.105823 ape=0.5935
[17:45:29] warmStart (decay=exponential) 86% (963/1110) regret=0.105823 ape=0.5935
[17:45:29] warmStart (decay=exponential) 86% (964/1110) regret=0.105812 ape=0.5935
[17:45:29] warmStart (decay=exponential) 86% (965/1110) regret=0.105812 ape=0.5935
[17:45:29] warmStart (decay=exponential) 87% (966/1110) regret=0.105812 ape=0.5935
[17:45:30] warmStart (decay=exponential) 87% (967/1110) regret=0.105812 ape=0.5935
[17:45:30] warmStart (decay=exponential) 87% (968/1110) regret=0.105812 ape=0.5935
[17:45:30] warmStart (decay=exponential) 87% (969/1110) regret=0.105812 ape=0.5935
[17:45:30] warmStart (decay=exponential) 87% (970/1110) regret=0.105812 ape=0.5935
[17:45:30] warmStart (decay=exponential) 87% (971/1110) regret=0.105812 ape=0.5935
[17:45:30] warmStart (decay=exponential) 87% (972/1110) regret=0.105747 ape=0.5926
[17:45:31] warmStart (decay=exponential) 87% (973/1110) regret=0.105747 ape=0.5926
[17:45:31] warmStart (decay=exponential) 87% (974/1110) regret=0.106005 ape=0.5926
[17:45:31] warmStart (decay=exponential) 87% (975/1110) regret=0.105940 ape=0.5926
[17:45:31] warmStart (decay=exponential) 87% (976/1110) regret=0.105931 ape=0.5926
[17:45:31] warmStart (decay=exponential) 88% (977/1110) regret=0.105977 ape=0.5926
[17:45:32] warmStart (decay=exponential) 88% (978/1110) regret=0.105977 ape=0.5926
[17:45:32] warmStart (decay=exponential) 88% (979/1110) regret=0.105710 ape=0.5917
[17:45:32] warmStart (decay=exponential) 88% (980/1110) regret=0.105793 ape=0.5926
[17:45:32] warmStart (decay=exponential) 88% (981/1110) regret=0.105710 ape=0.5917
[17:45:32] warmStart (decay=exponential) 88% (982/1110) regret=0.105710 ape=0.5917
[17:45:33] warmStart (decay=exponential) 88% (983/1110) regret=0.105456 ape=0.5917
[17:45:33] warmStart (decay=exponential) 88% (984/1110) regret=0.105710 ape=0.5917
[17:45:33] warmStart (decay=exponential) 88% (985/1110) regret=0.105562 ape=0.5917
[17:45:33] warmStart (decay=exponential) 88% (986/1110) regret=0.105562 ape=0.5917
[17:45:33] warmStart (decay=exponential) 88% (987/1110) regret=0.105493 ape=0.5917
[17:45:34] warmStart (decay=exponential) 89% (988/1110) regret=0.105493 ape=0.5917
[17:45:34] warmStart (decay=exponential) 89% (989/1110) regret=0.106157 ape=0.5926
[17:45:34] warmStart (decay=exponential) 89% (990/1110) regret=0.105493 ape=0.5917
[17:45:34] warmStart (decay=exponential) 89% (991/1110) regret=0.105493 ape=0.5917
[17:45:34] warmStart (decay=exponential) 89% (992/1110) regret=0.105493 ape=0.5917
[17:45:35] warmStart (decay=exponential) 89% (993/1110) regret=0.105521 ape=0.5926
[17:45:35] warmStart (decay=exponential) 89% (994/1110) regret=0.105521 ape=0.5926
[17:45:35] warmStart (decay=exponential) 89% (995/1110) regret=0.105521 ape=0.5926
[17:45:35] warmStart (decay=exponential) 89% (996/1110) regret=0.105521 ape=0.5926
[17:45:36] warmStart (decay=exponential) 89% (997/1110) regret=0.105512 ape=0.5926
[17:45:36] warmStart (decay=exponential) 89% (998/1110) regret=0.105502 ape=0.5926
[17:45:36] warmStart (decay=exponential) 90% (999/1110) regret=0.105825 ape=0.5926
[17:45:36] warmStart (decay=exponential) 90% (1000/1110) regret=0.105512 ape=0.5926
[17:45:36] warmStart (decay=exponential) 90% (1001/1110) regret=0.105512 ape=0.5926
[17:45:37] warmStart (decay=exponential) 90% (1002/1110) regret=0.105518 ape=0.5926
[17:45:37] warmStart (decay=exponential) 90% (1003/1110) regret=0.105509 ape=0.5917
[17:45:37] warmStart (decay=exponential) 90% (1004/1110) regret=0.105512 ape=0.5926
[17:45:37] warmStart (decay=exponential) 90% (1005/1110) regret=0.105518 ape=0.5926
[17:45:37] warmStart (decay=exponential) 90% (1006/1110) regret=0.105518 ape=0.5926
[17:45:38] warmStart (decay=exponential) 90% (1007/1110) regret=0.105512 ape=0.5926
[17:45:38] warmStart (decay=exponential) 90% (1008/1110) regret=0.105512 ape=0.5926
[17:45:38] warmStart (decay=exponential) 90% (1009/1110) regret=0.105512 ape=0.5926
[17:45:38] warmStart (decay=exponential) 90% (1010/1110) regret=0.105512 ape=0.5926
[17:45:38] warmStart (decay=exponential) 91% (1011/1110) regret=0.105512 ape=0.5926
[17:45:39] warmStart (decay=exponential) 91% (1012/1110) regret=0.105512 ape=0.5926
[17:45:39] warmStart (decay=exponential) 91% (1013/1110) regret=0.105512 ape=0.5926
[17:45:39] warmStart (decay=exponential) 91% (1014/1110) regret=0.105512 ape=0.5926
[17:45:39] warmStart (decay=exponential) 91% (1015/1110) regret=0.105512 ape=0.5926
[17:45:39] warmStart (decay=exponential) 91% (1016/1110) regret=0.105512 ape=0.5926
[17:45:39] warmStart (decay=exponential) 91% (1017/1110) regret=0.105512 ape=0.5926
[17:45:40] warmStart (decay=exponential) 91% (1018/1110) regret=0.105512 ape=0.5926
[17:45:40] warmStart (decay=exponential) 91% (1019/1110) regret=0.105512 ape=0.5926
[17:45:40] warmStart (decay=exponential) 91% (1020/1110) regret=0.105512 ape=0.5926
[17:45:40] warmStart (decay=exponential) 91% (1021/1110) regret=0.105512 ape=0.5926
[17:45:40] warmStart (decay=exponential) 92% (1022/1110) regret=0.105512 ape=0.5926
[17:45:41] warmStart (decay=exponential) 92% (1023/1110) regret=0.105512 ape=0.5926
[17:45:41] warmStart (decay=exponential) 92% (1024/1110) regret=0.105512 ape=0.5926
[17:45:41] warmStart (decay=exponential) 92% (1025/1110) regret=0.105512 ape=0.5926
[17:45:41] warmStart (decay=exponential) 92% (1026/1110) regret=0.105512 ape=0.5926
[17:45:41] warmStart (decay=exponential) 92% (1027/1110) regret=0.105512 ape=0.5926
[17:45:42] warmStart (decay=exponential) 92% (1028/1110) regret=0.105512 ape=0.5926
[17:45:42] warmStart (decay=exponential) 92% (1029/1110) regret=0.105512 ape=0.5926
[17:45:42] warmStart (decay=exponential) 92% (1030/1110) regret=0.105512 ape=0.5926
[17:45:42] warmStart (decay=exponential) 92% (1031/1110) regret=0.105512 ape=0.5926
[17:45:42] warmStart (decay=exponential) 92% (1032/1110) regret=0.105512 ape=0.5926
[17:45:43] warmStart (decay=exponential) 93% (1033/1110) regret=0.105512 ape=0.5926
[17:45:43] warmStart (decay=exponential) 93% (1034/1110) regret=0.105512 ape=0.5926
[17:45:43] warmStart (decay=exponential) 93% (1035/1110) regret=0.105512 ape=0.5926
[17:45:43] warmStart (decay=exponential) 93% (1036/1110) regret=0.105512 ape=0.5926
[17:45:43] warmStart (decay=exponential) 93% (1037/1110) regret=0.105512 ape=0.5926
[17:45:44] warmStart (decay=exponential) 93% (1038/1110) regret=0.105512 ape=0.5926
[17:45:44] warmStart (decay=exponential) 93% (1039/1110) regret=0.105512 ape=0.5926
[17:45:44] warmStart (decay=exponential) 93% (1040/1110) regret=0.105512 ape=0.5926
[17:45:44] warmStart (decay=exponential) 93% (1041/1110) regret=0.105512 ape=0.5926
[17:45:45] warmStart (decay=exponential) 93% (1042/1110) regret=0.105507 ape=0.5926
[17:45:45] warmStart (decay=exponential) 93% (1043/1110) regret=0.105438 ape=0.5917
[17:45:45] warmStart (decay=exponential) 94% (1044/1110) regret=0.105498 ape=0.5926
[17:45:45] warmStart (decay=exponential) 94% (1045/1110) regret=0.105498 ape=0.5926
[17:45:45] warmStart (decay=exponential) 94% (1046/1110) regret=0.105498 ape=0.5926
[17:45:46] warmStart (decay=exponential) 94% (1047/1110) regret=0.105498 ape=0.5926
[17:45:46] warmStart (decay=exponential) 94% (1048/1110) regret=0.105498 ape=0.5926
[17:45:46] warmStart (decay=exponential) 94% (1049/1110) regret=0.105502 ape=0.5926
[17:45:46] warmStart (decay=exponential) 94% (1050/1110) regret=0.105502 ape=0.5926
[17:45:46] warmStart (decay=exponential) 94% (1051/1110) regret=0.105502 ape=0.5926
[17:45:47] warmStart (decay=exponential) 94% (1052/1110) regret=0.105502 ape=0.5926
[17:45:47] warmStart (decay=exponential) 94% (1053/1110) regret=0.105502 ape=0.5926
[17:45:47] warmStart (decay=exponential) 94% (1054/1110) regret=0.105502 ape=0.5926
[17:45:47] warmStart (decay=exponential) 95% (1055/1110) regret=0.105502 ape=0.5926
[17:45:48] warmStart (decay=exponential) 95% (1056/1110) regret=0.105502 ape=0.5926
[17:45:48] warmStart (decay=exponential) 95% (1057/1110) regret=0.105493 ape=0.5926
[17:45:48] warmStart (decay=exponential) 95% (1058/1110) regret=0.105501 ape=0.5926
[17:45:48] warmStart (decay=exponential) 95% (1059/1110) regret=0.105501 ape=0.5926
[17:45:48] warmStart (decay=exponential) 95% (1060/1110) regret=0.105493 ape=0.5926
[17:45:48] warmStart (decay=exponential) 95% (1061/1110) regret=0.105493 ape=0.5926
[17:45:49] warmStart (decay=exponential) 95% (1062/1110) regret=0.105493 ape=0.5926
[17:45:49] warmStart (decay=exponential) 95% (1063/1110) regret=0.105502 ape=0.5935
[17:45:49] warmStart (decay=exponential) 95% (1064/1110) regret=0.105493 ape=0.5926
[17:45:49] warmStart (decay=exponential) 95% (1065/1110) regret=0.105493 ape=0.5926
[17:45:49] warmStart (decay=exponential) 96% (1066/1110) regret=0.105926 ape=0.5926
[17:45:50] warmStart (decay=exponential) 96% (1067/1110) regret=0.105926 ape=0.5926
[17:45:50] warmStart (decay=exponential) 96% (1068/1110) regret=0.105406 ape=0.5917
[17:45:50] warmStart (decay=exponential) 96% (1069/1110) regret=0.105466 ape=0.5926
[17:45:50] warmStart (decay=exponential) 96% (1070/1110) regret=0.105466 ape=0.5926
[17:45:50] warmStart (decay=exponential) 96% (1071/1110) regret=0.105504 ape=0.5935
[17:45:50] warmStart (decay=exponential) 96% (1072/1110) regret=0.105484 ape=0.5935
[17:45:51] warmStart (decay=exponential) 96% (1073/1110) regret=0.105484 ape=0.5935
[17:45:51] warmStart (decay=exponential) 96% (1074/1110) regret=0.105484 ape=0.5935
[17:45:51] warmStart (decay=exponential) 96% (1075/1110) regret=0.105484 ape=0.5935
[17:45:51] warmStart (decay=exponential) 96% (1076/1110) regret=0.105484 ape=0.5935
[17:45:51] warmStart (decay=exponential) 97% (1077/1110) regret=0.105484 ape=0.5935
[17:45:52] warmStart (decay=exponential) 97% (1078/1110) regret=0.105484 ape=0.5935
[17:45:52] warmStart (decay=exponential) 97% (1079/1110) regret=0.105484 ape=0.5935
[17:45:52] warmStart (decay=exponential) 97% (1080/1110) regret=0.105484 ape=0.5935
[17:45:52] warmStart (decay=exponential) 97% (1081/1110) regret=0.105484 ape=0.5935
[17:45:52] warmStart (decay=exponential) 97% (1082/1110) regret=0.105484 ape=0.5935
[17:45:53] warmStart (decay=exponential) 97% (1083/1110) regret=0.105484 ape=0.5935
[17:45:53] warmStart (decay=exponential) 97% (1084/1110) regret=0.105484 ape=0.5935
[17:45:53] warmStart (decay=exponential) 97% (1085/1110) regret=0.105484 ape=0.5935
[17:45:53] warmStart (decay=exponential) 97% (1086/1110) regret=0.105484 ape=0.5935
[17:45:53] warmStart (decay=exponential) 97% (1087/1110) regret=0.105484 ape=0.5935
[17:45:54] warmStart (decay=exponential) 98% (1088/1110) regret=0.105484 ape=0.5935
[17:45:54] warmStart (decay=exponential) 98% (1089/1110) regret=0.105466 ape=0.5926
[17:45:54] warmStart (decay=exponential) 98% (1090/1110) regret=0.105466 ape=0.5926
[17:45:54] warmStart (decay=exponential) 98% (1091/1110) regret=0.105466 ape=0.5926
[17:45:54] warmStart (decay=exponential) 98% (1092/1110) regret=0.105466 ape=0.5926
[17:45:55] warmStart (decay=exponential) 98% (1093/1110) regret=0.105466 ape=0.5926
[17:45:55] warmStart (decay=exponential) 98% (1094/1110) regret=0.105466 ape=0.5926
[17:45:55] warmStart (decay=exponential) 98% (1095/1110) regret=0.105475 ape=0.5926
[17:45:55] warmStart (decay=exponential) 98% (1096/1110) regret=0.105429 ape=0.5926
[17:45:55] warmStart (decay=exponential) 98% (1097/1110) regret=0.105429 ape=0.5926
[17:45:56] warmStart (decay=exponential) 98% (1098/1110) regret=0.105429 ape=0.5926
[17:45:56] warmStart (decay=exponential) 99% (1099/1110) regret=0.105539 ape=0.5926
[17:45:56] warmStart (decay=exponential) 99% (1100/1110) regret=0.105392 ape=0.5917
[17:45:56] warmStart (decay=exponential) 99% (1101/1110) regret=0.105429 ape=0.5926
[17:45:56] warmStart (decay=exponential) 99% (1102/1110) regret=0.105539 ape=0.5926
[17:45:56] warmStart (decay=exponential) 99% (1103/1110) regret=0.105539 ape=0.5926
[17:45:57] warmStart (decay=exponential) 99% (1104/1110) regret=0.105539 ape=0.5926
[17:45:57] warmStart (decay=exponential) 99% (1105/1110) regret=0.105539 ape=0.5926
[17:45:57] warmStart (decay=exponential) 99% (1106/1110) regret=0.105843 ape=0.5935
[17:45:57] warmStart (decay=exponential) 99% (1107/1110) regret=0.105539 ape=0.5926
[17:45:58] warmStart (decay=exponential) 99% (1108/1110) regret=0.105539 ape=0.5926
[17:45:58] warmStart (decay=exponential) 99% (1109/1110) regret=0.105539 ape=0.5926
Warm w=50 finished: 1109 points, 216.75s wall time
  Final: regret=0.105539, ape=0.5926

Saved: /home/users/g/s/gsavary/LudiiMCTSVariations/slurm_sweep_full_dataset/output_decay/warm_50_decay_exponential_0_05/seed_1/sweep_decay_warm_50_exponential_0.05_1_20260426_174558.json

Generating plots...
Saved: /home/users/g/s/gsavary/LudiiMCTSVariations/slurm_sweep_full_dataset/output_decay/warm_50_decay_exponential_0_05/seed_1/sweep_decay_warm_50_exponential_0.05_1_20260426_174558_regret.png
Saved: /home/users/g/s/gsavary/LudiiMCTSVariations/slurm_sweep_full_dataset/output_decay/warm_50_decay_exponential_0_05/seed_1/sweep_decay_warm_50_exponential_0.05_1_20260426_174558_ape.png

================================================================================
Experiment complete!
================================================================================
Done. Results in: /home/users/g/s/gsavary/LudiiMCTSVariations/slurm_sweep_full_dataset/output_decay/warm_50_decay_exponential_0_05/seed_1
