============================================================
Decay sweep experiment
Method:      baseline
Decay mode:  none
Decay param: 0.0
Seed:        4
Output:      /home/users/g/s/gsavary/LudiiMCTSVariations/slurm_sweep_full_dataset/output_decay/baseline_decay_none_0_0/seed_4
============================================================

================================================================================
SLURM Sweep Experiment with Synthetic Data Decay
================================================================================
Method: baseline
Decay: none (param=0.0)
Time limit: 3600.0s, Seed: 4, Batch size: 20
Output directory: /home/users/g/s/gsavary/LudiiMCTSVariations/slurm_sweep_full_dataset/output_decay/baseline_decay_none_0_0/seed_4

Loading Ludii dataset...
Loaded 1085 games
Using 1085 games (full dataset)

Running timing probe (100 pulls)...
  Estimated secs/pull: 0.022106

Time budget: 3600.0s → ~162849 total pulls
Per-method budget: 23264 pulls (~514.3s)

Computing predictor-only performance...
  Predictions loaded: 23675 agent predictions
  Predictor-only: regret=0.104318, ape=0.4894

Running BASELINE (cold start)...
[17:41:48] regretChangePotential 0% (1/1164) regret=0.148044 ape=0.7161
[17:41:48] regretChangePotential 0% (2/1164) regret=0.147431 ape=0.7161
[17:41:48] regretChangePotential 0% (3/1164) regret=0.147122 ape=0.7152
[17:41:48] regretChangePotential 0% (4/1164) regret=0.146653 ape=0.7143
[17:41:48] regretChangePotential 0% (5/1164) regret=0.145840 ape=0.7134
[17:41:49] regretChangePotential 0% (6/1164) regret=0.144853 ape=0.7124
[17:41:49] regretChangePotential 0% (7/1164) regret=0.143973 ape=0.7097
[17:41:49] regretChangePotential 0% (8/1164) regret=0.142641 ape=0.7069
[17:41:49] regretChangePotential 0% (9/1164) regret=0.142731 ape=0.7078
[17:41:49] regretChangePotential 0% (10/1164) regret=0.142878 ape=0.7088
[17:41:49] regretChangePotential 0% (11/1164) regret=0.142430 ape=0.7069
[17:41:50] regretChangePotential 1% (12/1164) regret=0.141651 ape=0.7060
[17:41:50] regretChangePotential 1% (13/1164) regret=0.141651 ape=0.7060
[17:41:50] regretChangePotential 1% (14/1164) regret=0.141218 ape=0.7060
[17:41:50] regretChangePotential 1% (15/1164) regret=0.140735 ape=0.7060
[17:41:50] regretChangePotential 1% (16/1164) regret=0.140118 ape=0.7051
[17:41:50] regretChangePotential 1% (17/1164) regret=0.139376 ape=0.7060
[17:41:51] regretChangePotential 1% (18/1164) regret=0.139376 ape=0.7060
[17:41:51] regretChangePotential 1% (19/1164) regret=0.138850 ape=0.7051
[17:41:51] regretChangePotential 1% (20/1164) regret=0.138850 ape=0.7051
[17:41:51] regretChangePotential 1% (21/1164) regret=0.138989 ape=0.7051
[17:41:51] regretChangePotential 1% (22/1164) regret=0.138790 ape=0.7060
[17:41:51] regretChangePotential 1% (23/1164) regret=0.138715 ape=0.7060
[17:41:51] regretChangePotential 2% (24/1164) regret=0.138765 ape=0.7060
[17:41:52] regretChangePotential 2% (25/1164) regret=0.138507 ape=0.7060
[17:41:52] regretChangePotential 2% (26/1164) regret=0.137584 ape=0.7041
[17:41:52] regretChangePotential 2% (27/1164) regret=0.137380 ape=0.7032
[17:41:52] regretChangePotential 2% (28/1164) regret=0.137209 ape=0.7023
[17:41:52] regretChangePotential 2% (29/1164) regret=0.137209 ape=0.7023
[17:41:53] regretChangePotential 2% (30/1164) regret=0.137394 ape=0.7023
[17:41:53] regretChangePotential 2% (31/1164) regret=0.136076 ape=0.7014
[17:41:53] regretChangePotential 2% (32/1164) regret=0.135537 ape=0.7005
[17:41:53] regretChangePotential 2% (33/1164) regret=0.135537 ape=0.7005
[17:41:53] regretChangePotential 2% (34/1164) regret=0.135537 ape=0.7005
[17:41:53] regretChangePotential 3% (35/1164) regret=0.135463 ape=0.7005
[17:41:54] regretChangePotential 3% (36/1164) regret=0.135463 ape=0.7005
[17:41:54] regretChangePotential 3% (37/1164) regret=0.135418 ape=0.7005
[17:41:54] regretChangePotential 3% (38/1164) regret=0.133489 ape=0.6986
[17:41:54] regretChangePotential 3% (39/1164) regret=0.133489 ape=0.6986
[17:41:54] regretChangePotential 3% (40/1164) regret=0.133489 ape=0.6986
[17:41:54] regretChangePotential 3% (41/1164) regret=0.133775 ape=0.6986
[17:41:55] regretChangePotential 3% (42/1164) regret=0.133775 ape=0.6986
[17:41:55] regretChangePotential 3% (43/1164) regret=0.133775 ape=0.6986
[17:41:55] regretChangePotential 3% (44/1164) regret=0.133600 ape=0.6977
[17:41:55] regretChangePotential 3% (45/1164) regret=0.132936 ape=0.6968
[17:41:55] regretChangePotential 3% (46/1164) regret=0.132936 ape=0.6968
[17:41:55] regretChangePotential 4% (47/1164) regret=0.131406 ape=0.6949
[17:41:56] regretChangePotential 4% (48/1164) regret=0.130936 ape=0.6949
[17:41:56] regretChangePotential 4% (49/1164) regret=0.130936 ape=0.6949
[17:41:56] regretChangePotential 4% (50/1164) regret=0.130572 ape=0.6940
[17:41:56] regretChangePotential 4% (51/1164) regret=0.129915 ape=0.6931
[17:41:56] regretChangePotential 4% (52/1164) regret=0.129293 ape=0.6922
[17:41:56] regretChangePotential 4% (53/1164) regret=0.127758 ape=0.6885
[17:41:57] regretChangePotential 4% (54/1164) regret=0.127768 ape=0.6885
[17:41:57] regretChangePotential 4% (55/1164) regret=0.127616 ape=0.6885
[17:41:57] regretChangePotential 4% (56/1164) regret=0.126827 ape=0.6885
[17:41:57] regretChangePotential 4% (57/1164) regret=0.127366 ape=0.6876
[17:41:57] regretChangePotential 4% (58/1164) regret=0.127099 ape=0.6876
[17:41:57] regretChangePotential 5% (59/1164) regret=0.126785 ape=0.6876
[17:41:58] regretChangePotential 5% (60/1164) regret=0.126827 ape=0.6876
[17:41:58] regretChangePotential 5% (61/1164) regret=0.126398 ape=0.6866
[17:41:58] regretChangePotential 5% (62/1164) regret=0.126443 ape=0.6866
[17:41:58] regretChangePotential 5% (63/1164) regret=0.126708 ape=0.6866
[17:41:58] regretChangePotential 5% (64/1164) regret=0.126487 ape=0.6857
[17:41:58] regretChangePotential 5% (65/1164) regret=0.125987 ape=0.6866
[17:41:59] regretChangePotential 5% (66/1164) regret=0.125987 ape=0.6866
[17:41:59] regretChangePotential 5% (67/1164) regret=0.125024 ape=0.6866
[17:41:59] regretChangePotential 5% (68/1164) regret=0.123605 ape=0.6848
[17:41:59] regretChangePotential 5% (69/1164) regret=0.123301 ape=0.6839
[17:41:59] regretChangePotential 6% (70/1164) regret=0.122185 ape=0.6820
[17:41:59] regretChangePotential 6% (71/1164) regret=0.121656 ape=0.6802
[17:42:00] regretChangePotential 6% (72/1164) regret=0.119995 ape=0.6793
[17:42:00] regretChangePotential 6% (73/1164) regret=0.119393 ape=0.6793
[17:42:00] regretChangePotential 6% (74/1164) regret=0.117057 ape=0.6783
[17:42:00] regretChangePotential 6% (75/1164) regret=0.117029 ape=0.6783
[17:42:00] regretChangePotential 6% (76/1164) regret=0.115852 ape=0.6783
[17:42:00] regretChangePotential 6% (77/1164) regret=0.114880 ape=0.6774
[17:42:00] regretChangePotential 6% (78/1164) regret=0.114647 ape=0.6765
[17:42:01] regretChangePotential 6% (79/1164) regret=0.114355 ape=0.6756
[17:42:01] regretChangePotential 6% (80/1164) regret=0.113051 ape=0.6737
[17:42:01] regretChangePotential 6% (81/1164) regret=0.112754 ape=0.6747
[17:42:01] regretChangePotential 7% (82/1164) regret=0.112931 ape=0.6756
[17:42:01] regretChangePotential 7% (83/1164) regret=0.112903 ape=0.6756
[17:42:01] regretChangePotential 7% (84/1164) regret=0.112328 ape=0.6756
[17:42:02] regretChangePotential 7% (85/1164) regret=0.111203 ape=0.6719
[17:42:02] regretChangePotential 7% (86/1164) regret=0.109736 ape=0.6719
[17:42:02] regretChangePotential 7% (87/1164) regret=0.109183 ape=0.6710
[17:42:02] regretChangePotential 7% (88/1164) regret=0.109183 ape=0.6710
[17:42:02] regretChangePotential 7% (89/1164) regret=0.109220 ape=0.6710
[17:42:02] regretChangePotential 7% (90/1164) regret=0.109220 ape=0.6710
[17:42:03] regretChangePotential 7% (91/1164) regret=0.109179 ape=0.6710
[17:42:03] regretChangePotential 7% (92/1164) regret=0.108488 ape=0.6710
[17:42:03] regretChangePotential 7% (93/1164) regret=0.107708 ape=0.6691
[17:42:03] regretChangePotential 8% (94/1164) regret=0.107344 ape=0.6691
[17:42:03] regretChangePotential 8% (95/1164) regret=0.107116 ape=0.6682
[17:42:03] regretChangePotential 8% (96/1164) regret=0.106961 ape=0.6682
[17:42:03] regretChangePotential 8% (97/1164) regret=0.106961 ape=0.6682
[17:42:04] regretChangePotential 8% (98/1164) regret=0.105726 ape=0.6673
[17:42:04] regretChangePotential 8% (99/1164) regret=0.105726 ape=0.6673
[17:42:04] regretChangePotential 8% (100/1164) regret=0.105832 ape=0.6673
[17:42:04] regretChangePotential 8% (101/1164) regret=0.104348 ape=0.6654
[17:42:04] regretChangePotential 8% (102/1164) regret=0.104271 ape=0.6654
[17:42:04] regretChangePotential 8% (103/1164) regret=0.103243 ape=0.6636
[17:42:04] regretChangePotential 8% (104/1164) regret=0.103126 ape=0.6627
[17:42:04] regretChangePotential 9% (105/1164) regret=0.102777 ape=0.6627
[17:42:05] regretChangePotential 9% (106/1164) regret=0.102842 ape=0.6636
[17:42:05] regretChangePotential 9% (107/1164) regret=0.102164 ape=0.6627
[17:42:05] regretChangePotential 9% (108/1164) regret=0.102164 ape=0.6627
[17:42:05] regretChangePotential 9% (109/1164) regret=0.100677 ape=0.6608
[17:42:05] regretChangePotential 9% (110/1164) regret=0.100832 ape=0.6618
[17:42:05] regretChangePotential 9% (111/1164) regret=0.100694 ape=0.6618
[17:42:05] regretChangePotential 9% (112/1164) regret=0.100694 ape=0.6618
[17:42:06] regretChangePotential 9% (113/1164) regret=0.100892 ape=0.6618
[17:42:06] regretChangePotential 9% (114/1164) regret=0.099558 ape=0.6599
[17:42:06] regretChangePotential 9% (115/1164) regret=0.099558 ape=0.6599
[17:42:06] regretChangePotential 9% (116/1164) regret=0.098526 ape=0.6590
[17:42:06] regretChangePotential 10% (117/1164) regret=0.097775 ape=0.6581
[17:42:06] regretChangePotential 10% (118/1164) regret=0.097775 ape=0.6581
[17:42:06] regretChangePotential 10% (119/1164) regret=0.097144 ape=0.6571
[17:42:07] regretChangePotential 10% (120/1164) regret=0.096919 ape=0.6571
[17:42:07] regretChangePotential 10% (121/1164) regret=0.094947 ape=0.6544
[17:42:07] regretChangePotential 10% (122/1164) regret=0.094940 ape=0.6535
[17:42:07] regretChangePotential 10% (123/1164) regret=0.094552 ape=0.6535
[17:42:07] regretChangePotential 10% (124/1164) regret=0.094252 ape=0.6535
[17:42:07] regretChangePotential 10% (125/1164) regret=0.094148 ape=0.6535
[17:42:07] regretChangePotential 10% (126/1164) regret=0.093797 ape=0.6535
[17:42:08] regretChangePotential 10% (127/1164) regret=0.093728 ape=0.6525
[17:42:08] regretChangePotential 10% (128/1164) regret=0.093153 ape=0.6525
[17:42:08] regretChangePotential 11% (129/1164) regret=0.093227 ape=0.6535
[17:42:08] regretChangePotential 11% (130/1164) regret=0.092965 ape=0.6544
[17:42:08] regretChangePotential 11% (131/1164) regret=0.092573 ape=0.6544
[17:42:08] regretChangePotential 11% (132/1164) regret=0.092303 ape=0.6535
[17:42:09] regretChangePotential 11% (133/1164) regret=0.092178 ape=0.6544
[17:42:09] regretChangePotential 11% (134/1164) regret=0.091977 ape=0.6544
[17:42:09] regretChangePotential 11% (135/1164) regret=0.091650 ape=0.6525
[17:42:09] regretChangePotential 11% (136/1164) regret=0.091618 ape=0.6516
[17:42:09] regretChangePotential 11% (137/1164) regret=0.090214 ape=0.6488
[17:42:09] regretChangePotential 11% (138/1164) regret=0.089384 ape=0.6470
[17:42:09] regretChangePotential 11% (139/1164) regret=0.089006 ape=0.6461
[17:42:10] regretChangePotential 12% (140/1164) regret=0.088882 ape=0.6470
[17:42:10] regretChangePotential 12% (141/1164) regret=0.088693 ape=0.6452
[17:42:10] regretChangePotential 12% (142/1164) regret=0.088479 ape=0.6452
[17:42:10] regretChangePotential 12% (143/1164) regret=0.088676 ape=0.6452
[17:42:10] regretChangePotential 12% (144/1164) regret=0.088096 ape=0.6433
[17:42:10] regretChangePotential 12% (145/1164) regret=0.087391 ape=0.6433
[17:42:11] regretChangePotential 12% (146/1164) regret=0.087280 ape=0.6433
[17:42:11] regretChangePotential 12% (147/1164) regret=0.087055 ape=0.6424
[17:42:11] regretChangePotential 12% (148/1164) regret=0.086166 ape=0.6424
[17:42:11] regretChangePotential 12% (149/1164) regret=0.086320 ape=0.6442
[17:42:11] regretChangePotential 12% (150/1164) regret=0.085789 ape=0.6433
[17:42:11] regretChangePotential 12% (151/1164) regret=0.085570 ape=0.6424
[17:42:11] regretChangePotential 13% (152/1164) regret=0.085358 ape=0.6415
[17:42:12] regretChangePotential 13% (153/1164) regret=0.085404 ape=0.6424
[17:42:12] regretChangePotential 13% (154/1164) regret=0.085423 ape=0.6424
[17:42:12] regretChangePotential 13% (155/1164) regret=0.084302 ape=0.6415
[17:42:12] regretChangePotential 13% (156/1164) regret=0.084183 ape=0.6415
[17:42:12] regretChangePotential 13% (157/1164) regret=0.083914 ape=0.6415
[17:42:12] regretChangePotential 13% (158/1164) regret=0.083822 ape=0.6415
[17:42:13] regretChangePotential 13% (159/1164) regret=0.083487 ape=0.6415
[17:42:13] regretChangePotential 13% (160/1164) regret=0.083487 ape=0.6415
[17:42:13] regretChangePotential 13% (161/1164) regret=0.083404 ape=0.6415
[17:42:13] regretChangePotential 13% (162/1164) regret=0.082916 ape=0.6396
[17:42:13] regretChangePotential 14% (163/1164) regret=0.082110 ape=0.6387
[17:42:13] regretChangePotential 14% (164/1164) regret=0.082183 ape=0.6396
[17:42:13] regretChangePotential 14% (165/1164) regret=0.082121 ape=0.6396
[17:42:14] regretChangePotential 14% (166/1164) regret=0.082161 ape=0.6396
[17:42:14] regretChangePotential 14% (167/1164) regret=0.082207 ape=0.6396
[17:42:14] regretChangePotential 14% (168/1164) regret=0.082253 ape=0.6396
[17:42:14] regretChangePotential 14% (169/1164) regret=0.082207 ape=0.6387
[17:42:14] regretChangePotential 14% (170/1164) regret=0.081762 ape=0.6387
[17:42:14] regretChangePotential 14% (171/1164) regret=0.081784 ape=0.6387
[17:42:15] regretChangePotential 14% (172/1164) regret=0.081249 ape=0.6396
[17:42:15] regretChangePotential 14% (173/1164) regret=0.081090 ape=0.6387
[17:42:15] regretChangePotential 14% (174/1164) regret=0.080950 ape=0.6387
[17:42:15] regretChangePotential 15% (175/1164) regret=0.080959 ape=0.6387
[17:42:15] regretChangePotential 15% (176/1164) regret=0.080959 ape=0.6387
[17:42:15] regretChangePotential 15% (177/1164) regret=0.081435 ape=0.6387
[17:42:15] regretChangePotential 15% (178/1164) regret=0.081590 ape=0.6387
[17:42:16] regretChangePotential 15% (179/1164) regret=0.081274 ape=0.6378
[17:42:16] regretChangePotential 15% (180/1164) regret=0.080574 ape=0.6369
[17:42:16] regretChangePotential 15% (181/1164) regret=0.080146 ape=0.6359
[17:42:16] regretChangePotential 15% (182/1164) regret=0.080056 ape=0.6359
[17:42:16] regretChangePotential 15% (183/1164) regret=0.079909 ape=0.6350
[17:42:16] regretChangePotential 15% (184/1164) regret=0.079410 ape=0.6341
[17:42:17] regretChangePotential 15% (185/1164) regret=0.079098 ape=0.6341
[17:42:17] regretChangePotential 15% (186/1164) regret=0.077969 ape=0.6323
[17:42:17] regretChangePotential 16% (187/1164) regret=0.077969 ape=0.6323
[17:42:17] regretChangePotential 16% (188/1164) regret=0.077969 ape=0.6323
[17:42:17] regretChangePotential 16% (189/1164) regret=0.077969 ape=0.6323
[17:42:17] regretChangePotential 16% (190/1164) regret=0.077605 ape=0.6313
[17:42:17] regretChangePotential 16% (191/1164) regret=0.077605 ape=0.6313
[17:42:18] regretChangePotential 16% (192/1164) regret=0.077605 ape=0.6313
[17:42:18] regretChangePotential 16% (193/1164) regret=0.077605 ape=0.6313
[17:42:18] regretChangePotential 16% (194/1164) regret=0.077605 ape=0.6313
[17:42:18] regretChangePotential 16% (195/1164) regret=0.077480 ape=0.6304
[17:42:18] regretChangePotential 16% (196/1164) regret=0.077480 ape=0.6304
[17:42:18] regretChangePotential 16% (197/1164) regret=0.077480 ape=0.6304
[17:42:19] regretChangePotential 17% (198/1164) regret=0.077480 ape=0.6304
[17:42:19] regretChangePotential 17% (199/1164) regret=0.077480 ape=0.6304
[17:42:19] regretChangePotential 17% (200/1164) regret=0.077462 ape=0.6304
[17:42:19] regretChangePotential 17% (201/1164) regret=0.077259 ape=0.6295
[17:42:19] regretChangePotential 17% (202/1164) regret=0.077001 ape=0.6295
[17:42:19] regretChangePotential 17% (203/1164) regret=0.077001 ape=0.6295
[17:42:19] regretChangePotential 17% (204/1164) regret=0.077001 ape=0.6295
[17:42:20] regretChangePotential 17% (205/1164) regret=0.077001 ape=0.6295
[17:42:20] regretChangePotential 17% (206/1164) regret=0.076992 ape=0.6295
[17:42:20] regretChangePotential 17% (207/1164) regret=0.076992 ape=0.6295
[17:42:20] regretChangePotential 17% (208/1164) regret=0.076992 ape=0.6295
[17:42:20] regretChangePotential 17% (209/1164) regret=0.076992 ape=0.6295
[17:42:20] regretChangePotential 18% (210/1164) regret=0.076992 ape=0.6295
[17:42:20] regretChangePotential 18% (211/1164) regret=0.076992 ape=0.6295
[17:42:21] regretChangePotential 18% (212/1164) regret=0.076992 ape=0.6295
[17:42:21] regretChangePotential 18% (213/1164) regret=0.076992 ape=0.6295
[17:42:21] regretChangePotential 18% (214/1164) regret=0.076992 ape=0.6295
[17:42:21] regretChangePotential 18% (215/1164) regret=0.076992 ape=0.6295
[17:42:21] regretChangePotential 18% (216/1164) regret=0.076946 ape=0.6286
[17:42:21] regretChangePotential 18% (217/1164) regret=0.076946 ape=0.6286
[17:42:22] regretChangePotential 18% (218/1164) regret=0.076946 ape=0.6286
[17:42:22] regretChangePotential 18% (219/1164) regret=0.076946 ape=0.6286
[17:42:22] regretChangePotential 18% (220/1164) regret=0.076951 ape=0.6286
[17:42:22] regretChangePotential 18% (221/1164) regret=0.076951 ape=0.6286
[17:42:22] regretChangePotential 19% (222/1164) regret=0.076951 ape=0.6286
[17:42:22] regretChangePotential 19% (223/1164) regret=0.076951 ape=0.6286
[17:42:22] regretChangePotential 19% (224/1164) regret=0.076951 ape=0.6286
[17:42:23] regretChangePotential 19% (225/1164) regret=0.076801 ape=0.6276
[17:42:23] regretChangePotential 19% (226/1164) regret=0.076451 ape=0.6276
[17:42:23] regretChangePotential 19% (227/1164) regret=0.076101 ape=0.6276
[17:42:23] regretChangePotential 19% (228/1164) regret=0.076101 ape=0.6276
[17:42:23] regretChangePotential 19% (229/1164) regret=0.076101 ape=0.6276
[17:42:23] regretChangePotential 19% (230/1164) regret=0.076101 ape=0.6276
[17:42:23] regretChangePotential 19% (231/1164) regret=0.076101 ape=0.6276
[17:42:24] regretChangePotential 19% (232/1164) regret=0.076101 ape=0.6276
[17:42:24] regretChangePotential 20% (233/1164) regret=0.076101 ape=0.6276
[17:42:24] regretChangePotential 20% (234/1164) regret=0.076101 ape=0.6276
[17:42:24] regretChangePotential 20% (235/1164) regret=0.076101 ape=0.6276
[17:42:24] regretChangePotential 20% (236/1164) regret=0.076101 ape=0.6276
[17:42:24] regretChangePotential 20% (237/1164) regret=0.076101 ape=0.6276
[17:42:25] regretChangePotential 20% (238/1164) regret=0.076101 ape=0.6276
[17:42:25] regretChangePotential 20% (239/1164) regret=0.076101 ape=0.6276
[17:42:25] regretChangePotential 20% (240/1164) regret=0.076101 ape=0.6276
[17:42:25] regretChangePotential 20% (241/1164) regret=0.076101 ape=0.6276
[17:42:25] regretChangePotential 20% (242/1164) regret=0.076101 ape=0.6276
[17:42:25] regretChangePotential 20% (243/1164) regret=0.076101 ape=0.6276
[17:42:25] regretChangePotential 20% (244/1164) regret=0.076101 ape=0.6276
[17:42:26] regretChangePotential 21% (245/1164) regret=0.076101 ape=0.6276
[17:42:26] regretChangePotential 21% (246/1164) regret=0.076101 ape=0.6276
[17:42:26] regretChangePotential 21% (247/1164) regret=0.076101 ape=0.6276
[17:42:26] regretChangePotential 21% (248/1164) regret=0.076101 ape=0.6276
[17:42:26] regretChangePotential 21% (249/1164) regret=0.076101 ape=0.6276
[17:42:26] regretChangePotential 21% (250/1164) regret=0.076101 ape=0.6276
[17:42:27] regretChangePotential 21% (251/1164) regret=0.076101 ape=0.6276
[17:42:27] regretChangePotential 21% (252/1164) regret=0.076101 ape=0.6276
[17:42:27] regretChangePotential 21% (253/1164) regret=0.076101 ape=0.6276
[17:42:27] regretChangePotential 21% (254/1164) regret=0.076054 ape=0.6267
[17:42:27] regretChangePotential 21% (255/1164) regret=0.076054 ape=0.6267
[17:42:27] regretChangePotential 21% (256/1164) regret=0.076054 ape=0.6267
[17:42:27] regretChangePotential 22% (257/1164) regret=0.076054 ape=0.6267
[17:42:28] regretChangePotential 22% (258/1164) regret=0.076054 ape=0.6267
[17:42:28] regretChangePotential 22% (259/1164) regret=0.076054 ape=0.6267
[17:42:28] regretChangePotential 22% (260/1164) regret=0.075898 ape=0.6258
[17:42:28] regretChangePotential 22% (261/1164) regret=0.075907 ape=0.6258
[17:42:28] regretChangePotential 22% (262/1164) regret=0.075935 ape=0.6258
[17:42:28] regretChangePotential 22% (263/1164) regret=0.075858 ape=0.6258
[17:42:28] regretChangePotential 22% (264/1164) regret=0.075563 ape=0.6258
[17:42:29] regretChangePotential 22% (265/1164) regret=0.074936 ape=0.6249
[17:42:29] regretChangePotential 22% (266/1164) regret=0.074982 ape=0.6258
[17:42:29] regretChangePotential 22% (267/1164) regret=0.075222 ape=0.6258
[17:42:29] regretChangePotential 23% (268/1164) regret=0.075208 ape=0.6249
[17:42:29] regretChangePotential 23% (269/1164) regret=0.074249 ape=0.6230
[17:42:29] regretChangePotential 23% (270/1164) regret=0.074812 ape=0.6230
[17:42:30] regretChangePotential 23% (271/1164) regret=0.073618 ape=0.6221
[17:42:30] regretChangePotential 23% (272/1164) regret=0.073489 ape=0.6212
[17:42:30] regretChangePotential 23% (273/1164) regret=0.073610 ape=0.6212
[17:42:30] regretChangePotential 23% (274/1164) regret=0.073481 ape=0.6212
[17:42:30] regretChangePotential 23% (275/1164) regret=0.073527 ape=0.6212
[17:42:30] regretChangePotential 23% (276/1164) regret=0.073105 ape=0.6212
[17:42:30] regretChangePotential 23% (277/1164) regret=0.073105 ape=0.6212
[17:42:31] regretChangePotential 23% (278/1164) regret=0.073455 ape=0.6212
[17:42:31] regretChangePotential 23% (279/1164) regret=0.073040 ape=0.6194
[17:42:31] regretChangePotential 24% (280/1164) regret=0.072985 ape=0.6194
[17:42:31] regretChangePotential 24% (281/1164) regret=0.073072 ape=0.6194
[17:42:31] regretChangePotential 24% (282/1164) regret=0.072549 ape=0.6175
[17:42:31] regretChangePotential 24% (283/1164) regret=0.071765 ape=0.6166
[17:42:31] regretChangePotential 24% (284/1164) regret=0.071913 ape=0.6166
[17:42:32] regretChangePotential 24% (285/1164) regret=0.071874 ape=0.6157
[17:42:32] regretChangePotential 24% (286/1164) regret=0.071879 ape=0.6157
[17:42:32] regretChangePotential 24% (287/1164) regret=0.071706 ape=0.6157
[17:42:32] regretChangePotential 24% (288/1164) regret=0.071752 ape=0.6157
[17:42:32] regretChangePotential 24% (289/1164) regret=0.071650 ape=0.6157
[17:42:32] regretChangePotential 24% (290/1164) regret=0.071323 ape=0.6147
[17:42:33] regretChangePotential 25% (291/1164) regret=0.071397 ape=0.6147
[17:42:33] regretChangePotential 25% (292/1164) regret=0.071397 ape=0.6147
[17:42:33] regretChangePotential 25% (293/1164) regret=0.071735 ape=0.6157
[17:42:33] regretChangePotential 25% (294/1164) regret=0.071648 ape=0.6147
[17:42:33] regretChangePotential 25% (295/1164) regret=0.072044 ape=0.6157
[17:42:33] regretChangePotential 25% (296/1164) regret=0.071572 ape=0.6138
[17:42:33] regretChangePotential 25% (297/1164) regret=0.071256 ape=0.6147
[17:42:34] regretChangePotential 25% (298/1164) regret=0.071256 ape=0.6147
[17:42:34] regretChangePotential 25% (299/1164) regret=0.070846 ape=0.6147
[17:42:34] regretChangePotential 25% (300/1164) regret=0.070800 ape=0.6147
[17:42:34] regretChangePotential 25% (301/1164) regret=0.070680 ape=0.6129
[17:42:34] regretChangePotential 25% (302/1164) regret=0.070809 ape=0.6138
[17:42:34] regretChangePotential 26% (303/1164) regret=0.070170 ape=0.6138
[17:42:35] regretChangePotential 26% (304/1164) regret=0.070040 ape=0.6129
[17:42:35] regretChangePotential 26% (305/1164) regret=0.069340 ape=0.6120
[17:42:35] regretChangePotential 26% (306/1164) regret=0.069252 ape=0.6111
[17:42:35] regretChangePotential 26% (307/1164) regret=0.069137 ape=0.6111
[17:42:35] regretChangePotential 26% (308/1164) regret=0.069211 ape=0.6111
[17:42:35] regretChangePotential 26% (309/1164) regret=0.069128 ape=0.6111
[17:42:35] regretChangePotential 26% (310/1164) regret=0.069094 ape=0.6111
[17:42:36] regretChangePotential 26% (311/1164) regret=0.069007 ape=0.6101
[17:42:36] regretChangePotential 26% (312/1164) regret=0.068523 ape=0.6092
[17:42:36] regretChangePotential 26% (313/1164) regret=0.067955 ape=0.6083
[17:42:36] regretChangePotential 26% (314/1164) regret=0.067785 ape=0.6083
[17:42:36] regretChangePotential 27% (315/1164) regret=0.067785 ape=0.6083
[17:42:36] regretChangePotential 27% (316/1164) regret=0.067729 ape=0.6083
[17:42:36] regretChangePotential 27% (317/1164) regret=0.067550 ape=0.6083
[17:42:37] regretChangePotential 27% (318/1164) regret=0.067282 ape=0.6083
[17:42:37] regretChangePotential 27% (319/1164) regret=0.066568 ape=0.6074
[17:42:37] regretChangePotential 27% (320/1164) regret=0.066399 ape=0.6074
[17:42:37] regretChangePotential 27% (321/1164) regret=0.065980 ape=0.6055
[17:42:37] regretChangePotential 27% (322/1164) regret=0.065901 ape=0.6055
[17:42:37] regretChangePotential 27% (323/1164) regret=0.065658 ape=0.6055
[17:42:38] regretChangePotential 27% (324/1164) regret=0.065257 ape=0.6046
[17:42:38] regretChangePotential 27% (325/1164) regret=0.065284 ape=0.6046
[17:42:38] regretChangePotential 28% (326/1164) regret=0.065392 ape=0.6055
[17:42:38] regretChangePotential 28% (327/1164) regret=0.065103 ape=0.6055
[17:42:38] regretChangePotential 28% (328/1164) regret=0.065117 ape=0.6055
[17:42:38] regretChangePotential 28% (329/1164) regret=0.065126 ape=0.6055
[17:42:38] regretChangePotential 28% (330/1164) regret=0.065126 ape=0.6055
[17:42:39] regretChangePotential 28% (331/1164) regret=0.065126 ape=0.6055
[17:42:39] regretChangePotential 28% (332/1164) regret=0.065055 ape=0.6055
[17:42:39] regretChangePotential 28% (333/1164) regret=0.065074 ape=0.6055
[17:42:39] regretChangePotential 28% (334/1164) regret=0.065205 ape=0.6065
[17:42:39] regretChangePotential 28% (335/1164) regret=0.065134 ape=0.6065
[17:42:39] regretChangePotential 28% (336/1164) regret=0.065479 ape=0.6055
[17:42:40] regretChangePotential 28% (337/1164) regret=0.065531 ape=0.6055
[17:42:40] regretChangePotential 29% (338/1164) regret=0.065531 ape=0.6055
[17:42:40] regretChangePotential 29% (339/1164) regret=0.065594 ape=0.6065
[17:42:40] regretChangePotential 29% (340/1164) regret=0.066058 ape=0.6065
[17:42:40] regretChangePotential 29% (341/1164) regret=0.066035 ape=0.6065
[17:42:40] regretChangePotential 29% (342/1164) regret=0.066153 ape=0.6065
[17:42:40] regretChangePotential 29% (343/1164) regret=0.066164 ape=0.6065
[17:42:41] regretChangePotential 29% (344/1164) regret=0.065804 ape=0.6046
[17:42:41] regretChangePotential 29% (345/1164) regret=0.065739 ape=0.6055
[17:42:41] regretChangePotential 29% (346/1164) regret=0.065500 ape=0.6046
[17:42:41] regretChangePotential 29% (347/1164) regret=0.065580 ape=0.6046
[17:42:41] regretChangePotential 29% (348/1164) regret=0.065682 ape=0.6055
[17:42:41] regretChangePotential 29% (349/1164) regret=0.065666 ape=0.6046
[17:42:41] regretChangePotential 30% (350/1164) regret=0.065666 ape=0.6046
[17:42:42] regretChangePotential 30% (351/1164) regret=0.065666 ape=0.6046
[17:42:42] regretChangePotential 30% (352/1164) regret=0.065664 ape=0.6046
[17:42:42] regretChangePotential 30% (353/1164) regret=0.065609 ape=0.6037
[17:42:42] regretChangePotential 30% (354/1164) regret=0.065609 ape=0.6037
[17:42:42] regretChangePotential 30% (355/1164) regret=0.065520 ape=0.6037
[17:42:42] regretChangePotential 30% (356/1164) regret=0.065520 ape=0.6037
[17:42:43] regretChangePotential 30% (357/1164) regret=0.065520 ape=0.6037
[17:42:43] regretChangePotential 30% (358/1164) regret=0.065409 ape=0.6028
[17:42:43] regretChangePotential 30% (359/1164) regret=0.065409 ape=0.6028
[17:42:43] regretChangePotential 30% (360/1164) regret=0.065483 ape=0.6037
[17:42:43] regretChangePotential 31% (361/1164) regret=0.065234 ape=0.6028
[17:42:43] regretChangePotential 31% (362/1164) regret=0.065234 ape=0.6028
[17:42:43] regretChangePotential 31% (363/1164) regret=0.065160 ape=0.6018
[17:42:44] regretChangePotential 31% (364/1164) regret=0.065256 ape=0.6028
[17:42:44] regretChangePotential 31% (365/1164) regret=0.065220 ape=0.6018
[17:42:44] regretChangePotential 31% (366/1164) regret=0.065220 ape=0.6018
[17:42:44] regretChangePotential 31% (367/1164) regret=0.065409 ape=0.6028
[17:42:44] regretChangePotential 31% (368/1164) regret=0.065409 ape=0.6028
[17:42:44] regretChangePotential 31% (369/1164) regret=0.065409 ape=0.6028
[17:42:45] regretChangePotential 31% (370/1164) regret=0.065339 ape=0.6028
[17:42:45] regretChangePotential 31% (371/1164) regret=0.065409 ape=0.6028
[17:42:45] regretChangePotential 31% (372/1164) regret=0.065409 ape=0.6028
[17:42:45] regretChangePotential 32% (373/1164) regret=0.064927 ape=0.6009
[17:42:45] regretChangePotential 32% (374/1164) regret=0.064913 ape=0.6000
[17:42:45] regretChangePotential 32% (375/1164) regret=0.064913 ape=0.6000
[17:42:45] regretChangePotential 32% (376/1164) regret=0.064987 ape=0.6000
[17:42:46] regretChangePotential 32% (377/1164) regret=0.064950 ape=0.6000
[17:42:46] regretChangePotential 32% (378/1164) regret=0.064950 ape=0.6000
[17:42:46] regretChangePotential 32% (379/1164) regret=0.064950 ape=0.6000
[17:42:46] regretChangePotential 32% (380/1164) regret=0.064667 ape=0.5991
[17:42:46] regretChangePotential 32% (381/1164) regret=0.064667 ape=0.5991
[17:42:46] regretChangePotential 32% (382/1164) regret=0.064307 ape=0.5982
[17:42:47] regretChangePotential 32% (383/1164) regret=0.064058 ape=0.5972
[17:42:47] regretChangePotential 32% (384/1164) regret=0.064058 ape=0.5972
[17:42:47] regretChangePotential 33% (385/1164) regret=0.064183 ape=0.5972
[17:42:47] regretChangePotential 33% (386/1164) regret=0.063952 ape=0.5963
[17:42:47] regretChangePotential 33% (387/1164) regret=0.063952 ape=0.5963
[17:42:47] regretChangePotential 33% (388/1164) regret=0.063481 ape=0.5945
[17:42:47] regretChangePotential 33% (389/1164) regret=0.063487 ape=0.5945
[17:42:48] regretChangePotential 33% (390/1164) regret=0.063588 ape=0.5945
[17:42:48] regretChangePotential 33% (391/1164) regret=0.063588 ape=0.5945
[17:42:48] regretChangePotential 33% (392/1164) regret=0.063588 ape=0.5945
[17:42:48] regretChangePotential 33% (393/1164) regret=0.063752 ape=0.5954
[17:42:48] regretChangePotential 33% (394/1164) regret=0.063798 ape=0.5954
[17:42:48] regretChangePotential 33% (395/1164) regret=0.063752 ape=0.5954
[17:42:48] regretChangePotential 34% (396/1164) regret=0.063710 ape=0.5954
[17:42:49] regretChangePotential 34% (397/1164) regret=0.063710 ape=0.5954
[17:42:49] regretChangePotential 34% (398/1164) regret=0.063710 ape=0.5954
[17:42:49] regretChangePotential 34% (399/1164) regret=0.063452 ape=0.5945
[17:42:49] regretChangePotential 34% (400/1164) regret=0.063392 ape=0.5954
[17:42:49] regretChangePotential 34% (401/1164) regret=0.063355 ape=0.5945
[17:42:49] regretChangePotential 34% (402/1164) regret=0.063355 ape=0.5945
[17:42:50] regretChangePotential 34% (403/1164) regret=0.063355 ape=0.5945
[17:42:50] regretChangePotential 34% (404/1164) regret=0.063328 ape=0.5935
[17:42:50] regretChangePotential 34% (405/1164) regret=0.063328 ape=0.5935
[17:42:50] regretChangePotential 34% (406/1164) regret=0.063159 ape=0.5926
[17:42:50] regretChangePotential 34% (407/1164) regret=0.063085 ape=0.5926
[17:42:50] regretChangePotential 35% (408/1164) regret=0.063082 ape=0.5926
[17:42:50] regretChangePotential 35% (409/1164) regret=0.063082 ape=0.5926
[17:42:51] regretChangePotential 35% (410/1164) regret=0.063069 ape=0.5926
[17:42:51] regretChangePotential 35% (411/1164) regret=0.063063 ape=0.5926
[17:42:51] regretChangePotential 35% (412/1164) regret=0.062977 ape=0.5926
[17:42:51] regretChangePotential 35% (413/1164) regret=0.062971 ape=0.5926
[17:42:51] regretChangePotential 35% (414/1164) regret=0.062965 ape=0.5926
[17:42:52] regretChangePotential 35% (415/1164) regret=0.062851 ape=0.5917
[17:42:52] regretChangePotential 35% (416/1164) regret=0.062833 ape=0.5917
[17:42:52] regretChangePotential 35% (417/1164) regret=0.062741 ape=0.5908
[17:42:52] regretChangePotential 35% (418/1164) regret=0.062741 ape=0.5908
[17:42:53] regretChangePotential 35% (419/1164) regret=0.062796 ape=0.5908
[17:42:53] regretChangePotential 36% (420/1164) regret=0.062192 ape=0.5908
[17:42:53] regretChangePotential 36% (421/1164) regret=0.062229 ape=0.5908
[17:42:54] regretChangePotential 36% (422/1164) regret=0.062183 ape=0.5908
[17:42:54] regretChangePotential 36% (423/1164) regret=0.062183 ape=0.5908
[17:42:54] regretChangePotential 36% (424/1164) regret=0.062324 ape=0.5908
[17:42:54] regretChangePotential 36% (425/1164) regret=0.062324 ape=0.5908
[17:42:54] regretChangePotential 36% (426/1164) regret=0.062324 ape=0.5908
[17:42:55] regretChangePotential 36% (427/1164) regret=0.062324 ape=0.5908
[17:42:55] regretChangePotential 36% (428/1164) regret=0.062324 ape=0.5908
[17:42:55] regretChangePotential 36% (429/1164) regret=0.062233 ape=0.5908
[17:42:55] regretChangePotential 36% (430/1164) regret=0.062163 ape=0.5908
[17:42:56] regretChangePotential 37% (431/1164) regret=0.062147 ape=0.5917
[17:42:56] regretChangePotential 37% (432/1164) regret=0.062147 ape=0.5917
[17:42:56] regretChangePotential 37% (433/1164) regret=0.062180 ape=0.5917
[17:42:56] regretChangePotential 37% (434/1164) regret=0.062065 ape=0.5926
[17:42:57] regretChangePotential 37% (435/1164) regret=0.062700 ape=0.5926
[17:42:57] regretChangePotential 37% (436/1164) regret=0.062385 ape=0.5917
[17:42:57] regretChangePotential 37% (437/1164) regret=0.062763 ape=0.5935
[17:42:58] regretChangePotential 37% (438/1164) regret=0.062222 ape=0.5926
[17:42:58] regretChangePotential 37% (439/1164) regret=0.062162 ape=0.5926
[17:42:58] regretChangePotential 37% (440/1164) regret=0.062236 ape=0.5917
[17:42:58] regretChangePotential 37% (441/1164) regret=0.062494 ape=0.5935
[17:42:58] regretChangePotential 37% (442/1164) regret=0.062669 ape=0.5945
[17:42:59] regretChangePotential 38% (443/1164) regret=0.062503 ape=0.5935
[17:42:59] regretChangePotential 38% (444/1164) regret=0.062614 ape=0.5935
[17:42:59] regretChangePotential 38% (445/1164) regret=0.062588 ape=0.5935
[17:42:59] regretChangePotential 38% (446/1164) regret=0.062588 ape=0.5935
[17:43:00] regretChangePotential 38% (447/1164) regret=0.062588 ape=0.5935
[17:43:00] regretChangePotential 38% (448/1164) regret=0.062593 ape=0.5935
[17:43:00] regretChangePotential 38% (449/1164) regret=0.062510 ape=0.5935
[17:43:00] regretChangePotential 38% (450/1164) regret=0.062123 ape=0.5926
[17:43:01] regretChangePotential 38% (451/1164) regret=0.062118 ape=0.5917
[17:43:01] regretChangePotential 38% (452/1164) regret=0.062114 ape=0.5917
[17:43:01] regretChangePotential 38% (453/1164) regret=0.061869 ape=0.5917
[17:43:01] regretChangePotential 39% (454/1164) regret=0.061998 ape=0.5926
[17:43:02] regretChangePotential 39% (455/1164) regret=0.061998 ape=0.5926
[17:43:02] regretChangePotential 39% (456/1164) regret=0.061998 ape=0.5926
[17:43:02] regretChangePotential 39% (457/1164) regret=0.061998 ape=0.5926
[17:43:03] regretChangePotential 39% (458/1164) regret=0.062174 ape=0.5935
[17:43:03] regretChangePotential 39% (459/1164) regret=0.062118 ape=0.5926
[17:43:03] regretChangePotential 39% (460/1164) regret=0.062118 ape=0.5926
[17:43:03] regretChangePotential 39% (461/1164) regret=0.062118 ape=0.5926
[17:43:04] regretChangePotential 39% (462/1164) regret=0.062118 ape=0.5926
[17:43:04] regretChangePotential 39% (463/1164) regret=0.062112 ape=0.5926
[17:43:04] regretChangePotential 39% (464/1164) regret=0.062060 ape=0.5917
[17:43:04] regretChangePotential 39% (465/1164) regret=0.062060 ape=0.5917
[17:43:04] regretChangePotential 40% (466/1164) regret=0.062060 ape=0.5917
[17:43:05] regretChangePotential 40% (467/1164) regret=0.062060 ape=0.5917
[17:43:05] regretChangePotential 40% (468/1164) regret=0.062060 ape=0.5917
[17:43:05] regretChangePotential 40% (469/1164) regret=0.062060 ape=0.5917
[17:43:05] regretChangePotential 40% (470/1164) regret=0.062060 ape=0.5917
[17:43:06] regretChangePotential 40% (471/1164) regret=0.062060 ape=0.5917
[17:43:06] regretChangePotential 40% (472/1164) regret=0.061681 ape=0.5908
[17:43:06] regretChangePotential 40% (473/1164) regret=0.061681 ape=0.5908
[17:43:06] regretChangePotential 40% (474/1164) regret=0.061681 ape=0.5908
[17:43:07] regretChangePotential 40% (475/1164) regret=0.061681 ape=0.5908
[17:43:07] regretChangePotential 40% (476/1164) regret=0.061681 ape=0.5908
[17:43:07] regretChangePotential 40% (477/1164) regret=0.061234 ape=0.5908
[17:43:07] regretChangePotential 41% (478/1164) regret=0.061234 ape=0.5908
[17:43:08] regretChangePotential 41% (479/1164) regret=0.061234 ape=0.5908
[17:43:08] regretChangePotential 41% (480/1164) regret=0.061234 ape=0.5908
[17:43:08] regretChangePotential 41% (481/1164) regret=0.061234 ape=0.5908
[17:43:08] regretChangePotential 41% (482/1164) regret=0.061234 ape=0.5908
[17:43:09] regretChangePotential 41% (483/1164) regret=0.061234 ape=0.5908
[17:43:09] regretChangePotential 41% (484/1164) regret=0.061234 ape=0.5908
[17:43:09] regretChangePotential 41% (485/1164) regret=0.061234 ape=0.5908
[17:43:09] regretChangePotential 41% (486/1164) regret=0.061234 ape=0.5908
[17:43:10] regretChangePotential 41% (487/1164) regret=0.061234 ape=0.5908
[17:43:10] regretChangePotential 41% (488/1164) regret=0.061234 ape=0.5908
[17:43:10] regretChangePotential 42% (489/1164) regret=0.061234 ape=0.5908
[17:43:11] regretChangePotential 42% (490/1164) regret=0.061234 ape=0.5908
[17:43:11] regretChangePotential 42% (491/1164) regret=0.061234 ape=0.5908
[17:43:11] regretChangePotential 42% (492/1164) regret=0.061234 ape=0.5908
[17:43:11] regretChangePotential 42% (493/1164) regret=0.061234 ape=0.5908
[17:43:12] regretChangePotential 42% (494/1164) regret=0.061234 ape=0.5908
[17:43:12] regretChangePotential 42% (495/1164) regret=0.061234 ape=0.5908
[17:43:12] regretChangePotential 42% (496/1164) regret=0.061234 ape=0.5908
[17:43:12] regretChangePotential 42% (497/1164) regret=0.061234 ape=0.5908
[17:43:12] regretChangePotential 42% (498/1164) regret=0.060815 ape=0.5908
[17:43:13] regretChangePotential 42% (499/1164) regret=0.060815 ape=0.5908
[17:43:13] regretChangePotential 42% (500/1164) regret=0.060815 ape=0.5908
[17:43:13] regretChangePotential 43% (501/1164) regret=0.060815 ape=0.5908
[17:43:13] regretChangePotential 43% (502/1164) regret=0.060815 ape=0.5908
[17:43:13] regretChangePotential 43% (503/1164) regret=0.060815 ape=0.5908
[17:43:13] regretChangePotential 43% (504/1164) regret=0.060815 ape=0.5908
[17:43:14] regretChangePotential 43% (505/1164) regret=0.060815 ape=0.5908
[17:43:14] regretChangePotential 43% (506/1164) regret=0.060815 ape=0.5908
[17:43:14] regretChangePotential 43% (507/1164) regret=0.060815 ape=0.5908
[17:43:14] regretChangePotential 43% (508/1164) regret=0.060681 ape=0.5899
[17:43:14] regretChangePotential 43% (509/1164) regret=0.060681 ape=0.5899
[17:43:14] regretChangePotential 43% (510/1164) regret=0.060681 ape=0.5899
[17:43:15] regretChangePotential 43% (511/1164) regret=0.060681 ape=0.5899
[17:43:15] regretChangePotential 43% (512/1164) regret=0.060681 ape=0.5899
[17:43:15] regretChangePotential 44% (513/1164) regret=0.060681 ape=0.5899
[17:43:15] regretChangePotential 44% (514/1164) regret=0.060681 ape=0.5899
[17:43:15] regretChangePotential 44% (515/1164) regret=0.060681 ape=0.5899
[17:43:15] regretChangePotential 44% (516/1164) regret=0.060681 ape=0.5899
[17:43:15] regretChangePotential 44% (517/1164) regret=0.060276 ape=0.5889
[17:43:16] regretChangePotential 44% (518/1164) regret=0.059930 ape=0.5880
[17:43:16] regretChangePotential 44% (519/1164) regret=0.059930 ape=0.5880
[17:43:16] regretChangePotential 44% (520/1164) regret=0.059930 ape=0.5880
[17:43:16] regretChangePotential 44% (521/1164) regret=0.059930 ape=0.5880
[17:43:16] regretChangePotential 44% (522/1164) regret=0.059930 ape=0.5880
[17:43:16] regretChangePotential 44% (523/1164) regret=0.059930 ape=0.5880
[17:43:17] regretChangePotential 45% (524/1164) regret=0.059930 ape=0.5880
[17:43:17] regretChangePotential 45% (525/1164) regret=0.059930 ape=0.5880
[17:43:17] regretChangePotential 45% (526/1164) regret=0.059939 ape=0.5880
[17:43:17] regretChangePotential 45% (527/1164) regret=0.059898 ape=0.5880
[17:43:17] regretChangePotential 45% (528/1164) regret=0.059566 ape=0.5871
[17:43:18] regretChangePotential 45% (529/1164) regret=0.059493 ape=0.5862
[17:43:18] regretChangePotential 45% (530/1164) regret=0.059382 ape=0.5853
[17:43:18] regretChangePotential 45% (531/1164) regret=0.059382 ape=0.5853
[17:43:18] regretChangePotential 45% (532/1164) regret=0.059382 ape=0.5853
[17:43:18] regretChangePotential 45% (533/1164) regret=0.059382 ape=0.5853
[17:43:19] regretChangePotential 45% (534/1164) regret=0.059415 ape=0.5853
[17:43:19] regretChangePotential 45% (535/1164) regret=0.059261 ape=0.5843
[17:43:19] regretChangePotential 46% (536/1164) regret=0.059502 ape=0.5843
[17:43:19] regretChangePotential 46% (537/1164) regret=0.059502 ape=0.5843
[17:43:20] regretChangePotential 46% (538/1164) regret=0.059356 ape=0.5843
[17:43:20] regretChangePotential 46% (539/1164) regret=0.059301 ape=0.5834
[17:43:20] regretChangePotential 46% (540/1164) regret=0.059301 ape=0.5834
[17:43:20] regretChangePotential 46% (541/1164) regret=0.059430 ape=0.5843
[17:43:21] regretChangePotential 46% (542/1164) regret=0.059443 ape=0.5834
[17:43:21] regretChangePotential 46% (543/1164) regret=0.059342 ape=0.5825
[17:43:21] regretChangePotential 46% (544/1164) regret=0.059416 ape=0.5825
[17:43:21] regretChangePotential 46% (545/1164) regret=0.059416 ape=0.5825
[17:43:22] regretChangePotential 46% (546/1164) regret=0.059158 ape=0.5825
[17:43:22] regretChangePotential 46% (547/1164) regret=0.059098 ape=0.5825
[17:43:22] regretChangePotential 47% (548/1164) regret=0.058941 ape=0.5825
[17:43:22] regretChangePotential 47% (549/1164) regret=0.058946 ape=0.5825
[17:43:23] regretChangePotential 47% (550/1164) regret=0.058941 ape=0.5825
[17:43:23] regretChangePotential 47% (551/1164) regret=0.058895 ape=0.5816
[17:43:23] regretChangePotential 47% (552/1164) regret=0.059220 ape=0.5825
[17:43:23] regretChangePotential 47% (553/1164) regret=0.058941 ape=0.5825
[17:43:24] regretChangePotential 47% (554/1164) regret=0.058780 ape=0.5816
[17:43:24] regretChangePotential 47% (555/1164) regret=0.058780 ape=0.5816
[17:43:24] regretChangePotential 47% (556/1164) regret=0.058764 ape=0.5816
[17:43:25] regretChangePotential 47% (557/1164) regret=0.058764 ape=0.5816
[17:43:25] regretChangePotential 47% (558/1164) regret=0.058764 ape=0.5816
[17:43:25] regretChangePotential 48% (559/1164) regret=0.058781 ape=0.5816
[17:43:25] regretChangePotential 48% (560/1164) regret=0.058753 ape=0.5816
[17:43:25] regretChangePotential 48% (561/1164) regret=0.058744 ape=0.5816
[17:43:26] regretChangePotential 48% (562/1164) regret=0.058572 ape=0.5806
[17:43:26] regretChangePotential 48% (563/1164) regret=0.058542 ape=0.5806
[17:43:26] regretChangePotential 48% (564/1164) regret=0.058135 ape=0.5797
[17:43:26] regretChangePotential 48% (565/1164) regret=0.058070 ape=0.5788
[17:43:26] regretChangePotential 48% (566/1164) regret=0.058070 ape=0.5788
[17:43:27] regretChangePotential 48% (567/1164) regret=0.058070 ape=0.5788
[17:43:27] regretChangePotential 48% (568/1164) regret=0.057705 ape=0.5779
[17:43:27] regretChangePotential 48% (569/1164) regret=0.057615 ape=0.5770
[17:43:28] regretChangePotential 48% (570/1164) regret=0.057615 ape=0.5770
[17:43:28] regretChangePotential 49% (571/1164) regret=0.057496 ape=0.5760
[17:43:28] regretChangePotential 49% (572/1164) regret=0.057980 ape=0.5760
[17:43:28] regretChangePotential 49% (573/1164) regret=0.057454 ape=0.5760
[17:43:28] regretChangePotential 49% (574/1164) regret=0.057551 ape=0.5770
[17:43:29] regretChangePotential 49% (575/1164) regret=0.057237 ape=0.5760
[17:43:29] regretChangePotential 49% (576/1164) regret=0.057237 ape=0.5760
[17:43:29] regretChangePotential 49% (577/1164) regret=0.057276 ape=0.5760
[17:43:29] regretChangePotential 49% (578/1164) regret=0.057237 ape=0.5760
[17:43:30] regretChangePotential 49% (579/1164) regret=0.057237 ape=0.5760
[17:43:30] regretChangePotential 49% (580/1164) regret=0.057237 ape=0.5760
[17:43:30] regretChangePotential 49% (581/1164) regret=0.057237 ape=0.5760
[17:43:31] regretChangePotential 50% (582/1164) regret=0.057237 ape=0.5760
[17:43:31] regretChangePotential 50% (583/1164) regret=0.057237 ape=0.5760
[17:43:31] regretChangePotential 50% (584/1164) regret=0.057237 ape=0.5760
[17:43:31] regretChangePotential 50% (585/1164) regret=0.057237 ape=0.5760
[17:43:32] regretChangePotential 50% (586/1164) regret=0.057237 ape=0.5760
[17:43:32] regretChangePotential 50% (587/1164) regret=0.057237 ape=0.5760
[17:43:32] regretChangePotential 50% (588/1164) regret=0.057237 ape=0.5760
[17:43:32] regretChangePotential 50% (589/1164) regret=0.057237 ape=0.5760
[17:43:32] regretChangePotential 50% (590/1164) regret=0.057237 ape=0.5760
[17:43:33] regretChangePotential 50% (591/1164) regret=0.057237 ape=0.5760
[17:43:33] regretChangePotential 50% (592/1164) regret=0.057237 ape=0.5760
[17:43:33] regretChangePotential 50% (593/1164) regret=0.057237 ape=0.5760
[17:43:33] regretChangePotential 51% (594/1164) regret=0.057237 ape=0.5760
[17:43:34] regretChangePotential 51% (595/1164) regret=0.057237 ape=0.5760
[17:43:34] regretChangePotential 51% (596/1164) regret=0.057237 ape=0.5760
[17:43:34] regretChangePotential 51% (597/1164) regret=0.057237 ape=0.5760
[17:43:35] regretChangePotential 51% (598/1164) regret=0.057237 ape=0.5760
[17:43:35] regretChangePotential 51% (599/1164) regret=0.057237 ape=0.5760
[17:43:35] regretChangePotential 51% (600/1164) regret=0.057237 ape=0.5760
[17:43:35] regretChangePotential 51% (601/1164) regret=0.057237 ape=0.5760
[17:43:36] regretChangePotential 51% (602/1164) regret=0.057237 ape=0.5760
[17:43:36] regretChangePotential 51% (603/1164) regret=0.057237 ape=0.5760
[17:43:36] regretChangePotential 51% (604/1164) regret=0.057237 ape=0.5760
[17:43:36] regretChangePotential 51% (605/1164) regret=0.057237 ape=0.5760
[17:43:37] regretChangePotential 52% (606/1164) regret=0.057237 ape=0.5760
[17:43:37] regretChangePotential 52% (607/1164) regret=0.057111 ape=0.5751
[17:43:37] regretChangePotential 52% (608/1164) regret=0.057107 ape=0.5751
[17:43:37] regretChangePotential 52% (609/1164) regret=0.057125 ape=0.5760
[17:43:38] regretChangePotential 52% (610/1164) regret=0.057217 ape=0.5760
[17:43:38] regretChangePotential 52% (611/1164) regret=0.057184 ape=0.5760
[17:43:38] regretChangePotential 52% (612/1164) regret=0.057137 ape=0.5751
[17:43:38] regretChangePotential 52% (613/1164) regret=0.057211 ape=0.5760
[17:43:39] regretChangePotential 52% (614/1164) regret=0.057211 ape=0.5760
[17:43:39] regretChangePotential 52% (615/1164) regret=0.057211 ape=0.5760
[17:43:39] regretChangePotential 52% (616/1164) regret=0.057211 ape=0.5760
[17:43:40] regretChangePotential 53% (617/1164) regret=0.057211 ape=0.5760
[17:43:40] regretChangePotential 53% (618/1164) regret=0.057211 ape=0.5760
[17:43:40] regretChangePotential 53% (619/1164) regret=0.057211 ape=0.5760
[17:43:40] regretChangePotential 53% (620/1164) regret=0.057211 ape=0.5760
[17:43:40] regretChangePotential 53% (621/1164) regret=0.057211 ape=0.5760
[17:43:41] regretChangePotential 53% (622/1164) regret=0.057211 ape=0.5760
[17:43:41] regretChangePotential 53% (623/1164) regret=0.057286 ape=0.5770
[17:43:41] regretChangePotential 53% (624/1164) regret=0.057022 ape=0.5770
[17:43:41] regretChangePotential 53% (625/1164) regret=0.057125 ape=0.5779
[17:43:41] regretChangePotential 53% (626/1164) regret=0.057162 ape=0.5779
[17:43:42] regretChangePotential 53% (627/1164) regret=0.057174 ape=0.5779
[17:43:42] regretChangePotential 53% (628/1164) regret=0.056910 ape=0.5770
[17:43:42] regretChangePotential 54% (629/1164) regret=0.056910 ape=0.5770
[17:43:42] regretChangePotential 54% (630/1164) regret=0.056910 ape=0.5770
[17:43:43] regretChangePotential 54% (631/1164) regret=0.056910 ape=0.5770
[17:43:43] regretChangePotential 54% (632/1164) regret=0.056910 ape=0.5770
[17:43:43] regretChangePotential 54% (633/1164) regret=0.056910 ape=0.5770
[17:43:44] regretChangePotential 54% (634/1164) regret=0.056843 ape=0.5770
[17:43:44] regretChangePotential 54% (635/1164) regret=0.056843 ape=0.5770
[17:43:44] regretChangePotential 54% (636/1164) regret=0.056843 ape=0.5770
[17:43:44] regretChangePotential 54% (637/1164) regret=0.056843 ape=0.5770
[17:43:44] regretChangePotential 54% (638/1164) regret=0.056843 ape=0.5770
[17:43:45] regretChangePotential 54% (639/1164) regret=0.056843 ape=0.5770
[17:43:45] regretChangePotential 54% (640/1164) regret=0.056843 ape=0.5770
[17:43:45] regretChangePotential 55% (641/1164) regret=0.056843 ape=0.5770
[17:43:46] regretChangePotential 55% (642/1164) regret=0.056843 ape=0.5770
[17:43:46] regretChangePotential 55% (643/1164) regret=0.056446 ape=0.5770
[17:43:46] regretChangePotential 55% (644/1164) regret=0.056027 ape=0.5770
[17:43:46] regretChangePotential 55% (645/1164) regret=0.056027 ape=0.5770
[17:43:47] regretChangePotential 55% (646/1164) regret=0.056027 ape=0.5770
[17:43:47] regretChangePotential 55% (647/1164) regret=0.056027 ape=0.5770
[17:43:47] regretChangePotential 55% (648/1164) regret=0.056038 ape=0.5770
[17:43:47] regretChangePotential 55% (649/1164) regret=0.056038 ape=0.5770
[17:43:48] regretChangePotential 55% (650/1164) regret=0.056038 ape=0.5770
[17:43:48] regretChangePotential 55% (651/1164) regret=0.056038 ape=0.5770
[17:43:48] regretChangePotential 56% (652/1164) regret=0.056038 ape=0.5770
[17:43:48] regretChangePotential 56% (653/1164) regret=0.055955 ape=0.5760
[17:43:49] regretChangePotential 56% (654/1164) regret=0.055955 ape=0.5760
[17:43:49] regretChangePotential 56% (655/1164) regret=0.055955 ape=0.5760
[17:43:49] regretChangePotential 56% (656/1164) regret=0.055955 ape=0.5760
[17:43:49] regretChangePotential 56% (657/1164) regret=0.055955 ape=0.5760
[17:43:50] regretChangePotential 56% (658/1164) regret=0.055955 ape=0.5760
[17:43:50] regretChangePotential 56% (659/1164) regret=0.055955 ape=0.5760
[17:43:50] regretChangePotential 56% (660/1164) regret=0.055955 ape=0.5760
[17:43:50] regretChangePotential 56% (661/1164) regret=0.055955 ape=0.5760
[17:43:51] regretChangePotential 56% (662/1164) regret=0.055955 ape=0.5760
[17:43:51] regretChangePotential 56% (663/1164) regret=0.055955 ape=0.5760
[17:43:51] regretChangePotential 57% (664/1164) regret=0.055955 ape=0.5760
[17:43:51] regretChangePotential 57% (665/1164) regret=0.055955 ape=0.5760
[17:43:52] regretChangePotential 57% (666/1164) regret=0.055955 ape=0.5760
[17:43:52] regretChangePotential 57% (667/1164) regret=0.055955 ape=0.5760
[17:43:52] regretChangePotential 57% (668/1164) regret=0.055955 ape=0.5760
[17:43:52] regretChangePotential 57% (669/1164) regret=0.055890 ape=0.5760
[17:43:53] regretChangePotential 57% (670/1164) regret=0.055761 ape=0.5760
[17:43:53] regretChangePotential 57% (671/1164) regret=0.055761 ape=0.5760
[17:43:53] regretChangePotential 57% (672/1164) regret=0.055761 ape=0.5760
[17:43:53] regretChangePotential 57% (673/1164) regret=0.055761 ape=0.5760
[17:43:54] regretChangePotential 57% (674/1164) regret=0.055761 ape=0.5760
[17:43:54] regretChangePotential 57% (675/1164) regret=0.055761 ape=0.5760
[17:43:54] regretChangePotential 58% (676/1164) regret=0.055761 ape=0.5760
[17:43:54] regretChangePotential 58% (677/1164) regret=0.055761 ape=0.5760
[17:43:55] regretChangePotential 58% (678/1164) regret=0.055761 ape=0.5760
[17:43:55] regretChangePotential 58% (679/1164) regret=0.055761 ape=0.5760
[17:43:55] regretChangePotential 58% (680/1164) regret=0.055938 ape=0.5770
[17:43:55] regretChangePotential 58% (681/1164) regret=0.055938 ape=0.5770
[17:43:56] regretChangePotential 58% (682/1164) regret=0.055938 ape=0.5770
[17:43:56] regretChangePotential 58% (683/1164) regret=0.055938 ape=0.5770
[17:43:56] regretChangePotential 58% (684/1164) regret=0.055938 ape=0.5770
[17:43:56] regretChangePotential 58% (685/1164) regret=0.055938 ape=0.5770
[17:43:57] regretChangePotential 58% (686/1164) regret=0.055938 ape=0.5770
[17:43:57] regretChangePotential 59% (687/1164) regret=0.055938 ape=0.5770
[17:43:57] regretChangePotential 59% (688/1164) regret=0.055938 ape=0.5770
[17:43:57] regretChangePotential 59% (689/1164) regret=0.055735 ape=0.5760
[17:43:58] regretChangePotential 59% (690/1164) regret=0.055191 ape=0.5760
[17:43:58] regretChangePotential 59% (691/1164) regret=0.055191 ape=0.5760
[17:43:58] regretChangePotential 59% (692/1164) regret=0.055191 ape=0.5760
[17:43:58] regretChangePotential 59% (693/1164) regret=0.055191 ape=0.5760
[17:43:59] regretChangePotential 59% (694/1164) regret=0.055191 ape=0.5760
[17:43:59] regretChangePotential 59% (695/1164) regret=0.055191 ape=0.5760
[17:43:59] regretChangePotential 59% (696/1164) regret=0.055191 ape=0.5760
[17:43:59] regretChangePotential 59% (697/1164) regret=0.055284 ape=0.5760
[17:44:00] regretChangePotential 59% (698/1164) regret=0.055291 ape=0.5760
[17:44:00] regretChangePotential 60% (699/1164) regret=0.055291 ape=0.5760
[17:44:00] regretChangePotential 60% (700/1164) regret=0.054880 ape=0.5742
[17:44:01] regretChangePotential 60% (701/1164) regret=0.054880 ape=0.5742
[17:44:01] regretChangePotential 60% (702/1164) regret=0.054871 ape=0.5742
[17:44:01] regretChangePotential 60% (703/1164) regret=0.054871 ape=0.5742
[17:44:02] regretChangePotential 60% (704/1164) regret=0.055254 ape=0.5751
[17:44:02] regretChangePotential 60% (705/1164) regret=0.055254 ape=0.5751
[17:44:02] regretChangePotential 60% (706/1164) regret=0.054890 ape=0.5742
[17:44:02] regretChangePotential 60% (707/1164) regret=0.054871 ape=0.5742
[17:44:02] regretChangePotential 60% (708/1164) regret=0.054668 ape=0.5733
[17:44:02] regretChangePotential 60% (709/1164) regret=0.054668 ape=0.5733
[17:44:03] regretChangePotential 60% (710/1164) regret=0.054696 ape=0.5733
[17:44:03] regretChangePotential 61% (711/1164) regret=0.054175 ape=0.5724
[17:44:03] regretChangePotential 61% (712/1164) regret=0.054175 ape=0.5724
[17:44:03] regretChangePotential 61% (713/1164) regret=0.054213 ape=0.5724
[17:44:04] regretChangePotential 61% (714/1164) regret=0.053845 ape=0.5714
[17:44:04] regretChangePotential 61% (715/1164) regret=0.053845 ape=0.5714
[17:44:04] regretChangePotential 61% (716/1164) regret=0.053845 ape=0.5714
[17:44:04] regretChangePotential 61% (717/1164) regret=0.053780 ape=0.5714
[17:44:05] regretChangePotential 61% (718/1164) regret=0.053071 ape=0.5705
[17:44:05] regretChangePotential 61% (719/1164) regret=0.053043 ape=0.5705
[17:44:05] regretChangePotential 61% (720/1164) regret=0.053043 ape=0.5705
[17:44:05] regretChangePotential 61% (721/1164) regret=0.053089 ape=0.5705
[17:44:06] regretChangePotential 62% (722/1164) regret=0.053089 ape=0.5705
[17:44:06] regretChangePotential 62% (723/1164) regret=0.053089 ape=0.5705
[17:44:06] regretChangePotential 62% (724/1164) regret=0.052627 ape=0.5687
[17:44:07] regretChangePotential 62% (725/1164) regret=0.052701 ape=0.5696
[17:44:07] regretChangePotential 62% (726/1164) regret=0.052701 ape=0.5696
[17:44:07] regretChangePotential 62% (727/1164) regret=0.052584 ape=0.5696
[17:44:07] regretChangePotential 62% (728/1164) regret=0.052584 ape=0.5696
[17:44:07] regretChangePotential 62% (729/1164) regret=0.052584 ape=0.5696
[17:44:08] regretChangePotential 62% (730/1164) regret=0.052658 ape=0.5696
[17:44:08] regretChangePotential 62% (731/1164) regret=0.052658 ape=0.5696
[17:44:08] regretChangePotential 62% (732/1164) regret=0.052510 ape=0.5696
[17:44:08] regretChangePotential 62% (733/1164) regret=0.052510 ape=0.5696
[17:44:09] regretChangePotential 63% (734/1164) regret=0.052510 ape=0.5696
[17:44:09] regretChangePotential 63% (735/1164) regret=0.052510 ape=0.5696
[17:44:09] regretChangePotential 63% (736/1164) regret=0.052561 ape=0.5696
[17:44:09] regretChangePotential 63% (737/1164) regret=0.052681 ape=0.5696
[17:44:10] regretChangePotential 63% (738/1164) regret=0.052681 ape=0.5696
[17:44:10] regretChangePotential 63% (739/1164) regret=0.052681 ape=0.5696
[17:44:10] regretChangePotential 63% (740/1164) regret=0.052681 ape=0.5696
[17:44:10] regretChangePotential 63% (741/1164) regret=0.052367 ape=0.5687
[17:44:10] regretChangePotential 63% (742/1164) regret=0.052367 ape=0.5687
[17:44:11] regretChangePotential 63% (743/1164) regret=0.052331 ape=0.5677
[17:44:11] regretChangePotential 63% (744/1164) regret=0.052331 ape=0.5677
[17:44:11] regretChangePotential 64% (745/1164) regret=0.052331 ape=0.5677
[17:44:11] regretChangePotential 64% (746/1164) regret=0.052238 ape=0.5668
[17:44:12] regretChangePotential 64% (747/1164) regret=0.052238 ape=0.5668
[17:44:12] regretChangePotential 64% (748/1164) regret=0.052238 ape=0.5668
[17:44:12] regretChangePotential 64% (749/1164) regret=0.052238 ape=0.5668
[17:44:12] regretChangePotential 64% (750/1164) regret=0.052238 ape=0.5668
[17:44:13] regretChangePotential 64% (751/1164) regret=0.051870 ape=0.5659
[17:44:13] regretChangePotential 64% (752/1164) regret=0.051870 ape=0.5659
[17:44:13] regretChangePotential 64% (753/1164) regret=0.051870 ape=0.5659
[17:44:13] regretChangePotential 64% (754/1164) regret=0.051870 ape=0.5659
[17:44:14] regretChangePotential 64% (755/1164) regret=0.051870 ape=0.5659
[17:44:14] regretChangePotential 64% (756/1164) regret=0.051870 ape=0.5659
[17:44:14] regretChangePotential 65% (757/1164) regret=0.051870 ape=0.5659
[17:44:14] regretChangePotential 65% (758/1164) regret=0.051547 ape=0.5659
[17:44:15] regretChangePotential 65% (759/1164) regret=0.051547 ape=0.5659
[17:44:15] regretChangePotential 65% (760/1164) regret=0.051692 ape=0.5659
[17:44:15] regretChangePotential 65% (761/1164) regret=0.051692 ape=0.5659
[17:44:15] regretChangePotential 65% (762/1164) regret=0.052162 ape=0.5668
[17:44:16] regretChangePotential 65% (763/1164) regret=0.052369 ape=0.5668
[17:44:16] regretChangePotential 65% (764/1164) regret=0.052369 ape=0.5668
[17:44:16] regretChangePotential 65% (765/1164) regret=0.052314 ape=0.5668
[17:44:16] regretChangePotential 65% (766/1164) regret=0.052710 ape=0.5677
[17:44:17] regretChangePotential 65% (767/1164) regret=0.052581 ape=0.5668
[17:44:17] regretChangePotential 65% (768/1164) regret=0.052581 ape=0.5668
[17:44:17] regretChangePotential 66% (769/1164) regret=0.052687 ape=0.5677
[17:44:17] regretChangePotential 66% (770/1164) regret=0.052687 ape=0.5677
[17:44:18] regretChangePotential 66% (771/1164) regret=0.052687 ape=0.5677
[17:44:18] regretChangePotential 66% (772/1164) regret=0.052182 ape=0.5668
[17:44:18] regretChangePotential 66% (773/1164) regret=0.052000 ape=0.5659
[17:44:19] regretChangePotential 66% (774/1164) regret=0.051848 ape=0.5659
[17:44:19] regretChangePotential 66% (775/1164) regret=0.051814 ape=0.5659
[17:44:19] regretChangePotential 66% (776/1164) regret=0.051814 ape=0.5659
[17:44:19] regretChangePotential 66% (777/1164) regret=0.051772 ape=0.5659
[17:44:19] regretChangePotential 66% (778/1164) regret=0.051925 ape=0.5659
[17:44:20] regretChangePotential 66% (779/1164) regret=0.051713 ape=0.5650
[17:44:20] regretChangePotential 67% (780/1164) regret=0.051616 ape=0.5650
[17:44:20] regretChangePotential 67% (781/1164) regret=0.051699 ape=0.5650
[17:44:21] regretChangePotential 67% (782/1164) regret=0.051699 ape=0.5650
[17:44:21] regretChangePotential 67% (783/1164) regret=0.051699 ape=0.5650
[17:44:21] regretChangePotential 67% (784/1164) regret=0.051699 ape=0.5650
[17:44:21] regretChangePotential 67% (785/1164) regret=0.051220 ape=0.5641
[17:44:22] regretChangePotential 67% (786/1164) regret=0.051220 ape=0.5641
[17:44:22] regretChangePotential 67% (787/1164) regret=0.051220 ape=0.5641
[17:44:22] regretChangePotential 67% (788/1164) regret=0.051220 ape=0.5641
[17:44:22] regretChangePotential 67% (789/1164) regret=0.051239 ape=0.5641
[17:44:23] regretChangePotential 67% (790/1164) regret=0.050898 ape=0.5631
[17:44:23] regretChangePotential 67% (791/1164) regret=0.050882 ape=0.5631
[17:44:23] regretChangePotential 68% (792/1164) regret=0.050479 ape=0.5622
[17:44:23] regretChangePotential 68% (793/1164) regret=0.050565 ape=0.5622
[17:44:24] regretChangePotential 68% (794/1164) regret=0.050565 ape=0.5622
[17:44:24] regretChangePotential 68% (795/1164) regret=0.050519 ape=0.5622
[17:44:24] regretChangePotential 68% (796/1164) regret=0.050528 ape=0.5622
[17:44:24] regretChangePotential 68% (797/1164) regret=0.050514 ape=0.5613
[17:44:25] regretChangePotential 68% (798/1164) regret=0.050523 ape=0.5631
[17:44:25] regretChangePotential 68% (799/1164) regret=0.050251 ape=0.5622
[17:44:25] regretChangePotential 68% (800/1164) regret=0.049947 ape=0.5613
[17:44:25] regretChangePotential 68% (801/1164) regret=0.049957 ape=0.5613
[17:44:25] regretChangePotential 68% (802/1164) regret=0.049992 ape=0.5613
[17:44:26] regretChangePotential 68% (803/1164) regret=0.049946 ape=0.5613
[17:44:26] regretChangePotential 69% (804/1164) regret=0.049957 ape=0.5613
[17:44:26] regretChangePotential 69% (805/1164) regret=0.049749 ape=0.5604
[17:44:26] regretChangePotential 69% (806/1164) regret=0.049749 ape=0.5604
[17:44:27] regretChangePotential 69% (807/1164) regret=0.049675 ape=0.5604
[17:44:27] regretChangePotential 69% (808/1164) regret=0.049777 ape=0.5604
[17:44:27] regretChangePotential 69% (809/1164) regret=0.049749 ape=0.5604
[17:44:27] regretChangePotential 69% (810/1164) regret=0.049975 ape=0.5604
[17:44:28] regretChangePotential 69% (811/1164) regret=0.049975 ape=0.5604
[17:44:28] regretChangePotential 69% (812/1164) regret=0.050316 ape=0.5604
[17:44:28] regretChangePotential 69% (813/1164) regret=0.050026 ape=0.5604
[17:44:28] regretChangePotential 69% (814/1164) regret=0.050339 ape=0.5613
[17:44:29] regretChangePotential 70% (815/1164) regret=0.050321 ape=0.5613
[17:44:29] regretChangePotential 70% (816/1164) regret=0.050329 ape=0.5613
[17:44:29] regretChangePotential 70% (817/1164) regret=0.050357 ape=0.5613
[17:44:30] regretChangePotential 70% (818/1164) regret=0.050430 ape=0.5613
[17:44:30] regretChangePotential 70% (819/1164) regret=0.050430 ape=0.5613
[17:44:30] regretChangePotential 70% (820/1164) regret=0.050458 ape=0.5613
[17:44:30] regretChangePotential 70% (821/1164) regret=0.050785 ape=0.5622
[17:44:30] regretChangePotential 70% (822/1164) regret=0.050480 ape=0.5613
[17:44:31] regretChangePotential 70% (823/1164) regret=0.050475 ape=0.5613
[17:44:31] regretChangePotential 70% (824/1164) regret=0.050430 ape=0.5613
[17:44:31] regretChangePotential 70% (825/1164) regret=0.050430 ape=0.5613
[17:44:32] regretChangePotential 70% (826/1164) regret=0.050430 ape=0.5613
[17:44:32] regretChangePotential 71% (827/1164) regret=0.050430 ape=0.5613
[17:44:32] regretChangePotential 71% (828/1164) regret=0.050430 ape=0.5613
[17:44:32] regretChangePotential 71% (829/1164) regret=0.050430 ape=0.5613
[17:44:33] regretChangePotential 71% (830/1164) regret=0.050430 ape=0.5613
[17:44:33] regretChangePotential 71% (831/1164) regret=0.050430 ape=0.5613
[17:44:33] regretChangePotential 71% (832/1164) regret=0.050421 ape=0.5604
[17:44:33] regretChangePotential 71% (833/1164) regret=0.050136 ape=0.5604
[17:44:34] regretChangePotential 71% (834/1164) regret=0.050136 ape=0.5604
[17:44:34] regretChangePotential 71% (835/1164) regret=0.049905 ape=0.5594
[17:44:34] regretChangePotential 71% (836/1164) regret=0.049889 ape=0.5594
[17:44:35] regretChangePotential 71% (837/1164) regret=0.049880 ape=0.5594
[17:44:35] regretChangePotential 71% (838/1164) regret=0.050064 ape=0.5604
[17:44:35] regretChangePotential 72% (839/1164) regret=0.050064 ape=0.5604
[17:44:35] regretChangePotential 72% (840/1164) regret=0.050064 ape=0.5604
[17:44:35] regretChangePotential 72% (841/1164) regret=0.050064 ape=0.5604
[17:44:36] regretChangePotential 72% (842/1164) regret=0.050064 ape=0.5604
[17:44:36] regretChangePotential 72% (843/1164) regret=0.050064 ape=0.5604
[17:44:36] regretChangePotential 72% (844/1164) regret=0.050064 ape=0.5604
[17:44:37] regretChangePotential 72% (845/1164) regret=0.050064 ape=0.5604
[17:44:37] regretChangePotential 72% (846/1164) regret=0.050064 ape=0.5604
[17:44:37] regretChangePotential 72% (847/1164) regret=0.050064 ape=0.5604
[17:44:37] regretChangePotential 72% (848/1164) regret=0.050064 ape=0.5604
[17:44:38] regretChangePotential 72% (849/1164) regret=0.050064 ape=0.5604
[17:44:38] regretChangePotential 73% (850/1164) regret=0.050064 ape=0.5604
[17:44:38] regretChangePotential 73% (851/1164) regret=0.050064 ape=0.5604
[17:44:38] regretChangePotential 73% (852/1164) regret=0.050064 ape=0.5604
[17:44:39] regretChangePotential 73% (853/1164) regret=0.050064 ape=0.5604
[17:44:39] regretChangePotential 73% (854/1164) regret=0.050064 ape=0.5604
[17:44:39] regretChangePotential 73% (855/1164) regret=0.050064 ape=0.5604
[17:44:39] regretChangePotential 73% (856/1164) regret=0.050064 ape=0.5604
[17:44:40] regretChangePotential 73% (857/1164) regret=0.050055 ape=0.5604
[17:44:40] regretChangePotential 73% (858/1164) regret=0.050055 ape=0.5604
[17:44:40] regretChangePotential 73% (859/1164) regret=0.050055 ape=0.5604
[17:44:40] regretChangePotential 73% (860/1164) regret=0.050055 ape=0.5604
[17:44:41] regretChangePotential 73% (861/1164) regret=0.050055 ape=0.5604
[17:44:41] regretChangePotential 74% (862/1164) regret=0.050055 ape=0.5604
[17:44:41] regretChangePotential 74% (863/1164) regret=0.050055 ape=0.5604
[17:44:41] regretChangePotential 74% (864/1164) regret=0.050055 ape=0.5604
[17:44:42] regretChangePotential 74% (865/1164) regret=0.050055 ape=0.5604
[17:44:42] regretChangePotential 74% (866/1164) regret=0.050055 ape=0.5604
[17:44:42] regretChangePotential 74% (867/1164) regret=0.050055 ape=0.5604
[17:44:42] regretChangePotential 74% (868/1164) regret=0.050046 ape=0.5604
[17:44:43] regretChangePotential 74% (869/1164) regret=0.050075 ape=0.5604
[17:44:43] regretChangePotential 74% (870/1164) regret=0.050075 ape=0.5604
[17:44:43] regretChangePotential 74% (871/1164) regret=0.050075 ape=0.5604
[17:44:43] regretChangePotential 74% (872/1164) regret=0.049967 ape=0.5604
[17:44:44] regretChangePotential 75% (873/1164) regret=0.049967 ape=0.5604
[17:44:44] regretChangePotential 75% (874/1164) regret=0.049967 ape=0.5604
[17:44:44] regretChangePotential 75% (875/1164) regret=0.049967 ape=0.5604
[17:44:45] regretChangePotential 75% (876/1164) regret=0.049967 ape=0.5604
[17:44:45] regretChangePotential 75% (877/1164) regret=0.049967 ape=0.5604
[17:44:45] regretChangePotential 75% (878/1164) regret=0.049967 ape=0.5604
[17:44:45] regretChangePotential 75% (879/1164) regret=0.049965 ape=0.5604
[17:44:46] regretChangePotential 75% (880/1164) regret=0.049965 ape=0.5604
[17:44:46] regretChangePotential 75% (881/1164) regret=0.049957 ape=0.5594
[17:44:46] regretChangePotential 75% (882/1164) regret=0.049957 ape=0.5594
[17:44:46] regretChangePotential 75% (883/1164) regret=0.049957 ape=0.5594
[17:44:47] regretChangePotential 75% (884/1164) regret=0.049957 ape=0.5594
[17:44:47] regretChangePotential 76% (885/1164) regret=0.049957 ape=0.5594
[17:44:47] regretChangePotential 76% (886/1164) regret=0.049957 ape=0.5594
[17:44:47] regretChangePotential 76% (887/1164) regret=0.049957 ape=0.5594
[17:44:48] regretChangePotential 76% (888/1164) regret=0.049957 ape=0.5594
[17:44:48] regretChangePotential 76% (889/1164) regret=0.049957 ape=0.5594
[17:44:48] regretChangePotential 76% (890/1164) regret=0.049957 ape=0.5594
[17:44:48] regretChangePotential 76% (891/1164) regret=0.049957 ape=0.5594
[17:44:48] regretChangePotential 76% (892/1164) regret=0.049957 ape=0.5594
[17:44:49] regretChangePotential 76% (893/1164) regret=0.049957 ape=0.5594
[17:44:49] regretChangePotential 76% (894/1164) regret=0.049957 ape=0.5594
[17:44:49] regretChangePotential 76% (895/1164) regret=0.049957 ape=0.5594
[17:44:49] regretChangePotential 76% (896/1164) regret=0.049957 ape=0.5594
[17:44:49] regretChangePotential 77% (897/1164) regret=0.049957 ape=0.5594
[17:44:50] regretChangePotential 77% (898/1164) regret=0.049957 ape=0.5594
[17:44:50] regretChangePotential 77% (899/1164) regret=0.049957 ape=0.5594
[17:44:50] regretChangePotential 77% (900/1164) regret=0.049957 ape=0.5594
[17:44:50] regretChangePotential 77% (901/1164) regret=0.049957 ape=0.5594
[17:44:51] regretChangePotential 77% (902/1164) regret=0.049957 ape=0.5594
[17:44:51] regretChangePotential 77% (903/1164) regret=0.049957 ape=0.5594
[17:44:51] regretChangePotential 77% (904/1164) regret=0.049957 ape=0.5594
[17:44:51] regretChangePotential 77% (905/1164) regret=0.049957 ape=0.5594
[17:44:52] regretChangePotential 77% (906/1164) regret=0.049957 ape=0.5594
[17:44:52] regretChangePotential 77% (907/1164) regret=0.049957 ape=0.5594
[17:44:52] regretChangePotential 78% (908/1164) regret=0.049957 ape=0.5594
[17:44:52] regretChangePotential 78% (909/1164) regret=0.049957 ape=0.5594
[17:44:53] regretChangePotential 78% (910/1164) regret=0.049957 ape=0.5594
[17:44:53] regretChangePotential 78% (911/1164) regret=0.049957 ape=0.5594
[17:44:53] regretChangePotential 78% (912/1164) regret=0.049957 ape=0.5594
[17:44:53] regretChangePotential 78% (913/1164) regret=0.049957 ape=0.5594
[17:44:54] regretChangePotential 78% (914/1164) regret=0.049957 ape=0.5594
[17:44:54] regretChangePotential 78% (915/1164) regret=0.049957 ape=0.5594
[17:44:54] regretChangePotential 78% (916/1164) regret=0.049957 ape=0.5594
[17:44:54] regretChangePotential 78% (917/1164) regret=0.049957 ape=0.5594
[17:44:55] regretChangePotential 78% (918/1164) regret=0.049957 ape=0.5594
[17:44:55] regretChangePotential 78% (919/1164) regret=0.049957 ape=0.5594
[17:44:55] regretChangePotential 79% (920/1164) regret=0.049957 ape=0.5594
[17:44:55] regretChangePotential 79% (921/1164) regret=0.049957 ape=0.5594
[17:44:56] regretChangePotential 79% (922/1164) regret=0.049957 ape=0.5594
[17:44:56] regretChangePotential 79% (923/1164) regret=0.049957 ape=0.5594
[17:44:56] regretChangePotential 79% (924/1164) regret=0.049957 ape=0.5594
[17:44:56] regretChangePotential 79% (925/1164) regret=0.049957 ape=0.5594
[17:44:57] regretChangePotential 79% (926/1164) regret=0.049957 ape=0.5594
[17:44:57] regretChangePotential 79% (927/1164) regret=0.050139 ape=0.5594
[17:44:57] regretChangePotential 79% (928/1164) regret=0.050116 ape=0.5594
[17:44:57] regretChangePotential 79% (929/1164) regret=0.049982 ape=0.5585
[17:44:58] regretChangePotential 79% (930/1164) regret=0.049982 ape=0.5585
[17:44:58] regretChangePotential 79% (931/1164) regret=0.050005 ape=0.5585
[17:44:58] regretChangePotential 80% (932/1164) regret=0.049867 ape=0.5585
[17:44:58] regretChangePotential 80% (933/1164) regret=0.049867 ape=0.5585
[17:44:59] regretChangePotential 80% (934/1164) regret=0.049833 ape=0.5585
[17:44:59] regretChangePotential 80% (935/1164) regret=0.049760 ape=0.5585
[17:44:59] regretChangePotential 80% (936/1164) regret=0.049760 ape=0.5585
[17:44:59] regretChangePotential 80% (937/1164) regret=0.049640 ape=0.5585
[17:45:00] regretChangePotential 80% (938/1164) regret=0.049640 ape=0.5585
[17:45:00] regretChangePotential 80% (939/1164) regret=0.049861 ape=0.5594
[17:45:00] regretChangePotential 80% (940/1164) regret=0.050101 ape=0.5594
[17:45:00] regretChangePotential 80% (941/1164) regret=0.050068 ape=0.5604
[17:45:01] regretChangePotential 80% (942/1164) regret=0.050095 ape=0.5604
[17:45:01] regretChangePotential 81% (943/1164) regret=0.050068 ape=0.5604
[17:45:01] regretChangePotential 81% (944/1164) regret=0.049854 ape=0.5604
[17:45:01] regretChangePotential 81% (945/1164) regret=0.050072 ape=0.5613
[17:45:02] regretChangePotential 81% (946/1164) regret=0.049802 ape=0.5604
[17:45:02] regretChangePotential 81% (947/1164) regret=0.049745 ape=0.5604
[17:45:02] regretChangePotential 81% (948/1164) regret=0.049841 ape=0.5613
[17:45:03] regretChangePotential 81% (949/1164) regret=0.049690 ape=0.5604
[17:45:03] regretChangePotential 81% (950/1164) regret=0.049690 ape=0.5604
[17:45:03] regretChangePotential 81% (951/1164) regret=0.049616 ape=0.5604
[17:45:03] regretChangePotential 81% (952/1164) regret=0.049616 ape=0.5604
[17:45:03] regretChangePotential 81% (953/1164) regret=0.049634 ape=0.5613
[17:45:04] regretChangePotential 81% (954/1164) regret=0.049441 ape=0.5604
[17:45:04] regretChangePotential 82% (955/1164) regret=0.049339 ape=0.5604
[17:45:04] regretChangePotential 82% (956/1164) regret=0.049213 ape=0.5594
[17:45:05] regretChangePotential 82% (957/1164) regret=0.048959 ape=0.5585
[17:45:05] regretChangePotential 82% (958/1164) regret=0.048959 ape=0.5585
[17:45:05] regretChangePotential 82% (959/1164) regret=0.048959 ape=0.5585
[17:45:05] regretChangePotential 82% (960/1164) regret=0.048941 ape=0.5585
[17:45:06] regretChangePotential 82% (961/1164) regret=0.048941 ape=0.5585
[17:45:06] regretChangePotential 82% (962/1164) regret=0.048941 ape=0.5585
[17:45:06] regretChangePotential 82% (963/1164) regret=0.048941 ape=0.5585
[17:45:06] regretChangePotential 82% (964/1164) regret=0.048941 ape=0.5585
[17:45:07] regretChangePotential 82% (965/1164) regret=0.048941 ape=0.5585
[17:45:07] regretChangePotential 82% (966/1164) regret=0.048941 ape=0.5585
[17:45:07] regretChangePotential 83% (967/1164) regret=0.048941 ape=0.5585
[17:45:08] regretChangePotential 83% (968/1164) regret=0.048941 ape=0.5585
[17:45:08] regretChangePotential 83% (969/1164) regret=0.048941 ape=0.5585
[17:45:08] regretChangePotential 83% (970/1164) regret=0.048941 ape=0.5585
[17:45:08] regretChangePotential 83% (971/1164) regret=0.048941 ape=0.5585
[17:45:08] regretChangePotential 83% (972/1164) regret=0.048941 ape=0.5585
[17:45:09] regretChangePotential 83% (973/1164) regret=0.048942 ape=0.5585
[17:45:09] regretChangePotential 83% (974/1164) regret=0.048942 ape=0.5585
[17:45:09] regretChangePotential 83% (975/1164) regret=0.048813 ape=0.5576
[17:45:10] regretChangePotential 83% (976/1164) regret=0.048813 ape=0.5576
[17:45:10] regretChangePotential 83% (977/1164) regret=0.048831 ape=0.5576
[17:45:10] regretChangePotential 84% (978/1164) regret=0.048831 ape=0.5576
[17:45:10] regretChangePotential 84% (979/1164) regret=0.048831 ape=0.5576
[17:45:11] regretChangePotential 84% (980/1164) regret=0.048000 ape=0.5558
[17:45:11] regretChangePotential 84% (981/1164) regret=0.048046 ape=0.5558
[17:45:11] regretChangePotential 84% (982/1164) regret=0.047825 ape=0.5548
[17:45:11] regretChangePotential 84% (983/1164) regret=0.047645 ape=0.5548
[17:45:11] regretChangePotential 84% (984/1164) regret=0.047645 ape=0.5548
[17:45:12] regretChangePotential 84% (985/1164) regret=0.047645 ape=0.5548
[17:45:12] regretChangePotential 84% (986/1164) regret=0.047645 ape=0.5548
[17:45:12] regretChangePotential 84% (987/1164) regret=0.047645 ape=0.5548
[17:45:12] regretChangePotential 84% (988/1164) regret=0.047645 ape=0.5548
[17:45:13] regretChangePotential 84% (989/1164) regret=0.047645 ape=0.5548
[17:45:13] regretChangePotential 85% (990/1164) regret=0.047645 ape=0.5548
[17:45:13] regretChangePotential 85% (991/1164) regret=0.047645 ape=0.5548
[17:45:13] regretChangePotential 85% (992/1164) regret=0.047645 ape=0.5548
[17:45:14] regretChangePotential 85% (993/1164) regret=0.047645 ape=0.5548
[17:45:14] regretChangePotential 85% (994/1164) regret=0.047645 ape=0.5548
[17:45:14] regretChangePotential 85% (995/1164) regret=0.047645 ape=0.5548
[17:45:14] regretChangePotential 85% (996/1164) regret=0.047480 ape=0.5539
[17:45:15] regretChangePotential 85% (997/1164) regret=0.047475 ape=0.5530
[17:45:15] regretChangePotential 85% (998/1164) regret=0.047475 ape=0.5530
[17:45:15] regretChangePotential 85% (999/1164) regret=0.047475 ape=0.5530
[17:45:15] regretChangePotential 85% (1000/1164) regret=0.047475 ape=0.5530
[17:45:16] regretChangePotential 85% (1001/1164) regret=0.047475 ape=0.5530
[17:45:16] regretChangePotential 86% (1002/1164) regret=0.047475 ape=0.5530
[17:45:16] regretChangePotential 86% (1003/1164) regret=0.047475 ape=0.5530
[17:45:17] regretChangePotential 86% (1004/1164) regret=0.047475 ape=0.5530
[17:45:17] regretChangePotential 86% (1005/1164) regret=0.047475 ape=0.5530
[17:45:17] regretChangePotential 86% (1006/1164) regret=0.047475 ape=0.5530
[17:45:17] regretChangePotential 86% (1007/1164) regret=0.047475 ape=0.5530
[17:45:17] regretChangePotential 86% (1008/1164) regret=0.047475 ape=0.5530
[17:45:18] regretChangePotential 86% (1009/1164) regret=0.047475 ape=0.5530
[17:45:18] regretChangePotential 86% (1010/1164) regret=0.047475 ape=0.5530
[17:45:18] regretChangePotential 86% (1011/1164) regret=0.047441 ape=0.5530
[17:45:18] regretChangePotential 86% (1012/1164) regret=0.047506 ape=0.5530
[17:45:19] regretChangePotential 87% (1013/1164) regret=0.047340 ape=0.5530
[17:45:19] regretChangePotential 87% (1014/1164) regret=0.047264 ape=0.5530
[17:45:19] regretChangePotential 87% (1015/1164) regret=0.047342 ape=0.5530
[17:45:19] regretChangePotential 87% (1016/1164) regret=0.047340 ape=0.5530
[17:45:20] regretChangePotential 87% (1017/1164) regret=0.047299 ape=0.5530
[17:45:20] regretChangePotential 87% (1018/1164) regret=0.047336 ape=0.5539
[17:45:20] regretChangePotential 87% (1019/1164) regret=0.047336 ape=0.5539
[17:45:21] regretChangePotential 87% (1020/1164) regret=0.047336 ape=0.5539
[17:45:21] regretChangePotential 87% (1021/1164) regret=0.047331 ape=0.5530
[17:45:21] regretChangePotential 87% (1022/1164) regret=0.047202 ape=0.5530
[17:45:21] regretChangePotential 87% (1023/1164) regret=0.046972 ape=0.5521
[17:45:22] regretChangePotential 87% (1024/1164) regret=0.046907 ape=0.5521
[17:45:22] regretChangePotential 88% (1025/1164) regret=0.046907 ape=0.5521
[17:45:22] regretChangePotential 88% (1026/1164) regret=0.047239 ape=0.5530
[17:45:22] regretChangePotential 88% (1027/1164) regret=0.046760 ape=0.5521
[17:45:23] regretChangePotential 88% (1028/1164) regret=0.046751 ape=0.5521
[17:45:23] regretChangePotential 88% (1029/1164) regret=0.046686 ape=0.5521
[17:45:23] regretChangePotential 88% (1030/1164) regret=0.046686 ape=0.5521
[17:45:23] regretChangePotential 88% (1031/1164) regret=0.046686 ape=0.5521
[17:45:24] regretChangePotential 88% (1032/1164) regret=0.046686 ape=0.5521
[17:45:24] regretChangePotential 88% (1033/1164) regret=0.046652 ape=0.5512
[17:45:24] regretChangePotential 88% (1034/1164) regret=0.046901 ape=0.5512
[17:45:24] regretChangePotential 88% (1035/1164) regret=0.046652 ape=0.5512
[17:45:25] regretChangePotential 89% (1036/1164) regret=0.046677 ape=0.5512
[17:45:25] regretChangePotential 89% (1037/1164) regret=0.046677 ape=0.5512
[17:45:25] regretChangePotential 89% (1038/1164) regret=0.046677 ape=0.5512
[17:45:25] regretChangePotential 89% (1039/1164) regret=0.046652 ape=0.5512
[17:45:26] regretChangePotential 89% (1040/1164) regret=0.046652 ape=0.5512
[17:45:26] regretChangePotential 89% (1041/1164) regret=0.046670 ape=0.5512
[17:45:26] regretChangePotential 89% (1042/1164) regret=0.046670 ape=0.5512
[17:45:26] regretChangePotential 89% (1043/1164) regret=0.046670 ape=0.5512
[17:45:27] regretChangePotential 89% (1044/1164) regret=0.046578 ape=0.5502
[17:45:27] regretChangePotential 89% (1045/1164) regret=0.046578 ape=0.5502
[17:45:27] regretChangePotential 89% (1046/1164) regret=0.046578 ape=0.5502
[17:45:28] regretChangePotential 89% (1047/1164) regret=0.046558 ape=0.5493
[17:45:28] regretChangePotential 90% (1048/1164) regret=0.046558 ape=0.5493
[17:45:28] regretChangePotential 90% (1049/1164) regret=0.046558 ape=0.5493
[17:45:28] regretChangePotential 90% (1050/1164) regret=0.046586 ape=0.5493
[17:45:29] regretChangePotential 90% (1051/1164) regret=0.046586 ape=0.5493
[17:45:29] regretChangePotential 90% (1052/1164) regret=0.046728 ape=0.5493
[17:45:29] regretChangePotential 90% (1053/1164) regret=0.046586 ape=0.5493
[17:45:30] regretChangePotential 90% (1054/1164) regret=0.046586 ape=0.5493
[17:45:30] regretChangePotential 90% (1055/1164) regret=0.046599 ape=0.5493
[17:45:30] regretChangePotential 90% (1056/1164) regret=0.046687 ape=0.5493
[17:45:30] regretChangePotential 90% (1057/1164) regret=0.046549 ape=0.5493
[17:45:31] regretChangePotential 90% (1058/1164) regret=0.046549 ape=0.5493
[17:45:31] regretChangePotential 90% (1059/1164) regret=0.046549 ape=0.5493
[17:45:31] regretChangePotential 91% (1060/1164) regret=0.046549 ape=0.5493
[17:45:31] regretChangePotential 91% (1061/1164) regret=0.046549 ape=0.5493
[17:45:32] regretChangePotential 91% (1062/1164) regret=0.046549 ape=0.5493
[17:45:32] regretChangePotential 91% (1063/1164) regret=0.046457 ape=0.5493
[17:45:32] regretChangePotential 91% (1064/1164) regret=0.046457 ape=0.5493
[17:45:32] regretChangePotential 91% (1065/1164) regret=0.046512 ape=0.5502
[17:45:33] regretChangePotential 91% (1066/1164) regret=0.046512 ape=0.5502
[17:45:33] regretChangePotential 91% (1067/1164) regret=0.046512 ape=0.5502
[17:45:33] regretChangePotential 91% (1068/1164) regret=0.046512 ape=0.5502
[17:45:33] regretChangePotential 91% (1069/1164) regret=0.046512 ape=0.5502
[17:45:34] regretChangePotential 91% (1070/1164) regret=0.046512 ape=0.5502
[17:45:34] regretChangePotential 92% (1071/1164) regret=0.046512 ape=0.5502
[17:45:34] regretChangePotential 92% (1072/1164) regret=0.046512 ape=0.5502
[17:45:34] regretChangePotential 92% (1073/1164) regret=0.046512 ape=0.5502
[17:45:34] regretChangePotential 92% (1074/1164) regret=0.046512 ape=0.5502
[17:45:35] regretChangePotential 92% (1075/1164) regret=0.046512 ape=0.5502
[17:45:35] regretChangePotential 92% (1076/1164) regret=0.046383 ape=0.5493
[17:45:35] regretChangePotential 92% (1077/1164) regret=0.046383 ape=0.5493
[17:45:35] regretChangePotential 92% (1078/1164) regret=0.046383 ape=0.5493
[17:45:36] regretChangePotential 92% (1079/1164) regret=0.046383 ape=0.5493
[17:45:36] regretChangePotential 92% (1080/1164) regret=0.046383 ape=0.5493
[17:45:36] regretChangePotential 92% (1081/1164) regret=0.046249 ape=0.5502
[17:45:36] regretChangePotential 92% (1082/1164) regret=0.046354 ape=0.5502
[17:45:37] regretChangePotential 93% (1083/1164) regret=0.046354 ape=0.5502
[17:45:37] regretChangePotential 93% (1084/1164) regret=0.046354 ape=0.5502
[17:45:37] regretChangePotential 93% (1085/1164) regret=0.046096 ape=0.5484
[17:45:38] regretChangePotential 93% (1086/1164) regret=0.046096 ape=0.5484
[17:45:38] regretChangePotential 93% (1087/1164) regret=0.046096 ape=0.5484
[17:45:38] regretChangePotential 93% (1088/1164) regret=0.046096 ape=0.5484
[17:45:38] regretChangePotential 93% (1089/1164) regret=0.046096 ape=0.5484
[17:45:39] regretChangePotential 93% (1090/1164) regret=0.046096 ape=0.5484
[17:45:39] regretChangePotential 93% (1091/1164) regret=0.046096 ape=0.5484
[17:45:39] regretChangePotential 93% (1092/1164) regret=0.046096 ape=0.5484
[17:45:39] regretChangePotential 93% (1093/1164) regret=0.046096 ape=0.5484
[17:45:40] regretChangePotential 93% (1094/1164) regret=0.046096 ape=0.5484
[17:45:40] regretChangePotential 94% (1095/1164) regret=0.046096 ape=0.5484
[17:45:40] regretChangePotential 94% (1096/1164) regret=0.045948 ape=0.5484
[17:45:40] regretChangePotential 94% (1097/1164) regret=0.045948 ape=0.5484
[17:45:41] regretChangePotential 94% (1098/1164) regret=0.045948 ape=0.5484
[17:45:41] regretChangePotential 94% (1099/1164) regret=0.046013 ape=0.5484
[17:45:41] regretChangePotential 94% (1100/1164) regret=0.045980 ape=0.5484
[17:45:41] regretChangePotential 94% (1101/1164) regret=0.045234 ape=0.5475
[17:45:42] regretChangePotential 94% (1102/1164) regret=0.045234 ape=0.5475
[17:45:42] regretChangePotential 94% (1103/1164) regret=0.045234 ape=0.5475
[17:45:42] regretChangePotential 94% (1104/1164) regret=0.045234 ape=0.5475
[17:45:42] regretChangePotential 94% (1105/1164) regret=0.045240 ape=0.5475
[17:45:43] regretChangePotential 95% (1106/1164) regret=0.045240 ape=0.5475
[17:45:43] regretChangePotential 95% (1107/1164) regret=0.045240 ape=0.5475
[17:45:43] regretChangePotential 95% (1108/1164) regret=0.045240 ape=0.5475
[17:45:44] regretChangePotential 95% (1109/1164) regret=0.045403 ape=0.5484
[17:45:44] regretChangePotential 95% (1110/1164) regret=0.045403 ape=0.5484
[17:45:44] regretChangePotential 95% (1111/1164) regret=0.045341 ape=0.5475
[17:45:44] regretChangePotential 95% (1112/1164) regret=0.045341 ape=0.5475
[17:45:45] regretChangePotential 95% (1113/1164) regret=0.045341 ape=0.5475
[17:45:45] regretChangePotential 95% (1114/1164) regret=0.045341 ape=0.5475
[17:45:45] regretChangePotential 95% (1115/1164) regret=0.045341 ape=0.5475
[17:45:45] regretChangePotential 95% (1116/1164) regret=0.045341 ape=0.5475
[17:45:46] regretChangePotential 95% (1117/1164) regret=0.045341 ape=0.5475
[17:45:46] regretChangePotential 96% (1118/1164) regret=0.045341 ape=0.5475
[17:45:46] regretChangePotential 96% (1119/1164) regret=0.045341 ape=0.5475
[17:45:46] regretChangePotential 96% (1120/1164) regret=0.045341 ape=0.5475
[17:45:47] regretChangePotential 96% (1121/1164) regret=0.045341 ape=0.5475
[17:45:47] regretChangePotential 96% (1122/1164) regret=0.045341 ape=0.5475
[17:45:47] regretChangePotential 96% (1123/1164) regret=0.045203 ape=0.5475
[17:45:47] regretChangePotential 96% (1124/1164) regret=0.045157 ape=0.5475
[17:45:48] regretChangePotential 96% (1125/1164) regret=0.045157 ape=0.5475
[17:45:48] regretChangePotential 96% (1126/1164) regret=0.045128 ape=0.5465
[17:45:48] regretChangePotential 96% (1127/1164) regret=0.045128 ape=0.5465
[17:45:48] regretChangePotential 96% (1128/1164) regret=0.045128 ape=0.5465
[17:45:49] regretChangePotential 96% (1129/1164) regret=0.045128 ape=0.5465
[17:45:49] regretChangePotential 97% (1130/1164) regret=0.045026 ape=0.5465
[17:45:49] regretChangePotential 97% (1131/1164) regret=0.045026 ape=0.5465
[17:45:49] regretChangePotential 97% (1132/1164) regret=0.045026 ape=0.5465
[17:45:50] regretChangePotential 97% (1133/1164) regret=0.045026 ape=0.5465
[17:45:50] regretChangePotential 97% (1134/1164) regret=0.045054 ape=0.5465
[17:45:50] regretChangePotential 97% (1135/1164) regret=0.045059 ape=0.5465
[17:45:50] regretChangePotential 97% (1136/1164) regret=0.044931 ape=0.5456
[17:45:51] regretChangePotential 97% (1137/1164) regret=0.044435 ape=0.5456
[17:45:51] regretChangePotential 97% (1138/1164) regret=0.044435 ape=0.5456
[17:45:51] regretChangePotential 97% (1139/1164) regret=0.044435 ape=0.5456
[17:45:51] regretChangePotential 97% (1140/1164) regret=0.044435 ape=0.5456
[17:45:52] regretChangePotential 98% (1141/1164) regret=0.044619 ape=0.5465
[17:45:52] regretChangePotential 98% (1142/1164) regret=0.044619 ape=0.5465
[17:45:52] regretChangePotential 98% (1143/1164) regret=0.044520 ape=0.5456
[17:45:53] regretChangePotential 98% (1144/1164) regret=0.044619 ape=0.5465
[17:45:53] regretChangePotential 98% (1145/1164) regret=0.044854 ape=0.5465
[17:45:53] regretChangePotential 98% (1146/1164) regret=0.044854 ape=0.5465
[17:45:53] regretChangePotential 98% (1147/1164) regret=0.044854 ape=0.5465
[17:45:54] regretChangePotential 98% (1148/1164) regret=0.044458 ape=0.5465
[17:45:54] regretChangePotential 98% (1149/1164) regret=0.044394 ape=0.5465
[17:45:54] regretChangePotential 98% (1150/1164) regret=0.044434 ape=0.5465
[17:45:54] regretChangePotential 98% (1151/1164) regret=0.044475 ape=0.5465
[17:45:55] regretChangePotential 98% (1152/1164) regret=0.044475 ape=0.5465
[17:45:55] regretChangePotential 99% (1153/1164) regret=0.044475 ape=0.5465
[17:45:55] regretChangePotential 99% (1154/1164) regret=0.044233 ape=0.5456
[17:45:55] regretChangePotential 99% (1155/1164) regret=0.044223 ape=0.5456
[17:45:56] regretChangePotential 99% (1156/1164) regret=0.044171 ape=0.5447
[17:45:56] regretChangePotential 99% (1157/1164) regret=0.044176 ape=0.5447
[17:45:56] regretChangePotential 99% (1158/1164) regret=0.044086 ape=0.5447
[17:45:56] regretChangePotential 99% (1159/1164) regret=0.044206 ape=0.5447
[17:45:56] regretChangePotential 99% (1160/1164) regret=0.044118 ape=0.5456
[17:45:57] regretChangePotential 99% (1161/1164) regret=0.044147 ape=0.5456
[17:45:57] regretChangePotential 99% (1162/1164) regret=0.044192 ape=0.5465
[17:45:57] regretChangePotential 99% (1163/1164) regret=0.044155 ape=0.5456
Baseline finished: 1164 points, 250.98s wall time
  Final: regret=0.044155, ape=0.5456

Saved: /home/users/g/s/gsavary/LudiiMCTSVariations/slurm_sweep_full_dataset/output_decay/baseline_decay_none_0_0/seed_4/sweep_decay_baseline_4_20260426_174557.json

Generating plots...
Saved: /home/users/g/s/gsavary/LudiiMCTSVariations/slurm_sweep_full_dataset/output_decay/baseline_decay_none_0_0/seed_4/sweep_decay_baseline_4_20260426_174557_regret.png
Saved: /home/users/g/s/gsavary/LudiiMCTSVariations/slurm_sweep_full_dataset/output_decay/baseline_decay_none_0_0/seed_4/sweep_decay_baseline_4_20260426_174557_ape.png

================================================================================
Experiment complete!
================================================================================
Done. Results in: /home/users/g/s/gsavary/LudiiMCTSVariations/slurm_sweep_full_dataset/output_decay/baseline_decay_none_0_0/seed_4
