============================================================
Decay sweep experiment
Method:      warm:200
Decay mode:  exponential
Decay param: 0.90
Seed:        4
Output:      /home/users/g/s/gsavary/LudiiMCTSVariations/slurm_sweep_full_dataset/output_decay/warm_200_decay_exponential_0_90/seed_4
============================================================

================================================================================
SLURM Sweep Experiment with Synthetic Data Decay
================================================================================
Method: warm:200
Decay: exponential (param=0.9)
Time limit: 3600.0s, Seed: 4, Batch size: 20
Output directory: /home/users/g/s/gsavary/LudiiMCTSVariations/slurm_sweep_full_dataset/output_decay/warm_200_decay_exponential_0_90/seed_4

Loading Ludii dataset...
Loaded 1085 games
Using 1085 games (full dataset)

Running timing probe (100 pulls)...
  Estimated secs/pull: 0.022301

Time budget: 3600.0s → ~161428 total pulls
Per-method budget: 23061 pulls (~514.3s)

Computing predictor-only performance...
  Predictions loaded: 23675 agent predictions
  Predictor-only: regret=0.104318, ape=0.4894

Running WARM-START (w=200, decay=exponential param=0.9)...
[17:55:55] warmStart (decay=exponential) 0% (1/1154) regret=0.100827 ape=0.5530
[17:55:55] warmStart (decay=exponential) 0% (2/1154) regret=0.100827 ape=0.5530
[17:55:55] warmStart (decay=exponential) 0% (3/1154) regret=0.100827 ape=0.5530
[17:55:55] warmStart (decay=exponential) 0% (4/1154) regret=0.100827 ape=0.5530
[17:55:55] warmStart (decay=exponential) 0% (5/1154) regret=0.100827 ape=0.5530
[17:55:56] warmStart (decay=exponential) 0% (6/1154) regret=0.100827 ape=0.5530
[17:55:56] warmStart (decay=exponential) 0% (7/1154) regret=0.100827 ape=0.5530
[17:55:56] warmStart (decay=exponential) 0% (8/1154) regret=0.100827 ape=0.5530
[17:55:56] warmStart (decay=exponential) 0% (9/1154) regret=0.100827 ape=0.5530
[17:55:56] warmStart (decay=exponential) 0% (10/1154) regret=0.100827 ape=0.5530
[17:55:56] warmStart (decay=exponential) 0% (11/1154) regret=0.100827 ape=0.5530
[17:55:57] warmStart (decay=exponential) 1% (12/1154) regret=0.100827 ape=0.5530
[17:55:57] warmStart (decay=exponential) 1% (13/1154) regret=0.100827 ape=0.5530
[17:55:57] warmStart (decay=exponential) 1% (14/1154) regret=0.100827 ape=0.5530
[17:55:57] warmStart (decay=exponential) 1% (15/1154) regret=0.100827 ape=0.5530
[17:55:57] warmStart (decay=exponential) 1% (16/1154) regret=0.100827 ape=0.5530
[17:55:57] warmStart (decay=exponential) 1% (17/1154) regret=0.100827 ape=0.5530
[17:55:58] warmStart (decay=exponential) 1% (18/1154) regret=0.100827 ape=0.5530
[17:55:58] warmStart (decay=exponential) 1% (19/1154) regret=0.100827 ape=0.5530
[17:55:58] warmStart (decay=exponential) 1% (20/1154) regret=0.100827 ape=0.5530
[17:55:58] warmStart (decay=exponential) 1% (21/1154) regret=0.100827 ape=0.5530
[17:55:58] warmStart (decay=exponential) 1% (22/1154) regret=0.100827 ape=0.5530
[17:55:58] warmStart (decay=exponential) 1% (23/1154) regret=0.100827 ape=0.5530
[17:55:59] warmStart (decay=exponential) 2% (24/1154) regret=0.100827 ape=0.5530
[17:55:59] warmStart (decay=exponential) 2% (25/1154) regret=0.100827 ape=0.5530
[17:55:59] warmStart (decay=exponential) 2% (26/1154) regret=0.100827 ape=0.5530
[17:55:59] warmStart (decay=exponential) 2% (27/1154) regret=0.100827 ape=0.5530
[17:55:59] warmStart (decay=exponential) 2% (28/1154) regret=0.100827 ape=0.5530
[17:55:59] warmStart (decay=exponential) 2% (29/1154) regret=0.100827 ape=0.5530
[17:56:00] warmStart (decay=exponential) 2% (30/1154) regret=0.100827 ape=0.5530
[17:56:00] warmStart (decay=exponential) 2% (31/1154) regret=0.100827 ape=0.5530
[17:56:00] warmStart (decay=exponential) 2% (32/1154) regret=0.100827 ape=0.5530
[17:56:00] warmStart (decay=exponential) 2% (33/1154) regret=0.100827 ape=0.5530
[17:56:00] warmStart (decay=exponential) 2% (34/1154) regret=0.100827 ape=0.5530
[17:56:00] warmStart (decay=exponential) 3% (35/1154) regret=0.100827 ape=0.5530
[17:56:01] warmStart (decay=exponential) 3% (36/1154) regret=0.100827 ape=0.5530
[17:56:01] warmStart (decay=exponential) 3% (37/1154) regret=0.100827 ape=0.5530
[17:56:01] warmStart (decay=exponential) 3% (38/1154) regret=0.100827 ape=0.5530
[17:56:01] warmStart (decay=exponential) 3% (39/1154) regret=0.100827 ape=0.5530
[17:56:01] warmStart (decay=exponential) 3% (40/1154) regret=0.100827 ape=0.5530
[17:56:02] warmStart (decay=exponential) 3% (41/1154) regret=0.100827 ape=0.5530
[17:56:02] warmStart (decay=exponential) 3% (42/1154) regret=0.100827 ape=0.5530
[17:56:02] warmStart (decay=exponential) 3% (43/1154) regret=0.100827 ape=0.5530
[17:56:02] warmStart (decay=exponential) 3% (44/1154) regret=0.100827 ape=0.5530
[17:56:02] warmStart (decay=exponential) 3% (45/1154) regret=0.100827 ape=0.5530
[17:56:02] warmStart (decay=exponential) 3% (46/1154) regret=0.100827 ape=0.5530
[17:56:03] warmStart (decay=exponential) 4% (47/1154) regret=0.100827 ape=0.5530
[17:56:03] warmStart (decay=exponential) 4% (48/1154) regret=0.100827 ape=0.5530
[17:56:03] warmStart (decay=exponential) 4% (49/1154) regret=0.100827 ape=0.5530
[17:56:03] warmStart (decay=exponential) 4% (50/1154) regret=0.100827 ape=0.5530
[17:56:03] warmStart (decay=exponential) 4% (51/1154) regret=0.100827 ape=0.5530
[17:56:03] warmStart (decay=exponential) 4% (52/1154) regret=0.100827 ape=0.5530
[17:56:04] warmStart (decay=exponential) 4% (53/1154) regret=0.100827 ape=0.5530
[17:56:04] warmStart (decay=exponential) 4% (54/1154) regret=0.100827 ape=0.5530
[17:56:04] warmStart (decay=exponential) 4% (55/1154) regret=0.100827 ape=0.5530
[17:56:04] warmStart (decay=exponential) 4% (56/1154) regret=0.100827 ape=0.5530
[17:56:04] warmStart (decay=exponential) 4% (57/1154) regret=0.100827 ape=0.5530
[17:56:05] warmStart (decay=exponential) 5% (58/1154) regret=0.100827 ape=0.5530
[17:56:05] warmStart (decay=exponential) 5% (59/1154) regret=0.100827 ape=0.5530
[17:56:05] warmStart (decay=exponential) 5% (60/1154) regret=0.100827 ape=0.5530
[17:56:05] warmStart (decay=exponential) 5% (61/1154) regret=0.100827 ape=0.5530
[17:56:05] warmStart (decay=exponential) 5% (62/1154) regret=0.100827 ape=0.5530
[17:56:05] warmStart (decay=exponential) 5% (63/1154) regret=0.100827 ape=0.5530
[17:56:06] warmStart (decay=exponential) 5% (64/1154) regret=0.100827 ape=0.5530
[17:56:06] warmStart (decay=exponential) 5% (65/1154) regret=0.100827 ape=0.5530
[17:56:06] warmStart (decay=exponential) 5% (66/1154) regret=0.100827 ape=0.5530
[17:56:06] warmStart (decay=exponential) 5% (67/1154) regret=0.100827 ape=0.5530
[17:56:06] warmStart (decay=exponential) 5% (68/1154) regret=0.100827 ape=0.5530
[17:56:06] warmStart (decay=exponential) 5% (69/1154) regret=0.100827 ape=0.5530
[17:56:07] warmStart (decay=exponential) 6% (70/1154) regret=0.100827 ape=0.5530
[17:56:07] warmStart (decay=exponential) 6% (71/1154) regret=0.100827 ape=0.5530
[17:56:07] warmStart (decay=exponential) 6% (72/1154) regret=0.100827 ape=0.5530
[17:56:07] warmStart (decay=exponential) 6% (73/1154) regret=0.100827 ape=0.5530
[17:56:07] warmStart (decay=exponential) 6% (74/1154) regret=0.100827 ape=0.5530
[17:56:07] warmStart (decay=exponential) 6% (75/1154) regret=0.100827 ape=0.5530
[17:56:08] warmStart (decay=exponential) 6% (76/1154) regret=0.100827 ape=0.5530
[17:56:08] warmStart (decay=exponential) 6% (77/1154) regret=0.100827 ape=0.5530
[17:56:08] warmStart (decay=exponential) 6% (78/1154) regret=0.100827 ape=0.5530
[17:56:08] warmStart (decay=exponential) 6% (79/1154) regret=0.100827 ape=0.5530
[17:56:08] warmStart (decay=exponential) 6% (80/1154) regret=0.100827 ape=0.5530
[17:56:09] warmStart (decay=exponential) 7% (81/1154) regret=0.100827 ape=0.5530
[17:56:09] warmStart (decay=exponential) 7% (82/1154) regret=0.100827 ape=0.5530
[17:56:09] warmStart (decay=exponential) 7% (83/1154) regret=0.100827 ape=0.5530
[17:56:09] warmStart (decay=exponential) 7% (84/1154) regret=0.100827 ape=0.5530
[17:56:09] warmStart (decay=exponential) 7% (85/1154) regret=0.100827 ape=0.5530
[17:56:09] warmStart (decay=exponential) 7% (86/1154) regret=0.100827 ape=0.5530
[17:56:10] warmStart (decay=exponential) 7% (87/1154) regret=0.100827 ape=0.5530
[17:56:10] warmStart (decay=exponential) 7% (88/1154) regret=0.100827 ape=0.5530
[17:56:10] warmStart (decay=exponential) 7% (89/1154) regret=0.100827 ape=0.5530
[17:56:10] warmStart (decay=exponential) 7% (90/1154) regret=0.100827 ape=0.5530
[17:56:10] warmStart (decay=exponential) 7% (91/1154) regret=0.100827 ape=0.5530
[17:56:10] warmStart (decay=exponential) 7% (92/1154) regret=0.100827 ape=0.5530
[17:56:11] warmStart (decay=exponential) 8% (93/1154) regret=0.100827 ape=0.5530
[17:56:11] warmStart (decay=exponential) 8% (94/1154) regret=0.100827 ape=0.5530
[17:56:11] warmStart (decay=exponential) 8% (95/1154) regret=0.100827 ape=0.5530
[17:56:11] warmStart (decay=exponential) 8% (96/1154) regret=0.100827 ape=0.5530
[17:56:11] warmStart (decay=exponential) 8% (97/1154) regret=0.100827 ape=0.5530
[17:56:12] warmStart (decay=exponential) 8% (98/1154) regret=0.100827 ape=0.5530
[17:56:12] warmStart (decay=exponential) 8% (99/1154) regret=0.100827 ape=0.5530
[17:56:12] warmStart (decay=exponential) 8% (100/1154) regret=0.100827 ape=0.5530
[17:56:12] warmStart (decay=exponential) 8% (101/1154) regret=0.100827 ape=0.5530
[17:56:12] warmStart (decay=exponential) 8% (102/1154) regret=0.100827 ape=0.5530
[17:56:12] warmStart (decay=exponential) 8% (103/1154) regret=0.100827 ape=0.5530
[17:56:13] warmStart (decay=exponential) 9% (104/1154) regret=0.100827 ape=0.5530
[17:56:13] warmStart (decay=exponential) 9% (105/1154) regret=0.100827 ape=0.5530
[17:56:13] warmStart (decay=exponential) 9% (106/1154) regret=0.100827 ape=0.5530
[17:56:13] warmStart (decay=exponential) 9% (107/1154) regret=0.100827 ape=0.5530
[17:56:13] warmStart (decay=exponential) 9% (108/1154) regret=0.100827 ape=0.5530
[17:56:13] warmStart (decay=exponential) 9% (109/1154) regret=0.100827 ape=0.5530
[17:56:14] warmStart (decay=exponential) 9% (110/1154) regret=0.100827 ape=0.5530
[17:56:14] warmStart (decay=exponential) 9% (111/1154) regret=0.100827 ape=0.5530
[17:56:14] warmStart (decay=exponential) 9% (112/1154) regret=0.100827 ape=0.5530
[17:56:14] warmStart (decay=exponential) 9% (113/1154) regret=0.100827 ape=0.5530
[17:56:14] warmStart (decay=exponential) 9% (114/1154) regret=0.100827 ape=0.5530
[17:56:15] warmStart (decay=exponential) 9% (115/1154) regret=0.100827 ape=0.5530
[17:56:15] warmStart (decay=exponential) 10% (116/1154) regret=0.100827 ape=0.5530
[17:56:15] warmStart (decay=exponential) 10% (117/1154) regret=0.100827 ape=0.5530
[17:56:15] warmStart (decay=exponential) 10% (118/1154) regret=0.100827 ape=0.5530
[17:56:15] warmStart (decay=exponential) 10% (119/1154) regret=0.100827 ape=0.5530
[17:56:16] warmStart (decay=exponential) 10% (120/1154) regret=0.100827 ape=0.5530
[17:56:16] warmStart (decay=exponential) 10% (121/1154) regret=0.100827 ape=0.5530
[17:56:16] warmStart (decay=exponential) 10% (122/1154) regret=0.100827 ape=0.5530
[17:56:16] warmStart (decay=exponential) 10% (123/1154) regret=0.100827 ape=0.5530
[17:56:16] warmStart (decay=exponential) 10% (124/1154) regret=0.100827 ape=0.5530
[17:56:16] warmStart (decay=exponential) 10% (125/1154) regret=0.100827 ape=0.5530
[17:56:17] warmStart (decay=exponential) 10% (126/1154) regret=0.100827 ape=0.5530
[17:56:17] warmStart (decay=exponential) 11% (127/1154) regret=0.100827 ape=0.5530
[17:56:17] warmStart (decay=exponential) 11% (128/1154) regret=0.100827 ape=0.5530
[17:56:17] warmStart (decay=exponential) 11% (129/1154) regret=0.100827 ape=0.5530
[17:56:17] warmStart (decay=exponential) 11% (130/1154) regret=0.100827 ape=0.5530
[17:56:17] warmStart (decay=exponential) 11% (131/1154) regret=0.100827 ape=0.5530
[17:56:18] warmStart (decay=exponential) 11% (132/1154) regret=0.100827 ape=0.5530
[17:56:18] warmStart (decay=exponential) 11% (133/1154) regret=0.100827 ape=0.5530
[17:56:18] warmStart (decay=exponential) 11% (134/1154) regret=0.100827 ape=0.5530
[17:56:18] warmStart (decay=exponential) 11% (135/1154) regret=0.100827 ape=0.5530
[17:56:18] warmStart (decay=exponential) 11% (136/1154) regret=0.100827 ape=0.5530
[17:56:19] warmStart (decay=exponential) 11% (137/1154) regret=0.100827 ape=0.5530
[17:56:19] warmStart (decay=exponential) 11% (138/1154) regret=0.100827 ape=0.5530
[17:56:19] warmStart (decay=exponential) 12% (139/1154) regret=0.100827 ape=0.5530
[17:56:19] warmStart (decay=exponential) 12% (140/1154) regret=0.100827 ape=0.5530
[17:56:19] warmStart (decay=exponential) 12% (141/1154) regret=0.100827 ape=0.5530
[17:56:19] warmStart (decay=exponential) 12% (142/1154) regret=0.100827 ape=0.5530
[17:56:20] warmStart (decay=exponential) 12% (143/1154) regret=0.100827 ape=0.5530
[17:56:20] warmStart (decay=exponential) 12% (144/1154) regret=0.100827 ape=0.5530
[17:56:20] warmStart (decay=exponential) 12% (145/1154) regret=0.100827 ape=0.5530
[17:56:20] warmStart (decay=exponential) 12% (146/1154) regret=0.100827 ape=0.5530
[17:56:20] warmStart (decay=exponential) 12% (147/1154) regret=0.100827 ape=0.5530
[17:56:20] warmStart (decay=exponential) 12% (148/1154) regret=0.100827 ape=0.5530
[17:56:21] warmStart (decay=exponential) 12% (149/1154) regret=0.100827 ape=0.5530
[17:56:21] warmStart (decay=exponential) 12% (150/1154) regret=0.100827 ape=0.5530
[17:56:21] warmStart (decay=exponential) 13% (151/1154) regret=0.100827 ape=0.5530
[17:56:21] warmStart (decay=exponential) 13% (152/1154) regret=0.100827 ape=0.5530
[17:56:21] warmStart (decay=exponential) 13% (153/1154) regret=0.100827 ape=0.5530
[17:56:22] warmStart (decay=exponential) 13% (154/1154) regret=0.100827 ape=0.5530
[17:56:22] warmStart (decay=exponential) 13% (155/1154) regret=0.100827 ape=0.5530
[17:56:22] warmStart (decay=exponential) 13% (156/1154) regret=0.100827 ape=0.5530
[17:56:22] warmStart (decay=exponential) 13% (157/1154) regret=0.100827 ape=0.5530
[17:56:22] warmStart (decay=exponential) 13% (158/1154) regret=0.100827 ape=0.5530
[17:56:22] warmStart (decay=exponential) 13% (159/1154) regret=0.100827 ape=0.5530
[17:56:23] warmStart (decay=exponential) 13% (160/1154) regret=0.100827 ape=0.5530
[17:56:23] warmStart (decay=exponential) 13% (161/1154) regret=0.100827 ape=0.5530
[17:56:23] warmStart (decay=exponential) 14% (162/1154) regret=0.100827 ape=0.5530
[17:56:23] warmStart (decay=exponential) 14% (163/1154) regret=0.100827 ape=0.5530
[17:56:23] warmStart (decay=exponential) 14% (164/1154) regret=0.100827 ape=0.5530
[17:56:24] warmStart (decay=exponential) 14% (165/1154) regret=0.100827 ape=0.5530
[17:56:24] warmStart (decay=exponential) 14% (166/1154) regret=0.100827 ape=0.5530
[17:56:24] warmStart (decay=exponential) 14% (167/1154) regret=0.100827 ape=0.5530
[17:56:24] warmStart (decay=exponential) 14% (168/1154) regret=0.100827 ape=0.5530
[17:56:24] warmStart (decay=exponential) 14% (169/1154) regret=0.100952 ape=0.5539
[17:56:24] warmStart (decay=exponential) 14% (170/1154) regret=0.100993 ape=0.5539
[17:56:25] warmStart (decay=exponential) 14% (171/1154) regret=0.100993 ape=0.5539
[17:56:25] warmStart (decay=exponential) 14% (172/1154) regret=0.100993 ape=0.5539
[17:56:25] warmStart (decay=exponential) 14% (173/1154) regret=0.100954 ape=0.5539
[17:56:25] warmStart (decay=exponential) 15% (174/1154) regret=0.100954 ape=0.5539
[17:56:25] warmStart (decay=exponential) 15% (175/1154) regret=0.100928 ape=0.5539
[17:56:25] warmStart (decay=exponential) 15% (176/1154) regret=0.100928 ape=0.5539
[17:56:26] warmStart (decay=exponential) 15% (177/1154) regret=0.100954 ape=0.5539
[17:56:26] warmStart (decay=exponential) 15% (178/1154) regret=0.100928 ape=0.5539
[17:56:26] warmStart (decay=exponential) 15% (179/1154) regret=0.100928 ape=0.5539
[17:56:26] warmStart (decay=exponential) 15% (180/1154) regret=0.100827 ape=0.5530
[17:56:26] warmStart (decay=exponential) 15% (181/1154) regret=0.100827 ape=0.5530
[17:56:26] warmStart (decay=exponential) 15% (182/1154) regret=0.100827 ape=0.5530
[17:56:27] warmStart (decay=exponential) 15% (183/1154) regret=0.100827 ape=0.5530
[17:56:27] warmStart (decay=exponential) 15% (184/1154) regret=0.100827 ape=0.5530
[17:56:27] warmStart (decay=exponential) 16% (185/1154) regret=0.100827 ape=0.5530
[17:56:27] warmStart (decay=exponential) 16% (186/1154) regret=0.100827 ape=0.5530
[17:56:27] warmStart (decay=exponential) 16% (187/1154) regret=0.100827 ape=0.5530
[17:56:27] warmStart (decay=exponential) 16% (188/1154) regret=0.100827 ape=0.5530
[17:56:28] warmStart (decay=exponential) 16% (189/1154) regret=0.100827 ape=0.5530
[17:56:28] warmStart (decay=exponential) 16% (190/1154) regret=0.100827 ape=0.5530
[17:56:28] warmStart (decay=exponential) 16% (191/1154) regret=0.100836 ape=0.5530
[17:56:28] warmStart (decay=exponential) 16% (192/1154) regret=0.100838 ape=0.5530
[17:56:28] warmStart (decay=exponential) 16% (193/1154) regret=0.100821 ape=0.5530
[17:56:28] warmStart (decay=exponential) 16% (194/1154) regret=0.100821 ape=0.5530
[17:56:29] warmStart (decay=exponential) 16% (195/1154) regret=0.100698 ape=0.5521
[17:56:29] warmStart (decay=exponential) 16% (196/1154) regret=0.100698 ape=0.5521
[17:56:29] warmStart (decay=exponential) 17% (197/1154) regret=0.100698 ape=0.5521
[17:56:29] warmStart (decay=exponential) 17% (198/1154) regret=0.100698 ape=0.5521
[17:56:29] warmStart (decay=exponential) 17% (199/1154) regret=0.100698 ape=0.5521
[17:56:30] warmStart (decay=exponential) 17% (200/1154) regret=0.100698 ape=0.5521
[17:56:30] warmStart (decay=exponential) 17% (201/1154) regret=0.100698 ape=0.5521
[17:56:30] warmStart (decay=exponential) 17% (202/1154) regret=0.100698 ape=0.5521
[17:56:30] warmStart (decay=exponential) 17% (203/1154) regret=0.100698 ape=0.5521
[17:56:30] warmStart (decay=exponential) 17% (204/1154) regret=0.100698 ape=0.5521
[17:56:31] warmStart (decay=exponential) 17% (205/1154) regret=0.100698 ape=0.5521
[17:56:31] warmStart (decay=exponential) 17% (206/1154) regret=0.100698 ape=0.5521
[17:56:31] warmStart (decay=exponential) 17% (207/1154) regret=0.100698 ape=0.5521
[17:56:31] warmStart (decay=exponential) 18% (208/1154) regret=0.100698 ape=0.5521
[17:56:31] warmStart (decay=exponential) 18% (209/1154) regret=0.100698 ape=0.5521
[17:56:31] warmStart (decay=exponential) 18% (210/1154) regret=0.100698 ape=0.5521
[17:56:32] warmStart (decay=exponential) 18% (211/1154) regret=0.100698 ape=0.5521
[17:56:32] warmStart (decay=exponential) 18% (212/1154) regret=0.100698 ape=0.5521
[17:56:32] warmStart (decay=exponential) 18% (213/1154) regret=0.100698 ape=0.5521
[17:56:32] warmStart (decay=exponential) 18% (214/1154) regret=0.100698 ape=0.5521
[17:56:32] warmStart (decay=exponential) 18% (215/1154) regret=0.100698 ape=0.5521
[17:56:33] warmStart (decay=exponential) 18% (216/1154) regret=0.100698 ape=0.5521
[17:56:33] warmStart (decay=exponential) 18% (217/1154) regret=0.100698 ape=0.5521
[17:56:33] warmStart (decay=exponential) 18% (218/1154) regret=0.100698 ape=0.5521
[17:56:33] warmStart (decay=exponential) 18% (219/1154) regret=0.100698 ape=0.5521
[17:56:33] warmStart (decay=exponential) 19% (220/1154) regret=0.100698 ape=0.5521
[17:56:34] warmStart (decay=exponential) 19% (221/1154) regret=0.100698 ape=0.5521
[17:56:34] warmStart (decay=exponential) 19% (222/1154) regret=0.100698 ape=0.5521
[17:56:34] warmStart (decay=exponential) 19% (223/1154) regret=0.100698 ape=0.5521
[17:56:34] warmStart (decay=exponential) 19% (224/1154) regret=0.100698 ape=0.5521
[17:56:34] warmStart (decay=exponential) 19% (225/1154) regret=0.100698 ape=0.5521
[17:56:34] warmStart (decay=exponential) 19% (226/1154) regret=0.100698 ape=0.5521
[17:56:35] warmStart (decay=exponential) 19% (227/1154) regret=0.100698 ape=0.5521
[17:56:35] warmStart (decay=exponential) 19% (228/1154) regret=0.100698 ape=0.5521
[17:56:35] warmStart (decay=exponential) 19% (229/1154) regret=0.100749 ape=0.5530
[17:56:35] warmStart (decay=exponential) 19% (230/1154) regret=0.100698 ape=0.5521
[17:56:35] warmStart (decay=exponential) 20% (231/1154) regret=0.100698 ape=0.5521
[17:56:36] warmStart (decay=exponential) 20% (232/1154) regret=0.100698 ape=0.5521
[17:56:36] warmStart (decay=exponential) 20% (233/1154) regret=0.100698 ape=0.5521
[17:56:36] warmStart (decay=exponential) 20% (234/1154) regret=0.100698 ape=0.5521
[17:56:36] warmStart (decay=exponential) 20% (235/1154) regret=0.100698 ape=0.5521
[17:56:36] warmStart (decay=exponential) 20% (236/1154) regret=0.100698 ape=0.5521
[17:56:37] warmStart (decay=exponential) 20% (237/1154) regret=0.100698 ape=0.5521
[17:56:37] warmStart (decay=exponential) 20% (238/1154) regret=0.100698 ape=0.5521
[17:56:37] warmStart (decay=exponential) 20% (239/1154) regret=0.100698 ape=0.5521
[17:56:37] warmStart (decay=exponential) 20% (240/1154) regret=0.100698 ape=0.5521
[17:56:37] warmStart (decay=exponential) 20% (241/1154) regret=0.100698 ape=0.5521
[17:56:38] warmStart (decay=exponential) 20% (242/1154) regret=0.100698 ape=0.5521
[17:56:38] warmStart (decay=exponential) 21% (243/1154) regret=0.100698 ape=0.5521
[17:56:38] warmStart (decay=exponential) 21% (244/1154) regret=0.100698 ape=0.5521
[17:56:38] warmStart (decay=exponential) 21% (245/1154) regret=0.100698 ape=0.5521
[17:56:38] warmStart (decay=exponential) 21% (246/1154) regret=0.100698 ape=0.5521
[17:56:38] warmStart (decay=exponential) 21% (247/1154) regret=0.100698 ape=0.5521
[17:56:39] warmStart (decay=exponential) 21% (248/1154) regret=0.100698 ape=0.5521
[17:56:39] warmStart (decay=exponential) 21% (249/1154) regret=0.100698 ape=0.5521
[17:56:39] warmStart (decay=exponential) 21% (250/1154) regret=0.100698 ape=0.5521
[17:56:39] warmStart (decay=exponential) 21% (251/1154) regret=0.100698 ape=0.5521
[17:56:39] warmStart (decay=exponential) 21% (252/1154) regret=0.100698 ape=0.5521
[17:56:39] warmStart (decay=exponential) 21% (253/1154) regret=0.100698 ape=0.5521
[17:56:40] warmStart (decay=exponential) 22% (254/1154) regret=0.100698 ape=0.5521
[17:56:40] warmStart (decay=exponential) 22% (255/1154) regret=0.100698 ape=0.5521
[17:56:40] warmStart (decay=exponential) 22% (256/1154) regret=0.100698 ape=0.5521
[17:56:40] warmStart (decay=exponential) 22% (257/1154) regret=0.100698 ape=0.5521
[17:56:40] warmStart (decay=exponential) 22% (258/1154) regret=0.100698 ape=0.5521
[17:56:40] warmStart (decay=exponential) 22% (259/1154) regret=0.100698 ape=0.5521
[17:56:41] warmStart (decay=exponential) 22% (260/1154) regret=0.100698 ape=0.5521
[17:56:41] warmStart (decay=exponential) 22% (261/1154) regret=0.100698 ape=0.5521
[17:56:41] warmStart (decay=exponential) 22% (262/1154) regret=0.100698 ape=0.5521
[17:56:41] warmStart (decay=exponential) 22% (263/1154) regret=0.100698 ape=0.5521
[17:56:41] warmStart (decay=exponential) 22% (264/1154) regret=0.100698 ape=0.5521
[17:56:41] warmStart (decay=exponential) 22% (265/1154) regret=0.100698 ape=0.5521
[17:56:42] warmStart (decay=exponential) 23% (266/1154) regret=0.100698 ape=0.5521
[17:56:42] warmStart (decay=exponential) 23% (267/1154) regret=0.100698 ape=0.5521
[17:56:42] warmStart (decay=exponential) 23% (268/1154) regret=0.100698 ape=0.5521
[17:56:42] warmStart (decay=exponential) 23% (269/1154) regret=0.100698 ape=0.5521
[17:56:42] warmStart (decay=exponential) 23% (270/1154) regret=0.100698 ape=0.5521
[17:56:42] warmStart (decay=exponential) 23% (271/1154) regret=0.100698 ape=0.5521
[17:56:43] warmStart (decay=exponential) 23% (272/1154) regret=0.100698 ape=0.5521
[17:56:43] warmStart (decay=exponential) 23% (273/1154) regret=0.100698 ape=0.5521
[17:56:43] warmStart (decay=exponential) 23% (274/1154) regret=0.100698 ape=0.5521
[17:56:43] warmStart (decay=exponential) 23% (275/1154) regret=0.100698 ape=0.5521
[17:56:43] warmStart (decay=exponential) 23% (276/1154) regret=0.100698 ape=0.5521
[17:56:44] warmStart (decay=exponential) 24% (277/1154) regret=0.100698 ape=0.5521
[17:56:44] warmStart (decay=exponential) 24% (278/1154) regret=0.100698 ape=0.5521
[17:56:44] warmStart (decay=exponential) 24% (279/1154) regret=0.100698 ape=0.5521
[17:56:44] warmStart (decay=exponential) 24% (280/1154) regret=0.100698 ape=0.5521
[17:56:44] warmStart (decay=exponential) 24% (281/1154) regret=0.100698 ape=0.5521
[17:56:44] warmStart (decay=exponential) 24% (282/1154) regret=0.100698 ape=0.5521
[17:56:45] warmStart (decay=exponential) 24% (283/1154) regret=0.100698 ape=0.5521
[17:56:45] warmStart (decay=exponential) 24% (284/1154) regret=0.100698 ape=0.5521
[17:56:45] warmStart (decay=exponential) 24% (285/1154) regret=0.100698 ape=0.5521
[17:56:45] warmStart (decay=exponential) 24% (286/1154) regret=0.100698 ape=0.5521
[17:56:45] warmStart (decay=exponential) 24% (287/1154) regret=0.100698 ape=0.5521
[17:56:45] warmStart (decay=exponential) 24% (288/1154) regret=0.100698 ape=0.5521
[17:56:46] warmStart (decay=exponential) 25% (289/1154) regret=0.100698 ape=0.5521
[17:56:46] warmStart (decay=exponential) 25% (290/1154) regret=0.100698 ape=0.5521
[17:56:46] warmStart (decay=exponential) 25% (291/1154) regret=0.100698 ape=0.5521
[17:56:46] warmStart (decay=exponential) 25% (292/1154) regret=0.100698 ape=0.5521
[17:56:46] warmStart (decay=exponential) 25% (293/1154) regret=0.100698 ape=0.5521
[17:56:46] warmStart (decay=exponential) 25% (294/1154) regret=0.100698 ape=0.5521
[17:56:47] warmStart (decay=exponential) 25% (295/1154) regret=0.100698 ape=0.5521
[17:56:47] warmStart (decay=exponential) 25% (296/1154) regret=0.100698 ape=0.5521
[17:56:47] warmStart (decay=exponential) 25% (297/1154) regret=0.100698 ape=0.5521
[17:56:47] warmStart (decay=exponential) 25% (298/1154) regret=0.100698 ape=0.5521
[17:56:47] warmStart (decay=exponential) 25% (299/1154) regret=0.100698 ape=0.5521
[17:56:47] warmStart (decay=exponential) 25% (300/1154) regret=0.100698 ape=0.5521
[17:56:48] warmStart (decay=exponential) 26% (301/1154) regret=0.100698 ape=0.5521
[17:56:48] warmStart (decay=exponential) 26% (302/1154) regret=0.100698 ape=0.5521
[17:56:48] warmStart (decay=exponential) 26% (303/1154) regret=0.100698 ape=0.5521
[17:56:48] warmStart (decay=exponential) 26% (304/1154) regret=0.100698 ape=0.5521
[17:56:48] warmStart (decay=exponential) 26% (305/1154) regret=0.100698 ape=0.5521
[17:56:48] warmStart (decay=exponential) 26% (306/1154) regret=0.100698 ape=0.5521
[17:56:49] warmStart (decay=exponential) 26% (307/1154) regret=0.100698 ape=0.5521
[17:56:49] warmStart (decay=exponential) 26% (308/1154) regret=0.100698 ape=0.5521
[17:56:49] warmStart (decay=exponential) 26% (309/1154) regret=0.100698 ape=0.5521
[17:56:49] warmStart (decay=exponential) 26% (310/1154) regret=0.100698 ape=0.5521
[17:56:49] warmStart (decay=exponential) 26% (311/1154) regret=0.100698 ape=0.5521
[17:56:50] warmStart (decay=exponential) 27% (312/1154) regret=0.100698 ape=0.5521
[17:56:50] warmStart (decay=exponential) 27% (313/1154) regret=0.100698 ape=0.5521
[17:56:50] warmStart (decay=exponential) 27% (314/1154) regret=0.100698 ape=0.5521
[17:56:50] warmStart (decay=exponential) 27% (315/1154) regret=0.100698 ape=0.5521
[17:56:50] warmStart (decay=exponential) 27% (316/1154) regret=0.100698 ape=0.5521
[17:56:50] warmStart (decay=exponential) 27% (317/1154) regret=0.100698 ape=0.5521
[17:56:51] warmStart (decay=exponential) 27% (318/1154) regret=0.100698 ape=0.5521
[17:56:51] warmStart (decay=exponential) 27% (319/1154) regret=0.100698 ape=0.5521
[17:56:51] warmStart (decay=exponential) 27% (320/1154) regret=0.100698 ape=0.5521
[17:56:51] warmStart (decay=exponential) 27% (321/1154) regret=0.100698 ape=0.5521
[17:56:51] warmStart (decay=exponential) 27% (322/1154) regret=0.100698 ape=0.5521
[17:56:51] warmStart (decay=exponential) 27% (323/1154) regret=0.100698 ape=0.5521
[17:56:52] warmStart (decay=exponential) 28% (324/1154) regret=0.100698 ape=0.5521
[17:56:52] warmStart (decay=exponential) 28% (325/1154) regret=0.100698 ape=0.5521
[17:56:52] warmStart (decay=exponential) 28% (326/1154) regret=0.100698 ape=0.5521
[17:56:52] warmStart (decay=exponential) 28% (327/1154) regret=0.100698 ape=0.5521
[17:56:52] warmStart (decay=exponential) 28% (328/1154) regret=0.100698 ape=0.5521
[17:56:52] warmStart (decay=exponential) 28% (329/1154) regret=0.100698 ape=0.5521
[17:56:53] warmStart (decay=exponential) 28% (330/1154) regret=0.100698 ape=0.5521
[17:56:53] warmStart (decay=exponential) 28% (331/1154) regret=0.100698 ape=0.5521
[17:56:53] warmStart (decay=exponential) 28% (332/1154) regret=0.100698 ape=0.5521
[17:56:53] warmStart (decay=exponential) 28% (333/1154) regret=0.100698 ape=0.5521
[17:56:53] warmStart (decay=exponential) 28% (334/1154) regret=0.100698 ape=0.5521
[17:56:54] warmStart (decay=exponential) 29% (335/1154) regret=0.100698 ape=0.5521
[17:56:54] warmStart (decay=exponential) 29% (336/1154) regret=0.100698 ape=0.5521
[17:56:54] warmStart (decay=exponential) 29% (337/1154) regret=0.100698 ape=0.5521
[17:56:54] warmStart (decay=exponential) 29% (338/1154) regret=0.100698 ape=0.5521
[17:56:54] warmStart (decay=exponential) 29% (339/1154) regret=0.100698 ape=0.5521
[17:56:54] warmStart (decay=exponential) 29% (340/1154) regret=0.100698 ape=0.5521
[17:56:55] warmStart (decay=exponential) 29% (341/1154) regret=0.100698 ape=0.5521
[17:56:55] warmStart (decay=exponential) 29% (342/1154) regret=0.100698 ape=0.5521
[17:56:55] warmStart (decay=exponential) 29% (343/1154) regret=0.100698 ape=0.5521
[17:56:55] warmStart (decay=exponential) 29% (344/1154) regret=0.100698 ape=0.5521
[17:56:55] warmStart (decay=exponential) 29% (345/1154) regret=0.100698 ape=0.5521
[17:56:55] warmStart (decay=exponential) 29% (346/1154) regret=0.100698 ape=0.5521
[17:56:56] warmStart (decay=exponential) 30% (347/1154) regret=0.100698 ape=0.5521
[17:56:56] warmStart (decay=exponential) 30% (348/1154) regret=0.100698 ape=0.5521
[17:56:56] warmStart (decay=exponential) 30% (349/1154) regret=0.100698 ape=0.5521
[17:56:56] warmStart (decay=exponential) 30% (350/1154) regret=0.100698 ape=0.5521
[17:56:56] warmStart (decay=exponential) 30% (351/1154) regret=0.100698 ape=0.5521
[17:56:57] warmStart (decay=exponential) 30% (352/1154) regret=0.100698 ape=0.5521
[17:56:57] warmStart (decay=exponential) 30% (353/1154) regret=0.100698 ape=0.5521
[17:56:57] warmStart (decay=exponential) 30% (354/1154) regret=0.100698 ape=0.5521
[17:56:57] warmStart (decay=exponential) 30% (355/1154) regret=0.100698 ape=0.5521
[17:56:57] warmStart (decay=exponential) 30% (356/1154) regret=0.100698 ape=0.5521
[17:56:57] warmStart (decay=exponential) 30% (357/1154) regret=0.100698 ape=0.5521
[17:56:58] warmStart (decay=exponential) 31% (358/1154) regret=0.100698 ape=0.5521
[17:56:58] warmStart (decay=exponential) 31% (359/1154) regret=0.100698 ape=0.5521
[17:56:58] warmStart (decay=exponential) 31% (360/1154) regret=0.100698 ape=0.5521
[17:56:58] warmStart (decay=exponential) 31% (361/1154) regret=0.100698 ape=0.5521
[17:56:58] warmStart (decay=exponential) 31% (362/1154) regret=0.100698 ape=0.5521
[17:56:58] warmStart (decay=exponential) 31% (363/1154) regret=0.100698 ape=0.5521
[17:56:59] warmStart (decay=exponential) 31% (364/1154) regret=0.100698 ape=0.5521
[17:56:59] warmStart (decay=exponential) 31% (365/1154) regret=0.100698 ape=0.5521
[17:56:59] warmStart (decay=exponential) 31% (366/1154) regret=0.100698 ape=0.5521
[17:56:59] warmStart (decay=exponential) 31% (367/1154) regret=0.100698 ape=0.5521
[17:56:59] warmStart (decay=exponential) 31% (368/1154) regret=0.100698 ape=0.5521
[17:57:00] warmStart (decay=exponential) 31% (369/1154) regret=0.100698 ape=0.5521
[17:57:00] warmStart (decay=exponential) 32% (370/1154) regret=0.100698 ape=0.5521
[17:57:00] warmStart (decay=exponential) 32% (371/1154) regret=0.100698 ape=0.5521
[17:57:00] warmStart (decay=exponential) 32% (372/1154) regret=0.100698 ape=0.5521
[17:57:00] warmStart (decay=exponential) 32% (373/1154) regret=0.100698 ape=0.5521
[17:57:00] warmStart (decay=exponential) 32% (374/1154) regret=0.100698 ape=0.5521
[17:57:01] warmStart (decay=exponential) 32% (375/1154) regret=0.100698 ape=0.5521
[17:57:01] warmStart (decay=exponential) 32% (376/1154) regret=0.100698 ape=0.5521
[17:57:01] warmStart (decay=exponential) 32% (377/1154) regret=0.100698 ape=0.5521
[17:57:01] warmStart (decay=exponential) 32% (378/1154) regret=0.100698 ape=0.5521
[17:57:01] warmStart (decay=exponential) 32% (379/1154) regret=0.100698 ape=0.5521
[17:57:01] warmStart (decay=exponential) 32% (380/1154) regret=0.100698 ape=0.5521
[17:57:02] warmStart (decay=exponential) 33% (381/1154) regret=0.100698 ape=0.5521
[17:57:02] warmStart (decay=exponential) 33% (382/1154) regret=0.100698 ape=0.5521
[17:57:02] warmStart (decay=exponential) 33% (383/1154) regret=0.100698 ape=0.5521
[17:57:02] warmStart (decay=exponential) 33% (384/1154) regret=0.100698 ape=0.5521
[17:57:02] warmStart (decay=exponential) 33% (385/1154) regret=0.100698 ape=0.5521
[17:57:03] warmStart (decay=exponential) 33% (386/1154) regret=0.100698 ape=0.5521
[17:57:03] warmStart (decay=exponential) 33% (387/1154) regret=0.100698 ape=0.5521
[17:57:03] warmStart (decay=exponential) 33% (388/1154) regret=0.100698 ape=0.5521
[17:57:03] warmStart (decay=exponential) 33% (389/1154) regret=0.100698 ape=0.5521
[17:57:03] warmStart (decay=exponential) 33% (390/1154) regret=0.100698 ape=0.5521
[17:57:03] warmStart (decay=exponential) 33% (391/1154) regret=0.100698 ape=0.5521
[17:57:04] warmStart (decay=exponential) 33% (392/1154) regret=0.100698 ape=0.5521
[17:57:04] warmStart (decay=exponential) 34% (393/1154) regret=0.100698 ape=0.5521
[17:57:04] warmStart (decay=exponential) 34% (394/1154) regret=0.100698 ape=0.5521
[17:57:04] warmStart (decay=exponential) 34% (395/1154) regret=0.100698 ape=0.5521
[17:57:04] warmStart (decay=exponential) 34% (396/1154) regret=0.100698 ape=0.5521
[17:57:04] warmStart (decay=exponential) 34% (397/1154) regret=0.100698 ape=0.5521
[17:57:05] warmStart (decay=exponential) 34% (398/1154) regret=0.100698 ape=0.5521
[17:57:05] warmStart (decay=exponential) 34% (399/1154) regret=0.100698 ape=0.5521
[17:57:05] warmStart (decay=exponential) 34% (400/1154) regret=0.100698 ape=0.5521
[17:57:05] warmStart (decay=exponential) 34% (401/1154) regret=0.100698 ape=0.5521
[17:57:05] warmStart (decay=exponential) 34% (402/1154) regret=0.100698 ape=0.5521
[17:57:05] warmStart (decay=exponential) 34% (403/1154) regret=0.100698 ape=0.5521
[17:57:06] warmStart (decay=exponential) 35% (404/1154) regret=0.100698 ape=0.5521
[17:57:06] warmStart (decay=exponential) 35% (405/1154) regret=0.100698 ape=0.5521
[17:57:06] warmStart (decay=exponential) 35% (406/1154) regret=0.100698 ape=0.5521
[17:57:06] warmStart (decay=exponential) 35% (407/1154) regret=0.100698 ape=0.5521
[17:57:06] warmStart (decay=exponential) 35% (408/1154) regret=0.100698 ape=0.5521
[17:57:07] warmStart (decay=exponential) 35% (409/1154) regret=0.100698 ape=0.5521
[17:57:07] warmStart (decay=exponential) 35% (410/1154) regret=0.100698 ape=0.5521
[17:57:07] warmStart (decay=exponential) 35% (411/1154) regret=0.100698 ape=0.5521
[17:57:07] warmStart (decay=exponential) 35% (412/1154) regret=0.100698 ape=0.5521
[17:57:07] warmStart (decay=exponential) 35% (413/1154) regret=0.100698 ape=0.5521
[17:57:07] warmStart (decay=exponential) 35% (414/1154) regret=0.100698 ape=0.5521
[17:57:08] warmStart (decay=exponential) 35% (415/1154) regret=0.100698 ape=0.5521
[17:57:08] warmStart (decay=exponential) 36% (416/1154) regret=0.100698 ape=0.5521
[17:57:08] warmStart (decay=exponential) 36% (417/1154) regret=0.100698 ape=0.5521
[17:57:08] warmStart (decay=exponential) 36% (418/1154) regret=0.100698 ape=0.5521
[17:57:08] warmStart (decay=exponential) 36% (419/1154) regret=0.100698 ape=0.5521
[17:57:09] warmStart (decay=exponential) 36% (420/1154) regret=0.100698 ape=0.5521
[17:57:09] warmStart (decay=exponential) 36% (421/1154) regret=0.100698 ape=0.5521
[17:57:09] warmStart (decay=exponential) 36% (422/1154) regret=0.100698 ape=0.5521
[17:57:09] warmStart (decay=exponential) 36% (423/1154) regret=0.100698 ape=0.5521
[17:57:09] warmStart (decay=exponential) 36% (424/1154) regret=0.100698 ape=0.5521
[17:57:09] warmStart (decay=exponential) 36% (425/1154) regret=0.100698 ape=0.5521
[17:57:10] warmStart (decay=exponential) 36% (426/1154) regret=0.100698 ape=0.5521
[17:57:10] warmStart (decay=exponential) 37% (427/1154) regret=0.100698 ape=0.5521
[17:57:10] warmStart (decay=exponential) 37% (428/1154) regret=0.100698 ape=0.5521
[17:57:10] warmStart (decay=exponential) 37% (429/1154) regret=0.100910 ape=0.5521
[17:57:10] warmStart (decay=exponential) 37% (430/1154) regret=0.100620 ape=0.5512
[17:57:10] warmStart (decay=exponential) 37% (431/1154) regret=0.100620 ape=0.5512
[17:57:11] warmStart (decay=exponential) 37% (432/1154) regret=0.100620 ape=0.5512
[17:57:11] warmStart (decay=exponential) 37% (433/1154) regret=0.100620 ape=0.5512
[17:57:11] warmStart (decay=exponential) 37% (434/1154) regret=0.100620 ape=0.5512
[17:57:11] warmStart (decay=exponential) 37% (435/1154) regret=0.100698 ape=0.5521
[17:57:11] warmStart (decay=exponential) 37% (436/1154) regret=0.100620 ape=0.5512
[17:57:12] warmStart (decay=exponential) 37% (437/1154) regret=0.100670 ape=0.5521
[17:57:12] warmStart (decay=exponential) 37% (438/1154) regret=0.100670 ape=0.5521
[17:57:12] warmStart (decay=exponential) 38% (439/1154) regret=0.100620 ape=0.5512
[17:57:12] warmStart (decay=exponential) 38% (440/1154) regret=0.100620 ape=0.5512
[17:57:12] warmStart (decay=exponential) 38% (441/1154) regret=0.100620 ape=0.5512
[17:57:13] warmStart (decay=exponential) 38% (442/1154) regret=0.100670 ape=0.5521
[17:57:13] warmStart (decay=exponential) 38% (443/1154) regret=0.100620 ape=0.5512
[17:57:13] warmStart (decay=exponential) 38% (444/1154) regret=0.100620 ape=0.5512
[17:57:13] warmStart (decay=exponential) 38% (445/1154) regret=0.100620 ape=0.5512
[17:57:13] warmStart (decay=exponential) 38% (446/1154) regret=0.100620 ape=0.5512
[17:57:14] warmStart (decay=exponential) 38% (447/1154) regret=0.100620 ape=0.5512
[17:57:14] warmStart (decay=exponential) 38% (448/1154) regret=0.100620 ape=0.5512
[17:57:14] warmStart (decay=exponential) 38% (449/1154) regret=0.100620 ape=0.5512
[17:57:14] warmStart (decay=exponential) 38% (450/1154) regret=0.100620 ape=0.5512
[17:57:14] warmStart (decay=exponential) 39% (451/1154) regret=0.100620 ape=0.5512
[17:57:14] warmStart (decay=exponential) 39% (452/1154) regret=0.100620 ape=0.5512
[17:57:15] warmStart (decay=exponential) 39% (453/1154) regret=0.100620 ape=0.5512
[17:57:15] warmStart (decay=exponential) 39% (454/1154) regret=0.100620 ape=0.5512
[17:57:15] warmStart (decay=exponential) 39% (455/1154) regret=0.100620 ape=0.5512
[17:57:15] warmStart (decay=exponential) 39% (456/1154) regret=0.100627 ape=0.5521
[17:57:15] warmStart (decay=exponential) 39% (457/1154) regret=0.100627 ape=0.5521
[17:57:15] warmStart (decay=exponential) 39% (458/1154) regret=0.100626 ape=0.5521
[17:57:16] warmStart (decay=exponential) 39% (459/1154) regret=0.100626 ape=0.5521
[17:57:16] warmStart (decay=exponential) 39% (460/1154) regret=0.100626 ape=0.5521
[17:57:16] warmStart (decay=exponential) 39% (461/1154) regret=0.100626 ape=0.5521
[17:57:16] warmStart (decay=exponential) 40% (462/1154) regret=0.100626 ape=0.5521
[17:57:16] warmStart (decay=exponential) 40% (463/1154) regret=0.100626 ape=0.5521
[17:57:16] warmStart (decay=exponential) 40% (464/1154) regret=0.100626 ape=0.5521
[17:57:17] warmStart (decay=exponential) 40% (465/1154) regret=0.100626 ape=0.5521
[17:57:17] warmStart (decay=exponential) 40% (466/1154) regret=0.100626 ape=0.5521
[17:57:17] warmStart (decay=exponential) 40% (467/1154) regret=0.100626 ape=0.5521
[17:57:17] warmStart (decay=exponential) 40% (468/1154) regret=0.100626 ape=0.5521
[17:57:17] warmStart (decay=exponential) 40% (469/1154) regret=0.100626 ape=0.5521
[17:57:17] warmStart (decay=exponential) 40% (470/1154) regret=0.100626 ape=0.5521
[17:57:17] warmStart (decay=exponential) 40% (471/1154) regret=0.100626 ape=0.5521
[17:57:18] warmStart (decay=exponential) 40% (472/1154) regret=0.100626 ape=0.5521
[17:57:18] warmStart (decay=exponential) 40% (473/1154) regret=0.100626 ape=0.5521
[17:57:18] warmStart (decay=exponential) 41% (474/1154) regret=0.100626 ape=0.5521
[17:57:18] warmStart (decay=exponential) 41% (475/1154) regret=0.100626 ape=0.5521
[17:57:18] warmStart (decay=exponential) 41% (476/1154) regret=0.100626 ape=0.5521
[17:57:18] warmStart (decay=exponential) 41% (477/1154) regret=0.100626 ape=0.5521
[17:57:19] warmStart (decay=exponential) 41% (478/1154) regret=0.100626 ape=0.5521
[17:57:19] warmStart (decay=exponential) 41% (479/1154) regret=0.100626 ape=0.5521
[17:57:19] warmStart (decay=exponential) 41% (480/1154) regret=0.100626 ape=0.5521
[17:57:19] warmStart (decay=exponential) 41% (481/1154) regret=0.100626 ape=0.5521
[17:57:19] warmStart (decay=exponential) 41% (482/1154) regret=0.100626 ape=0.5521
[17:57:19] warmStart (decay=exponential) 41% (483/1154) regret=0.100626 ape=0.5521
[17:57:20] warmStart (decay=exponential) 41% (484/1154) regret=0.100626 ape=0.5521
[17:57:20] warmStart (decay=exponential) 42% (485/1154) regret=0.100626 ape=0.5521
[17:57:20] warmStart (decay=exponential) 42% (486/1154) regret=0.100627 ape=0.5521
[17:57:20] warmStart (decay=exponential) 42% (487/1154) regret=0.100627 ape=0.5521
[17:57:20] warmStart (decay=exponential) 42% (488/1154) regret=0.100627 ape=0.5521
[17:57:20] warmStart (decay=exponential) 42% (489/1154) regret=0.100627 ape=0.5521
[17:57:20] warmStart (decay=exponential) 42% (490/1154) regret=0.100627 ape=0.5521
[17:57:21] warmStart (decay=exponential) 42% (491/1154) regret=0.100627 ape=0.5521
[17:57:21] warmStart (decay=exponential) 42% (492/1154) regret=0.100627 ape=0.5521
[17:57:21] warmStart (decay=exponential) 42% (493/1154) regret=0.100627 ape=0.5521
[17:57:21] warmStart (decay=exponential) 42% (494/1154) regret=0.100627 ape=0.5521
[17:57:21] warmStart (decay=exponential) 42% (495/1154) regret=0.100626 ape=0.5521
[17:57:21] warmStart (decay=exponential) 42% (496/1154) regret=0.100626 ape=0.5521
[17:57:22] warmStart (decay=exponential) 43% (497/1154) regret=0.100626 ape=0.5521
[17:57:22] warmStart (decay=exponential) 43% (498/1154) regret=0.100626 ape=0.5521
[17:57:22] warmStart (decay=exponential) 43% (499/1154) regret=0.100626 ape=0.5521
[17:57:22] warmStart (decay=exponential) 43% (500/1154) regret=0.100626 ape=0.5521
[17:57:22] warmStart (decay=exponential) 43% (501/1154) regret=0.100626 ape=0.5521
[17:57:22] warmStart (decay=exponential) 43% (502/1154) regret=0.100626 ape=0.5521
[17:57:22] warmStart (decay=exponential) 43% (503/1154) regret=0.100626 ape=0.5521
[17:57:23] warmStart (decay=exponential) 43% (504/1154) regret=0.100626 ape=0.5521
[17:57:23] warmStart (decay=exponential) 43% (505/1154) regret=0.100626 ape=0.5521
[17:57:23] warmStart (decay=exponential) 43% (506/1154) regret=0.100626 ape=0.5521
[17:57:23] warmStart (decay=exponential) 43% (507/1154) regret=0.100626 ape=0.5521
[17:57:23] warmStart (decay=exponential) 44% (508/1154) regret=0.100626 ape=0.5521
[17:57:23] warmStart (decay=exponential) 44% (509/1154) regret=0.100626 ape=0.5521
[17:57:24] warmStart (decay=exponential) 44% (510/1154) regret=0.100626 ape=0.5521
[17:57:24] warmStart (decay=exponential) 44% (511/1154) regret=0.100626 ape=0.5521
[17:57:24] warmStart (decay=exponential) 44% (512/1154) regret=0.100626 ape=0.5521
[17:57:24] warmStart (decay=exponential) 44% (513/1154) regret=0.100626 ape=0.5521
[17:57:24] warmStart (decay=exponential) 44% (514/1154) regret=0.100626 ape=0.5521
[17:57:24] warmStart (decay=exponential) 44% (515/1154) regret=0.100626 ape=0.5521
[17:57:25] warmStart (decay=exponential) 44% (516/1154) regret=0.100626 ape=0.5521
[17:57:25] warmStart (decay=exponential) 44% (517/1154) regret=0.100626 ape=0.5521
[17:57:25] warmStart (decay=exponential) 44% (518/1154) regret=0.100626 ape=0.5521
[17:57:25] warmStart (decay=exponential) 44% (519/1154) regret=0.100626 ape=0.5521
[17:57:25] warmStart (decay=exponential) 45% (520/1154) regret=0.100626 ape=0.5521
[17:57:25] warmStart (decay=exponential) 45% (521/1154) regret=0.100626 ape=0.5521
[17:57:26] warmStart (decay=exponential) 45% (522/1154) regret=0.100626 ape=0.5521
[17:57:26] warmStart (decay=exponential) 45% (523/1154) regret=0.100626 ape=0.5521
[17:57:26] warmStart (decay=exponential) 45% (524/1154) regret=0.100626 ape=0.5521
[17:57:26] warmStart (decay=exponential) 45% (525/1154) regret=0.100626 ape=0.5521
[17:57:26] warmStart (decay=exponential) 45% (526/1154) regret=0.100626 ape=0.5521
[17:57:26] warmStart (decay=exponential) 45% (527/1154) regret=0.100626 ape=0.5521
[17:57:26] warmStart (decay=exponential) 45% (528/1154) regret=0.100626 ape=0.5521
[17:57:27] warmStart (decay=exponential) 45% (529/1154) regret=0.100626 ape=0.5521
[17:57:27] warmStart (decay=exponential) 45% (530/1154) regret=0.100626 ape=0.5521
[17:57:27] warmStart (decay=exponential) 46% (531/1154) regret=0.100626 ape=0.5521
[17:57:27] warmStart (decay=exponential) 46% (532/1154) regret=0.100626 ape=0.5521
[17:57:27] warmStart (decay=exponential) 46% (533/1154) regret=0.100626 ape=0.5521
[17:57:27] warmStart (decay=exponential) 46% (534/1154) regret=0.100626 ape=0.5521
[17:57:28] warmStart (decay=exponential) 46% (535/1154) regret=0.100626 ape=0.5521
[17:57:28] warmStart (decay=exponential) 46% (536/1154) regret=0.100626 ape=0.5521
[17:57:28] warmStart (decay=exponential) 46% (537/1154) regret=0.100626 ape=0.5521
[17:57:28] warmStart (decay=exponential) 46% (538/1154) regret=0.100626 ape=0.5521
[17:57:28] warmStart (decay=exponential) 46% (539/1154) regret=0.100626 ape=0.5521
[17:57:28] warmStart (decay=exponential) 46% (540/1154) regret=0.100626 ape=0.5521
[17:57:28] warmStart (decay=exponential) 46% (541/1154) regret=0.100626 ape=0.5521
[17:57:29] warmStart (decay=exponential) 46% (542/1154) regret=0.100626 ape=0.5521
[17:57:29] warmStart (decay=exponential) 47% (543/1154) regret=0.100626 ape=0.5521
[17:57:29] warmStart (decay=exponential) 47% (544/1154) regret=0.100626 ape=0.5521
[17:57:29] warmStart (decay=exponential) 47% (545/1154) regret=0.100626 ape=0.5521
[17:57:29] warmStart (decay=exponential) 47% (546/1154) regret=0.100626 ape=0.5521
[17:57:29] warmStart (decay=exponential) 47% (547/1154) regret=0.100626 ape=0.5521
[17:57:30] warmStart (decay=exponential) 47% (548/1154) regret=0.100626 ape=0.5521
[17:57:30] warmStart (decay=exponential) 47% (549/1154) regret=0.100626 ape=0.5521
[17:57:30] warmStart (decay=exponential) 47% (550/1154) regret=0.100626 ape=0.5521
[17:57:30] warmStart (decay=exponential) 47% (551/1154) regret=0.100626 ape=0.5521
[17:57:30] warmStart (decay=exponential) 47% (552/1154) regret=0.100626 ape=0.5521
[17:57:30] warmStart (decay=exponential) 47% (553/1154) regret=0.100626 ape=0.5521
[17:57:30] warmStart (decay=exponential) 48% (554/1154) regret=0.100626 ape=0.5521
[17:57:31] warmStart (decay=exponential) 48% (555/1154) regret=0.100626 ape=0.5521
[17:57:31] warmStart (decay=exponential) 48% (556/1154) regret=0.100626 ape=0.5521
[17:57:31] warmStart (decay=exponential) 48% (557/1154) regret=0.100626 ape=0.5521
[17:57:31] warmStart (decay=exponential) 48% (558/1154) regret=0.100626 ape=0.5521
[17:57:31] warmStart (decay=exponential) 48% (559/1154) regret=0.100626 ape=0.5521
[17:57:31] warmStart (decay=exponential) 48% (560/1154) regret=0.100626 ape=0.5521
[17:57:32] warmStart (decay=exponential) 48% (561/1154) regret=0.100626 ape=0.5521
[17:57:32] warmStart (decay=exponential) 48% (562/1154) regret=0.100626 ape=0.5521
[17:57:32] warmStart (decay=exponential) 48% (563/1154) regret=0.100626 ape=0.5521
[17:57:32] warmStart (decay=exponential) 48% (564/1154) regret=0.100626 ape=0.5521
[17:57:32] warmStart (decay=exponential) 48% (565/1154) regret=0.100626 ape=0.5521
[17:57:32] warmStart (decay=exponential) 49% (566/1154) regret=0.100626 ape=0.5521
[17:57:32] warmStart (decay=exponential) 49% (567/1154) regret=0.100626 ape=0.5521
[17:57:33] warmStart (decay=exponential) 49% (568/1154) regret=0.100626 ape=0.5521
[17:57:33] warmStart (decay=exponential) 49% (569/1154) regret=0.100626 ape=0.5521
[17:57:33] warmStart (decay=exponential) 49% (570/1154) regret=0.100626 ape=0.5521
[17:57:33] warmStart (decay=exponential) 49% (571/1154) regret=0.100626 ape=0.5521
[17:57:33] warmStart (decay=exponential) 49% (572/1154) regret=0.100626 ape=0.5521
[17:57:33] warmStart (decay=exponential) 49% (573/1154) regret=0.100626 ape=0.5521
[17:57:34] warmStart (decay=exponential) 49% (574/1154) regret=0.100626 ape=0.5521
[17:57:34] warmStart (decay=exponential) 49% (575/1154) regret=0.100626 ape=0.5521
[17:57:34] warmStart (decay=exponential) 49% (576/1154) regret=0.100626 ape=0.5521
[17:57:34] warmStart (decay=exponential) 50% (577/1154) regret=0.100626 ape=0.5521
[17:57:34] warmStart (decay=exponential) 50% (578/1154) regret=0.100626 ape=0.5521
[17:57:34] warmStart (decay=exponential) 50% (579/1154) regret=0.100626 ape=0.5521
[17:57:35] warmStart (decay=exponential) 50% (580/1154) regret=0.100626 ape=0.5521
[17:57:35] warmStart (decay=exponential) 50% (581/1154) regret=0.100626 ape=0.5521
[17:57:35] warmStart (decay=exponential) 50% (582/1154) regret=0.100626 ape=0.5521
[17:57:35] warmStart (decay=exponential) 50% (583/1154) regret=0.100626 ape=0.5521
[17:57:35] warmStart (decay=exponential) 50% (584/1154) regret=0.100626 ape=0.5521
[17:57:35] warmStart (decay=exponential) 50% (585/1154) regret=0.100626 ape=0.5521
[17:57:35] warmStart (decay=exponential) 50% (586/1154) regret=0.100626 ape=0.5521
[17:57:36] warmStart (decay=exponential) 50% (587/1154) regret=0.100626 ape=0.5521
[17:57:36] warmStart (decay=exponential) 50% (588/1154) regret=0.100626 ape=0.5521
[17:57:36] warmStart (decay=exponential) 51% (589/1154) regret=0.100626 ape=0.5521
[17:57:36] warmStart (decay=exponential) 51% (590/1154) regret=0.100626 ape=0.5521
[17:57:36] warmStart (decay=exponential) 51% (591/1154) regret=0.100626 ape=0.5521
[17:57:36] warmStart (decay=exponential) 51% (592/1154) regret=0.100626 ape=0.5521
[17:57:37] warmStart (decay=exponential) 51% (593/1154) regret=0.100626 ape=0.5521
[17:57:37] warmStart (decay=exponential) 51% (594/1154) regret=0.100626 ape=0.5521
[17:57:37] warmStart (decay=exponential) 51% (595/1154) regret=0.100626 ape=0.5521
[17:57:37] warmStart (decay=exponential) 51% (596/1154) regret=0.100626 ape=0.5521
[17:57:37] warmStart (decay=exponential) 51% (597/1154) regret=0.100626 ape=0.5521
[17:57:37] warmStart (decay=exponential) 51% (598/1154) regret=0.100626 ape=0.5521
[17:57:38] warmStart (decay=exponential) 51% (599/1154) regret=0.100626 ape=0.5521
[17:57:38] warmStart (decay=exponential) 51% (600/1154) regret=0.100626 ape=0.5521
[17:57:38] warmStart (decay=exponential) 52% (601/1154) regret=0.100626 ape=0.5521
[17:57:38] warmStart (decay=exponential) 52% (602/1154) regret=0.100626 ape=0.5521
[17:57:38] warmStart (decay=exponential) 52% (603/1154) regret=0.100626 ape=0.5521
[17:57:38] warmStart (decay=exponential) 52% (604/1154) regret=0.100626 ape=0.5521
[17:57:38] warmStart (decay=exponential) 52% (605/1154) regret=0.100626 ape=0.5521
[17:57:39] warmStart (decay=exponential) 52% (606/1154) regret=0.100626 ape=0.5521
[17:57:39] warmStart (decay=exponential) 52% (607/1154) regret=0.100626 ape=0.5521
[17:57:39] warmStart (decay=exponential) 52% (608/1154) regret=0.100626 ape=0.5521
[17:57:39] warmStart (decay=exponential) 52% (609/1154) regret=0.100626 ape=0.5521
[17:57:39] warmStart (decay=exponential) 52% (610/1154) regret=0.100626 ape=0.5521
[17:57:39] warmStart (decay=exponential) 52% (611/1154) regret=0.100626 ape=0.5521
[17:57:40] warmStart (decay=exponential) 53% (612/1154) regret=0.100626 ape=0.5521
[17:57:40] warmStart (decay=exponential) 53% (613/1154) regret=0.100626 ape=0.5521
[17:57:40] warmStart (decay=exponential) 53% (614/1154) regret=0.100626 ape=0.5521
[17:57:40] warmStart (decay=exponential) 53% (615/1154) regret=0.100626 ape=0.5521
[17:57:40] warmStart (decay=exponential) 53% (616/1154) regret=0.100626 ape=0.5521
[17:57:40] warmStart (decay=exponential) 53% (617/1154) regret=0.100626 ape=0.5521
[17:57:40] warmStart (decay=exponential) 53% (618/1154) regret=0.100626 ape=0.5521
[17:57:41] warmStart (decay=exponential) 53% (619/1154) regret=0.100626 ape=0.5521
[17:57:41] warmStart (decay=exponential) 53% (620/1154) regret=0.100626 ape=0.5521
[17:57:41] warmStart (decay=exponential) 53% (621/1154) regret=0.100626 ape=0.5521
[17:57:41] warmStart (decay=exponential) 53% (622/1154) regret=0.100626 ape=0.5521
[17:57:41] warmStart (decay=exponential) 53% (623/1154) regret=0.100626 ape=0.5521
[17:57:41] warmStart (decay=exponential) 54% (624/1154) regret=0.100626 ape=0.5521
[17:57:42] warmStart (decay=exponential) 54% (625/1154) regret=0.100626 ape=0.5521
[17:57:42] warmStart (decay=exponential) 54% (626/1154) regret=0.100626 ape=0.5521
[17:57:42] warmStart (decay=exponential) 54% (627/1154) regret=0.100626 ape=0.5521
[17:57:42] warmStart (decay=exponential) 54% (628/1154) regret=0.100626 ape=0.5521
[17:57:42] warmStart (decay=exponential) 54% (629/1154) regret=0.100626 ape=0.5521
[17:57:42] warmStart (decay=exponential) 54% (630/1154) regret=0.100626 ape=0.5521
[17:57:43] warmStart (decay=exponential) 54% (631/1154) regret=0.100626 ape=0.5521
[17:57:43] warmStart (decay=exponential) 54% (632/1154) regret=0.100626 ape=0.5521
[17:57:43] warmStart (decay=exponential) 54% (633/1154) regret=0.100626 ape=0.5521
[17:57:43] warmStart (decay=exponential) 54% (634/1154) regret=0.100626 ape=0.5521
[17:57:43] warmStart (decay=exponential) 55% (635/1154) regret=0.100626 ape=0.5521
[17:57:43] warmStart (decay=exponential) 55% (636/1154) regret=0.100626 ape=0.5521
[17:57:44] warmStart (decay=exponential) 55% (637/1154) regret=0.100626 ape=0.5521
[17:57:44] warmStart (decay=exponential) 55% (638/1154) regret=0.100626 ape=0.5521
[17:57:44] warmStart (decay=exponential) 55% (639/1154) regret=0.100626 ape=0.5521
[17:57:44] warmStart (decay=exponential) 55% (640/1154) regret=0.100626 ape=0.5521
[17:57:44] warmStart (decay=exponential) 55% (641/1154) regret=0.100626 ape=0.5521
[17:57:44] warmStart (decay=exponential) 55% (642/1154) regret=0.100626 ape=0.5521
[17:57:45] warmStart (decay=exponential) 55% (643/1154) regret=0.100626 ape=0.5521
[17:57:45] warmStart (decay=exponential) 55% (644/1154) regret=0.100626 ape=0.5521
[17:57:45] warmStart (decay=exponential) 55% (645/1154) regret=0.100626 ape=0.5521
[17:57:45] warmStart (decay=exponential) 55% (646/1154) regret=0.100626 ape=0.5521
[17:57:45] warmStart (decay=exponential) 56% (647/1154) regret=0.100626 ape=0.5521
[17:57:45] warmStart (decay=exponential) 56% (648/1154) regret=0.100626 ape=0.5521
[17:57:46] warmStart (decay=exponential) 56% (649/1154) regret=0.100626 ape=0.5521
[17:57:46] warmStart (decay=exponential) 56% (650/1154) regret=0.100626 ape=0.5521
[17:57:46] warmStart (decay=exponential) 56% (651/1154) regret=0.100626 ape=0.5521
[17:57:46] warmStart (decay=exponential) 56% (652/1154) regret=0.100626 ape=0.5521
[17:57:46] warmStart (decay=exponential) 56% (653/1154) regret=0.100626 ape=0.5521
[17:57:46] warmStart (decay=exponential) 56% (654/1154) regret=0.100626 ape=0.5521
[17:57:47] warmStart (decay=exponential) 56% (655/1154) regret=0.100626 ape=0.5521
[17:57:47] warmStart (decay=exponential) 56% (656/1154) regret=0.100626 ape=0.5521
[17:57:47] warmStart (decay=exponential) 56% (657/1154) regret=0.100626 ape=0.5521
[17:57:47] warmStart (decay=exponential) 57% (658/1154) regret=0.100626 ape=0.5521
[17:57:47] warmStart (decay=exponential) 57% (659/1154) regret=0.100626 ape=0.5521
[17:57:47] warmStart (decay=exponential) 57% (660/1154) regret=0.100626 ape=0.5521
[17:57:48] warmStart (decay=exponential) 57% (661/1154) regret=0.100626 ape=0.5521
[17:57:48] warmStart (decay=exponential) 57% (662/1154) regret=0.100626 ape=0.5521
[17:57:48] warmStart (decay=exponential) 57% (663/1154) regret=0.100626 ape=0.5521
[17:57:48] warmStart (decay=exponential) 57% (664/1154) regret=0.100626 ape=0.5521
[17:57:48] warmStart (decay=exponential) 57% (665/1154) regret=0.100626 ape=0.5521
[17:57:48] warmStart (decay=exponential) 57% (666/1154) regret=0.100626 ape=0.5521
[17:57:49] warmStart (decay=exponential) 57% (667/1154) regret=0.100626 ape=0.5521
[17:57:49] warmStart (decay=exponential) 57% (668/1154) regret=0.100626 ape=0.5521
[17:57:49] warmStart (decay=exponential) 57% (669/1154) regret=0.100626 ape=0.5521
[17:57:49] warmStart (decay=exponential) 58% (670/1154) regret=0.100626 ape=0.5521
[17:57:49] warmStart (decay=exponential) 58% (671/1154) regret=0.100626 ape=0.5521
[17:57:49] warmStart (decay=exponential) 58% (672/1154) regret=0.100626 ape=0.5521
[17:57:49] warmStart (decay=exponential) 58% (673/1154) regret=0.100626 ape=0.5521
[17:57:50] warmStart (decay=exponential) 58% (674/1154) regret=0.100626 ape=0.5521
[17:57:50] warmStart (decay=exponential) 58% (675/1154) regret=0.100626 ape=0.5521
[17:57:50] warmStart (decay=exponential) 58% (676/1154) regret=0.100626 ape=0.5521
[17:57:50] warmStart (decay=exponential) 58% (677/1154) regret=0.100626 ape=0.5521
[17:57:50] warmStart (decay=exponential) 58% (678/1154) regret=0.100626 ape=0.5521
[17:57:50] warmStart (decay=exponential) 58% (679/1154) regret=0.100626 ape=0.5521
[17:57:51] warmStart (decay=exponential) 58% (680/1154) regret=0.100626 ape=0.5521
[17:57:51] warmStart (decay=exponential) 59% (681/1154) regret=0.100626 ape=0.5521
[17:57:51] warmStart (decay=exponential) 59% (682/1154) regret=0.100626 ape=0.5521
[17:57:51] warmStart (decay=exponential) 59% (683/1154) regret=0.100626 ape=0.5521
[17:57:51] warmStart (decay=exponential) 59% (684/1154) regret=0.100626 ape=0.5521
[17:57:51] warmStart (decay=exponential) 59% (685/1154) regret=0.100626 ape=0.5521
[17:57:52] warmStart (decay=exponential) 59% (686/1154) regret=0.100626 ape=0.5521
[17:57:52] warmStart (decay=exponential) 59% (687/1154) regret=0.100626 ape=0.5521
[17:57:52] warmStart (decay=exponential) 59% (688/1154) regret=0.100626 ape=0.5521
[17:57:52] warmStart (decay=exponential) 59% (689/1154) regret=0.100626 ape=0.5521
[17:57:52] warmStart (decay=exponential) 59% (690/1154) regret=0.100626 ape=0.5521
[17:57:52] warmStart (decay=exponential) 59% (691/1154) regret=0.100626 ape=0.5521
[17:57:53] warmStart (decay=exponential) 59% (692/1154) regret=0.100626 ape=0.5521
[17:57:53] warmStart (decay=exponential) 60% (693/1154) regret=0.100626 ape=0.5521
[17:57:53] warmStart (decay=exponential) 60% (694/1154) regret=0.100626 ape=0.5521
[17:57:53] warmStart (decay=exponential) 60% (695/1154) regret=0.100626 ape=0.5521
[17:57:53] warmStart (decay=exponential) 60% (696/1154) regret=0.100626 ape=0.5521
[17:57:53] warmStart (decay=exponential) 60% (697/1154) regret=0.100626 ape=0.5521
[17:57:54] warmStart (decay=exponential) 60% (698/1154) regret=0.100626 ape=0.5521
[17:57:54] warmStart (decay=exponential) 60% (699/1154) regret=0.100626 ape=0.5521
[17:57:54] warmStart (decay=exponential) 60% (700/1154) regret=0.100626 ape=0.5521
[17:57:54] warmStart (decay=exponential) 60% (701/1154) regret=0.100626 ape=0.5521
[17:57:54] warmStart (decay=exponential) 60% (702/1154) regret=0.100626 ape=0.5521
[17:57:54] warmStart (decay=exponential) 60% (703/1154) regret=0.100626 ape=0.5521
[17:57:55] warmStart (decay=exponential) 61% (704/1154) regret=0.100626 ape=0.5521
[17:57:55] warmStart (decay=exponential) 61% (705/1154) regret=0.100626 ape=0.5521
[17:57:55] warmStart (decay=exponential) 61% (706/1154) regret=0.100626 ape=0.5521
[17:57:55] warmStart (decay=exponential) 61% (707/1154) regret=0.100626 ape=0.5521
[17:57:55] warmStart (decay=exponential) 61% (708/1154) regret=0.100626 ape=0.5521
[17:57:55] warmStart (decay=exponential) 61% (709/1154) regret=0.100626 ape=0.5521
[17:57:56] warmStart (decay=exponential) 61% (710/1154) regret=0.100626 ape=0.5521
[17:57:56] warmStart (decay=exponential) 61% (711/1154) regret=0.100626 ape=0.5521
[17:57:56] warmStart (decay=exponential) 61% (712/1154) regret=0.100626 ape=0.5521
[17:57:56] warmStart (decay=exponential) 61% (713/1154) regret=0.100626 ape=0.5521
[17:57:56] warmStart (decay=exponential) 61% (714/1154) regret=0.100626 ape=0.5521
[17:57:56] warmStart (decay=exponential) 61% (715/1154) regret=0.100626 ape=0.5521
[17:57:57] warmStart (decay=exponential) 62% (716/1154) regret=0.100626 ape=0.5521
[17:57:57] warmStart (decay=exponential) 62% (717/1154) regret=0.100626 ape=0.5521
[17:57:57] warmStart (decay=exponential) 62% (718/1154) regret=0.100626 ape=0.5521
[17:57:57] warmStart (decay=exponential) 62% (719/1154) regret=0.100626 ape=0.5521
[17:57:57] warmStart (decay=exponential) 62% (720/1154) regret=0.100626 ape=0.5521
[17:57:57] warmStart (decay=exponential) 62% (721/1154) regret=0.100626 ape=0.5521
[17:57:58] warmStart (decay=exponential) 62% (722/1154) regret=0.100626 ape=0.5521
[17:57:58] warmStart (decay=exponential) 62% (723/1154) regret=0.100626 ape=0.5521
[17:57:58] warmStart (decay=exponential) 62% (724/1154) regret=0.100626 ape=0.5521
[17:57:58] warmStart (decay=exponential) 62% (725/1154) regret=0.100626 ape=0.5521
[17:57:58] warmStart (decay=exponential) 62% (726/1154) regret=0.100626 ape=0.5521
[17:57:58] warmStart (decay=exponential) 62% (727/1154) regret=0.100626 ape=0.5521
[17:57:59] warmStart (decay=exponential) 63% (728/1154) regret=0.100626 ape=0.5521
[17:57:59] warmStart (decay=exponential) 63% (729/1154) regret=0.100626 ape=0.5521
[17:57:59] warmStart (decay=exponential) 63% (730/1154) regret=0.100626 ape=0.5521
[17:57:59] warmStart (decay=exponential) 63% (731/1154) regret=0.100626 ape=0.5521
[17:57:59] warmStart (decay=exponential) 63% (732/1154) regret=0.100626 ape=0.5521
[17:57:59] warmStart (decay=exponential) 63% (733/1154) regret=0.100626 ape=0.5521
[17:58:00] warmStart (decay=exponential) 63% (734/1154) regret=0.100626 ape=0.5521
[17:58:00] warmStart (decay=exponential) 63% (735/1154) regret=0.100626 ape=0.5521
[17:58:00] warmStart (decay=exponential) 63% (736/1154) regret=0.100626 ape=0.5521
[17:58:00] warmStart (decay=exponential) 63% (737/1154) regret=0.100626 ape=0.5521
[17:58:00] warmStart (decay=exponential) 63% (738/1154) regret=0.100626 ape=0.5521
[17:58:00] warmStart (decay=exponential) 64% (739/1154) regret=0.100626 ape=0.5521
[17:58:01] warmStart (decay=exponential) 64% (740/1154) regret=0.100626 ape=0.5521
[17:58:01] warmStart (decay=exponential) 64% (741/1154) regret=0.100626 ape=0.5521
[17:58:01] warmStart (decay=exponential) 64% (742/1154) regret=0.100626 ape=0.5521
[17:58:01] warmStart (decay=exponential) 64% (743/1154) regret=0.100626 ape=0.5521
[17:58:01] warmStart (decay=exponential) 64% (744/1154) regret=0.100626 ape=0.5521
[17:58:01] warmStart (decay=exponential) 64% (745/1154) regret=0.100626 ape=0.5521
[17:58:02] warmStart (decay=exponential) 64% (746/1154) regret=0.100626 ape=0.5521
[17:58:02] warmStart (decay=exponential) 64% (747/1154) regret=0.100626 ape=0.5521
[17:58:02] warmStart (decay=exponential) 64% (748/1154) regret=0.100626 ape=0.5521
[17:58:02] warmStart (decay=exponential) 64% (749/1154) regret=0.100626 ape=0.5521
[17:58:02] warmStart (decay=exponential) 64% (750/1154) regret=0.100626 ape=0.5521
[17:58:02] warmStart (decay=exponential) 65% (751/1154) regret=0.100626 ape=0.5521
[17:58:03] warmStart (decay=exponential) 65% (752/1154) regret=0.100626 ape=0.5521
[17:58:03] warmStart (decay=exponential) 65% (753/1154) regret=0.100626 ape=0.5521
[17:58:03] warmStart (decay=exponential) 65% (754/1154) regret=0.100626 ape=0.5521
[17:58:03] warmStart (decay=exponential) 65% (755/1154) regret=0.100626 ape=0.5521
[17:58:03] warmStart (decay=exponential) 65% (756/1154) regret=0.100626 ape=0.5521
[17:58:03] warmStart (decay=exponential) 65% (757/1154) regret=0.100626 ape=0.5521
[17:58:04] warmStart (decay=exponential) 65% (758/1154) regret=0.100626 ape=0.5521
[17:58:04] warmStart (decay=exponential) 65% (759/1154) regret=0.100626 ape=0.5521
[17:58:04] warmStart (decay=exponential) 65% (760/1154) regret=0.100626 ape=0.5521
[17:58:04] warmStart (decay=exponential) 65% (761/1154) regret=0.100626 ape=0.5521
[17:58:04] warmStart (decay=exponential) 66% (762/1154) regret=0.100626 ape=0.5521
[17:58:04] warmStart (decay=exponential) 66% (763/1154) regret=0.100626 ape=0.5521
[17:58:05] warmStart (decay=exponential) 66% (764/1154) regret=0.100626 ape=0.5521
[17:58:05] warmStart (decay=exponential) 66% (765/1154) regret=0.100626 ape=0.5521
[17:58:05] warmStart (decay=exponential) 66% (766/1154) regret=0.100626 ape=0.5521
[17:58:05] warmStart (decay=exponential) 66% (767/1154) regret=0.100626 ape=0.5521
[17:58:05] warmStart (decay=exponential) 66% (768/1154) regret=0.100626 ape=0.5521
[17:58:06] warmStart (decay=exponential) 66% (769/1154) regret=0.100626 ape=0.5521
[17:58:06] warmStart (decay=exponential) 66% (770/1154) regret=0.100626 ape=0.5521
[17:58:06] warmStart (decay=exponential) 66% (771/1154) regret=0.100626 ape=0.5521
[17:58:06] warmStart (decay=exponential) 66% (772/1154) regret=0.100626 ape=0.5521
[17:58:06] warmStart (decay=exponential) 66% (773/1154) regret=0.100626 ape=0.5521
[17:58:07] warmStart (decay=exponential) 67% (774/1154) regret=0.100626 ape=0.5521
[17:58:07] warmStart (decay=exponential) 67% (775/1154) regret=0.100626 ape=0.5521
[17:58:07] warmStart (decay=exponential) 67% (776/1154) regret=0.100626 ape=0.5521
[17:58:07] warmStart (decay=exponential) 67% (777/1154) regret=0.100626 ape=0.5521
[17:58:07] warmStart (decay=exponential) 67% (778/1154) regret=0.100626 ape=0.5521
[17:58:07] warmStart (decay=exponential) 67% (779/1154) regret=0.100626 ape=0.5521
[17:58:08] warmStart (decay=exponential) 67% (780/1154) regret=0.100626 ape=0.5521
[17:58:08] warmStart (decay=exponential) 67% (781/1154) regret=0.100626 ape=0.5521
[17:58:08] warmStart (decay=exponential) 67% (782/1154) regret=0.100626 ape=0.5521
[17:58:08] warmStart (decay=exponential) 67% (783/1154) regret=0.100626 ape=0.5521
[17:58:08] warmStart (decay=exponential) 67% (784/1154) regret=0.100626 ape=0.5521
[17:58:09] warmStart (decay=exponential) 68% (785/1154) regret=0.100626 ape=0.5521
[17:58:09] warmStart (decay=exponential) 68% (786/1154) regret=0.100626 ape=0.5521
[17:58:09] warmStart (decay=exponential) 68% (787/1154) regret=0.100626 ape=0.5521
[17:58:09] warmStart (decay=exponential) 68% (788/1154) regret=0.100626 ape=0.5521
[17:58:09] warmStart (decay=exponential) 68% (789/1154) regret=0.100626 ape=0.5521
[17:58:09] warmStart (decay=exponential) 68% (790/1154) regret=0.100626 ape=0.5521
[17:58:10] warmStart (decay=exponential) 68% (791/1154) regret=0.100626 ape=0.5521
[17:58:10] warmStart (decay=exponential) 68% (792/1154) regret=0.100626 ape=0.5521
[17:58:10] warmStart (decay=exponential) 68% (793/1154) regret=0.100626 ape=0.5521
[17:58:10] warmStart (decay=exponential) 68% (794/1154) regret=0.100626 ape=0.5521
[17:58:10] warmStart (decay=exponential) 68% (795/1154) regret=0.100626 ape=0.5521
[17:58:11] warmStart (decay=exponential) 68% (796/1154) regret=0.100626 ape=0.5521
[17:58:11] warmStart (decay=exponential) 69% (797/1154) regret=0.100626 ape=0.5521
[17:58:11] warmStart (decay=exponential) 69% (798/1154) regret=0.100626 ape=0.5521
[17:58:11] warmStart (decay=exponential) 69% (799/1154) regret=0.100626 ape=0.5521
[17:58:11] warmStart (decay=exponential) 69% (800/1154) regret=0.100626 ape=0.5521
[17:58:11] warmStart (decay=exponential) 69% (801/1154) regret=0.100626 ape=0.5521
[17:58:12] warmStart (decay=exponential) 69% (802/1154) regret=0.100626 ape=0.5521
[17:58:12] warmStart (decay=exponential) 69% (803/1154) regret=0.100626 ape=0.5521
[17:58:12] warmStart (decay=exponential) 69% (804/1154) regret=0.100626 ape=0.5521
[17:58:12] warmStart (decay=exponential) 69% (805/1154) regret=0.100626 ape=0.5521
[17:58:12] warmStart (decay=exponential) 69% (806/1154) regret=0.100626 ape=0.5521
[17:58:13] warmStart (decay=exponential) 69% (807/1154) regret=0.100626 ape=0.5521
[17:58:13] warmStart (decay=exponential) 70% (808/1154) regret=0.100626 ape=0.5521
[17:58:13] warmStart (decay=exponential) 70% (809/1154) regret=0.100626 ape=0.5521
[17:58:13] warmStart (decay=exponential) 70% (810/1154) regret=0.100626 ape=0.5521
[17:58:13] warmStart (decay=exponential) 70% (811/1154) regret=0.100626 ape=0.5521
[17:58:13] warmStart (decay=exponential) 70% (812/1154) regret=0.100626 ape=0.5521
[17:58:14] warmStart (decay=exponential) 70% (813/1154) regret=0.100626 ape=0.5521
[17:58:14] warmStart (decay=exponential) 70% (814/1154) regret=0.100626 ape=0.5521
[17:58:14] warmStart (decay=exponential) 70% (815/1154) regret=0.100626 ape=0.5521
[17:58:14] warmStart (decay=exponential) 70% (816/1154) regret=0.100626 ape=0.5521
[17:58:14] warmStart (decay=exponential) 70% (817/1154) regret=0.100626 ape=0.5521
[17:58:15] warmStart (decay=exponential) 70% (818/1154) regret=0.100626 ape=0.5521
[17:58:15] warmStart (decay=exponential) 70% (819/1154) regret=0.100626 ape=0.5521
[17:58:15] warmStart (decay=exponential) 71% (820/1154) regret=0.100626 ape=0.5521
[17:58:15] warmStart (decay=exponential) 71% (821/1154) regret=0.100626 ape=0.5521
[17:58:15] warmStart (decay=exponential) 71% (822/1154) regret=0.100626 ape=0.5521
[17:58:16] warmStart (decay=exponential) 71% (823/1154) regret=0.100626 ape=0.5521
[17:58:16] warmStart (decay=exponential) 71% (824/1154) regret=0.100626 ape=0.5521
[17:58:16] warmStart (decay=exponential) 71% (825/1154) regret=0.100626 ape=0.5521
[17:58:16] warmStart (decay=exponential) 71% (826/1154) regret=0.100626 ape=0.5521
[17:58:16] warmStart (decay=exponential) 71% (827/1154) regret=0.100626 ape=0.5521
[17:58:16] warmStart (decay=exponential) 71% (828/1154) regret=0.100626 ape=0.5521
[17:58:17] warmStart (decay=exponential) 71% (829/1154) regret=0.100626 ape=0.5521
[17:58:17] warmStart (decay=exponential) 71% (830/1154) regret=0.100626 ape=0.5521
[17:58:17] warmStart (decay=exponential) 72% (831/1154) regret=0.100626 ape=0.5521
[17:58:17] warmStart (decay=exponential) 72% (832/1154) regret=0.100626 ape=0.5521
[17:58:17] warmStart (decay=exponential) 72% (833/1154) regret=0.100626 ape=0.5521
[17:58:18] warmStart (decay=exponential) 72% (834/1154) regret=0.100626 ape=0.5521
[17:58:18] warmStart (decay=exponential) 72% (835/1154) regret=0.100626 ape=0.5521
[17:58:18] warmStart (decay=exponential) 72% (836/1154) regret=0.100626 ape=0.5521
[17:58:18] warmStart (decay=exponential) 72% (837/1154) regret=0.100626 ape=0.5521
[17:58:18] warmStart (decay=exponential) 72% (838/1154) regret=0.100626 ape=0.5521
[17:58:18] warmStart (decay=exponential) 72% (839/1154) regret=0.100626 ape=0.5521
[17:58:19] warmStart (decay=exponential) 72% (840/1154) regret=0.100626 ape=0.5521
[17:58:19] warmStart (decay=exponential) 72% (841/1154) regret=0.100626 ape=0.5521
[17:58:19] warmStart (decay=exponential) 72% (842/1154) regret=0.100626 ape=0.5521
[17:58:19] warmStart (decay=exponential) 73% (843/1154) regret=0.100626 ape=0.5521
[17:58:19] warmStart (decay=exponential) 73% (844/1154) regret=0.100626 ape=0.5521
[17:58:20] warmStart (decay=exponential) 73% (845/1154) regret=0.100626 ape=0.5521
[17:58:20] warmStart (decay=exponential) 73% (846/1154) regret=0.100626 ape=0.5521
[17:58:20] warmStart (decay=exponential) 73% (847/1154) regret=0.100626 ape=0.5521
[17:58:20] warmStart (decay=exponential) 73% (848/1154) regret=0.100626 ape=0.5521
[17:58:20] warmStart (decay=exponential) 73% (849/1154) regret=0.100626 ape=0.5521
[17:58:21] warmStart (decay=exponential) 73% (850/1154) regret=0.100626 ape=0.5521
[17:58:21] warmStart (decay=exponential) 73% (851/1154) regret=0.100626 ape=0.5521
[17:58:21] warmStart (decay=exponential) 73% (852/1154) regret=0.100626 ape=0.5521
[17:58:21] warmStart (decay=exponential) 73% (853/1154) regret=0.100626 ape=0.5521
[17:58:21] warmStart (decay=exponential) 74% (854/1154) regret=0.100626 ape=0.5521
[17:58:21] warmStart (decay=exponential) 74% (855/1154) regret=0.100626 ape=0.5521
[17:58:22] warmStart (decay=exponential) 74% (856/1154) regret=0.100626 ape=0.5521
[17:58:22] warmStart (decay=exponential) 74% (857/1154) regret=0.100626 ape=0.5521
[17:58:22] warmStart (decay=exponential) 74% (858/1154) regret=0.100626 ape=0.5521
[17:58:22] warmStart (decay=exponential) 74% (859/1154) regret=0.100626 ape=0.5521
[17:58:22] warmStart (decay=exponential) 74% (860/1154) regret=0.100626 ape=0.5521
[17:58:23] warmStart (decay=exponential) 74% (861/1154) regret=0.100626 ape=0.5521
[17:58:23] warmStart (decay=exponential) 74% (862/1154) regret=0.100626 ape=0.5521
[17:58:23] warmStart (decay=exponential) 74% (863/1154) regret=0.100626 ape=0.5521
[17:58:23] warmStart (decay=exponential) 74% (864/1154) regret=0.100626 ape=0.5521
[17:58:23] warmStart (decay=exponential) 74% (865/1154) regret=0.100626 ape=0.5521
[17:58:24] warmStart (decay=exponential) 75% (866/1154) regret=0.100626 ape=0.5521
[17:58:24] warmStart (decay=exponential) 75% (867/1154) regret=0.100626 ape=0.5521
[17:58:24] warmStart (decay=exponential) 75% (868/1154) regret=0.100626 ape=0.5521
[17:58:24] warmStart (decay=exponential) 75% (869/1154) regret=0.100626 ape=0.5521
[17:58:24] warmStart (decay=exponential) 75% (870/1154) regret=0.100626 ape=0.5521
[17:58:24] warmStart (decay=exponential) 75% (871/1154) regret=0.100626 ape=0.5521
[17:58:25] warmStart (decay=exponential) 75% (872/1154) regret=0.100626 ape=0.5521
[17:58:25] warmStart (decay=exponential) 75% (873/1154) regret=0.100626 ape=0.5521
[17:58:25] warmStart (decay=exponential) 75% (874/1154) regret=0.100626 ape=0.5521
[17:58:25] warmStart (decay=exponential) 75% (875/1154) regret=0.100626 ape=0.5521
[17:58:25] warmStart (decay=exponential) 75% (876/1154) regret=0.100626 ape=0.5521
[17:58:26] warmStart (decay=exponential) 75% (877/1154) regret=0.100626 ape=0.5521
[17:58:26] warmStart (decay=exponential) 76% (878/1154) regret=0.100626 ape=0.5521
[17:58:26] warmStart (decay=exponential) 76% (879/1154) regret=0.100626 ape=0.5521
[17:58:26] warmStart (decay=exponential) 76% (880/1154) regret=0.100626 ape=0.5521
[17:58:26] warmStart (decay=exponential) 76% (881/1154) regret=0.100626 ape=0.5521
[17:58:27] warmStart (decay=exponential) 76% (882/1154) regret=0.100626 ape=0.5521
[17:58:27] warmStart (decay=exponential) 76% (883/1154) regret=0.100626 ape=0.5521
[17:58:27] warmStart (decay=exponential) 76% (884/1154) regret=0.100626 ape=0.5521
[17:58:27] warmStart (decay=exponential) 76% (885/1154) regret=0.100626 ape=0.5521
[17:58:27] warmStart (decay=exponential) 76% (886/1154) regret=0.100626 ape=0.5521
[17:58:27] warmStart (decay=exponential) 76% (887/1154) regret=0.100626 ape=0.5521
[17:58:28] warmStart (decay=exponential) 76% (888/1154) regret=0.100626 ape=0.5521
[17:58:28] warmStart (decay=exponential) 77% (889/1154) regret=0.100626 ape=0.5521
[17:58:28] warmStart (decay=exponential) 77% (890/1154) regret=0.100626 ape=0.5521
[17:58:28] warmStart (decay=exponential) 77% (891/1154) regret=0.100626 ape=0.5521
[17:58:28] warmStart (decay=exponential) 77% (892/1154) regret=0.100626 ape=0.5521
[17:58:29] warmStart (decay=exponential) 77% (893/1154) regret=0.100626 ape=0.5521
[17:58:29] warmStart (decay=exponential) 77% (894/1154) regret=0.100626 ape=0.5521
[17:58:29] warmStart (decay=exponential) 77% (895/1154) regret=0.100626 ape=0.5521
[17:58:29] warmStart (decay=exponential) 77% (896/1154) regret=0.100626 ape=0.5521
[17:58:29] warmStart (decay=exponential) 77% (897/1154) regret=0.100626 ape=0.5521
[17:58:30] warmStart (decay=exponential) 77% (898/1154) regret=0.100626 ape=0.5521
[17:58:30] warmStart (decay=exponential) 77% (899/1154) regret=0.100626 ape=0.5521
[17:58:30] warmStart (decay=exponential) 77% (900/1154) regret=0.100626 ape=0.5521
[17:58:30] warmStart (decay=exponential) 78% (901/1154) regret=0.100626 ape=0.5521
[17:58:30] warmStart (decay=exponential) 78% (902/1154) regret=0.100626 ape=0.5521
[17:58:31] warmStart (decay=exponential) 78% (903/1154) regret=0.100626 ape=0.5521
[17:58:31] warmStart (decay=exponential) 78% (904/1154) regret=0.100626 ape=0.5521
[17:58:31] warmStart (decay=exponential) 78% (905/1154) regret=0.100626 ape=0.5521
[17:58:31] warmStart (decay=exponential) 78% (906/1154) regret=0.100626 ape=0.5521
[17:58:31] warmStart (decay=exponential) 78% (907/1154) regret=0.100626 ape=0.5521
[17:58:32] warmStart (decay=exponential) 78% (908/1154) regret=0.100626 ape=0.5521
[17:58:32] warmStart (decay=exponential) 78% (909/1154) regret=0.100626 ape=0.5521
[17:58:32] warmStart (decay=exponential) 78% (910/1154) regret=0.100626 ape=0.5521
[17:58:32] warmStart (decay=exponential) 78% (911/1154) regret=0.100626 ape=0.5521
[17:58:32] warmStart (decay=exponential) 79% (912/1154) regret=0.100626 ape=0.5521
[17:58:32] warmStart (decay=exponential) 79% (913/1154) regret=0.100626 ape=0.5521
[17:58:33] warmStart (decay=exponential) 79% (914/1154) regret=0.100626 ape=0.5521
[17:58:33] warmStart (decay=exponential) 79% (915/1154) regret=0.100626 ape=0.5521
[17:58:33] warmStart (decay=exponential) 79% (916/1154) regret=0.100626 ape=0.5521
[17:58:33] warmStart (decay=exponential) 79% (917/1154) regret=0.100626 ape=0.5521
[17:58:33] warmStart (decay=exponential) 79% (918/1154) regret=0.100626 ape=0.5521
[17:58:34] warmStart (decay=exponential) 79% (919/1154) regret=0.100626 ape=0.5521
[17:58:34] warmStart (decay=exponential) 79% (920/1154) regret=0.100626 ape=0.5521
[17:58:34] warmStart (decay=exponential) 79% (921/1154) regret=0.100626 ape=0.5521
[17:58:34] warmStart (decay=exponential) 79% (922/1154) regret=0.100626 ape=0.5521
[17:58:34] warmStart (decay=exponential) 79% (923/1154) regret=0.100626 ape=0.5521
[17:58:34] warmStart (decay=exponential) 80% (924/1154) regret=0.100626 ape=0.5521
[17:58:35] warmStart (decay=exponential) 80% (925/1154) regret=0.100626 ape=0.5521
[17:58:35] warmStart (decay=exponential) 80% (926/1154) regret=0.100626 ape=0.5521
[17:58:35] warmStart (decay=exponential) 80% (927/1154) regret=0.100626 ape=0.5521
[17:58:35] warmStart (decay=exponential) 80% (928/1154) regret=0.100626 ape=0.5521
[17:58:35] warmStart (decay=exponential) 80% (929/1154) regret=0.100626 ape=0.5521
[17:58:36] warmStart (decay=exponential) 80% (930/1154) regret=0.100626 ape=0.5521
[17:58:36] warmStart (decay=exponential) 80% (931/1154) regret=0.100626 ape=0.5521
[17:58:36] warmStart (decay=exponential) 80% (932/1154) regret=0.100626 ape=0.5521
[17:58:36] warmStart (decay=exponential) 80% (933/1154) regret=0.100626 ape=0.5521
[17:58:36] warmStart (decay=exponential) 80% (934/1154) regret=0.100626 ape=0.5521
[17:58:37] warmStart (decay=exponential) 81% (935/1154) regret=0.100626 ape=0.5521
[17:58:37] warmStart (decay=exponential) 81% (936/1154) regret=0.100626 ape=0.5521
[17:58:37] warmStart (decay=exponential) 81% (937/1154) regret=0.100626 ape=0.5521
[17:58:37] warmStart (decay=exponential) 81% (938/1154) regret=0.100626 ape=0.5521
[17:58:37] warmStart (decay=exponential) 81% (939/1154) regret=0.100626 ape=0.5521
[17:58:38] warmStart (decay=exponential) 81% (940/1154) regret=0.100626 ape=0.5521
[17:58:38] warmStart (decay=exponential) 81% (941/1154) regret=0.100626 ape=0.5521
[17:58:38] warmStart (decay=exponential) 81% (942/1154) regret=0.100626 ape=0.5521
[17:58:38] warmStart (decay=exponential) 81% (943/1154) regret=0.100626 ape=0.5521
[17:58:38] warmStart (decay=exponential) 81% (944/1154) regret=0.100626 ape=0.5521
[17:58:38] warmStart (decay=exponential) 81% (945/1154) regret=0.100626 ape=0.5521
[17:58:39] warmStart (decay=exponential) 81% (946/1154) regret=0.100626 ape=0.5521
[17:58:39] warmStart (decay=exponential) 82% (947/1154) regret=0.100626 ape=0.5521
[17:58:39] warmStart (decay=exponential) 82% (948/1154) regret=0.100626 ape=0.5521
[17:58:39] warmStart (decay=exponential) 82% (949/1154) regret=0.100626 ape=0.5521
[17:58:39] warmStart (decay=exponential) 82% (950/1154) regret=0.100626 ape=0.5521
[17:58:40] warmStart (decay=exponential) 82% (951/1154) regret=0.100626 ape=0.5521
[17:58:40] warmStart (decay=exponential) 82% (952/1154) regret=0.100626 ape=0.5521
[17:58:40] warmStart (decay=exponential) 82% (953/1154) regret=0.100626 ape=0.5521
[17:58:40] warmStart (decay=exponential) 82% (954/1154) regret=0.100626 ape=0.5521
[17:58:40] warmStart (decay=exponential) 82% (955/1154) regret=0.100626 ape=0.5521
[17:58:41] warmStart (decay=exponential) 82% (956/1154) regret=0.100626 ape=0.5521
[17:58:41] warmStart (decay=exponential) 82% (957/1154) regret=0.100626 ape=0.5521
[17:58:41] warmStart (decay=exponential) 83% (958/1154) regret=0.100626 ape=0.5521
[17:58:41] warmStart (decay=exponential) 83% (959/1154) regret=0.100626 ape=0.5521
[17:58:41] warmStart (decay=exponential) 83% (960/1154) regret=0.100626 ape=0.5521
[17:58:42] warmStart (decay=exponential) 83% (961/1154) regret=0.100626 ape=0.5521
[17:58:42] warmStart (decay=exponential) 83% (962/1154) regret=0.100626 ape=0.5521
[17:58:42] warmStart (decay=exponential) 83% (963/1154) regret=0.100626 ape=0.5521
[17:58:42] warmStart (decay=exponential) 83% (964/1154) regret=0.100626 ape=0.5521
[17:58:42] warmStart (decay=exponential) 83% (965/1154) regret=0.100626 ape=0.5521
[17:58:43] warmStart (decay=exponential) 83% (966/1154) regret=0.100626 ape=0.5521
[17:58:43] warmStart (decay=exponential) 83% (967/1154) regret=0.100626 ape=0.5521
[17:58:43] warmStart (decay=exponential) 83% (968/1154) regret=0.100626 ape=0.5521
[17:58:43] warmStart (decay=exponential) 83% (969/1154) regret=0.100626 ape=0.5521
[17:58:43] warmStart (decay=exponential) 84% (970/1154) regret=0.100626 ape=0.5521
[17:58:43] warmStart (decay=exponential) 84% (971/1154) regret=0.100626 ape=0.5521
[17:58:44] warmStart (decay=exponential) 84% (972/1154) regret=0.100626 ape=0.5521
[17:58:44] warmStart (decay=exponential) 84% (973/1154) regret=0.100626 ape=0.5521
[17:58:44] warmStart (decay=exponential) 84% (974/1154) regret=0.100626 ape=0.5521
[17:58:44] warmStart (decay=exponential) 84% (975/1154) regret=0.100626 ape=0.5521
[17:58:44] warmStart (decay=exponential) 84% (976/1154) regret=0.100626 ape=0.5521
[17:58:45] warmStart (decay=exponential) 84% (977/1154) regret=0.100626 ape=0.5521
[17:58:45] warmStart (decay=exponential) 84% (978/1154) regret=0.100626 ape=0.5521
[17:58:45] warmStart (decay=exponential) 84% (979/1154) regret=0.100626 ape=0.5521
[17:58:45] warmStart (decay=exponential) 84% (980/1154) regret=0.100626 ape=0.5521
[17:58:45] warmStart (decay=exponential) 85% (981/1154) regret=0.100626 ape=0.5521
[17:58:46] warmStart (decay=exponential) 85% (982/1154) regret=0.100626 ape=0.5521
[17:58:46] warmStart (decay=exponential) 85% (983/1154) regret=0.100626 ape=0.5521
[17:58:46] warmStart (decay=exponential) 85% (984/1154) regret=0.100626 ape=0.5521
[17:58:46] warmStart (decay=exponential) 85% (985/1154) regret=0.100626 ape=0.5521
[17:58:46] warmStart (decay=exponential) 85% (986/1154) regret=0.100626 ape=0.5521
[17:58:47] warmStart (decay=exponential) 85% (987/1154) regret=0.100626 ape=0.5521
[17:58:47] warmStart (decay=exponential) 85% (988/1154) regret=0.100626 ape=0.5521
[17:58:47] warmStart (decay=exponential) 85% (989/1154) regret=0.100626 ape=0.5521
[17:58:47] warmStart (decay=exponential) 85% (990/1154) regret=0.100626 ape=0.5521
[17:58:47] warmStart (decay=exponential) 85% (991/1154) regret=0.100626 ape=0.5521
[17:58:48] warmStart (decay=exponential) 85% (992/1154) regret=0.100626 ape=0.5521
[17:58:48] warmStart (decay=exponential) 86% (993/1154) regret=0.100626 ape=0.5521
[17:58:48] warmStart (decay=exponential) 86% (994/1154) regret=0.100626 ape=0.5521
[17:58:48] warmStart (decay=exponential) 86% (995/1154) regret=0.100626 ape=0.5521
[17:58:48] warmStart (decay=exponential) 86% (996/1154) regret=0.100626 ape=0.5521
[17:58:49] warmStart (decay=exponential) 86% (997/1154) regret=0.100626 ape=0.5521
[17:58:49] warmStart (decay=exponential) 86% (998/1154) regret=0.100626 ape=0.5521
[17:58:49] warmStart (decay=exponential) 86% (999/1154) regret=0.100626 ape=0.5521
[17:58:49] warmStart (decay=exponential) 86% (1000/1154) regret=0.100626 ape=0.5521
[17:58:49] warmStart (decay=exponential) 86% (1001/1154) regret=0.100626 ape=0.5521
[17:58:50] warmStart (decay=exponential) 86% (1002/1154) regret=0.100626 ape=0.5521
[17:58:50] warmStart (decay=exponential) 86% (1003/1154) regret=0.100626 ape=0.5521
[17:58:50] warmStart (decay=exponential) 87% (1004/1154) regret=0.100626 ape=0.5521
[17:58:50] warmStart (decay=exponential) 87% (1005/1154) regret=0.100626 ape=0.5521
[17:58:50] warmStart (decay=exponential) 87% (1006/1154) regret=0.100626 ape=0.5521
[17:58:50] warmStart (decay=exponential) 87% (1007/1154) regret=0.100626 ape=0.5521
[17:58:51] warmStart (decay=exponential) 87% (1008/1154) regret=0.100626 ape=0.5521
[17:58:51] warmStart (decay=exponential) 87% (1009/1154) regret=0.100626 ape=0.5521
[17:58:51] warmStart (decay=exponential) 87% (1010/1154) regret=0.100626 ape=0.5521
[17:58:51] warmStart (decay=exponential) 87% (1011/1154) regret=0.100626 ape=0.5521
[17:58:51] warmStart (decay=exponential) 87% (1012/1154) regret=0.100626 ape=0.5521
[17:58:52] warmStart (decay=exponential) 87% (1013/1154) regret=0.100626 ape=0.5521
[17:58:52] warmStart (decay=exponential) 87% (1014/1154) regret=0.100626 ape=0.5521
[17:58:52] warmStart (decay=exponential) 87% (1015/1154) regret=0.100626 ape=0.5521
[17:58:52] warmStart (decay=exponential) 88% (1016/1154) regret=0.100626 ape=0.5521
[17:58:52] warmStart (decay=exponential) 88% (1017/1154) regret=0.100626 ape=0.5521
[17:58:53] warmStart (decay=exponential) 88% (1018/1154) regret=0.100626 ape=0.5521
[17:58:53] warmStart (decay=exponential) 88% (1019/1154) regret=0.100626 ape=0.5521
[17:58:53] warmStart (decay=exponential) 88% (1020/1154) regret=0.100626 ape=0.5521
[17:58:53] warmStart (decay=exponential) 88% (1021/1154) regret=0.100626 ape=0.5521
[17:58:53] warmStart (decay=exponential) 88% (1022/1154) regret=0.100626 ape=0.5521
[17:58:54] warmStart (decay=exponential) 88% (1023/1154) regret=0.100626 ape=0.5521
[17:58:54] warmStart (decay=exponential) 88% (1024/1154) regret=0.100626 ape=0.5521
[17:58:54] warmStart (decay=exponential) 88% (1025/1154) regret=0.100626 ape=0.5521
[17:58:54] warmStart (decay=exponential) 88% (1026/1154) regret=0.100626 ape=0.5521
[17:58:54] warmStart (decay=exponential) 88% (1027/1154) regret=0.100626 ape=0.5521
[17:58:55] warmStart (decay=exponential) 89% (1028/1154) regret=0.100626 ape=0.5521
[17:58:55] warmStart (decay=exponential) 89% (1029/1154) regret=0.100626 ape=0.5521
[17:58:55] warmStart (decay=exponential) 89% (1030/1154) regret=0.100626 ape=0.5521
[17:58:55] warmStart (decay=exponential) 89% (1031/1154) regret=0.100626 ape=0.5521
[17:58:55] warmStart (decay=exponential) 89% (1032/1154) regret=0.100626 ape=0.5521
[17:58:56] warmStart (decay=exponential) 89% (1033/1154) regret=0.100626 ape=0.5521
[17:58:56] warmStart (decay=exponential) 89% (1034/1154) regret=0.100626 ape=0.5521
[17:58:56] warmStart (decay=exponential) 89% (1035/1154) regret=0.100626 ape=0.5521
[17:58:56] warmStart (decay=exponential) 89% (1036/1154) regret=0.100626 ape=0.5521
[17:58:56] warmStart (decay=exponential) 89% (1037/1154) regret=0.100626 ape=0.5521
[17:58:57] warmStart (decay=exponential) 89% (1038/1154) regret=0.100626 ape=0.5521
[17:58:57] warmStart (decay=exponential) 90% (1039/1154) regret=0.100626 ape=0.5521
[17:58:57] warmStart (decay=exponential) 90% (1040/1154) regret=0.100626 ape=0.5521
[17:58:57] warmStart (decay=exponential) 90% (1041/1154) regret=0.100626 ape=0.5521
[17:58:57] warmStart (decay=exponential) 90% (1042/1154) regret=0.100626 ape=0.5521
[17:58:58] warmStart (decay=exponential) 90% (1043/1154) regret=0.100626 ape=0.5521
[17:58:58] warmStart (decay=exponential) 90% (1044/1154) regret=0.100626 ape=0.5521
[17:58:58] warmStart (decay=exponential) 90% (1045/1154) regret=0.100626 ape=0.5521
[17:58:58] warmStart (decay=exponential) 90% (1046/1154) regret=0.100810 ape=0.5521
[17:58:58] warmStart (decay=exponential) 90% (1047/1154) regret=0.100603 ape=0.5521
[17:58:58] warmStart (decay=exponential) 90% (1048/1154) regret=0.100603 ape=0.5521
[17:58:59] warmStart (decay=exponential) 90% (1049/1154) regret=0.100603 ape=0.5521
[17:58:59] warmStart (decay=exponential) 90% (1050/1154) regret=0.100571 ape=0.5512
[17:58:59] warmStart (decay=exponential) 91% (1051/1154) regret=0.100571 ape=0.5512
[17:58:59] warmStart (decay=exponential) 91% (1052/1154) regret=0.100571 ape=0.5512
[17:58:59] warmStart (decay=exponential) 91% (1053/1154) regret=0.100571 ape=0.5512
[17:59:00] warmStart (decay=exponential) 91% (1054/1154) regret=0.100571 ape=0.5512
[17:59:00] warmStart (decay=exponential) 91% (1055/1154) regret=0.100571 ape=0.5512
[17:59:00] warmStart (decay=exponential) 91% (1056/1154) regret=0.100571 ape=0.5512
[17:59:00] warmStart (decay=exponential) 91% (1057/1154) regret=0.100571 ape=0.5512
[17:59:00] warmStart (decay=exponential) 91% (1058/1154) regret=0.100571 ape=0.5512
[17:59:01] warmStart (decay=exponential) 91% (1059/1154) regret=0.100571 ape=0.5512
[17:59:01] warmStart (decay=exponential) 91% (1060/1154) regret=0.100571 ape=0.5512
[17:59:01] warmStart (decay=exponential) 91% (1061/1154) regret=0.100571 ape=0.5512
[17:59:01] warmStart (decay=exponential) 92% (1062/1154) regret=0.100571 ape=0.5512
[17:59:01] warmStart (decay=exponential) 92% (1063/1154) regret=0.100571 ape=0.5512
[17:59:01] warmStart (decay=exponential) 92% (1064/1154) regret=0.100571 ape=0.5512
[17:59:02] warmStart (decay=exponential) 92% (1065/1154) regret=0.100571 ape=0.5512
[17:59:02] warmStart (decay=exponential) 92% (1066/1154) regret=0.100571 ape=0.5512
[17:59:02] warmStart (decay=exponential) 92% (1067/1154) regret=0.100571 ape=0.5512
[17:59:02] warmStart (decay=exponential) 92% (1068/1154) regret=0.100571 ape=0.5512
[17:59:02] warmStart (decay=exponential) 92% (1069/1154) regret=0.100571 ape=0.5512
[17:59:03] warmStart (decay=exponential) 92% (1070/1154) regret=0.100571 ape=0.5512
[17:59:03] warmStart (decay=exponential) 92% (1071/1154) regret=0.100572 ape=0.5512
[17:59:03] warmStart (decay=exponential) 92% (1072/1154) regret=0.100572 ape=0.5512
[17:59:03] warmStart (decay=exponential) 92% (1073/1154) regret=0.100572 ape=0.5512
[17:59:03] warmStart (decay=exponential) 93% (1074/1154) regret=0.100572 ape=0.5512
[17:59:03] warmStart (decay=exponential) 93% (1075/1154) regret=0.100572 ape=0.5512
[17:59:03] warmStart (decay=exponential) 93% (1076/1154) regret=0.100572 ape=0.5512
[17:59:04] warmStart (decay=exponential) 93% (1077/1154) regret=0.100572 ape=0.5512
[17:59:04] warmStart (decay=exponential) 93% (1078/1154) regret=0.100572 ape=0.5512
[17:59:04] warmStart (decay=exponential) 93% (1079/1154) regret=0.100572 ape=0.5512
[17:59:04] warmStart (decay=exponential) 93% (1080/1154) regret=0.100572 ape=0.5512
[17:59:04] warmStart (decay=exponential) 93% (1081/1154) regret=0.100572 ape=0.5512
[17:59:04] warmStart (decay=exponential) 93% (1082/1154) regret=0.100572 ape=0.5512
[17:59:05] warmStart (decay=exponential) 93% (1083/1154) regret=0.100571 ape=0.5512
[17:59:05] warmStart (decay=exponential) 93% (1084/1154) regret=0.100571 ape=0.5512
[17:59:05] warmStart (decay=exponential) 94% (1085/1154) regret=0.100571 ape=0.5512
[17:59:05] warmStart (decay=exponential) 94% (1086/1154) regret=0.100571 ape=0.5512
[17:59:05] warmStart (decay=exponential) 94% (1087/1154) regret=0.100571 ape=0.5512
[17:59:05] warmStart (decay=exponential) 94% (1088/1154) regret=0.100563 ape=0.5502
[17:59:05] warmStart (decay=exponential) 94% (1089/1154) regret=0.100563 ape=0.5502
[17:59:06] warmStart (decay=exponential) 94% (1090/1154) regret=0.100563 ape=0.5502
[17:59:06] warmStart (decay=exponential) 94% (1091/1154) regret=0.100563 ape=0.5502
[17:59:06] warmStart (decay=exponential) 94% (1092/1154) regret=0.100563 ape=0.5502
[17:59:06] warmStart (decay=exponential) 94% (1093/1154) regret=0.100563 ape=0.5502
[17:59:06] warmStart (decay=exponential) 94% (1094/1154) regret=0.100563 ape=0.5502
[17:59:06] warmStart (decay=exponential) 94% (1095/1154) regret=0.100563 ape=0.5502
[17:59:07] warmStart (decay=exponential) 94% (1096/1154) regret=0.100563 ape=0.5502
[17:59:07] warmStart (decay=exponential) 95% (1097/1154) regret=0.100563 ape=0.5502
[17:59:07] warmStart (decay=exponential) 95% (1098/1154) regret=0.100563 ape=0.5502
[17:59:07] warmStart (decay=exponential) 95% (1099/1154) regret=0.100563 ape=0.5502
[17:59:07] warmStart (decay=exponential) 95% (1100/1154) regret=0.100563 ape=0.5502
[17:59:07] warmStart (decay=exponential) 95% (1101/1154) regret=0.100563 ape=0.5502
[17:59:07] warmStart (decay=exponential) 95% (1102/1154) regret=0.100563 ape=0.5502
[17:59:08] warmStart (decay=exponential) 95% (1103/1154) regret=0.100563 ape=0.5502
[17:59:08] warmStart (decay=exponential) 95% (1104/1154) regret=0.100563 ape=0.5502
[17:59:08] warmStart (decay=exponential) 95% (1105/1154) regret=0.100563 ape=0.5502
[17:59:08] warmStart (decay=exponential) 95% (1106/1154) regret=0.100563 ape=0.5502
[17:59:08] warmStart (decay=exponential) 95% (1107/1154) regret=0.100563 ape=0.5502
[17:59:08] warmStart (decay=exponential) 96% (1108/1154) regret=0.100563 ape=0.5502
[17:59:09] warmStart (decay=exponential) 96% (1109/1154) regret=0.100563 ape=0.5502
[17:59:09] warmStart (decay=exponential) 96% (1110/1154) regret=0.100563 ape=0.5502
[17:59:09] warmStart (decay=exponential) 96% (1111/1154) regret=0.100563 ape=0.5502
[17:59:09] warmStart (decay=exponential) 96% (1112/1154) regret=0.100563 ape=0.5502
[17:59:09] warmStart (decay=exponential) 96% (1113/1154) regret=0.100563 ape=0.5502
[17:59:09] warmStart (decay=exponential) 96% (1114/1154) regret=0.100563 ape=0.5502
[17:59:10] warmStart (decay=exponential) 96% (1115/1154) regret=0.100563 ape=0.5502
[17:59:10] warmStart (decay=exponential) 96% (1116/1154) regret=0.100563 ape=0.5502
[17:59:10] warmStart (decay=exponential) 96% (1117/1154) regret=0.100563 ape=0.5502
[17:59:10] warmStart (decay=exponential) 96% (1118/1154) regret=0.100563 ape=0.5502
[17:59:10] warmStart (decay=exponential) 96% (1119/1154) regret=0.100563 ape=0.5502
[17:59:10] warmStart (decay=exponential) 97% (1120/1154) regret=0.100563 ape=0.5502
[17:59:10] warmStart (decay=exponential) 97% (1121/1154) regret=0.100563 ape=0.5502
[17:59:11] warmStart (decay=exponential) 97% (1122/1154) regret=0.100563 ape=0.5502
[17:59:11] warmStart (decay=exponential) 97% (1123/1154) regret=0.100563 ape=0.5502
[17:59:11] warmStart (decay=exponential) 97% (1124/1154) regret=0.100563 ape=0.5502
[17:59:11] warmStart (decay=exponential) 97% (1125/1154) regret=0.100563 ape=0.5502
[17:59:11] warmStart (decay=exponential) 97% (1126/1154) regret=0.100563 ape=0.5502
[17:59:11] warmStart (decay=exponential) 97% (1127/1154) regret=0.100563 ape=0.5502
[17:59:12] warmStart (decay=exponential) 97% (1128/1154) regret=0.100563 ape=0.5502
[17:59:12] warmStart (decay=exponential) 97% (1129/1154) regret=0.100563 ape=0.5502
[17:59:12] warmStart (decay=exponential) 97% (1130/1154) regret=0.100563 ape=0.5502
[17:59:12] warmStart (decay=exponential) 98% (1131/1154) regret=0.100563 ape=0.5502
[17:59:12] warmStart (decay=exponential) 98% (1132/1154) regret=0.100563 ape=0.5502
[17:59:12] warmStart (decay=exponential) 98% (1133/1154) regret=0.100563 ape=0.5502
[17:59:13] warmStart (decay=exponential) 98% (1134/1154) regret=0.100563 ape=0.5502
[17:59:13] warmStart (decay=exponential) 98% (1135/1154) regret=0.100563 ape=0.5502
[17:59:13] warmStart (decay=exponential) 98% (1136/1154) regret=0.100563 ape=0.5502
[17:59:13] warmStart (decay=exponential) 98% (1137/1154) regret=0.100563 ape=0.5502
[17:59:13] warmStart (decay=exponential) 98% (1138/1154) regret=0.100563 ape=0.5502
[17:59:13] warmStart (decay=exponential) 98% (1139/1154) regret=0.100563 ape=0.5502
[17:59:14] warmStart (decay=exponential) 98% (1140/1154) regret=0.100563 ape=0.5502
[17:59:14] warmStart (decay=exponential) 98% (1141/1154) regret=0.100563 ape=0.5502
[17:59:14] warmStart (decay=exponential) 98% (1142/1154) regret=0.100563 ape=0.5502
[17:59:14] warmStart (decay=exponential) 99% (1143/1154) regret=0.100563 ape=0.5502
[17:59:14] warmStart (decay=exponential) 99% (1144/1154) regret=0.100563 ape=0.5502
[17:59:14] warmStart (decay=exponential) 99% (1145/1154) regret=0.100563 ape=0.5502
[17:59:15] warmStart (decay=exponential) 99% (1146/1154) regret=0.100563 ape=0.5502
[17:59:15] warmStart (decay=exponential) 99% (1147/1154) regret=0.100563 ape=0.5502
[17:59:15] warmStart (decay=exponential) 99% (1148/1154) regret=0.100563 ape=0.5502
[17:59:15] warmStart (decay=exponential) 99% (1149/1154) regret=0.100563 ape=0.5502
[17:59:15] warmStart (decay=exponential) 99% (1150/1154) regret=0.100563 ape=0.5502
[17:59:15] warmStart (decay=exponential) 99% (1151/1154) regret=0.100563 ape=0.5502
[17:59:16] warmStart (decay=exponential) 99% (1152/1154) regret=0.100563 ape=0.5502
[17:59:16] warmStart (decay=exponential) 99% (1153/1154) regret=0.100563 ape=0.5502
Warm w=200 finished: 1153 points, 205.84s wall time
  Final: regret=0.100563, ape=0.5502

Saved: /home/users/g/s/gsavary/LudiiMCTSVariations/slurm_sweep_full_dataset/output_decay/warm_200_decay_exponential_0_90/seed_4/sweep_decay_warm_200_exponential_0.9_4_20260426_175916.json

Generating plots...
Saved: /home/users/g/s/gsavary/LudiiMCTSVariations/slurm_sweep_full_dataset/output_decay/warm_200_decay_exponential_0_90/seed_4/sweep_decay_warm_200_exponential_0.9_4_20260426_175916_regret.png
Saved: /home/users/g/s/gsavary/LudiiMCTSVariations/slurm_sweep_full_dataset/output_decay/warm_200_decay_exponential_0_90/seed_4/sweep_decay_warm_200_exponential_0.9_4_20260426_175916_ape.png

================================================================================
Experiment complete!
================================================================================
Done. Results in: /home/users/g/s/gsavary/LudiiMCTSVariations/slurm_sweep_full_dataset/output_decay/warm_200_decay_exponential_0_90/seed_4
