============================================================
Decay sweep experiment
Method:      warm:200
Decay mode:  exponential
Decay param: 0.00
Seed:        1
Output:      /home/users/g/s/gsavary/LudiiMCTSVariations/slurm_sweep_full_dataset/output_decay/warm_200_decay_exponential_0_00/seed_1
============================================================

================================================================================
SLURM Sweep Experiment with Synthetic Data Decay
================================================================================
Method: warm:200
Decay: exponential (param=0.0)
Time limit: 3600.0s, Seed: 1, Batch size: 20
Output directory: /home/users/g/s/gsavary/LudiiMCTSVariations/slurm_sweep_full_dataset/output_decay/warm_200_decay_exponential_0_00/seed_1

Loading Ludii dataset...
Loaded 1085 games
Using 1085 games (full dataset)

Running timing probe (100 pulls)...
  Estimated secs/pull: 0.025884

Time budget: 3600.0s → ~139079 total pulls
Per-method budget: 19868 pulls (~514.3s)

Computing predictor-only performance...
  Predictions loaded: 23675 agent predictions
  Predictor-only: regret=0.104318, ape=0.4894

Running WARM-START (w=200, decay=exponential param=0.0)...
[17:47:24] warmStart (decay=exponential) 0% (1/994) regret=0.103601 ape=0.5659
[17:47:25] warmStart (decay=exponential) 0% (2/994) regret=0.103601 ape=0.5659
[17:47:25] warmStart (decay=exponential) 0% (3/994) regret=0.103670 ape=0.5659
[17:47:25] warmStart (decay=exponential) 0% (4/994) regret=0.103601 ape=0.5659
[17:47:25] warmStart (decay=exponential) 0% (5/994) regret=0.103601 ape=0.5659
[17:47:26] warmStart (decay=exponential) 0% (6/994) regret=0.103601 ape=0.5659
[17:47:26] warmStart (decay=exponential) 0% (7/994) regret=0.103610 ape=0.5668
[17:47:26] warmStart (decay=exponential) 0% (8/994) regret=0.103610 ape=0.5668
[17:47:26] warmStart (decay=exponential) 0% (9/994) regret=0.103610 ape=0.5668
[17:47:27] warmStart (decay=exponential) 1% (10/994) regret=0.103610 ape=0.5668
[17:47:27] warmStart (decay=exponential) 1% (11/994) regret=0.103610 ape=0.5668
[17:47:27] warmStart (decay=exponential) 1% (12/994) regret=0.103610 ape=0.5668
[17:47:28] warmStart (decay=exponential) 1% (13/994) regret=0.103610 ape=0.5668
[17:47:28] warmStart (decay=exponential) 1% (14/994) regret=0.103610 ape=0.5668
[17:47:28] warmStart (decay=exponential) 1% (15/994) regret=0.103610 ape=0.5668
[17:47:28] warmStart (decay=exponential) 1% (16/994) regret=0.103576 ape=0.5668
[17:47:29] warmStart (decay=exponential) 1% (17/994) regret=0.103576 ape=0.5668
[17:47:29] warmStart (decay=exponential) 1% (18/994) regret=0.103576 ape=0.5668
[17:47:29] warmStart (decay=exponential) 1% (19/994) regret=0.103576 ape=0.5668
[17:47:29] warmStart (decay=exponential) 2% (20/994) regret=0.103576 ape=0.5668
[17:47:30] warmStart (decay=exponential) 2% (21/994) regret=0.103576 ape=0.5668
[17:47:30] warmStart (decay=exponential) 2% (22/994) regret=0.103576 ape=0.5668
[17:47:30] warmStart (decay=exponential) 2% (23/994) regret=0.103576 ape=0.5668
[17:47:30] warmStart (decay=exponential) 2% (24/994) regret=0.103576 ape=0.5668
[17:47:31] warmStart (decay=exponential) 2% (25/994) regret=0.103576 ape=0.5668
[17:47:31] warmStart (decay=exponential) 2% (26/994) regret=0.103576 ape=0.5668
[17:47:31] warmStart (decay=exponential) 2% (27/994) regret=0.103576 ape=0.5668
[17:47:32] warmStart (decay=exponential) 2% (28/994) regret=0.103576 ape=0.5668
[17:47:32] warmStart (decay=exponential) 2% (29/994) regret=0.103576 ape=0.5668
[17:47:32] warmStart (decay=exponential) 3% (30/994) regret=0.103576 ape=0.5668
[17:47:32] warmStart (decay=exponential) 3% (31/994) regret=0.103576 ape=0.5668
[17:47:33] warmStart (decay=exponential) 3% (32/994) regret=0.103576 ape=0.5668
[17:47:33] warmStart (decay=exponential) 3% (33/994) regret=0.103576 ape=0.5668
[17:47:33] warmStart (decay=exponential) 3% (34/994) regret=0.103576 ape=0.5668
[17:47:33] warmStart (decay=exponential) 3% (35/994) regret=0.103576 ape=0.5668
[17:47:34] warmStart (decay=exponential) 3% (36/994) regret=0.103576 ape=0.5668
[17:47:34] warmStart (decay=exponential) 3% (37/994) regret=0.103576 ape=0.5668
[17:47:34] warmStart (decay=exponential) 3% (38/994) regret=0.103576 ape=0.5668
[17:47:34] warmStart (decay=exponential) 3% (39/994) regret=0.103576 ape=0.5668
[17:47:35] warmStart (decay=exponential) 4% (40/994) regret=0.103576 ape=0.5668
[17:47:35] warmStart (decay=exponential) 4% (41/994) regret=0.103576 ape=0.5668
[17:47:35] warmStart (decay=exponential) 4% (42/994) regret=0.103576 ape=0.5668
[17:47:36] warmStart (decay=exponential) 4% (43/994) regret=0.103576 ape=0.5668
[17:47:36] warmStart (decay=exponential) 4% (44/994) regret=0.103576 ape=0.5668
[17:47:36] warmStart (decay=exponential) 4% (45/994) regret=0.103576 ape=0.5668
[17:47:36] warmStart (decay=exponential) 4% (46/994) regret=0.103604 ape=0.5668
[17:47:37] warmStart (decay=exponential) 4% (47/994) regret=0.103604 ape=0.5668
[17:47:37] warmStart (decay=exponential) 4% (48/994) regret=0.103604 ape=0.5668
[17:47:37] warmStart (decay=exponential) 4% (49/994) regret=0.103604 ape=0.5668
[17:47:37] warmStart (decay=exponential) 5% (50/994) regret=0.103604 ape=0.5668
[17:47:38] warmStart (decay=exponential) 5% (51/994) regret=0.103604 ape=0.5668
[17:47:38] warmStart (decay=exponential) 5% (52/994) regret=0.103604 ape=0.5668
[17:47:38] warmStart (decay=exponential) 5% (53/994) regret=0.103604 ape=0.5668
[17:47:39] warmStart (decay=exponential) 5% (54/994) regret=0.103604 ape=0.5668
[17:47:39] warmStart (decay=exponential) 5% (55/994) regret=0.103604 ape=0.5668
[17:47:39] warmStart (decay=exponential) 5% (56/994) regret=0.103604 ape=0.5668
[17:47:39] warmStart (decay=exponential) 5% (57/994) regret=0.103604 ape=0.5668
[17:47:40] warmStart (decay=exponential) 5% (58/994) regret=0.103567 ape=0.5668
[17:47:40] warmStart (decay=exponential) 5% (59/994) regret=0.103567 ape=0.5668
[17:47:40] warmStart (decay=exponential) 6% (60/994) regret=0.103599 ape=0.5677
[17:47:40] warmStart (decay=exponential) 6% (61/994) regret=0.103567 ape=0.5668
[17:47:41] warmStart (decay=exponential) 6% (62/994) regret=0.103567 ape=0.5668
[17:47:41] warmStart (decay=exponential) 6% (63/994) regret=0.103682 ape=0.5677
[17:47:41] warmStart (decay=exponential) 6% (64/994) regret=0.103567 ape=0.5668
[17:47:41] warmStart (decay=exponential) 6% (65/994) regret=0.103567 ape=0.5668
[17:47:42] warmStart (decay=exponential) 6% (66/994) regret=0.103567 ape=0.5668
[17:47:42] warmStart (decay=exponential) 6% (67/994) regret=0.103567 ape=0.5668
[17:47:42] warmStart (decay=exponential) 6% (68/994) regret=0.103567 ape=0.5668
[17:47:42] warmStart (decay=exponential) 6% (69/994) regret=0.103567 ape=0.5668
[17:47:43] warmStart (decay=exponential) 7% (70/994) regret=0.103567 ape=0.5668
[17:47:43] warmStart (decay=exponential) 7% (71/994) regret=0.103567 ape=0.5668
[17:47:43] warmStart (decay=exponential) 7% (72/994) regret=0.103539 ape=0.5668
[17:47:44] warmStart (decay=exponential) 7% (73/994) regret=0.103539 ape=0.5668
[17:47:44] warmStart (decay=exponential) 7% (74/994) regret=0.103539 ape=0.5668
[17:47:44] warmStart (decay=exponential) 7% (75/994) regret=0.103539 ape=0.5668
[17:47:44] warmStart (decay=exponential) 7% (76/994) regret=0.103567 ape=0.5668
[17:47:45] warmStart (decay=exponential) 7% (77/994) regret=0.103567 ape=0.5668
[17:47:45] warmStart (decay=exponential) 7% (78/994) regret=0.103567 ape=0.5668
[17:47:45] warmStart (decay=exponential) 7% (79/994) regret=0.103567 ape=0.5668
[17:47:45] warmStart (decay=exponential) 8% (80/994) regret=0.103567 ape=0.5668
[17:47:46] warmStart (decay=exponential) 8% (81/994) regret=0.103567 ape=0.5668
[17:47:46] warmStart (decay=exponential) 8% (82/994) regret=0.103591 ape=0.5677
[17:47:46] warmStart (decay=exponential) 8% (83/994) regret=0.103591 ape=0.5677
[17:47:47] warmStart (decay=exponential) 8% (84/994) regret=0.103591 ape=0.5677
[17:47:47] warmStart (decay=exponential) 8% (85/994) regret=0.103591 ape=0.5677
[17:47:47] warmStart (decay=exponential) 8% (86/994) regret=0.103591 ape=0.5677
[17:47:47] warmStart (decay=exponential) 8% (87/994) regret=0.103591 ape=0.5677
[17:47:48] warmStart (decay=exponential) 8% (88/994) regret=0.103591 ape=0.5677
[17:47:48] warmStart (decay=exponential) 8% (89/994) regret=0.103600 ape=0.5677
[17:47:48] warmStart (decay=exponential) 9% (90/994) regret=0.103300 ape=0.5668
[17:47:48] warmStart (decay=exponential) 9% (91/994) regret=0.103300 ape=0.5668
[17:47:48] warmStart (decay=exponential) 9% (92/994) regret=0.103300 ape=0.5668
[17:47:49] warmStart (decay=exponential) 9% (93/994) regret=0.103300 ape=0.5668
[17:47:49] warmStart (decay=exponential) 9% (94/994) regret=0.103300 ape=0.5668
[17:47:49] warmStart (decay=exponential) 9% (95/994) regret=0.103300 ape=0.5668
[17:47:49] warmStart (decay=exponential) 9% (96/994) regret=0.103300 ape=0.5668
[17:47:49] warmStart (decay=exponential) 9% (97/994) regret=0.103305 ape=0.5668
[17:47:50] warmStart (decay=exponential) 9% (98/994) regret=0.103305 ape=0.5668
[17:47:50] warmStart (decay=exponential) 9% (99/994) regret=0.103305 ape=0.5668
[17:47:50] warmStart (decay=exponential) 10% (100/994) regret=0.103305 ape=0.5668
[17:47:50] warmStart (decay=exponential) 10% (101/994) regret=0.103305 ape=0.5668
[17:47:50] warmStart (decay=exponential) 10% (102/994) regret=0.103305 ape=0.5668
[17:47:50] warmStart (decay=exponential) 10% (103/994) regret=0.103305 ape=0.5668
[17:47:51] warmStart (decay=exponential) 10% (104/994) regret=0.103305 ape=0.5668
[17:47:51] warmStart (decay=exponential) 10% (105/994) regret=0.103167 ape=0.5659
[17:47:51] warmStart (decay=exponential) 10% (106/994) regret=0.103236 ape=0.5659
[17:47:51] warmStart (decay=exponential) 10% (107/994) regret=0.103201 ape=0.5659
[17:47:51] warmStart (decay=exponential) 10% (108/994) regret=0.102896 ape=0.5650
[17:47:51] warmStart (decay=exponential) 10% (109/994) regret=0.103201 ape=0.5659
[17:47:52] warmStart (decay=exponential) 11% (110/994) regret=0.103201 ape=0.5659
[17:47:52] warmStart (decay=exponential) 11% (111/994) regret=0.103201 ape=0.5659
[17:47:52] warmStart (decay=exponential) 11% (112/994) regret=0.103201 ape=0.5659
[17:47:52] warmStart (decay=exponential) 11% (113/994) regret=0.103233 ape=0.5668
[17:47:52] warmStart (decay=exponential) 11% (114/994) regret=0.103201 ape=0.5659
[17:47:52] warmStart (decay=exponential) 11% (115/994) regret=0.103201 ape=0.5659
[17:47:53] warmStart (decay=exponential) 11% (116/994) regret=0.103201 ape=0.5659
[17:47:53] warmStart (decay=exponential) 11% (117/994) regret=0.103270 ape=0.5659
[17:47:53] warmStart (decay=exponential) 11% (118/994) regret=0.103201 ape=0.5659
[17:47:53] warmStart (decay=exponential) 11% (119/994) regret=0.103201 ape=0.5659
[17:47:53] warmStart (decay=exponential) 12% (120/994) regret=0.103201 ape=0.5659
[17:47:53] warmStart (decay=exponential) 12% (121/994) regret=0.103201 ape=0.5659
[17:47:54] warmStart (decay=exponential) 12% (122/994) regret=0.103201 ape=0.5659
[17:47:54] warmStart (decay=exponential) 12% (123/994) regret=0.103201 ape=0.5659
[17:47:54] warmStart (decay=exponential) 12% (124/994) regret=0.103201 ape=0.5659
[17:47:54] warmStart (decay=exponential) 12% (125/994) regret=0.103201 ape=0.5659
[17:47:54] warmStart (decay=exponential) 12% (126/994) regret=0.103201 ape=0.5659
[17:47:55] warmStart (decay=exponential) 12% (127/994) regret=0.103201 ape=0.5659
[17:47:55] warmStart (decay=exponential) 12% (128/994) regret=0.103201 ape=0.5659
[17:47:55] warmStart (decay=exponential) 12% (129/994) regret=0.103167 ape=0.5659
[17:47:55] warmStart (decay=exponential) 13% (130/994) regret=0.103143 ape=0.5650
[17:47:55] warmStart (decay=exponential) 13% (131/994) regret=0.103143 ape=0.5650
[17:47:55] warmStart (decay=exponential) 13% (132/994) regret=0.103143 ape=0.5650
[17:47:56] warmStart (decay=exponential) 13% (133/994) regret=0.103143 ape=0.5650
[17:47:56] warmStart (decay=exponential) 13% (134/994) regret=0.103143 ape=0.5650
[17:47:56] warmStart (decay=exponential) 13% (135/994) regret=0.103143 ape=0.5650
[17:47:56] warmStart (decay=exponential) 13% (136/994) regret=0.103143 ape=0.5650
[17:47:56] warmStart (decay=exponential) 13% (137/994) regret=0.103143 ape=0.5650
[17:47:56] warmStart (decay=exponential) 13% (138/994) regret=0.103143 ape=0.5650
[17:47:57] warmStart (decay=exponential) 13% (139/994) regret=0.103143 ape=0.5650
[17:47:57] warmStart (decay=exponential) 14% (140/994) regret=0.103005 ape=0.5650
[17:47:57] warmStart (decay=exponential) 14% (141/994) regret=0.103143 ape=0.5650
[17:47:57] warmStart (decay=exponential) 14% (142/994) regret=0.103143 ape=0.5650
[17:47:57] warmStart (decay=exponential) 14% (143/994) regret=0.103143 ape=0.5650
[17:47:57] warmStart (decay=exponential) 14% (144/994) regret=0.103143 ape=0.5650
[17:47:58] warmStart (decay=exponential) 14% (145/994) regret=0.103143 ape=0.5650
[17:47:58] warmStart (decay=exponential) 14% (146/994) regret=0.103143 ape=0.5650
[17:47:58] warmStart (decay=exponential) 14% (147/994) regret=0.103143 ape=0.5650
[17:47:58] warmStart (decay=exponential) 14% (148/994) regret=0.103143 ape=0.5650
[17:47:58] warmStart (decay=exponential) 14% (149/994) regret=0.103143 ape=0.5650
[17:47:58] warmStart (decay=exponential) 15% (150/994) regret=0.103143 ape=0.5650
[17:47:59] warmStart (decay=exponential) 15% (151/994) regret=0.103143 ape=0.5650
[17:47:59] warmStart (decay=exponential) 15% (152/994) regret=0.103212 ape=0.5650
[17:47:59] warmStart (decay=exponential) 15% (153/994) regret=0.103143 ape=0.5650
[17:47:59] warmStart (decay=exponential) 15% (154/994) regret=0.103157 ape=0.5650
[17:47:59] warmStart (decay=exponential) 15% (155/994) regret=0.103143 ape=0.5650
[17:47:59] warmStart (decay=exponential) 15% (156/994) regret=0.103143 ape=0.5650
[17:48:00] warmStart (decay=exponential) 15% (157/994) regret=0.103143 ape=0.5650
[17:48:00] warmStart (decay=exponential) 15% (158/994) regret=0.103143 ape=0.5650
[17:48:00] warmStart (decay=exponential) 15% (159/994) regret=0.103143 ape=0.5650
[17:48:00] warmStart (decay=exponential) 16% (160/994) regret=0.103143 ape=0.5650
[17:48:00] warmStart (decay=exponential) 16% (161/994) regret=0.103143 ape=0.5650
[17:48:01] warmStart (decay=exponential) 16% (162/994) regret=0.103151 ape=0.5650
[17:48:01] warmStart (decay=exponential) 16% (163/994) regret=0.103143 ape=0.5650
[17:48:01] warmStart (decay=exponential) 16% (164/994) regret=0.103143 ape=0.5650
[17:48:01] warmStart (decay=exponential) 16% (165/994) regret=0.103212 ape=0.5650
[17:48:01] warmStart (decay=exponential) 16% (166/994) regret=0.102314 ape=0.5650
[17:48:01] warmStart (decay=exponential) 16% (167/994) regret=0.102314 ape=0.5650
[17:48:02] warmStart (decay=exponential) 16% (168/994) regret=0.102314 ape=0.5650
[17:48:02] warmStart (decay=exponential) 17% (169/994) regret=0.102314 ape=0.5650
[17:48:02] warmStart (decay=exponential) 17% (170/994) regret=0.102314 ape=0.5650
[17:48:02] warmStart (decay=exponential) 17% (171/994) regret=0.102314 ape=0.5650
[17:48:02] warmStart (decay=exponential) 17% (172/994) regret=0.102314 ape=0.5650
[17:48:02] warmStart (decay=exponential) 17% (173/994) regret=0.102341 ape=0.5650
[17:48:03] warmStart (decay=exponential) 17% (174/994) regret=0.102314 ape=0.5650
[17:48:03] warmStart (decay=exponential) 17% (175/994) regret=0.102314 ape=0.5650
[17:48:03] warmStart (decay=exponential) 17% (176/994) regret=0.102314 ape=0.5650
[17:48:03] warmStart (decay=exponential) 17% (177/994) regret=0.102314 ape=0.5650
[17:48:03] warmStart (decay=exponential) 17% (178/994) regret=0.102346 ape=0.5650
[17:48:03] warmStart (decay=exponential) 18% (179/994) regret=0.102314 ape=0.5650
[17:48:04] warmStart (decay=exponential) 18% (180/994) regret=0.102314 ape=0.5650
[17:48:04] warmStart (decay=exponential) 18% (181/994) regret=0.102314 ape=0.5650
[17:48:04] warmStart (decay=exponential) 18% (182/994) regret=0.102314 ape=0.5650
[17:48:04] warmStart (decay=exponential) 18% (183/994) regret=0.102314 ape=0.5650
[17:48:04] warmStart (decay=exponential) 18% (184/994) regret=0.102314 ape=0.5650
[17:48:04] warmStart (decay=exponential) 18% (185/994) regret=0.102314 ape=0.5650
[17:48:05] warmStart (decay=exponential) 18% (186/994) regret=0.102314 ape=0.5650
[17:48:05] warmStart (decay=exponential) 18% (187/994) regret=0.102314 ape=0.5650
[17:48:05] warmStart (decay=exponential) 18% (188/994) regret=0.102314 ape=0.5650
[17:48:05] warmStart (decay=exponential) 19% (189/994) regret=0.102314 ape=0.5650
[17:48:05] warmStart (decay=exponential) 19% (190/994) regret=0.102314 ape=0.5650
[17:48:05] warmStart (decay=exponential) 19% (191/994) regret=0.102383 ape=0.5650
[17:48:06] warmStart (decay=exponential) 19% (192/994) regret=0.102383 ape=0.5650
[17:48:06] warmStart (decay=exponential) 19% (193/994) regret=0.102309 ape=0.5650
[17:48:06] warmStart (decay=exponential) 19% (194/994) regret=0.102314 ape=0.5650
[17:48:06] warmStart (decay=exponential) 19% (195/994) regret=0.102314 ape=0.5650
[17:48:06] warmStart (decay=exponential) 19% (196/994) regret=0.102314 ape=0.5650
[17:48:07] warmStart (decay=exponential) 19% (197/994) regret=0.102314 ape=0.5650
[17:48:07] warmStart (decay=exponential) 19% (198/994) regret=0.102314 ape=0.5650
[17:48:07] warmStart (decay=exponential) 20% (199/994) regret=0.102314 ape=0.5650
[17:48:07] warmStart (decay=exponential) 20% (200/994) regret=0.102314 ape=0.5650
[17:48:07] warmStart (decay=exponential) 20% (201/994) regret=0.102314 ape=0.5650
[17:48:07] warmStart (decay=exponential) 20% (202/994) regret=0.102314 ape=0.5650
[17:48:08] warmStart (decay=exponential) 20% (203/994) regret=0.102314 ape=0.5650
[17:48:08] warmStart (decay=exponential) 20% (204/994) regret=0.102314 ape=0.5650
[17:48:08] warmStart (decay=exponential) 20% (205/994) regret=0.102383 ape=0.5650
[17:48:08] warmStart (decay=exponential) 20% (206/994) regret=0.102314 ape=0.5650
[17:48:08] warmStart (decay=exponential) 20% (207/994) regret=0.102314 ape=0.5650
[17:48:08] warmStart (decay=exponential) 20% (208/994) regret=0.102314 ape=0.5650
[17:48:09] warmStart (decay=exponential) 21% (209/994) regret=0.102314 ape=0.5650
[17:48:09] warmStart (decay=exponential) 21% (210/994) regret=0.102314 ape=0.5650
[17:48:09] warmStart (decay=exponential) 21% (211/994) regret=0.102314 ape=0.5650
[17:48:09] warmStart (decay=exponential) 21% (212/994) regret=0.102314 ape=0.5650
[17:48:09] warmStart (decay=exponential) 21% (213/994) regret=0.102314 ape=0.5650
[17:48:09] warmStart (decay=exponential) 21% (214/994) regret=0.102314 ape=0.5650
[17:48:10] warmStart (decay=exponential) 21% (215/994) regret=0.102314 ape=0.5650
[17:48:10] warmStart (decay=exponential) 21% (216/994) regret=0.102314 ape=0.5650
[17:48:10] warmStart (decay=exponential) 21% (217/994) regret=0.102323 ape=0.5650
[17:48:10] warmStart (decay=exponential) 21% (218/994) regret=0.102314 ape=0.5650
[17:48:10] warmStart (decay=exponential) 22% (219/994) regret=0.102383 ape=0.5650
[17:48:10] warmStart (decay=exponential) 22% (220/994) regret=0.102314 ape=0.5650
[17:48:11] warmStart (decay=exponential) 22% (221/994) regret=0.102314 ape=0.5650
[17:48:11] warmStart (decay=exponential) 22% (222/994) regret=0.102314 ape=0.5650
[17:48:11] warmStart (decay=exponential) 22% (223/994) regret=0.102314 ape=0.5650
[17:48:11] warmStart (decay=exponential) 22% (224/994) regret=0.102042 ape=0.5641
[17:48:11] warmStart (decay=exponential) 22% (225/994) regret=0.102042 ape=0.5641
[17:48:12] warmStart (decay=exponential) 22% (226/994) regret=0.102042 ape=0.5641
[17:48:12] warmStart (decay=exponential) 22% (227/994) regret=0.102042 ape=0.5641
[17:48:12] warmStart (decay=exponential) 22% (228/994) regret=0.102042 ape=0.5641
[17:48:12] warmStart (decay=exponential) 23% (229/994) regret=0.102042 ape=0.5641
[17:48:12] warmStart (decay=exponential) 23% (230/994) regret=0.102042 ape=0.5641
[17:48:12] warmStart (decay=exponential) 23% (231/994) regret=0.102042 ape=0.5641
[17:48:13] warmStart (decay=exponential) 23% (232/994) regret=0.102111 ape=0.5641
[17:48:13] warmStart (decay=exponential) 23% (233/994) regret=0.102111 ape=0.5641
[17:48:13] warmStart (decay=exponential) 23% (234/994) regret=0.102111 ape=0.5641
[17:48:13] warmStart (decay=exponential) 23% (235/994) regret=0.102042 ape=0.5641
[17:48:13] warmStart (decay=exponential) 23% (236/994) regret=0.102042 ape=0.5641
[17:48:14] warmStart (decay=exponential) 23% (237/994) regret=0.102042 ape=0.5641
[17:48:14] warmStart (decay=exponential) 23% (238/994) regret=0.102042 ape=0.5641
[17:48:14] warmStart (decay=exponential) 24% (239/994) regret=0.102042 ape=0.5641
[17:48:14] warmStart (decay=exponential) 24% (240/994) regret=0.102042 ape=0.5641
[17:48:15] warmStart (decay=exponential) 24% (241/994) regret=0.102042 ape=0.5641
[17:48:15] warmStart (decay=exponential) 24% (242/994) regret=0.102042 ape=0.5641
[17:48:15] warmStart (decay=exponential) 24% (243/994) regret=0.102042 ape=0.5641
[17:48:15] warmStart (decay=exponential) 24% (244/994) regret=0.102042 ape=0.5641
[17:48:16] warmStart (decay=exponential) 24% (245/994) regret=0.102042 ape=0.5641
[17:48:16] warmStart (decay=exponential) 24% (246/994) regret=0.101903 ape=0.5641
[17:48:16] warmStart (decay=exponential) 24% (247/994) regret=0.102042 ape=0.5641
[17:48:16] warmStart (decay=exponential) 24% (248/994) regret=0.102111 ape=0.5641
[17:48:17] warmStart (decay=exponential) 25% (249/994) regret=0.102111 ape=0.5641
[17:48:17] warmStart (decay=exponential) 25% (250/994) regret=0.102042 ape=0.5641
[17:48:17] warmStart (decay=exponential) 25% (251/994) regret=0.102042 ape=0.5641
[17:48:17] warmStart (decay=exponential) 25% (252/994) regret=0.102042 ape=0.5641
[17:48:18] warmStart (decay=exponential) 25% (253/994) regret=0.102065 ape=0.5641
[17:48:18] warmStart (decay=exponential) 25% (254/994) regret=0.102042 ape=0.5641
[17:48:18] warmStart (decay=exponential) 25% (255/994) regret=0.102042 ape=0.5641
[17:48:18] warmStart (decay=exponential) 25% (256/994) regret=0.102042 ape=0.5641
[17:48:19] warmStart (decay=exponential) 25% (257/994) regret=0.102042 ape=0.5641
[17:48:19] warmStart (decay=exponential) 25% (258/994) regret=0.102042 ape=0.5641
[17:48:19] warmStart (decay=exponential) 26% (259/994) regret=0.102042 ape=0.5641
[17:48:19] warmStart (decay=exponential) 26% (260/994) regret=0.102042 ape=0.5641
[17:48:20] warmStart (decay=exponential) 26% (261/994) regret=0.102042 ape=0.5641
[17:48:20] warmStart (decay=exponential) 26% (262/994) regret=0.102042 ape=0.5641
[17:48:20] warmStart (decay=exponential) 26% (263/994) regret=0.102083 ape=0.5641
[17:48:20] warmStart (decay=exponential) 26% (264/994) regret=0.102115 ape=0.5641
[17:48:21] warmStart (decay=exponential) 26% (265/994) regret=0.102042 ape=0.5641
[17:48:21] warmStart (decay=exponential) 26% (266/994) regret=0.102042 ape=0.5641
[17:48:21] warmStart (decay=exponential) 26% (267/994) regret=0.102042 ape=0.5641
[17:48:21] warmStart (decay=exponential) 26% (268/994) regret=0.102042 ape=0.5641
[17:48:21] warmStart (decay=exponential) 27% (269/994) regret=0.102042 ape=0.5641
[17:48:22] warmStart (decay=exponential) 27% (270/994) regret=0.102042 ape=0.5641
[17:48:22] warmStart (decay=exponential) 27% (271/994) regret=0.102037 ape=0.5641
[17:48:22] warmStart (decay=exponential) 27% (272/994) regret=0.102037 ape=0.5641
[17:48:22] warmStart (decay=exponential) 27% (273/994) regret=0.102037 ape=0.5641
[17:48:23] warmStart (decay=exponential) 27% (274/994) regret=0.102037 ape=0.5641
[17:48:23] warmStart (decay=exponential) 27% (275/994) regret=0.102037 ape=0.5641
[17:48:23] warmStart (decay=exponential) 27% (276/994) regret=0.102037 ape=0.5641
[17:48:23] warmStart (decay=exponential) 27% (277/994) regret=0.102051 ape=0.5641
[17:48:24] warmStart (decay=exponential) 27% (278/994) regret=0.102071 ape=0.5641
[17:48:24] warmStart (decay=exponential) 28% (279/994) regret=0.102140 ape=0.5641
[17:48:24] warmStart (decay=exponential) 28% (280/994) regret=0.102140 ape=0.5641
[17:48:24] warmStart (decay=exponential) 28% (281/994) regret=0.102071 ape=0.5641
[17:48:25] warmStart (decay=exponential) 28% (282/994) regret=0.102071 ape=0.5641
[17:48:25] warmStart (decay=exponential) 28% (283/994) regret=0.102071 ape=0.5641
[17:48:25] warmStart (decay=exponential) 28% (284/994) regret=0.102035 ape=0.5631
[17:48:25] warmStart (decay=exponential) 28% (285/994) regret=0.102071 ape=0.5641
[17:48:26] warmStart (decay=exponential) 28% (286/994) regret=0.102071 ape=0.5641
[17:48:26] warmStart (decay=exponential) 28% (287/994) regret=0.102071 ape=0.5641
[17:48:26] warmStart (decay=exponential) 28% (288/994) regret=0.102071 ape=0.5641
[17:48:26] warmStart (decay=exponential) 29% (289/994) regret=0.102071 ape=0.5641
[17:48:27] warmStart (decay=exponential) 29% (290/994) regret=0.102071 ape=0.5641
[17:48:27] warmStart (decay=exponential) 29% (291/994) regret=0.102071 ape=0.5641
[17:48:27] warmStart (decay=exponential) 29% (292/994) regret=0.102071 ape=0.5641
[17:48:27] warmStart (decay=exponential) 29% (293/994) regret=0.102072 ape=0.5650
[17:48:28] warmStart (decay=exponential) 29% (294/994) regret=0.102071 ape=0.5641
[17:48:28] warmStart (decay=exponential) 29% (295/994) regret=0.102140 ape=0.5641
[17:48:28] warmStart (decay=exponential) 29% (296/994) regret=0.102140 ape=0.5641
[17:48:28] warmStart (decay=exponential) 29% (297/994) regret=0.102071 ape=0.5641
[17:48:28] warmStart (decay=exponential) 29% (298/994) regret=0.102071 ape=0.5641
[17:48:29] warmStart (decay=exponential) 30% (299/994) regret=0.101744 ape=0.5641
[17:48:29] warmStart (decay=exponential) 30% (300/994) regret=0.101744 ape=0.5641
[17:48:29] warmStart (decay=exponential) 30% (301/994) regret=0.101651 ape=0.5641
[17:48:29] warmStart (decay=exponential) 30% (302/994) regret=0.101744 ape=0.5641
[17:48:30] warmStart (decay=exponential) 30% (303/994) regret=0.101744 ape=0.5641
[17:48:30] warmStart (decay=exponential) 30% (304/994) regret=0.101751 ape=0.5641
[17:48:30] warmStart (decay=exponential) 30% (305/994) regret=0.101744 ape=0.5641
[17:48:30] warmStart (decay=exponential) 30% (306/994) regret=0.101744 ape=0.5641
[17:48:31] warmStart (decay=exponential) 30% (307/994) regret=0.101744 ape=0.5641
[17:48:31] warmStart (decay=exponential) 30% (308/994) regret=0.101745 ape=0.5650
[17:48:31] warmStart (decay=exponential) 31% (309/994) regret=0.101744 ape=0.5641
[17:48:31] warmStart (decay=exponential) 31% (310/994) regret=0.101744 ape=0.5641
[17:48:32] warmStart (decay=exponential) 31% (311/994) regret=0.101813 ape=0.5641
[17:48:32] warmStart (decay=exponential) 31% (312/994) regret=0.101813 ape=0.5641
[17:48:32] warmStart (decay=exponential) 31% (313/994) regret=0.101744 ape=0.5641
[17:48:32] warmStart (decay=exponential) 31% (314/994) regret=0.101744 ape=0.5641
[17:48:33] warmStart (decay=exponential) 31% (315/994) regret=0.101439 ape=0.5631
[17:48:33] warmStart (decay=exponential) 31% (316/994) regret=0.101744 ape=0.5641
[17:48:33] warmStart (decay=exponential) 31% (317/994) regret=0.101767 ape=0.5641
[17:48:33] warmStart (decay=exponential) 31% (318/994) regret=0.101762 ape=0.5641
[17:48:34] warmStart (decay=exponential) 32% (319/994) regret=0.101762 ape=0.5641
[17:48:34] warmStart (decay=exponential) 32% (320/994) regret=0.101762 ape=0.5641
[17:48:34] warmStart (decay=exponential) 32% (321/994) regret=0.101762 ape=0.5641
[17:48:34] warmStart (decay=exponential) 32% (322/994) regret=0.101762 ape=0.5641
[17:48:35] warmStart (decay=exponential) 32% (323/994) regret=0.101764 ape=0.5641
[17:48:35] warmStart (decay=exponential) 32% (324/994) regret=0.101762 ape=0.5641
[17:48:35] warmStart (decay=exponential) 32% (325/994) regret=0.101762 ape=0.5641
[17:48:35] warmStart (decay=exponential) 32% (326/994) regret=0.101762 ape=0.5641
[17:48:36] warmStart (decay=exponential) 32% (327/994) regret=0.101831 ape=0.5641
[17:48:36] warmStart (decay=exponential) 32% (328/994) regret=0.101739 ape=0.5641
[17:48:36] warmStart (decay=exponential) 33% (329/994) regret=0.101831 ape=0.5641
[17:48:36] warmStart (decay=exponential) 33% (330/994) regret=0.101762 ape=0.5641
[17:48:37] warmStart (decay=exponential) 33% (331/994) regret=0.101762 ape=0.5641
[17:48:37] warmStart (decay=exponential) 33% (332/994) regret=0.101762 ape=0.5641
[17:48:37] warmStart (decay=exponential) 33% (333/994) regret=0.101762 ape=0.5641
[17:48:37] warmStart (decay=exponential) 33% (334/994) regret=0.101762 ape=0.5641
[17:48:38] warmStart (decay=exponential) 33% (335/994) regret=0.101762 ape=0.5641
[17:48:38] warmStart (decay=exponential) 33% (336/994) regret=0.101762 ape=0.5641
[17:48:38] warmStart (decay=exponential) 33% (337/994) regret=0.101762 ape=0.5641
[17:48:38] warmStart (decay=exponential) 34% (338/994) regret=0.101762 ape=0.5641
[17:48:39] warmStart (decay=exponential) 34% (339/994) regret=0.101762 ape=0.5641
[17:48:39] warmStart (decay=exponential) 34% (340/994) regret=0.101762 ape=0.5641
[17:48:39] warmStart (decay=exponential) 34% (341/994) regret=0.101762 ape=0.5641
[17:48:39] warmStart (decay=exponential) 34% (342/994) regret=0.101767 ape=0.5650
[17:48:40] warmStart (decay=exponential) 34% (343/994) regret=0.101762 ape=0.5641
[17:48:40] warmStart (decay=exponential) 34% (344/994) regret=0.101762 ape=0.5641
[17:48:40] warmStart (decay=exponential) 34% (345/994) regret=0.101785 ape=0.5641
[17:48:40] warmStart (decay=exponential) 34% (346/994) regret=0.101831 ape=0.5641
[17:48:41] warmStart (decay=exponential) 34% (347/994) regret=0.101831 ape=0.5641
[17:48:41] warmStart (decay=exponential) 35% (348/994) regret=0.101762 ape=0.5641
[17:48:41] warmStart (decay=exponential) 35% (349/994) regret=0.101762 ape=0.5641
[17:48:41] warmStart (decay=exponential) 35% (350/994) regret=0.101762 ape=0.5641
[17:48:42] warmStart (decay=exponential) 35% (351/994) regret=0.101762 ape=0.5641
[17:48:42] warmStart (decay=exponential) 35% (352/994) regret=0.101762 ape=0.5641
[17:48:42] warmStart (decay=exponential) 35% (353/994) regret=0.101762 ape=0.5641
[17:48:42] warmStart (decay=exponential) 35% (354/994) regret=0.101767 ape=0.5641
[17:48:43] warmStart (decay=exponential) 35% (355/994) regret=0.101762 ape=0.5641
[17:48:43] warmStart (decay=exponential) 35% (356/994) regret=0.101762 ape=0.5641
[17:48:43] warmStart (decay=exponential) 35% (357/994) regret=0.101458 ape=0.5631
[17:48:43] warmStart (decay=exponential) 36% (358/994) regret=0.101753 ape=0.5641
[17:48:43] warmStart (decay=exponential) 36% (359/994) regret=0.101762 ape=0.5641
[17:48:44] warmStart (decay=exponential) 36% (360/994) regret=0.101762 ape=0.5641
[17:48:44] warmStart (decay=exponential) 36% (361/994) regret=0.101762 ape=0.5641
[17:48:44] warmStart (decay=exponential) 36% (362/994) regret=0.101813 ape=0.5650
[17:48:44] warmStart (decay=exponential) 36% (363/994) regret=0.101882 ape=0.5650
[17:48:45] warmStart (decay=exponential) 36% (364/994) regret=0.101882 ape=0.5650
[17:48:45] warmStart (decay=exponential) 36% (365/994) regret=0.101744 ape=0.5650
[17:48:45] warmStart (decay=exponential) 36% (366/994) regret=0.101882 ape=0.5650
[17:48:45] warmStart (decay=exponential) 36% (367/994) regret=0.101813 ape=0.5650
[17:48:46] warmStart (decay=exponential) 37% (368/994) regret=0.101813 ape=0.5650
[17:48:46] warmStart (decay=exponential) 37% (369/994) regret=0.101813 ape=0.5650
[17:48:46] warmStart (decay=exponential) 37% (370/994) regret=0.101791 ape=0.5650
[17:48:46] warmStart (decay=exponential) 37% (371/994) regret=0.101791 ape=0.5650
[17:48:47] warmStart (decay=exponential) 37% (372/994) regret=0.101791 ape=0.5650
[17:48:47] warmStart (decay=exponential) 37% (373/994) regret=0.101814 ape=0.5650
[17:48:47] warmStart (decay=exponential) 37% (374/994) regret=0.101791 ape=0.5650
[17:48:47] warmStart (decay=exponential) 37% (375/994) regret=0.101791 ape=0.5650
[17:48:48] warmStart (decay=exponential) 37% (376/994) regret=0.101791 ape=0.5650
[17:48:48] warmStart (decay=exponential) 37% (377/994) regret=0.101791 ape=0.5650
[17:48:48] warmStart (decay=exponential) 38% (378/994) regret=0.101791 ape=0.5650
[17:48:48] warmStart (decay=exponential) 38% (379/994) regret=0.101791 ape=0.5650
[17:48:49] warmStart (decay=exponential) 38% (380/994) regret=0.101791 ape=0.5650
[17:48:49] warmStart (decay=exponential) 38% (381/994) regret=0.101791 ape=0.5650
[17:48:49] warmStart (decay=exponential) 38% (382/994) regret=0.101860 ape=0.5650
[17:48:49] warmStart (decay=exponential) 38% (383/994) regret=0.101860 ape=0.5650
[17:48:50] warmStart (decay=exponential) 38% (384/994) regret=0.101791 ape=0.5650
[17:48:50] warmStart (decay=exponential) 38% (385/994) regret=0.101791 ape=0.5650
[17:48:50] warmStart (decay=exponential) 38% (386/994) regret=0.101764 ape=0.5650
[17:48:50] warmStart (decay=exponential) 38% (387/994) regret=0.101791 ape=0.5650
[17:48:51] warmStart (decay=exponential) 39% (388/994) regret=0.101805 ape=0.5650
[17:48:51] warmStart (decay=exponential) 39% (389/994) regret=0.101787 ape=0.5650
[17:48:51] warmStart (decay=exponential) 39% (390/994) regret=0.101791 ape=0.5650
[17:48:51] warmStart (decay=exponential) 39% (391/994) regret=0.101791 ape=0.5650
[17:48:51] warmStart (decay=exponential) 39% (392/994) regret=0.101616 ape=0.5641
[17:48:52] warmStart (decay=exponential) 39% (393/994) regret=0.101616 ape=0.5641
[17:48:52] warmStart (decay=exponential) 39% (394/994) regret=0.101616 ape=0.5641
[17:48:52] warmStart (decay=exponential) 39% (395/994) regret=0.101616 ape=0.5641
[17:48:52] warmStart (decay=exponential) 39% (396/994) regret=0.101616 ape=0.5641
[17:48:53] warmStart (decay=exponential) 39% (397/994) regret=0.101616 ape=0.5641
[17:48:53] warmStart (decay=exponential) 40% (398/994) regret=0.101616 ape=0.5641
[17:48:53] warmStart (decay=exponential) 40% (399/994) regret=0.101404 ape=0.5641
[17:48:53] warmStart (decay=exponential) 40% (400/994) regret=0.101685 ape=0.5641
[17:48:54] warmStart (decay=exponential) 40% (401/994) regret=0.101660 ape=0.5641
[17:48:54] warmStart (decay=exponential) 40% (402/994) regret=0.101616 ape=0.5641
[17:48:54] warmStart (decay=exponential) 40% (403/994) regret=0.101616 ape=0.5641
[17:48:54] warmStart (decay=exponential) 40% (404/994) regret=0.101616 ape=0.5641
[17:48:55] warmStart (decay=exponential) 40% (405/994) regret=0.101616 ape=0.5641
[17:48:55] warmStart (decay=exponential) 40% (406/994) regret=0.101616 ape=0.5641
[17:48:55] warmStart (decay=exponential) 40% (407/994) regret=0.101616 ape=0.5641
[17:48:55] warmStart (decay=exponential) 41% (408/994) regret=0.101616 ape=0.5641
[17:48:56] warmStart (decay=exponential) 41% (409/994) regret=0.101616 ape=0.5641
[17:48:56] warmStart (decay=exponential) 41% (410/994) regret=0.101616 ape=0.5641
[17:48:56] warmStart (decay=exponential) 41% (411/994) regret=0.101616 ape=0.5641
[17:48:56] warmStart (decay=exponential) 41% (412/994) regret=0.101616 ape=0.5641
[17:48:57] warmStart (decay=exponential) 41% (413/994) regret=0.101616 ape=0.5641
[17:48:57] warmStart (decay=exponential) 41% (414/994) regret=0.101616 ape=0.5641
[17:48:57] warmStart (decay=exponential) 41% (415/994) regret=0.101616 ape=0.5641
[17:48:57] warmStart (decay=exponential) 41% (416/994) regret=0.101478 ape=0.5641
[17:48:58] warmStart (decay=exponential) 41% (417/994) regret=0.101478 ape=0.5641
[17:48:58] warmStart (decay=exponential) 42% (418/994) regret=0.101446 ape=0.5641
[17:48:58] warmStart (decay=exponential) 42% (419/994) regret=0.101547 ape=0.5641
[17:48:58] warmStart (decay=exponential) 42% (420/994) regret=0.101555 ape=0.5641
[17:48:59] warmStart (decay=exponential) 42% (421/994) regret=0.101578 ape=0.5641
[17:48:59] warmStart (decay=exponential) 42% (422/994) regret=0.101555 ape=0.5641
[17:48:59] warmStart (decay=exponential) 42% (423/994) regret=0.101486 ape=0.5641
[17:48:59] warmStart (decay=exponential) 42% (424/994) regret=0.101486 ape=0.5641
[17:49:00] warmStart (decay=exponential) 42% (425/994) regret=0.101486 ape=0.5641
[17:49:00] warmStart (decay=exponential) 42% (426/994) regret=0.101486 ape=0.5641
[17:49:00] warmStart (decay=exponential) 42% (427/994) regret=0.101486 ape=0.5641
[17:49:00] warmStart (decay=exponential) 43% (428/994) regret=0.101486 ape=0.5641
[17:49:01] warmStart (decay=exponential) 43% (429/994) regret=0.101486 ape=0.5641
[17:49:01] warmStart (decay=exponential) 43% (430/994) regret=0.101458 ape=0.5641
[17:49:01] warmStart (decay=exponential) 43% (431/994) regret=0.101486 ape=0.5641
[17:49:01] warmStart (decay=exponential) 43% (432/994) regret=0.101486 ape=0.5641
[17:49:02] warmStart (decay=exponential) 43% (433/994) regret=0.101486 ape=0.5641
[17:49:02] warmStart (decay=exponential) 43% (434/994) regret=0.101486 ape=0.5641
[17:49:02] warmStart (decay=exponential) 43% (435/994) regret=0.101045 ape=0.5641
[17:49:02] warmStart (decay=exponential) 43% (436/994) regret=0.101045 ape=0.5641
[17:49:03] warmStart (decay=exponential) 43% (437/994) regret=0.101045 ape=0.5641
[17:49:03] warmStart (decay=exponential) 44% (438/994) regret=0.101045 ape=0.5641
[17:49:03] warmStart (decay=exponential) 44% (439/994) regret=0.101045 ape=0.5641
[17:49:03] warmStart (decay=exponential) 44% (440/994) regret=0.101114 ape=0.5641
[17:49:04] warmStart (decay=exponential) 44% (441/994) regret=0.101114 ape=0.5641
[17:49:04] warmStart (decay=exponential) 44% (442/994) regret=0.101114 ape=0.5641
[17:49:04] warmStart (decay=exponential) 44% (443/994) regret=0.101045 ape=0.5641
[17:49:05] warmStart (decay=exponential) 44% (444/994) regret=0.101011 ape=0.5641
[17:49:05] warmStart (decay=exponential) 44% (445/994) regret=0.101011 ape=0.5641
[17:49:05] warmStart (decay=exponential) 44% (446/994) regret=0.101045 ape=0.5641
[17:49:05] warmStart (decay=exponential) 44% (447/994) regret=0.101072 ape=0.5641
[17:49:05] warmStart (decay=exponential) 45% (448/994) regret=0.101045 ape=0.5641
[17:49:06] warmStart (decay=exponential) 45% (449/994) regret=0.101045 ape=0.5641
[17:49:06] warmStart (decay=exponential) 45% (450/994) regret=0.101045 ape=0.5641
[17:49:06] warmStart (decay=exponential) 45% (451/994) regret=0.101045 ape=0.5641
[17:49:06] warmStart (decay=exponential) 45% (452/994) regret=0.100741 ape=0.5631
[17:49:07] warmStart (decay=exponential) 45% (453/994) regret=0.101045 ape=0.5641
[17:49:07] warmStart (decay=exponential) 45% (454/994) regret=0.101045 ape=0.5641
[17:49:07] warmStart (decay=exponential) 45% (455/994) regret=0.101045 ape=0.5641
[17:49:07] warmStart (decay=exponential) 45% (456/994) regret=0.101045 ape=0.5641
[17:49:08] warmStart (decay=exponential) 45% (457/994) regret=0.101045 ape=0.5641
[17:49:08] warmStart (decay=exponential) 46% (458/994) regret=0.101114 ape=0.5641
[17:49:08] warmStart (decay=exponential) 46% (459/994) regret=0.101114 ape=0.5641
[17:49:08] warmStart (decay=exponential) 46% (460/994) regret=0.101114 ape=0.5641
[17:49:09] warmStart (decay=exponential) 46% (461/994) regret=0.101114 ape=0.5641
[17:49:09] warmStart (decay=exponential) 46% (462/994) regret=0.101045 ape=0.5641
[17:49:09] warmStart (decay=exponential) 46% (463/994) regret=0.101012 ape=0.5641
[17:49:09] warmStart (decay=exponential) 46% (464/994) regret=0.101045 ape=0.5641
[17:49:10] warmStart (decay=exponential) 46% (465/994) regret=0.101045 ape=0.5641
[17:49:10] warmStart (decay=exponential) 46% (466/994) regret=0.101045 ape=0.5641
[17:49:10] warmStart (decay=exponential) 46% (467/994) regret=0.101045 ape=0.5641
[17:49:10] warmStart (decay=exponential) 47% (468/994) regret=0.101045 ape=0.5641
[17:49:11] warmStart (decay=exponential) 47% (469/994) regret=0.101045 ape=0.5641
[17:49:11] warmStart (decay=exponential) 47% (470/994) regret=0.101045 ape=0.5641
[17:49:11] warmStart (decay=exponential) 47% (471/994) regret=0.101045 ape=0.5641
[17:49:11] warmStart (decay=exponential) 47% (472/994) regret=0.101045 ape=0.5641
[17:49:12] warmStart (decay=exponential) 47% (473/994) regret=0.101045 ape=0.5641
[17:49:12] warmStart (decay=exponential) 47% (474/994) regret=0.101045 ape=0.5641
[17:49:12] warmStart (decay=exponential) 47% (475/994) regret=0.101045 ape=0.5641
[17:49:12] warmStart (decay=exponential) 47% (476/994) regret=0.101045 ape=0.5641
[17:49:13] warmStart (decay=exponential) 47% (477/994) regret=0.101045 ape=0.5641
[17:49:13] warmStart (decay=exponential) 48% (478/994) regret=0.101045 ape=0.5641
[17:49:13] warmStart (decay=exponential) 48% (479/994) regret=0.101045 ape=0.5641
[17:49:13] warmStart (decay=exponential) 48% (480/994) regret=0.101045 ape=0.5641
[17:49:14] warmStart (decay=exponential) 48% (481/994) regret=0.101045 ape=0.5641
[17:49:14] warmStart (decay=exponential) 48% (482/994) regret=0.101045 ape=0.5641
[17:49:14] warmStart (decay=exponential) 48% (483/994) regret=0.101045 ape=0.5641
[17:49:14] warmStart (decay=exponential) 48% (484/994) regret=0.101045 ape=0.5641
[17:49:15] warmStart (decay=exponential) 48% (485/994) regret=0.101045 ape=0.5641
[17:49:15] warmStart (decay=exponential) 48% (486/994) regret=0.101045 ape=0.5641
[17:49:15] warmStart (decay=exponential) 48% (487/994) regret=0.101045 ape=0.5641
[17:49:15] warmStart (decay=exponential) 49% (488/994) regret=0.101045 ape=0.5641
[17:49:16] warmStart (decay=exponential) 49% (489/994) regret=0.101045 ape=0.5641
[17:49:16] warmStart (decay=exponential) 49% (490/994) regret=0.101045 ape=0.5641
[17:49:16] warmStart (decay=exponential) 49% (491/994) regret=0.101017 ape=0.5641
[17:49:16] warmStart (decay=exponential) 49% (492/994) regret=0.101045 ape=0.5641
[17:49:17] warmStart (decay=exponential) 49% (493/994) regret=0.101045 ape=0.5641
[17:49:17] warmStart (decay=exponential) 49% (494/994) regret=0.101045 ape=0.5641
[17:49:17] warmStart (decay=exponential) 49% (495/994) regret=0.101045 ape=0.5641
[17:49:17] warmStart (decay=exponential) 49% (496/994) regret=0.101045 ape=0.5641
[17:49:18] warmStart (decay=exponential) 50% (497/994) regret=0.101045 ape=0.5641
[17:49:18] warmStart (decay=exponential) 50% (498/994) regret=0.101045 ape=0.5641
[17:49:18] warmStart (decay=exponential) 50% (499/994) regret=0.101045 ape=0.5641
[17:49:18] warmStart (decay=exponential) 50% (500/994) regret=0.101045 ape=0.5641
[17:49:19] warmStart (decay=exponential) 50% (501/994) regret=0.101045 ape=0.5641
[17:49:19] warmStart (decay=exponential) 50% (502/994) regret=0.101059 ape=0.5641
[17:49:19] warmStart (decay=exponential) 50% (503/994) regret=0.101045 ape=0.5641
[17:49:19] warmStart (decay=exponential) 50% (504/994) regret=0.101045 ape=0.5641
[17:49:19] warmStart (decay=exponential) 50% (505/994) regret=0.101045 ape=0.5641
[17:49:20] warmStart (decay=exponential) 50% (506/994) regret=0.101045 ape=0.5641
[17:49:20] warmStart (decay=exponential) 51% (507/994) regret=0.101048 ape=0.5641
[17:49:20] warmStart (decay=exponential) 51% (508/994) regret=0.101045 ape=0.5641
[17:49:20] warmStart (decay=exponential) 51% (509/994) regret=0.101045 ape=0.5641
[17:49:21] warmStart (decay=exponential) 51% (510/994) regret=0.101045 ape=0.5641
[17:49:21] warmStart (decay=exponential) 51% (511/994) regret=0.101045 ape=0.5641
[17:49:21] warmStart (decay=exponential) 51% (512/994) regret=0.101045 ape=0.5641
[17:49:21] warmStart (decay=exponential) 51% (513/994) regret=0.101045 ape=0.5641
[17:49:22] warmStart (decay=exponential) 51% (514/994) regret=0.101045 ape=0.5641
[17:49:22] warmStart (decay=exponential) 51% (515/994) regret=0.101123 ape=0.5641
[17:49:22] warmStart (decay=exponential) 51% (516/994) regret=0.100870 ape=0.5631
[17:49:23] warmStart (decay=exponential) 52% (517/994) regret=0.100985 ape=0.5641
[17:49:23] warmStart (decay=exponential) 52% (518/994) regret=0.100985 ape=0.5641
[17:49:23] warmStart (decay=exponential) 52% (519/994) regret=0.100985 ape=0.5641
[17:49:23] warmStart (decay=exponential) 52% (520/994) regret=0.100985 ape=0.5641
[17:49:24] warmStart (decay=exponential) 52% (521/994) regret=0.100985 ape=0.5641
[17:49:24] warmStart (decay=exponential) 52% (522/994) regret=0.100985 ape=0.5641
[17:49:24] warmStart (decay=exponential) 52% (523/994) regret=0.100985 ape=0.5641
[17:49:24] warmStart (decay=exponential) 52% (524/994) regret=0.100985 ape=0.5641
[17:49:25] warmStart (decay=exponential) 52% (525/994) regret=0.100957 ape=0.5641
[17:49:25] warmStart (decay=exponential) 52% (526/994) regret=0.100985 ape=0.5641
[17:49:25] warmStart (decay=exponential) 53% (527/994) regret=0.100985 ape=0.5641
[17:49:25] warmStart (decay=exponential) 53% (528/994) regret=0.100985 ape=0.5641
[17:49:25] warmStart (decay=exponential) 53% (529/994) regret=0.100985 ape=0.5641
[17:49:26] warmStart (decay=exponential) 53% (530/994) regret=0.100985 ape=0.5641
[17:49:26] warmStart (decay=exponential) 53% (531/994) regret=0.100985 ape=0.5641
[17:49:26] warmStart (decay=exponential) 53% (532/994) regret=0.100985 ape=0.5641
[17:49:26] warmStart (decay=exponential) 53% (533/994) regret=0.100985 ape=0.5641
[17:49:27] warmStart (decay=exponential) 53% (534/994) regret=0.100985 ape=0.5641
[17:49:27] warmStart (decay=exponential) 53% (535/994) regret=0.100985 ape=0.5641
[17:49:27] warmStart (decay=exponential) 53% (536/994) regret=0.100985 ape=0.5641
[17:49:27] warmStart (decay=exponential) 54% (537/994) regret=0.100985 ape=0.5641
[17:49:28] warmStart (decay=exponential) 54% (538/994) regret=0.100985 ape=0.5641
[17:49:28] warmStart (decay=exponential) 54% (539/994) regret=0.100985 ape=0.5641
[17:49:28] warmStart (decay=exponential) 54% (540/994) regret=0.100953 ape=0.5641
[17:49:28] warmStart (decay=exponential) 54% (541/994) regret=0.100985 ape=0.5641
[17:49:29] warmStart (decay=exponential) 54% (542/994) regret=0.100985 ape=0.5641
[17:49:29] warmStart (decay=exponential) 54% (543/994) regret=0.100985 ape=0.5641
[17:49:29] warmStart (decay=exponential) 54% (544/994) regret=0.100985 ape=0.5641
[17:49:29] warmStart (decay=exponential) 54% (545/994) regret=0.100985 ape=0.5641
[17:49:30] warmStart (decay=exponential) 54% (546/994) regret=0.100722 ape=0.5641
[17:49:30] warmStart (decay=exponential) 55% (547/994) regret=0.100722 ape=0.5641
[17:49:30] warmStart (decay=exponential) 55% (548/994) regret=0.100722 ape=0.5641
[17:49:31] warmStart (decay=exponential) 55% (549/994) regret=0.100722 ape=0.5641
[17:49:31] warmStart (decay=exponential) 55% (550/994) regret=0.100722 ape=0.5641
[17:49:31] warmStart (decay=exponential) 55% (551/994) regret=0.100686 ape=0.5631
[17:49:31] warmStart (decay=exponential) 55% (552/994) regret=0.100722 ape=0.5641
[17:49:32] warmStart (decay=exponential) 55% (553/994) regret=0.100722 ape=0.5641
[17:49:32] warmStart (decay=exponential) 55% (554/994) regret=0.100612 ape=0.5631
[17:49:32] warmStart (decay=exponential) 55% (555/994) regret=0.100612 ape=0.5631
[17:49:32] warmStart (decay=exponential) 55% (556/994) regret=0.100612 ape=0.5631
[17:49:32] warmStart (decay=exponential) 56% (557/994) regret=0.100613 ape=0.5631
[17:49:33] warmStart (decay=exponential) 56% (558/994) regret=0.100612 ape=0.5631
[17:49:33] warmStart (decay=exponential) 56% (559/994) regret=0.100612 ape=0.5631
[17:49:33] warmStart (decay=exponential) 56% (560/994) regret=0.100750 ape=0.5631
[17:49:34] warmStart (decay=exponential) 56% (561/994) regret=0.100252 ape=0.5622
[17:49:34] warmStart (decay=exponential) 56% (562/994) regret=0.100252 ape=0.5622
[17:49:34] warmStart (decay=exponential) 56% (563/994) regret=0.100252 ape=0.5622
[17:49:34] warmStart (decay=exponential) 56% (564/994) regret=0.100252 ape=0.5622
[17:49:35] warmStart (decay=exponential) 56% (565/994) regret=0.100252 ape=0.5622
[17:49:35] warmStart (decay=exponential) 56% (566/994) regret=0.100252 ape=0.5622
[17:49:35] warmStart (decay=exponential) 57% (567/994) regret=0.100252 ape=0.5622
[17:49:35] warmStart (decay=exponential) 57% (568/994) regret=0.099828 ape=0.5622
[17:49:35] warmStart (decay=exponential) 57% (569/994) regret=0.099828 ape=0.5622
[17:49:36] warmStart (decay=exponential) 57% (570/994) regret=0.099828 ape=0.5622
[17:49:36] warmStart (decay=exponential) 57% (571/994) regret=0.099828 ape=0.5622
[17:49:36] warmStart (decay=exponential) 57% (572/994) regret=0.099828 ape=0.5622
[17:49:36] warmStart (decay=exponential) 57% (573/994) regret=0.099828 ape=0.5622
[17:49:37] warmStart (decay=exponential) 57% (574/994) regret=0.099828 ape=0.5622
[17:49:37] warmStart (decay=exponential) 57% (575/994) regret=0.099828 ape=0.5622
[17:49:37] warmStart (decay=exponential) 57% (576/994) regret=0.099828 ape=0.5622
[17:49:38] warmStart (decay=exponential) 58% (577/994) regret=0.099828 ape=0.5622
[17:49:38] warmStart (decay=exponential) 58% (578/994) regret=0.099828 ape=0.5622
[17:49:38] warmStart (decay=exponential) 58% (579/994) regret=0.099828 ape=0.5622
[17:49:38] warmStart (decay=exponential) 58% (580/994) regret=0.099828 ape=0.5622
[17:49:38] warmStart (decay=exponential) 58% (581/994) regret=0.099828 ape=0.5622
[17:49:39] warmStart (decay=exponential) 58% (582/994) regret=0.099830 ape=0.5631
[17:49:39] warmStart (decay=exponential) 58% (583/994) regret=0.099828 ape=0.5622
[17:49:39] warmStart (decay=exponential) 58% (584/994) regret=0.099821 ape=0.5622
[17:49:39] warmStart (decay=exponential) 58% (585/994) regret=0.099828 ape=0.5622
[17:49:40] warmStart (decay=exponential) 58% (586/994) regret=0.099828 ape=0.5622
[17:49:40] warmStart (decay=exponential) 59% (587/994) regret=0.099828 ape=0.5622
[17:49:40] warmStart (decay=exponential) 59% (588/994) regret=0.099828 ape=0.5622
[17:49:40] warmStart (decay=exponential) 59% (589/994) regret=0.099800 ape=0.5622
[17:49:41] warmStart (decay=exponential) 59% (590/994) regret=0.099206 ape=0.5613
[17:49:41] warmStart (decay=exponential) 59% (591/994) regret=0.099206 ape=0.5613
[17:49:41] warmStart (decay=exponential) 59% (592/994) regret=0.099170 ape=0.5604
[17:49:41] warmStart (decay=exponential) 59% (593/994) regret=0.099206 ape=0.5613
[17:49:42] warmStart (decay=exponential) 59% (594/994) regret=0.099206 ape=0.5613
[17:49:42] warmStart (decay=exponential) 59% (595/994) regret=0.099206 ape=0.5613
[17:49:42] warmStart (decay=exponential) 59% (596/994) regret=0.099206 ape=0.5613
[17:49:42] warmStart (decay=exponential) 60% (597/994) regret=0.099206 ape=0.5613
[17:49:43] warmStart (decay=exponential) 60% (598/994) regret=0.099206 ape=0.5613
[17:49:43] warmStart (decay=exponential) 60% (599/994) regret=0.099206 ape=0.5613
[17:49:43] warmStart (decay=exponential) 60% (600/994) regret=0.099178 ape=0.5613
[17:49:43] warmStart (decay=exponential) 60% (601/994) regret=0.099178 ape=0.5613
[17:49:43] warmStart (decay=exponential) 60% (602/994) regret=0.099178 ape=0.5613
[17:49:44] warmStart (decay=exponential) 60% (603/994) regret=0.099178 ape=0.5613
[17:49:44] warmStart (decay=exponential) 60% (604/994) regret=0.099178 ape=0.5613
[17:49:44] warmStart (decay=exponential) 60% (605/994) regret=0.099178 ape=0.5613
[17:49:44] warmStart (decay=exponential) 60% (606/994) regret=0.099178 ape=0.5613
[17:49:45] warmStart (decay=exponential) 61% (607/994) regret=0.099178 ape=0.5613
[17:49:45] warmStart (decay=exponential) 61% (608/994) regret=0.099178 ape=0.5613
[17:49:45] warmStart (decay=exponential) 61% (609/994) regret=0.099178 ape=0.5613
[17:49:45] warmStart (decay=exponential) 61% (610/994) regret=0.099178 ape=0.5613
[17:49:45] warmStart (decay=exponential) 61% (611/994) regret=0.099178 ape=0.5613
[17:49:46] warmStart (decay=exponential) 61% (612/994) regret=0.099178 ape=0.5613
[17:49:46] warmStart (decay=exponential) 61% (613/994) regret=0.099178 ape=0.5613
[17:49:46] warmStart (decay=exponential) 61% (614/994) regret=0.099178 ape=0.5613
[17:49:46] warmStart (decay=exponential) 61% (615/994) regret=0.099178 ape=0.5613
[17:49:46] warmStart (decay=exponential) 61% (616/994) regret=0.099178 ape=0.5613
[17:49:46] warmStart (decay=exponential) 62% (617/994) regret=0.099178 ape=0.5613
[17:49:47] warmStart (decay=exponential) 62% (618/994) regret=0.099178 ape=0.5613
[17:49:47] warmStart (decay=exponential) 62% (619/994) regret=0.099178 ape=0.5613
[17:49:47] warmStart (decay=exponential) 62% (620/994) regret=0.099178 ape=0.5613
[17:49:47] warmStart (decay=exponential) 62% (621/994) regret=0.099178 ape=0.5613
[17:49:47] warmStart (decay=exponential) 62% (622/994) regret=0.099178 ape=0.5613
[17:49:47] warmStart (decay=exponential) 62% (623/994) regret=0.099238 ape=0.5613
[17:49:48] warmStart (decay=exponential) 62% (624/994) regret=0.099238 ape=0.5613
[17:49:48] warmStart (decay=exponential) 62% (625/994) regret=0.099238 ape=0.5613
[17:49:48] warmStart (decay=exponential) 62% (626/994) regret=0.099238 ape=0.5613
[17:49:48] warmStart (decay=exponential) 63% (627/994) regret=0.099238 ape=0.5613
[17:49:48] warmStart (decay=exponential) 63% (628/994) regret=0.099202 ape=0.5604
[17:49:49] warmStart (decay=exponential) 63% (629/994) regret=0.099202 ape=0.5604
[17:49:49] warmStart (decay=exponential) 63% (630/994) regret=0.099202 ape=0.5604
[17:49:49] warmStart (decay=exponential) 63% (631/994) regret=0.099202 ape=0.5604
[17:49:49] warmStart (decay=exponential) 63% (632/994) regret=0.099202 ape=0.5604
[17:49:49] warmStart (decay=exponential) 63% (633/994) regret=0.099202 ape=0.5604
[17:49:49] warmStart (decay=exponential) 63% (634/994) regret=0.099202 ape=0.5604
[17:49:50] warmStart (decay=exponential) 63% (635/994) regret=0.099202 ape=0.5604
[17:49:50] warmStart (decay=exponential) 63% (636/994) regret=0.099202 ape=0.5604
[17:49:50] warmStart (decay=exponential) 64% (637/994) regret=0.099202 ape=0.5604
[17:49:50] warmStart (decay=exponential) 64% (638/994) regret=0.099202 ape=0.5604
[17:49:50] warmStart (decay=exponential) 64% (639/994) regret=0.098898 ape=0.5594
[17:49:50] warmStart (decay=exponential) 64% (640/994) regret=0.099168 ape=0.5604
[17:49:51] warmStart (decay=exponential) 64% (641/994) regret=0.099191 ape=0.5604
[17:49:51] warmStart (decay=exponential) 64% (642/994) regret=0.099196 ape=0.5604
[17:49:51] warmStart (decay=exponential) 64% (643/994) regret=0.099168 ape=0.5604
[17:49:51] warmStart (decay=exponential) 64% (644/994) regret=0.099168 ape=0.5604
[17:49:51] warmStart (decay=exponential) 64% (645/994) regret=0.099168 ape=0.5604
[17:49:51] warmStart (decay=exponential) 64% (646/994) regret=0.099168 ape=0.5604
[17:49:52] warmStart (decay=exponential) 65% (647/994) regret=0.099168 ape=0.5604
[17:49:52] warmStart (decay=exponential) 65% (648/994) regret=0.099168 ape=0.5604
[17:49:52] warmStart (decay=exponential) 65% (649/994) regret=0.099168 ape=0.5604
[17:49:52] warmStart (decay=exponential) 65% (650/994) regret=0.099168 ape=0.5604
[17:49:52] warmStart (decay=exponential) 65% (651/994) regret=0.099168 ape=0.5604
[17:49:52] warmStart (decay=exponential) 65% (652/994) regret=0.099168 ape=0.5604
[17:49:53] warmStart (decay=exponential) 65% (653/994) regret=0.099053 ape=0.5594
[17:49:53] warmStart (decay=exponential) 65% (654/994) regret=0.099168 ape=0.5604
[17:49:53] warmStart (decay=exponential) 65% (655/994) regret=0.099168 ape=0.5604
[17:49:53] warmStart (decay=exponential) 65% (656/994) regret=0.099168 ape=0.5604
[17:49:53] warmStart (decay=exponential) 66% (657/994) regret=0.099168 ape=0.5604
[17:49:53] warmStart (decay=exponential) 66% (658/994) regret=0.099168 ape=0.5604
[17:49:54] warmStart (decay=exponential) 66% (659/994) regret=0.099168 ape=0.5604
[17:49:54] warmStart (decay=exponential) 66% (660/994) regret=0.098864 ape=0.5594
[17:49:54] warmStart (decay=exponential) 66% (661/994) regret=0.098864 ape=0.5594
[17:49:54] warmStart (decay=exponential) 66% (662/994) regret=0.098864 ape=0.5594
[17:49:54] warmStart (decay=exponential) 66% (663/994) regret=0.098864 ape=0.5594
[17:49:55] warmStart (decay=exponential) 66% (664/994) regret=0.098864 ape=0.5594
[17:49:55] warmStart (decay=exponential) 66% (665/994) regret=0.098864 ape=0.5594
[17:49:55] warmStart (decay=exponential) 67% (666/994) regret=0.098864 ape=0.5594
[17:49:55] warmStart (decay=exponential) 67% (667/994) regret=0.098864 ape=0.5594
[17:49:55] warmStart (decay=exponential) 67% (668/994) regret=0.098864 ape=0.5594
[17:49:55] warmStart (decay=exponential) 67% (669/994) regret=0.098892 ape=0.5594
[17:49:56] warmStart (decay=exponential) 67% (670/994) regret=0.098864 ape=0.5594
[17:49:56] warmStart (decay=exponential) 67% (671/994) regret=0.098864 ape=0.5594
[17:49:56] warmStart (decay=exponential) 67% (672/994) regret=0.098846 ape=0.5585
[17:49:56] warmStart (decay=exponential) 67% (673/994) regret=0.098864 ape=0.5594
[17:49:56] warmStart (decay=exponential) 67% (674/994) regret=0.098864 ape=0.5594
[17:49:56] warmStart (decay=exponential) 67% (675/994) regret=0.098864 ape=0.5594
[17:49:57] warmStart (decay=exponential) 68% (676/994) regret=0.098864 ape=0.5594
[17:49:57] warmStart (decay=exponential) 68% (677/994) regret=0.098864 ape=0.5594
[17:49:57] warmStart (decay=exponential) 68% (678/994) regret=0.098864 ape=0.5594
[17:49:57] warmStart (decay=exponential) 68% (679/994) regret=0.098864 ape=0.5594
[17:49:57] warmStart (decay=exponential) 68% (680/994) regret=0.098864 ape=0.5594
[17:49:57] warmStart (decay=exponential) 68% (681/994) regret=0.098864 ape=0.5594
[17:49:58] warmStart (decay=exponential) 68% (682/994) regret=0.098864 ape=0.5594
[17:49:58] warmStart (decay=exponential) 68% (683/994) regret=0.098864 ape=0.5594
[17:49:58] warmStart (decay=exponential) 68% (684/994) regret=0.098864 ape=0.5594
[17:49:58] warmStart (decay=exponential) 68% (685/994) regret=0.098864 ape=0.5594
[17:49:58] warmStart (decay=exponential) 69% (686/994) regret=0.098864 ape=0.5594
[17:49:58] warmStart (decay=exponential) 69% (687/994) regret=0.098864 ape=0.5594
[17:49:59] warmStart (decay=exponential) 69% (688/994) regret=0.098966 ape=0.5594
[17:49:59] warmStart (decay=exponential) 69% (689/994) regret=0.098864 ape=0.5594
[17:49:59] warmStart (decay=exponential) 69% (690/994) regret=0.098883 ape=0.5594
[17:49:59] warmStart (decay=exponential) 69% (691/994) regret=0.098864 ape=0.5594
[17:49:59] warmStart (decay=exponential) 69% (692/994) regret=0.098864 ape=0.5594
[17:50:00] warmStart (decay=exponential) 69% (693/994) regret=0.098864 ape=0.5594
[17:50:00] warmStart (decay=exponential) 69% (694/994) regret=0.098898 ape=0.5594
[17:50:00] warmStart (decay=exponential) 69% (695/994) regret=0.098898 ape=0.5594
[17:50:00] warmStart (decay=exponential) 70% (696/994) regret=0.098898 ape=0.5594
[17:50:00] warmStart (decay=exponential) 70% (697/994) regret=0.098880 ape=0.5594
[17:50:00] warmStart (decay=exponential) 70% (698/994) regret=0.098880 ape=0.5594
[17:50:01] warmStart (decay=exponential) 70% (699/994) regret=0.098880 ape=0.5594
[17:50:01] warmStart (decay=exponential) 70% (700/994) regret=0.098880 ape=0.5594
[17:50:01] warmStart (decay=exponential) 70% (701/994) regret=0.098880 ape=0.5594
[17:50:01] warmStart (decay=exponential) 70% (702/994) regret=0.098880 ape=0.5594
[17:50:01] warmStart (decay=exponential) 70% (703/994) regret=0.098901 ape=0.5594
[17:50:01] warmStart (decay=exponential) 70% (704/994) regret=0.098901 ape=0.5594
[17:50:02] warmStart (decay=exponential) 70% (705/994) regret=0.098901 ape=0.5594
[17:50:02] warmStart (decay=exponential) 71% (706/994) regret=0.098901 ape=0.5594
[17:50:02] warmStart (decay=exponential) 71% (707/994) regret=0.098901 ape=0.5594
[17:50:02] warmStart (decay=exponential) 71% (708/994) regret=0.098901 ape=0.5594
[17:50:02] warmStart (decay=exponential) 71% (709/994) regret=0.098901 ape=0.5594
[17:50:02] warmStart (decay=exponential) 71% (710/994) regret=0.098901 ape=0.5594
[17:50:03] warmStart (decay=exponential) 71% (711/994) regret=0.098901 ape=0.5594
[17:50:03] warmStart (decay=exponential) 71% (712/994) regret=0.098901 ape=0.5594
[17:50:03] warmStart (decay=exponential) 71% (713/994) regret=0.098901 ape=0.5594
[17:50:03] warmStart (decay=exponential) 71% (714/994) regret=0.098901 ape=0.5594
[17:50:03] warmStart (decay=exponential) 71% (715/994) regret=0.098901 ape=0.5594
[17:50:03] warmStart (decay=exponential) 72% (716/994) regret=0.099058 ape=0.5594
[17:50:04] warmStart (decay=exponential) 72% (717/994) regret=0.098901 ape=0.5594
[17:50:04] warmStart (decay=exponential) 72% (718/994) regret=0.099030 ape=0.5594
[17:50:04] warmStart (decay=exponential) 72% (719/994) regret=0.099030 ape=0.5594
[17:50:04] warmStart (decay=exponential) 72% (720/994) regret=0.099030 ape=0.5594
[17:50:04] warmStart (decay=exponential) 72% (721/994) regret=0.099058 ape=0.5594
[17:50:04] warmStart (decay=exponential) 72% (722/994) regret=0.099049 ape=0.5594
[17:50:05] warmStart (decay=exponential) 72% (723/994) regret=0.099030 ape=0.5594
[17:50:05] warmStart (decay=exponential) 72% (724/994) regret=0.099030 ape=0.5594
[17:50:05] warmStart (decay=exponential) 72% (725/994) regret=0.099053 ape=0.5594
[17:50:05] warmStart (decay=exponential) 73% (726/994) regret=0.099030 ape=0.5594
[17:50:05] warmStart (decay=exponential) 73% (727/994) regret=0.098933 ape=0.5585
[17:50:06] warmStart (decay=exponential) 73% (728/994) regret=0.098933 ape=0.5585
[17:50:06] warmStart (decay=exponential) 73% (729/994) regret=0.098933 ape=0.5585
[17:50:06] warmStart (decay=exponential) 73% (730/994) regret=0.098933 ape=0.5585
[17:50:06] warmStart (decay=exponential) 73% (731/994) regret=0.098933 ape=0.5585
[17:50:06] warmStart (decay=exponential) 73% (732/994) regret=0.098933 ape=0.5585
[17:50:06] warmStart (decay=exponential) 73% (733/994) regret=0.098818 ape=0.5576
[17:50:07] warmStart (decay=exponential) 73% (734/994) regret=0.098933 ape=0.5585
[17:50:07] warmStart (decay=exponential) 73% (735/994) regret=0.098961 ape=0.5585
[17:50:07] warmStart (decay=exponential) 74% (736/994) regret=0.098961 ape=0.5585
[17:50:07] warmStart (decay=exponential) 74% (737/994) regret=0.098961 ape=0.5585
[17:50:07] warmStart (decay=exponential) 74% (738/994) regret=0.098961 ape=0.5585
[17:50:07] warmStart (decay=exponential) 74% (739/994) regret=0.098419 ape=0.5576
[17:50:08] warmStart (decay=exponential) 74% (740/994) regret=0.098382 ape=0.5576
[17:50:08] warmStart (decay=exponential) 74% (741/994) regret=0.098382 ape=0.5576
[17:50:08] warmStart (decay=exponential) 74% (742/994) regret=0.098382 ape=0.5576
[17:50:08] warmStart (decay=exponential) 74% (743/994) regret=0.098382 ape=0.5576
[17:50:08] warmStart (decay=exponential) 74% (744/994) regret=0.098382 ape=0.5576
[17:50:08] warmStart (decay=exponential) 74% (745/994) regret=0.098382 ape=0.5576
[17:50:09] warmStart (decay=exponential) 75% (746/994) regret=0.098382 ape=0.5576
[17:50:09] warmStart (decay=exponential) 75% (747/994) regret=0.098409 ape=0.5576
[17:50:09] warmStart (decay=exponential) 75% (748/994) regret=0.098382 ape=0.5576
[17:50:09] warmStart (decay=exponential) 75% (749/994) regret=0.098405 ape=0.5576
[17:50:09] warmStart (decay=exponential) 75% (750/994) regret=0.098382 ape=0.5576
[17:50:10] warmStart (decay=exponential) 75% (751/994) regret=0.098382 ape=0.5576
[17:50:10] warmStart (decay=exponential) 75% (752/994) regret=0.098382 ape=0.5576
[17:50:10] warmStart (decay=exponential) 75% (753/994) regret=0.098267 ape=0.5567
[17:50:10] warmStart (decay=exponential) 75% (754/994) regret=0.098382 ape=0.5576
[17:50:10] warmStart (decay=exponential) 75% (755/994) regret=0.098382 ape=0.5576
[17:50:10] warmStart (decay=exponential) 76% (756/994) regret=0.098382 ape=0.5576
[17:50:11] warmStart (decay=exponential) 76% (757/994) regret=0.098382 ape=0.5576
[17:50:11] warmStart (decay=exponential) 76% (758/994) regret=0.098474 ape=0.5585
[17:50:11] warmStart (decay=exponential) 76% (759/994) regret=0.098474 ape=0.5585
[17:50:11] warmStart (decay=exponential) 76% (760/994) regret=0.098474 ape=0.5585
[17:50:11] warmStart (decay=exponential) 76% (761/994) regret=0.098474 ape=0.5585
[17:50:11] warmStart (decay=exponential) 76% (762/994) regret=0.098359 ape=0.5576
[17:50:12] warmStart (decay=exponential) 76% (763/994) regret=0.098359 ape=0.5576
[17:50:12] warmStart (decay=exponential) 76% (764/994) regret=0.098359 ape=0.5576
[17:50:12] warmStart (decay=exponential) 76% (765/994) regret=0.097870 ape=0.5567
[17:50:12] warmStart (decay=exponential) 77% (766/994) regret=0.097870 ape=0.5567
[17:50:12] warmStart (decay=exponential) 77% (767/994) regret=0.097870 ape=0.5567
[17:50:12] warmStart (decay=exponential) 77% (768/994) regret=0.097870 ape=0.5567
[17:50:13] warmStart (decay=exponential) 77% (769/994) regret=0.097870 ape=0.5567
[17:50:13] warmStart (decay=exponential) 77% (770/994) regret=0.097870 ape=0.5567
[17:50:13] warmStart (decay=exponential) 77% (771/994) regret=0.097870 ape=0.5567
[17:50:13] warmStart (decay=exponential) 77% (772/994) regret=0.097870 ape=0.5567
[17:50:13] warmStart (decay=exponential) 77% (773/994) regret=0.097870 ape=0.5567
[17:50:13] warmStart (decay=exponential) 77% (774/994) regret=0.097870 ape=0.5567
[17:50:14] warmStart (decay=exponential) 77% (775/994) regret=0.097870 ape=0.5567
[17:50:14] warmStart (decay=exponential) 78% (776/994) regret=0.097907 ape=0.5567
[17:50:14] warmStart (decay=exponential) 78% (777/994) regret=0.097837 ape=0.5567
[17:50:14] warmStart (decay=exponential) 78% (778/994) regret=0.097870 ape=0.5567
[17:50:14] warmStart (decay=exponential) 78% (779/994) regret=0.097870 ape=0.5567
[17:50:15] warmStart (decay=exponential) 78% (780/994) regret=0.097870 ape=0.5567
[17:50:15] warmStart (decay=exponential) 78% (781/994) regret=0.097870 ape=0.5567
[17:50:15] warmStart (decay=exponential) 78% (782/994) regret=0.097870 ape=0.5567
[17:50:15] warmStart (decay=exponential) 78% (783/994) regret=0.097870 ape=0.5567
[17:50:15] warmStart (decay=exponential) 78% (784/994) regret=0.097870 ape=0.5567
[17:50:15] warmStart (decay=exponential) 78% (785/994) regret=0.097870 ape=0.5567
[17:50:16] warmStart (decay=exponential) 79% (786/994) regret=0.097870 ape=0.5567
[17:50:16] warmStart (decay=exponential) 79% (787/994) regret=0.097870 ape=0.5567
[17:50:16] warmStart (decay=exponential) 79% (788/994) regret=0.097870 ape=0.5567
[17:50:16] warmStart (decay=exponential) 79% (789/994) regret=0.097870 ape=0.5567
[17:50:16] warmStart (decay=exponential) 79% (790/994) regret=0.097870 ape=0.5567
[17:50:16] warmStart (decay=exponential) 79% (791/994) regret=0.097870 ape=0.5567
[17:50:17] warmStart (decay=exponential) 79% (792/994) regret=0.097870 ape=0.5567
[17:50:17] warmStart (decay=exponential) 79% (793/994) regret=0.097870 ape=0.5567
[17:50:17] warmStart (decay=exponential) 79% (794/994) regret=0.097972 ape=0.5567
[17:50:17] warmStart (decay=exponential) 79% (795/994) regret=0.097870 ape=0.5567
[17:50:17] warmStart (decay=exponential) 80% (796/994) regret=0.097870 ape=0.5567
[17:50:18] warmStart (decay=exponential) 80% (797/994) regret=0.097893 ape=0.5567
[17:50:18] warmStart (decay=exponential) 80% (798/994) regret=0.097870 ape=0.5567
[17:50:18] warmStart (decay=exponential) 80% (799/994) regret=0.097837 ape=0.5567
[17:50:18] warmStart (decay=exponential) 80% (800/994) regret=0.097837 ape=0.5567
[17:50:18] warmStart (decay=exponential) 80% (801/994) regret=0.097837 ape=0.5567
[17:50:18] warmStart (decay=exponential) 80% (802/994) regret=0.097837 ape=0.5567
[17:50:19] warmStart (decay=exponential) 80% (803/994) regret=0.097781 ape=0.5567
[17:50:19] warmStart (decay=exponential) 80% (804/994) regret=0.097781 ape=0.5567
[17:50:19] warmStart (decay=exponential) 80% (805/994) regret=0.097781 ape=0.5567
[17:50:19] warmStart (decay=exponential) 81% (806/994) regret=0.097781 ape=0.5567
[17:50:19] warmStart (decay=exponential) 81% (807/994) regret=0.097781 ape=0.5567
[17:50:19] warmStart (decay=exponential) 81% (808/994) regret=0.097781 ape=0.5567
[17:50:20] warmStart (decay=exponential) 81% (809/994) regret=0.097781 ape=0.5567
[17:50:20] warmStart (decay=exponential) 81% (810/994) regret=0.097781 ape=0.5567
[17:50:20] warmStart (decay=exponential) 81% (811/994) regret=0.097781 ape=0.5567
[17:50:20] warmStart (decay=exponential) 81% (812/994) regret=0.097781 ape=0.5567
[17:50:21] warmStart (decay=exponential) 81% (813/994) regret=0.097781 ape=0.5567
[17:50:21] warmStart (decay=exponential) 81% (814/994) regret=0.097781 ape=0.5567
[17:50:21] warmStart (decay=exponential) 81% (815/994) regret=0.097781 ape=0.5567
[17:50:21] warmStart (decay=exponential) 82% (816/994) regret=0.097938 ape=0.5567
[17:50:22] warmStart (decay=exponential) 82% (817/994) regret=0.097781 ape=0.5567
[17:50:22] warmStart (decay=exponential) 82% (818/994) regret=0.097781 ape=0.5567
[17:50:22] warmStart (decay=exponential) 82% (819/994) regret=0.097781 ape=0.5567
[17:50:22] warmStart (decay=exponential) 82% (820/994) regret=0.097781 ape=0.5567
[17:50:23] warmStart (decay=exponential) 82% (821/994) regret=0.097781 ape=0.5567
[17:50:23] warmStart (decay=exponential) 82% (822/994) regret=0.097781 ape=0.5567
[17:50:23] warmStart (decay=exponential) 82% (823/994) regret=0.097781 ape=0.5567
[17:50:23] warmStart (decay=exponential) 82% (824/994) regret=0.097781 ape=0.5567
[17:50:24] warmStart (decay=exponential) 82% (825/994) regret=0.097781 ape=0.5567
[17:50:24] warmStart (decay=exponential) 83% (826/994) regret=0.097781 ape=0.5567
[17:50:24] warmStart (decay=exponential) 83% (827/994) regret=0.097781 ape=0.5567
[17:50:24] warmStart (decay=exponential) 83% (828/994) regret=0.097781 ape=0.5567
[17:50:25] warmStart (decay=exponential) 83% (829/994) regret=0.097781 ape=0.5567
[17:50:25] warmStart (decay=exponential) 83% (830/994) regret=0.097763 ape=0.5567
[17:50:25] warmStart (decay=exponential) 83% (831/994) regret=0.097763 ape=0.5567
[17:50:25] warmStart (decay=exponential) 83% (832/994) regret=0.097763 ape=0.5567
[17:50:26] warmStart (decay=exponential) 83% (833/994) regret=0.097763 ape=0.5567
[17:50:26] warmStart (decay=exponential) 83% (834/994) regret=0.097763 ape=0.5567
[17:50:26] warmStart (decay=exponential) 84% (835/994) regret=0.097809 ape=0.5567
[17:50:26] warmStart (decay=exponential) 84% (836/994) regret=0.097809 ape=0.5567
[17:50:26] warmStart (decay=exponential) 84% (837/994) regret=0.097809 ape=0.5567
[17:50:27] warmStart (decay=exponential) 84% (838/994) regret=0.097809 ape=0.5567
[17:50:27] warmStart (decay=exponential) 84% (839/994) regret=0.097809 ape=0.5567
[17:50:27] warmStart (decay=exponential) 84% (840/994) regret=0.097809 ape=0.5567
[17:50:27] warmStart (decay=exponential) 84% (841/994) regret=0.097809 ape=0.5567
[17:50:28] warmStart (decay=exponential) 84% (842/994) regret=0.097809 ape=0.5567
[17:50:28] warmStart (decay=exponential) 84% (843/994) regret=0.097809 ape=0.5567
[17:50:28] warmStart (decay=exponential) 84% (844/994) regret=0.097832 ape=0.5567
[17:50:28] warmStart (decay=exponential) 85% (845/994) regret=0.097809 ape=0.5567
[17:50:29] warmStart (decay=exponential) 85% (846/994) regret=0.097809 ape=0.5567
[17:50:29] warmStart (decay=exponential) 85% (847/994) regret=0.097809 ape=0.5567
[17:50:29] warmStart (decay=exponential) 85% (848/994) regret=0.097809 ape=0.5567
[17:50:29] warmStart (decay=exponential) 85% (849/994) regret=0.097809 ape=0.5567
[17:50:29] warmStart (decay=exponential) 85% (850/994) regret=0.097775 ape=0.5567
[17:50:30] warmStart (decay=exponential) 85% (851/994) regret=0.097775 ape=0.5567
[17:50:30] warmStart (decay=exponential) 85% (852/994) regret=0.097766 ape=0.5567
[17:50:30] warmStart (decay=exponential) 85% (853/994) regret=0.097766 ape=0.5567
[17:50:30] warmStart (decay=exponential) 85% (854/994) regret=0.097766 ape=0.5567
[17:50:31] warmStart (decay=exponential) 86% (855/994) regret=0.097784 ape=0.5567
[17:50:31] warmStart (decay=exponential) 86% (856/994) regret=0.097766 ape=0.5567
[17:50:31] warmStart (decay=exponential) 86% (857/994) regret=0.097766 ape=0.5567
[17:50:31] warmStart (decay=exponential) 86% (858/994) regret=0.097766 ape=0.5567
[17:50:32] warmStart (decay=exponential) 86% (859/994) regret=0.097766 ape=0.5567
[17:50:32] warmStart (decay=exponential) 86% (860/994) regret=0.097766 ape=0.5567
[17:50:32] warmStart (decay=exponential) 86% (861/994) regret=0.097766 ape=0.5567
[17:50:32] warmStart (decay=exponential) 86% (862/994) regret=0.097766 ape=0.5567
[17:50:33] warmStart (decay=exponential) 86% (863/994) regret=0.097766 ape=0.5567
[17:50:33] warmStart (decay=exponential) 86% (864/994) regret=0.097766 ape=0.5567
[17:50:33] warmStart (decay=exponential) 87% (865/994) regret=0.097766 ape=0.5567
[17:50:33] warmStart (decay=exponential) 87% (866/994) regret=0.097766 ape=0.5567
[17:50:33] warmStart (decay=exponential) 87% (867/994) regret=0.097766 ape=0.5567
[17:50:34] warmStart (decay=exponential) 87% (868/994) regret=0.097766 ape=0.5567
[17:50:34] warmStart (decay=exponential) 87% (869/994) regret=0.097789 ape=0.5567
[17:50:34] warmStart (decay=exponential) 87% (870/994) regret=0.097766 ape=0.5567
[17:50:34] warmStart (decay=exponential) 87% (871/994) regret=0.097766 ape=0.5567
[17:50:35] warmStart (decay=exponential) 87% (872/994) regret=0.097766 ape=0.5567
[17:50:35] warmStart (decay=exponential) 87% (873/994) regret=0.097766 ape=0.5567
[17:50:35] warmStart (decay=exponential) 87% (874/994) regret=0.097766 ape=0.5567
[17:50:35] warmStart (decay=exponential) 88% (875/994) regret=0.097766 ape=0.5567
[17:50:36] warmStart (decay=exponential) 88% (876/994) regret=0.097766 ape=0.5567
[17:50:36] warmStart (decay=exponential) 88% (877/994) regret=0.097766 ape=0.5567
[17:50:36] warmStart (decay=exponential) 88% (878/994) regret=0.097886 ape=0.5576
[17:50:36] warmStart (decay=exponential) 88% (879/994) regret=0.097886 ape=0.5576
[17:50:37] warmStart (decay=exponential) 88% (880/994) regret=0.097886 ape=0.5576
[17:50:37] warmStart (decay=exponential) 88% (881/994) regret=0.097886 ape=0.5576
[17:50:37] warmStart (decay=exponential) 88% (882/994) regret=0.097886 ape=0.5576
[17:50:37] warmStart (decay=exponential) 88% (883/994) regret=0.097886 ape=0.5576
[17:50:38] warmStart (decay=exponential) 88% (884/994) regret=0.097886 ape=0.5576
[17:50:38] warmStart (decay=exponential) 89% (885/994) regret=0.097886 ape=0.5576
[17:50:38] warmStart (decay=exponential) 89% (886/994) regret=0.097886 ape=0.5576
[17:50:38] warmStart (decay=exponential) 89% (887/994) regret=0.097886 ape=0.5576
[17:50:38] warmStart (decay=exponential) 89% (888/994) regret=0.097858 ape=0.5576
[17:50:39] warmStart (decay=exponential) 89% (889/994) regret=0.097886 ape=0.5576
[17:50:39] warmStart (decay=exponential) 89% (890/994) regret=0.097886 ape=0.5576
[17:50:39] warmStart (decay=exponential) 89% (891/994) regret=0.097886 ape=0.5576
[17:50:39] warmStart (decay=exponential) 89% (892/994) regret=0.097886 ape=0.5576
[17:50:40] warmStart (decay=exponential) 89% (893/994) regret=0.097886 ape=0.5576
[17:50:40] warmStart (decay=exponential) 89% (894/994) regret=0.097886 ape=0.5576
[17:50:40] warmStart (decay=exponential) 90% (895/994) regret=0.097904 ape=0.5576
[17:50:40] warmStart (decay=exponential) 90% (896/994) regret=0.097886 ape=0.5576
[17:50:41] warmStart (decay=exponential) 90% (897/994) regret=0.097982 ape=0.5585
[17:50:41] warmStart (decay=exponential) 90% (898/994) regret=0.097886 ape=0.5576
[17:50:41] warmStart (decay=exponential) 90% (899/994) regret=0.097886 ape=0.5576
[17:50:41] warmStart (decay=exponential) 90% (900/994) regret=0.097886 ape=0.5576
[17:50:42] warmStart (decay=exponential) 90% (901/994) regret=0.097886 ape=0.5576
[17:50:42] warmStart (decay=exponential) 90% (902/994) regret=0.097886 ape=0.5576
[17:50:42] warmStart (decay=exponential) 90% (903/994) regret=0.097886 ape=0.5576
[17:50:42] warmStart (decay=exponential) 90% (904/994) regret=0.097886 ape=0.5576
[17:50:42] warmStart (decay=exponential) 91% (905/994) regret=0.097886 ape=0.5576
[17:50:43] warmStart (decay=exponential) 91% (906/994) regret=0.097886 ape=0.5576
[17:50:43] warmStart (decay=exponential) 91% (907/994) regret=0.097886 ape=0.5576
[17:50:43] warmStart (decay=exponential) 91% (908/994) regret=0.097886 ape=0.5576
[17:50:43] warmStart (decay=exponential) 91% (909/994) regret=0.097886 ape=0.5576
[17:50:44] warmStart (decay=exponential) 91% (910/994) regret=0.097886 ape=0.5576
[17:50:44] warmStart (decay=exponential) 91% (911/994) regret=0.097886 ape=0.5576
[17:50:44] warmStart (decay=exponential) 91% (912/994) regret=0.097886 ape=0.5576
[17:50:44] warmStart (decay=exponential) 91% (913/994) regret=0.097886 ape=0.5576
[17:50:45] warmStart (decay=exponential) 91% (914/994) regret=0.097886 ape=0.5576
[17:50:45] warmStart (decay=exponential) 92% (915/994) regret=0.097886 ape=0.5576
[17:50:45] warmStart (decay=exponential) 92% (916/994) regret=0.097886 ape=0.5576
[17:50:45] warmStart (decay=exponential) 92% (917/994) regret=0.097886 ape=0.5576
[17:50:45] warmStart (decay=exponential) 92% (918/994) regret=0.098190 ape=0.5585
[17:50:46] warmStart (decay=exponential) 92% (919/994) regret=0.097886 ape=0.5576
[17:50:46] warmStart (decay=exponential) 92% (920/994) regret=0.097886 ape=0.5576
[17:50:46] warmStart (decay=exponential) 92% (921/994) regret=0.097886 ape=0.5576
[17:50:46] warmStart (decay=exponential) 92% (922/994) regret=0.097886 ape=0.5576
[17:50:47] warmStart (decay=exponential) 92% (923/994) regret=0.097886 ape=0.5576
[17:50:47] warmStart (decay=exponential) 92% (924/994) regret=0.097886 ape=0.5576
[17:50:47] warmStart (decay=exponential) 93% (925/994) regret=0.097886 ape=0.5576
[17:50:47] warmStart (decay=exponential) 93% (926/994) regret=0.097886 ape=0.5576
[17:50:48] warmStart (decay=exponential) 93% (927/994) regret=0.097886 ape=0.5576
[17:50:48] warmStart (decay=exponential) 93% (928/994) regret=0.097886 ape=0.5576
[17:50:48] warmStart (decay=exponential) 93% (929/994) regret=0.097886 ape=0.5576
[17:50:48] warmStart (decay=exponential) 93% (930/994) regret=0.097886 ape=0.5576
[17:50:49] warmStart (decay=exponential) 93% (931/994) regret=0.097888 ape=0.5576
[17:50:49] warmStart (decay=exponential) 93% (932/994) regret=0.097886 ape=0.5576
[17:50:49] warmStart (decay=exponential) 93% (933/994) regret=0.097886 ape=0.5576
[17:50:49] warmStart (decay=exponential) 93% (934/994) regret=0.097737 ape=0.5567
[17:50:49] warmStart (decay=exponential) 94% (935/994) regret=0.097737 ape=0.5567
[17:50:50] warmStart (decay=exponential) 94% (936/994) regret=0.097737 ape=0.5567
[17:50:50] warmStart (decay=exponential) 94% (937/994) regret=0.097737 ape=0.5567
[17:50:50] warmStart (decay=exponential) 94% (938/994) regret=0.097737 ape=0.5567
[17:50:50] warmStart (decay=exponential) 94% (939/994) regret=0.097760 ape=0.5567
[17:50:51] warmStart (decay=exponential) 94% (940/994) regret=0.097737 ape=0.5567
[17:50:51] warmStart (decay=exponential) 94% (941/994) regret=0.097737 ape=0.5567
[17:50:51] warmStart (decay=exponential) 94% (942/994) regret=0.097737 ape=0.5567
[17:50:51] warmStart (decay=exponential) 94% (943/994) regret=0.097737 ape=0.5567
[17:50:52] warmStart (decay=exponential) 94% (944/994) regret=0.097718 ape=0.5567
[17:50:52] warmStart (decay=exponential) 95% (945/994) regret=0.097737 ape=0.5567
[17:50:52] warmStart (decay=exponential) 95% (946/994) regret=0.097737 ape=0.5567
[17:50:52] warmStart (decay=exponential) 95% (947/994) regret=0.097737 ape=0.5567
[17:50:53] warmStart (decay=exponential) 95% (948/994) regret=0.097737 ape=0.5567
[17:50:53] warmStart (decay=exponential) 95% (949/994) regret=0.097737 ape=0.5567
[17:50:53] warmStart (decay=exponential) 95% (950/994) regret=0.097737 ape=0.5567
[17:50:53] warmStart (decay=exponential) 95% (951/994) regret=0.097737 ape=0.5567
[17:50:54] warmStart (decay=exponential) 95% (952/994) regret=0.097737 ape=0.5567
[17:50:54] warmStart (decay=exponential) 95% (953/994) regret=0.097737 ape=0.5567
[17:50:54] warmStart (decay=exponential) 95% (954/994) regret=0.097400 ape=0.5558
[17:50:54] warmStart (decay=exponential) 96% (955/994) regret=0.097400 ape=0.5558
[17:50:55] warmStart (decay=exponential) 96% (956/994) regret=0.097400 ape=0.5558
[17:50:55] warmStart (decay=exponential) 96% (957/994) regret=0.097373 ape=0.5558
[17:50:55] warmStart (decay=exponential) 96% (958/994) regret=0.097400 ape=0.5558
[17:50:55] warmStart (decay=exponential) 96% (959/994) regret=0.097400 ape=0.5558
[17:50:56] warmStart (decay=exponential) 96% (960/994) regret=0.097400 ape=0.5558
[17:50:56] warmStart (decay=exponential) 96% (961/994) regret=0.097400 ape=0.5558
[17:50:56] warmStart (decay=exponential) 96% (962/994) regret=0.097400 ape=0.5558
[17:50:56] warmStart (decay=exponential) 96% (963/994) regret=0.097400 ape=0.5558
[17:50:56] warmStart (decay=exponential) 96% (964/994) regret=0.097400 ape=0.5558
[17:50:57] warmStart (decay=exponential) 97% (965/994) regret=0.097400 ape=0.5558
[17:50:57] warmStart (decay=exponential) 97% (966/994) regret=0.097423 ape=0.5558
[17:50:57] warmStart (decay=exponential) 97% (967/994) regret=0.097400 ape=0.5558
[17:50:57] warmStart (decay=exponential) 97% (968/994) regret=0.097400 ape=0.5558
[17:50:58] warmStart (decay=exponential) 97% (969/994) regret=0.097368 ape=0.5558
[17:50:58] warmStart (decay=exponential) 97% (970/994) regret=0.097400 ape=0.5558
[17:50:58] warmStart (decay=exponential) 97% (971/994) regret=0.097400 ape=0.5558
[17:50:58] warmStart (decay=exponential) 97% (972/994) regret=0.097400 ape=0.5558
[17:50:59] warmStart (decay=exponential) 97% (973/994) regret=0.097400 ape=0.5558
[17:50:59] warmStart (decay=exponential) 97% (974/994) regret=0.097400 ape=0.5558
[17:50:59] warmStart (decay=exponential) 98% (975/994) regret=0.097400 ape=0.5558
[17:50:59] warmStart (decay=exponential) 98% (976/994) regret=0.097400 ape=0.5558
[17:51:00] warmStart (decay=exponential) 98% (977/994) regret=0.097557 ape=0.5558
[17:51:00] warmStart (decay=exponential) 98% (978/994) regret=0.097234 ape=0.5558
[17:51:00] warmStart (decay=exponential) 98% (979/994) regret=0.097234 ape=0.5558
[17:51:00] warmStart (decay=exponential) 98% (980/994) regret=0.097234 ape=0.5558
[17:51:01] warmStart (decay=exponential) 98% (981/994) regret=0.097268 ape=0.5558
[17:51:01] warmStart (decay=exponential) 98% (982/994) regret=0.097268 ape=0.5558
[17:51:01] warmStart (decay=exponential) 98% (983/994) regret=0.097268 ape=0.5558
[17:51:01] warmStart (decay=exponential) 98% (984/994) regret=0.097268 ape=0.5558
[17:51:02] warmStart (decay=exponential) 99% (985/994) regret=0.097268 ape=0.5558
[17:51:02] warmStart (decay=exponential) 99% (986/994) regret=0.097268 ape=0.5558
[17:51:02] warmStart (decay=exponential) 99% (987/994) regret=0.097250 ape=0.5548
[17:51:02] warmStart (decay=exponential) 99% (988/994) regret=0.097268 ape=0.5558
[17:51:03] warmStart (decay=exponential) 99% (989/994) regret=0.097268 ape=0.5558
[17:51:03] warmStart (decay=exponential) 99% (990/994) regret=0.097296 ape=0.5558
[17:51:03] warmStart (decay=exponential) 99% (991/994) regret=0.097164 ape=0.5558
[17:51:03] warmStart (decay=exponential) 99% (992/994) regret=0.097270 ape=0.5558
[17:51:04] warmStart (decay=exponential) 99% (993/994) regret=0.097268 ape=0.5558
Warm w=200 finished: 993 points, 224.17s wall time
  Final: regret=0.097268, ape=0.5558

Saved: /home/users/g/s/gsavary/LudiiMCTSVariations/slurm_sweep_full_dataset/output_decay/warm_200_decay_exponential_0_00/seed_1/sweep_decay_warm_200_exponential_0.0_1_20260426_175104.json

Generating plots...
Saved: /home/users/g/s/gsavary/LudiiMCTSVariations/slurm_sweep_full_dataset/output_decay/warm_200_decay_exponential_0_00/seed_1/sweep_decay_warm_200_exponential_0.0_1_20260426_175104_regret.png
Saved: /home/users/g/s/gsavary/LudiiMCTSVariations/slurm_sweep_full_dataset/output_decay/warm_200_decay_exponential_0_00/seed_1/sweep_decay_warm_200_exponential_0.0_1_20260426_175104_ape.png

================================================================================
Experiment complete!
================================================================================
Done. Results in: /home/users/g/s/gsavary/LudiiMCTSVariations/slurm_sweep_full_dataset/output_decay/warm_200_decay_exponential_0_00/seed_1
