============================================================
Decay sweep experiment
Method:      warm:50
Decay mode:  exponential
Decay param: 0.15
Seed:        1
Output:      /home/users/g/s/gsavary/LudiiMCTSVariations/slurm_sweep_full_dataset/output_decay/warm_50_decay_exponential_0_15/seed_1
============================================================

================================================================================
SLURM Sweep Experiment with Synthetic Data Decay
================================================================================
Method: warm:50
Decay: exponential (param=0.15)
Time limit: 3600.0s, Seed: 1, Batch size: 20
Output directory: /home/users/g/s/gsavary/LudiiMCTSVariations/slurm_sweep_full_dataset/output_decay/warm_50_decay_exponential_0_15/seed_1

Loading Ludii dataset...
Loaded 1085 games
Using 1085 games (full dataset)

Running timing probe (100 pulls)...
  Estimated secs/pull: 0.023943

Time budget: 3600.0s → ~150356 total pulls
Per-method budget: 21479 pulls (~514.3s)

Computing predictor-only performance...
  Predictions loaded: 23675 agent predictions
  Predictor-only: regret=0.104318, ape=0.4894

Running WARM-START (w=50, decay=exponential param=0.15)...
[17:46:23] warmStart (decay=exponential) 0% (1/1074) regret=0.107639 ape=0.5991
[17:46:23] warmStart (decay=exponential) 0% (2/1074) regret=0.107643 ape=0.6000
[17:46:23] warmStart (decay=exponential) 0% (3/1074) regret=0.107698 ape=0.6000
[17:46:23] warmStart (decay=exponential) 0% (4/1074) regret=0.107643 ape=0.6000
[17:46:24] warmStart (decay=exponential) 0% (5/1074) regret=0.107698 ape=0.6000
[17:46:24] warmStart (decay=exponential) 0% (6/1074) regret=0.107662 ape=0.6000
[17:46:24] warmStart (decay=exponential) 0% (7/1074) regret=0.107662 ape=0.6000
[17:46:24] warmStart (decay=exponential) 0% (8/1074) regret=0.107606 ape=0.6000
[17:46:25] warmStart (decay=exponential) 0% (9/1074) regret=0.107643 ape=0.6000
[17:46:25] warmStart (decay=exponential) 0% (10/1074) regret=0.107643 ape=0.6000
[17:46:25] warmStart (decay=exponential) 1% (11/1074) regret=0.107588 ape=0.6000
[17:46:25] warmStart (decay=exponential) 1% (12/1074) regret=0.107588 ape=0.6000
[17:46:25] warmStart (decay=exponential) 1% (13/1074) regret=0.107588 ape=0.6000
[17:46:26] warmStart (decay=exponential) 1% (14/1074) regret=0.107560 ape=0.5991
[17:46:26] warmStart (decay=exponential) 1% (15/1074) regret=0.107560 ape=0.5991
[17:46:26] warmStart (decay=exponential) 1% (16/1074) regret=0.107560 ape=0.5991
[17:46:26] warmStart (decay=exponential) 1% (17/1074) regret=0.107560 ape=0.5991
[17:46:27] warmStart (decay=exponential) 1% (18/1074) regret=0.107560 ape=0.5991
[17:46:27] warmStart (decay=exponential) 1% (19/1074) regret=0.107560 ape=0.5991
[17:46:27] warmStart (decay=exponential) 1% (20/1074) regret=0.107560 ape=0.5991
[17:46:27] warmStart (decay=exponential) 1% (21/1074) regret=0.107560 ape=0.5991
[17:46:27] warmStart (decay=exponential) 2% (22/1074) regret=0.107560 ape=0.5991
[17:46:28] warmStart (decay=exponential) 2% (23/1074) regret=0.107560 ape=0.5991
[17:46:28] warmStart (decay=exponential) 2% (24/1074) regret=0.107560 ape=0.5991
[17:46:28] warmStart (decay=exponential) 2% (25/1074) regret=0.107560 ape=0.5991
[17:46:28] warmStart (decay=exponential) 2% (26/1074) regret=0.107560 ape=0.5991
[17:46:29] warmStart (decay=exponential) 2% (27/1074) regret=0.107560 ape=0.5991
[17:46:29] warmStart (decay=exponential) 2% (28/1074) regret=0.107560 ape=0.5991
[17:46:29] warmStart (decay=exponential) 2% (29/1074) regret=0.107560 ape=0.5991
[17:46:29] warmStart (decay=exponential) 2% (30/1074) regret=0.107560 ape=0.5991
[17:46:29] warmStart (decay=exponential) 2% (31/1074) regret=0.107560 ape=0.5991
[17:46:30] warmStart (decay=exponential) 2% (32/1074) regret=0.107560 ape=0.5991
[17:46:30] warmStart (decay=exponential) 3% (33/1074) regret=0.107560 ape=0.5991
[17:46:30] warmStart (decay=exponential) 3% (34/1074) regret=0.107560 ape=0.5991
[17:46:30] warmStart (decay=exponential) 3% (35/1074) regret=0.107560 ape=0.5991
[17:46:30] warmStart (decay=exponential) 3% (36/1074) regret=0.107560 ape=0.5991
[17:46:31] warmStart (decay=exponential) 3% (37/1074) regret=0.107560 ape=0.5991
[17:46:31] warmStart (decay=exponential) 3% (38/1074) regret=0.107560 ape=0.5991
[17:46:31] warmStart (decay=exponential) 3% (39/1074) regret=0.107560 ape=0.5991
[17:46:31] warmStart (decay=exponential) 3% (40/1074) regret=0.107560 ape=0.5991
[17:46:31] warmStart (decay=exponential) 3% (41/1074) regret=0.107560 ape=0.5991
[17:46:32] warmStart (decay=exponential) 3% (42/1074) regret=0.107560 ape=0.5991
[17:46:32] warmStart (decay=exponential) 4% (43/1074) regret=0.107560 ape=0.5991
[17:46:32] warmStart (decay=exponential) 4% (44/1074) regret=0.107560 ape=0.5991
[17:46:32] warmStart (decay=exponential) 4% (45/1074) regret=0.107560 ape=0.5991
[17:46:33] warmStart (decay=exponential) 4% (46/1074) regret=0.107560 ape=0.5991
[17:46:33] warmStart (decay=exponential) 4% (47/1074) regret=0.107560 ape=0.5991
[17:46:33] warmStart (decay=exponential) 4% (48/1074) regret=0.107560 ape=0.5991
[17:46:33] warmStart (decay=exponential) 4% (49/1074) regret=0.107560 ape=0.5991
[17:46:33] warmStart (decay=exponential) 4% (50/1074) regret=0.107560 ape=0.5991
[17:46:34] warmStart (decay=exponential) 4% (51/1074) regret=0.107560 ape=0.5991
[17:46:34] warmStart (decay=exponential) 4% (52/1074) regret=0.107560 ape=0.5991
[17:46:34] warmStart (decay=exponential) 4% (53/1074) regret=0.107560 ape=0.5991
[17:46:34] warmStart (decay=exponential) 5% (54/1074) regret=0.107560 ape=0.5991
[17:46:34] warmStart (decay=exponential) 5% (55/1074) regret=0.107562 ape=0.6000
[17:46:35] warmStart (decay=exponential) 5% (56/1074) regret=0.107562 ape=0.6000
[17:46:35] warmStart (decay=exponential) 5% (57/1074) regret=0.107560 ape=0.5991
[17:46:35] warmStart (decay=exponential) 5% (58/1074) regret=0.107560 ape=0.5991
[17:46:35] warmStart (decay=exponential) 5% (59/1074) regret=0.107560 ape=0.5991
[17:46:35] warmStart (decay=exponential) 5% (60/1074) regret=0.107560 ape=0.5991
[17:46:36] warmStart (decay=exponential) 5% (61/1074) regret=0.107560 ape=0.5991
[17:46:36] warmStart (decay=exponential) 5% (62/1074) regret=0.107560 ape=0.5991
[17:46:36] warmStart (decay=exponential) 5% (63/1074) regret=0.107560 ape=0.5991
[17:46:36] warmStart (decay=exponential) 5% (64/1074) regret=0.107560 ape=0.5991
[17:46:36] warmStart (decay=exponential) 6% (65/1074) regret=0.107560 ape=0.5991
[17:46:37] warmStart (decay=exponential) 6% (66/1074) regret=0.107560 ape=0.5991
[17:46:37] warmStart (decay=exponential) 6% (67/1074) regret=0.107560 ape=0.5991
[17:46:37] warmStart (decay=exponential) 6% (68/1074) regret=0.107560 ape=0.5991
[17:46:37] warmStart (decay=exponential) 6% (69/1074) regret=0.107560 ape=0.5991
[17:46:37] warmStart (decay=exponential) 6% (70/1074) regret=0.107560 ape=0.5991
[17:46:38] warmStart (decay=exponential) 6% (71/1074) regret=0.107560 ape=0.5991
[17:46:38] warmStart (decay=exponential) 6% (72/1074) regret=0.107560 ape=0.5991
[17:46:38] warmStart (decay=exponential) 6% (73/1074) regret=0.107560 ape=0.5991
[17:46:38] warmStart (decay=exponential) 6% (74/1074) regret=0.107560 ape=0.5991
[17:46:38] warmStart (decay=exponential) 6% (75/1074) regret=0.107560 ape=0.5991
[17:46:39] warmStart (decay=exponential) 7% (76/1074) regret=0.107560 ape=0.5991
[17:46:39] warmStart (decay=exponential) 7% (77/1074) regret=0.107560 ape=0.5991
[17:46:39] warmStart (decay=exponential) 7% (78/1074) regret=0.107560 ape=0.5991
[17:46:39] warmStart (decay=exponential) 7% (79/1074) regret=0.107560 ape=0.5991
[17:46:39] warmStart (decay=exponential) 7% (80/1074) regret=0.107560 ape=0.5991
[17:46:40] warmStart (decay=exponential) 7% (81/1074) regret=0.107560 ape=0.5991
[17:46:40] warmStart (decay=exponential) 7% (82/1074) regret=0.107035 ape=0.5991
[17:46:40] warmStart (decay=exponential) 7% (83/1074) regret=0.107035 ape=0.5991
[17:46:40] warmStart (decay=exponential) 7% (84/1074) regret=0.107035 ape=0.5991
[17:46:40] warmStart (decay=exponential) 7% (85/1074) regret=0.107035 ape=0.5991
[17:46:41] warmStart (decay=exponential) 8% (86/1074) regret=0.107035 ape=0.5991
[17:46:41] warmStart (decay=exponential) 8% (87/1074) regret=0.107035 ape=0.5991
[17:46:41] warmStart (decay=exponential) 8% (88/1074) regret=0.107035 ape=0.5991
[17:46:41] warmStart (decay=exponential) 8% (89/1074) regret=0.107035 ape=0.5991
[17:46:42] warmStart (decay=exponential) 8% (90/1074) regret=0.107035 ape=0.5991
[17:46:42] warmStart (decay=exponential) 8% (91/1074) regret=0.107035 ape=0.5991
[17:46:42] warmStart (decay=exponential) 8% (92/1074) regret=0.107035 ape=0.5991
[17:46:42] warmStart (decay=exponential) 8% (93/1074) regret=0.107035 ape=0.5991
[17:46:43] warmStart (decay=exponential) 8% (94/1074) regret=0.107035 ape=0.5991
[17:46:43] warmStart (decay=exponential) 8% (95/1074) regret=0.107035 ape=0.5991
[17:46:43] warmStart (decay=exponential) 8% (96/1074) regret=0.107035 ape=0.5991
[17:46:43] warmStart (decay=exponential) 9% (97/1074) regret=0.107035 ape=0.5991
[17:46:43] warmStart (decay=exponential) 9% (98/1074) regret=0.107035 ape=0.5991
[17:46:44] warmStart (decay=exponential) 9% (99/1074) regret=0.107035 ape=0.5991
[17:46:44] warmStart (decay=exponential) 9% (100/1074) regret=0.107035 ape=0.5991
[17:46:44] warmStart (decay=exponential) 9% (101/1074) regret=0.107035 ape=0.5991
[17:46:44] warmStart (decay=exponential) 9% (102/1074) regret=0.107035 ape=0.5991
[17:46:45] warmStart (decay=exponential) 9% (103/1074) regret=0.107035 ape=0.5991
[17:46:45] warmStart (decay=exponential) 9% (104/1074) regret=0.107035 ape=0.5991
[17:46:45] warmStart (decay=exponential) 9% (105/1074) regret=0.107035 ape=0.5991
[17:46:45] warmStart (decay=exponential) 9% (106/1074) regret=0.107035 ape=0.5991
[17:46:46] warmStart (decay=exponential) 9% (107/1074) regret=0.107035 ape=0.5991
[17:46:46] warmStart (decay=exponential) 10% (108/1074) regret=0.107035 ape=0.5991
[17:46:46] warmStart (decay=exponential) 10% (109/1074) regret=0.107035 ape=0.5991
[17:46:46] warmStart (decay=exponential) 10% (110/1074) regret=0.107035 ape=0.5991
[17:46:46] warmStart (decay=exponential) 10% (111/1074) regret=0.107035 ape=0.5991
[17:46:47] warmStart (decay=exponential) 10% (112/1074) regret=0.107035 ape=0.5991
[17:46:47] warmStart (decay=exponential) 10% (113/1074) regret=0.107035 ape=0.5991
[17:46:47] warmStart (decay=exponential) 10% (114/1074) regret=0.107035 ape=0.5991
[17:46:47] warmStart (decay=exponential) 10% (115/1074) regret=0.107035 ape=0.5991
[17:46:48] warmStart (decay=exponential) 10% (116/1074) regret=0.107035 ape=0.5991
[17:46:48] warmStart (decay=exponential) 10% (117/1074) regret=0.107035 ape=0.5991
[17:46:48] warmStart (decay=exponential) 10% (118/1074) regret=0.107035 ape=0.5991
[17:46:48] warmStart (decay=exponential) 11% (119/1074) regret=0.107035 ape=0.5991
[17:46:48] warmStart (decay=exponential) 11% (120/1074) regret=0.107035 ape=0.5991
[17:46:49] warmStart (decay=exponential) 11% (121/1074) regret=0.107035 ape=0.5991
[17:46:49] warmStart (decay=exponential) 11% (122/1074) regret=0.107035 ape=0.5991
[17:46:49] warmStart (decay=exponential) 11% (123/1074) regret=0.107035 ape=0.5991
[17:46:49] warmStart (decay=exponential) 11% (124/1074) regret=0.107035 ape=0.5991
[17:46:49] warmStart (decay=exponential) 11% (125/1074) regret=0.107035 ape=0.5991
[17:46:50] warmStart (decay=exponential) 11% (126/1074) regret=0.107035 ape=0.5991
[17:46:50] warmStart (decay=exponential) 11% (127/1074) regret=0.107035 ape=0.5991
[17:46:50] warmStart (decay=exponential) 11% (128/1074) regret=0.107035 ape=0.5991
[17:46:50] warmStart (decay=exponential) 12% (129/1074) regret=0.107035 ape=0.5991
[17:46:50] warmStart (decay=exponential) 12% (130/1074) regret=0.107035 ape=0.5991
[17:46:51] warmStart (decay=exponential) 12% (131/1074) regret=0.107035 ape=0.5991
[17:46:51] warmStart (decay=exponential) 12% (132/1074) regret=0.107035 ape=0.5991
[17:46:51] warmStart (decay=exponential) 12% (133/1074) regret=0.107035 ape=0.5991
[17:46:51] warmStart (decay=exponential) 12% (134/1074) regret=0.107035 ape=0.5991
[17:46:51] warmStart (decay=exponential) 12% (135/1074) regret=0.107035 ape=0.5991
[17:46:51] warmStart (decay=exponential) 12% (136/1074) regret=0.107035 ape=0.5991
[17:46:52] warmStart (decay=exponential) 12% (137/1074) regret=0.107035 ape=0.5991
[17:46:52] warmStart (decay=exponential) 12% (138/1074) regret=0.107035 ape=0.5991
[17:46:52] warmStart (decay=exponential) 12% (139/1074) regret=0.107035 ape=0.5991
[17:46:52] warmStart (decay=exponential) 13% (140/1074) regret=0.107035 ape=0.5991
[17:46:52] warmStart (decay=exponential) 13% (141/1074) regret=0.107035 ape=0.5991
[17:46:53] warmStart (decay=exponential) 13% (142/1074) regret=0.107035 ape=0.5991
[17:46:53] warmStart (decay=exponential) 13% (143/1074) regret=0.107035 ape=0.5991
[17:46:53] warmStart (decay=exponential) 13% (144/1074) regret=0.107035 ape=0.5991
[17:46:53] warmStart (decay=exponential) 13% (145/1074) regret=0.107035 ape=0.5991
[17:46:53] warmStart (decay=exponential) 13% (146/1074) regret=0.107035 ape=0.5991
[17:46:54] warmStart (decay=exponential) 13% (147/1074) regret=0.107035 ape=0.5991
[17:46:54] warmStart (decay=exponential) 13% (148/1074) regret=0.107035 ape=0.5991
[17:46:54] warmStart (decay=exponential) 13% (149/1074) regret=0.107035 ape=0.5991
[17:46:54] warmStart (decay=exponential) 13% (150/1074) regret=0.107035 ape=0.5991
[17:46:54] warmStart (decay=exponential) 14% (151/1074) regret=0.107035 ape=0.5991
[17:46:54] warmStart (decay=exponential) 14% (152/1074) regret=0.107035 ape=0.5991
[17:46:55] warmStart (decay=exponential) 14% (153/1074) regret=0.107035 ape=0.5991
[17:46:55] warmStart (decay=exponential) 14% (154/1074) regret=0.107035 ape=0.5991
[17:46:55] warmStart (decay=exponential) 14% (155/1074) regret=0.107035 ape=0.5991
[17:46:55] warmStart (decay=exponential) 14% (156/1074) regret=0.107035 ape=0.5991
[17:46:55] warmStart (decay=exponential) 14% (157/1074) regret=0.107035 ape=0.5991
[17:46:56] warmStart (decay=exponential) 14% (158/1074) regret=0.107228 ape=0.6000
[17:46:56] warmStart (decay=exponential) 14% (159/1074) regret=0.107228 ape=0.6000
[17:46:56] warmStart (decay=exponential) 14% (160/1074) regret=0.107228 ape=0.6000
[17:46:56] warmStart (decay=exponential) 14% (161/1074) regret=0.107228 ape=0.6000
[17:46:56] warmStart (decay=exponential) 15% (162/1074) regret=0.107228 ape=0.6000
[17:46:56] warmStart (decay=exponential) 15% (163/1074) regret=0.107238 ape=0.6000
[17:46:57] warmStart (decay=exponential) 15% (164/1074) regret=0.107228 ape=0.6000
[17:46:57] warmStart (decay=exponential) 15% (165/1074) regret=0.107228 ape=0.6000
[17:46:57] warmStart (decay=exponential) 15% (166/1074) regret=0.107228 ape=0.6000
[17:46:57] warmStart (decay=exponential) 15% (167/1074) regret=0.107228 ape=0.6000
[17:46:57] warmStart (decay=exponential) 15% (168/1074) regret=0.107228 ape=0.6000
[17:46:57] warmStart (decay=exponential) 15% (169/1074) regret=0.107035 ape=0.5991
[17:46:58] warmStart (decay=exponential) 15% (170/1074) regret=0.107035 ape=0.5991
[17:46:58] warmStart (decay=exponential) 15% (171/1074) regret=0.107035 ape=0.5991
[17:46:58] warmStart (decay=exponential) 16% (172/1074) regret=0.107035 ape=0.5991
[17:46:58] warmStart (decay=exponential) 16% (173/1074) regret=0.107035 ape=0.5991
[17:46:58] warmStart (decay=exponential) 16% (174/1074) regret=0.107035 ape=0.5991
[17:46:58] warmStart (decay=exponential) 16% (175/1074) regret=0.107035 ape=0.5991
[17:46:59] warmStart (decay=exponential) 16% (176/1074) regret=0.107035 ape=0.5991
[17:46:59] warmStart (decay=exponential) 16% (177/1074) regret=0.107035 ape=0.5991
[17:46:59] warmStart (decay=exponential) 16% (178/1074) regret=0.107035 ape=0.5991
[17:46:59] warmStart (decay=exponential) 16% (179/1074) regret=0.107035 ape=0.5991
[17:46:59] warmStart (decay=exponential) 16% (180/1074) regret=0.107035 ape=0.5991
[17:46:59] warmStart (decay=exponential) 16% (181/1074) regret=0.107035 ape=0.5991
[17:47:00] warmStart (decay=exponential) 16% (182/1074) regret=0.107035 ape=0.5991
[17:47:00] warmStart (decay=exponential) 17% (183/1074) regret=0.107035 ape=0.5991
[17:47:00] warmStart (decay=exponential) 17% (184/1074) regret=0.107035 ape=0.5991
[17:47:00] warmStart (decay=exponential) 17% (185/1074) regret=0.107035 ape=0.5991
[17:47:00] warmStart (decay=exponential) 17% (186/1074) regret=0.107035 ape=0.5991
[17:47:00] warmStart (decay=exponential) 17% (187/1074) regret=0.107035 ape=0.5991
[17:47:01] warmStart (decay=exponential) 17% (188/1074) regret=0.107035 ape=0.5991
[17:47:01] warmStart (decay=exponential) 17% (189/1074) regret=0.107035 ape=0.5991
[17:47:01] warmStart (decay=exponential) 17% (190/1074) regret=0.107035 ape=0.5991
[17:47:01] warmStart (decay=exponential) 17% (191/1074) regret=0.107035 ape=0.5991
[17:47:01] warmStart (decay=exponential) 17% (192/1074) regret=0.107035 ape=0.5991
[17:47:02] warmStart (decay=exponential) 17% (193/1074) regret=0.107035 ape=0.5991
[17:47:02] warmStart (decay=exponential) 18% (194/1074) regret=0.107035 ape=0.5991
[17:47:02] warmStart (decay=exponential) 18% (195/1074) regret=0.107035 ape=0.5991
[17:47:02] warmStart (decay=exponential) 18% (196/1074) regret=0.107035 ape=0.5991
[17:47:02] warmStart (decay=exponential) 18% (197/1074) regret=0.107035 ape=0.5991
[17:47:03] warmStart (decay=exponential) 18% (198/1074) regret=0.107035 ape=0.5991
[17:47:03] warmStart (decay=exponential) 18% (199/1074) regret=0.107035 ape=0.5991
[17:47:03] warmStart (decay=exponential) 18% (200/1074) regret=0.107035 ape=0.5991
[17:47:03] warmStart (decay=exponential) 18% (201/1074) regret=0.107035 ape=0.5991
[17:47:03] warmStart (decay=exponential) 18% (202/1074) regret=0.107035 ape=0.5991
[17:47:04] warmStart (decay=exponential) 18% (203/1074) regret=0.107035 ape=0.5991
[17:47:04] warmStart (decay=exponential) 18% (204/1074) regret=0.107035 ape=0.5991
[17:47:04] warmStart (decay=exponential) 19% (205/1074) regret=0.107035 ape=0.5991
[17:47:04] warmStart (decay=exponential) 19% (206/1074) regret=0.107035 ape=0.5991
[17:47:05] warmStart (decay=exponential) 19% (207/1074) regret=0.107035 ape=0.5991
[17:47:05] warmStart (decay=exponential) 19% (208/1074) regret=0.107035 ape=0.5991
[17:47:05] warmStart (decay=exponential) 19% (209/1074) regret=0.107035 ape=0.5991
[17:47:05] warmStart (decay=exponential) 19% (210/1074) regret=0.107035 ape=0.5991
[17:47:05] warmStart (decay=exponential) 19% (211/1074) regret=0.107035 ape=0.5991
[17:47:06] warmStart (decay=exponential) 19% (212/1074) regret=0.107035 ape=0.5991
[17:47:06] warmStart (decay=exponential) 19% (213/1074) regret=0.107035 ape=0.5991
[17:47:06] warmStart (decay=exponential) 19% (214/1074) regret=0.107194 ape=0.6000
[17:47:06] warmStart (decay=exponential) 20% (215/1074) regret=0.107058 ape=0.6000
[17:47:07] warmStart (decay=exponential) 20% (216/1074) regret=0.107035 ape=0.5991
[17:47:07] warmStart (decay=exponential) 20% (217/1074) regret=0.107035 ape=0.5991
[17:47:07] warmStart (decay=exponential) 20% (218/1074) regret=0.107035 ape=0.5991
[17:47:07] warmStart (decay=exponential) 20% (219/1074) regret=0.107035 ape=0.5991
[17:47:07] warmStart (decay=exponential) 20% (220/1074) regret=0.107035 ape=0.5991
[17:47:08] warmStart (decay=exponential) 20% (221/1074) regret=0.107035 ape=0.5991
[17:47:08] warmStart (decay=exponential) 20% (222/1074) regret=0.107035 ape=0.5991
[17:47:08] warmStart (decay=exponential) 20% (223/1074) regret=0.107035 ape=0.5991
[17:47:08] warmStart (decay=exponential) 20% (224/1074) regret=0.107035 ape=0.5991
[17:47:09] warmStart (decay=exponential) 20% (225/1074) regret=0.107035 ape=0.5991
[17:47:09] warmStart (decay=exponential) 21% (226/1074) regret=0.107035 ape=0.5991
[17:47:09] warmStart (decay=exponential) 21% (227/1074) regret=0.107035 ape=0.5991
[17:47:09] warmStart (decay=exponential) 21% (228/1074) regret=0.107035 ape=0.5991
[17:47:09] warmStart (decay=exponential) 21% (229/1074) regret=0.107035 ape=0.5991
[17:47:10] warmStart (decay=exponential) 21% (230/1074) regret=0.107035 ape=0.5991
[17:47:10] warmStart (decay=exponential) 21% (231/1074) regret=0.107035 ape=0.5991
[17:47:10] warmStart (decay=exponential) 21% (232/1074) regret=0.107035 ape=0.5991
[17:47:10] warmStart (decay=exponential) 21% (233/1074) regret=0.107035 ape=0.5991
[17:47:10] warmStart (decay=exponential) 21% (234/1074) regret=0.107035 ape=0.5991
[17:47:11] warmStart (decay=exponential) 21% (235/1074) regret=0.107035 ape=0.5991
[17:47:11] warmStart (decay=exponential) 21% (236/1074) regret=0.107035 ape=0.5991
[17:47:11] warmStart (decay=exponential) 22% (237/1074) regret=0.107035 ape=0.5991
[17:47:11] warmStart (decay=exponential) 22% (238/1074) regret=0.107035 ape=0.5991
[17:47:12] warmStart (decay=exponential) 22% (239/1074) regret=0.107035 ape=0.5991
[17:47:12] warmStart (decay=exponential) 22% (240/1074) regret=0.107035 ape=0.5991
[17:47:12] warmStart (decay=exponential) 22% (241/1074) regret=0.107035 ape=0.5991
[17:47:12] warmStart (decay=exponential) 22% (242/1074) regret=0.107035 ape=0.5991
[17:47:12] warmStart (decay=exponential) 22% (243/1074) regret=0.107035 ape=0.5991
[17:47:13] warmStart (decay=exponential) 22% (244/1074) regret=0.107035 ape=0.5991
[17:47:13] warmStart (decay=exponential) 22% (245/1074) regret=0.107035 ape=0.5991
[17:47:13] warmStart (decay=exponential) 22% (246/1074) regret=0.107035 ape=0.5991
[17:47:13] warmStart (decay=exponential) 22% (247/1074) regret=0.107035 ape=0.5991
[17:47:14] warmStart (decay=exponential) 23% (248/1074) regret=0.107035 ape=0.5991
[17:47:14] warmStart (decay=exponential) 23% (249/1074) regret=0.107035 ape=0.5991
[17:47:14] warmStart (decay=exponential) 23% (250/1074) regret=0.107035 ape=0.5991
[17:47:14] warmStart (decay=exponential) 23% (251/1074) regret=0.107035 ape=0.5991
[17:47:15] warmStart (decay=exponential) 23% (252/1074) regret=0.107035 ape=0.5991
[17:47:15] warmStart (decay=exponential) 23% (253/1074) regret=0.107035 ape=0.5991
[17:47:15] warmStart (decay=exponential) 23% (254/1074) regret=0.107035 ape=0.5991
[17:47:15] warmStart (decay=exponential) 23% (255/1074) regret=0.107035 ape=0.5991
[17:47:15] warmStart (decay=exponential) 23% (256/1074) regret=0.107035 ape=0.5991
[17:47:16] warmStart (decay=exponential) 23% (257/1074) regret=0.107035 ape=0.5991
[17:47:16] warmStart (decay=exponential) 24% (258/1074) regret=0.107035 ape=0.5991
[17:47:16] warmStart (decay=exponential) 24% (259/1074) regret=0.107035 ape=0.5991
[17:47:16] warmStart (decay=exponential) 24% (260/1074) regret=0.107035 ape=0.5991
[17:47:17] warmStart (decay=exponential) 24% (261/1074) regret=0.107035 ape=0.5991
[17:47:17] warmStart (decay=exponential) 24% (262/1074) regret=0.107035 ape=0.5991
[17:47:17] warmStart (decay=exponential) 24% (263/1074) regret=0.107035 ape=0.5991
[17:47:17] warmStart (decay=exponential) 24% (264/1074) regret=0.107035 ape=0.5991
[17:47:17] warmStart (decay=exponential) 24% (265/1074) regret=0.107035 ape=0.5991
[17:47:18] warmStart (decay=exponential) 24% (266/1074) regret=0.107035 ape=0.5991
[17:47:18] warmStart (decay=exponential) 24% (267/1074) regret=0.107035 ape=0.5991
[17:47:18] warmStart (decay=exponential) 24% (268/1074) regret=0.107035 ape=0.5991
[17:47:18] warmStart (decay=exponential) 25% (269/1074) regret=0.107035 ape=0.5991
[17:47:19] warmStart (decay=exponential) 25% (270/1074) regret=0.107035 ape=0.5991
[17:47:19] warmStart (decay=exponential) 25% (271/1074) regret=0.107035 ape=0.5991
[17:47:19] warmStart (decay=exponential) 25% (272/1074) regret=0.107035 ape=0.5991
[17:47:19] warmStart (decay=exponential) 25% (273/1074) regret=0.107035 ape=0.5991
[17:47:20] warmStart (decay=exponential) 25% (274/1074) regret=0.107035 ape=0.5991
[17:47:20] warmStart (decay=exponential) 25% (275/1074) regret=0.107035 ape=0.5991
[17:47:20] warmStart (decay=exponential) 25% (276/1074) regret=0.107035 ape=0.5991
[17:47:20] warmStart (decay=exponential) 25% (277/1074) regret=0.107035 ape=0.5991
[17:47:20] warmStart (decay=exponential) 25% (278/1074) regret=0.107035 ape=0.5991
[17:47:21] warmStart (decay=exponential) 25% (279/1074) regret=0.107035 ape=0.5991
[17:47:21] warmStart (decay=exponential) 26% (280/1074) regret=0.107035 ape=0.5991
[17:47:21] warmStart (decay=exponential) 26% (281/1074) regret=0.107035 ape=0.5991
[17:47:21] warmStart (decay=exponential) 26% (282/1074) regret=0.107035 ape=0.5991
[17:47:22] warmStart (decay=exponential) 26% (283/1074) regret=0.107035 ape=0.5991
[17:47:22] warmStart (decay=exponential) 26% (284/1074) regret=0.107035 ape=0.5991
[17:47:22] warmStart (decay=exponential) 26% (285/1074) regret=0.107035 ape=0.5991
[17:47:22] warmStart (decay=exponential) 26% (286/1074) regret=0.107035 ape=0.5991
[17:47:23] warmStart (decay=exponential) 26% (287/1074) regret=0.107035 ape=0.5991
[17:47:23] warmStart (decay=exponential) 26% (288/1074) regret=0.107035 ape=0.5991
[17:47:23] warmStart (decay=exponential) 26% (289/1074) regret=0.107035 ape=0.5991
[17:47:23] warmStart (decay=exponential) 27% (290/1074) regret=0.107035 ape=0.5991
[17:47:24] warmStart (decay=exponential) 27% (291/1074) regret=0.107035 ape=0.5991
[17:47:24] warmStart (decay=exponential) 27% (292/1074) regret=0.107035 ape=0.5991
[17:47:24] warmStart (decay=exponential) 27% (293/1074) regret=0.107035 ape=0.5991
[17:47:24] warmStart (decay=exponential) 27% (294/1074) regret=0.107035 ape=0.5991
[17:47:25] warmStart (decay=exponential) 27% (295/1074) regret=0.107035 ape=0.5991
[17:47:25] warmStart (decay=exponential) 27% (296/1074) regret=0.107035 ape=0.5991
[17:47:25] warmStart (decay=exponential) 27% (297/1074) regret=0.107035 ape=0.5991
[17:47:25] warmStart (decay=exponential) 27% (298/1074) regret=0.107035 ape=0.5991
[17:47:26] warmStart (decay=exponential) 27% (299/1074) regret=0.107035 ape=0.5991
[17:47:26] warmStart (decay=exponential) 27% (300/1074) regret=0.107035 ape=0.5991
[17:47:26] warmStart (decay=exponential) 28% (301/1074) regret=0.107035 ape=0.5991
[17:47:26] warmStart (decay=exponential) 28% (302/1074) regret=0.107035 ape=0.5991
[17:47:26] warmStart (decay=exponential) 28% (303/1074) regret=0.107035 ape=0.5991
[17:47:27] warmStart (decay=exponential) 28% (304/1074) regret=0.107035 ape=0.5991
[17:47:27] warmStart (decay=exponential) 28% (305/1074) regret=0.107035 ape=0.5991
[17:47:27] warmStart (decay=exponential) 28% (306/1074) regret=0.107035 ape=0.5991
[17:47:27] warmStart (decay=exponential) 28% (307/1074) regret=0.107035 ape=0.5991
[17:47:28] warmStart (decay=exponential) 28% (308/1074) regret=0.107035 ape=0.5991
[17:47:28] warmStart (decay=exponential) 28% (309/1074) regret=0.107035 ape=0.5991
[17:47:28] warmStart (decay=exponential) 28% (310/1074) regret=0.107035 ape=0.5991
[17:47:28] warmStart (decay=exponential) 28% (311/1074) regret=0.107035 ape=0.5991
[17:47:29] warmStart (decay=exponential) 29% (312/1074) regret=0.107035 ape=0.5991
[17:47:29] warmStart (decay=exponential) 29% (313/1074) regret=0.107035 ape=0.5991
[17:47:29] warmStart (decay=exponential) 29% (314/1074) regret=0.107035 ape=0.5991
[17:47:29] warmStart (decay=exponential) 29% (315/1074) regret=0.107035 ape=0.5991
[17:47:30] warmStart (decay=exponential) 29% (316/1074) regret=0.107035 ape=0.5991
[17:47:30] warmStart (decay=exponential) 29% (317/1074) regret=0.107035 ape=0.5991
[17:47:30] warmStart (decay=exponential) 29% (318/1074) regret=0.107035 ape=0.5991
[17:47:30] warmStart (decay=exponential) 29% (319/1074) regret=0.107035 ape=0.5991
[17:47:31] warmStart (decay=exponential) 29% (320/1074) regret=0.107035 ape=0.5991
[17:47:31] warmStart (decay=exponential) 29% (321/1074) regret=0.107035 ape=0.5991
[17:47:31] warmStart (decay=exponential) 29% (322/1074) regret=0.107035 ape=0.5991
[17:47:31] warmStart (decay=exponential) 30% (323/1074) regret=0.107035 ape=0.5991
[17:47:32] warmStart (decay=exponential) 30% (324/1074) regret=0.107035 ape=0.5991
[17:47:32] warmStart (decay=exponential) 30% (325/1074) regret=0.107035 ape=0.5991
[17:47:32] warmStart (decay=exponential) 30% (326/1074) regret=0.107035 ape=0.5991
[17:47:32] warmStart (decay=exponential) 30% (327/1074) regret=0.107035 ape=0.5991
[17:47:33] warmStart (decay=exponential) 30% (328/1074) regret=0.107035 ape=0.5991
[17:47:33] warmStart (decay=exponential) 30% (329/1074) regret=0.107035 ape=0.5991
[17:47:33] warmStart (decay=exponential) 30% (330/1074) regret=0.107035 ape=0.5991
[17:47:33] warmStart (decay=exponential) 30% (331/1074) regret=0.107035 ape=0.5991
[17:47:34] warmStart (decay=exponential) 30% (332/1074) regret=0.107035 ape=0.5991
[17:47:34] warmStart (decay=exponential) 31% (333/1074) regret=0.107035 ape=0.5991
[17:47:34] warmStart (decay=exponential) 31% (334/1074) regret=0.107035 ape=0.5991
[17:47:34] warmStart (decay=exponential) 31% (335/1074) regret=0.107376 ape=0.6000
[17:47:34] warmStart (decay=exponential) 31% (336/1074) regret=0.107035 ape=0.5991
[17:47:35] warmStart (decay=exponential) 31% (337/1074) regret=0.107035 ape=0.5991
[17:47:35] warmStart (decay=exponential) 31% (338/1074) regret=0.107035 ape=0.5991
[17:47:35] warmStart (decay=exponential) 31% (339/1074) regret=0.107035 ape=0.5991
[17:47:35] warmStart (decay=exponential) 31% (340/1074) regret=0.107265 ape=0.6000
[17:47:36] warmStart (decay=exponential) 31% (341/1074) regret=0.107265 ape=0.6000
[17:47:36] warmStart (decay=exponential) 31% (342/1074) regret=0.107265 ape=0.6000
[17:47:36] warmStart (decay=exponential) 31% (343/1074) regret=0.107265 ape=0.6000
[17:47:36] warmStart (decay=exponential) 32% (344/1074) regret=0.107035 ape=0.5991
[17:47:36] warmStart (decay=exponential) 32% (345/1074) regret=0.107035 ape=0.5991
[17:47:37] warmStart (decay=exponential) 32% (346/1074) regret=0.107035 ape=0.5991
[17:47:37] warmStart (decay=exponential) 32% (347/1074) regret=0.107035 ape=0.5991
[17:47:37] warmStart (decay=exponential) 32% (348/1074) regret=0.107035 ape=0.5991
[17:47:37] warmStart (decay=exponential) 32% (349/1074) regret=0.107035 ape=0.5991
[17:47:37] warmStart (decay=exponential) 32% (350/1074) regret=0.107035 ape=0.5991
[17:47:38] warmStart (decay=exponential) 32% (351/1074) regret=0.107035 ape=0.5991
[17:47:38] warmStart (decay=exponential) 32% (352/1074) regret=0.107035 ape=0.5991
[17:47:38] warmStart (decay=exponential) 32% (353/1074) regret=0.107035 ape=0.5991
[17:47:38] warmStart (decay=exponential) 32% (354/1074) regret=0.107035 ape=0.5991
[17:47:39] warmStart (decay=exponential) 33% (355/1074) regret=0.107035 ape=0.5991
[17:47:39] warmStart (decay=exponential) 33% (356/1074) regret=0.107035 ape=0.5991
[17:47:39] warmStart (decay=exponential) 33% (357/1074) regret=0.107035 ape=0.5991
[17:47:39] warmStart (decay=exponential) 33% (358/1074) regret=0.107035 ape=0.5991
[17:47:39] warmStart (decay=exponential) 33% (359/1074) regret=0.107035 ape=0.5991
[17:47:40] warmStart (decay=exponential) 33% (360/1074) regret=0.107035 ape=0.5991
[17:47:40] warmStart (decay=exponential) 33% (361/1074) regret=0.107035 ape=0.5991
[17:47:40] warmStart (decay=exponential) 33% (362/1074) regret=0.107035 ape=0.5991
[17:47:40] warmStart (decay=exponential) 33% (363/1074) regret=0.107035 ape=0.5991
[17:47:41] warmStart (decay=exponential) 33% (364/1074) regret=0.107035 ape=0.5991
[17:47:41] warmStart (decay=exponential) 33% (365/1074) regret=0.107035 ape=0.5991
[17:47:41] warmStart (decay=exponential) 34% (366/1074) regret=0.107035 ape=0.5991
[17:47:41] warmStart (decay=exponential) 34% (367/1074) regret=0.107035 ape=0.5991
[17:47:41] warmStart (decay=exponential) 34% (368/1074) regret=0.107035 ape=0.5991
[17:47:42] warmStart (decay=exponential) 34% (369/1074) regret=0.107035 ape=0.5991
[17:47:42] warmStart (decay=exponential) 34% (370/1074) regret=0.107035 ape=0.5991
[17:47:42] warmStart (decay=exponential) 34% (371/1074) regret=0.107035 ape=0.5991
[17:47:42] warmStart (decay=exponential) 34% (372/1074) regret=0.107035 ape=0.5991
[17:47:43] warmStart (decay=exponential) 34% (373/1074) regret=0.107035 ape=0.5991
[17:47:43] warmStart (decay=exponential) 34% (374/1074) regret=0.107035 ape=0.5991
[17:47:43] warmStart (decay=exponential) 34% (375/1074) regret=0.107035 ape=0.5991
[17:47:43] warmStart (decay=exponential) 35% (376/1074) regret=0.107035 ape=0.5991
[17:47:44] warmStart (decay=exponential) 35% (377/1074) regret=0.107035 ape=0.5991
[17:47:44] warmStart (decay=exponential) 35% (378/1074) regret=0.107035 ape=0.5991
[17:47:44] warmStart (decay=exponential) 35% (379/1074) regret=0.107035 ape=0.5991
[17:47:44] warmStart (decay=exponential) 35% (380/1074) regret=0.107035 ape=0.5991
[17:47:44] warmStart (decay=exponential) 35% (381/1074) regret=0.107035 ape=0.5991
[17:47:45] warmStart (decay=exponential) 35% (382/1074) regret=0.107035 ape=0.5991
[17:47:45] warmStart (decay=exponential) 35% (383/1074) regret=0.107035 ape=0.5991
[17:47:45] warmStart (decay=exponential) 35% (384/1074) regret=0.107035 ape=0.5991
[17:47:45] warmStart (decay=exponential) 35% (385/1074) regret=0.107035 ape=0.5991
[17:47:46] warmStart (decay=exponential) 35% (386/1074) regret=0.107035 ape=0.5991
[17:47:46] warmStart (decay=exponential) 36% (387/1074) regret=0.107035 ape=0.5991
[17:47:46] warmStart (decay=exponential) 36% (388/1074) regret=0.106963 ape=0.5982
[17:47:46] warmStart (decay=exponential) 36% (389/1074) regret=0.106963 ape=0.5982
[17:47:47] warmStart (decay=exponential) 36% (390/1074) regret=0.107159 ape=0.5991
[17:47:47] warmStart (decay=exponential) 36% (391/1074) regret=0.106963 ape=0.5982
[17:47:47] warmStart (decay=exponential) 36% (392/1074) regret=0.106963 ape=0.5982
[17:47:47] warmStart (decay=exponential) 36% (393/1074) regret=0.107042 ape=0.5982
[17:47:47] warmStart (decay=exponential) 36% (394/1074) regret=0.107042 ape=0.5982
[17:47:48] warmStart (decay=exponential) 36% (395/1074) regret=0.107042 ape=0.5982
[17:47:48] warmStart (decay=exponential) 36% (396/1074) regret=0.107042 ape=0.5982
[17:47:48] warmStart (decay=exponential) 36% (397/1074) regret=0.106963 ape=0.5982
[17:47:48] warmStart (decay=exponential) 37% (398/1074) regret=0.106963 ape=0.5982
[17:47:49] warmStart (decay=exponential) 37% (399/1074) regret=0.106963 ape=0.5982
[17:47:49] warmStart (decay=exponential) 37% (400/1074) regret=0.106963 ape=0.5982
[17:47:49] warmStart (decay=exponential) 37% (401/1074) regret=0.106963 ape=0.5982
[17:47:49] warmStart (decay=exponential) 37% (402/1074) regret=0.107028 ape=0.5982
[17:47:49] warmStart (decay=exponential) 37% (403/1074) regret=0.106908 ape=0.5972
[17:47:50] warmStart (decay=exponential) 37% (404/1074) regret=0.106908 ape=0.5972
[17:47:50] warmStart (decay=exponential) 37% (405/1074) regret=0.106908 ape=0.5972
[17:47:50] warmStart (decay=exponential) 37% (406/1074) regret=0.106908 ape=0.5972
[17:47:50] warmStart (decay=exponential) 37% (407/1074) regret=0.106825 ape=0.5972
[17:47:50] warmStart (decay=exponential) 37% (408/1074) regret=0.106696 ape=0.5972
[17:47:51] warmStart (decay=exponential) 38% (409/1074) regret=0.106696 ape=0.5972
[17:47:51] warmStart (decay=exponential) 38% (410/1074) regret=0.106696 ape=0.5972
[17:47:51] warmStart (decay=exponential) 38% (411/1074) regret=0.106696 ape=0.5972
[17:47:51] warmStart (decay=exponential) 38% (412/1074) regret=0.106696 ape=0.5972
[17:47:52] warmStart (decay=exponential) 38% (413/1074) regret=0.106696 ape=0.5972
[17:47:52] warmStart (decay=exponential) 38% (414/1074) regret=0.106696 ape=0.5972
[17:47:52] warmStart (decay=exponential) 38% (415/1074) regret=0.106696 ape=0.5972
[17:47:52] warmStart (decay=exponential) 38% (416/1074) regret=0.106696 ape=0.5972
[17:47:53] warmStart (decay=exponential) 38% (417/1074) regret=0.106696 ape=0.5972
[17:47:53] warmStart (decay=exponential) 38% (418/1074) regret=0.106696 ape=0.5972
[17:47:53] warmStart (decay=exponential) 39% (419/1074) regret=0.106696 ape=0.5972
[17:47:53] warmStart (decay=exponential) 39% (420/1074) regret=0.106696 ape=0.5972
[17:47:53] warmStart (decay=exponential) 39% (421/1074) regret=0.106696 ape=0.5972
[17:47:54] warmStart (decay=exponential) 39% (422/1074) regret=0.106696 ape=0.5972
[17:47:54] warmStart (decay=exponential) 39% (423/1074) regret=0.106696 ape=0.5972
[17:47:54] warmStart (decay=exponential) 39% (424/1074) regret=0.106696 ape=0.5972
[17:47:54] warmStart (decay=exponential) 39% (425/1074) regret=0.106696 ape=0.5972
[17:47:54] warmStart (decay=exponential) 39% (426/1074) regret=0.106696 ape=0.5972
[17:47:55] warmStart (decay=exponential) 39% (427/1074) regret=0.106696 ape=0.5972
[17:47:55] warmStart (decay=exponential) 39% (428/1074) regret=0.106696 ape=0.5972
[17:47:55] warmStart (decay=exponential) 39% (429/1074) regret=0.106696 ape=0.5972
[17:47:55] warmStart (decay=exponential) 40% (430/1074) regret=0.106696 ape=0.5972
[17:47:55] warmStart (decay=exponential) 40% (431/1074) regret=0.106696 ape=0.5972
[17:47:56] warmStart (decay=exponential) 40% (432/1074) regret=0.106696 ape=0.5972
[17:47:56] warmStart (decay=exponential) 40% (433/1074) regret=0.106696 ape=0.5972
[17:47:56] warmStart (decay=exponential) 40% (434/1074) regret=0.106696 ape=0.5972
[17:47:56] warmStart (decay=exponential) 40% (435/1074) regret=0.106696 ape=0.5972
[17:47:56] warmStart (decay=exponential) 40% (436/1074) regret=0.106696 ape=0.5972
[17:47:56] warmStart (decay=exponential) 40% (437/1074) regret=0.106696 ape=0.5972
[17:47:57] warmStart (decay=exponential) 40% (438/1074) regret=0.106696 ape=0.5972
[17:47:57] warmStart (decay=exponential) 40% (439/1074) regret=0.106696 ape=0.5972
[17:47:57] warmStart (decay=exponential) 40% (440/1074) regret=0.106696 ape=0.5972
[17:47:57] warmStart (decay=exponential) 41% (441/1074) regret=0.106696 ape=0.5972
[17:47:57] warmStart (decay=exponential) 41% (442/1074) regret=0.106696 ape=0.5972
[17:47:57] warmStart (decay=exponential) 41% (443/1074) regret=0.106696 ape=0.5972
[17:47:58] warmStart (decay=exponential) 41% (444/1074) regret=0.106696 ape=0.5972
[17:47:58] warmStart (decay=exponential) 41% (445/1074) regret=0.106696 ape=0.5972
[17:47:58] warmStart (decay=exponential) 41% (446/1074) regret=0.106696 ape=0.5972
[17:47:58] warmStart (decay=exponential) 41% (447/1074) regret=0.106696 ape=0.5972
[17:47:58] warmStart (decay=exponential) 41% (448/1074) regret=0.106696 ape=0.5972
[17:47:58] warmStart (decay=exponential) 41% (449/1074) regret=0.106696 ape=0.5972
[17:47:59] warmStart (decay=exponential) 41% (450/1074) regret=0.106696 ape=0.5972
[17:47:59] warmStart (decay=exponential) 41% (451/1074) regret=0.106696 ape=0.5972
[17:47:59] warmStart (decay=exponential) 42% (452/1074) regret=0.106696 ape=0.5972
[17:47:59] warmStart (decay=exponential) 42% (453/1074) regret=0.106696 ape=0.5972
[17:47:59] warmStart (decay=exponential) 42% (454/1074) regret=0.106696 ape=0.5972
[17:48:00] warmStart (decay=exponential) 42% (455/1074) regret=0.106696 ape=0.5972
[17:48:00] warmStart (decay=exponential) 42% (456/1074) regret=0.106696 ape=0.5972
[17:48:00] warmStart (decay=exponential) 42% (457/1074) regret=0.106696 ape=0.5972
[17:48:00] warmStart (decay=exponential) 42% (458/1074) regret=0.106696 ape=0.5972
[17:48:00] warmStart (decay=exponential) 42% (459/1074) regret=0.106696 ape=0.5972
[17:48:00] warmStart (decay=exponential) 42% (460/1074) regret=0.106696 ape=0.5972
[17:48:01] warmStart (decay=exponential) 42% (461/1074) regret=0.106696 ape=0.5972
[17:48:01] warmStart (decay=exponential) 43% (462/1074) regret=0.106696 ape=0.5972
[17:48:01] warmStart (decay=exponential) 43% (463/1074) regret=0.106696 ape=0.5972
[17:48:01] warmStart (decay=exponential) 43% (464/1074) regret=0.106696 ape=0.5972
[17:48:01] warmStart (decay=exponential) 43% (465/1074) regret=0.106696 ape=0.5972
[17:48:01] warmStart (decay=exponential) 43% (466/1074) regret=0.106696 ape=0.5972
[17:48:02] warmStart (decay=exponential) 43% (467/1074) regret=0.106696 ape=0.5972
[17:48:02] warmStart (decay=exponential) 43% (468/1074) regret=0.106696 ape=0.5972
[17:48:02] warmStart (decay=exponential) 43% (469/1074) regret=0.106696 ape=0.5972
[17:48:02] warmStart (decay=exponential) 43% (470/1074) regret=0.106696 ape=0.5972
[17:48:02] warmStart (decay=exponential) 43% (471/1074) regret=0.106696 ape=0.5972
[17:48:03] warmStart (decay=exponential) 43% (472/1074) regret=0.106696 ape=0.5972
[17:48:03] warmStart (decay=exponential) 44% (473/1074) regret=0.106696 ape=0.5972
[17:48:03] warmStart (decay=exponential) 44% (474/1074) regret=0.106696 ape=0.5972
[17:48:03] warmStart (decay=exponential) 44% (475/1074) regret=0.106696 ape=0.5972
[17:48:03] warmStart (decay=exponential) 44% (476/1074) regret=0.106696 ape=0.5972
[17:48:03] warmStart (decay=exponential) 44% (477/1074) regret=0.106696 ape=0.5972
[17:48:04] warmStart (decay=exponential) 44% (478/1074) regret=0.106696 ape=0.5972
[17:48:04] warmStart (decay=exponential) 44% (479/1074) regret=0.106696 ape=0.5972
[17:48:04] warmStart (decay=exponential) 44% (480/1074) regret=0.106696 ape=0.5972
[17:48:04] warmStart (decay=exponential) 44% (481/1074) regret=0.106696 ape=0.5972
[17:48:04] warmStart (decay=exponential) 44% (482/1074) regret=0.106696 ape=0.5972
[17:48:04] warmStart (decay=exponential) 44% (483/1074) regret=0.106696 ape=0.5972
[17:48:05] warmStart (decay=exponential) 45% (484/1074) regret=0.106696 ape=0.5972
[17:48:05] warmStart (decay=exponential) 45% (485/1074) regret=0.106696 ape=0.5972
[17:48:05] warmStart (decay=exponential) 45% (486/1074) regret=0.106696 ape=0.5972
[17:48:05] warmStart (decay=exponential) 45% (487/1074) regret=0.106696 ape=0.5972
[17:48:05] warmStart (decay=exponential) 45% (488/1074) regret=0.106696 ape=0.5972
[17:48:05] warmStart (decay=exponential) 45% (489/1074) regret=0.106696 ape=0.5972
[17:48:06] warmStart (decay=exponential) 45% (490/1074) regret=0.106696 ape=0.5972
[17:48:06] warmStart (decay=exponential) 45% (491/1074) regret=0.106696 ape=0.5972
[17:48:06] warmStart (decay=exponential) 45% (492/1074) regret=0.106696 ape=0.5972
[17:48:06] warmStart (decay=exponential) 45% (493/1074) regret=0.106696 ape=0.5972
[17:48:06] warmStart (decay=exponential) 45% (494/1074) regret=0.106696 ape=0.5972
[17:48:06] warmStart (decay=exponential) 46% (495/1074) regret=0.106696 ape=0.5972
[17:48:07] warmStart (decay=exponential) 46% (496/1074) regret=0.106696 ape=0.5972
[17:48:07] warmStart (decay=exponential) 46% (497/1074) regret=0.106696 ape=0.5972
[17:48:07] warmStart (decay=exponential) 46% (498/1074) regret=0.106696 ape=0.5972
[17:48:07] warmStart (decay=exponential) 46% (499/1074) regret=0.106696 ape=0.5972
[17:48:07] warmStart (decay=exponential) 46% (500/1074) regret=0.106696 ape=0.5972
[17:48:07] warmStart (decay=exponential) 46% (501/1074) regret=0.106696 ape=0.5972
[17:48:08] warmStart (decay=exponential) 46% (502/1074) regret=0.106696 ape=0.5972
[17:48:08] warmStart (decay=exponential) 46% (503/1074) regret=0.106696 ape=0.5972
[17:48:08] warmStart (decay=exponential) 46% (504/1074) regret=0.106696 ape=0.5972
[17:48:08] warmStart (decay=exponential) 47% (505/1074) regret=0.106696 ape=0.5972
[17:48:08] warmStart (decay=exponential) 47% (506/1074) regret=0.106696 ape=0.5972
[17:48:09] warmStart (decay=exponential) 47% (507/1074) regret=0.106696 ape=0.5972
[17:48:09] warmStart (decay=exponential) 47% (508/1074) regret=0.106696 ape=0.5972
[17:48:09] warmStart (decay=exponential) 47% (509/1074) regret=0.106696 ape=0.5972
[17:48:09] warmStart (decay=exponential) 47% (510/1074) regret=0.106696 ape=0.5972
[17:48:09] warmStart (decay=exponential) 47% (511/1074) regret=0.106696 ape=0.5972
[17:48:09] warmStart (decay=exponential) 47% (512/1074) regret=0.106696 ape=0.5972
[17:48:10] warmStart (decay=exponential) 47% (513/1074) regret=0.106696 ape=0.5972
[17:48:10] warmStart (decay=exponential) 47% (514/1074) regret=0.106696 ape=0.5972
[17:48:10] warmStart (decay=exponential) 47% (515/1074) regret=0.106696 ape=0.5972
[17:48:10] warmStart (decay=exponential) 48% (516/1074) regret=0.106696 ape=0.5972
[17:48:10] warmStart (decay=exponential) 48% (517/1074) regret=0.106696 ape=0.5972
[17:48:11] warmStart (decay=exponential) 48% (518/1074) regret=0.106696 ape=0.5972
[17:48:11] warmStart (decay=exponential) 48% (519/1074) regret=0.106696 ape=0.5972
[17:48:11] warmStart (decay=exponential) 48% (520/1074) regret=0.106715 ape=0.5972
[17:48:11] warmStart (decay=exponential) 48% (521/1074) regret=0.106715 ape=0.5972
[17:48:11] warmStart (decay=exponential) 48% (522/1074) regret=0.106268 ape=0.5972
[17:48:11] warmStart (decay=exponential) 48% (523/1074) regret=0.106268 ape=0.5972
[17:48:12] warmStart (decay=exponential) 48% (524/1074) regret=0.106268 ape=0.5972
[17:48:12] warmStart (decay=exponential) 48% (525/1074) regret=0.106268 ape=0.5972
[17:48:12] warmStart (decay=exponential) 48% (526/1074) regret=0.106268 ape=0.5972
[17:48:12] warmStart (decay=exponential) 49% (527/1074) regret=0.106268 ape=0.5972
[17:48:12] warmStart (decay=exponential) 49% (528/1074) regret=0.106268 ape=0.5972
[17:48:12] warmStart (decay=exponential) 49% (529/1074) regret=0.106268 ape=0.5972
[17:48:12] warmStart (decay=exponential) 49% (530/1074) regret=0.106263 ape=0.5972
[17:48:13] warmStart (decay=exponential) 49% (531/1074) regret=0.106263 ape=0.5972
[17:48:13] warmStart (decay=exponential) 49% (532/1074) regret=0.106263 ape=0.5972
[17:48:13] warmStart (decay=exponential) 49% (533/1074) regret=0.106263 ape=0.5972
[17:48:13] warmStart (decay=exponential) 49% (534/1074) regret=0.106263 ape=0.5972
[17:48:13] warmStart (decay=exponential) 49% (535/1074) regret=0.106263 ape=0.5972
[17:48:14] warmStart (decay=exponential) 49% (536/1074) regret=0.106263 ape=0.5972
[17:48:14] warmStart (decay=exponential) 50% (537/1074) regret=0.106263 ape=0.5972
[17:48:14] warmStart (decay=exponential) 50% (538/1074) regret=0.106263 ape=0.5972
[17:48:14] warmStart (decay=exponential) 50% (539/1074) regret=0.106263 ape=0.5972
[17:48:15] warmStart (decay=exponential) 50% (540/1074) regret=0.106263 ape=0.5972
[17:48:15] warmStart (decay=exponential) 50% (541/1074) regret=0.106263 ape=0.5972
[17:48:15] warmStart (decay=exponential) 50% (542/1074) regret=0.106263 ape=0.5972
[17:48:15] warmStart (decay=exponential) 50% (543/1074) regret=0.106263 ape=0.5972
[17:48:15] warmStart (decay=exponential) 50% (544/1074) regret=0.106263 ape=0.5972
[17:48:16] warmStart (decay=exponential) 50% (545/1074) regret=0.106263 ape=0.5972
[17:48:16] warmStart (decay=exponential) 50% (546/1074) regret=0.106263 ape=0.5972
[17:48:16] warmStart (decay=exponential) 50% (547/1074) regret=0.106263 ape=0.5972
[17:48:16] warmStart (decay=exponential) 51% (548/1074) regret=0.106263 ape=0.5972
[17:48:17] warmStart (decay=exponential) 51% (549/1074) regret=0.106263 ape=0.5972
[17:48:17] warmStart (decay=exponential) 51% (550/1074) regret=0.106263 ape=0.5972
[17:48:17] warmStart (decay=exponential) 51% (551/1074) regret=0.106263 ape=0.5972
[17:48:17] warmStart (decay=exponential) 51% (552/1074) regret=0.106263 ape=0.5972
[17:48:17] warmStart (decay=exponential) 51% (553/1074) regret=0.106263 ape=0.5972
[17:48:18] warmStart (decay=exponential) 51% (554/1074) regret=0.106263 ape=0.5972
[17:48:18] warmStart (decay=exponential) 51% (555/1074) regret=0.106263 ape=0.5972
[17:48:18] warmStart (decay=exponential) 51% (556/1074) regret=0.106263 ape=0.5972
[17:48:18] warmStart (decay=exponential) 51% (557/1074) regret=0.106263 ape=0.5972
[17:48:18] warmStart (decay=exponential) 51% (558/1074) regret=0.106263 ape=0.5972
[17:48:19] warmStart (decay=exponential) 52% (559/1074) regret=0.106263 ape=0.5972
[17:48:19] warmStart (decay=exponential) 52% (560/1074) regret=0.106263 ape=0.5972
[17:48:19] warmStart (decay=exponential) 52% (561/1074) regret=0.106263 ape=0.5972
[17:48:19] warmStart (decay=exponential) 52% (562/1074) regret=0.106263 ape=0.5972
[17:48:19] warmStart (decay=exponential) 52% (563/1074) regret=0.106263 ape=0.5972
[17:48:20] warmStart (decay=exponential) 52% (564/1074) regret=0.106263 ape=0.5972
[17:48:20] warmStart (decay=exponential) 52% (565/1074) regret=0.106263 ape=0.5972
[17:48:20] warmStart (decay=exponential) 52% (566/1074) regret=0.106263 ape=0.5972
[17:48:20] warmStart (decay=exponential) 52% (567/1074) regret=0.106263 ape=0.5972
[17:48:21] warmStart (decay=exponential) 52% (568/1074) regret=0.106263 ape=0.5972
[17:48:21] warmStart (decay=exponential) 52% (569/1074) regret=0.106263 ape=0.5972
[17:48:21] warmStart (decay=exponential) 53% (570/1074) regret=0.106263 ape=0.5972
[17:48:21] warmStart (decay=exponential) 53% (571/1074) regret=0.106263 ape=0.5972
[17:48:21] warmStart (decay=exponential) 53% (572/1074) regret=0.106263 ape=0.5972
[17:48:22] warmStart (decay=exponential) 53% (573/1074) regret=0.106263 ape=0.5972
[17:48:22] warmStart (decay=exponential) 53% (574/1074) regret=0.106263 ape=0.5972
[17:48:22] warmStart (decay=exponential) 53% (575/1074) regret=0.106263 ape=0.5972
[17:48:22] warmStart (decay=exponential) 53% (576/1074) regret=0.106263 ape=0.5972
[17:48:22] warmStart (decay=exponential) 53% (577/1074) regret=0.106263 ape=0.5972
[17:48:23] warmStart (decay=exponential) 53% (578/1074) regret=0.106263 ape=0.5972
[17:48:23] warmStart (decay=exponential) 53% (579/1074) regret=0.106263 ape=0.5972
[17:48:23] warmStart (decay=exponential) 54% (580/1074) regret=0.106263 ape=0.5972
[17:48:23] warmStart (decay=exponential) 54% (581/1074) regret=0.106263 ape=0.5972
[17:48:24] warmStart (decay=exponential) 54% (582/1074) regret=0.106263 ape=0.5972
[17:48:24] warmStart (decay=exponential) 54% (583/1074) regret=0.106263 ape=0.5972
[17:48:24] warmStart (decay=exponential) 54% (584/1074) regret=0.106263 ape=0.5972
[17:48:24] warmStart (decay=exponential) 54% (585/1074) regret=0.106263 ape=0.5972
[17:48:24] warmStart (decay=exponential) 54% (586/1074) regret=0.106263 ape=0.5972
[17:48:25] warmStart (decay=exponential) 54% (587/1074) regret=0.106263 ape=0.5972
[17:48:25] warmStart (decay=exponential) 54% (588/1074) regret=0.106263 ape=0.5972
[17:48:25] warmStart (decay=exponential) 54% (589/1074) regret=0.106263 ape=0.5972
[17:48:25] warmStart (decay=exponential) 54% (590/1074) regret=0.106263 ape=0.5972
[17:48:25] warmStart (decay=exponential) 55% (591/1074) regret=0.106263 ape=0.5972
[17:48:26] warmStart (decay=exponential) 55% (592/1074) regret=0.106263 ape=0.5972
[17:48:26] warmStart (decay=exponential) 55% (593/1074) regret=0.106263 ape=0.5972
[17:48:26] warmStart (decay=exponential) 55% (594/1074) regret=0.106263 ape=0.5972
[17:48:26] warmStart (decay=exponential) 55% (595/1074) regret=0.106263 ape=0.5972
[17:48:26] warmStart (decay=exponential) 55% (596/1074) regret=0.106263 ape=0.5972
[17:48:27] warmStart (decay=exponential) 55% (597/1074) regret=0.106263 ape=0.5972
[17:48:27] warmStart (decay=exponential) 55% (598/1074) regret=0.106263 ape=0.5972
[17:48:27] warmStart (decay=exponential) 55% (599/1074) regret=0.106263 ape=0.5972
[17:48:27] warmStart (decay=exponential) 55% (600/1074) regret=0.106263 ape=0.5972
[17:48:27] warmStart (decay=exponential) 55% (601/1074) regret=0.106263 ape=0.5972
[17:48:28] warmStart (decay=exponential) 56% (602/1074) regret=0.106263 ape=0.5972
[17:48:28] warmStart (decay=exponential) 56% (603/1074) regret=0.106263 ape=0.5972
[17:48:28] warmStart (decay=exponential) 56% (604/1074) regret=0.106263 ape=0.5972
[17:48:28] warmStart (decay=exponential) 56% (605/1074) regret=0.106263 ape=0.5972
[17:48:29] warmStart (decay=exponential) 56% (606/1074) regret=0.106263 ape=0.5972
[17:48:29] warmStart (decay=exponential) 56% (607/1074) regret=0.106263 ape=0.5972
[17:48:29] warmStart (decay=exponential) 56% (608/1074) regret=0.106263 ape=0.5972
[17:48:29] warmStart (decay=exponential) 56% (609/1074) regret=0.106263 ape=0.5972
[17:48:29] warmStart (decay=exponential) 56% (610/1074) regret=0.106263 ape=0.5972
[17:48:30] warmStart (decay=exponential) 56% (611/1074) regret=0.106263 ape=0.5972
[17:48:30] warmStart (decay=exponential) 56% (612/1074) regret=0.106318 ape=0.5972
[17:48:30] warmStart (decay=exponential) 57% (613/1074) regret=0.106318 ape=0.5972
[17:48:30] warmStart (decay=exponential) 57% (614/1074) regret=0.106318 ape=0.5972
[17:48:30] warmStart (decay=exponential) 57% (615/1074) regret=0.106318 ape=0.5972
[17:48:31] warmStart (decay=exponential) 57% (616/1074) regret=0.106263 ape=0.5972
[17:48:31] warmStart (decay=exponential) 57% (617/1074) regret=0.106318 ape=0.5972
[17:48:31] warmStart (decay=exponential) 57% (618/1074) regret=0.106318 ape=0.5972
[17:48:31] warmStart (decay=exponential) 57% (619/1074) regret=0.106245 ape=0.5972
[17:48:31] warmStart (decay=exponential) 57% (620/1074) regret=0.106301 ape=0.5972
[17:48:32] warmStart (decay=exponential) 57% (621/1074) regret=0.106318 ape=0.5972
[17:48:32] warmStart (decay=exponential) 57% (622/1074) regret=0.106298 ape=0.5963
[17:48:32] warmStart (decay=exponential) 58% (623/1074) regret=0.106298 ape=0.5963
[17:48:32] warmStart (decay=exponential) 58% (624/1074) regret=0.106298 ape=0.5963
[17:48:32] warmStart (decay=exponential) 58% (625/1074) regret=0.106298 ape=0.5963
[17:48:33] warmStart (decay=exponential) 58% (626/1074) regret=0.106298 ape=0.5963
[17:48:33] warmStart (decay=exponential) 58% (627/1074) regret=0.106298 ape=0.5963
[17:48:33] warmStart (decay=exponential) 58% (628/1074) regret=0.106298 ape=0.5963
[17:48:33] warmStart (decay=exponential) 58% (629/1074) regret=0.106298 ape=0.5963
[17:48:33] warmStart (decay=exponential) 58% (630/1074) regret=0.106298 ape=0.5963
[17:48:34] warmStart (decay=exponential) 58% (631/1074) regret=0.106298 ape=0.5963
[17:48:34] warmStart (decay=exponential) 58% (632/1074) regret=0.106298 ape=0.5963
[17:48:34] warmStart (decay=exponential) 58% (633/1074) regret=0.106298 ape=0.5963
[17:48:34] warmStart (decay=exponential) 59% (634/1074) regret=0.106298 ape=0.5963
[17:48:34] warmStart (decay=exponential) 59% (635/1074) regret=0.106298 ape=0.5963
[17:48:35] warmStart (decay=exponential) 59% (636/1074) regret=0.106298 ape=0.5963
[17:48:35] warmStart (decay=exponential) 59% (637/1074) regret=0.106298 ape=0.5963
[17:48:35] warmStart (decay=exponential) 59% (638/1074) regret=0.106298 ape=0.5963
[17:48:35] warmStart (decay=exponential) 59% (639/1074) regret=0.106298 ape=0.5963
[17:48:35] warmStart (decay=exponential) 59% (640/1074) regret=0.106301 ape=0.5963
[17:48:36] warmStart (decay=exponential) 59% (641/1074) regret=0.106301 ape=0.5963
[17:48:36] warmStart (decay=exponential) 59% (642/1074) regret=0.106284 ape=0.5963
[17:48:36] warmStart (decay=exponential) 59% (643/1074) regret=0.106279 ape=0.5963
[17:48:36] warmStart (decay=exponential) 59% (644/1074) regret=0.106279 ape=0.5963
[17:48:36] warmStart (decay=exponential) 60% (645/1074) regret=0.106279 ape=0.5963
[17:48:37] warmStart (decay=exponential) 60% (646/1074) regret=0.106279 ape=0.5963
[17:48:37] warmStart (decay=exponential) 60% (647/1074) regret=0.106279 ape=0.5963
[17:48:37] warmStart (decay=exponential) 60% (648/1074) regret=0.106301 ape=0.5963
[17:48:37] warmStart (decay=exponential) 60% (649/1074) regret=0.106301 ape=0.5963
[17:48:37] warmStart (decay=exponential) 60% (650/1074) regret=0.106301 ape=0.5963
[17:48:38] warmStart (decay=exponential) 60% (651/1074) regret=0.106301 ape=0.5963
[17:48:38] warmStart (decay=exponential) 60% (652/1074) regret=0.106301 ape=0.5963
[17:48:38] warmStart (decay=exponential) 60% (653/1074) regret=0.106279 ape=0.5963
[17:48:38] warmStart (decay=exponential) 60% (654/1074) regret=0.106301 ape=0.5963
[17:48:38] warmStart (decay=exponential) 60% (655/1074) regret=0.106279 ape=0.5963
[17:48:39] warmStart (decay=exponential) 61% (656/1074) regret=0.106279 ape=0.5963
[17:48:39] warmStart (decay=exponential) 61% (657/1074) regret=0.106279 ape=0.5963
[17:48:39] warmStart (decay=exponential) 61% (658/1074) regret=0.106279 ape=0.5963
[17:48:39] warmStart (decay=exponential) 61% (659/1074) regret=0.106279 ape=0.5963
[17:48:39] warmStart (decay=exponential) 61% (660/1074) regret=0.106279 ape=0.5963
[17:48:40] warmStart (decay=exponential) 61% (661/1074) regret=0.106279 ape=0.5963
[17:48:40] warmStart (decay=exponential) 61% (662/1074) regret=0.106371 ape=0.5972
[17:48:40] warmStart (decay=exponential) 61% (663/1074) regret=0.106316 ape=0.5972
[17:48:40] warmStart (decay=exponential) 61% (664/1074) regret=0.106316 ape=0.5972
[17:48:40] warmStart (decay=exponential) 61% (665/1074) regret=0.106316 ape=0.5972
[17:48:41] warmStart (decay=exponential) 62% (666/1074) regret=0.106297 ape=0.5963
[17:48:41] warmStart (decay=exponential) 62% (667/1074) regret=0.106270 ape=0.5954
[17:48:41] warmStart (decay=exponential) 62% (668/1074) regret=0.106270 ape=0.5954
[17:48:41] warmStart (decay=exponential) 62% (669/1074) regret=0.106270 ape=0.5954
[17:48:41] warmStart (decay=exponential) 62% (670/1074) regret=0.106270 ape=0.5954
[17:48:42] warmStart (decay=exponential) 62% (671/1074) regret=0.106279 ape=0.5963
[17:48:42] warmStart (decay=exponential) 62% (672/1074) regret=0.106279 ape=0.5963
[17:48:42] warmStart (decay=exponential) 62% (673/1074) regret=0.106279 ape=0.5963
[17:48:42] warmStart (decay=exponential) 62% (674/1074) regret=0.106279 ape=0.5963
[17:48:42] warmStart (decay=exponential) 62% (675/1074) regret=0.106279 ape=0.5963
[17:48:43] warmStart (decay=exponential) 62% (676/1074) regret=0.106279 ape=0.5963
[17:48:43] warmStart (decay=exponential) 63% (677/1074) regret=0.106279 ape=0.5963
[17:48:43] warmStart (decay=exponential) 63% (678/1074) regret=0.106279 ape=0.5963
[17:48:43] warmStart (decay=exponential) 63% (679/1074) regret=0.106279 ape=0.5963
[17:48:44] warmStart (decay=exponential) 63% (680/1074) regret=0.106279 ape=0.5963
[17:48:44] warmStart (decay=exponential) 63% (681/1074) regret=0.106279 ape=0.5963
[17:48:44] warmStart (decay=exponential) 63% (682/1074) regret=0.106279 ape=0.5963
[17:48:44] warmStart (decay=exponential) 63% (683/1074) regret=0.106279 ape=0.5963
[17:48:44] warmStart (decay=exponential) 63% (684/1074) regret=0.106279 ape=0.5963
[17:48:45] warmStart (decay=exponential) 63% (685/1074) regret=0.106279 ape=0.5963
[17:48:45] warmStart (decay=exponential) 63% (686/1074) regret=0.106279 ape=0.5963
[17:48:45] warmStart (decay=exponential) 63% (687/1074) regret=0.106279 ape=0.5963
[17:48:45] warmStart (decay=exponential) 64% (688/1074) regret=0.106279 ape=0.5963
[17:48:45] warmStart (decay=exponential) 64% (689/1074) regret=0.106279 ape=0.5963
[17:48:46] warmStart (decay=exponential) 64% (690/1074) regret=0.106279 ape=0.5963
[17:48:46] warmStart (decay=exponential) 64% (691/1074) regret=0.106279 ape=0.5963
[17:48:46] warmStart (decay=exponential) 64% (692/1074) regret=0.106279 ape=0.5963
[17:48:46] warmStart (decay=exponential) 64% (693/1074) regret=0.106279 ape=0.5963
[17:48:46] warmStart (decay=exponential) 64% (694/1074) regret=0.106901 ape=0.5963
[17:48:47] warmStart (decay=exponential) 64% (695/1074) regret=0.106238 ape=0.5954
[17:48:47] warmStart (decay=exponential) 64% (696/1074) regret=0.106238 ape=0.5954
[17:48:47] warmStart (decay=exponential) 64% (697/1074) regret=0.106238 ape=0.5954
[17:48:47] warmStart (decay=exponential) 64% (698/1074) regret=0.106238 ape=0.5954
[17:48:47] warmStart (decay=exponential) 65% (699/1074) regret=0.106238 ape=0.5954
[17:48:48] warmStart (decay=exponential) 65% (700/1074) regret=0.106238 ape=0.5954
[17:48:48] warmStart (decay=exponential) 65% (701/1074) regret=0.106238 ape=0.5954
[17:48:48] warmStart (decay=exponential) 65% (702/1074) regret=0.106238 ape=0.5954
[17:48:48] warmStart (decay=exponential) 65% (703/1074) regret=0.106238 ape=0.5954
[17:48:48] warmStart (decay=exponential) 65% (704/1074) regret=0.106238 ape=0.5954
[17:48:49] warmStart (decay=exponential) 65% (705/1074) regret=0.106238 ape=0.5954
[17:48:49] warmStart (decay=exponential) 65% (706/1074) regret=0.106238 ape=0.5954
[17:48:49] warmStart (decay=exponential) 65% (707/1074) regret=0.106238 ape=0.5954
[17:48:49] warmStart (decay=exponential) 65% (708/1074) regret=0.106238 ape=0.5954
[17:48:49] warmStart (decay=exponential) 66% (709/1074) regret=0.106238 ape=0.5954
[17:48:50] warmStart (decay=exponential) 66% (710/1074) regret=0.106238 ape=0.5954
[17:48:50] warmStart (decay=exponential) 66% (711/1074) regret=0.106238 ape=0.5954
[17:48:50] warmStart (decay=exponential) 66% (712/1074) regret=0.106238 ape=0.5954
[17:48:50] warmStart (decay=exponential) 66% (713/1074) regret=0.106238 ape=0.5954
[17:48:50] warmStart (decay=exponential) 66% (714/1074) regret=0.106238 ape=0.5954
[17:48:51] warmStart (decay=exponential) 66% (715/1074) regret=0.106238 ape=0.5954
[17:48:51] warmStart (decay=exponential) 66% (716/1074) regret=0.106238 ape=0.5954
[17:48:51] warmStart (decay=exponential) 66% (717/1074) regret=0.106238 ape=0.5954
[17:48:51] warmStart (decay=exponential) 66% (718/1074) regret=0.106238 ape=0.5954
[17:48:51] warmStart (decay=exponential) 66% (719/1074) regret=0.106238 ape=0.5954
[17:48:52] warmStart (decay=exponential) 67% (720/1074) regret=0.106238 ape=0.5954
[17:48:52] warmStart (decay=exponential) 67% (721/1074) regret=0.106238 ape=0.5954
[17:48:52] warmStart (decay=exponential) 67% (722/1074) regret=0.106238 ape=0.5954
[17:48:52] warmStart (decay=exponential) 67% (723/1074) regret=0.106827 ape=0.5963
[17:48:53] warmStart (decay=exponential) 67% (724/1074) regret=0.106238 ape=0.5954
[17:48:53] warmStart (decay=exponential) 67% (725/1074) regret=0.106238 ape=0.5954
[17:48:53] warmStart (decay=exponential) 67% (726/1074) regret=0.106081 ape=0.5954
[17:48:53] warmStart (decay=exponential) 67% (727/1074) regret=0.106044 ape=0.5954
[17:48:53] warmStart (decay=exponential) 67% (728/1074) regret=0.106044 ape=0.5954
[17:48:54] warmStart (decay=exponential) 67% (729/1074) regret=0.105897 ape=0.5945
[17:48:54] warmStart (decay=exponential) 67% (730/1074) regret=0.105897 ape=0.5945
[17:48:54] warmStart (decay=exponential) 68% (731/1074) regret=0.105897 ape=0.5945
[17:48:54] warmStart (decay=exponential) 68% (732/1074) regret=0.106380 ape=0.5954
[17:48:54] warmStart (decay=exponential) 68% (733/1074) regret=0.105952 ape=0.5954
[17:48:55] warmStart (decay=exponential) 68% (734/1074) regret=0.105952 ape=0.5954
[17:48:55] warmStart (decay=exponential) 68% (735/1074) regret=0.105952 ape=0.5954
[17:48:55] warmStart (decay=exponential) 68% (736/1074) regret=0.105952 ape=0.5954
[17:48:55] warmStart (decay=exponential) 68% (737/1074) regret=0.105952 ape=0.5954
[17:48:56] warmStart (decay=exponential) 68% (738/1074) regret=0.105952 ape=0.5954
[17:48:56] warmStart (decay=exponential) 68% (739/1074) regret=0.105952 ape=0.5954
[17:48:56] warmStart (decay=exponential) 68% (740/1074) regret=0.105963 ape=0.5954
[17:48:56] warmStart (decay=exponential) 68% (741/1074) regret=0.105963 ape=0.5954
[17:48:57] warmStart (decay=exponential) 69% (742/1074) regret=0.105963 ape=0.5954
[17:48:57] warmStart (decay=exponential) 69% (743/1074) regret=0.105950 ape=0.5954
[17:48:57] warmStart (decay=exponential) 69% (744/1074) regret=0.105950 ape=0.5954
[17:48:57] warmStart (decay=exponential) 69% (745/1074) regret=0.105950 ape=0.5954
[17:48:57] warmStart (decay=exponential) 69% (746/1074) regret=0.105950 ape=0.5954
[17:48:58] warmStart (decay=exponential) 69% (747/1074) regret=0.105950 ape=0.5954
[17:48:58] warmStart (decay=exponential) 69% (748/1074) regret=0.105950 ape=0.5954
[17:48:58] warmStart (decay=exponential) 69% (749/1074) regret=0.105964 ape=0.5954
[17:48:58] warmStart (decay=exponential) 69% (750/1074) regret=0.105950 ape=0.5954
[17:48:59] warmStart (decay=exponential) 69% (751/1074) regret=0.105950 ape=0.5954
[17:48:59] warmStart (decay=exponential) 70% (752/1074) regret=0.105950 ape=0.5954
[17:48:59] warmStart (decay=exponential) 70% (753/1074) regret=0.105950 ape=0.5954
[17:48:59] warmStart (decay=exponential) 70% (754/1074) regret=0.105950 ape=0.5954
[17:48:59] warmStart (decay=exponential) 70% (755/1074) regret=0.105950 ape=0.5954
[17:49:00] warmStart (decay=exponential) 70% (756/1074) regret=0.105950 ape=0.5954
[17:49:00] warmStart (decay=exponential) 70% (757/1074) regret=0.105821 ape=0.5954
[17:49:00] warmStart (decay=exponential) 70% (758/1074) regret=0.105711 ape=0.5945
[17:49:00] warmStart (decay=exponential) 70% (759/1074) regret=0.105711 ape=0.5945
[17:49:00] warmStart (decay=exponential) 70% (760/1074) regret=0.105711 ape=0.5945
[17:49:01] warmStart (decay=exponential) 70% (761/1074) regret=0.105711 ape=0.5945
[17:49:01] warmStart (decay=exponential) 70% (762/1074) regret=0.105711 ape=0.5945
[17:49:01] warmStart (decay=exponential) 71% (763/1074) regret=0.105711 ape=0.5945
[17:49:01] warmStart (decay=exponential) 71% (764/1074) regret=0.105711 ape=0.5945
[17:49:01] warmStart (decay=exponential) 71% (765/1074) regret=0.105711 ape=0.5945
[17:49:02] warmStart (decay=exponential) 71% (766/1074) regret=0.105711 ape=0.5945
[17:49:02] warmStart (decay=exponential) 71% (767/1074) regret=0.105711 ape=0.5945
[17:49:02] warmStart (decay=exponential) 71% (768/1074) regret=0.105711 ape=0.5945
[17:49:02] warmStart (decay=exponential) 71% (769/1074) regret=0.105711 ape=0.5945
[17:49:02] warmStart (decay=exponential) 71% (770/1074) regret=0.105711 ape=0.5945
[17:49:03] warmStart (decay=exponential) 71% (771/1074) regret=0.105711 ape=0.5945
[17:49:03] warmStart (decay=exponential) 71% (772/1074) regret=0.105711 ape=0.5945
[17:49:03] warmStart (decay=exponential) 71% (773/1074) regret=0.105711 ape=0.5945
[17:49:03] warmStart (decay=exponential) 72% (774/1074) regret=0.105711 ape=0.5945
[17:49:03] warmStart (decay=exponential) 72% (775/1074) regret=0.105711 ape=0.5945
[17:49:04] warmStart (decay=exponential) 72% (776/1074) regret=0.105711 ape=0.5945
[17:49:04] warmStart (decay=exponential) 72% (777/1074) regret=0.105711 ape=0.5945
[17:49:04] warmStart (decay=exponential) 72% (778/1074) regret=0.105711 ape=0.5945
[17:49:04] warmStart (decay=exponential) 72% (779/1074) regret=0.105711 ape=0.5945
[17:49:04] warmStart (decay=exponential) 72% (780/1074) regret=0.105711 ape=0.5945
[17:49:05] warmStart (decay=exponential) 72% (781/1074) regret=0.105711 ape=0.5945
[17:49:05] warmStart (decay=exponential) 72% (782/1074) regret=0.105711 ape=0.5945
[17:49:05] warmStart (decay=exponential) 72% (783/1074) regret=0.105711 ape=0.5945
[17:49:05] warmStart (decay=exponential) 72% (784/1074) regret=0.105711 ape=0.5945
[17:49:05] warmStart (decay=exponential) 73% (785/1074) regret=0.105711 ape=0.5945
[17:49:06] warmStart (decay=exponential) 73% (786/1074) regret=0.105711 ape=0.5945
[17:49:06] warmStart (decay=exponential) 73% (787/1074) regret=0.105711 ape=0.5945
[17:49:06] warmStart (decay=exponential) 73% (788/1074) regret=0.105707 ape=0.5945
[17:49:06] warmStart (decay=exponential) 73% (789/1074) regret=0.105707 ape=0.5945
[17:49:06] warmStart (decay=exponential) 73% (790/1074) regret=0.105707 ape=0.5945
[17:49:07] warmStart (decay=exponential) 73% (791/1074) regret=0.105707 ape=0.5945
[17:49:07] warmStart (decay=exponential) 73% (792/1074) regret=0.105707 ape=0.5945
[17:49:07] warmStart (decay=exponential) 73% (793/1074) regret=0.105707 ape=0.5945
[17:49:07] warmStart (decay=exponential) 73% (794/1074) regret=0.105707 ape=0.5945
[17:49:07] warmStart (decay=exponential) 74% (795/1074) regret=0.105707 ape=0.5945
[17:49:08] warmStart (decay=exponential) 74% (796/1074) regret=0.105707 ape=0.5945
[17:49:08] warmStart (decay=exponential) 74% (797/1074) regret=0.105707 ape=0.5945
[17:49:08] warmStart (decay=exponential) 74% (798/1074) regret=0.105707 ape=0.5945
[17:49:08] warmStart (decay=exponential) 74% (799/1074) regret=0.105707 ape=0.5945
[17:49:08] warmStart (decay=exponential) 74% (800/1074) regret=0.105707 ape=0.5945
[17:49:09] warmStart (decay=exponential) 74% (801/1074) regret=0.105707 ape=0.5945
[17:49:09] warmStart (decay=exponential) 74% (802/1074) regret=0.105707 ape=0.5945
[17:49:09] warmStart (decay=exponential) 74% (803/1074) regret=0.105707 ape=0.5945
[17:49:09] warmStart (decay=exponential) 74% (804/1074) regret=0.105707 ape=0.5945
[17:49:09] warmStart (decay=exponential) 74% (805/1074) regret=0.105707 ape=0.5945
[17:49:10] warmStart (decay=exponential) 75% (806/1074) regret=0.105710 ape=0.5935
[17:49:10] warmStart (decay=exponential) 75% (807/1074) regret=0.105692 ape=0.5935
[17:49:10] warmStart (decay=exponential) 75% (808/1074) regret=0.105683 ape=0.5926
[17:49:10] warmStart (decay=exponential) 75% (809/1074) regret=0.105683 ape=0.5926
[17:49:11] warmStart (decay=exponential) 75% (810/1074) regret=0.105683 ape=0.5926
[17:49:11] warmStart (decay=exponential) 75% (811/1074) regret=0.105683 ape=0.5926
[17:49:11] warmStart (decay=exponential) 75% (812/1074) regret=0.105683 ape=0.5926
[17:49:11] warmStart (decay=exponential) 75% (813/1074) regret=0.105683 ape=0.5926
[17:49:12] warmStart (decay=exponential) 75% (814/1074) regret=0.105692 ape=0.5935
[17:49:12] warmStart (decay=exponential) 75% (815/1074) regret=0.105692 ape=0.5935
[17:49:12] warmStart (decay=exponential) 75% (816/1074) regret=0.105692 ape=0.5935
[17:49:12] warmStart (decay=exponential) 76% (817/1074) regret=0.105692 ape=0.5935
[17:49:12] warmStart (decay=exponential) 76% (818/1074) regret=0.105692 ape=0.5935
[17:49:13] warmStart (decay=exponential) 76% (819/1074) regret=0.105683 ape=0.5926
[17:49:13] warmStart (decay=exponential) 76% (820/1074) regret=0.105683 ape=0.5926
[17:49:13] warmStart (decay=exponential) 76% (821/1074) regret=0.105683 ape=0.5926
[17:49:13] warmStart (decay=exponential) 76% (822/1074) regret=0.105683 ape=0.5926
[17:49:14] warmStart (decay=exponential) 76% (823/1074) regret=0.105683 ape=0.5926
[17:49:14] warmStart (decay=exponential) 76% (824/1074) regret=0.105683 ape=0.5926
[17:49:14] warmStart (decay=exponential) 76% (825/1074) regret=0.105683 ape=0.5926
[17:49:14] warmStart (decay=exponential) 76% (826/1074) regret=0.105683 ape=0.5926
[17:49:15] warmStart (decay=exponential) 77% (827/1074) regret=0.105683 ape=0.5926
[17:49:15] warmStart (decay=exponential) 77% (828/1074) regret=0.105683 ape=0.5926
[17:49:15] warmStart (decay=exponential) 77% (829/1074) regret=0.105683 ape=0.5926
[17:49:15] warmStart (decay=exponential) 77% (830/1074) regret=0.105683 ape=0.5926
[17:49:16] warmStart (decay=exponential) 77% (831/1074) regret=0.105683 ape=0.5926
[17:49:16] warmStart (decay=exponential) 77% (832/1074) regret=0.105706 ape=0.5935
[17:49:16] warmStart (decay=exponential) 77% (833/1074) regret=0.105683 ape=0.5926
[17:49:16] warmStart (decay=exponential) 77% (834/1074) regret=0.105683 ape=0.5926
[17:49:16] warmStart (decay=exponential) 77% (835/1074) regret=0.105683 ape=0.5926
[17:49:17] warmStart (decay=exponential) 77% (836/1074) regret=0.105683 ape=0.5926
[17:49:17] warmStart (decay=exponential) 77% (837/1074) regret=0.105683 ape=0.5926
[17:49:17] warmStart (decay=exponential) 78% (838/1074) regret=0.105683 ape=0.5926
[17:49:17] warmStart (decay=exponential) 78% (839/1074) regret=0.105683 ape=0.5926
[17:49:18] warmStart (decay=exponential) 78% (840/1074) regret=0.105720 ape=0.5935
[17:49:18] warmStart (decay=exponential) 78% (841/1074) regret=0.105696 ape=0.5935
[17:49:18] warmStart (decay=exponential) 78% (842/1074) regret=0.105696 ape=0.5935
[17:49:18] warmStart (decay=exponential) 78% (843/1074) regret=0.105683 ape=0.5926
[17:49:19] warmStart (decay=exponential) 78% (844/1074) regret=0.105683 ape=0.5926
[17:49:19] warmStart (decay=exponential) 78% (845/1074) regret=0.105683 ape=0.5926
[17:49:19] warmStart (decay=exponential) 78% (846/1074) regret=0.105683 ape=0.5926
[17:49:19] warmStart (decay=exponential) 78% (847/1074) regret=0.105683 ape=0.5926
[17:49:19] warmStart (decay=exponential) 78% (848/1074) regret=0.105683 ape=0.5926
[17:49:20] warmStart (decay=exponential) 79% (849/1074) regret=0.105683 ape=0.5926
[17:49:20] warmStart (decay=exponential) 79% (850/1074) regret=0.105683 ape=0.5926
[17:49:20] warmStart (decay=exponential) 79% (851/1074) regret=0.105683 ape=0.5926
[17:49:20] warmStart (decay=exponential) 79% (852/1074) regret=0.105683 ape=0.5926
[17:49:21] warmStart (decay=exponential) 79% (853/1074) regret=0.105683 ape=0.5926
[17:49:21] warmStart (decay=exponential) 79% (854/1074) regret=0.105683 ape=0.5926
[17:49:21] warmStart (decay=exponential) 79% (855/1074) regret=0.105683 ape=0.5926
[17:49:21] warmStart (decay=exponential) 79% (856/1074) regret=0.105683 ape=0.5926
[17:49:21] warmStart (decay=exponential) 79% (857/1074) regret=0.105683 ape=0.5926
[17:49:22] warmStart (decay=exponential) 79% (858/1074) regret=0.105683 ape=0.5926
[17:49:22] warmStart (decay=exponential) 79% (859/1074) regret=0.105683 ape=0.5926
[17:49:22] warmStart (decay=exponential) 80% (860/1074) regret=0.105683 ape=0.5926
[17:49:22] warmStart (decay=exponential) 80% (861/1074) regret=0.105683 ape=0.5926
[17:49:23] warmStart (decay=exponential) 80% (862/1074) regret=0.105683 ape=0.5926
[17:49:23] warmStart (decay=exponential) 80% (863/1074) regret=0.105683 ape=0.5926
[17:49:23] warmStart (decay=exponential) 80% (864/1074) regret=0.105683 ape=0.5926
[17:49:23] warmStart (decay=exponential) 80% (865/1074) regret=0.105683 ape=0.5926
[17:49:23] warmStart (decay=exponential) 80% (866/1074) regret=0.105683 ape=0.5926
[17:49:24] warmStart (decay=exponential) 80% (867/1074) regret=0.105683 ape=0.5926
[17:49:24] warmStart (decay=exponential) 80% (868/1074) regret=0.105683 ape=0.5926
[17:49:24] warmStart (decay=exponential) 80% (869/1074) regret=0.105683 ape=0.5926
[17:49:24] warmStart (decay=exponential) 81% (870/1074) regret=0.105683 ape=0.5926
[17:49:24] warmStart (decay=exponential) 81% (871/1074) regret=0.105683 ape=0.5926
[17:49:25] warmStart (decay=exponential) 81% (872/1074) regret=0.105683 ape=0.5926
[17:49:25] warmStart (decay=exponential) 81% (873/1074) regret=0.105683 ape=0.5926
[17:49:25] warmStart (decay=exponential) 81% (874/1074) regret=0.105683 ape=0.5926
[17:49:25] warmStart (decay=exponential) 81% (875/1074) regret=0.105683 ape=0.5926
[17:49:26] warmStart (decay=exponential) 81% (876/1074) regret=0.105683 ape=0.5926
[17:49:26] warmStart (decay=exponential) 81% (877/1074) regret=0.105683 ape=0.5926
[17:49:26] warmStart (decay=exponential) 81% (878/1074) regret=0.105683 ape=0.5926
[17:49:26] warmStart (decay=exponential) 81% (879/1074) regret=0.105683 ape=0.5926
[17:49:26] warmStart (decay=exponential) 81% (880/1074) regret=0.105683 ape=0.5926
[17:49:27] warmStart (decay=exponential) 82% (881/1074) regret=0.105683 ape=0.5926
[17:49:27] warmStart (decay=exponential) 82% (882/1074) regret=0.105683 ape=0.5926
[17:49:27] warmStart (decay=exponential) 82% (883/1074) regret=0.105683 ape=0.5926
[17:49:27] warmStart (decay=exponential) 82% (884/1074) regret=0.105683 ape=0.5926
[17:49:27] warmStart (decay=exponential) 82% (885/1074) regret=0.105683 ape=0.5926
[17:49:28] warmStart (decay=exponential) 82% (886/1074) regret=0.105683 ape=0.5926
[17:49:28] warmStart (decay=exponential) 82% (887/1074) regret=0.105683 ape=0.5926
[17:49:28] warmStart (decay=exponential) 82% (888/1074) regret=0.105683 ape=0.5926
[17:49:28] warmStart (decay=exponential) 82% (889/1074) regret=0.105683 ape=0.5926
[17:49:29] warmStart (decay=exponential) 82% (890/1074) regret=0.105408 ape=0.5917
[17:49:29] warmStart (decay=exponential) 82% (891/1074) regret=0.105408 ape=0.5917
[17:49:29] warmStart (decay=exponential) 83% (892/1074) regret=0.105403 ape=0.5908
[17:49:29] warmStart (decay=exponential) 83% (893/1074) regret=0.105403 ape=0.5908
[17:49:29] warmStart (decay=exponential) 83% (894/1074) regret=0.105477 ape=0.5917
[17:49:30] warmStart (decay=exponential) 83% (895/1074) regret=0.105477 ape=0.5917
[17:49:30] warmStart (decay=exponential) 83% (896/1074) regret=0.105449 ape=0.5917
[17:49:30] warmStart (decay=exponential) 83% (897/1074) regret=0.105449 ape=0.5917
[17:49:30] warmStart (decay=exponential) 83% (898/1074) regret=0.105449 ape=0.5917
[17:49:30] warmStart (decay=exponential) 83% (899/1074) regret=0.105449 ape=0.5917
[17:49:31] warmStart (decay=exponential) 83% (900/1074) regret=0.105403 ape=0.5908
[17:49:31] warmStart (decay=exponential) 83% (901/1074) regret=0.105403 ape=0.5908
[17:49:31] warmStart (decay=exponential) 83% (902/1074) regret=0.105403 ape=0.5908
[17:49:31] warmStart (decay=exponential) 84% (903/1074) regret=0.105440 ape=0.5917
[17:49:31] warmStart (decay=exponential) 84% (904/1074) regret=0.105403 ape=0.5908
[17:49:32] warmStart (decay=exponential) 84% (905/1074) regret=0.105403 ape=0.5908
[17:49:32] warmStart (decay=exponential) 84% (906/1074) regret=0.105403 ape=0.5908
[17:49:32] warmStart (decay=exponential) 84% (907/1074) regret=0.105403 ape=0.5908
[17:49:32] warmStart (decay=exponential) 84% (908/1074) regret=0.105403 ape=0.5908
[17:49:33] warmStart (decay=exponential) 84% (909/1074) regret=0.105403 ape=0.5908
[17:49:33] warmStart (decay=exponential) 84% (910/1074) regret=0.105403 ape=0.5908
[17:49:33] warmStart (decay=exponential) 84% (911/1074) regret=0.105403 ape=0.5908
[17:49:33] warmStart (decay=exponential) 84% (912/1074) regret=0.105403 ape=0.5908
[17:49:33] warmStart (decay=exponential) 85% (913/1074) regret=0.105403 ape=0.5908
[17:49:34] warmStart (decay=exponential) 85% (914/1074) regret=0.105403 ape=0.5908
[17:49:34] warmStart (decay=exponential) 85% (915/1074) regret=0.105403 ape=0.5908
[17:49:34] warmStart (decay=exponential) 85% (916/1074) regret=0.105403 ape=0.5908
[17:49:34] warmStart (decay=exponential) 85% (917/1074) regret=0.105403 ape=0.5908
[17:49:35] warmStart (decay=exponential) 85% (918/1074) regret=0.105403 ape=0.5908
[17:49:35] warmStart (decay=exponential) 85% (919/1074) regret=0.105403 ape=0.5908
[17:49:35] warmStart (decay=exponential) 85% (920/1074) regret=0.105403 ape=0.5908
[17:49:35] warmStart (decay=exponential) 85% (921/1074) regret=0.105403 ape=0.5908
[17:49:35] warmStart (decay=exponential) 85% (922/1074) regret=0.105403 ape=0.5908
[17:49:36] warmStart (decay=exponential) 85% (923/1074) regret=0.105403 ape=0.5908
[17:49:36] warmStart (decay=exponential) 86% (924/1074) regret=0.105403 ape=0.5908
[17:49:36] warmStart (decay=exponential) 86% (925/1074) regret=0.105403 ape=0.5908
[17:49:36] warmStart (decay=exponential) 86% (926/1074) regret=0.105403 ape=0.5908
[17:49:37] warmStart (decay=exponential) 86% (927/1074) regret=0.105403 ape=0.5908
[17:49:37] warmStart (decay=exponential) 86% (928/1074) regret=0.105403 ape=0.5908
[17:49:37] warmStart (decay=exponential) 86% (929/1074) regret=0.105403 ape=0.5908
[17:49:37] warmStart (decay=exponential) 86% (930/1074) regret=0.105403 ape=0.5908
[17:49:37] warmStart (decay=exponential) 86% (931/1074) regret=0.105403 ape=0.5908
[17:49:38] warmStart (decay=exponential) 86% (932/1074) regret=0.105403 ape=0.5908
[17:49:38] warmStart (decay=exponential) 86% (933/1074) regret=0.105403 ape=0.5908
[17:49:38] warmStart (decay=exponential) 86% (934/1074) regret=0.105403 ape=0.5908
[17:49:38] warmStart (decay=exponential) 87% (935/1074) regret=0.105403 ape=0.5908
[17:49:39] warmStart (decay=exponential) 87% (936/1074) regret=0.105403 ape=0.5908
[17:49:39] warmStart (decay=exponential) 87% (937/1074) regret=0.105403 ape=0.5908
[17:49:39] warmStart (decay=exponential) 87% (938/1074) regret=0.105403 ape=0.5908
[17:49:39] warmStart (decay=exponential) 87% (939/1074) regret=0.105403 ape=0.5908
[17:49:39] warmStart (decay=exponential) 87% (940/1074) regret=0.105403 ape=0.5908
[17:49:40] warmStart (decay=exponential) 87% (941/1074) regret=0.105403 ape=0.5908
[17:49:40] warmStart (decay=exponential) 87% (942/1074) regret=0.105403 ape=0.5908
[17:49:40] warmStart (decay=exponential) 87% (943/1074) regret=0.105403 ape=0.5908
[17:49:40] warmStart (decay=exponential) 87% (944/1074) regret=0.105403 ape=0.5908
[17:49:41] warmStart (decay=exponential) 87% (945/1074) regret=0.105403 ape=0.5908
[17:49:41] warmStart (decay=exponential) 88% (946/1074) regret=0.105403 ape=0.5908
[17:49:41] warmStart (decay=exponential) 88% (947/1074) regret=0.105403 ape=0.5908
[17:49:41] warmStart (decay=exponential) 88% (948/1074) regret=0.105403 ape=0.5908
[17:49:41] warmStart (decay=exponential) 88% (949/1074) regret=0.105403 ape=0.5908
[17:49:42] warmStart (decay=exponential) 88% (950/1074) regret=0.105403 ape=0.5908
[17:49:42] warmStart (decay=exponential) 88% (951/1074) regret=0.105403 ape=0.5908
[17:49:42] warmStart (decay=exponential) 88% (952/1074) regret=0.105403 ape=0.5908
[17:49:42] warmStart (decay=exponential) 88% (953/1074) regret=0.105403 ape=0.5908
[17:49:43] warmStart (decay=exponential) 88% (954/1074) regret=0.105403 ape=0.5908
[17:49:43] warmStart (decay=exponential) 88% (955/1074) regret=0.105403 ape=0.5908
[17:49:43] warmStart (decay=exponential) 89% (956/1074) regret=0.105403 ape=0.5908
[17:49:43] warmStart (decay=exponential) 89% (957/1074) regret=0.105403 ape=0.5908
[17:49:43] warmStart (decay=exponential) 89% (958/1074) regret=0.105403 ape=0.5908
[17:49:44] warmStart (decay=exponential) 89% (959/1074) regret=0.105403 ape=0.5908
[17:49:44] warmStart (decay=exponential) 89% (960/1074) regret=0.105403 ape=0.5908
[17:49:44] warmStart (decay=exponential) 89% (961/1074) regret=0.105403 ape=0.5908
[17:49:44] warmStart (decay=exponential) 89% (962/1074) regret=0.105403 ape=0.5908
[17:49:44] warmStart (decay=exponential) 89% (963/1074) regret=0.105403 ape=0.5908
[17:49:45] warmStart (decay=exponential) 89% (964/1074) regret=0.105403 ape=0.5908
[17:49:45] warmStart (decay=exponential) 89% (965/1074) regret=0.105403 ape=0.5908
[17:49:45] warmStart (decay=exponential) 89% (966/1074) regret=0.105403 ape=0.5908
[17:49:45] warmStart (decay=exponential) 90% (967/1074) regret=0.105403 ape=0.5908
[17:49:46] warmStart (decay=exponential) 90% (968/1074) regret=0.105403 ape=0.5908
[17:49:46] warmStart (decay=exponential) 90% (969/1074) regret=0.105403 ape=0.5908
[17:49:46] warmStart (decay=exponential) 90% (970/1074) regret=0.105403 ape=0.5908
[17:49:46] warmStart (decay=exponential) 90% (971/1074) regret=0.105403 ape=0.5908
[17:49:46] warmStart (decay=exponential) 90% (972/1074) regret=0.105403 ape=0.5908
[17:49:47] warmStart (decay=exponential) 90% (973/1074) regret=0.105403 ape=0.5908
[17:49:47] warmStart (decay=exponential) 90% (974/1074) regret=0.105403 ape=0.5908
[17:49:47] warmStart (decay=exponential) 90% (975/1074) regret=0.105403 ape=0.5908
[17:49:47] warmStart (decay=exponential) 90% (976/1074) regret=0.105403 ape=0.5908
[17:49:48] warmStart (decay=exponential) 90% (977/1074) regret=0.105740 ape=0.5917
[17:49:48] warmStart (decay=exponential) 91% (978/1074) regret=0.105726 ape=0.5917
[17:49:48] warmStart (decay=exponential) 91% (979/1074) regret=0.105726 ape=0.5917
[17:49:48] warmStart (decay=exponential) 91% (980/1074) regret=0.105403 ape=0.5908
[17:49:48] warmStart (decay=exponential) 91% (981/1074) regret=0.105403 ape=0.5908
[17:49:49] warmStart (decay=exponential) 91% (982/1074) regret=0.105403 ape=0.5908
[17:49:49] warmStart (decay=exponential) 91% (983/1074) regret=0.105403 ape=0.5908
[17:49:49] warmStart (decay=exponential) 91% (984/1074) regret=0.105403 ape=0.5908
[17:49:49] warmStart (decay=exponential) 91% (985/1074) regret=0.105403 ape=0.5908
[17:49:49] warmStart (decay=exponential) 91% (986/1074) regret=0.105403 ape=0.5908
[17:49:50] warmStart (decay=exponential) 91% (987/1074) regret=0.105403 ape=0.5908
[17:49:50] warmStart (decay=exponential) 91% (988/1074) regret=0.105403 ape=0.5908
[17:49:50] warmStart (decay=exponential) 92% (989/1074) regret=0.105237 ape=0.5908
[17:49:50] warmStart (decay=exponential) 92% (990/1074) regret=0.105449 ape=0.5908
[17:49:51] warmStart (decay=exponential) 92% (991/1074) regret=0.105385 ape=0.5908
[17:49:51] warmStart (decay=exponential) 92% (992/1074) regret=0.105302 ape=0.5908
[17:49:51] warmStart (decay=exponential) 92% (993/1074) regret=0.105302 ape=0.5908
[17:49:51] warmStart (decay=exponential) 92% (994/1074) regret=0.105200 ape=0.5899
[17:49:51] warmStart (decay=exponential) 92% (995/1074) regret=0.105200 ape=0.5899
[17:49:52] warmStart (decay=exponential) 92% (996/1074) regret=0.105200 ape=0.5899
[17:49:52] warmStart (decay=exponential) 92% (997/1074) regret=0.105200 ape=0.5899
[17:49:52] warmStart (decay=exponential) 92% (998/1074) regret=0.105200 ape=0.5899
[17:49:52] warmStart (decay=exponential) 93% (999/1074) regret=0.105200 ape=0.5899
[17:49:52] warmStart (decay=exponential) 93% (1000/1074) regret=0.105200 ape=0.5899
[17:49:52] warmStart (decay=exponential) 93% (1001/1074) regret=0.105200 ape=0.5899
[17:49:53] warmStart (decay=exponential) 93% (1002/1074) regret=0.105197 ape=0.5899
[17:49:53] warmStart (decay=exponential) 93% (1003/1074) regret=0.105523 ape=0.5899
[17:49:53] warmStart (decay=exponential) 93% (1004/1074) regret=0.105182 ape=0.5889
[17:49:53] warmStart (decay=exponential) 93% (1005/1074) regret=0.105182 ape=0.5889
[17:49:53] warmStart (decay=exponential) 93% (1006/1074) regret=0.105182 ape=0.5889
[17:49:53] warmStart (decay=exponential) 93% (1007/1074) regret=0.105182 ape=0.5889
[17:49:54] warmStart (decay=exponential) 93% (1008/1074) regret=0.105182 ape=0.5889
[17:49:54] warmStart (decay=exponential) 93% (1009/1074) regret=0.105182 ape=0.5889
[17:49:54] warmStart (decay=exponential) 94% (1010/1074) regret=0.105293 ape=0.5899
[17:49:54] warmStart (decay=exponential) 94% (1011/1074) regret=0.105283 ape=0.5899
[17:49:54] warmStart (decay=exponential) 94% (1012/1074) regret=0.105191 ape=0.5899
[17:49:54] warmStart (decay=exponential) 94% (1013/1074) regret=0.105191 ape=0.5899
[17:49:55] warmStart (decay=exponential) 94% (1014/1074) regret=0.105707 ape=0.5908
[17:49:55] warmStart (decay=exponential) 94% (1015/1074) regret=0.105205 ape=0.5908
[17:49:55] warmStart (decay=exponential) 94% (1016/1074) regret=0.105205 ape=0.5908
[17:49:55] warmStart (decay=exponential) 94% (1017/1074) regret=0.105205 ape=0.5908
[17:49:55] warmStart (decay=exponential) 94% (1018/1074) regret=0.105205 ape=0.5908
[17:49:55] warmStart (decay=exponential) 94% (1019/1074) regret=0.105334 ape=0.5908
[17:49:56] warmStart (decay=exponential) 94% (1020/1074) regret=0.105334 ape=0.5908
[17:49:56] warmStart (decay=exponential) 95% (1021/1074) regret=0.105334 ape=0.5908
[17:49:56] warmStart (decay=exponential) 95% (1022/1074) regret=0.105334 ape=0.5908
[17:49:56] warmStart (decay=exponential) 95% (1023/1074) regret=0.105334 ape=0.5908
[17:49:56] warmStart (decay=exponential) 95% (1024/1074) regret=0.105334 ape=0.5908
[17:49:56] warmStart (decay=exponential) 95% (1025/1074) regret=0.105334 ape=0.5908
[17:49:57] warmStart (decay=exponential) 95% (1026/1074) regret=0.105334 ape=0.5908
[17:49:57] warmStart (decay=exponential) 95% (1027/1074) regret=0.105334 ape=0.5908
[17:49:57] warmStart (decay=exponential) 95% (1028/1074) regret=0.105334 ape=0.5908
[17:49:57] warmStart (decay=exponential) 95% (1029/1074) regret=0.105334 ape=0.5908
[17:49:57] warmStart (decay=exponential) 95% (1030/1074) regret=0.105334 ape=0.5908
[17:49:57] warmStart (decay=exponential) 95% (1031/1074) regret=0.105334 ape=0.5908
[17:49:57] warmStart (decay=exponential) 96% (1032/1074) regret=0.105334 ape=0.5908
[17:49:58] warmStart (decay=exponential) 96% (1033/1074) regret=0.105334 ape=0.5908
[17:49:58] warmStart (decay=exponential) 96% (1034/1074) regret=0.105334 ape=0.5908
[17:49:58] warmStart (decay=exponential) 96% (1035/1074) regret=0.105334 ape=0.5908
[17:49:58] warmStart (decay=exponential) 96% (1036/1074) regret=0.105334 ape=0.5908
[17:49:58] warmStart (decay=exponential) 96% (1037/1074) regret=0.105334 ape=0.5908
[17:49:58] warmStart (decay=exponential) 96% (1038/1074) regret=0.105334 ape=0.5908
[17:49:59] warmStart (decay=exponential) 96% (1039/1074) regret=0.105334 ape=0.5908
[17:49:59] warmStart (decay=exponential) 96% (1040/1074) regret=0.105334 ape=0.5908
[17:49:59] warmStart (decay=exponential) 96% (1041/1074) regret=0.105334 ape=0.5908
[17:49:59] warmStart (decay=exponential) 97% (1042/1074) regret=0.105334 ape=0.5908
[17:49:59] warmStart (decay=exponential) 97% (1043/1074) regret=0.105334 ape=0.5908
[17:49:59] warmStart (decay=exponential) 97% (1044/1074) regret=0.105334 ape=0.5908
[17:50:00] warmStart (decay=exponential) 97% (1045/1074) regret=0.105334 ape=0.5908
[17:50:00] warmStart (decay=exponential) 97% (1046/1074) regret=0.105334 ape=0.5908
[17:50:00] warmStart (decay=exponential) 97% (1047/1074) regret=0.105334 ape=0.5908
[17:50:00] warmStart (decay=exponential) 97% (1048/1074) regret=0.105334 ape=0.5908
[17:50:00] warmStart (decay=exponential) 97% (1049/1074) regret=0.105334 ape=0.5908
[17:50:01] warmStart (decay=exponential) 97% (1050/1074) regret=0.105334 ape=0.5908
[17:50:01] warmStart (decay=exponential) 97% (1051/1074) regret=0.105334 ape=0.5908
[17:50:01] warmStart (decay=exponential) 97% (1052/1074) regret=0.105334 ape=0.5908
[17:50:01] warmStart (decay=exponential) 98% (1053/1074) regret=0.105334 ape=0.5908
[17:50:01] warmStart (decay=exponential) 98% (1054/1074) regret=0.105334 ape=0.5908
[17:50:01] warmStart (decay=exponential) 98% (1055/1074) regret=0.105334 ape=0.5908
[17:50:02] warmStart (decay=exponential) 98% (1056/1074) regret=0.105334 ape=0.5908
[17:50:02] warmStart (decay=exponential) 98% (1057/1074) regret=0.105334 ape=0.5908
[17:50:02] warmStart (decay=exponential) 98% (1058/1074) regret=0.105334 ape=0.5908
[17:50:02] warmStart (decay=exponential) 98% (1059/1074) regret=0.105334 ape=0.5908
[17:50:02] warmStart (decay=exponential) 98% (1060/1074) regret=0.105334 ape=0.5908
[17:50:02] warmStart (decay=exponential) 98% (1061/1074) regret=0.105334 ape=0.5908
[17:50:03] warmStart (decay=exponential) 98% (1062/1074) regret=0.105334 ape=0.5908
[17:50:03] warmStart (decay=exponential) 98% (1063/1074) regret=0.105334 ape=0.5908
[17:50:03] warmStart (decay=exponential) 99% (1064/1074) regret=0.105334 ape=0.5908
[17:50:03] warmStart (decay=exponential) 99% (1065/1074) regret=0.105334 ape=0.5908
[17:50:03] warmStart (decay=exponential) 99% (1066/1074) regret=0.105334 ape=0.5908
[17:50:03] warmStart (decay=exponential) 99% (1067/1074) regret=0.105334 ape=0.5908
[17:50:04] warmStart (decay=exponential) 99% (1068/1074) regret=0.105334 ape=0.5908
[17:50:04] warmStart (decay=exponential) 99% (1069/1074) regret=0.105329 ape=0.5908
[17:50:04] warmStart (decay=exponential) 99% (1070/1074) regret=0.105214 ape=0.5908
[17:50:04] warmStart (decay=exponential) 99% (1071/1074) regret=0.105214 ape=0.5908
[17:50:04] warmStart (decay=exponential) 99% (1072/1074) regret=0.105214 ape=0.5908
[17:50:04] warmStart (decay=exponential) 99% (1073/1074) regret=0.105214 ape=0.5908
Warm w=50 finished: 1073 points, 224.48s wall time
  Final: regret=0.105214, ape=0.5908

Saved: /home/users/g/s/gsavary/LudiiMCTSVariations/slurm_sweep_full_dataset/output_decay/warm_50_decay_exponential_0_15/seed_1/sweep_decay_warm_50_exponential_0.15_1_20260426_175005.json

Generating plots...
Saved: /home/users/g/s/gsavary/LudiiMCTSVariations/slurm_sweep_full_dataset/output_decay/warm_50_decay_exponential_0_15/seed_1/sweep_decay_warm_50_exponential_0.15_1_20260426_175005_regret.png
Saved: /home/users/g/s/gsavary/LudiiMCTSVariations/slurm_sweep_full_dataset/output_decay/warm_50_decay_exponential_0_15/seed_1/sweep_decay_warm_50_exponential_0.15_1_20260426_175005_ape.png

================================================================================
Experiment complete!
================================================================================
Done. Results in: /home/users/g/s/gsavary/LudiiMCTSVariations/slurm_sweep_full_dataset/output_decay/warm_50_decay_exponential_0_15/seed_1
