============================================================
Decay sweep experiment
Method:      warm:200
Decay mode:  exponential
Decay param: 0.20
Seed:        3
Output:      /home/users/g/s/gsavary/LudiiMCTSVariations/slurm_sweep_full_dataset/output_decay/warm_200_decay_exponential_0_20/seed_3
============================================================

================================================================================
SLURM Sweep Experiment with Synthetic Data Decay
================================================================================
Method: warm:200
Decay: exponential (param=0.2)
Time limit: 3600.0s, Seed: 3, Batch size: 20
Output directory: /home/users/g/s/gsavary/LudiiMCTSVariations/slurm_sweep_full_dataset/output_decay/warm_200_decay_exponential_0_20/seed_3

Loading Ludii dataset...
Loaded 1085 games
Using 1085 games (full dataset)

Running timing probe (100 pulls)...
  Estimated secs/pull: 0.022170

Time budget: 3600.0s → ~162383 total pulls
Per-method budget: 23197 pulls (~514.3s)

Computing predictor-only performance...
  Predictions loaded: 23675 agent predictions
  Predictor-only: regret=0.104318, ape=0.4894

Running WARM-START (w=200, decay=exponential param=0.2)...
[17:54:25] warmStart (decay=exponential) 0% (1/1160) regret=0.102620 ape=0.5594
[17:54:25] warmStart (decay=exponential) 0% (2/1160) regret=0.102620 ape=0.5594
[17:54:25] warmStart (decay=exponential) 0% (3/1160) regret=0.102620 ape=0.5594
[17:54:25] warmStart (decay=exponential) 0% (4/1160) regret=0.102620 ape=0.5594
[17:54:25] warmStart (decay=exponential) 0% (5/1160) regret=0.102620 ape=0.5594
[17:54:26] warmStart (decay=exponential) 0% (6/1160) regret=0.102620 ape=0.5594
[17:54:26] warmStart (decay=exponential) 0% (7/1160) regret=0.102628 ape=0.5594
[17:54:26] warmStart (decay=exponential) 0% (8/1160) regret=0.102628 ape=0.5594
[17:54:26] warmStart (decay=exponential) 0% (9/1160) regret=0.102623 ape=0.5594
[17:54:26] warmStart (decay=exponential) 0% (10/1160) regret=0.102619 ape=0.5594
[17:54:26] warmStart (decay=exponential) 0% (11/1160) regret=0.102623 ape=0.5594
[17:54:27] warmStart (decay=exponential) 1% (12/1160) regret=0.102619 ape=0.5594
[17:54:27] warmStart (decay=exponential) 1% (13/1160) regret=0.102628 ape=0.5594
[17:54:27] warmStart (decay=exponential) 1% (14/1160) regret=0.102628 ape=0.5594
[17:54:27] warmStart (decay=exponential) 1% (15/1160) regret=0.102628 ape=0.5594
[17:54:27] warmStart (decay=exponential) 1% (16/1160) regret=0.102628 ape=0.5594
[17:54:27] warmStart (decay=exponential) 1% (17/1160) regret=0.102628 ape=0.5594
[17:54:28] warmStart (decay=exponential) 1% (18/1160) regret=0.102624 ape=0.5594
[17:54:28] warmStart (decay=exponential) 1% (19/1160) regret=0.102628 ape=0.5594
[17:54:28] warmStart (decay=exponential) 1% (20/1160) regret=0.102628 ape=0.5594
[17:54:28] warmStart (decay=exponential) 1% (21/1160) regret=0.102607 ape=0.5585
[17:54:28] warmStart (decay=exponential) 1% (22/1160) regret=0.102607 ape=0.5585
[17:54:28] warmStart (decay=exponential) 1% (23/1160) regret=0.102607 ape=0.5585
[17:54:28] warmStart (decay=exponential) 2% (24/1160) regret=0.102607 ape=0.5585
[17:54:29] warmStart (decay=exponential) 2% (25/1160) regret=0.102607 ape=0.5585
[17:54:29] warmStart (decay=exponential) 2% (26/1160) regret=0.102607 ape=0.5585
[17:54:29] warmStart (decay=exponential) 2% (27/1160) regret=0.102607 ape=0.5585
[17:54:29] warmStart (decay=exponential) 2% (28/1160) regret=0.102607 ape=0.5585
[17:54:29] warmStart (decay=exponential) 2% (29/1160) regret=0.102607 ape=0.5585
[17:54:29] warmStart (decay=exponential) 2% (30/1160) regret=0.102607 ape=0.5585
[17:54:30] warmStart (decay=exponential) 2% (31/1160) regret=0.102607 ape=0.5585
[17:54:30] warmStart (decay=exponential) 2% (32/1160) regret=0.102607 ape=0.5585
[17:54:30] warmStart (decay=exponential) 2% (33/1160) regret=0.102607 ape=0.5585
[17:54:30] warmStart (decay=exponential) 2% (34/1160) regret=0.102607 ape=0.5585
[17:54:30] warmStart (decay=exponential) 3% (35/1160) regret=0.102607 ape=0.5585
[17:54:30] warmStart (decay=exponential) 3% (36/1160) regret=0.102607 ape=0.5585
[17:54:31] warmStart (decay=exponential) 3% (37/1160) regret=0.102607 ape=0.5585
[17:54:31] warmStart (decay=exponential) 3% (38/1160) regret=0.102607 ape=0.5585
[17:54:31] warmStart (decay=exponential) 3% (39/1160) regret=0.102607 ape=0.5585
[17:54:31] warmStart (decay=exponential) 3% (40/1160) regret=0.102607 ape=0.5585
[17:54:31] warmStart (decay=exponential) 3% (41/1160) regret=0.102607 ape=0.5585
[17:54:31] warmStart (decay=exponential) 3% (42/1160) regret=0.102607 ape=0.5585
[17:54:31] warmStart (decay=exponential) 3% (43/1160) regret=0.102607 ape=0.5585
[17:54:32] warmStart (decay=exponential) 3% (44/1160) regret=0.102607 ape=0.5585
[17:54:32] warmStart (decay=exponential) 3% (45/1160) regret=0.102607 ape=0.5585
[17:54:32] warmStart (decay=exponential) 3% (46/1160) regret=0.102607 ape=0.5585
[17:54:32] warmStart (decay=exponential) 4% (47/1160) regret=0.102607 ape=0.5585
[17:54:32] warmStart (decay=exponential) 4% (48/1160) regret=0.102607 ape=0.5585
[17:54:32] warmStart (decay=exponential) 4% (49/1160) regret=0.102607 ape=0.5585
[17:54:33] warmStart (decay=exponential) 4% (50/1160) regret=0.102607 ape=0.5585
[17:54:33] warmStart (decay=exponential) 4% (51/1160) regret=0.102607 ape=0.5585
[17:54:33] warmStart (decay=exponential) 4% (52/1160) regret=0.102607 ape=0.5585
[17:54:33] warmStart (decay=exponential) 4% (53/1160) regret=0.102607 ape=0.5585
[17:54:33] warmStart (decay=exponential) 4% (54/1160) regret=0.102607 ape=0.5585
[17:54:33] warmStart (decay=exponential) 4% (55/1160) regret=0.102607 ape=0.5585
[17:54:34] warmStart (decay=exponential) 4% (56/1160) regret=0.102607 ape=0.5585
[17:54:34] warmStart (decay=exponential) 4% (57/1160) regret=0.102620 ape=0.5594
[17:54:34] warmStart (decay=exponential) 5% (58/1160) regret=0.102607 ape=0.5585
[17:54:34] warmStart (decay=exponential) 5% (59/1160) regret=0.102607 ape=0.5585
[17:54:34] warmStart (decay=exponential) 5% (60/1160) regret=0.102607 ape=0.5585
[17:54:34] warmStart (decay=exponential) 5% (61/1160) regret=0.102607 ape=0.5585
[17:54:34] warmStart (decay=exponential) 5% (62/1160) regret=0.102607 ape=0.5585
[17:54:35] warmStart (decay=exponential) 5% (63/1160) regret=0.102607 ape=0.5585
[17:54:35] warmStart (decay=exponential) 5% (64/1160) regret=0.102607 ape=0.5585
[17:54:35] warmStart (decay=exponential) 5% (65/1160) regret=0.102607 ape=0.5585
[17:54:35] warmStart (decay=exponential) 5% (66/1160) regret=0.102607 ape=0.5585
[17:54:35] warmStart (decay=exponential) 5% (67/1160) regret=0.102607 ape=0.5585
[17:54:35] warmStart (decay=exponential) 5% (68/1160) regret=0.102607 ape=0.5585
[17:54:36] warmStart (decay=exponential) 5% (69/1160) regret=0.102607 ape=0.5585
[17:54:36] warmStart (decay=exponential) 6% (70/1160) regret=0.102395 ape=0.5585
[17:54:36] warmStart (decay=exponential) 6% (71/1160) regret=0.102395 ape=0.5585
[17:54:36] warmStart (decay=exponential) 6% (72/1160) regret=0.102395 ape=0.5585
[17:54:36] warmStart (decay=exponential) 6% (73/1160) regret=0.102395 ape=0.5585
[17:54:36] warmStart (decay=exponential) 6% (74/1160) regret=0.102395 ape=0.5585
[17:54:36] warmStart (decay=exponential) 6% (75/1160) regret=0.102395 ape=0.5585
[17:54:37] warmStart (decay=exponential) 6% (76/1160) regret=0.102395 ape=0.5585
[17:54:37] warmStart (decay=exponential) 6% (77/1160) regret=0.102395 ape=0.5585
[17:54:37] warmStart (decay=exponential) 6% (78/1160) regret=0.102395 ape=0.5585
[17:54:37] warmStart (decay=exponential) 6% (79/1160) regret=0.102395 ape=0.5585
[17:54:37] warmStart (decay=exponential) 6% (80/1160) regret=0.102395 ape=0.5585
[17:54:37] warmStart (decay=exponential) 6% (81/1160) regret=0.102395 ape=0.5585
[17:54:38] warmStart (decay=exponential) 7% (82/1160) regret=0.102395 ape=0.5585
[17:54:38] warmStart (decay=exponential) 7% (83/1160) regret=0.102395 ape=0.5585
[17:54:38] warmStart (decay=exponential) 7% (84/1160) regret=0.102395 ape=0.5585
[17:54:38] warmStart (decay=exponential) 7% (85/1160) regret=0.102395 ape=0.5585
[17:54:38] warmStart (decay=exponential) 7% (86/1160) regret=0.102395 ape=0.5585
[17:54:38] warmStart (decay=exponential) 7% (87/1160) regret=0.102395 ape=0.5585
[17:54:39] warmStart (decay=exponential) 7% (88/1160) regret=0.102395 ape=0.5585
[17:54:39] warmStart (decay=exponential) 7% (89/1160) regret=0.102459 ape=0.5585
[17:54:39] warmStart (decay=exponential) 7% (90/1160) regret=0.102459 ape=0.5585
[17:54:39] warmStart (decay=exponential) 7% (91/1160) regret=0.102459 ape=0.5585
[17:54:39] warmStart (decay=exponential) 7% (92/1160) regret=0.102459 ape=0.5585
[17:54:39] warmStart (decay=exponential) 8% (93/1160) regret=0.102441 ape=0.5585
[17:54:40] warmStart (decay=exponential) 8% (94/1160) regret=0.102441 ape=0.5585
[17:54:40] warmStart (decay=exponential) 8% (95/1160) regret=0.102404 ape=0.5585
[17:54:40] warmStart (decay=exponential) 8% (96/1160) regret=0.102404 ape=0.5585
[17:54:40] warmStart (decay=exponential) 8% (97/1160) regret=0.102395 ape=0.5585
[17:54:40] warmStart (decay=exponential) 8% (98/1160) regret=0.102395 ape=0.5585
[17:54:40] warmStart (decay=exponential) 8% (99/1160) regret=0.102395 ape=0.5585
[17:54:40] warmStart (decay=exponential) 8% (100/1160) regret=0.102404 ape=0.5585
[17:54:41] warmStart (decay=exponential) 8% (101/1160) regret=0.102404 ape=0.5585
[17:54:41] warmStart (decay=exponential) 8% (102/1160) regret=0.102404 ape=0.5585
[17:54:41] warmStart (decay=exponential) 8% (103/1160) regret=0.102404 ape=0.5585
[17:54:41] warmStart (decay=exponential) 8% (104/1160) regret=0.102404 ape=0.5585
[17:54:41] warmStart (decay=exponential) 9% (105/1160) regret=0.102404 ape=0.5585
[17:54:41] warmStart (decay=exponential) 9% (106/1160) regret=0.102404 ape=0.5585
[17:54:42] warmStart (decay=exponential) 9% (107/1160) regret=0.102404 ape=0.5585
[17:54:42] warmStart (decay=exponential) 9% (108/1160) regret=0.102404 ape=0.5585
[17:54:42] warmStart (decay=exponential) 9% (109/1160) regret=0.102404 ape=0.5585
[17:54:42] warmStart (decay=exponential) 9% (110/1160) regret=0.102404 ape=0.5585
[17:54:42] warmStart (decay=exponential) 9% (111/1160) regret=0.102404 ape=0.5585
[17:54:42] warmStart (decay=exponential) 9% (112/1160) regret=0.102404 ape=0.5585
[17:54:43] warmStart (decay=exponential) 9% (113/1160) regret=0.102404 ape=0.5585
[17:54:43] warmStart (decay=exponential) 9% (114/1160) regret=0.102404 ape=0.5585
[17:54:43] warmStart (decay=exponential) 9% (115/1160) regret=0.102404 ape=0.5585
[17:54:43] warmStart (decay=exponential) 10% (116/1160) regret=0.102349 ape=0.5576
[17:54:43] warmStart (decay=exponential) 10% (117/1160) regret=0.102349 ape=0.5576
[17:54:43] warmStart (decay=exponential) 10% (118/1160) regret=0.102349 ape=0.5576
[17:54:44] warmStart (decay=exponential) 10% (119/1160) regret=0.102390 ape=0.5576
[17:54:44] warmStart (decay=exponential) 10% (120/1160) regret=0.102390 ape=0.5576
[17:54:44] warmStart (decay=exponential) 10% (121/1160) regret=0.102390 ape=0.5576
[17:54:44] warmStart (decay=exponential) 10% (122/1160) regret=0.102390 ape=0.5576
[17:54:44] warmStart (decay=exponential) 10% (123/1160) regret=0.102514 ape=0.5576
[17:54:45] warmStart (decay=exponential) 10% (124/1160) regret=0.102514 ape=0.5576
[17:54:45] warmStart (decay=exponential) 10% (125/1160) regret=0.102514 ape=0.5576
[17:54:45] warmStart (decay=exponential) 10% (126/1160) regret=0.102270 ape=0.5567
[17:54:45] warmStart (decay=exponential) 10% (127/1160) regret=0.102270 ape=0.5567
[17:54:45] warmStart (decay=exponential) 11% (128/1160) regret=0.102270 ape=0.5567
[17:54:45] warmStart (decay=exponential) 11% (129/1160) regret=0.102270 ape=0.5567
[17:54:46] warmStart (decay=exponential) 11% (130/1160) regret=0.102270 ape=0.5567
[17:54:46] warmStart (decay=exponential) 11% (131/1160) regret=0.102270 ape=0.5567
[17:54:46] warmStart (decay=exponential) 11% (132/1160) regret=0.102270 ape=0.5567
[17:54:46] warmStart (decay=exponential) 11% (133/1160) regret=0.102270 ape=0.5567
[17:54:46] warmStart (decay=exponential) 11% (134/1160) regret=0.102270 ape=0.5567
[17:54:47] warmStart (decay=exponential) 11% (135/1160) regret=0.102270 ape=0.5567
[17:54:47] warmStart (decay=exponential) 11% (136/1160) regret=0.102270 ape=0.5567
[17:54:47] warmStart (decay=exponential) 11% (137/1160) regret=0.102270 ape=0.5567
[17:54:47] warmStart (decay=exponential) 11% (138/1160) regret=0.102270 ape=0.5567
[17:54:47] warmStart (decay=exponential) 11% (139/1160) regret=0.102270 ape=0.5567
[17:54:47] warmStart (decay=exponential) 12% (140/1160) regret=0.102270 ape=0.5567
[17:54:48] warmStart (decay=exponential) 12% (141/1160) regret=0.102270 ape=0.5567
[17:54:48] warmStart (decay=exponential) 12% (142/1160) regret=0.102270 ape=0.5567
[17:54:48] warmStart (decay=exponential) 12% (143/1160) regret=0.102270 ape=0.5567
[17:54:48] warmStart (decay=exponential) 12% (144/1160) regret=0.102270 ape=0.5567
[17:54:48] warmStart (decay=exponential) 12% (145/1160) regret=0.102270 ape=0.5567
[17:54:49] warmStart (decay=exponential) 12% (146/1160) regret=0.102270 ape=0.5567
[17:54:49] warmStart (decay=exponential) 12% (147/1160) regret=0.102270 ape=0.5567
[17:54:49] warmStart (decay=exponential) 12% (148/1160) regret=0.102270 ape=0.5567
[17:54:49] warmStart (decay=exponential) 12% (149/1160) regret=0.102270 ape=0.5567
[17:54:49] warmStart (decay=exponential) 12% (150/1160) regret=0.102272 ape=0.5567
[17:54:49] warmStart (decay=exponential) 13% (151/1160) regret=0.102271 ape=0.5567
[17:54:50] warmStart (decay=exponential) 13% (152/1160) regret=0.102271 ape=0.5567
[17:54:50] warmStart (decay=exponential) 13% (153/1160) regret=0.102273 ape=0.5567
[17:54:50] warmStart (decay=exponential) 13% (154/1160) regret=0.102273 ape=0.5567
[17:54:50] warmStart (decay=exponential) 13% (155/1160) regret=0.102273 ape=0.5567
[17:54:50] warmStart (decay=exponential) 13% (156/1160) regret=0.102273 ape=0.5567
[17:54:50] warmStart (decay=exponential) 13% (157/1160) regret=0.102273 ape=0.5567
[17:54:51] warmStart (decay=exponential) 13% (158/1160) regret=0.102273 ape=0.5567
[17:54:51] warmStart (decay=exponential) 13% (159/1160) regret=0.102273 ape=0.5567
[17:54:51] warmStart (decay=exponential) 13% (160/1160) regret=0.102273 ape=0.5567
[17:54:51] warmStart (decay=exponential) 13% (161/1160) regret=0.102273 ape=0.5567
[17:54:51] warmStart (decay=exponential) 13% (162/1160) regret=0.102273 ape=0.5567
[17:54:51] warmStart (decay=exponential) 14% (163/1160) regret=0.102273 ape=0.5567
[17:54:52] warmStart (decay=exponential) 14% (164/1160) regret=0.102273 ape=0.5567
[17:54:52] warmStart (decay=exponential) 14% (165/1160) regret=0.102273 ape=0.5567
[17:54:52] warmStart (decay=exponential) 14% (166/1160) regret=0.102273 ape=0.5567
[17:54:52] warmStart (decay=exponential) 14% (167/1160) regret=0.102273 ape=0.5567
[17:54:52] warmStart (decay=exponential) 14% (168/1160) regret=0.102273 ape=0.5567
[17:54:52] warmStart (decay=exponential) 14% (169/1160) regret=0.102273 ape=0.5567
[17:54:52] warmStart (decay=exponential) 14% (170/1160) regret=0.102273 ape=0.5567
[17:54:53] warmStart (decay=exponential) 14% (171/1160) regret=0.102273 ape=0.5567
[17:54:53] warmStart (decay=exponential) 14% (172/1160) regret=0.102272 ape=0.5567
[17:54:53] warmStart (decay=exponential) 14% (173/1160) regret=0.102272 ape=0.5567
[17:54:53] warmStart (decay=exponential) 15% (174/1160) regret=0.102272 ape=0.5567
[17:54:53] warmStart (decay=exponential) 15% (175/1160) regret=0.102272 ape=0.5567
[17:54:53] warmStart (decay=exponential) 15% (176/1160) regret=0.102272 ape=0.5567
[17:54:54] warmStart (decay=exponential) 15% (177/1160) regret=0.102272 ape=0.5567
[17:54:54] warmStart (decay=exponential) 15% (178/1160) regret=0.102272 ape=0.5567
[17:54:54] warmStart (decay=exponential) 15% (179/1160) regret=0.102272 ape=0.5567
[17:54:54] warmStart (decay=exponential) 15% (180/1160) regret=0.102272 ape=0.5567
[17:54:54] warmStart (decay=exponential) 15% (181/1160) regret=0.102272 ape=0.5567
[17:54:54] warmStart (decay=exponential) 15% (182/1160) regret=0.102272 ape=0.5567
[17:54:54] warmStart (decay=exponential) 15% (183/1160) regret=0.102272 ape=0.5567
[17:54:55] warmStart (decay=exponential) 15% (184/1160) regret=0.102272 ape=0.5567
[17:54:55] warmStart (decay=exponential) 15% (185/1160) regret=0.102272 ape=0.5567
[17:54:55] warmStart (decay=exponential) 16% (186/1160) regret=0.102272 ape=0.5567
[17:54:55] warmStart (decay=exponential) 16% (187/1160) regret=0.102272 ape=0.5567
[17:54:55] warmStart (decay=exponential) 16% (188/1160) regret=0.102272 ape=0.5567
[17:54:55] warmStart (decay=exponential) 16% (189/1160) regret=0.102272 ape=0.5567
[17:54:56] warmStart (decay=exponential) 16% (190/1160) regret=0.102272 ape=0.5567
[17:54:56] warmStart (decay=exponential) 16% (191/1160) regret=0.102272 ape=0.5567
[17:54:56] warmStart (decay=exponential) 16% (192/1160) regret=0.102272 ape=0.5567
[17:54:56] warmStart (decay=exponential) 16% (193/1160) regret=0.102272 ape=0.5567
[17:54:56] warmStart (decay=exponential) 16% (194/1160) regret=0.102272 ape=0.5567
[17:54:56] warmStart (decay=exponential) 16% (195/1160) regret=0.102272 ape=0.5567
[17:54:57] warmStart (decay=exponential) 16% (196/1160) regret=0.102272 ape=0.5567
[17:54:57] warmStart (decay=exponential) 16% (197/1160) regret=0.102272 ape=0.5567
[17:54:57] warmStart (decay=exponential) 17% (198/1160) regret=0.102272 ape=0.5567
[17:54:57] warmStart (decay=exponential) 17% (199/1160) regret=0.102272 ape=0.5567
[17:54:57] warmStart (decay=exponential) 17% (200/1160) regret=0.102272 ape=0.5567
[17:54:57] warmStart (decay=exponential) 17% (201/1160) regret=0.102272 ape=0.5567
[17:54:57] warmStart (decay=exponential) 17% (202/1160) regret=0.102272 ape=0.5567
[17:54:58] warmStart (decay=exponential) 17% (203/1160) regret=0.102264 ape=0.5558
[17:54:58] warmStart (decay=exponential) 17% (204/1160) regret=0.102264 ape=0.5558
[17:54:58] warmStart (decay=exponential) 17% (205/1160) regret=0.102264 ape=0.5558
[17:54:58] warmStart (decay=exponential) 17% (206/1160) regret=0.102264 ape=0.5558
[17:54:58] warmStart (decay=exponential) 17% (207/1160) regret=0.102264 ape=0.5558
[17:54:58] warmStart (decay=exponential) 17% (208/1160) regret=0.102264 ape=0.5558
[17:54:59] warmStart (decay=exponential) 18% (209/1160) regret=0.102264 ape=0.5558
[17:54:59] warmStart (decay=exponential) 18% (210/1160) regret=0.102264 ape=0.5558
[17:54:59] warmStart (decay=exponential) 18% (211/1160) regret=0.102264 ape=0.5558
[17:54:59] warmStart (decay=exponential) 18% (212/1160) regret=0.102264 ape=0.5558
[17:54:59] warmStart (decay=exponential) 18% (213/1160) regret=0.102264 ape=0.5558
[17:54:59] warmStart (decay=exponential) 18% (214/1160) regret=0.102264 ape=0.5558
[17:55:00] warmStart (decay=exponential) 18% (215/1160) regret=0.102264 ape=0.5558
[17:55:00] warmStart (decay=exponential) 18% (216/1160) regret=0.102264 ape=0.5558
[17:55:00] warmStart (decay=exponential) 18% (217/1160) regret=0.102264 ape=0.5558
[17:55:00] warmStart (decay=exponential) 18% (218/1160) regret=0.102264 ape=0.5558
[17:55:00] warmStart (decay=exponential) 18% (219/1160) regret=0.102264 ape=0.5558
[17:55:00] warmStart (decay=exponential) 18% (220/1160) regret=0.102264 ape=0.5558
[17:55:00] warmStart (decay=exponential) 19% (221/1160) regret=0.102264 ape=0.5558
[17:55:01] warmStart (decay=exponential) 19% (222/1160) regret=0.102264 ape=0.5558
[17:55:01] warmStart (decay=exponential) 19% (223/1160) regret=0.102264 ape=0.5558
[17:55:01] warmStart (decay=exponential) 19% (224/1160) regret=0.102264 ape=0.5558
[17:55:01] warmStart (decay=exponential) 19% (225/1160) regret=0.102264 ape=0.5558
[17:55:01] warmStart (decay=exponential) 19% (226/1160) regret=0.102264 ape=0.5558
[17:55:01] warmStart (decay=exponential) 19% (227/1160) regret=0.102267 ape=0.5567
[17:55:02] warmStart (decay=exponential) 19% (228/1160) regret=0.102264 ape=0.5558
[17:55:02] warmStart (decay=exponential) 19% (229/1160) regret=0.102267 ape=0.5567
[17:55:02] warmStart (decay=exponential) 19% (230/1160) regret=0.102264 ape=0.5558
[17:55:02] warmStart (decay=exponential) 19% (231/1160) regret=0.102264 ape=0.5558
[17:55:02] warmStart (decay=exponential) 20% (232/1160) regret=0.102267 ape=0.5567
[17:55:02] warmStart (decay=exponential) 20% (233/1160) regret=0.102267 ape=0.5567
[17:55:03] warmStart (decay=exponential) 20% (234/1160) regret=0.102267 ape=0.5567
[17:55:03] warmStart (decay=exponential) 20% (235/1160) regret=0.102267 ape=0.5567
[17:55:03] warmStart (decay=exponential) 20% (236/1160) regret=0.102267 ape=0.5567
[17:55:03] warmStart (decay=exponential) 20% (237/1160) regret=0.102267 ape=0.5567
[17:55:03] warmStart (decay=exponential) 20% (238/1160) regret=0.102267 ape=0.5567
[17:55:03] warmStart (decay=exponential) 20% (239/1160) regret=0.102267 ape=0.5567
[17:55:04] warmStart (decay=exponential) 20% (240/1160) regret=0.102267 ape=0.5567
[17:55:04] warmStart (decay=exponential) 20% (241/1160) regret=0.102267 ape=0.5567
[17:55:04] warmStart (decay=exponential) 20% (242/1160) regret=0.102267 ape=0.5567
[17:55:04] warmStart (decay=exponential) 20% (243/1160) regret=0.102267 ape=0.5567
[17:55:04] warmStart (decay=exponential) 21% (244/1160) regret=0.102267 ape=0.5567
[17:55:04] warmStart (decay=exponential) 21% (245/1160) regret=0.102267 ape=0.5567
[17:55:05] warmStart (decay=exponential) 21% (246/1160) regret=0.102267 ape=0.5567
[17:55:05] warmStart (decay=exponential) 21% (247/1160) regret=0.102267 ape=0.5567
[17:55:05] warmStart (decay=exponential) 21% (248/1160) regret=0.102267 ape=0.5567
[17:55:05] warmStart (decay=exponential) 21% (249/1160) regret=0.102267 ape=0.5567
[17:55:05] warmStart (decay=exponential) 21% (250/1160) regret=0.102267 ape=0.5567
[17:55:05] warmStart (decay=exponential) 21% (251/1160) regret=0.102267 ape=0.5567
[17:55:06] warmStart (decay=exponential) 21% (252/1160) regret=0.102267 ape=0.5567
[17:55:06] warmStart (decay=exponential) 21% (253/1160) regret=0.102267 ape=0.5567
[17:55:06] warmStart (decay=exponential) 21% (254/1160) regret=0.102267 ape=0.5567
[17:55:06] warmStart (decay=exponential) 21% (255/1160) regret=0.102267 ape=0.5567
[17:55:06] warmStart (decay=exponential) 22% (256/1160) regret=0.102267 ape=0.5567
[17:55:06] warmStart (decay=exponential) 22% (257/1160) regret=0.102267 ape=0.5567
[17:55:07] warmStart (decay=exponential) 22% (258/1160) regret=0.102267 ape=0.5567
[17:55:07] warmStart (decay=exponential) 22% (259/1160) regret=0.102267 ape=0.5567
[17:55:07] warmStart (decay=exponential) 22% (260/1160) regret=0.102267 ape=0.5567
[17:55:07] warmStart (decay=exponential) 22% (261/1160) regret=0.102267 ape=0.5567
[17:55:07] warmStart (decay=exponential) 22% (262/1160) regret=0.102267 ape=0.5567
[17:55:07] warmStart (decay=exponential) 22% (263/1160) regret=0.102267 ape=0.5567
[17:55:08] warmStart (decay=exponential) 22% (264/1160) regret=0.102267 ape=0.5567
[17:55:08] warmStart (decay=exponential) 22% (265/1160) regret=0.102267 ape=0.5567
[17:55:08] warmStart (decay=exponential) 22% (266/1160) regret=0.102267 ape=0.5567
[17:55:08] warmStart (decay=exponential) 23% (267/1160) regret=0.102267 ape=0.5567
[17:55:08] warmStart (decay=exponential) 23% (268/1160) regret=0.102267 ape=0.5567
[17:55:08] warmStart (decay=exponential) 23% (269/1160) regret=0.102267 ape=0.5567
[17:55:09] warmStart (decay=exponential) 23% (270/1160) regret=0.102267 ape=0.5567
[17:55:09] warmStart (decay=exponential) 23% (271/1160) regret=0.102267 ape=0.5567
[17:55:09] warmStart (decay=exponential) 23% (272/1160) regret=0.102267 ape=0.5567
[17:55:09] warmStart (decay=exponential) 23% (273/1160) regret=0.102267 ape=0.5567
[17:55:09] warmStart (decay=exponential) 23% (274/1160) regret=0.102267 ape=0.5567
[17:55:09] warmStart (decay=exponential) 23% (275/1160) regret=0.102267 ape=0.5567
[17:55:10] warmStart (decay=exponential) 23% (276/1160) regret=0.102267 ape=0.5567
[17:55:10] warmStart (decay=exponential) 23% (277/1160) regret=0.102267 ape=0.5567
[17:55:10] warmStart (decay=exponential) 23% (278/1160) regret=0.102267 ape=0.5567
[17:55:10] warmStart (decay=exponential) 24% (279/1160) regret=0.102267 ape=0.5567
[17:55:10] warmStart (decay=exponential) 24% (280/1160) regret=0.102267 ape=0.5567
[17:55:10] warmStart (decay=exponential) 24% (281/1160) regret=0.102267 ape=0.5567
[17:55:11] warmStart (decay=exponential) 24% (282/1160) regret=0.102267 ape=0.5567
[17:55:11] warmStart (decay=exponential) 24% (283/1160) regret=0.102267 ape=0.5567
[17:55:11] warmStart (decay=exponential) 24% (284/1160) regret=0.102267 ape=0.5567
[17:55:11] warmStart (decay=exponential) 24% (285/1160) regret=0.102267 ape=0.5567
[17:55:11] warmStart (decay=exponential) 24% (286/1160) regret=0.102267 ape=0.5567
[17:55:11] warmStart (decay=exponential) 24% (287/1160) regret=0.102267 ape=0.5567
[17:55:12] warmStart (decay=exponential) 24% (288/1160) regret=0.102267 ape=0.5567
[17:55:12] warmStart (decay=exponential) 24% (289/1160) regret=0.102267 ape=0.5567
[17:55:12] warmStart (decay=exponential) 25% (290/1160) regret=0.102267 ape=0.5567
[17:55:12] warmStart (decay=exponential) 25% (291/1160) regret=0.102267 ape=0.5567
[17:55:12] warmStart (decay=exponential) 25% (292/1160) regret=0.102267 ape=0.5567
[17:55:12] warmStart (decay=exponential) 25% (293/1160) regret=0.102267 ape=0.5567
[17:55:13] warmStart (decay=exponential) 25% (294/1160) regret=0.102267 ape=0.5567
[17:55:13] warmStart (decay=exponential) 25% (295/1160) regret=0.102267 ape=0.5567
[17:55:13] warmStart (decay=exponential) 25% (296/1160) regret=0.102267 ape=0.5567
[17:55:13] warmStart (decay=exponential) 25% (297/1160) regret=0.102267 ape=0.5567
[17:55:13] warmStart (decay=exponential) 25% (298/1160) regret=0.102267 ape=0.5567
[17:55:14] warmStart (decay=exponential) 25% (299/1160) regret=0.102267 ape=0.5567
[17:55:14] warmStart (decay=exponential) 25% (300/1160) regret=0.102267 ape=0.5567
[17:55:14] warmStart (decay=exponential) 25% (301/1160) regret=0.102267 ape=0.5567
[17:55:14] warmStart (decay=exponential) 26% (302/1160) regret=0.102267 ape=0.5567
[17:55:14] warmStart (decay=exponential) 26% (303/1160) regret=0.102267 ape=0.5567
[17:55:14] warmStart (decay=exponential) 26% (304/1160) regret=0.102267 ape=0.5567
[17:55:15] warmStart (decay=exponential) 26% (305/1160) regret=0.102267 ape=0.5567
[17:55:15] warmStart (decay=exponential) 26% (306/1160) regret=0.102267 ape=0.5567
[17:55:15] warmStart (decay=exponential) 26% (307/1160) regret=0.102267 ape=0.5567
[17:55:15] warmStart (decay=exponential) 26% (308/1160) regret=0.102267 ape=0.5567
[17:55:15] warmStart (decay=exponential) 26% (309/1160) regret=0.102267 ape=0.5567
[17:55:15] warmStart (decay=exponential) 26% (310/1160) regret=0.102267 ape=0.5567
[17:55:16] warmStart (decay=exponential) 26% (311/1160) regret=0.102267 ape=0.5567
[17:55:16] warmStart (decay=exponential) 26% (312/1160) regret=0.102267 ape=0.5567
[17:55:16] warmStart (decay=exponential) 26% (313/1160) regret=0.102267 ape=0.5567
[17:55:16] warmStart (decay=exponential) 27% (314/1160) regret=0.102267 ape=0.5567
[17:55:16] warmStart (decay=exponential) 27% (315/1160) regret=0.102267 ape=0.5567
[17:55:16] warmStart (decay=exponential) 27% (316/1160) regret=0.102267 ape=0.5567
[17:55:17] warmStart (decay=exponential) 27% (317/1160) regret=0.102267 ape=0.5567
[17:55:17] warmStart (decay=exponential) 27% (318/1160) regret=0.102267 ape=0.5567
[17:55:17] warmStart (decay=exponential) 27% (319/1160) regret=0.102267 ape=0.5567
[17:55:17] warmStart (decay=exponential) 27% (320/1160) regret=0.102267 ape=0.5567
[17:55:17] warmStart (decay=exponential) 27% (321/1160) regret=0.102267 ape=0.5567
[17:55:17] warmStart (decay=exponential) 27% (322/1160) regret=0.102267 ape=0.5567
[17:55:18] warmStart (decay=exponential) 27% (323/1160) regret=0.102267 ape=0.5567
[17:55:18] warmStart (decay=exponential) 27% (324/1160) regret=0.102267 ape=0.5567
[17:55:18] warmStart (decay=exponential) 28% (325/1160) regret=0.102267 ape=0.5567
[17:55:18] warmStart (decay=exponential) 28% (326/1160) regret=0.102267 ape=0.5567
[17:55:18] warmStart (decay=exponential) 28% (327/1160) regret=0.102267 ape=0.5567
[17:55:18] warmStart (decay=exponential) 28% (328/1160) regret=0.102267 ape=0.5567
[17:55:19] warmStart (decay=exponential) 28% (329/1160) regret=0.102267 ape=0.5567
[17:55:19] warmStart (decay=exponential) 28% (330/1160) regret=0.102267 ape=0.5567
[17:55:19] warmStart (decay=exponential) 28% (331/1160) regret=0.102267 ape=0.5567
[17:55:19] warmStart (decay=exponential) 28% (332/1160) regret=0.102267 ape=0.5567
[17:55:19] warmStart (decay=exponential) 28% (333/1160) regret=0.102267 ape=0.5567
[17:55:20] warmStart (decay=exponential) 28% (334/1160) regret=0.102267 ape=0.5567
[17:55:20] warmStart (decay=exponential) 28% (335/1160) regret=0.102267 ape=0.5567
[17:55:20] warmStart (decay=exponential) 28% (336/1160) regret=0.102267 ape=0.5567
[17:55:20] warmStart (decay=exponential) 29% (337/1160) regret=0.102267 ape=0.5567
[17:55:20] warmStart (decay=exponential) 29% (338/1160) regret=0.102267 ape=0.5567
[17:55:20] warmStart (decay=exponential) 29% (339/1160) regret=0.102267 ape=0.5567
[17:55:21] warmStart (decay=exponential) 29% (340/1160) regret=0.102267 ape=0.5567
[17:55:21] warmStart (decay=exponential) 29% (341/1160) regret=0.102267 ape=0.5567
[17:55:21] warmStart (decay=exponential) 29% (342/1160) regret=0.102267 ape=0.5567
[17:55:21] warmStart (decay=exponential) 29% (343/1160) regret=0.102267 ape=0.5567
[17:55:21] warmStart (decay=exponential) 29% (344/1160) regret=0.102267 ape=0.5567
[17:55:21] warmStart (decay=exponential) 29% (345/1160) regret=0.102267 ape=0.5567
[17:55:22] warmStart (decay=exponential) 29% (346/1160) regret=0.102267 ape=0.5567
[17:55:22] warmStart (decay=exponential) 29% (347/1160) regret=0.102267 ape=0.5567
[17:55:22] warmStart (decay=exponential) 30% (348/1160) regret=0.102267 ape=0.5567
[17:55:22] warmStart (decay=exponential) 30% (349/1160) regret=0.102267 ape=0.5567
[17:55:22] warmStart (decay=exponential) 30% (350/1160) regret=0.102267 ape=0.5567
[17:55:22] warmStart (decay=exponential) 30% (351/1160) regret=0.102267 ape=0.5567
[17:55:23] warmStart (decay=exponential) 30% (352/1160) regret=0.102267 ape=0.5567
[17:55:23] warmStart (decay=exponential) 30% (353/1160) regret=0.102267 ape=0.5567
[17:55:23] warmStart (decay=exponential) 30% (354/1160) regret=0.102267 ape=0.5567
[17:55:23] warmStart (decay=exponential) 30% (355/1160) regret=0.102267 ape=0.5567
[17:55:23] warmStart (decay=exponential) 30% (356/1160) regret=0.102267 ape=0.5567
[17:55:23] warmStart (decay=exponential) 30% (357/1160) regret=0.102267 ape=0.5567
[17:55:24] warmStart (decay=exponential) 30% (358/1160) regret=0.102267 ape=0.5567
[17:55:24] warmStart (decay=exponential) 30% (359/1160) regret=0.102267 ape=0.5567
[17:55:24] warmStart (decay=exponential) 31% (360/1160) regret=0.102267 ape=0.5567
[17:55:24] warmStart (decay=exponential) 31% (361/1160) regret=0.102267 ape=0.5567
[17:55:24] warmStart (decay=exponential) 31% (362/1160) regret=0.102267 ape=0.5567
[17:55:24] warmStart (decay=exponential) 31% (363/1160) regret=0.102267 ape=0.5567
[17:55:25] warmStart (decay=exponential) 31% (364/1160) regret=0.102267 ape=0.5567
[17:55:25] warmStart (decay=exponential) 31% (365/1160) regret=0.102267 ape=0.5567
[17:55:25] warmStart (decay=exponential) 31% (366/1160) regret=0.102267 ape=0.5567
[17:55:25] warmStart (decay=exponential) 31% (367/1160) regret=0.102267 ape=0.5567
[17:55:25] warmStart (decay=exponential) 31% (368/1160) regret=0.102267 ape=0.5567
[17:55:25] warmStart (decay=exponential) 31% (369/1160) regret=0.102267 ape=0.5567
[17:55:26] warmStart (decay=exponential) 31% (370/1160) regret=0.102267 ape=0.5567
[17:55:26] warmStart (decay=exponential) 31% (371/1160) regret=0.102267 ape=0.5567
[17:55:26] warmStart (decay=exponential) 32% (372/1160) regret=0.102267 ape=0.5567
[17:55:26] warmStart (decay=exponential) 32% (373/1160) regret=0.102267 ape=0.5567
[17:55:26] warmStart (decay=exponential) 32% (374/1160) regret=0.102267 ape=0.5567
[17:55:27] warmStart (decay=exponential) 32% (375/1160) regret=0.102267 ape=0.5567
[17:55:27] warmStart (decay=exponential) 32% (376/1160) regret=0.102267 ape=0.5567
[17:55:27] warmStart (decay=exponential) 32% (377/1160) regret=0.102267 ape=0.5567
[17:55:27] warmStart (decay=exponential) 32% (378/1160) regret=0.102267 ape=0.5567
[17:55:27] warmStart (decay=exponential) 32% (379/1160) regret=0.102267 ape=0.5567
[17:55:27] warmStart (decay=exponential) 32% (380/1160) regret=0.102267 ape=0.5567
[17:55:28] warmStart (decay=exponential) 32% (381/1160) regret=0.102267 ape=0.5567
[17:55:28] warmStart (decay=exponential) 32% (382/1160) regret=0.102267 ape=0.5567
[17:55:28] warmStart (decay=exponential) 33% (383/1160) regret=0.102267 ape=0.5567
[17:55:28] warmStart (decay=exponential) 33% (384/1160) regret=0.102267 ape=0.5567
[17:55:28] warmStart (decay=exponential) 33% (385/1160) regret=0.102267 ape=0.5567
[17:55:28] warmStart (decay=exponential) 33% (386/1160) regret=0.102267 ape=0.5567
[17:55:29] warmStart (decay=exponential) 33% (387/1160) regret=0.102267 ape=0.5567
[17:55:29] warmStart (decay=exponential) 33% (388/1160) regret=0.102267 ape=0.5567
[17:55:29] warmStart (decay=exponential) 33% (389/1160) regret=0.102267 ape=0.5567
[17:55:29] warmStart (decay=exponential) 33% (390/1160) regret=0.102267 ape=0.5567
[17:55:29] warmStart (decay=exponential) 33% (391/1160) regret=0.102267 ape=0.5567
[17:55:29] warmStart (decay=exponential) 33% (392/1160) regret=0.102267 ape=0.5567
[17:55:30] warmStart (decay=exponential) 33% (393/1160) regret=0.102267 ape=0.5567
[17:55:30] warmStart (decay=exponential) 33% (394/1160) regret=0.102267 ape=0.5567
[17:55:30] warmStart (decay=exponential) 34% (395/1160) regret=0.102267 ape=0.5567
[17:55:30] warmStart (decay=exponential) 34% (396/1160) regret=0.102267 ape=0.5567
[17:55:30] warmStart (decay=exponential) 34% (397/1160) regret=0.102267 ape=0.5567
[17:55:30] warmStart (decay=exponential) 34% (398/1160) regret=0.102267 ape=0.5567
[17:55:31] warmStart (decay=exponential) 34% (399/1160) regret=0.102267 ape=0.5567
[17:55:31] warmStart (decay=exponential) 34% (400/1160) regret=0.102267 ape=0.5567
[17:55:31] warmStart (decay=exponential) 34% (401/1160) regret=0.102267 ape=0.5567
[17:55:31] warmStart (decay=exponential) 34% (402/1160) regret=0.102267 ape=0.5567
[17:55:31] warmStart (decay=exponential) 34% (403/1160) regret=0.102267 ape=0.5567
[17:55:32] warmStart (decay=exponential) 34% (404/1160) regret=0.102267 ape=0.5567
[17:55:32] warmStart (decay=exponential) 34% (405/1160) regret=0.102267 ape=0.5567
[17:55:32] warmStart (decay=exponential) 35% (406/1160) regret=0.102267 ape=0.5567
[17:55:32] warmStart (decay=exponential) 35% (407/1160) regret=0.102267 ape=0.5567
[17:55:32] warmStart (decay=exponential) 35% (408/1160) regret=0.102267 ape=0.5567
[17:55:32] warmStart (decay=exponential) 35% (409/1160) regret=0.102267 ape=0.5567
[17:55:33] warmStart (decay=exponential) 35% (410/1160) regret=0.102267 ape=0.5567
[17:55:33] warmStart (decay=exponential) 35% (411/1160) regret=0.102267 ape=0.5567
[17:55:33] warmStart (decay=exponential) 35% (412/1160) regret=0.102267 ape=0.5567
[17:55:33] warmStart (decay=exponential) 35% (413/1160) regret=0.102267 ape=0.5567
[17:55:33] warmStart (decay=exponential) 35% (414/1160) regret=0.102267 ape=0.5567
[17:55:33] warmStart (decay=exponential) 35% (415/1160) regret=0.102267 ape=0.5567
[17:55:34] warmStart (decay=exponential) 35% (416/1160) regret=0.102267 ape=0.5567
[17:55:34] warmStart (decay=exponential) 35% (417/1160) regret=0.102267 ape=0.5567
[17:55:34] warmStart (decay=exponential) 36% (418/1160) regret=0.102267 ape=0.5567
[17:55:34] warmStart (decay=exponential) 36% (419/1160) regret=0.102267 ape=0.5567
[17:55:34] warmStart (decay=exponential) 36% (420/1160) regret=0.102267 ape=0.5567
[17:55:34] warmStart (decay=exponential) 36% (421/1160) regret=0.102267 ape=0.5567
[17:55:35] warmStart (decay=exponential) 36% (422/1160) regret=0.102267 ape=0.5567
[17:55:35] warmStart (decay=exponential) 36% (423/1160) regret=0.102267 ape=0.5567
[17:55:35] warmStart (decay=exponential) 36% (424/1160) regret=0.102267 ape=0.5567
[17:55:35] warmStart (decay=exponential) 36% (425/1160) regret=0.102267 ape=0.5567
[17:55:35] warmStart (decay=exponential) 36% (426/1160) regret=0.102267 ape=0.5567
[17:55:36] warmStart (decay=exponential) 36% (427/1160) regret=0.102267 ape=0.5567
[17:55:36] warmStart (decay=exponential) 36% (428/1160) regret=0.102267 ape=0.5567
[17:55:36] warmStart (decay=exponential) 36% (429/1160) regret=0.102267 ape=0.5567
[17:55:36] warmStart (decay=exponential) 37% (430/1160) regret=0.102336 ape=0.5567
[17:55:36] warmStart (decay=exponential) 37% (431/1160) regret=0.102345 ape=0.5567
[17:55:36] warmStart (decay=exponential) 37% (432/1160) regret=0.102267 ape=0.5567
[17:55:37] warmStart (decay=exponential) 37% (433/1160) regret=0.102267 ape=0.5567
[17:55:37] warmStart (decay=exponential) 37% (434/1160) regret=0.102267 ape=0.5567
[17:55:37] warmStart (decay=exponential) 37% (435/1160) regret=0.102267 ape=0.5567
[17:55:37] warmStart (decay=exponential) 37% (436/1160) regret=0.102267 ape=0.5567
[17:55:37] warmStart (decay=exponential) 37% (437/1160) regret=0.102267 ape=0.5567
[17:55:37] warmStart (decay=exponential) 37% (438/1160) regret=0.102267 ape=0.5567
[17:55:37] warmStart (decay=exponential) 37% (439/1160) regret=0.102267 ape=0.5567
[17:55:38] warmStart (decay=exponential) 37% (440/1160) regret=0.102267 ape=0.5567
[17:55:38] warmStart (decay=exponential) 38% (441/1160) regret=0.102256 ape=0.5558
[17:55:38] warmStart (decay=exponential) 38% (442/1160) regret=0.102256 ape=0.5558
[17:55:38] warmStart (decay=exponential) 38% (443/1160) regret=0.102256 ape=0.5558
[17:55:38] warmStart (decay=exponential) 38% (444/1160) regret=0.102256 ape=0.5558
[17:55:38] warmStart (decay=exponential) 38% (445/1160) regret=0.102256 ape=0.5558
[17:55:39] warmStart (decay=exponential) 38% (446/1160) regret=0.102256 ape=0.5558
[17:55:39] warmStart (decay=exponential) 38% (447/1160) regret=0.102256 ape=0.5558
[17:55:39] warmStart (decay=exponential) 38% (448/1160) regret=0.102256 ape=0.5558
[17:55:39] warmStart (decay=exponential) 38% (449/1160) regret=0.102256 ape=0.5558
[17:55:39] warmStart (decay=exponential) 38% (450/1160) regret=0.102256 ape=0.5558
[17:55:39] warmStart (decay=exponential) 38% (451/1160) regret=0.102256 ape=0.5558
[17:55:39] warmStart (decay=exponential) 38% (452/1160) regret=0.102256 ape=0.5558
[17:55:40] warmStart (decay=exponential) 39% (453/1160) regret=0.102256 ape=0.5558
[17:55:40] warmStart (decay=exponential) 39% (454/1160) regret=0.102256 ape=0.5558
[17:55:40] warmStart (decay=exponential) 39% (455/1160) regret=0.102256 ape=0.5558
[17:55:40] warmStart (decay=exponential) 39% (456/1160) regret=0.102256 ape=0.5558
[17:55:40] warmStart (decay=exponential) 39% (457/1160) regret=0.102256 ape=0.5558
[17:55:40] warmStart (decay=exponential) 39% (458/1160) regret=0.102256 ape=0.5558
[17:55:41] warmStart (decay=exponential) 39% (459/1160) regret=0.102256 ape=0.5558
[17:55:41] warmStart (decay=exponential) 39% (460/1160) regret=0.102256 ape=0.5558
[17:55:41] warmStart (decay=exponential) 39% (461/1160) regret=0.102256 ape=0.5558
[17:55:41] warmStart (decay=exponential) 39% (462/1160) regret=0.102256 ape=0.5558
[17:55:41] warmStart (decay=exponential) 39% (463/1160) regret=0.102256 ape=0.5558
[17:55:41] warmStart (decay=exponential) 40% (464/1160) regret=0.102256 ape=0.5558
[17:55:41] warmStart (decay=exponential) 40% (465/1160) regret=0.102256 ape=0.5558
[17:55:42] warmStart (decay=exponential) 40% (466/1160) regret=0.102256 ape=0.5558
[17:55:42] warmStart (decay=exponential) 40% (467/1160) regret=0.102256 ape=0.5558
[17:55:42] warmStart (decay=exponential) 40% (468/1160) regret=0.102256 ape=0.5558
[17:55:42] warmStart (decay=exponential) 40% (469/1160) regret=0.102256 ape=0.5558
[17:55:42] warmStart (decay=exponential) 40% (470/1160) regret=0.102256 ape=0.5558
[17:55:43] warmStart (decay=exponential) 40% (471/1160) regret=0.102256 ape=0.5558
[17:55:43] warmStart (decay=exponential) 40% (472/1160) regret=0.102256 ape=0.5558
[17:55:43] warmStart (decay=exponential) 40% (473/1160) regret=0.102256 ape=0.5558
[17:55:43] warmStart (decay=exponential) 40% (474/1160) regret=0.102256 ape=0.5558
[17:55:43] warmStart (decay=exponential) 40% (475/1160) regret=0.102256 ape=0.5558
[17:55:43] warmStart (decay=exponential) 41% (476/1160) regret=0.102256 ape=0.5558
[17:55:43] warmStart (decay=exponential) 41% (477/1160) regret=0.102256 ape=0.5558
[17:55:44] warmStart (decay=exponential) 41% (478/1160) regret=0.102256 ape=0.5558
[17:55:44] warmStart (decay=exponential) 41% (479/1160) regret=0.102256 ape=0.5558
[17:55:44] warmStart (decay=exponential) 41% (480/1160) regret=0.102256 ape=0.5558
[17:55:44] warmStart (decay=exponential) 41% (481/1160) regret=0.102256 ape=0.5558
[17:55:44] warmStart (decay=exponential) 41% (482/1160) regret=0.102256 ape=0.5558
[17:55:44] warmStart (decay=exponential) 41% (483/1160) regret=0.102256 ape=0.5558
[17:55:45] warmStart (decay=exponential) 41% (484/1160) regret=0.102256 ape=0.5558
[17:55:45] warmStart (decay=exponential) 41% (485/1160) regret=0.102256 ape=0.5558
[17:55:45] warmStart (decay=exponential) 41% (486/1160) regret=0.102256 ape=0.5558
[17:55:45] warmStart (decay=exponential) 41% (487/1160) regret=0.102256 ape=0.5558
[17:55:45] warmStart (decay=exponential) 42% (488/1160) regret=0.102256 ape=0.5558
[17:55:45] warmStart (decay=exponential) 42% (489/1160) regret=0.102256 ape=0.5558
[17:55:46] warmStart (decay=exponential) 42% (490/1160) regret=0.102256 ape=0.5558
[17:55:46] warmStart (decay=exponential) 42% (491/1160) regret=0.102256 ape=0.5558
[17:55:46] warmStart (decay=exponential) 42% (492/1160) regret=0.102256 ape=0.5558
[17:55:46] warmStart (decay=exponential) 42% (493/1160) regret=0.102256 ape=0.5558
[17:55:46] warmStart (decay=exponential) 42% (494/1160) regret=0.102256 ape=0.5558
[17:55:46] warmStart (decay=exponential) 42% (495/1160) regret=0.102256 ape=0.5558
[17:55:47] warmStart (decay=exponential) 42% (496/1160) regret=0.102256 ape=0.5558
[17:55:47] warmStart (decay=exponential) 42% (497/1160) regret=0.102256 ape=0.5558
[17:55:47] warmStart (decay=exponential) 42% (498/1160) regret=0.102256 ape=0.5558
[17:55:47] warmStart (decay=exponential) 43% (499/1160) regret=0.102256 ape=0.5558
[17:55:47] warmStart (decay=exponential) 43% (500/1160) regret=0.102256 ape=0.5558
[17:55:47] warmStart (decay=exponential) 43% (501/1160) regret=0.102256 ape=0.5558
[17:55:48] warmStart (decay=exponential) 43% (502/1160) regret=0.102256 ape=0.5558
[17:55:48] warmStart (decay=exponential) 43% (503/1160) regret=0.102481 ape=0.5567
[17:55:48] warmStart (decay=exponential) 43% (504/1160) regret=0.102468 ape=0.5567
[17:55:48] warmStart (decay=exponential) 43% (505/1160) regret=0.102468 ape=0.5567
[17:55:48] warmStart (decay=exponential) 43% (506/1160) regret=0.102468 ape=0.5567
[17:55:48] warmStart (decay=exponential) 43% (507/1160) regret=0.102311 ape=0.5567
[17:55:49] warmStart (decay=exponential) 43% (508/1160) regret=0.102256 ape=0.5558
[17:55:49] warmStart (decay=exponential) 43% (509/1160) regret=0.102256 ape=0.5558
[17:55:49] warmStart (decay=exponential) 43% (510/1160) regret=0.102311 ape=0.5567
[17:55:49] warmStart (decay=exponential) 44% (511/1160) regret=0.102311 ape=0.5567
[17:55:49] warmStart (decay=exponential) 44% (512/1160) regret=0.102311 ape=0.5567
[17:55:50] warmStart (decay=exponential) 44% (513/1160) regret=0.102311 ape=0.5567
[17:55:50] warmStart (decay=exponential) 44% (514/1160) regret=0.102311 ape=0.5567
[17:55:50] warmStart (decay=exponential) 44% (515/1160) regret=0.102311 ape=0.5567
[17:55:50] warmStart (decay=exponential) 44% (516/1160) regret=0.102311 ape=0.5567
[17:55:50] warmStart (decay=exponential) 44% (517/1160) regret=0.102311 ape=0.5567
[17:55:50] warmStart (decay=exponential) 44% (518/1160) regret=0.102311 ape=0.5567
[17:55:51] warmStart (decay=exponential) 44% (519/1160) regret=0.102311 ape=0.5567
[17:55:51] warmStart (decay=exponential) 44% (520/1160) regret=0.102311 ape=0.5567
[17:55:51] warmStart (decay=exponential) 44% (521/1160) regret=0.102256 ape=0.5558
[17:55:51] warmStart (decay=exponential) 45% (522/1160) regret=0.102256 ape=0.5558
[17:55:51] warmStart (decay=exponential) 45% (523/1160) regret=0.102256 ape=0.5558
[17:55:52] warmStart (decay=exponential) 45% (524/1160) regret=0.102256 ape=0.5558
[17:55:52] warmStart (decay=exponential) 45% (525/1160) regret=0.102256 ape=0.5558
[17:55:52] warmStart (decay=exponential) 45% (526/1160) regret=0.102256 ape=0.5558
[17:55:52] warmStart (decay=exponential) 45% (527/1160) regret=0.102256 ape=0.5558
[17:55:52] warmStart (decay=exponential) 45% (528/1160) regret=0.102256 ape=0.5558
[17:55:52] warmStart (decay=exponential) 45% (529/1160) regret=0.102256 ape=0.5558
[17:55:53] warmStart (decay=exponential) 45% (530/1160) regret=0.102256 ape=0.5558
[17:55:53] warmStart (decay=exponential) 45% (531/1160) regret=0.102256 ape=0.5558
[17:55:53] warmStart (decay=exponential) 45% (532/1160) regret=0.102256 ape=0.5558
[17:55:53] warmStart (decay=exponential) 45% (533/1160) regret=0.102256 ape=0.5558
[17:55:53] warmStart (decay=exponential) 46% (534/1160) regret=0.102256 ape=0.5558
[17:55:54] warmStart (decay=exponential) 46% (535/1160) regret=0.102256 ape=0.5558
[17:55:54] warmStart (decay=exponential) 46% (536/1160) regret=0.102256 ape=0.5558
[17:55:54] warmStart (decay=exponential) 46% (537/1160) regret=0.102256 ape=0.5558
[17:55:54] warmStart (decay=exponential) 46% (538/1160) regret=0.102256 ape=0.5558
[17:55:54] warmStart (decay=exponential) 46% (539/1160) regret=0.102256 ape=0.5558
[17:55:54] warmStart (decay=exponential) 46% (540/1160) regret=0.102256 ape=0.5558
[17:55:55] warmStart (decay=exponential) 46% (541/1160) regret=0.102256 ape=0.5558
[17:55:55] warmStart (decay=exponential) 46% (542/1160) regret=0.102256 ape=0.5558
[17:55:55] warmStart (decay=exponential) 46% (543/1160) regret=0.102256 ape=0.5558
[17:55:55] warmStart (decay=exponential) 46% (544/1160) regret=0.102256 ape=0.5558
[17:55:55] warmStart (decay=exponential) 46% (545/1160) regret=0.102256 ape=0.5558
[17:55:55] warmStart (decay=exponential) 47% (546/1160) regret=0.102256 ape=0.5558
[17:55:56] warmStart (decay=exponential) 47% (547/1160) regret=0.102256 ape=0.5558
[17:55:56] warmStart (decay=exponential) 47% (548/1160) regret=0.102256 ape=0.5558
[17:55:56] warmStart (decay=exponential) 47% (549/1160) regret=0.102256 ape=0.5558
[17:55:56] warmStart (decay=exponential) 47% (550/1160) regret=0.102256 ape=0.5558
[17:55:56] warmStart (decay=exponential) 47% (551/1160) regret=0.102256 ape=0.5558
[17:55:56] warmStart (decay=exponential) 47% (552/1160) regret=0.102256 ape=0.5558
[17:55:57] warmStart (decay=exponential) 47% (553/1160) regret=0.102256 ape=0.5558
[17:55:57] warmStart (decay=exponential) 47% (554/1160) regret=0.102256 ape=0.5558
[17:55:57] warmStart (decay=exponential) 47% (555/1160) regret=0.102256 ape=0.5558
[17:55:57] warmStart (decay=exponential) 47% (556/1160) regret=0.102256 ape=0.5558
[17:55:57] warmStart (decay=exponential) 48% (557/1160) regret=0.102256 ape=0.5558
[17:55:57] warmStart (decay=exponential) 48% (558/1160) regret=0.102256 ape=0.5558
[17:55:57] warmStart (decay=exponential) 48% (559/1160) regret=0.102256 ape=0.5558
[17:55:58] warmStart (decay=exponential) 48% (560/1160) regret=0.102256 ape=0.5558
[17:55:58] warmStart (decay=exponential) 48% (561/1160) regret=0.102256 ape=0.5558
[17:55:58] warmStart (decay=exponential) 48% (562/1160) regret=0.102256 ape=0.5558
[17:55:58] warmStart (decay=exponential) 48% (563/1160) regret=0.102256 ape=0.5558
[17:55:58] warmStart (decay=exponential) 48% (564/1160) regret=0.102256 ape=0.5558
[17:55:58] warmStart (decay=exponential) 48% (565/1160) regret=0.102256 ape=0.5558
[17:55:59] warmStart (decay=exponential) 48% (566/1160) regret=0.102256 ape=0.5558
[17:55:59] warmStart (decay=exponential) 48% (567/1160) regret=0.102256 ape=0.5558
[17:55:59] warmStart (decay=exponential) 48% (568/1160) regret=0.102256 ape=0.5558
[17:55:59] warmStart (decay=exponential) 49% (569/1160) regret=0.102256 ape=0.5558
[17:55:59] warmStart (decay=exponential) 49% (570/1160) regret=0.102256 ape=0.5558
[17:55:59] warmStart (decay=exponential) 49% (571/1160) regret=0.102256 ape=0.5558
[17:55:59] warmStart (decay=exponential) 49% (572/1160) regret=0.102256 ape=0.5558
[17:56:00] warmStart (decay=exponential) 49% (573/1160) regret=0.102256 ape=0.5558
[17:56:00] warmStart (decay=exponential) 49% (574/1160) regret=0.102256 ape=0.5558
[17:56:00] warmStart (decay=exponential) 49% (575/1160) regret=0.102256 ape=0.5558
[17:56:00] warmStart (decay=exponential) 49% (576/1160) regret=0.102256 ape=0.5558
[17:56:00] warmStart (decay=exponential) 49% (577/1160) regret=0.102256 ape=0.5558
[17:56:00] warmStart (decay=exponential) 49% (578/1160) regret=0.102256 ape=0.5558
[17:56:01] warmStart (decay=exponential) 49% (579/1160) regret=0.102256 ape=0.5558
[17:56:01] warmStart (decay=exponential) 50% (580/1160) regret=0.102256 ape=0.5558
[17:56:01] warmStart (decay=exponential) 50% (581/1160) regret=0.102256 ape=0.5558
[17:56:01] warmStart (decay=exponential) 50% (582/1160) regret=0.102256 ape=0.5558
[17:56:01] warmStart (decay=exponential) 50% (583/1160) regret=0.102256 ape=0.5558
[17:56:01] warmStart (decay=exponential) 50% (584/1160) regret=0.102256 ape=0.5558
[17:56:01] warmStart (decay=exponential) 50% (585/1160) regret=0.102256 ape=0.5558
[17:56:02] warmStart (decay=exponential) 50% (586/1160) regret=0.102256 ape=0.5558
[17:56:02] warmStart (decay=exponential) 50% (587/1160) regret=0.102256 ape=0.5558
[17:56:02] warmStart (decay=exponential) 50% (588/1160) regret=0.102256 ape=0.5558
[17:56:02] warmStart (decay=exponential) 50% (589/1160) regret=0.102256 ape=0.5558
[17:56:02] warmStart (decay=exponential) 50% (590/1160) regret=0.102256 ape=0.5558
[17:56:02] warmStart (decay=exponential) 50% (591/1160) regret=0.102256 ape=0.5558
[17:56:03] warmStart (decay=exponential) 51% (592/1160) regret=0.102256 ape=0.5558
[17:56:03] warmStart (decay=exponential) 51% (593/1160) regret=0.102256 ape=0.5558
[17:56:03] warmStart (decay=exponential) 51% (594/1160) regret=0.102256 ape=0.5558
[17:56:03] warmStart (decay=exponential) 51% (595/1160) regret=0.102256 ape=0.5558
[17:56:03] warmStart (decay=exponential) 51% (596/1160) regret=0.102256 ape=0.5558
[17:56:03] warmStart (decay=exponential) 51% (597/1160) regret=0.102256 ape=0.5558
[17:56:03] warmStart (decay=exponential) 51% (598/1160) regret=0.102256 ape=0.5558
[17:56:04] warmStart (decay=exponential) 51% (599/1160) regret=0.102256 ape=0.5558
[17:56:04] warmStart (decay=exponential) 51% (600/1160) regret=0.102256 ape=0.5558
[17:56:04] warmStart (decay=exponential) 51% (601/1160) regret=0.102256 ape=0.5558
[17:56:04] warmStart (decay=exponential) 51% (602/1160) regret=0.102256 ape=0.5558
[17:56:04] warmStart (decay=exponential) 51% (603/1160) regret=0.102256 ape=0.5558
[17:56:04] warmStart (decay=exponential) 52% (604/1160) regret=0.102256 ape=0.5558
[17:56:05] warmStart (decay=exponential) 52% (605/1160) regret=0.102256 ape=0.5558
[17:56:05] warmStart (decay=exponential) 52% (606/1160) regret=0.102256 ape=0.5558
[17:56:05] warmStart (decay=exponential) 52% (607/1160) regret=0.102256 ape=0.5558
[17:56:05] warmStart (decay=exponential) 52% (608/1160) regret=0.102256 ape=0.5558
[17:56:05] warmStart (decay=exponential) 52% (609/1160) regret=0.102256 ape=0.5558
[17:56:05] warmStart (decay=exponential) 52% (610/1160) regret=0.102256 ape=0.5558
[17:56:06] warmStart (decay=exponential) 52% (611/1160) regret=0.102256 ape=0.5558
[17:56:06] warmStart (decay=exponential) 52% (612/1160) regret=0.102256 ape=0.5558
[17:56:06] warmStart (decay=exponential) 52% (613/1160) regret=0.102256 ape=0.5558
[17:56:06] warmStart (decay=exponential) 52% (614/1160) regret=0.102256 ape=0.5558
[17:56:06] warmStart (decay=exponential) 53% (615/1160) regret=0.102256 ape=0.5558
[17:56:06] warmStart (decay=exponential) 53% (616/1160) regret=0.102256 ape=0.5558
[17:56:06] warmStart (decay=exponential) 53% (617/1160) regret=0.102256 ape=0.5558
[17:56:07] warmStart (decay=exponential) 53% (618/1160) regret=0.102256 ape=0.5558
[17:56:07] warmStart (decay=exponential) 53% (619/1160) regret=0.102256 ape=0.5558
[17:56:07] warmStart (decay=exponential) 53% (620/1160) regret=0.102256 ape=0.5558
[17:56:07] warmStart (decay=exponential) 53% (621/1160) regret=0.102256 ape=0.5558
[17:56:07] warmStart (decay=exponential) 53% (622/1160) regret=0.102256 ape=0.5558
[17:56:07] warmStart (decay=exponential) 53% (623/1160) regret=0.102256 ape=0.5558
[17:56:08] warmStart (decay=exponential) 53% (624/1160) regret=0.102256 ape=0.5558
[17:56:08] warmStart (decay=exponential) 53% (625/1160) regret=0.102256 ape=0.5558
[17:56:08] warmStart (decay=exponential) 53% (626/1160) regret=0.102256 ape=0.5558
[17:56:08] warmStart (decay=exponential) 54% (627/1160) regret=0.102256 ape=0.5558
[17:56:08] warmStart (decay=exponential) 54% (628/1160) regret=0.102256 ape=0.5558
[17:56:08] warmStart (decay=exponential) 54% (629/1160) regret=0.102256 ape=0.5558
[17:56:08] warmStart (decay=exponential) 54% (630/1160) regret=0.102256 ape=0.5558
[17:56:09] warmStart (decay=exponential) 54% (631/1160) regret=0.102256 ape=0.5558
[17:56:09] warmStart (decay=exponential) 54% (632/1160) regret=0.102256 ape=0.5558
[17:56:09] warmStart (decay=exponential) 54% (633/1160) regret=0.102256 ape=0.5558
[17:56:09] warmStart (decay=exponential) 54% (634/1160) regret=0.102256 ape=0.5558
[17:56:09] warmStart (decay=exponential) 54% (635/1160) regret=0.102256 ape=0.5558
[17:56:10] warmStart (decay=exponential) 54% (636/1160) regret=0.102256 ape=0.5558
[17:56:10] warmStart (decay=exponential) 54% (637/1160) regret=0.102256 ape=0.5558
[17:56:10] warmStart (decay=exponential) 55% (638/1160) regret=0.102256 ape=0.5558
[17:56:10] warmStart (decay=exponential) 55% (639/1160) regret=0.102256 ape=0.5558
[17:56:10] warmStart (decay=exponential) 55% (640/1160) regret=0.102256 ape=0.5558
[17:56:11] warmStart (decay=exponential) 55% (641/1160) regret=0.102256 ape=0.5558
[17:56:11] warmStart (decay=exponential) 55% (642/1160) regret=0.102256 ape=0.5558
[17:56:11] warmStart (decay=exponential) 55% (643/1160) regret=0.102256 ape=0.5558
[17:56:11] warmStart (decay=exponential) 55% (644/1160) regret=0.102256 ape=0.5558
[17:56:11] warmStart (decay=exponential) 55% (645/1160) regret=0.102256 ape=0.5558
[17:56:11] warmStart (decay=exponential) 55% (646/1160) regret=0.102256 ape=0.5558
[17:56:12] warmStart (decay=exponential) 55% (647/1160) regret=0.102256 ape=0.5558
[17:56:12] warmStart (decay=exponential) 55% (648/1160) regret=0.102256 ape=0.5558
[17:56:12] warmStart (decay=exponential) 55% (649/1160) regret=0.102256 ape=0.5558
[17:56:12] warmStart (decay=exponential) 56% (650/1160) regret=0.102256 ape=0.5558
[17:56:12] warmStart (decay=exponential) 56% (651/1160) regret=0.102256 ape=0.5558
[17:56:13] warmStart (decay=exponential) 56% (652/1160) regret=0.102256 ape=0.5558
[17:56:13] warmStart (decay=exponential) 56% (653/1160) regret=0.102256 ape=0.5558
[17:56:13] warmStart (decay=exponential) 56% (654/1160) regret=0.102256 ape=0.5558
[17:56:13] warmStart (decay=exponential) 56% (655/1160) regret=0.102256 ape=0.5558
[17:56:13] warmStart (decay=exponential) 56% (656/1160) regret=0.102256 ape=0.5558
[17:56:13] warmStart (decay=exponential) 56% (657/1160) regret=0.102256 ape=0.5558
[17:56:14] warmStart (decay=exponential) 56% (658/1160) regret=0.102256 ape=0.5558
[17:56:14] warmStart (decay=exponential) 56% (659/1160) regret=0.102256 ape=0.5558
[17:56:14] warmStart (decay=exponential) 56% (660/1160) regret=0.102256 ape=0.5558
[17:56:14] warmStart (decay=exponential) 56% (661/1160) regret=0.102256 ape=0.5558
[17:56:14] warmStart (decay=exponential) 57% (662/1160) regret=0.102256 ape=0.5558
[17:56:14] warmStart (decay=exponential) 57% (663/1160) regret=0.102256 ape=0.5558
[17:56:15] warmStart (decay=exponential) 57% (664/1160) regret=0.102256 ape=0.5558
[17:56:15] warmStart (decay=exponential) 57% (665/1160) regret=0.102256 ape=0.5558
[17:56:15] warmStart (decay=exponential) 57% (666/1160) regret=0.102256 ape=0.5558
[17:56:15] warmStart (decay=exponential) 57% (667/1160) regret=0.102256 ape=0.5558
[17:56:15] warmStart (decay=exponential) 57% (668/1160) regret=0.102256 ape=0.5558
[17:56:16] warmStart (decay=exponential) 57% (669/1160) regret=0.102256 ape=0.5558
[17:56:16] warmStart (decay=exponential) 57% (670/1160) regret=0.102256 ape=0.5558
[17:56:16] warmStart (decay=exponential) 57% (671/1160) regret=0.102256 ape=0.5558
[17:56:16] warmStart (decay=exponential) 57% (672/1160) regret=0.102256 ape=0.5558
[17:56:16] warmStart (decay=exponential) 58% (673/1160) regret=0.102256 ape=0.5558
[17:56:17] warmStart (decay=exponential) 58% (674/1160) regret=0.102256 ape=0.5558
[17:56:17] warmStart (decay=exponential) 58% (675/1160) regret=0.102256 ape=0.5558
[17:56:17] warmStart (decay=exponential) 58% (676/1160) regret=0.102256 ape=0.5558
[17:56:17] warmStart (decay=exponential) 58% (677/1160) regret=0.102256 ape=0.5558
[17:56:17] warmStart (decay=exponential) 58% (678/1160) regret=0.102256 ape=0.5558
[17:56:17] warmStart (decay=exponential) 58% (679/1160) regret=0.102256 ape=0.5558
[17:56:18] warmStart (decay=exponential) 58% (680/1160) regret=0.102256 ape=0.5558
[17:56:18] warmStart (decay=exponential) 58% (681/1160) regret=0.102256 ape=0.5558
[17:56:18] warmStart (decay=exponential) 58% (682/1160) regret=0.102256 ape=0.5558
[17:56:18] warmStart (decay=exponential) 58% (683/1160) regret=0.102256 ape=0.5558
[17:56:18] warmStart (decay=exponential) 58% (684/1160) regret=0.102256 ape=0.5558
[17:56:19] warmStart (decay=exponential) 59% (685/1160) regret=0.102256 ape=0.5558
[17:56:19] warmStart (decay=exponential) 59% (686/1160) regret=0.102256 ape=0.5558
[17:56:19] warmStart (decay=exponential) 59% (687/1160) regret=0.102256 ape=0.5558
[17:56:19] warmStart (decay=exponential) 59% (688/1160) regret=0.102256 ape=0.5558
[17:56:19] warmStart (decay=exponential) 59% (689/1160) regret=0.102256 ape=0.5558
[17:56:19] warmStart (decay=exponential) 59% (690/1160) regret=0.102256 ape=0.5558
[17:56:20] warmStart (decay=exponential) 59% (691/1160) regret=0.102256 ape=0.5558
[17:56:20] warmStart (decay=exponential) 59% (692/1160) regret=0.102256 ape=0.5558
[17:56:20] warmStart (decay=exponential) 59% (693/1160) regret=0.102256 ape=0.5558
[17:56:20] warmStart (decay=exponential) 59% (694/1160) regret=0.102256 ape=0.5558
[17:56:20] warmStart (decay=exponential) 59% (695/1160) regret=0.102256 ape=0.5558
[17:56:21] warmStart (decay=exponential) 60% (696/1160) regret=0.102256 ape=0.5558
[17:56:21] warmStart (decay=exponential) 60% (697/1160) regret=0.102256 ape=0.5558
[17:56:21] warmStart (decay=exponential) 60% (698/1160) regret=0.102256 ape=0.5558
[17:56:21] warmStart (decay=exponential) 60% (699/1160) regret=0.102256 ape=0.5558
[17:56:21] warmStart (decay=exponential) 60% (700/1160) regret=0.102256 ape=0.5558
[17:56:22] warmStart (decay=exponential) 60% (701/1160) regret=0.102256 ape=0.5558
[17:56:22] warmStart (decay=exponential) 60% (702/1160) regret=0.102256 ape=0.5558
[17:56:22] warmStart (decay=exponential) 60% (703/1160) regret=0.102256 ape=0.5558
[17:56:22] warmStart (decay=exponential) 60% (704/1160) regret=0.102256 ape=0.5558
[17:56:22] warmStart (decay=exponential) 60% (705/1160) regret=0.102256 ape=0.5558
[17:56:22] warmStart (decay=exponential) 60% (706/1160) regret=0.102256 ape=0.5558
[17:56:23] warmStart (decay=exponential) 60% (707/1160) regret=0.102256 ape=0.5558
[17:56:23] warmStart (decay=exponential) 61% (708/1160) regret=0.102256 ape=0.5558
[17:56:23] warmStart (decay=exponential) 61% (709/1160) regret=0.102256 ape=0.5558
[17:56:23] warmStart (decay=exponential) 61% (710/1160) regret=0.102256 ape=0.5558
[17:56:23] warmStart (decay=exponential) 61% (711/1160) regret=0.102256 ape=0.5558
[17:56:24] warmStart (decay=exponential) 61% (712/1160) regret=0.102256 ape=0.5558
[17:56:24] warmStart (decay=exponential) 61% (713/1160) regret=0.102256 ape=0.5558
[17:56:24] warmStart (decay=exponential) 61% (714/1160) regret=0.102256 ape=0.5558
[17:56:24] warmStart (decay=exponential) 61% (715/1160) regret=0.102256 ape=0.5558
[17:56:24] warmStart (decay=exponential) 61% (716/1160) regret=0.102256 ape=0.5558
[17:56:25] warmStart (decay=exponential) 61% (717/1160) regret=0.102256 ape=0.5558
[17:56:25] warmStart (decay=exponential) 61% (718/1160) regret=0.102256 ape=0.5558
[17:56:25] warmStart (decay=exponential) 61% (719/1160) regret=0.102256 ape=0.5558
[17:56:25] warmStart (decay=exponential) 62% (720/1160) regret=0.102256 ape=0.5558
[17:56:25] warmStart (decay=exponential) 62% (721/1160) regret=0.102256 ape=0.5558
[17:56:25] warmStart (decay=exponential) 62% (722/1160) regret=0.102256 ape=0.5558
[17:56:26] warmStart (decay=exponential) 62% (723/1160) regret=0.102256 ape=0.5558
[17:56:26] warmStart (decay=exponential) 62% (724/1160) regret=0.102256 ape=0.5558
[17:56:26] warmStart (decay=exponential) 62% (725/1160) regret=0.102256 ape=0.5558
[17:56:26] warmStart (decay=exponential) 62% (726/1160) regret=0.102256 ape=0.5558
[17:56:26] warmStart (decay=exponential) 62% (727/1160) regret=0.102256 ape=0.5558
[17:56:27] warmStart (decay=exponential) 62% (728/1160) regret=0.102256 ape=0.5558
[17:56:27] warmStart (decay=exponential) 62% (729/1160) regret=0.102256 ape=0.5558
[17:56:27] warmStart (decay=exponential) 62% (730/1160) regret=0.102256 ape=0.5558
[17:56:27] warmStart (decay=exponential) 63% (731/1160) regret=0.102256 ape=0.5558
[17:56:27] warmStart (decay=exponential) 63% (732/1160) regret=0.102256 ape=0.5558
[17:56:28] warmStart (decay=exponential) 63% (733/1160) regret=0.102256 ape=0.5558
[17:56:28] warmStart (decay=exponential) 63% (734/1160) regret=0.102256 ape=0.5558
[17:56:28] warmStart (decay=exponential) 63% (735/1160) regret=0.102256 ape=0.5558
[17:56:28] warmStart (decay=exponential) 63% (736/1160) regret=0.102256 ape=0.5558
[17:56:28] warmStart (decay=exponential) 63% (737/1160) regret=0.102256 ape=0.5558
[17:56:28] warmStart (decay=exponential) 63% (738/1160) regret=0.102256 ape=0.5558
[17:56:29] warmStart (decay=exponential) 63% (739/1160) regret=0.102256 ape=0.5558
[17:56:29] warmStart (decay=exponential) 63% (740/1160) regret=0.102256 ape=0.5558
[17:56:29] warmStart (decay=exponential) 63% (741/1160) regret=0.102256 ape=0.5558
[17:56:29] warmStart (decay=exponential) 63% (742/1160) regret=0.102256 ape=0.5558
[17:56:29] warmStart (decay=exponential) 64% (743/1160) regret=0.102256 ape=0.5558
[17:56:30] warmStart (decay=exponential) 64% (744/1160) regret=0.102256 ape=0.5558
[17:56:30] warmStart (decay=exponential) 64% (745/1160) regret=0.102256 ape=0.5558
[17:56:30] warmStart (decay=exponential) 64% (746/1160) regret=0.102256 ape=0.5558
[17:56:30] warmStart (decay=exponential) 64% (747/1160) regret=0.102256 ape=0.5558
[17:56:30] warmStart (decay=exponential) 64% (748/1160) regret=0.102256 ape=0.5558
[17:56:30] warmStart (decay=exponential) 64% (749/1160) regret=0.102256 ape=0.5558
[17:56:31] warmStart (decay=exponential) 64% (750/1160) regret=0.102256 ape=0.5558
[17:56:31] warmStart (decay=exponential) 64% (751/1160) regret=0.102256 ape=0.5558
[17:56:31] warmStart (decay=exponential) 64% (752/1160) regret=0.102256 ape=0.5558
[17:56:31] warmStart (decay=exponential) 64% (753/1160) regret=0.102256 ape=0.5558
[17:56:31] warmStart (decay=exponential) 65% (754/1160) regret=0.102256 ape=0.5558
[17:56:32] warmStart (decay=exponential) 65% (755/1160) regret=0.102256 ape=0.5558
[17:56:32] warmStart (decay=exponential) 65% (756/1160) regret=0.102256 ape=0.5558
[17:56:32] warmStart (decay=exponential) 65% (757/1160) regret=0.102256 ape=0.5558
[17:56:32] warmStart (decay=exponential) 65% (758/1160) regret=0.102256 ape=0.5558
[17:56:32] warmStart (decay=exponential) 65% (759/1160) regret=0.102256 ape=0.5558
[17:56:33] warmStart (decay=exponential) 65% (760/1160) regret=0.102256 ape=0.5558
[17:56:33] warmStart (decay=exponential) 65% (761/1160) regret=0.102256 ape=0.5558
[17:56:33] warmStart (decay=exponential) 65% (762/1160) regret=0.102256 ape=0.5558
[17:56:33] warmStart (decay=exponential) 65% (763/1160) regret=0.102256 ape=0.5558
[17:56:33] warmStart (decay=exponential) 65% (764/1160) regret=0.102256 ape=0.5558
[17:56:34] warmStart (decay=exponential) 65% (765/1160) regret=0.102256 ape=0.5558
[17:56:34] warmStart (decay=exponential) 66% (766/1160) regret=0.102256 ape=0.5558
[17:56:34] warmStart (decay=exponential) 66% (767/1160) regret=0.102256 ape=0.5558
[17:56:34] warmStart (decay=exponential) 66% (768/1160) regret=0.102256 ape=0.5558
[17:56:34] warmStart (decay=exponential) 66% (769/1160) regret=0.102256 ape=0.5558
[17:56:34] warmStart (decay=exponential) 66% (770/1160) regret=0.102256 ape=0.5558
[17:56:35] warmStart (decay=exponential) 66% (771/1160) regret=0.102256 ape=0.5558
[17:56:35] warmStart (decay=exponential) 66% (772/1160) regret=0.102256 ape=0.5558
[17:56:35] warmStart (decay=exponential) 66% (773/1160) regret=0.102256 ape=0.5558
[17:56:35] warmStart (decay=exponential) 66% (774/1160) regret=0.102256 ape=0.5558
[17:56:35] warmStart (decay=exponential) 66% (775/1160) regret=0.102256 ape=0.5558
[17:56:36] warmStart (decay=exponential) 66% (776/1160) regret=0.102256 ape=0.5558
[17:56:36] warmStart (decay=exponential) 66% (777/1160) regret=0.102256 ape=0.5558
[17:56:36] warmStart (decay=exponential) 67% (778/1160) regret=0.102256 ape=0.5558
[17:56:36] warmStart (decay=exponential) 67% (779/1160) regret=0.102256 ape=0.5558
[17:56:36] warmStart (decay=exponential) 67% (780/1160) regret=0.102256 ape=0.5558
[17:56:37] warmStart (decay=exponential) 67% (781/1160) regret=0.102256 ape=0.5558
[17:56:37] warmStart (decay=exponential) 67% (782/1160) regret=0.102256 ape=0.5558
[17:56:37] warmStart (decay=exponential) 67% (783/1160) regret=0.102256 ape=0.5558
[17:56:37] warmStart (decay=exponential) 67% (784/1160) regret=0.102256 ape=0.5558
[17:56:37] warmStart (decay=exponential) 67% (785/1160) regret=0.102256 ape=0.5558
[17:56:38] warmStart (decay=exponential) 67% (786/1160) regret=0.102256 ape=0.5558
[17:56:38] warmStart (decay=exponential) 67% (787/1160) regret=0.102256 ape=0.5558
[17:56:38] warmStart (decay=exponential) 67% (788/1160) regret=0.102256 ape=0.5558
[17:56:38] warmStart (decay=exponential) 68% (789/1160) regret=0.102256 ape=0.5558
[17:56:38] warmStart (decay=exponential) 68% (790/1160) regret=0.102256 ape=0.5558
[17:56:39] warmStart (decay=exponential) 68% (791/1160) regret=0.102256 ape=0.5558
[17:56:39] warmStart (decay=exponential) 68% (792/1160) regret=0.102256 ape=0.5558
[17:56:39] warmStart (decay=exponential) 68% (793/1160) regret=0.102256 ape=0.5558
[17:56:39] warmStart (decay=exponential) 68% (794/1160) regret=0.102256 ape=0.5558
[17:56:39] warmStart (decay=exponential) 68% (795/1160) regret=0.102256 ape=0.5558
[17:56:40] warmStart (decay=exponential) 68% (796/1160) regret=0.102256 ape=0.5558
[17:56:40] warmStart (decay=exponential) 68% (797/1160) regret=0.102256 ape=0.5558
[17:56:40] warmStart (decay=exponential) 68% (798/1160) regret=0.102256 ape=0.5558
[17:56:40] warmStart (decay=exponential) 68% (799/1160) regret=0.102256 ape=0.5558
[17:56:40] warmStart (decay=exponential) 68% (800/1160) regret=0.102256 ape=0.5558
[17:56:41] warmStart (decay=exponential) 69% (801/1160) regret=0.102256 ape=0.5558
[17:56:41] warmStart (decay=exponential) 69% (802/1160) regret=0.102256 ape=0.5558
[17:56:41] warmStart (decay=exponential) 69% (803/1160) regret=0.102256 ape=0.5558
[17:56:41] warmStart (decay=exponential) 69% (804/1160) regret=0.102256 ape=0.5558
[17:56:41] warmStart (decay=exponential) 69% (805/1160) regret=0.102256 ape=0.5558
[17:56:41] warmStart (decay=exponential) 69% (806/1160) regret=0.102256 ape=0.5558
[17:56:42] warmStart (decay=exponential) 69% (807/1160) regret=0.102256 ape=0.5558
[17:56:42] warmStart (decay=exponential) 69% (808/1160) regret=0.102256 ape=0.5558
[17:56:42] warmStart (decay=exponential) 69% (809/1160) regret=0.102256 ape=0.5558
[17:56:42] warmStart (decay=exponential) 69% (810/1160) regret=0.102256 ape=0.5558
[17:56:42] warmStart (decay=exponential) 69% (811/1160) regret=0.102256 ape=0.5558
[17:56:43] warmStart (decay=exponential) 70% (812/1160) regret=0.102256 ape=0.5558
[17:56:43] warmStart (decay=exponential) 70% (813/1160) regret=0.102256 ape=0.5558
[17:56:43] warmStart (decay=exponential) 70% (814/1160) regret=0.102256 ape=0.5558
[17:56:43] warmStart (decay=exponential) 70% (815/1160) regret=0.102256 ape=0.5558
[17:56:43] warmStart (decay=exponential) 70% (816/1160) regret=0.102256 ape=0.5558
[17:56:44] warmStart (decay=exponential) 70% (817/1160) regret=0.102256 ape=0.5558
[17:56:44] warmStart (decay=exponential) 70% (818/1160) regret=0.102256 ape=0.5558
[17:56:44] warmStart (decay=exponential) 70% (819/1160) regret=0.102256 ape=0.5558
[17:56:44] warmStart (decay=exponential) 70% (820/1160) regret=0.102256 ape=0.5558
[17:56:44] warmStart (decay=exponential) 70% (821/1160) regret=0.102256 ape=0.5558
[17:56:45] warmStart (decay=exponential) 70% (822/1160) regret=0.102256 ape=0.5558
[17:56:45] warmStart (decay=exponential) 70% (823/1160) regret=0.102256 ape=0.5558
[17:56:45] warmStart (decay=exponential) 71% (824/1160) regret=0.102256 ape=0.5558
[17:56:45] warmStart (decay=exponential) 71% (825/1160) regret=0.102256 ape=0.5558
[17:56:45] warmStart (decay=exponential) 71% (826/1160) regret=0.102256 ape=0.5558
[17:56:46] warmStart (decay=exponential) 71% (827/1160) regret=0.102256 ape=0.5558
[17:56:46] warmStart (decay=exponential) 71% (828/1160) regret=0.102256 ape=0.5558
[17:56:46] warmStart (decay=exponential) 71% (829/1160) regret=0.102256 ape=0.5558
[17:56:46] warmStart (decay=exponential) 71% (830/1160) regret=0.102256 ape=0.5558
[17:56:46] warmStart (decay=exponential) 71% (831/1160) regret=0.102256 ape=0.5558
[17:56:46] warmStart (decay=exponential) 71% (832/1160) regret=0.102256 ape=0.5558
[17:56:47] warmStart (decay=exponential) 71% (833/1160) regret=0.102256 ape=0.5558
[17:56:47] warmStart (decay=exponential) 71% (834/1160) regret=0.102256 ape=0.5558
[17:56:47] warmStart (decay=exponential) 71% (835/1160) regret=0.102256 ape=0.5558
[17:56:47] warmStart (decay=exponential) 72% (836/1160) regret=0.102256 ape=0.5558
[17:56:47] warmStart (decay=exponential) 72% (837/1160) regret=0.102256 ape=0.5558
[17:56:48] warmStart (decay=exponential) 72% (838/1160) regret=0.102256 ape=0.5558
[17:56:48] warmStart (decay=exponential) 72% (839/1160) regret=0.102256 ape=0.5558
[17:56:48] warmStart (decay=exponential) 72% (840/1160) regret=0.102256 ape=0.5558
[17:56:48] warmStart (decay=exponential) 72% (841/1160) regret=0.102256 ape=0.5558
[17:56:48] warmStart (decay=exponential) 72% (842/1160) regret=0.102256 ape=0.5558
[17:56:49] warmStart (decay=exponential) 72% (843/1160) regret=0.102256 ape=0.5558
[17:56:49] warmStart (decay=exponential) 72% (844/1160) regret=0.102256 ape=0.5558
[17:56:49] warmStart (decay=exponential) 72% (845/1160) regret=0.102256 ape=0.5558
[17:56:49] warmStart (decay=exponential) 72% (846/1160) regret=0.102256 ape=0.5558
[17:56:49] warmStart (decay=exponential) 73% (847/1160) regret=0.102256 ape=0.5558
[17:56:50] warmStart (decay=exponential) 73% (848/1160) regret=0.102256 ape=0.5558
[17:56:50] warmStart (decay=exponential) 73% (849/1160) regret=0.102256 ape=0.5558
[17:56:50] warmStart (decay=exponential) 73% (850/1160) regret=0.102256 ape=0.5558
[17:56:50] warmStart (decay=exponential) 73% (851/1160) regret=0.102256 ape=0.5558
[17:56:50] warmStart (decay=exponential) 73% (852/1160) regret=0.102256 ape=0.5558
[17:56:50] warmStart (decay=exponential) 73% (853/1160) regret=0.102256 ape=0.5558
[17:56:51] warmStart (decay=exponential) 73% (854/1160) regret=0.102256 ape=0.5558
[17:56:51] warmStart (decay=exponential) 73% (855/1160) regret=0.102256 ape=0.5558
[17:56:51] warmStart (decay=exponential) 73% (856/1160) regret=0.102256 ape=0.5558
[17:56:51] warmStart (decay=exponential) 73% (857/1160) regret=0.102256 ape=0.5558
[17:56:52] warmStart (decay=exponential) 73% (858/1160) regret=0.102256 ape=0.5558
[17:56:52] warmStart (decay=exponential) 74% (859/1160) regret=0.102256 ape=0.5558
[17:56:52] warmStart (decay=exponential) 74% (860/1160) regret=0.102256 ape=0.5558
[17:56:52] warmStart (decay=exponential) 74% (861/1160) regret=0.102256 ape=0.5558
[17:56:52] warmStart (decay=exponential) 74% (862/1160) regret=0.102256 ape=0.5558
[17:56:52] warmStart (decay=exponential) 74% (863/1160) regret=0.102256 ape=0.5558
[17:56:53] warmStart (decay=exponential) 74% (864/1160) regret=0.102256 ape=0.5558
[17:56:53] warmStart (decay=exponential) 74% (865/1160) regret=0.102256 ape=0.5558
[17:56:53] warmStart (decay=exponential) 74% (866/1160) regret=0.102256 ape=0.5558
[17:56:53] warmStart (decay=exponential) 74% (867/1160) regret=0.102256 ape=0.5558
[17:56:53] warmStart (decay=exponential) 74% (868/1160) regret=0.102256 ape=0.5558
[17:56:54] warmStart (decay=exponential) 74% (869/1160) regret=0.102256 ape=0.5558
[17:56:54] warmStart (decay=exponential) 75% (870/1160) regret=0.102256 ape=0.5558
[17:56:54] warmStart (decay=exponential) 75% (871/1160) regret=0.102256 ape=0.5558
[17:56:54] warmStart (decay=exponential) 75% (872/1160) regret=0.102256 ape=0.5558
[17:56:54] warmStart (decay=exponential) 75% (873/1160) regret=0.102256 ape=0.5558
[17:56:55] warmStart (decay=exponential) 75% (874/1160) regret=0.102256 ape=0.5558
[17:56:55] warmStart (decay=exponential) 75% (875/1160) regret=0.102256 ape=0.5558
[17:56:55] warmStart (decay=exponential) 75% (876/1160) regret=0.102256 ape=0.5558
[17:56:55] warmStart (decay=exponential) 75% (877/1160) regret=0.102256 ape=0.5558
[17:56:55] warmStart (decay=exponential) 75% (878/1160) regret=0.102256 ape=0.5558
[17:56:56] warmStart (decay=exponential) 75% (879/1160) regret=0.102256 ape=0.5558
[17:56:56] warmStart (decay=exponential) 75% (880/1160) regret=0.102256 ape=0.5558
[17:56:56] warmStart (decay=exponential) 75% (881/1160) regret=0.102256 ape=0.5558
[17:56:56] warmStart (decay=exponential) 76% (882/1160) regret=0.102256 ape=0.5558
[17:56:56] warmStart (decay=exponential) 76% (883/1160) regret=0.102256 ape=0.5558
[17:56:57] warmStart (decay=exponential) 76% (884/1160) regret=0.102256 ape=0.5558
[17:56:57] warmStart (decay=exponential) 76% (885/1160) regret=0.102256 ape=0.5558
[17:56:57] warmStart (decay=exponential) 76% (886/1160) regret=0.102256 ape=0.5558
[17:56:57] warmStart (decay=exponential) 76% (887/1160) regret=0.102256 ape=0.5558
[17:56:57] warmStart (decay=exponential) 76% (888/1160) regret=0.102256 ape=0.5558
[17:56:58] warmStart (decay=exponential) 76% (889/1160) regret=0.102256 ape=0.5558
[17:56:58] warmStart (decay=exponential) 76% (890/1160) regret=0.102256 ape=0.5558
[17:56:58] warmStart (decay=exponential) 76% (891/1160) regret=0.102256 ape=0.5558
[17:56:58] warmStart (decay=exponential) 76% (892/1160) regret=0.102256 ape=0.5558
[17:56:58] warmStart (decay=exponential) 76% (893/1160) regret=0.102256 ape=0.5558
[17:56:58] warmStart (decay=exponential) 77% (894/1160) regret=0.102256 ape=0.5558
[17:56:59] warmStart (decay=exponential) 77% (895/1160) regret=0.102256 ape=0.5558
[17:56:59] warmStart (decay=exponential) 77% (896/1160) regret=0.102256 ape=0.5558
[17:56:59] warmStart (decay=exponential) 77% (897/1160) regret=0.102256 ape=0.5558
[17:56:59] warmStart (decay=exponential) 77% (898/1160) regret=0.102256 ape=0.5558
[17:56:59] warmStart (decay=exponential) 77% (899/1160) regret=0.102256 ape=0.5558
[17:57:00] warmStart (decay=exponential) 77% (900/1160) regret=0.102256 ape=0.5558
[17:57:00] warmStart (decay=exponential) 77% (901/1160) regret=0.102256 ape=0.5558
[17:57:00] warmStart (decay=exponential) 77% (902/1160) regret=0.102256 ape=0.5558
[17:57:00] warmStart (decay=exponential) 77% (903/1160) regret=0.102256 ape=0.5558
[17:57:00] warmStart (decay=exponential) 77% (904/1160) regret=0.102256 ape=0.5558
[17:57:01] warmStart (decay=exponential) 78% (905/1160) regret=0.102256 ape=0.5558
[17:57:01] warmStart (decay=exponential) 78% (906/1160) regret=0.102256 ape=0.5558
[17:57:01] warmStart (decay=exponential) 78% (907/1160) regret=0.102256 ape=0.5558
[17:57:01] warmStart (decay=exponential) 78% (908/1160) regret=0.102256 ape=0.5558
[17:57:01] warmStart (decay=exponential) 78% (909/1160) regret=0.102256 ape=0.5558
[17:57:02] warmStart (decay=exponential) 78% (910/1160) regret=0.102256 ape=0.5558
[17:57:02] warmStart (decay=exponential) 78% (911/1160) regret=0.102256 ape=0.5558
[17:57:02] warmStart (decay=exponential) 78% (912/1160) regret=0.102256 ape=0.5558
[17:57:02] warmStart (decay=exponential) 78% (913/1160) regret=0.102256 ape=0.5558
[17:57:02] warmStart (decay=exponential) 78% (914/1160) regret=0.102256 ape=0.5558
[17:57:03] warmStart (decay=exponential) 78% (915/1160) regret=0.102256 ape=0.5558
[17:57:03] warmStart (decay=exponential) 78% (916/1160) regret=0.102256 ape=0.5558
[17:57:03] warmStart (decay=exponential) 79% (917/1160) regret=0.102256 ape=0.5558
[17:57:03] warmStart (decay=exponential) 79% (918/1160) regret=0.102256 ape=0.5558
[17:57:03] warmStart (decay=exponential) 79% (919/1160) regret=0.102256 ape=0.5558
[17:57:04] warmStart (decay=exponential) 79% (920/1160) regret=0.102256 ape=0.5558
[17:57:04] warmStart (decay=exponential) 79% (921/1160) regret=0.102256 ape=0.5558
[17:57:04] warmStart (decay=exponential) 79% (922/1160) regret=0.102256 ape=0.5558
[17:57:04] warmStart (decay=exponential) 79% (923/1160) regret=0.102256 ape=0.5558
[17:57:04] warmStart (decay=exponential) 79% (924/1160) regret=0.102256 ape=0.5558
[17:57:05] warmStart (decay=exponential) 79% (925/1160) regret=0.102256 ape=0.5558
[17:57:05] warmStart (decay=exponential) 79% (926/1160) regret=0.102256 ape=0.5558
[17:57:05] warmStart (decay=exponential) 79% (927/1160) regret=0.102256 ape=0.5558
[17:57:05] warmStart (decay=exponential) 80% (928/1160) regret=0.102256 ape=0.5558
[17:57:06] warmStart (decay=exponential) 80% (929/1160) regret=0.102256 ape=0.5558
[17:57:06] warmStart (decay=exponential) 80% (930/1160) regret=0.102256 ape=0.5558
[17:57:06] warmStart (decay=exponential) 80% (931/1160) regret=0.102256 ape=0.5558
[17:57:06] warmStart (decay=exponential) 80% (932/1160) regret=0.102256 ape=0.5558
[17:57:06] warmStart (decay=exponential) 80% (933/1160) regret=0.102256 ape=0.5558
[17:57:07] warmStart (decay=exponential) 80% (934/1160) regret=0.102256 ape=0.5558
[17:57:07] warmStart (decay=exponential) 80% (935/1160) regret=0.102256 ape=0.5558
[17:57:07] warmStart (decay=exponential) 80% (936/1160) regret=0.102256 ape=0.5558
[17:57:07] warmStart (decay=exponential) 80% (937/1160) regret=0.102256 ape=0.5558
[17:57:07] warmStart (decay=exponential) 80% (938/1160) regret=0.102256 ape=0.5558
[17:57:08] warmStart (decay=exponential) 80% (939/1160) regret=0.102256 ape=0.5558
[17:57:08] warmStart (decay=exponential) 81% (940/1160) regret=0.102237 ape=0.5558
[17:57:08] warmStart (decay=exponential) 81% (941/1160) regret=0.102237 ape=0.5558
[17:57:08] warmStart (decay=exponential) 81% (942/1160) regret=0.102237 ape=0.5558
[17:57:08] warmStart (decay=exponential) 81% (943/1160) regret=0.102219 ape=0.5548
[17:57:09] warmStart (decay=exponential) 81% (944/1160) regret=0.102219 ape=0.5548
[17:57:09] warmStart (decay=exponential) 81% (945/1160) regret=0.102219 ape=0.5548
[17:57:09] warmStart (decay=exponential) 81% (946/1160) regret=0.102219 ape=0.5548
[17:57:09] warmStart (decay=exponential) 81% (947/1160) regret=0.102219 ape=0.5548
[17:57:09] warmStart (decay=exponential) 81% (948/1160) regret=0.102219 ape=0.5548
[17:57:09] warmStart (decay=exponential) 81% (949/1160) regret=0.102219 ape=0.5548
[17:57:10] warmStart (decay=exponential) 81% (950/1160) regret=0.102219 ape=0.5548
[17:57:10] warmStart (decay=exponential) 81% (951/1160) regret=0.102219 ape=0.5548
[17:57:10] warmStart (decay=exponential) 82% (952/1160) regret=0.102237 ape=0.5558
[17:57:10] warmStart (decay=exponential) 82% (953/1160) regret=0.102237 ape=0.5558
[17:57:10] warmStart (decay=exponential) 82% (954/1160) regret=0.102237 ape=0.5558
[17:57:11] warmStart (decay=exponential) 82% (955/1160) regret=0.102237 ape=0.5558
[17:57:11] warmStart (decay=exponential) 82% (956/1160) regret=0.102237 ape=0.5558
[17:57:11] warmStart (decay=exponential) 82% (957/1160) regret=0.102237 ape=0.5558
[17:57:11] warmStart (decay=exponential) 82% (958/1160) regret=0.102237 ape=0.5558
[17:57:11] warmStart (decay=exponential) 82% (959/1160) regret=0.102219 ape=0.5548
[17:57:12] warmStart (decay=exponential) 82% (960/1160) regret=0.102219 ape=0.5548
[17:57:12] warmStart (decay=exponential) 82% (961/1160) regret=0.102219 ape=0.5548
[17:57:12] warmStart (decay=exponential) 82% (962/1160) regret=0.102219 ape=0.5548
[17:57:12] warmStart (decay=exponential) 83% (963/1160) regret=0.102219 ape=0.5548
[17:57:13] warmStart (decay=exponential) 83% (964/1160) regret=0.102219 ape=0.5548
[17:57:13] warmStart (decay=exponential) 83% (965/1160) regret=0.102219 ape=0.5548
[17:57:13] warmStart (decay=exponential) 83% (966/1160) regret=0.102219 ape=0.5548
[17:57:13] warmStart (decay=exponential) 83% (967/1160) regret=0.102219 ape=0.5548
[17:57:13] warmStart (decay=exponential) 83% (968/1160) regret=0.102219 ape=0.5548
[17:57:14] warmStart (decay=exponential) 83% (969/1160) regret=0.102219 ape=0.5548
[17:57:14] warmStart (decay=exponential) 83% (970/1160) regret=0.102219 ape=0.5548
[17:57:14] warmStart (decay=exponential) 83% (971/1160) regret=0.102219 ape=0.5548
[17:57:14] warmStart (decay=exponential) 83% (972/1160) regret=0.102127 ape=0.5539
[17:57:14] warmStart (decay=exponential) 83% (973/1160) regret=0.102127 ape=0.5539
[17:57:14] warmStart (decay=exponential) 83% (974/1160) regret=0.102127 ape=0.5539
[17:57:14] warmStart (decay=exponential) 84% (975/1160) regret=0.102127 ape=0.5539
[17:57:15] warmStart (decay=exponential) 84% (976/1160) regret=0.102127 ape=0.5539
[17:57:15] warmStart (decay=exponential) 84% (977/1160) regret=0.102127 ape=0.5539
[17:57:15] warmStart (decay=exponential) 84% (978/1160) regret=0.102127 ape=0.5539
[17:57:15] warmStart (decay=exponential) 84% (979/1160) regret=0.102127 ape=0.5539
[17:57:15] warmStart (decay=exponential) 84% (980/1160) regret=0.102127 ape=0.5539
[17:57:15] warmStart (decay=exponential) 84% (981/1160) regret=0.102127 ape=0.5539
[17:57:16] warmStart (decay=exponential) 84% (982/1160) regret=0.102127 ape=0.5539
[17:57:16] warmStart (decay=exponential) 84% (983/1160) regret=0.102127 ape=0.5539
[17:57:16] warmStart (decay=exponential) 84% (984/1160) regret=0.102127 ape=0.5539
[17:57:16] warmStart (decay=exponential) 84% (985/1160) regret=0.102127 ape=0.5539
[17:57:16] warmStart (decay=exponential) 85% (986/1160) regret=0.102127 ape=0.5539
[17:57:16] warmStart (decay=exponential) 85% (987/1160) regret=0.102127 ape=0.5539
[17:57:17] warmStart (decay=exponential) 85% (988/1160) regret=0.102127 ape=0.5539
[17:57:17] warmStart (decay=exponential) 85% (989/1160) regret=0.102127 ape=0.5539
[17:57:17] warmStart (decay=exponential) 85% (990/1160) regret=0.102127 ape=0.5539
[17:57:17] warmStart (decay=exponential) 85% (991/1160) regret=0.102127 ape=0.5539
[17:57:17] warmStart (decay=exponential) 85% (992/1160) regret=0.102127 ape=0.5539
[17:57:17] warmStart (decay=exponential) 85% (993/1160) regret=0.102127 ape=0.5539
[17:57:18] warmStart (decay=exponential) 85% (994/1160) regret=0.102127 ape=0.5539
[17:57:18] warmStart (decay=exponential) 85% (995/1160) regret=0.102127 ape=0.5539
[17:57:18] warmStart (decay=exponential) 85% (996/1160) regret=0.102127 ape=0.5539
[17:57:18] warmStart (decay=exponential) 85% (997/1160) regret=0.102127 ape=0.5539
[17:57:18] warmStart (decay=exponential) 86% (998/1160) regret=0.102127 ape=0.5539
[17:57:18] warmStart (decay=exponential) 86% (999/1160) regret=0.102127 ape=0.5539
[17:57:18] warmStart (decay=exponential) 86% (1000/1160) regret=0.102127 ape=0.5539
[17:57:19] warmStart (decay=exponential) 86% (1001/1160) regret=0.102127 ape=0.5539
[17:57:19] warmStart (decay=exponential) 86% (1002/1160) regret=0.102127 ape=0.5539
[17:57:19] warmStart (decay=exponential) 86% (1003/1160) regret=0.102127 ape=0.5539
[17:57:19] warmStart (decay=exponential) 86% (1004/1160) regret=0.102127 ape=0.5539
[17:57:19] warmStart (decay=exponential) 86% (1005/1160) regret=0.102127 ape=0.5539
[17:57:19] warmStart (decay=exponential) 86% (1006/1160) regret=0.102127 ape=0.5539
[17:57:20] warmStart (decay=exponential) 86% (1007/1160) regret=0.102127 ape=0.5539
[17:57:20] warmStart (decay=exponential) 86% (1008/1160) regret=0.102127 ape=0.5539
[17:57:20] warmStart (decay=exponential) 86% (1009/1160) regret=0.102127 ape=0.5539
[17:57:20] warmStart (decay=exponential) 87% (1010/1160) regret=0.102127 ape=0.5539
[17:57:20] warmStart (decay=exponential) 87% (1011/1160) regret=0.102127 ape=0.5539
[17:57:20] warmStart (decay=exponential) 87% (1012/1160) regret=0.102127 ape=0.5539
[17:57:21] warmStart (decay=exponential) 87% (1013/1160) regret=0.102127 ape=0.5539
[17:57:21] warmStart (decay=exponential) 87% (1014/1160) regret=0.102127 ape=0.5539
[17:57:21] warmStart (decay=exponential) 87% (1015/1160) regret=0.102127 ape=0.5539
[17:57:21] warmStart (decay=exponential) 87% (1016/1160) regret=0.102127 ape=0.5539
[17:57:21] warmStart (decay=exponential) 87% (1017/1160) regret=0.102127 ape=0.5539
[17:57:21] warmStart (decay=exponential) 87% (1018/1160) regret=0.102127 ape=0.5539
[17:57:21] warmStart (decay=exponential) 87% (1019/1160) regret=0.102127 ape=0.5539
[17:57:22] warmStart (decay=exponential) 87% (1020/1160) regret=0.102127 ape=0.5539
[17:57:22] warmStart (decay=exponential) 88% (1021/1160) regret=0.102127 ape=0.5539
[17:57:22] warmStart (decay=exponential) 88% (1022/1160) regret=0.102127 ape=0.5539
[17:57:22] warmStart (decay=exponential) 88% (1023/1160) regret=0.102127 ape=0.5539
[17:57:22] warmStart (decay=exponential) 88% (1024/1160) regret=0.102127 ape=0.5539
[17:57:22] warmStart (decay=exponential) 88% (1025/1160) regret=0.102127 ape=0.5539
[17:57:23] warmStart (decay=exponential) 88% (1026/1160) regret=0.102127 ape=0.5539
[17:57:23] warmStart (decay=exponential) 88% (1027/1160) regret=0.102127 ape=0.5539
[17:57:23] warmStart (decay=exponential) 88% (1028/1160) regret=0.102127 ape=0.5539
[17:57:23] warmStart (decay=exponential) 88% (1029/1160) regret=0.102127 ape=0.5539
[17:57:23] warmStart (decay=exponential) 88% (1030/1160) regret=0.102127 ape=0.5539
[17:57:23] warmStart (decay=exponential) 88% (1031/1160) regret=0.102127 ape=0.5539
[17:57:23] warmStart (decay=exponential) 88% (1032/1160) regret=0.102127 ape=0.5539
[17:57:24] warmStart (decay=exponential) 89% (1033/1160) regret=0.102127 ape=0.5539
[17:57:24] warmStart (decay=exponential) 89% (1034/1160) regret=0.102127 ape=0.5539
[17:57:24] warmStart (decay=exponential) 89% (1035/1160) regret=0.102127 ape=0.5539
[17:57:24] warmStart (decay=exponential) 89% (1036/1160) regret=0.102127 ape=0.5539
[17:57:24] warmStart (decay=exponential) 89% (1037/1160) regret=0.102127 ape=0.5539
[17:57:24] warmStart (decay=exponential) 89% (1038/1160) regret=0.102127 ape=0.5539
[17:57:25] warmStart (decay=exponential) 89% (1039/1160) regret=0.102127 ape=0.5539
[17:57:25] warmStart (decay=exponential) 89% (1040/1160) regret=0.102127 ape=0.5539
[17:57:25] warmStart (decay=exponential) 89% (1041/1160) regret=0.102127 ape=0.5539
[17:57:25] warmStart (decay=exponential) 89% (1042/1160) regret=0.102127 ape=0.5539
[17:57:25] warmStart (decay=exponential) 89% (1043/1160) regret=0.102127 ape=0.5539
[17:57:25] warmStart (decay=exponential) 90% (1044/1160) regret=0.102127 ape=0.5539
[17:57:25] warmStart (decay=exponential) 90% (1045/1160) regret=0.102127 ape=0.5539
[17:57:26] warmStart (decay=exponential) 90% (1046/1160) regret=0.102127 ape=0.5539
[17:57:26] warmStart (decay=exponential) 90% (1047/1160) regret=0.102127 ape=0.5539
[17:57:26] warmStart (decay=exponential) 90% (1048/1160) regret=0.102127 ape=0.5539
[17:57:26] warmStart (decay=exponential) 90% (1049/1160) regret=0.102127 ape=0.5539
[17:57:26] warmStart (decay=exponential) 90% (1050/1160) regret=0.102127 ape=0.5539
[17:57:26] warmStart (decay=exponential) 90% (1051/1160) regret=0.102127 ape=0.5539
[17:57:27] warmStart (decay=exponential) 90% (1052/1160) regret=0.102127 ape=0.5539
[17:57:27] warmStart (decay=exponential) 90% (1053/1160) regret=0.102127 ape=0.5539
[17:57:27] warmStart (decay=exponential) 90% (1054/1160) regret=0.102127 ape=0.5539
[17:57:27] warmStart (decay=exponential) 90% (1055/1160) regret=0.102127 ape=0.5539
[17:57:27] warmStart (decay=exponential) 91% (1056/1160) regret=0.102127 ape=0.5539
[17:57:27] warmStart (decay=exponential) 91% (1057/1160) regret=0.102127 ape=0.5539
[17:57:28] warmStart (decay=exponential) 91% (1058/1160) regret=0.102127 ape=0.5539
[17:57:28] warmStart (decay=exponential) 91% (1059/1160) regret=0.102127 ape=0.5539
[17:57:28] warmStart (decay=exponential) 91% (1060/1160) regret=0.102127 ape=0.5539
[17:57:28] warmStart (decay=exponential) 91% (1061/1160) regret=0.102127 ape=0.5539
[17:57:28] warmStart (decay=exponential) 91% (1062/1160) regret=0.102127 ape=0.5539
[17:57:28] warmStart (decay=exponential) 91% (1063/1160) regret=0.102127 ape=0.5539
[17:57:28] warmStart (decay=exponential) 91% (1064/1160) regret=0.102127 ape=0.5539
[17:57:29] warmStart (decay=exponential) 91% (1065/1160) regret=0.102127 ape=0.5539
[17:57:29] warmStart (decay=exponential) 91% (1066/1160) regret=0.102127 ape=0.5539
[17:57:29] warmStart (decay=exponential) 91% (1067/1160) regret=0.102127 ape=0.5539
[17:57:29] warmStart (decay=exponential) 92% (1068/1160) regret=0.102127 ape=0.5539
[17:57:29] warmStart (decay=exponential) 92% (1069/1160) regret=0.102127 ape=0.5539
[17:57:29] warmStart (decay=exponential) 92% (1070/1160) regret=0.102127 ape=0.5539
[17:57:30] warmStart (decay=exponential) 92% (1071/1160) regret=0.102127 ape=0.5539
[17:57:30] warmStart (decay=exponential) 92% (1072/1160) regret=0.102127 ape=0.5539
[17:57:30] warmStart (decay=exponential) 92% (1073/1160) regret=0.102127 ape=0.5539
[17:57:30] warmStart (decay=exponential) 92% (1074/1160) regret=0.102127 ape=0.5539
[17:57:30] warmStart (decay=exponential) 92% (1075/1160) regret=0.102127 ape=0.5539
[17:57:30] warmStart (decay=exponential) 92% (1076/1160) regret=0.102127 ape=0.5539
[17:57:31] warmStart (decay=exponential) 92% (1077/1160) regret=0.102127 ape=0.5539
[17:57:31] warmStart (decay=exponential) 92% (1078/1160) regret=0.102127 ape=0.5539
[17:57:31] warmStart (decay=exponential) 93% (1079/1160) regret=0.102127 ape=0.5539
[17:57:31] warmStart (decay=exponential) 93% (1080/1160) regret=0.102127 ape=0.5539
[17:57:31] warmStart (decay=exponential) 93% (1081/1160) regret=0.102127 ape=0.5539
[17:57:31] warmStart (decay=exponential) 93% (1082/1160) regret=0.102127 ape=0.5539
[17:57:32] warmStart (decay=exponential) 93% (1083/1160) regret=0.102127 ape=0.5539
[17:57:32] warmStart (decay=exponential) 93% (1084/1160) regret=0.102127 ape=0.5539
[17:57:32] warmStart (decay=exponential) 93% (1085/1160) regret=0.102127 ape=0.5539
[17:57:32] warmStart (decay=exponential) 93% (1086/1160) regret=0.102127 ape=0.5539
[17:57:32] warmStart (decay=exponential) 93% (1087/1160) regret=0.102127 ape=0.5539
[17:57:32] warmStart (decay=exponential) 93% (1088/1160) regret=0.102127 ape=0.5539
[17:57:32] warmStart (decay=exponential) 93% (1089/1160) regret=0.102127 ape=0.5539
[17:57:33] warmStart (decay=exponential) 93% (1090/1160) regret=0.102127 ape=0.5539
[17:57:33] warmStart (decay=exponential) 94% (1091/1160) regret=0.102127 ape=0.5539
[17:57:33] warmStart (decay=exponential) 94% (1092/1160) regret=0.102127 ape=0.5539
[17:57:33] warmStart (decay=exponential) 94% (1093/1160) regret=0.102127 ape=0.5539
[17:57:33] warmStart (decay=exponential) 94% (1094/1160) regret=0.102127 ape=0.5539
[17:57:33] warmStart (decay=exponential) 94% (1095/1160) regret=0.102127 ape=0.5539
[17:57:34] warmStart (decay=exponential) 94% (1096/1160) regret=0.102127 ape=0.5539
[17:57:34] warmStart (decay=exponential) 94% (1097/1160) regret=0.102127 ape=0.5539
[17:57:34] warmStart (decay=exponential) 94% (1098/1160) regret=0.102127 ape=0.5539
[17:57:34] warmStart (decay=exponential) 94% (1099/1160) regret=0.102127 ape=0.5539
[17:57:34] warmStart (decay=exponential) 94% (1100/1160) regret=0.102127 ape=0.5539
[17:57:35] warmStart (decay=exponential) 94% (1101/1160) regret=0.102127 ape=0.5539
[17:57:35] warmStart (decay=exponential) 95% (1102/1160) regret=0.102127 ape=0.5539
[17:57:35] warmStart (decay=exponential) 95% (1103/1160) regret=0.102127 ape=0.5539
[17:57:35] warmStart (decay=exponential) 95% (1104/1160) regret=0.102127 ape=0.5539
[17:57:35] warmStart (decay=exponential) 95% (1105/1160) regret=0.102127 ape=0.5539
[17:57:35] warmStart (decay=exponential) 95% (1106/1160) regret=0.102127 ape=0.5539
[17:57:35] warmStart (decay=exponential) 95% (1107/1160) regret=0.102182 ape=0.5548
[17:57:36] warmStart (decay=exponential) 95% (1108/1160) regret=0.102182 ape=0.5548
[17:57:36] warmStart (decay=exponential) 95% (1109/1160) regret=0.102182 ape=0.5548
[17:57:36] warmStart (decay=exponential) 95% (1110/1160) regret=0.102182 ape=0.5548
[17:57:36] warmStart (decay=exponential) 95% (1111/1160) regret=0.102182 ape=0.5548
[17:57:36] warmStart (decay=exponential) 95% (1112/1160) regret=0.102182 ape=0.5548
[17:57:36] warmStart (decay=exponential) 95% (1113/1160) regret=0.102182 ape=0.5548
[17:57:37] warmStart (decay=exponential) 96% (1114/1160) regret=0.102127 ape=0.5539
[17:57:37] warmStart (decay=exponential) 96% (1115/1160) regret=0.102182 ape=0.5548
[17:57:37] warmStart (decay=exponential) 96% (1116/1160) regret=0.102209 ape=0.5548
[17:57:37] warmStart (decay=exponential) 96% (1117/1160) regret=0.102209 ape=0.5548
[17:57:37] warmStart (decay=exponential) 96% (1118/1160) regret=0.102209 ape=0.5548
[17:57:37] warmStart (decay=exponential) 96% (1119/1160) regret=0.102209 ape=0.5548
[17:57:38] warmStart (decay=exponential) 96% (1120/1160) regret=0.102209 ape=0.5548
[17:57:38] warmStart (decay=exponential) 96% (1121/1160) regret=0.102209 ape=0.5548
[17:57:38] warmStart (decay=exponential) 96% (1122/1160) regret=0.102209 ape=0.5548
[17:57:38] warmStart (decay=exponential) 96% (1123/1160) regret=0.102209 ape=0.5548
[17:57:38] warmStart (decay=exponential) 96% (1124/1160) regret=0.102191 ape=0.5548
[17:57:38] warmStart (decay=exponential) 96% (1125/1160) regret=0.102191 ape=0.5548
[17:57:39] warmStart (decay=exponential) 97% (1126/1160) regret=0.102191 ape=0.5548
[17:57:39] warmStart (decay=exponential) 97% (1127/1160) regret=0.102191 ape=0.5548
[17:57:39] warmStart (decay=exponential) 97% (1128/1160) regret=0.102191 ape=0.5548
[17:57:39] warmStart (decay=exponential) 97% (1129/1160) regret=0.102191 ape=0.5548
[17:57:39] warmStart (decay=exponential) 97% (1130/1160) regret=0.102191 ape=0.5548
[17:57:39] warmStart (decay=exponential) 97% (1131/1160) regret=0.102191 ape=0.5548
[17:57:40] warmStart (decay=exponential) 97% (1132/1160) regret=0.102191 ape=0.5548
[17:57:40] warmStart (decay=exponential) 97% (1133/1160) regret=0.102191 ape=0.5548
[17:57:40] warmStart (decay=exponential) 97% (1134/1160) regret=0.102080 ape=0.5539
[17:57:40] warmStart (decay=exponential) 97% (1135/1160) regret=0.102080 ape=0.5539
[17:57:40] warmStart (decay=exponential) 97% (1136/1160) regret=0.102080 ape=0.5539
[17:57:40] warmStart (decay=exponential) 98% (1137/1160) regret=0.102080 ape=0.5539
[17:57:41] warmStart (decay=exponential) 98% (1138/1160) regret=0.102080 ape=0.5539
[17:57:41] warmStart (decay=exponential) 98% (1139/1160) regret=0.102080 ape=0.5539
[17:57:41] warmStart (decay=exponential) 98% (1140/1160) regret=0.101647 ape=0.5530
[17:57:41] warmStart (decay=exponential) 98% (1141/1160) regret=0.101647 ape=0.5530
[17:57:41] warmStart (decay=exponential) 98% (1142/1160) regret=0.101647 ape=0.5530
[17:57:41] warmStart (decay=exponential) 98% (1143/1160) regret=0.101766 ape=0.5530
[17:57:42] warmStart (decay=exponential) 98% (1144/1160) regret=0.101766 ape=0.5530
[17:57:42] warmStart (decay=exponential) 98% (1145/1160) regret=0.101706 ape=0.5530
[17:57:42] warmStart (decay=exponential) 98% (1146/1160) regret=0.101706 ape=0.5530
[17:57:42] warmStart (decay=exponential) 98% (1147/1160) regret=0.101706 ape=0.5530
[17:57:42] warmStart (decay=exponential) 98% (1148/1160) regret=0.101706 ape=0.5530
[17:57:42] warmStart (decay=exponential) 99% (1149/1160) regret=0.101706 ape=0.5530
[17:57:43] warmStart (decay=exponential) 99% (1150/1160) regret=0.101706 ape=0.5530
[17:57:43] warmStart (decay=exponential) 99% (1151/1160) regret=0.101706 ape=0.5530
[17:57:43] warmStart (decay=exponential) 99% (1152/1160) regret=0.101706 ape=0.5530
[17:57:43] warmStart (decay=exponential) 99% (1153/1160) regret=0.101706 ape=0.5530
[17:57:43] warmStart (decay=exponential) 99% (1154/1160) regret=0.101706 ape=0.5530
[17:57:43] warmStart (decay=exponential) 99% (1155/1160) regret=0.101647 ape=0.5530
[17:57:44] warmStart (decay=exponential) 99% (1156/1160) regret=0.101647 ape=0.5530
[17:57:44] warmStart (decay=exponential) 99% (1157/1160) regret=0.101647 ape=0.5530
[17:57:44] warmStart (decay=exponential) 99% (1158/1160) regret=0.101647 ape=0.5530
[17:57:44] warmStart (decay=exponential) 99% (1159/1160) regret=0.101647 ape=0.5530
Warm w=200 finished: 1159 points, 204.17s wall time
  Final: regret=0.101647, ape=0.5530

Saved: /home/users/g/s/gsavary/LudiiMCTSVariations/slurm_sweep_full_dataset/output_decay/warm_200_decay_exponential_0_20/seed_3/sweep_decay_warm_200_exponential_0.2_3_20260426_175744.json

Generating plots...
Saved: /home/users/g/s/gsavary/LudiiMCTSVariations/slurm_sweep_full_dataset/output_decay/warm_200_decay_exponential_0_20/seed_3/sweep_decay_warm_200_exponential_0.2_3_20260426_175744_regret.png
Saved: /home/users/g/s/gsavary/LudiiMCTSVariations/slurm_sweep_full_dataset/output_decay/warm_200_decay_exponential_0_20/seed_3/sweep_decay_warm_200_exponential_0.2_3_20260426_175744_ape.png

================================================================================
Experiment complete!
================================================================================
Done. Results in: /home/users/g/s/gsavary/LudiiMCTSVariations/slurm_sweep_full_dataset/output_decay/warm_200_decay_exponential_0_20/seed_3
