============================================================
Decay sweep experiment
Method:      warm:50
Decay mode:  exponential
Decay param: 0.075
Seed:        0
Output:      /home/users/g/s/gsavary/LudiiMCTSVariations/slurm_sweep_full_dataset/output_decay/warm_50_decay_exponential_0_075/seed_0
============================================================

================================================================================
SLURM Sweep Experiment with Synthetic Data Decay
================================================================================
Method: warm:50
Decay: exponential (param=0.075)
Time limit: 3600.0s, Seed: 0, Batch size: 20
Output directory: /home/users/g/s/gsavary/LudiiMCTSVariations/slurm_sweep_full_dataset/output_decay/warm_50_decay_exponential_0_075/seed_0

Loading Ludii dataset...
Loaded 1085 games
Using 1085 games (full dataset)

Running timing probe (100 pulls)...
  Estimated secs/pull: 0.023550

Time budget: 3600.0s → ~152867 total pulls
Per-method budget: 21838 pulls (~514.3s)

Computing predictor-only performance...
  Predictions loaded: 23675 agent predictions
  Predictor-only: regret=0.104318, ape=0.4894

Running WARM-START (w=50, decay=exponential param=0.075)...
[17:42:51] warmStart (decay=exponential) 0% (1/1092) regret=0.105942 ape=0.5972
[17:42:51] warmStart (decay=exponential) 0% (2/1092) regret=0.105942 ape=0.5972
[17:42:52] warmStart (decay=exponential) 0% (3/1092) regret=0.105942 ape=0.5972
[17:42:52] warmStart (decay=exponential) 0% (4/1092) regret=0.105942 ape=0.5972
[17:42:52] warmStart (decay=exponential) 0% (5/1092) regret=0.105942 ape=0.5972
[17:42:52] warmStart (decay=exponential) 0% (6/1092) regret=0.105864 ape=0.5963
[17:42:52] warmStart (decay=exponential) 0% (7/1092) regret=0.105864 ape=0.5963
[17:42:53] warmStart (decay=exponential) 0% (8/1092) regret=0.105858 ape=0.5963
[17:42:53] warmStart (decay=exponential) 0% (9/1092) regret=0.105864 ape=0.5963
[17:42:53] warmStart (decay=exponential) 0% (10/1092) regret=0.105864 ape=0.5963
[17:42:53] warmStart (decay=exponential) 1% (11/1092) regret=0.105858 ape=0.5963
[17:42:53] warmStart (decay=exponential) 1% (12/1092) regret=0.105858 ape=0.5963
[17:42:54] warmStart (decay=exponential) 1% (13/1092) regret=0.105858 ape=0.5963
[17:42:54] warmStart (decay=exponential) 1% (14/1092) regret=0.105858 ape=0.5963
[17:42:54] warmStart (decay=exponential) 1% (15/1092) regret=0.105858 ape=0.5963
[17:42:54] warmStart (decay=exponential) 1% (16/1092) regret=0.105858 ape=0.5963
[17:42:55] warmStart (decay=exponential) 1% (17/1092) regret=0.105858 ape=0.5963
[17:42:55] warmStart (decay=exponential) 1% (18/1092) regret=0.105858 ape=0.5963
[17:42:55] warmStart (decay=exponential) 1% (19/1092) regret=0.105858 ape=0.5963
[17:42:55] warmStart (decay=exponential) 1% (20/1092) regret=0.105858 ape=0.5963
[17:42:55] warmStart (decay=exponential) 1% (21/1092) regret=0.105858 ape=0.5963
[17:42:56] warmStart (decay=exponential) 2% (22/1092) regret=0.105858 ape=0.5963
[17:42:56] warmStart (decay=exponential) 2% (23/1092) regret=0.105858 ape=0.5963
[17:42:56] warmStart (decay=exponential) 2% (24/1092) regret=0.105858 ape=0.5963
[17:42:56] warmStart (decay=exponential) 2% (25/1092) regret=0.105858 ape=0.5963
[17:42:57] warmStart (decay=exponential) 2% (26/1092) regret=0.105858 ape=0.5963
[17:42:57] warmStart (decay=exponential) 2% (27/1092) regret=0.105858 ape=0.5963
[17:42:57] warmStart (decay=exponential) 2% (28/1092) regret=0.105858 ape=0.5963
[17:42:57] warmStart (decay=exponential) 2% (29/1092) regret=0.105858 ape=0.5963
[17:42:57] warmStart (decay=exponential) 2% (30/1092) regret=0.105858 ape=0.5963
[17:42:58] warmStart (decay=exponential) 2% (31/1092) regret=0.105858 ape=0.5963
[17:42:58] warmStart (decay=exponential) 2% (32/1092) regret=0.105858 ape=0.5963
[17:42:58] warmStart (decay=exponential) 3% (33/1092) regret=0.105858 ape=0.5963
[17:42:58] warmStart (decay=exponential) 3% (34/1092) regret=0.105858 ape=0.5963
[17:42:59] warmStart (decay=exponential) 3% (35/1092) regret=0.105858 ape=0.5963
[17:42:59] warmStart (decay=exponential) 3% (36/1092) regret=0.105858 ape=0.5963
[17:42:59] warmStart (decay=exponential) 3% (37/1092) regret=0.105858 ape=0.5963
[17:42:59] warmStart (decay=exponential) 3% (38/1092) regret=0.105858 ape=0.5963
[17:42:59] warmStart (decay=exponential) 3% (39/1092) regret=0.105858 ape=0.5963
[17:43:00] warmStart (decay=exponential) 3% (40/1092) regret=0.105858 ape=0.5963
[17:43:00] warmStart (decay=exponential) 3% (41/1092) regret=0.105858 ape=0.5963
[17:43:00] warmStart (decay=exponential) 3% (42/1092) regret=0.105858 ape=0.5963
[17:43:00] warmStart (decay=exponential) 3% (43/1092) regret=0.105858 ape=0.5963
[17:43:01] warmStart (decay=exponential) 4% (44/1092) regret=0.105858 ape=0.5963
[17:43:01] warmStart (decay=exponential) 4% (45/1092) regret=0.105858 ape=0.5963
[17:43:01] warmStart (decay=exponential) 4% (46/1092) regret=0.105858 ape=0.5963
[17:43:01] warmStart (decay=exponential) 4% (47/1092) regret=0.105858 ape=0.5963
[17:43:01] warmStart (decay=exponential) 4% (48/1092) regret=0.105858 ape=0.5963
[17:43:02] warmStart (decay=exponential) 4% (49/1092) regret=0.105858 ape=0.5963
[17:43:02] warmStart (decay=exponential) 4% (50/1092) regret=0.105858 ape=0.5963
[17:43:02] warmStart (decay=exponential) 4% (51/1092) regret=0.105858 ape=0.5963
[17:43:02] warmStart (decay=exponential) 4% (52/1092) regret=0.105858 ape=0.5963
[17:43:03] warmStart (decay=exponential) 4% (53/1092) regret=0.105858 ape=0.5963
[17:43:03] warmStart (decay=exponential) 4% (54/1092) regret=0.105858 ape=0.5963
[17:43:03] warmStart (decay=exponential) 5% (55/1092) regret=0.105858 ape=0.5963
[17:43:03] warmStart (decay=exponential) 5% (56/1092) regret=0.105858 ape=0.5963
[17:43:03] warmStart (decay=exponential) 5% (57/1092) regret=0.105858 ape=0.5963
[17:43:04] warmStart (decay=exponential) 5% (58/1092) regret=0.105858 ape=0.5963
[17:43:04] warmStart (decay=exponential) 5% (59/1092) regret=0.105858 ape=0.5963
[17:43:04] warmStart (decay=exponential) 5% (60/1092) regret=0.105858 ape=0.5963
[17:43:04] warmStart (decay=exponential) 5% (61/1092) regret=0.105858 ape=0.5963
[17:43:05] warmStart (decay=exponential) 5% (62/1092) regret=0.105858 ape=0.5963
[17:43:05] warmStart (decay=exponential) 5% (63/1092) regret=0.105858 ape=0.5963
[17:43:05] warmStart (decay=exponential) 5% (64/1092) regret=0.105858 ape=0.5963
[17:43:05] warmStart (decay=exponential) 5% (65/1092) regret=0.105858 ape=0.5963
[17:43:06] warmStart (decay=exponential) 6% (66/1092) regret=0.105858 ape=0.5963
[17:43:06] warmStart (decay=exponential) 6% (67/1092) regret=0.105858 ape=0.5963
[17:43:06] warmStart (decay=exponential) 6% (68/1092) regret=0.105858 ape=0.5963
[17:43:06] warmStart (decay=exponential) 6% (69/1092) regret=0.105858 ape=0.5963
[17:43:06] warmStart (decay=exponential) 6% (70/1092) regret=0.105858 ape=0.5963
[17:43:07] warmStart (decay=exponential) 6% (71/1092) regret=0.105858 ape=0.5963
[17:43:07] warmStart (decay=exponential) 6% (72/1092) regret=0.105858 ape=0.5963
[17:43:07] warmStart (decay=exponential) 6% (73/1092) regret=0.105858 ape=0.5963
[17:43:07] warmStart (decay=exponential) 6% (74/1092) regret=0.105858 ape=0.5963
[17:43:08] warmStart (decay=exponential) 6% (75/1092) regret=0.105858 ape=0.5963
[17:43:08] warmStart (decay=exponential) 6% (76/1092) regret=0.105858 ape=0.5963
[17:43:08] warmStart (decay=exponential) 7% (77/1092) regret=0.105858 ape=0.5963
[17:43:08] warmStart (decay=exponential) 7% (78/1092) regret=0.105858 ape=0.5963
[17:43:08] warmStart (decay=exponential) 7% (79/1092) regret=0.105858 ape=0.5963
[17:43:09] warmStart (decay=exponential) 7% (80/1092) regret=0.105858 ape=0.5963
[17:43:09] warmStart (decay=exponential) 7% (81/1092) regret=0.105858 ape=0.5963
[17:43:09] warmStart (decay=exponential) 7% (82/1092) regret=0.105858 ape=0.5963
[17:43:09] warmStart (decay=exponential) 7% (83/1092) regret=0.105858 ape=0.5963
[17:43:09] warmStart (decay=exponential) 7% (84/1092) regret=0.105858 ape=0.5963
[17:43:10] warmStart (decay=exponential) 7% (85/1092) regret=0.105866 ape=0.5963
[17:43:10] warmStart (decay=exponential) 7% (86/1092) regret=0.105866 ape=0.5963
[17:43:10] warmStart (decay=exponential) 7% (87/1092) regret=0.105866 ape=0.5963
[17:43:10] warmStart (decay=exponential) 8% (88/1092) regret=0.105866 ape=0.5963
[17:43:10] warmStart (decay=exponential) 8% (89/1092) regret=0.105866 ape=0.5963
[17:43:11] warmStart (decay=exponential) 8% (90/1092) regret=0.105866 ape=0.5963
[17:43:11] warmStart (decay=exponential) 8% (91/1092) regret=0.105866 ape=0.5963
[17:43:11] warmStart (decay=exponential) 8% (92/1092) regret=0.105866 ape=0.5963
[17:43:11] warmStart (decay=exponential) 8% (93/1092) regret=0.105866 ape=0.5963
[17:43:11] warmStart (decay=exponential) 8% (94/1092) regret=0.105866 ape=0.5963
[17:43:12] warmStart (decay=exponential) 8% (95/1092) regret=0.105866 ape=0.5963
[17:43:12] warmStart (decay=exponential) 8% (96/1092) regret=0.105866 ape=0.5963
[17:43:12] warmStart (decay=exponential) 8% (97/1092) regret=0.105866 ape=0.5963
[17:43:12] warmStart (decay=exponential) 8% (98/1092) regret=0.105866 ape=0.5963
[17:43:12] warmStart (decay=exponential) 9% (99/1092) regret=0.105858 ape=0.5963
[17:43:13] warmStart (decay=exponential) 9% (100/1092) regret=0.105858 ape=0.5963
[17:43:13] warmStart (decay=exponential) 9% (101/1092) regret=0.105858 ape=0.5963
[17:43:13] warmStart (decay=exponential) 9% (102/1092) regret=0.105858 ape=0.5963
[17:43:13] warmStart (decay=exponential) 9% (103/1092) regret=0.105858 ape=0.5963
[17:43:13] warmStart (decay=exponential) 9% (104/1092) regret=0.105858 ape=0.5963
[17:43:14] warmStart (decay=exponential) 9% (105/1092) regret=0.105858 ape=0.5963
[17:43:14] warmStart (decay=exponential) 9% (106/1092) regret=0.105858 ape=0.5963
[17:43:14] warmStart (decay=exponential) 9% (107/1092) regret=0.105858 ape=0.5963
[17:43:14] warmStart (decay=exponential) 9% (108/1092) regret=0.105858 ape=0.5963
[17:43:14] warmStart (decay=exponential) 9% (109/1092) regret=0.105858 ape=0.5963
[17:43:15] warmStart (decay=exponential) 10% (110/1092) regret=0.105858 ape=0.5963
[17:43:15] warmStart (decay=exponential) 10% (111/1092) regret=0.105858 ape=0.5963
[17:43:15] warmStart (decay=exponential) 10% (112/1092) regret=0.105858 ape=0.5963
[17:43:15] warmStart (decay=exponential) 10% (113/1092) regret=0.105858 ape=0.5963
[17:43:15] warmStart (decay=exponential) 10% (114/1092) regret=0.105858 ape=0.5963
[17:43:16] warmStart (decay=exponential) 10% (115/1092) regret=0.105858 ape=0.5963
[17:43:16] warmStart (decay=exponential) 10% (116/1092) regret=0.105858 ape=0.5963
[17:43:16] warmStart (decay=exponential) 10% (117/1092) regret=0.105858 ape=0.5963
[17:43:16] warmStart (decay=exponential) 10% (118/1092) regret=0.105858 ape=0.5963
[17:43:16] warmStart (decay=exponential) 10% (119/1092) regret=0.105858 ape=0.5963
[17:43:17] warmStart (decay=exponential) 10% (120/1092) regret=0.105858 ape=0.5963
[17:43:17] warmStart (decay=exponential) 11% (121/1092) regret=0.105858 ape=0.5963
[17:43:17] warmStart (decay=exponential) 11% (122/1092) regret=0.105858 ape=0.5963
[17:43:17] warmStart (decay=exponential) 11% (123/1092) regret=0.105858 ape=0.5963
[17:43:17] warmStart (decay=exponential) 11% (124/1092) regret=0.105858 ape=0.5963
[17:43:18] warmStart (decay=exponential) 11% (125/1092) regret=0.105858 ape=0.5963
[17:43:18] warmStart (decay=exponential) 11% (126/1092) regret=0.105858 ape=0.5963
[17:43:18] warmStart (decay=exponential) 11% (127/1092) regret=0.105858 ape=0.5963
[17:43:18] warmStart (decay=exponential) 11% (128/1092) regret=0.105858 ape=0.5963
[17:43:18] warmStart (decay=exponential) 11% (129/1092) regret=0.105858 ape=0.5963
[17:43:19] warmStart (decay=exponential) 11% (130/1092) regret=0.105858 ape=0.5963
[17:43:19] warmStart (decay=exponential) 11% (131/1092) regret=0.105858 ape=0.5963
[17:43:19] warmStart (decay=exponential) 12% (132/1092) regret=0.105858 ape=0.5963
[17:43:19] warmStart (decay=exponential) 12% (133/1092) regret=0.105858 ape=0.5963
[17:43:19] warmStart (decay=exponential) 12% (134/1092) regret=0.105858 ape=0.5963
[17:43:20] warmStart (decay=exponential) 12% (135/1092) regret=0.105858 ape=0.5963
[17:43:20] warmStart (decay=exponential) 12% (136/1092) regret=0.105858 ape=0.5963
[17:43:20] warmStart (decay=exponential) 12% (137/1092) regret=0.105858 ape=0.5963
[17:43:20] warmStart (decay=exponential) 12% (138/1092) regret=0.105858 ape=0.5963
[17:43:20] warmStart (decay=exponential) 12% (139/1092) regret=0.105858 ape=0.5963
[17:43:21] warmStart (decay=exponential) 12% (140/1092) regret=0.105858 ape=0.5963
[17:43:21] warmStart (decay=exponential) 12% (141/1092) regret=0.105858 ape=0.5963
[17:43:21] warmStart (decay=exponential) 13% (142/1092) regret=0.105858 ape=0.5963
[17:43:21] warmStart (decay=exponential) 13% (143/1092) regret=0.105858 ape=0.5963
[17:43:21] warmStart (decay=exponential) 13% (144/1092) regret=0.105858 ape=0.5963
[17:43:22] warmStart (decay=exponential) 13% (145/1092) regret=0.105858 ape=0.5963
[17:43:22] warmStart (decay=exponential) 13% (146/1092) regret=0.105858 ape=0.5963
[17:43:22] warmStart (decay=exponential) 13% (147/1092) regret=0.105858 ape=0.5963
[17:43:22] warmStart (decay=exponential) 13% (148/1092) regret=0.105858 ape=0.5963
[17:43:22] warmStart (decay=exponential) 13% (149/1092) regret=0.105858 ape=0.5963
[17:43:23] warmStart (decay=exponential) 13% (150/1092) regret=0.105858 ape=0.5963
[17:43:23] warmStart (decay=exponential) 13% (151/1092) regret=0.105858 ape=0.5963
[17:43:23] warmStart (decay=exponential) 13% (152/1092) regret=0.105858 ape=0.5963
[17:43:23] warmStart (decay=exponential) 14% (153/1092) regret=0.105858 ape=0.5963
[17:43:23] warmStart (decay=exponential) 14% (154/1092) regret=0.105858 ape=0.5963
[17:43:24] warmStart (decay=exponential) 14% (155/1092) regret=0.105858 ape=0.5963
[17:43:24] warmStart (decay=exponential) 14% (156/1092) regret=0.105858 ape=0.5963
[17:43:24] warmStart (decay=exponential) 14% (157/1092) regret=0.105858 ape=0.5963
[17:43:24] warmStart (decay=exponential) 14% (158/1092) regret=0.105858 ape=0.5963
[17:43:24] warmStart (decay=exponential) 14% (159/1092) regret=0.105858 ape=0.5963
[17:43:25] warmStart (decay=exponential) 14% (160/1092) regret=0.105858 ape=0.5963
[17:43:25] warmStart (decay=exponential) 14% (161/1092) regret=0.105858 ape=0.5963
[17:43:25] warmStart (decay=exponential) 14% (162/1092) regret=0.105858 ape=0.5963
[17:43:25] warmStart (decay=exponential) 14% (163/1092) regret=0.105858 ape=0.5963
[17:43:25] warmStart (decay=exponential) 15% (164/1092) regret=0.105858 ape=0.5963
[17:43:26] warmStart (decay=exponential) 15% (165/1092) regret=0.105858 ape=0.5963
[17:43:26] warmStart (decay=exponential) 15% (166/1092) regret=0.105858 ape=0.5963
[17:43:26] warmStart (decay=exponential) 15% (167/1092) regret=0.106531 ape=0.5972
[17:43:26] warmStart (decay=exponential) 15% (168/1092) regret=0.105895 ape=0.5972
[17:43:26] warmStart (decay=exponential) 15% (169/1092) regret=0.105895 ape=0.5972
[17:43:27] warmStart (decay=exponential) 15% (170/1092) regret=0.105886 ape=0.5972
[17:43:27] warmStart (decay=exponential) 15% (171/1092) regret=0.105900 ape=0.5972
[17:43:27] warmStart (decay=exponential) 15% (172/1092) regret=0.105886 ape=0.5972
[17:43:27] warmStart (decay=exponential) 15% (173/1092) regret=0.105909 ape=0.5972
[17:43:27] warmStart (decay=exponential) 15% (174/1092) regret=0.105896 ape=0.5972
[17:43:28] warmStart (decay=exponential) 16% (175/1092) regret=0.105896 ape=0.5972
[17:43:28] warmStart (decay=exponential) 16% (176/1092) regret=0.105896 ape=0.5972
[17:43:28] warmStart (decay=exponential) 16% (177/1092) regret=0.105886 ape=0.5972
[17:43:28] warmStart (decay=exponential) 16% (178/1092) regret=0.105896 ape=0.5972
[17:43:28] warmStart (decay=exponential) 16% (179/1092) regret=0.105896 ape=0.5972
[17:43:29] warmStart (decay=exponential) 16% (180/1092) regret=0.105896 ape=0.5972
[17:43:29] warmStart (decay=exponential) 16% (181/1092) regret=0.105896 ape=0.5972
[17:43:29] warmStart (decay=exponential) 16% (182/1092) regret=0.105858 ape=0.5963
[17:43:29] warmStart (decay=exponential) 16% (183/1092) regret=0.105858 ape=0.5963
[17:43:29] warmStart (decay=exponential) 16% (184/1092) regret=0.105858 ape=0.5963
[17:43:30] warmStart (decay=exponential) 16% (185/1092) regret=0.105858 ape=0.5963
[17:43:30] warmStart (decay=exponential) 17% (186/1092) regret=0.105858 ape=0.5963
[17:43:30] warmStart (decay=exponential) 17% (187/1092) regret=0.105858 ape=0.5963
[17:43:30] warmStart (decay=exponential) 17% (188/1092) regret=0.105858 ape=0.5963
[17:43:30] warmStart (decay=exponential) 17% (189/1092) regret=0.105858 ape=0.5963
[17:43:31] warmStart (decay=exponential) 17% (190/1092) regret=0.105858 ape=0.5963
[17:43:31] warmStart (decay=exponential) 17% (191/1092) regret=0.105858 ape=0.5963
[17:43:31] warmStart (decay=exponential) 17% (192/1092) regret=0.105858 ape=0.5963
[17:43:31] warmStart (decay=exponential) 17% (193/1092) regret=0.106305 ape=0.5972
[17:43:31] warmStart (decay=exponential) 17% (194/1092) regret=0.106305 ape=0.5972
[17:43:32] warmStart (decay=exponential) 17% (195/1092) regret=0.105858 ape=0.5963
[17:43:32] warmStart (decay=exponential) 17% (196/1092) regret=0.105858 ape=0.5963
[17:43:32] warmStart (decay=exponential) 18% (197/1092) regret=0.106019 ape=0.5972
[17:43:32] warmStart (decay=exponential) 18% (198/1092) regret=0.106019 ape=0.5972
[17:43:32] warmStart (decay=exponential) 18% (199/1092) regret=0.105858 ape=0.5963
[17:43:33] warmStart (decay=exponential) 18% (200/1092) regret=0.105858 ape=0.5963
[17:43:33] warmStart (decay=exponential) 18% (201/1092) regret=0.105858 ape=0.5963
[17:43:33] warmStart (decay=exponential) 18% (202/1092) regret=0.105858 ape=0.5963
[17:43:33] warmStart (decay=exponential) 18% (203/1092) regret=0.105858 ape=0.5963
[17:43:34] warmStart (decay=exponential) 18% (204/1092) regret=0.105858 ape=0.5963
[17:43:34] warmStart (decay=exponential) 18% (205/1092) regret=0.105858 ape=0.5963
[17:43:34] warmStart (decay=exponential) 18% (206/1092) regret=0.105858 ape=0.5963
[17:43:34] warmStart (decay=exponential) 18% (207/1092) regret=0.105858 ape=0.5963
[17:43:34] warmStart (decay=exponential) 19% (208/1092) regret=0.105858 ape=0.5963
[17:43:34] warmStart (decay=exponential) 19% (209/1092) regret=0.105858 ape=0.5963
[17:43:35] warmStart (decay=exponential) 19% (210/1092) regret=0.105858 ape=0.5963
[17:43:35] warmStart (decay=exponential) 19% (211/1092) regret=0.105858 ape=0.5963
[17:43:35] warmStart (decay=exponential) 19% (212/1092) regret=0.105858 ape=0.5963
[17:43:35] warmStart (decay=exponential) 19% (213/1092) regret=0.105858 ape=0.5963
[17:43:35] warmStart (decay=exponential) 19% (214/1092) regret=0.105858 ape=0.5963
[17:43:36] warmStart (decay=exponential) 19% (215/1092) regret=0.105858 ape=0.5963
[17:43:36] warmStart (decay=exponential) 19% (216/1092) regret=0.105858 ape=0.5963
[17:43:36] warmStart (decay=exponential) 19% (217/1092) regret=0.105858 ape=0.5963
[17:43:36] warmStart (decay=exponential) 19% (218/1092) regret=0.105858 ape=0.5963
[17:43:36] warmStart (decay=exponential) 20% (219/1092) regret=0.105858 ape=0.5963
[17:43:37] warmStart (decay=exponential) 20% (220/1092) regret=0.105858 ape=0.5963
[17:43:37] warmStart (decay=exponential) 20% (221/1092) regret=0.105858 ape=0.5963
[17:43:37] warmStart (decay=exponential) 20% (222/1092) regret=0.105858 ape=0.5963
[17:43:37] warmStart (decay=exponential) 20% (223/1092) regret=0.105858 ape=0.5963
[17:43:37] warmStart (decay=exponential) 20% (224/1092) regret=0.105858 ape=0.5963
[17:43:38] warmStart (decay=exponential) 20% (225/1092) regret=0.105858 ape=0.5963
[17:43:38] warmStart (decay=exponential) 20% (226/1092) regret=0.105858 ape=0.5963
[17:43:38] warmStart (decay=exponential) 20% (227/1092) regret=0.105858 ape=0.5963
[17:43:38] warmStart (decay=exponential) 20% (228/1092) regret=0.105858 ape=0.5963
[17:43:38] warmStart (decay=exponential) 20% (229/1092) regret=0.105858 ape=0.5963
[17:43:39] warmStart (decay=exponential) 21% (230/1092) regret=0.105858 ape=0.5963
[17:43:39] warmStart (decay=exponential) 21% (231/1092) regret=0.105858 ape=0.5963
[17:43:39] warmStart (decay=exponential) 21% (232/1092) regret=0.105858 ape=0.5963
[17:43:39] warmStart (decay=exponential) 21% (233/1092) regret=0.105858 ape=0.5963
[17:43:39] warmStart (decay=exponential) 21% (234/1092) regret=0.105858 ape=0.5963
[17:43:40] warmStart (decay=exponential) 21% (235/1092) regret=0.105858 ape=0.5963
[17:43:40] warmStart (decay=exponential) 21% (236/1092) regret=0.105858 ape=0.5963
[17:43:40] warmStart (decay=exponential) 21% (237/1092) regret=0.105858 ape=0.5963
[17:43:40] warmStart (decay=exponential) 21% (238/1092) regret=0.105858 ape=0.5963
[17:43:40] warmStart (decay=exponential) 21% (239/1092) regret=0.105858 ape=0.5963
[17:43:40] warmStart (decay=exponential) 21% (240/1092) regret=0.105858 ape=0.5963
[17:43:40] warmStart (decay=exponential) 22% (241/1092) regret=0.105858 ape=0.5963
[17:43:41] warmStart (decay=exponential) 22% (242/1092) regret=0.105858 ape=0.5963
[17:43:41] warmStart (decay=exponential) 22% (243/1092) regret=0.105858 ape=0.5963
[17:43:41] warmStart (decay=exponential) 22% (244/1092) regret=0.105858 ape=0.5963
[17:43:41] warmStart (decay=exponential) 22% (245/1092) regret=0.105858 ape=0.5963
[17:43:41] warmStart (decay=exponential) 22% (246/1092) regret=0.105858 ape=0.5963
[17:43:41] warmStart (decay=exponential) 22% (247/1092) regret=0.105858 ape=0.5963
[17:43:42] warmStart (decay=exponential) 22% (248/1092) regret=0.105858 ape=0.5963
[17:43:42] warmStart (decay=exponential) 22% (249/1092) regret=0.105858 ape=0.5963
[17:43:42] warmStart (decay=exponential) 22% (250/1092) regret=0.105858 ape=0.5963
[17:43:42] warmStart (decay=exponential) 22% (251/1092) regret=0.105858 ape=0.5963
[17:43:42] warmStart (decay=exponential) 23% (252/1092) regret=0.105858 ape=0.5963
[17:43:42] warmStart (decay=exponential) 23% (253/1092) regret=0.105858 ape=0.5963
[17:43:42] warmStart (decay=exponential) 23% (254/1092) regret=0.105858 ape=0.5963
[17:43:43] warmStart (decay=exponential) 23% (255/1092) regret=0.105858 ape=0.5963
[17:43:43] warmStart (decay=exponential) 23% (256/1092) regret=0.105858 ape=0.5963
[17:43:43] warmStart (decay=exponential) 23% (257/1092) regret=0.105858 ape=0.5963
[17:43:43] warmStart (decay=exponential) 23% (258/1092) regret=0.105858 ape=0.5963
[17:43:43] warmStart (decay=exponential) 23% (259/1092) regret=0.105858 ape=0.5963
[17:43:43] warmStart (decay=exponential) 23% (260/1092) regret=0.105858 ape=0.5963
[17:43:43] warmStart (decay=exponential) 23% (261/1092) regret=0.105858 ape=0.5963
[17:43:44] warmStart (decay=exponential) 23% (262/1092) regret=0.105787 ape=0.5954
[17:43:44] warmStart (decay=exponential) 24% (263/1092) regret=0.105787 ape=0.5954
[17:43:44] warmStart (decay=exponential) 24% (264/1092) regret=0.105858 ape=0.5963
[17:43:44] warmStart (decay=exponential) 24% (265/1092) regret=0.105858 ape=0.5963
[17:43:44] warmStart (decay=exponential) 24% (266/1092) regret=0.105858 ape=0.5963
[17:43:45] warmStart (decay=exponential) 24% (267/1092) regret=0.105787 ape=0.5954
[17:43:45] warmStart (decay=exponential) 24% (268/1092) regret=0.106029 ape=0.5963
[17:43:45] warmStart (decay=exponential) 24% (269/1092) regret=0.105828 ape=0.5954
[17:43:45] warmStart (decay=exponential) 24% (270/1092) regret=0.105828 ape=0.5954
[17:43:45] warmStart (decay=exponential) 24% (271/1092) regret=0.105828 ape=0.5954
[17:43:45] warmStart (decay=exponential) 24% (272/1092) regret=0.105828 ape=0.5954
[17:43:46] warmStart (decay=exponential) 25% (273/1092) regret=0.105828 ape=0.5954
[17:43:46] warmStart (decay=exponential) 25% (274/1092) regret=0.105858 ape=0.5963
[17:43:46] warmStart (decay=exponential) 25% (275/1092) regret=0.105858 ape=0.5963
[17:43:46] warmStart (decay=exponential) 25% (276/1092) regret=0.105858 ape=0.5963
[17:43:46] warmStart (decay=exponential) 25% (277/1092) regret=0.105894 ape=0.5963
[17:43:46] warmStart (decay=exponential) 25% (278/1092) regret=0.105858 ape=0.5963
[17:43:47] warmStart (decay=exponential) 25% (279/1092) regret=0.105828 ape=0.5954
[17:43:47] warmStart (decay=exponential) 25% (280/1092) regret=0.105929 ape=0.5954
[17:43:47] warmStart (decay=exponential) 25% (281/1092) regret=0.106088 ape=0.5954
[17:43:47] warmStart (decay=exponential) 25% (282/1092) regret=0.105929 ape=0.5954
[17:43:47] warmStart (decay=exponential) 25% (283/1092) regret=0.105865 ape=0.5954
[17:43:47] warmStart (decay=exponential) 26% (284/1092) regret=0.105851 ape=0.5954
[17:43:48] warmStart (decay=exponential) 26% (285/1092) regret=0.105849 ape=0.5954
[17:43:48] warmStart (decay=exponential) 26% (286/1092) regret=0.105803 ape=0.5954
[17:43:48] warmStart (decay=exponential) 26% (287/1092) regret=0.105851 ape=0.5954
[17:43:48] warmStart (decay=exponential) 26% (288/1092) regret=0.105851 ape=0.5954
[17:43:48] warmStart (decay=exponential) 26% (289/1092) regret=0.105851 ape=0.5954
[17:43:48] warmStart (decay=exponential) 26% (290/1092) regret=0.105851 ape=0.5954
[17:43:49] warmStart (decay=exponential) 26% (291/1092) regret=0.105851 ape=0.5954
[17:43:49] warmStart (decay=exponential) 26% (292/1092) regret=0.105849 ape=0.5954
[17:43:49] warmStart (decay=exponential) 26% (293/1092) regret=0.105851 ape=0.5954
[17:43:49] warmStart (decay=exponential) 26% (294/1092) regret=0.105764 ape=0.5945
[17:43:49] warmStart (decay=exponential) 27% (295/1092) regret=0.105764 ape=0.5945
[17:43:49] warmStart (decay=exponential) 27% (296/1092) regret=0.105764 ape=0.5945
[17:43:50] warmStart (decay=exponential) 27% (297/1092) regret=0.105764 ape=0.5945
[17:43:50] warmStart (decay=exponential) 27% (298/1092) regret=0.105759 ape=0.5935
[17:43:50] warmStart (decay=exponential) 27% (299/1092) regret=0.105773 ape=0.5945
[17:43:50] warmStart (decay=exponential) 27% (300/1092) regret=0.105773 ape=0.5945
[17:43:50] warmStart (decay=exponential) 27% (301/1092) regret=0.105773 ape=0.5945
[17:43:50] warmStart (decay=exponential) 27% (302/1092) regret=0.105773 ape=0.5945
[17:43:51] warmStart (decay=exponential) 27% (303/1092) regret=0.105773 ape=0.5945
[17:43:51] warmStart (decay=exponential) 27% (304/1092) regret=0.105773 ape=0.5945
[17:43:51] warmStart (decay=exponential) 27% (305/1092) regret=0.105773 ape=0.5945
[17:43:51] warmStart (decay=exponential) 28% (306/1092) regret=0.105773 ape=0.5945
[17:43:51] warmStart (decay=exponential) 28% (307/1092) regret=0.105773 ape=0.5945
[17:43:51] warmStart (decay=exponential) 28% (308/1092) regret=0.105773 ape=0.5945
[17:43:51] warmStart (decay=exponential) 28% (309/1092) regret=0.105773 ape=0.5945
[17:43:52] warmStart (decay=exponential) 28% (310/1092) regret=0.105773 ape=0.5945
[17:43:52] warmStart (decay=exponential) 28% (311/1092) regret=0.105773 ape=0.5945
[17:43:52] warmStart (decay=exponential) 28% (312/1092) regret=0.105773 ape=0.5945
[17:43:52] warmStart (decay=exponential) 28% (313/1092) regret=0.105773 ape=0.5945
[17:43:52] warmStart (decay=exponential) 28% (314/1092) regret=0.105773 ape=0.5945
[17:43:52] warmStart (decay=exponential) 28% (315/1092) regret=0.105773 ape=0.5945
[17:43:52] warmStart (decay=exponential) 28% (316/1092) regret=0.105773 ape=0.5945
[17:43:53] warmStart (decay=exponential) 29% (317/1092) regret=0.105773 ape=0.5945
[17:43:53] warmStart (decay=exponential) 29% (318/1092) regret=0.105773 ape=0.5945
[17:43:53] warmStart (decay=exponential) 29% (319/1092) regret=0.105773 ape=0.5945
[17:43:53] warmStart (decay=exponential) 29% (320/1092) regret=0.105773 ape=0.5945
[17:43:53] warmStart (decay=exponential) 29% (321/1092) regret=0.105773 ape=0.5945
[17:43:53] warmStart (decay=exponential) 29% (322/1092) regret=0.105773 ape=0.5945
[17:43:54] warmStart (decay=exponential) 29% (323/1092) regret=0.105773 ape=0.5945
[17:43:54] warmStart (decay=exponential) 29% (324/1092) regret=0.105773 ape=0.5945
[17:43:54] warmStart (decay=exponential) 29% (325/1092) regret=0.105773 ape=0.5945
[17:43:54] warmStart (decay=exponential) 29% (326/1092) regret=0.105773 ape=0.5945
[17:43:54] warmStart (decay=exponential) 29% (327/1092) regret=0.105773 ape=0.5945
[17:43:54] warmStart (decay=exponential) 30% (328/1092) regret=0.105773 ape=0.5945
[17:43:55] warmStart (decay=exponential) 30% (329/1092) regret=0.105764 ape=0.5945
[17:43:55] warmStart (decay=exponential) 30% (330/1092) regret=0.105741 ape=0.5935
[17:43:55] warmStart (decay=exponential) 30% (331/1092) regret=0.105741 ape=0.5935
[17:43:55] warmStart (decay=exponential) 30% (332/1092) regret=0.105741 ape=0.5935
[17:43:55] warmStart (decay=exponential) 30% (333/1092) regret=0.105741 ape=0.5935
[17:43:55] warmStart (decay=exponential) 30% (334/1092) regret=0.105741 ape=0.5935
[17:43:56] warmStart (decay=exponential) 30% (335/1092) regret=0.105741 ape=0.5935
[17:43:56] warmStart (decay=exponential) 30% (336/1092) regret=0.105741 ape=0.5935
[17:43:56] warmStart (decay=exponential) 30% (337/1092) regret=0.105741 ape=0.5935
[17:43:56] warmStart (decay=exponential) 30% (338/1092) regret=0.105741 ape=0.5935
[17:43:56] warmStart (decay=exponential) 31% (339/1092) regret=0.105741 ape=0.5935
[17:43:57] warmStart (decay=exponential) 31% (340/1092) regret=0.105741 ape=0.5935
[17:43:57] warmStart (decay=exponential) 31% (341/1092) regret=0.105741 ape=0.5935
[17:43:57] warmStart (decay=exponential) 31% (342/1092) regret=0.105741 ape=0.5935
[17:43:57] warmStart (decay=exponential) 31% (343/1092) regret=0.105741 ape=0.5935
[17:43:57] warmStart (decay=exponential) 31% (344/1092) regret=0.105741 ape=0.5935
[17:43:57] warmStart (decay=exponential) 31% (345/1092) regret=0.105741 ape=0.5935
[17:43:58] warmStart (decay=exponential) 31% (346/1092) regret=0.105741 ape=0.5935
[17:43:58] warmStart (decay=exponential) 31% (347/1092) regret=0.105741 ape=0.5935
[17:43:58] warmStart (decay=exponential) 31% (348/1092) regret=0.105741 ape=0.5935
[17:43:58] warmStart (decay=exponential) 31% (349/1092) regret=0.105741 ape=0.5935
[17:43:58] warmStart (decay=exponential) 32% (350/1092) regret=0.105741 ape=0.5935
[17:43:59] warmStart (decay=exponential) 32% (351/1092) regret=0.105741 ape=0.5935
[17:43:59] warmStart (decay=exponential) 32% (352/1092) regret=0.105741 ape=0.5935
[17:43:59] warmStart (decay=exponential) 32% (353/1092) regret=0.105741 ape=0.5935
[17:43:59] warmStart (decay=exponential) 32% (354/1092) regret=0.105741 ape=0.5935
[17:43:59] warmStart (decay=exponential) 32% (355/1092) regret=0.105729 ape=0.5926
[17:43:59] warmStart (decay=exponential) 32% (356/1092) regret=0.105729 ape=0.5926
[17:44:00] warmStart (decay=exponential) 32% (357/1092) regret=0.105729 ape=0.5926
[17:44:00] warmStart (decay=exponential) 32% (358/1092) regret=0.105729 ape=0.5926
[17:44:00] warmStart (decay=exponential) 32% (359/1092) regret=0.105729 ape=0.5926
[17:44:00] warmStart (decay=exponential) 32% (360/1092) regret=0.105729 ape=0.5926
[17:44:00] warmStart (decay=exponential) 33% (361/1092) regret=0.105729 ape=0.5926
[17:44:00] warmStart (decay=exponential) 33% (362/1092) regret=0.105923 ape=0.5926
[17:44:00] warmStart (decay=exponential) 33% (363/1092) regret=0.105923 ape=0.5926
[17:44:01] warmStart (decay=exponential) 33% (364/1092) regret=0.105923 ape=0.5926
[17:44:01] warmStart (decay=exponential) 33% (365/1092) regret=0.105923 ape=0.5926
[17:44:01] warmStart (decay=exponential) 33% (366/1092) regret=0.105923 ape=0.5926
[17:44:01] warmStart (decay=exponential) 33% (367/1092) regret=0.105923 ape=0.5926
[17:44:01] warmStart (decay=exponential) 33% (368/1092) regret=0.105923 ape=0.5926
[17:44:01] warmStart (decay=exponential) 33% (369/1092) regret=0.105923 ape=0.5926
[17:44:02] warmStart (decay=exponential) 33% (370/1092) regret=0.105923 ape=0.5926
[17:44:02] warmStart (decay=exponential) 33% (371/1092) regret=0.105923 ape=0.5926
[17:44:02] warmStart (decay=exponential) 34% (372/1092) regret=0.105923 ape=0.5926
[17:44:02] warmStart (decay=exponential) 34% (373/1092) regret=0.105923 ape=0.5926
[17:44:02] warmStart (decay=exponential) 34% (374/1092) regret=0.105923 ape=0.5926
[17:44:02] warmStart (decay=exponential) 34% (375/1092) regret=0.105923 ape=0.5926
[17:44:03] warmStart (decay=exponential) 34% (376/1092) regret=0.105923 ape=0.5926
[17:44:03] warmStart (decay=exponential) 34% (377/1092) regret=0.105923 ape=0.5926
[17:44:03] warmStart (decay=exponential) 34% (378/1092) regret=0.105923 ape=0.5926
[17:44:03] warmStart (decay=exponential) 34% (379/1092) regret=0.105923 ape=0.5926
[17:44:03] warmStart (decay=exponential) 34% (380/1092) regret=0.105923 ape=0.5926
[17:44:03] warmStart (decay=exponential) 34% (381/1092) regret=0.105923 ape=0.5926
[17:44:03] warmStart (decay=exponential) 34% (382/1092) regret=0.105923 ape=0.5926
[17:44:04] warmStart (decay=exponential) 35% (383/1092) regret=0.105923 ape=0.5926
[17:44:04] warmStart (decay=exponential) 35% (384/1092) regret=0.105923 ape=0.5926
[17:44:04] warmStart (decay=exponential) 35% (385/1092) regret=0.105923 ape=0.5926
[17:44:04] warmStart (decay=exponential) 35% (386/1092) regret=0.105923 ape=0.5926
[17:44:04] warmStart (decay=exponential) 35% (387/1092) regret=0.105923 ape=0.5926
[17:44:04] warmStart (decay=exponential) 35% (388/1092) regret=0.105923 ape=0.5926
[17:44:05] warmStart (decay=exponential) 35% (389/1092) regret=0.106088 ape=0.5935
[17:44:05] warmStart (decay=exponential) 35% (390/1092) regret=0.106153 ape=0.5935
[17:44:05] warmStart (decay=exponential) 35% (391/1092) regret=0.106153 ape=0.5935
[17:44:05] warmStart (decay=exponential) 35% (392/1092) regret=0.106171 ape=0.5935
[17:44:05] warmStart (decay=exponential) 35% (393/1092) regret=0.106153 ape=0.5935
[17:44:05] warmStart (decay=exponential) 36% (394/1092) regret=0.106153 ape=0.5935
[17:44:05] warmStart (decay=exponential) 36% (395/1092) regret=0.106153 ape=0.5935
[17:44:06] warmStart (decay=exponential) 36% (396/1092) regret=0.106181 ape=0.5935
[17:44:06] warmStart (decay=exponential) 36% (397/1092) regret=0.105453 ape=0.5935
[17:44:06] warmStart (decay=exponential) 36% (398/1092) regret=0.105453 ape=0.5935
[17:44:06] warmStart (decay=exponential) 36% (399/1092) regret=0.105453 ape=0.5935
[17:44:06] warmStart (decay=exponential) 36% (400/1092) regret=0.105453 ape=0.5935
[17:44:06] warmStart (decay=exponential) 36% (401/1092) regret=0.105453 ape=0.5935
[17:44:07] warmStart (decay=exponential) 36% (402/1092) regret=0.105453 ape=0.5935
[17:44:07] warmStart (decay=exponential) 36% (403/1092) regret=0.105823 ape=0.5935
[17:44:07] warmStart (decay=exponential) 36% (404/1092) regret=0.105459 ape=0.5935
[17:44:07] warmStart (decay=exponential) 37% (405/1092) regret=0.105703 ape=0.5935
[17:44:07] warmStart (decay=exponential) 37% (406/1092) regret=0.105472 ape=0.5935
[17:44:08] warmStart (decay=exponential) 37% (407/1092) regret=0.105459 ape=0.5935
[17:44:08] warmStart (decay=exponential) 37% (408/1092) regret=0.105468 ape=0.5935
[17:44:08] warmStart (decay=exponential) 37% (409/1092) regret=0.105468 ape=0.5935
[17:44:08] warmStart (decay=exponential) 37% (410/1092) regret=0.105468 ape=0.5935
[17:44:08] warmStart (decay=exponential) 37% (411/1092) regret=0.105468 ape=0.5935
[17:44:08] warmStart (decay=exponential) 37% (412/1092) regret=0.105468 ape=0.5935
[17:44:08] warmStart (decay=exponential) 37% (413/1092) regret=0.105468 ape=0.5935
[17:44:09] warmStart (decay=exponential) 37% (414/1092) regret=0.105468 ape=0.5935
[17:44:09] warmStart (decay=exponential) 38% (415/1092) regret=0.105468 ape=0.5935
[17:44:09] warmStart (decay=exponential) 38% (416/1092) regret=0.105468 ape=0.5935
[17:44:09] warmStart (decay=exponential) 38% (417/1092) regret=0.105468 ape=0.5935
[17:44:09] warmStart (decay=exponential) 38% (418/1092) regret=0.105468 ape=0.5935
[17:44:09] warmStart (decay=exponential) 38% (419/1092) regret=0.105468 ape=0.5935
[17:44:10] warmStart (decay=exponential) 38% (420/1092) regret=0.105468 ape=0.5935
[17:44:10] warmStart (decay=exponential) 38% (421/1092) regret=0.105468 ape=0.5935
[17:44:10] warmStart (decay=exponential) 38% (422/1092) regret=0.105468 ape=0.5935
[17:44:10] warmStart (decay=exponential) 38% (423/1092) regret=0.105468 ape=0.5935
[17:44:10] warmStart (decay=exponential) 38% (424/1092) regret=0.105468 ape=0.5935
[17:44:10] warmStart (decay=exponential) 38% (425/1092) regret=0.105468 ape=0.5935
[17:44:11] warmStart (decay=exponential) 39% (426/1092) regret=0.105468 ape=0.5935
[17:44:11] warmStart (decay=exponential) 39% (427/1092) regret=0.105468 ape=0.5935
[17:44:11] warmStart (decay=exponential) 39% (428/1092) regret=0.105468 ape=0.5935
[17:44:11] warmStart (decay=exponential) 39% (429/1092) regret=0.105468 ape=0.5935
[17:44:11] warmStart (decay=exponential) 39% (430/1092) regret=0.105468 ape=0.5935
[17:44:11] warmStart (decay=exponential) 39% (431/1092) regret=0.105468 ape=0.5935
[17:44:12] warmStart (decay=exponential) 39% (432/1092) regret=0.105468 ape=0.5935
[17:44:12] warmStart (decay=exponential) 39% (433/1092) regret=0.105468 ape=0.5935
[17:44:12] warmStart (decay=exponential) 39% (434/1092) regret=0.105468 ape=0.5935
[17:44:12] warmStart (decay=exponential) 39% (435/1092) regret=0.105468 ape=0.5935
[17:44:12] warmStart (decay=exponential) 39% (436/1092) regret=0.105468 ape=0.5935
[17:44:12] warmStart (decay=exponential) 40% (437/1092) regret=0.105468 ape=0.5935
[17:44:13] warmStart (decay=exponential) 40% (438/1092) regret=0.105468 ape=0.5935
[17:44:13] warmStart (decay=exponential) 40% (439/1092) regret=0.105468 ape=0.5935
[17:44:13] warmStart (decay=exponential) 40% (440/1092) regret=0.105468 ape=0.5935
[17:44:13] warmStart (decay=exponential) 40% (441/1092) regret=0.105468 ape=0.5935
[17:44:13] warmStart (decay=exponential) 40% (442/1092) regret=0.105468 ape=0.5935
[17:44:13] warmStart (decay=exponential) 40% (443/1092) regret=0.105468 ape=0.5935
[17:44:13] warmStart (decay=exponential) 40% (444/1092) regret=0.105468 ape=0.5935
[17:44:14] warmStart (decay=exponential) 40% (445/1092) regret=0.105468 ape=0.5935
[17:44:14] warmStart (decay=exponential) 40% (446/1092) regret=0.105468 ape=0.5935
[17:44:14] warmStart (decay=exponential) 40% (447/1092) regret=0.105468 ape=0.5935
[17:44:14] warmStart (decay=exponential) 41% (448/1092) regret=0.105468 ape=0.5935
[17:44:14] warmStart (decay=exponential) 41% (449/1092) regret=0.105468 ape=0.5935
[17:44:14] warmStart (decay=exponential) 41% (450/1092) regret=0.105468 ape=0.5935
[17:44:15] warmStart (decay=exponential) 41% (451/1092) regret=0.105468 ape=0.5935
[17:44:15] warmStart (decay=exponential) 41% (452/1092) regret=0.105468 ape=0.5935
[17:44:15] warmStart (decay=exponential) 41% (453/1092) regret=0.105468 ape=0.5935
[17:44:15] warmStart (decay=exponential) 41% (454/1092) regret=0.105479 ape=0.5945
[17:44:16] warmStart (decay=exponential) 41% (455/1092) regret=0.105485 ape=0.5945
[17:44:16] warmStart (decay=exponential) 41% (456/1092) regret=0.105563 ape=0.5945
[17:44:16] warmStart (decay=exponential) 41% (457/1092) regret=0.105485 ape=0.5945
[17:44:16] warmStart (decay=exponential) 41% (458/1092) regret=0.105485 ape=0.5945
[17:44:16] warmStart (decay=exponential) 42% (459/1092) regret=0.105485 ape=0.5945
[17:44:17] warmStart (decay=exponential) 42% (460/1092) regret=0.105485 ape=0.5945
[17:44:17] warmStart (decay=exponential) 42% (461/1092) regret=0.105485 ape=0.5945
[17:44:17] warmStart (decay=exponential) 42% (462/1092) regret=0.105485 ape=0.5945
[17:44:17] warmStart (decay=exponential) 42% (463/1092) regret=0.105485 ape=0.5945
[17:44:17] warmStart (decay=exponential) 42% (464/1092) regret=0.105485 ape=0.5945
[17:44:18] warmStart (decay=exponential) 42% (465/1092) regret=0.105485 ape=0.5945
[17:44:18] warmStart (decay=exponential) 42% (466/1092) regret=0.105485 ape=0.5945
[17:44:18] warmStart (decay=exponential) 42% (467/1092) regret=0.105485 ape=0.5945
[17:44:18] warmStart (decay=exponential) 42% (468/1092) regret=0.105485 ape=0.5945
[17:44:18] warmStart (decay=exponential) 42% (469/1092) regret=0.105485 ape=0.5945
[17:44:19] warmStart (decay=exponential) 43% (470/1092) regret=0.105485 ape=0.5945
[17:44:19] warmStart (decay=exponential) 43% (471/1092) regret=0.105485 ape=0.5945
[17:44:19] warmStart (decay=exponential) 43% (472/1092) regret=0.105485 ape=0.5945
[17:44:19] warmStart (decay=exponential) 43% (473/1092) regret=0.105485 ape=0.5945
[17:44:19] warmStart (decay=exponential) 43% (474/1092) regret=0.105485 ape=0.5945
[17:44:20] warmStart (decay=exponential) 43% (475/1092) regret=0.105485 ape=0.5945
[17:44:20] warmStart (decay=exponential) 43% (476/1092) regret=0.105485 ape=0.5945
[17:44:20] warmStart (decay=exponential) 43% (477/1092) regret=0.105485 ape=0.5945
[17:44:20] warmStart (decay=exponential) 43% (478/1092) regret=0.105485 ape=0.5945
[17:44:20] warmStart (decay=exponential) 43% (479/1092) regret=0.105485 ape=0.5945
[17:44:21] warmStart (decay=exponential) 43% (480/1092) regret=0.105485 ape=0.5945
[17:44:21] warmStart (decay=exponential) 44% (481/1092) regret=0.105485 ape=0.5945
[17:44:21] warmStart (decay=exponential) 44% (482/1092) regret=0.105485 ape=0.5945
[17:44:21] warmStart (decay=exponential) 44% (483/1092) regret=0.105485 ape=0.5945
[17:44:21] warmStart (decay=exponential) 44% (484/1092) regret=0.105485 ape=0.5945
[17:44:22] warmStart (decay=exponential) 44% (485/1092) regret=0.105485 ape=0.5945
[17:44:22] warmStart (decay=exponential) 44% (486/1092) regret=0.105485 ape=0.5945
[17:44:22] warmStart (decay=exponential) 44% (487/1092) regret=0.105485 ape=0.5945
[17:44:22] warmStart (decay=exponential) 44% (488/1092) regret=0.105485 ape=0.5945
[17:44:23] warmStart (decay=exponential) 44% (489/1092) regret=0.105485 ape=0.5945
[17:44:23] warmStart (decay=exponential) 44% (490/1092) regret=0.105485 ape=0.5945
[17:44:23] warmStart (decay=exponential) 44% (491/1092) regret=0.105485 ape=0.5945
[17:44:23] warmStart (decay=exponential) 45% (492/1092) regret=0.105485 ape=0.5945
[17:44:23] warmStart (decay=exponential) 45% (493/1092) regret=0.105485 ape=0.5945
[17:44:24] warmStart (decay=exponential) 45% (494/1092) regret=0.105485 ape=0.5945
[17:44:24] warmStart (decay=exponential) 45% (495/1092) regret=0.105485 ape=0.5945
[17:44:24] warmStart (decay=exponential) 45% (496/1092) regret=0.105485 ape=0.5945
[17:44:24] warmStart (decay=exponential) 45% (497/1092) regret=0.105485 ape=0.5945
[17:44:24] warmStart (decay=exponential) 45% (498/1092) regret=0.105485 ape=0.5945
[17:44:25] warmStart (decay=exponential) 45% (499/1092) regret=0.105485 ape=0.5945
[17:44:25] warmStart (decay=exponential) 45% (500/1092) regret=0.105485 ape=0.5945
[17:44:25] warmStart (decay=exponential) 45% (501/1092) regret=0.105485 ape=0.5945
[17:44:25] warmStart (decay=exponential) 45% (502/1092) regret=0.105485 ape=0.5945
[17:44:25] warmStart (decay=exponential) 46% (503/1092) regret=0.105485 ape=0.5945
[17:44:25] warmStart (decay=exponential) 46% (504/1092) regret=0.105485 ape=0.5945
[17:44:26] warmStart (decay=exponential) 46% (505/1092) regret=0.105481 ape=0.5935
[17:44:26] warmStart (decay=exponential) 46% (506/1092) regret=0.105482 ape=0.5945
[17:44:26] warmStart (decay=exponential) 46% (507/1092) regret=0.105482 ape=0.5945
[17:44:26] warmStart (decay=exponential) 46% (508/1092) regret=0.105482 ape=0.5945
[17:44:26] warmStart (decay=exponential) 46% (509/1092) regret=0.105482 ape=0.5945
[17:44:27] warmStart (decay=exponential) 46% (510/1092) regret=0.105482 ape=0.5945
[17:44:27] warmStart (decay=exponential) 46% (511/1092) regret=0.105482 ape=0.5945
[17:44:27] warmStart (decay=exponential) 46% (512/1092) regret=0.105482 ape=0.5945
[17:44:27] warmStart (decay=exponential) 46% (513/1092) regret=0.105482 ape=0.5945
[17:44:27] warmStart (decay=exponential) 47% (514/1092) regret=0.105482 ape=0.5945
[17:44:27] warmStart (decay=exponential) 47% (515/1092) regret=0.105482 ape=0.5945
[17:44:28] warmStart (decay=exponential) 47% (516/1092) regret=0.105482 ape=0.5945
[17:44:28] warmStart (decay=exponential) 47% (517/1092) regret=0.105482 ape=0.5945
[17:44:28] warmStart (decay=exponential) 47% (518/1092) regret=0.105482 ape=0.5945
[17:44:28] warmStart (decay=exponential) 47% (519/1092) regret=0.105482 ape=0.5945
[17:44:28] warmStart (decay=exponential) 47% (520/1092) regret=0.105482 ape=0.5945
[17:44:29] warmStart (decay=exponential) 47% (521/1092) regret=0.105482 ape=0.5945
[17:44:29] warmStart (decay=exponential) 47% (522/1092) regret=0.105482 ape=0.5945
[17:44:29] warmStart (decay=exponential) 47% (523/1092) regret=0.105565 ape=0.5945
[17:44:29] warmStart (decay=exponential) 47% (524/1092) regret=0.105565 ape=0.5945
[17:44:29] warmStart (decay=exponential) 48% (525/1092) regret=0.105427 ape=0.5935
[17:44:29] warmStart (decay=exponential) 48% (526/1092) regret=0.105427 ape=0.5935
[17:44:30] warmStart (decay=exponential) 48% (527/1092) regret=0.105464 ape=0.5945
[17:44:30] warmStart (decay=exponential) 48% (528/1092) regret=0.105427 ape=0.5935
[17:44:30] warmStart (decay=exponential) 48% (529/1092) regret=0.105464 ape=0.5945
[17:44:30] warmStart (decay=exponential) 48% (530/1092) regret=0.105427 ape=0.5935
[17:44:30] warmStart (decay=exponential) 48% (531/1092) regret=0.104999 ape=0.5935
[17:44:31] warmStart (decay=exponential) 48% (532/1092) regret=0.104999 ape=0.5935
[17:44:31] warmStart (decay=exponential) 48% (533/1092) regret=0.104953 ape=0.5935
[17:44:31] warmStart (decay=exponential) 48% (534/1092) regret=0.104999 ape=0.5935
[17:44:31] warmStart (decay=exponential) 48% (535/1092) regret=0.104999 ape=0.5935
[17:44:31] warmStart (decay=exponential) 49% (536/1092) regret=0.104999 ape=0.5935
[17:44:32] warmStart (decay=exponential) 49% (537/1092) regret=0.104999 ape=0.5935
[17:44:32] warmStart (decay=exponential) 49% (538/1092) regret=0.104999 ape=0.5935
[17:44:32] warmStart (decay=exponential) 49% (539/1092) regret=0.104999 ape=0.5935
[17:44:32] warmStart (decay=exponential) 49% (540/1092) regret=0.104999 ape=0.5935
[17:44:32] warmStart (decay=exponential) 49% (541/1092) regret=0.104999 ape=0.5935
[17:44:33] warmStart (decay=exponential) 49% (542/1092) regret=0.104906 ape=0.5926
[17:44:33] warmStart (decay=exponential) 49% (543/1092) regret=0.104906 ape=0.5926
[17:44:33] warmStart (decay=exponential) 49% (544/1092) regret=0.104906 ape=0.5926
[17:44:33] warmStart (decay=exponential) 49% (545/1092) regret=0.104906 ape=0.5926
[17:44:33] warmStart (decay=exponential) 50% (546/1092) regret=0.104906 ape=0.5926
[17:44:34] warmStart (decay=exponential) 50% (547/1092) regret=0.104906 ape=0.5926
[17:44:34] warmStart (decay=exponential) 50% (548/1092) regret=0.104906 ape=0.5926
[17:44:34] warmStart (decay=exponential) 50% (549/1092) regret=0.104906 ape=0.5926
[17:44:34] warmStart (decay=exponential) 50% (550/1092) regret=0.104906 ape=0.5926
[17:44:34] warmStart (decay=exponential) 50% (551/1092) regret=0.104906 ape=0.5926
[17:44:35] warmStart (decay=exponential) 50% (552/1092) regret=0.104906 ape=0.5926
[17:44:35] warmStart (decay=exponential) 50% (553/1092) regret=0.104906 ape=0.5926
[17:44:35] warmStart (decay=exponential) 50% (554/1092) regret=0.104906 ape=0.5926
[17:44:35] warmStart (decay=exponential) 50% (555/1092) regret=0.104906 ape=0.5926
[17:44:35] warmStart (decay=exponential) 50% (556/1092) regret=0.104906 ape=0.5926
[17:44:35] warmStart (decay=exponential) 51% (557/1092) regret=0.104906 ape=0.5926
[17:44:36] warmStart (decay=exponential) 51% (558/1092) regret=0.104906 ape=0.5926
[17:44:36] warmStart (decay=exponential) 51% (559/1092) regret=0.104906 ape=0.5926
[17:44:36] warmStart (decay=exponential) 51% (560/1092) regret=0.104906 ape=0.5926
[17:44:36] warmStart (decay=exponential) 51% (561/1092) regret=0.104906 ape=0.5926
[17:44:36] warmStart (decay=exponential) 51% (562/1092) regret=0.104906 ape=0.5926
[17:44:37] warmStart (decay=exponential) 51% (563/1092) regret=0.104906 ape=0.5926
[17:44:37] warmStart (decay=exponential) 51% (564/1092) regret=0.104906 ape=0.5926
[17:44:37] warmStart (decay=exponential) 51% (565/1092) regret=0.104906 ape=0.5926
[17:44:37] warmStart (decay=exponential) 51% (566/1092) regret=0.104906 ape=0.5926
[17:44:37] warmStart (decay=exponential) 51% (567/1092) regret=0.104906 ape=0.5926
[17:44:38] warmStart (decay=exponential) 52% (568/1092) regret=0.104906 ape=0.5926
[17:44:38] warmStart (decay=exponential) 52% (569/1092) regret=0.104906 ape=0.5926
[17:44:38] warmStart (decay=exponential) 52% (570/1092) regret=0.104906 ape=0.5926
[17:44:38] warmStart (decay=exponential) 52% (571/1092) regret=0.104906 ape=0.5926
[17:44:38] warmStart (decay=exponential) 52% (572/1092) regret=0.104906 ape=0.5926
[17:44:39] warmStart (decay=exponential) 52% (573/1092) regret=0.104906 ape=0.5926
[17:44:39] warmStart (decay=exponential) 52% (574/1092) regret=0.104906 ape=0.5926
[17:44:39] warmStart (decay=exponential) 52% (575/1092) regret=0.104906 ape=0.5926
[17:44:39] warmStart (decay=exponential) 52% (576/1092) regret=0.104906 ape=0.5926
[17:44:40] warmStart (decay=exponential) 52% (577/1092) regret=0.104906 ape=0.5926
[17:44:40] warmStart (decay=exponential) 52% (578/1092) regret=0.104906 ape=0.5926
[17:44:40] warmStart (decay=exponential) 53% (579/1092) regret=0.104906 ape=0.5926
[17:44:40] warmStart (decay=exponential) 53% (580/1092) regret=0.104906 ape=0.5926
[17:44:40] warmStart (decay=exponential) 53% (581/1092) regret=0.104906 ape=0.5926
[17:44:41] warmStart (decay=exponential) 53% (582/1092) regret=0.104906 ape=0.5926
[17:44:41] warmStart (decay=exponential) 53% (583/1092) regret=0.104906 ape=0.5926
[17:44:41] warmStart (decay=exponential) 53% (584/1092) regret=0.104906 ape=0.5926
[17:44:41] warmStart (decay=exponential) 53% (585/1092) regret=0.104906 ape=0.5926
[17:44:41] warmStart (decay=exponential) 53% (586/1092) regret=0.104906 ape=0.5926
[17:44:42] warmStart (decay=exponential) 53% (587/1092) regret=0.104906 ape=0.5926
[17:44:42] warmStart (decay=exponential) 53% (588/1092) regret=0.104906 ape=0.5926
[17:44:42] warmStart (decay=exponential) 53% (589/1092) regret=0.104906 ape=0.5926
[17:44:42] warmStart (decay=exponential) 54% (590/1092) regret=0.104906 ape=0.5926
[17:44:42] warmStart (decay=exponential) 54% (591/1092) regret=0.104906 ape=0.5926
[17:44:43] warmStart (decay=exponential) 54% (592/1092) regret=0.104906 ape=0.5926
[17:44:43] warmStart (decay=exponential) 54% (593/1092) regret=0.104906 ape=0.5926
[17:44:43] warmStart (decay=exponential) 54% (594/1092) regret=0.104906 ape=0.5926
[17:44:43] warmStart (decay=exponential) 54% (595/1092) regret=0.104906 ape=0.5926
[17:44:43] warmStart (decay=exponential) 54% (596/1092) regret=0.104906 ape=0.5926
[17:44:44] warmStart (decay=exponential) 54% (597/1092) regret=0.104906 ape=0.5926
[17:44:44] warmStart (decay=exponential) 54% (598/1092) regret=0.104906 ape=0.5926
[17:44:44] warmStart (decay=exponential) 54% (599/1092) regret=0.104906 ape=0.5926
[17:44:44] warmStart (decay=exponential) 54% (600/1092) regret=0.104906 ape=0.5926
[17:44:44] warmStart (decay=exponential) 55% (601/1092) regret=0.104906 ape=0.5926
[17:44:45] warmStart (decay=exponential) 55% (602/1092) regret=0.104906 ape=0.5926
[17:44:45] warmStart (decay=exponential) 55% (603/1092) regret=0.104906 ape=0.5926
[17:44:45] warmStart (decay=exponential) 55% (604/1092) regret=0.104906 ape=0.5926
[17:44:45] warmStart (decay=exponential) 55% (605/1092) regret=0.104906 ape=0.5926
[17:44:45] warmStart (decay=exponential) 55% (606/1092) regret=0.104906 ape=0.5926
[17:44:46] warmStart (decay=exponential) 55% (607/1092) regret=0.104906 ape=0.5926
[17:44:46] warmStart (decay=exponential) 55% (608/1092) regret=0.104906 ape=0.5926
[17:44:46] warmStart (decay=exponential) 55% (609/1092) regret=0.104906 ape=0.5926
[17:44:46] warmStart (decay=exponential) 55% (610/1092) regret=0.104906 ape=0.5926
[17:44:47] warmStart (decay=exponential) 55% (611/1092) regret=0.104906 ape=0.5926
[17:44:47] warmStart (decay=exponential) 56% (612/1092) regret=0.104906 ape=0.5926
[17:44:47] warmStart (decay=exponential) 56% (613/1092) regret=0.104906 ape=0.5926
[17:44:47] warmStart (decay=exponential) 56% (614/1092) regret=0.104906 ape=0.5926
[17:44:47] warmStart (decay=exponential) 56% (615/1092) regret=0.104906 ape=0.5926
[17:44:48] warmStart (decay=exponential) 56% (616/1092) regret=0.104906 ape=0.5926
[17:44:48] warmStart (decay=exponential) 56% (617/1092) regret=0.104906 ape=0.5926
[17:44:48] warmStart (decay=exponential) 56% (618/1092) regret=0.104906 ape=0.5926
[17:44:48] warmStart (decay=exponential) 56% (619/1092) regret=0.104906 ape=0.5926
[17:44:48] warmStart (decay=exponential) 56% (620/1092) regret=0.104906 ape=0.5926
[17:44:49] warmStart (decay=exponential) 56% (621/1092) regret=0.104906 ape=0.5926
[17:44:49] warmStart (decay=exponential) 56% (622/1092) regret=0.104906 ape=0.5926
[17:44:49] warmStart (decay=exponential) 57% (623/1092) regret=0.104906 ape=0.5926
[17:44:49] warmStart (decay=exponential) 57% (624/1092) regret=0.104906 ape=0.5926
[17:44:49] warmStart (decay=exponential) 57% (625/1092) regret=0.104906 ape=0.5926
[17:44:50] warmStart (decay=exponential) 57% (626/1092) regret=0.104906 ape=0.5926
[17:44:50] warmStart (decay=exponential) 57% (627/1092) regret=0.104906 ape=0.5926
[17:44:50] warmStart (decay=exponential) 57% (628/1092) regret=0.104906 ape=0.5926
[17:44:50] warmStart (decay=exponential) 57% (629/1092) regret=0.104906 ape=0.5926
[17:44:50] warmStart (decay=exponential) 57% (630/1092) regret=0.104906 ape=0.5926
[17:44:51] warmStart (decay=exponential) 57% (631/1092) regret=0.104906 ape=0.5926
[17:44:51] warmStart (decay=exponential) 57% (632/1092) regret=0.104906 ape=0.5926
[17:44:51] warmStart (decay=exponential) 57% (633/1092) regret=0.104906 ape=0.5926
[17:44:51] warmStart (decay=exponential) 58% (634/1092) regret=0.104906 ape=0.5926
[17:44:51] warmStart (decay=exponential) 58% (635/1092) regret=0.104906 ape=0.5926
[17:44:52] warmStart (decay=exponential) 58% (636/1092) regret=0.104906 ape=0.5926
[17:44:52] warmStart (decay=exponential) 58% (637/1092) regret=0.104906 ape=0.5926
[17:44:52] warmStart (decay=exponential) 58% (638/1092) regret=0.104906 ape=0.5926
[17:44:52] warmStart (decay=exponential) 58% (639/1092) regret=0.104906 ape=0.5926
[17:44:52] warmStart (decay=exponential) 58% (640/1092) regret=0.104906 ape=0.5926
[17:44:53] warmStart (decay=exponential) 58% (641/1092) regret=0.104906 ape=0.5926
[17:44:53] warmStart (decay=exponential) 58% (642/1092) regret=0.104906 ape=0.5926
[17:44:53] warmStart (decay=exponential) 58% (643/1092) regret=0.104906 ape=0.5926
[17:44:53] warmStart (decay=exponential) 58% (644/1092) regret=0.104906 ape=0.5926
[17:44:53] warmStart (decay=exponential) 59% (645/1092) regret=0.104906 ape=0.5926
[17:44:54] warmStart (decay=exponential) 59% (646/1092) regret=0.104906 ape=0.5926
[17:44:54] warmStart (decay=exponential) 59% (647/1092) regret=0.104906 ape=0.5926
[17:44:54] warmStart (decay=exponential) 59% (648/1092) regret=0.104906 ape=0.5926
[17:44:54] warmStart (decay=exponential) 59% (649/1092) regret=0.104906 ape=0.5926
[17:44:54] warmStart (decay=exponential) 59% (650/1092) regret=0.104906 ape=0.5926
[17:44:55] warmStart (decay=exponential) 59% (651/1092) regret=0.104906 ape=0.5926
[17:44:55] warmStart (decay=exponential) 59% (652/1092) regret=0.104906 ape=0.5926
[17:44:55] warmStart (decay=exponential) 59% (653/1092) regret=0.104906 ape=0.5926
[17:44:55] warmStart (decay=exponential) 59% (654/1092) regret=0.104906 ape=0.5926
[17:44:55] warmStart (decay=exponential) 59% (655/1092) regret=0.104906 ape=0.5926
[17:44:56] warmStart (decay=exponential) 60% (656/1092) regret=0.104906 ape=0.5926
[17:44:56] warmStart (decay=exponential) 60% (657/1092) regret=0.104906 ape=0.5926
[17:44:56] warmStart (decay=exponential) 60% (658/1092) regret=0.104906 ape=0.5926
[17:44:56] warmStart (decay=exponential) 60% (659/1092) regret=0.104906 ape=0.5926
[17:44:56] warmStart (decay=exponential) 60% (660/1092) regret=0.104906 ape=0.5926
[17:44:57] warmStart (decay=exponential) 60% (661/1092) regret=0.104906 ape=0.5926
[17:44:57] warmStart (decay=exponential) 60% (662/1092) regret=0.104906 ape=0.5926
[17:44:57] warmStart (decay=exponential) 60% (663/1092) regret=0.104906 ape=0.5926
[17:44:57] warmStart (decay=exponential) 60% (664/1092) regret=0.104906 ape=0.5926
[17:44:57] warmStart (decay=exponential) 60% (665/1092) regret=0.104906 ape=0.5926
[17:44:58] warmStart (decay=exponential) 60% (666/1092) regret=0.104906 ape=0.5926
[17:44:58] warmStart (decay=exponential) 61% (667/1092) regret=0.104722 ape=0.5917
[17:44:58] warmStart (decay=exponential) 61% (668/1092) regret=0.104722 ape=0.5917
[17:44:58] warmStart (decay=exponential) 61% (669/1092) regret=0.104722 ape=0.5917
[17:44:58] warmStart (decay=exponential) 61% (670/1092) regret=0.104722 ape=0.5917
[17:44:59] warmStart (decay=exponential) 61% (671/1092) regret=0.104722 ape=0.5917
[17:44:59] warmStart (decay=exponential) 61% (672/1092) regret=0.104722 ape=0.5917
[17:44:59] warmStart (decay=exponential) 61% (673/1092) regret=0.104707 ape=0.5917
[17:44:59] warmStart (decay=exponential) 61% (674/1092) regret=0.104703 ape=0.5917
[17:44:59] warmStart (decay=exponential) 61% (675/1092) regret=0.104703 ape=0.5917
[17:45:00] warmStart (decay=exponential) 61% (676/1092) regret=0.104704 ape=0.5917
[17:45:00] warmStart (decay=exponential) 61% (677/1092) regret=0.104704 ape=0.5917
[17:45:00] warmStart (decay=exponential) 62% (678/1092) regret=0.104704 ape=0.5917
[17:45:00] warmStart (decay=exponential) 62% (679/1092) regret=0.104704 ape=0.5917
[17:45:00] warmStart (decay=exponential) 62% (680/1092) regret=0.104704 ape=0.5917
[17:45:00] warmStart (decay=exponential) 62% (681/1092) regret=0.104704 ape=0.5917
[17:45:01] warmStart (decay=exponential) 62% (682/1092) regret=0.104704 ape=0.5917
[17:45:01] warmStart (decay=exponential) 62% (683/1092) regret=0.105063 ape=0.5926
[17:45:01] warmStart (decay=exponential) 62% (684/1092) regret=0.104879 ape=0.5926
[17:45:01] warmStart (decay=exponential) 62% (685/1092) regret=0.104879 ape=0.5926
[17:45:01] warmStart (decay=exponential) 62% (686/1092) regret=0.104879 ape=0.5926
[17:45:02] warmStart (decay=exponential) 62% (687/1092) regret=0.104879 ape=0.5926
[17:45:02] warmStart (decay=exponential) 63% (688/1092) regret=0.104879 ape=0.5926
[17:45:02] warmStart (decay=exponential) 63% (689/1092) regret=0.104704 ape=0.5917
[17:45:02] warmStart (decay=exponential) 63% (690/1092) regret=0.105063 ape=0.5926
[17:45:02] warmStart (decay=exponential) 63% (691/1092) regret=0.104704 ape=0.5917
[17:45:03] warmStart (decay=exponential) 63% (692/1092) regret=0.104704 ape=0.5917
[17:45:03] warmStart (decay=exponential) 63% (693/1092) regret=0.104898 ape=0.5926
[17:45:03] warmStart (decay=exponential) 63% (694/1092) regret=0.104916 ape=0.5926
[17:45:03] warmStart (decay=exponential) 63% (695/1092) regret=0.104916 ape=0.5926
[17:45:03] warmStart (decay=exponential) 63% (696/1092) regret=0.104916 ape=0.5926
[17:45:04] warmStart (decay=exponential) 63% (697/1092) regret=0.104916 ape=0.5926
[17:45:04] warmStart (decay=exponential) 63% (698/1092) regret=0.104916 ape=0.5926
[17:45:04] warmStart (decay=exponential) 64% (699/1092) regret=0.104704 ape=0.5917
[17:45:04] warmStart (decay=exponential) 64% (700/1092) regret=0.104704 ape=0.5917
[17:45:04] warmStart (decay=exponential) 64% (701/1092) regret=0.104861 ape=0.5926
[17:45:05] warmStart (decay=exponential) 64% (702/1092) regret=0.104861 ape=0.5926
[17:45:05] warmStart (decay=exponential) 64% (703/1092) regret=0.104861 ape=0.5926
[17:45:05] warmStart (decay=exponential) 64% (704/1092) regret=0.104861 ape=0.5926
[17:45:05] warmStart (decay=exponential) 64% (705/1092) regret=0.104727 ape=0.5917
[17:45:05] warmStart (decay=exponential) 64% (706/1092) regret=0.104727 ape=0.5917
[17:45:05] warmStart (decay=exponential) 64% (707/1092) regret=0.104727 ape=0.5917
[17:45:06] warmStart (decay=exponential) 64% (708/1092) regret=0.104727 ape=0.5917
[17:45:06] warmStart (decay=exponential) 64% (709/1092) regret=0.104727 ape=0.5917
[17:45:06] warmStart (decay=exponential) 65% (710/1092) regret=0.104727 ape=0.5917
[17:45:06] warmStart (decay=exponential) 65% (711/1092) regret=0.104727 ape=0.5917
[17:45:06] warmStart (decay=exponential) 65% (712/1092) regret=0.104727 ape=0.5917
[17:45:07] warmStart (decay=exponential) 65% (713/1092) regret=0.104727 ape=0.5917
[17:45:07] warmStart (decay=exponential) 65% (714/1092) regret=0.104727 ape=0.5917
[17:45:07] warmStart (decay=exponential) 65% (715/1092) regret=0.104727 ape=0.5917
[17:45:07] warmStart (decay=exponential) 65% (716/1092) regret=0.104727 ape=0.5917
[17:45:07] warmStart (decay=exponential) 65% (717/1092) regret=0.104727 ape=0.5917
[17:45:07] warmStart (decay=exponential) 65% (718/1092) regret=0.104727 ape=0.5917
[17:45:08] warmStart (decay=exponential) 65% (719/1092) regret=0.104727 ape=0.5917
[17:45:08] warmStart (decay=exponential) 65% (720/1092) regret=0.104727 ape=0.5917
[17:45:08] warmStart (decay=exponential) 66% (721/1092) regret=0.104727 ape=0.5917
[17:45:08] warmStart (decay=exponential) 66% (722/1092) regret=0.104727 ape=0.5917
[17:45:08] warmStart (decay=exponential) 66% (723/1092) regret=0.104727 ape=0.5917
[17:45:09] warmStart (decay=exponential) 66% (724/1092) regret=0.104727 ape=0.5917
[17:45:09] warmStart (decay=exponential) 66% (725/1092) regret=0.104727 ape=0.5917
[17:45:09] warmStart (decay=exponential) 66% (726/1092) regret=0.104727 ape=0.5917
[17:45:09] warmStart (decay=exponential) 66% (727/1092) regret=0.104727 ape=0.5917
[17:45:09] warmStart (decay=exponential) 66% (728/1092) regret=0.104727 ape=0.5917
[17:45:09] warmStart (decay=exponential) 66% (729/1092) regret=0.104727 ape=0.5917
[17:45:10] warmStart (decay=exponential) 66% (730/1092) regret=0.104727 ape=0.5917
[17:45:10] warmStart (decay=exponential) 66% (731/1092) regret=0.104739 ape=0.5917
[17:45:10] warmStart (decay=exponential) 67% (732/1092) regret=0.104739 ape=0.5917
[17:45:10] warmStart (decay=exponential) 67% (733/1092) regret=0.104698 ape=0.5908
[17:45:10] warmStart (decay=exponential) 67% (734/1092) regret=0.104698 ape=0.5908
[17:45:11] warmStart (decay=exponential) 67% (735/1092) regret=0.104744 ape=0.5917
[17:45:11] warmStart (decay=exponential) 67% (736/1092) regret=0.104698 ape=0.5908
[17:45:11] warmStart (decay=exponential) 67% (737/1092) regret=0.104744 ape=0.5917
[17:45:11] warmStart (decay=exponential) 67% (738/1092) regret=0.104698 ape=0.5908
[17:45:11] warmStart (decay=exponential) 67% (739/1092) regret=0.104698 ape=0.5908
[17:45:11] warmStart (decay=exponential) 67% (740/1092) regret=0.104698 ape=0.5908
[17:45:12] warmStart (decay=exponential) 67% (741/1092) regret=0.104698 ape=0.5908
[17:45:12] warmStart (decay=exponential) 67% (742/1092) regret=0.104698 ape=0.5908
[17:45:12] warmStart (decay=exponential) 68% (743/1092) regret=0.104697 ape=0.5908
[17:45:12] warmStart (decay=exponential) 68% (744/1092) regret=0.104691 ape=0.5908
[17:45:12] warmStart (decay=exponential) 68% (745/1092) regret=0.104698 ape=0.5908
[17:45:13] warmStart (decay=exponential) 68% (746/1092) regret=0.104698 ape=0.5908
[17:45:13] warmStart (decay=exponential) 68% (747/1092) regret=0.104691 ape=0.5908
[17:45:13] warmStart (decay=exponential) 68% (748/1092) regret=0.104697 ape=0.5908
[17:45:13] warmStart (decay=exponential) 68% (749/1092) regret=0.104698 ape=0.5908
[17:45:13] warmStart (decay=exponential) 68% (750/1092) regret=0.104691 ape=0.5908
[17:45:13] warmStart (decay=exponential) 68% (751/1092) regret=0.104698 ape=0.5908
[17:45:14] warmStart (decay=exponential) 68% (752/1092) regret=0.104691 ape=0.5908
[17:45:14] warmStart (decay=exponential) 68% (753/1092) regret=0.104698 ape=0.5908
[17:45:14] warmStart (decay=exponential) 69% (754/1092) regret=0.104689 ape=0.5899
[17:45:14] warmStart (decay=exponential) 69% (755/1092) regret=0.104689 ape=0.5899
[17:45:14] warmStart (decay=exponential) 69% (756/1092) regret=0.104689 ape=0.5899
[17:45:15] warmStart (decay=exponential) 69% (757/1092) regret=0.104689 ape=0.5899
[17:45:15] warmStart (decay=exponential) 69% (758/1092) regret=0.104689 ape=0.5899
[17:45:15] warmStart (decay=exponential) 69% (759/1092) regret=0.104616 ape=0.5899
[17:45:15] warmStart (decay=exponential) 69% (760/1092) regret=0.104616 ape=0.5899
[17:45:15] warmStart (decay=exponential) 69% (761/1092) regret=0.104616 ape=0.5899
[17:45:15] warmStart (decay=exponential) 69% (762/1092) regret=0.104616 ape=0.5899
[17:45:16] warmStart (decay=exponential) 69% (763/1092) regret=0.104616 ape=0.5899
[17:45:16] warmStart (decay=exponential) 69% (764/1092) regret=0.104616 ape=0.5899
[17:45:16] warmStart (decay=exponential) 70% (765/1092) regret=0.104616 ape=0.5899
[17:45:16] warmStart (decay=exponential) 70% (766/1092) regret=0.104616 ape=0.5899
[17:45:16] warmStart (decay=exponential) 70% (767/1092) regret=0.104616 ape=0.5899
[17:45:16] warmStart (decay=exponential) 70% (768/1092) regret=0.104620 ape=0.5908
[17:45:17] warmStart (decay=exponential) 70% (769/1092) regret=0.104620 ape=0.5908
[17:45:17] warmStart (decay=exponential) 70% (770/1092) regret=0.104620 ape=0.5908
[17:45:17] warmStart (decay=exponential) 70% (771/1092) regret=0.104620 ape=0.5908
[17:45:17] warmStart (decay=exponential) 70% (772/1092) regret=0.104616 ape=0.5899
[17:45:18] warmStart (decay=exponential) 70% (773/1092) regret=0.104616 ape=0.5899
[17:45:18] warmStart (decay=exponential) 70% (774/1092) regret=0.104616 ape=0.5899
[17:45:18] warmStart (decay=exponential) 70% (775/1092) regret=0.104620 ape=0.5908
[17:45:18] warmStart (decay=exponential) 71% (776/1092) regret=0.104620 ape=0.5908
[17:45:18] warmStart (decay=exponential) 71% (777/1092) regret=0.104620 ape=0.5908
[17:45:19] warmStart (decay=exponential) 71% (778/1092) regret=0.104620 ape=0.5908
[17:45:19] warmStart (decay=exponential) 71% (779/1092) regret=0.104620 ape=0.5908
[17:45:19] warmStart (decay=exponential) 71% (780/1092) regret=0.104620 ape=0.5908
[17:45:19] warmStart (decay=exponential) 71% (781/1092) regret=0.104620 ape=0.5908
[17:45:20] warmStart (decay=exponential) 71% (782/1092) regret=0.104648 ape=0.5917
[17:45:20] warmStart (decay=exponential) 71% (783/1092) regret=0.104648 ape=0.5917
[17:45:20] warmStart (decay=exponential) 71% (784/1092) regret=0.104648 ape=0.5917
[17:45:20] warmStart (decay=exponential) 71% (785/1092) regret=0.104643 ape=0.5917
[17:45:20] warmStart (decay=exponential) 71% (786/1092) regret=0.104344 ape=0.5908
[17:45:21] warmStart (decay=exponential) 72% (787/1092) regret=0.104344 ape=0.5908
[17:45:21] warmStart (decay=exponential) 72% (788/1092) regret=0.104344 ape=0.5908
[17:45:21] warmStart (decay=exponential) 72% (789/1092) regret=0.104344 ape=0.5908
[17:45:21] warmStart (decay=exponential) 72% (790/1092) regret=0.104344 ape=0.5908
[17:45:21] warmStart (decay=exponential) 72% (791/1092) regret=0.104399 ape=0.5917
[17:45:22] warmStart (decay=exponential) 72% (792/1092) regret=0.104344 ape=0.5908
[17:45:22] warmStart (decay=exponential) 72% (793/1092) regret=0.104395 ape=0.5917
[17:45:22] warmStart (decay=exponential) 72% (794/1092) regret=0.104395 ape=0.5917
[17:45:22] warmStart (decay=exponential) 72% (795/1092) regret=0.104395 ape=0.5917
[17:45:22] warmStart (decay=exponential) 72% (796/1092) regret=0.104388 ape=0.5917
[17:45:23] warmStart (decay=exponential) 72% (797/1092) regret=0.104395 ape=0.5917
[17:45:23] warmStart (decay=exponential) 73% (798/1092) regret=0.104395 ape=0.5917
[17:45:23] warmStart (decay=exponential) 73% (799/1092) regret=0.104395 ape=0.5917
[17:45:23] warmStart (decay=exponential) 73% (800/1092) regret=0.104265 ape=0.5908
[17:45:23] warmStart (decay=exponential) 73% (801/1092) regret=0.104265 ape=0.5908
[17:45:24] warmStart (decay=exponential) 73% (802/1092) regret=0.104265 ape=0.5908
[17:45:24] warmStart (decay=exponential) 73% (803/1092) regret=0.104265 ape=0.5908
[17:45:24] warmStart (decay=exponential) 73% (804/1092) regret=0.104265 ape=0.5908
[17:45:24] warmStart (decay=exponential) 73% (805/1092) regret=0.104265 ape=0.5908
[17:45:25] warmStart (decay=exponential) 73% (806/1092) regret=0.104265 ape=0.5908
[17:45:25] warmStart (decay=exponential) 73% (807/1092) regret=0.104265 ape=0.5908
[17:45:25] warmStart (decay=exponential) 73% (808/1092) regret=0.104265 ape=0.5908
[17:45:25] warmStart (decay=exponential) 74% (809/1092) regret=0.104265 ape=0.5908
[17:45:25] warmStart (decay=exponential) 74% (810/1092) regret=0.104265 ape=0.5908
[17:45:26] warmStart (decay=exponential) 74% (811/1092) regret=0.104265 ape=0.5908
[17:45:26] warmStart (decay=exponential) 74% (812/1092) regret=0.104265 ape=0.5908
[17:45:26] warmStart (decay=exponential) 74% (813/1092) regret=0.104265 ape=0.5908
[17:45:26] warmStart (decay=exponential) 74% (814/1092) regret=0.104265 ape=0.5908
[17:45:26] warmStart (decay=exponential) 74% (815/1092) regret=0.104265 ape=0.5908
[17:45:27] warmStart (decay=exponential) 74% (816/1092) regret=0.104265 ape=0.5908
[17:45:27] warmStart (decay=exponential) 74% (817/1092) regret=0.104265 ape=0.5908
[17:45:27] warmStart (decay=exponential) 74% (818/1092) regret=0.104265 ape=0.5908
[17:45:27] warmStart (decay=exponential) 75% (819/1092) regret=0.104265 ape=0.5908
[17:45:27] warmStart (decay=exponential) 75% (820/1092) regret=0.104265 ape=0.5908
[17:45:28] warmStart (decay=exponential) 75% (821/1092) regret=0.104265 ape=0.5908
[17:45:28] warmStart (decay=exponential) 75% (822/1092) regret=0.104265 ape=0.5908
[17:45:28] warmStart (decay=exponential) 75% (823/1092) regret=0.104265 ape=0.5908
[17:45:28] warmStart (decay=exponential) 75% (824/1092) regret=0.104265 ape=0.5908
[17:45:28] warmStart (decay=exponential) 75% (825/1092) regret=0.104265 ape=0.5908
[17:45:29] warmStart (decay=exponential) 75% (826/1092) regret=0.104265 ape=0.5908
[17:45:29] warmStart (decay=exponential) 75% (827/1092) regret=0.104265 ape=0.5908
[17:45:29] warmStart (decay=exponential) 75% (828/1092) regret=0.104265 ape=0.5908
[17:45:29] warmStart (decay=exponential) 75% (829/1092) regret=0.104265 ape=0.5908
[17:45:29] warmStart (decay=exponential) 76% (830/1092) regret=0.104265 ape=0.5908
[17:45:30] warmStart (decay=exponential) 76% (831/1092) regret=0.104265 ape=0.5908
[17:45:30] warmStart (decay=exponential) 76% (832/1092) regret=0.104265 ape=0.5908
[17:45:30] warmStart (decay=exponential) 76% (833/1092) regret=0.104265 ape=0.5908
[17:45:30] warmStart (decay=exponential) 76% (834/1092) regret=0.104265 ape=0.5908
[17:45:30] warmStart (decay=exponential) 76% (835/1092) regret=0.104265 ape=0.5908
[17:45:31] warmStart (decay=exponential) 76% (836/1092) regret=0.104265 ape=0.5908
[17:45:31] warmStart (decay=exponential) 76% (837/1092) regret=0.104265 ape=0.5908
[17:45:31] warmStart (decay=exponential) 76% (838/1092) regret=0.104265 ape=0.5908
[17:45:31] warmStart (decay=exponential) 76% (839/1092) regret=0.104265 ape=0.5908
[17:45:32] warmStart (decay=exponential) 76% (840/1092) regret=0.104265 ape=0.5908
[17:45:32] warmStart (decay=exponential) 77% (841/1092) regret=0.104265 ape=0.5908
[17:45:32] warmStart (decay=exponential) 77% (842/1092) regret=0.104265 ape=0.5908
[17:45:32] warmStart (decay=exponential) 77% (843/1092) regret=0.104265 ape=0.5908
[17:45:32] warmStart (decay=exponential) 77% (844/1092) regret=0.104265 ape=0.5908
[17:45:33] warmStart (decay=exponential) 77% (845/1092) regret=0.104265 ape=0.5908
[17:45:33] warmStart (decay=exponential) 77% (846/1092) regret=0.104265 ape=0.5908
[17:45:33] warmStart (decay=exponential) 77% (847/1092) regret=0.104265 ape=0.5908
[17:45:33] warmStart (decay=exponential) 77% (848/1092) regret=0.104265 ape=0.5908
[17:45:33] warmStart (decay=exponential) 77% (849/1092) regret=0.104265 ape=0.5908
[17:45:34] warmStart (decay=exponential) 77% (850/1092) regret=0.104312 ape=0.5908
[17:45:34] warmStart (decay=exponential) 77% (851/1092) regret=0.104265 ape=0.5908
[17:45:34] warmStart (decay=exponential) 78% (852/1092) regret=0.104312 ape=0.5908
[17:45:34] warmStart (decay=exponential) 78% (853/1092) regret=0.104312 ape=0.5908
[17:45:34] warmStart (decay=exponential) 78% (854/1092) regret=0.104330 ape=0.5908
[17:45:35] warmStart (decay=exponential) 78% (855/1092) regret=0.104330 ape=0.5908
[17:45:35] warmStart (decay=exponential) 78% (856/1092) regret=0.104330 ape=0.5908
[17:45:35] warmStart (decay=exponential) 78% (857/1092) regret=0.104229 ape=0.5908
[17:45:35] warmStart (decay=exponential) 78% (858/1092) regret=0.104229 ape=0.5908
[17:45:35] warmStart (decay=exponential) 78% (859/1092) regret=0.104229 ape=0.5908
[17:45:36] warmStart (decay=exponential) 78% (860/1092) regret=0.104229 ape=0.5908
[17:45:36] warmStart (decay=exponential) 78% (861/1092) regret=0.104229 ape=0.5908
[17:45:36] warmStart (decay=exponential) 78% (862/1092) regret=0.104229 ape=0.5908
[17:45:36] warmStart (decay=exponential) 79% (863/1092) regret=0.104229 ape=0.5908
[17:45:36] warmStart (decay=exponential) 79% (864/1092) regret=0.104229 ape=0.5908
[17:45:36] warmStart (decay=exponential) 79% (865/1092) regret=0.104229 ape=0.5908
[17:45:37] warmStart (decay=exponential) 79% (866/1092) regret=0.104229 ape=0.5908
[17:45:37] warmStart (decay=exponential) 79% (867/1092) regret=0.104229 ape=0.5908
[17:45:37] warmStart (decay=exponential) 79% (868/1092) regret=0.104229 ape=0.5908
[17:45:37] warmStart (decay=exponential) 79% (869/1092) regret=0.104219 ape=0.5908
[17:45:37] warmStart (decay=exponential) 79% (870/1092) regret=0.104238 ape=0.5908
[17:45:37] warmStart (decay=exponential) 79% (871/1092) regret=0.104192 ape=0.5908
[17:45:38] warmStart (decay=exponential) 79% (872/1092) regret=0.104542 ape=0.5908
[17:45:38] warmStart (decay=exponential) 79% (873/1092) regret=0.104192 ape=0.5908
[17:45:38] warmStart (decay=exponential) 80% (874/1092) regret=0.104067 ape=0.5908
[17:45:38] warmStart (decay=exponential) 80% (875/1092) regret=0.104067 ape=0.5908
[17:45:38] warmStart (decay=exponential) 80% (876/1092) regret=0.104067 ape=0.5908
[17:45:38] warmStart (decay=exponential) 80% (877/1092) regret=0.104120 ape=0.5908
[17:45:39] warmStart (decay=exponential) 80% (878/1092) regret=0.104067 ape=0.5908
[17:45:39] warmStart (decay=exponential) 80% (879/1092) regret=0.104067 ape=0.5908
[17:45:39] warmStart (decay=exponential) 80% (880/1092) regret=0.104067 ape=0.5908
[17:45:39] warmStart (decay=exponential) 80% (881/1092) regret=0.104067 ape=0.5908
[17:45:39] warmStart (decay=exponential) 80% (882/1092) regret=0.104067 ape=0.5908
[17:45:39] warmStart (decay=exponential) 80% (883/1092) regret=0.104067 ape=0.5908
[17:45:40] warmStart (decay=exponential) 80% (884/1092) regret=0.104067 ape=0.5908
[17:45:40] warmStart (decay=exponential) 81% (885/1092) regret=0.104067 ape=0.5908
[17:45:40] warmStart (decay=exponential) 81% (886/1092) regret=0.104017 ape=0.5908
[17:45:40] warmStart (decay=exponential) 81% (887/1092) regret=0.104017 ape=0.5908
[17:45:40] warmStart (decay=exponential) 81% (888/1092) regret=0.104017 ape=0.5908
[17:45:40] warmStart (decay=exponential) 81% (889/1092) regret=0.104017 ape=0.5908
[17:45:41] warmStart (decay=exponential) 81% (890/1092) regret=0.104017 ape=0.5908
[17:45:41] warmStart (decay=exponential) 81% (891/1092) regret=0.104017 ape=0.5908
[17:45:41] warmStart (decay=exponential) 81% (892/1092) regret=0.104017 ape=0.5908
[17:45:41] warmStart (decay=exponential) 81% (893/1092) regret=0.104017 ape=0.5908
[17:45:41] warmStart (decay=exponential) 81% (894/1092) regret=0.104019 ape=0.5908
[17:45:41] warmStart (decay=exponential) 81% (895/1092) regret=0.104017 ape=0.5908
[17:45:42] warmStart (decay=exponential) 82% (896/1092) regret=0.104017 ape=0.5908
[17:45:42] warmStart (decay=exponential) 82% (897/1092) regret=0.104017 ape=0.5908
[17:45:42] warmStart (decay=exponential) 82% (898/1092) regret=0.104017 ape=0.5908
[17:45:42] warmStart (decay=exponential) 82% (899/1092) regret=0.104019 ape=0.5908
[17:45:42] warmStart (decay=exponential) 82% (900/1092) regret=0.104047 ape=0.5908
[17:45:42] warmStart (decay=exponential) 82% (901/1092) regret=0.104019 ape=0.5908
[17:45:42] warmStart (decay=exponential) 82% (902/1092) regret=0.104019 ape=0.5908
[17:45:43] warmStart (decay=exponential) 82% (903/1092) regret=0.104019 ape=0.5908
[17:45:43] warmStart (decay=exponential) 82% (904/1092) regret=0.104019 ape=0.5908
[17:45:43] warmStart (decay=exponential) 82% (905/1092) regret=0.104019 ape=0.5908
[17:45:43] warmStart (decay=exponential) 82% (906/1092) regret=0.104019 ape=0.5908
[17:45:43] warmStart (decay=exponential) 83% (907/1092) regret=0.104019 ape=0.5908
[17:45:43] warmStart (decay=exponential) 83% (908/1092) regret=0.104019 ape=0.5908
[17:45:43] warmStart (decay=exponential) 83% (909/1092) regret=0.104019 ape=0.5908
[17:45:44] warmStart (decay=exponential) 83% (910/1092) regret=0.104019 ape=0.5908
[17:45:44] warmStart (decay=exponential) 83% (911/1092) regret=0.104019 ape=0.5908
[17:45:44] warmStart (decay=exponential) 83% (912/1092) regret=0.104019 ape=0.5908
[17:45:44] warmStart (decay=exponential) 83% (913/1092) regret=0.104019 ape=0.5908
[17:45:44] warmStart (decay=exponential) 83% (914/1092) regret=0.104019 ape=0.5908
[17:45:44] warmStart (decay=exponential) 83% (915/1092) regret=0.104019 ape=0.5908
[17:45:44] warmStart (decay=exponential) 83% (916/1092) regret=0.104019 ape=0.5908
[17:45:45] warmStart (decay=exponential) 83% (917/1092) regret=0.104019 ape=0.5908
[17:45:45] warmStart (decay=exponential) 84% (918/1092) regret=0.104019 ape=0.5908
[17:45:45] warmStart (decay=exponential) 84% (919/1092) regret=0.104019 ape=0.5908
[17:45:45] warmStart (decay=exponential) 84% (920/1092) regret=0.104019 ape=0.5908
[17:45:45] warmStart (decay=exponential) 84% (921/1092) regret=0.104019 ape=0.5908
[17:45:45] warmStart (decay=exponential) 84% (922/1092) regret=0.104019 ape=0.5908
[17:45:45] warmStart (decay=exponential) 84% (923/1092) regret=0.104019 ape=0.5908
[17:45:46] warmStart (decay=exponential) 84% (924/1092) regret=0.104019 ape=0.5908
[17:45:46] warmStart (decay=exponential) 84% (925/1092) regret=0.104019 ape=0.5908
[17:45:46] warmStart (decay=exponential) 84% (926/1092) regret=0.104019 ape=0.5908
[17:45:46] warmStart (decay=exponential) 84% (927/1092) regret=0.104023 ape=0.5908
[17:45:46] warmStart (decay=exponential) 84% (928/1092) regret=0.104022 ape=0.5908
[17:45:46] warmStart (decay=exponential) 85% (929/1092) regret=0.104019 ape=0.5908
[17:45:47] warmStart (decay=exponential) 85% (930/1092) regret=0.104023 ape=0.5908
[17:45:47] warmStart (decay=exponential) 85% (931/1092) regret=0.104022 ape=0.5908
[17:45:47] warmStart (decay=exponential) 85% (932/1092) regret=0.104019 ape=0.5908
[17:45:47] warmStart (decay=exponential) 85% (933/1092) regret=0.104023 ape=0.5908
[17:45:47] warmStart (decay=exponential) 85% (934/1092) regret=0.104023 ape=0.5908
[17:45:47] warmStart (decay=exponential) 85% (935/1092) regret=0.104023 ape=0.5908
[17:45:47] warmStart (decay=exponential) 85% (936/1092) regret=0.104023 ape=0.5908
[17:45:48] warmStart (decay=exponential) 85% (937/1092) regret=0.104023 ape=0.5908
[17:45:48] warmStart (decay=exponential) 85% (938/1092) regret=0.104023 ape=0.5908
[17:45:48] warmStart (decay=exponential) 85% (939/1092) regret=0.104005 ape=0.5899
[17:45:48] warmStart (decay=exponential) 86% (940/1092) regret=0.104005 ape=0.5899
[17:45:48] warmStart (decay=exponential) 86% (941/1092) regret=0.104005 ape=0.5899
[17:45:48] warmStart (decay=exponential) 86% (942/1092) regret=0.104005 ape=0.5899
[17:45:48] warmStart (decay=exponential) 86% (943/1092) regret=0.104005 ape=0.5899
[17:45:49] warmStart (decay=exponential) 86% (944/1092) regret=0.104005 ape=0.5899
[17:45:49] warmStart (decay=exponential) 86% (945/1092) regret=0.104005 ape=0.5899
[17:45:49] warmStart (decay=exponential) 86% (946/1092) regret=0.104005 ape=0.5899
[17:45:49] warmStart (decay=exponential) 86% (947/1092) regret=0.103644 ape=0.5899
[17:45:49] warmStart (decay=exponential) 86% (948/1092) regret=0.103644 ape=0.5899
[17:45:49] warmStart (decay=exponential) 86% (949/1092) regret=0.103644 ape=0.5899
[17:45:50] warmStart (decay=exponential) 86% (950/1092) regret=0.103644 ape=0.5899
[17:45:50] warmStart (decay=exponential) 87% (951/1092) regret=0.103644 ape=0.5899
[17:45:50] warmStart (decay=exponential) 87% (952/1092) regret=0.103644 ape=0.5899
[17:45:50] warmStart (decay=exponential) 87% (953/1092) regret=0.103644 ape=0.5899
[17:45:50] warmStart (decay=exponential) 87% (954/1092) regret=0.103644 ape=0.5899
[17:45:50] warmStart (decay=exponential) 87% (955/1092) regret=0.103644 ape=0.5899
[17:45:51] warmStart (decay=exponential) 87% (956/1092) regret=0.103644 ape=0.5899
[17:45:51] warmStart (decay=exponential) 87% (957/1092) regret=0.103644 ape=0.5899
[17:45:51] warmStart (decay=exponential) 87% (958/1092) regret=0.103644 ape=0.5899
[17:45:51] warmStart (decay=exponential) 87% (959/1092) regret=0.103644 ape=0.5899
[17:45:51] warmStart (decay=exponential) 87% (960/1092) regret=0.103644 ape=0.5899
[17:45:51] warmStart (decay=exponential) 88% (961/1092) regret=0.103644 ape=0.5899
[17:45:51] warmStart (decay=exponential) 88% (962/1092) regret=0.103644 ape=0.5899
[17:45:52] warmStart (decay=exponential) 88% (963/1092) regret=0.103644 ape=0.5899
[17:45:52] warmStart (decay=exponential) 88% (964/1092) regret=0.103644 ape=0.5899
[17:45:52] warmStart (decay=exponential) 88% (965/1092) regret=0.103644 ape=0.5899
[17:45:52] warmStart (decay=exponential) 88% (966/1092) regret=0.103644 ape=0.5899
[17:45:52] warmStart (decay=exponential) 88% (967/1092) regret=0.103644 ape=0.5899
[17:45:52] warmStart (decay=exponential) 88% (968/1092) regret=0.103644 ape=0.5899
[17:45:52] warmStart (decay=exponential) 88% (969/1092) regret=0.103644 ape=0.5899
[17:45:53] warmStart (decay=exponential) 88% (970/1092) regret=0.103644 ape=0.5899
[17:45:53] warmStart (decay=exponential) 88% (971/1092) regret=0.103644 ape=0.5899
[17:45:53] warmStart (decay=exponential) 89% (972/1092) regret=0.103644 ape=0.5899
[17:45:53] warmStart (decay=exponential) 89% (973/1092) regret=0.103644 ape=0.5899
[17:45:53] warmStart (decay=exponential) 89% (974/1092) regret=0.103644 ape=0.5899
[17:45:53] warmStart (decay=exponential) 89% (975/1092) regret=0.103644 ape=0.5899
[17:45:54] warmStart (decay=exponential) 89% (976/1092) regret=0.103644 ape=0.5899
[17:45:54] warmStart (decay=exponential) 89% (977/1092) regret=0.103644 ape=0.5899
[17:45:54] warmStart (decay=exponential) 89% (978/1092) regret=0.103644 ape=0.5899
[17:45:54] warmStart (decay=exponential) 89% (979/1092) regret=0.103644 ape=0.5899
[17:45:54] warmStart (decay=exponential) 89% (980/1092) regret=0.103644 ape=0.5899
[17:45:54] warmStart (decay=exponential) 89% (981/1092) regret=0.103671 ape=0.5908
[17:45:54] warmStart (decay=exponential) 89% (982/1092) regret=0.103671 ape=0.5908
[17:45:55] warmStart (decay=exponential) 90% (983/1092) regret=0.103671 ape=0.5908
[17:45:55] warmStart (decay=exponential) 90% (984/1092) regret=0.103671 ape=0.5908
[17:45:55] warmStart (decay=exponential) 90% (985/1092) regret=0.103671 ape=0.5908
[17:45:55] warmStart (decay=exponential) 90% (986/1092) regret=0.103671 ape=0.5908
[17:45:55] warmStart (decay=exponential) 90% (987/1092) regret=0.103671 ape=0.5908
[17:45:55] warmStart (decay=exponential) 90% (988/1092) regret=0.103671 ape=0.5908
[17:45:56] warmStart (decay=exponential) 90% (989/1092) regret=0.103671 ape=0.5908
[17:45:56] warmStart (decay=exponential) 90% (990/1092) regret=0.103671 ape=0.5908
[17:45:56] warmStart (decay=exponential) 90% (991/1092) regret=0.103671 ape=0.5908
[17:45:56] warmStart (decay=exponential) 90% (992/1092) regret=0.103671 ape=0.5908
[17:45:56] warmStart (decay=exponential) 90% (993/1092) regret=0.103671 ape=0.5908
[17:45:56] warmStart (decay=exponential) 91% (994/1092) regret=0.103671 ape=0.5908
[17:45:57] warmStart (decay=exponential) 91% (995/1092) regret=0.103671 ape=0.5908
[17:45:57] warmStart (decay=exponential) 91% (996/1092) regret=0.103671 ape=0.5908
[17:45:57] warmStart (decay=exponential) 91% (997/1092) regret=0.103671 ape=0.5908
[17:45:57] warmStart (decay=exponential) 91% (998/1092) regret=0.103671 ape=0.5908
[17:45:57] warmStart (decay=exponential) 91% (999/1092) regret=0.103671 ape=0.5908
[17:45:57] warmStart (decay=exponential) 91% (1000/1092) regret=0.103671 ape=0.5908
[17:45:57] warmStart (decay=exponential) 91% (1001/1092) regret=0.103671 ape=0.5908
[17:45:58] warmStart (decay=exponential) 91% (1002/1092) regret=0.103671 ape=0.5908
[17:45:58] warmStart (decay=exponential) 91% (1003/1092) regret=0.103671 ape=0.5908
[17:45:58] warmStart (decay=exponential) 91% (1004/1092) regret=0.103671 ape=0.5908
[17:45:58] warmStart (decay=exponential) 92% (1005/1092) regret=0.103671 ape=0.5908
[17:45:58] warmStart (decay=exponential) 92% (1006/1092) regret=0.103671 ape=0.5908
[17:45:58] warmStart (decay=exponential) 92% (1007/1092) regret=0.103671 ape=0.5908
[17:45:59] warmStart (decay=exponential) 92% (1008/1092) regret=0.103671 ape=0.5908
[17:45:59] warmStart (decay=exponential) 92% (1009/1092) regret=0.103671 ape=0.5908
[17:45:59] warmStart (decay=exponential) 92% (1010/1092) regret=0.103671 ape=0.5908
[17:45:59] warmStart (decay=exponential) 92% (1011/1092) regret=0.103671 ape=0.5908
[17:45:59] warmStart (decay=exponential) 92% (1012/1092) regret=0.103671 ape=0.5908
[17:45:59] warmStart (decay=exponential) 92% (1013/1092) regret=0.103671 ape=0.5908
[17:46:00] warmStart (decay=exponential) 92% (1014/1092) regret=0.103671 ape=0.5908
[17:46:00] warmStart (decay=exponential) 92% (1015/1092) regret=0.103671 ape=0.5908
[17:46:00] warmStart (decay=exponential) 93% (1016/1092) regret=0.103671 ape=0.5908
[17:46:00] warmStart (decay=exponential) 93% (1017/1092) regret=0.103671 ape=0.5908
[17:46:00] warmStart (decay=exponential) 93% (1018/1092) regret=0.103671 ape=0.5908
[17:46:00] warmStart (decay=exponential) 93% (1019/1092) regret=0.103671 ape=0.5908
[17:46:01] warmStart (decay=exponential) 93% (1020/1092) regret=0.103671 ape=0.5908
[17:46:01] warmStart (decay=exponential) 93% (1021/1092) regret=0.103671 ape=0.5908
[17:46:01] warmStart (decay=exponential) 93% (1022/1092) regret=0.103957 ape=0.5917
[17:46:01] warmStart (decay=exponential) 93% (1023/1092) regret=0.103846 ape=0.5917
[17:46:01] warmStart (decay=exponential) 93% (1024/1092) regret=0.103846 ape=0.5917
[17:46:01] warmStart (decay=exponential) 93% (1025/1092) regret=0.103846 ape=0.5917
[17:46:01] warmStart (decay=exponential) 93% (1026/1092) regret=0.103846 ape=0.5917
[17:46:02] warmStart (decay=exponential) 94% (1027/1092) regret=0.103846 ape=0.5917
[17:46:02] warmStart (decay=exponential) 94% (1028/1092) regret=0.103846 ape=0.5917
[17:46:02] warmStart (decay=exponential) 94% (1029/1092) regret=0.103759 ape=0.5917
[17:46:02] warmStart (decay=exponential) 94% (1030/1092) regret=0.103427 ape=0.5908
[17:46:02] warmStart (decay=exponential) 94% (1031/1092) regret=0.103427 ape=0.5908
[17:46:02] warmStart (decay=exponential) 94% (1032/1092) regret=0.103427 ape=0.5908
[17:46:03] warmStart (decay=exponential) 94% (1033/1092) regret=0.103427 ape=0.5908
[17:46:03] warmStart (decay=exponential) 94% (1034/1092) regret=0.103409 ape=0.5908
[17:46:03] warmStart (decay=exponential) 94% (1035/1092) regret=0.103409 ape=0.5908
[17:46:03] warmStart (decay=exponential) 94% (1036/1092) regret=0.103409 ape=0.5908
[17:46:03] warmStart (decay=exponential) 94% (1037/1092) regret=0.103409 ape=0.5908
[17:46:03] warmStart (decay=exponential) 95% (1038/1092) regret=0.103409 ape=0.5908
[17:46:04] warmStart (decay=exponential) 95% (1039/1092) regret=0.103409 ape=0.5908
[17:46:04] warmStart (decay=exponential) 95% (1040/1092) regret=0.103409 ape=0.5908
[17:46:04] warmStart (decay=exponential) 95% (1041/1092) regret=0.103409 ape=0.5908
[17:46:04] warmStart (decay=exponential) 95% (1042/1092) regret=0.103409 ape=0.5908
[17:46:04] warmStart (decay=exponential) 95% (1043/1092) regret=0.103409 ape=0.5908
[17:46:05] warmStart (decay=exponential) 95% (1044/1092) regret=0.103418 ape=0.5908
[17:46:05] warmStart (decay=exponential) 95% (1045/1092) regret=0.103418 ape=0.5908
[17:46:05] warmStart (decay=exponential) 95% (1046/1092) regret=0.103418 ape=0.5908
[17:46:05] warmStart (decay=exponential) 95% (1047/1092) regret=0.103418 ape=0.5908
[17:46:05] warmStart (decay=exponential) 95% (1048/1092) regret=0.103418 ape=0.5908
[17:46:05] warmStart (decay=exponential) 96% (1049/1092) regret=0.103418 ape=0.5908
[17:46:06] warmStart (decay=exponential) 96% (1050/1092) regret=0.103418 ape=0.5908
[17:46:06] warmStart (decay=exponential) 96% (1051/1092) regret=0.103418 ape=0.5908
[17:46:06] warmStart (decay=exponential) 96% (1052/1092) regret=0.103418 ape=0.5908
[17:46:06] warmStart (decay=exponential) 96% (1053/1092) regret=0.103418 ape=0.5908
[17:46:06] warmStart (decay=exponential) 96% (1054/1092) regret=0.103418 ape=0.5908
[17:46:06] warmStart (decay=exponential) 96% (1055/1092) regret=0.103418 ape=0.5908
[17:46:07] warmStart (decay=exponential) 96% (1056/1092) regret=0.103418 ape=0.5908
[17:46:07] warmStart (decay=exponential) 96% (1057/1092) regret=0.103418 ape=0.5908
[17:46:07] warmStart (decay=exponential) 96% (1058/1092) regret=0.103416 ape=0.5908
[17:46:07] warmStart (decay=exponential) 96% (1059/1092) regret=0.103414 ape=0.5899
[17:46:07] warmStart (decay=exponential) 97% (1060/1092) regret=0.103414 ape=0.5899
[17:46:07] warmStart (decay=exponential) 97% (1061/1092) regret=0.103414 ape=0.5899
[17:46:08] warmStart (decay=exponential) 97% (1062/1092) regret=0.103414 ape=0.5899
[17:46:08] warmStart (decay=exponential) 97% (1063/1092) regret=0.103414 ape=0.5899
[17:46:08] warmStart (decay=exponential) 97% (1064/1092) regret=0.103414 ape=0.5899
[17:46:08] warmStart (decay=exponential) 97% (1065/1092) regret=0.103414 ape=0.5899
[17:46:08] warmStart (decay=exponential) 97% (1066/1092) regret=0.103414 ape=0.5899
[17:46:08] warmStart (decay=exponential) 97% (1067/1092) regret=0.103414 ape=0.5899
[17:46:08] warmStart (decay=exponential) 97% (1068/1092) regret=0.103414 ape=0.5899
[17:46:09] warmStart (decay=exponential) 97% (1069/1092) regret=0.103414 ape=0.5899
[17:46:09] warmStart (decay=exponential) 97% (1070/1092) regret=0.103414 ape=0.5899
[17:46:09] warmStart (decay=exponential) 98% (1071/1092) regret=0.103414 ape=0.5899
[17:46:09] warmStart (decay=exponential) 98% (1072/1092) regret=0.103414 ape=0.5899
[17:46:09] warmStart (decay=exponential) 98% (1073/1092) regret=0.103414 ape=0.5899
[17:46:10] warmStart (decay=exponential) 98% (1074/1092) regret=0.103414 ape=0.5899
[17:46:10] warmStart (decay=exponential) 98% (1075/1092) regret=0.103414 ape=0.5899
[17:46:10] warmStart (decay=exponential) 98% (1076/1092) regret=0.103414 ape=0.5899
[17:46:10] warmStart (decay=exponential) 98% (1077/1092) regret=0.103414 ape=0.5899
[17:46:10] warmStart (decay=exponential) 98% (1078/1092) regret=0.103414 ape=0.5899
[17:46:11] warmStart (decay=exponential) 98% (1079/1092) regret=0.103414 ape=0.5899
[17:46:11] warmStart (decay=exponential) 98% (1080/1092) regret=0.103414 ape=0.5899
[17:46:11] warmStart (decay=exponential) 98% (1081/1092) regret=0.103414 ape=0.5899
[17:46:11] warmStart (decay=exponential) 99% (1082/1092) regret=0.103414 ape=0.5899
[17:46:11] warmStart (decay=exponential) 99% (1083/1092) regret=0.103414 ape=0.5899
[17:46:12] warmStart (decay=exponential) 99% (1084/1092) regret=0.103414 ape=0.5899
[17:46:12] warmStart (decay=exponential) 99% (1085/1092) regret=0.103414 ape=0.5899
[17:46:12] warmStart (decay=exponential) 99% (1086/1092) regret=0.103414 ape=0.5899
[17:46:12] warmStart (decay=exponential) 99% (1087/1092) regret=0.103414 ape=0.5899
[17:46:12] warmStart (decay=exponential) 99% (1088/1092) regret=0.103414 ape=0.5899
[17:46:12] warmStart (decay=exponential) 99% (1089/1092) regret=0.103414 ape=0.5899
[17:46:13] warmStart (decay=exponential) 99% (1090/1092) regret=0.103414 ape=0.5899
[17:46:13] warmStart (decay=exponential) 99% (1091/1092) regret=0.103414 ape=0.5899
Warm w=50 finished: 1091 points, 204.38s wall time
  Final: regret=0.103414, ape=0.5899

Saved: /home/users/g/s/gsavary/LudiiMCTSVariations/slurm_sweep_full_dataset/output_decay/warm_50_decay_exponential_0_075/seed_0/sweep_decay_warm_50_exponential_0.075_0_20260426_174613.json

Generating plots...
Saved: /home/users/g/s/gsavary/LudiiMCTSVariations/slurm_sweep_full_dataset/output_decay/warm_50_decay_exponential_0_075/seed_0/sweep_decay_warm_50_exponential_0.075_0_20260426_174613_regret.png
Saved: /home/users/g/s/gsavary/LudiiMCTSVariations/slurm_sweep_full_dataset/output_decay/warm_50_decay_exponential_0_075/seed_0/sweep_decay_warm_50_exponential_0.075_0_20260426_174613_ape.png

================================================================================
Experiment complete!
================================================================================
Done. Results in: /home/users/g/s/gsavary/LudiiMCTSVariations/slurm_sweep_full_dataset/output_decay/warm_50_decay_exponential_0_075/seed_0
