============================================================
Decay sweep experiment
Method:      warm:200
Decay mode:  exponential
Decay param: 0.20
Seed:        4
Output:      /home/users/g/s/gsavary/LudiiMCTSVariations/slurm_sweep_full_dataset/output_decay/warm_200_decay_exponential_0_20/seed_4
============================================================

================================================================================
SLURM Sweep Experiment with Synthetic Data Decay
================================================================================
Method: warm:200
Decay: exponential (param=0.2)
Time limit: 3600.0s, Seed: 4, Batch size: 20
Output directory: /home/users/g/s/gsavary/LudiiMCTSVariations/slurm_sweep_full_dataset/output_decay/warm_200_decay_exponential_0_20/seed_4

Loading Ludii dataset...
Loaded 1085 games
Using 1085 games (full dataset)

Running timing probe (100 pulls)...
  Estimated secs/pull: 0.022378

Time budget: 3600.0s → ~160873 total pulls
Per-method budget: 22981 pulls (~514.3s)

Computing predictor-only performance...
  Predictions loaded: 23675 agent predictions
  Predictor-only: regret=0.104318, ape=0.4894

Running WARM-START (w=200, decay=exponential param=0.2)...
[17:54:25] warmStart (decay=exponential) 0% (1/1150) regret=0.100827 ape=0.5530
[17:54:25] warmStart (decay=exponential) 0% (2/1150) regret=0.100827 ape=0.5530
[17:54:25] warmStart (decay=exponential) 0% (3/1150) regret=0.100827 ape=0.5530
[17:54:26] warmStart (decay=exponential) 0% (4/1150) regret=0.100827 ape=0.5530
[17:54:26] warmStart (decay=exponential) 0% (5/1150) regret=0.100827 ape=0.5530
[17:54:26] warmStart (decay=exponential) 0% (6/1150) regret=0.100827 ape=0.5530
[17:54:26] warmStart (decay=exponential) 0% (7/1150) regret=0.100827 ape=0.5530
[17:54:26] warmStart (decay=exponential) 0% (8/1150) regret=0.100827 ape=0.5530
[17:54:27] warmStart (decay=exponential) 0% (9/1150) regret=0.100827 ape=0.5530
[17:54:27] warmStart (decay=exponential) 0% (10/1150) regret=0.100827 ape=0.5530
[17:54:27] warmStart (decay=exponential) 0% (11/1150) regret=0.100827 ape=0.5530
[17:54:27] warmStart (decay=exponential) 1% (12/1150) regret=0.100827 ape=0.5530
[17:54:27] warmStart (decay=exponential) 1% (13/1150) regret=0.100827 ape=0.5530
[17:54:27] warmStart (decay=exponential) 1% (14/1150) regret=0.100827 ape=0.5530
[17:54:28] warmStart (decay=exponential) 1% (15/1150) regret=0.100827 ape=0.5530
[17:54:28] warmStart (decay=exponential) 1% (16/1150) regret=0.100827 ape=0.5530
[17:54:28] warmStart (decay=exponential) 1% (17/1150) regret=0.100827 ape=0.5530
[17:54:28] warmStart (decay=exponential) 1% (18/1150) regret=0.100827 ape=0.5530
[17:54:28] warmStart (decay=exponential) 1% (19/1150) regret=0.100827 ape=0.5530
[17:54:28] warmStart (decay=exponential) 1% (20/1150) regret=0.100827 ape=0.5530
[17:54:29] warmStart (decay=exponential) 1% (21/1150) regret=0.100827 ape=0.5530
[17:54:29] warmStart (decay=exponential) 1% (22/1150) regret=0.100827 ape=0.5530
[17:54:29] warmStart (decay=exponential) 2% (23/1150) regret=0.100827 ape=0.5530
[17:54:29] warmStart (decay=exponential) 2% (24/1150) regret=0.100827 ape=0.5530
[17:54:29] warmStart (decay=exponential) 2% (25/1150) regret=0.100827 ape=0.5530
[17:54:29] warmStart (decay=exponential) 2% (26/1150) regret=0.100827 ape=0.5530
[17:54:30] warmStart (decay=exponential) 2% (27/1150) regret=0.100827 ape=0.5530
[17:54:30] warmStart (decay=exponential) 2% (28/1150) regret=0.100827 ape=0.5530
[17:54:30] warmStart (decay=exponential) 2% (29/1150) regret=0.100827 ape=0.5530
[17:54:30] warmStart (decay=exponential) 2% (30/1150) regret=0.100827 ape=0.5530
[17:54:30] warmStart (decay=exponential) 2% (31/1150) regret=0.100827 ape=0.5530
[17:54:30] warmStart (decay=exponential) 2% (32/1150) regret=0.100827 ape=0.5530
[17:54:31] warmStart (decay=exponential) 2% (33/1150) regret=0.100827 ape=0.5530
[17:54:31] warmStart (decay=exponential) 2% (34/1150) regret=0.100827 ape=0.5530
[17:54:31] warmStart (decay=exponential) 3% (35/1150) regret=0.100827 ape=0.5530
[17:54:31] warmStart (decay=exponential) 3% (36/1150) regret=0.100827 ape=0.5530
[17:54:31] warmStart (decay=exponential) 3% (37/1150) regret=0.100827 ape=0.5530
[17:54:31] warmStart (decay=exponential) 3% (38/1150) regret=0.100827 ape=0.5530
[17:54:32] warmStart (decay=exponential) 3% (39/1150) regret=0.100827 ape=0.5530
[17:54:32] warmStart (decay=exponential) 3% (40/1150) regret=0.100827 ape=0.5530
[17:54:32] warmStart (decay=exponential) 3% (41/1150) regret=0.100827 ape=0.5530
[17:54:32] warmStart (decay=exponential) 3% (42/1150) regret=0.100827 ape=0.5530
[17:54:32] warmStart (decay=exponential) 3% (43/1150) regret=0.100827 ape=0.5530
[17:54:32] warmStart (decay=exponential) 3% (44/1150) regret=0.100827 ape=0.5530
[17:54:33] warmStart (decay=exponential) 3% (45/1150) regret=0.100827 ape=0.5530
[17:54:33] warmStart (decay=exponential) 4% (46/1150) regret=0.100827 ape=0.5530
[17:54:33] warmStart (decay=exponential) 4% (47/1150) regret=0.100827 ape=0.5530
[17:54:33] warmStart (decay=exponential) 4% (48/1150) regret=0.100827 ape=0.5530
[17:54:33] warmStart (decay=exponential) 4% (49/1150) regret=0.100827 ape=0.5530
[17:54:33] warmStart (decay=exponential) 4% (50/1150) regret=0.100827 ape=0.5530
[17:54:34] warmStart (decay=exponential) 4% (51/1150) regret=0.100827 ape=0.5530
[17:54:34] warmStart (decay=exponential) 4% (52/1150) regret=0.100827 ape=0.5530
[17:54:34] warmStart (decay=exponential) 4% (53/1150) regret=0.100827 ape=0.5530
[17:54:34] warmStart (decay=exponential) 4% (54/1150) regret=0.100827 ape=0.5530
[17:54:34] warmStart (decay=exponential) 4% (55/1150) regret=0.100827 ape=0.5530
[17:54:34] warmStart (decay=exponential) 4% (56/1150) regret=0.100827 ape=0.5530
[17:54:35] warmStart (decay=exponential) 4% (57/1150) regret=0.100827 ape=0.5530
[17:54:35] warmStart (decay=exponential) 5% (58/1150) regret=0.100827 ape=0.5530
[17:54:35] warmStart (decay=exponential) 5% (59/1150) regret=0.100827 ape=0.5530
[17:54:35] warmStart (decay=exponential) 5% (60/1150) regret=0.100827 ape=0.5530
[17:54:35] warmStart (decay=exponential) 5% (61/1150) regret=0.100827 ape=0.5530
[17:54:35] warmStart (decay=exponential) 5% (62/1150) regret=0.100827 ape=0.5530
[17:54:36] warmStart (decay=exponential) 5% (63/1150) regret=0.100827 ape=0.5530
[17:54:36] warmStart (decay=exponential) 5% (64/1150) regret=0.100827 ape=0.5530
[17:54:36] warmStart (decay=exponential) 5% (65/1150) regret=0.100827 ape=0.5530
[17:54:36] warmStart (decay=exponential) 5% (66/1150) regret=0.100827 ape=0.5530
[17:54:36] warmStart (decay=exponential) 5% (67/1150) regret=0.100827 ape=0.5530
[17:54:36] warmStart (decay=exponential) 5% (68/1150) regret=0.100827 ape=0.5530
[17:54:37] warmStart (decay=exponential) 6% (69/1150) regret=0.100827 ape=0.5530
[17:54:37] warmStart (decay=exponential) 6% (70/1150) regret=0.100827 ape=0.5530
[17:54:37] warmStart (decay=exponential) 6% (71/1150) regret=0.100827 ape=0.5530
[17:54:37] warmStart (decay=exponential) 6% (72/1150) regret=0.100827 ape=0.5530
[17:54:37] warmStart (decay=exponential) 6% (73/1150) regret=0.100827 ape=0.5530
[17:54:37] warmStart (decay=exponential) 6% (74/1150) regret=0.100827 ape=0.5530
[17:54:38] warmStart (decay=exponential) 6% (75/1150) regret=0.100827 ape=0.5530
[17:54:38] warmStart (decay=exponential) 6% (76/1150) regret=0.100827 ape=0.5530
[17:54:38] warmStart (decay=exponential) 6% (77/1150) regret=0.100827 ape=0.5530
[17:54:38] warmStart (decay=exponential) 6% (78/1150) regret=0.100827 ape=0.5530
[17:54:38] warmStart (decay=exponential) 6% (79/1150) regret=0.100827 ape=0.5530
[17:54:38] warmStart (decay=exponential) 6% (80/1150) regret=0.100827 ape=0.5530
[17:54:39] warmStart (decay=exponential) 7% (81/1150) regret=0.100827 ape=0.5530
[17:54:39] warmStart (decay=exponential) 7% (82/1150) regret=0.100827 ape=0.5530
[17:54:39] warmStart (decay=exponential) 7% (83/1150) regret=0.100827 ape=0.5530
[17:54:39] warmStart (decay=exponential) 7% (84/1150) regret=0.100827 ape=0.5530
[17:54:39] warmStart (decay=exponential) 7% (85/1150) regret=0.100827 ape=0.5530
[17:54:39] warmStart (decay=exponential) 7% (86/1150) regret=0.100827 ape=0.5530
[17:54:40] warmStart (decay=exponential) 7% (87/1150) regret=0.100827 ape=0.5530
[17:54:40] warmStart (decay=exponential) 7% (88/1150) regret=0.100827 ape=0.5530
[17:54:40] warmStart (decay=exponential) 7% (89/1150) regret=0.100827 ape=0.5530
[17:54:40] warmStart (decay=exponential) 7% (90/1150) regret=0.100827 ape=0.5530
[17:54:40] warmStart (decay=exponential) 7% (91/1150) regret=0.100827 ape=0.5530
[17:54:41] warmStart (decay=exponential) 8% (92/1150) regret=0.100827 ape=0.5530
[17:54:41] warmStart (decay=exponential) 8% (93/1150) regret=0.100827 ape=0.5530
[17:54:41] warmStart (decay=exponential) 8% (94/1150) regret=0.100827 ape=0.5530
[17:54:41] warmStart (decay=exponential) 8% (95/1150) regret=0.100827 ape=0.5530
[17:54:41] warmStart (decay=exponential) 8% (96/1150) regret=0.100827 ape=0.5530
[17:54:41] warmStart (decay=exponential) 8% (97/1150) regret=0.100827 ape=0.5530
[17:54:42] warmStart (decay=exponential) 8% (98/1150) regret=0.100827 ape=0.5530
[17:54:42] warmStart (decay=exponential) 8% (99/1150) regret=0.100827 ape=0.5530
[17:54:42] warmStart (decay=exponential) 8% (100/1150) regret=0.100827 ape=0.5530
[17:54:42] warmStart (decay=exponential) 8% (101/1150) regret=0.100827 ape=0.5530
[17:54:42] warmStart (decay=exponential) 8% (102/1150) regret=0.100827 ape=0.5530
[17:54:42] warmStart (decay=exponential) 8% (103/1150) regret=0.100827 ape=0.5530
[17:54:43] warmStart (decay=exponential) 9% (104/1150) regret=0.100827 ape=0.5530
[17:54:43] warmStart (decay=exponential) 9% (105/1150) regret=0.100827 ape=0.5530
[17:54:43] warmStart (decay=exponential) 9% (106/1150) regret=0.100827 ape=0.5530
[17:54:43] warmStart (decay=exponential) 9% (107/1150) regret=0.100827 ape=0.5530
[17:54:43] warmStart (decay=exponential) 9% (108/1150) regret=0.100827 ape=0.5530
[17:54:43] warmStart (decay=exponential) 9% (109/1150) regret=0.100827 ape=0.5530
[17:54:44] warmStart (decay=exponential) 9% (110/1150) regret=0.100827 ape=0.5530
[17:54:44] warmStart (decay=exponential) 9% (111/1150) regret=0.100827 ape=0.5530
[17:54:44] warmStart (decay=exponential) 9% (112/1150) regret=0.100827 ape=0.5530
[17:54:44] warmStart (decay=exponential) 9% (113/1150) regret=0.100827 ape=0.5530
[17:54:44] warmStart (decay=exponential) 9% (114/1150) regret=0.100827 ape=0.5530
[17:54:44] warmStart (decay=exponential) 10% (115/1150) regret=0.100827 ape=0.5530
[17:54:45] warmStart (decay=exponential) 10% (116/1150) regret=0.100827 ape=0.5530
[17:54:45] warmStart (decay=exponential) 10% (117/1150) regret=0.100827 ape=0.5530
[17:54:45] warmStart (decay=exponential) 10% (118/1150) regret=0.100827 ape=0.5530
[17:54:45] warmStart (decay=exponential) 10% (119/1150) regret=0.100827 ape=0.5530
[17:54:45] warmStart (decay=exponential) 10% (120/1150) regret=0.100827 ape=0.5530
[17:54:45] warmStart (decay=exponential) 10% (121/1150) regret=0.100827 ape=0.5530
[17:54:46] warmStart (decay=exponential) 10% (122/1150) regret=0.100827 ape=0.5530
[17:54:46] warmStart (decay=exponential) 10% (123/1150) regret=0.100827 ape=0.5530
[17:54:46] warmStart (decay=exponential) 10% (124/1150) regret=0.100827 ape=0.5530
[17:54:46] warmStart (decay=exponential) 10% (125/1150) regret=0.100827 ape=0.5530
[17:54:46] warmStart (decay=exponential) 10% (126/1150) regret=0.100827 ape=0.5530
[17:54:46] warmStart (decay=exponential) 11% (127/1150) regret=0.100827 ape=0.5530
[17:54:47] warmStart (decay=exponential) 11% (128/1150) regret=0.100827 ape=0.5530
[17:54:47] warmStart (decay=exponential) 11% (129/1150) regret=0.100827 ape=0.5530
[17:54:47] warmStart (decay=exponential) 11% (130/1150) regret=0.100827 ape=0.5530
[17:54:47] warmStart (decay=exponential) 11% (131/1150) regret=0.100827 ape=0.5530
[17:54:47] warmStart (decay=exponential) 11% (132/1150) regret=0.100827 ape=0.5530
[17:54:47] warmStart (decay=exponential) 11% (133/1150) regret=0.100827 ape=0.5530
[17:54:48] warmStart (decay=exponential) 11% (134/1150) regret=0.100827 ape=0.5530
[17:54:48] warmStart (decay=exponential) 11% (135/1150) regret=0.100827 ape=0.5530
[17:54:48] warmStart (decay=exponential) 11% (136/1150) regret=0.100827 ape=0.5530
[17:54:48] warmStart (decay=exponential) 11% (137/1150) regret=0.100827 ape=0.5530
[17:54:48] warmStart (decay=exponential) 12% (138/1150) regret=0.100827 ape=0.5530
[17:54:48] warmStart (decay=exponential) 12% (139/1150) regret=0.100827 ape=0.5530
[17:54:49] warmStart (decay=exponential) 12% (140/1150) regret=0.100827 ape=0.5530
[17:54:49] warmStart (decay=exponential) 12% (141/1150) regret=0.100827 ape=0.5530
[17:54:49] warmStart (decay=exponential) 12% (142/1150) regret=0.100827 ape=0.5530
[17:54:49] warmStart (decay=exponential) 12% (143/1150) regret=0.100827 ape=0.5530
[17:54:49] warmStart (decay=exponential) 12% (144/1150) regret=0.100827 ape=0.5530
[17:54:49] warmStart (decay=exponential) 12% (145/1150) regret=0.100827 ape=0.5530
[17:54:50] warmStart (decay=exponential) 12% (146/1150) regret=0.100827 ape=0.5530
[17:54:50] warmStart (decay=exponential) 12% (147/1150) regret=0.100827 ape=0.5530
[17:54:50] warmStart (decay=exponential) 12% (148/1150) regret=0.100827 ape=0.5530
[17:54:50] warmStart (decay=exponential) 12% (149/1150) regret=0.100827 ape=0.5530
[17:54:50] warmStart (decay=exponential) 13% (150/1150) regret=0.100827 ape=0.5530
[17:54:51] warmStart (decay=exponential) 13% (151/1150) regret=0.100827 ape=0.5530
[17:54:51] warmStart (decay=exponential) 13% (152/1150) regret=0.100827 ape=0.5530
[17:54:51] warmStart (decay=exponential) 13% (153/1150) regret=0.100827 ape=0.5530
[17:54:51] warmStart (decay=exponential) 13% (154/1150) regret=0.100827 ape=0.5530
[17:54:51] warmStart (decay=exponential) 13% (155/1150) regret=0.100827 ape=0.5530
[17:54:51] warmStart (decay=exponential) 13% (156/1150) regret=0.100827 ape=0.5530
[17:54:52] warmStart (decay=exponential) 13% (157/1150) regret=0.100827 ape=0.5530
[17:54:52] warmStart (decay=exponential) 13% (158/1150) regret=0.100827 ape=0.5530
[17:54:52] warmStart (decay=exponential) 13% (159/1150) regret=0.100827 ape=0.5530
[17:54:52] warmStart (decay=exponential) 13% (160/1150) regret=0.100827 ape=0.5530
[17:54:52] warmStart (decay=exponential) 14% (161/1150) regret=0.100827 ape=0.5530
[17:54:52] warmStart (decay=exponential) 14% (162/1150) regret=0.100827 ape=0.5530
[17:54:53] warmStart (decay=exponential) 14% (163/1150) regret=0.100827 ape=0.5530
[17:54:53] warmStart (decay=exponential) 14% (164/1150) regret=0.100827 ape=0.5530
[17:54:53] warmStart (decay=exponential) 14% (165/1150) regret=0.100827 ape=0.5530
[17:54:53] warmStart (decay=exponential) 14% (166/1150) regret=0.100827 ape=0.5530
[17:54:53] warmStart (decay=exponential) 14% (167/1150) regret=0.100827 ape=0.5530
[17:54:53] warmStart (decay=exponential) 14% (168/1150) regret=0.100827 ape=0.5530
[17:54:54] warmStart (decay=exponential) 14% (169/1150) regret=0.101002 ape=0.5539
[17:54:54] warmStart (decay=exponential) 14% (170/1150) regret=0.100827 ape=0.5530
[17:54:54] warmStart (decay=exponential) 14% (171/1150) regret=0.100827 ape=0.5530
[17:54:54] warmStart (decay=exponential) 14% (172/1150) regret=0.100827 ape=0.5530
[17:54:54] warmStart (decay=exponential) 15% (173/1150) regret=0.100827 ape=0.5530
[17:54:54] warmStart (decay=exponential) 15% (174/1150) regret=0.100827 ape=0.5530
[17:54:55] warmStart (decay=exponential) 15% (175/1150) regret=0.100827 ape=0.5530
[17:54:55] warmStart (decay=exponential) 15% (176/1150) regret=0.100827 ape=0.5530
[17:54:55] warmStart (decay=exponential) 15% (177/1150) regret=0.100827 ape=0.5530
[17:54:55] warmStart (decay=exponential) 15% (178/1150) regret=0.100827 ape=0.5530
[17:54:55] warmStart (decay=exponential) 15% (179/1150) regret=0.100827 ape=0.5530
[17:54:55] warmStart (decay=exponential) 15% (180/1150) regret=0.100827 ape=0.5530
[17:54:55] warmStart (decay=exponential) 15% (181/1150) regret=0.100827 ape=0.5530
[17:54:56] warmStart (decay=exponential) 15% (182/1150) regret=0.100827 ape=0.5530
[17:54:56] warmStart (decay=exponential) 15% (183/1150) regret=0.100827 ape=0.5530
[17:54:56] warmStart (decay=exponential) 16% (184/1150) regret=0.100827 ape=0.5530
[17:54:56] warmStart (decay=exponential) 16% (185/1150) regret=0.100827 ape=0.5530
[17:54:56] warmStart (decay=exponential) 16% (186/1150) regret=0.100827 ape=0.5530
[17:54:56] warmStart (decay=exponential) 16% (187/1150) regret=0.100827 ape=0.5530
[17:54:57] warmStart (decay=exponential) 16% (188/1150) regret=0.100826 ape=0.5530
[17:54:57] warmStart (decay=exponential) 16% (189/1150) regret=0.100826 ape=0.5530
[17:54:57] warmStart (decay=exponential) 16% (190/1150) regret=0.100821 ape=0.5530
[17:54:57] warmStart (decay=exponential) 16% (191/1150) regret=0.100821 ape=0.5530
[17:54:57] warmStart (decay=exponential) 16% (192/1150) regret=0.100821 ape=0.5530
[17:54:57] warmStart (decay=exponential) 16% (193/1150) regret=0.100821 ape=0.5530
[17:54:58] warmStart (decay=exponential) 16% (194/1150) regret=0.100821 ape=0.5530
[17:54:58] warmStart (decay=exponential) 16% (195/1150) regret=0.100821 ape=0.5530
[17:54:58] warmStart (decay=exponential) 17% (196/1150) regret=0.100821 ape=0.5530
[17:54:58] warmStart (decay=exponential) 17% (197/1150) regret=0.100821 ape=0.5530
[17:54:58] warmStart (decay=exponential) 17% (198/1150) regret=0.100698 ape=0.5521
[17:54:59] warmStart (decay=exponential) 17% (199/1150) regret=0.100698 ape=0.5521
[17:54:59] warmStart (decay=exponential) 17% (200/1150) regret=0.100765 ape=0.5530
[17:54:59] warmStart (decay=exponential) 17% (201/1150) regret=0.100698 ape=0.5521
[17:54:59] warmStart (decay=exponential) 17% (202/1150) regret=0.100698 ape=0.5521
[17:54:59] warmStart (decay=exponential) 17% (203/1150) regret=0.100698 ape=0.5521
[17:54:59] warmStart (decay=exponential) 17% (204/1150) regret=0.100698 ape=0.5521
[17:55:00] warmStart (decay=exponential) 17% (205/1150) regret=0.100698 ape=0.5521
[17:55:00] warmStart (decay=exponential) 17% (206/1150) regret=0.100698 ape=0.5521
[17:55:00] warmStart (decay=exponential) 18% (207/1150) regret=0.100698 ape=0.5521
[17:55:00] warmStart (decay=exponential) 18% (208/1150) regret=0.100698 ape=0.5521
[17:55:00] warmStart (decay=exponential) 18% (209/1150) regret=0.100698 ape=0.5521
[17:55:00] warmStart (decay=exponential) 18% (210/1150) regret=0.100698 ape=0.5521
[17:55:01] warmStart (decay=exponential) 18% (211/1150) regret=0.100698 ape=0.5521
[17:55:01] warmStart (decay=exponential) 18% (212/1150) regret=0.100698 ape=0.5521
[17:55:01] warmStart (decay=exponential) 18% (213/1150) regret=0.100698 ape=0.5521
[17:55:01] warmStart (decay=exponential) 18% (214/1150) regret=0.100698 ape=0.5521
[17:55:01] warmStart (decay=exponential) 18% (215/1150) regret=0.100698 ape=0.5521
[17:55:02] warmStart (decay=exponential) 18% (216/1150) regret=0.100698 ape=0.5521
[17:55:02] warmStart (decay=exponential) 18% (217/1150) regret=0.100698 ape=0.5521
[17:55:02] warmStart (decay=exponential) 18% (218/1150) regret=0.100698 ape=0.5521
[17:55:02] warmStart (decay=exponential) 19% (219/1150) regret=0.100698 ape=0.5521
[17:55:02] warmStart (decay=exponential) 19% (220/1150) regret=0.100698 ape=0.5521
[17:55:02] warmStart (decay=exponential) 19% (221/1150) regret=0.100698 ape=0.5521
[17:55:03] warmStart (decay=exponential) 19% (222/1150) regret=0.100698 ape=0.5521
[17:55:03] warmStart (decay=exponential) 19% (223/1150) regret=0.100698 ape=0.5521
[17:55:03] warmStart (decay=exponential) 19% (224/1150) regret=0.100698 ape=0.5521
[17:55:03] warmStart (decay=exponential) 19% (225/1150) regret=0.100698 ape=0.5521
[17:55:03] warmStart (decay=exponential) 19% (226/1150) regret=0.100698 ape=0.5521
[17:55:03] warmStart (decay=exponential) 19% (227/1150) regret=0.100698 ape=0.5521
[17:55:04] warmStart (decay=exponential) 19% (228/1150) regret=0.100698 ape=0.5521
[17:55:04] warmStart (decay=exponential) 19% (229/1150) regret=0.100698 ape=0.5521
[17:55:04] warmStart (decay=exponential) 20% (230/1150) regret=0.100698 ape=0.5521
[17:55:04] warmStart (decay=exponential) 20% (231/1150) regret=0.100698 ape=0.5521
[17:55:04] warmStart (decay=exponential) 20% (232/1150) regret=0.100698 ape=0.5521
[17:55:04] warmStart (decay=exponential) 20% (233/1150) regret=0.100698 ape=0.5521
[17:55:05] warmStart (decay=exponential) 20% (234/1150) regret=0.100698 ape=0.5521
[17:55:05] warmStart (decay=exponential) 20% (235/1150) regret=0.100698 ape=0.5521
[17:55:05] warmStart (decay=exponential) 20% (236/1150) regret=0.100698 ape=0.5521
[17:55:05] warmStart (decay=exponential) 20% (237/1150) regret=0.100698 ape=0.5521
[17:55:05] warmStart (decay=exponential) 20% (238/1150) regret=0.100698 ape=0.5521
[17:55:05] warmStart (decay=exponential) 20% (239/1150) regret=0.100698 ape=0.5521
[17:55:06] warmStart (decay=exponential) 20% (240/1150) regret=0.100698 ape=0.5521
[17:55:06] warmStart (decay=exponential) 20% (241/1150) regret=0.100698 ape=0.5521
[17:55:06] warmStart (decay=exponential) 21% (242/1150) regret=0.100698 ape=0.5521
[17:55:06] warmStart (decay=exponential) 21% (243/1150) regret=0.100698 ape=0.5521
[17:55:06] warmStart (decay=exponential) 21% (244/1150) regret=0.100698 ape=0.5521
[17:55:06] warmStart (decay=exponential) 21% (245/1150) regret=0.100698 ape=0.5521
[17:55:06] warmStart (decay=exponential) 21% (246/1150) regret=0.100698 ape=0.5521
[17:55:07] warmStart (decay=exponential) 21% (247/1150) regret=0.100698 ape=0.5521
[17:55:07] warmStart (decay=exponential) 21% (248/1150) regret=0.100698 ape=0.5521
[17:55:07] warmStart (decay=exponential) 21% (249/1150) regret=0.100698 ape=0.5521
[17:55:07] warmStart (decay=exponential) 21% (250/1150) regret=0.100698 ape=0.5521
[17:55:07] warmStart (decay=exponential) 21% (251/1150) regret=0.100698 ape=0.5521
[17:55:07] warmStart (decay=exponential) 21% (252/1150) regret=0.100698 ape=0.5521
[17:55:08] warmStart (decay=exponential) 22% (253/1150) regret=0.100698 ape=0.5521
[17:55:08] warmStart (decay=exponential) 22% (254/1150) regret=0.100698 ape=0.5521
[17:55:08] warmStart (decay=exponential) 22% (255/1150) regret=0.100698 ape=0.5521
[17:55:08] warmStart (decay=exponential) 22% (256/1150) regret=0.100698 ape=0.5521
[17:55:08] warmStart (decay=exponential) 22% (257/1150) regret=0.100698 ape=0.5521
[17:55:08] warmStart (decay=exponential) 22% (258/1150) regret=0.100698 ape=0.5521
[17:55:09] warmStart (decay=exponential) 22% (259/1150) regret=0.100698 ape=0.5521
[17:55:09] warmStart (decay=exponential) 22% (260/1150) regret=0.100698 ape=0.5521
[17:55:09] warmStart (decay=exponential) 22% (261/1150) regret=0.100698 ape=0.5521
[17:55:09] warmStart (decay=exponential) 22% (262/1150) regret=0.100698 ape=0.5521
[17:55:09] warmStart (decay=exponential) 22% (263/1150) regret=0.100698 ape=0.5521
[17:55:09] warmStart (decay=exponential) 22% (264/1150) regret=0.100698 ape=0.5521
[17:55:10] warmStart (decay=exponential) 23% (265/1150) regret=0.100698 ape=0.5521
[17:55:10] warmStart (decay=exponential) 23% (266/1150) regret=0.100698 ape=0.5521
[17:55:10] warmStart (decay=exponential) 23% (267/1150) regret=0.100698 ape=0.5521
[17:55:10] warmStart (decay=exponential) 23% (268/1150) regret=0.100698 ape=0.5521
[17:55:10] warmStart (decay=exponential) 23% (269/1150) regret=0.100698 ape=0.5521
[17:55:10] warmStart (decay=exponential) 23% (270/1150) regret=0.100698 ape=0.5521
[17:55:11] warmStart (decay=exponential) 23% (271/1150) regret=0.100698 ape=0.5521
[17:55:11] warmStart (decay=exponential) 23% (272/1150) regret=0.100698 ape=0.5521
[17:55:11] warmStart (decay=exponential) 23% (273/1150) regret=0.100698 ape=0.5521
[17:55:11] warmStart (decay=exponential) 23% (274/1150) regret=0.100698 ape=0.5521
[17:55:11] warmStart (decay=exponential) 23% (275/1150) regret=0.100698 ape=0.5521
[17:55:11] warmStart (decay=exponential) 24% (276/1150) regret=0.100698 ape=0.5521
[17:55:12] warmStart (decay=exponential) 24% (277/1150) regret=0.100698 ape=0.5521
[17:55:12] warmStart (decay=exponential) 24% (278/1150) regret=0.100698 ape=0.5521
[17:55:12] warmStart (decay=exponential) 24% (279/1150) regret=0.100698 ape=0.5521
[17:55:12] warmStart (decay=exponential) 24% (280/1150) regret=0.100698 ape=0.5521
[17:55:12] warmStart (decay=exponential) 24% (281/1150) regret=0.100698 ape=0.5521
[17:55:12] warmStart (decay=exponential) 24% (282/1150) regret=0.100698 ape=0.5521
[17:55:13] warmStart (decay=exponential) 24% (283/1150) regret=0.100698 ape=0.5521
[17:55:13] warmStart (decay=exponential) 24% (284/1150) regret=0.100698 ape=0.5521
[17:55:13] warmStart (decay=exponential) 24% (285/1150) regret=0.100698 ape=0.5521
[17:55:13] warmStart (decay=exponential) 24% (286/1150) regret=0.100698 ape=0.5521
[17:55:13] warmStart (decay=exponential) 24% (287/1150) regret=0.100698 ape=0.5521
[17:55:13] warmStart (decay=exponential) 25% (288/1150) regret=0.100698 ape=0.5521
[17:55:14] warmStart (decay=exponential) 25% (289/1150) regret=0.100698 ape=0.5521
[17:55:14] warmStart (decay=exponential) 25% (290/1150) regret=0.100698 ape=0.5521
[17:55:14] warmStart (decay=exponential) 25% (291/1150) regret=0.100698 ape=0.5521
[17:55:14] warmStart (decay=exponential) 25% (292/1150) regret=0.100698 ape=0.5521
[17:55:14] warmStart (decay=exponential) 25% (293/1150) regret=0.100698 ape=0.5521
[17:55:14] warmStart (decay=exponential) 25% (294/1150) regret=0.100698 ape=0.5521
[17:55:15] warmStart (decay=exponential) 25% (295/1150) regret=0.100698 ape=0.5521
[17:55:15] warmStart (decay=exponential) 25% (296/1150) regret=0.100698 ape=0.5521
[17:55:15] warmStart (decay=exponential) 25% (297/1150) regret=0.100698 ape=0.5521
[17:55:15] warmStart (decay=exponential) 25% (298/1150) regret=0.100698 ape=0.5521
[17:55:15] warmStart (decay=exponential) 26% (299/1150) regret=0.100698 ape=0.5521
[17:55:15] warmStart (decay=exponential) 26% (300/1150) regret=0.100698 ape=0.5521
[17:55:16] warmStart (decay=exponential) 26% (301/1150) regret=0.100698 ape=0.5521
[17:55:16] warmStart (decay=exponential) 26% (302/1150) regret=0.100698 ape=0.5521
[17:55:16] warmStart (decay=exponential) 26% (303/1150) regret=0.100698 ape=0.5521
[17:55:16] warmStart (decay=exponential) 26% (304/1150) regret=0.100698 ape=0.5521
[17:55:16] warmStart (decay=exponential) 26% (305/1150) regret=0.100698 ape=0.5521
[17:55:16] warmStart (decay=exponential) 26% (306/1150) regret=0.100698 ape=0.5521
[17:55:16] warmStart (decay=exponential) 26% (307/1150) regret=0.100698 ape=0.5521
[17:55:17] warmStart (decay=exponential) 26% (308/1150) regret=0.100698 ape=0.5521
[17:55:17] warmStart (decay=exponential) 26% (309/1150) regret=0.100698 ape=0.5521
[17:55:17] warmStart (decay=exponential) 26% (310/1150) regret=0.100698 ape=0.5521
[17:55:17] warmStart (decay=exponential) 27% (311/1150) regret=0.100698 ape=0.5521
[17:55:17] warmStart (decay=exponential) 27% (312/1150) regret=0.100698 ape=0.5521
[17:55:17] warmStart (decay=exponential) 27% (313/1150) regret=0.100698 ape=0.5521
[17:55:18] warmStart (decay=exponential) 27% (314/1150) regret=0.100698 ape=0.5521
[17:55:18] warmStart (decay=exponential) 27% (315/1150) regret=0.100698 ape=0.5521
[17:55:18] warmStart (decay=exponential) 27% (316/1150) regret=0.100698 ape=0.5521
[17:55:18] warmStart (decay=exponential) 27% (317/1150) regret=0.100698 ape=0.5521
[17:55:18] warmStart (decay=exponential) 27% (318/1150) regret=0.100698 ape=0.5521
[17:55:18] warmStart (decay=exponential) 27% (319/1150) regret=0.100698 ape=0.5521
[17:55:19] warmStart (decay=exponential) 27% (320/1150) regret=0.100698 ape=0.5521
[17:55:19] warmStart (decay=exponential) 27% (321/1150) regret=0.100698 ape=0.5521
[17:55:19] warmStart (decay=exponential) 28% (322/1150) regret=0.100698 ape=0.5521
[17:55:19] warmStart (decay=exponential) 28% (323/1150) regret=0.100698 ape=0.5521
[17:55:19] warmStart (decay=exponential) 28% (324/1150) regret=0.100698 ape=0.5521
[17:55:19] warmStart (decay=exponential) 28% (325/1150) regret=0.100698 ape=0.5521
[17:55:20] warmStart (decay=exponential) 28% (326/1150) regret=0.100698 ape=0.5521
[17:55:20] warmStart (decay=exponential) 28% (327/1150) regret=0.100698 ape=0.5521
[17:55:20] warmStart (decay=exponential) 28% (328/1150) regret=0.100698 ape=0.5521
[17:55:20] warmStart (decay=exponential) 28% (329/1150) regret=0.100698 ape=0.5521
[17:55:20] warmStart (decay=exponential) 28% (330/1150) regret=0.100698 ape=0.5521
[17:55:20] warmStart (decay=exponential) 28% (331/1150) regret=0.100698 ape=0.5521
[17:55:21] warmStart (decay=exponential) 28% (332/1150) regret=0.100698 ape=0.5521
[17:55:21] warmStart (decay=exponential) 28% (333/1150) regret=0.100698 ape=0.5521
[17:55:21] warmStart (decay=exponential) 29% (334/1150) regret=0.100698 ape=0.5521
[17:55:21] warmStart (decay=exponential) 29% (335/1150) regret=0.100698 ape=0.5521
[17:55:21] warmStart (decay=exponential) 29% (336/1150) regret=0.100698 ape=0.5521
[17:55:21] warmStart (decay=exponential) 29% (337/1150) regret=0.100698 ape=0.5521
[17:55:22] warmStart (decay=exponential) 29% (338/1150) regret=0.100698 ape=0.5521
[17:55:22] warmStart (decay=exponential) 29% (339/1150) regret=0.100698 ape=0.5521
[17:55:22] warmStart (decay=exponential) 29% (340/1150) regret=0.100698 ape=0.5521
[17:55:22] warmStart (decay=exponential) 29% (341/1150) regret=0.100698 ape=0.5521
[17:55:22] warmStart (decay=exponential) 29% (342/1150) regret=0.100698 ape=0.5521
[17:55:22] warmStart (decay=exponential) 29% (343/1150) regret=0.100698 ape=0.5521
[17:55:23] warmStart (decay=exponential) 29% (344/1150) regret=0.100698 ape=0.5521
[17:55:23] warmStart (decay=exponential) 30% (345/1150) regret=0.100698 ape=0.5521
[17:55:23] warmStart (decay=exponential) 30% (346/1150) regret=0.100698 ape=0.5521
[17:55:23] warmStart (decay=exponential) 30% (347/1150) regret=0.100698 ape=0.5521
[17:55:23] warmStart (decay=exponential) 30% (348/1150) regret=0.100698 ape=0.5521
[17:55:23] warmStart (decay=exponential) 30% (349/1150) regret=0.100698 ape=0.5521
[17:55:24] warmStart (decay=exponential) 30% (350/1150) regret=0.100698 ape=0.5521
[17:55:24] warmStart (decay=exponential) 30% (351/1150) regret=0.100698 ape=0.5521
[17:55:24] warmStart (decay=exponential) 30% (352/1150) regret=0.100698 ape=0.5521
[17:55:24] warmStart (decay=exponential) 30% (353/1150) regret=0.100698 ape=0.5521
[17:55:24] warmStart (decay=exponential) 30% (354/1150) regret=0.100698 ape=0.5521
[17:55:24] warmStart (decay=exponential) 30% (355/1150) regret=0.100698 ape=0.5521
[17:55:25] warmStart (decay=exponential) 30% (356/1150) regret=0.100698 ape=0.5521
[17:55:25] warmStart (decay=exponential) 31% (357/1150) regret=0.100698 ape=0.5521
[17:55:25] warmStart (decay=exponential) 31% (358/1150) regret=0.100698 ape=0.5521
[17:55:25] warmStart (decay=exponential) 31% (359/1150) regret=0.100698 ape=0.5521
[17:55:25] warmStart (decay=exponential) 31% (360/1150) regret=0.100698 ape=0.5521
[17:55:25] warmStart (decay=exponential) 31% (361/1150) regret=0.100698 ape=0.5521
[17:55:26] warmStart (decay=exponential) 31% (362/1150) regret=0.100698 ape=0.5521
[17:55:26] warmStart (decay=exponential) 31% (363/1150) regret=0.100698 ape=0.5521
[17:55:26] warmStart (decay=exponential) 31% (364/1150) regret=0.100698 ape=0.5521
[17:55:26] warmStart (decay=exponential) 31% (365/1150) regret=0.100698 ape=0.5521
[17:55:26] warmStart (decay=exponential) 31% (366/1150) regret=0.100698 ape=0.5521
[17:55:27] warmStart (decay=exponential) 31% (367/1150) regret=0.100698 ape=0.5521
[17:55:27] warmStart (decay=exponential) 32% (368/1150) regret=0.100698 ape=0.5521
[17:55:27] warmStart (decay=exponential) 32% (369/1150) regret=0.100698 ape=0.5521
[17:55:27] warmStart (decay=exponential) 32% (370/1150) regret=0.100698 ape=0.5521
[17:55:27] warmStart (decay=exponential) 32% (371/1150) regret=0.100698 ape=0.5521
[17:55:27] warmStart (decay=exponential) 32% (372/1150) regret=0.100698 ape=0.5521
[17:55:28] warmStart (decay=exponential) 32% (373/1150) regret=0.100698 ape=0.5521
[17:55:28] warmStart (decay=exponential) 32% (374/1150) regret=0.100698 ape=0.5521
[17:55:28] warmStart (decay=exponential) 32% (375/1150) regret=0.100698 ape=0.5521
[17:55:28] warmStart (decay=exponential) 32% (376/1150) regret=0.100698 ape=0.5521
[17:55:28] warmStart (decay=exponential) 32% (377/1150) regret=0.100698 ape=0.5521
[17:55:28] warmStart (decay=exponential) 32% (378/1150) regret=0.100698 ape=0.5521
[17:55:29] warmStart (decay=exponential) 32% (379/1150) regret=0.100698 ape=0.5521
[17:55:29] warmStart (decay=exponential) 33% (380/1150) regret=0.100698 ape=0.5521
[17:55:29] warmStart (decay=exponential) 33% (381/1150) regret=0.100698 ape=0.5521
[17:55:29] warmStart (decay=exponential) 33% (382/1150) regret=0.100698 ape=0.5521
[17:55:29] warmStart (decay=exponential) 33% (383/1150) regret=0.100698 ape=0.5521
[17:55:29] warmStart (decay=exponential) 33% (384/1150) regret=0.100698 ape=0.5521
[17:55:30] warmStart (decay=exponential) 33% (385/1150) regret=0.100698 ape=0.5521
[17:55:30] warmStart (decay=exponential) 33% (386/1150) regret=0.100698 ape=0.5521
[17:55:30] warmStart (decay=exponential) 33% (387/1150) regret=0.100698 ape=0.5521
[17:55:30] warmStart (decay=exponential) 33% (388/1150) regret=0.100698 ape=0.5521
[17:55:30] warmStart (decay=exponential) 33% (389/1150) regret=0.100698 ape=0.5521
[17:55:30] warmStart (decay=exponential) 33% (390/1150) regret=0.100698 ape=0.5521
[17:55:31] warmStart (decay=exponential) 34% (391/1150) regret=0.100698 ape=0.5521
[17:55:31] warmStart (decay=exponential) 34% (392/1150) regret=0.100698 ape=0.5521
[17:55:31] warmStart (decay=exponential) 34% (393/1150) regret=0.100698 ape=0.5521
[17:55:31] warmStart (decay=exponential) 34% (394/1150) regret=0.100698 ape=0.5521
[17:55:31] warmStart (decay=exponential) 34% (395/1150) regret=0.100698 ape=0.5521
[17:55:31] warmStart (decay=exponential) 34% (396/1150) regret=0.100698 ape=0.5521
[17:55:32] warmStart (decay=exponential) 34% (397/1150) regret=0.100698 ape=0.5521
[17:55:32] warmStart (decay=exponential) 34% (398/1150) regret=0.100698 ape=0.5521
[17:55:32] warmStart (decay=exponential) 34% (399/1150) regret=0.100698 ape=0.5521
[17:55:32] warmStart (decay=exponential) 34% (400/1150) regret=0.100698 ape=0.5521
[17:55:32] warmStart (decay=exponential) 34% (401/1150) regret=0.100698 ape=0.5521
[17:55:32] warmStart (decay=exponential) 34% (402/1150) regret=0.100698 ape=0.5521
[17:55:33] warmStart (decay=exponential) 35% (403/1150) regret=0.100698 ape=0.5521
[17:55:33] warmStart (decay=exponential) 35% (404/1150) regret=0.100698 ape=0.5521
[17:55:33] warmStart (decay=exponential) 35% (405/1150) regret=0.100698 ape=0.5521
[17:55:33] warmStart (decay=exponential) 35% (406/1150) regret=0.100698 ape=0.5521
[17:55:33] warmStart (decay=exponential) 35% (407/1150) regret=0.100698 ape=0.5521
[17:55:33] warmStart (decay=exponential) 35% (408/1150) regret=0.100698 ape=0.5521
[17:55:34] warmStart (decay=exponential) 35% (409/1150) regret=0.100698 ape=0.5521
[17:55:34] warmStart (decay=exponential) 35% (410/1150) regret=0.100873 ape=0.5521
[17:55:34] warmStart (decay=exponential) 35% (411/1150) regret=0.100698 ape=0.5521
[17:55:34] warmStart (decay=exponential) 35% (412/1150) regret=0.100698 ape=0.5521
[17:55:34] warmStart (decay=exponential) 35% (413/1150) regret=0.100698 ape=0.5521
[17:55:35] warmStart (decay=exponential) 36% (414/1150) regret=0.100698 ape=0.5521
[17:55:35] warmStart (decay=exponential) 36% (415/1150) regret=0.100698 ape=0.5521
[17:55:35] warmStart (decay=exponential) 36% (416/1150) regret=0.100698 ape=0.5521
[17:55:35] warmStart (decay=exponential) 36% (417/1150) regret=0.100698 ape=0.5521
[17:55:35] warmStart (decay=exponential) 36% (418/1150) regret=0.100698 ape=0.5521
[17:55:35] warmStart (decay=exponential) 36% (419/1150) regret=0.100698 ape=0.5521
[17:55:36] warmStart (decay=exponential) 36% (420/1150) regret=0.100698 ape=0.5521
[17:55:36] warmStart (decay=exponential) 36% (421/1150) regret=0.100698 ape=0.5521
[17:55:36] warmStart (decay=exponential) 36% (422/1150) regret=0.100620 ape=0.5512
[17:55:36] warmStart (decay=exponential) 36% (423/1150) regret=0.100620 ape=0.5512
[17:55:36] warmStart (decay=exponential) 36% (424/1150) regret=0.100620 ape=0.5512
[17:55:37] warmStart (decay=exponential) 36% (425/1150) regret=0.100620 ape=0.5512
[17:55:37] warmStart (decay=exponential) 37% (426/1150) regret=0.100620 ape=0.5512
[17:55:37] warmStart (decay=exponential) 37% (427/1150) regret=0.100620 ape=0.5512
[17:55:37] warmStart (decay=exponential) 37% (428/1150) regret=0.100620 ape=0.5512
[17:55:37] warmStart (decay=exponential) 37% (429/1150) regret=0.100620 ape=0.5512
[17:55:37] warmStart (decay=exponential) 37% (430/1150) regret=0.100620 ape=0.5512
[17:55:38] warmStart (decay=exponential) 37% (431/1150) regret=0.100620 ape=0.5512
[17:55:38] warmStart (decay=exponential) 37% (432/1150) regret=0.100620 ape=0.5512
[17:55:38] warmStart (decay=exponential) 37% (433/1150) regret=0.100620 ape=0.5512
[17:55:38] warmStart (decay=exponential) 37% (434/1150) regret=0.100620 ape=0.5512
[17:55:38] warmStart (decay=exponential) 37% (435/1150) regret=0.100620 ape=0.5512
[17:55:38] warmStart (decay=exponential) 37% (436/1150) regret=0.100620 ape=0.5512
[17:55:39] warmStart (decay=exponential) 38% (437/1150) regret=0.100620 ape=0.5512
[17:55:39] warmStart (decay=exponential) 38% (438/1150) regret=0.100620 ape=0.5512
[17:55:39] warmStart (decay=exponential) 38% (439/1150) regret=0.100620 ape=0.5512
[17:55:39] warmStart (decay=exponential) 38% (440/1150) regret=0.100620 ape=0.5512
[17:55:39] warmStart (decay=exponential) 38% (441/1150) regret=0.100627 ape=0.5521
[17:55:40] warmStart (decay=exponential) 38% (442/1150) regret=0.100627 ape=0.5521
[17:55:40] warmStart (decay=exponential) 38% (443/1150) regret=0.100626 ape=0.5521
[17:55:40] warmStart (decay=exponential) 38% (444/1150) regret=0.100626 ape=0.5521
[17:55:40] warmStart (decay=exponential) 38% (445/1150) regret=0.100626 ape=0.5521
[17:55:40] warmStart (decay=exponential) 38% (446/1150) regret=0.100626 ape=0.5521
[17:55:40] warmStart (decay=exponential) 38% (447/1150) regret=0.100626 ape=0.5521
[17:55:40] warmStart (decay=exponential) 38% (448/1150) regret=0.100626 ape=0.5521
[17:55:41] warmStart (decay=exponential) 39% (449/1150) regret=0.100626 ape=0.5521
[17:55:41] warmStart (decay=exponential) 39% (450/1150) regret=0.100626 ape=0.5521
[17:55:41] warmStart (decay=exponential) 39% (451/1150) regret=0.100626 ape=0.5521
[17:55:41] warmStart (decay=exponential) 39% (452/1150) regret=0.100626 ape=0.5521
[17:55:41] warmStart (decay=exponential) 39% (453/1150) regret=0.100626 ape=0.5521
[17:55:41] warmStart (decay=exponential) 39% (454/1150) regret=0.100626 ape=0.5521
[17:55:41] warmStart (decay=exponential) 39% (455/1150) regret=0.100626 ape=0.5521
[17:55:42] warmStart (decay=exponential) 39% (456/1150) regret=0.100626 ape=0.5521
[17:55:42] warmStart (decay=exponential) 39% (457/1150) regret=0.100626 ape=0.5521
[17:55:42] warmStart (decay=exponential) 39% (458/1150) regret=0.100626 ape=0.5521
[17:55:42] warmStart (decay=exponential) 39% (459/1150) regret=0.100626 ape=0.5521
[17:55:42] warmStart (decay=exponential) 40% (460/1150) regret=0.100626 ape=0.5521
[17:55:42] warmStart (decay=exponential) 40% (461/1150) regret=0.100627 ape=0.5521
[17:55:43] warmStart (decay=exponential) 40% (462/1150) regret=0.100627 ape=0.5521
[17:55:43] warmStart (decay=exponential) 40% (463/1150) regret=0.100626 ape=0.5521
[17:55:43] warmStart (decay=exponential) 40% (464/1150) regret=0.100626 ape=0.5521
[17:55:43] warmStart (decay=exponential) 40% (465/1150) regret=0.100626 ape=0.5521
[17:55:43] warmStart (decay=exponential) 40% (466/1150) regret=0.100626 ape=0.5521
[17:55:43] warmStart (decay=exponential) 40% (467/1150) regret=0.100626 ape=0.5521
[17:55:43] warmStart (decay=exponential) 40% (468/1150) regret=0.100626 ape=0.5521
[17:55:44] warmStart (decay=exponential) 40% (469/1150) regret=0.100626 ape=0.5521
[17:55:44] warmStart (decay=exponential) 40% (470/1150) regret=0.100626 ape=0.5521
[17:55:44] warmStart (decay=exponential) 40% (471/1150) regret=0.100626 ape=0.5521
[17:55:44] warmStart (decay=exponential) 41% (472/1150) regret=0.100626 ape=0.5521
[17:55:44] warmStart (decay=exponential) 41% (473/1150) regret=0.100626 ape=0.5521
[17:55:44] warmStart (decay=exponential) 41% (474/1150) regret=0.100626 ape=0.5521
[17:55:44] warmStart (decay=exponential) 41% (475/1150) regret=0.100626 ape=0.5521
[17:55:45] warmStart (decay=exponential) 41% (476/1150) regret=0.100626 ape=0.5521
[17:55:45] warmStart (decay=exponential) 41% (477/1150) regret=0.100626 ape=0.5521
[17:55:45] warmStart (decay=exponential) 41% (478/1150) regret=0.100626 ape=0.5521
[17:55:45] warmStart (decay=exponential) 41% (479/1150) regret=0.100626 ape=0.5521
[17:55:45] warmStart (decay=exponential) 41% (480/1150) regret=0.100626 ape=0.5521
[17:55:45] warmStart (decay=exponential) 41% (481/1150) regret=0.100626 ape=0.5521
[17:55:46] warmStart (decay=exponential) 41% (482/1150) regret=0.100626 ape=0.5521
[17:55:46] warmStart (decay=exponential) 42% (483/1150) regret=0.100626 ape=0.5521
[17:55:46] warmStart (decay=exponential) 42% (484/1150) regret=0.100626 ape=0.5521
[17:55:46] warmStart (decay=exponential) 42% (485/1150) regret=0.100626 ape=0.5521
[17:55:46] warmStart (decay=exponential) 42% (486/1150) regret=0.100626 ape=0.5521
[17:55:46] warmStart (decay=exponential) 42% (487/1150) regret=0.100626 ape=0.5521
[17:55:46] warmStart (decay=exponential) 42% (488/1150) regret=0.100626 ape=0.5521
[17:55:47] warmStart (decay=exponential) 42% (489/1150) regret=0.100626 ape=0.5521
[17:55:47] warmStart (decay=exponential) 42% (490/1150) regret=0.100626 ape=0.5521
[17:55:47] warmStart (decay=exponential) 42% (491/1150) regret=0.100626 ape=0.5521
[17:55:47] warmStart (decay=exponential) 42% (492/1150) regret=0.100626 ape=0.5521
[17:55:47] warmStart (decay=exponential) 42% (493/1150) regret=0.100626 ape=0.5521
[17:55:47] warmStart (decay=exponential) 42% (494/1150) regret=0.100626 ape=0.5521
[17:55:47] warmStart (decay=exponential) 43% (495/1150) regret=0.100626 ape=0.5521
[17:55:48] warmStart (decay=exponential) 43% (496/1150) regret=0.100626 ape=0.5521
[17:55:48] warmStart (decay=exponential) 43% (497/1150) regret=0.100626 ape=0.5521
[17:55:48] warmStart (decay=exponential) 43% (498/1150) regret=0.100626 ape=0.5521
[17:55:48] warmStart (decay=exponential) 43% (499/1150) regret=0.100626 ape=0.5521
[17:55:48] warmStart (decay=exponential) 43% (500/1150) regret=0.100626 ape=0.5521
[17:55:48] warmStart (decay=exponential) 43% (501/1150) regret=0.100626 ape=0.5521
[17:55:49] warmStart (decay=exponential) 43% (502/1150) regret=0.100626 ape=0.5521
[17:55:49] warmStart (decay=exponential) 43% (503/1150) regret=0.100626 ape=0.5521
[17:55:49] warmStart (decay=exponential) 43% (504/1150) regret=0.100626 ape=0.5521
[17:55:49] warmStart (decay=exponential) 43% (505/1150) regret=0.100626 ape=0.5521
[17:55:49] warmStart (decay=exponential) 44% (506/1150) regret=0.100623 ape=0.5521
[17:55:49] warmStart (decay=exponential) 44% (507/1150) regret=0.100623 ape=0.5521
[17:55:49] warmStart (decay=exponential) 44% (508/1150) regret=0.100623 ape=0.5521
[17:55:50] warmStart (decay=exponential) 44% (509/1150) regret=0.100623 ape=0.5521
[17:55:50] warmStart (decay=exponential) 44% (510/1150) regret=0.100623 ape=0.5521
[17:55:50] warmStart (decay=exponential) 44% (511/1150) regret=0.100623 ape=0.5521
[17:55:50] warmStart (decay=exponential) 44% (512/1150) regret=0.100623 ape=0.5521
[17:55:50] warmStart (decay=exponential) 44% (513/1150) regret=0.100623 ape=0.5521
[17:55:50] warmStart (decay=exponential) 44% (514/1150) regret=0.100623 ape=0.5521
[17:55:51] warmStart (decay=exponential) 44% (515/1150) regret=0.100623 ape=0.5521
[17:55:51] warmStart (decay=exponential) 44% (516/1150) regret=0.100623 ape=0.5521
[17:55:51] warmStart (decay=exponential) 44% (517/1150) regret=0.100623 ape=0.5521
[17:55:51] warmStart (decay=exponential) 45% (518/1150) regret=0.100623 ape=0.5521
[17:55:51] warmStart (decay=exponential) 45% (519/1150) regret=0.100623 ape=0.5521
[17:55:51] warmStart (decay=exponential) 45% (520/1150) regret=0.100623 ape=0.5521
[17:55:51] warmStart (decay=exponential) 45% (521/1150) regret=0.100623 ape=0.5521
[17:55:52] warmStart (decay=exponential) 45% (522/1150) regret=0.100623 ape=0.5521
[17:55:52] warmStart (decay=exponential) 45% (523/1150) regret=0.100623 ape=0.5521
[17:55:52] warmStart (decay=exponential) 45% (524/1150) regret=0.100623 ape=0.5521
[17:55:52] warmStart (decay=exponential) 45% (525/1150) regret=0.100623 ape=0.5521
[17:55:52] warmStart (decay=exponential) 45% (526/1150) regret=0.100623 ape=0.5521
[17:55:52] warmStart (decay=exponential) 45% (527/1150) regret=0.100623 ape=0.5521
[17:55:52] warmStart (decay=exponential) 45% (528/1150) regret=0.100623 ape=0.5521
[17:55:53] warmStart (decay=exponential) 46% (529/1150) regret=0.100623 ape=0.5521
[17:55:53] warmStart (decay=exponential) 46% (530/1150) regret=0.100623 ape=0.5521
[17:55:53] warmStart (decay=exponential) 46% (531/1150) regret=0.100623 ape=0.5521
[17:55:53] warmStart (decay=exponential) 46% (532/1150) regret=0.100623 ape=0.5521
[17:55:53] warmStart (decay=exponential) 46% (533/1150) regret=0.100623 ape=0.5521
[17:55:53] warmStart (decay=exponential) 46% (534/1150) regret=0.100623 ape=0.5521
[17:55:54] warmStart (decay=exponential) 46% (535/1150) regret=0.100623 ape=0.5521
[17:55:54] warmStart (decay=exponential) 46% (536/1150) regret=0.100623 ape=0.5521
[17:55:54] warmStart (decay=exponential) 46% (537/1150) regret=0.100623 ape=0.5521
[17:55:54] warmStart (decay=exponential) 46% (538/1150) regret=0.100623 ape=0.5521
[17:55:54] warmStart (decay=exponential) 46% (539/1150) regret=0.100623 ape=0.5521
[17:55:54] warmStart (decay=exponential) 46% (540/1150) regret=0.100623 ape=0.5521
[17:55:54] warmStart (decay=exponential) 47% (541/1150) regret=0.100623 ape=0.5521
[17:55:55] warmStart (decay=exponential) 47% (542/1150) regret=0.100623 ape=0.5521
[17:55:55] warmStart (decay=exponential) 47% (543/1150) regret=0.100623 ape=0.5521
[17:55:55] warmStart (decay=exponential) 47% (544/1150) regret=0.100623 ape=0.5521
[17:55:55] warmStart (decay=exponential) 47% (545/1150) regret=0.100623 ape=0.5521
[17:55:55] warmStart (decay=exponential) 47% (546/1150) regret=0.100623 ape=0.5521
[17:55:55] warmStart (decay=exponential) 47% (547/1150) regret=0.100623 ape=0.5521
[17:55:55] warmStart (decay=exponential) 47% (548/1150) regret=0.100623 ape=0.5521
[17:55:56] warmStart (decay=exponential) 47% (549/1150) regret=0.100623 ape=0.5521
[17:55:56] warmStart (decay=exponential) 47% (550/1150) regret=0.100623 ape=0.5521
[17:55:56] warmStart (decay=exponential) 47% (551/1150) regret=0.100623 ape=0.5521
[17:55:56] warmStart (decay=exponential) 48% (552/1150) regret=0.100623 ape=0.5521
[17:55:56] warmStart (decay=exponential) 48% (553/1150) regret=0.100623 ape=0.5521
[17:55:56] warmStart (decay=exponential) 48% (554/1150) regret=0.100623 ape=0.5521
[17:55:57] warmStart (decay=exponential) 48% (555/1150) regret=0.100623 ape=0.5521
[17:55:57] warmStart (decay=exponential) 48% (556/1150) regret=0.100623 ape=0.5521
[17:55:57] warmStart (decay=exponential) 48% (557/1150) regret=0.100623 ape=0.5521
[17:55:57] warmStart (decay=exponential) 48% (558/1150) regret=0.100623 ape=0.5521
[17:55:57] warmStart (decay=exponential) 48% (559/1150) regret=0.100623 ape=0.5521
[17:55:57] warmStart (decay=exponential) 48% (560/1150) regret=0.100623 ape=0.5521
[17:55:57] warmStart (decay=exponential) 48% (561/1150) regret=0.100623 ape=0.5521
[17:55:58] warmStart (decay=exponential) 48% (562/1150) regret=0.100623 ape=0.5521
[17:55:58] warmStart (decay=exponential) 48% (563/1150) regret=0.100623 ape=0.5521
[17:55:58] warmStart (decay=exponential) 49% (564/1150) regret=0.100623 ape=0.5521
[17:55:58] warmStart (decay=exponential) 49% (565/1150) regret=0.100623 ape=0.5521
[17:55:58] warmStart (decay=exponential) 49% (566/1150) regret=0.100623 ape=0.5521
[17:55:58] warmStart (decay=exponential) 49% (567/1150) regret=0.100623 ape=0.5521
[17:55:58] warmStart (decay=exponential) 49% (568/1150) regret=0.100623 ape=0.5521
[17:55:59] warmStart (decay=exponential) 49% (569/1150) regret=0.100623 ape=0.5521
[17:55:59] warmStart (decay=exponential) 49% (570/1150) regret=0.100623 ape=0.5521
[17:55:59] warmStart (decay=exponential) 49% (571/1150) regret=0.100623 ape=0.5521
[17:55:59] warmStart (decay=exponential) 49% (572/1150) regret=0.100623 ape=0.5521
[17:55:59] warmStart (decay=exponential) 49% (573/1150) regret=0.100623 ape=0.5521
[17:55:59] warmStart (decay=exponential) 49% (574/1150) regret=0.100623 ape=0.5521
[17:56:00] warmStart (decay=exponential) 50% (575/1150) regret=0.100623 ape=0.5521
[17:56:00] warmStart (decay=exponential) 50% (576/1150) regret=0.100623 ape=0.5521
[17:56:00] warmStart (decay=exponential) 50% (577/1150) regret=0.100623 ape=0.5521
[17:56:00] warmStart (decay=exponential) 50% (578/1150) regret=0.100623 ape=0.5521
[17:56:00] warmStart (decay=exponential) 50% (579/1150) regret=0.100623 ape=0.5521
[17:56:00] warmStart (decay=exponential) 50% (580/1150) regret=0.100623 ape=0.5521
[17:56:00] warmStart (decay=exponential) 50% (581/1150) regret=0.100623 ape=0.5521
[17:56:01] warmStart (decay=exponential) 50% (582/1150) regret=0.100623 ape=0.5521
[17:56:01] warmStart (decay=exponential) 50% (583/1150) regret=0.100623 ape=0.5521
[17:56:01] warmStart (decay=exponential) 50% (584/1150) regret=0.100623 ape=0.5521
[17:56:01] warmStart (decay=exponential) 50% (585/1150) regret=0.100623 ape=0.5521
[17:56:01] warmStart (decay=exponential) 50% (586/1150) regret=0.100623 ape=0.5521
[17:56:01] warmStart (decay=exponential) 51% (587/1150) regret=0.100623 ape=0.5521
[17:56:02] warmStart (decay=exponential) 51% (588/1150) regret=0.100623 ape=0.5521
[17:56:02] warmStart (decay=exponential) 51% (589/1150) regret=0.100623 ape=0.5521
[17:56:02] warmStart (decay=exponential) 51% (590/1150) regret=0.100623 ape=0.5521
[17:56:02] warmStart (decay=exponential) 51% (591/1150) regret=0.100623 ape=0.5521
[17:56:02] warmStart (decay=exponential) 51% (592/1150) regret=0.100623 ape=0.5521
[17:56:02] warmStart (decay=exponential) 51% (593/1150) regret=0.100623 ape=0.5521
[17:56:02] warmStart (decay=exponential) 51% (594/1150) regret=0.100623 ape=0.5521
[17:56:03] warmStart (decay=exponential) 51% (595/1150) regret=0.100623 ape=0.5521
[17:56:03] warmStart (decay=exponential) 51% (596/1150) regret=0.100623 ape=0.5521
[17:56:03] warmStart (decay=exponential) 51% (597/1150) regret=0.100623 ape=0.5521
[17:56:03] warmStart (decay=exponential) 52% (598/1150) regret=0.100623 ape=0.5521
[17:56:03] warmStart (decay=exponential) 52% (599/1150) regret=0.100623 ape=0.5521
[17:56:03] warmStart (decay=exponential) 52% (600/1150) regret=0.100623 ape=0.5521
[17:56:04] warmStart (decay=exponential) 52% (601/1150) regret=0.100623 ape=0.5521
[17:56:04] warmStart (decay=exponential) 52% (602/1150) regret=0.100623 ape=0.5521
[17:56:04] warmStart (decay=exponential) 52% (603/1150) regret=0.100623 ape=0.5521
[17:56:04] warmStart (decay=exponential) 52% (604/1150) regret=0.100623 ape=0.5521
[17:56:04] warmStart (decay=exponential) 52% (605/1150) regret=0.100623 ape=0.5521
[17:56:04] warmStart (decay=exponential) 52% (606/1150) regret=0.100623 ape=0.5521
[17:56:04] warmStart (decay=exponential) 52% (607/1150) regret=0.100623 ape=0.5521
[17:56:05] warmStart (decay=exponential) 52% (608/1150) regret=0.100623 ape=0.5521
[17:56:05] warmStart (decay=exponential) 52% (609/1150) regret=0.100623 ape=0.5521
[17:56:05] warmStart (decay=exponential) 53% (610/1150) regret=0.100623 ape=0.5521
[17:56:05] warmStart (decay=exponential) 53% (611/1150) regret=0.100623 ape=0.5521
[17:56:05] warmStart (decay=exponential) 53% (612/1150) regret=0.100623 ape=0.5521
[17:56:05] warmStart (decay=exponential) 53% (613/1150) regret=0.100623 ape=0.5521
[17:56:06] warmStart (decay=exponential) 53% (614/1150) regret=0.100623 ape=0.5521
[17:56:06] warmStart (decay=exponential) 53% (615/1150) regret=0.100623 ape=0.5521
[17:56:06] warmStart (decay=exponential) 53% (616/1150) regret=0.100623 ape=0.5521
[17:56:06] warmStart (decay=exponential) 53% (617/1150) regret=0.100623 ape=0.5521
[17:56:06] warmStart (decay=exponential) 53% (618/1150) regret=0.100623 ape=0.5521
[17:56:06] warmStart (decay=exponential) 53% (619/1150) regret=0.100623 ape=0.5521
[17:56:06] warmStart (decay=exponential) 53% (620/1150) regret=0.100623 ape=0.5521
[17:56:07] warmStart (decay=exponential) 54% (621/1150) regret=0.100623 ape=0.5521
[17:56:07] warmStart (decay=exponential) 54% (622/1150) regret=0.100623 ape=0.5521
[17:56:07] warmStart (decay=exponential) 54% (623/1150) regret=0.100623 ape=0.5521
[17:56:07] warmStart (decay=exponential) 54% (624/1150) regret=0.100623 ape=0.5521
[17:56:07] warmStart (decay=exponential) 54% (625/1150) regret=0.100623 ape=0.5521
[17:56:07] warmStart (decay=exponential) 54% (626/1150) regret=0.100623 ape=0.5521
[17:56:08] warmStart (decay=exponential) 54% (627/1150) regret=0.100623 ape=0.5521
[17:56:08] warmStart (decay=exponential) 54% (628/1150) regret=0.100623 ape=0.5521
[17:56:08] warmStart (decay=exponential) 54% (629/1150) regret=0.100623 ape=0.5521
[17:56:08] warmStart (decay=exponential) 54% (630/1150) regret=0.100623 ape=0.5521
[17:56:08] warmStart (decay=exponential) 54% (631/1150) regret=0.100623 ape=0.5521
[17:56:08] warmStart (decay=exponential) 54% (632/1150) regret=0.100623 ape=0.5521
[17:56:09] warmStart (decay=exponential) 55% (633/1150) regret=0.100623 ape=0.5521
[17:56:09] warmStart (decay=exponential) 55% (634/1150) regret=0.100623 ape=0.5521
[17:56:09] warmStart (decay=exponential) 55% (635/1150) regret=0.100623 ape=0.5521
[17:56:09] warmStart (decay=exponential) 55% (636/1150) regret=0.100623 ape=0.5521
[17:56:09] warmStart (decay=exponential) 55% (637/1150) regret=0.100623 ape=0.5521
[17:56:09] warmStart (decay=exponential) 55% (638/1150) regret=0.100623 ape=0.5521
[17:56:09] warmStart (decay=exponential) 55% (639/1150) regret=0.100623 ape=0.5521
[17:56:10] warmStart (decay=exponential) 55% (640/1150) regret=0.100623 ape=0.5521
[17:56:10] warmStart (decay=exponential) 55% (641/1150) regret=0.100623 ape=0.5521
[17:56:10] warmStart (decay=exponential) 55% (642/1150) regret=0.100623 ape=0.5521
[17:56:10] warmStart (decay=exponential) 55% (643/1150) regret=0.100623 ape=0.5521
[17:56:10] warmStart (decay=exponential) 56% (644/1150) regret=0.100623 ape=0.5521
[17:56:10] warmStart (decay=exponential) 56% (645/1150) regret=0.100623 ape=0.5521
[17:56:11] warmStart (decay=exponential) 56% (646/1150) regret=0.100623 ape=0.5521
[17:56:11] warmStart (decay=exponential) 56% (647/1150) regret=0.100623 ape=0.5521
[17:56:11] warmStart (decay=exponential) 56% (648/1150) regret=0.100623 ape=0.5521
[17:56:11] warmStart (decay=exponential) 56% (649/1150) regret=0.100623 ape=0.5521
[17:56:11] warmStart (decay=exponential) 56% (650/1150) regret=0.100623 ape=0.5521
[17:56:11] warmStart (decay=exponential) 56% (651/1150) regret=0.100623 ape=0.5521
[17:56:12] warmStart (decay=exponential) 56% (652/1150) regret=0.100623 ape=0.5521
[17:56:12] warmStart (decay=exponential) 56% (653/1150) regret=0.100623 ape=0.5521
[17:56:12] warmStart (decay=exponential) 56% (654/1150) regret=0.100623 ape=0.5521
[17:56:12] warmStart (decay=exponential) 56% (655/1150) regret=0.100623 ape=0.5521
[17:56:12] warmStart (decay=exponential) 57% (656/1150) regret=0.100623 ape=0.5521
[17:56:12] warmStart (decay=exponential) 57% (657/1150) regret=0.100623 ape=0.5521
[17:56:12] warmStart (decay=exponential) 57% (658/1150) regret=0.100623 ape=0.5521
[17:56:13] warmStart (decay=exponential) 57% (659/1150) regret=0.100623 ape=0.5521
[17:56:13] warmStart (decay=exponential) 57% (660/1150) regret=0.100623 ape=0.5521
[17:56:13] warmStart (decay=exponential) 57% (661/1150) regret=0.100623 ape=0.5521
[17:56:13] warmStart (decay=exponential) 57% (662/1150) regret=0.100623 ape=0.5521
[17:56:13] warmStart (decay=exponential) 57% (663/1150) regret=0.100623 ape=0.5521
[17:56:13] warmStart (decay=exponential) 57% (664/1150) regret=0.100623 ape=0.5521
[17:56:14] warmStart (decay=exponential) 57% (665/1150) regret=0.100623 ape=0.5521
[17:56:14] warmStart (decay=exponential) 57% (666/1150) regret=0.100623 ape=0.5521
[17:56:14] warmStart (decay=exponential) 57% (667/1150) regret=0.100623 ape=0.5521
[17:56:14] warmStart (decay=exponential) 58% (668/1150) regret=0.100623 ape=0.5521
[17:56:14] warmStart (decay=exponential) 58% (669/1150) regret=0.100623 ape=0.5521
[17:56:14] warmStart (decay=exponential) 58% (670/1150) regret=0.100623 ape=0.5521
[17:56:15] warmStart (decay=exponential) 58% (671/1150) regret=0.100623 ape=0.5521
[17:56:15] warmStart (decay=exponential) 58% (672/1150) regret=0.100623 ape=0.5521
[17:56:15] warmStart (decay=exponential) 58% (673/1150) regret=0.100623 ape=0.5521
[17:56:15] warmStart (decay=exponential) 58% (674/1150) regret=0.100623 ape=0.5521
[17:56:15] warmStart (decay=exponential) 58% (675/1150) regret=0.100623 ape=0.5521
[17:56:15] warmStart (decay=exponential) 58% (676/1150) regret=0.100623 ape=0.5521
[17:56:15] warmStart (decay=exponential) 58% (677/1150) regret=0.100623 ape=0.5521
[17:56:16] warmStart (decay=exponential) 58% (678/1150) regret=0.100623 ape=0.5521
[17:56:16] warmStart (decay=exponential) 59% (679/1150) regret=0.100623 ape=0.5521
[17:56:16] warmStart (decay=exponential) 59% (680/1150) regret=0.100623 ape=0.5521
[17:56:16] warmStart (decay=exponential) 59% (681/1150) regret=0.100623 ape=0.5521
[17:56:16] warmStart (decay=exponential) 59% (682/1150) regret=0.100623 ape=0.5521
[17:56:16] warmStart (decay=exponential) 59% (683/1150) regret=0.100623 ape=0.5521
[17:56:17] warmStart (decay=exponential) 59% (684/1150) regret=0.100623 ape=0.5521
[17:56:17] warmStart (decay=exponential) 59% (685/1150) regret=0.100623 ape=0.5521
[17:56:17] warmStart (decay=exponential) 59% (686/1150) regret=0.100623 ape=0.5521
[17:56:17] warmStart (decay=exponential) 59% (687/1150) regret=0.100623 ape=0.5521
[17:56:17] warmStart (decay=exponential) 59% (688/1150) regret=0.100623 ape=0.5521
[17:56:17] warmStart (decay=exponential) 59% (689/1150) regret=0.100623 ape=0.5521
[17:56:18] warmStart (decay=exponential) 60% (690/1150) regret=0.100623 ape=0.5521
[17:56:18] warmStart (decay=exponential) 60% (691/1150) regret=0.100623 ape=0.5521
[17:56:18] warmStart (decay=exponential) 60% (692/1150) regret=0.100623 ape=0.5521
[17:56:18] warmStart (decay=exponential) 60% (693/1150) regret=0.100623 ape=0.5521
[17:56:18] warmStart (decay=exponential) 60% (694/1150) regret=0.100623 ape=0.5521
[17:56:18] warmStart (decay=exponential) 60% (695/1150) regret=0.100623 ape=0.5521
[17:56:19] warmStart (decay=exponential) 60% (696/1150) regret=0.100623 ape=0.5521
[17:56:19] warmStart (decay=exponential) 60% (697/1150) regret=0.100623 ape=0.5521
[17:56:19] warmStart (decay=exponential) 60% (698/1150) regret=0.100623 ape=0.5521
[17:56:19] warmStart (decay=exponential) 60% (699/1150) regret=0.100623 ape=0.5521
[17:56:19] warmStart (decay=exponential) 60% (700/1150) regret=0.100623 ape=0.5521
[17:56:19] warmStart (decay=exponential) 60% (701/1150) regret=0.100623 ape=0.5521
[17:56:19] warmStart (decay=exponential) 61% (702/1150) regret=0.100623 ape=0.5521
[17:56:20] warmStart (decay=exponential) 61% (703/1150) regret=0.100623 ape=0.5521
[17:56:20] warmStart (decay=exponential) 61% (704/1150) regret=0.100623 ape=0.5521
[17:56:20] warmStart (decay=exponential) 61% (705/1150) regret=0.100623 ape=0.5521
[17:56:20] warmStart (decay=exponential) 61% (706/1150) regret=0.100623 ape=0.5521
[17:56:20] warmStart (decay=exponential) 61% (707/1150) regret=0.100623 ape=0.5521
[17:56:20] warmStart (decay=exponential) 61% (708/1150) regret=0.100623 ape=0.5521
[17:56:21] warmStart (decay=exponential) 61% (709/1150) regret=0.100623 ape=0.5521
[17:56:21] warmStart (decay=exponential) 61% (710/1150) regret=0.100623 ape=0.5521
[17:56:21] warmStart (decay=exponential) 61% (711/1150) regret=0.100623 ape=0.5521
[17:56:21] warmStart (decay=exponential) 61% (712/1150) regret=0.100623 ape=0.5521
[17:56:21] warmStart (decay=exponential) 62% (713/1150) regret=0.100623 ape=0.5521
[17:56:21] warmStart (decay=exponential) 62% (714/1150) regret=0.100623 ape=0.5521
[17:56:22] warmStart (decay=exponential) 62% (715/1150) regret=0.100623 ape=0.5521
[17:56:22] warmStart (decay=exponential) 62% (716/1150) regret=0.100623 ape=0.5521
[17:56:22] warmStart (decay=exponential) 62% (717/1150) regret=0.100623 ape=0.5521
[17:56:22] warmStart (decay=exponential) 62% (718/1150) regret=0.100623 ape=0.5521
[17:56:22] warmStart (decay=exponential) 62% (719/1150) regret=0.100623 ape=0.5521
[17:56:22] warmStart (decay=exponential) 62% (720/1150) regret=0.100623 ape=0.5521
[17:56:23] warmStart (decay=exponential) 62% (721/1150) regret=0.100623 ape=0.5521
[17:56:23] warmStart (decay=exponential) 62% (722/1150) regret=0.100623 ape=0.5521
[17:56:23] warmStart (decay=exponential) 62% (723/1150) regret=0.100623 ape=0.5521
[17:56:23] warmStart (decay=exponential) 62% (724/1150) regret=0.100623 ape=0.5521
[17:56:23] warmStart (decay=exponential) 63% (725/1150) regret=0.100623 ape=0.5521
[17:56:23] warmStart (decay=exponential) 63% (726/1150) regret=0.100623 ape=0.5521
[17:56:24] warmStart (decay=exponential) 63% (727/1150) regret=0.100623 ape=0.5521
[17:56:24] warmStart (decay=exponential) 63% (728/1150) regret=0.100623 ape=0.5521
[17:56:24] warmStart (decay=exponential) 63% (729/1150) regret=0.100623 ape=0.5521
[17:56:24] warmStart (decay=exponential) 63% (730/1150) regret=0.100623 ape=0.5521
[17:56:24] warmStart (decay=exponential) 63% (731/1150) regret=0.100623 ape=0.5521
[17:56:24] warmStart (decay=exponential) 63% (732/1150) regret=0.100623 ape=0.5521
[17:56:25] warmStart (decay=exponential) 63% (733/1150) regret=0.100623 ape=0.5521
[17:56:25] warmStart (decay=exponential) 63% (734/1150) regret=0.100623 ape=0.5521
[17:56:25] warmStart (decay=exponential) 63% (735/1150) regret=0.100623 ape=0.5521
[17:56:25] warmStart (decay=exponential) 64% (736/1150) regret=0.100623 ape=0.5521
[17:56:25] warmStart (decay=exponential) 64% (737/1150) regret=0.100623 ape=0.5521
[17:56:25] warmStart (decay=exponential) 64% (738/1150) regret=0.100623 ape=0.5521
[17:56:25] warmStart (decay=exponential) 64% (739/1150) regret=0.100623 ape=0.5521
[17:56:26] warmStart (decay=exponential) 64% (740/1150) regret=0.100623 ape=0.5521
[17:56:26] warmStart (decay=exponential) 64% (741/1150) regret=0.100623 ape=0.5521
[17:56:26] warmStart (decay=exponential) 64% (742/1150) regret=0.100623 ape=0.5521
[17:56:26] warmStart (decay=exponential) 64% (743/1150) regret=0.100623 ape=0.5521
[17:56:26] warmStart (decay=exponential) 64% (744/1150) regret=0.100623 ape=0.5521
[17:56:27] warmStart (decay=exponential) 64% (745/1150) regret=0.100623 ape=0.5521
[17:56:27] warmStart (decay=exponential) 64% (746/1150) regret=0.100623 ape=0.5521
[17:56:27] warmStart (decay=exponential) 64% (747/1150) regret=0.100623 ape=0.5521
[17:56:27] warmStart (decay=exponential) 65% (748/1150) regret=0.100623 ape=0.5521
[17:56:27] warmStart (decay=exponential) 65% (749/1150) regret=0.100623 ape=0.5521
[17:56:27] warmStart (decay=exponential) 65% (750/1150) regret=0.100623 ape=0.5521
[17:56:28] warmStart (decay=exponential) 65% (751/1150) regret=0.100623 ape=0.5521
[17:56:28] warmStart (decay=exponential) 65% (752/1150) regret=0.100623 ape=0.5521
[17:56:28] warmStart (decay=exponential) 65% (753/1150) regret=0.100623 ape=0.5521
[17:56:28] warmStart (decay=exponential) 65% (754/1150) regret=0.100623 ape=0.5521
[17:56:28] warmStart (decay=exponential) 65% (755/1150) regret=0.100623 ape=0.5521
[17:56:28] warmStart (decay=exponential) 65% (756/1150) regret=0.100623 ape=0.5521
[17:56:29] warmStart (decay=exponential) 65% (757/1150) regret=0.100623 ape=0.5521
[17:56:29] warmStart (decay=exponential) 65% (758/1150) regret=0.100623 ape=0.5521
[17:56:29] warmStart (decay=exponential) 66% (759/1150) regret=0.100623 ape=0.5521
[17:56:29] warmStart (decay=exponential) 66% (760/1150) regret=0.100623 ape=0.5521
[17:56:29] warmStart (decay=exponential) 66% (761/1150) regret=0.100623 ape=0.5521
[17:56:29] warmStart (decay=exponential) 66% (762/1150) regret=0.100623 ape=0.5521
[17:56:30] warmStart (decay=exponential) 66% (763/1150) regret=0.100623 ape=0.5521
[17:56:30] warmStart (decay=exponential) 66% (764/1150) regret=0.100623 ape=0.5521
[17:56:30] warmStart (decay=exponential) 66% (765/1150) regret=0.100623 ape=0.5521
[17:56:30] warmStart (decay=exponential) 66% (766/1150) regret=0.100623 ape=0.5521
[17:56:30] warmStart (decay=exponential) 66% (767/1150) regret=0.100623 ape=0.5521
[17:56:31] warmStart (decay=exponential) 66% (768/1150) regret=0.100623 ape=0.5521
[17:56:31] warmStart (decay=exponential) 66% (769/1150) regret=0.100623 ape=0.5521
[17:56:31] warmStart (decay=exponential) 66% (770/1150) regret=0.100623 ape=0.5521
[17:56:31] warmStart (decay=exponential) 67% (771/1150) regret=0.100623 ape=0.5521
[17:56:31] warmStart (decay=exponential) 67% (772/1150) regret=0.100623 ape=0.5521
[17:56:31] warmStart (decay=exponential) 67% (773/1150) regret=0.100623 ape=0.5521
[17:56:32] warmStart (decay=exponential) 67% (774/1150) regret=0.100623 ape=0.5521
[17:56:32] warmStart (decay=exponential) 67% (775/1150) regret=0.100623 ape=0.5521
[17:56:32] warmStart (decay=exponential) 67% (776/1150) regret=0.100623 ape=0.5521
[17:56:32] warmStart (decay=exponential) 67% (777/1150) regret=0.100623 ape=0.5521
[17:56:32] warmStart (decay=exponential) 67% (778/1150) regret=0.100623 ape=0.5521
[17:56:32] warmStart (decay=exponential) 67% (779/1150) regret=0.100623 ape=0.5521
[17:56:33] warmStart (decay=exponential) 67% (780/1150) regret=0.100623 ape=0.5521
[17:56:33] warmStart (decay=exponential) 67% (781/1150) regret=0.100623 ape=0.5521
[17:56:33] warmStart (decay=exponential) 68% (782/1150) regret=0.100623 ape=0.5521
[17:56:33] warmStart (decay=exponential) 68% (783/1150) regret=0.100623 ape=0.5521
[17:56:33] warmStart (decay=exponential) 68% (784/1150) regret=0.100623 ape=0.5521
[17:56:34] warmStart (decay=exponential) 68% (785/1150) regret=0.100623 ape=0.5521
[17:56:34] warmStart (decay=exponential) 68% (786/1150) regret=0.100623 ape=0.5521
[17:56:34] warmStart (decay=exponential) 68% (787/1150) regret=0.100623 ape=0.5521
[17:56:34] warmStart (decay=exponential) 68% (788/1150) regret=0.100623 ape=0.5521
[17:56:34] warmStart (decay=exponential) 68% (789/1150) regret=0.100623 ape=0.5521
[17:56:34] warmStart (decay=exponential) 68% (790/1150) regret=0.100623 ape=0.5521
[17:56:35] warmStart (decay=exponential) 68% (791/1150) regret=0.100623 ape=0.5521
[17:56:35] warmStart (decay=exponential) 68% (792/1150) regret=0.100623 ape=0.5521
[17:56:35] warmStart (decay=exponential) 68% (793/1150) regret=0.100623 ape=0.5521
[17:56:35] warmStart (decay=exponential) 69% (794/1150) regret=0.100623 ape=0.5521
[17:56:35] warmStart (decay=exponential) 69% (795/1150) regret=0.100623 ape=0.5521
[17:56:36] warmStart (decay=exponential) 69% (796/1150) regret=0.100623 ape=0.5521
[17:56:36] warmStart (decay=exponential) 69% (797/1150) regret=0.100623 ape=0.5521
[17:56:36] warmStart (decay=exponential) 69% (798/1150) regret=0.100623 ape=0.5521
[17:56:36] warmStart (decay=exponential) 69% (799/1150) regret=0.100623 ape=0.5521
[17:56:36] warmStart (decay=exponential) 69% (800/1150) regret=0.100623 ape=0.5521
[17:56:36] warmStart (decay=exponential) 69% (801/1150) regret=0.100623 ape=0.5521
[17:56:37] warmStart (decay=exponential) 69% (802/1150) regret=0.100623 ape=0.5521
[17:56:37] warmStart (decay=exponential) 69% (803/1150) regret=0.100623 ape=0.5521
[17:56:37] warmStart (decay=exponential) 69% (804/1150) regret=0.100623 ape=0.5521
[17:56:37] warmStart (decay=exponential) 70% (805/1150) regret=0.100623 ape=0.5521
[17:56:37] warmStart (decay=exponential) 70% (806/1150) regret=0.100623 ape=0.5521
[17:56:37] warmStart (decay=exponential) 70% (807/1150) regret=0.100623 ape=0.5521
[17:56:38] warmStart (decay=exponential) 70% (808/1150) regret=0.100623 ape=0.5521
[17:56:38] warmStart (decay=exponential) 70% (809/1150) regret=0.100623 ape=0.5521
[17:56:38] warmStart (decay=exponential) 70% (810/1150) regret=0.100623 ape=0.5521
[17:56:38] warmStart (decay=exponential) 70% (811/1150) regret=0.100623 ape=0.5521
[17:56:38] warmStart (decay=exponential) 70% (812/1150) regret=0.100623 ape=0.5521
[17:56:39] warmStart (decay=exponential) 70% (813/1150) regret=0.100623 ape=0.5521
[17:56:39] warmStart (decay=exponential) 70% (814/1150) regret=0.100623 ape=0.5521
[17:56:39] warmStart (decay=exponential) 70% (815/1150) regret=0.100623 ape=0.5521
[17:56:39] warmStart (decay=exponential) 70% (816/1150) regret=0.100623 ape=0.5521
[17:56:39] warmStart (decay=exponential) 71% (817/1150) regret=0.100623 ape=0.5521
[17:56:39] warmStart (decay=exponential) 71% (818/1150) regret=0.100623 ape=0.5521
[17:56:40] warmStart (decay=exponential) 71% (819/1150) regret=0.100623 ape=0.5521
[17:56:40] warmStart (decay=exponential) 71% (820/1150) regret=0.100623 ape=0.5521
[17:56:40] warmStart (decay=exponential) 71% (821/1150) regret=0.100623 ape=0.5521
[17:56:40] warmStart (decay=exponential) 71% (822/1150) regret=0.100623 ape=0.5521
[17:56:40] warmStart (decay=exponential) 71% (823/1150) regret=0.100623 ape=0.5521
[17:56:41] warmStart (decay=exponential) 71% (824/1150) regret=0.100623 ape=0.5521
[17:56:41] warmStart (decay=exponential) 71% (825/1150) regret=0.100623 ape=0.5521
[17:56:41] warmStart (decay=exponential) 71% (826/1150) regret=0.100623 ape=0.5521
[17:56:41] warmStart (decay=exponential) 71% (827/1150) regret=0.100623 ape=0.5521
[17:56:41] warmStart (decay=exponential) 72% (828/1150) regret=0.100623 ape=0.5521
[17:56:41] warmStart (decay=exponential) 72% (829/1150) regret=0.100623 ape=0.5521
[17:56:42] warmStart (decay=exponential) 72% (830/1150) regret=0.100623 ape=0.5521
[17:56:42] warmStart (decay=exponential) 72% (831/1150) regret=0.100623 ape=0.5521
[17:56:42] warmStart (decay=exponential) 72% (832/1150) regret=0.100623 ape=0.5521
[17:56:42] warmStart (decay=exponential) 72% (833/1150) regret=0.100623 ape=0.5521
[17:56:42] warmStart (decay=exponential) 72% (834/1150) regret=0.100623 ape=0.5521
[17:56:42] warmStart (decay=exponential) 72% (835/1150) regret=0.100623 ape=0.5521
[17:56:43] warmStart (decay=exponential) 72% (836/1150) regret=0.100623 ape=0.5521
[17:56:43] warmStart (decay=exponential) 72% (837/1150) regret=0.100623 ape=0.5521
[17:56:43] warmStart (decay=exponential) 72% (838/1150) regret=0.100623 ape=0.5521
[17:56:43] warmStart (decay=exponential) 72% (839/1150) regret=0.100623 ape=0.5521
[17:56:43] warmStart (decay=exponential) 73% (840/1150) regret=0.100623 ape=0.5521
[17:56:44] warmStart (decay=exponential) 73% (841/1150) regret=0.100623 ape=0.5521
[17:56:44] warmStart (decay=exponential) 73% (842/1150) regret=0.100623 ape=0.5521
[17:56:44] warmStart (decay=exponential) 73% (843/1150) regret=0.100623 ape=0.5521
[17:56:44] warmStart (decay=exponential) 73% (844/1150) regret=0.100623 ape=0.5521
[17:56:44] warmStart (decay=exponential) 73% (845/1150) regret=0.100623 ape=0.5521
[17:56:44] warmStart (decay=exponential) 73% (846/1150) regret=0.100623 ape=0.5521
[17:56:45] warmStart (decay=exponential) 73% (847/1150) regret=0.100623 ape=0.5521
[17:56:45] warmStart (decay=exponential) 73% (848/1150) regret=0.100623 ape=0.5521
[17:56:45] warmStart (decay=exponential) 73% (849/1150) regret=0.100623 ape=0.5521
[17:56:45] warmStart (decay=exponential) 73% (850/1150) regret=0.100623 ape=0.5521
[17:56:45] warmStart (decay=exponential) 74% (851/1150) regret=0.100623 ape=0.5521
[17:56:46] warmStart (decay=exponential) 74% (852/1150) regret=0.100623 ape=0.5521
[17:56:46] warmStart (decay=exponential) 74% (853/1150) regret=0.100623 ape=0.5521
[17:56:46] warmStart (decay=exponential) 74% (854/1150) regret=0.100623 ape=0.5521
[17:56:46] warmStart (decay=exponential) 74% (855/1150) regret=0.100623 ape=0.5521
[17:56:46] warmStart (decay=exponential) 74% (856/1150) regret=0.100623 ape=0.5521
[17:56:46] warmStart (decay=exponential) 74% (857/1150) regret=0.100623 ape=0.5521
[17:56:47] warmStart (decay=exponential) 74% (858/1150) regret=0.100623 ape=0.5521
[17:56:47] warmStart (decay=exponential) 74% (859/1150) regret=0.100623 ape=0.5521
[17:56:47] warmStart (decay=exponential) 74% (860/1150) regret=0.100623 ape=0.5521
[17:56:47] warmStart (decay=exponential) 74% (861/1150) regret=0.100623 ape=0.5521
[17:56:47] warmStart (decay=exponential) 74% (862/1150) regret=0.100623 ape=0.5521
[17:56:48] warmStart (decay=exponential) 75% (863/1150) regret=0.100623 ape=0.5521
[17:56:48] warmStart (decay=exponential) 75% (864/1150) regret=0.100623 ape=0.5521
[17:56:48] warmStart (decay=exponential) 75% (865/1150) regret=0.100623 ape=0.5521
[17:56:48] warmStart (decay=exponential) 75% (866/1150) regret=0.100623 ape=0.5521
[17:56:48] warmStart (decay=exponential) 75% (867/1150) regret=0.100623 ape=0.5521
[17:56:48] warmStart (decay=exponential) 75% (868/1150) regret=0.100623 ape=0.5521
[17:56:49] warmStart (decay=exponential) 75% (869/1150) regret=0.100623 ape=0.5521
[17:56:49] warmStart (decay=exponential) 75% (870/1150) regret=0.100623 ape=0.5521
[17:56:49] warmStart (decay=exponential) 75% (871/1150) regret=0.100623 ape=0.5521
[17:56:49] warmStart (decay=exponential) 75% (872/1150) regret=0.100623 ape=0.5521
[17:56:49] warmStart (decay=exponential) 75% (873/1150) regret=0.100623 ape=0.5521
[17:56:50] warmStart (decay=exponential) 76% (874/1150) regret=0.100623 ape=0.5521
[17:56:50] warmStart (decay=exponential) 76% (875/1150) regret=0.100623 ape=0.5521
[17:56:50] warmStart (decay=exponential) 76% (876/1150) regret=0.100623 ape=0.5521
[17:56:50] warmStart (decay=exponential) 76% (877/1150) regret=0.100623 ape=0.5521
[17:56:50] warmStart (decay=exponential) 76% (878/1150) regret=0.100623 ape=0.5521
[17:56:50] warmStart (decay=exponential) 76% (879/1150) regret=0.100623 ape=0.5521
[17:56:51] warmStart (decay=exponential) 76% (880/1150) regret=0.100623 ape=0.5521
[17:56:51] warmStart (decay=exponential) 76% (881/1150) regret=0.100623 ape=0.5521
[17:56:51] warmStart (decay=exponential) 76% (882/1150) regret=0.100623 ape=0.5521
[17:56:51] warmStart (decay=exponential) 76% (883/1150) regret=0.100623 ape=0.5521
[17:56:51] warmStart (decay=exponential) 76% (884/1150) regret=0.100623 ape=0.5521
[17:56:52] warmStart (decay=exponential) 76% (885/1150) regret=0.100623 ape=0.5521
[17:56:52] warmStart (decay=exponential) 77% (886/1150) regret=0.100623 ape=0.5521
[17:56:52] warmStart (decay=exponential) 77% (887/1150) regret=0.100623 ape=0.5521
[17:56:52] warmStart (decay=exponential) 77% (888/1150) regret=0.100623 ape=0.5521
[17:56:52] warmStart (decay=exponential) 77% (889/1150) regret=0.100623 ape=0.5521
[17:56:52] warmStart (decay=exponential) 77% (890/1150) regret=0.100623 ape=0.5521
[17:56:53] warmStart (decay=exponential) 77% (891/1150) regret=0.100623 ape=0.5521
[17:56:53] warmStart (decay=exponential) 77% (892/1150) regret=0.100623 ape=0.5521
[17:56:53] warmStart (decay=exponential) 77% (893/1150) regret=0.100623 ape=0.5521
[17:56:53] warmStart (decay=exponential) 77% (894/1150) regret=0.100623 ape=0.5521
[17:56:53] warmStart (decay=exponential) 77% (895/1150) regret=0.100623 ape=0.5521
[17:56:54] warmStart (decay=exponential) 77% (896/1150) regret=0.100623 ape=0.5521
[17:56:54] warmStart (decay=exponential) 78% (897/1150) regret=0.100623 ape=0.5521
[17:56:54] warmStart (decay=exponential) 78% (898/1150) regret=0.100623 ape=0.5521
[17:56:54] warmStart (decay=exponential) 78% (899/1150) regret=0.100623 ape=0.5521
[17:56:54] warmStart (decay=exponential) 78% (900/1150) regret=0.100623 ape=0.5521
[17:56:55] warmStart (decay=exponential) 78% (901/1150) regret=0.100623 ape=0.5521
[17:56:55] warmStart (decay=exponential) 78% (902/1150) regret=0.100623 ape=0.5521
[17:56:55] warmStart (decay=exponential) 78% (903/1150) regret=0.100623 ape=0.5521
[17:56:55] warmStart (decay=exponential) 78% (904/1150) regret=0.100623 ape=0.5521
[17:56:55] warmStart (decay=exponential) 78% (905/1150) regret=0.100623 ape=0.5521
[17:56:55] warmStart (decay=exponential) 78% (906/1150) regret=0.100623 ape=0.5521
[17:56:56] warmStart (decay=exponential) 78% (907/1150) regret=0.100623 ape=0.5521
[17:56:56] warmStart (decay=exponential) 78% (908/1150) regret=0.100623 ape=0.5521
[17:56:56] warmStart (decay=exponential) 79% (909/1150) regret=0.100623 ape=0.5521
[17:56:56] warmStart (decay=exponential) 79% (910/1150) regret=0.100623 ape=0.5521
[17:56:56] warmStart (decay=exponential) 79% (911/1150) regret=0.100623 ape=0.5521
[17:56:57] warmStart (decay=exponential) 79% (912/1150) regret=0.100623 ape=0.5521
[17:56:57] warmStart (decay=exponential) 79% (913/1150) regret=0.100623 ape=0.5521
[17:56:57] warmStart (decay=exponential) 79% (914/1150) regret=0.100623 ape=0.5521
[17:56:57] warmStart (decay=exponential) 79% (915/1150) regret=0.100623 ape=0.5521
[17:56:57] warmStart (decay=exponential) 79% (916/1150) regret=0.100623 ape=0.5521
[17:56:57] warmStart (decay=exponential) 79% (917/1150) regret=0.100623 ape=0.5521
[17:56:58] warmStart (decay=exponential) 79% (918/1150) regret=0.100623 ape=0.5521
[17:56:58] warmStart (decay=exponential) 79% (919/1150) regret=0.100623 ape=0.5521
[17:56:58] warmStart (decay=exponential) 80% (920/1150) regret=0.100623 ape=0.5521
[17:56:58] warmStart (decay=exponential) 80% (921/1150) regret=0.100623 ape=0.5521
[17:56:58] warmStart (decay=exponential) 80% (922/1150) regret=0.100623 ape=0.5521
[17:56:59] warmStart (decay=exponential) 80% (923/1150) regret=0.100623 ape=0.5521
[17:56:59] warmStart (decay=exponential) 80% (924/1150) regret=0.100623 ape=0.5521
[17:56:59] warmStart (decay=exponential) 80% (925/1150) regret=0.100623 ape=0.5521
[17:56:59] warmStart (decay=exponential) 80% (926/1150) regret=0.100623 ape=0.5521
[17:56:59] warmStart (decay=exponential) 80% (927/1150) regret=0.100623 ape=0.5521
[17:56:59] warmStart (decay=exponential) 80% (928/1150) regret=0.100623 ape=0.5521
[17:57:00] warmStart (decay=exponential) 80% (929/1150) regret=0.100623 ape=0.5521
[17:57:00] warmStart (decay=exponential) 80% (930/1150) regret=0.100623 ape=0.5521
[17:57:00] warmStart (decay=exponential) 80% (931/1150) regret=0.100623 ape=0.5521
[17:57:00] warmStart (decay=exponential) 81% (932/1150) regret=0.100623 ape=0.5521
[17:57:00] warmStart (decay=exponential) 81% (933/1150) regret=0.100623 ape=0.5521
[17:57:01] warmStart (decay=exponential) 81% (934/1150) regret=0.100623 ape=0.5521
[17:57:01] warmStart (decay=exponential) 81% (935/1150) regret=0.100623 ape=0.5521
[17:57:01] warmStart (decay=exponential) 81% (936/1150) regret=0.100623 ape=0.5521
[17:57:01] warmStart (decay=exponential) 81% (937/1150) regret=0.100623 ape=0.5521
[17:57:01] warmStart (decay=exponential) 81% (938/1150) regret=0.100623 ape=0.5521
[17:57:01] warmStart (decay=exponential) 81% (939/1150) regret=0.100623 ape=0.5521
[17:57:02] warmStart (decay=exponential) 81% (940/1150) regret=0.100623 ape=0.5521
[17:57:02] warmStart (decay=exponential) 81% (941/1150) regret=0.100623 ape=0.5521
[17:57:02] warmStart (decay=exponential) 81% (942/1150) regret=0.100623 ape=0.5521
[17:57:02] warmStart (decay=exponential) 82% (943/1150) regret=0.100623 ape=0.5521
[17:57:02] warmStart (decay=exponential) 82% (944/1150) regret=0.100623 ape=0.5521
[17:57:03] warmStart (decay=exponential) 82% (945/1150) regret=0.100623 ape=0.5521
[17:57:03] warmStart (decay=exponential) 82% (946/1150) regret=0.100623 ape=0.5521
[17:57:03] warmStart (decay=exponential) 82% (947/1150) regret=0.100623 ape=0.5521
[17:57:03] warmStart (decay=exponential) 82% (948/1150) regret=0.100623 ape=0.5521
[17:57:03] warmStart (decay=exponential) 82% (949/1150) regret=0.100623 ape=0.5521
[17:57:04] warmStart (decay=exponential) 82% (950/1150) regret=0.100623 ape=0.5521
[17:57:04] warmStart (decay=exponential) 82% (951/1150) regret=0.100623 ape=0.5521
[17:57:04] warmStart (decay=exponential) 82% (952/1150) regret=0.100623 ape=0.5521
[17:57:04] warmStart (decay=exponential) 82% (953/1150) regret=0.100623 ape=0.5521
[17:57:04] warmStart (decay=exponential) 82% (954/1150) regret=0.100623 ape=0.5521
[17:57:04] warmStart (decay=exponential) 83% (955/1150) regret=0.100623 ape=0.5521
[17:57:05] warmStart (decay=exponential) 83% (956/1150) regret=0.100623 ape=0.5521
[17:57:05] warmStart (decay=exponential) 83% (957/1150) regret=0.100623 ape=0.5521
[17:57:05] warmStart (decay=exponential) 83% (958/1150) regret=0.100623 ape=0.5521
[17:57:05] warmStart (decay=exponential) 83% (959/1150) regret=0.100623 ape=0.5521
[17:57:05] warmStart (decay=exponential) 83% (960/1150) regret=0.100623 ape=0.5521
[17:57:06] warmStart (decay=exponential) 83% (961/1150) regret=0.100623 ape=0.5521
[17:57:06] warmStart (decay=exponential) 83% (962/1150) regret=0.100623 ape=0.5521
[17:57:06] warmStart (decay=exponential) 83% (963/1150) regret=0.100623 ape=0.5521
[17:57:06] warmStart (decay=exponential) 83% (964/1150) regret=0.100623 ape=0.5521
[17:57:06] warmStart (decay=exponential) 83% (965/1150) regret=0.100623 ape=0.5521
[17:57:07] warmStart (decay=exponential) 84% (966/1150) regret=0.100623 ape=0.5521
[17:57:07] warmStart (decay=exponential) 84% (967/1150) regret=0.100623 ape=0.5521
[17:57:07] warmStart (decay=exponential) 84% (968/1150) regret=0.100623 ape=0.5521
[17:57:07] warmStart (decay=exponential) 84% (969/1150) regret=0.100623 ape=0.5521
[17:57:07] warmStart (decay=exponential) 84% (970/1150) regret=0.100623 ape=0.5521
[17:57:07] warmStart (decay=exponential) 84% (971/1150) regret=0.100623 ape=0.5521
[17:57:08] warmStart (decay=exponential) 84% (972/1150) regret=0.100623 ape=0.5521
[17:57:08] warmStart (decay=exponential) 84% (973/1150) regret=0.100623 ape=0.5521
[17:57:08] warmStart (decay=exponential) 84% (974/1150) regret=0.100623 ape=0.5521
[17:57:08] warmStart (decay=exponential) 84% (975/1150) regret=0.100623 ape=0.5521
[17:57:08] warmStart (decay=exponential) 84% (976/1150) regret=0.100623 ape=0.5521
[17:57:09] warmStart (decay=exponential) 84% (977/1150) regret=0.100623 ape=0.5521
[17:57:09] warmStart (decay=exponential) 85% (978/1150) regret=0.100623 ape=0.5521
[17:57:09] warmStart (decay=exponential) 85% (979/1150) regret=0.100623 ape=0.5521
[17:57:09] warmStart (decay=exponential) 85% (980/1150) regret=0.100623 ape=0.5521
[17:57:09] warmStart (decay=exponential) 85% (981/1150) regret=0.100623 ape=0.5521
[17:57:10] warmStart (decay=exponential) 85% (982/1150) regret=0.100623 ape=0.5521
[17:57:10] warmStart (decay=exponential) 85% (983/1150) regret=0.100623 ape=0.5521
[17:57:10] warmStart (decay=exponential) 85% (984/1150) regret=0.100623 ape=0.5521
[17:57:10] warmStart (decay=exponential) 85% (985/1150) regret=0.100623 ape=0.5521
[17:57:10] warmStart (decay=exponential) 85% (986/1150) regret=0.100623 ape=0.5521
[17:57:10] warmStart (decay=exponential) 85% (987/1150) regret=0.100623 ape=0.5521
[17:57:11] warmStart (decay=exponential) 85% (988/1150) regret=0.100623 ape=0.5521
[17:57:11] warmStart (decay=exponential) 86% (989/1150) regret=0.100623 ape=0.5521
[17:57:11] warmStart (decay=exponential) 86% (990/1150) regret=0.100623 ape=0.5521
[17:57:11] warmStart (decay=exponential) 86% (991/1150) regret=0.100623 ape=0.5521
[17:57:11] warmStart (decay=exponential) 86% (992/1150) regret=0.100623 ape=0.5521
[17:57:12] warmStart (decay=exponential) 86% (993/1150) regret=0.100623 ape=0.5521
[17:57:12] warmStart (decay=exponential) 86% (994/1150) regret=0.100623 ape=0.5521
[17:57:12] warmStart (decay=exponential) 86% (995/1150) regret=0.100623 ape=0.5521
[17:57:12] warmStart (decay=exponential) 86% (996/1150) regret=0.100623 ape=0.5521
[17:57:12] warmStart (decay=exponential) 86% (997/1150) regret=0.100623 ape=0.5521
[17:57:13] warmStart (decay=exponential) 86% (998/1150) regret=0.100623 ape=0.5521
[17:57:13] warmStart (decay=exponential) 86% (999/1150) regret=0.100623 ape=0.5521
[17:57:13] warmStart (decay=exponential) 86% (1000/1150) regret=0.100623 ape=0.5521
[17:57:13] warmStart (decay=exponential) 87% (1001/1150) regret=0.100623 ape=0.5521
[17:57:13] warmStart (decay=exponential) 87% (1002/1150) regret=0.100623 ape=0.5521
[17:57:13] warmStart (decay=exponential) 87% (1003/1150) regret=0.100623 ape=0.5521
[17:57:14] warmStart (decay=exponential) 87% (1004/1150) regret=0.100623 ape=0.5521
[17:57:14] warmStart (decay=exponential) 87% (1005/1150) regret=0.100623 ape=0.5521
[17:57:14] warmStart (decay=exponential) 87% (1006/1150) regret=0.100623 ape=0.5521
[17:57:14] warmStart (decay=exponential) 87% (1007/1150) regret=0.100623 ape=0.5521
[17:57:14] warmStart (decay=exponential) 87% (1008/1150) regret=0.100623 ape=0.5521
[17:57:15] warmStart (decay=exponential) 87% (1009/1150) regret=0.100623 ape=0.5521
[17:57:15] warmStart (decay=exponential) 87% (1010/1150) regret=0.100623 ape=0.5521
[17:57:15] warmStart (decay=exponential) 87% (1011/1150) regret=0.100623 ape=0.5521
[17:57:15] warmStart (decay=exponential) 88% (1012/1150) regret=0.100623 ape=0.5521
[17:57:15] warmStart (decay=exponential) 88% (1013/1150) regret=0.100623 ape=0.5521
[17:57:16] warmStart (decay=exponential) 88% (1014/1150) regret=0.100623 ape=0.5521
[17:57:16] warmStart (decay=exponential) 88% (1015/1150) regret=0.100623 ape=0.5521
[17:57:16] warmStart (decay=exponential) 88% (1016/1150) regret=0.100623 ape=0.5521
[17:57:16] warmStart (decay=exponential) 88% (1017/1150) regret=0.100623 ape=0.5521
[17:57:16] warmStart (decay=exponential) 88% (1018/1150) regret=0.100623 ape=0.5521
[17:57:16] warmStart (decay=exponential) 88% (1019/1150) regret=0.100623 ape=0.5521
[17:57:17] warmStart (decay=exponential) 88% (1020/1150) regret=0.100623 ape=0.5521
[17:57:17] warmStart (decay=exponential) 88% (1021/1150) regret=0.100623 ape=0.5521
[17:57:17] warmStart (decay=exponential) 88% (1022/1150) regret=0.100623 ape=0.5521
[17:57:17] warmStart (decay=exponential) 88% (1023/1150) regret=0.100623 ape=0.5521
[17:57:17] warmStart (decay=exponential) 89% (1024/1150) regret=0.100623 ape=0.5521
[17:57:18] warmStart (decay=exponential) 89% (1025/1150) regret=0.100623 ape=0.5521
[17:57:18] warmStart (decay=exponential) 89% (1026/1150) regret=0.100623 ape=0.5521
[17:57:18] warmStart (decay=exponential) 89% (1027/1150) regret=0.100623 ape=0.5521
[17:57:18] warmStart (decay=exponential) 89% (1028/1150) regret=0.100761 ape=0.5521
[17:57:18] warmStart (decay=exponential) 89% (1029/1150) regret=0.100779 ape=0.5521
[17:57:19] warmStart (decay=exponential) 89% (1030/1150) regret=0.100600 ape=0.5521
[17:57:19] warmStart (decay=exponential) 89% (1031/1150) regret=0.100618 ape=0.5521
[17:57:19] warmStart (decay=exponential) 89% (1032/1150) regret=0.100600 ape=0.5521
[17:57:19] warmStart (decay=exponential) 89% (1033/1150) regret=0.100623 ape=0.5521
[17:57:19] warmStart (decay=exponential) 89% (1034/1150) regret=0.100623 ape=0.5521
[17:57:19] warmStart (decay=exponential) 90% (1035/1150) regret=0.100600 ape=0.5521
[17:57:20] warmStart (decay=exponential) 90% (1036/1150) regret=0.100600 ape=0.5521
[17:57:20] warmStart (decay=exponential) 90% (1037/1150) regret=0.100600 ape=0.5521
[17:57:20] warmStart (decay=exponential) 90% (1038/1150) regret=0.100600 ape=0.5521
[17:57:20] warmStart (decay=exponential) 90% (1039/1150) regret=0.100600 ape=0.5521
[17:57:20] warmStart (decay=exponential) 90% (1040/1150) regret=0.100567 ape=0.5512
[17:57:21] warmStart (decay=exponential) 90% (1041/1150) regret=0.100567 ape=0.5512
[17:57:21] warmStart (decay=exponential) 90% (1042/1150) regret=0.100567 ape=0.5512
[17:57:21] warmStart (decay=exponential) 90% (1043/1150) regret=0.100567 ape=0.5512
[17:57:21] warmStart (decay=exponential) 90% (1044/1150) regret=0.100567 ape=0.5512
[17:57:21] warmStart (decay=exponential) 90% (1045/1150) regret=0.100600 ape=0.5521
[17:57:21] warmStart (decay=exponential) 90% (1046/1150) regret=0.100600 ape=0.5521
[17:57:22] warmStart (decay=exponential) 91% (1047/1150) regret=0.100600 ape=0.5521
[17:57:22] warmStart (decay=exponential) 91% (1048/1150) regret=0.100600 ape=0.5521
[17:57:22] warmStart (decay=exponential) 91% (1049/1150) regret=0.100600 ape=0.5521
[17:57:22] warmStart (decay=exponential) 91% (1050/1150) regret=0.100600 ape=0.5521
[17:57:22] warmStart (decay=exponential) 91% (1051/1150) regret=0.100600 ape=0.5521
[17:57:23] warmStart (decay=exponential) 91% (1052/1150) regret=0.100600 ape=0.5521
[17:57:23] warmStart (decay=exponential) 91% (1053/1150) regret=0.100600 ape=0.5521
[17:57:23] warmStart (decay=exponential) 91% (1054/1150) regret=0.100600 ape=0.5521
[17:57:23] warmStart (decay=exponential) 91% (1055/1150) regret=0.100600 ape=0.5521
[17:57:23] warmStart (decay=exponential) 91% (1056/1150) regret=0.100600 ape=0.5521
[17:57:23] warmStart (decay=exponential) 91% (1057/1150) regret=0.100600 ape=0.5521
[17:57:24] warmStart (decay=exponential) 92% (1058/1150) regret=0.100600 ape=0.5521
[17:57:24] warmStart (decay=exponential) 92% (1059/1150) regret=0.100623 ape=0.5521
[17:57:24] warmStart (decay=exponential) 92% (1060/1150) regret=0.100600 ape=0.5521
[17:57:24] warmStart (decay=exponential) 92% (1061/1150) regret=0.100600 ape=0.5521
[17:57:24] warmStart (decay=exponential) 92% (1062/1150) regret=0.100600 ape=0.5521
[17:57:24] warmStart (decay=exponential) 92% (1063/1150) regret=0.100600 ape=0.5521
[17:57:25] warmStart (decay=exponential) 92% (1064/1150) regret=0.100600 ape=0.5521
[17:57:25] warmStart (decay=exponential) 92% (1065/1150) regret=0.100567 ape=0.5512
[17:57:25] warmStart (decay=exponential) 92% (1066/1150) regret=0.100567 ape=0.5512
[17:57:25] warmStart (decay=exponential) 92% (1067/1150) regret=0.100567 ape=0.5512
[17:57:25] warmStart (decay=exponential) 92% (1068/1150) regret=0.100567 ape=0.5512
[17:57:26] warmStart (decay=exponential) 92% (1069/1150) regret=0.100567 ape=0.5512
[17:57:26] warmStart (decay=exponential) 93% (1070/1150) regret=0.100567 ape=0.5512
[17:57:26] warmStart (decay=exponential) 93% (1071/1150) regret=0.100567 ape=0.5512
[17:57:26] warmStart (decay=exponential) 93% (1072/1150) regret=0.100567 ape=0.5512
[17:57:26] warmStart (decay=exponential) 93% (1073/1150) regret=0.100564 ape=0.5512
[17:57:26] warmStart (decay=exponential) 93% (1074/1150) regret=0.100564 ape=0.5512
[17:57:27] warmStart (decay=exponential) 93% (1075/1150) regret=0.100569 ape=0.5512
[17:57:27] warmStart (decay=exponential) 93% (1076/1150) regret=0.100569 ape=0.5512
[17:57:27] warmStart (decay=exponential) 93% (1077/1150) regret=0.100569 ape=0.5512
[17:57:27] warmStart (decay=exponential) 93% (1078/1150) regret=0.100569 ape=0.5512
[17:57:27] warmStart (decay=exponential) 93% (1079/1150) regret=0.100569 ape=0.5512
[17:57:27] warmStart (decay=exponential) 93% (1080/1150) regret=0.100569 ape=0.5512
[17:57:27] warmStart (decay=exponential) 94% (1081/1150) regret=0.100569 ape=0.5512
[17:57:28] warmStart (decay=exponential) 94% (1082/1150) regret=0.100569 ape=0.5512
[17:57:28] warmStart (decay=exponential) 94% (1083/1150) regret=0.100567 ape=0.5512
[17:57:28] warmStart (decay=exponential) 94% (1084/1150) regret=0.100567 ape=0.5512
[17:57:28] warmStart (decay=exponential) 94% (1085/1150) regret=0.100567 ape=0.5512
[17:57:28] warmStart (decay=exponential) 94% (1086/1150) regret=0.100567 ape=0.5512
[17:57:28] warmStart (decay=exponential) 94% (1087/1150) regret=0.100568 ape=0.5512
[17:57:28] warmStart (decay=exponential) 94% (1088/1150) regret=0.100568 ape=0.5512
[17:57:29] warmStart (decay=exponential) 94% (1089/1150) regret=0.100568 ape=0.5512
[17:57:29] warmStart (decay=exponential) 94% (1090/1150) regret=0.100568 ape=0.5512
[17:57:29] warmStart (decay=exponential) 94% (1091/1150) regret=0.100568 ape=0.5512
[17:57:29] warmStart (decay=exponential) 94% (1092/1150) regret=0.100568 ape=0.5512
[17:57:29] warmStart (decay=exponential) 95% (1093/1150) regret=0.100568 ape=0.5512
[17:57:29] warmStart (decay=exponential) 95% (1094/1150) regret=0.100568 ape=0.5512
[17:57:30] warmStart (decay=exponential) 95% (1095/1150) regret=0.100568 ape=0.5512
[17:57:30] warmStart (decay=exponential) 95% (1096/1150) regret=0.100568 ape=0.5512
[17:57:30] warmStart (decay=exponential) 95% (1097/1150) regret=0.100568 ape=0.5512
[17:57:30] warmStart (decay=exponential) 95% (1098/1150) regret=0.100568 ape=0.5512
[17:57:30] warmStart (decay=exponential) 95% (1099/1150) regret=0.100568 ape=0.5512
[17:57:30] warmStart (decay=exponential) 95% (1100/1150) regret=0.100568 ape=0.5512
[17:57:30] warmStart (decay=exponential) 95% (1101/1150) regret=0.100567 ape=0.5512
[17:57:31] warmStart (decay=exponential) 95% (1102/1150) regret=0.100567 ape=0.5512
[17:57:31] warmStart (decay=exponential) 95% (1103/1150) regret=0.100567 ape=0.5512
[17:57:31] warmStart (decay=exponential) 96% (1104/1150) regret=0.100567 ape=0.5512
[17:57:31] warmStart (decay=exponential) 96% (1105/1150) regret=0.100567 ape=0.5512
[17:57:31] warmStart (decay=exponential) 96% (1106/1150) regret=0.100567 ape=0.5512
[17:57:31] warmStart (decay=exponential) 96% (1107/1150) regret=0.100567 ape=0.5512
[17:57:31] warmStart (decay=exponential) 96% (1108/1150) regret=0.100567 ape=0.5512
[17:57:32] warmStart (decay=exponential) 96% (1109/1150) regret=0.100567 ape=0.5512
[17:57:32] warmStart (decay=exponential) 96% (1110/1150) regret=0.100567 ape=0.5512
[17:57:32] warmStart (decay=exponential) 96% (1111/1150) regret=0.100567 ape=0.5512
[17:57:32] warmStart (decay=exponential) 96% (1112/1150) regret=0.100567 ape=0.5512
[17:57:32] warmStart (decay=exponential) 96% (1113/1150) regret=0.100567 ape=0.5512
[17:57:32] warmStart (decay=exponential) 96% (1114/1150) regret=0.100567 ape=0.5512
[17:57:33] warmStart (decay=exponential) 96% (1115/1150) regret=0.100567 ape=0.5512
[17:57:33] warmStart (decay=exponential) 97% (1116/1150) regret=0.100567 ape=0.5512
[17:57:33] warmStart (decay=exponential) 97% (1117/1150) regret=0.100567 ape=0.5512
[17:57:33] warmStart (decay=exponential) 97% (1118/1150) regret=0.100567 ape=0.5512
[17:57:33] warmStart (decay=exponential) 97% (1119/1150) regret=0.100567 ape=0.5512
[17:57:33] warmStart (decay=exponential) 97% (1120/1150) regret=0.100567 ape=0.5512
[17:57:33] warmStart (decay=exponential) 97% (1121/1150) regret=0.100567 ape=0.5512
[17:57:34] warmStart (decay=exponential) 97% (1122/1150) regret=0.100567 ape=0.5512
[17:57:34] warmStart (decay=exponential) 97% (1123/1150) regret=0.100564 ape=0.5512
[17:57:34] warmStart (decay=exponential) 97% (1124/1150) regret=0.100564 ape=0.5512
[17:57:34] warmStart (decay=exponential) 97% (1125/1150) regret=0.100564 ape=0.5512
[17:57:34] warmStart (decay=exponential) 97% (1126/1150) regret=0.100564 ape=0.5512
[17:57:34] warmStart (decay=exponential) 98% (1127/1150) regret=0.100564 ape=0.5512
[17:57:34] warmStart (decay=exponential) 98% (1128/1150) regret=0.100562 ape=0.5512
[17:57:35] warmStart (decay=exponential) 98% (1129/1150) regret=0.100562 ape=0.5512
[17:57:35] warmStart (decay=exponential) 98% (1130/1150) regret=0.100562 ape=0.5512
[17:57:35] warmStart (decay=exponential) 98% (1131/1150) regret=0.100562 ape=0.5512
[17:57:35] warmStart (decay=exponential) 98% (1132/1150) regret=0.100562 ape=0.5512
[17:57:35] warmStart (decay=exponential) 98% (1133/1150) regret=0.100564 ape=0.5512
[17:57:35] warmStart (decay=exponential) 98% (1134/1150) regret=0.100564 ape=0.5512
[17:57:36] warmStart (decay=exponential) 98% (1135/1150) regret=0.100564 ape=0.5512
[17:57:36] warmStart (decay=exponential) 98% (1136/1150) regret=0.100564 ape=0.5512
[17:57:36] warmStart (decay=exponential) 98% (1137/1150) regret=0.100564 ape=0.5512
[17:57:36] warmStart (decay=exponential) 98% (1138/1150) regret=0.100564 ape=0.5512
[17:57:36] warmStart (decay=exponential) 99% (1139/1150) regret=0.100564 ape=0.5512
[17:57:36] warmStart (decay=exponential) 99% (1140/1150) regret=0.100564 ape=0.5512
[17:57:36] warmStart (decay=exponential) 99% (1141/1150) regret=0.100564 ape=0.5512
[17:57:37] warmStart (decay=exponential) 99% (1142/1150) regret=0.100564 ape=0.5512
[17:57:37] warmStart (decay=exponential) 99% (1143/1150) regret=0.100564 ape=0.5512
[17:57:37] warmStart (decay=exponential) 99% (1144/1150) regret=0.100564 ape=0.5512
[17:57:37] warmStart (decay=exponential) 99% (1145/1150) regret=0.100564 ape=0.5512
[17:57:37] warmStart (decay=exponential) 99% (1146/1150) regret=0.100564 ape=0.5512
[17:57:37] warmStart (decay=exponential) 99% (1147/1150) regret=0.100564 ape=0.5512
[17:57:38] warmStart (decay=exponential) 99% (1148/1150) regret=0.100564 ape=0.5512
[17:57:38] warmStart (decay=exponential) 99% (1149/1150) regret=0.100564 ape=0.5512
Warm w=200 finished: 1149 points, 197.44s wall time
  Final: regret=0.100564, ape=0.5512

Saved: /home/users/g/s/gsavary/LudiiMCTSVariations/slurm_sweep_full_dataset/output_decay/warm_200_decay_exponential_0_20/seed_4/sweep_decay_warm_200_exponential_0.2_4_20260426_175738.json

Generating plots...
Saved: /home/users/g/s/gsavary/LudiiMCTSVariations/slurm_sweep_full_dataset/output_decay/warm_200_decay_exponential_0_20/seed_4/sweep_decay_warm_200_exponential_0.2_4_20260426_175738_regret.png
Saved: /home/users/g/s/gsavary/LudiiMCTSVariations/slurm_sweep_full_dataset/output_decay/warm_200_decay_exponential_0_20/seed_4/sweep_decay_warm_200_exponential_0.2_4_20260426_175738_ape.png

================================================================================
Experiment complete!
================================================================================
Done. Results in: /home/users/g/s/gsavary/LudiiMCTSVariations/slurm_sweep_full_dataset/output_decay/warm_200_decay_exponential_0_20/seed_4
