============================================================
Decay sweep experiment
Method:      warm:200
Decay mode:  exponential
Decay param: 0.15
Seed:        1
Output:      /home/users/g/s/gsavary/LudiiMCTSVariations/slurm_sweep_full_dataset/output_decay/warm_200_decay_exponential_0_15/seed_1
============================================================

================================================================================
SLURM Sweep Experiment with Synthetic Data Decay
================================================================================
Method: warm:200
Decay: exponential (param=0.15)
Time limit: 3600.0s, Seed: 1, Batch size: 20
Output directory: /home/users/g/s/gsavary/LudiiMCTSVariations/slurm_sweep_full_dataset/output_decay/warm_200_decay_exponential_0_15/seed_1

Loading Ludii dataset...
Loaded 1085 games
Using 1085 games (full dataset)

Running timing probe (100 pulls)...
  Estimated secs/pull: 0.023145

Time budget: 3600.0s → ~155538 total pulls
Per-method budget: 22219 pulls (~514.3s)

Computing predictor-only performance...
  Predictions loaded: 23675 agent predictions
  Predictor-only: regret=0.104318, ape=0.4894

Running WARM-START (w=200, decay=exponential param=0.15)...
[17:52:27] warmStart (decay=exponential) 0% (1/1111) regret=0.103601 ape=0.5659
[17:52:28] warmStart (decay=exponential) 0% (2/1111) regret=0.103601 ape=0.5659
[17:52:28] warmStart (decay=exponential) 0% (3/1111) regret=0.103601 ape=0.5659
[17:52:28] warmStart (decay=exponential) 0% (4/1111) regret=0.103601 ape=0.5659
[17:52:28] warmStart (decay=exponential) 0% (5/1111) regret=0.103601 ape=0.5659
[17:52:29] warmStart (decay=exponential) 0% (6/1111) regret=0.103601 ape=0.5659
[17:52:29] warmStart (decay=exponential) 0% (7/1111) regret=0.103601 ape=0.5659
[17:52:29] warmStart (decay=exponential) 0% (8/1111) regret=0.103601 ape=0.5659
[17:52:29] warmStart (decay=exponential) 0% (9/1111) regret=0.103601 ape=0.5659
[17:52:30] warmStart (decay=exponential) 0% (10/1111) regret=0.103601 ape=0.5659
[17:52:30] warmStart (decay=exponential) 0% (11/1111) regret=0.103601 ape=0.5659
[17:52:30] warmStart (decay=exponential) 1% (12/1111) regret=0.103601 ape=0.5659
[17:52:31] warmStart (decay=exponential) 1% (13/1111) regret=0.103601 ape=0.5659
[17:52:31] warmStart (decay=exponential) 1% (14/1111) regret=0.103601 ape=0.5659
[17:52:31] warmStart (decay=exponential) 1% (15/1111) regret=0.103601 ape=0.5659
[17:52:31] warmStart (decay=exponential) 1% (16/1111) regret=0.103601 ape=0.5659
[17:52:32] warmStart (decay=exponential) 1% (17/1111) regret=0.103601 ape=0.5659
[17:52:32] warmStart (decay=exponential) 1% (18/1111) regret=0.103601 ape=0.5659
[17:52:32] warmStart (decay=exponential) 1% (19/1111) regret=0.103601 ape=0.5659
[17:52:32] warmStart (decay=exponential) 1% (20/1111) regret=0.103601 ape=0.5659
[17:52:33] warmStart (decay=exponential) 1% (21/1111) regret=0.103601 ape=0.5659
[17:52:33] warmStart (decay=exponential) 1% (22/1111) regret=0.103601 ape=0.5659
[17:52:33] warmStart (decay=exponential) 2% (23/1111) regret=0.103601 ape=0.5659
[17:52:33] warmStart (decay=exponential) 2% (24/1111) regret=0.103601 ape=0.5659
[17:52:34] warmStart (decay=exponential) 2% (25/1111) regret=0.103601 ape=0.5659
[17:52:34] warmStart (decay=exponential) 2% (26/1111) regret=0.103601 ape=0.5659
[17:52:34] warmStart (decay=exponential) 2% (27/1111) regret=0.103601 ape=0.5659
[17:52:34] warmStart (decay=exponential) 2% (28/1111) regret=0.103601 ape=0.5659
[17:52:35] warmStart (decay=exponential) 2% (29/1111) regret=0.103601 ape=0.5659
[17:52:35] warmStart (decay=exponential) 2% (30/1111) regret=0.103601 ape=0.5659
[17:52:35] warmStart (decay=exponential) 2% (31/1111) regret=0.103601 ape=0.5659
[17:52:35] warmStart (decay=exponential) 2% (32/1111) regret=0.103601 ape=0.5659
[17:52:36] warmStart (decay=exponential) 2% (33/1111) regret=0.103601 ape=0.5659
[17:52:36] warmStart (decay=exponential) 3% (34/1111) regret=0.103601 ape=0.5659
[17:52:36] warmStart (decay=exponential) 3% (35/1111) regret=0.103601 ape=0.5659
[17:52:36] warmStart (decay=exponential) 3% (36/1111) regret=0.103601 ape=0.5659
[17:52:37] warmStart (decay=exponential) 3% (37/1111) regret=0.103601 ape=0.5659
[17:52:37] warmStart (decay=exponential) 3% (38/1111) regret=0.103601 ape=0.5659
[17:52:37] warmStart (decay=exponential) 3% (39/1111) regret=0.103601 ape=0.5659
[17:52:37] warmStart (decay=exponential) 3% (40/1111) regret=0.103601 ape=0.5659
[17:52:38] warmStart (decay=exponential) 3% (41/1111) regret=0.103601 ape=0.5659
[17:52:38] warmStart (decay=exponential) 3% (42/1111) regret=0.103601 ape=0.5659
[17:52:38] warmStart (decay=exponential) 3% (43/1111) regret=0.103601 ape=0.5659
[17:52:38] warmStart (decay=exponential) 3% (44/1111) regret=0.103601 ape=0.5659
[17:52:39] warmStart (decay=exponential) 4% (45/1111) regret=0.103601 ape=0.5659
[17:52:39] warmStart (decay=exponential) 4% (46/1111) regret=0.103601 ape=0.5659
[17:52:39] warmStart (decay=exponential) 4% (47/1111) regret=0.103601 ape=0.5659
[17:52:39] warmStart (decay=exponential) 4% (48/1111) regret=0.103601 ape=0.5659
[17:52:40] warmStart (decay=exponential) 4% (49/1111) regret=0.103601 ape=0.5659
[17:52:40] warmStart (decay=exponential) 4% (50/1111) regret=0.103601 ape=0.5659
[17:52:40] warmStart (decay=exponential) 4% (51/1111) regret=0.103601 ape=0.5659
[17:52:40] warmStart (decay=exponential) 4% (52/1111) regret=0.103601 ape=0.5659
[17:52:41] warmStart (decay=exponential) 4% (53/1111) regret=0.103601 ape=0.5659
[17:52:41] warmStart (decay=exponential) 4% (54/1111) regret=0.103601 ape=0.5659
[17:52:41] warmStart (decay=exponential) 4% (55/1111) regret=0.103601 ape=0.5659
[17:52:41] warmStart (decay=exponential) 5% (56/1111) regret=0.103601 ape=0.5659
[17:52:42] warmStart (decay=exponential) 5% (57/1111) regret=0.103601 ape=0.5659
[17:52:42] warmStart (decay=exponential) 5% (58/1111) regret=0.103601 ape=0.5659
[17:52:42] warmStart (decay=exponential) 5% (59/1111) regret=0.103601 ape=0.5659
[17:52:42] warmStart (decay=exponential) 5% (60/1111) regret=0.103601 ape=0.5659
[17:52:43] warmStart (decay=exponential) 5% (61/1111) regret=0.103601 ape=0.5659
[17:52:43] warmStart (decay=exponential) 5% (62/1111) regret=0.103601 ape=0.5659
[17:52:43] warmStart (decay=exponential) 5% (63/1111) regret=0.103601 ape=0.5659
[17:52:43] warmStart (decay=exponential) 5% (64/1111) regret=0.103601 ape=0.5659
[17:52:44] warmStart (decay=exponential) 5% (65/1111) regret=0.103601 ape=0.5659
[17:52:44] warmStart (decay=exponential) 5% (66/1111) regret=0.103601 ape=0.5659
[17:52:44] warmStart (decay=exponential) 6% (67/1111) regret=0.103601 ape=0.5659
[17:52:44] warmStart (decay=exponential) 6% (68/1111) regret=0.103601 ape=0.5659
[17:52:45] warmStart (decay=exponential) 6% (69/1111) regret=0.103601 ape=0.5659
[17:52:45] warmStart (decay=exponential) 6% (70/1111) regret=0.103601 ape=0.5659
[17:52:45] warmStart (decay=exponential) 6% (71/1111) regret=0.103601 ape=0.5659
[17:52:45] warmStart (decay=exponential) 6% (72/1111) regret=0.103601 ape=0.5659
[17:52:46] warmStart (decay=exponential) 6% (73/1111) regret=0.103601 ape=0.5659
[17:52:46] warmStart (decay=exponential) 6% (74/1111) regret=0.103601 ape=0.5659
[17:52:46] warmStart (decay=exponential) 6% (75/1111) regret=0.103601 ape=0.5659
[17:52:46] warmStart (decay=exponential) 6% (76/1111) regret=0.103601 ape=0.5659
[17:52:46] warmStart (decay=exponential) 6% (77/1111) regret=0.103601 ape=0.5659
[17:52:47] warmStart (decay=exponential) 7% (78/1111) regret=0.103601 ape=0.5659
[17:52:47] warmStart (decay=exponential) 7% (79/1111) regret=0.103601 ape=0.5659
[17:52:47] warmStart (decay=exponential) 7% (80/1111) regret=0.103601 ape=0.5659
[17:52:48] warmStart (decay=exponential) 7% (81/1111) regret=0.103601 ape=0.5659
[17:52:48] warmStart (decay=exponential) 7% (82/1111) regret=0.103601 ape=0.5659
[17:52:48] warmStart (decay=exponential) 7% (83/1111) regret=0.103601 ape=0.5659
[17:52:48] warmStart (decay=exponential) 7% (84/1111) regret=0.103601 ape=0.5659
[17:52:48] warmStart (decay=exponential) 7% (85/1111) regret=0.103601 ape=0.5659
[17:52:49] warmStart (decay=exponential) 7% (86/1111) regret=0.103601 ape=0.5659
[17:52:49] warmStart (decay=exponential) 7% (87/1111) regret=0.103601 ape=0.5659
[17:52:49] warmStart (decay=exponential) 7% (88/1111) regret=0.103601 ape=0.5659
[17:52:49] warmStart (decay=exponential) 8% (89/1111) regret=0.103601 ape=0.5659
[17:52:49] warmStart (decay=exponential) 8% (90/1111) regret=0.103601 ape=0.5659
[17:52:50] warmStart (decay=exponential) 8% (91/1111) regret=0.103601 ape=0.5659
[17:52:50] warmStart (decay=exponential) 8% (92/1111) regret=0.103601 ape=0.5659
[17:52:50] warmStart (decay=exponential) 8% (93/1111) regret=0.103601 ape=0.5659
[17:52:50] warmStart (decay=exponential) 8% (94/1111) regret=0.103601 ape=0.5659
[17:52:51] warmStart (decay=exponential) 8% (95/1111) regret=0.103601 ape=0.5659
[17:52:51] warmStart (decay=exponential) 8% (96/1111) regret=0.103601 ape=0.5659
[17:52:51] warmStart (decay=exponential) 8% (97/1111) regret=0.103601 ape=0.5659
[17:52:51] warmStart (decay=exponential) 8% (98/1111) regret=0.103601 ape=0.5659
[17:52:51] warmStart (decay=exponential) 8% (99/1111) regret=0.103601 ape=0.5659
[17:52:52] warmStart (decay=exponential) 9% (100/1111) regret=0.103601 ape=0.5659
[17:52:52] warmStart (decay=exponential) 9% (101/1111) regret=0.103601 ape=0.5659
[17:52:52] warmStart (decay=exponential) 9% (102/1111) regret=0.103601 ape=0.5659
[17:52:52] warmStart (decay=exponential) 9% (103/1111) regret=0.103601 ape=0.5659
[17:52:53] warmStart (decay=exponential) 9% (104/1111) regret=0.103601 ape=0.5659
[17:52:53] warmStart (decay=exponential) 9% (105/1111) regret=0.103601 ape=0.5659
[17:52:53] warmStart (decay=exponential) 9% (106/1111) regret=0.103601 ape=0.5659
[17:52:53] warmStart (decay=exponential) 9% (107/1111) regret=0.103601 ape=0.5659
[17:52:53] warmStart (decay=exponential) 9% (108/1111) regret=0.103601 ape=0.5659
[17:52:54] warmStart (decay=exponential) 9% (109/1111) regret=0.103601 ape=0.5659
[17:52:54] warmStart (decay=exponential) 9% (110/1111) regret=0.103601 ape=0.5659
[17:52:54] warmStart (decay=exponential) 9% (111/1111) regret=0.103601 ape=0.5659
[17:52:54] warmStart (decay=exponential) 10% (112/1111) regret=0.103601 ape=0.5659
[17:52:55] warmStart (decay=exponential) 10% (113/1111) regret=0.103601 ape=0.5659
[17:52:55] warmStart (decay=exponential) 10% (114/1111) regret=0.103601 ape=0.5659
[17:52:55] warmStart (decay=exponential) 10% (115/1111) regret=0.103601 ape=0.5659
[17:52:55] warmStart (decay=exponential) 10% (116/1111) regret=0.103601 ape=0.5659
[17:52:55] warmStart (decay=exponential) 10% (117/1111) regret=0.103601 ape=0.5659
[17:52:56] warmStart (decay=exponential) 10% (118/1111) regret=0.103601 ape=0.5659
[17:52:56] warmStart (decay=exponential) 10% (119/1111) regret=0.103601 ape=0.5659
[17:52:56] warmStart (decay=exponential) 10% (120/1111) regret=0.103601 ape=0.5659
[17:52:56] warmStart (decay=exponential) 10% (121/1111) regret=0.103601 ape=0.5659
[17:52:56] warmStart (decay=exponential) 10% (122/1111) regret=0.103601 ape=0.5659
[17:52:57] warmStart (decay=exponential) 11% (123/1111) regret=0.103601 ape=0.5659
[17:52:57] warmStart (decay=exponential) 11% (124/1111) regret=0.103601 ape=0.5659
[17:52:57] warmStart (decay=exponential) 11% (125/1111) regret=0.103601 ape=0.5659
[17:52:57] warmStart (decay=exponential) 11% (126/1111) regret=0.103601 ape=0.5659
[17:52:58] warmStart (decay=exponential) 11% (127/1111) regret=0.103601 ape=0.5659
[17:52:58] warmStart (decay=exponential) 11% (128/1111) regret=0.103601 ape=0.5659
[17:52:58] warmStart (decay=exponential) 11% (129/1111) regret=0.103601 ape=0.5659
[17:52:58] warmStart (decay=exponential) 11% (130/1111) regret=0.103601 ape=0.5659
[17:52:58] warmStart (decay=exponential) 11% (131/1111) regret=0.103601 ape=0.5659
[17:52:59] warmStart (decay=exponential) 11% (132/1111) regret=0.103601 ape=0.5659
[17:52:59] warmStart (decay=exponential) 11% (133/1111) regret=0.103601 ape=0.5659
[17:52:59] warmStart (decay=exponential) 12% (134/1111) regret=0.103601 ape=0.5659
[17:52:59] warmStart (decay=exponential) 12% (135/1111) regret=0.103601 ape=0.5659
[17:53:00] warmStart (decay=exponential) 12% (136/1111) regret=0.103601 ape=0.5659
[17:53:00] warmStart (decay=exponential) 12% (137/1111) regret=0.103601 ape=0.5659
[17:53:00] warmStart (decay=exponential) 12% (138/1111) regret=0.103601 ape=0.5659
[17:53:00] warmStart (decay=exponential) 12% (139/1111) regret=0.103601 ape=0.5659
[17:53:00] warmStart (decay=exponential) 12% (140/1111) regret=0.103601 ape=0.5659
[17:53:01] warmStart (decay=exponential) 12% (141/1111) regret=0.103601 ape=0.5659
[17:53:01] warmStart (decay=exponential) 12% (142/1111) regret=0.103601 ape=0.5659
[17:53:01] warmStart (decay=exponential) 12% (143/1111) regret=0.103601 ape=0.5659
[17:53:01] warmStart (decay=exponential) 12% (144/1111) regret=0.103601 ape=0.5659
[17:53:02] warmStart (decay=exponential) 13% (145/1111) regret=0.103601 ape=0.5659
[17:53:02] warmStart (decay=exponential) 13% (146/1111) regret=0.103601 ape=0.5659
[17:53:02] warmStart (decay=exponential) 13% (147/1111) regret=0.103601 ape=0.5659
[17:53:02] warmStart (decay=exponential) 13% (148/1111) regret=0.103601 ape=0.5659
[17:53:02] warmStart (decay=exponential) 13% (149/1111) regret=0.103601 ape=0.5659
[17:53:03] warmStart (decay=exponential) 13% (150/1111) regret=0.103601 ape=0.5659
[17:53:03] warmStart (decay=exponential) 13% (151/1111) regret=0.103601 ape=0.5659
[17:53:03] warmStart (decay=exponential) 13% (152/1111) regret=0.103601 ape=0.5659
[17:53:03] warmStart (decay=exponential) 13% (153/1111) regret=0.103601 ape=0.5659
[17:53:03] warmStart (decay=exponential) 13% (154/1111) regret=0.103601 ape=0.5659
[17:53:04] warmStart (decay=exponential) 13% (155/1111) regret=0.103601 ape=0.5659
[17:53:04] warmStart (decay=exponential) 14% (156/1111) regret=0.103601 ape=0.5659
[17:53:04] warmStart (decay=exponential) 14% (157/1111) regret=0.103601 ape=0.5659
[17:53:04] warmStart (decay=exponential) 14% (158/1111) regret=0.103601 ape=0.5659
[17:53:05] warmStart (decay=exponential) 14% (159/1111) regret=0.103601 ape=0.5659
[17:53:05] warmStart (decay=exponential) 14% (160/1111) regret=0.103601 ape=0.5659
[17:53:05] warmStart (decay=exponential) 14% (161/1111) regret=0.103601 ape=0.5659
[17:53:05] warmStart (decay=exponential) 14% (162/1111) regret=0.103601 ape=0.5659
[17:53:05] warmStart (decay=exponential) 14% (163/1111) regret=0.103601 ape=0.5659
[17:53:06] warmStart (decay=exponential) 14% (164/1111) regret=0.103601 ape=0.5659
[17:53:06] warmStart (decay=exponential) 14% (165/1111) regret=0.103601 ape=0.5659
[17:53:06] warmStart (decay=exponential) 14% (166/1111) regret=0.103601 ape=0.5659
[17:53:06] warmStart (decay=exponential) 15% (167/1111) regret=0.103601 ape=0.5659
[17:53:07] warmStart (decay=exponential) 15% (168/1111) regret=0.103601 ape=0.5659
[17:53:07] warmStart (decay=exponential) 15% (169/1111) regret=0.103601 ape=0.5659
[17:53:07] warmStart (decay=exponential) 15% (170/1111) regret=0.103601 ape=0.5659
[17:53:07] warmStart (decay=exponential) 15% (171/1111) regret=0.103601 ape=0.5659
[17:53:07] warmStart (decay=exponential) 15% (172/1111) regret=0.103601 ape=0.5659
[17:53:08] warmStart (decay=exponential) 15% (173/1111) regret=0.103601 ape=0.5659
[17:53:08] warmStart (decay=exponential) 15% (174/1111) regret=0.103601 ape=0.5659
[17:53:08] warmStart (decay=exponential) 15% (175/1111) regret=0.103601 ape=0.5659
[17:53:08] warmStart (decay=exponential) 15% (176/1111) regret=0.103601 ape=0.5659
[17:53:09] warmStart (decay=exponential) 15% (177/1111) regret=0.103601 ape=0.5659
[17:53:09] warmStart (decay=exponential) 16% (178/1111) regret=0.103601 ape=0.5659
[17:53:09] warmStart (decay=exponential) 16% (179/1111) regret=0.103601 ape=0.5659
[17:53:09] warmStart (decay=exponential) 16% (180/1111) regret=0.103601 ape=0.5659
[17:53:10] warmStart (decay=exponential) 16% (181/1111) regret=0.103601 ape=0.5659
[17:53:10] warmStart (decay=exponential) 16% (182/1111) regret=0.103601 ape=0.5659
[17:53:10] warmStart (decay=exponential) 16% (183/1111) regret=0.103601 ape=0.5659
[17:53:10] warmStart (decay=exponential) 16% (184/1111) regret=0.103601 ape=0.5659
[17:53:11] warmStart (decay=exponential) 16% (185/1111) regret=0.103601 ape=0.5659
[17:53:11] warmStart (decay=exponential) 16% (186/1111) regret=0.103601 ape=0.5659
[17:53:11] warmStart (decay=exponential) 16% (187/1111) regret=0.103601 ape=0.5659
[17:53:11] warmStart (decay=exponential) 16% (188/1111) regret=0.103601 ape=0.5659
[17:53:12] warmStart (decay=exponential) 17% (189/1111) regret=0.103601 ape=0.5659
[17:53:12] warmStart (decay=exponential) 17% (190/1111) regret=0.103601 ape=0.5659
[17:53:12] warmStart (decay=exponential) 17% (191/1111) regret=0.103601 ape=0.5659
[17:53:12] warmStart (decay=exponential) 17% (192/1111) regret=0.103601 ape=0.5659
[17:53:13] warmStart (decay=exponential) 17% (193/1111) regret=0.103601 ape=0.5659
[17:53:13] warmStart (decay=exponential) 17% (194/1111) regret=0.103601 ape=0.5659
[17:53:13] warmStart (decay=exponential) 17% (195/1111) regret=0.103601 ape=0.5659
[17:53:13] warmStart (decay=exponential) 17% (196/1111) regret=0.103601 ape=0.5659
[17:53:14] warmStart (decay=exponential) 17% (197/1111) regret=0.103601 ape=0.5659
[17:53:14] warmStart (decay=exponential) 17% (198/1111) regret=0.103601 ape=0.5659
[17:53:14] warmStart (decay=exponential) 17% (199/1111) regret=0.103601 ape=0.5659
[17:53:15] warmStart (decay=exponential) 18% (200/1111) regret=0.103601 ape=0.5659
[17:53:15] warmStart (decay=exponential) 18% (201/1111) regret=0.103601 ape=0.5659
[17:53:15] warmStart (decay=exponential) 18% (202/1111) regret=0.103601 ape=0.5659
[17:53:15] warmStart (decay=exponential) 18% (203/1111) regret=0.103601 ape=0.5659
[17:53:16] warmStart (decay=exponential) 18% (204/1111) regret=0.103601 ape=0.5659
[17:53:16] warmStart (decay=exponential) 18% (205/1111) regret=0.103601 ape=0.5659
[17:53:16] warmStart (decay=exponential) 18% (206/1111) regret=0.103601 ape=0.5659
[17:53:16] warmStart (decay=exponential) 18% (207/1111) regret=0.103601 ape=0.5659
[17:53:17] warmStart (decay=exponential) 18% (208/1111) regret=0.103601 ape=0.5659
[17:53:17] warmStart (decay=exponential) 18% (209/1111) regret=0.103601 ape=0.5659
[17:53:17] warmStart (decay=exponential) 18% (210/1111) regret=0.103601 ape=0.5659
[17:53:17] warmStart (decay=exponential) 18% (211/1111) regret=0.103601 ape=0.5659
[17:53:18] warmStart (decay=exponential) 19% (212/1111) regret=0.103601 ape=0.5659
[17:53:18] warmStart (decay=exponential) 19% (213/1111) regret=0.103601 ape=0.5659
[17:53:18] warmStart (decay=exponential) 19% (214/1111) regret=0.103601 ape=0.5659
[17:53:18] warmStart (decay=exponential) 19% (215/1111) regret=0.103601 ape=0.5659
[17:53:19] warmStart (decay=exponential) 19% (216/1111) regret=0.103601 ape=0.5659
[17:53:19] warmStart (decay=exponential) 19% (217/1111) regret=0.103601 ape=0.5659
[17:53:19] warmStart (decay=exponential) 19% (218/1111) regret=0.103601 ape=0.5659
[17:53:19] warmStart (decay=exponential) 19% (219/1111) regret=0.103601 ape=0.5659
[17:53:20] warmStart (decay=exponential) 19% (220/1111) regret=0.103601 ape=0.5659
[17:53:20] warmStart (decay=exponential) 19% (221/1111) regret=0.103601 ape=0.5659
[17:53:20] warmStart (decay=exponential) 19% (222/1111) regret=0.103601 ape=0.5659
[17:53:20] warmStart (decay=exponential) 20% (223/1111) regret=0.103601 ape=0.5659
[17:53:21] warmStart (decay=exponential) 20% (224/1111) regret=0.103601 ape=0.5659
[17:53:21] warmStart (decay=exponential) 20% (225/1111) regret=0.103601 ape=0.5659
[17:53:21] warmStart (decay=exponential) 20% (226/1111) regret=0.103601 ape=0.5659
[17:53:22] warmStart (decay=exponential) 20% (227/1111) regret=0.103601 ape=0.5659
[17:53:22] warmStart (decay=exponential) 20% (228/1111) regret=0.103601 ape=0.5659
[17:53:22] warmStart (decay=exponential) 20% (229/1111) regret=0.103601 ape=0.5659
[17:53:22] warmStart (decay=exponential) 20% (230/1111) regret=0.103601 ape=0.5659
[17:53:23] warmStart (decay=exponential) 20% (231/1111) regret=0.103601 ape=0.5659
[17:53:23] warmStart (decay=exponential) 20% (232/1111) regret=0.103601 ape=0.5659
[17:53:23] warmStart (decay=exponential) 20% (233/1111) regret=0.103601 ape=0.5659
[17:53:23] warmStart (decay=exponential) 21% (234/1111) regret=0.103601 ape=0.5659
[17:53:24] warmStart (decay=exponential) 21% (235/1111) regret=0.103601 ape=0.5659
[17:53:24] warmStart (decay=exponential) 21% (236/1111) regret=0.103601 ape=0.5659
[17:53:24] warmStart (decay=exponential) 21% (237/1111) regret=0.103601 ape=0.5659
[17:53:25] warmStart (decay=exponential) 21% (238/1111) regret=0.103601 ape=0.5659
[17:53:25] warmStart (decay=exponential) 21% (239/1111) regret=0.103601 ape=0.5659
[17:53:25] warmStart (decay=exponential) 21% (240/1111) regret=0.103601 ape=0.5659
[17:53:25] warmStart (decay=exponential) 21% (241/1111) regret=0.103601 ape=0.5659
[17:53:26] warmStart (decay=exponential) 21% (242/1111) regret=0.103601 ape=0.5659
[17:53:26] warmStart (decay=exponential) 21% (243/1111) regret=0.103601 ape=0.5659
[17:53:26] warmStart (decay=exponential) 21% (244/1111) regret=0.103601 ape=0.5659
[17:53:26] warmStart (decay=exponential) 22% (245/1111) regret=0.103601 ape=0.5659
[17:53:27] warmStart (decay=exponential) 22% (246/1111) regret=0.103601 ape=0.5659
[17:53:27] warmStart (decay=exponential) 22% (247/1111) regret=0.103601 ape=0.5659
[17:53:27] warmStart (decay=exponential) 22% (248/1111) regret=0.103601 ape=0.5659
[17:53:27] warmStart (decay=exponential) 22% (249/1111) regret=0.103601 ape=0.5659
[17:53:28] warmStart (decay=exponential) 22% (250/1111) regret=0.103601 ape=0.5659
[17:53:28] warmStart (decay=exponential) 22% (251/1111) regret=0.103601 ape=0.5659
[17:53:28] warmStart (decay=exponential) 22% (252/1111) regret=0.103601 ape=0.5659
[17:53:28] warmStart (decay=exponential) 22% (253/1111) regret=0.103601 ape=0.5659
[17:53:29] warmStart (decay=exponential) 22% (254/1111) regret=0.103601 ape=0.5659
[17:53:29] warmStart (decay=exponential) 22% (255/1111) regret=0.103601 ape=0.5659
[17:53:29] warmStart (decay=exponential) 23% (256/1111) regret=0.103601 ape=0.5659
[17:53:29] warmStart (decay=exponential) 23% (257/1111) regret=0.103601 ape=0.5659
[17:53:30] warmStart (decay=exponential) 23% (258/1111) regret=0.103601 ape=0.5659
[17:53:30] warmStart (decay=exponential) 23% (259/1111) regret=0.103601 ape=0.5659
[17:53:30] warmStart (decay=exponential) 23% (260/1111) regret=0.103601 ape=0.5659
[17:53:30] warmStart (decay=exponential) 23% (261/1111) regret=0.103601 ape=0.5659
[17:53:31] warmStart (decay=exponential) 23% (262/1111) regret=0.103601 ape=0.5659
[17:53:31] warmStart (decay=exponential) 23% (263/1111) regret=0.103601 ape=0.5659
[17:53:31] warmStart (decay=exponential) 23% (264/1111) regret=0.103601 ape=0.5659
[17:53:32] warmStart (decay=exponential) 23% (265/1111) regret=0.103601 ape=0.5659
[17:53:32] warmStart (decay=exponential) 23% (266/1111) regret=0.103601 ape=0.5659
[17:53:32] warmStart (decay=exponential) 24% (267/1111) regret=0.103601 ape=0.5659
[17:53:32] warmStart (decay=exponential) 24% (268/1111) regret=0.103601 ape=0.5659
[17:53:33] warmStart (decay=exponential) 24% (269/1111) regret=0.103601 ape=0.5659
[17:53:33] warmStart (decay=exponential) 24% (270/1111) regret=0.103601 ape=0.5659
[17:53:33] warmStart (decay=exponential) 24% (271/1111) regret=0.103601 ape=0.5659
[17:53:33] warmStart (decay=exponential) 24% (272/1111) regret=0.103601 ape=0.5659
[17:53:34] warmStart (decay=exponential) 24% (273/1111) regret=0.103601 ape=0.5659
[17:53:34] warmStart (decay=exponential) 24% (274/1111) regret=0.103601 ape=0.5659
[17:53:34] warmStart (decay=exponential) 24% (275/1111) regret=0.103601 ape=0.5659
[17:53:34] warmStart (decay=exponential) 24% (276/1111) regret=0.103601 ape=0.5659
[17:53:35] warmStart (decay=exponential) 24% (277/1111) regret=0.103601 ape=0.5659
[17:53:35] warmStart (decay=exponential) 25% (278/1111) regret=0.103601 ape=0.5659
[17:53:35] warmStart (decay=exponential) 25% (279/1111) regret=0.103601 ape=0.5659
[17:53:36] warmStart (decay=exponential) 25% (280/1111) regret=0.103601 ape=0.5659
[17:53:36] warmStart (decay=exponential) 25% (281/1111) regret=0.103601 ape=0.5659
[17:53:36] warmStart (decay=exponential) 25% (282/1111) regret=0.103601 ape=0.5659
[17:53:36] warmStart (decay=exponential) 25% (283/1111) regret=0.103601 ape=0.5659
[17:53:37] warmStart (decay=exponential) 25% (284/1111) regret=0.103601 ape=0.5659
[17:53:37] warmStart (decay=exponential) 25% (285/1111) regret=0.103601 ape=0.5659
[17:53:37] warmStart (decay=exponential) 25% (286/1111) regret=0.103601 ape=0.5659
[17:53:37] warmStart (decay=exponential) 25% (287/1111) regret=0.103601 ape=0.5659
[17:53:38] warmStart (decay=exponential) 25% (288/1111) regret=0.103601 ape=0.5659
[17:53:38] warmStart (decay=exponential) 26% (289/1111) regret=0.103601 ape=0.5659
[17:53:38] warmStart (decay=exponential) 26% (290/1111) regret=0.103601 ape=0.5659
[17:53:38] warmStart (decay=exponential) 26% (291/1111) regret=0.103601 ape=0.5659
[17:53:39] warmStart (decay=exponential) 26% (292/1111) regret=0.103601 ape=0.5659
[17:53:39] warmStart (decay=exponential) 26% (293/1111) regret=0.103601 ape=0.5659
[17:53:39] warmStart (decay=exponential) 26% (294/1111) regret=0.103601 ape=0.5659
[17:53:39] warmStart (decay=exponential) 26% (295/1111) regret=0.103601 ape=0.5659
[17:53:39] warmStart (decay=exponential) 26% (296/1111) regret=0.103601 ape=0.5659
[17:53:40] warmStart (decay=exponential) 26% (297/1111) regret=0.103601 ape=0.5659
[17:53:40] warmStart (decay=exponential) 26% (298/1111) regret=0.103601 ape=0.5659
[17:53:40] warmStart (decay=exponential) 26% (299/1111) regret=0.103601 ape=0.5659
[17:53:40] warmStart (decay=exponential) 27% (300/1111) regret=0.103601 ape=0.5659
[17:53:41] warmStart (decay=exponential) 27% (301/1111) regret=0.103601 ape=0.5659
[17:53:41] warmStart (decay=exponential) 27% (302/1111) regret=0.103601 ape=0.5659
[17:53:41] warmStart (decay=exponential) 27% (303/1111) regret=0.103601 ape=0.5659
[17:53:41] warmStart (decay=exponential) 27% (304/1111) regret=0.103601 ape=0.5659
[17:53:42] warmStart (decay=exponential) 27% (305/1111) regret=0.103601 ape=0.5659
[17:53:42] warmStart (decay=exponential) 27% (306/1111) regret=0.103601 ape=0.5659
[17:53:42] warmStart (decay=exponential) 27% (307/1111) regret=0.103601 ape=0.5659
[17:53:42] warmStart (decay=exponential) 27% (308/1111) regret=0.103601 ape=0.5659
[17:53:43] warmStart (decay=exponential) 27% (309/1111) regret=0.103601 ape=0.5659
[17:53:43] warmStart (decay=exponential) 27% (310/1111) regret=0.103601 ape=0.5659
[17:53:43] warmStart (decay=exponential) 27% (311/1111) regret=0.103601 ape=0.5659
[17:53:43] warmStart (decay=exponential) 28% (312/1111) regret=0.103601 ape=0.5659
[17:53:44] warmStart (decay=exponential) 28% (313/1111) regret=0.103601 ape=0.5659
[17:53:44] warmStart (decay=exponential) 28% (314/1111) regret=0.103601 ape=0.5659
[17:53:44] warmStart (decay=exponential) 28% (315/1111) regret=0.103601 ape=0.5659
[17:53:44] warmStart (decay=exponential) 28% (316/1111) regret=0.103601 ape=0.5659
[17:53:45] warmStart (decay=exponential) 28% (317/1111) regret=0.103601 ape=0.5659
[17:53:45] warmStart (decay=exponential) 28% (318/1111) regret=0.103601 ape=0.5659
[17:53:45] warmStart (decay=exponential) 28% (319/1111) regret=0.103601 ape=0.5659
[17:53:45] warmStart (decay=exponential) 28% (320/1111) regret=0.103601 ape=0.5659
[17:53:45] warmStart (decay=exponential) 28% (321/1111) regret=0.103601 ape=0.5659
[17:53:46] warmStart (decay=exponential) 28% (322/1111) regret=0.103601 ape=0.5659
[17:53:46] warmStart (decay=exponential) 29% (323/1111) regret=0.103601 ape=0.5659
[17:53:46] warmStart (decay=exponential) 29% (324/1111) regret=0.103601 ape=0.5659
[17:53:47] warmStart (decay=exponential) 29% (325/1111) regret=0.103601 ape=0.5659
[17:53:47] warmStart (decay=exponential) 29% (326/1111) regret=0.103601 ape=0.5659
[17:53:47] warmStart (decay=exponential) 29% (327/1111) regret=0.103601 ape=0.5659
[17:53:47] warmStart (decay=exponential) 29% (328/1111) regret=0.103601 ape=0.5659
[17:53:47] warmStart (decay=exponential) 29% (329/1111) regret=0.103601 ape=0.5659
[17:53:48] warmStart (decay=exponential) 29% (330/1111) regret=0.103601 ape=0.5659
[17:53:48] warmStart (decay=exponential) 29% (331/1111) regret=0.103601 ape=0.5659
[17:53:48] warmStart (decay=exponential) 29% (332/1111) regret=0.103601 ape=0.5659
[17:53:48] warmStart (decay=exponential) 29% (333/1111) regret=0.103601 ape=0.5659
[17:53:49] warmStart (decay=exponential) 30% (334/1111) regret=0.103601 ape=0.5659
[17:53:49] warmStart (decay=exponential) 30% (335/1111) regret=0.103601 ape=0.5659
[17:53:49] warmStart (decay=exponential) 30% (336/1111) regret=0.103601 ape=0.5659
[17:53:49] warmStart (decay=exponential) 30% (337/1111) regret=0.103601 ape=0.5659
[17:53:50] warmStart (decay=exponential) 30% (338/1111) regret=0.103601 ape=0.5659
[17:53:50] warmStart (decay=exponential) 30% (339/1111) regret=0.103601 ape=0.5659
[17:53:50] warmStart (decay=exponential) 30% (340/1111) regret=0.103601 ape=0.5659
[17:53:50] warmStart (decay=exponential) 30% (341/1111) regret=0.103601 ape=0.5659
[17:53:51] warmStart (decay=exponential) 30% (342/1111) regret=0.103601 ape=0.5659
[17:53:51] warmStart (decay=exponential) 30% (343/1111) regret=0.103601 ape=0.5659
[17:53:51] warmStart (decay=exponential) 30% (344/1111) regret=0.103601 ape=0.5659
[17:53:51] warmStart (decay=exponential) 31% (345/1111) regret=0.103601 ape=0.5659
[17:53:52] warmStart (decay=exponential) 31% (346/1111) regret=0.103601 ape=0.5659
[17:53:52] warmStart (decay=exponential) 31% (347/1111) regret=0.103601 ape=0.5659
[17:53:52] warmStart (decay=exponential) 31% (348/1111) regret=0.103601 ape=0.5659
[17:53:52] warmStart (decay=exponential) 31% (349/1111) regret=0.103601 ape=0.5659
[17:53:53] warmStart (decay=exponential) 31% (350/1111) regret=0.103601 ape=0.5659
[17:53:53] warmStart (decay=exponential) 31% (351/1111) regret=0.103601 ape=0.5659
[17:53:53] warmStart (decay=exponential) 31% (352/1111) regret=0.103601 ape=0.5659
[17:53:53] warmStart (decay=exponential) 31% (353/1111) regret=0.103601 ape=0.5659
[17:53:54] warmStart (decay=exponential) 31% (354/1111) regret=0.103601 ape=0.5659
[17:53:54] warmStart (decay=exponential) 31% (355/1111) regret=0.103601 ape=0.5659
[17:53:54] warmStart (decay=exponential) 32% (356/1111) regret=0.103601 ape=0.5659
[17:53:54] warmStart (decay=exponential) 32% (357/1111) regret=0.103601 ape=0.5659
[17:53:54] warmStart (decay=exponential) 32% (358/1111) regret=0.103601 ape=0.5659
[17:53:55] warmStart (decay=exponential) 32% (359/1111) regret=0.103601 ape=0.5659
[17:53:55] warmStart (decay=exponential) 32% (360/1111) regret=0.103601 ape=0.5659
[17:53:55] warmStart (decay=exponential) 32% (361/1111) regret=0.103601 ape=0.5659
[17:53:55] warmStart (decay=exponential) 32% (362/1111) regret=0.103601 ape=0.5659
[17:53:55] warmStart (decay=exponential) 32% (363/1111) regret=0.103601 ape=0.5659
[17:53:56] warmStart (decay=exponential) 32% (364/1111) regret=0.103601 ape=0.5659
[17:53:56] warmStart (decay=exponential) 32% (365/1111) regret=0.103601 ape=0.5659
[17:53:56] warmStart (decay=exponential) 32% (366/1111) regret=0.103601 ape=0.5659
[17:53:56] warmStart (decay=exponential) 33% (367/1111) regret=0.103601 ape=0.5659
[17:53:56] warmStart (decay=exponential) 33% (368/1111) regret=0.103601 ape=0.5659
[17:53:57] warmStart (decay=exponential) 33% (369/1111) regret=0.103601 ape=0.5659
[17:53:57] warmStart (decay=exponential) 33% (370/1111) regret=0.103601 ape=0.5659
[17:53:57] warmStart (decay=exponential) 33% (371/1111) regret=0.103601 ape=0.5659
[17:53:57] warmStart (decay=exponential) 33% (372/1111) regret=0.103601 ape=0.5659
[17:53:57] warmStart (decay=exponential) 33% (373/1111) regret=0.103601 ape=0.5659
[17:53:58] warmStart (decay=exponential) 33% (374/1111) regret=0.103601 ape=0.5659
[17:53:58] warmStart (decay=exponential) 33% (375/1111) regret=0.103601 ape=0.5659
[17:53:58] warmStart (decay=exponential) 33% (376/1111) regret=0.103601 ape=0.5659
[17:53:58] warmStart (decay=exponential) 33% (377/1111) regret=0.103601 ape=0.5659
[17:53:59] warmStart (decay=exponential) 34% (378/1111) regret=0.103601 ape=0.5659
[17:53:59] warmStart (decay=exponential) 34% (379/1111) regret=0.103601 ape=0.5659
[17:53:59] warmStart (decay=exponential) 34% (380/1111) regret=0.103601 ape=0.5659
[17:53:59] warmStart (decay=exponential) 34% (381/1111) regret=0.103601 ape=0.5659
[17:53:59] warmStart (decay=exponential) 34% (382/1111) regret=0.103601 ape=0.5659
[17:54:00] warmStart (decay=exponential) 34% (383/1111) regret=0.103601 ape=0.5659
[17:54:00] warmStart (decay=exponential) 34% (384/1111) regret=0.103601 ape=0.5659
[17:54:00] warmStart (decay=exponential) 34% (385/1111) regret=0.103601 ape=0.5659
[17:54:00] warmStart (decay=exponential) 34% (386/1111) regret=0.103601 ape=0.5659
[17:54:00] warmStart (decay=exponential) 34% (387/1111) regret=0.103601 ape=0.5659
[17:54:01] warmStart (decay=exponential) 34% (388/1111) regret=0.103601 ape=0.5659
[17:54:01] warmStart (decay=exponential) 35% (389/1111) regret=0.103601 ape=0.5659
[17:54:01] warmStart (decay=exponential) 35% (390/1111) regret=0.103601 ape=0.5659
[17:54:01] warmStart (decay=exponential) 35% (391/1111) regret=0.103601 ape=0.5659
[17:54:01] warmStart (decay=exponential) 35% (392/1111) regret=0.103601 ape=0.5659
[17:54:02] warmStart (decay=exponential) 35% (393/1111) regret=0.103601 ape=0.5659
[17:54:02] warmStart (decay=exponential) 35% (394/1111) regret=0.103601 ape=0.5659
[17:54:02] warmStart (decay=exponential) 35% (395/1111) regret=0.103601 ape=0.5659
[17:54:02] warmStart (decay=exponential) 35% (396/1111) regret=0.103601 ape=0.5659
[17:54:02] warmStart (decay=exponential) 35% (397/1111) regret=0.103601 ape=0.5659
[17:54:03] warmStart (decay=exponential) 35% (398/1111) regret=0.103601 ape=0.5659
[17:54:03] warmStart (decay=exponential) 35% (399/1111) regret=0.103601 ape=0.5659
[17:54:03] warmStart (decay=exponential) 36% (400/1111) regret=0.103601 ape=0.5659
[17:54:03] warmStart (decay=exponential) 36% (401/1111) regret=0.103601 ape=0.5659
[17:54:03] warmStart (decay=exponential) 36% (402/1111) regret=0.103601 ape=0.5659
[17:54:04] warmStart (decay=exponential) 36% (403/1111) regret=0.103601 ape=0.5659
[17:54:04] warmStart (decay=exponential) 36% (404/1111) regret=0.103601 ape=0.5659
[17:54:04] warmStart (decay=exponential) 36% (405/1111) regret=0.103601 ape=0.5659
[17:54:04] warmStart (decay=exponential) 36% (406/1111) regret=0.103601 ape=0.5659
[17:54:04] warmStart (decay=exponential) 36% (407/1111) regret=0.103601 ape=0.5659
[17:54:05] warmStart (decay=exponential) 36% (408/1111) regret=0.103601 ape=0.5659
[17:54:05] warmStart (decay=exponential) 36% (409/1111) regret=0.103601 ape=0.5659
[17:54:05] warmStart (decay=exponential) 36% (410/1111) regret=0.103601 ape=0.5659
[17:54:05] warmStart (decay=exponential) 36% (411/1111) regret=0.103601 ape=0.5659
[17:54:06] warmStart (decay=exponential) 37% (412/1111) regret=0.103601 ape=0.5659
[17:54:06] warmStart (decay=exponential) 37% (413/1111) regret=0.103601 ape=0.5659
[17:54:06] warmStart (decay=exponential) 37% (414/1111) regret=0.103601 ape=0.5659
[17:54:06] warmStart (decay=exponential) 37% (415/1111) regret=0.103601 ape=0.5659
[17:54:06] warmStart (decay=exponential) 37% (416/1111) regret=0.103601 ape=0.5659
[17:54:07] warmStart (decay=exponential) 37% (417/1111) regret=0.103601 ape=0.5659
[17:54:07] warmStart (decay=exponential) 37% (418/1111) regret=0.103601 ape=0.5659
[17:54:07] warmStart (decay=exponential) 37% (419/1111) regret=0.103601 ape=0.5659
[17:54:07] warmStart (decay=exponential) 37% (420/1111) regret=0.103601 ape=0.5659
[17:54:07] warmStart (decay=exponential) 37% (421/1111) regret=0.103601 ape=0.5659
[17:54:08] warmStart (decay=exponential) 37% (422/1111) regret=0.103601 ape=0.5659
[17:54:08] warmStart (decay=exponential) 38% (423/1111) regret=0.103601 ape=0.5659
[17:54:08] warmStart (decay=exponential) 38% (424/1111) regret=0.103601 ape=0.5659
[17:54:08] warmStart (decay=exponential) 38% (425/1111) regret=0.103601 ape=0.5659
[17:54:08] warmStart (decay=exponential) 38% (426/1111) regret=0.103601 ape=0.5659
[17:54:09] warmStart (decay=exponential) 38% (427/1111) regret=0.103601 ape=0.5659
[17:54:09] warmStart (decay=exponential) 38% (428/1111) regret=0.103601 ape=0.5659
[17:54:09] warmStart (decay=exponential) 38% (429/1111) regret=0.103601 ape=0.5659
[17:54:09] warmStart (decay=exponential) 38% (430/1111) regret=0.103601 ape=0.5659
[17:54:09] warmStart (decay=exponential) 38% (431/1111) regret=0.103601 ape=0.5659
[17:54:10] warmStart (decay=exponential) 38% (432/1111) regret=0.103601 ape=0.5659
[17:54:10] warmStart (decay=exponential) 38% (433/1111) regret=0.103601 ape=0.5659
[17:54:10] warmStart (decay=exponential) 39% (434/1111) regret=0.103601 ape=0.5659
[17:54:10] warmStart (decay=exponential) 39% (435/1111) regret=0.103601 ape=0.5659
[17:54:10] warmStart (decay=exponential) 39% (436/1111) regret=0.103601 ape=0.5659
[17:54:11] warmStart (decay=exponential) 39% (437/1111) regret=0.103601 ape=0.5659
[17:54:11] warmStart (decay=exponential) 39% (438/1111) regret=0.103601 ape=0.5659
[17:54:11] warmStart (decay=exponential) 39% (439/1111) regret=0.103601 ape=0.5659
[17:54:11] warmStart (decay=exponential) 39% (440/1111) regret=0.103601 ape=0.5659
[17:54:11] warmStart (decay=exponential) 39% (441/1111) regret=0.103601 ape=0.5659
[17:54:12] warmStart (decay=exponential) 39% (442/1111) regret=0.103601 ape=0.5659
[17:54:12] warmStart (decay=exponential) 39% (443/1111) regret=0.103601 ape=0.5659
[17:54:12] warmStart (decay=exponential) 39% (444/1111) regret=0.103601 ape=0.5659
[17:54:12] warmStart (decay=exponential) 40% (445/1111) regret=0.103601 ape=0.5659
[17:54:12] warmStart (decay=exponential) 40% (446/1111) regret=0.103601 ape=0.5659
[17:54:13] warmStart (decay=exponential) 40% (447/1111) regret=0.103601 ape=0.5659
[17:54:13] warmStart (decay=exponential) 40% (448/1111) regret=0.103601 ape=0.5659
[17:54:13] warmStart (decay=exponential) 40% (449/1111) regret=0.103601 ape=0.5659
[17:54:13] warmStart (decay=exponential) 40% (450/1111) regret=0.103601 ape=0.5659
[17:54:14] warmStart (decay=exponential) 40% (451/1111) regret=0.103601 ape=0.5659
[17:54:14] warmStart (decay=exponential) 40% (452/1111) regret=0.103601 ape=0.5659
[17:54:14] warmStart (decay=exponential) 40% (453/1111) regret=0.103601 ape=0.5659
[17:54:14] warmStart (decay=exponential) 40% (454/1111) regret=0.103601 ape=0.5659
[17:54:14] warmStart (decay=exponential) 40% (455/1111) regret=0.103601 ape=0.5659
[17:54:15] warmStart (decay=exponential) 41% (456/1111) regret=0.103601 ape=0.5659
[17:54:15] warmStart (decay=exponential) 41% (457/1111) regret=0.103601 ape=0.5659
[17:54:15] warmStart (decay=exponential) 41% (458/1111) regret=0.103601 ape=0.5659
[17:54:15] warmStart (decay=exponential) 41% (459/1111) regret=0.103601 ape=0.5659
[17:54:15] warmStart (decay=exponential) 41% (460/1111) regret=0.103601 ape=0.5659
[17:54:15] warmStart (decay=exponential) 41% (461/1111) regret=0.103601 ape=0.5659
[17:54:16] warmStart (decay=exponential) 41% (462/1111) regret=0.103601 ape=0.5659
[17:54:16] warmStart (decay=exponential) 41% (463/1111) regret=0.103601 ape=0.5659
[17:54:16] warmStart (decay=exponential) 41% (464/1111) regret=0.103601 ape=0.5659
[17:54:16] warmStart (decay=exponential) 41% (465/1111) regret=0.103601 ape=0.5659
[17:54:16] warmStart (decay=exponential) 41% (466/1111) regret=0.103601 ape=0.5659
[17:54:17] warmStart (decay=exponential) 42% (467/1111) regret=0.103601 ape=0.5659
[17:54:17] warmStart (decay=exponential) 42% (468/1111) regret=0.103601 ape=0.5659
[17:54:17] warmStart (decay=exponential) 42% (469/1111) regret=0.103601 ape=0.5659
[17:54:17] warmStart (decay=exponential) 42% (470/1111) regret=0.103601 ape=0.5659
[17:54:17] warmStart (decay=exponential) 42% (471/1111) regret=0.103601 ape=0.5659
[17:54:18] warmStart (decay=exponential) 42% (472/1111) regret=0.103601 ape=0.5659
[17:54:18] warmStart (decay=exponential) 42% (473/1111) regret=0.103601 ape=0.5659
[17:54:18] warmStart (decay=exponential) 42% (474/1111) regret=0.103601 ape=0.5659
[17:54:18] warmStart (decay=exponential) 42% (475/1111) regret=0.103601 ape=0.5659
[17:54:18] warmStart (decay=exponential) 42% (476/1111) regret=0.103601 ape=0.5659
[17:54:18] warmStart (decay=exponential) 42% (477/1111) regret=0.103601 ape=0.5659
[17:54:19] warmStart (decay=exponential) 43% (478/1111) regret=0.103601 ape=0.5659
[17:54:19] warmStart (decay=exponential) 43% (479/1111) regret=0.103601 ape=0.5659
[17:54:19] warmStart (decay=exponential) 43% (480/1111) regret=0.103601 ape=0.5659
[17:54:19] warmStart (decay=exponential) 43% (481/1111) regret=0.103601 ape=0.5659
[17:54:19] warmStart (decay=exponential) 43% (482/1111) regret=0.103601 ape=0.5659
[17:54:19] warmStart (decay=exponential) 43% (483/1111) regret=0.103601 ape=0.5659
[17:54:20] warmStart (decay=exponential) 43% (484/1111) regret=0.103601 ape=0.5659
[17:54:20] warmStart (decay=exponential) 43% (485/1111) regret=0.103601 ape=0.5659
[17:54:20] warmStart (decay=exponential) 43% (486/1111) regret=0.103601 ape=0.5659
[17:54:20] warmStart (decay=exponential) 43% (487/1111) regret=0.103601 ape=0.5659
[17:54:20] warmStart (decay=exponential) 43% (488/1111) regret=0.103601 ape=0.5659
[17:54:21] warmStart (decay=exponential) 44% (489/1111) regret=0.103601 ape=0.5659
[17:54:21] warmStart (decay=exponential) 44% (490/1111) regret=0.103601 ape=0.5659
[17:54:21] warmStart (decay=exponential) 44% (491/1111) regret=0.103601 ape=0.5659
[17:54:21] warmStart (decay=exponential) 44% (492/1111) regret=0.103601 ape=0.5659
[17:54:21] warmStart (decay=exponential) 44% (493/1111) regret=0.103601 ape=0.5659
[17:54:22] warmStart (decay=exponential) 44% (494/1111) regret=0.103601 ape=0.5659
[17:54:22] warmStart (decay=exponential) 44% (495/1111) regret=0.103601 ape=0.5659
[17:54:22] warmStart (decay=exponential) 44% (496/1111) regret=0.103601 ape=0.5659
[17:54:22] warmStart (decay=exponential) 44% (497/1111) regret=0.103601 ape=0.5659
[17:54:23] warmStart (decay=exponential) 44% (498/1111) regret=0.103601 ape=0.5659
[17:54:23] warmStart (decay=exponential) 44% (499/1111) regret=0.103601 ape=0.5659
[17:54:23] warmStart (decay=exponential) 45% (500/1111) regret=0.103601 ape=0.5659
[17:54:23] warmStart (decay=exponential) 45% (501/1111) regret=0.103601 ape=0.5659
[17:54:23] warmStart (decay=exponential) 45% (502/1111) regret=0.103601 ape=0.5659
[17:54:24] warmStart (decay=exponential) 45% (503/1111) regret=0.103601 ape=0.5659
[17:54:24] warmStart (decay=exponential) 45% (504/1111) regret=0.103601 ape=0.5659
[17:54:24] warmStart (decay=exponential) 45% (505/1111) regret=0.103601 ape=0.5659
[17:54:24] warmStart (decay=exponential) 45% (506/1111) regret=0.103601 ape=0.5659
[17:54:25] warmStart (decay=exponential) 45% (507/1111) regret=0.103601 ape=0.5659
[17:54:25] warmStart (decay=exponential) 45% (508/1111) regret=0.103601 ape=0.5659
[17:54:25] warmStart (decay=exponential) 45% (509/1111) regret=0.103601 ape=0.5659
[17:54:25] warmStart (decay=exponential) 45% (510/1111) regret=0.103601 ape=0.5659
[17:54:25] warmStart (decay=exponential) 45% (511/1111) regret=0.103601 ape=0.5659
[17:54:26] warmStart (decay=exponential) 46% (512/1111) regret=0.103601 ape=0.5659
[17:54:26] warmStart (decay=exponential) 46% (513/1111) regret=0.103601 ape=0.5659
[17:54:26] warmStart (decay=exponential) 46% (514/1111) regret=0.103601 ape=0.5659
[17:54:26] warmStart (decay=exponential) 46% (515/1111) regret=0.103601 ape=0.5659
[17:54:26] warmStart (decay=exponential) 46% (516/1111) regret=0.103601 ape=0.5659
[17:54:27] warmStart (decay=exponential) 46% (517/1111) regret=0.103601 ape=0.5659
[17:54:27] warmStart (decay=exponential) 46% (518/1111) regret=0.103601 ape=0.5659
[17:54:27] warmStart (decay=exponential) 46% (519/1111) regret=0.103601 ape=0.5659
[17:54:27] warmStart (decay=exponential) 46% (520/1111) regret=0.103601 ape=0.5659
[17:54:27] warmStart (decay=exponential) 46% (521/1111) regret=0.103601 ape=0.5659
[17:54:28] warmStart (decay=exponential) 46% (522/1111) regret=0.103601 ape=0.5659
[17:54:28] warmStart (decay=exponential) 47% (523/1111) regret=0.103601 ape=0.5659
[17:54:28] warmStart (decay=exponential) 47% (524/1111) regret=0.103840 ape=0.5668
[17:54:28] warmStart (decay=exponential) 47% (525/1111) regret=0.103633 ape=0.5668
[17:54:29] warmStart (decay=exponential) 47% (526/1111) regret=0.103633 ape=0.5668
[17:54:29] warmStart (decay=exponential) 47% (527/1111) regret=0.103633 ape=0.5668
[17:54:29] warmStart (decay=exponential) 47% (528/1111) regret=0.103633 ape=0.5668
[17:54:29] warmStart (decay=exponential) 47% (529/1111) regret=0.103633 ape=0.5668
[17:54:30] warmStart (decay=exponential) 47% (530/1111) regret=0.103633 ape=0.5668
[17:54:30] warmStart (decay=exponential) 47% (531/1111) regret=0.103633 ape=0.5668
[17:54:30] warmStart (decay=exponential) 47% (532/1111) regret=0.103633 ape=0.5668
[17:54:30] warmStart (decay=exponential) 47% (533/1111) regret=0.103633 ape=0.5668
[17:54:31] warmStart (decay=exponential) 48% (534/1111) regret=0.103651 ape=0.5668
[17:54:31] warmStart (decay=exponential) 48% (535/1111) regret=0.103651 ape=0.5668
[17:54:31] warmStart (decay=exponential) 48% (536/1111) regret=0.103656 ape=0.5668
[17:54:31] warmStart (decay=exponential) 48% (537/1111) regret=0.103633 ape=0.5668
[17:54:32] warmStart (decay=exponential) 48% (538/1111) regret=0.103633 ape=0.5668
[17:54:32] warmStart (decay=exponential) 48% (539/1111) regret=0.103633 ape=0.5668
[17:54:32] warmStart (decay=exponential) 48% (540/1111) regret=0.103633 ape=0.5668
[17:54:32] warmStart (decay=exponential) 48% (541/1111) regret=0.103633 ape=0.5668
[17:54:33] warmStart (decay=exponential) 48% (542/1111) regret=0.103633 ape=0.5668
[17:54:33] warmStart (decay=exponential) 48% (543/1111) regret=0.103633 ape=0.5668
[17:54:33] warmStart (decay=exponential) 48% (544/1111) regret=0.103633 ape=0.5668
[17:54:33] warmStart (decay=exponential) 49% (545/1111) regret=0.103633 ape=0.5668
[17:54:34] warmStart (decay=exponential) 49% (546/1111) regret=0.103633 ape=0.5668
[17:54:34] warmStart (decay=exponential) 49% (547/1111) regret=0.103633 ape=0.5668
[17:54:34] warmStart (decay=exponential) 49% (548/1111) regret=0.103633 ape=0.5668
[17:54:34] warmStart (decay=exponential) 49% (549/1111) regret=0.103633 ape=0.5668
[17:54:35] warmStart (decay=exponential) 49% (550/1111) regret=0.103633 ape=0.5668
[17:54:35] warmStart (decay=exponential) 49% (551/1111) regret=0.103633 ape=0.5668
[17:54:35] warmStart (decay=exponential) 49% (552/1111) regret=0.103633 ape=0.5668
[17:54:35] warmStart (decay=exponential) 49% (553/1111) regret=0.103633 ape=0.5668
[17:54:35] warmStart (decay=exponential) 49% (554/1111) regret=0.103633 ape=0.5668
[17:54:36] warmStart (decay=exponential) 49% (555/1111) regret=0.103633 ape=0.5668
[17:54:36] warmStart (decay=exponential) 50% (556/1111) regret=0.103633 ape=0.5668
[17:54:36] warmStart (decay=exponential) 50% (557/1111) regret=0.103633 ape=0.5668
[17:54:36] warmStart (decay=exponential) 50% (558/1111) regret=0.103633 ape=0.5668
[17:54:37] warmStart (decay=exponential) 50% (559/1111) regret=0.103633 ape=0.5668
[17:54:37] warmStart (decay=exponential) 50% (560/1111) regret=0.103633 ape=0.5668
[17:54:37] warmStart (decay=exponential) 50% (561/1111) regret=0.103633 ape=0.5668
[17:54:37] warmStart (decay=exponential) 50% (562/1111) regret=0.103633 ape=0.5668
[17:54:38] warmStart (decay=exponential) 50% (563/1111) regret=0.103633 ape=0.5668
[17:54:38] warmStart (decay=exponential) 50% (564/1111) regret=0.103601 ape=0.5659
[17:54:38] warmStart (decay=exponential) 50% (565/1111) regret=0.103601 ape=0.5659
[17:54:38] warmStart (decay=exponential) 50% (566/1111) regret=0.103633 ape=0.5668
[17:54:39] warmStart (decay=exponential) 51% (567/1111) regret=0.103633 ape=0.5668
[17:54:39] warmStart (decay=exponential) 51% (568/1111) regret=0.103601 ape=0.5659
[17:54:39] warmStart (decay=exponential) 51% (569/1111) regret=0.103582 ape=0.5659
[17:54:39] warmStart (decay=exponential) 51% (570/1111) regret=0.103555 ape=0.5650
[17:54:40] warmStart (decay=exponential) 51% (571/1111) regret=0.103582 ape=0.5659
[17:54:40] warmStart (decay=exponential) 51% (572/1111) regret=0.103582 ape=0.5659
[17:54:40] warmStart (decay=exponential) 51% (573/1111) regret=0.103555 ape=0.5650
[17:54:40] warmStart (decay=exponential) 51% (574/1111) regret=0.103582 ape=0.5659
[17:54:40] warmStart (decay=exponential) 51% (575/1111) regret=0.103582 ape=0.5659
[17:54:41] warmStart (decay=exponential) 51% (576/1111) regret=0.103582 ape=0.5659
[17:54:41] warmStart (decay=exponential) 51% (577/1111) regret=0.103582 ape=0.5659
[17:54:41] warmStart (decay=exponential) 52% (578/1111) regret=0.103582 ape=0.5659
[17:54:41] warmStart (decay=exponential) 52% (579/1111) regret=0.103582 ape=0.5659
[17:54:42] warmStart (decay=exponential) 52% (580/1111) regret=0.103582 ape=0.5659
[17:54:42] warmStart (decay=exponential) 52% (581/1111) regret=0.103555 ape=0.5650
[17:54:42] warmStart (decay=exponential) 52% (582/1111) regret=0.103555 ape=0.5650
[17:54:42] warmStart (decay=exponential) 52% (583/1111) regret=0.103555 ape=0.5650
[17:54:42] warmStart (decay=exponential) 52% (584/1111) regret=0.103665 ape=0.5659
[17:54:43] warmStart (decay=exponential) 52% (585/1111) regret=0.103555 ape=0.5650
[17:54:43] warmStart (decay=exponential) 52% (586/1111) regret=0.103555 ape=0.5650
[17:54:43] warmStart (decay=exponential) 52% (587/1111) regret=0.103665 ape=0.5659
[17:54:43] warmStart (decay=exponential) 52% (588/1111) regret=0.103582 ape=0.5659
[17:54:44] warmStart (decay=exponential) 53% (589/1111) regret=0.103582 ape=0.5659
[17:54:44] warmStart (decay=exponential) 53% (590/1111) regret=0.103582 ape=0.5659
[17:54:44] warmStart (decay=exponential) 53% (591/1111) regret=0.103582 ape=0.5659
[17:54:44] warmStart (decay=exponential) 53% (592/1111) regret=0.103555 ape=0.5650
[17:54:45] warmStart (decay=exponential) 53% (593/1111) regret=0.103555 ape=0.5650
[17:54:45] warmStart (decay=exponential) 53% (594/1111) regret=0.103582 ape=0.5659
[17:54:45] warmStart (decay=exponential) 53% (595/1111) regret=0.103665 ape=0.5659
[17:54:45] warmStart (decay=exponential) 53% (596/1111) regret=0.103582 ape=0.5659
[17:54:45] warmStart (decay=exponential) 53% (597/1111) regret=0.103582 ape=0.5659
[17:54:46] warmStart (decay=exponential) 53% (598/1111) regret=0.103555 ape=0.5650
[17:54:46] warmStart (decay=exponential) 53% (599/1111) regret=0.103555 ape=0.5650
[17:54:46] warmStart (decay=exponential) 54% (600/1111) regret=0.103665 ape=0.5659
[17:54:46] warmStart (decay=exponential) 54% (601/1111) regret=0.103555 ape=0.5650
[17:54:46] warmStart (decay=exponential) 54% (602/1111) regret=0.103555 ape=0.5650
[17:54:47] warmStart (decay=exponential) 54% (603/1111) regret=0.103555 ape=0.5650
[17:54:47] warmStart (decay=exponential) 54% (604/1111) regret=0.103555 ape=0.5650
[17:54:47] warmStart (decay=exponential) 54% (605/1111) regret=0.103555 ape=0.5650
[17:54:47] warmStart (decay=exponential) 54% (606/1111) regret=0.103555 ape=0.5650
[17:54:47] warmStart (decay=exponential) 54% (607/1111) regret=0.103555 ape=0.5650
[17:54:48] warmStart (decay=exponential) 54% (608/1111) regret=0.103518 ape=0.5641
[17:54:48] warmStart (decay=exponential) 54% (609/1111) regret=0.103518 ape=0.5641
[17:54:48] warmStart (decay=exponential) 54% (610/1111) regret=0.103518 ape=0.5641
[17:54:48] warmStart (decay=exponential) 54% (611/1111) regret=0.103564 ape=0.5650
[17:54:48] warmStart (decay=exponential) 55% (612/1111) regret=0.103518 ape=0.5641
[17:54:49] warmStart (decay=exponential) 55% (613/1111) regret=0.103518 ape=0.5641
[17:54:49] warmStart (decay=exponential) 55% (614/1111) regret=0.103518 ape=0.5641
[17:54:49] warmStart (decay=exponential) 55% (615/1111) regret=0.103518 ape=0.5641
[17:54:49] warmStart (decay=exponential) 55% (616/1111) regret=0.103518 ape=0.5641
[17:54:50] warmStart (decay=exponential) 55% (617/1111) regret=0.103518 ape=0.5641
[17:54:50] warmStart (decay=exponential) 55% (618/1111) regret=0.103518 ape=0.5641
[17:54:50] warmStart (decay=exponential) 55% (619/1111) regret=0.103518 ape=0.5641
[17:54:50] warmStart (decay=exponential) 55% (620/1111) regret=0.103518 ape=0.5641
[17:54:50] warmStart (decay=exponential) 55% (621/1111) regret=0.103518 ape=0.5641
[17:54:51] warmStart (decay=exponential) 55% (622/1111) regret=0.103518 ape=0.5641
[17:54:51] warmStart (decay=exponential) 56% (623/1111) regret=0.103518 ape=0.5641
[17:54:51] warmStart (decay=exponential) 56% (624/1111) regret=0.103518 ape=0.5641
[17:54:51] warmStart (decay=exponential) 56% (625/1111) regret=0.103518 ape=0.5641
[17:54:51] warmStart (decay=exponential) 56% (626/1111) regret=0.103518 ape=0.5641
[17:54:52] warmStart (decay=exponential) 56% (627/1111) regret=0.103518 ape=0.5641
[17:54:52] warmStart (decay=exponential) 56% (628/1111) regret=0.103518 ape=0.5641
[17:54:52] warmStart (decay=exponential) 56% (629/1111) regret=0.103518 ape=0.5641
[17:54:52] warmStart (decay=exponential) 56% (630/1111) regret=0.103518 ape=0.5641
[17:54:52] warmStart (decay=exponential) 56% (631/1111) regret=0.103518 ape=0.5641
[17:54:53] warmStart (decay=exponential) 56% (632/1111) regret=0.103518 ape=0.5641
[17:54:53] warmStart (decay=exponential) 56% (633/1111) regret=0.103518 ape=0.5641
[17:54:53] warmStart (decay=exponential) 57% (634/1111) regret=0.103518 ape=0.5641
[17:54:53] warmStart (decay=exponential) 57% (635/1111) regret=0.103518 ape=0.5641
[17:54:54] warmStart (decay=exponential) 57% (636/1111) regret=0.103518 ape=0.5641
[17:54:54] warmStart (decay=exponential) 57% (637/1111) regret=0.103518 ape=0.5641
[17:54:54] warmStart (decay=exponential) 57% (638/1111) regret=0.103486 ape=0.5631
[17:54:54] warmStart (decay=exponential) 57% (639/1111) regret=0.103507 ape=0.5641
[17:54:54] warmStart (decay=exponential) 57% (640/1111) regret=0.103507 ape=0.5641
[17:54:55] warmStart (decay=exponential) 57% (641/1111) regret=0.103518 ape=0.5641
[17:54:55] warmStart (decay=exponential) 57% (642/1111) regret=0.103518 ape=0.5641
[17:54:55] warmStart (decay=exponential) 57% (643/1111) regret=0.103518 ape=0.5641
[17:54:55] warmStart (decay=exponential) 57% (644/1111) regret=0.103509 ape=0.5641
[17:54:55] warmStart (decay=exponential) 58% (645/1111) regret=0.103518 ape=0.5641
[17:54:56] warmStart (decay=exponential) 58% (646/1111) regret=0.103502 ape=0.5641
[17:54:56] warmStart (decay=exponential) 58% (647/1111) regret=0.103502 ape=0.5641
[17:54:56] warmStart (decay=exponential) 58% (648/1111) regret=0.103518 ape=0.5641
[17:54:56] warmStart (decay=exponential) 58% (649/1111) regret=0.103502 ape=0.5641
[17:54:57] warmStart (decay=exponential) 58% (650/1111) regret=0.103496 ape=0.5641
[17:54:57] warmStart (decay=exponential) 58% (651/1111) regret=0.103509 ape=0.5641
[17:54:57] warmStart (decay=exponential) 58% (652/1111) regret=0.103502 ape=0.5641
[17:54:57] warmStart (decay=exponential) 58% (653/1111) regret=0.103502 ape=0.5641
[17:54:57] warmStart (decay=exponential) 58% (654/1111) regret=0.103496 ape=0.5641
[17:54:58] warmStart (decay=exponential) 58% (655/1111) regret=0.103496 ape=0.5641
[17:54:58] warmStart (decay=exponential) 59% (656/1111) regret=0.103496 ape=0.5641
[17:54:58] warmStart (decay=exponential) 59% (657/1111) regret=0.103496 ape=0.5641
[17:54:58] warmStart (decay=exponential) 59% (658/1111) regret=0.103496 ape=0.5641
[17:54:58] warmStart (decay=exponential) 59% (659/1111) regret=0.103496 ape=0.5641
[17:54:59] warmStart (decay=exponential) 59% (660/1111) regret=0.103496 ape=0.5641
[17:54:59] warmStart (decay=exponential) 59% (661/1111) regret=0.103496 ape=0.5641
[17:54:59] warmStart (decay=exponential) 59% (662/1111) regret=0.103496 ape=0.5641
[17:54:59] warmStart (decay=exponential) 59% (663/1111) regret=0.103496 ape=0.5641
[17:55:00] warmStart (decay=exponential) 59% (664/1111) regret=0.103496 ape=0.5641
[17:55:00] warmStart (decay=exponential) 59% (665/1111) regret=0.103496 ape=0.5641
[17:55:00] warmStart (decay=exponential) 59% (666/1111) regret=0.103496 ape=0.5641
[17:55:00] warmStart (decay=exponential) 60% (667/1111) regret=0.103496 ape=0.5641
[17:55:01] warmStart (decay=exponential) 60% (668/1111) regret=0.103496 ape=0.5641
[17:55:01] warmStart (decay=exponential) 60% (669/1111) regret=0.103496 ape=0.5641
[17:55:01] warmStart (decay=exponential) 60% (670/1111) regret=0.103496 ape=0.5641
[17:55:01] warmStart (decay=exponential) 60% (671/1111) regret=0.103496 ape=0.5641
[17:55:01] warmStart (decay=exponential) 60% (672/1111) regret=0.103496 ape=0.5641
[17:55:02] warmStart (decay=exponential) 60% (673/1111) regret=0.103496 ape=0.5641
[17:55:02] warmStart (decay=exponential) 60% (674/1111) regret=0.103496 ape=0.5641
[17:55:02] warmStart (decay=exponential) 60% (675/1111) regret=0.103496 ape=0.5641
[17:55:02] warmStart (decay=exponential) 60% (676/1111) regret=0.103496 ape=0.5641
[17:55:02] warmStart (decay=exponential) 60% (677/1111) regret=0.103496 ape=0.5641
[17:55:03] warmStart (decay=exponential) 61% (678/1111) regret=0.103496 ape=0.5641
[17:55:03] warmStart (decay=exponential) 61% (679/1111) regret=0.103496 ape=0.5641
[17:55:03] warmStart (decay=exponential) 61% (680/1111) regret=0.103496 ape=0.5641
[17:55:03] warmStart (decay=exponential) 61% (681/1111) regret=0.103496 ape=0.5641
[17:55:04] warmStart (decay=exponential) 61% (682/1111) regret=0.103496 ape=0.5641
[17:55:04] warmStart (decay=exponential) 61% (683/1111) regret=0.103496 ape=0.5641
[17:55:04] warmStart (decay=exponential) 61% (684/1111) regret=0.103496 ape=0.5641
[17:55:04] warmStart (decay=exponential) 61% (685/1111) regret=0.103496 ape=0.5641
[17:55:05] warmStart (decay=exponential) 61% (686/1111) regret=0.103496 ape=0.5641
[17:55:05] warmStart (decay=exponential) 61% (687/1111) regret=0.103496 ape=0.5641
[17:55:05] warmStart (decay=exponential) 61% (688/1111) regret=0.103496 ape=0.5641
[17:55:05] warmStart (decay=exponential) 62% (689/1111) regret=0.103496 ape=0.5641
[17:55:05] warmStart (decay=exponential) 62% (690/1111) regret=0.103496 ape=0.5641
[17:55:06] warmStart (decay=exponential) 62% (691/1111) regret=0.103496 ape=0.5641
[17:55:06] warmStart (decay=exponential) 62% (692/1111) regret=0.103496 ape=0.5641
[17:55:06] warmStart (decay=exponential) 62% (693/1111) regret=0.103496 ape=0.5641
[17:55:06] warmStart (decay=exponential) 62% (694/1111) regret=0.103496 ape=0.5641
[17:55:07] warmStart (decay=exponential) 62% (695/1111) regret=0.103496 ape=0.5641
[17:55:07] warmStart (decay=exponential) 62% (696/1111) regret=0.103496 ape=0.5641
[17:55:07] warmStart (decay=exponential) 62% (697/1111) regret=0.103496 ape=0.5641
[17:55:07] warmStart (decay=exponential) 62% (698/1111) regret=0.103496 ape=0.5641
[17:55:07] warmStart (decay=exponential) 62% (699/1111) regret=0.103496 ape=0.5641
[17:55:08] warmStart (decay=exponential) 63% (700/1111) regret=0.103496 ape=0.5641
[17:55:08] warmStart (decay=exponential) 63% (701/1111) regret=0.103496 ape=0.5641
[17:55:08] warmStart (decay=exponential) 63% (702/1111) regret=0.103496 ape=0.5641
[17:55:08] warmStart (decay=exponential) 63% (703/1111) regret=0.103496 ape=0.5641
[17:55:09] warmStart (decay=exponential) 63% (704/1111) regret=0.103496 ape=0.5641
[17:55:09] warmStart (decay=exponential) 63% (705/1111) regret=0.103496 ape=0.5641
[17:55:09] warmStart (decay=exponential) 63% (706/1111) regret=0.103496 ape=0.5641
[17:55:09] warmStart (decay=exponential) 63% (707/1111) regret=0.103496 ape=0.5641
[17:55:09] warmStart (decay=exponential) 63% (708/1111) regret=0.103458 ape=0.5641
[17:55:10] warmStart (decay=exponential) 63% (709/1111) regret=0.103446 ape=0.5641
[17:55:10] warmStart (decay=exponential) 63% (710/1111) regret=0.103446 ape=0.5641
[17:55:10] warmStart (decay=exponential) 63% (711/1111) regret=0.103447 ape=0.5641
[17:55:10] warmStart (decay=exponential) 64% (712/1111) regret=0.103447 ape=0.5641
[17:55:11] warmStart (decay=exponential) 64% (713/1111) regret=0.103447 ape=0.5641
[17:55:11] warmStart (decay=exponential) 64% (714/1111) regret=0.103447 ape=0.5641
[17:55:11] warmStart (decay=exponential) 64% (715/1111) regret=0.103447 ape=0.5641
[17:55:11] warmStart (decay=exponential) 64% (716/1111) regret=0.103447 ape=0.5641
[17:55:11] warmStart (decay=exponential) 64% (717/1111) regret=0.103447 ape=0.5641
[17:55:12] warmStart (decay=exponential) 64% (718/1111) regret=0.103447 ape=0.5641
[17:55:12] warmStart (decay=exponential) 64% (719/1111) regret=0.103447 ape=0.5641
[17:55:12] warmStart (decay=exponential) 64% (720/1111) regret=0.103446 ape=0.5641
[17:55:12] warmStart (decay=exponential) 64% (721/1111) regret=0.103446 ape=0.5641
[17:55:12] warmStart (decay=exponential) 64% (722/1111) regret=0.103446 ape=0.5641
[17:55:13] warmStart (decay=exponential) 65% (723/1111) regret=0.103441 ape=0.5641
[17:55:13] warmStart (decay=exponential) 65% (724/1111) regret=0.103441 ape=0.5641
[17:55:13] warmStart (decay=exponential) 65% (725/1111) regret=0.103441 ape=0.5641
[17:55:13] warmStart (decay=exponential) 65% (726/1111) regret=0.103441 ape=0.5641
[17:55:14] warmStart (decay=exponential) 65% (727/1111) regret=0.103436 ape=0.5631
[17:55:14] warmStart (decay=exponential) 65% (728/1111) regret=0.103436 ape=0.5631
[17:55:14] warmStart (decay=exponential) 65% (729/1111) regret=0.103436 ape=0.5631
[17:55:14] warmStart (decay=exponential) 65% (730/1111) regret=0.103436 ape=0.5631
[17:55:14] warmStart (decay=exponential) 65% (731/1111) regret=0.103436 ape=0.5631
[17:55:15] warmStart (decay=exponential) 65% (732/1111) regret=0.103436 ape=0.5631
[17:55:15] warmStart (decay=exponential) 65% (733/1111) regret=0.103436 ape=0.5631
[17:55:15] warmStart (decay=exponential) 66% (734/1111) regret=0.103436 ape=0.5631
[17:55:15] warmStart (decay=exponential) 66% (735/1111) regret=0.103436 ape=0.5631
[17:55:16] warmStart (decay=exponential) 66% (736/1111) regret=0.103436 ape=0.5631
[17:55:16] warmStart (decay=exponential) 66% (737/1111) regret=0.103436 ape=0.5631
[17:55:16] warmStart (decay=exponential) 66% (738/1111) regret=0.103436 ape=0.5631
[17:55:16] warmStart (decay=exponential) 66% (739/1111) regret=0.103436 ape=0.5631
[17:55:17] warmStart (decay=exponential) 66% (740/1111) regret=0.103436 ape=0.5631
[17:55:17] warmStart (decay=exponential) 66% (741/1111) regret=0.103436 ape=0.5631
[17:55:17] warmStart (decay=exponential) 66% (742/1111) regret=0.103436 ape=0.5631
[17:55:17] warmStart (decay=exponential) 66% (743/1111) regret=0.103436 ape=0.5631
[17:55:17] warmStart (decay=exponential) 66% (744/1111) regret=0.103436 ape=0.5631
[17:55:18] warmStart (decay=exponential) 67% (745/1111) regret=0.103436 ape=0.5631
[17:55:18] warmStart (decay=exponential) 67% (746/1111) regret=0.103436 ape=0.5631
[17:55:18] warmStart (decay=exponential) 67% (747/1111) regret=0.103436 ape=0.5631
[17:55:18] warmStart (decay=exponential) 67% (748/1111) regret=0.103436 ape=0.5631
[17:55:19] warmStart (decay=exponential) 67% (749/1111) regret=0.103436 ape=0.5631
[17:55:19] warmStart (decay=exponential) 67% (750/1111) regret=0.103436 ape=0.5631
[17:55:19] warmStart (decay=exponential) 67% (751/1111) regret=0.103436 ape=0.5631
[17:55:19] warmStart (decay=exponential) 67% (752/1111) regret=0.103436 ape=0.5631
[17:55:20] warmStart (decay=exponential) 67% (753/1111) regret=0.103436 ape=0.5631
[17:55:20] warmStart (decay=exponential) 67% (754/1111) regret=0.103436 ape=0.5631
[17:55:20] warmStart (decay=exponential) 67% (755/1111) regret=0.103436 ape=0.5631
[17:55:20] warmStart (decay=exponential) 68% (756/1111) regret=0.103436 ape=0.5631
[17:55:20] warmStart (decay=exponential) 68% (757/1111) regret=0.103436 ape=0.5631
[17:55:21] warmStart (decay=exponential) 68% (758/1111) regret=0.103436 ape=0.5631
[17:55:21] warmStart (decay=exponential) 68% (759/1111) regret=0.103436 ape=0.5631
[17:55:21] warmStart (decay=exponential) 68% (760/1111) regret=0.103436 ape=0.5631
[17:55:21] warmStart (decay=exponential) 68% (761/1111) regret=0.103436 ape=0.5631
[17:55:21] warmStart (decay=exponential) 68% (762/1111) regret=0.103436 ape=0.5631
[17:55:22] warmStart (decay=exponential) 68% (763/1111) regret=0.103436 ape=0.5631
[17:55:22] warmStart (decay=exponential) 68% (764/1111) regret=0.103436 ape=0.5631
[17:55:22] warmStart (decay=exponential) 68% (765/1111) regret=0.103436 ape=0.5631
[17:55:22] warmStart (decay=exponential) 68% (766/1111) regret=0.103436 ape=0.5631
[17:55:23] warmStart (decay=exponential) 69% (767/1111) regret=0.103436 ape=0.5631
[17:55:23] warmStart (decay=exponential) 69% (768/1111) regret=0.103436 ape=0.5631
[17:55:23] warmStart (decay=exponential) 69% (769/1111) regret=0.103436 ape=0.5631
[17:55:23] warmStart (decay=exponential) 69% (770/1111) regret=0.103436 ape=0.5631
[17:55:23] warmStart (decay=exponential) 69% (771/1111) regret=0.103436 ape=0.5631
[17:55:24] warmStart (decay=exponential) 69% (772/1111) regret=0.103436 ape=0.5631
[17:55:24] warmStart (decay=exponential) 69% (773/1111) regret=0.103436 ape=0.5631
[17:55:24] warmStart (decay=exponential) 69% (774/1111) regret=0.103436 ape=0.5631
[17:55:24] warmStart (decay=exponential) 69% (775/1111) regret=0.103436 ape=0.5631
[17:55:25] warmStart (decay=exponential) 69% (776/1111) regret=0.103436 ape=0.5631
[17:55:25] warmStart (decay=exponential) 69% (777/1111) regret=0.103436 ape=0.5631
[17:55:25] warmStart (decay=exponential) 70% (778/1111) regret=0.103436 ape=0.5631
[17:55:25] warmStart (decay=exponential) 70% (779/1111) regret=0.103436 ape=0.5631
[17:55:25] warmStart (decay=exponential) 70% (780/1111) regret=0.103436 ape=0.5631
[17:55:26] warmStart (decay=exponential) 70% (781/1111) regret=0.103436 ape=0.5631
[17:55:26] warmStart (decay=exponential) 70% (782/1111) regret=0.103436 ape=0.5631
[17:55:26] warmStart (decay=exponential) 70% (783/1111) regret=0.103436 ape=0.5631
[17:55:26] warmStart (decay=exponential) 70% (784/1111) regret=0.103436 ape=0.5631
[17:55:27] warmStart (decay=exponential) 70% (785/1111) regret=0.103436 ape=0.5631
[17:55:27] warmStart (decay=exponential) 70% (786/1111) regret=0.103436 ape=0.5631
[17:55:27] warmStart (decay=exponential) 70% (787/1111) regret=0.103436 ape=0.5631
[17:55:27] warmStart (decay=exponential) 70% (788/1111) regret=0.103436 ape=0.5631
[17:55:27] warmStart (decay=exponential) 71% (789/1111) regret=0.103436 ape=0.5631
[17:55:28] warmStart (decay=exponential) 71% (790/1111) regret=0.103436 ape=0.5631
[17:55:28] warmStart (decay=exponential) 71% (791/1111) regret=0.103436 ape=0.5631
[17:55:28] warmStart (decay=exponential) 71% (792/1111) regret=0.103436 ape=0.5631
[17:55:28] warmStart (decay=exponential) 71% (793/1111) regret=0.103436 ape=0.5631
[17:55:29] warmStart (decay=exponential) 71% (794/1111) regret=0.103436 ape=0.5631
[17:55:29] warmStart (decay=exponential) 71% (795/1111) regret=0.103436 ape=0.5631
[17:55:29] warmStart (decay=exponential) 71% (796/1111) regret=0.103436 ape=0.5631
[17:55:29] warmStart (decay=exponential) 71% (797/1111) regret=0.103436 ape=0.5631
[17:55:29] warmStart (decay=exponential) 71% (798/1111) regret=0.103436 ape=0.5631
[17:55:30] warmStart (decay=exponential) 71% (799/1111) regret=0.103436 ape=0.5631
[17:55:30] warmStart (decay=exponential) 72% (800/1111) regret=0.103436 ape=0.5631
[17:55:30] warmStart (decay=exponential) 72% (801/1111) regret=0.103436 ape=0.5631
[17:55:30] warmStart (decay=exponential) 72% (802/1111) regret=0.103436 ape=0.5631
[17:55:30] warmStart (decay=exponential) 72% (803/1111) regret=0.103436 ape=0.5631
[17:55:31] warmStart (decay=exponential) 72% (804/1111) regret=0.103418 ape=0.5631
[17:55:31] warmStart (decay=exponential) 72% (805/1111) regret=0.103400 ape=0.5622
[17:55:31] warmStart (decay=exponential) 72% (806/1111) regret=0.103400 ape=0.5622
[17:55:31] warmStart (decay=exponential) 72% (807/1111) regret=0.103400 ape=0.5622
[17:55:31] warmStart (decay=exponential) 72% (808/1111) regret=0.103400 ape=0.5622
[17:55:32] warmStart (decay=exponential) 72% (809/1111) regret=0.103400 ape=0.5622
[17:55:32] warmStart (decay=exponential) 72% (810/1111) regret=0.103400 ape=0.5622
[17:55:32] warmStart (decay=exponential) 72% (811/1111) regret=0.103400 ape=0.5622
[17:55:32] warmStart (decay=exponential) 73% (812/1111) regret=0.103400 ape=0.5622
[17:55:32] warmStart (decay=exponential) 73% (813/1111) regret=0.103400 ape=0.5622
[17:55:33] warmStart (decay=exponential) 73% (814/1111) regret=0.103400 ape=0.5622
[17:55:33] warmStart (decay=exponential) 73% (815/1111) regret=0.103400 ape=0.5622
[17:55:33] warmStart (decay=exponential) 73% (816/1111) regret=0.103400 ape=0.5622
[17:55:33] warmStart (decay=exponential) 73% (817/1111) regret=0.103400 ape=0.5622
[17:55:34] warmStart (decay=exponential) 73% (818/1111) regret=0.103400 ape=0.5622
[17:55:34] warmStart (decay=exponential) 73% (819/1111) regret=0.103400 ape=0.5622
[17:55:34] warmStart (decay=exponential) 73% (820/1111) regret=0.103400 ape=0.5622
[17:55:34] warmStart (decay=exponential) 73% (821/1111) regret=0.103400 ape=0.5622
[17:55:34] warmStart (decay=exponential) 73% (822/1111) regret=0.103400 ape=0.5622
[17:55:35] warmStart (decay=exponential) 74% (823/1111) regret=0.103400 ape=0.5622
[17:55:35] warmStart (decay=exponential) 74% (824/1111) regret=0.103400 ape=0.5622
[17:55:35] warmStart (decay=exponential) 74% (825/1111) regret=0.103400 ape=0.5622
[17:55:35] warmStart (decay=exponential) 74% (826/1111) regret=0.103400 ape=0.5622
[17:55:35] warmStart (decay=exponential) 74% (827/1111) regret=0.103400 ape=0.5622
[17:55:36] warmStart (decay=exponential) 74% (828/1111) regret=0.103400 ape=0.5622
[17:55:36] warmStart (decay=exponential) 74% (829/1111) regret=0.103400 ape=0.5622
[17:55:36] warmStart (decay=exponential) 74% (830/1111) regret=0.103400 ape=0.5622
[17:55:36] warmStart (decay=exponential) 74% (831/1111) regret=0.103400 ape=0.5622
[17:55:36] warmStart (decay=exponential) 74% (832/1111) regret=0.103400 ape=0.5622
[17:55:37] warmStart (decay=exponential) 74% (833/1111) regret=0.103400 ape=0.5622
[17:55:37] warmStart (decay=exponential) 75% (834/1111) regret=0.103400 ape=0.5622
[17:55:37] warmStart (decay=exponential) 75% (835/1111) regret=0.103400 ape=0.5622
[17:55:37] warmStart (decay=exponential) 75% (836/1111) regret=0.103400 ape=0.5622
[17:55:37] warmStart (decay=exponential) 75% (837/1111) regret=0.103400 ape=0.5622
[17:55:38] warmStart (decay=exponential) 75% (838/1111) regret=0.103400 ape=0.5622
[17:55:38] warmStart (decay=exponential) 75% (839/1111) regret=0.103400 ape=0.5622
[17:55:38] warmStart (decay=exponential) 75% (840/1111) regret=0.103400 ape=0.5622
[17:55:38] warmStart (decay=exponential) 75% (841/1111) regret=0.103400 ape=0.5622
[17:55:38] warmStart (decay=exponential) 75% (842/1111) regret=0.103400 ape=0.5622
[17:55:39] warmStart (decay=exponential) 75% (843/1111) regret=0.103400 ape=0.5622
[17:55:39] warmStart (decay=exponential) 75% (844/1111) regret=0.103400 ape=0.5622
[17:55:39] warmStart (decay=exponential) 76% (845/1111) regret=0.103400 ape=0.5622
[17:55:39] warmStart (decay=exponential) 76% (846/1111) regret=0.103400 ape=0.5622
[17:55:39] warmStart (decay=exponential) 76% (847/1111) regret=0.103400 ape=0.5622
[17:55:40] warmStart (decay=exponential) 76% (848/1111) regret=0.103400 ape=0.5622
[17:55:40] warmStart (decay=exponential) 76% (849/1111) regret=0.103400 ape=0.5622
[17:55:40] warmStart (decay=exponential) 76% (850/1111) regret=0.103400 ape=0.5622
[17:55:40] warmStart (decay=exponential) 76% (851/1111) regret=0.103400 ape=0.5622
[17:55:41] warmStart (decay=exponential) 76% (852/1111) regret=0.103400 ape=0.5622
[17:55:41] warmStart (decay=exponential) 76% (853/1111) regret=0.103400 ape=0.5622
[17:55:41] warmStart (decay=exponential) 76% (854/1111) regret=0.103400 ape=0.5622
[17:55:41] warmStart (decay=exponential) 76% (855/1111) regret=0.103400 ape=0.5622
[17:55:42] warmStart (decay=exponential) 77% (856/1111) regret=0.103400 ape=0.5622
[17:55:42] warmStart (decay=exponential) 77% (857/1111) regret=0.103400 ape=0.5622
[17:55:42] warmStart (decay=exponential) 77% (858/1111) regret=0.103400 ape=0.5622
[17:55:42] warmStart (decay=exponential) 77% (859/1111) regret=0.103400 ape=0.5622
[17:55:43] warmStart (decay=exponential) 77% (860/1111) regret=0.103400 ape=0.5622
[17:55:43] warmStart (decay=exponential) 77% (861/1111) regret=0.103400 ape=0.5622
[17:55:43] warmStart (decay=exponential) 77% (862/1111) regret=0.103400 ape=0.5622
[17:55:43] warmStart (decay=exponential) 77% (863/1111) regret=0.103400 ape=0.5622
[17:55:43] warmStart (decay=exponential) 77% (864/1111) regret=0.103400 ape=0.5622
[17:55:44] warmStart (decay=exponential) 77% (865/1111) regret=0.103400 ape=0.5622
[17:55:44] warmStart (decay=exponential) 77% (866/1111) regret=0.103400 ape=0.5622
[17:55:44] warmStart (decay=exponential) 78% (867/1111) regret=0.103400 ape=0.5622
[17:55:44] warmStart (decay=exponential) 78% (868/1111) regret=0.103400 ape=0.5622
[17:55:45] warmStart (decay=exponential) 78% (869/1111) regret=0.103400 ape=0.5622
[17:55:45] warmStart (decay=exponential) 78% (870/1111) regret=0.103400 ape=0.5622
[17:55:45] warmStart (decay=exponential) 78% (871/1111) regret=0.103400 ape=0.5622
[17:55:45] warmStart (decay=exponential) 78% (872/1111) regret=0.103400 ape=0.5622
[17:55:46] warmStart (decay=exponential) 78% (873/1111) regret=0.103400 ape=0.5622
[17:55:46] warmStart (decay=exponential) 78% (874/1111) regret=0.103400 ape=0.5622
[17:55:46] warmStart (decay=exponential) 78% (875/1111) regret=0.103400 ape=0.5622
[17:55:46] warmStart (decay=exponential) 78% (876/1111) regret=0.103400 ape=0.5622
[17:55:47] warmStart (decay=exponential) 78% (877/1111) regret=0.103400 ape=0.5622
[17:55:47] warmStart (decay=exponential) 79% (878/1111) regret=0.103400 ape=0.5622
[17:55:47] warmStart (decay=exponential) 79% (879/1111) regret=0.103400 ape=0.5622
[17:55:47] warmStart (decay=exponential) 79% (880/1111) regret=0.103400 ape=0.5622
[17:55:47] warmStart (decay=exponential) 79% (881/1111) regret=0.103400 ape=0.5622
[17:55:48] warmStart (decay=exponential) 79% (882/1111) regret=0.103400 ape=0.5622
[17:55:48] warmStart (decay=exponential) 79% (883/1111) regret=0.103400 ape=0.5622
[17:55:48] warmStart (decay=exponential) 79% (884/1111) regret=0.103400 ape=0.5622
[17:55:48] warmStart (decay=exponential) 79% (885/1111) regret=0.103400 ape=0.5622
[17:55:48] warmStart (decay=exponential) 79% (886/1111) regret=0.103400 ape=0.5622
[17:55:49] warmStart (decay=exponential) 79% (887/1111) regret=0.103400 ape=0.5622
[17:55:49] warmStart (decay=exponential) 79% (888/1111) regret=0.103400 ape=0.5622
[17:55:49] warmStart (decay=exponential) 80% (889/1111) regret=0.103400 ape=0.5622
[17:55:49] warmStart (decay=exponential) 80% (890/1111) regret=0.103400 ape=0.5622
[17:55:50] warmStart (decay=exponential) 80% (891/1111) regret=0.103400 ape=0.5622
[17:55:50] warmStart (decay=exponential) 80% (892/1111) regret=0.103400 ape=0.5622
[17:55:50] warmStart (decay=exponential) 80% (893/1111) regret=0.103400 ape=0.5622
[17:55:50] warmStart (decay=exponential) 80% (894/1111) regret=0.103400 ape=0.5622
[17:55:50] warmStart (decay=exponential) 80% (895/1111) regret=0.103400 ape=0.5622
[17:55:51] warmStart (decay=exponential) 80% (896/1111) regret=0.103400 ape=0.5622
[17:55:51] warmStart (decay=exponential) 80% (897/1111) regret=0.103400 ape=0.5622
[17:55:51] warmStart (decay=exponential) 80% (898/1111) regret=0.103400 ape=0.5622
[17:55:51] warmStart (decay=exponential) 80% (899/1111) regret=0.103400 ape=0.5622
[17:55:52] warmStart (decay=exponential) 81% (900/1111) regret=0.103400 ape=0.5622
[17:55:52] warmStart (decay=exponential) 81% (901/1111) regret=0.103400 ape=0.5622
[17:55:52] warmStart (decay=exponential) 81% (902/1111) regret=0.103400 ape=0.5622
[17:55:52] warmStart (decay=exponential) 81% (903/1111) regret=0.103400 ape=0.5622
[17:55:52] warmStart (decay=exponential) 81% (904/1111) regret=0.103400 ape=0.5622
[17:55:53] warmStart (decay=exponential) 81% (905/1111) regret=0.103400 ape=0.5622
[17:55:53] warmStart (decay=exponential) 81% (906/1111) regret=0.103400 ape=0.5622
[17:55:53] warmStart (decay=exponential) 81% (907/1111) regret=0.103400 ape=0.5622
[17:55:53] warmStart (decay=exponential) 81% (908/1111) regret=0.103400 ape=0.5622
[17:55:54] warmStart (decay=exponential) 81% (909/1111) regret=0.103400 ape=0.5622
[17:55:54] warmStart (decay=exponential) 81% (910/1111) regret=0.103400 ape=0.5622
[17:55:54] warmStart (decay=exponential) 81% (911/1111) regret=0.103400 ape=0.5622
[17:55:54] warmStart (decay=exponential) 82% (912/1111) regret=0.103400 ape=0.5622
[17:55:54] warmStart (decay=exponential) 82% (913/1111) regret=0.103400 ape=0.5622
[17:55:55] warmStart (decay=exponential) 82% (914/1111) regret=0.103400 ape=0.5622
[17:55:55] warmStart (decay=exponential) 82% (915/1111) regret=0.103400 ape=0.5622
[17:55:55] warmStart (decay=exponential) 82% (916/1111) regret=0.103400 ape=0.5622
[17:55:55] warmStart (decay=exponential) 82% (917/1111) regret=0.103400 ape=0.5622
[17:55:55] warmStart (decay=exponential) 82% (918/1111) regret=0.103400 ape=0.5622
[17:55:56] warmStart (decay=exponential) 82% (919/1111) regret=0.103400 ape=0.5622
[17:55:56] warmStart (decay=exponential) 82% (920/1111) regret=0.103400 ape=0.5622
[17:55:56] warmStart (decay=exponential) 82% (921/1111) regret=0.103400 ape=0.5622
[17:55:56] warmStart (decay=exponential) 82% (922/1111) regret=0.103400 ape=0.5622
[17:55:57] warmStart (decay=exponential) 83% (923/1111) regret=0.103400 ape=0.5622
[17:55:57] warmStart (decay=exponential) 83% (924/1111) regret=0.103400 ape=0.5622
[17:55:57] warmStart (decay=exponential) 83% (925/1111) regret=0.103400 ape=0.5622
[17:55:57] warmStart (decay=exponential) 83% (926/1111) regret=0.103400 ape=0.5622
[17:55:57] warmStart (decay=exponential) 83% (927/1111) regret=0.103400 ape=0.5622
[17:55:58] warmStart (decay=exponential) 83% (928/1111) regret=0.103400 ape=0.5622
[17:55:58] warmStart (decay=exponential) 83% (929/1111) regret=0.103400 ape=0.5622
[17:55:58] warmStart (decay=exponential) 83% (930/1111) regret=0.103400 ape=0.5622
[17:55:58] warmStart (decay=exponential) 83% (931/1111) regret=0.103400 ape=0.5622
[17:55:59] warmStart (decay=exponential) 83% (932/1111) regret=0.103400 ape=0.5622
[17:55:59] warmStart (decay=exponential) 83% (933/1111) regret=0.103400 ape=0.5622
[17:55:59] warmStart (decay=exponential) 84% (934/1111) regret=0.103400 ape=0.5622
[17:55:59] warmStart (decay=exponential) 84% (935/1111) regret=0.103400 ape=0.5622
[17:55:59] warmStart (decay=exponential) 84% (936/1111) regret=0.103400 ape=0.5622
[17:56:00] warmStart (decay=exponential) 84% (937/1111) regret=0.103400 ape=0.5622
[17:56:00] warmStart (decay=exponential) 84% (938/1111) regret=0.103400 ape=0.5622
[17:56:00] warmStart (decay=exponential) 84% (939/1111) regret=0.103400 ape=0.5622
[17:56:00] warmStart (decay=exponential) 84% (940/1111) regret=0.103400 ape=0.5622
[17:56:01] warmStart (decay=exponential) 84% (941/1111) regret=0.103400 ape=0.5622
[17:56:01] warmStart (decay=exponential) 84% (942/1111) regret=0.103400 ape=0.5622
[17:56:01] warmStart (decay=exponential) 84% (943/1111) regret=0.103400 ape=0.5622
[17:56:01] warmStart (decay=exponential) 84% (944/1111) regret=0.103400 ape=0.5622
[17:56:02] warmStart (decay=exponential) 85% (945/1111) regret=0.103400 ape=0.5622
[17:56:02] warmStart (decay=exponential) 85% (946/1111) regret=0.103400 ape=0.5622
[17:56:02] warmStart (decay=exponential) 85% (947/1111) regret=0.103400 ape=0.5622
[17:56:02] warmStart (decay=exponential) 85% (948/1111) regret=0.103400 ape=0.5622
[17:56:02] warmStart (decay=exponential) 85% (949/1111) regret=0.103400 ape=0.5622
[17:56:03] warmStart (decay=exponential) 85% (950/1111) regret=0.103400 ape=0.5622
[17:56:03] warmStart (decay=exponential) 85% (951/1111) regret=0.103400 ape=0.5622
[17:56:03] warmStart (decay=exponential) 85% (952/1111) regret=0.103400 ape=0.5622
[17:56:03] warmStart (decay=exponential) 85% (953/1111) regret=0.103400 ape=0.5622
[17:56:03] warmStart (decay=exponential) 85% (954/1111) regret=0.103400 ape=0.5622
[17:56:04] warmStart (decay=exponential) 85% (955/1111) regret=0.103400 ape=0.5622
[17:56:04] warmStart (decay=exponential) 86% (956/1111) regret=0.103400 ape=0.5622
[17:56:04] warmStart (decay=exponential) 86% (957/1111) regret=0.103400 ape=0.5622
[17:56:04] warmStart (decay=exponential) 86% (958/1111) regret=0.103400 ape=0.5622
[17:56:05] warmStart (decay=exponential) 86% (959/1111) regret=0.103400 ape=0.5622
[17:56:05] warmStart (decay=exponential) 86% (960/1111) regret=0.103400 ape=0.5622
[17:56:05] warmStart (decay=exponential) 86% (961/1111) regret=0.103400 ape=0.5622
[17:56:05] warmStart (decay=exponential) 86% (962/1111) regret=0.103400 ape=0.5622
[17:56:05] warmStart (decay=exponential) 86% (963/1111) regret=0.103400 ape=0.5622
[17:56:06] warmStart (decay=exponential) 86% (964/1111) regret=0.103400 ape=0.5622
[17:56:06] warmStart (decay=exponential) 86% (965/1111) regret=0.103400 ape=0.5622
[17:56:06] warmStart (decay=exponential) 86% (966/1111) regret=0.103400 ape=0.5622
[17:56:06] warmStart (decay=exponential) 87% (967/1111) regret=0.103400 ape=0.5622
[17:56:07] warmStart (decay=exponential) 87% (968/1111) regret=0.103400 ape=0.5622
[17:56:07] warmStart (decay=exponential) 87% (969/1111) regret=0.103400 ape=0.5622
[17:56:07] warmStart (decay=exponential) 87% (970/1111) regret=0.103400 ape=0.5622
[17:56:07] warmStart (decay=exponential) 87% (971/1111) regret=0.103400 ape=0.5622
[17:56:08] warmStart (decay=exponential) 87% (972/1111) regret=0.103400 ape=0.5622
[17:56:08] warmStart (decay=exponential) 87% (973/1111) regret=0.103400 ape=0.5622
[17:56:08] warmStart (decay=exponential) 87% (974/1111) regret=0.103400 ape=0.5622
[17:56:08] warmStart (decay=exponential) 87% (975/1111) regret=0.103400 ape=0.5622
[17:56:08] warmStart (decay=exponential) 87% (976/1111) regret=0.103400 ape=0.5622
[17:56:09] warmStart (decay=exponential) 87% (977/1111) regret=0.103400 ape=0.5622
[17:56:09] warmStart (decay=exponential) 88% (978/1111) regret=0.103400 ape=0.5622
[17:56:09] warmStart (decay=exponential) 88% (979/1111) regret=0.103400 ape=0.5622
[17:56:09] warmStart (decay=exponential) 88% (980/1111) regret=0.103400 ape=0.5622
[17:56:10] warmStart (decay=exponential) 88% (981/1111) regret=0.103400 ape=0.5622
[17:56:10] warmStart (decay=exponential) 88% (982/1111) regret=0.103400 ape=0.5622
[17:56:10] warmStart (decay=exponential) 88% (983/1111) regret=0.103400 ape=0.5622
[17:56:10] warmStart (decay=exponential) 88% (984/1111) regret=0.103400 ape=0.5622
[17:56:10] warmStart (decay=exponential) 88% (985/1111) regret=0.103400 ape=0.5622
[17:56:11] warmStart (decay=exponential) 88% (986/1111) regret=0.103400 ape=0.5622
[17:56:11] warmStart (decay=exponential) 88% (987/1111) regret=0.103400 ape=0.5622
[17:56:11] warmStart (decay=exponential) 88% (988/1111) regret=0.103400 ape=0.5622
[17:56:11] warmStart (decay=exponential) 89% (989/1111) regret=0.103400 ape=0.5622
[17:56:12] warmStart (decay=exponential) 89% (990/1111) regret=0.103400 ape=0.5622
[17:56:12] warmStart (decay=exponential) 89% (991/1111) regret=0.103400 ape=0.5622
[17:56:12] warmStart (decay=exponential) 89% (992/1111) regret=0.103400 ape=0.5622
[17:56:12] warmStart (decay=exponential) 89% (993/1111) regret=0.103400 ape=0.5622
[17:56:12] warmStart (decay=exponential) 89% (994/1111) regret=0.103400 ape=0.5622
[17:56:13] warmStart (decay=exponential) 89% (995/1111) regret=0.103400 ape=0.5622
[17:56:13] warmStart (decay=exponential) 89% (996/1111) regret=0.103400 ape=0.5622
[17:56:13] warmStart (decay=exponential) 89% (997/1111) regret=0.103400 ape=0.5622
[17:56:13] warmStart (decay=exponential) 89% (998/1111) regret=0.103400 ape=0.5622
[17:56:14] warmStart (decay=exponential) 89% (999/1111) regret=0.103400 ape=0.5622
[17:56:14] warmStart (decay=exponential) 90% (1000/1111) regret=0.103400 ape=0.5622
[17:56:14] warmStart (decay=exponential) 90% (1001/1111) regret=0.103400 ape=0.5622
[17:56:14] warmStart (decay=exponential) 90% (1002/1111) regret=0.103400 ape=0.5622
[17:56:14] warmStart (decay=exponential) 90% (1003/1111) regret=0.103400 ape=0.5622
[17:56:15] warmStart (decay=exponential) 90% (1004/1111) regret=0.103400 ape=0.5622
[17:56:15] warmStart (decay=exponential) 90% (1005/1111) regret=0.103400 ape=0.5622
[17:56:15] warmStart (decay=exponential) 90% (1006/1111) regret=0.103400 ape=0.5622
[17:56:15] warmStart (decay=exponential) 90% (1007/1111) regret=0.103400 ape=0.5622
[17:56:16] warmStart (decay=exponential) 90% (1008/1111) regret=0.103400 ape=0.5622
[17:56:16] warmStart (decay=exponential) 90% (1009/1111) regret=0.103400 ape=0.5622
[17:56:16] warmStart (decay=exponential) 90% (1010/1111) regret=0.103400 ape=0.5622
[17:56:16] warmStart (decay=exponential) 90% (1011/1111) regret=0.103400 ape=0.5622
[17:56:17] warmStart (decay=exponential) 91% (1012/1111) regret=0.103400 ape=0.5622
[17:56:17] warmStart (decay=exponential) 91% (1013/1111) regret=0.103400 ape=0.5622
[17:56:17] warmStart (decay=exponential) 91% (1014/1111) regret=0.103400 ape=0.5622
[17:56:17] warmStart (decay=exponential) 91% (1015/1111) regret=0.103400 ape=0.5622
[17:56:17] warmStart (decay=exponential) 91% (1016/1111) regret=0.103400 ape=0.5622
[17:56:18] warmStart (decay=exponential) 91% (1017/1111) regret=0.103400 ape=0.5622
[17:56:18] warmStart (decay=exponential) 91% (1018/1111) regret=0.103400 ape=0.5622
[17:56:18] warmStart (decay=exponential) 91% (1019/1111) regret=0.103400 ape=0.5622
[17:56:18] warmStart (decay=exponential) 91% (1020/1111) regret=0.103400 ape=0.5622
[17:56:19] warmStart (decay=exponential) 91% (1021/1111) regret=0.103400 ape=0.5622
[17:56:19] warmStart (decay=exponential) 91% (1022/1111) regret=0.103400 ape=0.5622
[17:56:19] warmStart (decay=exponential) 92% (1023/1111) regret=0.103400 ape=0.5622
[17:56:19] warmStart (decay=exponential) 92% (1024/1111) regret=0.103400 ape=0.5622
[17:56:19] warmStart (decay=exponential) 92% (1025/1111) regret=0.103400 ape=0.5622
[17:56:20] warmStart (decay=exponential) 92% (1026/1111) regret=0.103400 ape=0.5622
[17:56:20] warmStart (decay=exponential) 92% (1027/1111) regret=0.103400 ape=0.5622
[17:56:20] warmStart (decay=exponential) 92% (1028/1111) regret=0.103400 ape=0.5622
[17:56:20] warmStart (decay=exponential) 92% (1029/1111) regret=0.103400 ape=0.5622
[17:56:21] warmStart (decay=exponential) 92% (1030/1111) regret=0.103400 ape=0.5622
[17:56:21] warmStart (decay=exponential) 92% (1031/1111) regret=0.103400 ape=0.5622
[17:56:21] warmStart (decay=exponential) 92% (1032/1111) regret=0.103400 ape=0.5622
[17:56:21] warmStart (decay=exponential) 92% (1033/1111) regret=0.103400 ape=0.5622
[17:56:21] warmStart (decay=exponential) 93% (1034/1111) regret=0.103400 ape=0.5622
[17:56:22] warmStart (decay=exponential) 93% (1035/1111) regret=0.103400 ape=0.5622
[17:56:22] warmStart (decay=exponential) 93% (1036/1111) regret=0.103400 ape=0.5622
[17:56:22] warmStart (decay=exponential) 93% (1037/1111) regret=0.103400 ape=0.5622
[17:56:22] warmStart (decay=exponential) 93% (1038/1111) regret=0.103400 ape=0.5622
[17:56:23] warmStart (decay=exponential) 93% (1039/1111) regret=0.103400 ape=0.5622
[17:56:23] warmStart (decay=exponential) 93% (1040/1111) regret=0.103400 ape=0.5622
[17:56:23] warmStart (decay=exponential) 93% (1041/1111) regret=0.103400 ape=0.5622
[17:56:23] warmStart (decay=exponential) 93% (1042/1111) regret=0.103400 ape=0.5622
[17:56:24] warmStart (decay=exponential) 93% (1043/1111) regret=0.103400 ape=0.5622
[17:56:24] warmStart (decay=exponential) 93% (1044/1111) regret=0.103400 ape=0.5622
[17:56:24] warmStart (decay=exponential) 94% (1045/1111) regret=0.103400 ape=0.5622
[17:56:24] warmStart (decay=exponential) 94% (1046/1111) regret=0.103400 ape=0.5622
[17:56:25] warmStart (decay=exponential) 94% (1047/1111) regret=0.103400 ape=0.5622
[17:56:25] warmStart (decay=exponential) 94% (1048/1111) regret=0.103400 ape=0.5622
[17:56:25] warmStart (decay=exponential) 94% (1049/1111) regret=0.103400 ape=0.5622
[17:56:25] warmStart (decay=exponential) 94% (1050/1111) regret=0.103400 ape=0.5622
[17:56:25] warmStart (decay=exponential) 94% (1051/1111) regret=0.103400 ape=0.5622
[17:56:26] warmStart (decay=exponential) 94% (1052/1111) regret=0.103400 ape=0.5622
[17:56:26] warmStart (decay=exponential) 94% (1053/1111) regret=0.103400 ape=0.5622
[17:56:26] warmStart (decay=exponential) 94% (1054/1111) regret=0.103400 ape=0.5622
[17:56:26] warmStart (decay=exponential) 94% (1055/1111) regret=0.103400 ape=0.5622
[17:56:27] warmStart (decay=exponential) 95% (1056/1111) regret=0.103400 ape=0.5622
[17:56:27] warmStart (decay=exponential) 95% (1057/1111) regret=0.103400 ape=0.5622
[17:56:27] warmStart (decay=exponential) 95% (1058/1111) regret=0.103400 ape=0.5622
[17:56:28] warmStart (decay=exponential) 95% (1059/1111) regret=0.103400 ape=0.5622
[17:56:28] warmStart (decay=exponential) 95% (1060/1111) regret=0.103400 ape=0.5622
[17:56:28] warmStart (decay=exponential) 95% (1061/1111) regret=0.103400 ape=0.5622
[17:56:28] warmStart (decay=exponential) 95% (1062/1111) regret=0.103400 ape=0.5622
[17:56:29] warmStart (decay=exponential) 95% (1063/1111) regret=0.103400 ape=0.5622
[17:56:29] warmStart (decay=exponential) 95% (1064/1111) regret=0.103400 ape=0.5622
[17:56:29] warmStart (decay=exponential) 95% (1065/1111) regret=0.103400 ape=0.5622
[17:56:29] warmStart (decay=exponential) 95% (1066/1111) regret=0.103400 ape=0.5622
[17:56:30] warmStart (decay=exponential) 96% (1067/1111) regret=0.103400 ape=0.5622
[17:56:30] warmStart (decay=exponential) 96% (1068/1111) regret=0.103400 ape=0.5622
[17:56:30] warmStart (decay=exponential) 96% (1069/1111) regret=0.103400 ape=0.5622
[17:56:30] warmStart (decay=exponential) 96% (1070/1111) regret=0.103400 ape=0.5622
[17:56:31] warmStart (decay=exponential) 96% (1071/1111) regret=0.103400 ape=0.5622
[17:56:31] warmStart (decay=exponential) 96% (1072/1111) regret=0.103400 ape=0.5622
[17:56:31] warmStart (decay=exponential) 96% (1073/1111) regret=0.103400 ape=0.5622
[17:56:31] warmStart (decay=exponential) 96% (1074/1111) regret=0.103400 ape=0.5622
[17:56:32] warmStart (decay=exponential) 96% (1075/1111) regret=0.103400 ape=0.5622
[17:56:32] warmStart (decay=exponential) 96% (1076/1111) regret=0.103400 ape=0.5622
[17:56:32] warmStart (decay=exponential) 96% (1077/1111) regret=0.103400 ape=0.5622
[17:56:32] warmStart (decay=exponential) 97% (1078/1111) regret=0.103400 ape=0.5622
[17:56:33] warmStart (decay=exponential) 97% (1079/1111) regret=0.103400 ape=0.5622
[17:56:33] warmStart (decay=exponential) 97% (1080/1111) regret=0.103400 ape=0.5622
[17:56:33] warmStart (decay=exponential) 97% (1081/1111) regret=0.103400 ape=0.5622
[17:56:34] warmStart (decay=exponential) 97% (1082/1111) regret=0.103400 ape=0.5622
[17:56:34] warmStart (decay=exponential) 97% (1083/1111) regret=0.103400 ape=0.5622
[17:56:34] warmStart (decay=exponential) 97% (1084/1111) regret=0.103400 ape=0.5622
[17:56:34] warmStart (decay=exponential) 97% (1085/1111) regret=0.103400 ape=0.5622
[17:56:35] warmStart (decay=exponential) 97% (1086/1111) regret=0.103400 ape=0.5622
[17:56:35] warmStart (decay=exponential) 97% (1087/1111) regret=0.103400 ape=0.5622
[17:56:35] warmStart (decay=exponential) 97% (1088/1111) regret=0.103400 ape=0.5622
[17:56:35] warmStart (decay=exponential) 98% (1089/1111) regret=0.103400 ape=0.5622
[17:56:36] warmStart (decay=exponential) 98% (1090/1111) regret=0.103400 ape=0.5622
[17:56:36] warmStart (decay=exponential) 98% (1091/1111) regret=0.103400 ape=0.5622
[17:56:36] warmStart (decay=exponential) 98% (1092/1111) regret=0.103400 ape=0.5622
[17:56:36] warmStart (decay=exponential) 98% (1093/1111) regret=0.103400 ape=0.5622
[17:56:37] warmStart (decay=exponential) 98% (1094/1111) regret=0.103400 ape=0.5622
[17:56:37] warmStart (decay=exponential) 98% (1095/1111) regret=0.103400 ape=0.5622
[17:56:37] warmStart (decay=exponential) 98% (1096/1111) regret=0.103400 ape=0.5622
[17:56:38] warmStart (decay=exponential) 98% (1097/1111) regret=0.103400 ape=0.5622
[17:56:38] warmStart (decay=exponential) 98% (1098/1111) regret=0.103400 ape=0.5622
[17:56:38] warmStart (decay=exponential) 98% (1099/1111) regret=0.103400 ape=0.5622
[17:56:38] warmStart (decay=exponential) 99% (1100/1111) regret=0.103400 ape=0.5622
[17:56:38] warmStart (decay=exponential) 99% (1101/1111) regret=0.103400 ape=0.5622
[17:56:39] warmStart (decay=exponential) 99% (1102/1111) regret=0.103400 ape=0.5622
[17:56:39] warmStart (decay=exponential) 99% (1103/1111) regret=0.103400 ape=0.5622
[17:56:39] warmStart (decay=exponential) 99% (1104/1111) regret=0.103400 ape=0.5622
[17:56:40] warmStart (decay=exponential) 99% (1105/1111) regret=0.103400 ape=0.5622
[17:56:40] warmStart (decay=exponential) 99% (1106/1111) regret=0.103400 ape=0.5622
[17:56:40] warmStart (decay=exponential) 99% (1107/1111) regret=0.103400 ape=0.5622
[17:56:40] warmStart (decay=exponential) 99% (1108/1111) regret=0.103400 ape=0.5622
[17:56:41] warmStart (decay=exponential) 99% (1109/1111) regret=0.103400 ape=0.5622
[17:56:41] warmStart (decay=exponential) 99% (1110/1111) regret=0.103400 ape=0.5622
Warm w=200 finished: 1110 points, 258.57s wall time
  Final: regret=0.103400, ape=0.5622

Saved: /home/users/g/s/gsavary/LudiiMCTSVariations/slurm_sweep_full_dataset/output_decay/warm_200_decay_exponential_0_15/seed_1/sweep_decay_warm_200_exponential_0.15_1_20260426_175641.json

Generating plots...
Saved: /home/users/g/s/gsavary/LudiiMCTSVariations/slurm_sweep_full_dataset/output_decay/warm_200_decay_exponential_0_15/seed_1/sweep_decay_warm_200_exponential_0.15_1_20260426_175641_regret.png
Saved: /home/users/g/s/gsavary/LudiiMCTSVariations/slurm_sweep_full_dataset/output_decay/warm_200_decay_exponential_0_15/seed_1/sweep_decay_warm_200_exponential_0.15_1_20260426_175641_ape.png

================================================================================
Experiment complete!
================================================================================
Done. Results in: /home/users/g/s/gsavary/LudiiMCTSVariations/slurm_sweep_full_dataset/output_decay/warm_200_decay_exponential_0_15/seed_1
