============================================================
Decay sweep experiment
Method:      warm:50
Decay mode:  exponential
Decay param: 0.025
Seed:        3
Output:      /home/users/g/s/gsavary/LudiiMCTSVariations/slurm_sweep_full_dataset/output_decay/warm_50_decay_exponential_0_025/seed_3
============================================================

================================================================================
SLURM Sweep Experiment with Synthetic Data Decay
================================================================================
Method: warm:50
Decay: exponential (param=0.025)
Time limit: 3600.0s, Seed: 3, Batch size: 20
Output directory: /home/users/g/s/gsavary/LudiiMCTSVariations/slurm_sweep_full_dataset/output_decay/warm_50_decay_exponential_0_025/seed_3

Loading Ludii dataset...
Loaded 1085 games
Using 1085 games (full dataset)

Running timing probe (100 pulls)...
  Estimated secs/pull: 0.021904

Time budget: 3600.0s → ~164354 total pulls
Per-method budget: 23479 pulls (~514.3s)

Computing predictor-only performance...
  Predictions loaded: 23675 agent predictions
  Predictor-only: regret=0.104318, ape=0.4894

Running WARM-START (w=50, decay=exponential param=0.025)...
[17:42:21] warmStart (decay=exponential) 0% (1/1174) regret=0.107168 ape=0.5972
[17:42:21] warmStart (decay=exponential) 0% (2/1174) regret=0.107283 ape=0.5972
[17:42:21] warmStart (decay=exponential) 0% (3/1174) regret=0.107283 ape=0.5972
[17:42:21] warmStart (decay=exponential) 0% (4/1174) regret=0.107283 ape=0.5972
[17:42:21] warmStart (decay=exponential) 0% (5/1174) regret=0.107334 ape=0.5972
[17:42:21] warmStart (decay=exponential) 0% (6/1174) regret=0.107329 ape=0.5972
[17:42:22] warmStart (decay=exponential) 0% (7/1174) regret=0.107283 ape=0.5972
[17:42:22] warmStart (decay=exponential) 0% (8/1174) regret=0.107265 ape=0.5972
[17:42:22] warmStart (decay=exponential) 0% (9/1174) regret=0.107265 ape=0.5972
[17:42:22] warmStart (decay=exponential) 0% (10/1174) regret=0.107265 ape=0.5972
[17:42:22] warmStart (decay=exponential) 0% (11/1174) regret=0.107229 ape=0.5972
[17:42:23] warmStart (decay=exponential) 1% (12/1174) regret=0.107229 ape=0.5972
[17:42:23] warmStart (decay=exponential) 1% (13/1174) regret=0.107229 ape=0.5972
[17:42:23] warmStart (decay=exponential) 1% (14/1174) regret=0.107229 ape=0.5972
[17:42:23] warmStart (decay=exponential) 1% (15/1174) regret=0.107229 ape=0.5972
[17:42:23] warmStart (decay=exponential) 1% (16/1174) regret=0.107229 ape=0.5972
[17:42:23] warmStart (decay=exponential) 1% (17/1174) regret=0.107238 ape=0.5972
[17:42:24] warmStart (decay=exponential) 1% (18/1174) regret=0.107100 ape=0.5963
[17:42:24] warmStart (decay=exponential) 1% (19/1174) regret=0.107192 ape=0.5963
[17:42:24] warmStart (decay=exponential) 1% (20/1174) regret=0.107045 ape=0.5963
[17:42:24] warmStart (decay=exponential) 1% (21/1174) regret=0.107137 ape=0.5963
[17:42:24] warmStart (decay=exponential) 1% (22/1174) regret=0.107045 ape=0.5963
[17:42:24] warmStart (decay=exponential) 1% (23/1174) regret=0.107017 ape=0.5954
[17:42:24] warmStart (decay=exponential) 2% (24/1174) regret=0.107017 ape=0.5954
[17:42:25] warmStart (decay=exponential) 2% (25/1174) regret=0.107017 ape=0.5954
[17:42:25] warmStart (decay=exponential) 2% (26/1174) regret=0.106999 ape=0.5954
[17:42:25] warmStart (decay=exponential) 2% (27/1174) regret=0.106999 ape=0.5954
[17:42:25] warmStart (decay=exponential) 2% (28/1174) regret=0.106999 ape=0.5954
[17:42:25] warmStart (decay=exponential) 2% (29/1174) regret=0.106999 ape=0.5954
[17:42:25] warmStart (decay=exponential) 2% (30/1174) regret=0.106999 ape=0.5954
[17:42:26] warmStart (decay=exponential) 2% (31/1174) regret=0.106999 ape=0.5954
[17:42:26] warmStart (decay=exponential) 2% (32/1174) regret=0.106999 ape=0.5954
[17:42:26] warmStart (decay=exponential) 2% (33/1174) regret=0.106999 ape=0.5954
[17:42:26] warmStart (decay=exponential) 2% (34/1174) regret=0.106999 ape=0.5954
[17:42:26] warmStart (decay=exponential) 2% (35/1174) regret=0.106999 ape=0.5954
[17:42:26] warmStart (decay=exponential) 3% (36/1174) regret=0.106999 ape=0.5954
[17:42:27] warmStart (decay=exponential) 3% (37/1174) regret=0.106990 ape=0.5954
[17:42:27] warmStart (decay=exponential) 3% (38/1174) regret=0.106990 ape=0.5954
[17:42:27] warmStart (decay=exponential) 3% (39/1174) regret=0.106990 ape=0.5954
[17:42:27] warmStart (decay=exponential) 3% (40/1174) regret=0.106898 ape=0.5954
[17:42:27] warmStart (decay=exponential) 3% (41/1174) regret=0.106898 ape=0.5954
[17:42:27] warmStart (decay=exponential) 3% (42/1174) regret=0.106898 ape=0.5954
[17:42:28] warmStart (decay=exponential) 3% (43/1174) regret=0.106898 ape=0.5954
[17:42:28] warmStart (decay=exponential) 3% (44/1174) regret=0.106898 ape=0.5954
[17:42:28] warmStart (decay=exponential) 3% (45/1174) regret=0.106898 ape=0.5954
[17:42:28] warmStart (decay=exponential) 3% (46/1174) regret=0.106898 ape=0.5954
[17:42:28] warmStart (decay=exponential) 4% (47/1174) regret=0.106898 ape=0.5954
[17:42:28] warmStart (decay=exponential) 4% (48/1174) regret=0.106898 ape=0.5954
[17:42:29] warmStart (decay=exponential) 4% (49/1174) regret=0.106898 ape=0.5954
[17:42:29] warmStart (decay=exponential) 4% (50/1174) regret=0.106884 ape=0.5954
[17:42:29] warmStart (decay=exponential) 4% (51/1174) regret=0.106884 ape=0.5954
[17:42:29] warmStart (decay=exponential) 4% (52/1174) regret=0.106884 ape=0.5954
[17:42:29] warmStart (decay=exponential) 4% (53/1174) regret=0.106884 ape=0.5954
[17:42:29] warmStart (decay=exponential) 4% (54/1174) regret=0.106884 ape=0.5954
[17:42:30] warmStart (decay=exponential) 4% (55/1174) regret=0.106884 ape=0.5954
[17:42:30] warmStart (decay=exponential) 4% (56/1174) regret=0.106884 ape=0.5954
[17:42:30] warmStart (decay=exponential) 4% (57/1174) regret=0.106884 ape=0.5954
[17:42:30] warmStart (decay=exponential) 4% (58/1174) regret=0.107317 ape=0.5963
[17:42:30] warmStart (decay=exponential) 5% (59/1174) regret=0.106884 ape=0.5954
[17:42:30] warmStart (decay=exponential) 5% (60/1174) regret=0.106896 ape=0.5954
[17:42:31] warmStart (decay=exponential) 5% (61/1174) regret=0.106878 ape=0.5945
[17:42:31] warmStart (decay=exponential) 5% (62/1174) regret=0.106878 ape=0.5945
[17:42:31] warmStart (decay=exponential) 5% (63/1174) regret=0.106878 ape=0.5945
[17:42:31] warmStart (decay=exponential) 5% (64/1174) regret=0.106884 ape=0.5954
[17:42:31] warmStart (decay=exponential) 5% (65/1174) regret=0.106884 ape=0.5954
[17:42:31] warmStart (decay=exponential) 5% (66/1174) regret=0.106884 ape=0.5954
[17:42:32] warmStart (decay=exponential) 5% (67/1174) regret=0.106884 ape=0.5954
[17:42:32] warmStart (decay=exponential) 5% (68/1174) regret=0.106884 ape=0.5954
[17:42:32] warmStart (decay=exponential) 5% (69/1174) regret=0.107036 ape=0.5963
[17:42:32] warmStart (decay=exponential) 5% (70/1174) regret=0.107036 ape=0.5963
[17:42:32] warmStart (decay=exponential) 6% (71/1174) regret=0.107036 ape=0.5963
[17:42:33] warmStart (decay=exponential) 6% (72/1174) regret=0.107036 ape=0.5963
[17:42:33] warmStart (decay=exponential) 6% (73/1174) regret=0.107036 ape=0.5963
[17:42:33] warmStart (decay=exponential) 6% (74/1174) regret=0.107036 ape=0.5963
[17:42:33] warmStart (decay=exponential) 6% (75/1174) regret=0.106884 ape=0.5954
[17:42:33] warmStart (decay=exponential) 6% (76/1174) regret=0.107036 ape=0.5963
[17:42:33] warmStart (decay=exponential) 6% (77/1174) regret=0.107008 ape=0.5963
[17:42:34] warmStart (decay=exponential) 6% (78/1174) regret=0.106884 ape=0.5954
[17:42:34] warmStart (decay=exponential) 6% (79/1174) regret=0.106884 ape=0.5954
[17:42:34] warmStart (decay=exponential) 6% (80/1174) regret=0.106884 ape=0.5954
[17:42:34] warmStart (decay=exponential) 6% (81/1174) regret=0.106884 ape=0.5954
[17:42:34] warmStart (decay=exponential) 6% (82/1174) regret=0.106884 ape=0.5954
[17:42:34] warmStart (decay=exponential) 7% (83/1174) regret=0.106884 ape=0.5954
[17:42:35] warmStart (decay=exponential) 7% (84/1174) regret=0.106884 ape=0.5954
[17:42:35] warmStart (decay=exponential) 7% (85/1174) regret=0.106884 ape=0.5954
[17:42:35] warmStart (decay=exponential) 7% (86/1174) regret=0.106884 ape=0.5954
[17:42:35] warmStart (decay=exponential) 7% (87/1174) regret=0.106884 ape=0.5954
[17:42:35] warmStart (decay=exponential) 7% (88/1174) regret=0.106884 ape=0.5954
[17:42:35] warmStart (decay=exponential) 7% (89/1174) regret=0.106884 ape=0.5954
[17:42:35] warmStart (decay=exponential) 7% (90/1174) regret=0.106884 ape=0.5954
[17:42:36] warmStart (decay=exponential) 7% (91/1174) regret=0.106884 ape=0.5954
[17:42:36] warmStart (decay=exponential) 7% (92/1174) regret=0.106884 ape=0.5954
[17:42:36] warmStart (decay=exponential) 7% (93/1174) regret=0.106824 ape=0.5954
[17:42:36] warmStart (decay=exponential) 8% (94/1174) regret=0.106741 ape=0.5945
[17:42:36] warmStart (decay=exponential) 8% (95/1174) regret=0.106741 ape=0.5945
[17:42:36] warmStart (decay=exponential) 8% (96/1174) regret=0.106630 ape=0.5935
[17:42:36] warmStart (decay=exponential) 8% (97/1174) regret=0.106630 ape=0.5935
[17:42:37] warmStart (decay=exponential) 8% (98/1174) regret=0.106630 ape=0.5935
[17:42:37] warmStart (decay=exponential) 8% (99/1174) regret=0.106630 ape=0.5935
[17:42:37] warmStart (decay=exponential) 8% (100/1174) regret=0.106656 ape=0.5945
[17:42:37] warmStart (decay=exponential) 8% (101/1174) regret=0.106656 ape=0.5945
[17:42:37] warmStart (decay=exponential) 8% (102/1174) regret=0.106630 ape=0.5935
[17:42:37] warmStart (decay=exponential) 8% (103/1174) regret=0.106656 ape=0.5945
[17:42:38] warmStart (decay=exponential) 8% (104/1174) regret=0.106656 ape=0.5945
[17:42:38] warmStart (decay=exponential) 8% (105/1174) regret=0.106656 ape=0.5945
[17:42:38] warmStart (decay=exponential) 9% (106/1174) regret=0.106656 ape=0.5945
[17:42:38] warmStart (decay=exponential) 9% (107/1174) regret=0.106656 ape=0.5945
[17:42:38] warmStart (decay=exponential) 9% (108/1174) regret=0.106656 ape=0.5945
[17:42:38] warmStart (decay=exponential) 9% (109/1174) regret=0.106656 ape=0.5945
[17:42:39] warmStart (decay=exponential) 9% (110/1174) regret=0.106656 ape=0.5945
[17:42:39] warmStart (decay=exponential) 9% (111/1174) regret=0.106656 ape=0.5945
[17:42:39] warmStart (decay=exponential) 9% (112/1174) regret=0.106656 ape=0.5945
[17:42:39] warmStart (decay=exponential) 9% (113/1174) regret=0.106656 ape=0.5945
[17:42:39] warmStart (decay=exponential) 9% (114/1174) regret=0.106656 ape=0.5945
[17:42:39] warmStart (decay=exponential) 9% (115/1174) regret=0.106656 ape=0.5945
[17:42:39] warmStart (decay=exponential) 9% (116/1174) regret=0.106656 ape=0.5945
[17:42:40] warmStart (decay=exponential) 9% (117/1174) regret=0.106656 ape=0.5945
[17:42:40] warmStart (decay=exponential) 10% (118/1174) regret=0.106656 ape=0.5945
[17:42:40] warmStart (decay=exponential) 10% (119/1174) regret=0.106656 ape=0.5945
[17:42:40] warmStart (decay=exponential) 10% (120/1174) regret=0.106656 ape=0.5945
[17:42:40] warmStart (decay=exponential) 10% (121/1174) regret=0.106656 ape=0.5945
[17:42:40] warmStart (decay=exponential) 10% (122/1174) regret=0.106656 ape=0.5945
[17:42:41] warmStart (decay=exponential) 10% (123/1174) regret=0.106656 ape=0.5945
[17:42:41] warmStart (decay=exponential) 10% (124/1174) regret=0.106656 ape=0.5945
[17:42:41] warmStart (decay=exponential) 10% (125/1174) regret=0.106656 ape=0.5945
[17:42:41] warmStart (decay=exponential) 10% (126/1174) regret=0.106960 ape=0.5945
[17:42:41] warmStart (decay=exponential) 10% (127/1174) regret=0.106628 ape=0.5935
[17:42:41] warmStart (decay=exponential) 10% (128/1174) regret=0.106628 ape=0.5935
[17:42:41] warmStart (decay=exponential) 10% (129/1174) regret=0.106628 ape=0.5935
[17:42:42] warmStart (decay=exponential) 11% (130/1174) regret=0.106628 ape=0.5935
[17:42:42] warmStart (decay=exponential) 11% (131/1174) regret=0.106628 ape=0.5935
[17:42:42] warmStart (decay=exponential) 11% (132/1174) regret=0.106628 ape=0.5935
[17:42:42] warmStart (decay=exponential) 11% (133/1174) regret=0.106628 ape=0.5935
[17:42:42] warmStart (decay=exponential) 11% (134/1174) regret=0.106628 ape=0.5935
[17:42:42] warmStart (decay=exponential) 11% (135/1174) regret=0.106628 ape=0.5935
[17:42:43] warmStart (decay=exponential) 11% (136/1174) regret=0.106628 ape=0.5935
[17:42:43] warmStart (decay=exponential) 11% (137/1174) regret=0.106628 ape=0.5935
[17:42:43] warmStart (decay=exponential) 11% (138/1174) regret=0.106628 ape=0.5935
[17:42:43] warmStart (decay=exponential) 11% (139/1174) regret=0.106628 ape=0.5935
[17:42:43] warmStart (decay=exponential) 11% (140/1174) regret=0.106628 ape=0.5935
[17:42:43] warmStart (decay=exponential) 12% (141/1174) regret=0.106628 ape=0.5935
[17:42:44] warmStart (decay=exponential) 12% (142/1174) regret=0.106628 ape=0.5935
[17:42:44] warmStart (decay=exponential) 12% (143/1174) regret=0.106628 ape=0.5935
[17:42:44] warmStart (decay=exponential) 12% (144/1174) regret=0.106628 ape=0.5935
[17:42:44] warmStart (decay=exponential) 12% (145/1174) regret=0.106628 ape=0.5935
[17:42:44] warmStart (decay=exponential) 12% (146/1174) regret=0.106628 ape=0.5935
[17:42:44] warmStart (decay=exponential) 12% (147/1174) regret=0.106628 ape=0.5935
[17:42:44] warmStart (decay=exponential) 12% (148/1174) regret=0.106628 ape=0.5935
[17:42:45] warmStart (decay=exponential) 12% (149/1174) regret=0.106628 ape=0.5935
[17:42:45] warmStart (decay=exponential) 12% (150/1174) regret=0.106628 ape=0.5935
[17:42:45] warmStart (decay=exponential) 12% (151/1174) regret=0.106628 ape=0.5935
[17:42:45] warmStart (decay=exponential) 12% (152/1174) regret=0.106628 ape=0.5935
[17:42:45] warmStart (decay=exponential) 13% (153/1174) regret=0.106628 ape=0.5935
[17:42:45] warmStart (decay=exponential) 13% (154/1174) regret=0.106628 ape=0.5935
[17:42:46] warmStart (decay=exponential) 13% (155/1174) regret=0.106628 ape=0.5935
[17:42:46] warmStart (decay=exponential) 13% (156/1174) regret=0.106628 ape=0.5935
[17:42:46] warmStart (decay=exponential) 13% (157/1174) regret=0.106628 ape=0.5935
[17:42:46] warmStart (decay=exponential) 13% (158/1174) regret=0.106628 ape=0.5935
[17:42:46] warmStart (decay=exponential) 13% (159/1174) regret=0.106628 ape=0.5935
[17:42:46] warmStart (decay=exponential) 13% (160/1174) regret=0.106628 ape=0.5935
[17:42:47] warmStart (decay=exponential) 13% (161/1174) regret=0.106628 ape=0.5935
[17:42:47] warmStart (decay=exponential) 13% (162/1174) regret=0.106628 ape=0.5935
[17:42:47] warmStart (decay=exponential) 13% (163/1174) regret=0.106628 ape=0.5935
[17:42:47] warmStart (decay=exponential) 13% (164/1174) regret=0.106628 ape=0.5935
[17:42:47] warmStart (decay=exponential) 14% (165/1174) regret=0.106628 ape=0.5935
[17:42:47] warmStart (decay=exponential) 14% (166/1174) regret=0.106628 ape=0.5935
[17:42:47] warmStart (decay=exponential) 14% (167/1174) regret=0.106628 ape=0.5935
[17:42:48] warmStart (decay=exponential) 14% (168/1174) regret=0.106628 ape=0.5935
[17:42:48] warmStart (decay=exponential) 14% (169/1174) regret=0.106628 ape=0.5935
[17:42:48] warmStart (decay=exponential) 14% (170/1174) regret=0.106628 ape=0.5935
[17:42:48] warmStart (decay=exponential) 14% (171/1174) regret=0.106628 ape=0.5935
[17:42:48] warmStart (decay=exponential) 14% (172/1174) regret=0.106628 ape=0.5935
[17:42:48] warmStart (decay=exponential) 14% (173/1174) regret=0.106628 ape=0.5935
[17:42:48] warmStart (decay=exponential) 14% (174/1174) regret=0.106628 ape=0.5935
[17:42:49] warmStart (decay=exponential) 14% (175/1174) regret=0.106628 ape=0.5935
[17:42:49] warmStart (decay=exponential) 14% (176/1174) regret=0.106628 ape=0.5935
[17:42:49] warmStart (decay=exponential) 15% (177/1174) regret=0.106628 ape=0.5935
[17:42:49] warmStart (decay=exponential) 15% (178/1174) regret=0.106628 ape=0.5935
[17:42:49] warmStart (decay=exponential) 15% (179/1174) regret=0.106628 ape=0.5935
[17:42:49] warmStart (decay=exponential) 15% (180/1174) regret=0.106628 ape=0.5935
[17:42:50] warmStart (decay=exponential) 15% (181/1174) regret=0.106628 ape=0.5935
[17:42:50] warmStart (decay=exponential) 15% (182/1174) regret=0.106628 ape=0.5935
[17:42:50] warmStart (decay=exponential) 15% (183/1174) regret=0.106628 ape=0.5935
[17:42:50] warmStart (decay=exponential) 15% (184/1174) regret=0.106628 ape=0.5935
[17:42:50] warmStart (decay=exponential) 15% (185/1174) regret=0.106628 ape=0.5935
[17:42:50] warmStart (decay=exponential) 15% (186/1174) regret=0.106628 ape=0.5935
[17:42:50] warmStart (decay=exponential) 15% (187/1174) regret=0.106628 ape=0.5935
[17:42:51] warmStart (decay=exponential) 16% (188/1174) regret=0.106628 ape=0.5935
[17:42:51] warmStart (decay=exponential) 16% (189/1174) regret=0.106628 ape=0.5935
[17:42:51] warmStart (decay=exponential) 16% (190/1174) regret=0.106628 ape=0.5935
[17:42:51] warmStart (decay=exponential) 16% (191/1174) regret=0.106628 ape=0.5935
[17:42:51] warmStart (decay=exponential) 16% (192/1174) regret=0.106628 ape=0.5935
[17:42:51] warmStart (decay=exponential) 16% (193/1174) regret=0.106628 ape=0.5935
[17:42:51] warmStart (decay=exponential) 16% (194/1174) regret=0.106628 ape=0.5935
[17:42:52] warmStart (decay=exponential) 16% (195/1174) regret=0.106628 ape=0.5935
[17:42:52] warmStart (decay=exponential) 16% (196/1174) regret=0.106628 ape=0.5935
[17:42:52] warmStart (decay=exponential) 16% (197/1174) regret=0.106628 ape=0.5935
[17:42:52] warmStart (decay=exponential) 16% (198/1174) regret=0.106628 ape=0.5935
[17:42:52] warmStart (decay=exponential) 16% (199/1174) regret=0.106628 ape=0.5935
[17:42:52] warmStart (decay=exponential) 17% (200/1174) regret=0.106628 ape=0.5935
[17:42:53] warmStart (decay=exponential) 17% (201/1174) regret=0.106628 ape=0.5935
[17:42:53] warmStart (decay=exponential) 17% (202/1174) regret=0.106628 ape=0.5935
[17:42:53] warmStart (decay=exponential) 17% (203/1174) regret=0.106628 ape=0.5935
[17:42:53] warmStart (decay=exponential) 17% (204/1174) regret=0.106628 ape=0.5935
[17:42:53] warmStart (decay=exponential) 17% (205/1174) regret=0.106628 ape=0.5935
[17:42:53] warmStart (decay=exponential) 17% (206/1174) regret=0.106628 ape=0.5935
[17:42:54] warmStart (decay=exponential) 17% (207/1174) regret=0.106628 ape=0.5935
[17:42:54] warmStart (decay=exponential) 17% (208/1174) regret=0.106628 ape=0.5935
[17:42:54] warmStart (decay=exponential) 17% (209/1174) regret=0.106628 ape=0.5935
[17:42:54] warmStart (decay=exponential) 17% (210/1174) regret=0.106628 ape=0.5935
[17:42:54] warmStart (decay=exponential) 17% (211/1174) regret=0.106628 ape=0.5935
[17:42:54] warmStart (decay=exponential) 18% (212/1174) regret=0.106628 ape=0.5935
[17:42:54] warmStart (decay=exponential) 18% (213/1174) regret=0.106628 ape=0.5935
[17:42:55] warmStart (decay=exponential) 18% (214/1174) regret=0.106628 ape=0.5935
[17:42:55] warmStart (decay=exponential) 18% (215/1174) regret=0.106628 ape=0.5935
[17:42:55] warmStart (decay=exponential) 18% (216/1174) regret=0.106628 ape=0.5935
[17:42:55] warmStart (decay=exponential) 18% (217/1174) regret=0.106628 ape=0.5935
[17:42:55] warmStart (decay=exponential) 18% (218/1174) regret=0.106628 ape=0.5935
[17:42:55] warmStart (decay=exponential) 18% (219/1174) regret=0.106628 ape=0.5935
[17:42:56] warmStart (decay=exponential) 18% (220/1174) regret=0.106628 ape=0.5935
[17:42:56] warmStart (decay=exponential) 18% (221/1174) regret=0.106628 ape=0.5935
[17:42:56] warmStart (decay=exponential) 18% (222/1174) regret=0.106628 ape=0.5935
[17:42:56] warmStart (decay=exponential) 18% (223/1174) regret=0.106628 ape=0.5935
[17:42:56] warmStart (decay=exponential) 19% (224/1174) regret=0.106628 ape=0.5935
[17:42:56] warmStart (decay=exponential) 19% (225/1174) regret=0.106628 ape=0.5935
[17:42:57] warmStart (decay=exponential) 19% (226/1174) regret=0.106628 ape=0.5935
[17:42:57] warmStart (decay=exponential) 19% (227/1174) regret=0.107080 ape=0.5945
[17:42:57] warmStart (decay=exponential) 19% (228/1174) regret=0.106628 ape=0.5935
[17:42:57] warmStart (decay=exponential) 19% (229/1174) regret=0.106628 ape=0.5935
[17:42:57] warmStart (decay=exponential) 19% (230/1174) regret=0.106628 ape=0.5935
[17:42:57] warmStart (decay=exponential) 19% (231/1174) regret=0.106628 ape=0.5935
[17:42:57] warmStart (decay=exponential) 19% (232/1174) regret=0.106628 ape=0.5935
[17:42:58] warmStart (decay=exponential) 19% (233/1174) regret=0.106628 ape=0.5935
[17:42:58] warmStart (decay=exponential) 19% (234/1174) regret=0.106628 ape=0.5935
[17:42:58] warmStart (decay=exponential) 20% (235/1174) regret=0.106628 ape=0.5935
[17:42:58] warmStart (decay=exponential) 20% (236/1174) regret=0.106628 ape=0.5935
[17:42:58] warmStart (decay=exponential) 20% (237/1174) regret=0.106628 ape=0.5935
[17:42:58] warmStart (decay=exponential) 20% (238/1174) regret=0.106628 ape=0.5935
[17:42:58] warmStart (decay=exponential) 20% (239/1174) regret=0.106628 ape=0.5935
[17:42:59] warmStart (decay=exponential) 20% (240/1174) regret=0.106628 ape=0.5935
[17:42:59] warmStart (decay=exponential) 20% (241/1174) regret=0.106628 ape=0.5935
[17:42:59] warmStart (decay=exponential) 20% (242/1174) regret=0.106628 ape=0.5935
[17:42:59] warmStart (decay=exponential) 20% (243/1174) regret=0.106628 ape=0.5935
[17:42:59] warmStart (decay=exponential) 20% (244/1174) regret=0.106628 ape=0.5935
[17:42:59] warmStart (decay=exponential) 20% (245/1174) regret=0.106628 ape=0.5935
[17:42:59] warmStart (decay=exponential) 20% (246/1174) regret=0.106628 ape=0.5935
[17:43:00] warmStart (decay=exponential) 21% (247/1174) regret=0.106628 ape=0.5935
[17:43:00] warmStart (decay=exponential) 21% (248/1174) regret=0.106628 ape=0.5935
[17:43:00] warmStart (decay=exponential) 21% (249/1174) regret=0.106739 ape=0.5945
[17:43:00] warmStart (decay=exponential) 21% (250/1174) regret=0.106739 ape=0.5945
[17:43:00] warmStart (decay=exponential) 21% (251/1174) regret=0.106730 ape=0.5945
[17:43:00] warmStart (decay=exponential) 21% (252/1174) regret=0.106730 ape=0.5945
[17:43:01] warmStart (decay=exponential) 21% (253/1174) regret=0.106647 ape=0.5945
[17:43:01] warmStart (decay=exponential) 21% (254/1174) regret=0.106647 ape=0.5945
[17:43:01] warmStart (decay=exponential) 21% (255/1174) regret=0.106647 ape=0.5945
[17:43:01] warmStart (decay=exponential) 21% (256/1174) regret=0.106730 ape=0.5945
[17:43:01] warmStart (decay=exponential) 21% (257/1174) regret=0.106730 ape=0.5945
[17:43:01] warmStart (decay=exponential) 21% (258/1174) regret=0.106730 ape=0.5945
[17:43:01] warmStart (decay=exponential) 22% (259/1174) regret=0.106730 ape=0.5945
[17:43:02] warmStart (decay=exponential) 22% (260/1174) regret=0.106730 ape=0.5945
[17:43:02] warmStart (decay=exponential) 22% (261/1174) regret=0.106647 ape=0.5945
[17:43:02] warmStart (decay=exponential) 22% (262/1174) regret=0.106651 ape=0.5954
[17:43:02] warmStart (decay=exponential) 22% (263/1174) regret=0.106647 ape=0.5945
[17:43:02] warmStart (decay=exponential) 22% (264/1174) regret=0.106647 ape=0.5945
[17:43:02] warmStart (decay=exponential) 22% (265/1174) regret=0.106647 ape=0.5945
[17:43:03] warmStart (decay=exponential) 22% (266/1174) regret=0.106647 ape=0.5945
[17:43:03] warmStart (decay=exponential) 22% (267/1174) regret=0.106647 ape=0.5945
[17:43:03] warmStart (decay=exponential) 22% (268/1174) regret=0.106647 ape=0.5945
[17:43:03] warmStart (decay=exponential) 22% (269/1174) regret=0.106647 ape=0.5945
[17:43:03] warmStart (decay=exponential) 22% (270/1174) regret=0.106647 ape=0.5945
[17:43:04] warmStart (decay=exponential) 23% (271/1174) regret=0.106647 ape=0.5945
[17:43:04] warmStart (decay=exponential) 23% (272/1174) regret=0.106647 ape=0.5945
[17:43:04] warmStart (decay=exponential) 23% (273/1174) regret=0.106647 ape=0.5945
[17:43:04] warmStart (decay=exponential) 23% (274/1174) regret=0.106651 ape=0.5954
[17:43:04] warmStart (decay=exponential) 23% (275/1174) regret=0.106679 ape=0.5954
[17:43:04] warmStart (decay=exponential) 23% (276/1174) regret=0.106702 ape=0.5954
[17:43:05] warmStart (decay=exponential) 23% (277/1174) regret=0.106679 ape=0.5954
[17:43:05] warmStart (decay=exponential) 23% (278/1174) regret=0.106679 ape=0.5954
[17:43:05] warmStart (decay=exponential) 23% (279/1174) regret=0.106679 ape=0.5954
[17:43:05] warmStart (decay=exponential) 23% (280/1174) regret=0.106702 ape=0.5954
[17:43:05] warmStart (decay=exponential) 23% (281/1174) regret=0.106702 ape=0.5954
[17:43:06] warmStart (decay=exponential) 24% (282/1174) regret=0.106702 ape=0.5954
[17:43:06] warmStart (decay=exponential) 24% (283/1174) regret=0.106660 ape=0.5954
[17:43:06] warmStart (decay=exponential) 24% (284/1174) regret=0.106660 ape=0.5954
[17:43:06] warmStart (decay=exponential) 24% (285/1174) regret=0.106660 ape=0.5954
[17:43:06] warmStart (decay=exponential) 24% (286/1174) regret=0.106660 ape=0.5954
[17:43:06] warmStart (decay=exponential) 24% (287/1174) regret=0.106660 ape=0.5954
[17:43:07] warmStart (decay=exponential) 24% (288/1174) regret=0.106660 ape=0.5954
[17:43:07] warmStart (decay=exponential) 24% (289/1174) regret=0.106679 ape=0.5954
[17:43:07] warmStart (decay=exponential) 24% (290/1174) regret=0.106702 ape=0.5954
[17:43:07] warmStart (decay=exponential) 24% (291/1174) regret=0.106702 ape=0.5954
[17:43:07] warmStart (decay=exponential) 24% (292/1174) regret=0.106702 ape=0.5954
[17:43:07] warmStart (decay=exponential) 24% (293/1174) regret=0.106702 ape=0.5954
[17:43:08] warmStart (decay=exponential) 25% (294/1174) regret=0.106702 ape=0.5954
[17:43:08] warmStart (decay=exponential) 25% (295/1174) regret=0.106660 ape=0.5954
[17:43:08] warmStart (decay=exponential) 25% (296/1174) regret=0.106660 ape=0.5954
[17:43:08] warmStart (decay=exponential) 25% (297/1174) regret=0.106660 ape=0.5954
[17:43:08] warmStart (decay=exponential) 25% (298/1174) regret=0.106660 ape=0.5954
[17:43:09] warmStart (decay=exponential) 25% (299/1174) regret=0.106660 ape=0.5954
[17:43:09] warmStart (decay=exponential) 25% (300/1174) regret=0.106660 ape=0.5954
[17:43:09] warmStart (decay=exponential) 25% (301/1174) regret=0.106660 ape=0.5954
[17:43:09] warmStart (decay=exponential) 25% (302/1174) regret=0.106660 ape=0.5954
[17:43:09] warmStart (decay=exponential) 25% (303/1174) regret=0.106660 ape=0.5954
[17:43:09] warmStart (decay=exponential) 25% (304/1174) regret=0.106660 ape=0.5954
[17:43:10] warmStart (decay=exponential) 25% (305/1174) regret=0.106660 ape=0.5954
[17:43:10] warmStart (decay=exponential) 26% (306/1174) regret=0.106660 ape=0.5954
[17:43:10] warmStart (decay=exponential) 26% (307/1174) regret=0.106660 ape=0.5954
[17:43:10] warmStart (decay=exponential) 26% (308/1174) regret=0.106660 ape=0.5954
[17:43:10] warmStart (decay=exponential) 26% (309/1174) regret=0.106660 ape=0.5954
[17:43:10] warmStart (decay=exponential) 26% (310/1174) regret=0.106660 ape=0.5954
[17:43:11] warmStart (decay=exponential) 26% (311/1174) regret=0.106660 ape=0.5954
[17:43:11] warmStart (decay=exponential) 26% (312/1174) regret=0.106660 ape=0.5954
[17:43:11] warmStart (decay=exponential) 26% (313/1174) regret=0.106660 ape=0.5954
[17:43:11] warmStart (decay=exponential) 26% (314/1174) regret=0.106670 ape=0.5954
[17:43:11] warmStart (decay=exponential) 26% (315/1174) regret=0.106670 ape=0.5954
[17:43:11] warmStart (decay=exponential) 26% (316/1174) regret=0.106642 ape=0.5945
[17:43:12] warmStart (decay=exponential) 27% (317/1174) regret=0.106642 ape=0.5945
[17:43:12] warmStart (decay=exponential) 27% (318/1174) regret=0.106642 ape=0.5945
[17:43:12] warmStart (decay=exponential) 27% (319/1174) regret=0.106642 ape=0.5945
[17:43:12] warmStart (decay=exponential) 27% (320/1174) regret=0.106642 ape=0.5945
[17:43:12] warmStart (decay=exponential) 27% (321/1174) regret=0.106642 ape=0.5945
[17:43:12] warmStart (decay=exponential) 27% (322/1174) regret=0.106642 ape=0.5945
[17:43:12] warmStart (decay=exponential) 27% (323/1174) regret=0.106642 ape=0.5945
[17:43:13] warmStart (decay=exponential) 27% (324/1174) regret=0.106642 ape=0.5945
[17:43:13] warmStart (decay=exponential) 27% (325/1174) regret=0.106642 ape=0.5945
[17:43:13] warmStart (decay=exponential) 27% (326/1174) regret=0.106642 ape=0.5945
[17:43:13] warmStart (decay=exponential) 27% (327/1174) regret=0.106642 ape=0.5945
[17:43:13] warmStart (decay=exponential) 27% (328/1174) regret=0.106642 ape=0.5945
[17:43:13] warmStart (decay=exponential) 28% (329/1174) regret=0.106642 ape=0.5945
[17:43:14] warmStart (decay=exponential) 28% (330/1174) regret=0.106642 ape=0.5945
[17:43:14] warmStart (decay=exponential) 28% (331/1174) regret=0.106642 ape=0.5945
[17:43:14] warmStart (decay=exponential) 28% (332/1174) regret=0.106642 ape=0.5945
[17:43:14] warmStart (decay=exponential) 28% (333/1174) regret=0.106642 ape=0.5945
[17:43:14] warmStart (decay=exponential) 28% (334/1174) regret=0.106642 ape=0.5945
[17:43:14] warmStart (decay=exponential) 28% (335/1174) regret=0.106642 ape=0.5945
[17:43:15] warmStart (decay=exponential) 28% (336/1174) regret=0.106642 ape=0.5945
[17:43:15] warmStart (decay=exponential) 28% (337/1174) regret=0.106642 ape=0.5945
[17:43:15] warmStart (decay=exponential) 28% (338/1174) regret=0.106642 ape=0.5945
[17:43:15] warmStart (decay=exponential) 28% (339/1174) regret=0.106642 ape=0.5945
[17:43:15] warmStart (decay=exponential) 28% (340/1174) regret=0.106642 ape=0.5945
[17:43:15] warmStart (decay=exponential) 29% (341/1174) regret=0.106642 ape=0.5945
[17:43:15] warmStart (decay=exponential) 29% (342/1174) regret=0.106642 ape=0.5945
[17:43:16] warmStart (decay=exponential) 29% (343/1174) regret=0.106642 ape=0.5945
[17:43:16] warmStart (decay=exponential) 29% (344/1174) regret=0.106642 ape=0.5945
[17:43:16] warmStart (decay=exponential) 29% (345/1174) regret=0.106642 ape=0.5945
[17:43:16] warmStart (decay=exponential) 29% (346/1174) regret=0.106642 ape=0.5945
[17:43:16] warmStart (decay=exponential) 29% (347/1174) regret=0.106642 ape=0.5945
[17:43:16] warmStart (decay=exponential) 29% (348/1174) regret=0.106642 ape=0.5945
[17:43:17] warmStart (decay=exponential) 29% (349/1174) regret=0.106642 ape=0.5945
[17:43:17] warmStart (decay=exponential) 29% (350/1174) regret=0.106642 ape=0.5945
[17:43:17] warmStart (decay=exponential) 29% (351/1174) regret=0.106642 ape=0.5945
[17:43:17] warmStart (decay=exponential) 29% (352/1174) regret=0.106642 ape=0.5945
[17:43:17] warmStart (decay=exponential) 30% (353/1174) regret=0.106642 ape=0.5945
[17:43:17] warmStart (decay=exponential) 30% (354/1174) regret=0.106642 ape=0.5945
[17:43:18] warmStart (decay=exponential) 30% (355/1174) regret=0.106642 ape=0.5945
[17:43:18] warmStart (decay=exponential) 30% (356/1174) regret=0.106642 ape=0.5945
[17:43:18] warmStart (decay=exponential) 30% (357/1174) regret=0.106642 ape=0.5945
[17:43:18] warmStart (decay=exponential) 30% (358/1174) regret=0.106642 ape=0.5945
[17:43:18] warmStart (decay=exponential) 30% (359/1174) regret=0.106642 ape=0.5945
[17:43:18] warmStart (decay=exponential) 30% (360/1174) regret=0.106642 ape=0.5945
[17:43:19] warmStart (decay=exponential) 30% (361/1174) regret=0.106642 ape=0.5945
[17:43:19] warmStart (decay=exponential) 30% (362/1174) regret=0.106642 ape=0.5945
[17:43:19] warmStart (decay=exponential) 30% (363/1174) regret=0.106642 ape=0.5945
[17:43:19] warmStart (decay=exponential) 31% (364/1174) regret=0.106642 ape=0.5945
[17:43:19] warmStart (decay=exponential) 31% (365/1174) regret=0.106642 ape=0.5945
[17:43:19] warmStart (decay=exponential) 31% (366/1174) regret=0.106642 ape=0.5945
[17:43:19] warmStart (decay=exponential) 31% (367/1174) regret=0.106642 ape=0.5945
[17:43:20] warmStart (decay=exponential) 31% (368/1174) regret=0.106633 ape=0.5945
[17:43:20] warmStart (decay=exponential) 31% (369/1174) regret=0.106620 ape=0.5945
[17:43:20] warmStart (decay=exponential) 31% (370/1174) regret=0.106620 ape=0.5945
[17:43:20] warmStart (decay=exponential) 31% (371/1174) regret=0.106528 ape=0.5935
[17:43:20] warmStart (decay=exponential) 31% (372/1174) regret=0.106528 ape=0.5935
[17:43:20] warmStart (decay=exponential) 31% (373/1174) regret=0.106528 ape=0.5935
[17:43:21] warmStart (decay=exponential) 31% (374/1174) regret=0.106528 ape=0.5935
[17:43:21] warmStart (decay=exponential) 31% (375/1174) regret=0.106528 ape=0.5935
[17:43:21] warmStart (decay=exponential) 32% (376/1174) regret=0.106528 ape=0.5935
[17:43:21] warmStart (decay=exponential) 32% (377/1174) regret=0.106501 ape=0.5935
[17:43:21] warmStart (decay=exponential) 32% (378/1174) regret=0.106501 ape=0.5935
[17:43:21] warmStart (decay=exponential) 32% (379/1174) regret=0.106206 ape=0.5926
[17:43:22] warmStart (decay=exponential) 32% (380/1174) regret=0.106206 ape=0.5926
[17:43:22] warmStart (decay=exponential) 32% (381/1174) regret=0.106372 ape=0.5935
[17:43:22] warmStart (decay=exponential) 32% (382/1174) regret=0.106224 ape=0.5935
[17:43:22] warmStart (decay=exponential) 32% (383/1174) regret=0.106197 ape=0.5926
[17:43:22] warmStart (decay=exponential) 32% (384/1174) regret=0.106197 ape=0.5926
[17:43:22] warmStart (decay=exponential) 32% (385/1174) regret=0.106197 ape=0.5926
[17:43:22] warmStart (decay=exponential) 32% (386/1174) regret=0.106224 ape=0.5935
[17:43:23] warmStart (decay=exponential) 32% (387/1174) regret=0.106224 ape=0.5935
[17:43:23] warmStart (decay=exponential) 33% (388/1174) regret=0.106210 ape=0.5935
[17:43:23] warmStart (decay=exponential) 33% (389/1174) regret=0.105888 ape=0.5926
[17:43:23] warmStart (decay=exponential) 33% (390/1174) regret=0.105888 ape=0.5926
[17:43:23] warmStart (decay=exponential) 33% (391/1174) regret=0.105888 ape=0.5926
[17:43:23] warmStart (decay=exponential) 33% (392/1174) regret=0.105888 ape=0.5926
[17:43:24] warmStart (decay=exponential) 33% (393/1174) regret=0.105888 ape=0.5926
[17:43:24] warmStart (decay=exponential) 33% (394/1174) regret=0.105888 ape=0.5926
[17:43:24] warmStart (decay=exponential) 33% (395/1174) regret=0.105888 ape=0.5926
[17:43:24] warmStart (decay=exponential) 33% (396/1174) regret=0.105888 ape=0.5926
[17:43:24] warmStart (decay=exponential) 33% (397/1174) regret=0.105888 ape=0.5926
[17:43:25] warmStart (decay=exponential) 33% (398/1174) regret=0.105888 ape=0.5926
[17:43:25] warmStart (decay=exponential) 33% (399/1174) regret=0.105888 ape=0.5926
[17:43:25] warmStart (decay=exponential) 34% (400/1174) regret=0.105888 ape=0.5926
[17:43:25] warmStart (decay=exponential) 34% (401/1174) regret=0.106031 ape=0.5926
[17:43:25] warmStart (decay=exponential) 34% (402/1174) regret=0.105789 ape=0.5917
[17:43:25] warmStart (decay=exponential) 34% (403/1174) regret=0.105987 ape=0.5926
[17:43:26] warmStart (decay=exponential) 34% (404/1174) regret=0.105913 ape=0.5926
[17:43:26] warmStart (decay=exponential) 34% (405/1174) regret=0.105789 ape=0.5917
[17:43:26] warmStart (decay=exponential) 34% (406/1174) regret=0.105913 ape=0.5926
[17:43:26] warmStart (decay=exponential) 34% (407/1174) regret=0.105789 ape=0.5917
[17:43:26] warmStart (decay=exponential) 34% (408/1174) regret=0.105789 ape=0.5917
[17:43:26] warmStart (decay=exponential) 34% (409/1174) regret=0.105885 ape=0.5926
[17:43:26] warmStart (decay=exponential) 34% (410/1174) regret=0.105789 ape=0.5917
[17:43:27] warmStart (decay=exponential) 35% (411/1174) regret=0.105789 ape=0.5917
[17:43:27] warmStart (decay=exponential) 35% (412/1174) regret=0.105913 ape=0.5926
[17:43:27] warmStart (decay=exponential) 35% (413/1174) regret=0.105913 ape=0.5926
[17:43:27] warmStart (decay=exponential) 35% (414/1174) regret=0.105835 ape=0.5926
[17:43:27] warmStart (decay=exponential) 35% (415/1174) regret=0.105826 ape=0.5926
[17:43:27] warmStart (decay=exponential) 35% (416/1174) regret=0.105835 ape=0.5926
[17:43:28] warmStart (decay=exponential) 35% (417/1174) regret=0.105835 ape=0.5926
[17:43:28] warmStart (decay=exponential) 35% (418/1174) regret=0.105835 ape=0.5926
[17:43:28] warmStart (decay=exponential) 35% (419/1174) regret=0.105835 ape=0.5926
[17:43:28] warmStart (decay=exponential) 35% (420/1174) regret=0.105835 ape=0.5926
[17:43:28] warmStart (decay=exponential) 35% (421/1174) regret=0.105835 ape=0.5926
[17:43:28] warmStart (decay=exponential) 35% (422/1174) regret=0.105835 ape=0.5926
[17:43:28] warmStart (decay=exponential) 36% (423/1174) regret=0.105777 ape=0.5917
[17:43:29] warmStart (decay=exponential) 36% (424/1174) regret=0.105835 ape=0.5926
[17:43:29] warmStart (decay=exponential) 36% (425/1174) regret=0.105777 ape=0.5917
[17:43:29] warmStart (decay=exponential) 36% (426/1174) regret=0.105777 ape=0.5917
[17:43:29] warmStart (decay=exponential) 36% (427/1174) regret=0.105777 ape=0.5917
[17:43:29] warmStart (decay=exponential) 36% (428/1174) regret=0.105777 ape=0.5917
[17:43:29] warmStart (decay=exponential) 36% (429/1174) regret=0.105777 ape=0.5917
[17:43:30] warmStart (decay=exponential) 36% (430/1174) regret=0.105777 ape=0.5917
[17:43:30] warmStart (decay=exponential) 36% (431/1174) regret=0.105777 ape=0.5917
[17:43:30] warmStart (decay=exponential) 36% (432/1174) regret=0.105777 ape=0.5917
[17:43:30] warmStart (decay=exponential) 36% (433/1174) regret=0.105777 ape=0.5917
[17:43:30] warmStart (decay=exponential) 36% (434/1174) regret=0.105777 ape=0.5917
[17:43:30] warmStart (decay=exponential) 37% (435/1174) regret=0.105777 ape=0.5917
[17:43:30] warmStart (decay=exponential) 37% (436/1174) regret=0.105777 ape=0.5917
[17:43:31] warmStart (decay=exponential) 37% (437/1174) regret=0.105777 ape=0.5917
[17:43:31] warmStart (decay=exponential) 37% (438/1174) regret=0.105777 ape=0.5917
[17:43:31] warmStart (decay=exponential) 37% (439/1174) regret=0.105777 ape=0.5917
[17:43:31] warmStart (decay=exponential) 37% (440/1174) regret=0.105777 ape=0.5917
[17:43:31] warmStart (decay=exponential) 37% (441/1174) regret=0.105777 ape=0.5917
[17:43:31] warmStart (decay=exponential) 37% (442/1174) regret=0.105777 ape=0.5917
[17:43:32] warmStart (decay=exponential) 37% (443/1174) regret=0.105777 ape=0.5917
[17:43:32] warmStart (decay=exponential) 37% (444/1174) regret=0.105777 ape=0.5917
[17:43:32] warmStart (decay=exponential) 37% (445/1174) regret=0.105777 ape=0.5917
[17:43:32] warmStart (decay=exponential) 37% (446/1174) regret=0.105777 ape=0.5917
[17:43:32] warmStart (decay=exponential) 38% (447/1174) regret=0.105777 ape=0.5917
[17:43:32] warmStart (decay=exponential) 38% (448/1174) regret=0.105777 ape=0.5917
[17:43:32] warmStart (decay=exponential) 38% (449/1174) regret=0.105777 ape=0.5917
[17:43:33] warmStart (decay=exponential) 38% (450/1174) regret=0.105777 ape=0.5917
[17:43:33] warmStart (decay=exponential) 38% (451/1174) regret=0.105777 ape=0.5917
[17:43:33] warmStart (decay=exponential) 38% (452/1174) regret=0.105777 ape=0.5917
[17:43:33] warmStart (decay=exponential) 38% (453/1174) regret=0.105777 ape=0.5917
[17:43:33] warmStart (decay=exponential) 38% (454/1174) regret=0.105777 ape=0.5917
[17:43:33] warmStart (decay=exponential) 38% (455/1174) regret=0.105777 ape=0.5917
[17:43:33] warmStart (decay=exponential) 38% (456/1174) regret=0.105777 ape=0.5917
[17:43:34] warmStart (decay=exponential) 38% (457/1174) regret=0.105777 ape=0.5917
[17:43:34] warmStart (decay=exponential) 39% (458/1174) regret=0.105781 ape=0.5917
[17:43:34] warmStart (decay=exponential) 39% (459/1174) regret=0.105773 ape=0.5908
[17:43:34] warmStart (decay=exponential) 39% (460/1174) regret=0.105773 ape=0.5908
[17:43:34] warmStart (decay=exponential) 39% (461/1174) regret=0.105773 ape=0.5908
[17:43:34] warmStart (decay=exponential) 39% (462/1174) regret=0.105773 ape=0.5908
[17:43:35] warmStart (decay=exponential) 39% (463/1174) regret=0.105773 ape=0.5908
[17:43:35] warmStart (decay=exponential) 39% (464/1174) regret=0.105773 ape=0.5908
[17:43:35] warmStart (decay=exponential) 39% (465/1174) regret=0.105773 ape=0.5908
[17:43:35] warmStart (decay=exponential) 39% (466/1174) regret=0.105773 ape=0.5908
[17:43:35] warmStart (decay=exponential) 39% (467/1174) regret=0.105773 ape=0.5908
[17:43:35] warmStart (decay=exponential) 39% (468/1174) regret=0.105773 ape=0.5908
[17:43:35] warmStart (decay=exponential) 39% (469/1174) regret=0.105773 ape=0.5908
[17:43:36] warmStart (decay=exponential) 40% (470/1174) regret=0.105773 ape=0.5908
[17:43:36] warmStart (decay=exponential) 40% (471/1174) regret=0.105543 ape=0.5899
[17:43:36] warmStart (decay=exponential) 40% (472/1174) regret=0.105543 ape=0.5899
[17:43:36] warmStart (decay=exponential) 40% (473/1174) regret=0.105543 ape=0.5899
[17:43:36] warmStart (decay=exponential) 40% (474/1174) regret=0.105543 ape=0.5899
[17:43:36] warmStart (decay=exponential) 40% (475/1174) regret=0.105543 ape=0.5899
[17:43:36] warmStart (decay=exponential) 40% (476/1174) regret=0.105543 ape=0.5899
[17:43:37] warmStart (decay=exponential) 40% (477/1174) regret=0.105543 ape=0.5899
[17:43:37] warmStart (decay=exponential) 40% (478/1174) regret=0.106179 ape=0.5908
[17:43:37] warmStart (decay=exponential) 40% (479/1174) regret=0.105552 ape=0.5908
[17:43:37] warmStart (decay=exponential) 40% (480/1174) regret=0.105552 ape=0.5908
[17:43:37] warmStart (decay=exponential) 40% (481/1174) regret=0.105543 ape=0.5899
[17:43:37] warmStart (decay=exponential) 41% (482/1174) regret=0.105543 ape=0.5899
[17:43:37] warmStart (decay=exponential) 41% (483/1174) regret=0.105211 ape=0.5899
[17:43:38] warmStart (decay=exponential) 41% (484/1174) regret=0.105543 ape=0.5899
[17:43:38] warmStart (decay=exponential) 41% (485/1174) regret=0.105211 ape=0.5899
[17:43:38] warmStart (decay=exponential) 41% (486/1174) regret=0.105142 ape=0.5889
[17:43:38] warmStart (decay=exponential) 41% (487/1174) regret=0.105142 ape=0.5889
[17:43:38] warmStart (decay=exponential) 41% (488/1174) regret=0.105483 ape=0.5899
[17:43:39] warmStart (decay=exponential) 41% (489/1174) regret=0.105142 ape=0.5889
[17:43:39] warmStart (decay=exponential) 41% (490/1174) regret=0.105142 ape=0.5889
[17:43:39] warmStart (decay=exponential) 41% (491/1174) regret=0.105142 ape=0.5889
[17:43:39] warmStart (decay=exponential) 41% (492/1174) regret=0.105151 ape=0.5889
[17:43:39] warmStart (decay=exponential) 41% (493/1174) regret=0.105151 ape=0.5889
[17:43:39] warmStart (decay=exponential) 42% (494/1174) regret=0.105151 ape=0.5889
[17:43:40] warmStart (decay=exponential) 42% (495/1174) regret=0.105151 ape=0.5889
[17:43:40] warmStart (decay=exponential) 42% (496/1174) regret=0.105151 ape=0.5889
[17:43:40] warmStart (decay=exponential) 42% (497/1174) regret=0.105151 ape=0.5889
[17:43:40] warmStart (decay=exponential) 42% (498/1174) regret=0.105151 ape=0.5889
[17:43:40] warmStart (decay=exponential) 42% (499/1174) regret=0.105151 ape=0.5889
[17:43:40] warmStart (decay=exponential) 42% (500/1174) regret=0.105142 ape=0.5889
[17:43:41] warmStart (decay=exponential) 42% (501/1174) regret=0.105142 ape=0.5889
[17:43:41] warmStart (decay=exponential) 42% (502/1174) regret=0.105142 ape=0.5889
[17:43:41] warmStart (decay=exponential) 42% (503/1174) regret=0.105142 ape=0.5889
[17:43:41] warmStart (decay=exponential) 42% (504/1174) regret=0.105142 ape=0.5889
[17:43:41] warmStart (decay=exponential) 43% (505/1174) regret=0.105142 ape=0.5889
[17:43:42] warmStart (decay=exponential) 43% (506/1174) regret=0.105142 ape=0.5889
[17:43:42] warmStart (decay=exponential) 43% (507/1174) regret=0.105142 ape=0.5889
[17:43:42] warmStart (decay=exponential) 43% (508/1174) regret=0.105142 ape=0.5889
[17:43:42] warmStart (decay=exponential) 43% (509/1174) regret=0.105796 ape=0.5899
[17:43:42] warmStart (decay=exponential) 43% (510/1174) regret=0.105142 ape=0.5889
[17:43:42] warmStart (decay=exponential) 43% (511/1174) regret=0.105142 ape=0.5889
[17:43:43] warmStart (decay=exponential) 43% (512/1174) regret=0.105142 ape=0.5889
[17:43:43] warmStart (decay=exponential) 43% (513/1174) regret=0.105142 ape=0.5889
[17:43:43] warmStart (decay=exponential) 43% (514/1174) regret=0.105142 ape=0.5889
[17:43:43] warmStart (decay=exponential) 43% (515/1174) regret=0.105142 ape=0.5889
[17:43:43] warmStart (decay=exponential) 43% (516/1174) regret=0.105142 ape=0.5889
[17:43:43] warmStart (decay=exponential) 44% (517/1174) regret=0.105142 ape=0.5889
[17:43:44] warmStart (decay=exponential) 44% (518/1174) regret=0.105142 ape=0.5889
[17:43:44] warmStart (decay=exponential) 44% (519/1174) regret=0.105142 ape=0.5889
[17:43:44] warmStart (decay=exponential) 44% (520/1174) regret=0.105142 ape=0.5889
[17:43:44] warmStart (decay=exponential) 44% (521/1174) regret=0.105142 ape=0.5889
[17:43:44] warmStart (decay=exponential) 44% (522/1174) regret=0.105142 ape=0.5889
[17:43:44] warmStart (decay=exponential) 44% (523/1174) regret=0.105142 ape=0.5889
[17:43:45] warmStart (decay=exponential) 44% (524/1174) regret=0.105142 ape=0.5889
[17:43:45] warmStart (decay=exponential) 44% (525/1174) regret=0.105142 ape=0.5889
[17:43:45] warmStart (decay=exponential) 44% (526/1174) regret=0.105142 ape=0.5889
[17:43:45] warmStart (decay=exponential) 44% (527/1174) regret=0.105142 ape=0.5889
[17:43:45] warmStart (decay=exponential) 44% (528/1174) regret=0.105142 ape=0.5889
[17:43:45] warmStart (decay=exponential) 45% (529/1174) regret=0.105142 ape=0.5889
[17:43:45] warmStart (decay=exponential) 45% (530/1174) regret=0.105142 ape=0.5889
[17:43:46] warmStart (decay=exponential) 45% (531/1174) regret=0.105142 ape=0.5889
[17:43:46] warmStart (decay=exponential) 45% (532/1174) regret=0.105142 ape=0.5889
[17:43:46] warmStart (decay=exponential) 45% (533/1174) regret=0.105142 ape=0.5889
[17:43:46] warmStart (decay=exponential) 45% (534/1174) regret=0.105142 ape=0.5889
[17:43:46] warmStart (decay=exponential) 45% (535/1174) regret=0.105142 ape=0.5889
[17:43:46] warmStart (decay=exponential) 45% (536/1174) regret=0.105142 ape=0.5889
[17:43:47] warmStart (decay=exponential) 45% (537/1174) regret=0.105142 ape=0.5889
[17:43:47] warmStart (decay=exponential) 45% (538/1174) regret=0.105142 ape=0.5889
[17:43:47] warmStart (decay=exponential) 45% (539/1174) regret=0.105142 ape=0.5889
[17:43:47] warmStart (decay=exponential) 45% (540/1174) regret=0.105142 ape=0.5889
[17:43:47] warmStart (decay=exponential) 46% (541/1174) regret=0.105142 ape=0.5889
[17:43:47] warmStart (decay=exponential) 46% (542/1174) regret=0.105142 ape=0.5889
[17:43:48] warmStart (decay=exponential) 46% (543/1174) regret=0.105142 ape=0.5889
[17:43:48] warmStart (decay=exponential) 46% (544/1174) regret=0.105142 ape=0.5889
[17:43:48] warmStart (decay=exponential) 46% (545/1174) regret=0.105142 ape=0.5889
[17:43:48] warmStart (decay=exponential) 46% (546/1174) regret=0.105142 ape=0.5889
[17:43:48] warmStart (decay=exponential) 46% (547/1174) regret=0.105142 ape=0.5889
[17:43:48] warmStart (decay=exponential) 46% (548/1174) regret=0.105142 ape=0.5889
[17:43:48] warmStart (decay=exponential) 46% (549/1174) regret=0.105142 ape=0.5889
[17:43:49] warmStart (decay=exponential) 46% (550/1174) regret=0.105142 ape=0.5889
[17:43:49] warmStart (decay=exponential) 46% (551/1174) regret=0.105142 ape=0.5889
[17:43:49] warmStart (decay=exponential) 47% (552/1174) regret=0.105142 ape=0.5889
[17:43:49] warmStart (decay=exponential) 47% (553/1174) regret=0.105142 ape=0.5889
[17:43:49] warmStart (decay=exponential) 47% (554/1174) regret=0.105142 ape=0.5889
[17:43:49] warmStart (decay=exponential) 47% (555/1174) regret=0.105142 ape=0.5889
[17:43:50] warmStart (decay=exponential) 47% (556/1174) regret=0.105142 ape=0.5889
[17:43:50] warmStart (decay=exponential) 47% (557/1174) regret=0.105142 ape=0.5889
[17:43:50] warmStart (decay=exponential) 47% (558/1174) regret=0.105142 ape=0.5889
[17:43:50] warmStart (decay=exponential) 47% (559/1174) regret=0.105142 ape=0.5889
[17:43:50] warmStart (decay=exponential) 47% (560/1174) regret=0.105142 ape=0.5889
[17:43:50] warmStart (decay=exponential) 47% (561/1174) regret=0.105142 ape=0.5889
[17:43:51] warmStart (decay=exponential) 47% (562/1174) regret=0.105142 ape=0.5889
[17:43:51] warmStart (decay=exponential) 47% (563/1174) regret=0.105142 ape=0.5889
[17:43:51] warmStart (decay=exponential) 48% (564/1174) regret=0.105142 ape=0.5889
[17:43:51] warmStart (decay=exponential) 48% (565/1174) regret=0.105142 ape=0.5889
[17:43:51] warmStart (decay=exponential) 48% (566/1174) regret=0.105142 ape=0.5889
[17:43:51] warmStart (decay=exponential) 48% (567/1174) regret=0.105142 ape=0.5889
[17:43:52] warmStart (decay=exponential) 48% (568/1174) regret=0.105142 ape=0.5889
[17:43:52] warmStart (decay=exponential) 48% (569/1174) regret=0.105142 ape=0.5889
[17:43:52] warmStart (decay=exponential) 48% (570/1174) regret=0.105142 ape=0.5889
[17:43:52] warmStart (decay=exponential) 48% (571/1174) regret=0.105142 ape=0.5889
[17:43:52] warmStart (decay=exponential) 48% (572/1174) regret=0.105142 ape=0.5889
[17:43:52] warmStart (decay=exponential) 48% (573/1174) regret=0.105142 ape=0.5889
[17:43:52] warmStart (decay=exponential) 48% (574/1174) regret=0.105142 ape=0.5889
[17:43:53] warmStart (decay=exponential) 48% (575/1174) regret=0.105142 ape=0.5889
[17:43:53] warmStart (decay=exponential) 49% (576/1174) regret=0.105142 ape=0.5889
[17:43:53] warmStart (decay=exponential) 49% (577/1174) regret=0.105142 ape=0.5889
[17:43:53] warmStart (decay=exponential) 49% (578/1174) regret=0.105142 ape=0.5889
[17:43:53] warmStart (decay=exponential) 49% (579/1174) regret=0.105142 ape=0.5889
[17:43:53] warmStart (decay=exponential) 49% (580/1174) regret=0.105142 ape=0.5889
[17:43:54] warmStart (decay=exponential) 49% (581/1174) regret=0.105142 ape=0.5889
[17:43:54] warmStart (decay=exponential) 49% (582/1174) regret=0.105142 ape=0.5889
[17:43:54] warmStart (decay=exponential) 49% (583/1174) regret=0.105142 ape=0.5889
[17:43:54] warmStart (decay=exponential) 49% (584/1174) regret=0.105142 ape=0.5889
[17:43:54] warmStart (decay=exponential) 49% (585/1174) regret=0.105142 ape=0.5889
[17:43:54] warmStart (decay=exponential) 49% (586/1174) regret=0.105142 ape=0.5889
[17:43:55] warmStart (decay=exponential) 50% (587/1174) regret=0.105142 ape=0.5889
[17:43:55] warmStart (decay=exponential) 50% (588/1174) regret=0.105142 ape=0.5889
[17:43:55] warmStart (decay=exponential) 50% (589/1174) regret=0.105142 ape=0.5889
[17:43:55] warmStart (decay=exponential) 50% (590/1174) regret=0.105142 ape=0.5889
[17:43:55] warmStart (decay=exponential) 50% (591/1174) regret=0.105142 ape=0.5889
[17:43:55] warmStart (decay=exponential) 50% (592/1174) regret=0.105142 ape=0.5889
[17:43:55] warmStart (decay=exponential) 50% (593/1174) regret=0.105013 ape=0.5889
[17:43:56] warmStart (decay=exponential) 50% (594/1174) regret=0.104792 ape=0.5889
[17:43:56] warmStart (decay=exponential) 50% (595/1174) regret=0.104792 ape=0.5889
[17:43:56] warmStart (decay=exponential) 50% (596/1174) regret=0.104792 ape=0.5889
[17:43:56] warmStart (decay=exponential) 50% (597/1174) regret=0.104792 ape=0.5889
[17:43:56] warmStart (decay=exponential) 50% (598/1174) regret=0.104792 ape=0.5889
[17:43:56] warmStart (decay=exponential) 51% (599/1174) regret=0.104792 ape=0.5889
[17:43:57] warmStart (decay=exponential) 51% (600/1174) regret=0.104792 ape=0.5889
[17:43:57] warmStart (decay=exponential) 51% (601/1174) regret=0.104792 ape=0.5889
[17:43:57] warmStart (decay=exponential) 51% (602/1174) regret=0.104792 ape=0.5889
[17:43:57] warmStart (decay=exponential) 51% (603/1174) regret=0.104948 ape=0.5899
[17:43:57] warmStart (decay=exponential) 51% (604/1174) regret=0.104792 ape=0.5889
[17:43:57] warmStart (decay=exponential) 51% (605/1174) regret=0.104792 ape=0.5889
[17:43:58] warmStart (decay=exponential) 51% (606/1174) regret=0.104792 ape=0.5889
[17:43:58] warmStart (decay=exponential) 51% (607/1174) regret=0.104792 ape=0.5889
[17:43:58] warmStart (decay=exponential) 51% (608/1174) regret=0.104792 ape=0.5889
[17:43:58] warmStart (decay=exponential) 51% (609/1174) regret=0.104792 ape=0.5889
[17:43:58] warmStart (decay=exponential) 51% (610/1174) regret=0.104792 ape=0.5889
[17:43:58] warmStart (decay=exponential) 52% (611/1174) regret=0.104792 ape=0.5889
[17:43:59] warmStart (decay=exponential) 52% (612/1174) regret=0.104792 ape=0.5889
[17:43:59] warmStart (decay=exponential) 52% (613/1174) regret=0.104607 ape=0.5880
[17:43:59] warmStart (decay=exponential) 52% (614/1174) regret=0.104607 ape=0.5880
[17:43:59] warmStart (decay=exponential) 52% (615/1174) regret=0.104625 ape=0.5880
[17:43:59] warmStart (decay=exponential) 52% (616/1174) regret=0.104625 ape=0.5880
[17:43:59] warmStart (decay=exponential) 52% (617/1174) regret=0.104606 ape=0.5880
[17:43:59] warmStart (decay=exponential) 52% (618/1174) regret=0.104625 ape=0.5880
[17:44:00] warmStart (decay=exponential) 52% (619/1174) regret=0.104589 ape=0.5871
[17:44:00] warmStart (decay=exponential) 52% (620/1174) regret=0.104606 ape=0.5880
[17:44:00] warmStart (decay=exponential) 52% (621/1174) regret=0.104589 ape=0.5871
[17:44:00] warmStart (decay=exponential) 52% (622/1174) regret=0.104589 ape=0.5871
[17:44:00] warmStart (decay=exponential) 53% (623/1174) regret=0.104589 ape=0.5871
[17:44:00] warmStart (decay=exponential) 53% (624/1174) regret=0.104594 ape=0.5871
[17:44:00] warmStart (decay=exponential) 53% (625/1174) regret=0.104594 ape=0.5871
[17:44:01] warmStart (decay=exponential) 53% (626/1174) regret=0.104589 ape=0.5871
[17:44:01] warmStart (decay=exponential) 53% (627/1174) regret=0.104589 ape=0.5871
[17:44:01] warmStart (decay=exponential) 53% (628/1174) regret=0.104589 ape=0.5871
[17:44:01] warmStart (decay=exponential) 53% (629/1174) regret=0.104589 ape=0.5871
[17:44:01] warmStart (decay=exponential) 53% (630/1174) regret=0.104589 ape=0.5871
[17:44:01] warmStart (decay=exponential) 53% (631/1174) regret=0.104585 ape=0.5862
[17:44:02] warmStart (decay=exponential) 53% (632/1174) regret=0.104594 ape=0.5871
[17:44:02] warmStart (decay=exponential) 53% (633/1174) regret=0.104589 ape=0.5871
[17:44:02] warmStart (decay=exponential) 54% (634/1174) regret=0.104589 ape=0.5871
[17:44:02] warmStart (decay=exponential) 54% (635/1174) regret=0.104589 ape=0.5871
[17:44:02] warmStart (decay=exponential) 54% (636/1174) regret=0.104589 ape=0.5871
[17:44:02] warmStart (decay=exponential) 54% (637/1174) regret=0.104589 ape=0.5871
[17:44:02] warmStart (decay=exponential) 54% (638/1174) regret=0.104589 ape=0.5871
[17:44:03] warmStart (decay=exponential) 54% (639/1174) regret=0.104589 ape=0.5871
[17:44:03] warmStart (decay=exponential) 54% (640/1174) regret=0.104585 ape=0.5862
[17:44:03] warmStart (decay=exponential) 54% (641/1174) regret=0.104589 ape=0.5871
[17:44:03] warmStart (decay=exponential) 54% (642/1174) regret=0.104589 ape=0.5871
[17:44:03] warmStart (decay=exponential) 54% (643/1174) regret=0.104589 ape=0.5871
[17:44:03] warmStart (decay=exponential) 54% (644/1174) regret=0.104589 ape=0.5871
[17:44:04] warmStart (decay=exponential) 54% (645/1174) regret=0.104589 ape=0.5871
[17:44:04] warmStart (decay=exponential) 55% (646/1174) regret=0.104585 ape=0.5862
[17:44:04] warmStart (decay=exponential) 55% (647/1174) regret=0.104585 ape=0.5862
[17:44:04] warmStart (decay=exponential) 55% (648/1174) regret=0.104594 ape=0.5871
[17:44:04] warmStart (decay=exponential) 55% (649/1174) regret=0.104585 ape=0.5862
[17:44:04] warmStart (decay=exponential) 55% (650/1174) regret=0.104585 ape=0.5862
[17:44:04] warmStart (decay=exponential) 55% (651/1174) regret=0.104585 ape=0.5862
[17:44:05] warmStart (decay=exponential) 55% (652/1174) regret=0.104711 ape=0.5862
[17:44:05] warmStart (decay=exponential) 55% (653/1174) regret=0.104688 ape=0.5862
[17:44:05] warmStart (decay=exponential) 55% (654/1174) regret=0.104582 ape=0.5862
[17:44:05] warmStart (decay=exponential) 55% (655/1174) regret=0.104582 ape=0.5862
[17:44:05] warmStart (decay=exponential) 55% (656/1174) regret=0.104582 ape=0.5862
[17:44:05] warmStart (decay=exponential) 55% (657/1174) regret=0.104582 ape=0.5862
[17:44:06] warmStart (decay=exponential) 56% (658/1174) regret=0.104587 ape=0.5862
[17:44:06] warmStart (decay=exponential) 56% (659/1174) regret=0.104557 ape=0.5853
[17:44:06] warmStart (decay=exponential) 56% (660/1174) regret=0.104557 ape=0.5853
[17:44:06] warmStart (decay=exponential) 56% (661/1174) regret=0.104557 ape=0.5853
[17:44:06] warmStart (decay=exponential) 56% (662/1174) regret=0.104557 ape=0.5853
[17:44:06] warmStart (decay=exponential) 56% (663/1174) regret=0.104557 ape=0.5853
[17:44:07] warmStart (decay=exponential) 56% (664/1174) regret=0.104557 ape=0.5853
[17:44:07] warmStart (decay=exponential) 56% (665/1174) regret=0.104557 ape=0.5853
[17:44:07] warmStart (decay=exponential) 56% (666/1174) regret=0.104557 ape=0.5853
[17:44:07] warmStart (decay=exponential) 56% (667/1174) regret=0.104557 ape=0.5853
[17:44:07] warmStart (decay=exponential) 56% (668/1174) regret=0.104557 ape=0.5853
[17:44:07] warmStart (decay=exponential) 56% (669/1174) regret=0.104557 ape=0.5853
[17:44:08] warmStart (decay=exponential) 57% (670/1174) regret=0.104557 ape=0.5853
[17:44:08] warmStart (decay=exponential) 57% (671/1174) regret=0.104557 ape=0.5853
[17:44:08] warmStart (decay=exponential) 57% (672/1174) regret=0.104557 ape=0.5853
[17:44:08] warmStart (decay=exponential) 57% (673/1174) regret=0.104557 ape=0.5853
[17:44:08] warmStart (decay=exponential) 57% (674/1174) regret=0.104557 ape=0.5853
[17:44:08] warmStart (decay=exponential) 57% (675/1174) regret=0.104557 ape=0.5853
[17:44:09] warmStart (decay=exponential) 57% (676/1174) regret=0.104557 ape=0.5853
[17:44:09] warmStart (decay=exponential) 57% (677/1174) regret=0.104557 ape=0.5853
[17:44:09] warmStart (decay=exponential) 57% (678/1174) regret=0.104557 ape=0.5853
[17:44:09] warmStart (decay=exponential) 57% (679/1174) regret=0.104557 ape=0.5853
[17:44:09] warmStart (decay=exponential) 57% (680/1174) regret=0.104562 ape=0.5862
[17:44:09] warmStart (decay=exponential) 58% (681/1174) regret=0.104557 ape=0.5853
[17:44:09] warmStart (decay=exponential) 58% (682/1174) regret=0.104557 ape=0.5853
[17:44:10] warmStart (decay=exponential) 58% (683/1174) regret=0.104557 ape=0.5853
[17:44:10] warmStart (decay=exponential) 58% (684/1174) regret=0.104557 ape=0.5853
[17:44:10] warmStart (decay=exponential) 58% (685/1174) regret=0.104562 ape=0.5862
[17:44:10] warmStart (decay=exponential) 58% (686/1174) regret=0.104557 ape=0.5853
[17:44:10] warmStart (decay=exponential) 58% (687/1174) regret=0.104557 ape=0.5853
[17:44:10] warmStart (decay=exponential) 58% (688/1174) regret=0.104557 ape=0.5853
[17:44:10] warmStart (decay=exponential) 58% (689/1174) regret=0.104557 ape=0.5853
[17:44:11] warmStart (decay=exponential) 58% (690/1174) regret=0.104557 ape=0.5853
[17:44:11] warmStart (decay=exponential) 58% (691/1174) regret=0.104559 ape=0.5862
[17:44:11] warmStart (decay=exponential) 58% (692/1174) regret=0.104557 ape=0.5853
[17:44:11] warmStart (decay=exponential) 59% (693/1174) regret=0.104562 ape=0.5862
[17:44:11] warmStart (decay=exponential) 59% (694/1174) regret=0.104557 ape=0.5853
[17:44:11] warmStart (decay=exponential) 59% (695/1174) regret=0.104364 ape=0.5843
[17:44:11] warmStart (decay=exponential) 59% (696/1174) regret=0.104364 ape=0.5843
[17:44:12] warmStart (decay=exponential) 59% (697/1174) regret=0.104364 ape=0.5843
[17:44:12] warmStart (decay=exponential) 59% (698/1174) regret=0.104423 ape=0.5853
[17:44:12] warmStart (decay=exponential) 59% (699/1174) regret=0.104364 ape=0.5843
[17:44:12] warmStart (decay=exponential) 59% (700/1174) regret=0.104364 ape=0.5843
[17:44:12] warmStart (decay=exponential) 59% (701/1174) regret=0.104396 ape=0.5853
[17:44:12] warmStart (decay=exponential) 59% (702/1174) regret=0.104396 ape=0.5853
[17:44:13] warmStart (decay=exponential) 59% (703/1174) regret=0.104396 ape=0.5853
[17:44:13] warmStart (decay=exponential) 59% (704/1174) regret=0.104364 ape=0.5843
[17:44:13] warmStart (decay=exponential) 60% (705/1174) regret=0.104354 ape=0.5834
[17:44:13] warmStart (decay=exponential) 60% (706/1174) regret=0.104354 ape=0.5834
[17:44:13] warmStart (decay=exponential) 60% (707/1174) regret=0.104354 ape=0.5834
[17:44:13] warmStart (decay=exponential) 60% (708/1174) regret=0.104354 ape=0.5834
[17:44:14] warmStart (decay=exponential) 60% (709/1174) regret=0.104354 ape=0.5834
[17:44:14] warmStart (decay=exponential) 60% (710/1174) regret=0.104354 ape=0.5834
[17:44:14] warmStart (decay=exponential) 60% (711/1174) regret=0.104354 ape=0.5834
[17:44:14] warmStart (decay=exponential) 60% (712/1174) regret=0.104354 ape=0.5834
[17:44:14] warmStart (decay=exponential) 60% (713/1174) regret=0.104898 ape=0.5843
[17:44:14] warmStart (decay=exponential) 60% (714/1174) regret=0.104516 ape=0.5843
[17:44:14] warmStart (decay=exponential) 60% (715/1174) regret=0.104488 ape=0.5843
[17:44:15] warmStart (decay=exponential) 60% (716/1174) regret=0.104488 ape=0.5843
[17:44:15] warmStart (decay=exponential) 61% (717/1174) regret=0.104516 ape=0.5843
[17:44:15] warmStart (decay=exponential) 61% (718/1174) regret=0.104516 ape=0.5843
[17:44:15] warmStart (decay=exponential) 61% (719/1174) regret=0.104488 ape=0.5843
[17:44:15] warmStart (decay=exponential) 61% (720/1174) regret=0.104488 ape=0.5843
[17:44:15] warmStart (decay=exponential) 61% (721/1174) regret=0.104488 ape=0.5843
[17:44:16] warmStart (decay=exponential) 61% (722/1174) regret=0.104488 ape=0.5843
[17:44:16] warmStart (decay=exponential) 61% (723/1174) regret=0.104488 ape=0.5843
[17:44:16] warmStart (decay=exponential) 61% (724/1174) regret=0.104488 ape=0.5843
[17:44:16] warmStart (decay=exponential) 61% (725/1174) regret=0.104488 ape=0.5843
[17:44:16] warmStart (decay=exponential) 61% (726/1174) regret=0.104488 ape=0.5843
[17:44:16] warmStart (decay=exponential) 61% (727/1174) regret=0.104488 ape=0.5843
[17:44:17] warmStart (decay=exponential) 62% (728/1174) regret=0.104488 ape=0.5843
[17:44:17] warmStart (decay=exponential) 62% (729/1174) regret=0.104488 ape=0.5843
[17:44:17] warmStart (decay=exponential) 62% (730/1174) regret=0.104488 ape=0.5843
[17:44:17] warmStart (decay=exponential) 62% (731/1174) regret=0.104488 ape=0.5843
[17:44:17] warmStart (decay=exponential) 62% (732/1174) regret=0.104488 ape=0.5843
[17:44:17] warmStart (decay=exponential) 62% (733/1174) regret=0.104488 ape=0.5843
[17:44:17] warmStart (decay=exponential) 62% (734/1174) regret=0.104493 ape=0.5843
[17:44:18] warmStart (decay=exponential) 62% (735/1174) regret=0.104497 ape=0.5843
[17:44:18] warmStart (decay=exponential) 62% (736/1174) regret=0.104460 ape=0.5843
[17:44:18] warmStart (decay=exponential) 62% (737/1174) regret=0.104486 ape=0.5843
[17:44:18] warmStart (decay=exponential) 62% (738/1174) regret=0.104486 ape=0.5843
[17:44:18] warmStart (decay=exponential) 62% (739/1174) regret=0.104359 ape=0.5834
[17:44:18] warmStart (decay=exponential) 63% (740/1174) regret=0.104359 ape=0.5834
[17:44:19] warmStart (decay=exponential) 63% (741/1174) regret=0.104359 ape=0.5834
[17:44:19] warmStart (decay=exponential) 63% (742/1174) regret=0.104359 ape=0.5834
[17:44:19] warmStart (decay=exponential) 63% (743/1174) regret=0.104359 ape=0.5834
[17:44:19] warmStart (decay=exponential) 63% (744/1174) regret=0.104370 ape=0.5834
[17:44:19] warmStart (decay=exponential) 63% (745/1174) regret=0.104351 ape=0.5834
[17:44:20] warmStart (decay=exponential) 63% (746/1174) regret=0.104368 ape=0.5834
[17:44:20] warmStart (decay=exponential) 63% (747/1174) regret=0.104368 ape=0.5834
[17:44:20] warmStart (decay=exponential) 63% (748/1174) regret=0.104368 ape=0.5834
[17:44:20] warmStart (decay=exponential) 63% (749/1174) regret=0.104368 ape=0.5834
[17:44:20] warmStart (decay=exponential) 63% (750/1174) regret=0.104368 ape=0.5834
[17:44:20] warmStart (decay=exponential) 63% (751/1174) regret=0.104368 ape=0.5834
[17:44:21] warmStart (decay=exponential) 64% (752/1174) regret=0.104368 ape=0.5834
[17:44:21] warmStart (decay=exponential) 64% (753/1174) regret=0.104368 ape=0.5834
[17:44:21] warmStart (decay=exponential) 64% (754/1174) regret=0.104368 ape=0.5834
[17:44:21] warmStart (decay=exponential) 64% (755/1174) regret=0.104368 ape=0.5834
[17:44:21] warmStart (decay=exponential) 64% (756/1174) regret=0.104368 ape=0.5834
[17:44:21] warmStart (decay=exponential) 64% (757/1174) regret=0.104368 ape=0.5834
[17:44:22] warmStart (decay=exponential) 64% (758/1174) regret=0.104368 ape=0.5834
[17:44:22] warmStart (decay=exponential) 64% (759/1174) regret=0.104368 ape=0.5834
[17:44:22] warmStart (decay=exponential) 64% (760/1174) regret=0.104368 ape=0.5834
[17:44:22] warmStart (decay=exponential) 64% (761/1174) regret=0.104368 ape=0.5834
[17:44:22] warmStart (decay=exponential) 64% (762/1174) regret=0.104368 ape=0.5834
[17:44:23] warmStart (decay=exponential) 64% (763/1174) regret=0.104368 ape=0.5834
[17:44:23] warmStart (decay=exponential) 65% (764/1174) regret=0.104368 ape=0.5834
[17:44:23] warmStart (decay=exponential) 65% (765/1174) regret=0.104368 ape=0.5834
[17:44:23] warmStart (decay=exponential) 65% (766/1174) regret=0.104368 ape=0.5834
[17:44:23] warmStart (decay=exponential) 65% (767/1174) regret=0.104368 ape=0.5834
[17:44:23] warmStart (decay=exponential) 65% (768/1174) regret=0.104368 ape=0.5834
[17:44:24] warmStart (decay=exponential) 65% (769/1174) regret=0.104368 ape=0.5834
[17:44:24] warmStart (decay=exponential) 65% (770/1174) regret=0.104368 ape=0.5834
[17:44:24] warmStart (decay=exponential) 65% (771/1174) regret=0.104382 ape=0.5843
[17:44:24] warmStart (decay=exponential) 65% (772/1174) regret=0.104382 ape=0.5843
[17:44:24] warmStart (decay=exponential) 65% (773/1174) regret=0.104382 ape=0.5843
[17:44:24] warmStart (decay=exponential) 65% (774/1174) regret=0.104382 ape=0.5843
[17:44:25] warmStart (decay=exponential) 66% (775/1174) regret=0.104368 ape=0.5834
[17:44:25] warmStart (decay=exponential) 66% (776/1174) regret=0.104368 ape=0.5834
[17:44:25] warmStart (decay=exponential) 66% (777/1174) regret=0.104368 ape=0.5834
[17:44:25] warmStart (decay=exponential) 66% (778/1174) regret=0.104368 ape=0.5834
[17:44:25] warmStart (decay=exponential) 66% (779/1174) regret=0.104368 ape=0.5834
[17:44:25] warmStart (decay=exponential) 66% (780/1174) regret=0.104340 ape=0.5834
[17:44:26] warmStart (decay=exponential) 66% (781/1174) regret=0.104340 ape=0.5834
[17:44:26] warmStart (decay=exponential) 66% (782/1174) regret=0.104340 ape=0.5834
[17:44:26] warmStart (decay=exponential) 66% (783/1174) regret=0.104340 ape=0.5834
[17:44:26] warmStart (decay=exponential) 66% (784/1174) regret=0.104368 ape=0.5834
[17:44:26] warmStart (decay=exponential) 66% (785/1174) regret=0.104368 ape=0.5834
[17:44:26] warmStart (decay=exponential) 66% (786/1174) regret=0.104368 ape=0.5834
[17:44:26] warmStart (decay=exponential) 67% (787/1174) regret=0.104368 ape=0.5834
[17:44:27] warmStart (decay=exponential) 67% (788/1174) regret=0.104368 ape=0.5834
[17:44:27] warmStart (decay=exponential) 67% (789/1174) regret=0.104368 ape=0.5834
[17:44:27] warmStart (decay=exponential) 67% (790/1174) regret=0.104368 ape=0.5834
[17:44:27] warmStart (decay=exponential) 67% (791/1174) regret=0.104009 ape=0.5825
[17:44:27] warmStart (decay=exponential) 67% (792/1174) regret=0.104506 ape=0.5834
[17:44:27] warmStart (decay=exponential) 67% (793/1174) regret=0.104506 ape=0.5834
[17:44:28] warmStart (decay=exponential) 67% (794/1174) regret=0.104009 ape=0.5825
[17:44:28] warmStart (decay=exponential) 67% (795/1174) regret=0.104009 ape=0.5825
[17:44:28] warmStart (decay=exponential) 67% (796/1174) regret=0.104009 ape=0.5825
[17:44:28] warmStart (decay=exponential) 67% (797/1174) regret=0.104009 ape=0.5825
[17:44:28] warmStart (decay=exponential) 67% (798/1174) regret=0.104023 ape=0.5825
[17:44:28] warmStart (decay=exponential) 68% (799/1174) regret=0.104023 ape=0.5825
[17:44:29] warmStart (decay=exponential) 68% (800/1174) regret=0.104009 ape=0.5825
[17:44:29] warmStart (decay=exponential) 68% (801/1174) regret=0.104009 ape=0.5825
[17:44:29] warmStart (decay=exponential) 68% (802/1174) regret=0.104009 ape=0.5825
[17:44:29] warmStart (decay=exponential) 68% (803/1174) regret=0.103967 ape=0.5816
[17:44:29] warmStart (decay=exponential) 68% (804/1174) regret=0.104036 ape=0.5834
[17:44:29] warmStart (decay=exponential) 68% (805/1174) regret=0.104009 ape=0.5825
[17:44:30] warmStart (decay=exponential) 68% (806/1174) regret=0.104009 ape=0.5825
[17:44:30] warmStart (decay=exponential) 68% (807/1174) regret=0.103946 ape=0.5825
[17:44:30] warmStart (decay=exponential) 68% (808/1174) regret=0.103946 ape=0.5825
[17:44:30] warmStart (decay=exponential) 68% (809/1174) regret=0.103946 ape=0.5825
[17:44:30] warmStart (decay=exponential) 68% (810/1174) regret=0.104610 ape=0.5834
[17:44:30] warmStart (decay=exponential) 69% (811/1174) regret=0.103946 ape=0.5825
[17:44:31] warmStart (decay=exponential) 69% (812/1174) regret=0.103946 ape=0.5825
[17:44:31] warmStart (decay=exponential) 69% (813/1174) regret=0.103946 ape=0.5825
[17:44:31] warmStart (decay=exponential) 69% (814/1174) regret=0.103946 ape=0.5825
[17:44:31] warmStart (decay=exponential) 69% (815/1174) regret=0.103946 ape=0.5825
[17:44:31] warmStart (decay=exponential) 69% (816/1174) regret=0.103946 ape=0.5825
[17:44:31] warmStart (decay=exponential) 69% (817/1174) regret=0.103946 ape=0.5825
[17:44:31] warmStart (decay=exponential) 69% (818/1174) regret=0.103946 ape=0.5825
[17:44:32] warmStart (decay=exponential) 69% (819/1174) regret=0.104057 ape=0.5825
[17:44:32] warmStart (decay=exponential) 69% (820/1174) regret=0.103946 ape=0.5825
[17:44:32] warmStart (decay=exponential) 69% (821/1174) regret=0.104057 ape=0.5825
[17:44:32] warmStart (decay=exponential) 70% (822/1174) regret=0.103937 ape=0.5825
[17:44:32] warmStart (decay=exponential) 70% (823/1174) regret=0.103937 ape=0.5825
[17:44:32] warmStart (decay=exponential) 70% (824/1174) regret=0.103940 ape=0.5834
[17:44:32] warmStart (decay=exponential) 70% (825/1174) regret=0.103931 ape=0.5834
[17:44:33] warmStart (decay=exponential) 70% (826/1174) regret=0.103940 ape=0.5834
[17:44:33] warmStart (decay=exponential) 70% (827/1174) regret=0.103933 ape=0.5834
[17:44:33] warmStart (decay=exponential) 70% (828/1174) regret=0.103903 ape=0.5825
[17:44:33] warmStart (decay=exponential) 70% (829/1174) regret=0.103903 ape=0.5825
[17:44:33] warmStart (decay=exponential) 70% (830/1174) regret=0.103903 ape=0.5825
[17:44:33] warmStart (decay=exponential) 70% (831/1174) regret=0.103903 ape=0.5825
[17:44:34] warmStart (decay=exponential) 70% (832/1174) regret=0.103903 ape=0.5825
[17:44:34] warmStart (decay=exponential) 70% (833/1174) regret=0.103903 ape=0.5825
[17:44:34] warmStart (decay=exponential) 71% (834/1174) regret=0.103903 ape=0.5825
[17:44:34] warmStart (decay=exponential) 71% (835/1174) regret=0.103903 ape=0.5825
[17:44:34] warmStart (decay=exponential) 71% (836/1174) regret=0.103903 ape=0.5825
[17:44:34] warmStart (decay=exponential) 71% (837/1174) regret=0.103903 ape=0.5825
[17:44:35] warmStart (decay=exponential) 71% (838/1174) regret=0.103903 ape=0.5825
[17:44:35] warmStart (decay=exponential) 71% (839/1174) regret=0.103903 ape=0.5825
[17:44:35] warmStart (decay=exponential) 71% (840/1174) regret=0.103903 ape=0.5825
[17:44:35] warmStart (decay=exponential) 71% (841/1174) regret=0.103903 ape=0.5825
[17:44:35] warmStart (decay=exponential) 71% (842/1174) regret=0.103903 ape=0.5825
[17:44:35] warmStart (decay=exponential) 71% (843/1174) regret=0.103903 ape=0.5825
[17:44:36] warmStart (decay=exponential) 71% (844/1174) regret=0.103903 ape=0.5825
[17:44:36] warmStart (decay=exponential) 71% (845/1174) regret=0.103894 ape=0.5825
[17:44:36] warmStart (decay=exponential) 72% (846/1174) regret=0.103894 ape=0.5825
[17:44:36] warmStart (decay=exponential) 72% (847/1174) regret=0.103894 ape=0.5825
[17:44:36] warmStart (decay=exponential) 72% (848/1174) regret=0.103894 ape=0.5825
[17:44:36] warmStart (decay=exponential) 72% (849/1174) regret=0.103894 ape=0.5825
[17:44:36] warmStart (decay=exponential) 72% (850/1174) regret=0.103765 ape=0.5816
[17:44:37] warmStart (decay=exponential) 72% (851/1174) regret=0.103765 ape=0.5816
[17:44:37] warmStart (decay=exponential) 72% (852/1174) regret=0.103765 ape=0.5816
[17:44:37] warmStart (decay=exponential) 72% (853/1174) regret=0.103765 ape=0.5816
[17:44:37] warmStart (decay=exponential) 72% (854/1174) regret=0.103765 ape=0.5816
[17:44:37] warmStart (decay=exponential) 72% (855/1174) regret=0.103996 ape=0.5816
[17:44:37] warmStart (decay=exponential) 72% (856/1174) regret=0.103899 ape=0.5816
[17:44:38] warmStart (decay=exponential) 72% (857/1174) regret=0.103899 ape=0.5816
[17:44:38] warmStart (decay=exponential) 73% (858/1174) regret=0.103899 ape=0.5816
[17:44:38] warmStart (decay=exponential) 73% (859/1174) regret=0.103765 ape=0.5816
[17:44:38] warmStart (decay=exponential) 73% (860/1174) regret=0.103765 ape=0.5816
[17:44:38] warmStart (decay=exponential) 73% (861/1174) regret=0.103765 ape=0.5816
[17:44:38] warmStart (decay=exponential) 73% (862/1174) regret=0.103765 ape=0.5816
[17:44:39] warmStart (decay=exponential) 73% (863/1174) regret=0.103765 ape=0.5816
[17:44:39] warmStart (decay=exponential) 73% (864/1174) regret=0.103665 ape=0.5806
[17:44:39] warmStart (decay=exponential) 73% (865/1174) regret=0.103665 ape=0.5806
[17:44:39] warmStart (decay=exponential) 73% (866/1174) regret=0.103711 ape=0.5816
[17:44:39] warmStart (decay=exponential) 73% (867/1174) regret=0.103711 ape=0.5816
[17:44:39] warmStart (decay=exponential) 73% (868/1174) regret=0.103711 ape=0.5816
[17:44:40] warmStart (decay=exponential) 74% (869/1174) regret=0.103711 ape=0.5816
[17:44:40] warmStart (decay=exponential) 74% (870/1174) regret=0.103711 ape=0.5816
[17:44:40] warmStart (decay=exponential) 74% (871/1174) regret=0.103698 ape=0.5816
[17:44:40] warmStart (decay=exponential) 74% (872/1174) regret=0.103698 ape=0.5816
[17:44:40] warmStart (decay=exponential) 74% (873/1174) regret=0.103693 ape=0.5816
[17:44:40] warmStart (decay=exponential) 74% (874/1174) regret=0.103693 ape=0.5816
[17:44:40] warmStart (decay=exponential) 74% (875/1174) regret=0.103693 ape=0.5816
[17:44:41] warmStart (decay=exponential) 74% (876/1174) regret=0.103693 ape=0.5816
[17:44:41] warmStart (decay=exponential) 74% (877/1174) regret=0.103693 ape=0.5816
[17:44:41] warmStart (decay=exponential) 74% (878/1174) regret=0.103758 ape=0.5816
[17:44:41] warmStart (decay=exponential) 74% (879/1174) regret=0.103794 ape=0.5816
[17:44:41] warmStart (decay=exponential) 74% (880/1174) regret=0.103711 ape=0.5816
[17:44:41] warmStart (decay=exponential) 75% (881/1174) regret=0.103693 ape=0.5816
[17:44:42] warmStart (decay=exponential) 75% (882/1174) regret=0.103693 ape=0.5816
[17:44:42] warmStart (decay=exponential) 75% (883/1174) regret=0.103693 ape=0.5816
[17:44:42] warmStart (decay=exponential) 75% (884/1174) regret=0.103693 ape=0.5816
[17:44:42] warmStart (decay=exponential) 75% (885/1174) regret=0.103693 ape=0.5816
[17:44:42] warmStart (decay=exponential) 75% (886/1174) regret=0.103693 ape=0.5816
[17:44:42] warmStart (decay=exponential) 75% (887/1174) regret=0.103693 ape=0.5816
[17:44:43] warmStart (decay=exponential) 75% (888/1174) regret=0.103693 ape=0.5816
[17:44:43] warmStart (decay=exponential) 75% (889/1174) regret=0.103696 ape=0.5825
[17:44:43] warmStart (decay=exponential) 75% (890/1174) regret=0.103693 ape=0.5816
[17:44:43] warmStart (decay=exponential) 75% (891/1174) regret=0.103693 ape=0.5816
[17:44:43] warmStart (decay=exponential) 75% (892/1174) regret=0.103693 ape=0.5816
[17:44:43] warmStart (decay=exponential) 76% (893/1174) regret=0.103693 ape=0.5816
[17:44:44] warmStart (decay=exponential) 76% (894/1174) regret=0.103693 ape=0.5816
[17:44:44] warmStart (decay=exponential) 76% (895/1174) regret=0.103693 ape=0.5816
[17:44:44] warmStart (decay=exponential) 76% (896/1174) regret=0.103693 ape=0.5816
[17:44:44] warmStart (decay=exponential) 76% (897/1174) regret=0.103693 ape=0.5816
[17:44:44] warmStart (decay=exponential) 76% (898/1174) regret=0.103693 ape=0.5816
[17:44:44] warmStart (decay=exponential) 76% (899/1174) regret=0.103693 ape=0.5816
[17:44:44] warmStart (decay=exponential) 76% (900/1174) regret=0.103693 ape=0.5816
[17:44:45] warmStart (decay=exponential) 76% (901/1174) regret=0.103693 ape=0.5816
[17:44:45] warmStart (decay=exponential) 76% (902/1174) regret=0.103693 ape=0.5816
[17:44:45] warmStart (decay=exponential) 76% (903/1174) regret=0.103693 ape=0.5816
[17:44:45] warmStart (decay=exponential) 77% (904/1174) regret=0.103693 ape=0.5816
[17:44:45] warmStart (decay=exponential) 77% (905/1174) regret=0.103693 ape=0.5816
[17:44:45] warmStart (decay=exponential) 77% (906/1174) regret=0.103693 ape=0.5816
[17:44:45] warmStart (decay=exponential) 77% (907/1174) regret=0.103693 ape=0.5816
[17:44:46] warmStart (decay=exponential) 77% (908/1174) regret=0.103693 ape=0.5816
[17:44:46] warmStart (decay=exponential) 77% (909/1174) regret=0.103693 ape=0.5816
[17:44:46] warmStart (decay=exponential) 77% (910/1174) regret=0.103693 ape=0.5816
[17:44:46] warmStart (decay=exponential) 77% (911/1174) regret=0.103693 ape=0.5816
[17:44:46] warmStart (decay=exponential) 77% (912/1174) regret=0.103693 ape=0.5816
[17:44:46] warmStart (decay=exponential) 77% (913/1174) regret=0.103693 ape=0.5816
[17:44:47] warmStart (decay=exponential) 77% (914/1174) regret=0.103693 ape=0.5816
[17:44:47] warmStart (decay=exponential) 77% (915/1174) regret=0.103693 ape=0.5816
[17:44:47] warmStart (decay=exponential) 78% (916/1174) regret=0.103693 ape=0.5816
[17:44:47] warmStart (decay=exponential) 78% (917/1174) regret=0.103693 ape=0.5816
[17:44:47] warmStart (decay=exponential) 78% (918/1174) regret=0.103693 ape=0.5816
[17:44:47] warmStart (decay=exponential) 78% (919/1174) regret=0.103693 ape=0.5816
[17:44:48] warmStart (decay=exponential) 78% (920/1174) regret=0.103693 ape=0.5816
[17:44:48] warmStart (decay=exponential) 78% (921/1174) regret=0.103693 ape=0.5816
[17:44:48] warmStart (decay=exponential) 78% (922/1174) regret=0.103693 ape=0.5816
[17:44:48] warmStart (decay=exponential) 78% (923/1174) regret=0.103693 ape=0.5816
[17:44:48] warmStart (decay=exponential) 78% (924/1174) regret=0.103721 ape=0.5825
[17:44:48] warmStart (decay=exponential) 78% (925/1174) regret=0.103693 ape=0.5816
[17:44:49] warmStart (decay=exponential) 78% (926/1174) regret=0.103693 ape=0.5816
[17:44:49] warmStart (decay=exponential) 78% (927/1174) regret=0.103693 ape=0.5816
[17:44:49] warmStart (decay=exponential) 79% (928/1174) regret=0.103693 ape=0.5816
[17:44:49] warmStart (decay=exponential) 79% (929/1174) regret=0.103693 ape=0.5816
[17:44:49] warmStart (decay=exponential) 79% (930/1174) regret=0.103693 ape=0.5816
[17:44:49] warmStart (decay=exponential) 79% (931/1174) regret=0.103693 ape=0.5816
[17:44:49] warmStart (decay=exponential) 79% (932/1174) regret=0.103693 ape=0.5816
[17:44:50] warmStart (decay=exponential) 79% (933/1174) regret=0.103698 ape=0.5825
[17:44:50] warmStart (decay=exponential) 79% (934/1174) regret=0.103698 ape=0.5825
[17:44:50] warmStart (decay=exponential) 79% (935/1174) regret=0.103698 ape=0.5825
[17:44:50] warmStart (decay=exponential) 79% (936/1174) regret=0.103698 ape=0.5825
[17:44:50] warmStart (decay=exponential) 79% (937/1174) regret=0.103698 ape=0.5825
[17:44:50] warmStart (decay=exponential) 79% (938/1174) regret=0.103698 ape=0.5825
[17:44:51] warmStart (decay=exponential) 79% (939/1174) regret=0.103693 ape=0.5816
[17:44:51] warmStart (decay=exponential) 80% (940/1174) regret=0.103693 ape=0.5816
[17:44:51] warmStart (decay=exponential) 80% (941/1174) regret=0.103693 ape=0.5816
[17:44:51] warmStart (decay=exponential) 80% (942/1174) regret=0.103693 ape=0.5816
[17:44:51] warmStart (decay=exponential) 80% (943/1174) regret=0.103693 ape=0.5816
[17:44:51] warmStart (decay=exponential) 80% (944/1174) regret=0.103693 ape=0.5816
[17:44:52] warmStart (decay=exponential) 80% (945/1174) regret=0.103693 ape=0.5816
[17:44:52] warmStart (decay=exponential) 80% (946/1174) regret=0.103698 ape=0.5825
[17:44:52] warmStart (decay=exponential) 80% (947/1174) regret=0.103698 ape=0.5825
[17:44:52] warmStart (decay=exponential) 80% (948/1174) regret=0.103721 ape=0.5825
[17:44:52] warmStart (decay=exponential) 80% (949/1174) regret=0.103744 ape=0.5825
[17:44:52] warmStart (decay=exponential) 80% (950/1174) regret=0.103744 ape=0.5825
[17:44:52] warmStart (decay=exponential) 81% (951/1174) regret=0.103744 ape=0.5825
[17:44:53] warmStart (decay=exponential) 81% (952/1174) regret=0.103744 ape=0.5825
[17:44:53] warmStart (decay=exponential) 81% (953/1174) regret=0.103744 ape=0.5825
[17:44:53] warmStart (decay=exponential) 81% (954/1174) regret=0.103744 ape=0.5825
[17:44:53] warmStart (decay=exponential) 81% (955/1174) regret=0.103744 ape=0.5825
[17:44:53] warmStart (decay=exponential) 81% (956/1174) regret=0.103744 ape=0.5825
[17:44:54] warmStart (decay=exponential) 81% (957/1174) regret=0.103744 ape=0.5825
[17:44:54] warmStart (decay=exponential) 81% (958/1174) regret=0.103744 ape=0.5825
[17:44:54] warmStart (decay=exponential) 81% (959/1174) regret=0.103744 ape=0.5825
[17:44:54] warmStart (decay=exponential) 81% (960/1174) regret=0.103744 ape=0.5825
[17:44:54] warmStart (decay=exponential) 81% (961/1174) regret=0.103744 ape=0.5825
[17:44:54] warmStart (decay=exponential) 81% (962/1174) regret=0.103744 ape=0.5825
[17:44:55] warmStart (decay=exponential) 82% (963/1174) regret=0.103744 ape=0.5825
[17:44:55] warmStart (decay=exponential) 82% (964/1174) regret=0.103744 ape=0.5825
[17:44:55] warmStart (decay=exponential) 82% (965/1174) regret=0.103744 ape=0.5825
[17:44:55] warmStart (decay=exponential) 82% (966/1174) regret=0.103744 ape=0.5825
[17:44:55] warmStart (decay=exponential) 82% (967/1174) regret=0.103744 ape=0.5825
[17:44:55] warmStart (decay=exponential) 82% (968/1174) regret=0.103744 ape=0.5825
[17:44:56] warmStart (decay=exponential) 82% (969/1174) regret=0.103744 ape=0.5825
[17:44:56] warmStart (decay=exponential) 82% (970/1174) regret=0.103744 ape=0.5825
[17:44:56] warmStart (decay=exponential) 82% (971/1174) regret=0.103744 ape=0.5825
[17:44:56] warmStart (decay=exponential) 82% (972/1174) regret=0.103744 ape=0.5825
[17:44:56] warmStart (decay=exponential) 82% (973/1174) regret=0.103744 ape=0.5825
[17:44:56] warmStart (decay=exponential) 82% (974/1174) regret=0.103744 ape=0.5825
[17:44:56] warmStart (decay=exponential) 83% (975/1174) regret=0.103744 ape=0.5825
[17:44:57] warmStart (decay=exponential) 83% (976/1174) regret=0.103744 ape=0.5825
[17:44:57] warmStart (decay=exponential) 83% (977/1174) regret=0.103744 ape=0.5825
[17:44:57] warmStart (decay=exponential) 83% (978/1174) regret=0.103744 ape=0.5825
[17:44:57] warmStart (decay=exponential) 83% (979/1174) regret=0.103744 ape=0.5825
[17:44:57] warmStart (decay=exponential) 83% (980/1174) regret=0.103744 ape=0.5825
[17:44:57] warmStart (decay=exponential) 83% (981/1174) regret=0.103744 ape=0.5825
[17:44:57] warmStart (decay=exponential) 83% (982/1174) regret=0.103744 ape=0.5825
[17:44:58] warmStart (decay=exponential) 83% (983/1174) regret=0.103744 ape=0.5825
[17:44:58] warmStart (decay=exponential) 83% (984/1174) regret=0.103744 ape=0.5825
[17:44:58] warmStart (decay=exponential) 83% (985/1174) regret=0.103744 ape=0.5825
[17:44:58] warmStart (decay=exponential) 83% (986/1174) regret=0.103744 ape=0.5825
[17:44:58] warmStart (decay=exponential) 84% (987/1174) regret=0.103744 ape=0.5825
[17:44:58] warmStart (decay=exponential) 84% (988/1174) regret=0.103744 ape=0.5825
[17:44:58] warmStart (decay=exponential) 84% (989/1174) regret=0.103744 ape=0.5825
[17:44:59] warmStart (decay=exponential) 84% (990/1174) regret=0.103744 ape=0.5825
[17:44:59] warmStart (decay=exponential) 84% (991/1174) regret=0.103744 ape=0.5825
[17:44:59] warmStart (decay=exponential) 84% (992/1174) regret=0.103744 ape=0.5825
[17:44:59] warmStart (decay=exponential) 84% (993/1174) regret=0.103744 ape=0.5825
[17:44:59] warmStart (decay=exponential) 84% (994/1174) regret=0.103744 ape=0.5825
[17:44:59] warmStart (decay=exponential) 84% (995/1174) regret=0.103744 ape=0.5825
[17:45:00] warmStart (decay=exponential) 84% (996/1174) regret=0.103744 ape=0.5825
[17:45:00] warmStart (decay=exponential) 84% (997/1174) regret=0.103629 ape=0.5816
[17:45:00] warmStart (decay=exponential) 85% (998/1174) regret=0.103629 ape=0.5816
[17:45:00] warmStart (decay=exponential) 85% (999/1174) regret=0.103629 ape=0.5816
[17:45:00] warmStart (decay=exponential) 85% (1000/1174) regret=0.103629 ape=0.5816
[17:45:00] warmStart (decay=exponential) 85% (1001/1174) regret=0.103629 ape=0.5816
[17:45:00] warmStart (decay=exponential) 85% (1002/1174) regret=0.103629 ape=0.5816
[17:45:01] warmStart (decay=exponential) 85% (1003/1174) regret=0.103629 ape=0.5816
[17:45:01] warmStart (decay=exponential) 85% (1004/1174) regret=0.103629 ape=0.5816
[17:45:01] warmStart (decay=exponential) 85% (1005/1174) regret=0.103629 ape=0.5816
[17:45:01] warmStart (decay=exponential) 85% (1006/1174) regret=0.103629 ape=0.5816
[17:45:01] warmStart (decay=exponential) 85% (1007/1174) regret=0.103629 ape=0.5816
[17:45:01] warmStart (decay=exponential) 85% (1008/1174) regret=0.103629 ape=0.5816
[17:45:02] warmStart (decay=exponential) 85% (1009/1174) regret=0.103629 ape=0.5816
[17:45:02] warmStart (decay=exponential) 86% (1010/1174) regret=0.103629 ape=0.5816
[17:45:02] warmStart (decay=exponential) 86% (1011/1174) regret=0.103629 ape=0.5816
[17:45:02] warmStart (decay=exponential) 86% (1012/1174) regret=0.103629 ape=0.5816
[17:45:02] warmStart (decay=exponential) 86% (1013/1174) regret=0.103629 ape=0.5816
[17:45:03] warmStart (decay=exponential) 86% (1014/1174) regret=0.103629 ape=0.5816
[17:45:03] warmStart (decay=exponential) 86% (1015/1174) regret=0.103629 ape=0.5816
[17:45:03] warmStart (decay=exponential) 86% (1016/1174) regret=0.103629 ape=0.5816
[17:45:03] warmStart (decay=exponential) 86% (1017/1174) regret=0.103629 ape=0.5816
[17:45:03] warmStart (decay=exponential) 86% (1018/1174) regret=0.103629 ape=0.5816
[17:45:03] warmStart (decay=exponential) 86% (1019/1174) regret=0.103629 ape=0.5816
[17:45:04] warmStart (decay=exponential) 86% (1020/1174) regret=0.103629 ape=0.5816
[17:45:04] warmStart (decay=exponential) 86% (1021/1174) regret=0.103629 ape=0.5816
[17:45:04] warmStart (decay=exponential) 87% (1022/1174) regret=0.103629 ape=0.5816
[17:45:04] warmStart (decay=exponential) 87% (1023/1174) regret=0.103629 ape=0.5816
[17:45:04] warmStart (decay=exponential) 87% (1024/1174) regret=0.103629 ape=0.5816
[17:45:04] warmStart (decay=exponential) 87% (1025/1174) regret=0.103629 ape=0.5816
[17:45:05] warmStart (decay=exponential) 87% (1026/1174) regret=0.103629 ape=0.5816
[17:45:05] warmStart (decay=exponential) 87% (1027/1174) regret=0.103629 ape=0.5816
[17:45:05] warmStart (decay=exponential) 87% (1028/1174) regret=0.103629 ape=0.5816
[17:45:05] warmStart (decay=exponential) 87% (1029/1174) regret=0.103629 ape=0.5816
[17:45:05] warmStart (decay=exponential) 87% (1030/1174) regret=0.103629 ape=0.5816
[17:45:05] warmStart (decay=exponential) 87% (1031/1174) regret=0.103629 ape=0.5816
[17:45:06] warmStart (decay=exponential) 87% (1032/1174) regret=0.103629 ape=0.5816
[17:45:06] warmStart (decay=exponential) 87% (1033/1174) regret=0.103629 ape=0.5816
[17:45:06] warmStart (decay=exponential) 88% (1034/1174) regret=0.103629 ape=0.5816
[17:45:06] warmStart (decay=exponential) 88% (1035/1174) regret=0.103629 ape=0.5816
[17:45:06] warmStart (decay=exponential) 88% (1036/1174) regret=0.103629 ape=0.5816
[17:45:07] warmStart (decay=exponential) 88% (1037/1174) regret=0.103629 ape=0.5816
[17:45:07] warmStart (decay=exponential) 88% (1038/1174) regret=0.103629 ape=0.5816
[17:45:07] warmStart (decay=exponential) 88% (1039/1174) regret=0.103629 ape=0.5816
[17:45:07] warmStart (decay=exponential) 88% (1040/1174) regret=0.103629 ape=0.5816
[17:45:07] warmStart (decay=exponential) 88% (1041/1174) regret=0.103629 ape=0.5816
[17:45:07] warmStart (decay=exponential) 88% (1042/1174) regret=0.103629 ape=0.5816
[17:45:08] warmStart (decay=exponential) 88% (1043/1174) regret=0.103629 ape=0.5816
[17:45:08] warmStart (decay=exponential) 88% (1044/1174) regret=0.103629 ape=0.5816
[17:45:08] warmStart (decay=exponential) 89% (1045/1174) regret=0.103629 ape=0.5816
[17:45:08] warmStart (decay=exponential) 89% (1046/1174) regret=0.103629 ape=0.5816
[17:45:08] warmStart (decay=exponential) 89% (1047/1174) regret=0.103629 ape=0.5816
[17:45:08] warmStart (decay=exponential) 89% (1048/1174) regret=0.103629 ape=0.5816
[17:45:09] warmStart (decay=exponential) 89% (1049/1174) regret=0.103629 ape=0.5816
[17:45:09] warmStart (decay=exponential) 89% (1050/1174) regret=0.103629 ape=0.5816
[17:45:09] warmStart (decay=exponential) 89% (1051/1174) regret=0.103629 ape=0.5816
[17:45:09] warmStart (decay=exponential) 89% (1052/1174) regret=0.103629 ape=0.5816
[17:45:09] warmStart (decay=exponential) 89% (1053/1174) regret=0.103629 ape=0.5816
[17:45:09] warmStart (decay=exponential) 89% (1054/1174) regret=0.103629 ape=0.5816
[17:45:10] warmStart (decay=exponential) 89% (1055/1174) regret=0.103629 ape=0.5816
[17:45:10] warmStart (decay=exponential) 89% (1056/1174) regret=0.103629 ape=0.5816
[17:45:10] warmStart (decay=exponential) 90% (1057/1174) regret=0.103629 ape=0.5816
[17:45:10] warmStart (decay=exponential) 90% (1058/1174) regret=0.103629 ape=0.5816
[17:45:10] warmStart (decay=exponential) 90% (1059/1174) regret=0.103629 ape=0.5816
[17:45:11] warmStart (decay=exponential) 90% (1060/1174) regret=0.103629 ape=0.5816
[17:45:11] warmStart (decay=exponential) 90% (1061/1174) regret=0.103629 ape=0.5816
[17:45:11] warmStart (decay=exponential) 90% (1062/1174) regret=0.103629 ape=0.5816
[17:45:11] warmStart (decay=exponential) 90% (1063/1174) regret=0.103629 ape=0.5816
[17:45:11] warmStart (decay=exponential) 90% (1064/1174) regret=0.103629 ape=0.5816
[17:45:11] warmStart (decay=exponential) 90% (1065/1174) regret=0.103629 ape=0.5816
[17:45:12] warmStart (decay=exponential) 90% (1066/1174) regret=0.103629 ape=0.5816
[17:45:12] warmStart (decay=exponential) 90% (1067/1174) regret=0.103629 ape=0.5816
[17:45:12] warmStart (decay=exponential) 90% (1068/1174) regret=0.103629 ape=0.5816
[17:45:12] warmStart (decay=exponential) 91% (1069/1174) regret=0.103629 ape=0.5816
[17:45:12] warmStart (decay=exponential) 91% (1070/1174) regret=0.103629 ape=0.5816
[17:45:12] warmStart (decay=exponential) 91% (1071/1174) regret=0.103629 ape=0.5816
[17:45:13] warmStart (decay=exponential) 91% (1072/1174) regret=0.103629 ape=0.5816
[17:45:13] warmStart (decay=exponential) 91% (1073/1174) regret=0.103629 ape=0.5816
[17:45:13] warmStart (decay=exponential) 91% (1074/1174) regret=0.103854 ape=0.5816
[17:45:13] warmStart (decay=exponential) 91% (1075/1174) regret=0.103550 ape=0.5806
[17:45:13] warmStart (decay=exponential) 91% (1076/1174) regret=0.103550 ape=0.5806
[17:45:14] warmStart (decay=exponential) 91% (1077/1174) regret=0.103550 ape=0.5806
[17:45:14] warmStart (decay=exponential) 91% (1078/1174) regret=0.103550 ape=0.5806
[17:45:14] warmStart (decay=exponential) 91% (1079/1174) regret=0.103550 ape=0.5806
[17:45:14] warmStart (decay=exponential) 91% (1080/1174) regret=0.103550 ape=0.5806
[17:45:14] warmStart (decay=exponential) 92% (1081/1174) regret=0.103550 ape=0.5806
[17:45:14] warmStart (decay=exponential) 92% (1082/1174) regret=0.103550 ape=0.5806
[17:45:15] warmStart (decay=exponential) 92% (1083/1174) regret=0.103550 ape=0.5806
[17:45:15] warmStart (decay=exponential) 92% (1084/1174) regret=0.103550 ape=0.5806
[17:45:15] warmStart (decay=exponential) 92% (1085/1174) regret=0.103550 ape=0.5806
[17:45:15] warmStart (decay=exponential) 92% (1086/1174) regret=0.103550 ape=0.5806
[17:45:15] warmStart (decay=exponential) 92% (1087/1174) regret=0.103550 ape=0.5806
[17:45:15] warmStart (decay=exponential) 92% (1088/1174) regret=0.103550 ape=0.5806
[17:45:16] warmStart (decay=exponential) 92% (1089/1174) regret=0.103550 ape=0.5806
[17:45:16] warmStart (decay=exponential) 92% (1090/1174) regret=0.103550 ape=0.5806
[17:45:16] warmStart (decay=exponential) 92% (1091/1174) regret=0.103550 ape=0.5806
[17:45:16] warmStart (decay=exponential) 93% (1092/1174) regret=0.103550 ape=0.5806
[17:45:16] warmStart (decay=exponential) 93% (1093/1174) regret=0.103550 ape=0.5806
[17:45:16] warmStart (decay=exponential) 93% (1094/1174) regret=0.103550 ape=0.5806
[17:45:16] warmStart (decay=exponential) 93% (1095/1174) regret=0.103550 ape=0.5806
[17:45:17] warmStart (decay=exponential) 93% (1096/1174) regret=0.103550 ape=0.5806
[17:45:17] warmStart (decay=exponential) 93% (1097/1174) regret=0.103550 ape=0.5806
[17:45:17] warmStart (decay=exponential) 93% (1098/1174) regret=0.103550 ape=0.5806
[17:45:17] warmStart (decay=exponential) 93% (1099/1174) regret=0.103550 ape=0.5806
[17:45:17] warmStart (decay=exponential) 93% (1100/1174) regret=0.103550 ape=0.5806
[17:45:17] warmStart (decay=exponential) 93% (1101/1174) regret=0.103550 ape=0.5806
[17:45:18] warmStart (decay=exponential) 93% (1102/1174) regret=0.103550 ape=0.5806
[17:45:18] warmStart (decay=exponential) 93% (1103/1174) regret=0.103550 ape=0.5806
[17:45:18] warmStart (decay=exponential) 94% (1104/1174) regret=0.103550 ape=0.5806
[17:45:18] warmStart (decay=exponential) 94% (1105/1174) regret=0.103550 ape=0.5806
[17:45:18] warmStart (decay=exponential) 94% (1106/1174) regret=0.103550 ape=0.5806
[17:45:18] warmStart (decay=exponential) 94% (1107/1174) regret=0.103550 ape=0.5806
[17:45:19] warmStart (decay=exponential) 94% (1108/1174) regret=0.103550 ape=0.5806
[17:45:19] warmStart (decay=exponential) 94% (1109/1174) regret=0.103550 ape=0.5806
[17:45:19] warmStart (decay=exponential) 94% (1110/1174) regret=0.103550 ape=0.5806
[17:45:19] warmStart (decay=exponential) 94% (1111/1174) regret=0.103550 ape=0.5806
[17:45:19] warmStart (decay=exponential) 94% (1112/1174) regret=0.103550 ape=0.5806
[17:45:19] warmStart (decay=exponential) 94% (1113/1174) regret=0.103550 ape=0.5806
[17:45:20] warmStart (decay=exponential) 94% (1114/1174) regret=0.103550 ape=0.5806
[17:45:20] warmStart (decay=exponential) 94% (1115/1174) regret=0.103550 ape=0.5806
[17:45:20] warmStart (decay=exponential) 95% (1116/1174) regret=0.103550 ape=0.5806
[17:45:20] warmStart (decay=exponential) 95% (1117/1174) regret=0.103550 ape=0.5806
[17:45:20] warmStart (decay=exponential) 95% (1118/1174) regret=0.103550 ape=0.5806
[17:45:20] warmStart (decay=exponential) 95% (1119/1174) regret=0.103550 ape=0.5806
[17:45:20] warmStart (decay=exponential) 95% (1120/1174) regret=0.103550 ape=0.5806
[17:45:21] warmStart (decay=exponential) 95% (1121/1174) regret=0.103550 ape=0.5806
[17:45:21] warmStart (decay=exponential) 95% (1122/1174) regret=0.103550 ape=0.5806
[17:45:21] warmStart (decay=exponential) 95% (1123/1174) regret=0.103550 ape=0.5806
[17:45:21] warmStart (decay=exponential) 95% (1124/1174) regret=0.103550 ape=0.5806
[17:45:21] warmStart (decay=exponential) 95% (1125/1174) regret=0.103550 ape=0.5806
[17:45:21] warmStart (decay=exponential) 95% (1126/1174) regret=0.103550 ape=0.5806
[17:45:22] warmStart (decay=exponential) 95% (1127/1174) regret=0.103550 ape=0.5806
[17:45:22] warmStart (decay=exponential) 96% (1128/1174) regret=0.103550 ape=0.5806
[17:45:22] warmStart (decay=exponential) 96% (1129/1174) regret=0.103550 ape=0.5806
[17:45:22] warmStart (decay=exponential) 96% (1130/1174) regret=0.103550 ape=0.5806
[17:45:22] warmStart (decay=exponential) 96% (1131/1174) regret=0.103550 ape=0.5806
[17:45:22] warmStart (decay=exponential) 96% (1132/1174) regret=0.103550 ape=0.5806
[17:45:23] warmStart (decay=exponential) 96% (1133/1174) regret=0.103550 ape=0.5806
[17:45:23] warmStart (decay=exponential) 96% (1134/1174) regret=0.103550 ape=0.5806
[17:45:23] warmStart (decay=exponential) 96% (1135/1174) regret=0.103550 ape=0.5806
[17:45:23] warmStart (decay=exponential) 96% (1136/1174) regret=0.103550 ape=0.5806
[17:45:23] warmStart (decay=exponential) 96% (1137/1174) regret=0.103550 ape=0.5806
[17:45:23] warmStart (decay=exponential) 96% (1138/1174) regret=0.103550 ape=0.5806
[17:45:24] warmStart (decay=exponential) 97% (1139/1174) regret=0.103550 ape=0.5806
[17:45:24] warmStart (decay=exponential) 97% (1140/1174) regret=0.103550 ape=0.5806
[17:45:24] warmStart (decay=exponential) 97% (1141/1174) regret=0.103550 ape=0.5806
[17:45:24] warmStart (decay=exponential) 97% (1142/1174) regret=0.103550 ape=0.5806
[17:45:24] warmStart (decay=exponential) 97% (1143/1174) regret=0.103550 ape=0.5806
[17:45:24] warmStart (decay=exponential) 97% (1144/1174) regret=0.103550 ape=0.5806
[17:45:25] warmStart (decay=exponential) 97% (1145/1174) regret=0.103550 ape=0.5806
[17:45:25] warmStart (decay=exponential) 97% (1146/1174) regret=0.103550 ape=0.5806
[17:45:25] warmStart (decay=exponential) 97% (1147/1174) regret=0.103550 ape=0.5806
[17:45:25] warmStart (decay=exponential) 97% (1148/1174) regret=0.103550 ape=0.5806
[17:45:25] warmStart (decay=exponential) 97% (1149/1174) regret=0.103550 ape=0.5806
[17:45:25] warmStart (decay=exponential) 97% (1150/1174) regret=0.103550 ape=0.5806
[17:45:25] warmStart (decay=exponential) 98% (1151/1174) regret=0.103550 ape=0.5806
[17:45:26] warmStart (decay=exponential) 98% (1152/1174) regret=0.103550 ape=0.5806
[17:45:26] warmStart (decay=exponential) 98% (1153/1174) regret=0.103550 ape=0.5806
[17:45:26] warmStart (decay=exponential) 98% (1154/1174) regret=0.103550 ape=0.5806
[17:45:26] warmStart (decay=exponential) 98% (1155/1174) regret=0.103550 ape=0.5806
[17:45:26] warmStart (decay=exponential) 98% (1156/1174) regret=0.103550 ape=0.5806
[17:45:26] warmStart (decay=exponential) 98% (1157/1174) regret=0.103550 ape=0.5806
[17:45:27] warmStart (decay=exponential) 98% (1158/1174) regret=0.103550 ape=0.5806
[17:45:27] warmStart (decay=exponential) 98% (1159/1174) regret=0.103550 ape=0.5806
[17:45:27] warmStart (decay=exponential) 98% (1160/1174) regret=0.103550 ape=0.5806
[17:45:27] warmStart (decay=exponential) 98% (1161/1174) regret=0.103550 ape=0.5806
[17:45:27] warmStart (decay=exponential) 98% (1162/1174) regret=0.103550 ape=0.5806
[17:45:27] warmStart (decay=exponential) 99% (1163/1174) regret=0.103550 ape=0.5806
[17:45:28] warmStart (decay=exponential) 99% (1164/1174) regret=0.103550 ape=0.5806
[17:45:28] warmStart (decay=exponential) 99% (1165/1174) regret=0.103550 ape=0.5806
[17:45:28] warmStart (decay=exponential) 99% (1166/1174) regret=0.103550 ape=0.5806
[17:45:28] warmStart (decay=exponential) 99% (1167/1174) regret=0.103550 ape=0.5806
[17:45:28] warmStart (decay=exponential) 99% (1168/1174) regret=0.103550 ape=0.5806
[17:45:28] warmStart (decay=exponential) 99% (1169/1174) regret=0.103550 ape=0.5806
[17:45:29] warmStart (decay=exponential) 99% (1170/1174) regret=0.103550 ape=0.5806
[17:45:29] warmStart (decay=exponential) 99% (1171/1174) regret=0.103550 ape=0.5806
[17:45:29] warmStart (decay=exponential) 99% (1172/1174) regret=0.103550 ape=0.5806
[17:45:29] warmStart (decay=exponential) 99% (1173/1174) regret=0.103550 ape=0.5806
Warm w=50 finished: 1173 points, 191.05s wall time
  Final: regret=0.103550, ape=0.5806

Saved: /home/users/g/s/gsavary/LudiiMCTSVariations/slurm_sweep_full_dataset/output_decay/warm_50_decay_exponential_0_025/seed_3/sweep_decay_warm_50_exponential_0.025_3_20260426_174529.json

Generating plots...
Saved: /home/users/g/s/gsavary/LudiiMCTSVariations/slurm_sweep_full_dataset/output_decay/warm_50_decay_exponential_0_025/seed_3/sweep_decay_warm_50_exponential_0.025_3_20260426_174529_regret.png
Saved: /home/users/g/s/gsavary/LudiiMCTSVariations/slurm_sweep_full_dataset/output_decay/warm_50_decay_exponential_0_025/seed_3/sweep_decay_warm_50_exponential_0.025_3_20260426_174529_ape.png

================================================================================
Experiment complete!
================================================================================
Done. Results in: /home/users/g/s/gsavary/LudiiMCTSVariations/slurm_sweep_full_dataset/output_decay/warm_50_decay_exponential_0_025/seed_3
