============================================================
Decay sweep experiment
Method:      warm:50
Decay mode:  exponential
Decay param: 0.05
Seed:        2
Output:      /home/users/g/s/gsavary/LudiiMCTSVariations/slurm_sweep_full_dataset/output_decay/warm_50_decay_exponential_0_05/seed_2
============================================================

================================================================================
SLURM Sweep Experiment with Synthetic Data Decay
================================================================================
Method: warm:50
Decay: exponential (param=0.05)
Time limit: 3600.0s, Seed: 2, Batch size: 20
Output directory: /home/users/g/s/gsavary/LudiiMCTSVariations/slurm_sweep_full_dataset/output_decay/warm_50_decay_exponential_0_05/seed_2

Loading Ludii dataset...
Loaded 1085 games
Using 1085 games (full dataset)

Running timing probe (100 pulls)...
  Estimated secs/pull: 0.024209

Time budget: 3600.0s → ~148703 total pulls
Per-method budget: 21243 pulls (~514.3s)

Computing predictor-only performance...
  Predictions loaded: 23675 agent predictions
  Predictor-only: regret=0.104318, ape=0.4894

Running WARM-START (w=50, decay=exponential param=0.05)...
[17:42:24] warmStart (decay=exponential) 0% (1/1063) regret=0.110142 ape=0.6046
[17:42:24] warmStart (decay=exponential) 0% (2/1063) regret=0.110142 ape=0.6046
[17:42:24] warmStart (decay=exponential) 0% (3/1063) regret=0.110142 ape=0.6046
[17:42:24] warmStart (decay=exponential) 0% (4/1063) regret=0.110142 ape=0.6046
[17:42:25] warmStart (decay=exponential) 0% (5/1063) regret=0.110137 ape=0.6037
[17:42:25] warmStart (decay=exponential) 0% (6/1063) regret=0.110133 ape=0.6037
[17:42:25] warmStart (decay=exponential) 0% (7/1063) regret=0.110137 ape=0.6037
[17:42:25] warmStart (decay=exponential) 0% (8/1063) regret=0.110137 ape=0.6037
[17:42:25] warmStart (decay=exponential) 0% (9/1063) regret=0.110137 ape=0.6037
[17:42:25] warmStart (decay=exponential) 0% (10/1063) regret=0.110137 ape=0.6037
[17:42:26] warmStart (decay=exponential) 1% (11/1063) regret=0.110133 ape=0.6037
[17:42:26] warmStart (decay=exponential) 1% (12/1063) regret=0.110137 ape=0.6037
[17:42:26] warmStart (decay=exponential) 1% (13/1063) regret=0.109303 ape=0.6037
[17:42:26] warmStart (decay=exponential) 1% (14/1063) regret=0.109303 ape=0.6037
[17:42:26] warmStart (decay=exponential) 1% (15/1063) regret=0.109128 ape=0.6028
[17:42:26] warmStart (decay=exponential) 1% (16/1063) regret=0.109128 ape=0.6028
[17:42:27] warmStart (decay=exponential) 1% (17/1063) regret=0.109128 ape=0.6028
[17:42:27] warmStart (decay=exponential) 1% (18/1063) regret=0.109128 ape=0.6028
[17:42:27] warmStart (decay=exponential) 1% (19/1063) regret=0.109128 ape=0.6028
[17:42:27] warmStart (decay=exponential) 1% (20/1063) regret=0.109128 ape=0.6028
[17:42:27] warmStart (decay=exponential) 1% (21/1063) regret=0.109128 ape=0.6028
[17:42:27] warmStart (decay=exponential) 2% (22/1063) regret=0.109128 ape=0.6028
[17:42:28] warmStart (decay=exponential) 2% (23/1063) regret=0.109128 ape=0.6028
[17:42:28] warmStart (decay=exponential) 2% (24/1063) regret=0.109128 ape=0.6028
[17:42:28] warmStart (decay=exponential) 2% (25/1063) regret=0.109128 ape=0.6028
[17:42:28] warmStart (decay=exponential) 2% (26/1063) regret=0.109128 ape=0.6028
[17:42:28] warmStart (decay=exponential) 2% (27/1063) regret=0.109128 ape=0.6028
[17:42:28] warmStart (decay=exponential) 2% (28/1063) regret=0.109128 ape=0.6028
[17:42:29] warmStart (decay=exponential) 2% (29/1063) regret=0.109234 ape=0.6037
[17:42:29] warmStart (decay=exponential) 2% (30/1063) regret=0.109234 ape=0.6037
[17:42:29] warmStart (decay=exponential) 2% (31/1063) regret=0.109275 ape=0.6037
[17:42:29] warmStart (decay=exponential) 3% (32/1063) regret=0.109234 ape=0.6037
[17:42:29] warmStart (decay=exponential) 3% (33/1063) regret=0.109128 ape=0.6028
[17:42:29] warmStart (decay=exponential) 3% (34/1063) regret=0.109128 ape=0.6028
[17:42:29] warmStart (decay=exponential) 3% (35/1063) regret=0.109108 ape=0.6028
[17:42:30] warmStart (decay=exponential) 3% (36/1063) regret=0.109128 ape=0.6028
[17:42:30] warmStart (decay=exponential) 3% (37/1063) regret=0.109108 ape=0.6028
[17:42:30] warmStart (decay=exponential) 3% (38/1063) regret=0.109108 ape=0.6028
[17:42:30] warmStart (decay=exponential) 3% (39/1063) regret=0.109128 ape=0.6028
[17:42:30] warmStart (decay=exponential) 3% (40/1063) regret=0.109108 ape=0.6028
[17:42:30] warmStart (decay=exponential) 3% (41/1063) regret=0.109129 ape=0.6028
[17:42:31] warmStart (decay=exponential) 3% (42/1063) regret=0.109128 ape=0.6028
[17:42:31] warmStart (decay=exponential) 4% (43/1063) regret=0.109128 ape=0.6028
[17:42:31] warmStart (decay=exponential) 4% (44/1063) regret=0.109128 ape=0.6028
[17:42:31] warmStart (decay=exponential) 4% (45/1063) regret=0.109128 ape=0.6028
[17:42:31] warmStart (decay=exponential) 4% (46/1063) regret=0.109128 ape=0.6028
[17:42:31] warmStart (decay=exponential) 4% (47/1063) regret=0.109128 ape=0.6028
[17:42:32] warmStart (decay=exponential) 4% (48/1063) regret=0.109128 ape=0.6028
[17:42:32] warmStart (decay=exponential) 4% (49/1063) regret=0.109108 ape=0.6028
[17:42:32] warmStart (decay=exponential) 4% (50/1063) regret=0.109108 ape=0.6028
[17:42:32] warmStart (decay=exponential) 4% (51/1063) regret=0.109108 ape=0.6028
[17:42:32] warmStart (decay=exponential) 4% (52/1063) regret=0.109108 ape=0.6028
[17:42:32] warmStart (decay=exponential) 4% (53/1063) regret=0.109108 ape=0.6028
[17:42:32] warmStart (decay=exponential) 5% (54/1063) regret=0.109108 ape=0.6028
[17:42:33] warmStart (decay=exponential) 5% (55/1063) regret=0.109108 ape=0.6028
[17:42:33] warmStart (decay=exponential) 5% (56/1063) regret=0.109108 ape=0.6028
[17:42:33] warmStart (decay=exponential) 5% (57/1063) regret=0.109108 ape=0.6028
[17:42:33] warmStart (decay=exponential) 5% (58/1063) regret=0.109108 ape=0.6028
[17:42:33] warmStart (decay=exponential) 5% (59/1063) regret=0.109108 ape=0.6028
[17:42:33] warmStart (decay=exponential) 5% (60/1063) regret=0.109108 ape=0.6028
[17:42:34] warmStart (decay=exponential) 5% (61/1063) regret=0.109108 ape=0.6028
[17:42:34] warmStart (decay=exponential) 5% (62/1063) regret=0.109108 ape=0.6028
[17:42:34] warmStart (decay=exponential) 5% (63/1063) regret=0.109108 ape=0.6028
[17:42:34] warmStart (decay=exponential) 6% (64/1063) regret=0.109108 ape=0.6028
[17:42:34] warmStart (decay=exponential) 6% (65/1063) regret=0.109108 ape=0.6028
[17:42:34] warmStart (decay=exponential) 6% (66/1063) regret=0.109108 ape=0.6028
[17:42:35] warmStart (decay=exponential) 6% (67/1063) regret=0.109108 ape=0.6028
[17:42:35] warmStart (decay=exponential) 6% (68/1063) regret=0.109108 ape=0.6028
[17:42:35] warmStart (decay=exponential) 6% (69/1063) regret=0.109108 ape=0.6028
[17:42:35] warmStart (decay=exponential) 6% (70/1063) regret=0.109108 ape=0.6028
[17:42:35] warmStart (decay=exponential) 6% (71/1063) regret=0.109108 ape=0.6028
[17:42:35] warmStart (decay=exponential) 6% (72/1063) regret=0.109108 ape=0.6028
[17:42:35] warmStart (decay=exponential) 6% (73/1063) regret=0.109108 ape=0.6028
[17:42:36] warmStart (decay=exponential) 6% (74/1063) regret=0.109108 ape=0.6028
[17:42:36] warmStart (decay=exponential) 7% (75/1063) regret=0.109108 ape=0.6028
[17:42:36] warmStart (decay=exponential) 7% (76/1063) regret=0.109108 ape=0.6028
[17:42:36] warmStart (decay=exponential) 7% (77/1063) regret=0.109036 ape=0.6018
[17:42:36] warmStart (decay=exponential) 7% (78/1063) regret=0.109036 ape=0.6018
[17:42:36] warmStart (decay=exponential) 7% (79/1063) regret=0.109036 ape=0.6018
[17:42:37] warmStart (decay=exponential) 7% (80/1063) regret=0.109242 ape=0.6028
[17:42:37] warmStart (decay=exponential) 7% (81/1063) regret=0.109242 ape=0.6028
[17:42:37] warmStart (decay=exponential) 7% (82/1063) regret=0.109242 ape=0.6028
[17:42:37] warmStart (decay=exponential) 7% (83/1063) regret=0.109242 ape=0.6028
[17:42:37] warmStart (decay=exponential) 7% (84/1063) regret=0.109242 ape=0.6028
[17:42:37] warmStart (decay=exponential) 7% (85/1063) regret=0.109410 ape=0.6028
[17:42:38] warmStart (decay=exponential) 8% (86/1063) regret=0.109292 ape=0.6028
[17:42:38] warmStart (decay=exponential) 8% (87/1063) regret=0.109295 ape=0.6028
[17:42:38] warmStart (decay=exponential) 8% (88/1063) regret=0.109200 ape=0.6028
[17:42:38] warmStart (decay=exponential) 8% (89/1063) regret=0.109242 ape=0.6028
[17:42:38] warmStart (decay=exponential) 8% (90/1063) regret=0.109242 ape=0.6028
[17:42:39] warmStart (decay=exponential) 8% (91/1063) regret=0.109242 ape=0.6028
[17:42:39] warmStart (decay=exponential) 8% (92/1063) regret=0.109242 ape=0.6028
[17:42:39] warmStart (decay=exponential) 8% (93/1063) regret=0.109242 ape=0.6028
[17:42:39] warmStart (decay=exponential) 8% (94/1063) regret=0.109242 ape=0.6028
[17:42:39] warmStart (decay=exponential) 8% (95/1063) regret=0.109242 ape=0.6028
[17:42:39] warmStart (decay=exponential) 9% (96/1063) regret=0.109242 ape=0.6028
[17:42:40] warmStart (decay=exponential) 9% (97/1063) regret=0.109242 ape=0.6028
[17:42:40] warmStart (decay=exponential) 9% (98/1063) regret=0.109242 ape=0.6028
[17:42:40] warmStart (decay=exponential) 9% (99/1063) regret=0.109242 ape=0.6028
[17:42:40] warmStart (decay=exponential) 9% (100/1063) regret=0.109242 ape=0.6028
[17:42:40] warmStart (decay=exponential) 9% (101/1063) regret=0.109156 ape=0.6018
[17:42:40] warmStart (decay=exponential) 9% (102/1063) regret=0.109156 ape=0.6018
[17:42:41] warmStart (decay=exponential) 9% (103/1063) regret=0.109150 ape=0.6018
[17:42:41] warmStart (decay=exponential) 9% (104/1063) regret=0.109150 ape=0.6018
[17:42:41] warmStart (decay=exponential) 9% (105/1063) regret=0.109150 ape=0.6018
[17:42:41] warmStart (decay=exponential) 9% (106/1063) regret=0.109150 ape=0.6018
[17:42:41] warmStart (decay=exponential) 10% (107/1063) regret=0.109150 ape=0.6018
[17:42:41] warmStart (decay=exponential) 10% (108/1063) regret=0.109150 ape=0.6018
[17:42:42] warmStart (decay=exponential) 10% (109/1063) regret=0.109148 ape=0.6018
[17:42:42] warmStart (decay=exponential) 10% (110/1063) regret=0.109148 ape=0.6018
[17:42:42] warmStart (decay=exponential) 10% (111/1063) regret=0.109152 ape=0.6018
[17:42:42] warmStart (decay=exponential) 10% (112/1063) regret=0.109152 ape=0.6018
[17:42:42] warmStart (decay=exponential) 10% (113/1063) regret=0.109152 ape=0.6018
[17:42:42] warmStart (decay=exponential) 10% (114/1063) regret=0.109135 ape=0.6009
[17:42:42] warmStart (decay=exponential) 10% (115/1063) regret=0.109135 ape=0.6009
[17:42:43] warmStart (decay=exponential) 10% (116/1063) regret=0.109156 ape=0.6018
[17:42:43] warmStart (decay=exponential) 11% (117/1063) regret=0.109135 ape=0.6009
[17:42:43] warmStart (decay=exponential) 11% (118/1063) regret=0.109135 ape=0.6009
[17:42:43] warmStart (decay=exponential) 11% (119/1063) regret=0.109135 ape=0.6009
[17:42:43] warmStart (decay=exponential) 11% (120/1063) regret=0.108877 ape=0.6000
[17:42:43] warmStart (decay=exponential) 11% (121/1063) regret=0.108866 ape=0.5991
[17:42:44] warmStart (decay=exponential) 11% (122/1063) regret=0.108866 ape=0.5991
[17:42:44] warmStart (decay=exponential) 11% (123/1063) regret=0.108866 ape=0.5991
[17:42:44] warmStart (decay=exponential) 11% (124/1063) regret=0.108866 ape=0.5991
[17:42:44] warmStart (decay=exponential) 11% (125/1063) regret=0.108866 ape=0.5991
[17:42:44] warmStart (decay=exponential) 11% (126/1063) regret=0.108866 ape=0.5991
[17:42:44] warmStart (decay=exponential) 11% (127/1063) regret=0.108866 ape=0.5991
[17:42:44] warmStart (decay=exponential) 12% (128/1063) regret=0.108866 ape=0.5991
[17:42:45] warmStart (decay=exponential) 12% (129/1063) regret=0.108866 ape=0.5991
[17:42:45] warmStart (decay=exponential) 12% (130/1063) regret=0.108866 ape=0.5991
[17:42:45] warmStart (decay=exponential) 12% (131/1063) regret=0.108866 ape=0.5991
[17:42:45] warmStart (decay=exponential) 12% (132/1063) regret=0.108866 ape=0.5991
[17:42:45] warmStart (decay=exponential) 12% (133/1063) regret=0.108866 ape=0.5991
[17:42:45] warmStart (decay=exponential) 12% (134/1063) regret=0.108866 ape=0.5991
[17:42:46] warmStart (decay=exponential) 12% (135/1063) regret=0.108866 ape=0.5991
[17:42:46] warmStart (decay=exponential) 12% (136/1063) regret=0.108866 ape=0.5991
[17:42:46] warmStart (decay=exponential) 12% (137/1063) regret=0.108866 ape=0.5991
[17:42:46] warmStart (decay=exponential) 12% (138/1063) regret=0.108866 ape=0.5991
[17:42:46] warmStart (decay=exponential) 13% (139/1063) regret=0.108866 ape=0.5991
[17:42:46] warmStart (decay=exponential) 13% (140/1063) regret=0.108866 ape=0.5991
[17:42:47] warmStart (decay=exponential) 13% (141/1063) regret=0.108866 ape=0.5991
[17:42:47] warmStart (decay=exponential) 13% (142/1063) regret=0.108866 ape=0.5991
[17:42:47] warmStart (decay=exponential) 13% (143/1063) regret=0.108866 ape=0.5991
[17:42:47] warmStart (decay=exponential) 13% (144/1063) regret=0.108866 ape=0.5991
[17:42:47] warmStart (decay=exponential) 13% (145/1063) regret=0.108866 ape=0.5991
[17:42:48] warmStart (decay=exponential) 13% (146/1063) regret=0.108866 ape=0.5991
[17:42:48] warmStart (decay=exponential) 13% (147/1063) regret=0.108866 ape=0.5991
[17:42:48] warmStart (decay=exponential) 13% (148/1063) regret=0.108866 ape=0.5991
[17:42:48] warmStart (decay=exponential) 14% (149/1063) regret=0.108866 ape=0.5991
[17:42:48] warmStart (decay=exponential) 14% (150/1063) regret=0.108866 ape=0.5991
[17:42:48] warmStart (decay=exponential) 14% (151/1063) regret=0.108866 ape=0.5991
[17:42:49] warmStart (decay=exponential) 14% (152/1063) regret=0.108866 ape=0.5991
[17:42:49] warmStart (decay=exponential) 14% (153/1063) regret=0.108866 ape=0.5991
[17:42:49] warmStart (decay=exponential) 14% (154/1063) regret=0.108866 ape=0.5991
[17:42:49] warmStart (decay=exponential) 14% (155/1063) regret=0.108866 ape=0.5991
[17:42:49] warmStart (decay=exponential) 14% (156/1063) regret=0.108866 ape=0.5991
[17:42:50] warmStart (decay=exponential) 14% (157/1063) regret=0.108866 ape=0.5991
[17:42:50] warmStart (decay=exponential) 14% (158/1063) regret=0.108866 ape=0.5991
[17:42:50] warmStart (decay=exponential) 14% (159/1063) regret=0.108866 ape=0.5991
[17:42:50] warmStart (decay=exponential) 15% (160/1063) regret=0.108866 ape=0.5991
[17:42:50] warmStart (decay=exponential) 15% (161/1063) regret=0.108866 ape=0.5991
[17:42:50] warmStart (decay=exponential) 15% (162/1063) regret=0.108866 ape=0.5991
[17:42:51] warmStart (decay=exponential) 15% (163/1063) regret=0.108866 ape=0.5991
[17:42:51] warmStart (decay=exponential) 15% (164/1063) regret=0.108866 ape=0.5991
[17:42:51] warmStart (decay=exponential) 15% (165/1063) regret=0.108866 ape=0.5991
[17:42:51] warmStart (decay=exponential) 15% (166/1063) regret=0.108866 ape=0.5991
[17:42:51] warmStart (decay=exponential) 15% (167/1063) regret=0.108866 ape=0.5991
[17:42:51] warmStart (decay=exponential) 15% (168/1063) regret=0.108866 ape=0.5991
[17:42:52] warmStart (decay=exponential) 15% (169/1063) regret=0.108866 ape=0.5991
[17:42:52] warmStart (decay=exponential) 15% (170/1063) regret=0.108866 ape=0.5991
[17:42:52] warmStart (decay=exponential) 16% (171/1063) regret=0.108866 ape=0.5991
[17:42:52] warmStart (decay=exponential) 16% (172/1063) regret=0.108866 ape=0.5991
[17:42:53] warmStart (decay=exponential) 16% (173/1063) regret=0.108866 ape=0.5991
[17:42:53] warmStart (decay=exponential) 16% (174/1063) regret=0.108866 ape=0.5991
[17:42:53] warmStart (decay=exponential) 16% (175/1063) regret=0.108866 ape=0.5991
[17:42:53] warmStart (decay=exponential) 16% (176/1063) regret=0.108866 ape=0.5991
[17:42:54] warmStart (decay=exponential) 16% (177/1063) regret=0.108866 ape=0.5991
[17:42:54] warmStart (decay=exponential) 16% (178/1063) regret=0.108866 ape=0.5991
[17:42:54] warmStart (decay=exponential) 16% (179/1063) regret=0.108866 ape=0.5991
[17:42:54] warmStart (decay=exponential) 16% (180/1063) regret=0.108866 ape=0.5991
[17:42:54] warmStart (decay=exponential) 17% (181/1063) regret=0.108866 ape=0.5991
[17:42:55] warmStart (decay=exponential) 17% (182/1063) regret=0.108866 ape=0.5991
[17:42:55] warmStart (decay=exponential) 17% (183/1063) regret=0.108866 ape=0.5991
[17:42:55] warmStart (decay=exponential) 17% (184/1063) regret=0.108866 ape=0.5991
[17:42:55] warmStart (decay=exponential) 17% (185/1063) regret=0.108866 ape=0.5991
[17:42:56] warmStart (decay=exponential) 17% (186/1063) regret=0.108866 ape=0.5991
[17:42:56] warmStart (decay=exponential) 17% (187/1063) regret=0.108866 ape=0.5991
[17:42:56] warmStart (decay=exponential) 17% (188/1063) regret=0.108866 ape=0.5991
[17:42:56] warmStart (decay=exponential) 17% (189/1063) regret=0.108866 ape=0.5991
[17:42:57] warmStart (decay=exponential) 17% (190/1063) regret=0.108866 ape=0.5991
[17:42:57] warmStart (decay=exponential) 17% (191/1063) regret=0.108866 ape=0.5991
[17:42:57] warmStart (decay=exponential) 18% (192/1063) regret=0.108866 ape=0.5991
[17:42:57] warmStart (decay=exponential) 18% (193/1063) regret=0.108866 ape=0.5991
[17:42:57] warmStart (decay=exponential) 18% (194/1063) regret=0.108866 ape=0.5991
[17:42:58] warmStart (decay=exponential) 18% (195/1063) regret=0.108866 ape=0.5991
[17:42:58] warmStart (decay=exponential) 18% (196/1063) regret=0.108866 ape=0.5991
[17:42:58] warmStart (decay=exponential) 18% (197/1063) regret=0.108866 ape=0.5991
[17:42:58] warmStart (decay=exponential) 18% (198/1063) regret=0.108866 ape=0.5991
[17:42:59] warmStart (decay=exponential) 18% (199/1063) regret=0.108866 ape=0.5991
[17:42:59] warmStart (decay=exponential) 18% (200/1063) regret=0.108866 ape=0.5991
[17:42:59] warmStart (decay=exponential) 18% (201/1063) regret=0.108866 ape=0.5991
[17:42:59] warmStart (decay=exponential) 19% (202/1063) regret=0.108866 ape=0.5991
[17:43:00] warmStart (decay=exponential) 19% (203/1063) regret=0.109594 ape=0.5991
[17:43:00] warmStart (decay=exponential) 19% (204/1063) regret=0.108866 ape=0.5991
[17:43:00] warmStart (decay=exponential) 19% (205/1063) regret=0.108866 ape=0.5991
[17:43:00] warmStart (decay=exponential) 19% (206/1063) regret=0.108866 ape=0.5991
[17:43:00] warmStart (decay=exponential) 19% (207/1063) regret=0.108866 ape=0.5991
[17:43:01] warmStart (decay=exponential) 19% (208/1063) regret=0.108866 ape=0.5991
[17:43:01] warmStart (decay=exponential) 19% (209/1063) regret=0.108866 ape=0.5991
[17:43:01] warmStart (decay=exponential) 19% (210/1063) regret=0.108866 ape=0.5991
[17:43:01] warmStart (decay=exponential) 19% (211/1063) regret=0.108783 ape=0.5991
[17:43:01] warmStart (decay=exponential) 19% (212/1063) regret=0.108885 ape=0.5991
[17:43:02] warmStart (decay=exponential) 20% (213/1063) regret=0.108783 ape=0.5991
[17:43:02] warmStart (decay=exponential) 20% (214/1063) regret=0.108783 ape=0.5991
[17:43:02] warmStart (decay=exponential) 20% (215/1063) regret=0.108783 ape=0.5991
[17:43:02] warmStart (decay=exponential) 20% (216/1063) regret=0.108783 ape=0.5991
[17:43:02] warmStart (decay=exponential) 20% (217/1063) regret=0.108783 ape=0.5991
[17:43:03] warmStart (decay=exponential) 20% (218/1063) regret=0.108783 ape=0.5991
[17:43:03] warmStart (decay=exponential) 20% (219/1063) regret=0.108783 ape=0.5991
[17:43:03] warmStart (decay=exponential) 20% (220/1063) regret=0.108783 ape=0.5991
[17:43:03] warmStart (decay=exponential) 20% (221/1063) regret=0.108783 ape=0.5991
[17:43:03] warmStart (decay=exponential) 20% (222/1063) regret=0.108783 ape=0.5991
[17:43:04] warmStart (decay=exponential) 20% (223/1063) regret=0.108783 ape=0.5991
[17:43:04] warmStart (decay=exponential) 21% (224/1063) regret=0.108783 ape=0.5991
[17:43:04] warmStart (decay=exponential) 21% (225/1063) regret=0.108783 ape=0.5991
[17:43:04] warmStart (decay=exponential) 21% (226/1063) regret=0.108783 ape=0.5991
[17:43:04] warmStart (decay=exponential) 21% (227/1063) regret=0.108783 ape=0.5991
[17:43:05] warmStart (decay=exponential) 21% (228/1063) regret=0.108783 ape=0.5991
[17:43:05] warmStart (decay=exponential) 21% (229/1063) regret=0.108783 ape=0.5991
[17:43:05] warmStart (decay=exponential) 21% (230/1063) regret=0.108783 ape=0.5991
[17:43:05] warmStart (decay=exponential) 21% (231/1063) regret=0.108783 ape=0.5991
[17:43:05] warmStart (decay=exponential) 21% (232/1063) regret=0.108783 ape=0.5991
[17:43:05] warmStart (decay=exponential) 21% (233/1063) regret=0.108783 ape=0.5991
[17:43:06] warmStart (decay=exponential) 22% (234/1063) regret=0.108783 ape=0.5991
[17:43:06] warmStart (decay=exponential) 22% (235/1063) regret=0.108783 ape=0.5991
[17:43:06] warmStart (decay=exponential) 22% (236/1063) regret=0.108783 ape=0.5991
[17:43:06] warmStart (decay=exponential) 22% (237/1063) regret=0.108783 ape=0.5991
[17:43:06] warmStart (decay=exponential) 22% (238/1063) regret=0.108783 ape=0.5991
[17:43:07] warmStart (decay=exponential) 22% (239/1063) regret=0.108783 ape=0.5991
[17:43:07] warmStart (decay=exponential) 22% (240/1063) regret=0.108783 ape=0.5991
[17:43:07] warmStart (decay=exponential) 22% (241/1063) regret=0.108783 ape=0.5991
[17:43:07] warmStart (decay=exponential) 22% (242/1063) regret=0.108783 ape=0.5991
[17:43:07] warmStart (decay=exponential) 22% (243/1063) regret=0.108783 ape=0.5991
[17:43:08] warmStart (decay=exponential) 22% (244/1063) regret=0.108783 ape=0.5991
[17:43:08] warmStart (decay=exponential) 23% (245/1063) regret=0.108783 ape=0.5991
[17:43:08] warmStart (decay=exponential) 23% (246/1063) regret=0.108783 ape=0.5991
[17:43:08] warmStart (decay=exponential) 23% (247/1063) regret=0.108783 ape=0.5991
[17:43:08] warmStart (decay=exponential) 23% (248/1063) regret=0.108783 ape=0.5991
[17:43:08] warmStart (decay=exponential) 23% (249/1063) regret=0.108783 ape=0.5991
[17:43:09] warmStart (decay=exponential) 23% (250/1063) regret=0.108783 ape=0.5991
[17:43:09] warmStart (decay=exponential) 23% (251/1063) regret=0.108783 ape=0.5991
[17:43:09] warmStart (decay=exponential) 23% (252/1063) regret=0.108783 ape=0.5991
[17:43:09] warmStart (decay=exponential) 23% (253/1063) regret=0.108783 ape=0.5991
[17:43:09] warmStart (decay=exponential) 23% (254/1063) regret=0.108783 ape=0.5991
[17:43:10] warmStart (decay=exponential) 23% (255/1063) regret=0.108783 ape=0.5991
[17:43:10] warmStart (decay=exponential) 24% (256/1063) regret=0.108783 ape=0.5991
[17:43:10] warmStart (decay=exponential) 24% (257/1063) regret=0.108783 ape=0.5991
[17:43:10] warmStart (decay=exponential) 24% (258/1063) regret=0.108783 ape=0.5991
[17:43:10] warmStart (decay=exponential) 24% (259/1063) regret=0.108783 ape=0.5991
[17:43:10] warmStart (decay=exponential) 24% (260/1063) regret=0.108783 ape=0.5991
[17:43:11] warmStart (decay=exponential) 24% (261/1063) regret=0.108783 ape=0.5991
[17:43:11] warmStart (decay=exponential) 24% (262/1063) regret=0.108783 ape=0.5991
[17:43:11] warmStart (decay=exponential) 24% (263/1063) regret=0.108783 ape=0.5991
[17:43:11] warmStart (decay=exponential) 24% (264/1063) regret=0.108783 ape=0.5991
[17:43:11] warmStart (decay=exponential) 24% (265/1063) regret=0.108783 ape=0.5991
[17:43:12] warmStart (decay=exponential) 25% (266/1063) regret=0.108783 ape=0.5991
[17:43:12] warmStart (decay=exponential) 25% (267/1063) regret=0.108783 ape=0.5991
[17:43:12] warmStart (decay=exponential) 25% (268/1063) regret=0.108783 ape=0.5991
[17:43:12] warmStart (decay=exponential) 25% (269/1063) regret=0.108783 ape=0.5991
[17:43:13] warmStart (decay=exponential) 25% (270/1063) regret=0.108783 ape=0.5991
[17:43:13] warmStart (decay=exponential) 25% (271/1063) regret=0.108783 ape=0.5991
[17:43:13] warmStart (decay=exponential) 25% (272/1063) regret=0.108783 ape=0.5991
[17:43:13] warmStart (decay=exponential) 25% (273/1063) regret=0.108783 ape=0.5991
[17:43:13] warmStart (decay=exponential) 25% (274/1063) regret=0.108783 ape=0.5991
[17:43:13] warmStart (decay=exponential) 25% (275/1063) regret=0.108783 ape=0.5991
[17:43:14] warmStart (decay=exponential) 25% (276/1063) regret=0.108783 ape=0.5991
[17:43:14] warmStart (decay=exponential) 26% (277/1063) regret=0.108783 ape=0.5991
[17:43:14] warmStart (decay=exponential) 26% (278/1063) regret=0.108783 ape=0.5991
[17:43:14] warmStart (decay=exponential) 26% (279/1063) regret=0.108783 ape=0.5991
[17:43:14] warmStart (decay=exponential) 26% (280/1063) regret=0.108783 ape=0.5991
[17:43:15] warmStart (decay=exponential) 26% (281/1063) regret=0.108783 ape=0.5991
[17:43:15] warmStart (decay=exponential) 26% (282/1063) regret=0.108783 ape=0.5991
[17:43:15] warmStart (decay=exponential) 26% (283/1063) regret=0.108783 ape=0.5991
[17:43:15] warmStart (decay=exponential) 26% (284/1063) regret=0.108783 ape=0.5991
[17:43:15] warmStart (decay=exponential) 26% (285/1063) regret=0.108783 ape=0.5991
[17:43:16] warmStart (decay=exponential) 26% (286/1063) regret=0.108783 ape=0.5991
[17:43:16] warmStart (decay=exponential) 26% (287/1063) regret=0.108783 ape=0.5991
[17:43:16] warmStart (decay=exponential) 27% (288/1063) regret=0.108783 ape=0.5991
[17:43:16] warmStart (decay=exponential) 27% (289/1063) regret=0.108783 ape=0.5991
[17:43:16] warmStart (decay=exponential) 27% (290/1063) regret=0.108783 ape=0.5991
[17:43:17] warmStart (decay=exponential) 27% (291/1063) regret=0.108783 ape=0.5991
[17:43:17] warmStart (decay=exponential) 27% (292/1063) regret=0.108654 ape=0.5991
[17:43:17] warmStart (decay=exponential) 27% (293/1063) regret=0.108627 ape=0.5991
[17:43:17] warmStart (decay=exponential) 27% (294/1063) regret=0.108654 ape=0.5991
[17:43:18] warmStart (decay=exponential) 27% (295/1063) regret=0.108654 ape=0.5991
[17:43:18] warmStart (decay=exponential) 27% (296/1063) regret=0.108654 ape=0.5991
[17:43:18] warmStart (decay=exponential) 27% (297/1063) regret=0.108654 ape=0.5991
[17:43:18] warmStart (decay=exponential) 28% (298/1063) regret=0.108624 ape=0.5982
[17:43:19] warmStart (decay=exponential) 28% (299/1063) regret=0.108624 ape=0.5982
[17:43:19] warmStart (decay=exponential) 28% (300/1063) regret=0.108670 ape=0.5982
[17:43:19] warmStart (decay=exponential) 28% (301/1063) regret=0.108670 ape=0.5982
[17:43:19] warmStart (decay=exponential) 28% (302/1063) regret=0.108670 ape=0.5982
[17:43:19] warmStart (decay=exponential) 28% (303/1063) regret=0.108670 ape=0.5982
[17:43:20] warmStart (decay=exponential) 28% (304/1063) regret=0.108670 ape=0.5982
[17:43:20] warmStart (decay=exponential) 28% (305/1063) regret=0.108611 ape=0.5972
[17:43:20] warmStart (decay=exponential) 28% (306/1063) regret=0.108611 ape=0.5972
[17:43:20] warmStart (decay=exponential) 28% (307/1063) regret=0.108611 ape=0.5972
[17:43:20] warmStart (decay=exponential) 28% (308/1063) regret=0.108905 ape=0.5982
[17:43:21] warmStart (decay=exponential) 29% (309/1063) regret=0.108712 ape=0.5982
[17:43:21] warmStart (decay=exponential) 29% (310/1063) regret=0.108712 ape=0.5982
[17:43:21] warmStart (decay=exponential) 29% (311/1063) regret=0.108758 ape=0.5982
[17:43:21] warmStart (decay=exponential) 29% (312/1063) regret=0.108758 ape=0.5982
[17:43:21] warmStart (decay=exponential) 29% (313/1063) regret=0.108611 ape=0.5972
[17:43:22] warmStart (decay=exponential) 29% (314/1063) regret=0.108611 ape=0.5972
[17:43:22] warmStart (decay=exponential) 29% (315/1063) regret=0.108615 ape=0.5982
[17:43:22] warmStart (decay=exponential) 29% (316/1063) regret=0.108615 ape=0.5982
[17:43:22] warmStart (decay=exponential) 29% (317/1063) regret=0.108689 ape=0.5982
[17:43:22] warmStart (decay=exponential) 29% (318/1063) regret=0.108615 ape=0.5982
[17:43:23] warmStart (decay=exponential) 30% (319/1063) regret=0.108615 ape=0.5982
[17:43:23] warmStart (decay=exponential) 30% (320/1063) regret=0.108615 ape=0.5982
[17:43:23] warmStart (decay=exponential) 30% (321/1063) regret=0.108615 ape=0.5982
[17:43:23] warmStart (decay=exponential) 30% (322/1063) regret=0.108615 ape=0.5982
[17:43:23] warmStart (decay=exponential) 30% (323/1063) regret=0.108615 ape=0.5982
[17:43:23] warmStart (decay=exponential) 30% (324/1063) regret=0.108615 ape=0.5982
[17:43:24] warmStart (decay=exponential) 30% (325/1063) regret=0.108615 ape=0.5982
[17:43:24] warmStart (decay=exponential) 30% (326/1063) regret=0.108615 ape=0.5982
[17:43:24] warmStart (decay=exponential) 30% (327/1063) regret=0.108615 ape=0.5982
[17:43:24] warmStart (decay=exponential) 30% (328/1063) regret=0.108560 ape=0.5982
[17:43:25] warmStart (decay=exponential) 30% (329/1063) regret=0.108564 ape=0.5982
[17:43:25] warmStart (decay=exponential) 31% (330/1063) regret=0.108564 ape=0.5982
[17:43:25] warmStart (decay=exponential) 31% (331/1063) regret=0.108564 ape=0.5982
[17:43:25] warmStart (decay=exponential) 31% (332/1063) regret=0.108564 ape=0.5982
[17:43:25] warmStart (decay=exponential) 31% (333/1063) regret=0.108564 ape=0.5982
[17:43:25] warmStart (decay=exponential) 31% (334/1063) regret=0.108564 ape=0.5982
[17:43:26] warmStart (decay=exponential) 31% (335/1063) regret=0.108564 ape=0.5982
[17:43:26] warmStart (decay=exponential) 31% (336/1063) regret=0.108564 ape=0.5982
[17:43:26] warmStart (decay=exponential) 31% (337/1063) regret=0.108564 ape=0.5982
[17:43:26] warmStart (decay=exponential) 31% (338/1063) regret=0.108564 ape=0.5982
[17:43:26] warmStart (decay=exponential) 31% (339/1063) regret=0.108564 ape=0.5982
[17:43:27] warmStart (decay=exponential) 31% (340/1063) regret=0.108564 ape=0.5982
[17:43:27] warmStart (decay=exponential) 32% (341/1063) regret=0.108564 ape=0.5982
[17:43:27] warmStart (decay=exponential) 32% (342/1063) regret=0.108564 ape=0.5982
[17:43:27] warmStart (decay=exponential) 32% (343/1063) regret=0.108560 ape=0.5982
[17:43:27] warmStart (decay=exponential) 32% (344/1063) regret=0.108560 ape=0.5982
[17:43:27] warmStart (decay=exponential) 32% (345/1063) regret=0.108560 ape=0.5982
[17:43:28] warmStart (decay=exponential) 32% (346/1063) regret=0.108560 ape=0.5982
[17:43:28] warmStart (decay=exponential) 32% (347/1063) regret=0.108560 ape=0.5982
[17:43:28] warmStart (decay=exponential) 32% (348/1063) regret=0.108560 ape=0.5982
[17:43:28] warmStart (decay=exponential) 32% (349/1063) regret=0.108565 ape=0.5982
[17:43:28] warmStart (decay=exponential) 32% (350/1063) regret=0.108565 ape=0.5982
[17:43:28] warmStart (decay=exponential) 33% (351/1063) regret=0.108565 ape=0.5982
[17:43:29] warmStart (decay=exponential) 33% (352/1063) regret=0.108565 ape=0.5982
[17:43:29] warmStart (decay=exponential) 33% (353/1063) regret=0.108565 ape=0.5982
[17:43:29] warmStart (decay=exponential) 33% (354/1063) regret=0.108565 ape=0.5982
[17:43:29] warmStart (decay=exponential) 33% (355/1063) regret=0.108565 ape=0.5982
[17:43:29] warmStart (decay=exponential) 33% (356/1063) regret=0.108565 ape=0.5982
[17:43:30] warmStart (decay=exponential) 33% (357/1063) regret=0.108565 ape=0.5982
[17:43:30] warmStart (decay=exponential) 33% (358/1063) regret=0.108565 ape=0.5982
[17:43:30] warmStart (decay=exponential) 33% (359/1063) regret=0.108565 ape=0.5982
[17:43:30] warmStart (decay=exponential) 33% (360/1063) regret=0.108565 ape=0.5982
[17:43:31] warmStart (decay=exponential) 33% (361/1063) regret=0.108565 ape=0.5982
[17:43:31] warmStart (decay=exponential) 34% (362/1063) regret=0.108565 ape=0.5982
[17:43:31] warmStart (decay=exponential) 34% (363/1063) regret=0.108565 ape=0.5982
[17:43:31] warmStart (decay=exponential) 34% (364/1063) regret=0.108565 ape=0.5982
[17:43:31] warmStart (decay=exponential) 34% (365/1063) regret=0.108565 ape=0.5982
[17:43:32] warmStart (decay=exponential) 34% (366/1063) regret=0.108565 ape=0.5982
[17:43:32] warmStart (decay=exponential) 34% (367/1063) regret=0.108565 ape=0.5982
[17:43:32] warmStart (decay=exponential) 34% (368/1063) regret=0.108565 ape=0.5982
[17:43:32] warmStart (decay=exponential) 34% (369/1063) regret=0.108565 ape=0.5982
[17:43:32] warmStart (decay=exponential) 34% (370/1063) regret=0.108565 ape=0.5982
[17:43:32] warmStart (decay=exponential) 34% (371/1063) regret=0.108565 ape=0.5982
[17:43:33] warmStart (decay=exponential) 34% (372/1063) regret=0.108565 ape=0.5982
[17:43:33] warmStart (decay=exponential) 35% (373/1063) regret=0.108565 ape=0.5982
[17:43:33] warmStart (decay=exponential) 35% (374/1063) regret=0.108565 ape=0.5982
[17:43:33] warmStart (decay=exponential) 35% (375/1063) regret=0.108565 ape=0.5982
[17:43:34] warmStart (decay=exponential) 35% (376/1063) regret=0.108565 ape=0.5982
[17:43:34] warmStart (decay=exponential) 35% (377/1063) regret=0.108565 ape=0.5982
[17:43:34] warmStart (decay=exponential) 35% (378/1063) regret=0.108565 ape=0.5982
[17:43:34] warmStart (decay=exponential) 35% (379/1063) regret=0.108565 ape=0.5982
[17:43:34] warmStart (decay=exponential) 35% (380/1063) regret=0.108565 ape=0.5982
[17:43:35] warmStart (decay=exponential) 35% (381/1063) regret=0.108565 ape=0.5982
[17:43:35] warmStart (decay=exponential) 35% (382/1063) regret=0.108565 ape=0.5982
[17:43:35] warmStart (decay=exponential) 36% (383/1063) regret=0.108565 ape=0.5982
[17:43:35] warmStart (decay=exponential) 36% (384/1063) regret=0.108565 ape=0.5982
[17:43:36] warmStart (decay=exponential) 36% (385/1063) regret=0.108565 ape=0.5982
[17:43:36] warmStart (decay=exponential) 36% (386/1063) regret=0.108565 ape=0.5982
[17:43:36] warmStart (decay=exponential) 36% (387/1063) regret=0.108565 ape=0.5982
[17:43:36] warmStart (decay=exponential) 36% (388/1063) regret=0.108565 ape=0.5982
[17:43:36] warmStart (decay=exponential) 36% (389/1063) regret=0.108565 ape=0.5982
[17:43:37] warmStart (decay=exponential) 36% (390/1063) regret=0.108565 ape=0.5982
[17:43:37] warmStart (decay=exponential) 36% (391/1063) regret=0.108565 ape=0.5982
[17:43:37] warmStart (decay=exponential) 36% (392/1063) regret=0.108565 ape=0.5982
[17:43:37] warmStart (decay=exponential) 36% (393/1063) regret=0.108565 ape=0.5982
[17:43:37] warmStart (decay=exponential) 37% (394/1063) regret=0.108565 ape=0.5982
[17:43:37] warmStart (decay=exponential) 37% (395/1063) regret=0.108565 ape=0.5982
[17:43:38] warmStart (decay=exponential) 37% (396/1063) regret=0.108565 ape=0.5982
[17:43:38] warmStart (decay=exponential) 37% (397/1063) regret=0.108565 ape=0.5982
[17:43:38] warmStart (decay=exponential) 37% (398/1063) regret=0.108565 ape=0.5982
[17:43:38] warmStart (decay=exponential) 37% (399/1063) regret=0.108565 ape=0.5982
[17:43:38] warmStart (decay=exponential) 37% (400/1063) regret=0.108565 ape=0.5982
[17:43:39] warmStart (decay=exponential) 37% (401/1063) regret=0.108565 ape=0.5982
[17:43:39] warmStart (decay=exponential) 37% (402/1063) regret=0.108565 ape=0.5982
[17:43:39] warmStart (decay=exponential) 37% (403/1063) regret=0.108565 ape=0.5982
[17:43:39] warmStart (decay=exponential) 38% (404/1063) regret=0.108565 ape=0.5982
[17:43:40] warmStart (decay=exponential) 38% (405/1063) regret=0.108565 ape=0.5982
[17:43:40] warmStart (decay=exponential) 38% (406/1063) regret=0.108565 ape=0.5982
[17:43:40] warmStart (decay=exponential) 38% (407/1063) regret=0.108565 ape=0.5982
[17:43:40] warmStart (decay=exponential) 38% (408/1063) regret=0.108565 ape=0.5982
[17:43:40] warmStart (decay=exponential) 38% (409/1063) regret=0.108565 ape=0.5982
[17:43:41] warmStart (decay=exponential) 38% (410/1063) regret=0.108565 ape=0.5982
[17:43:41] warmStart (decay=exponential) 38% (411/1063) regret=0.108565 ape=0.5982
[17:43:41] warmStart (decay=exponential) 38% (412/1063) regret=0.108565 ape=0.5982
[17:43:41] warmStart (decay=exponential) 38% (413/1063) regret=0.108565 ape=0.5982
[17:43:41] warmStart (decay=exponential) 38% (414/1063) regret=0.108565 ape=0.5982
[17:43:41] warmStart (decay=exponential) 39% (415/1063) regret=0.108565 ape=0.5982
[17:43:42] warmStart (decay=exponential) 39% (416/1063) regret=0.108565 ape=0.5982
[17:43:42] warmStart (decay=exponential) 39% (417/1063) regret=0.108565 ape=0.5982
[17:43:42] warmStart (decay=exponential) 39% (418/1063) regret=0.108565 ape=0.5982
[17:43:42] warmStart (decay=exponential) 39% (419/1063) regret=0.108565 ape=0.5982
[17:43:42] warmStart (decay=exponential) 39% (420/1063) regret=0.108565 ape=0.5982
[17:43:43] warmStart (decay=exponential) 39% (421/1063) regret=0.108565 ape=0.5982
[17:43:43] warmStart (decay=exponential) 39% (422/1063) regret=0.108565 ape=0.5982
[17:43:43] warmStart (decay=exponential) 39% (423/1063) regret=0.108565 ape=0.5982
[17:43:43] warmStart (decay=exponential) 39% (424/1063) regret=0.108565 ape=0.5982
[17:43:44] warmStart (decay=exponential) 39% (425/1063) regret=0.108565 ape=0.5982
[17:43:44] warmStart (decay=exponential) 40% (426/1063) regret=0.108565 ape=0.5982
[17:43:44] warmStart (decay=exponential) 40% (427/1063) regret=0.108565 ape=0.5982
[17:43:44] warmStart (decay=exponential) 40% (428/1063) regret=0.108565 ape=0.5982
[17:43:44] warmStart (decay=exponential) 40% (429/1063) regret=0.108565 ape=0.5982
[17:43:45] warmStart (decay=exponential) 40% (430/1063) regret=0.108565 ape=0.5982
[17:43:45] warmStart (decay=exponential) 40% (431/1063) regret=0.108565 ape=0.5982
[17:43:45] warmStart (decay=exponential) 40% (432/1063) regret=0.108565 ape=0.5982
[17:43:45] warmStart (decay=exponential) 40% (433/1063) regret=0.108565 ape=0.5982
[17:43:45] warmStart (decay=exponential) 40% (434/1063) regret=0.108565 ape=0.5982
[17:43:46] warmStart (decay=exponential) 40% (435/1063) regret=0.108565 ape=0.5982
[17:43:46] warmStart (decay=exponential) 41% (436/1063) regret=0.108565 ape=0.5982
[17:43:46] warmStart (decay=exponential) 41% (437/1063) regret=0.108565 ape=0.5982
[17:43:46] warmStart (decay=exponential) 41% (438/1063) regret=0.108565 ape=0.5982
[17:43:47] warmStart (decay=exponential) 41% (439/1063) regret=0.108565 ape=0.5982
[17:43:47] warmStart (decay=exponential) 41% (440/1063) regret=0.108565 ape=0.5982
[17:43:47] warmStart (decay=exponential) 41% (441/1063) regret=0.108565 ape=0.5982
[17:43:47] warmStart (decay=exponential) 41% (442/1063) regret=0.108565 ape=0.5982
[17:43:47] warmStart (decay=exponential) 41% (443/1063) regret=0.108565 ape=0.5982
[17:43:48] warmStart (decay=exponential) 41% (444/1063) regret=0.108565 ape=0.5982
[17:43:48] warmStart (decay=exponential) 41% (445/1063) regret=0.108565 ape=0.5982
[17:43:48] warmStart (decay=exponential) 41% (446/1063) regret=0.108565 ape=0.5982
[17:43:48] warmStart (decay=exponential) 42% (447/1063) regret=0.108565 ape=0.5982
[17:43:49] warmStart (decay=exponential) 42% (448/1063) regret=0.108565 ape=0.5982
[17:43:49] warmStart (decay=exponential) 42% (449/1063) regret=0.108565 ape=0.5982
[17:43:49] warmStart (decay=exponential) 42% (450/1063) regret=0.108565 ape=0.5982
[17:43:49] warmStart (decay=exponential) 42% (451/1063) regret=0.108565 ape=0.5982
[17:43:50] warmStart (decay=exponential) 42% (452/1063) regret=0.108565 ape=0.5982
[17:43:50] warmStart (decay=exponential) 42% (453/1063) regret=0.108565 ape=0.5982
[17:43:50] warmStart (decay=exponential) 42% (454/1063) regret=0.108565 ape=0.5982
[17:43:50] warmStart (decay=exponential) 42% (455/1063) regret=0.108565 ape=0.5982
[17:43:50] warmStart (decay=exponential) 42% (456/1063) regret=0.108565 ape=0.5982
[17:43:50] warmStart (decay=exponential) 42% (457/1063) regret=0.108565 ape=0.5982
[17:43:51] warmStart (decay=exponential) 43% (458/1063) regret=0.108565 ape=0.5982
[17:43:51] warmStart (decay=exponential) 43% (459/1063) regret=0.108565 ape=0.5982
[17:43:51] warmStart (decay=exponential) 43% (460/1063) regret=0.108565 ape=0.5982
[17:43:51] warmStart (decay=exponential) 43% (461/1063) regret=0.108565 ape=0.5982
[17:43:52] warmStart (decay=exponential) 43% (462/1063) regret=0.108565 ape=0.5982
[17:43:52] warmStart (decay=exponential) 43% (463/1063) regret=0.108565 ape=0.5982
[17:43:52] warmStart (decay=exponential) 43% (464/1063) regret=0.108565 ape=0.5982
[17:43:52] warmStart (decay=exponential) 43% (465/1063) regret=0.108565 ape=0.5982
[17:43:52] warmStart (decay=exponential) 43% (466/1063) regret=0.108565 ape=0.5982
[17:43:53] warmStart (decay=exponential) 43% (467/1063) regret=0.108565 ape=0.5982
[17:43:53] warmStart (decay=exponential) 44% (468/1063) regret=0.108565 ape=0.5982
[17:43:53] warmStart (decay=exponential) 44% (469/1063) regret=0.108565 ape=0.5982
[17:43:53] warmStart (decay=exponential) 44% (470/1063) regret=0.108565 ape=0.5982
[17:43:53] warmStart (decay=exponential) 44% (471/1063) regret=0.108570 ape=0.5982
[17:43:54] warmStart (decay=exponential) 44% (472/1063) regret=0.108570 ape=0.5982
[17:43:54] warmStart (decay=exponential) 44% (473/1063) regret=0.108570 ape=0.5982
[17:43:54] warmStart (decay=exponential) 44% (474/1063) regret=0.108570 ape=0.5982
[17:43:54] warmStart (decay=exponential) 44% (475/1063) regret=0.108570 ape=0.5982
[17:43:54] warmStart (decay=exponential) 44% (476/1063) regret=0.108570 ape=0.5982
[17:43:55] warmStart (decay=exponential) 44% (477/1063) regret=0.108570 ape=0.5982
[17:43:55] warmStart (decay=exponential) 44% (478/1063) regret=0.108570 ape=0.5982
[17:43:55] warmStart (decay=exponential) 45% (479/1063) regret=0.108570 ape=0.5982
[17:43:55] warmStart (decay=exponential) 45% (480/1063) regret=0.108570 ape=0.5982
[17:43:55] warmStart (decay=exponential) 45% (481/1063) regret=0.108570 ape=0.5982
[17:43:56] warmStart (decay=exponential) 45% (482/1063) regret=0.108570 ape=0.5982
[17:43:56] warmStart (decay=exponential) 45% (483/1063) regret=0.108570 ape=0.5982
[17:43:56] warmStart (decay=exponential) 45% (484/1063) regret=0.108570 ape=0.5982
[17:43:56] warmStart (decay=exponential) 45% (485/1063) regret=0.108570 ape=0.5982
[17:43:56] warmStart (decay=exponential) 45% (486/1063) regret=0.108570 ape=0.5982
[17:43:57] warmStart (decay=exponential) 45% (487/1063) regret=0.108570 ape=0.5982
[17:43:57] warmStart (decay=exponential) 45% (488/1063) regret=0.108570 ape=0.5982
[17:43:57] warmStart (decay=exponential) 46% (489/1063) regret=0.108561 ape=0.5972
[17:43:57] warmStart (decay=exponential) 46% (490/1063) regret=0.108561 ape=0.5972
[17:43:57] warmStart (decay=exponential) 46% (491/1063) regret=0.108561 ape=0.5972
[17:43:58] warmStart (decay=exponential) 46% (492/1063) regret=0.108561 ape=0.5972
[17:43:58] warmStart (decay=exponential) 46% (493/1063) regret=0.108561 ape=0.5972
[17:43:58] warmStart (decay=exponential) 46% (494/1063) regret=0.108561 ape=0.5972
[17:43:58] warmStart (decay=exponential) 46% (495/1063) regret=0.108561 ape=0.5972
[17:43:58] warmStart (decay=exponential) 46% (496/1063) regret=0.108561 ape=0.5972
[17:43:59] warmStart (decay=exponential) 46% (497/1063) regret=0.108561 ape=0.5972
[17:43:59] warmStart (decay=exponential) 46% (498/1063) regret=0.108561 ape=0.5972
[17:43:59] warmStart (decay=exponential) 46% (499/1063) regret=0.108561 ape=0.5972
[17:43:59] warmStart (decay=exponential) 47% (500/1063) regret=0.108561 ape=0.5972
[17:44:00] warmStart (decay=exponential) 47% (501/1063) regret=0.108561 ape=0.5972
[17:44:00] warmStart (decay=exponential) 47% (502/1063) regret=0.108561 ape=0.5972
[17:44:00] warmStart (decay=exponential) 47% (503/1063) regret=0.108561 ape=0.5972
[17:44:00] warmStart (decay=exponential) 47% (504/1063) regret=0.108561 ape=0.5972
[17:44:00] warmStart (decay=exponential) 47% (505/1063) regret=0.108561 ape=0.5972
[17:44:01] warmStart (decay=exponential) 47% (506/1063) regret=0.108561 ape=0.5972
[17:44:01] warmStart (decay=exponential) 47% (507/1063) regret=0.108561 ape=0.5972
[17:44:01] warmStart (decay=exponential) 47% (508/1063) regret=0.108561 ape=0.5972
[17:44:01] warmStart (decay=exponential) 47% (509/1063) regret=0.108561 ape=0.5972
[17:44:01] warmStart (decay=exponential) 47% (510/1063) regret=0.108561 ape=0.5972
[17:44:02] warmStart (decay=exponential) 48% (511/1063) regret=0.108575 ape=0.5972
[17:44:02] warmStart (decay=exponential) 48% (512/1063) regret=0.108575 ape=0.5972
[17:44:02] warmStart (decay=exponential) 48% (513/1063) regret=0.108575 ape=0.5972
[17:44:02] warmStart (decay=exponential) 48% (514/1063) regret=0.108575 ape=0.5972
[17:44:02] warmStart (decay=exponential) 48% (515/1063) regret=0.108575 ape=0.5972
[17:44:02] warmStart (decay=exponential) 48% (516/1063) regret=0.108667 ape=0.5982
[17:44:03] warmStart (decay=exponential) 48% (517/1063) regret=0.108667 ape=0.5982
[17:44:03] warmStart (decay=exponential) 48% (518/1063) regret=0.108667 ape=0.5982
[17:44:03] warmStart (decay=exponential) 48% (519/1063) regret=0.108667 ape=0.5982
[17:44:03] warmStart (decay=exponential) 48% (520/1063) regret=0.108667 ape=0.5982
[17:44:03] warmStart (decay=exponential) 49% (521/1063) regret=0.108667 ape=0.5982
[17:44:04] warmStart (decay=exponential) 49% (522/1063) regret=0.108667 ape=0.5982
[17:44:04] warmStart (decay=exponential) 49% (523/1063) regret=0.108667 ape=0.5982
[17:44:04] warmStart (decay=exponential) 49% (524/1063) regret=0.108667 ape=0.5982
[17:44:04] warmStart (decay=exponential) 49% (525/1063) regret=0.108667 ape=0.5982
[17:44:04] warmStart (decay=exponential) 49% (526/1063) regret=0.108667 ape=0.5982
[17:44:05] warmStart (decay=exponential) 49% (527/1063) regret=0.108667 ape=0.5982
[17:44:05] warmStart (decay=exponential) 49% (528/1063) regret=0.108575 ape=0.5972
[17:44:05] warmStart (decay=exponential) 49% (529/1063) regret=0.108575 ape=0.5972
[17:44:05] warmStart (decay=exponential) 49% (530/1063) regret=0.108455 ape=0.5972
[17:44:06] warmStart (decay=exponential) 49% (531/1063) regret=0.108473 ape=0.5972
[17:44:06] warmStart (decay=exponential) 50% (532/1063) regret=0.108473 ape=0.5972
[17:44:06] warmStart (decay=exponential) 50% (533/1063) regret=0.108473 ape=0.5972
[17:44:06] warmStart (decay=exponential) 50% (534/1063) regret=0.108473 ape=0.5972
[17:44:07] warmStart (decay=exponential) 50% (535/1063) regret=0.108473 ape=0.5972
[17:44:07] warmStart (decay=exponential) 50% (536/1063) regret=0.108575 ape=0.5972
[17:44:07] warmStart (decay=exponential) 50% (537/1063) regret=0.108473 ape=0.5972
[17:44:07] warmStart (decay=exponential) 50% (538/1063) regret=0.108473 ape=0.5972
[17:44:08] warmStart (decay=exponential) 50% (539/1063) regret=0.108473 ape=0.5972
[17:44:08] warmStart (decay=exponential) 50% (540/1063) regret=0.108473 ape=0.5972
[17:44:08] warmStart (decay=exponential) 50% (541/1063) regret=0.108353 ape=0.5963
[17:44:08] warmStart (decay=exponential) 50% (542/1063) regret=0.108022 ape=0.5963
[17:44:09] warmStart (decay=exponential) 51% (543/1063) regret=0.108022 ape=0.5963
[17:44:09] warmStart (decay=exponential) 51% (544/1063) regret=0.108022 ape=0.5963
[17:44:09] warmStart (decay=exponential) 51% (545/1063) regret=0.108022 ape=0.5963
[17:44:09] warmStart (decay=exponential) 51% (546/1063) regret=0.108022 ape=0.5963
[17:44:09] warmStart (decay=exponential) 51% (547/1063) regret=0.108022 ape=0.5963
[17:44:10] warmStart (decay=exponential) 51% (548/1063) regret=0.108022 ape=0.5963
[17:44:10] warmStart (decay=exponential) 51% (549/1063) regret=0.108022 ape=0.5963
[17:44:10] warmStart (decay=exponential) 51% (550/1063) regret=0.108022 ape=0.5963
[17:44:10] warmStart (decay=exponential) 51% (551/1063) regret=0.108022 ape=0.5963
[17:44:10] warmStart (decay=exponential) 51% (552/1063) regret=0.108022 ape=0.5963
[17:44:11] warmStart (decay=exponential) 52% (553/1063) regret=0.108022 ape=0.5963
[17:44:11] warmStart (decay=exponential) 52% (554/1063) regret=0.108022 ape=0.5963
[17:44:11] warmStart (decay=exponential) 52% (555/1063) regret=0.108022 ape=0.5963
[17:44:11] warmStart (decay=exponential) 52% (556/1063) regret=0.108022 ape=0.5963
[17:44:11] warmStart (decay=exponential) 52% (557/1063) regret=0.108022 ape=0.5963
[17:44:12] warmStart (decay=exponential) 52% (558/1063) regret=0.108022 ape=0.5963
[17:44:12] warmStart (decay=exponential) 52% (559/1063) regret=0.108022 ape=0.5963
[17:44:12] warmStart (decay=exponential) 52% (560/1063) regret=0.108022 ape=0.5963
[17:44:12] warmStart (decay=exponential) 52% (561/1063) regret=0.108022 ape=0.5963
[17:44:13] warmStart (decay=exponential) 52% (562/1063) regret=0.108022 ape=0.5963
[17:44:13] warmStart (decay=exponential) 52% (563/1063) regret=0.108022 ape=0.5963
[17:44:13] warmStart (decay=exponential) 53% (564/1063) regret=0.108022 ape=0.5963
[17:44:13] warmStart (decay=exponential) 53% (565/1063) regret=0.108022 ape=0.5963
[17:44:14] warmStart (decay=exponential) 53% (566/1063) regret=0.108022 ape=0.5963
[17:44:14] warmStart (decay=exponential) 53% (567/1063) regret=0.108022 ape=0.5963
[17:44:14] warmStart (decay=exponential) 53% (568/1063) regret=0.108022 ape=0.5963
[17:44:14] warmStart (decay=exponential) 53% (569/1063) regret=0.108022 ape=0.5963
[17:44:15] warmStart (decay=exponential) 53% (570/1063) regret=0.108022 ape=0.5963
[17:44:15] warmStart (decay=exponential) 53% (571/1063) regret=0.108022 ape=0.5963
[17:44:15] warmStart (decay=exponential) 53% (572/1063) regret=0.108022 ape=0.5963
[17:44:15] warmStart (decay=exponential) 53% (573/1063) regret=0.108022 ape=0.5963
[17:44:16] warmStart (decay=exponential) 53% (574/1063) regret=0.108022 ape=0.5963
[17:44:16] warmStart (decay=exponential) 54% (575/1063) regret=0.108022 ape=0.5963
[17:44:16] warmStart (decay=exponential) 54% (576/1063) regret=0.108022 ape=0.5963
[17:44:16] warmStart (decay=exponential) 54% (577/1063) regret=0.108022 ape=0.5963
[17:44:16] warmStart (decay=exponential) 54% (578/1063) regret=0.108022 ape=0.5963
[17:44:17] warmStart (decay=exponential) 54% (579/1063) regret=0.108022 ape=0.5963
[17:44:17] warmStart (decay=exponential) 54% (580/1063) regret=0.108022 ape=0.5963
[17:44:17] warmStart (decay=exponential) 54% (581/1063) regret=0.108022 ape=0.5963
[17:44:17] warmStart (decay=exponential) 54% (582/1063) regret=0.108022 ape=0.5963
[17:44:17] warmStart (decay=exponential) 54% (583/1063) regret=0.108022 ape=0.5963
[17:44:18] warmStart (decay=exponential) 54% (584/1063) regret=0.108022 ape=0.5963
[17:44:18] warmStart (decay=exponential) 55% (585/1063) regret=0.108022 ape=0.5963
[17:44:18] warmStart (decay=exponential) 55% (586/1063) regret=0.108105 ape=0.5972
[17:44:18] warmStart (decay=exponential) 55% (587/1063) regret=0.108022 ape=0.5963
[17:44:18] warmStart (decay=exponential) 55% (588/1063) regret=0.108105 ape=0.5972
[17:44:19] warmStart (decay=exponential) 55% (589/1063) regret=0.108022 ape=0.5963
[17:44:19] warmStart (decay=exponential) 55% (590/1063) regret=0.108022 ape=0.5963
[17:44:19] warmStart (decay=exponential) 55% (591/1063) regret=0.108022 ape=0.5963
[17:44:19] warmStart (decay=exponential) 55% (592/1063) regret=0.108022 ape=0.5963
[17:44:19] warmStart (decay=exponential) 55% (593/1063) regret=0.108022 ape=0.5963
[17:44:20] warmStart (decay=exponential) 55% (594/1063) regret=0.108022 ape=0.5963
[17:44:20] warmStart (decay=exponential) 55% (595/1063) regret=0.108022 ape=0.5963
[17:44:20] warmStart (decay=exponential) 56% (596/1063) regret=0.108022 ape=0.5963
[17:44:20] warmStart (decay=exponential) 56% (597/1063) regret=0.108022 ape=0.5963
[17:44:21] warmStart (decay=exponential) 56% (598/1063) regret=0.108022 ape=0.5963
[17:44:21] warmStart (decay=exponential) 56% (599/1063) regret=0.108022 ape=0.5963
[17:44:21] warmStart (decay=exponential) 56% (600/1063) regret=0.108022 ape=0.5963
[17:44:21] warmStart (decay=exponential) 56% (601/1063) regret=0.108022 ape=0.5963
[17:44:22] warmStart (decay=exponential) 56% (602/1063) regret=0.108022 ape=0.5963
[17:44:22] warmStart (decay=exponential) 56% (603/1063) regret=0.108022 ape=0.5963
[17:44:22] warmStart (decay=exponential) 56% (604/1063) regret=0.108022 ape=0.5963
[17:44:22] warmStart (decay=exponential) 56% (605/1063) regret=0.108022 ape=0.5963
[17:44:23] warmStart (decay=exponential) 57% (606/1063) regret=0.108022 ape=0.5963
[17:44:23] warmStart (decay=exponential) 57% (607/1063) regret=0.108022 ape=0.5963
[17:44:23] warmStart (decay=exponential) 57% (608/1063) regret=0.108022 ape=0.5963
[17:44:23] warmStart (decay=exponential) 57% (609/1063) regret=0.108022 ape=0.5963
[17:44:24] warmStart (decay=exponential) 57% (610/1063) regret=0.108022 ape=0.5963
[17:44:24] warmStart (decay=exponential) 57% (611/1063) regret=0.108022 ape=0.5963
[17:44:24] warmStart (decay=exponential) 57% (612/1063) regret=0.108022 ape=0.5963
[17:44:24] warmStart (decay=exponential) 57% (613/1063) regret=0.108022 ape=0.5963
[17:44:24] warmStart (decay=exponential) 57% (614/1063) regret=0.108022 ape=0.5963
[17:44:25] warmStart (decay=exponential) 57% (615/1063) regret=0.108022 ape=0.5963
[17:44:25] warmStart (decay=exponential) 57% (616/1063) regret=0.108022 ape=0.5963
[17:44:25] warmStart (decay=exponential) 58% (617/1063) regret=0.108022 ape=0.5963
[17:44:25] warmStart (decay=exponential) 58% (618/1063) regret=0.108022 ape=0.5963
[17:44:26] warmStart (decay=exponential) 58% (619/1063) regret=0.108022 ape=0.5963
[17:44:26] warmStart (decay=exponential) 58% (620/1063) regret=0.108022 ape=0.5963
[17:44:26] warmStart (decay=exponential) 58% (621/1063) regret=0.108022 ape=0.5963
[17:44:26] warmStart (decay=exponential) 58% (622/1063) regret=0.108022 ape=0.5963
[17:44:27] warmStart (decay=exponential) 58% (623/1063) regret=0.108022 ape=0.5963
[17:44:27] warmStart (decay=exponential) 58% (624/1063) regret=0.108022 ape=0.5963
[17:44:27] warmStart (decay=exponential) 58% (625/1063) regret=0.108022 ape=0.5963
[17:44:27] warmStart (decay=exponential) 58% (626/1063) regret=0.108022 ape=0.5963
[17:44:28] warmStart (decay=exponential) 58% (627/1063) regret=0.108022 ape=0.5963
[17:44:28] warmStart (decay=exponential) 59% (628/1063) regret=0.108022 ape=0.5963
[17:44:28] warmStart (decay=exponential) 59% (629/1063) regret=0.108022 ape=0.5963
[17:44:28] warmStart (decay=exponential) 59% (630/1063) regret=0.108022 ape=0.5963
[17:44:29] warmStart (decay=exponential) 59% (631/1063) regret=0.108022 ape=0.5963
[17:44:29] warmStart (decay=exponential) 59% (632/1063) regret=0.108022 ape=0.5963
[17:44:29] warmStart (decay=exponential) 59% (633/1063) regret=0.108022 ape=0.5963
[17:44:29] warmStart (decay=exponential) 59% (634/1063) regret=0.108022 ape=0.5963
[17:44:30] warmStart (decay=exponential) 59% (635/1063) regret=0.108022 ape=0.5963
[17:44:30] warmStart (decay=exponential) 59% (636/1063) regret=0.108022 ape=0.5963
[17:44:30] warmStart (decay=exponential) 59% (637/1063) regret=0.108022 ape=0.5963
[17:44:30] warmStart (decay=exponential) 60% (638/1063) regret=0.108022 ape=0.5963
[17:44:31] warmStart (decay=exponential) 60% (639/1063) regret=0.108022 ape=0.5963
[17:44:31] warmStart (decay=exponential) 60% (640/1063) regret=0.108022 ape=0.5963
[17:44:31] warmStart (decay=exponential) 60% (641/1063) regret=0.108022 ape=0.5963
[17:44:31] warmStart (decay=exponential) 60% (642/1063) regret=0.108022 ape=0.5963
[17:44:31] warmStart (decay=exponential) 60% (643/1063) regret=0.108022 ape=0.5963
[17:44:31] warmStart (decay=exponential) 60% (644/1063) regret=0.108022 ape=0.5963
[17:44:32] warmStart (decay=exponential) 60% (645/1063) regret=0.108022 ape=0.5963
[17:44:32] warmStart (decay=exponential) 60% (646/1063) regret=0.108022 ape=0.5963
[17:44:32] warmStart (decay=exponential) 60% (647/1063) regret=0.108022 ape=0.5963
[17:44:32] warmStart (decay=exponential) 60% (648/1063) regret=0.108022 ape=0.5963
[17:44:32] warmStart (decay=exponential) 61% (649/1063) regret=0.108022 ape=0.5963
[17:44:33] warmStart (decay=exponential) 61% (650/1063) regret=0.108022 ape=0.5963
[17:44:33] warmStart (decay=exponential) 61% (651/1063) regret=0.108022 ape=0.5963
[17:44:33] warmStart (decay=exponential) 61% (652/1063) regret=0.108022 ape=0.5963
[17:44:33] warmStart (decay=exponential) 61% (653/1063) regret=0.108022 ape=0.5963
[17:44:34] warmStart (decay=exponential) 61% (654/1063) regret=0.108022 ape=0.5963
[17:44:34] warmStart (decay=exponential) 61% (655/1063) regret=0.108022 ape=0.5963
[17:44:34] warmStart (decay=exponential) 61% (656/1063) regret=0.108022 ape=0.5963
[17:44:34] warmStart (decay=exponential) 61% (657/1063) regret=0.108022 ape=0.5963
[17:44:35] warmStart (decay=exponential) 61% (658/1063) regret=0.108022 ape=0.5963
[17:44:35] warmStart (decay=exponential) 61% (659/1063) regret=0.108132 ape=0.5963
[17:44:35] warmStart (decay=exponential) 62% (660/1063) regret=0.108077 ape=0.5963
[17:44:35] warmStart (decay=exponential) 62% (661/1063) regret=0.108077 ape=0.5963
[17:44:36] warmStart (decay=exponential) 62% (662/1063) regret=0.108049 ape=0.5963
[17:44:36] warmStart (decay=exponential) 62% (663/1063) regret=0.108022 ape=0.5963
[17:44:36] warmStart (decay=exponential) 62% (664/1063) regret=0.108022 ape=0.5963
[17:44:36] warmStart (decay=exponential) 62% (665/1063) regret=0.108022 ape=0.5963
[17:44:37] warmStart (decay=exponential) 62% (666/1063) regret=0.108022 ape=0.5963
[17:44:37] warmStart (decay=exponential) 62% (667/1063) regret=0.108049 ape=0.5963
[17:44:37] warmStart (decay=exponential) 62% (668/1063) regret=0.108023 ape=0.5963
[17:44:37] warmStart (decay=exponential) 62% (669/1063) regret=0.108023 ape=0.5963
[17:44:37] warmStart (decay=exponential) 63% (670/1063) regret=0.108023 ape=0.5963
[17:44:38] warmStart (decay=exponential) 63% (671/1063) regret=0.108023 ape=0.5963
[17:44:38] warmStart (decay=exponential) 63% (672/1063) regret=0.108049 ape=0.5963
[17:44:38] warmStart (decay=exponential) 63% (673/1063) regret=0.108031 ape=0.5954
[17:44:38] warmStart (decay=exponential) 63% (674/1063) regret=0.107994 ape=0.5954
[17:44:39] warmStart (decay=exponential) 63% (675/1063) regret=0.108017 ape=0.5954
[17:44:39] warmStart (decay=exponential) 63% (676/1063) regret=0.107957 ape=0.5945
[17:44:39] warmStart (decay=exponential) 63% (677/1063) regret=0.107957 ape=0.5945
[17:44:39] warmStart (decay=exponential) 63% (678/1063) regret=0.107957 ape=0.5945
[17:44:40] warmStart (decay=exponential) 63% (679/1063) regret=0.107957 ape=0.5945
[17:44:40] warmStart (decay=exponential) 63% (680/1063) regret=0.107957 ape=0.5945
[17:44:40] warmStart (decay=exponential) 64% (681/1063) regret=0.107957 ape=0.5945
[17:44:41] warmStart (decay=exponential) 64% (682/1063) regret=0.107957 ape=0.5945
[17:44:41] warmStart (decay=exponential) 64% (683/1063) regret=0.107957 ape=0.5945
[17:44:41] warmStart (decay=exponential) 64% (684/1063) regret=0.107957 ape=0.5945
[17:44:41] warmStart (decay=exponential) 64% (685/1063) regret=0.107957 ape=0.5945
[17:44:42] warmStart (decay=exponential) 64% (686/1063) regret=0.107957 ape=0.5945
[17:44:42] warmStart (decay=exponential) 64% (687/1063) regret=0.107957 ape=0.5945
[17:44:42] warmStart (decay=exponential) 64% (688/1063) regret=0.107957 ape=0.5945
[17:44:42] warmStart (decay=exponential) 64% (689/1063) regret=0.107981 ape=0.5954
[17:44:43] warmStart (decay=exponential) 64% (690/1063) regret=0.107981 ape=0.5954
[17:44:43] warmStart (decay=exponential) 65% (691/1063) regret=0.107981 ape=0.5954
[17:44:43] warmStart (decay=exponential) 65% (692/1063) regret=0.107957 ape=0.5945
[17:44:43] warmStart (decay=exponential) 65% (693/1063) regret=0.107957 ape=0.5945
[17:44:44] warmStart (decay=exponential) 65% (694/1063) regret=0.107957 ape=0.5945
[17:44:44] warmStart (decay=exponential) 65% (695/1063) regret=0.107957 ape=0.5945
[17:44:44] warmStart (decay=exponential) 65% (696/1063) regret=0.107957 ape=0.5945
[17:44:44] warmStart (decay=exponential) 65% (697/1063) regret=0.107957 ape=0.5945
[17:44:44] warmStart (decay=exponential) 65% (698/1063) regret=0.107957 ape=0.5945
[17:44:45] warmStart (decay=exponential) 65% (699/1063) regret=0.107957 ape=0.5945
[17:44:45] warmStart (decay=exponential) 65% (700/1063) regret=0.107976 ape=0.5954
[17:44:45] warmStart (decay=exponential) 65% (701/1063) regret=0.107957 ape=0.5945
[17:44:46] warmStart (decay=exponential) 66% (702/1063) regret=0.107976 ape=0.5954
[17:44:46] warmStart (decay=exponential) 66% (703/1063) regret=0.107957 ape=0.5945
[17:44:46] warmStart (decay=exponential) 66% (704/1063) regret=0.107957 ape=0.5945
[17:44:46] warmStart (decay=exponential) 66% (705/1063) regret=0.107957 ape=0.5945
[17:44:47] warmStart (decay=exponential) 66% (706/1063) regret=0.107994 ape=0.5954
[17:44:47] warmStart (decay=exponential) 66% (707/1063) regret=0.107994 ape=0.5954
[17:44:47] warmStart (decay=exponential) 66% (708/1063) regret=0.107957 ape=0.5945
[17:44:47] warmStart (decay=exponential) 66% (709/1063) regret=0.107957 ape=0.5945
[17:44:47] warmStart (decay=exponential) 66% (710/1063) regret=0.108022 ape=0.5954
[17:44:48] warmStart (decay=exponential) 66% (711/1063) regret=0.107994 ape=0.5954
[17:44:48] warmStart (decay=exponential) 66% (712/1063) regret=0.108077 ape=0.5954
[17:44:48] warmStart (decay=exponential) 67% (713/1063) regret=0.108077 ape=0.5954
[17:44:48] warmStart (decay=exponential) 67% (714/1063) regret=0.107994 ape=0.5954
[17:44:49] warmStart (decay=exponential) 67% (715/1063) regret=0.108077 ape=0.5954
[17:44:49] warmStart (decay=exponential) 67% (716/1063) regret=0.108050 ape=0.5954
[17:44:49] warmStart (decay=exponential) 67% (717/1063) regret=0.108050 ape=0.5954
[17:44:49] warmStart (decay=exponential) 67% (718/1063) regret=0.108077 ape=0.5954
[17:44:50] warmStart (decay=exponential) 67% (719/1063) regret=0.108077 ape=0.5954
[17:44:50] warmStart (decay=exponential) 67% (720/1063) regret=0.108062 ape=0.5954
[17:44:50] warmStart (decay=exponential) 67% (721/1063) regret=0.108077 ape=0.5954
[17:44:50] warmStart (decay=exponential) 67% (722/1063) regret=0.108041 ape=0.5945
[17:44:50] warmStart (decay=exponential) 68% (723/1063) regret=0.108041 ape=0.5945
[17:44:51] warmStart (decay=exponential) 68% (724/1063) regret=0.108041 ape=0.5945
[17:44:51] warmStart (decay=exponential) 68% (725/1063) regret=0.108041 ape=0.5945
[17:44:51] warmStart (decay=exponential) 68% (726/1063) regret=0.108041 ape=0.5945
[17:44:51] warmStart (decay=exponential) 68% (727/1063) regret=0.108041 ape=0.5945
[17:44:52] warmStart (decay=exponential) 68% (728/1063) regret=0.108041 ape=0.5945
[17:44:52] warmStart (decay=exponential) 68% (729/1063) regret=0.108041 ape=0.5945
[17:44:52] warmStart (decay=exponential) 68% (730/1063) regret=0.108041 ape=0.5945
[17:44:52] warmStart (decay=exponential) 68% (731/1063) regret=0.108041 ape=0.5945
[17:44:53] warmStart (decay=exponential) 68% (732/1063) regret=0.108041 ape=0.5945
[17:44:53] warmStart (decay=exponential) 68% (733/1063) regret=0.108041 ape=0.5945
[17:44:53] warmStart (decay=exponential) 69% (734/1063) regret=0.107949 ape=0.5945
[17:44:53] warmStart (decay=exponential) 69% (735/1063) regret=0.108004 ape=0.5945
[17:44:54] warmStart (decay=exponential) 69% (736/1063) regret=0.108004 ape=0.5945
[17:44:54] warmStart (decay=exponential) 69% (737/1063) regret=0.108004 ape=0.5945
[17:44:54] warmStart (decay=exponential) 69% (738/1063) regret=0.108004 ape=0.5945
[17:44:54] warmStart (decay=exponential) 69% (739/1063) regret=0.108023 ape=0.5945
[17:44:55] warmStart (decay=exponential) 69% (740/1063) regret=0.108032 ape=0.5945
[17:44:55] warmStart (decay=exponential) 69% (741/1063) regret=0.108032 ape=0.5945
[17:44:55] warmStart (decay=exponential) 69% (742/1063) regret=0.108032 ape=0.5945
[17:44:55] warmStart (decay=exponential) 69% (743/1063) regret=0.108032 ape=0.5945
[17:44:56] warmStart (decay=exponential) 69% (744/1063) regret=0.108032 ape=0.5945
[17:44:56] warmStart (decay=exponential) 70% (745/1063) regret=0.108032 ape=0.5945
[17:44:56] warmStart (decay=exponential) 70% (746/1063) regret=0.108032 ape=0.5945
[17:44:56] warmStart (decay=exponential) 70% (747/1063) regret=0.108032 ape=0.5945
[17:44:56] warmStart (decay=exponential) 70% (748/1063) regret=0.108032 ape=0.5945
[17:44:57] warmStart (decay=exponential) 70% (749/1063) regret=0.108004 ape=0.5945
[17:44:57] warmStart (decay=exponential) 70% (750/1063) regret=0.108004 ape=0.5945
[17:44:57] warmStart (decay=exponential) 70% (751/1063) regret=0.108004 ape=0.5945
[17:44:57] warmStart (decay=exponential) 70% (752/1063) regret=0.108004 ape=0.5945
[17:44:57] warmStart (decay=exponential) 70% (753/1063) regret=0.108004 ape=0.5945
[17:44:58] warmStart (decay=exponential) 70% (754/1063) regret=0.108004 ape=0.5945
[17:44:58] warmStart (decay=exponential) 71% (755/1063) regret=0.108004 ape=0.5945
[17:44:58] warmStart (decay=exponential) 71% (756/1063) regret=0.108004 ape=0.5945
[17:44:58] warmStart (decay=exponential) 71% (757/1063) regret=0.108004 ape=0.5945
[17:44:59] warmStart (decay=exponential) 71% (758/1063) regret=0.108004 ape=0.5945
[17:44:59] warmStart (decay=exponential) 71% (759/1063) regret=0.108004 ape=0.5945
[17:44:59] warmStart (decay=exponential) 71% (760/1063) regret=0.108004 ape=0.5945
[17:44:59] warmStart (decay=exponential) 71% (761/1063) regret=0.108004 ape=0.5945
[17:44:59] warmStart (decay=exponential) 71% (762/1063) regret=0.108004 ape=0.5945
[17:45:00] warmStart (decay=exponential) 71% (763/1063) regret=0.108004 ape=0.5945
[17:45:00] warmStart (decay=exponential) 71% (764/1063) regret=0.108004 ape=0.5945
[17:45:00] warmStart (decay=exponential) 71% (765/1063) regret=0.108004 ape=0.5945
[17:45:00] warmStart (decay=exponential) 72% (766/1063) regret=0.108004 ape=0.5945
[17:45:00] warmStart (decay=exponential) 72% (767/1063) regret=0.108004 ape=0.5945
[17:45:01] warmStart (decay=exponential) 72% (768/1063) regret=0.108004 ape=0.5945
[17:45:01] warmStart (decay=exponential) 72% (769/1063) regret=0.108004 ape=0.5945
[17:45:01] warmStart (decay=exponential) 72% (770/1063) regret=0.108004 ape=0.5945
[17:45:01] warmStart (decay=exponential) 72% (771/1063) regret=0.108004 ape=0.5945
[17:45:02] warmStart (decay=exponential) 72% (772/1063) regret=0.108004 ape=0.5945
[17:45:02] warmStart (decay=exponential) 72% (773/1063) regret=0.108004 ape=0.5945
[17:45:02] warmStart (decay=exponential) 72% (774/1063) regret=0.108004 ape=0.5945
[17:45:02] warmStart (decay=exponential) 72% (775/1063) regret=0.108004 ape=0.5945
[17:45:02] warmStart (decay=exponential) 73% (776/1063) regret=0.108004 ape=0.5945
[17:45:03] warmStart (decay=exponential) 73% (777/1063) regret=0.108004 ape=0.5945
[17:45:03] warmStart (decay=exponential) 73% (778/1063) regret=0.108004 ape=0.5945
[17:45:03] warmStart (decay=exponential) 73% (779/1063) regret=0.108004 ape=0.5945
[17:45:03] warmStart (decay=exponential) 73% (780/1063) regret=0.108004 ape=0.5945
[17:45:04] warmStart (decay=exponential) 73% (781/1063) regret=0.108004 ape=0.5945
[17:45:04] warmStart (decay=exponential) 73% (782/1063) regret=0.108004 ape=0.5945
[17:45:04] warmStart (decay=exponential) 73% (783/1063) regret=0.108004 ape=0.5945
[17:45:04] warmStart (decay=exponential) 73% (784/1063) regret=0.108004 ape=0.5945
[17:45:05] warmStart (decay=exponential) 73% (785/1063) regret=0.108004 ape=0.5945
[17:45:05] warmStart (decay=exponential) 73% (786/1063) regret=0.108004 ape=0.5945
[17:45:05] warmStart (decay=exponential) 74% (787/1063) regret=0.108004 ape=0.5945
[17:45:05] warmStart (decay=exponential) 74% (788/1063) regret=0.108004 ape=0.5945
[17:45:05] warmStart (decay=exponential) 74% (789/1063) regret=0.108004 ape=0.5945
[17:45:06] warmStart (decay=exponential) 74% (790/1063) regret=0.108004 ape=0.5945
[17:45:06] warmStart (decay=exponential) 74% (791/1063) regret=0.108004 ape=0.5945
[17:45:06] warmStart (decay=exponential) 74% (792/1063) regret=0.108004 ape=0.5945
[17:45:06] warmStart (decay=exponential) 74% (793/1063) regret=0.108004 ape=0.5945
[17:45:06] warmStart (decay=exponential) 74% (794/1063) regret=0.108004 ape=0.5945
[17:45:07] warmStart (decay=exponential) 74% (795/1063) regret=0.108004 ape=0.5945
[17:45:07] warmStart (decay=exponential) 74% (796/1063) regret=0.108004 ape=0.5945
[17:45:07] warmStart (decay=exponential) 74% (797/1063) regret=0.108004 ape=0.5945
[17:45:07] warmStart (decay=exponential) 75% (798/1063) regret=0.107921 ape=0.5945
[17:45:08] warmStart (decay=exponential) 75% (799/1063) regret=0.107663 ape=0.5935
[17:45:08] warmStart (decay=exponential) 75% (800/1063) regret=0.107774 ape=0.5935
[17:45:08] warmStart (decay=exponential) 75% (801/1063) regret=0.107663 ape=0.5935
[17:45:08] warmStart (decay=exponential) 75% (802/1063) regret=0.107663 ape=0.5935
[17:45:09] warmStart (decay=exponential) 75% (803/1063) regret=0.107663 ape=0.5935
[17:45:09] warmStart (decay=exponential) 75% (804/1063) regret=0.107663 ape=0.5935
[17:45:09] warmStart (decay=exponential) 75% (805/1063) regret=0.107663 ape=0.5935
[17:45:09] warmStart (decay=exponential) 75% (806/1063) regret=0.107663 ape=0.5935
[17:45:09] warmStart (decay=exponential) 75% (807/1063) regret=0.107663 ape=0.5935
[17:45:10] warmStart (decay=exponential) 76% (808/1063) regret=0.107663 ape=0.5935
[17:45:10] warmStart (decay=exponential) 76% (809/1063) regret=0.107691 ape=0.5945
[17:45:10] warmStart (decay=exponential) 76% (810/1063) regret=0.107691 ape=0.5945
[17:45:10] warmStart (decay=exponential) 76% (811/1063) regret=0.107682 ape=0.5935
[17:45:10] warmStart (decay=exponential) 76% (812/1063) regret=0.107723 ape=0.5945
[17:45:11] warmStart (decay=exponential) 76% (813/1063) regret=0.107682 ape=0.5935
[17:45:11] warmStart (decay=exponential) 76% (814/1063) regret=0.107682 ape=0.5935
[17:45:11] warmStart (decay=exponential) 76% (815/1063) regret=0.107728 ape=0.5945
[17:45:11] warmStart (decay=exponential) 76% (816/1063) regret=0.107728 ape=0.5945
[17:45:12] warmStart (decay=exponential) 76% (817/1063) regret=0.107728 ape=0.5945
[17:45:12] warmStart (decay=exponential) 76% (818/1063) regret=0.107728 ape=0.5945
[17:45:12] warmStart (decay=exponential) 77% (819/1063) regret=0.107728 ape=0.5945
[17:45:12] warmStart (decay=exponential) 77% (820/1063) regret=0.107728 ape=0.5945
[17:45:12] warmStart (decay=exponential) 77% (821/1063) regret=0.107686 ape=0.5945
[17:45:12] warmStart (decay=exponential) 77% (822/1063) regret=0.107679 ape=0.5945
[17:45:13] warmStart (decay=exponential) 77% (823/1063) regret=0.107696 ape=0.5945
[17:45:13] warmStart (decay=exponential) 77% (824/1063) regret=0.107679 ape=0.5945
[17:45:13] warmStart (decay=exponential) 77% (825/1063) regret=0.107679 ape=0.5945
[17:45:13] warmStart (decay=exponential) 77% (826/1063) regret=0.107679 ape=0.5945
[17:45:13] warmStart (decay=exponential) 77% (827/1063) regret=0.107679 ape=0.5945
[17:45:14] warmStart (decay=exponential) 77% (828/1063) regret=0.107679 ape=0.5945
[17:45:14] warmStart (decay=exponential) 77% (829/1063) regret=0.107649 ape=0.5935
[17:45:14] warmStart (decay=exponential) 78% (830/1063) regret=0.107649 ape=0.5935
[17:45:14] warmStart (decay=exponential) 78% (831/1063) regret=0.107649 ape=0.5935
[17:45:14] warmStart (decay=exponential) 78% (832/1063) regret=0.107649 ape=0.5935
[17:45:15] warmStart (decay=exponential) 78% (833/1063) regret=0.107649 ape=0.5935
[17:45:15] warmStart (decay=exponential) 78% (834/1063) regret=0.107643 ape=0.5935
[17:45:15] warmStart (decay=exponential) 78% (835/1063) regret=0.107643 ape=0.5935
[17:45:15] warmStart (decay=exponential) 78% (836/1063) regret=0.107641 ape=0.5926
[17:45:15] warmStart (decay=exponential) 78% (837/1063) regret=0.107641 ape=0.5926
[17:45:16] warmStart (decay=exponential) 78% (838/1063) regret=0.107641 ape=0.5926
[17:45:16] warmStart (decay=exponential) 78% (839/1063) regret=0.107641 ape=0.5926
[17:45:16] warmStart (decay=exponential) 79% (840/1063) regret=0.107641 ape=0.5926
[17:45:16] warmStart (decay=exponential) 79% (841/1063) regret=0.107641 ape=0.5926
[17:45:17] warmStart (decay=exponential) 79% (842/1063) regret=0.107641 ape=0.5926
[17:45:17] warmStart (decay=exponential) 79% (843/1063) regret=0.107641 ape=0.5926
[17:45:17] warmStart (decay=exponential) 79% (844/1063) regret=0.107641 ape=0.5926
[17:45:17] warmStart (decay=exponential) 79% (845/1063) regret=0.108051 ape=0.5935
[17:45:17] warmStart (decay=exponential) 79% (846/1063) regret=0.107576 ape=0.5926
[17:45:18] warmStart (decay=exponential) 79% (847/1063) regret=0.107033 ape=0.5917
[17:45:18] warmStart (decay=exponential) 79% (848/1063) regret=0.107033 ape=0.5917
[17:45:18] warmStart (decay=exponential) 79% (849/1063) regret=0.107033 ape=0.5917
[17:45:18] warmStart (decay=exponential) 79% (850/1063) regret=0.107033 ape=0.5917
[17:45:19] warmStart (decay=exponential) 80% (851/1063) regret=0.107033 ape=0.5917
[17:45:19] warmStart (decay=exponential) 80% (852/1063) regret=0.107032 ape=0.5917
[17:45:19] warmStart (decay=exponential) 80% (853/1063) regret=0.107032 ape=0.5917
[17:45:19] warmStart (decay=exponential) 80% (854/1063) regret=0.107034 ape=0.5917
[17:45:20] warmStart (decay=exponential) 80% (855/1063) regret=0.107035 ape=0.5917
[17:45:20] warmStart (decay=exponential) 80% (856/1063) regret=0.107035 ape=0.5917
[17:45:20] warmStart (decay=exponential) 80% (857/1063) regret=0.107035 ape=0.5917
[17:45:20] warmStart (decay=exponential) 80% (858/1063) regret=0.107035 ape=0.5917
[17:45:20] warmStart (decay=exponential) 80% (859/1063) regret=0.107035 ape=0.5917
[17:45:21] warmStart (decay=exponential) 80% (860/1063) regret=0.107035 ape=0.5917
[17:45:21] warmStart (decay=exponential) 80% (861/1063) regret=0.107035 ape=0.5917
[17:45:21] warmStart (decay=exponential) 81% (862/1063) regret=0.107035 ape=0.5917
[17:45:21] warmStart (decay=exponential) 81% (863/1063) regret=0.107035 ape=0.5917
[17:45:21] warmStart (decay=exponential) 81% (864/1063) regret=0.107032 ape=0.5917
[17:45:21] warmStart (decay=exponential) 81% (865/1063) regret=0.107035 ape=0.5917
[17:45:22] warmStart (decay=exponential) 81% (866/1063) regret=0.107035 ape=0.5917
[17:45:22] warmStart (decay=exponential) 81% (867/1063) regret=0.107029 ape=0.5917
[17:45:22] warmStart (decay=exponential) 81% (868/1063) regret=0.107033 ape=0.5917
[17:45:22] warmStart (decay=exponential) 81% (869/1063) regret=0.107026 ape=0.5908
[17:45:22] warmStart (decay=exponential) 81% (870/1063) regret=0.107033 ape=0.5917
[17:45:22] warmStart (decay=exponential) 81% (871/1063) regret=0.107029 ape=0.5917
[17:45:23] warmStart (decay=exponential) 82% (872/1063) regret=0.107033 ape=0.5917
[17:45:23] warmStart (decay=exponential) 82% (873/1063) regret=0.107033 ape=0.5917
[17:45:23] warmStart (decay=exponential) 82% (874/1063) regret=0.107033 ape=0.5917
[17:45:23] warmStart (decay=exponential) 82% (875/1063) regret=0.107033 ape=0.5917
[17:45:24] warmStart (decay=exponential) 82% (876/1063) regret=0.107033 ape=0.5917
[17:45:24] warmStart (decay=exponential) 82% (877/1063) regret=0.107033 ape=0.5917
[17:45:24] warmStart (decay=exponential) 82% (878/1063) regret=0.107033 ape=0.5917
[17:45:24] warmStart (decay=exponential) 82% (879/1063) regret=0.107033 ape=0.5917
[17:45:25] warmStart (decay=exponential) 82% (880/1063) regret=0.107033 ape=0.5917
[17:45:25] warmStart (decay=exponential) 82% (881/1063) regret=0.107033 ape=0.5917
[17:45:25] warmStart (decay=exponential) 82% (882/1063) regret=0.107033 ape=0.5917
[17:45:25] warmStart (decay=exponential) 83% (883/1063) regret=0.107033 ape=0.5917
[17:45:25] warmStart (decay=exponential) 83% (884/1063) regret=0.107033 ape=0.5917
[17:45:26] warmStart (decay=exponential) 83% (885/1063) regret=0.107033 ape=0.5917
[17:45:26] warmStart (decay=exponential) 83% (886/1063) regret=0.107033 ape=0.5917
[17:45:26] warmStart (decay=exponential) 83% (887/1063) regret=0.107033 ape=0.5917
[17:45:26] warmStart (decay=exponential) 83% (888/1063) regret=0.107033 ape=0.5917
[17:45:26] warmStart (decay=exponential) 83% (889/1063) regret=0.107033 ape=0.5917
[17:45:27] warmStart (decay=exponential) 83% (890/1063) regret=0.107033 ape=0.5917
[17:45:27] warmStart (decay=exponential) 83% (891/1063) regret=0.107033 ape=0.5917
[17:45:27] warmStart (decay=exponential) 83% (892/1063) regret=0.107033 ape=0.5917
[17:45:27] warmStart (decay=exponential) 84% (893/1063) regret=0.107033 ape=0.5917
[17:45:28] warmStart (decay=exponential) 84% (894/1063) regret=0.107033 ape=0.5917
[17:45:28] warmStart (decay=exponential) 84% (895/1063) regret=0.107033 ape=0.5917
[17:45:28] warmStart (decay=exponential) 84% (896/1063) regret=0.107033 ape=0.5917
[17:45:28] warmStart (decay=exponential) 84% (897/1063) regret=0.107033 ape=0.5917
[17:45:29] warmStart (decay=exponential) 84% (898/1063) regret=0.107033 ape=0.5917
[17:45:29] warmStart (decay=exponential) 84% (899/1063) regret=0.107033 ape=0.5917
[17:45:29] warmStart (decay=exponential) 84% (900/1063) regret=0.107033 ape=0.5917
[17:45:29] warmStart (decay=exponential) 84% (901/1063) regret=0.107033 ape=0.5917
[17:45:30] warmStart (decay=exponential) 84% (902/1063) regret=0.107033 ape=0.5917
[17:45:30] warmStart (decay=exponential) 84% (903/1063) regret=0.107033 ape=0.5917
[17:45:30] warmStart (decay=exponential) 85% (904/1063) regret=0.107033 ape=0.5917
[17:45:30] warmStart (decay=exponential) 85% (905/1063) regret=0.107033 ape=0.5917
[17:45:31] warmStart (decay=exponential) 85% (906/1063) regret=0.107033 ape=0.5917
[17:45:31] warmStart (decay=exponential) 85% (907/1063) regret=0.107033 ape=0.5917
[17:45:31] warmStart (decay=exponential) 85% (908/1063) regret=0.107033 ape=0.5917
[17:45:32] warmStart (decay=exponential) 85% (909/1063) regret=0.107033 ape=0.5917
[17:45:32] warmStart (decay=exponential) 85% (910/1063) regret=0.107033 ape=0.5917
[17:45:32] warmStart (decay=exponential) 85% (911/1063) regret=0.107033 ape=0.5917
[17:45:32] warmStart (decay=exponential) 85% (912/1063) regret=0.107033 ape=0.5917
[17:45:33] warmStart (decay=exponential) 85% (913/1063) regret=0.107033 ape=0.5917
[17:45:33] warmStart (decay=exponential) 85% (914/1063) regret=0.107033 ape=0.5917
[17:45:33] warmStart (decay=exponential) 86% (915/1063) regret=0.107033 ape=0.5917
[17:45:33] warmStart (decay=exponential) 86% (916/1063) regret=0.107033 ape=0.5917
[17:45:34] warmStart (decay=exponential) 86% (917/1063) regret=0.107033 ape=0.5917
[17:45:34] warmStart (decay=exponential) 86% (918/1063) regret=0.107033 ape=0.5917
[17:45:34] warmStart (decay=exponential) 86% (919/1063) regret=0.107033 ape=0.5917
[17:45:34] warmStart (decay=exponential) 86% (920/1063) regret=0.107033 ape=0.5917
[17:45:35] warmStart (decay=exponential) 86% (921/1063) regret=0.107033 ape=0.5917
[17:45:35] warmStart (decay=exponential) 86% (922/1063) regret=0.107033 ape=0.5917
[17:45:35] warmStart (decay=exponential) 86% (923/1063) regret=0.107033 ape=0.5917
[17:45:35] warmStart (decay=exponential) 86% (924/1063) regret=0.107033 ape=0.5917
[17:45:36] warmStart (decay=exponential) 87% (925/1063) regret=0.107033 ape=0.5917
[17:45:36] warmStart (decay=exponential) 87% (926/1063) regret=0.107033 ape=0.5917
[17:45:36] warmStart (decay=exponential) 87% (927/1063) regret=0.107033 ape=0.5917
[17:45:36] warmStart (decay=exponential) 87% (928/1063) regret=0.107033 ape=0.5917
[17:45:37] warmStart (decay=exponential) 87% (929/1063) regret=0.107033 ape=0.5917
[17:45:37] warmStart (decay=exponential) 87% (930/1063) regret=0.107033 ape=0.5917
[17:45:37] warmStart (decay=exponential) 87% (931/1063) regret=0.107033 ape=0.5917
[17:45:37] warmStart (decay=exponential) 87% (932/1063) regret=0.107033 ape=0.5917
[17:45:38] warmStart (decay=exponential) 87% (933/1063) regret=0.107033 ape=0.5917
[17:45:38] warmStart (decay=exponential) 87% (934/1063) regret=0.107033 ape=0.5917
[17:45:38] warmStart (decay=exponential) 87% (935/1063) regret=0.107033 ape=0.5917
[17:45:38] warmStart (decay=exponential) 88% (936/1063) regret=0.107033 ape=0.5917
[17:45:39] warmStart (decay=exponential) 88% (937/1063) regret=0.107033 ape=0.5917
[17:45:39] warmStart (decay=exponential) 88% (938/1063) regret=0.107033 ape=0.5917
[17:45:39] warmStart (decay=exponential) 88% (939/1063) regret=0.107033 ape=0.5917
[17:45:39] warmStart (decay=exponential) 88% (940/1063) regret=0.107033 ape=0.5917
[17:45:40] warmStart (decay=exponential) 88% (941/1063) regret=0.107033 ape=0.5917
[17:45:40] warmStart (decay=exponential) 88% (942/1063) regret=0.107033 ape=0.5917
[17:45:40] warmStart (decay=exponential) 88% (943/1063) regret=0.107033 ape=0.5917
[17:45:40] warmStart (decay=exponential) 88% (944/1063) regret=0.107033 ape=0.5917
[17:45:41] warmStart (decay=exponential) 88% (945/1063) regret=0.107033 ape=0.5917
[17:45:41] warmStart (decay=exponential) 88% (946/1063) regret=0.107033 ape=0.5917
[17:45:41] warmStart (decay=exponential) 89% (947/1063) regret=0.107033 ape=0.5917
[17:45:41] warmStart (decay=exponential) 89% (948/1063) regret=0.107033 ape=0.5917
[17:45:42] warmStart (decay=exponential) 89% (949/1063) regret=0.107023 ape=0.5908
[17:45:42] warmStart (decay=exponential) 89% (950/1063) regret=0.107023 ape=0.5908
[17:45:42] warmStart (decay=exponential) 89% (951/1063) regret=0.107023 ape=0.5908
[17:45:42] warmStart (decay=exponential) 89% (952/1063) regret=0.107023 ape=0.5908
[17:45:42] warmStart (decay=exponential) 89% (953/1063) regret=0.107023 ape=0.5908
[17:45:43] warmStart (decay=exponential) 89% (954/1063) regret=0.107023 ape=0.5908
[17:45:43] warmStart (decay=exponential) 89% (955/1063) regret=0.107023 ape=0.5908
[17:45:43] warmStart (decay=exponential) 89% (956/1063) regret=0.107023 ape=0.5908
[17:45:43] warmStart (decay=exponential) 90% (957/1063) regret=0.107023 ape=0.5908
[17:45:43] warmStart (decay=exponential) 90% (958/1063) regret=0.107023 ape=0.5908
[17:45:44] warmStart (decay=exponential) 90% (959/1063) regret=0.107023 ape=0.5908
[17:45:44] warmStart (decay=exponential) 90% (960/1063) regret=0.107023 ape=0.5908
[17:45:44] warmStart (decay=exponential) 90% (961/1063) regret=0.106707 ape=0.5899
[17:45:44] warmStart (decay=exponential) 90% (962/1063) regret=0.106707 ape=0.5899
[17:45:45] warmStart (decay=exponential) 90% (963/1063) regret=0.106707 ape=0.5899
[17:45:45] warmStart (decay=exponential) 90% (964/1063) regret=0.106707 ape=0.5899
[17:45:45] warmStart (decay=exponential) 90% (965/1063) regret=0.106725 ape=0.5899
[17:45:45] warmStart (decay=exponential) 90% (966/1063) regret=0.106721 ape=0.5899
[17:45:46] warmStart (decay=exponential) 90% (967/1063) regret=0.106721 ape=0.5899
[17:45:46] warmStart (decay=exponential) 91% (968/1063) regret=0.106721 ape=0.5899
[17:45:46] warmStart (decay=exponential) 91% (969/1063) regret=0.106698 ape=0.5889
[17:45:46] warmStart (decay=exponential) 91% (970/1063) regret=0.106698 ape=0.5889
[17:45:47] warmStart (decay=exponential) 91% (971/1063) regret=0.106698 ape=0.5889
[17:45:47] warmStart (decay=exponential) 91% (972/1063) regret=0.106698 ape=0.5889
[17:45:47] warmStart (decay=exponential) 91% (973/1063) regret=0.106698 ape=0.5889
[17:45:48] warmStart (decay=exponential) 91% (974/1063) regret=0.106698 ape=0.5889
[17:45:48] warmStart (decay=exponential) 91% (975/1063) regret=0.106698 ape=0.5889
[17:45:48] warmStart (decay=exponential) 91% (976/1063) regret=0.106698 ape=0.5889
[17:45:48] warmStart (decay=exponential) 91% (977/1063) regret=0.106698 ape=0.5889
[17:45:49] warmStart (decay=exponential) 92% (978/1063) regret=0.106698 ape=0.5889
[17:45:49] warmStart (decay=exponential) 92% (979/1063) regret=0.107039 ape=0.5899
[17:45:49] warmStart (decay=exponential) 92% (980/1063) regret=0.106919 ape=0.5899
[17:45:49] warmStart (decay=exponential) 92% (981/1063) regret=0.106919 ape=0.5899
[17:45:50] warmStart (decay=exponential) 92% (982/1063) regret=0.106919 ape=0.5899
[17:45:50] warmStart (decay=exponential) 92% (983/1063) regret=0.106919 ape=0.5899
[17:45:50] warmStart (decay=exponential) 92% (984/1063) regret=0.106919 ape=0.5899
[17:45:50] warmStart (decay=exponential) 92% (985/1063) regret=0.106919 ape=0.5899
[17:45:50] warmStart (decay=exponential) 92% (986/1063) regret=0.106919 ape=0.5899
[17:45:51] warmStart (decay=exponential) 92% (987/1063) regret=0.106698 ape=0.5889
[17:45:51] warmStart (decay=exponential) 92% (988/1063) regret=0.106699 ape=0.5889
[17:45:51] warmStart (decay=exponential) 93% (989/1063) regret=0.106699 ape=0.5889
[17:45:51] warmStart (decay=exponential) 93% (990/1063) regret=0.106699 ape=0.5889
[17:45:52] warmStart (decay=exponential) 93% (991/1063) regret=0.106681 ape=0.5880
[17:45:52] warmStart (decay=exponential) 93% (992/1063) regret=0.106699 ape=0.5889
[17:45:52] warmStart (decay=exponential) 93% (993/1063) regret=0.106681 ape=0.5880
[17:45:52] warmStart (decay=exponential) 93% (994/1063) regret=0.106681 ape=0.5880
[17:45:53] warmStart (decay=exponential) 93% (995/1063) regret=0.106681 ape=0.5880
[17:45:53] warmStart (decay=exponential) 93% (996/1063) regret=0.106681 ape=0.5880
[17:45:53] warmStart (decay=exponential) 93% (997/1063) regret=0.106681 ape=0.5880
[17:45:53] warmStart (decay=exponential) 93% (998/1063) regret=0.106681 ape=0.5880
[17:45:54] warmStart (decay=exponential) 93% (999/1063) regret=0.106698 ape=0.5889
[17:45:54] warmStart (decay=exponential) 94% (1000/1063) regret=0.106699 ape=0.5889
[17:45:54] warmStart (decay=exponential) 94% (1001/1063) regret=0.106884 ape=0.5899
[17:45:54] warmStart (decay=exponential) 94% (1002/1063) regret=0.106884 ape=0.5899
[17:45:55] warmStart (decay=exponential) 94% (1003/1063) regret=0.106884 ape=0.5899
[17:45:55] warmStart (decay=exponential) 94% (1004/1063) regret=0.106890 ape=0.5908
[17:45:55] warmStart (decay=exponential) 94% (1005/1063) regret=0.106890 ape=0.5908
[17:45:55] warmStart (decay=exponential) 94% (1006/1063) regret=0.106890 ape=0.5908
[17:45:55] warmStart (decay=exponential) 94% (1007/1063) regret=0.106890 ape=0.5908
[17:45:56] warmStart (decay=exponential) 94% (1008/1063) regret=0.106890 ape=0.5908
[17:45:56] warmStart (decay=exponential) 94% (1009/1063) regret=0.106890 ape=0.5908
[17:45:56] warmStart (decay=exponential) 95% (1010/1063) regret=0.106890 ape=0.5908
[17:45:56] warmStart (decay=exponential) 95% (1011/1063) regret=0.106890 ape=0.5908
[17:45:56] warmStart (decay=exponential) 95% (1012/1063) regret=0.106890 ape=0.5908
[17:45:57] warmStart (decay=exponential) 95% (1013/1063) regret=0.106890 ape=0.5908
[17:45:57] warmStart (decay=exponential) 95% (1014/1063) regret=0.106890 ape=0.5908
[17:45:57] warmStart (decay=exponential) 95% (1015/1063) regret=0.106890 ape=0.5908
[17:45:57] warmStart (decay=exponential) 95% (1016/1063) regret=0.106890 ape=0.5908
[17:45:58] warmStart (decay=exponential) 95% (1017/1063) regret=0.106890 ape=0.5908
[17:45:58] warmStart (decay=exponential) 95% (1018/1063) regret=0.106890 ape=0.5908
[17:45:58] warmStart (decay=exponential) 95% (1019/1063) regret=0.106890 ape=0.5908
[17:45:58] warmStart (decay=exponential) 95% (1020/1063) regret=0.106890 ape=0.5908
[17:45:59] warmStart (decay=exponential) 96% (1021/1063) regret=0.106891 ape=0.5908
[17:45:59] warmStart (decay=exponential) 96% (1022/1063) regret=0.106890 ape=0.5908
[17:45:59] warmStart (decay=exponential) 96% (1023/1063) regret=0.106890 ape=0.5908
[17:45:59] warmStart (decay=exponential) 96% (1024/1063) regret=0.106890 ape=0.5908
[17:45:59] warmStart (decay=exponential) 96% (1025/1063) regret=0.106890 ape=0.5908
[17:46:00] warmStart (decay=exponential) 96% (1026/1063) regret=0.106890 ape=0.5908
[17:46:00] warmStart (decay=exponential) 96% (1027/1063) regret=0.106890 ape=0.5908
[17:46:00] warmStart (decay=exponential) 96% (1028/1063) regret=0.106890 ape=0.5908
[17:46:00] warmStart (decay=exponential) 96% (1029/1063) regret=0.107083 ape=0.5917
[17:46:01] warmStart (decay=exponential) 96% (1030/1063) regret=0.106890 ape=0.5908
[17:46:01] warmStart (decay=exponential) 96% (1031/1063) regret=0.106894 ape=0.5908
[17:46:01] warmStart (decay=exponential) 97% (1032/1063) regret=0.106894 ape=0.5908
[17:46:01] warmStart (decay=exponential) 97% (1033/1063) regret=0.106894 ape=0.5908
[17:46:02] warmStart (decay=exponential) 97% (1034/1063) regret=0.106894 ape=0.5908
[17:46:02] warmStart (decay=exponential) 97% (1035/1063) regret=0.106894 ape=0.5908
[17:46:02] warmStart (decay=exponential) 97% (1036/1063) regret=0.106894 ape=0.5908
[17:46:02] warmStart (decay=exponential) 97% (1037/1063) regret=0.106894 ape=0.5908
[17:46:03] warmStart (decay=exponential) 97% (1038/1063) regret=0.106894 ape=0.5908
[17:46:03] warmStart (decay=exponential) 97% (1039/1063) regret=0.106894 ape=0.5908
[17:46:03] warmStart (decay=exponential) 97% (1040/1063) regret=0.106894 ape=0.5908
[17:46:03] warmStart (decay=exponential) 97% (1041/1063) regret=0.106894 ape=0.5908
[17:46:03] warmStart (decay=exponential) 98% (1042/1063) regret=0.106894 ape=0.5908
[17:46:04] warmStart (decay=exponential) 98% (1043/1063) regret=0.106894 ape=0.5908
[17:46:04] warmStart (decay=exponential) 98% (1044/1063) regret=0.106894 ape=0.5908
[17:46:04] warmStart (decay=exponential) 98% (1045/1063) regret=0.106894 ape=0.5908
[17:46:04] warmStart (decay=exponential) 98% (1046/1063) regret=0.106894 ape=0.5908
[17:46:05] warmStart (decay=exponential) 98% (1047/1063) regret=0.106894 ape=0.5908
[17:46:05] warmStart (decay=exponential) 98% (1048/1063) regret=0.106894 ape=0.5908
[17:46:05] warmStart (decay=exponential) 98% (1049/1063) regret=0.106890 ape=0.5908
[17:46:05] warmStart (decay=exponential) 98% (1050/1063) regret=0.106890 ape=0.5908
[17:46:05] warmStart (decay=exponential) 98% (1051/1063) regret=0.106890 ape=0.5908
[17:46:06] warmStart (decay=exponential) 98% (1052/1063) regret=0.106890 ape=0.5908
[17:46:06] warmStart (decay=exponential) 99% (1053/1063) regret=0.106890 ape=0.5908
[17:46:06] warmStart (decay=exponential) 99% (1054/1063) regret=0.106890 ape=0.5908
[17:46:06] warmStart (decay=exponential) 99% (1055/1063) regret=0.106890 ape=0.5908
[17:46:07] warmStart (decay=exponential) 99% (1056/1063) regret=0.106890 ape=0.5908
[17:46:07] warmStart (decay=exponential) 99% (1057/1063) regret=0.106890 ape=0.5908
[17:46:07] warmStart (decay=exponential) 99% (1058/1063) regret=0.106890 ape=0.5908
[17:46:07] warmStart (decay=exponential) 99% (1059/1063) regret=0.106885 ape=0.5899
[17:46:08] warmStart (decay=exponential) 99% (1060/1063) regret=0.106890 ape=0.5908
[17:46:08] warmStart (decay=exponential) 99% (1061/1063) regret=0.106890 ape=0.5908
[17:46:08] warmStart (decay=exponential) 99% (1062/1063) regret=0.106890 ape=0.5908
Warm w=50 finished: 1062 points, 226.88s wall time
  Final: regret=0.106890, ape=0.5908

Saved: /home/users/g/s/gsavary/LudiiMCTSVariations/slurm_sweep_full_dataset/output_decay/warm_50_decay_exponential_0_05/seed_2/sweep_decay_warm_50_exponential_0.05_2_20260426_174608.json

Generating plots...
Saved: /home/users/g/s/gsavary/LudiiMCTSVariations/slurm_sweep_full_dataset/output_decay/warm_50_decay_exponential_0_05/seed_2/sweep_decay_warm_50_exponential_0.05_2_20260426_174608_regret.png
Saved: /home/users/g/s/gsavary/LudiiMCTSVariations/slurm_sweep_full_dataset/output_decay/warm_50_decay_exponential_0_05/seed_2/sweep_decay_warm_50_exponential_0.05_2_20260426_174608_ape.png

================================================================================
Experiment complete!
================================================================================
Done. Results in: /home/users/g/s/gsavary/LudiiMCTSVariations/slurm_sweep_full_dataset/output_decay/warm_50_decay_exponential_0_05/seed_2
