============================================================
Decay sweep experiment
Method:      warm:50
Decay mode:  exponential
Decay param: 0.05
Seed:        3
Output:      /home/users/g/s/gsavary/LudiiMCTSVariations/slurm_sweep_full_dataset/output_decay/warm_50_decay_exponential_0_05/seed_3
============================================================

================================================================================
SLURM Sweep Experiment with Synthetic Data Decay
================================================================================
Method: warm:50
Decay: exponential (param=0.05)
Time limit: 3600.0s, Seed: 3, Batch size: 20
Output directory: /home/users/g/s/gsavary/LudiiMCTSVariations/slurm_sweep_full_dataset/output_decay/warm_50_decay_exponential_0_05/seed_3

Loading Ludii dataset...
Loaded 1085 games
Using 1085 games (full dataset)

Running timing probe (100 pulls)...
  Estimated secs/pull: 0.026485

Time budget: 3600.0s → ~135925 total pulls
Per-method budget: 19417 pulls (~514.3s)

Computing predictor-only performance...
  Predictions loaded: 23675 agent predictions
  Predictor-only: regret=0.104318, ape=0.4894

Running WARM-START (w=50, decay=exponential param=0.05)...
[17:42:54] warmStart (decay=exponential) 0% (1/971) regret=0.107168 ape=0.5972
[17:42:54] warmStart (decay=exponential) 0% (2/971) regret=0.107279 ape=0.5972
[17:42:54] warmStart (decay=exponential) 0% (3/971) regret=0.107279 ape=0.5972
[17:42:54] warmStart (decay=exponential) 0% (4/971) regret=0.107279 ape=0.5972
[17:42:55] warmStart (decay=exponential) 0% (5/971) regret=0.107279 ape=0.5972
[17:42:55] warmStart (decay=exponential) 0% (6/971) regret=0.107422 ape=0.5982
[17:42:55] warmStart (decay=exponential) 0% (7/971) regret=0.107279 ape=0.5972
[17:42:55] warmStart (decay=exponential) 0% (8/971) regret=0.107279 ape=0.5972
[17:42:56] warmStart (decay=exponential) 0% (9/971) regret=0.107279 ape=0.5972
[17:42:56] warmStart (decay=exponential) 1% (10/971) regret=0.107279 ape=0.5972
[17:42:56] warmStart (decay=exponential) 1% (11/971) regret=0.107279 ape=0.5972
[17:42:56] warmStart (decay=exponential) 1% (12/971) regret=0.107210 ape=0.5972
[17:42:57] warmStart (decay=exponential) 1% (13/971) regret=0.107210 ape=0.5972
[17:42:57] warmStart (decay=exponential) 1% (14/971) regret=0.107219 ape=0.5982
[17:42:57] warmStart (decay=exponential) 1% (15/971) regret=0.107219 ape=0.5982
[17:42:57] warmStart (decay=exponential) 1% (16/971) regret=0.107219 ape=0.5982
[17:42:58] warmStart (decay=exponential) 1% (17/971) regret=0.107219 ape=0.5982
[17:42:58] warmStart (decay=exponential) 1% (18/971) regret=0.107219 ape=0.5982
[17:42:58] warmStart (decay=exponential) 1% (19/971) regret=0.107219 ape=0.5982
[17:42:59] warmStart (decay=exponential) 2% (20/971) regret=0.107219 ape=0.5982
[17:42:59] warmStart (decay=exponential) 2% (21/971) regret=0.107219 ape=0.5982
[17:42:59] warmStart (decay=exponential) 2% (22/971) regret=0.107219 ape=0.5982
[17:42:59] warmStart (decay=exponential) 2% (23/971) regret=0.107219 ape=0.5982
[17:43:00] warmStart (decay=exponential) 2% (24/971) regret=0.107219 ape=0.5982
[17:43:00] warmStart (decay=exponential) 2% (25/971) regret=0.107219 ape=0.5982
[17:43:00] warmStart (decay=exponential) 2% (26/971) regret=0.107219 ape=0.5982
[17:43:00] warmStart (decay=exponential) 2% (27/971) regret=0.107219 ape=0.5982
[17:43:01] warmStart (decay=exponential) 2% (28/971) regret=0.107219 ape=0.5982
[17:43:01] warmStart (decay=exponential) 2% (29/971) regret=0.107219 ape=0.5982
[17:43:01] warmStart (decay=exponential) 3% (30/971) regret=0.107219 ape=0.5982
[17:43:01] warmStart (decay=exponential) 3% (31/971) regret=0.107219 ape=0.5982
[17:43:02] warmStart (decay=exponential) 3% (32/971) regret=0.107219 ape=0.5982
[17:43:02] warmStart (decay=exponential) 3% (33/971) regret=0.107219 ape=0.5982
[17:43:02] warmStart (decay=exponential) 3% (34/971) regret=0.107219 ape=0.5982
[17:43:02] warmStart (decay=exponential) 3% (35/971) regret=0.107219 ape=0.5982
[17:43:03] warmStart (decay=exponential) 3% (36/971) regret=0.107219 ape=0.5982
[17:43:03] warmStart (decay=exponential) 3% (37/971) regret=0.107219 ape=0.5982
[17:43:03] warmStart (decay=exponential) 3% (38/971) regret=0.107219 ape=0.5982
[17:43:03] warmStart (decay=exponential) 4% (39/971) regret=0.107219 ape=0.5982
[17:43:04] warmStart (decay=exponential) 4% (40/971) regret=0.107219 ape=0.5982
[17:43:04] warmStart (decay=exponential) 4% (41/971) regret=0.107219 ape=0.5982
[17:43:04] warmStart (decay=exponential) 4% (42/971) regret=0.107219 ape=0.5982
[17:43:04] warmStart (decay=exponential) 4% (43/971) regret=0.107219 ape=0.5982
[17:43:05] warmStart (decay=exponential) 4% (44/971) regret=0.107219 ape=0.5982
[17:43:05] warmStart (decay=exponential) 4% (45/971) regret=0.107219 ape=0.5982
[17:43:05] warmStart (decay=exponential) 4% (46/971) regret=0.107219 ape=0.5982
[17:43:05] warmStart (decay=exponential) 4% (47/971) regret=0.107219 ape=0.5982
[17:43:06] warmStart (decay=exponential) 4% (48/971) regret=0.107219 ape=0.5982
[17:43:06] warmStart (decay=exponential) 5% (49/971) regret=0.107219 ape=0.5982
[17:43:06] warmStart (decay=exponential) 5% (50/971) regret=0.107219 ape=0.5982
[17:43:07] warmStart (decay=exponential) 5% (51/971) regret=0.107219 ape=0.5982
[17:43:07] warmStart (decay=exponential) 5% (52/971) regret=0.107219 ape=0.5982
[17:43:07] warmStart (decay=exponential) 5% (53/971) regret=0.107219 ape=0.5982
[17:43:07] warmStart (decay=exponential) 5% (54/971) regret=0.107219 ape=0.5982
[17:43:08] warmStart (decay=exponential) 5% (55/971) regret=0.107219 ape=0.5982
[17:43:08] warmStart (decay=exponential) 5% (56/971) regret=0.107219 ape=0.5982
[17:43:08] warmStart (decay=exponential) 5% (57/971) regret=0.107219 ape=0.5982
[17:43:08] warmStart (decay=exponential) 5% (58/971) regret=0.107219 ape=0.5982
[17:43:09] warmStart (decay=exponential) 6% (59/971) regret=0.107219 ape=0.5982
[17:43:09] warmStart (decay=exponential) 6% (60/971) regret=0.107219 ape=0.5982
[17:43:09] warmStart (decay=exponential) 6% (61/971) regret=0.107219 ape=0.5982
[17:43:09] warmStart (decay=exponential) 6% (62/971) regret=0.107219 ape=0.5982
[17:43:10] warmStart (decay=exponential) 6% (63/971) regret=0.107219 ape=0.5982
[17:43:10] warmStart (decay=exponential) 6% (64/971) regret=0.107219 ape=0.5982
[17:43:10] warmStart (decay=exponential) 6% (65/971) regret=0.107219 ape=0.5982
[17:43:10] warmStart (decay=exponential) 6% (66/971) regret=0.107210 ape=0.5982
[17:43:11] warmStart (decay=exponential) 6% (67/971) regret=0.107210 ape=0.5982
[17:43:11] warmStart (decay=exponential) 7% (68/971) regret=0.107210 ape=0.5982
[17:43:11] warmStart (decay=exponential) 7% (69/971) regret=0.107164 ape=0.5972
[17:43:11] warmStart (decay=exponential) 7% (70/971) regret=0.107164 ape=0.5972
[17:43:12] warmStart (decay=exponential) 7% (71/971) regret=0.107164 ape=0.5972
[17:43:12] warmStart (decay=exponential) 7% (72/971) regret=0.107177 ape=0.5972
[17:43:12] warmStart (decay=exponential) 7% (73/971) regret=0.107210 ape=0.5972
[17:43:13] warmStart (decay=exponential) 7% (74/971) regret=0.107145 ape=0.5963
[17:43:13] warmStart (decay=exponential) 7% (75/971) regret=0.107145 ape=0.5963
[17:43:13] warmStart (decay=exponential) 7% (76/971) regret=0.107145 ape=0.5963
[17:43:13] warmStart (decay=exponential) 7% (77/971) regret=0.107145 ape=0.5963
[17:43:14] warmStart (decay=exponential) 8% (78/971) regret=0.107145 ape=0.5963
[17:43:14] warmStart (decay=exponential) 8% (79/971) regret=0.107145 ape=0.5963
[17:43:14] warmStart (decay=exponential) 8% (80/971) regret=0.107145 ape=0.5963
[17:43:14] warmStart (decay=exponential) 8% (81/971) regret=0.107145 ape=0.5963
[17:43:15] warmStart (decay=exponential) 8% (82/971) regret=0.107145 ape=0.5963
[17:43:15] warmStart (decay=exponential) 8% (83/971) regret=0.107145 ape=0.5963
[17:43:15] warmStart (decay=exponential) 8% (84/971) regret=0.107145 ape=0.5963
[17:43:15] warmStart (decay=exponential) 8% (85/971) regret=0.107145 ape=0.5963
[17:43:16] warmStart (decay=exponential) 8% (86/971) regret=0.107145 ape=0.5963
[17:43:16] warmStart (decay=exponential) 8% (87/971) regret=0.107145 ape=0.5963
[17:43:16] warmStart (decay=exponential) 9% (88/971) regret=0.107458 ape=0.5963
[17:43:17] warmStart (decay=exponential) 9% (89/971) regret=0.107127 ape=0.5963
[17:43:17] warmStart (decay=exponential) 9% (90/971) regret=0.107145 ape=0.5963
[17:43:17] warmStart (decay=exponential) 9% (91/971) regret=0.107044 ape=0.5963
[17:43:17] warmStart (decay=exponential) 9% (92/971) regret=0.107044 ape=0.5963
[17:43:18] warmStart (decay=exponential) 9% (93/971) regret=0.107044 ape=0.5963
[17:43:18] warmStart (decay=exponential) 9% (94/971) regret=0.107145 ape=0.5963
[17:43:18] warmStart (decay=exponential) 9% (95/971) regret=0.107044 ape=0.5963
[17:43:18] warmStart (decay=exponential) 9% (96/971) regret=0.107145 ape=0.5963
[17:43:19] warmStart (decay=exponential) 9% (97/971) regret=0.107127 ape=0.5963
[17:43:19] warmStart (decay=exponential) 10% (98/971) regret=0.107145 ape=0.5963
[17:43:19] warmStart (decay=exponential) 10% (99/971) regret=0.106915 ape=0.5954
[17:43:19] warmStart (decay=exponential) 10% (100/971) regret=0.106915 ape=0.5954
[17:43:20] warmStart (decay=exponential) 10% (101/971) regret=0.106915 ape=0.5954
[17:43:20] warmStart (decay=exponential) 10% (102/971) regret=0.106915 ape=0.5954
[17:43:20] warmStart (decay=exponential) 10% (103/971) regret=0.106918 ape=0.5963
[17:43:20] warmStart (decay=exponential) 10% (104/971) regret=0.106916 ape=0.5963
[17:43:21] warmStart (decay=exponential) 10% (105/971) regret=0.106916 ape=0.5963
[17:43:21] warmStart (decay=exponential) 10% (106/971) regret=0.106916 ape=0.5963
[17:43:21] warmStart (decay=exponential) 11% (107/971) regret=0.106916 ape=0.5963
[17:43:21] warmStart (decay=exponential) 11% (108/971) regret=0.106916 ape=0.5963
[17:43:22] warmStart (decay=exponential) 11% (109/971) regret=0.106916 ape=0.5963
[17:43:22] warmStart (decay=exponential) 11% (110/971) regret=0.106916 ape=0.5963
[17:43:22] warmStart (decay=exponential) 11% (111/971) regret=0.106916 ape=0.5963
[17:43:22] warmStart (decay=exponential) 11% (112/971) regret=0.106916 ape=0.5963
[17:43:23] warmStart (decay=exponential) 11% (113/971) regret=0.106916 ape=0.5963
[17:43:23] warmStart (decay=exponential) 11% (114/971) regret=0.106916 ape=0.5963
[17:43:23] warmStart (decay=exponential) 11% (115/971) regret=0.106916 ape=0.5963
[17:43:23] warmStart (decay=exponential) 11% (116/971) regret=0.106916 ape=0.5963
[17:43:24] warmStart (decay=exponential) 12% (117/971) regret=0.106916 ape=0.5963
[17:43:24] warmStart (decay=exponential) 12% (118/971) regret=0.106916 ape=0.5963
[17:43:24] warmStart (decay=exponential) 12% (119/971) regret=0.106916 ape=0.5963
[17:43:24] warmStart (decay=exponential) 12% (120/971) regret=0.106916 ape=0.5963
[17:43:25] warmStart (decay=exponential) 12% (121/971) regret=0.106916 ape=0.5963
[17:43:25] warmStart (decay=exponential) 12% (122/971) regret=0.106916 ape=0.5963
[17:43:25] warmStart (decay=exponential) 12% (123/971) regret=0.106916 ape=0.5963
[17:43:25] warmStart (decay=exponential) 12% (124/971) regret=0.106916 ape=0.5963
[17:43:26] warmStart (decay=exponential) 12% (125/971) regret=0.106916 ape=0.5963
[17:43:26] warmStart (decay=exponential) 12% (126/971) regret=0.106916 ape=0.5963
[17:43:26] warmStart (decay=exponential) 13% (127/971) regret=0.106916 ape=0.5963
[17:43:26] warmStart (decay=exponential) 13% (128/971) regret=0.106916 ape=0.5963
[17:43:27] warmStart (decay=exponential) 13% (129/971) regret=0.106916 ape=0.5963
[17:43:27] warmStart (decay=exponential) 13% (130/971) regret=0.106916 ape=0.5963
[17:43:27] warmStart (decay=exponential) 13% (131/971) regret=0.106916 ape=0.5963
[17:43:27] warmStart (decay=exponential) 13% (132/971) regret=0.106916 ape=0.5963
[17:43:28] warmStart (decay=exponential) 13% (133/971) regret=0.106916 ape=0.5963
[17:43:28] warmStart (decay=exponential) 13% (134/971) regret=0.106916 ape=0.5963
[17:43:28] warmStart (decay=exponential) 13% (135/971) regret=0.106916 ape=0.5963
[17:43:28] warmStart (decay=exponential) 14% (136/971) regret=0.106916 ape=0.5963
[17:43:29] warmStart (decay=exponential) 14% (137/971) regret=0.106916 ape=0.5963
[17:43:29] warmStart (decay=exponential) 14% (138/971) regret=0.106916 ape=0.5963
[17:43:29] warmStart (decay=exponential) 14% (139/971) regret=0.106916 ape=0.5963
[17:43:29] warmStart (decay=exponential) 14% (140/971) regret=0.106916 ape=0.5963
[17:43:30] warmStart (decay=exponential) 14% (141/971) regret=0.106916 ape=0.5963
[17:43:30] warmStart (decay=exponential) 14% (142/971) regret=0.106916 ape=0.5963
[17:43:30] warmStart (decay=exponential) 14% (143/971) regret=0.106916 ape=0.5963
[17:43:30] warmStart (decay=exponential) 14% (144/971) regret=0.106916 ape=0.5963
[17:43:31] warmStart (decay=exponential) 14% (145/971) regret=0.106916 ape=0.5963
[17:43:31] warmStart (decay=exponential) 15% (146/971) regret=0.106916 ape=0.5963
[17:43:31] warmStart (decay=exponential) 15% (147/971) regret=0.106916 ape=0.5963
[17:43:31] warmStart (decay=exponential) 15% (148/971) regret=0.106916 ape=0.5963
[17:43:32] warmStart (decay=exponential) 15% (149/971) regret=0.106916 ape=0.5963
[17:43:32] warmStart (decay=exponential) 15% (150/971) regret=0.106916 ape=0.5963
[17:43:32] warmStart (decay=exponential) 15% (151/971) regret=0.106916 ape=0.5963
[17:43:32] warmStart (decay=exponential) 15% (152/971) regret=0.106916 ape=0.5963
[17:43:33] warmStart (decay=exponential) 15% (153/971) regret=0.106916 ape=0.5963
[17:43:33] warmStart (decay=exponential) 15% (154/971) regret=0.106916 ape=0.5963
[17:43:33] warmStart (decay=exponential) 15% (155/971) regret=0.106916 ape=0.5963
[17:43:33] warmStart (decay=exponential) 16% (156/971) regret=0.106916 ape=0.5963
[17:43:34] warmStart (decay=exponential) 16% (157/971) regret=0.107003 ape=0.5963
[17:43:34] warmStart (decay=exponential) 16% (158/971) regret=0.107097 ape=0.5963
[17:43:34] warmStart (decay=exponential) 16% (159/971) regret=0.106880 ape=0.5963
[17:43:34] warmStart (decay=exponential) 16% (160/971) regret=0.106880 ape=0.5963
[17:43:35] warmStart (decay=exponential) 16% (161/971) regret=0.106880 ape=0.5963
[17:43:35] warmStart (decay=exponential) 16% (162/971) regret=0.107026 ape=0.5972
[17:43:35] warmStart (decay=exponential) 16% (163/971) regret=0.106924 ape=0.5972
[17:43:35] warmStart (decay=exponential) 16% (164/971) regret=0.106957 ape=0.5972
[17:43:36] warmStart (decay=exponential) 16% (165/971) regret=0.106957 ape=0.5972
[17:43:36] warmStart (decay=exponential) 17% (166/971) regret=0.107019 ape=0.5972
[17:43:36] warmStart (decay=exponential) 17% (167/971) regret=0.106924 ape=0.5972
[17:43:36] warmStart (decay=exponential) 17% (168/971) regret=0.106957 ape=0.5972
[17:43:37] warmStart (decay=exponential) 17% (169/971) regret=0.106957 ape=0.5972
[17:43:37] warmStart (decay=exponential) 17% (170/971) regret=0.106957 ape=0.5972
[17:43:37] warmStart (decay=exponential) 17% (171/971) regret=0.106957 ape=0.5972
[17:43:37] warmStart (decay=exponential) 17% (172/971) regret=0.106957 ape=0.5972
[17:43:38] warmStart (decay=exponential) 17% (173/971) regret=0.106957 ape=0.5972
[17:43:38] warmStart (decay=exponential) 17% (174/971) regret=0.106924 ape=0.5972
[17:43:38] warmStart (decay=exponential) 18% (175/971) regret=0.106957 ape=0.5972
[17:43:38] warmStart (decay=exponential) 18% (176/971) regret=0.106924 ape=0.5972
[17:43:39] warmStart (decay=exponential) 18% (177/971) regret=0.106924 ape=0.5972
[17:43:39] warmStart (decay=exponential) 18% (178/971) regret=0.106924 ape=0.5972
[17:43:39] warmStart (decay=exponential) 18% (179/971) regret=0.106924 ape=0.5972
[17:43:39] warmStart (decay=exponential) 18% (180/971) regret=0.106872 ape=0.5972
[17:43:40] warmStart (decay=exponential) 18% (181/971) regret=0.106872 ape=0.5972
[17:43:40] warmStart (decay=exponential) 18% (182/971) regret=0.106875 ape=0.5972
[17:43:40] warmStart (decay=exponential) 18% (183/971) regret=0.106874 ape=0.5972
[17:43:40] warmStart (decay=exponential) 18% (184/971) regret=0.106874 ape=0.5972
[17:43:41] warmStart (decay=exponential) 19% (185/971) regret=0.106874 ape=0.5972
[17:43:41] warmStart (decay=exponential) 19% (186/971) regret=0.106874 ape=0.5972
[17:43:41] warmStart (decay=exponential) 19% (187/971) regret=0.106874 ape=0.5972
[17:43:41] warmStart (decay=exponential) 19% (188/971) regret=0.106874 ape=0.5972
[17:43:41] warmStart (decay=exponential) 19% (189/971) regret=0.106874 ape=0.5972
[17:43:42] warmStart (decay=exponential) 19% (190/971) regret=0.106874 ape=0.5972
[17:43:42] warmStart (decay=exponential) 19% (191/971) regret=0.106874 ape=0.5972
[17:43:42] warmStart (decay=exponential) 19% (192/971) regret=0.106874 ape=0.5972
[17:43:42] warmStart (decay=exponential) 19% (193/971) regret=0.106874 ape=0.5972
[17:43:42] warmStart (decay=exponential) 19% (194/971) regret=0.106874 ape=0.5972
[17:43:42] warmStart (decay=exponential) 20% (195/971) regret=0.106874 ape=0.5972
[17:43:43] warmStart (decay=exponential) 20% (196/971) regret=0.106874 ape=0.5972
[17:43:43] warmStart (decay=exponential) 20% (197/971) regret=0.106874 ape=0.5972
[17:43:43] warmStart (decay=exponential) 20% (198/971) regret=0.106874 ape=0.5972
[17:43:43] warmStart (decay=exponential) 20% (199/971) regret=0.106874 ape=0.5972
[17:43:43] warmStart (decay=exponential) 20% (200/971) regret=0.106874 ape=0.5972
[17:43:43] warmStart (decay=exponential) 20% (201/971) regret=0.106874 ape=0.5972
[17:43:44] warmStart (decay=exponential) 20% (202/971) regret=0.106874 ape=0.5972
[17:43:44] warmStart (decay=exponential) 20% (203/971) regret=0.106874 ape=0.5972
[17:43:44] warmStart (decay=exponential) 21% (204/971) regret=0.106873 ape=0.5972
[17:43:44] warmStart (decay=exponential) 21% (205/971) regret=0.106873 ape=0.5972
[17:43:44] warmStart (decay=exponential) 21% (206/971) regret=0.106873 ape=0.5972
[17:43:44] warmStart (decay=exponential) 21% (207/971) regret=0.106873 ape=0.5972
[17:43:45] warmStart (decay=exponential) 21% (208/971) regret=0.106873 ape=0.5972
[17:43:45] warmStart (decay=exponential) 21% (209/971) regret=0.106873 ape=0.5972
[17:43:45] warmStart (decay=exponential) 21% (210/971) regret=0.106873 ape=0.5972
[17:43:45] warmStart (decay=exponential) 21% (211/971) regret=0.106873 ape=0.5972
[17:43:45] warmStart (decay=exponential) 21% (212/971) regret=0.106873 ape=0.5972
[17:43:45] warmStart (decay=exponential) 21% (213/971) regret=0.106873 ape=0.5972
[17:43:46] warmStart (decay=exponential) 22% (214/971) regret=0.106873 ape=0.5972
[17:43:46] warmStart (decay=exponential) 22% (215/971) regret=0.106873 ape=0.5972
[17:43:46] warmStart (decay=exponential) 22% (216/971) regret=0.106873 ape=0.5972
[17:43:46] warmStart (decay=exponential) 22% (217/971) regret=0.106873 ape=0.5972
[17:43:46] warmStart (decay=exponential) 22% (218/971) regret=0.106873 ape=0.5972
[17:43:46] warmStart (decay=exponential) 22% (219/971) regret=0.106873 ape=0.5972
[17:43:47] warmStart (decay=exponential) 22% (220/971) regret=0.106873 ape=0.5972
[17:43:47] warmStart (decay=exponential) 22% (221/971) regret=0.106873 ape=0.5972
[17:43:47] warmStart (decay=exponential) 22% (222/971) regret=0.106873 ape=0.5972
[17:43:47] warmStart (decay=exponential) 22% (223/971) regret=0.106873 ape=0.5972
[17:43:47] warmStart (decay=exponential) 23% (224/971) regret=0.106873 ape=0.5972
[17:43:48] warmStart (decay=exponential) 23% (225/971) regret=0.106873 ape=0.5972
[17:43:48] warmStart (decay=exponential) 23% (226/971) regret=0.106873 ape=0.5972
[17:43:48] warmStart (decay=exponential) 23% (227/971) regret=0.106873 ape=0.5972
[17:43:48] warmStart (decay=exponential) 23% (228/971) regret=0.106873 ape=0.5972
[17:43:48] warmStart (decay=exponential) 23% (229/971) regret=0.106873 ape=0.5972
[17:43:48] warmStart (decay=exponential) 23% (230/971) regret=0.106873 ape=0.5972
[17:43:49] warmStart (decay=exponential) 23% (231/971) regret=0.106873 ape=0.5972
[17:43:49] warmStart (decay=exponential) 23% (232/971) regret=0.106873 ape=0.5972
[17:43:49] warmStart (decay=exponential) 23% (233/971) regret=0.106873 ape=0.5972
[17:43:49] warmStart (decay=exponential) 24% (234/971) regret=0.106873 ape=0.5972
[17:43:49] warmStart (decay=exponential) 24% (235/971) regret=0.106873 ape=0.5972
[17:43:49] warmStart (decay=exponential) 24% (236/971) regret=0.106873 ape=0.5972
[17:43:50] warmStart (decay=exponential) 24% (237/971) regret=0.106873 ape=0.5972
[17:43:50] warmStart (decay=exponential) 24% (238/971) regret=0.106873 ape=0.5972
[17:43:50] warmStart (decay=exponential) 24% (239/971) regret=0.106873 ape=0.5972
[17:43:50] warmStart (decay=exponential) 24% (240/971) regret=0.106873 ape=0.5972
[17:43:50] warmStart (decay=exponential) 24% (241/971) regret=0.106873 ape=0.5972
[17:43:50] warmStart (decay=exponential) 24% (242/971) regret=0.106873 ape=0.5972
[17:43:51] warmStart (decay=exponential) 25% (243/971) regret=0.106873 ape=0.5972
[17:43:51] warmStart (decay=exponential) 25% (244/971) regret=0.106873 ape=0.5972
[17:43:51] warmStart (decay=exponential) 25% (245/971) regret=0.106873 ape=0.5972
[17:43:51] warmStart (decay=exponential) 25% (246/971) regret=0.106873 ape=0.5972
[17:43:51] warmStart (decay=exponential) 25% (247/971) regret=0.106873 ape=0.5972
[17:43:52] warmStart (decay=exponential) 25% (248/971) regret=0.106873 ape=0.5972
[17:43:52] warmStart (decay=exponential) 25% (249/971) regret=0.106873 ape=0.5972
[17:43:52] warmStart (decay=exponential) 25% (250/971) regret=0.106873 ape=0.5972
[17:43:52] warmStart (decay=exponential) 25% (251/971) regret=0.106873 ape=0.5972
[17:43:52] warmStart (decay=exponential) 25% (252/971) regret=0.106873 ape=0.5972
[17:43:52] warmStart (decay=exponential) 26% (253/971) regret=0.106873 ape=0.5972
[17:43:53] warmStart (decay=exponential) 26% (254/971) regret=0.106873 ape=0.5972
[17:43:53] warmStart (decay=exponential) 26% (255/971) regret=0.106873 ape=0.5972
[17:43:53] warmStart (decay=exponential) 26% (256/971) regret=0.106873 ape=0.5972
[17:43:53] warmStart (decay=exponential) 26% (257/971) regret=0.106873 ape=0.5972
[17:43:53] warmStart (decay=exponential) 26% (258/971) regret=0.106873 ape=0.5972
[17:43:53] warmStart (decay=exponential) 26% (259/971) regret=0.106873 ape=0.5972
[17:43:54] warmStart (decay=exponential) 26% (260/971) regret=0.106873 ape=0.5972
[17:43:54] warmStart (decay=exponential) 26% (261/971) regret=0.106873 ape=0.5972
[17:43:54] warmStart (decay=exponential) 26% (262/971) regret=0.106873 ape=0.5972
[17:43:54] warmStart (decay=exponential) 27% (263/971) regret=0.106873 ape=0.5972
[17:43:54] warmStart (decay=exponential) 27% (264/971) regret=0.106873 ape=0.5972
[17:43:54] warmStart (decay=exponential) 27% (265/971) regret=0.106873 ape=0.5972
[17:43:54] warmStart (decay=exponential) 27% (266/971) regret=0.106873 ape=0.5972
[17:43:55] warmStart (decay=exponential) 27% (267/971) regret=0.106873 ape=0.5972
[17:43:55] warmStart (decay=exponential) 27% (268/971) regret=0.106873 ape=0.5972
[17:43:55] warmStart (decay=exponential) 27% (269/971) regret=0.106873 ape=0.5972
[17:43:55] warmStart (decay=exponential) 27% (270/971) regret=0.106873 ape=0.5972
[17:43:55] warmStart (decay=exponential) 27% (271/971) regret=0.106873 ape=0.5972
[17:43:55] warmStart (decay=exponential) 28% (272/971) regret=0.106873 ape=0.5972
[17:43:56] warmStart (decay=exponential) 28% (273/971) regret=0.107020 ape=0.5982
[17:43:56] warmStart (decay=exponential) 28% (274/971) regret=0.107204 ape=0.5982
[17:43:56] warmStart (decay=exponential) 28% (275/971) regret=0.106840 ape=0.5972
[17:43:56] warmStart (decay=exponential) 28% (276/971) regret=0.106836 ape=0.5963
[17:43:56] warmStart (decay=exponential) 28% (277/971) regret=0.106836 ape=0.5963
[17:43:56] warmStart (decay=exponential) 28% (278/971) regret=0.106836 ape=0.5963
[17:43:57] warmStart (decay=exponential) 28% (279/971) regret=0.106836 ape=0.5963
[17:43:57] warmStart (decay=exponential) 28% (280/971) regret=0.106836 ape=0.5963
[17:43:57] warmStart (decay=exponential) 28% (281/971) regret=0.106836 ape=0.5963
[17:43:57] warmStart (decay=exponential) 29% (282/971) regret=0.106836 ape=0.5963
[17:43:57] warmStart (decay=exponential) 29% (283/971) regret=0.106836 ape=0.5963
[17:43:58] warmStart (decay=exponential) 29% (284/971) regret=0.106836 ape=0.5963
[17:43:58] warmStart (decay=exponential) 29% (285/971) regret=0.106836 ape=0.5963
[17:43:58] warmStart (decay=exponential) 29% (286/971) regret=0.106836 ape=0.5963
[17:43:58] warmStart (decay=exponential) 29% (287/971) regret=0.106836 ape=0.5963
[17:43:58] warmStart (decay=exponential) 29% (288/971) regret=0.106836 ape=0.5963
[17:43:58] warmStart (decay=exponential) 29% (289/971) regret=0.106836 ape=0.5963
[17:43:59] warmStart (decay=exponential) 29% (290/971) regret=0.106836 ape=0.5963
[17:43:59] warmStart (decay=exponential) 29% (291/971) regret=0.106836 ape=0.5963
[17:43:59] warmStart (decay=exponential) 30% (292/971) regret=0.106836 ape=0.5963
[17:43:59] warmStart (decay=exponential) 30% (293/971) regret=0.106836 ape=0.5963
[17:43:59] warmStart (decay=exponential) 30% (294/971) regret=0.106836 ape=0.5963
[17:43:59] warmStart (decay=exponential) 30% (295/971) regret=0.106642 ape=0.5963
[17:44:00] warmStart (decay=exponential) 30% (296/971) regret=0.106762 ape=0.5963
[17:44:00] warmStart (decay=exponential) 30% (297/971) regret=0.106578 ape=0.5963
[17:44:00] warmStart (decay=exponential) 30% (298/971) regret=0.106661 ape=0.5963
[17:44:00] warmStart (decay=exponential) 30% (299/971) regret=0.106661 ape=0.5963
[17:44:00] warmStart (decay=exponential) 30% (300/971) regret=0.106661 ape=0.5963
[17:44:01] warmStart (decay=exponential) 30% (301/971) regret=0.106292 ape=0.5954
[17:44:01] warmStart (decay=exponential) 31% (302/971) regret=0.106292 ape=0.5954
[17:44:01] warmStart (decay=exponential) 31% (303/971) regret=0.106301 ape=0.5954
[17:44:01] warmStart (decay=exponential) 31% (304/971) regret=0.106246 ape=0.5954
[17:44:01] warmStart (decay=exponential) 31% (305/971) regret=0.106320 ape=0.5954
[17:44:01] warmStart (decay=exponential) 31% (306/971) regret=0.106320 ape=0.5954
[17:44:01] warmStart (decay=exponential) 31% (307/971) regret=0.106320 ape=0.5954
[17:44:02] warmStart (decay=exponential) 31% (308/971) regret=0.106320 ape=0.5954
[17:44:02] warmStart (decay=exponential) 31% (309/971) regret=0.106320 ape=0.5954
[17:44:02] warmStart (decay=exponential) 31% (310/971) regret=0.106320 ape=0.5954
[17:44:02] warmStart (decay=exponential) 32% (311/971) regret=0.106320 ape=0.5954
[17:44:02] warmStart (decay=exponential) 32% (312/971) regret=0.106292 ape=0.5954
[17:44:02] warmStart (decay=exponential) 32% (313/971) regret=0.106320 ape=0.5954
[17:44:03] warmStart (decay=exponential) 32% (314/971) regret=0.106320 ape=0.5954
[17:44:03] warmStart (decay=exponential) 32% (315/971) regret=0.106320 ape=0.5954
[17:44:03] warmStart (decay=exponential) 32% (316/971) regret=0.106246 ape=0.5954
[17:44:03] warmStart (decay=exponential) 32% (317/971) regret=0.106320 ape=0.5954
[17:44:03] warmStart (decay=exponential) 32% (318/971) regret=0.106246 ape=0.5954
[17:44:03] warmStart (decay=exponential) 32% (319/971) regret=0.106246 ape=0.5954
[17:44:04] warmStart (decay=exponential) 32% (320/971) regret=0.106301 ape=0.5963
[17:44:04] warmStart (decay=exponential) 33% (321/971) regret=0.106301 ape=0.5963
[17:44:04] warmStart (decay=exponential) 33% (322/971) regret=0.106301 ape=0.5963
[17:44:04] warmStart (decay=exponential) 33% (323/971) regret=0.106301 ape=0.5963
[17:44:04] warmStart (decay=exponential) 33% (324/971) regret=0.106301 ape=0.5963
[17:44:04] warmStart (decay=exponential) 33% (325/971) regret=0.106301 ape=0.5963
[17:44:04] warmStart (decay=exponential) 33% (326/971) regret=0.106283 ape=0.5963
[17:44:05] warmStart (decay=exponential) 33% (327/971) regret=0.106283 ape=0.5963
[17:44:05] warmStart (decay=exponential) 33% (328/971) regret=0.106283 ape=0.5963
[17:44:05] warmStart (decay=exponential) 33% (329/971) regret=0.106265 ape=0.5954
[17:44:05] warmStart (decay=exponential) 33% (330/971) regret=0.106265 ape=0.5954
[17:44:05] warmStart (decay=exponential) 34% (331/971) regret=0.106265 ape=0.5954
[17:44:05] warmStart (decay=exponential) 34% (332/971) regret=0.106265 ape=0.5954
[17:44:05] warmStart (decay=exponential) 34% (333/971) regret=0.106265 ape=0.5954
[17:44:06] warmStart (decay=exponential) 34% (334/971) regret=0.106265 ape=0.5954
[17:44:06] warmStart (decay=exponential) 34% (335/971) regret=0.106265 ape=0.5954
[17:44:06] warmStart (decay=exponential) 34% (336/971) regret=0.106265 ape=0.5954
[17:44:06] warmStart (decay=exponential) 34% (337/971) regret=0.106265 ape=0.5954
[17:44:06] warmStart (decay=exponential) 34% (338/971) regret=0.106265 ape=0.5954
[17:44:06] warmStart (decay=exponential) 34% (339/971) regret=0.106265 ape=0.5954
[17:44:07] warmStart (decay=exponential) 35% (340/971) regret=0.106265 ape=0.5954
[17:44:07] warmStart (decay=exponential) 35% (341/971) regret=0.106265 ape=0.5954
[17:44:07] warmStart (decay=exponential) 35% (342/971) regret=0.106265 ape=0.5954
[17:44:07] warmStart (decay=exponential) 35% (343/971) regret=0.106265 ape=0.5954
[17:44:07] warmStart (decay=exponential) 35% (344/971) regret=0.106265 ape=0.5954
[17:44:07] warmStart (decay=exponential) 35% (345/971) regret=0.106265 ape=0.5954
[17:44:08] warmStart (decay=exponential) 35% (346/971) regret=0.106265 ape=0.5954
[17:44:08] warmStart (decay=exponential) 35% (347/971) regret=0.106265 ape=0.5954
[17:44:08] warmStart (decay=exponential) 35% (348/971) regret=0.106265 ape=0.5954
[17:44:08] warmStart (decay=exponential) 35% (349/971) regret=0.106265 ape=0.5954
[17:44:08] warmStart (decay=exponential) 36% (350/971) regret=0.106265 ape=0.5954
[17:44:08] warmStart (decay=exponential) 36% (351/971) regret=0.106265 ape=0.5954
[17:44:09] warmStart (decay=exponential) 36% (352/971) regret=0.106265 ape=0.5954
[17:44:09] warmStart (decay=exponential) 36% (353/971) regret=0.106265 ape=0.5954
[17:44:09] warmStart (decay=exponential) 36% (354/971) regret=0.106265 ape=0.5954
[17:44:09] warmStart (decay=exponential) 36% (355/971) regret=0.106265 ape=0.5954
[17:44:09] warmStart (decay=exponential) 36% (356/971) regret=0.106265 ape=0.5954
[17:44:09] warmStart (decay=exponential) 36% (357/971) regret=0.106265 ape=0.5954
[17:44:10] warmStart (decay=exponential) 36% (358/971) regret=0.106265 ape=0.5954
[17:44:10] warmStart (decay=exponential) 36% (359/971) regret=0.106265 ape=0.5954
[17:44:10] warmStart (decay=exponential) 37% (360/971) regret=0.106265 ape=0.5954
[17:44:10] warmStart (decay=exponential) 37% (361/971) regret=0.106265 ape=0.5954
[17:44:10] warmStart (decay=exponential) 37% (362/971) regret=0.106265 ape=0.5954
[17:44:10] warmStart (decay=exponential) 37% (363/971) regret=0.106265 ape=0.5954
[17:44:11] warmStart (decay=exponential) 37% (364/971) regret=0.106265 ape=0.5954
[17:44:11] warmStart (decay=exponential) 37% (365/971) regret=0.106265 ape=0.5954
[17:44:11] warmStart (decay=exponential) 37% (366/971) regret=0.106265 ape=0.5954
[17:44:11] warmStart (decay=exponential) 37% (367/971) regret=0.106265 ape=0.5954
[17:44:11] warmStart (decay=exponential) 37% (368/971) regret=0.106265 ape=0.5954
[17:44:11] warmStart (decay=exponential) 38% (369/971) regret=0.106265 ape=0.5954
[17:44:12] warmStart (decay=exponential) 38% (370/971) regret=0.106265 ape=0.5954
[17:44:12] warmStart (decay=exponential) 38% (371/971) regret=0.106265 ape=0.5954
[17:44:12] warmStart (decay=exponential) 38% (372/971) regret=0.106265 ape=0.5954
[17:44:12] warmStart (decay=exponential) 38% (373/971) regret=0.106256 ape=0.5954
[17:44:12] warmStart (decay=exponential) 38% (374/971) regret=0.106256 ape=0.5954
[17:44:12] warmStart (decay=exponential) 38% (375/971) regret=0.106256 ape=0.5954
[17:44:13] warmStart (decay=exponential) 38% (376/971) regret=0.106256 ape=0.5954
[17:44:13] warmStart (decay=exponential) 38% (377/971) regret=0.106256 ape=0.5954
[17:44:13] warmStart (decay=exponential) 38% (378/971) regret=0.106256 ape=0.5954
[17:44:13] warmStart (decay=exponential) 39% (379/971) regret=0.106256 ape=0.5954
[17:44:13] warmStart (decay=exponential) 39% (380/971) regret=0.106256 ape=0.5954
[17:44:13] warmStart (decay=exponential) 39% (381/971) regret=0.106256 ape=0.5954
[17:44:14] warmStart (decay=exponential) 39% (382/971) regret=0.106247 ape=0.5954
[17:44:14] warmStart (decay=exponential) 39% (383/971) regret=0.106247 ape=0.5954
[17:44:14] warmStart (decay=exponential) 39% (384/971) regret=0.106247 ape=0.5954
[17:44:14] warmStart (decay=exponential) 39% (385/971) regret=0.106247 ape=0.5954
[17:44:14] warmStart (decay=exponential) 39% (386/971) regret=0.106247 ape=0.5954
[17:44:15] warmStart (decay=exponential) 39% (387/971) regret=0.106247 ape=0.5954
[17:44:15] warmStart (decay=exponential) 39% (388/971) regret=0.106247 ape=0.5954
[17:44:15] warmStart (decay=exponential) 40% (389/971) regret=0.106247 ape=0.5954
[17:44:15] warmStart (decay=exponential) 40% (390/971) regret=0.106247 ape=0.5954
[17:44:16] warmStart (decay=exponential) 40% (391/971) regret=0.106247 ape=0.5954
[17:44:16] warmStart (decay=exponential) 40% (392/971) regret=0.106247 ape=0.5954
[17:44:16] warmStart (decay=exponential) 40% (393/971) regret=0.106247 ape=0.5954
[17:44:16] warmStart (decay=exponential) 40% (394/971) regret=0.106247 ape=0.5954
[17:44:17] warmStart (decay=exponential) 40% (395/971) regret=0.106247 ape=0.5954
[17:44:17] warmStart (decay=exponential) 40% (396/971) regret=0.106247 ape=0.5954
[17:44:17] warmStart (decay=exponential) 40% (397/971) regret=0.106247 ape=0.5954
[17:44:17] warmStart (decay=exponential) 40% (398/971) regret=0.106247 ape=0.5954
[17:44:18] warmStart (decay=exponential) 41% (399/971) regret=0.106247 ape=0.5954
[17:44:18] warmStart (decay=exponential) 41% (400/971) regret=0.106247 ape=0.5954
[17:44:18] warmStart (decay=exponential) 41% (401/971) regret=0.106247 ape=0.5954
[17:44:18] warmStart (decay=exponential) 41% (402/971) regret=0.106247 ape=0.5954
[17:44:19] warmStart (decay=exponential) 41% (403/971) regret=0.106247 ape=0.5954
[17:44:19] warmStart (decay=exponential) 41% (404/971) regret=0.106247 ape=0.5954
[17:44:19] warmStart (decay=exponential) 41% (405/971) regret=0.106247 ape=0.5954
[17:44:19] warmStart (decay=exponential) 41% (406/971) regret=0.106247 ape=0.5954
[17:44:20] warmStart (decay=exponential) 41% (407/971) regret=0.106247 ape=0.5954
[17:44:20] warmStart (decay=exponential) 42% (408/971) regret=0.106247 ape=0.5954
[17:44:20] warmStart (decay=exponential) 42% (409/971) regret=0.106247 ape=0.5954
[17:44:20] warmStart (decay=exponential) 42% (410/971) regret=0.106247 ape=0.5954
[17:44:21] warmStart (decay=exponential) 42% (411/971) regret=0.106247 ape=0.5954
[17:44:21] warmStart (decay=exponential) 42% (412/971) regret=0.106247 ape=0.5954
[17:44:21] warmStart (decay=exponential) 42% (413/971) regret=0.106247 ape=0.5954
[17:44:22] warmStart (decay=exponential) 42% (414/971) regret=0.106247 ape=0.5954
[17:44:22] warmStart (decay=exponential) 42% (415/971) regret=0.106247 ape=0.5954
[17:44:22] warmStart (decay=exponential) 42% (416/971) regret=0.106247 ape=0.5954
[17:44:22] warmStart (decay=exponential) 42% (417/971) regret=0.106247 ape=0.5954
[17:44:23] warmStart (decay=exponential) 43% (418/971) regret=0.106247 ape=0.5954
[17:44:23] warmStart (decay=exponential) 43% (419/971) regret=0.106247 ape=0.5954
[17:44:23] warmStart (decay=exponential) 43% (420/971) regret=0.106247 ape=0.5954
[17:44:23] warmStart (decay=exponential) 43% (421/971) regret=0.106247 ape=0.5954
[17:44:24] warmStart (decay=exponential) 43% (422/971) regret=0.106320 ape=0.5963
[17:44:24] warmStart (decay=exponential) 43% (423/971) regret=0.106247 ape=0.5954
[17:44:24] warmStart (decay=exponential) 43% (424/971) regret=0.106247 ape=0.5954
[17:44:24] warmStart (decay=exponential) 43% (425/971) regret=0.106247 ape=0.5954
[17:44:25] warmStart (decay=exponential) 43% (426/971) regret=0.106247 ape=0.5954
[17:44:25] warmStart (decay=exponential) 43% (427/971) regret=0.106247 ape=0.5954
[17:44:25] warmStart (decay=exponential) 44% (428/971) regret=0.106247 ape=0.5954
[17:44:25] warmStart (decay=exponential) 44% (429/971) regret=0.106247 ape=0.5954
[17:44:26] warmStart (decay=exponential) 44% (430/971) regret=0.106284 ape=0.5963
[17:44:26] warmStart (decay=exponential) 44% (431/971) regret=0.106284 ape=0.5963
[17:44:26] warmStart (decay=exponential) 44% (432/971) regret=0.106284 ape=0.5963
[17:44:26] warmStart (decay=exponential) 44% (433/971) regret=0.106284 ape=0.5963
[17:44:27] warmStart (decay=exponential) 44% (434/971) regret=0.106284 ape=0.5963
[17:44:27] warmStart (decay=exponential) 44% (435/971) regret=0.106284 ape=0.5963
[17:44:27] warmStart (decay=exponential) 44% (436/971) regret=0.106284 ape=0.5963
[17:44:27] warmStart (decay=exponential) 45% (437/971) regret=0.106284 ape=0.5963
[17:44:28] warmStart (decay=exponential) 45% (438/971) regret=0.106284 ape=0.5963
[17:44:28] warmStart (decay=exponential) 45% (439/971) regret=0.106284 ape=0.5963
[17:44:28] warmStart (decay=exponential) 45% (440/971) regret=0.106284 ape=0.5963
[17:44:28] warmStart (decay=exponential) 45% (441/971) regret=0.106284 ape=0.5963
[17:44:29] warmStart (decay=exponential) 45% (442/971) regret=0.106284 ape=0.5963
[17:44:29] warmStart (decay=exponential) 45% (443/971) regret=0.106284 ape=0.5963
[17:44:29] warmStart (decay=exponential) 45% (444/971) regret=0.106284 ape=0.5963
[17:44:29] warmStart (decay=exponential) 45% (445/971) regret=0.106284 ape=0.5963
[17:44:30] warmStart (decay=exponential) 45% (446/971) regret=0.106284 ape=0.5963
[17:44:30] warmStart (decay=exponential) 46% (447/971) regret=0.106284 ape=0.5963
[17:44:30] warmStart (decay=exponential) 46% (448/971) regret=0.106284 ape=0.5963
[17:44:30] warmStart (decay=exponential) 46% (449/971) regret=0.106284 ape=0.5963
[17:44:31] warmStart (decay=exponential) 46% (450/971) regret=0.106284 ape=0.5963
[17:44:31] warmStart (decay=exponential) 46% (451/971) regret=0.106284 ape=0.5963
[17:44:31] warmStart (decay=exponential) 46% (452/971) regret=0.106284 ape=0.5963
[17:44:32] warmStart (decay=exponential) 46% (453/971) regret=0.106284 ape=0.5963
[17:44:32] warmStart (decay=exponential) 46% (454/971) regret=0.106284 ape=0.5963
[17:44:32] warmStart (decay=exponential) 46% (455/971) regret=0.106284 ape=0.5963
[17:44:32] warmStart (decay=exponential) 46% (456/971) regret=0.106284 ape=0.5963
[17:44:33] warmStart (decay=exponential) 47% (457/971) regret=0.106284 ape=0.5963
[17:44:33] warmStart (decay=exponential) 47% (458/971) regret=0.106284 ape=0.5963
[17:44:33] warmStart (decay=exponential) 47% (459/971) regret=0.106284 ape=0.5963
[17:44:33] warmStart (decay=exponential) 47% (460/971) regret=0.106284 ape=0.5963
[17:44:34] warmStart (decay=exponential) 47% (461/971) regret=0.106284 ape=0.5963
[17:44:34] warmStart (decay=exponential) 47% (462/971) regret=0.106284 ape=0.5963
[17:44:34] warmStart (decay=exponential) 47% (463/971) regret=0.106284 ape=0.5963
[17:44:34] warmStart (decay=exponential) 47% (464/971) regret=0.106284 ape=0.5963
[17:44:35] warmStart (decay=exponential) 47% (465/971) regret=0.106284 ape=0.5963
[17:44:35] warmStart (decay=exponential) 47% (466/971) regret=0.106284 ape=0.5963
[17:44:35] warmStart (decay=exponential) 48% (467/971) regret=0.106284 ape=0.5963
[17:44:35] warmStart (decay=exponential) 48% (468/971) regret=0.106284 ape=0.5963
[17:44:36] warmStart (decay=exponential) 48% (469/971) regret=0.106284 ape=0.5963
[17:44:36] warmStart (decay=exponential) 48% (470/971) regret=0.106284 ape=0.5963
[17:44:36] warmStart (decay=exponential) 48% (471/971) regret=0.106284 ape=0.5963
[17:44:36] warmStart (decay=exponential) 48% (472/971) regret=0.106284 ape=0.5963
[17:44:37] warmStart (decay=exponential) 48% (473/971) regret=0.106284 ape=0.5963
[17:44:37] warmStart (decay=exponential) 48% (474/971) regret=0.106767 ape=0.5972
[17:44:37] warmStart (decay=exponential) 48% (475/971) regret=0.106284 ape=0.5963
[17:44:38] warmStart (decay=exponential) 49% (476/971) regret=0.106284 ape=0.5963
[17:44:38] warmStart (decay=exponential) 49% (477/971) regret=0.106284 ape=0.5963
[17:44:38] warmStart (decay=exponential) 49% (478/971) regret=0.106284 ape=0.5963
[17:44:38] warmStart (decay=exponential) 49% (479/971) regret=0.106284 ape=0.5963
[17:44:39] warmStart (decay=exponential) 49% (480/971) regret=0.106486 ape=0.5972
[17:44:39] warmStart (decay=exponential) 49% (481/971) regret=0.106486 ape=0.5972
[17:44:39] warmStart (decay=exponential) 49% (482/971) regret=0.106486 ape=0.5972
[17:44:39] warmStart (decay=exponential) 49% (483/971) regret=0.106486 ape=0.5972
[17:44:40] warmStart (decay=exponential) 49% (484/971) regret=0.106497 ape=0.5972
[17:44:40] warmStart (decay=exponential) 49% (485/971) regret=0.106497 ape=0.5972
[17:44:40] warmStart (decay=exponential) 50% (486/971) regret=0.106497 ape=0.5972
[17:44:41] warmStart (decay=exponential) 50% (487/971) regret=0.106497 ape=0.5972
[17:44:41] warmStart (decay=exponential) 50% (488/971) regret=0.106499 ape=0.5972
[17:44:41] warmStart (decay=exponential) 50% (489/971) regret=0.106486 ape=0.5972
[17:44:41] warmStart (decay=exponential) 50% (490/971) regret=0.106485 ape=0.5972
[17:44:42] warmStart (decay=exponential) 50% (491/971) regret=0.106499 ape=0.5972
[17:44:42] warmStart (decay=exponential) 50% (492/971) regret=0.106499 ape=0.5972
[17:44:42] warmStart (decay=exponential) 50% (493/971) regret=0.106499 ape=0.5972
[17:44:42] warmStart (decay=exponential) 50% (494/971) regret=0.106485 ape=0.5972
[17:44:43] warmStart (decay=exponential) 50% (495/971) regret=0.106485 ape=0.5972
[17:44:43] warmStart (decay=exponential) 51% (496/971) regret=0.106485 ape=0.5972
[17:44:43] warmStart (decay=exponential) 51% (497/971) regret=0.106485 ape=0.5972
[17:44:44] warmStart (decay=exponential) 51% (498/971) regret=0.106480 ape=0.5963
[17:44:44] warmStart (decay=exponential) 51% (499/971) regret=0.106706 ape=0.5972
[17:44:44] warmStart (decay=exponential) 51% (500/971) regret=0.106706 ape=0.5972
[17:44:44] warmStart (decay=exponential) 51% (501/971) regret=0.106706 ape=0.5972
[17:44:45] warmStart (decay=exponential) 51% (502/971) regret=0.106706 ape=0.5972
[17:44:45] warmStart (decay=exponential) 51% (503/971) regret=0.106480 ape=0.5963
[17:44:45] warmStart (decay=exponential) 51% (504/971) regret=0.106480 ape=0.5963
[17:44:46] warmStart (decay=exponential) 52% (505/971) regret=0.106637 ape=0.5972
[17:44:46] warmStart (decay=exponential) 52% (506/971) regret=0.106674 ape=0.5972
[17:44:46] warmStart (decay=exponential) 52% (507/971) regret=0.106605 ape=0.5972
[17:44:46] warmStart (decay=exponential) 52% (508/971) regret=0.106632 ape=0.5972
[17:44:47] warmStart (decay=exponential) 52% (509/971) regret=0.106480 ape=0.5963
[17:44:47] warmStart (decay=exponential) 52% (510/971) regret=0.106480 ape=0.5963
[17:44:47] warmStart (decay=exponential) 52% (511/971) regret=0.106480 ape=0.5963
[17:44:47] warmStart (decay=exponential) 52% (512/971) regret=0.106480 ape=0.5963
[17:44:48] warmStart (decay=exponential) 52% (513/971) regret=0.106480 ape=0.5963
[17:44:48] warmStart (decay=exponential) 52% (514/971) regret=0.106480 ape=0.5963
[17:44:48] warmStart (decay=exponential) 53% (515/971) regret=0.106480 ape=0.5963
[17:44:49] warmStart (decay=exponential) 53% (516/971) regret=0.106480 ape=0.5963
[17:44:49] warmStart (decay=exponential) 53% (517/971) regret=0.106480 ape=0.5963
[17:44:49] warmStart (decay=exponential) 53% (518/971) regret=0.106480 ape=0.5963
[17:44:49] warmStart (decay=exponential) 53% (519/971) regret=0.106480 ape=0.5963
[17:44:50] warmStart (decay=exponential) 53% (520/971) regret=0.106480 ape=0.5963
[17:44:50] warmStart (decay=exponential) 53% (521/971) regret=0.106480 ape=0.5963
[17:44:50] warmStart (decay=exponential) 53% (522/971) regret=0.106480 ape=0.5963
[17:44:51] warmStart (decay=exponential) 53% (523/971) regret=0.106480 ape=0.5963
[17:44:51] warmStart (decay=exponential) 53% (524/971) regret=0.106480 ape=0.5963
[17:44:51] warmStart (decay=exponential) 54% (525/971) regret=0.106480 ape=0.5963
[17:44:51] warmStart (decay=exponential) 54% (526/971) regret=0.106480 ape=0.5963
[17:44:52] warmStart (decay=exponential) 54% (527/971) regret=0.106480 ape=0.5963
[17:44:52] warmStart (decay=exponential) 54% (528/971) regret=0.106480 ape=0.5963
[17:44:52] warmStart (decay=exponential) 54% (529/971) regret=0.106480 ape=0.5963
[17:44:52] warmStart (decay=exponential) 54% (530/971) regret=0.106480 ape=0.5963
[17:44:53] warmStart (decay=exponential) 54% (531/971) regret=0.106480 ape=0.5963
[17:44:53] warmStart (decay=exponential) 54% (532/971) regret=0.106480 ape=0.5963
[17:44:53] warmStart (decay=exponential) 54% (533/971) regret=0.106480 ape=0.5963
[17:44:53] warmStart (decay=exponential) 54% (534/971) regret=0.106480 ape=0.5963
[17:44:53] warmStart (decay=exponential) 55% (535/971) regret=0.106480 ape=0.5963
[17:44:54] warmStart (decay=exponential) 55% (536/971) regret=0.106480 ape=0.5963
[17:44:54] warmStart (decay=exponential) 55% (537/971) regret=0.106480 ape=0.5963
[17:44:54] warmStart (decay=exponential) 55% (538/971) regret=0.106480 ape=0.5963
[17:44:54] warmStart (decay=exponential) 55% (539/971) regret=0.106480 ape=0.5963
[17:44:55] warmStart (decay=exponential) 55% (540/971) regret=0.106480 ape=0.5963
[17:44:55] warmStart (decay=exponential) 55% (541/971) regret=0.106480 ape=0.5963
[17:44:55] warmStart (decay=exponential) 55% (542/971) regret=0.106480 ape=0.5963
[17:44:55] warmStart (decay=exponential) 55% (543/971) regret=0.106480 ape=0.5963
[17:44:56] warmStart (decay=exponential) 56% (544/971) regret=0.106480 ape=0.5963
[17:44:56] warmStart (decay=exponential) 56% (545/971) regret=0.106480 ape=0.5963
[17:44:56] warmStart (decay=exponential) 56% (546/971) regret=0.106337 ape=0.5954
[17:44:56] warmStart (decay=exponential) 56% (547/971) regret=0.106337 ape=0.5954
[17:44:57] warmStart (decay=exponential) 56% (548/971) regret=0.106337 ape=0.5954
[17:44:57] warmStart (decay=exponential) 56% (549/971) regret=0.106319 ape=0.5954
[17:44:57] warmStart (decay=exponential) 56% (550/971) regret=0.106227 ape=0.5945
[17:44:57] warmStart (decay=exponential) 56% (551/971) regret=0.106227 ape=0.5945
[17:44:58] warmStart (decay=exponential) 56% (552/971) regret=0.106227 ape=0.5945
[17:44:58] warmStart (decay=exponential) 56% (553/971) regret=0.106227 ape=0.5945
[17:44:58] warmStart (decay=exponential) 57% (554/971) regret=0.106227 ape=0.5945
[17:44:58] warmStart (decay=exponential) 57% (555/971) regret=0.106243 ape=0.5954
[17:44:59] warmStart (decay=exponential) 57% (556/971) regret=0.106245 ape=0.5954
[17:44:59] warmStart (decay=exponential) 57% (557/971) regret=0.106245 ape=0.5954
[17:44:59] warmStart (decay=exponential) 57% (558/971) regret=0.106245 ape=0.5954
[17:44:59] warmStart (decay=exponential) 57% (559/971) regret=0.106245 ape=0.5954
[17:45:00] warmStart (decay=exponential) 57% (560/971) regret=0.106245 ape=0.5954
[17:45:00] warmStart (decay=exponential) 57% (561/971) regret=0.106245 ape=0.5954
[17:45:00] warmStart (decay=exponential) 57% (562/971) regret=0.106245 ape=0.5954
[17:45:01] warmStart (decay=exponential) 57% (563/971) regret=0.106245 ape=0.5954
[17:45:01] warmStart (decay=exponential) 58% (564/971) regret=0.106245 ape=0.5954
[17:45:01] warmStart (decay=exponential) 58% (565/971) regret=0.106245 ape=0.5954
[17:45:01] warmStart (decay=exponential) 58% (566/971) regret=0.106245 ape=0.5954
[17:45:02] warmStart (decay=exponential) 58% (567/971) regret=0.106245 ape=0.5954
[17:45:02] warmStart (decay=exponential) 58% (568/971) regret=0.106245 ape=0.5954
[17:45:02] warmStart (decay=exponential) 58% (569/971) regret=0.106245 ape=0.5954
[17:45:02] warmStart (decay=exponential) 58% (570/971) regret=0.106245 ape=0.5954
[17:45:03] warmStart (decay=exponential) 58% (571/971) regret=0.106245 ape=0.5954
[17:45:03] warmStart (decay=exponential) 58% (572/971) regret=0.106245 ape=0.5954
[17:45:03] warmStart (decay=exponential) 59% (573/971) regret=0.106245 ape=0.5954
[17:45:03] warmStart (decay=exponential) 59% (574/971) regret=0.106227 ape=0.5945
[17:45:04] warmStart (decay=exponential) 59% (575/971) regret=0.106227 ape=0.5945
[17:45:04] warmStart (decay=exponential) 59% (576/971) regret=0.106227 ape=0.5945
[17:45:04] warmStart (decay=exponential) 59% (577/971) regret=0.106227 ape=0.5945
[17:45:04] warmStart (decay=exponential) 59% (578/971) regret=0.106245 ape=0.5954
[17:45:05] warmStart (decay=exponential) 59% (579/971) regret=0.106227 ape=0.5945
[17:45:05] warmStart (decay=exponential) 59% (580/971) regret=0.106227 ape=0.5945
[17:45:05] warmStart (decay=exponential) 59% (581/971) regret=0.106227 ape=0.5945
[17:45:05] warmStart (decay=exponential) 59% (582/971) regret=0.106227 ape=0.5945
[17:45:06] warmStart (decay=exponential) 60% (583/971) regret=0.106227 ape=0.5945
[17:45:06] warmStart (decay=exponential) 60% (584/971) regret=0.106227 ape=0.5945
[17:45:06] warmStart (decay=exponential) 60% (585/971) regret=0.106227 ape=0.5945
[17:45:06] warmStart (decay=exponential) 60% (586/971) regret=0.106227 ape=0.5945
[17:45:07] warmStart (decay=exponential) 60% (587/971) regret=0.106227 ape=0.5945
[17:45:07] warmStart (decay=exponential) 60% (588/971) regret=0.106227 ape=0.5945
[17:45:07] warmStart (decay=exponential) 60% (589/971) regret=0.106227 ape=0.5945
[17:45:07] warmStart (decay=exponential) 60% (590/971) regret=0.106227 ape=0.5945
[17:45:08] warmStart (decay=exponential) 60% (591/971) regret=0.106227 ape=0.5945
[17:45:08] warmStart (decay=exponential) 60% (592/971) regret=0.106227 ape=0.5945
[17:45:08] warmStart (decay=exponential) 61% (593/971) regret=0.106227 ape=0.5945
[17:45:08] warmStart (decay=exponential) 61% (594/971) regret=0.106227 ape=0.5945
[17:45:09] warmStart (decay=exponential) 61% (595/971) regret=0.106227 ape=0.5945
[17:45:09] warmStart (decay=exponential) 61% (596/971) regret=0.106227 ape=0.5945
[17:45:09] warmStart (decay=exponential) 61% (597/971) regret=0.106227 ape=0.5945
[17:45:09] warmStart (decay=exponential) 61% (598/971) regret=0.106227 ape=0.5945
[17:45:10] warmStart (decay=exponential) 61% (599/971) regret=0.106227 ape=0.5945
[17:45:10] warmStart (decay=exponential) 61% (600/971) regret=0.106227 ape=0.5945
[17:45:10] warmStart (decay=exponential) 61% (601/971) regret=0.106429 ape=0.5945
[17:45:10] warmStart (decay=exponential) 61% (602/971) regret=0.106227 ape=0.5945
[17:45:11] warmStart (decay=exponential) 62% (603/971) regret=0.106494 ape=0.5945
[17:45:11] warmStart (decay=exponential) 62% (604/971) regret=0.106227 ape=0.5945
[17:45:11] warmStart (decay=exponential) 62% (605/971) regret=0.106227 ape=0.5945
[17:45:11] warmStart (decay=exponential) 62% (606/971) regret=0.106227 ape=0.5945
[17:45:12] warmStart (decay=exponential) 62% (607/971) regret=0.106227 ape=0.5945
[17:45:12] warmStart (decay=exponential) 62% (608/971) regret=0.106485 ape=0.5945
[17:45:12] warmStart (decay=exponential) 62% (609/971) regret=0.106227 ape=0.5945
[17:45:13] warmStart (decay=exponential) 62% (610/971) regret=0.106199 ape=0.5935
[17:45:13] warmStart (decay=exponential) 62% (611/971) regret=0.106199 ape=0.5935
[17:45:13] warmStart (decay=exponential) 63% (612/971) regret=0.106227 ape=0.5945
[17:45:13] warmStart (decay=exponential) 63% (613/971) regret=0.106227 ape=0.5945
[17:45:14] warmStart (decay=exponential) 63% (614/971) regret=0.106227 ape=0.5945
[17:45:14] warmStart (decay=exponential) 63% (615/971) regret=0.106227 ape=0.5945
[17:45:14] warmStart (decay=exponential) 63% (616/971) regret=0.106227 ape=0.5945
[17:45:14] warmStart (decay=exponential) 63% (617/971) regret=0.106227 ape=0.5945
[17:45:15] warmStart (decay=exponential) 63% (618/971) regret=0.106227 ape=0.5945
[17:45:15] warmStart (decay=exponential) 63% (619/971) regret=0.106227 ape=0.5945
[17:45:15] warmStart (decay=exponential) 63% (620/971) regret=0.106227 ape=0.5945
[17:45:15] warmStart (decay=exponential) 63% (621/971) regret=0.106227 ape=0.5945
[17:45:16] warmStart (decay=exponential) 64% (622/971) regret=0.106227 ape=0.5945
[17:45:16] warmStart (decay=exponential) 64% (623/971) regret=0.106227 ape=0.5945
[17:45:16] warmStart (decay=exponential) 64% (624/971) regret=0.106227 ape=0.5945
[17:45:16] warmStart (decay=exponential) 64% (625/971) regret=0.106227 ape=0.5945
[17:45:17] warmStart (decay=exponential) 64% (626/971) regret=0.106227 ape=0.5945
[17:45:17] warmStart (decay=exponential) 64% (627/971) regret=0.106227 ape=0.5945
[17:45:17] warmStart (decay=exponential) 64% (628/971) regret=0.106227 ape=0.5945
[17:45:17] warmStart (decay=exponential) 64% (629/971) regret=0.106227 ape=0.5945
[17:45:18] warmStart (decay=exponential) 64% (630/971) regret=0.106227 ape=0.5945
[17:45:18] warmStart (decay=exponential) 64% (631/971) regret=0.106227 ape=0.5945
[17:45:18] warmStart (decay=exponential) 65% (632/971) regret=0.106227 ape=0.5945
[17:45:18] warmStart (decay=exponential) 65% (633/971) regret=0.106227 ape=0.5945
[17:45:19] warmStart (decay=exponential) 65% (634/971) regret=0.106227 ape=0.5945
[17:45:19] warmStart (decay=exponential) 65% (635/971) regret=0.106227 ape=0.5945
[17:45:19] warmStart (decay=exponential) 65% (636/971) regret=0.106227 ape=0.5945
[17:45:19] warmStart (decay=exponential) 65% (637/971) regret=0.106227 ape=0.5945
[17:45:20] warmStart (decay=exponential) 65% (638/971) regret=0.106227 ape=0.5945
[17:45:20] warmStart (decay=exponential) 65% (639/971) regret=0.106227 ape=0.5945
[17:45:20] warmStart (decay=exponential) 65% (640/971) regret=0.106227 ape=0.5945
[17:45:20] warmStart (decay=exponential) 66% (641/971) regret=0.106227 ape=0.5945
[17:45:21] warmStart (decay=exponential) 66% (642/971) regret=0.106227 ape=0.5945
[17:45:21] warmStart (decay=exponential) 66% (643/971) regret=0.106227 ape=0.5945
[17:45:21] warmStart (decay=exponential) 66% (644/971) regret=0.106227 ape=0.5945
[17:45:22] warmStart (decay=exponential) 66% (645/971) regret=0.106227 ape=0.5945
[17:45:22] warmStart (decay=exponential) 66% (646/971) regret=0.106227 ape=0.5945
[17:45:22] warmStart (decay=exponential) 66% (647/971) regret=0.106227 ape=0.5945
[17:45:22] warmStart (decay=exponential) 66% (648/971) regret=0.106227 ape=0.5945
[17:45:23] warmStart (decay=exponential) 66% (649/971) regret=0.106227 ape=0.5945
[17:45:23] warmStart (decay=exponential) 66% (650/971) regret=0.106227 ape=0.5945
[17:45:23] warmStart (decay=exponential) 67% (651/971) regret=0.106227 ape=0.5945
[17:45:23] warmStart (decay=exponential) 67% (652/971) regret=0.106227 ape=0.5945
[17:45:24] warmStart (decay=exponential) 67% (653/971) regret=0.106227 ape=0.5945
[17:45:24] warmStart (decay=exponential) 67% (654/971) regret=0.106227 ape=0.5945
[17:45:24] warmStart (decay=exponential) 67% (655/971) regret=0.106227 ape=0.5945
[17:45:24] warmStart (decay=exponential) 67% (656/971) regret=0.106227 ape=0.5945
[17:45:25] warmStart (decay=exponential) 67% (657/971) regret=0.106227 ape=0.5945
[17:45:25] warmStart (decay=exponential) 67% (658/971) regret=0.106227 ape=0.5945
[17:45:25] warmStart (decay=exponential) 67% (659/971) regret=0.106227 ape=0.5945
[17:45:25] warmStart (decay=exponential) 67% (660/971) regret=0.106227 ape=0.5945
[17:45:26] warmStart (decay=exponential) 68% (661/971) regret=0.106227 ape=0.5945
[17:45:26] warmStart (decay=exponential) 68% (662/971) regret=0.106227 ape=0.5945
[17:45:26] warmStart (decay=exponential) 68% (663/971) regret=0.106227 ape=0.5945
[17:45:26] warmStart (decay=exponential) 68% (664/971) regret=0.106227 ape=0.5945
[17:45:27] warmStart (decay=exponential) 68% (665/971) regret=0.106227 ape=0.5945
[17:45:27] warmStart (decay=exponential) 68% (666/971) regret=0.106227 ape=0.5945
[17:45:27] warmStart (decay=exponential) 68% (667/971) regret=0.106227 ape=0.5945
[17:45:27] warmStart (decay=exponential) 68% (668/971) regret=0.106227 ape=0.5945
[17:45:28] warmStart (decay=exponential) 68% (669/971) regret=0.106227 ape=0.5945
[17:45:28] warmStart (decay=exponential) 69% (670/971) regret=0.106227 ape=0.5945
[17:45:28] warmStart (decay=exponential) 69% (671/971) regret=0.106227 ape=0.5945
[17:45:28] warmStart (decay=exponential) 69% (672/971) regret=0.106227 ape=0.5945
[17:45:29] warmStart (decay=exponential) 69% (673/971) regret=0.106227 ape=0.5945
[17:45:29] warmStart (decay=exponential) 69% (674/971) regret=0.106227 ape=0.5945
[17:45:29] warmStart (decay=exponential) 69% (675/971) regret=0.106227 ape=0.5945
[17:45:29] warmStart (decay=exponential) 69% (676/971) regret=0.106227 ape=0.5945
[17:45:30] warmStart (decay=exponential) 69% (677/971) regret=0.106227 ape=0.5945
[17:45:30] warmStart (decay=exponential) 69% (678/971) regret=0.106227 ape=0.5945
[17:45:30] warmStart (decay=exponential) 69% (679/971) regret=0.106227 ape=0.5945
[17:45:30] warmStart (decay=exponential) 70% (680/971) regret=0.106227 ape=0.5945
[17:45:31] warmStart (decay=exponential) 70% (681/971) regret=0.106227 ape=0.5945
[17:45:31] warmStart (decay=exponential) 70% (682/971) regret=0.106227 ape=0.5945
[17:45:31] warmStart (decay=exponential) 70% (683/971) regret=0.106227 ape=0.5945
[17:45:31] warmStart (decay=exponential) 70% (684/971) regret=0.106227 ape=0.5945
[17:45:32] warmStart (decay=exponential) 70% (685/971) regret=0.106227 ape=0.5945
[17:45:32] warmStart (decay=exponential) 70% (686/971) regret=0.106227 ape=0.5945
[17:45:32] warmStart (decay=exponential) 70% (687/971) regret=0.106227 ape=0.5945
[17:45:32] warmStart (decay=exponential) 70% (688/971) regret=0.106227 ape=0.5945
[17:45:33] warmStart (decay=exponential) 70% (689/971) regret=0.106227 ape=0.5945
[17:45:33] warmStart (decay=exponential) 71% (690/971) regret=0.106227 ape=0.5945
[17:45:33] warmStart (decay=exponential) 71% (691/971) regret=0.106227 ape=0.5945
[17:45:33] warmStart (decay=exponential) 71% (692/971) regret=0.106678 ape=0.5954
[17:45:34] warmStart (decay=exponential) 71% (693/971) regret=0.106227 ape=0.5945
[17:45:34] warmStart (decay=exponential) 71% (694/971) regret=0.106227 ape=0.5945
[17:45:34] warmStart (decay=exponential) 71% (695/971) regret=0.106227 ape=0.5945
[17:45:34] warmStart (decay=exponential) 71% (696/971) regret=0.106227 ape=0.5945
[17:45:35] warmStart (decay=exponential) 71% (697/971) regret=0.106227 ape=0.5945
[17:45:35] warmStart (decay=exponential) 71% (698/971) regret=0.106227 ape=0.5945
[17:45:35] warmStart (decay=exponential) 71% (699/971) regret=0.106227 ape=0.5945
[17:45:35] warmStart (decay=exponential) 72% (700/971) regret=0.106227 ape=0.5945
[17:45:36] warmStart (decay=exponential) 72% (701/971) regret=0.106227 ape=0.5945
[17:45:36] warmStart (decay=exponential) 72% (702/971) regret=0.106227 ape=0.5945
[17:45:36] warmStart (decay=exponential) 72% (703/971) regret=0.106227 ape=0.5945
[17:45:36] warmStart (decay=exponential) 72% (704/971) regret=0.106227 ape=0.5945
[17:45:36] warmStart (decay=exponential) 72% (705/971) regret=0.106227 ape=0.5945
[17:45:37] warmStart (decay=exponential) 72% (706/971) regret=0.106227 ape=0.5945
[17:45:37] warmStart (decay=exponential) 72% (707/971) regret=0.106227 ape=0.5945
[17:45:37] warmStart (decay=exponential) 72% (708/971) regret=0.106227 ape=0.5945
[17:45:37] warmStart (decay=exponential) 73% (709/971) regret=0.106227 ape=0.5945
[17:45:37] warmStart (decay=exponential) 73% (710/971) regret=0.106227 ape=0.5945
[17:45:37] warmStart (decay=exponential) 73% (711/971) regret=0.106227 ape=0.5945
[17:45:38] warmStart (decay=exponential) 73% (712/971) regret=0.106227 ape=0.5945
[17:45:38] warmStart (decay=exponential) 73% (713/971) regret=0.106227 ape=0.5945
[17:45:38] warmStart (decay=exponential) 73% (714/971) regret=0.106227 ape=0.5945
[17:45:38] warmStart (decay=exponential) 73% (715/971) regret=0.106227 ape=0.5945
[17:45:38] warmStart (decay=exponential) 73% (716/971) regret=0.106227 ape=0.5945
[17:45:39] warmStart (decay=exponential) 73% (717/971) regret=0.106227 ape=0.5945
[17:45:39] warmStart (decay=exponential) 73% (718/971) regret=0.106337 ape=0.5954
[17:45:39] warmStart (decay=exponential) 74% (719/971) regret=0.106282 ape=0.5954
[17:45:39] warmStart (decay=exponential) 74% (720/971) regret=0.106282 ape=0.5954
[17:45:39] warmStart (decay=exponential) 74% (721/971) regret=0.106282 ape=0.5954
[17:45:39] warmStart (decay=exponential) 74% (722/971) regret=0.106282 ape=0.5954
[17:45:40] warmStart (decay=exponential) 74% (723/971) regret=0.106282 ape=0.5954
[17:45:40] warmStart (decay=exponential) 74% (724/971) regret=0.106282 ape=0.5954
[17:45:40] warmStart (decay=exponential) 74% (725/971) regret=0.106236 ape=0.5954
[17:45:40] warmStart (decay=exponential) 74% (726/971) regret=0.106240 ape=0.5963
[17:45:40] warmStart (decay=exponential) 74% (727/971) regret=0.106240 ape=0.5963
[17:45:41] warmStart (decay=exponential) 74% (728/971) regret=0.106240 ape=0.5963
[17:45:41] warmStart (decay=exponential) 75% (729/971) regret=0.106240 ape=0.5963
[17:45:41] warmStart (decay=exponential) 75% (730/971) regret=0.106240 ape=0.5963
[17:45:41] warmStart (decay=exponential) 75% (731/971) regret=0.106240 ape=0.5963
[17:45:41] warmStart (decay=exponential) 75% (732/971) regret=0.106240 ape=0.5963
[17:45:42] warmStart (decay=exponential) 75% (733/971) regret=0.106240 ape=0.5963
[17:45:42] warmStart (decay=exponential) 75% (734/971) regret=0.106240 ape=0.5963
[17:45:42] warmStart (decay=exponential) 75% (735/971) regret=0.106240 ape=0.5963
[17:45:42] warmStart (decay=exponential) 75% (736/971) regret=0.106240 ape=0.5963
[17:45:42] warmStart (decay=exponential) 75% (737/971) regret=0.106240 ape=0.5963
[17:45:43] warmStart (decay=exponential) 76% (738/971) regret=0.106240 ape=0.5963
[17:45:43] warmStart (decay=exponential) 76% (739/971) regret=0.106240 ape=0.5963
[17:45:43] warmStart (decay=exponential) 76% (740/971) regret=0.106240 ape=0.5963
[17:45:43] warmStart (decay=exponential) 76% (741/971) regret=0.106250 ape=0.5963
[17:45:43] warmStart (decay=exponential) 76% (742/971) regret=0.106240 ape=0.5963
[17:45:44] warmStart (decay=exponential) 76% (743/971) regret=0.106268 ape=0.5963
[17:45:44] warmStart (decay=exponential) 76% (744/971) regret=0.106254 ape=0.5963
[17:45:44] warmStart (decay=exponential) 76% (745/971) regret=0.106268 ape=0.5963
[17:45:44] warmStart (decay=exponential) 76% (746/971) regret=0.106268 ape=0.5963
[17:45:44] warmStart (decay=exponential) 76% (747/971) regret=0.106268 ape=0.5963
[17:45:44] warmStart (decay=exponential) 77% (748/971) regret=0.106268 ape=0.5963
[17:45:45] warmStart (decay=exponential) 77% (749/971) regret=0.106268 ape=0.5963
[17:45:45] warmStart (decay=exponential) 77% (750/971) regret=0.106268 ape=0.5963
[17:45:45] warmStart (decay=exponential) 77% (751/971) regret=0.106268 ape=0.5963
[17:45:45] warmStart (decay=exponential) 77% (752/971) regret=0.106268 ape=0.5963
[17:45:45] warmStart (decay=exponential) 77% (753/971) regret=0.106268 ape=0.5963
[17:45:45] warmStart (decay=exponential) 77% (754/971) regret=0.106268 ape=0.5963
[17:45:46] warmStart (decay=exponential) 77% (755/971) regret=0.106268 ape=0.5963
[17:45:46] warmStart (decay=exponential) 77% (756/971) regret=0.106268 ape=0.5963
[17:45:46] warmStart (decay=exponential) 77% (757/971) regret=0.106268 ape=0.5963
[17:45:46] warmStart (decay=exponential) 78% (758/971) regret=0.106268 ape=0.5963
[17:45:46] warmStart (decay=exponential) 78% (759/971) regret=0.106268 ape=0.5963
[17:45:47] warmStart (decay=exponential) 78% (760/971) regret=0.106268 ape=0.5963
[17:45:47] warmStart (decay=exponential) 78% (761/971) regret=0.106268 ape=0.5963
[17:45:47] warmStart (decay=exponential) 78% (762/971) regret=0.106268 ape=0.5963
[17:45:47] warmStart (decay=exponential) 78% (763/971) regret=0.106268 ape=0.5963
[17:45:47] warmStart (decay=exponential) 78% (764/971) regret=0.106268 ape=0.5963
[17:45:47] warmStart (decay=exponential) 78% (765/971) regret=0.106268 ape=0.5963
[17:45:48] warmStart (decay=exponential) 78% (766/971) regret=0.106268 ape=0.5963
[17:45:48] warmStart (decay=exponential) 78% (767/971) regret=0.106254 ape=0.5963
[17:45:48] warmStart (decay=exponential) 79% (768/971) regret=0.106254 ape=0.5963
[17:45:48] warmStart (decay=exponential) 79% (769/971) regret=0.106254 ape=0.5963
[17:45:48] warmStart (decay=exponential) 79% (770/971) regret=0.106254 ape=0.5963
[17:45:48] warmStart (decay=exponential) 79% (771/971) regret=0.106254 ape=0.5963
[17:45:49] warmStart (decay=exponential) 79% (772/971) regret=0.106254 ape=0.5963
[17:45:49] warmStart (decay=exponential) 79% (773/971) regret=0.106254 ape=0.5963
[17:45:49] warmStart (decay=exponential) 79% (774/971) regret=0.106254 ape=0.5963
[17:45:49] warmStart (decay=exponential) 79% (775/971) regret=0.106254 ape=0.5963
[17:45:49] warmStart (decay=exponential) 79% (776/971) regret=0.106254 ape=0.5963
[17:45:50] warmStart (decay=exponential) 80% (777/971) regret=0.106254 ape=0.5963
[17:45:50] warmStart (decay=exponential) 80% (778/971) regret=0.106254 ape=0.5963
[17:45:50] warmStart (decay=exponential) 80% (779/971) regret=0.106254 ape=0.5963
[17:45:50] warmStart (decay=exponential) 80% (780/971) regret=0.106310 ape=0.5972
[17:45:50] warmStart (decay=exponential) 80% (781/971) regret=0.106282 ape=0.5972
[17:45:50] warmStart (decay=exponential) 80% (782/971) regret=0.106282 ape=0.5972
[17:45:51] warmStart (decay=exponential) 80% (783/971) regret=0.106282 ape=0.5972
[17:45:51] warmStart (decay=exponential) 80% (784/971) regret=0.106282 ape=0.5972
[17:45:51] warmStart (decay=exponential) 80% (785/971) regret=0.106282 ape=0.5972
[17:45:51] warmStart (decay=exponential) 80% (786/971) regret=0.106282 ape=0.5972
[17:45:51] warmStart (decay=exponential) 81% (787/971) regret=0.106282 ape=0.5972
[17:45:51] warmStart (decay=exponential) 81% (788/971) regret=0.106282 ape=0.5972
[17:45:51] warmStart (decay=exponential) 81% (789/971) regret=0.106282 ape=0.5972
[17:45:52] warmStart (decay=exponential) 81% (790/971) regret=0.106282 ape=0.5972
[17:45:52] warmStart (decay=exponential) 81% (791/971) regret=0.106282 ape=0.5972
[17:45:52] warmStart (decay=exponential) 81% (792/971) regret=0.106282 ape=0.5972
[17:45:52] warmStart (decay=exponential) 81% (793/971) regret=0.106282 ape=0.5972
[17:45:52] warmStart (decay=exponential) 81% (794/971) regret=0.106282 ape=0.5972
[17:45:52] warmStart (decay=exponential) 81% (795/971) regret=0.106282 ape=0.5972
[17:45:53] warmStart (decay=exponential) 81% (796/971) regret=0.106282 ape=0.5972
[17:45:53] warmStart (decay=exponential) 82% (797/971) regret=0.106282 ape=0.5972
[17:45:53] warmStart (decay=exponential) 82% (798/971) regret=0.106282 ape=0.5972
[17:45:53] warmStart (decay=exponential) 82% (799/971) regret=0.106282 ape=0.5972
[17:45:53] warmStart (decay=exponential) 82% (800/971) regret=0.106282 ape=0.5972
[17:45:53] warmStart (decay=exponential) 82% (801/971) regret=0.106282 ape=0.5972
[17:45:54] warmStart (decay=exponential) 82% (802/971) regret=0.106282 ape=0.5972
[17:45:54] warmStart (decay=exponential) 82% (803/971) regret=0.106282 ape=0.5972
[17:45:54] warmStart (decay=exponential) 82% (804/971) regret=0.106282 ape=0.5972
[17:45:54] warmStart (decay=exponential) 82% (805/971) regret=0.106282 ape=0.5972
[17:45:54] warmStart (decay=exponential) 83% (806/971) regret=0.106282 ape=0.5972
[17:45:54] warmStart (decay=exponential) 83% (807/971) regret=0.106282 ape=0.5972
[17:45:54] warmStart (decay=exponential) 83% (808/971) regret=0.106282 ape=0.5972
[17:45:55] warmStart (decay=exponential) 83% (809/971) regret=0.106282 ape=0.5972
[17:45:55] warmStart (decay=exponential) 83% (810/971) regret=0.106282 ape=0.5972
[17:45:55] warmStart (decay=exponential) 83% (811/971) regret=0.106282 ape=0.5972
[17:45:55] warmStart (decay=exponential) 83% (812/971) regret=0.106282 ape=0.5972
[17:45:55] warmStart (decay=exponential) 83% (813/971) regret=0.106282 ape=0.5972
[17:45:55] warmStart (decay=exponential) 83% (814/971) regret=0.106282 ape=0.5972
[17:45:56] warmStart (decay=exponential) 83% (815/971) regret=0.106282 ape=0.5972
[17:45:56] warmStart (decay=exponential) 84% (816/971) regret=0.106282 ape=0.5972
[17:45:56] warmStart (decay=exponential) 84% (817/971) regret=0.106282 ape=0.5972
[17:45:56] warmStart (decay=exponential) 84% (818/971) regret=0.106282 ape=0.5972
[17:45:56] warmStart (decay=exponential) 84% (819/971) regret=0.106282 ape=0.5972
[17:45:56] warmStart (decay=exponential) 84% (820/971) regret=0.106282 ape=0.5972
[17:45:57] warmStart (decay=exponential) 84% (821/971) regret=0.106282 ape=0.5972
[17:45:57] warmStart (decay=exponential) 84% (822/971) regret=0.106282 ape=0.5972
[17:45:57] warmStart (decay=exponential) 84% (823/971) regret=0.106282 ape=0.5972
[17:45:57] warmStart (decay=exponential) 84% (824/971) regret=0.106282 ape=0.5972
[17:45:57] warmStart (decay=exponential) 84% (825/971) regret=0.106282 ape=0.5972
[17:45:57] warmStart (decay=exponential) 85% (826/971) regret=0.106282 ape=0.5972
[17:45:58] warmStart (decay=exponential) 85% (827/971) regret=0.106282 ape=0.5972
[17:45:58] warmStart (decay=exponential) 85% (828/971) regret=0.106168 ape=0.5963
[17:45:58] warmStart (decay=exponential) 85% (829/971) regret=0.106233 ape=0.5972
[17:45:58] warmStart (decay=exponential) 85% (830/971) regret=0.106264 ape=0.5972
[17:45:58] warmStart (decay=exponential) 85% (831/971) regret=0.106233 ape=0.5972
[17:45:58] warmStart (decay=exponential) 85% (832/971) regret=0.106233 ape=0.5972
[17:45:58] warmStart (decay=exponential) 85% (833/971) regret=0.106168 ape=0.5963
[17:45:59] warmStart (decay=exponential) 85% (834/971) regret=0.106247 ape=0.5972
[17:45:59] warmStart (decay=exponential) 85% (835/971) regret=0.106247 ape=0.5972
[17:45:59] warmStart (decay=exponential) 86% (836/971) regret=0.106168 ape=0.5963
[17:45:59] warmStart (decay=exponential) 86% (837/971) regret=0.106168 ape=0.5963
[17:45:59] warmStart (decay=exponential) 86% (838/971) regret=0.106168 ape=0.5963
[17:45:59] warmStart (decay=exponential) 86% (839/971) regret=0.106247 ape=0.5972
[17:46:00] warmStart (decay=exponential) 86% (840/971) regret=0.106247 ape=0.5972
[17:46:00] warmStart (decay=exponential) 86% (841/971) regret=0.106495 ape=0.5972
[17:46:00] warmStart (decay=exponential) 86% (842/971) regret=0.106247 ape=0.5972
[17:46:00] warmStart (decay=exponential) 86% (843/971) regret=0.106219 ape=0.5972
[17:46:00] warmStart (decay=exponential) 86% (844/971) regret=0.106247 ape=0.5972
[17:46:00] warmStart (decay=exponential) 87% (845/971) regret=0.106219 ape=0.5972
[17:46:01] warmStart (decay=exponential) 87% (846/971) regret=0.106247 ape=0.5972
[17:46:01] warmStart (decay=exponential) 87% (847/971) regret=0.106219 ape=0.5963
[17:46:01] warmStart (decay=exponential) 87% (848/971) regret=0.106219 ape=0.5963
[17:46:01] warmStart (decay=exponential) 87% (849/971) regret=0.106205 ape=0.5963
[17:46:01] warmStart (decay=exponential) 87% (850/971) regret=0.106205 ape=0.5963
[17:46:01] warmStart (decay=exponential) 87% (851/971) regret=0.105883 ape=0.5954
[17:46:02] warmStart (decay=exponential) 87% (852/971) regret=0.105883 ape=0.5954
[17:46:02] warmStart (decay=exponential) 87% (853/971) regret=0.105883 ape=0.5954
[17:46:02] warmStart (decay=exponential) 87% (854/971) regret=0.105883 ape=0.5954
[17:46:02] warmStart (decay=exponential) 88% (855/971) regret=0.105883 ape=0.5954
[17:46:02] warmStart (decay=exponential) 88% (856/971) regret=0.105883 ape=0.5954
[17:46:02] warmStart (decay=exponential) 88% (857/971) regret=0.105982 ape=0.5954
[17:46:03] warmStart (decay=exponential) 88% (858/971) regret=0.105945 ape=0.5954
[17:46:03] warmStart (decay=exponential) 88% (859/971) regret=0.105784 ape=0.5945
[17:46:03] warmStart (decay=exponential) 88% (860/971) regret=0.105784 ape=0.5945
[17:46:03] warmStart (decay=exponential) 88% (861/971) regret=0.105784 ape=0.5945
[17:46:03] warmStart (decay=exponential) 88% (862/971) regret=0.105784 ape=0.5945
[17:46:03] warmStart (decay=exponential) 88% (863/971) regret=0.105784 ape=0.5945
[17:46:04] warmStart (decay=exponential) 88% (864/971) regret=0.105784 ape=0.5945
[17:46:04] warmStart (decay=exponential) 89% (865/971) regret=0.105774 ape=0.5945
[17:46:04] warmStart (decay=exponential) 89% (866/971) regret=0.105774 ape=0.5945
[17:46:04] warmStart (decay=exponential) 89% (867/971) regret=0.105774 ape=0.5945
[17:46:04] warmStart (decay=exponential) 89% (868/971) regret=0.105774 ape=0.5945
[17:46:04] warmStart (decay=exponential) 89% (869/971) regret=0.105774 ape=0.5945
[17:46:04] warmStart (decay=exponential) 89% (870/971) regret=0.105770 ape=0.5935
[17:46:04] warmStart (decay=exponential) 89% (871/971) regret=0.105770 ape=0.5935
[17:46:05] warmStart (decay=exponential) 89% (872/971) regret=0.105784 ape=0.5945
[17:46:05] warmStart (decay=exponential) 89% (873/971) regret=0.105784 ape=0.5945
[17:46:05] warmStart (decay=exponential) 90% (874/971) regret=0.105784 ape=0.5945
[17:46:05] warmStart (decay=exponential) 90% (875/971) regret=0.105784 ape=0.5945
[17:46:05] warmStart (decay=exponential) 90% (876/971) regret=0.105726 ape=0.5935
[17:46:05] warmStart (decay=exponential) 90% (877/971) regret=0.105726 ape=0.5935
[17:46:06] warmStart (decay=exponential) 90% (878/971) regret=0.105726 ape=0.5935
[17:46:06] warmStart (decay=exponential) 90% (879/971) regret=0.105726 ape=0.5935
[17:46:06] warmStart (decay=exponential) 90% (880/971) regret=0.105726 ape=0.5935
[17:46:06] warmStart (decay=exponential) 90% (881/971) regret=0.105726 ape=0.5935
[17:46:06] warmStart (decay=exponential) 90% (882/971) regret=0.105726 ape=0.5935
[17:46:06] warmStart (decay=exponential) 90% (883/971) regret=0.105726 ape=0.5935
[17:46:07] warmStart (decay=exponential) 91% (884/971) regret=0.105726 ape=0.5935
[17:46:07] warmStart (decay=exponential) 91% (885/971) regret=0.105726 ape=0.5935
[17:46:07] warmStart (decay=exponential) 91% (886/971) regret=0.105726 ape=0.5935
[17:46:07] warmStart (decay=exponential) 91% (887/971) regret=0.105726 ape=0.5935
[17:46:07] warmStart (decay=exponential) 91% (888/971) regret=0.105726 ape=0.5935
[17:46:07] warmStart (decay=exponential) 91% (889/971) regret=0.105726 ape=0.5935
[17:46:07] warmStart (decay=exponential) 91% (890/971) regret=0.105726 ape=0.5935
[17:46:08] warmStart (decay=exponential) 91% (891/971) regret=0.105726 ape=0.5935
[17:46:08] warmStart (decay=exponential) 91% (892/971) regret=0.105726 ape=0.5935
[17:46:08] warmStart (decay=exponential) 91% (893/971) regret=0.105726 ape=0.5935
[17:46:08] warmStart (decay=exponential) 92% (894/971) regret=0.105726 ape=0.5935
[17:46:08] warmStart (decay=exponential) 92% (895/971) regret=0.105726 ape=0.5935
[17:46:08] warmStart (decay=exponential) 92% (896/971) regret=0.105726 ape=0.5935
[17:46:09] warmStart (decay=exponential) 92% (897/971) regret=0.105726 ape=0.5935
[17:46:09] warmStart (decay=exponential) 92% (898/971) regret=0.105726 ape=0.5935
[17:46:09] warmStart (decay=exponential) 92% (899/971) regret=0.105726 ape=0.5935
[17:46:09] warmStart (decay=exponential) 92% (900/971) regret=0.105726 ape=0.5935
[17:46:10] warmStart (decay=exponential) 92% (901/971) regret=0.105726 ape=0.5935
[17:46:10] warmStart (decay=exponential) 92% (902/971) regret=0.105726 ape=0.5935
[17:46:10] warmStart (decay=exponential) 92% (903/971) regret=0.105726 ape=0.5935
[17:46:10] warmStart (decay=exponential) 93% (904/971) regret=0.105726 ape=0.5935
[17:46:11] warmStart (decay=exponential) 93% (905/971) regret=0.105726 ape=0.5935
[17:46:11] warmStart (decay=exponential) 93% (906/971) regret=0.105726 ape=0.5935
[17:46:11] warmStart (decay=exponential) 93% (907/971) regret=0.105726 ape=0.5935
[17:46:11] warmStart (decay=exponential) 93% (908/971) regret=0.105726 ape=0.5935
[17:46:12] warmStart (decay=exponential) 93% (909/971) regret=0.105726 ape=0.5935
[17:46:12] warmStart (decay=exponential) 93% (910/971) regret=0.105726 ape=0.5935
[17:46:12] warmStart (decay=exponential) 93% (911/971) regret=0.105726 ape=0.5935
[17:46:12] warmStart (decay=exponential) 93% (912/971) regret=0.105726 ape=0.5935
[17:46:13] warmStart (decay=exponential) 94% (913/971) regret=0.105726 ape=0.5935
[17:46:13] warmStart (decay=exponential) 94% (914/971) regret=0.105724 ape=0.5935
[17:46:13] warmStart (decay=exponential) 94% (915/971) regret=0.105724 ape=0.5935
[17:46:13] warmStart (decay=exponential) 94% (916/971) regret=0.105729 ape=0.5935
[17:46:14] warmStart (decay=exponential) 94% (917/971) regret=0.105724 ape=0.5935
[17:46:14] warmStart (decay=exponential) 94% (918/971) regret=0.105729 ape=0.5935
[17:46:14] warmStart (decay=exponential) 94% (919/971) regret=0.105729 ape=0.5935
[17:46:14] warmStart (decay=exponential) 94% (920/971) regret=0.105724 ape=0.5935
[17:46:15] warmStart (decay=exponential) 94% (921/971) regret=0.105724 ape=0.5935
[17:46:15] warmStart (decay=exponential) 94% (922/971) regret=0.105729 ape=0.5935
[17:46:15] warmStart (decay=exponential) 95% (923/971) regret=0.105729 ape=0.5935
[17:46:15] warmStart (decay=exponential) 95% (924/971) regret=0.105729 ape=0.5935
[17:46:16] warmStart (decay=exponential) 95% (925/971) regret=0.105729 ape=0.5935
[17:46:16] warmStart (decay=exponential) 95% (926/971) regret=0.105729 ape=0.5935
[17:46:16] warmStart (decay=exponential) 95% (927/971) regret=0.105724 ape=0.5935
[17:46:16] warmStart (decay=exponential) 95% (928/971) regret=0.105724 ape=0.5935
[17:46:16] warmStart (decay=exponential) 95% (929/971) regret=0.105729 ape=0.5935
[17:46:17] warmStart (decay=exponential) 95% (930/971) regret=0.105729 ape=0.5935
[17:46:17] warmStart (decay=exponential) 95% (931/971) regret=0.105729 ape=0.5935
[17:46:17] warmStart (decay=exponential) 95% (932/971) regret=0.105803 ape=0.5935
[17:46:17] warmStart (decay=exponential) 96% (933/971) regret=0.105803 ape=0.5935
[17:46:18] warmStart (decay=exponential) 96% (934/971) regret=0.105807 ape=0.5935
[17:46:18] warmStart (decay=exponential) 96% (935/971) regret=0.105715 ape=0.5926
[17:46:18] warmStart (decay=exponential) 96% (936/971) regret=0.105715 ape=0.5926
[17:46:18] warmStart (decay=exponential) 96% (937/971) regret=0.105715 ape=0.5926
[17:46:19] warmStart (decay=exponential) 96% (938/971) regret=0.105715 ape=0.5926
[17:46:19] warmStart (decay=exponential) 96% (939/971) regret=0.105715 ape=0.5926
[17:46:19] warmStart (decay=exponential) 96% (940/971) regret=0.105715 ape=0.5926
[17:46:19] warmStart (decay=exponential) 96% (941/971) regret=0.105715 ape=0.5926
[17:46:20] warmStart (decay=exponential) 97% (942/971) regret=0.105725 ape=0.5935
[17:46:20] warmStart (decay=exponential) 97% (943/971) regret=0.105725 ape=0.5935
[17:46:20] warmStart (decay=exponential) 97% (944/971) regret=0.105890 ape=0.5935
[17:46:20] warmStart (decay=exponential) 97% (945/971) regret=0.105324 ape=0.5926
[17:46:21] warmStart (decay=exponential) 97% (946/971) regret=0.105324 ape=0.5926
[17:46:21] warmStart (decay=exponential) 97% (947/971) regret=0.105324 ape=0.5926
[17:46:21] warmStart (decay=exponential) 97% (948/971) regret=0.105665 ape=0.5935
[17:46:21] warmStart (decay=exponential) 97% (949/971) regret=0.105324 ape=0.5926
[17:46:22] warmStart (decay=exponential) 97% (950/971) regret=0.105324 ape=0.5926
[17:46:22] warmStart (decay=exponential) 97% (951/971) regret=0.105333 ape=0.5926
[17:46:22] warmStart (decay=exponential) 98% (952/971) regret=0.105333 ape=0.5926
[17:46:23] warmStart (decay=exponential) 98% (953/971) regret=0.105333 ape=0.5926
[17:46:23] warmStart (decay=exponential) 98% (954/971) regret=0.105333 ape=0.5926
[17:46:23] warmStart (decay=exponential) 98% (955/971) regret=0.105333 ape=0.5926
[17:46:23] warmStart (decay=exponential) 98% (956/971) regret=0.105333 ape=0.5926
[17:46:24] warmStart (decay=exponential) 98% (957/971) regret=0.105333 ape=0.5926
[17:46:24] warmStart (decay=exponential) 98% (958/971) regret=0.105333 ape=0.5926
[17:46:24] warmStart (decay=exponential) 98% (959/971) regret=0.105333 ape=0.5926
[17:46:25] warmStart (decay=exponential) 98% (960/971) regret=0.105333 ape=0.5926
[17:46:25] warmStart (decay=exponential) 98% (961/971) regret=0.105333 ape=0.5926
[17:46:25] warmStart (decay=exponential) 99% (962/971) regret=0.105333 ape=0.5926
[17:46:25] warmStart (decay=exponential) 99% (963/971) regret=0.105333 ape=0.5926
[17:46:26] warmStart (decay=exponential) 99% (964/971) regret=0.105333 ape=0.5926
[17:46:26] warmStart (decay=exponential) 99% (965/971) regret=0.105333 ape=0.5926
[17:46:26] warmStart (decay=exponential) 99% (966/971) regret=0.105333 ape=0.5926
[17:46:27] warmStart (decay=exponential) 99% (967/971) regret=0.105333 ape=0.5926
[17:46:27] warmStart (decay=exponential) 99% (968/971) regret=0.105333 ape=0.5926
[17:46:27] warmStart (decay=exponential) 99% (969/971) regret=0.105324 ape=0.5926
[17:46:27] warmStart (decay=exponential) 99% (970/971) regret=0.105324 ape=0.5926
Warm w=50 finished: 970 points, 216.80s wall time
  Final: regret=0.105324, ape=0.5926

Saved: /home/users/g/s/gsavary/LudiiMCTSVariations/slurm_sweep_full_dataset/output_decay/warm_50_decay_exponential_0_05/seed_3/sweep_decay_warm_50_exponential_0.05_3_20260426_174628.json

Generating plots...
Saved: /home/users/g/s/gsavary/LudiiMCTSVariations/slurm_sweep_full_dataset/output_decay/warm_50_decay_exponential_0_05/seed_3/sweep_decay_warm_50_exponential_0.05_3_20260426_174628_regret.png
Saved: /home/users/g/s/gsavary/LudiiMCTSVariations/slurm_sweep_full_dataset/output_decay/warm_50_decay_exponential_0_05/seed_3/sweep_decay_warm_50_exponential_0.05_3_20260426_174628_ape.png

================================================================================
Experiment complete!
================================================================================
Done. Results in: /home/users/g/s/gsavary/LudiiMCTSVariations/slurm_sweep_full_dataset/output_decay/warm_50_decay_exponential_0_05/seed_3
