============================================================
Decay sweep experiment
Method:      warm:200
Decay mode:  exponential
Decay param: 0.15
Seed:        2
Output:      /home/users/g/s/gsavary/LudiiMCTSVariations/slurm_sweep_full_dataset/output_decay/warm_200_decay_exponential_0_15/seed_2
============================================================

================================================================================
SLURM Sweep Experiment with Synthetic Data Decay
================================================================================
Method: warm:200
Decay: exponential (param=0.15)
Time limit: 3600.0s, Seed: 2, Batch size: 20
Output directory: /home/users/g/s/gsavary/LudiiMCTSVariations/slurm_sweep_full_dataset/output_decay/warm_200_decay_exponential_0_15/seed_2

Loading Ludii dataset...
Loaded 1085 games
Using 1085 games (full dataset)

Running timing probe (100 pulls)...
  Estimated secs/pull: 0.025789

Time budget: 3600.0s → ~139593 total pulls
Per-method budget: 19941 pulls (~514.3s)

Computing predictor-only performance...
  Predictions loaded: 23675 agent predictions
  Predictor-only: regret=0.104318, ape=0.4894

Running WARM-START (w=200, decay=exponential param=0.15)...
[17:52:30] warmStart (decay=exponential) 0% (1/998) regret=0.099576 ape=0.5512
[17:52:30] warmStart (decay=exponential) 0% (2/998) regret=0.099576 ape=0.5512
[17:52:31] warmStart (decay=exponential) 0% (3/998) regret=0.099576 ape=0.5512
[17:52:31] warmStart (decay=exponential) 0% (4/998) regret=0.099576 ape=0.5512
[17:52:31] warmStart (decay=exponential) 0% (5/998) regret=0.099576 ape=0.5512
[17:52:31] warmStart (decay=exponential) 0% (6/998) regret=0.099576 ape=0.5512
[17:52:32] warmStart (decay=exponential) 0% (7/998) regret=0.099576 ape=0.5512
[17:52:32] warmStart (decay=exponential) 0% (8/998) regret=0.099143 ape=0.5502
[17:52:32] warmStart (decay=exponential) 0% (9/998) regret=0.099143 ape=0.5502
[17:52:32] warmStart (decay=exponential) 1% (10/998) regret=0.099143 ape=0.5502
[17:52:33] warmStart (decay=exponential) 1% (11/998) regret=0.099143 ape=0.5502
[17:52:33] warmStart (decay=exponential) 1% (12/998) regret=0.099143 ape=0.5502
[17:52:33] warmStart (decay=exponential) 1% (13/998) regret=0.099143 ape=0.5502
[17:52:34] warmStart (decay=exponential) 1% (14/998) regret=0.099143 ape=0.5502
[17:52:34] warmStart (decay=exponential) 1% (15/998) regret=0.099143 ape=0.5502
[17:52:34] warmStart (decay=exponential) 1% (16/998) regret=0.099143 ape=0.5502
[17:52:35] warmStart (decay=exponential) 1% (17/998) regret=0.099143 ape=0.5502
[17:52:35] warmStart (decay=exponential) 1% (18/998) regret=0.099143 ape=0.5502
[17:52:35] warmStart (decay=exponential) 1% (19/998) regret=0.099143 ape=0.5502
[17:52:36] warmStart (decay=exponential) 2% (20/998) regret=0.099143 ape=0.5502
[17:52:36] warmStart (decay=exponential) 2% (21/998) regret=0.099143 ape=0.5502
[17:52:36] warmStart (decay=exponential) 2% (22/998) regret=0.099143 ape=0.5502
[17:52:36] warmStart (decay=exponential) 2% (23/998) regret=0.099170 ape=0.5512
[17:52:37] warmStart (decay=exponential) 2% (24/998) regret=0.099170 ape=0.5512
[17:52:37] warmStart (decay=exponential) 2% (25/998) regret=0.099168 ape=0.5512
[17:52:37] warmStart (decay=exponential) 2% (26/998) regret=0.099143 ape=0.5502
[17:52:38] warmStart (decay=exponential) 2% (27/998) regret=0.099143 ape=0.5502
[17:52:38] warmStart (decay=exponential) 2% (28/998) regret=0.099143 ape=0.5502
[17:52:38] warmStart (decay=exponential) 2% (29/998) regret=0.099143 ape=0.5502
[17:52:38] warmStart (decay=exponential) 3% (30/998) regret=0.099143 ape=0.5502
[17:52:39] warmStart (decay=exponential) 3% (31/998) regret=0.099143 ape=0.5502
[17:52:39] warmStart (decay=exponential) 3% (32/998) regret=0.099143 ape=0.5502
[17:52:39] warmStart (decay=exponential) 3% (33/998) regret=0.099143 ape=0.5502
[17:52:39] warmStart (decay=exponential) 3% (34/998) regret=0.099143 ape=0.5502
[17:52:40] warmStart (decay=exponential) 3% (35/998) regret=0.099143 ape=0.5502
[17:52:40] warmStart (decay=exponential) 3% (36/998) regret=0.099143 ape=0.5502
[17:52:40] warmStart (decay=exponential) 3% (37/998) regret=0.099143 ape=0.5502
[17:52:40] warmStart (decay=exponential) 3% (38/998) regret=0.099143 ape=0.5502
[17:52:41] warmStart (decay=exponential) 3% (39/998) regret=0.099143 ape=0.5502
[17:52:41] warmStart (decay=exponential) 4% (40/998) regret=0.099143 ape=0.5502
[17:52:41] warmStart (decay=exponential) 4% (41/998) regret=0.099143 ape=0.5502
[17:52:41] warmStart (decay=exponential) 4% (42/998) regret=0.099143 ape=0.5502
[17:52:42] warmStart (decay=exponential) 4% (43/998) regret=0.099143 ape=0.5502
[17:52:42] warmStart (decay=exponential) 4% (44/998) regret=0.099143 ape=0.5502
[17:52:42] warmStart (decay=exponential) 4% (45/998) regret=0.099143 ape=0.5502
[17:52:42] warmStart (decay=exponential) 4% (46/998) regret=0.099143 ape=0.5502
[17:52:43] warmStart (decay=exponential) 4% (47/998) regret=0.099143 ape=0.5502
[17:52:43] warmStart (decay=exponential) 4% (48/998) regret=0.099143 ape=0.5502
[17:52:43] warmStart (decay=exponential) 4% (49/998) regret=0.099143 ape=0.5502
[17:52:44] warmStart (decay=exponential) 5% (50/998) regret=0.099143 ape=0.5502
[17:52:44] warmStart (decay=exponential) 5% (51/998) regret=0.099143 ape=0.5502
[17:52:44] warmStart (decay=exponential) 5% (52/998) regret=0.099143 ape=0.5502
[17:52:44] warmStart (decay=exponential) 5% (53/998) regret=0.099143 ape=0.5502
[17:52:45] warmStart (decay=exponential) 5% (54/998) regret=0.099143 ape=0.5502
[17:52:45] warmStart (decay=exponential) 5% (55/998) regret=0.099143 ape=0.5502
[17:52:45] warmStart (decay=exponential) 5% (56/998) regret=0.099143 ape=0.5502
[17:52:46] warmStart (decay=exponential) 5% (57/998) regret=0.099143 ape=0.5502
[17:52:46] warmStart (decay=exponential) 5% (58/998) regret=0.099143 ape=0.5502
[17:52:46] warmStart (decay=exponential) 5% (59/998) regret=0.099143 ape=0.5502
[17:52:46] warmStart (decay=exponential) 6% (60/998) regret=0.099143 ape=0.5502
[17:52:47] warmStart (decay=exponential) 6% (61/998) regret=0.099143 ape=0.5502
[17:52:47] warmStart (decay=exponential) 6% (62/998) regret=0.099143 ape=0.5502
[17:52:47] warmStart (decay=exponential) 6% (63/998) regret=0.099143 ape=0.5502
[17:52:47] warmStart (decay=exponential) 6% (64/998) regret=0.099143 ape=0.5502
[17:52:48] warmStart (decay=exponential) 6% (65/998) regret=0.099143 ape=0.5502
[17:52:48] warmStart (decay=exponential) 6% (66/998) regret=0.099143 ape=0.5502
[17:52:48] warmStart (decay=exponential) 6% (67/998) regret=0.099143 ape=0.5502
[17:52:48] warmStart (decay=exponential) 6% (68/998) regret=0.099143 ape=0.5502
[17:52:49] warmStart (decay=exponential) 6% (69/998) regret=0.099143 ape=0.5502
[17:52:49] warmStart (decay=exponential) 7% (70/998) regret=0.099143 ape=0.5502
[17:52:49] warmStart (decay=exponential) 7% (71/998) regret=0.099143 ape=0.5502
[17:52:50] warmStart (decay=exponential) 7% (72/998) regret=0.099160 ape=0.5502
[17:52:50] warmStart (decay=exponential) 7% (73/998) regret=0.099205 ape=0.5502
[17:52:50] warmStart (decay=exponential) 7% (74/998) regret=0.099160 ape=0.5502
[17:52:50] warmStart (decay=exponential) 7% (75/998) regret=0.099160 ape=0.5502
[17:52:51] warmStart (decay=exponential) 7% (76/998) regret=0.099160 ape=0.5502
[17:52:51] warmStart (decay=exponential) 7% (77/998) regret=0.099160 ape=0.5502
[17:52:51] warmStart (decay=exponential) 7% (78/998) regret=0.099158 ape=0.5502
[17:52:51] warmStart (decay=exponential) 7% (79/998) regret=0.099158 ape=0.5502
[17:52:51] warmStart (decay=exponential) 8% (80/998) regret=0.099158 ape=0.5502
[17:52:52] warmStart (decay=exponential) 8% (81/998) regret=0.099158 ape=0.5502
[17:52:52] warmStart (decay=exponential) 8% (82/998) regret=0.099158 ape=0.5502
[17:52:52] warmStart (decay=exponential) 8% (83/998) regret=0.099158 ape=0.5502
[17:52:53] warmStart (decay=exponential) 8% (84/998) regret=0.099158 ape=0.5502
[17:52:53] warmStart (decay=exponential) 8% (85/998) regret=0.099140 ape=0.5493
[17:52:53] warmStart (decay=exponential) 8% (86/998) regret=0.099140 ape=0.5493
[17:52:53] warmStart (decay=exponential) 8% (87/998) regret=0.099140 ape=0.5493
[17:52:54] warmStart (decay=exponential) 8% (88/998) regret=0.099140 ape=0.5493
[17:52:54] warmStart (decay=exponential) 8% (89/998) regret=0.099140 ape=0.5493
[17:52:54] warmStart (decay=exponential) 9% (90/998) regret=0.099140 ape=0.5493
[17:52:54] warmStart (decay=exponential) 9% (91/998) regret=0.099140 ape=0.5493
[17:52:55] warmStart (decay=exponential) 9% (92/998) regret=0.099140 ape=0.5493
[17:52:55] warmStart (decay=exponential) 9% (93/998) regret=0.099140 ape=0.5493
[17:52:55] warmStart (decay=exponential) 9% (94/998) regret=0.099140 ape=0.5493
[17:52:55] warmStart (decay=exponential) 9% (95/998) regret=0.099140 ape=0.5493
[17:52:56] warmStart (decay=exponential) 9% (96/998) regret=0.099140 ape=0.5493
[17:52:56] warmStart (decay=exponential) 9% (97/998) regret=0.099140 ape=0.5493
[17:52:56] warmStart (decay=exponential) 9% (98/998) regret=0.099140 ape=0.5493
[17:52:57] warmStart (decay=exponential) 9% (99/998) regret=0.099140 ape=0.5493
[17:52:57] warmStart (decay=exponential) 10% (100/998) regret=0.099140 ape=0.5493
[17:52:57] warmStart (decay=exponential) 10% (101/998) regret=0.099140 ape=0.5493
[17:52:57] warmStart (decay=exponential) 10% (102/998) regret=0.099140 ape=0.5493
[17:52:57] warmStart (decay=exponential) 10% (103/998) regret=0.099140 ape=0.5493
[17:52:58] warmStart (decay=exponential) 10% (104/998) regret=0.099140 ape=0.5493
[17:52:58] warmStart (decay=exponential) 10% (105/998) regret=0.099140 ape=0.5493
[17:52:58] warmStart (decay=exponential) 10% (106/998) regret=0.099140 ape=0.5493
[17:52:58] warmStart (decay=exponential) 10% (107/998) regret=0.099140 ape=0.5493
[17:52:59] warmStart (decay=exponential) 10% (108/998) regret=0.099140 ape=0.5493
[17:52:59] warmStart (decay=exponential) 10% (109/998) regret=0.099140 ape=0.5493
[17:52:59] warmStart (decay=exponential) 11% (110/998) regret=0.099140 ape=0.5493
[17:53:00] warmStart (decay=exponential) 11% (111/998) regret=0.099140 ape=0.5493
[17:53:00] warmStart (decay=exponential) 11% (112/998) regret=0.099140 ape=0.5493
[17:53:00] warmStart (decay=exponential) 11% (113/998) regret=0.099140 ape=0.5493
[17:53:00] warmStart (decay=exponential) 11% (114/998) regret=0.099140 ape=0.5493
[17:53:01] warmStart (decay=exponential) 11% (115/998) regret=0.099140 ape=0.5493
[17:53:01] warmStart (decay=exponential) 11% (116/998) regret=0.099140 ape=0.5493
[17:53:01] warmStart (decay=exponential) 11% (117/998) regret=0.099140 ape=0.5493
[17:53:01] warmStart (decay=exponential) 11% (118/998) regret=0.099140 ape=0.5493
[17:53:02] warmStart (decay=exponential) 11% (119/998) regret=0.099140 ape=0.5493
[17:53:02] warmStart (decay=exponential) 12% (120/998) regret=0.099140 ape=0.5493
[17:53:02] warmStart (decay=exponential) 12% (121/998) regret=0.099140 ape=0.5493
[17:53:02] warmStart (decay=exponential) 12% (122/998) regret=0.099140 ape=0.5493
[17:53:03] warmStart (decay=exponential) 12% (123/998) regret=0.099140 ape=0.5493
[17:53:03] warmStart (decay=exponential) 12% (124/998) regret=0.099140 ape=0.5493
[17:53:03] warmStart (decay=exponential) 12% (125/998) regret=0.099140 ape=0.5493
[17:53:03] warmStart (decay=exponential) 12% (126/998) regret=0.099140 ape=0.5493
[17:53:03] warmStart (decay=exponential) 12% (127/998) regret=0.099140 ape=0.5493
[17:53:04] warmStart (decay=exponential) 12% (128/998) regret=0.099140 ape=0.5493
[17:53:04] warmStart (decay=exponential) 12% (129/998) regret=0.099140 ape=0.5493
[17:53:04] warmStart (decay=exponential) 13% (130/998) regret=0.099140 ape=0.5493
[17:53:04] warmStart (decay=exponential) 13% (131/998) regret=0.099140 ape=0.5493
[17:53:04] warmStart (decay=exponential) 13% (132/998) regret=0.099140 ape=0.5493
[17:53:05] warmStart (decay=exponential) 13% (133/998) regret=0.099140 ape=0.5493
[17:53:05] warmStart (decay=exponential) 13% (134/998) regret=0.099140 ape=0.5493
[17:53:05] warmStart (decay=exponential) 13% (135/998) regret=0.099140 ape=0.5493
[17:53:05] warmStart (decay=exponential) 13% (136/998) regret=0.099140 ape=0.5493
[17:53:05] warmStart (decay=exponential) 13% (137/998) regret=0.099140 ape=0.5493
[17:53:06] warmStart (decay=exponential) 13% (138/998) regret=0.099140 ape=0.5493
[17:53:06] warmStart (decay=exponential) 13% (139/998) regret=0.099140 ape=0.5493
[17:53:06] warmStart (decay=exponential) 14% (140/998) regret=0.099140 ape=0.5493
[17:53:06] warmStart (decay=exponential) 14% (141/998) regret=0.099140 ape=0.5493
[17:53:07] warmStart (decay=exponential) 14% (142/998) regret=0.099140 ape=0.5493
[17:53:07] warmStart (decay=exponential) 14% (143/998) regret=0.099140 ape=0.5493
[17:53:07] warmStart (decay=exponential) 14% (144/998) regret=0.099140 ape=0.5493
[17:53:07] warmStart (decay=exponential) 14% (145/998) regret=0.099140 ape=0.5493
[17:53:08] warmStart (decay=exponential) 14% (146/998) regret=0.099140 ape=0.5493
[17:53:08] warmStart (decay=exponential) 14% (147/998) regret=0.099140 ape=0.5493
[17:53:08] warmStart (decay=exponential) 14% (148/998) regret=0.099140 ape=0.5493
[17:53:08] warmStart (decay=exponential) 14% (149/998) regret=0.099140 ape=0.5493
[17:53:09] warmStart (decay=exponential) 15% (150/998) regret=0.099140 ape=0.5493
[17:53:09] warmStart (decay=exponential) 15% (151/998) regret=0.099140 ape=0.5493
[17:53:09] warmStart (decay=exponential) 15% (152/998) regret=0.099140 ape=0.5493
[17:53:09] warmStart (decay=exponential) 15% (153/998) regret=0.099140 ape=0.5493
[17:53:10] warmStart (decay=exponential) 15% (154/998) regret=0.099140 ape=0.5493
[17:53:10] warmStart (decay=exponential) 15% (155/998) regret=0.099140 ape=0.5493
[17:53:10] warmStart (decay=exponential) 15% (156/998) regret=0.099140 ape=0.5493
[17:53:11] warmStart (decay=exponential) 15% (157/998) regret=0.099140 ape=0.5493
[17:53:11] warmStart (decay=exponential) 15% (158/998) regret=0.099140 ape=0.5493
[17:53:11] warmStart (decay=exponential) 15% (159/998) regret=0.099140 ape=0.5493
[17:53:11] warmStart (decay=exponential) 16% (160/998) regret=0.099140 ape=0.5493
[17:53:12] warmStart (decay=exponential) 16% (161/998) regret=0.099140 ape=0.5493
[17:53:12] warmStart (decay=exponential) 16% (162/998) regret=0.099140 ape=0.5493
[17:53:12] warmStart (decay=exponential) 16% (163/998) regret=0.099140 ape=0.5493
[17:53:12] warmStart (decay=exponential) 16% (164/998) regret=0.099140 ape=0.5493
[17:53:13] warmStart (decay=exponential) 16% (165/998) regret=0.099176 ape=0.5493
[17:53:13] warmStart (decay=exponential) 16% (166/998) regret=0.099176 ape=0.5493
[17:53:13] warmStart (decay=exponential) 16% (167/998) regret=0.099176 ape=0.5493
[17:53:13] warmStart (decay=exponential) 16% (168/998) regret=0.099176 ape=0.5493
[17:53:14] warmStart (decay=exponential) 16% (169/998) regret=0.099176 ape=0.5493
[17:53:14] warmStart (decay=exponential) 17% (170/998) regret=0.099130 ape=0.5493
[17:53:14] warmStart (decay=exponential) 17% (171/998) regret=0.099130 ape=0.5493
[17:53:14] warmStart (decay=exponential) 17% (172/998) regret=0.099130 ape=0.5493
[17:53:15] warmStart (decay=exponential) 17% (173/998) regret=0.099130 ape=0.5493
[17:53:15] warmStart (decay=exponential) 17% (174/998) regret=0.099130 ape=0.5493
[17:53:15] warmStart (decay=exponential) 17% (175/998) regret=0.099130 ape=0.5493
[17:53:15] warmStart (decay=exponential) 17% (176/998) regret=0.099130 ape=0.5493
[17:53:16] warmStart (decay=exponential) 17% (177/998) regret=0.099130 ape=0.5493
[17:53:16] warmStart (decay=exponential) 17% (178/998) regret=0.099130 ape=0.5493
[17:53:16] warmStart (decay=exponential) 17% (179/998) regret=0.099130 ape=0.5493
[17:53:17] warmStart (decay=exponential) 18% (180/998) regret=0.099130 ape=0.5493
[17:53:17] warmStart (decay=exponential) 18% (181/998) regret=0.099130 ape=0.5493
[17:53:17] warmStart (decay=exponential) 18% (182/998) regret=0.099084 ape=0.5484
[17:53:17] warmStart (decay=exponential) 18% (183/998) regret=0.099084 ape=0.5484
[17:53:18] warmStart (decay=exponential) 18% (184/998) regret=0.099167 ape=0.5493
[17:53:18] warmStart (decay=exponential) 18% (185/998) regret=0.099130 ape=0.5493
[17:53:18] warmStart (decay=exponential) 18% (186/998) regret=0.099130 ape=0.5493
[17:53:18] warmStart (decay=exponential) 18% (187/998) regret=0.099084 ape=0.5484
[17:53:19] warmStart (decay=exponential) 18% (188/998) regret=0.099084 ape=0.5484
[17:53:19] warmStart (decay=exponential) 18% (189/998) regret=0.099084 ape=0.5484
[17:53:19] warmStart (decay=exponential) 19% (190/998) regret=0.099094 ape=0.5493
[17:53:19] warmStart (decay=exponential) 19% (191/998) regret=0.099084 ape=0.5484
[17:53:20] warmStart (decay=exponential) 19% (192/998) regret=0.099084 ape=0.5484
[17:53:20] warmStart (decay=exponential) 19% (193/998) regret=0.099094 ape=0.5493
[17:53:20] warmStart (decay=exponential) 19% (194/998) regret=0.099094 ape=0.5493
[17:53:21] warmStart (decay=exponential) 19% (195/998) regret=0.099084 ape=0.5484
[17:53:21] warmStart (decay=exponential) 19% (196/998) regret=0.099084 ape=0.5484
[17:53:21] warmStart (decay=exponential) 19% (197/998) regret=0.099084 ape=0.5484
[17:53:21] warmStart (decay=exponential) 19% (198/998) regret=0.099084 ape=0.5484
[17:53:22] warmStart (decay=exponential) 19% (199/998) regret=0.099084 ape=0.5484
[17:53:22] warmStart (decay=exponential) 20% (200/998) regret=0.099082 ape=0.5484
[17:53:22] warmStart (decay=exponential) 20% (201/998) regret=0.099088 ape=0.5484
[17:53:23] warmStart (decay=exponential) 20% (202/998) regret=0.099080 ape=0.5475
[17:53:23] warmStart (decay=exponential) 20% (203/998) regret=0.099082 ape=0.5484
[17:53:23] warmStart (decay=exponential) 20% (204/998) regret=0.099082 ape=0.5484
[17:53:23] warmStart (decay=exponential) 20% (205/998) regret=0.099089 ape=0.5484
[17:53:24] warmStart (decay=exponential) 20% (206/998) regret=0.099089 ape=0.5484
[17:53:24] warmStart (decay=exponential) 20% (207/998) regret=0.099089 ape=0.5484
[17:53:24] warmStart (decay=exponential) 20% (208/998) regret=0.099089 ape=0.5484
[17:53:24] warmStart (decay=exponential) 20% (209/998) regret=0.099089 ape=0.5484
[17:53:25] warmStart (decay=exponential) 21% (210/998) regret=0.099089 ape=0.5484
[17:53:25] warmStart (decay=exponential) 21% (211/998) regret=0.099089 ape=0.5484
[17:53:25] warmStart (decay=exponential) 21% (212/998) regret=0.099089 ape=0.5484
[17:53:25] warmStart (decay=exponential) 21% (213/998) regret=0.099089 ape=0.5484
[17:53:26] warmStart (decay=exponential) 21% (214/998) regret=0.099089 ape=0.5484
[17:53:26] warmStart (decay=exponential) 21% (215/998) regret=0.099089 ape=0.5484
[17:53:26] warmStart (decay=exponential) 21% (216/998) regret=0.099089 ape=0.5484
[17:53:26] warmStart (decay=exponential) 21% (217/998) regret=0.099088 ape=0.5484
[17:53:27] warmStart (decay=exponential) 21% (218/998) regret=0.099088 ape=0.5484
[17:53:27] warmStart (decay=exponential) 21% (219/998) regret=0.099088 ape=0.5484
[17:53:27] warmStart (decay=exponential) 22% (220/998) regret=0.099088 ape=0.5484
[17:53:27] warmStart (decay=exponential) 22% (221/998) regret=0.099088 ape=0.5484
[17:53:27] warmStart (decay=exponential) 22% (222/998) regret=0.099088 ape=0.5484
[17:53:28] warmStart (decay=exponential) 22% (223/998) regret=0.099088 ape=0.5484
[17:53:28] warmStart (decay=exponential) 22% (224/998) regret=0.099088 ape=0.5484
[17:53:28] warmStart (decay=exponential) 22% (225/998) regret=0.099088 ape=0.5484
[17:53:28] warmStart (decay=exponential) 22% (226/998) regret=0.099088 ape=0.5484
[17:53:29] warmStart (decay=exponential) 22% (227/998) regret=0.099088 ape=0.5484
[17:53:29] warmStart (decay=exponential) 22% (228/998) regret=0.099088 ape=0.5484
[17:53:29] warmStart (decay=exponential) 22% (229/998) regret=0.099088 ape=0.5484
[17:53:29] warmStart (decay=exponential) 23% (230/998) regret=0.099088 ape=0.5484
[17:53:30] warmStart (decay=exponential) 23% (231/998) regret=0.099088 ape=0.5484
[17:53:30] warmStart (decay=exponential) 23% (232/998) regret=0.099088 ape=0.5484
[17:53:30] warmStart (decay=exponential) 23% (233/998) regret=0.099088 ape=0.5484
[17:53:30] warmStart (decay=exponential) 23% (234/998) regret=0.099088 ape=0.5484
[17:53:31] warmStart (decay=exponential) 23% (235/998) regret=0.099088 ape=0.5484
[17:53:31] warmStart (decay=exponential) 23% (236/998) regret=0.099088 ape=0.5484
[17:53:31] warmStart (decay=exponential) 23% (237/998) regret=0.099088 ape=0.5484
[17:53:31] warmStart (decay=exponential) 23% (238/998) regret=0.099088 ape=0.5484
[17:53:32] warmStart (decay=exponential) 23% (239/998) regret=0.099088 ape=0.5484
[17:53:32] warmStart (decay=exponential) 24% (240/998) regret=0.099088 ape=0.5484
[17:53:32] warmStart (decay=exponential) 24% (241/998) regret=0.099088 ape=0.5484
[17:53:33] warmStart (decay=exponential) 24% (242/998) regret=0.099088 ape=0.5484
[17:53:33] warmStart (decay=exponential) 24% (243/998) regret=0.099088 ape=0.5484
[17:53:33] warmStart (decay=exponential) 24% (244/998) regret=0.099088 ape=0.5484
[17:53:33] warmStart (decay=exponential) 24% (245/998) regret=0.099088 ape=0.5484
[17:53:33] warmStart (decay=exponential) 24% (246/998) regret=0.099088 ape=0.5484
[17:53:34] warmStart (decay=exponential) 24% (247/998) regret=0.099080 ape=0.5475
[17:53:34] warmStart (decay=exponential) 24% (248/998) regret=0.099080 ape=0.5475
[17:53:34] warmStart (decay=exponential) 24% (249/998) regret=0.099080 ape=0.5475
[17:53:35] warmStart (decay=exponential) 25% (250/998) regret=0.099080 ape=0.5475
[17:53:35] warmStart (decay=exponential) 25% (251/998) regret=0.099080 ape=0.5475
[17:53:35] warmStart (decay=exponential) 25% (252/998) regret=0.099080 ape=0.5475
[17:53:35] warmStart (decay=exponential) 25% (253/998) regret=0.099080 ape=0.5475
[17:53:36] warmStart (decay=exponential) 25% (254/998) regret=0.099080 ape=0.5475
[17:53:36] warmStart (decay=exponential) 25% (255/998) regret=0.099080 ape=0.5475
[17:53:36] warmStart (decay=exponential) 25% (256/998) regret=0.099082 ape=0.5484
[17:53:36] warmStart (decay=exponential) 25% (257/998) regret=0.099080 ape=0.5475
[17:53:37] warmStart (decay=exponential) 25% (258/998) regret=0.099082 ape=0.5484
[17:53:37] warmStart (decay=exponential) 25% (259/998) regret=0.099080 ape=0.5475
[17:53:37] warmStart (decay=exponential) 26% (260/998) regret=0.099080 ape=0.5475
[17:53:37] warmStart (decay=exponential) 26% (261/998) regret=0.099080 ape=0.5475
[17:53:38] warmStart (decay=exponential) 26% (262/998) regret=0.099082 ape=0.5484
[17:53:38] warmStart (decay=exponential) 26% (263/998) regret=0.099080 ape=0.5475
[17:53:38] warmStart (decay=exponential) 26% (264/998) regret=0.099080 ape=0.5475
[17:53:38] warmStart (decay=exponential) 26% (265/998) regret=0.099080 ape=0.5475
[17:53:39] warmStart (decay=exponential) 26% (266/998) regret=0.099080 ape=0.5475
[17:53:39] warmStart (decay=exponential) 26% (267/998) regret=0.099080 ape=0.5475
[17:53:39] warmStart (decay=exponential) 26% (268/998) regret=0.099080 ape=0.5475
[17:53:40] warmStart (decay=exponential) 26% (269/998) regret=0.099080 ape=0.5475
[17:53:40] warmStart (decay=exponential) 27% (270/998) regret=0.099088 ape=0.5484
[17:53:40] warmStart (decay=exponential) 27% (271/998) regret=0.099089 ape=0.5484
[17:53:40] warmStart (decay=exponential) 27% (272/998) regret=0.099089 ape=0.5484
[17:53:41] warmStart (decay=exponential) 27% (273/998) regret=0.099089 ape=0.5484
[17:53:41] warmStart (decay=exponential) 27% (274/998) regret=0.099089 ape=0.5484
[17:53:41] warmStart (decay=exponential) 27% (275/998) regret=0.099089 ape=0.5484
[17:53:41] warmStart (decay=exponential) 27% (276/998) regret=0.099089 ape=0.5484
[17:53:42] warmStart (decay=exponential) 27% (277/998) regret=0.099089 ape=0.5484
[17:53:42] warmStart (decay=exponential) 27% (278/998) regret=0.099089 ape=0.5484
[17:53:42] warmStart (decay=exponential) 27% (279/998) regret=0.099089 ape=0.5484
[17:53:42] warmStart (decay=exponential) 28% (280/998) regret=0.099089 ape=0.5484
[17:53:43] warmStart (decay=exponential) 28% (281/998) regret=0.099089 ape=0.5484
[17:53:43] warmStart (decay=exponential) 28% (282/998) regret=0.099089 ape=0.5484
[17:53:43] warmStart (decay=exponential) 28% (283/998) regret=0.099089 ape=0.5484
[17:53:43] warmStart (decay=exponential) 28% (284/998) regret=0.099089 ape=0.5484
[17:53:44] warmStart (decay=exponential) 28% (285/998) regret=0.099089 ape=0.5484
[17:53:44] warmStart (decay=exponential) 28% (286/998) regret=0.099089 ape=0.5484
[17:53:44] warmStart (decay=exponential) 28% (287/998) regret=0.099089 ape=0.5484
[17:53:45] warmStart (decay=exponential) 28% (288/998) regret=0.099089 ape=0.5484
[17:53:45] warmStart (decay=exponential) 28% (289/998) regret=0.099089 ape=0.5484
[17:53:45] warmStart (decay=exponential) 29% (290/998) regret=0.099089 ape=0.5484
[17:53:45] warmStart (decay=exponential) 29% (291/998) regret=0.099089 ape=0.5484
[17:53:46] warmStart (decay=exponential) 29% (292/998) regret=0.099089 ape=0.5484
[17:53:46] warmStart (decay=exponential) 29% (293/998) regret=0.099089 ape=0.5484
[17:53:46] warmStart (decay=exponential) 29% (294/998) regret=0.099089 ape=0.5484
[17:53:46] warmStart (decay=exponential) 29% (295/998) regret=0.099089 ape=0.5484
[17:53:47] warmStart (decay=exponential) 29% (296/998) regret=0.099089 ape=0.5484
[17:53:47] warmStart (decay=exponential) 29% (297/998) regret=0.099089 ape=0.5484
[17:53:47] warmStart (decay=exponential) 29% (298/998) regret=0.099089 ape=0.5484
[17:53:47] warmStart (decay=exponential) 29% (299/998) regret=0.099089 ape=0.5484
[17:53:48] warmStart (decay=exponential) 30% (300/998) regret=0.099089 ape=0.5484
[17:53:48] warmStart (decay=exponential) 30% (301/998) regret=0.099089 ape=0.5484
[17:53:48] warmStart (decay=exponential) 30% (302/998) regret=0.099089 ape=0.5484
[17:53:48] warmStart (decay=exponential) 30% (303/998) regret=0.099089 ape=0.5484
[17:53:49] warmStart (decay=exponential) 30% (304/998) regret=0.099089 ape=0.5484
[17:53:49] warmStart (decay=exponential) 30% (305/998) regret=0.099089 ape=0.5484
[17:53:49] warmStart (decay=exponential) 30% (306/998) regret=0.099089 ape=0.5484
[17:53:49] warmStart (decay=exponential) 30% (307/998) regret=0.099089 ape=0.5484
[17:53:50] warmStart (decay=exponential) 30% (308/998) regret=0.099089 ape=0.5484
[17:53:50] warmStart (decay=exponential) 30% (309/998) regret=0.099089 ape=0.5484
[17:53:50] warmStart (decay=exponential) 31% (310/998) regret=0.099080 ape=0.5475
[17:53:50] warmStart (decay=exponential) 31% (311/998) regret=0.099080 ape=0.5475
[17:53:51] warmStart (decay=exponential) 31% (312/998) regret=0.099080 ape=0.5475
[17:53:51] warmStart (decay=exponential) 31% (313/998) regret=0.099080 ape=0.5475
[17:53:51] warmStart (decay=exponential) 31% (314/998) regret=0.099080 ape=0.5475
[17:53:51] warmStart (decay=exponential) 31% (315/998) regret=0.099080 ape=0.5475
[17:53:52] warmStart (decay=exponential) 31% (316/998) regret=0.099080 ape=0.5475
[17:53:52] warmStart (decay=exponential) 31% (317/998) regret=0.099080 ape=0.5475
[17:53:52] warmStart (decay=exponential) 31% (318/998) regret=0.099089 ape=0.5484
[17:53:52] warmStart (decay=exponential) 31% (319/998) regret=0.099084 ape=0.5484
[17:53:53] warmStart (decay=exponential) 32% (320/998) regret=0.099084 ape=0.5484
[17:53:53] warmStart (decay=exponential) 32% (321/998) regret=0.099084 ape=0.5484
[17:53:53] warmStart (decay=exponential) 32% (322/998) regret=0.099084 ape=0.5484
[17:53:54] warmStart (decay=exponential) 32% (323/998) regret=0.099084 ape=0.5484
[17:53:54] warmStart (decay=exponential) 32% (324/998) regret=0.099084 ape=0.5484
[17:53:54] warmStart (decay=exponential) 32% (325/998) regret=0.099084 ape=0.5484
[17:53:54] warmStart (decay=exponential) 32% (326/998) regret=0.099080 ape=0.5475
[17:53:55] warmStart (decay=exponential) 32% (327/998) regret=0.099080 ape=0.5475
[17:53:55] warmStart (decay=exponential) 32% (328/998) regret=0.099080 ape=0.5475
[17:53:55] warmStart (decay=exponential) 32% (329/998) regret=0.099080 ape=0.5475
[17:53:55] warmStart (decay=exponential) 33% (330/998) regret=0.099080 ape=0.5475
[17:53:56] warmStart (decay=exponential) 33% (331/998) regret=0.099080 ape=0.5475
[17:53:56] warmStart (decay=exponential) 33% (332/998) regret=0.099080 ape=0.5475
[17:53:56] warmStart (decay=exponential) 33% (333/998) regret=0.099080 ape=0.5475
[17:53:56] warmStart (decay=exponential) 33% (334/998) regret=0.099080 ape=0.5475
[17:53:57] warmStart (decay=exponential) 33% (335/998) regret=0.099080 ape=0.5475
[17:53:57] warmStart (decay=exponential) 33% (336/998) regret=0.099080 ape=0.5475
[17:53:57] warmStart (decay=exponential) 33% (337/998) regret=0.099080 ape=0.5475
[17:53:58] warmStart (decay=exponential) 33% (338/998) regret=0.099080 ape=0.5475
[17:53:58] warmStart (decay=exponential) 33% (339/998) regret=0.099080 ape=0.5475
[17:53:58] warmStart (decay=exponential) 34% (340/998) regret=0.099080 ape=0.5475
[17:53:58] warmStart (decay=exponential) 34% (341/998) regret=0.099080 ape=0.5475
[17:53:59] warmStart (decay=exponential) 34% (342/998) regret=0.099080 ape=0.5475
[17:53:59] warmStart (decay=exponential) 34% (343/998) regret=0.099080 ape=0.5475
[17:53:59] warmStart (decay=exponential) 34% (344/998) regret=0.099080 ape=0.5475
[17:53:59] warmStart (decay=exponential) 34% (345/998) regret=0.099080 ape=0.5475
[17:54:00] warmStart (decay=exponential) 34% (346/998) regret=0.099080 ape=0.5475
[17:54:00] warmStart (decay=exponential) 34% (347/998) regret=0.099080 ape=0.5475
[17:54:00] warmStart (decay=exponential) 34% (348/998) regret=0.099080 ape=0.5475
[17:54:01] warmStart (decay=exponential) 34% (349/998) regret=0.099080 ape=0.5475
[17:54:01] warmStart (decay=exponential) 35% (350/998) regret=0.099080 ape=0.5475
[17:54:01] warmStart (decay=exponential) 35% (351/998) regret=0.099080 ape=0.5475
[17:54:01] warmStart (decay=exponential) 35% (352/998) regret=0.099084 ape=0.5484
[17:54:02] warmStart (decay=exponential) 35% (353/998) regret=0.099080 ape=0.5475
[17:54:02] warmStart (decay=exponential) 35% (354/998) regret=0.099080 ape=0.5475
[17:54:02] warmStart (decay=exponential) 35% (355/998) regret=0.099084 ape=0.5484
[17:54:02] warmStart (decay=exponential) 35% (356/998) regret=0.099080 ape=0.5475
[17:54:03] warmStart (decay=exponential) 35% (357/998) regret=0.099080 ape=0.5475
[17:54:03] warmStart (decay=exponential) 35% (358/998) regret=0.099080 ape=0.5475
[17:54:03] warmStart (decay=exponential) 35% (359/998) regret=0.099080 ape=0.5475
[17:54:04] warmStart (decay=exponential) 36% (360/998) regret=0.099080 ape=0.5475
[17:54:04] warmStart (decay=exponential) 36% (361/998) regret=0.099080 ape=0.5475
[17:54:04] warmStart (decay=exponential) 36% (362/998) regret=0.099080 ape=0.5475
[17:54:04] warmStart (decay=exponential) 36% (363/998) regret=0.099080 ape=0.5475
[17:54:05] warmStart (decay=exponential) 36% (364/998) regret=0.099080 ape=0.5475
[17:54:05] warmStart (decay=exponential) 36% (365/998) regret=0.099080 ape=0.5475
[17:54:05] warmStart (decay=exponential) 36% (366/998) regret=0.099080 ape=0.5475
[17:54:06] warmStart (decay=exponential) 36% (367/998) regret=0.099080 ape=0.5475
[17:54:06] warmStart (decay=exponential) 36% (368/998) regret=0.099080 ape=0.5475
[17:54:06] warmStart (decay=exponential) 36% (369/998) regret=0.099080 ape=0.5475
[17:54:06] warmStart (decay=exponential) 37% (370/998) regret=0.099080 ape=0.5475
[17:54:07] warmStart (decay=exponential) 37% (371/998) regret=0.099080 ape=0.5475
[17:54:07] warmStart (decay=exponential) 37% (372/998) regret=0.099080 ape=0.5475
[17:54:07] warmStart (decay=exponential) 37% (373/998) regret=0.099080 ape=0.5475
[17:54:07] warmStart (decay=exponential) 37% (374/998) regret=0.099080 ape=0.5475
[17:54:08] warmStart (decay=exponential) 37% (375/998) regret=0.099080 ape=0.5475
[17:54:08] warmStart (decay=exponential) 37% (376/998) regret=0.099080 ape=0.5475
[17:54:08] warmStart (decay=exponential) 37% (377/998) regret=0.099080 ape=0.5475
[17:54:09] warmStart (decay=exponential) 37% (378/998) regret=0.099080 ape=0.5475
[17:54:09] warmStart (decay=exponential) 37% (379/998) regret=0.099080 ape=0.5475
[17:54:09] warmStart (decay=exponential) 38% (380/998) regret=0.099080 ape=0.5475
[17:54:10] warmStart (decay=exponential) 38% (381/998) regret=0.099080 ape=0.5475
[17:54:10] warmStart (decay=exponential) 38% (382/998) regret=0.099080 ape=0.5475
[17:54:10] warmStart (decay=exponential) 38% (383/998) regret=0.099080 ape=0.5475
[17:54:10] warmStart (decay=exponential) 38% (384/998) regret=0.099080 ape=0.5475
[17:54:11] warmStart (decay=exponential) 38% (385/998) regret=0.099080 ape=0.5475
[17:54:11] warmStart (decay=exponential) 38% (386/998) regret=0.099080 ape=0.5475
[17:54:11] warmStart (decay=exponential) 38% (387/998) regret=0.099080 ape=0.5475
[17:54:12] warmStart (decay=exponential) 38% (388/998) regret=0.099080 ape=0.5475
[17:54:12] warmStart (decay=exponential) 38% (389/998) regret=0.099080 ape=0.5475
[17:54:12] warmStart (decay=exponential) 39% (390/998) regret=0.099080 ape=0.5475
[17:54:12] warmStart (decay=exponential) 39% (391/998) regret=0.099080 ape=0.5475
[17:54:12] warmStart (decay=exponential) 39% (392/998) regret=0.099080 ape=0.5475
[17:54:13] warmStart (decay=exponential) 39% (393/998) regret=0.099080 ape=0.5475
[17:54:13] warmStart (decay=exponential) 39% (394/998) regret=0.099080 ape=0.5475
[17:54:13] warmStart (decay=exponential) 39% (395/998) regret=0.099080 ape=0.5475
[17:54:13] warmStart (decay=exponential) 39% (396/998) regret=0.099080 ape=0.5475
[17:54:14] warmStart (decay=exponential) 39% (397/998) regret=0.099080 ape=0.5475
[17:54:14] warmStart (decay=exponential) 39% (398/998) regret=0.099080 ape=0.5475
[17:54:14] warmStart (decay=exponential) 39% (399/998) regret=0.099080 ape=0.5475
[17:54:14] warmStart (decay=exponential) 40% (400/998) regret=0.099080 ape=0.5475
[17:54:15] warmStart (decay=exponential) 40% (401/998) regret=0.099080 ape=0.5475
[17:54:15] warmStart (decay=exponential) 40% (402/998) regret=0.099080 ape=0.5475
[17:54:15] warmStart (decay=exponential) 40% (403/998) regret=0.099080 ape=0.5475
[17:54:16] warmStart (decay=exponential) 40% (404/998) regret=0.099080 ape=0.5475
[17:54:16] warmStart (decay=exponential) 40% (405/998) regret=0.099080 ape=0.5475
[17:54:16] warmStart (decay=exponential) 40% (406/998) regret=0.099080 ape=0.5475
[17:54:16] warmStart (decay=exponential) 40% (407/998) regret=0.099080 ape=0.5475
[17:54:16] warmStart (decay=exponential) 40% (408/998) regret=0.099080 ape=0.5475
[17:54:17] warmStart (decay=exponential) 40% (409/998) regret=0.099080 ape=0.5475
[17:54:17] warmStart (decay=exponential) 41% (410/998) regret=0.099080 ape=0.5475
[17:54:17] warmStart (decay=exponential) 41% (411/998) regret=0.099080 ape=0.5475
[17:54:17] warmStart (decay=exponential) 41% (412/998) regret=0.099080 ape=0.5475
[17:54:18] warmStart (decay=exponential) 41% (413/998) regret=0.099080 ape=0.5475
[17:54:18] warmStart (decay=exponential) 41% (414/998) regret=0.099080 ape=0.5475
[17:54:18] warmStart (decay=exponential) 41% (415/998) regret=0.099080 ape=0.5475
[17:54:18] warmStart (decay=exponential) 41% (416/998) regret=0.099080 ape=0.5475
[17:54:19] warmStart (decay=exponential) 41% (417/998) regret=0.099080 ape=0.5475
[17:54:19] warmStart (decay=exponential) 41% (418/998) regret=0.099080 ape=0.5475
[17:54:19] warmStart (decay=exponential) 41% (419/998) regret=0.099080 ape=0.5475
[17:54:19] warmStart (decay=exponential) 42% (420/998) regret=0.099080 ape=0.5475
[17:54:20] warmStart (decay=exponential) 42% (421/998) regret=0.099080 ape=0.5475
[17:54:20] warmStart (decay=exponential) 42% (422/998) regret=0.099080 ape=0.5475
[17:54:20] warmStart (decay=exponential) 42% (423/998) regret=0.099080 ape=0.5475
[17:54:21] warmStart (decay=exponential) 42% (424/998) regret=0.099080 ape=0.5475
[17:54:21] warmStart (decay=exponential) 42% (425/998) regret=0.099080 ape=0.5475
[17:54:21] warmStart (decay=exponential) 42% (426/998) regret=0.099080 ape=0.5475
[17:54:21] warmStart (decay=exponential) 42% (427/998) regret=0.099080 ape=0.5475
[17:54:22] warmStart (decay=exponential) 42% (428/998) regret=0.099080 ape=0.5475
[17:54:22] warmStart (decay=exponential) 42% (429/998) regret=0.099080 ape=0.5475
[17:54:22] warmStart (decay=exponential) 43% (430/998) regret=0.099080 ape=0.5475
[17:54:22] warmStart (decay=exponential) 43% (431/998) regret=0.099080 ape=0.5475
[17:54:23] warmStart (decay=exponential) 43% (432/998) regret=0.099080 ape=0.5475
[17:54:23] warmStart (decay=exponential) 43% (433/998) regret=0.099080 ape=0.5475
[17:54:23] warmStart (decay=exponential) 43% (434/998) regret=0.099080 ape=0.5475
[17:54:23] warmStart (decay=exponential) 43% (435/998) regret=0.099080 ape=0.5475
[17:54:24] warmStart (decay=exponential) 43% (436/998) regret=0.099080 ape=0.5475
[17:54:24] warmStart (decay=exponential) 43% (437/998) regret=0.099080 ape=0.5475
[17:54:24] warmStart (decay=exponential) 43% (438/998) regret=0.099080 ape=0.5475
[17:54:25] warmStart (decay=exponential) 43% (439/998) regret=0.099080 ape=0.5475
[17:54:25] warmStart (decay=exponential) 44% (440/998) regret=0.099080 ape=0.5475
[17:54:25] warmStart (decay=exponential) 44% (441/998) regret=0.099080 ape=0.5475
[17:54:25] warmStart (decay=exponential) 44% (442/998) regret=0.099080 ape=0.5475
[17:54:26] warmStart (decay=exponential) 44% (443/998) regret=0.099080 ape=0.5475
[17:54:26] warmStart (decay=exponential) 44% (444/998) regret=0.099080 ape=0.5475
[17:54:26] warmStart (decay=exponential) 44% (445/998) regret=0.099080 ape=0.5475
[17:54:27] warmStart (decay=exponential) 44% (446/998) regret=0.099080 ape=0.5475
[17:54:27] warmStart (decay=exponential) 44% (447/998) regret=0.099080 ape=0.5475
[17:54:27] warmStart (decay=exponential) 44% (448/998) regret=0.099080 ape=0.5475
[17:54:27] warmStart (decay=exponential) 44% (449/998) regret=0.099080 ape=0.5475
[17:54:28] warmStart (decay=exponential) 45% (450/998) regret=0.099080 ape=0.5475
[17:54:28] warmStart (decay=exponential) 45% (451/998) regret=0.099080 ape=0.5475
[17:54:28] warmStart (decay=exponential) 45% (452/998) regret=0.099080 ape=0.5475
[17:54:29] warmStart (decay=exponential) 45% (453/998) regret=0.099080 ape=0.5475
[17:54:29] warmStart (decay=exponential) 45% (454/998) regret=0.099080 ape=0.5475
[17:54:29] warmStart (decay=exponential) 45% (455/998) regret=0.099080 ape=0.5475
[17:54:29] warmStart (decay=exponential) 45% (456/998) regret=0.099080 ape=0.5475
[17:54:30] warmStart (decay=exponential) 45% (457/998) regret=0.099080 ape=0.5475
[17:54:30] warmStart (decay=exponential) 45% (458/998) regret=0.099080 ape=0.5475
[17:54:30] warmStart (decay=exponential) 45% (459/998) regret=0.099080 ape=0.5475
[17:54:30] warmStart (decay=exponential) 46% (460/998) regret=0.099080 ape=0.5475
[17:54:31] warmStart (decay=exponential) 46% (461/998) regret=0.099080 ape=0.5475
[17:54:31] warmStart (decay=exponential) 46% (462/998) regret=0.099080 ape=0.5475
[17:54:31] warmStart (decay=exponential) 46% (463/998) regret=0.099080 ape=0.5475
[17:54:32] warmStart (decay=exponential) 46% (464/998) regret=0.099080 ape=0.5475
[17:54:32] warmStart (decay=exponential) 46% (465/998) regret=0.099080 ape=0.5475
[17:54:32] warmStart (decay=exponential) 46% (466/998) regret=0.099080 ape=0.5475
[17:54:32] warmStart (decay=exponential) 46% (467/998) regret=0.099080 ape=0.5475
[17:54:33] warmStart (decay=exponential) 46% (468/998) regret=0.099080 ape=0.5475
[17:54:33] warmStart (decay=exponential) 46% (469/998) regret=0.099080 ape=0.5475
[17:54:33] warmStart (decay=exponential) 47% (470/998) regret=0.099080 ape=0.5475
[17:54:34] warmStart (decay=exponential) 47% (471/998) regret=0.099080 ape=0.5475
[17:54:34] warmStart (decay=exponential) 47% (472/998) regret=0.099080 ape=0.5475
[17:54:34] warmStart (decay=exponential) 47% (473/998) regret=0.099080 ape=0.5475
[17:54:34] warmStart (decay=exponential) 47% (474/998) regret=0.099080 ape=0.5475
[17:54:35] warmStart (decay=exponential) 47% (475/998) regret=0.099080 ape=0.5475
[17:54:35] warmStart (decay=exponential) 47% (476/998) regret=0.099080 ape=0.5475
[17:54:35] warmStart (decay=exponential) 47% (477/998) regret=0.099080 ape=0.5475
[17:54:35] warmStart (decay=exponential) 47% (478/998) regret=0.099080 ape=0.5475
[17:54:36] warmStart (decay=exponential) 47% (479/998) regret=0.099080 ape=0.5475
[17:54:36] warmStart (decay=exponential) 48% (480/998) regret=0.099080 ape=0.5475
[17:54:36] warmStart (decay=exponential) 48% (481/998) regret=0.099080 ape=0.5475
[17:54:36] warmStart (decay=exponential) 48% (482/998) regret=0.099080 ape=0.5475
[17:54:37] warmStart (decay=exponential) 48% (483/998) regret=0.099080 ape=0.5475
[17:54:37] warmStart (decay=exponential) 48% (484/998) regret=0.099080 ape=0.5475
[17:54:37] warmStart (decay=exponential) 48% (485/998) regret=0.099080 ape=0.5475
[17:54:37] warmStart (decay=exponential) 48% (486/998) regret=0.099080 ape=0.5475
[17:54:38] warmStart (decay=exponential) 48% (487/998) regret=0.099080 ape=0.5475
[17:54:38] warmStart (decay=exponential) 48% (488/998) regret=0.099080 ape=0.5475
[17:54:38] warmStart (decay=exponential) 48% (489/998) regret=0.099080 ape=0.5475
[17:54:39] warmStart (decay=exponential) 49% (490/998) regret=0.099080 ape=0.5475
[17:54:39] warmStart (decay=exponential) 49% (491/998) regret=0.099080 ape=0.5475
[17:54:39] warmStart (decay=exponential) 49% (492/998) regret=0.099080 ape=0.5475
[17:54:39] warmStart (decay=exponential) 49% (493/998) regret=0.099080 ape=0.5475
[17:54:40] warmStart (decay=exponential) 49% (494/998) regret=0.099080 ape=0.5475
[17:54:40] warmStart (decay=exponential) 49% (495/998) regret=0.099080 ape=0.5475
[17:54:40] warmStart (decay=exponential) 49% (496/998) regret=0.099080 ape=0.5475
[17:54:41] warmStart (decay=exponential) 49% (497/998) regret=0.099080 ape=0.5475
[17:54:41] warmStart (decay=exponential) 49% (498/998) regret=0.099080 ape=0.5475
[17:54:41] warmStart (decay=exponential) 50% (499/998) regret=0.099080 ape=0.5475
[17:54:41] warmStart (decay=exponential) 50% (500/998) regret=0.099080 ape=0.5475
[17:54:42] warmStart (decay=exponential) 50% (501/998) regret=0.099080 ape=0.5475
[17:54:42] warmStart (decay=exponential) 50% (502/998) regret=0.099080 ape=0.5475
[17:54:42] warmStart (decay=exponential) 50% (503/998) regret=0.099080 ape=0.5475
[17:54:43] warmStart (decay=exponential) 50% (504/998) regret=0.099080 ape=0.5475
[17:54:43] warmStart (decay=exponential) 50% (505/998) regret=0.099080 ape=0.5475
[17:54:43] warmStart (decay=exponential) 50% (506/998) regret=0.099080 ape=0.5475
[17:54:43] warmStart (decay=exponential) 50% (507/998) regret=0.099080 ape=0.5475
[17:54:44] warmStart (decay=exponential) 50% (508/998) regret=0.099080 ape=0.5475
[17:54:44] warmStart (decay=exponential) 51% (509/998) regret=0.099080 ape=0.5475
[17:54:44] warmStart (decay=exponential) 51% (510/998) regret=0.099080 ape=0.5475
[17:54:44] warmStart (decay=exponential) 51% (511/998) regret=0.099080 ape=0.5475
[17:54:45] warmStart (decay=exponential) 51% (512/998) regret=0.099080 ape=0.5475
[17:54:45] warmStart (decay=exponential) 51% (513/998) regret=0.099080 ape=0.5475
[17:54:45] warmStart (decay=exponential) 51% (514/998) regret=0.099080 ape=0.5475
[17:54:45] warmStart (decay=exponential) 51% (515/998) regret=0.099080 ape=0.5475
[17:54:46] warmStart (decay=exponential) 51% (516/998) regret=0.099080 ape=0.5475
[17:54:46] warmStart (decay=exponential) 51% (517/998) regret=0.099080 ape=0.5475
[17:54:46] warmStart (decay=exponential) 51% (518/998) regret=0.099080 ape=0.5475
[17:54:47] warmStart (decay=exponential) 52% (519/998) regret=0.099080 ape=0.5475
[17:54:47] warmStart (decay=exponential) 52% (520/998) regret=0.099080 ape=0.5475
[17:54:47] warmStart (decay=exponential) 52% (521/998) regret=0.099080 ape=0.5475
[17:54:47] warmStart (decay=exponential) 52% (522/998) regret=0.099080 ape=0.5475
[17:54:48] warmStart (decay=exponential) 52% (523/998) regret=0.099080 ape=0.5475
[17:54:48] warmStart (decay=exponential) 52% (524/998) regret=0.099080 ape=0.5475
[17:54:48] warmStart (decay=exponential) 52% (525/998) regret=0.099080 ape=0.5475
[17:54:49] warmStart (decay=exponential) 52% (526/998) regret=0.099080 ape=0.5475
[17:54:49] warmStart (decay=exponential) 52% (527/998) regret=0.099080 ape=0.5475
[17:54:49] warmStart (decay=exponential) 52% (528/998) regret=0.099080 ape=0.5475
[17:54:49] warmStart (decay=exponential) 53% (529/998) regret=0.099080 ape=0.5475
[17:54:50] warmStart (decay=exponential) 53% (530/998) regret=0.099080 ape=0.5475
[17:54:50] warmStart (decay=exponential) 53% (531/998) regret=0.099080 ape=0.5475
[17:54:50] warmStart (decay=exponential) 53% (532/998) regret=0.099080 ape=0.5475
[17:54:51] warmStart (decay=exponential) 53% (533/998) regret=0.099080 ape=0.5475
[17:54:51] warmStart (decay=exponential) 53% (534/998) regret=0.099080 ape=0.5475
[17:54:51] warmStart (decay=exponential) 53% (535/998) regret=0.099080 ape=0.5475
[17:54:51] warmStart (decay=exponential) 53% (536/998) regret=0.099080 ape=0.5475
[17:54:52] warmStart (decay=exponential) 53% (537/998) regret=0.099080 ape=0.5475
[17:54:52] warmStart (decay=exponential) 53% (538/998) regret=0.099080 ape=0.5475
[17:54:52] warmStart (decay=exponential) 54% (539/998) regret=0.099080 ape=0.5475
[17:54:53] warmStart (decay=exponential) 54% (540/998) regret=0.099080 ape=0.5475
[17:54:53] warmStart (decay=exponential) 54% (541/998) regret=0.099080 ape=0.5475
[17:54:53] warmStart (decay=exponential) 54% (542/998) regret=0.099080 ape=0.5475
[17:54:53] warmStart (decay=exponential) 54% (543/998) regret=0.099080 ape=0.5475
[17:54:54] warmStart (decay=exponential) 54% (544/998) regret=0.099080 ape=0.5475
[17:54:54] warmStart (decay=exponential) 54% (545/998) regret=0.099080 ape=0.5475
[17:54:54] warmStart (decay=exponential) 54% (546/998) regret=0.099080 ape=0.5475
[17:54:55] warmStart (decay=exponential) 54% (547/998) regret=0.099080 ape=0.5475
[17:54:55] warmStart (decay=exponential) 54% (548/998) regret=0.099080 ape=0.5475
[17:54:55] warmStart (decay=exponential) 55% (549/998) regret=0.099080 ape=0.5475
[17:54:56] warmStart (decay=exponential) 55% (550/998) regret=0.099080 ape=0.5475
[17:54:56] warmStart (decay=exponential) 55% (551/998) regret=0.099080 ape=0.5475
[17:54:56] warmStart (decay=exponential) 55% (552/998) regret=0.099080 ape=0.5475
[17:54:56] warmStart (decay=exponential) 55% (553/998) regret=0.099080 ape=0.5475
[17:54:57] warmStart (decay=exponential) 55% (554/998) regret=0.099080 ape=0.5475
[17:54:57] warmStart (decay=exponential) 55% (555/998) regret=0.099080 ape=0.5475
[17:54:57] warmStart (decay=exponential) 55% (556/998) regret=0.099080 ape=0.5475
[17:54:57] warmStart (decay=exponential) 55% (557/998) regret=0.099080 ape=0.5475
[17:54:58] warmStart (decay=exponential) 55% (558/998) regret=0.099080 ape=0.5475
[17:54:58] warmStart (decay=exponential) 56% (559/998) regret=0.099080 ape=0.5475
[17:54:58] warmStart (decay=exponential) 56% (560/998) regret=0.099080 ape=0.5475
[17:54:58] warmStart (decay=exponential) 56% (561/998) regret=0.099080 ape=0.5475
[17:54:59] warmStart (decay=exponential) 56% (562/998) regret=0.099080 ape=0.5475
[17:54:59] warmStart (decay=exponential) 56% (563/998) regret=0.099080 ape=0.5475
[17:54:59] warmStart (decay=exponential) 56% (564/998) regret=0.099080 ape=0.5475
[17:54:59] warmStart (decay=exponential) 56% (565/998) regret=0.099080 ape=0.5475
[17:55:00] warmStart (decay=exponential) 56% (566/998) regret=0.099080 ape=0.5475
[17:55:00] warmStart (decay=exponential) 56% (567/998) regret=0.099080 ape=0.5475
[17:55:00] warmStart (decay=exponential) 56% (568/998) regret=0.099080 ape=0.5475
[17:55:01] warmStart (decay=exponential) 57% (569/998) regret=0.099080 ape=0.5475
[17:55:01] warmStart (decay=exponential) 57% (570/998) regret=0.099080 ape=0.5475
[17:55:01] warmStart (decay=exponential) 57% (571/998) regret=0.099080 ape=0.5475
[17:55:01] warmStart (decay=exponential) 57% (572/998) regret=0.099080 ape=0.5475
[17:55:02] warmStart (decay=exponential) 57% (573/998) regret=0.099080 ape=0.5475
[17:55:02] warmStart (decay=exponential) 57% (574/998) regret=0.099080 ape=0.5475
[17:55:02] warmStart (decay=exponential) 57% (575/998) regret=0.099080 ape=0.5475
[17:55:02] warmStart (decay=exponential) 57% (576/998) regret=0.099080 ape=0.5475
[17:55:03] warmStart (decay=exponential) 57% (577/998) regret=0.099080 ape=0.5475
[17:55:03] warmStart (decay=exponential) 57% (578/998) regret=0.099080 ape=0.5475
[17:55:03] warmStart (decay=exponential) 58% (579/998) regret=0.099080 ape=0.5475
[17:55:03] warmStart (decay=exponential) 58% (580/998) regret=0.099080 ape=0.5475
[17:55:04] warmStart (decay=exponential) 58% (581/998) regret=0.099080 ape=0.5475
[17:55:04] warmStart (decay=exponential) 58% (582/998) regret=0.099080 ape=0.5475
[17:55:04] warmStart (decay=exponential) 58% (583/998) regret=0.099080 ape=0.5475
[17:55:04] warmStart (decay=exponential) 58% (584/998) regret=0.099080 ape=0.5475
[17:55:05] warmStart (decay=exponential) 58% (585/998) regret=0.099080 ape=0.5475
[17:55:05] warmStart (decay=exponential) 58% (586/998) regret=0.099080 ape=0.5475
[17:55:05] warmStart (decay=exponential) 58% (587/998) regret=0.099080 ape=0.5475
[17:55:05] warmStart (decay=exponential) 58% (588/998) regret=0.099080 ape=0.5475
[17:55:06] warmStart (decay=exponential) 59% (589/998) regret=0.099080 ape=0.5475
[17:55:06] warmStart (decay=exponential) 59% (590/998) regret=0.099080 ape=0.5475
[17:55:06] warmStart (decay=exponential) 59% (591/998) regret=0.099080 ape=0.5475
[17:55:06] warmStart (decay=exponential) 59% (592/998) regret=0.099080 ape=0.5475
[17:55:07] warmStart (decay=exponential) 59% (593/998) regret=0.099080 ape=0.5475
[17:55:07] warmStart (decay=exponential) 59% (594/998) regret=0.099080 ape=0.5475
[17:55:07] warmStart (decay=exponential) 59% (595/998) regret=0.099080 ape=0.5475
[17:55:07] warmStart (decay=exponential) 59% (596/998) regret=0.099080 ape=0.5475
[17:55:08] warmStart (decay=exponential) 59% (597/998) regret=0.099080 ape=0.5475
[17:55:08] warmStart (decay=exponential) 59% (598/998) regret=0.099080 ape=0.5475
[17:55:08] warmStart (decay=exponential) 60% (599/998) regret=0.099080 ape=0.5475
[17:55:08] warmStart (decay=exponential) 60% (600/998) regret=0.099080 ape=0.5475
[17:55:09] warmStart (decay=exponential) 60% (601/998) regret=0.099080 ape=0.5475
[17:55:09] warmStart (decay=exponential) 60% (602/998) regret=0.099080 ape=0.5475
[17:55:09] warmStart (decay=exponential) 60% (603/998) regret=0.099080 ape=0.5475
[17:55:09] warmStart (decay=exponential) 60% (604/998) regret=0.099080 ape=0.5475
[17:55:10] warmStart (decay=exponential) 60% (605/998) regret=0.099080 ape=0.5475
[17:55:10] warmStart (decay=exponential) 60% (606/998) regret=0.099080 ape=0.5475
[17:55:10] warmStart (decay=exponential) 60% (607/998) regret=0.099080 ape=0.5475
[17:55:10] warmStart (decay=exponential) 60% (608/998) regret=0.099080 ape=0.5475
[17:55:11] warmStart (decay=exponential) 61% (609/998) regret=0.099080 ape=0.5475
[17:55:11] warmStart (decay=exponential) 61% (610/998) regret=0.099080 ape=0.5475
[17:55:11] warmStart (decay=exponential) 61% (611/998) regret=0.099080 ape=0.5475
[17:55:12] warmStart (decay=exponential) 61% (612/998) regret=0.099080 ape=0.5475
[17:55:12] warmStart (decay=exponential) 61% (613/998) regret=0.099080 ape=0.5475
[17:55:12] warmStart (decay=exponential) 61% (614/998) regret=0.099080 ape=0.5475
[17:55:12] warmStart (decay=exponential) 61% (615/998) regret=0.099080 ape=0.5475
[17:55:13] warmStart (decay=exponential) 61% (616/998) regret=0.099080 ape=0.5475
[17:55:13] warmStart (decay=exponential) 61% (617/998) regret=0.099080 ape=0.5475
[17:55:13] warmStart (decay=exponential) 61% (618/998) regret=0.099080 ape=0.5475
[17:55:13] warmStart (decay=exponential) 62% (619/998) regret=0.099080 ape=0.5475
[17:55:14] warmStart (decay=exponential) 62% (620/998) regret=0.099080 ape=0.5475
[17:55:14] warmStart (decay=exponential) 62% (621/998) regret=0.099080 ape=0.5475
[17:55:14] warmStart (decay=exponential) 62% (622/998) regret=0.099080 ape=0.5475
[17:55:14] warmStart (decay=exponential) 62% (623/998) regret=0.099080 ape=0.5475
[17:55:15] warmStart (decay=exponential) 62% (624/998) regret=0.099080 ape=0.5475
[17:55:15] warmStart (decay=exponential) 62% (625/998) regret=0.099080 ape=0.5475
[17:55:15] warmStart (decay=exponential) 62% (626/998) regret=0.099080 ape=0.5475
[17:55:15] warmStart (decay=exponential) 62% (627/998) regret=0.099080 ape=0.5475
[17:55:16] warmStart (decay=exponential) 62% (628/998) regret=0.099080 ape=0.5475
[17:55:16] warmStart (decay=exponential) 63% (629/998) regret=0.099080 ape=0.5475
[17:55:16] warmStart (decay=exponential) 63% (630/998) regret=0.099080 ape=0.5475
[17:55:16] warmStart (decay=exponential) 63% (631/998) regret=0.099080 ape=0.5475
[17:55:17] warmStart (decay=exponential) 63% (632/998) regret=0.099080 ape=0.5475
[17:55:17] warmStart (decay=exponential) 63% (633/998) regret=0.099080 ape=0.5475
[17:55:17] warmStart (decay=exponential) 63% (634/998) regret=0.099080 ape=0.5475
[17:55:18] warmStart (decay=exponential) 63% (635/998) regret=0.099080 ape=0.5475
[17:55:18] warmStart (decay=exponential) 63% (636/998) regret=0.099080 ape=0.5475
[17:55:18] warmStart (decay=exponential) 63% (637/998) regret=0.099080 ape=0.5475
[17:55:18] warmStart (decay=exponential) 63% (638/998) regret=0.099080 ape=0.5475
[17:55:19] warmStart (decay=exponential) 64% (639/998) regret=0.099080 ape=0.5475
[17:55:19] warmStart (decay=exponential) 64% (640/998) regret=0.099080 ape=0.5475
[17:55:19] warmStart (decay=exponential) 64% (641/998) regret=0.099080 ape=0.5475
[17:55:19] warmStart (decay=exponential) 64% (642/998) regret=0.099080 ape=0.5475
[17:55:19] warmStart (decay=exponential) 64% (643/998) regret=0.099080 ape=0.5475
[17:55:20] warmStart (decay=exponential) 64% (644/998) regret=0.099080 ape=0.5475
[17:55:20] warmStart (decay=exponential) 64% (645/998) regret=0.099080 ape=0.5475
[17:55:20] warmStart (decay=exponential) 64% (646/998) regret=0.099080 ape=0.5475
[17:55:20] warmStart (decay=exponential) 64% (647/998) regret=0.099080 ape=0.5475
[17:55:21] warmStart (decay=exponential) 64% (648/998) regret=0.099080 ape=0.5475
[17:55:21] warmStart (decay=exponential) 65% (649/998) regret=0.099080 ape=0.5475
[17:55:21] warmStart (decay=exponential) 65% (650/998) regret=0.099080 ape=0.5475
[17:55:21] warmStart (decay=exponential) 65% (651/998) regret=0.099080 ape=0.5475
[17:55:21] warmStart (decay=exponential) 65% (652/998) regret=0.099080 ape=0.5475
[17:55:22] warmStart (decay=exponential) 65% (653/998) regret=0.099080 ape=0.5475
[17:55:22] warmStart (decay=exponential) 65% (654/998) regret=0.099080 ape=0.5475
[17:55:22] warmStart (decay=exponential) 65% (655/998) regret=0.099080 ape=0.5475
[17:55:22] warmStart (decay=exponential) 65% (656/998) regret=0.099080 ape=0.5475
[17:55:23] warmStart (decay=exponential) 65% (657/998) regret=0.099080 ape=0.5475
[17:55:23] warmStart (decay=exponential) 65% (658/998) regret=0.099080 ape=0.5475
[17:55:23] warmStart (decay=exponential) 66% (659/998) regret=0.099080 ape=0.5475
[17:55:23] warmStart (decay=exponential) 66% (660/998) regret=0.099080 ape=0.5475
[17:55:24] warmStart (decay=exponential) 66% (661/998) regret=0.099080 ape=0.5475
[17:55:24] warmStart (decay=exponential) 66% (662/998) regret=0.099080 ape=0.5475
[17:55:24] warmStart (decay=exponential) 66% (663/998) regret=0.099080 ape=0.5475
[17:55:25] warmStart (decay=exponential) 66% (664/998) regret=0.099080 ape=0.5475
[17:55:25] warmStart (decay=exponential) 66% (665/998) regret=0.099080 ape=0.5475
[17:55:25] warmStart (decay=exponential) 66% (666/998) regret=0.099080 ape=0.5475
[17:55:25] warmStart (decay=exponential) 66% (667/998) regret=0.099080 ape=0.5475
[17:55:26] warmStart (decay=exponential) 66% (668/998) regret=0.099080 ape=0.5475
[17:55:26] warmStart (decay=exponential) 67% (669/998) regret=0.099080 ape=0.5475
[17:55:26] warmStart (decay=exponential) 67% (670/998) regret=0.099080 ape=0.5475
[17:55:27] warmStart (decay=exponential) 67% (671/998) regret=0.099080 ape=0.5475
[17:55:27] warmStart (decay=exponential) 67% (672/998) regret=0.099080 ape=0.5475
[17:55:27] warmStart (decay=exponential) 67% (673/998) regret=0.099080 ape=0.5475
[17:55:27] warmStart (decay=exponential) 67% (674/998) regret=0.099080 ape=0.5475
[17:55:28] warmStart (decay=exponential) 67% (675/998) regret=0.099080 ape=0.5475
[17:55:28] warmStart (decay=exponential) 67% (676/998) regret=0.099080 ape=0.5475
[17:55:28] warmStart (decay=exponential) 67% (677/998) regret=0.099080 ape=0.5475
[17:55:28] warmStart (decay=exponential) 67% (678/998) regret=0.099080 ape=0.5475
[17:55:29] warmStart (decay=exponential) 68% (679/998) regret=0.099080 ape=0.5475
[17:55:29] warmStart (decay=exponential) 68% (680/998) regret=0.099080 ape=0.5475
[17:55:29] warmStart (decay=exponential) 68% (681/998) regret=0.099080 ape=0.5475
[17:55:30] warmStart (decay=exponential) 68% (682/998) regret=0.099080 ape=0.5475
[17:55:30] warmStart (decay=exponential) 68% (683/998) regret=0.099080 ape=0.5475
[17:55:30] warmStart (decay=exponential) 68% (684/998) regret=0.099080 ape=0.5475
[17:55:30] warmStart (decay=exponential) 68% (685/998) regret=0.099080 ape=0.5475
[17:55:31] warmStart (decay=exponential) 68% (686/998) regret=0.099080 ape=0.5475
[17:55:31] warmStart (decay=exponential) 68% (687/998) regret=0.099080 ape=0.5475
[17:55:31] warmStart (decay=exponential) 68% (688/998) regret=0.099080 ape=0.5475
[17:55:32] warmStart (decay=exponential) 69% (689/998) regret=0.099080 ape=0.5475
[17:55:32] warmStart (decay=exponential) 69% (690/998) regret=0.099080 ape=0.5475
[17:55:32] warmStart (decay=exponential) 69% (691/998) regret=0.099080 ape=0.5475
[17:55:32] warmStart (decay=exponential) 69% (692/998) regret=0.099080 ape=0.5475
[17:55:33] warmStart (decay=exponential) 69% (693/998) regret=0.099080 ape=0.5475
[17:55:33] warmStart (decay=exponential) 69% (694/998) regret=0.099080 ape=0.5475
[17:55:33] warmStart (decay=exponential) 69% (695/998) regret=0.099080 ape=0.5475
[17:55:34] warmStart (decay=exponential) 69% (696/998) regret=0.099080 ape=0.5475
[17:55:34] warmStart (decay=exponential) 69% (697/998) regret=0.099080 ape=0.5475
[17:55:34] warmStart (decay=exponential) 69% (698/998) regret=0.099080 ape=0.5475
[17:55:34] warmStart (decay=exponential) 70% (699/998) regret=0.099080 ape=0.5475
[17:55:35] warmStart (decay=exponential) 70% (700/998) regret=0.099080 ape=0.5475
[17:55:35] warmStart (decay=exponential) 70% (701/998) regret=0.099080 ape=0.5475
[17:55:35] warmStart (decay=exponential) 70% (702/998) regret=0.099080 ape=0.5475
[17:55:36] warmStart (decay=exponential) 70% (703/998) regret=0.099080 ape=0.5475
[17:55:36] warmStart (decay=exponential) 70% (704/998) regret=0.099080 ape=0.5475
[17:55:36] warmStart (decay=exponential) 70% (705/998) regret=0.099080 ape=0.5475
[17:55:36] warmStart (decay=exponential) 70% (706/998) regret=0.099080 ape=0.5475
[17:55:37] warmStart (decay=exponential) 70% (707/998) regret=0.099080 ape=0.5475
[17:55:37] warmStart (decay=exponential) 70% (708/998) regret=0.099080 ape=0.5475
[17:55:37] warmStart (decay=exponential) 71% (709/998) regret=0.099080 ape=0.5475
[17:55:38] warmStart (decay=exponential) 71% (710/998) regret=0.099080 ape=0.5475
[17:55:38] warmStart (decay=exponential) 71% (711/998) regret=0.099080 ape=0.5475
[17:55:38] warmStart (decay=exponential) 71% (712/998) regret=0.099080 ape=0.5475
[17:55:38] warmStart (decay=exponential) 71% (713/998) regret=0.099080 ape=0.5475
[17:55:39] warmStart (decay=exponential) 71% (714/998) regret=0.099080 ape=0.5475
[17:55:39] warmStart (decay=exponential) 71% (715/998) regret=0.099080 ape=0.5475
[17:55:39] warmStart (decay=exponential) 71% (716/998) regret=0.099080 ape=0.5475
[17:55:40] warmStart (decay=exponential) 71% (717/998) regret=0.099080 ape=0.5475
[17:55:40] warmStart (decay=exponential) 71% (718/998) regret=0.099080 ape=0.5475
[17:55:40] warmStart (decay=exponential) 72% (719/998) regret=0.099080 ape=0.5475
[17:55:40] warmStart (decay=exponential) 72% (720/998) regret=0.099080 ape=0.5475
[17:55:41] warmStart (decay=exponential) 72% (721/998) regret=0.099080 ape=0.5475
[17:55:41] warmStart (decay=exponential) 72% (722/998) regret=0.099080 ape=0.5475
[17:55:41] warmStart (decay=exponential) 72% (723/998) regret=0.099080 ape=0.5475
[17:55:42] warmStart (decay=exponential) 72% (724/998) regret=0.099080 ape=0.5475
[17:55:42] warmStart (decay=exponential) 72% (725/998) regret=0.099080 ape=0.5475
[17:55:42] warmStart (decay=exponential) 72% (726/998) regret=0.099080 ape=0.5475
[17:55:42] warmStart (decay=exponential) 72% (727/998) regret=0.099080 ape=0.5475
[17:55:42] warmStart (decay=exponential) 72% (728/998) regret=0.099080 ape=0.5475
[17:55:43] warmStart (decay=exponential) 73% (729/998) regret=0.099080 ape=0.5475
[17:55:43] warmStart (decay=exponential) 73% (730/998) regret=0.099080 ape=0.5475
[17:55:43] warmStart (decay=exponential) 73% (731/998) regret=0.099080 ape=0.5475
[17:55:43] warmStart (decay=exponential) 73% (732/998) regret=0.099080 ape=0.5475
[17:55:44] warmStart (decay=exponential) 73% (733/998) regret=0.099080 ape=0.5475
[17:55:44] warmStart (decay=exponential) 73% (734/998) regret=0.099080 ape=0.5475
[17:55:44] warmStart (decay=exponential) 73% (735/998) regret=0.099080 ape=0.5475
[17:55:44] warmStart (decay=exponential) 73% (736/998) regret=0.099080 ape=0.5475
[17:55:45] warmStart (decay=exponential) 73% (737/998) regret=0.099080 ape=0.5475
[17:55:45] warmStart (decay=exponential) 73% (738/998) regret=0.099080 ape=0.5475
[17:55:45] warmStart (decay=exponential) 74% (739/998) regret=0.099080 ape=0.5475
[17:55:46] warmStart (decay=exponential) 74% (740/998) regret=0.099080 ape=0.5475
[17:55:46] warmStart (decay=exponential) 74% (741/998) regret=0.099080 ape=0.5475
[17:55:46] warmStart (decay=exponential) 74% (742/998) regret=0.099080 ape=0.5475
[17:55:47] warmStart (decay=exponential) 74% (743/998) regret=0.099080 ape=0.5475
[17:55:47] warmStart (decay=exponential) 74% (744/998) regret=0.099080 ape=0.5475
[17:55:47] warmStart (decay=exponential) 74% (745/998) regret=0.099080 ape=0.5475
[17:55:47] warmStart (decay=exponential) 74% (746/998) regret=0.099080 ape=0.5475
[17:55:48] warmStart (decay=exponential) 74% (747/998) regret=0.099080 ape=0.5475
[17:55:48] warmStart (decay=exponential) 74% (748/998) regret=0.099080 ape=0.5475
[17:55:48] warmStart (decay=exponential) 75% (749/998) regret=0.099080 ape=0.5475
[17:55:48] warmStart (decay=exponential) 75% (750/998) regret=0.099080 ape=0.5475
[17:55:49] warmStart (decay=exponential) 75% (751/998) regret=0.099080 ape=0.5475
[17:55:49] warmStart (decay=exponential) 75% (752/998) regret=0.099080 ape=0.5475
[17:55:49] warmStart (decay=exponential) 75% (753/998) regret=0.099080 ape=0.5475
[17:55:50] warmStart (decay=exponential) 75% (754/998) regret=0.099080 ape=0.5475
[17:55:50] warmStart (decay=exponential) 75% (755/998) regret=0.099080 ape=0.5475
[17:55:50] warmStart (decay=exponential) 75% (756/998) regret=0.099080 ape=0.5475
[17:55:50] warmStart (decay=exponential) 75% (757/998) regret=0.099080 ape=0.5475
[17:55:51] warmStart (decay=exponential) 75% (758/998) regret=0.099080 ape=0.5475
[17:55:51] warmStart (decay=exponential) 76% (759/998) regret=0.099080 ape=0.5475
[17:55:51] warmStart (decay=exponential) 76% (760/998) regret=0.099080 ape=0.5475
[17:55:52] warmStart (decay=exponential) 76% (761/998) regret=0.099080 ape=0.5475
[17:55:52] warmStart (decay=exponential) 76% (762/998) regret=0.099080 ape=0.5475
[17:55:52] warmStart (decay=exponential) 76% (763/998) regret=0.099080 ape=0.5475
[17:55:52] warmStart (decay=exponential) 76% (764/998) regret=0.099080 ape=0.5475
[17:55:53] warmStart (decay=exponential) 76% (765/998) regret=0.099080 ape=0.5475
[17:55:53] warmStart (decay=exponential) 76% (766/998) regret=0.099080 ape=0.5475
[17:55:53] warmStart (decay=exponential) 76% (767/998) regret=0.099080 ape=0.5475
[17:55:54] warmStart (decay=exponential) 76% (768/998) regret=0.099080 ape=0.5475
[17:55:54] warmStart (decay=exponential) 77% (769/998) regret=0.099080 ape=0.5475
[17:55:54] warmStart (decay=exponential) 77% (770/998) regret=0.099080 ape=0.5475
[17:55:55] warmStart (decay=exponential) 77% (771/998) regret=0.099080 ape=0.5475
[17:55:55] warmStart (decay=exponential) 77% (772/998) regret=0.099080 ape=0.5475
[17:55:55] warmStart (decay=exponential) 77% (773/998) regret=0.099080 ape=0.5475
[17:55:55] warmStart (decay=exponential) 77% (774/998) regret=0.099080 ape=0.5475
[17:55:56] warmStart (decay=exponential) 77% (775/998) regret=0.099080 ape=0.5475
[17:55:56] warmStart (decay=exponential) 77% (776/998) regret=0.099080 ape=0.5475
[17:55:56] warmStart (decay=exponential) 77% (777/998) regret=0.099080 ape=0.5475
[17:55:56] warmStart (decay=exponential) 77% (778/998) regret=0.099080 ape=0.5475
[17:55:57] warmStart (decay=exponential) 78% (779/998) regret=0.099080 ape=0.5475
[17:55:57] warmStart (decay=exponential) 78% (780/998) regret=0.099080 ape=0.5475
[17:55:57] warmStart (decay=exponential) 78% (781/998) regret=0.099080 ape=0.5475
[17:55:58] warmStart (decay=exponential) 78% (782/998) regret=0.099080 ape=0.5475
[17:55:58] warmStart (decay=exponential) 78% (783/998) regret=0.099080 ape=0.5475
[17:55:58] warmStart (decay=exponential) 78% (784/998) regret=0.099080 ape=0.5475
[17:55:58] warmStart (decay=exponential) 78% (785/998) regret=0.099080 ape=0.5475
[17:55:59] warmStart (decay=exponential) 78% (786/998) regret=0.099080 ape=0.5475
[17:55:59] warmStart (decay=exponential) 78% (787/998) regret=0.099080 ape=0.5475
[17:55:59] warmStart (decay=exponential) 78% (788/998) regret=0.099080 ape=0.5475
[17:56:00] warmStart (decay=exponential) 79% (789/998) regret=0.099080 ape=0.5475
[17:56:00] warmStart (decay=exponential) 79% (790/998) regret=0.099080 ape=0.5475
[17:56:00] warmStart (decay=exponential) 79% (791/998) regret=0.099080 ape=0.5475
[17:56:01] warmStart (decay=exponential) 79% (792/998) regret=0.099080 ape=0.5475
[17:56:01] warmStart (decay=exponential) 79% (793/998) regret=0.099080 ape=0.5475
[17:56:01] warmStart (decay=exponential) 79% (794/998) regret=0.099080 ape=0.5475
[17:56:01] warmStart (decay=exponential) 79% (795/998) regret=0.099080 ape=0.5475
[17:56:02] warmStart (decay=exponential) 79% (796/998) regret=0.099080 ape=0.5475
[17:56:02] warmStart (decay=exponential) 79% (797/998) regret=0.099080 ape=0.5475
[17:56:02] warmStart (decay=exponential) 79% (798/998) regret=0.099080 ape=0.5475
[17:56:03] warmStart (decay=exponential) 80% (799/998) regret=0.099080 ape=0.5475
[17:56:03] warmStart (decay=exponential) 80% (800/998) regret=0.099080 ape=0.5475
[17:56:03] warmStart (decay=exponential) 80% (801/998) regret=0.099080 ape=0.5475
[17:56:03] warmStart (decay=exponential) 80% (802/998) regret=0.099080 ape=0.5475
[17:56:04] warmStart (decay=exponential) 80% (803/998) regret=0.099080 ape=0.5475
[17:56:04] warmStart (decay=exponential) 80% (804/998) regret=0.099080 ape=0.5475
[17:56:04] warmStart (decay=exponential) 80% (805/998) regret=0.099080 ape=0.5475
[17:56:05] warmStart (decay=exponential) 80% (806/998) regret=0.099080 ape=0.5475
[17:56:05] warmStart (decay=exponential) 80% (807/998) regret=0.099080 ape=0.5475
[17:56:05] warmStart (decay=exponential) 80% (808/998) regret=0.099080 ape=0.5475
[17:56:05] warmStart (decay=exponential) 81% (809/998) regret=0.099080 ape=0.5475
[17:56:05] warmStart (decay=exponential) 81% (810/998) regret=0.099080 ape=0.5475
[17:56:06] warmStart (decay=exponential) 81% (811/998) regret=0.099080 ape=0.5475
[17:56:06] warmStart (decay=exponential) 81% (812/998) regret=0.099080 ape=0.5475
[17:56:06] warmStart (decay=exponential) 81% (813/998) regret=0.099080 ape=0.5475
[17:56:07] warmStart (decay=exponential) 81% (814/998) regret=0.099080 ape=0.5475
[17:56:07] warmStart (decay=exponential) 81% (815/998) regret=0.099080 ape=0.5475
[17:56:07] warmStart (decay=exponential) 81% (816/998) regret=0.099080 ape=0.5475
[17:56:07] warmStart (decay=exponential) 81% (817/998) regret=0.099080 ape=0.5475
[17:56:08] warmStart (decay=exponential) 81% (818/998) regret=0.099080 ape=0.5475
[17:56:08] warmStart (decay=exponential) 82% (819/998) regret=0.099080 ape=0.5475
[17:56:08] warmStart (decay=exponential) 82% (820/998) regret=0.099080 ape=0.5475
[17:56:09] warmStart (decay=exponential) 82% (821/998) regret=0.099080 ape=0.5475
[17:56:09] warmStart (decay=exponential) 82% (822/998) regret=0.099080 ape=0.5475
[17:56:09] warmStart (decay=exponential) 82% (823/998) regret=0.099080 ape=0.5475
[17:56:10] warmStart (decay=exponential) 82% (824/998) regret=0.099080 ape=0.5475
[17:56:10] warmStart (decay=exponential) 82% (825/998) regret=0.099080 ape=0.5475
[17:56:10] warmStart (decay=exponential) 82% (826/998) regret=0.099080 ape=0.5475
[17:56:10] warmStart (decay=exponential) 82% (827/998) regret=0.099080 ape=0.5475
[17:56:11] warmStart (decay=exponential) 82% (828/998) regret=0.099080 ape=0.5475
[17:56:11] warmStart (decay=exponential) 83% (829/998) regret=0.099080 ape=0.5475
[17:56:11] warmStart (decay=exponential) 83% (830/998) regret=0.099080 ape=0.5475
[17:56:12] warmStart (decay=exponential) 83% (831/998) regret=0.099080 ape=0.5475
[17:56:12] warmStart (decay=exponential) 83% (832/998) regret=0.099080 ape=0.5475
[17:56:12] warmStart (decay=exponential) 83% (833/998) regret=0.099080 ape=0.5475
[17:56:13] warmStart (decay=exponential) 83% (834/998) regret=0.099080 ape=0.5475
[17:56:13] warmStart (decay=exponential) 83% (835/998) regret=0.099080 ape=0.5475
[17:56:13] warmStart (decay=exponential) 83% (836/998) regret=0.099080 ape=0.5475
[17:56:13] warmStart (decay=exponential) 83% (837/998) regret=0.099080 ape=0.5475
[17:56:14] warmStart (decay=exponential) 83% (838/998) regret=0.099080 ape=0.5475
[17:56:14] warmStart (decay=exponential) 84% (839/998) regret=0.099080 ape=0.5475
[17:56:14] warmStart (decay=exponential) 84% (840/998) regret=0.099080 ape=0.5475
[17:56:15] warmStart (decay=exponential) 84% (841/998) regret=0.099080 ape=0.5475
[17:56:15] warmStart (decay=exponential) 84% (842/998) regret=0.099080 ape=0.5475
[17:56:15] warmStart (decay=exponential) 84% (843/998) regret=0.099080 ape=0.5475
[17:56:15] warmStart (decay=exponential) 84% (844/998) regret=0.099080 ape=0.5475
[17:56:16] warmStart (decay=exponential) 84% (845/998) regret=0.099080 ape=0.5475
[17:56:16] warmStart (decay=exponential) 84% (846/998) regret=0.099080 ape=0.5475
[17:56:16] warmStart (decay=exponential) 84% (847/998) regret=0.099080 ape=0.5475
[17:56:17] warmStart (decay=exponential) 84% (848/998) regret=0.099080 ape=0.5475
[17:56:17] warmStart (decay=exponential) 85% (849/998) regret=0.099080 ape=0.5475
[17:56:17] warmStart (decay=exponential) 85% (850/998) regret=0.099080 ape=0.5475
[17:56:18] warmStart (decay=exponential) 85% (851/998) regret=0.099080 ape=0.5475
[17:56:18] warmStart (decay=exponential) 85% (852/998) regret=0.099080 ape=0.5475
[17:56:18] warmStart (decay=exponential) 85% (853/998) regret=0.099080 ape=0.5475
[17:56:18] warmStart (decay=exponential) 85% (854/998) regret=0.099080 ape=0.5475
[17:56:19] warmStart (decay=exponential) 85% (855/998) regret=0.099080 ape=0.5475
[17:56:19] warmStart (decay=exponential) 85% (856/998) regret=0.099080 ape=0.5475
[17:56:19] warmStart (decay=exponential) 85% (857/998) regret=0.099080 ape=0.5475
[17:56:19] warmStart (decay=exponential) 85% (858/998) regret=0.099080 ape=0.5475
[17:56:20] warmStart (decay=exponential) 86% (859/998) regret=0.099080 ape=0.5475
[17:56:20] warmStart (decay=exponential) 86% (860/998) regret=0.099080 ape=0.5475
[17:56:20] warmStart (decay=exponential) 86% (861/998) regret=0.099080 ape=0.5475
[17:56:20] warmStart (decay=exponential) 86% (862/998) regret=0.099080 ape=0.5475
[17:56:21] warmStart (decay=exponential) 86% (863/998) regret=0.099080 ape=0.5475
[17:56:21] warmStart (decay=exponential) 86% (864/998) regret=0.099080 ape=0.5475
[17:56:21] warmStart (decay=exponential) 86% (865/998) regret=0.099080 ape=0.5475
[17:56:21] warmStart (decay=exponential) 86% (866/998) regret=0.099080 ape=0.5475
[17:56:22] warmStart (decay=exponential) 86% (867/998) regret=0.099080 ape=0.5475
[17:56:22] warmStart (decay=exponential) 86% (868/998) regret=0.099080 ape=0.5475
[17:56:22] warmStart (decay=exponential) 87% (869/998) regret=0.099080 ape=0.5475
[17:56:23] warmStart (decay=exponential) 87% (870/998) regret=0.099080 ape=0.5475
[17:56:23] warmStart (decay=exponential) 87% (871/998) regret=0.099080 ape=0.5475
[17:56:23] warmStart (decay=exponential) 87% (872/998) regret=0.099080 ape=0.5475
[17:56:23] warmStart (decay=exponential) 87% (873/998) regret=0.099080 ape=0.5475
[17:56:24] warmStart (decay=exponential) 87% (874/998) regret=0.099080 ape=0.5475
[17:56:24] warmStart (decay=exponential) 87% (875/998) regret=0.099080 ape=0.5475
[17:56:24] warmStart (decay=exponential) 87% (876/998) regret=0.099080 ape=0.5475
[17:56:24] warmStart (decay=exponential) 87% (877/998) regret=0.099080 ape=0.5475
[17:56:25] warmStart (decay=exponential) 87% (878/998) regret=0.099080 ape=0.5475
[17:56:25] warmStart (decay=exponential) 88% (879/998) regret=0.099080 ape=0.5475
[17:56:25] warmStart (decay=exponential) 88% (880/998) regret=0.099080 ape=0.5475
[17:56:26] warmStart (decay=exponential) 88% (881/998) regret=0.099080 ape=0.5475
[17:56:26] warmStart (decay=exponential) 88% (882/998) regret=0.099080 ape=0.5475
[17:56:26] warmStart (decay=exponential) 88% (883/998) regret=0.099080 ape=0.5475
[17:56:26] warmStart (decay=exponential) 88% (884/998) regret=0.099080 ape=0.5475
[17:56:27] warmStart (decay=exponential) 88% (885/998) regret=0.099080 ape=0.5475
[17:56:27] warmStart (decay=exponential) 88% (886/998) regret=0.099080 ape=0.5475
[17:56:27] warmStart (decay=exponential) 88% (887/998) regret=0.099080 ape=0.5475
[17:56:27] warmStart (decay=exponential) 88% (888/998) regret=0.099080 ape=0.5475
[17:56:28] warmStart (decay=exponential) 89% (889/998) regret=0.099080 ape=0.5475
[17:56:28] warmStart (decay=exponential) 89% (890/998) regret=0.099080 ape=0.5475
[17:56:28] warmStart (decay=exponential) 89% (891/998) regret=0.099080 ape=0.5475
[17:56:28] warmStart (decay=exponential) 89% (892/998) regret=0.099080 ape=0.5475
[17:56:29] warmStart (decay=exponential) 89% (893/998) regret=0.099080 ape=0.5475
[17:56:29] warmStart (decay=exponential) 89% (894/998) regret=0.099080 ape=0.5475
[17:56:29] warmStart (decay=exponential) 89% (895/998) regret=0.099182 ape=0.5484
[17:56:29] warmStart (decay=exponential) 89% (896/998) regret=0.099182 ape=0.5484
[17:56:30] warmStart (decay=exponential) 89% (897/998) regret=0.099182 ape=0.5484
[17:56:30] warmStart (decay=exponential) 89% (898/998) regret=0.099173 ape=0.5484
[17:56:30] warmStart (decay=exponential) 90% (899/998) regret=0.099173 ape=0.5484
[17:56:31] warmStart (decay=exponential) 90% (900/998) regret=0.099173 ape=0.5484
[17:56:31] warmStart (decay=exponential) 90% (901/998) regret=0.099173 ape=0.5484
[17:56:31] warmStart (decay=exponential) 90% (902/998) regret=0.099173 ape=0.5484
[17:56:31] warmStart (decay=exponential) 90% (903/998) regret=0.099173 ape=0.5484
[17:56:32] warmStart (decay=exponential) 90% (904/998) regret=0.099173 ape=0.5484
[17:56:32] warmStart (decay=exponential) 90% (905/998) regret=0.099173 ape=0.5484
[17:56:32] warmStart (decay=exponential) 90% (906/998) regret=0.099173 ape=0.5484
[17:56:32] warmStart (decay=exponential) 90% (907/998) regret=0.099173 ape=0.5484
[17:56:33] warmStart (decay=exponential) 90% (908/998) regret=0.099173 ape=0.5484
[17:56:33] warmStart (decay=exponential) 91% (909/998) regret=0.099127 ape=0.5484
[17:56:33] warmStart (decay=exponential) 91% (910/998) regret=0.099136 ape=0.5484
[17:56:33] warmStart (decay=exponential) 91% (911/998) regret=0.099136 ape=0.5484
[17:56:34] warmStart (decay=exponential) 91% (912/998) regret=0.099136 ape=0.5484
[17:56:34] warmStart (decay=exponential) 91% (913/998) regret=0.099136 ape=0.5484
[17:56:34] warmStart (decay=exponential) 91% (914/998) regret=0.099136 ape=0.5484
[17:56:34] warmStart (decay=exponential) 91% (915/998) regret=0.099136 ape=0.5484
[17:56:35] warmStart (decay=exponential) 91% (916/998) regret=0.099136 ape=0.5484
[17:56:35] warmStart (decay=exponential) 91% (917/998) regret=0.099136 ape=0.5484
[17:56:35] warmStart (decay=exponential) 91% (918/998) regret=0.099086 ape=0.5484
[17:56:35] warmStart (decay=exponential) 92% (919/998) regret=0.099136 ape=0.5484
[17:56:36] warmStart (decay=exponential) 92% (920/998) regret=0.099102 ape=0.5484
[17:56:36] warmStart (decay=exponential) 92% (921/998) regret=0.099086 ape=0.5484
[17:56:36] warmStart (decay=exponential) 92% (922/998) regret=0.099086 ape=0.5484
[17:56:37] warmStart (decay=exponential) 92% (923/998) regret=0.099086 ape=0.5484
[17:56:37] warmStart (decay=exponential) 92% (924/998) regret=0.099086 ape=0.5484
[17:56:37] warmStart (decay=exponential) 92% (925/998) regret=0.099086 ape=0.5484
[17:56:37] warmStart (decay=exponential) 92% (926/998) regret=0.099086 ape=0.5484
[17:56:38] warmStart (decay=exponential) 92% (927/998) regret=0.099080 ape=0.5484
[17:56:38] warmStart (decay=exponential) 92% (928/998) regret=0.099102 ape=0.5484
[17:56:38] warmStart (decay=exponential) 93% (929/998) regret=0.099080 ape=0.5484
[17:56:38] warmStart (decay=exponential) 93% (930/998) regret=0.099080 ape=0.5484
[17:56:39] warmStart (decay=exponential) 93% (931/998) regret=0.099080 ape=0.5484
[17:56:39] warmStart (decay=exponential) 93% (932/998) regret=0.099080 ape=0.5484
[17:56:39] warmStart (decay=exponential) 93% (933/998) regret=0.099080 ape=0.5484
[17:56:39] warmStart (decay=exponential) 93% (934/998) regret=0.099080 ape=0.5484
[17:56:40] warmStart (decay=exponential) 93% (935/998) regret=0.099080 ape=0.5484
[17:56:40] warmStart (decay=exponential) 93% (936/998) regret=0.099080 ape=0.5484
[17:56:40] warmStart (decay=exponential) 93% (937/998) regret=0.099080 ape=0.5484
[17:56:40] warmStart (decay=exponential) 93% (938/998) regret=0.099080 ape=0.5484
[17:56:41] warmStart (decay=exponential) 94% (939/998) regret=0.099080 ape=0.5484
[17:56:41] warmStart (decay=exponential) 94% (940/998) regret=0.099080 ape=0.5484
[17:56:41] warmStart (decay=exponential) 94% (941/998) regret=0.099086 ape=0.5484
[17:56:41] warmStart (decay=exponential) 94% (942/998) regret=0.099086 ape=0.5484
[17:56:42] warmStart (decay=exponential) 94% (943/998) regret=0.099086 ape=0.5484
[17:56:42] warmStart (decay=exponential) 94% (944/998) regret=0.099086 ape=0.5484
[17:56:42] warmStart (decay=exponential) 94% (945/998) regret=0.099086 ape=0.5484
[17:56:43] warmStart (decay=exponential) 94% (946/998) regret=0.099086 ape=0.5484
[17:56:43] warmStart (decay=exponential) 94% (947/998) regret=0.099086 ape=0.5484
[17:56:43] warmStart (decay=exponential) 94% (948/998) regret=0.099086 ape=0.5484
[17:56:43] warmStart (decay=exponential) 95% (949/998) regret=0.099086 ape=0.5484
[17:56:44] warmStart (decay=exponential) 95% (950/998) regret=0.099087 ape=0.5484
[17:56:44] warmStart (decay=exponential) 95% (951/998) regret=0.099087 ape=0.5484
[17:56:44] warmStart (decay=exponential) 95% (952/998) regret=0.099087 ape=0.5484
[17:56:44] warmStart (decay=exponential) 95% (953/998) regret=0.099087 ape=0.5484
[17:56:45] warmStart (decay=exponential) 95% (954/998) regret=0.099076 ape=0.5475
[17:56:45] warmStart (decay=exponential) 95% (955/998) regret=0.099076 ape=0.5475
[17:56:45] warmStart (decay=exponential) 95% (956/998) regret=0.099076 ape=0.5475
[17:56:45] warmStart (decay=exponential) 95% (957/998) regret=0.099076 ape=0.5475
[17:56:46] warmStart (decay=exponential) 95% (958/998) regret=0.099076 ape=0.5475
[17:56:46] warmStart (decay=exponential) 96% (959/998) regret=0.099076 ape=0.5475
[17:56:46] warmStart (decay=exponential) 96% (960/998) regret=0.099076 ape=0.5475
[17:56:46] warmStart (decay=exponential) 96% (961/998) regret=0.099076 ape=0.5475
[17:56:47] warmStart (decay=exponential) 96% (962/998) regret=0.099076 ape=0.5475
[17:56:47] warmStart (decay=exponential) 96% (963/998) regret=0.099076 ape=0.5475
[17:56:47] warmStart (decay=exponential) 96% (964/998) regret=0.099076 ape=0.5475
[17:56:48] warmStart (decay=exponential) 96% (965/998) regret=0.099076 ape=0.5475
[17:56:48] warmStart (decay=exponential) 96% (966/998) regret=0.099076 ape=0.5475
[17:56:48] warmStart (decay=exponential) 96% (967/998) regret=0.099076 ape=0.5475
[17:56:48] warmStart (decay=exponential) 96% (968/998) regret=0.099076 ape=0.5475
[17:56:48] warmStart (decay=exponential) 97% (969/998) regret=0.099076 ape=0.5475
[17:56:49] warmStart (decay=exponential) 97% (970/998) regret=0.099076 ape=0.5475
[17:56:49] warmStart (decay=exponential) 97% (971/998) regret=0.099076 ape=0.5475
[17:56:49] warmStart (decay=exponential) 97% (972/998) regret=0.099080 ape=0.5484
[17:56:49] warmStart (decay=exponential) 97% (973/998) regret=0.099080 ape=0.5484
[17:56:50] warmStart (decay=exponential) 97% (974/998) regret=0.099080 ape=0.5484
[17:56:50] warmStart (decay=exponential) 97% (975/998) regret=0.099080 ape=0.5484
[17:56:50] warmStart (decay=exponential) 97% (976/998) regret=0.099080 ape=0.5484
[17:56:50] warmStart (decay=exponential) 97% (977/998) regret=0.099080 ape=0.5484
[17:56:51] warmStart (decay=exponential) 97% (978/998) regret=0.099080 ape=0.5484
[17:56:51] warmStart (decay=exponential) 98% (979/998) regret=0.099080 ape=0.5484
[17:56:51] warmStart (decay=exponential) 98% (980/998) regret=0.099080 ape=0.5484
[17:56:51] warmStart (decay=exponential) 98% (981/998) regret=0.099080 ape=0.5484
[17:56:52] warmStart (decay=exponential) 98% (982/998) regret=0.099080 ape=0.5484
[17:56:52] warmStart (decay=exponential) 98% (983/998) regret=0.099080 ape=0.5484
[17:56:52] warmStart (decay=exponential) 98% (984/998) regret=0.099080 ape=0.5484
[17:56:52] warmStart (decay=exponential) 98% (985/998) regret=0.099080 ape=0.5484
[17:56:53] warmStart (decay=exponential) 98% (986/998) regret=0.099080 ape=0.5484
[17:56:53] warmStart (decay=exponential) 98% (987/998) regret=0.099080 ape=0.5484
[17:56:53] warmStart (decay=exponential) 98% (988/998) regret=0.099080 ape=0.5484
[17:56:54] warmStart (decay=exponential) 99% (989/998) regret=0.099080 ape=0.5484
[17:56:54] warmStart (decay=exponential) 99% (990/998) regret=0.099080 ape=0.5484
[17:56:54] warmStart (decay=exponential) 99% (991/998) regret=0.099080 ape=0.5484
[17:56:54] warmStart (decay=exponential) 99% (992/998) regret=0.099080 ape=0.5484
[17:56:55] warmStart (decay=exponential) 99% (993/998) regret=0.099080 ape=0.5484
[17:56:55] warmStart (decay=exponential) 99% (994/998) regret=0.099080 ape=0.5484
[17:56:55] warmStart (decay=exponential) 99% (995/998) regret=0.099080 ape=0.5484
[17:56:56] warmStart (decay=exponential) 99% (996/998) regret=0.099080 ape=0.5484
[17:56:56] warmStart (decay=exponential) 99% (997/998) regret=0.099080 ape=0.5484
Warm w=200 finished: 997 points, 270.76s wall time
  Final: regret=0.099080, ape=0.5484

Saved: /home/users/g/s/gsavary/LudiiMCTSVariations/slurm_sweep_full_dataset/output_decay/warm_200_decay_exponential_0_15/seed_2/sweep_decay_warm_200_exponential_0.15_2_20260426_175656.json

Generating plots...
Saved: /home/users/g/s/gsavary/LudiiMCTSVariations/slurm_sweep_full_dataset/output_decay/warm_200_decay_exponential_0_15/seed_2/sweep_decay_warm_200_exponential_0.15_2_20260426_175656_regret.png
Saved: /home/users/g/s/gsavary/LudiiMCTSVariations/slurm_sweep_full_dataset/output_decay/warm_200_decay_exponential_0_15/seed_2/sweep_decay_warm_200_exponential_0.15_2_20260426_175656_ape.png

================================================================================
Experiment complete!
================================================================================
Done. Results in: /home/users/g/s/gsavary/LudiiMCTSVariations/slurm_sweep_full_dataset/output_decay/warm_200_decay_exponential_0_15/seed_2
