============================================================
Decay sweep experiment
Method:      warm:50
Decay mode:  exponential
Decay param: 0.20
Seed:        2
Output:      /home/users/g/s/gsavary/LudiiMCTSVariations/slurm_sweep_full_dataset/output_decay/warm_50_decay_exponential_0_20/seed_2
============================================================

================================================================================
SLURM Sweep Experiment with Synthetic Data Decay
================================================================================
Method: warm:50
Decay: exponential (param=0.2)
Time limit: 3600.0s, Seed: 2, Batch size: 20
Output directory: /home/users/g/s/gsavary/LudiiMCTSVariations/slurm_sweep_full_dataset/output_decay/warm_50_decay_exponential_0_20/seed_2

Loading Ludii dataset...
Loaded 1085 games
Using 1085 games (full dataset)

Running timing probe (100 pulls)...
  Estimated secs/pull: 0.023817

Time budget: 3600.0s → ~151153 total pulls
Per-method budget: 21593 pulls (~514.3s)

Computing predictor-only performance...
  Predictions loaded: 23675 agent predictions
  Predictor-only: regret=0.104318, ape=0.4894

Running WARM-START (w=50, decay=exponential param=0.2)...
[17:46:55] warmStart (decay=exponential) 0% (1/1080) regret=0.110142 ape=0.6046
[17:46:56] warmStart (decay=exponential) 0% (2/1080) regret=0.110142 ape=0.6046
[17:46:56] warmStart (decay=exponential) 0% (3/1080) regret=0.110142 ape=0.6046
[17:46:56] warmStart (decay=exponential) 0% (4/1080) regret=0.110142 ape=0.6046
[17:46:57] warmStart (decay=exponential) 0% (5/1080) regret=0.110142 ape=0.6046
[17:46:57] warmStart (decay=exponential) 0% (6/1080) regret=0.110142 ape=0.6046
[17:46:57] warmStart (decay=exponential) 0% (7/1080) regret=0.110142 ape=0.6046
[17:46:57] warmStart (decay=exponential) 0% (8/1080) regret=0.110142 ape=0.6046
[17:46:58] warmStart (decay=exponential) 0% (9/1080) regret=0.110142 ape=0.6046
[17:46:58] warmStart (decay=exponential) 0% (10/1080) regret=0.110142 ape=0.6046
[17:46:58] warmStart (decay=exponential) 1% (11/1080) regret=0.110142 ape=0.6046
[17:46:58] warmStart (decay=exponential) 1% (12/1080) regret=0.110142 ape=0.6046
[17:46:59] warmStart (decay=exponential) 1% (13/1080) regret=0.110142 ape=0.6046
[17:46:59] warmStart (decay=exponential) 1% (14/1080) regret=0.110142 ape=0.6046
[17:46:59] warmStart (decay=exponential) 1% (15/1080) regret=0.110142 ape=0.6046
[17:46:59] warmStart (decay=exponential) 1% (16/1080) regret=0.110142 ape=0.6046
[17:47:00] warmStart (decay=exponential) 1% (17/1080) regret=0.110142 ape=0.6046
[17:47:00] warmStart (decay=exponential) 1% (18/1080) regret=0.110142 ape=0.6046
[17:47:00] warmStart (decay=exponential) 1% (19/1080) regret=0.110142 ape=0.6046
[17:47:00] warmStart (decay=exponential) 1% (20/1080) regret=0.110142 ape=0.6046
[17:47:01] warmStart (decay=exponential) 1% (21/1080) regret=0.110142 ape=0.6046
[17:47:01] warmStart (decay=exponential) 2% (22/1080) regret=0.110142 ape=0.6046
[17:47:01] warmStart (decay=exponential) 2% (23/1080) regret=0.110142 ape=0.6046
[17:47:02] warmStart (decay=exponential) 2% (24/1080) regret=0.110142 ape=0.6046
[17:47:02] warmStart (decay=exponential) 2% (25/1080) regret=0.110142 ape=0.6046
[17:47:02] warmStart (decay=exponential) 2% (26/1080) regret=0.110142 ape=0.6046
[17:47:02] warmStart (decay=exponential) 2% (27/1080) regret=0.110142 ape=0.6046
[17:47:02] warmStart (decay=exponential) 2% (28/1080) regret=0.110142 ape=0.6046
[17:47:03] warmStart (decay=exponential) 2% (29/1080) regret=0.110142 ape=0.6046
[17:47:03] warmStart (decay=exponential) 2% (30/1080) regret=0.110142 ape=0.6046
[17:47:03] warmStart (decay=exponential) 2% (31/1080) regret=0.110142 ape=0.6046
[17:47:03] warmStart (decay=exponential) 2% (32/1080) regret=0.110142 ape=0.6046
[17:47:03] warmStart (decay=exponential) 3% (33/1080) regret=0.110142 ape=0.6046
[17:47:04] warmStart (decay=exponential) 3% (34/1080) regret=0.110142 ape=0.6046
[17:47:04] warmStart (decay=exponential) 3% (35/1080) regret=0.110142 ape=0.6046
[17:47:04] warmStart (decay=exponential) 3% (36/1080) regret=0.110142 ape=0.6046
[17:47:04] warmStart (decay=exponential) 3% (37/1080) regret=0.110142 ape=0.6046
[17:47:05] warmStart (decay=exponential) 3% (38/1080) regret=0.110142 ape=0.6046
[17:47:05] warmStart (decay=exponential) 3% (39/1080) regret=0.110142 ape=0.6046
[17:47:05] warmStart (decay=exponential) 3% (40/1080) regret=0.110142 ape=0.6046
[17:47:05] warmStart (decay=exponential) 3% (41/1080) regret=0.110142 ape=0.6046
[17:47:06] warmStart (decay=exponential) 3% (42/1080) regret=0.110142 ape=0.6046
[17:47:06] warmStart (decay=exponential) 3% (43/1080) regret=0.110142 ape=0.6046
[17:47:06] warmStart (decay=exponential) 4% (44/1080) regret=0.110142 ape=0.6046
[17:47:06] warmStart (decay=exponential) 4% (45/1080) regret=0.110142 ape=0.6046
[17:47:07] warmStart (decay=exponential) 4% (46/1080) regret=0.110142 ape=0.6046
[17:47:07] warmStart (decay=exponential) 4% (47/1080) regret=0.110142 ape=0.6046
[17:47:07] warmStart (decay=exponential) 4% (48/1080) regret=0.110142 ape=0.6046
[17:47:07] warmStart (decay=exponential) 4% (49/1080) regret=0.110142 ape=0.6046
[17:47:08] warmStart (decay=exponential) 4% (50/1080) regret=0.110142 ape=0.6046
[17:47:08] warmStart (decay=exponential) 4% (51/1080) regret=0.110142 ape=0.6046
[17:47:08] warmStart (decay=exponential) 4% (52/1080) regret=0.110142 ape=0.6046
[17:47:08] warmStart (decay=exponential) 4% (53/1080) regret=0.110142 ape=0.6046
[17:47:08] warmStart (decay=exponential) 5% (54/1080) regret=0.110142 ape=0.6046
[17:47:09] warmStart (decay=exponential) 5% (55/1080) regret=0.110142 ape=0.6046
[17:47:09] warmStart (decay=exponential) 5% (56/1080) regret=0.110142 ape=0.6046
[17:47:09] warmStart (decay=exponential) 5% (57/1080) regret=0.110142 ape=0.6046
[17:47:09] warmStart (decay=exponential) 5% (58/1080) regret=0.110142 ape=0.6046
[17:47:10] warmStart (decay=exponential) 5% (59/1080) regret=0.110142 ape=0.6046
[17:47:10] warmStart (decay=exponential) 5% (60/1080) regret=0.110142 ape=0.6046
[17:47:10] warmStart (decay=exponential) 5% (61/1080) regret=0.110142 ape=0.6046
[17:47:10] warmStart (decay=exponential) 5% (62/1080) regret=0.110142 ape=0.6046
[17:47:10] warmStart (decay=exponential) 5% (63/1080) regret=0.110142 ape=0.6046
[17:47:11] warmStart (decay=exponential) 5% (64/1080) regret=0.110142 ape=0.6046
[17:47:11] warmStart (decay=exponential) 6% (65/1080) regret=0.110142 ape=0.6046
[17:47:11] warmStart (decay=exponential) 6% (66/1080) regret=0.110142 ape=0.6046
[17:47:11] warmStart (decay=exponential) 6% (67/1080) regret=0.110142 ape=0.6046
[17:47:11] warmStart (decay=exponential) 6% (68/1080) regret=0.110142 ape=0.6046
[17:47:12] warmStart (decay=exponential) 6% (69/1080) regret=0.110142 ape=0.6046
[17:47:12] warmStart (decay=exponential) 6% (70/1080) regret=0.110142 ape=0.6046
[17:47:12] warmStart (decay=exponential) 6% (71/1080) regret=0.110142 ape=0.6046
[17:47:12] warmStart (decay=exponential) 6% (72/1080) regret=0.110175 ape=0.6046
[17:47:13] warmStart (decay=exponential) 6% (73/1080) regret=0.110013 ape=0.6037
[17:47:13] warmStart (decay=exponential) 6% (74/1080) regret=0.110013 ape=0.6037
[17:47:13] warmStart (decay=exponential) 6% (75/1080) regret=0.110013 ape=0.6037
[17:47:13] warmStart (decay=exponential) 7% (76/1080) regret=0.110068 ape=0.6037
[17:47:14] warmStart (decay=exponential) 7% (77/1080) regret=0.110003 ape=0.6037
[17:47:14] warmStart (decay=exponential) 7% (78/1080) regret=0.110003 ape=0.6037
[17:47:14] warmStart (decay=exponential) 7% (79/1080) regret=0.109976 ape=0.6037
[17:47:14] warmStart (decay=exponential) 7% (80/1080) regret=0.110003 ape=0.6037
[17:47:15] warmStart (decay=exponential) 7% (81/1080) regret=0.110003 ape=0.6037
[17:47:15] warmStart (decay=exponential) 7% (82/1080) regret=0.109930 ape=0.6028
[17:47:15] warmStart (decay=exponential) 7% (83/1080) regret=0.109930 ape=0.6028
[17:47:15] warmStart (decay=exponential) 7% (84/1080) regret=0.109930 ape=0.6028
[17:47:15] warmStart (decay=exponential) 7% (85/1080) regret=0.110003 ape=0.6028
[17:47:16] warmStart (decay=exponential) 7% (86/1080) regret=0.109930 ape=0.6028
[17:47:16] warmStart (decay=exponential) 8% (87/1080) regret=0.109928 ape=0.6018
[17:47:16] warmStart (decay=exponential) 8% (88/1080) regret=0.109928 ape=0.6018
[17:47:16] warmStart (decay=exponential) 8% (89/1080) regret=0.109928 ape=0.6018
[17:47:17] warmStart (decay=exponential) 8% (90/1080) regret=0.109928 ape=0.6018
[17:47:17] warmStart (decay=exponential) 8% (91/1080) regret=0.109930 ape=0.6028
[17:47:17] warmStart (decay=exponential) 8% (92/1080) regret=0.109946 ape=0.6028
[17:47:17] warmStart (decay=exponential) 8% (93/1080) regret=0.109946 ape=0.6028
[17:47:17] warmStart (decay=exponential) 8% (94/1080) regret=0.109946 ape=0.6028
[17:47:18] warmStart (decay=exponential) 8% (95/1080) regret=0.109946 ape=0.6028
[17:47:18] warmStart (decay=exponential) 8% (96/1080) regret=0.109946 ape=0.6028
[17:47:18] warmStart (decay=exponential) 8% (97/1080) regret=0.109946 ape=0.6028
[17:47:18] warmStart (decay=exponential) 9% (98/1080) regret=0.109946 ape=0.6028
[17:47:19] warmStart (decay=exponential) 9% (99/1080) regret=0.109946 ape=0.6028
[17:47:19] warmStart (decay=exponential) 9% (100/1080) regret=0.109946 ape=0.6028
[17:47:19] warmStart (decay=exponential) 9% (101/1080) regret=0.109946 ape=0.6028
[17:47:19] warmStart (decay=exponential) 9% (102/1080) regret=0.109930 ape=0.6028
[17:47:20] warmStart (decay=exponential) 9% (103/1080) regret=0.109930 ape=0.6028
[17:47:20] warmStart (decay=exponential) 9% (104/1080) regret=0.110612 ape=0.6037
[17:47:20] warmStart (decay=exponential) 9% (105/1080) regret=0.110252 ape=0.6037
[17:47:20] warmStart (decay=exponential) 9% (106/1080) regret=0.109930 ape=0.6028
[17:47:21] warmStart (decay=exponential) 9% (107/1080) regret=0.109662 ape=0.6018
[17:47:21] warmStart (decay=exponential) 10% (108/1080) regret=0.109662 ape=0.6018
[17:47:21] warmStart (decay=exponential) 10% (109/1080) regret=0.109662 ape=0.6018
[17:47:21] warmStart (decay=exponential) 10% (110/1080) regret=0.109662 ape=0.6018
[17:47:22] warmStart (decay=exponential) 10% (111/1080) regret=0.109713 ape=0.6028
[17:47:22] warmStart (decay=exponential) 10% (112/1080) regret=0.109713 ape=0.6028
[17:47:22] warmStart (decay=exponential) 10% (113/1080) regret=0.109713 ape=0.6028
[17:47:22] warmStart (decay=exponential) 10% (114/1080) regret=0.109713 ape=0.6028
[17:47:23] warmStart (decay=exponential) 10% (115/1080) regret=0.109662 ape=0.6018
[17:47:23] warmStart (decay=exponential) 10% (116/1080) regret=0.109570 ape=0.6009
[17:47:23] warmStart (decay=exponential) 10% (117/1080) regret=0.109658 ape=0.6018
[17:47:23] warmStart (decay=exponential) 10% (118/1080) regret=0.109662 ape=0.6018
[17:47:24] warmStart (decay=exponential) 11% (119/1080) regret=0.109662 ape=0.6018
[17:47:24] warmStart (decay=exponential) 11% (120/1080) regret=0.109662 ape=0.6018
[17:47:24] warmStart (decay=exponential) 11% (121/1080) regret=0.109662 ape=0.6018
[17:47:24] warmStart (decay=exponential) 11% (122/1080) regret=0.109662 ape=0.6018
[17:47:24] warmStart (decay=exponential) 11% (123/1080) regret=0.109662 ape=0.6018
[17:47:25] warmStart (decay=exponential) 11% (124/1080) regret=0.109662 ape=0.6018
[17:47:25] warmStart (decay=exponential) 11% (125/1080) regret=0.109570 ape=0.6009
[17:47:25] warmStart (decay=exponential) 11% (126/1080) regret=0.109570 ape=0.6009
[17:47:25] warmStart (decay=exponential) 11% (127/1080) regret=0.109570 ape=0.6009
[17:47:25] warmStart (decay=exponential) 11% (128/1080) regret=0.109570 ape=0.6009
[17:47:25] warmStart (decay=exponential) 11% (129/1080) regret=0.109570 ape=0.6009
[17:47:26] warmStart (decay=exponential) 12% (130/1080) regret=0.109570 ape=0.6009
[17:47:26] warmStart (decay=exponential) 12% (131/1080) regret=0.109570 ape=0.6009
[17:47:26] warmStart (decay=exponential) 12% (132/1080) regret=0.109598 ape=0.6009
[17:47:26] warmStart (decay=exponential) 12% (133/1080) regret=0.109598 ape=0.6009
[17:47:26] warmStart (decay=exponential) 12% (134/1080) regret=0.109598 ape=0.6009
[17:47:27] warmStart (decay=exponential) 12% (135/1080) regret=0.109598 ape=0.6009
[17:47:27] warmStart (decay=exponential) 12% (136/1080) regret=0.109598 ape=0.6009
[17:47:27] warmStart (decay=exponential) 12% (137/1080) regret=0.109598 ape=0.6009
[17:47:27] warmStart (decay=exponential) 12% (138/1080) regret=0.109598 ape=0.6009
[17:47:28] warmStart (decay=exponential) 12% (139/1080) regret=0.109598 ape=0.6009
[17:47:28] warmStart (decay=exponential) 12% (140/1080) regret=0.109598 ape=0.6009
[17:47:28] warmStart (decay=exponential) 13% (141/1080) regret=0.109598 ape=0.6009
[17:47:28] warmStart (decay=exponential) 13% (142/1080) regret=0.109598 ape=0.6009
[17:47:29] warmStart (decay=exponential) 13% (143/1080) regret=0.109598 ape=0.6009
[17:47:29] warmStart (decay=exponential) 13% (144/1080) regret=0.109598 ape=0.6009
[17:47:29] warmStart (decay=exponential) 13% (145/1080) regret=0.109598 ape=0.6009
[17:47:29] warmStart (decay=exponential) 13% (146/1080) regret=0.109598 ape=0.6009
[17:47:30] warmStart (decay=exponential) 13% (147/1080) regret=0.109598 ape=0.6009
[17:47:30] warmStart (decay=exponential) 13% (148/1080) regret=0.109598 ape=0.6009
[17:47:30] warmStart (decay=exponential) 13% (149/1080) regret=0.109598 ape=0.6009
[17:47:30] warmStart (decay=exponential) 13% (150/1080) regret=0.109598 ape=0.6009
[17:47:31] warmStart (decay=exponential) 13% (151/1080) regret=0.109598 ape=0.6009
[17:47:31] warmStart (decay=exponential) 14% (152/1080) regret=0.109598 ape=0.6009
[17:47:31] warmStart (decay=exponential) 14% (153/1080) regret=0.109598 ape=0.6009
[17:47:31] warmStart (decay=exponential) 14% (154/1080) regret=0.109598 ape=0.6009
[17:47:32] warmStart (decay=exponential) 14% (155/1080) regret=0.109598 ape=0.6009
[17:47:32] warmStart (decay=exponential) 14% (156/1080) regret=0.109598 ape=0.6009
[17:47:32] warmStart (decay=exponential) 14% (157/1080) regret=0.109598 ape=0.6009
[17:47:33] warmStart (decay=exponential) 14% (158/1080) regret=0.109598 ape=0.6009
[17:47:33] warmStart (decay=exponential) 14% (159/1080) regret=0.109598 ape=0.6009
[17:47:33] warmStart (decay=exponential) 14% (160/1080) regret=0.109598 ape=0.6009
[17:47:33] warmStart (decay=exponential) 14% (161/1080) regret=0.109598 ape=0.6009
[17:47:33] warmStart (decay=exponential) 15% (162/1080) regret=0.109598 ape=0.6009
[17:47:34] warmStart (decay=exponential) 15% (163/1080) regret=0.109598 ape=0.6009
[17:47:34] warmStart (decay=exponential) 15% (164/1080) regret=0.109598 ape=0.6009
[17:47:34] warmStart (decay=exponential) 15% (165/1080) regret=0.109598 ape=0.6009
[17:47:34] warmStart (decay=exponential) 15% (166/1080) regret=0.109598 ape=0.6009
[17:47:35] warmStart (decay=exponential) 15% (167/1080) regret=0.109598 ape=0.6009
[17:47:35] warmStart (decay=exponential) 15% (168/1080) regret=0.109598 ape=0.6009
[17:47:35] warmStart (decay=exponential) 15% (169/1080) regret=0.109598 ape=0.6009
[17:47:35] warmStart (decay=exponential) 15% (170/1080) regret=0.109598 ape=0.6009
[17:47:36] warmStart (decay=exponential) 15% (171/1080) regret=0.109598 ape=0.6009
[17:47:36] warmStart (decay=exponential) 15% (172/1080) regret=0.109598 ape=0.6009
[17:47:36] warmStart (decay=exponential) 16% (173/1080) regret=0.109598 ape=0.6009
[17:47:37] warmStart (decay=exponential) 16% (174/1080) regret=0.109598 ape=0.6009
[17:47:37] warmStart (decay=exponential) 16% (175/1080) regret=0.109598 ape=0.6009
[17:47:37] warmStart (decay=exponential) 16% (176/1080) regret=0.109598 ape=0.6009
[17:47:37] warmStart (decay=exponential) 16% (177/1080) regret=0.109598 ape=0.6009
[17:47:38] warmStart (decay=exponential) 16% (178/1080) regret=0.109598 ape=0.6009
[17:47:38] warmStart (decay=exponential) 16% (179/1080) regret=0.109598 ape=0.6009
[17:47:38] warmStart (decay=exponential) 16% (180/1080) regret=0.109598 ape=0.6009
[17:47:38] warmStart (decay=exponential) 16% (181/1080) regret=0.109598 ape=0.6009
[17:47:39] warmStart (decay=exponential) 16% (182/1080) regret=0.109598 ape=0.6009
[17:47:39] warmStart (decay=exponential) 16% (183/1080) regret=0.109598 ape=0.6009
[17:47:39] warmStart (decay=exponential) 17% (184/1080) regret=0.109598 ape=0.6009
[17:47:39] warmStart (decay=exponential) 17% (185/1080) regret=0.109598 ape=0.6009
[17:47:39] warmStart (decay=exponential) 17% (186/1080) regret=0.109598 ape=0.6009
[17:47:40] warmStart (decay=exponential) 17% (187/1080) regret=0.109598 ape=0.6009
[17:47:40] warmStart (decay=exponential) 17% (188/1080) regret=0.109598 ape=0.6009
[17:47:40] warmStart (decay=exponential) 17% (189/1080) regret=0.109598 ape=0.6009
[17:47:41] warmStart (decay=exponential) 17% (190/1080) regret=0.109598 ape=0.6009
[17:47:41] warmStart (decay=exponential) 17% (191/1080) regret=0.109598 ape=0.6009
[17:47:41] warmStart (decay=exponential) 17% (192/1080) regret=0.109598 ape=0.6009
[17:47:41] warmStart (decay=exponential) 17% (193/1080) regret=0.109598 ape=0.6009
[17:47:41] warmStart (decay=exponential) 17% (194/1080) regret=0.109598 ape=0.6009
[17:47:42] warmStart (decay=exponential) 18% (195/1080) regret=0.109598 ape=0.6009
[17:47:42] warmStart (decay=exponential) 18% (196/1080) regret=0.109598 ape=0.6009
[17:47:42] warmStart (decay=exponential) 18% (197/1080) regret=0.109598 ape=0.6009
[17:47:42] warmStart (decay=exponential) 18% (198/1080) regret=0.109598 ape=0.6009
[17:47:43] warmStart (decay=exponential) 18% (199/1080) regret=0.109598 ape=0.6009
[17:47:43] warmStart (decay=exponential) 18% (200/1080) regret=0.109598 ape=0.6009
[17:47:43] warmStart (decay=exponential) 18% (201/1080) regret=0.109598 ape=0.6009
[17:47:43] warmStart (decay=exponential) 18% (202/1080) regret=0.109598 ape=0.6009
[17:47:44] warmStart (decay=exponential) 18% (203/1080) regret=0.109598 ape=0.6009
[17:47:44] warmStart (decay=exponential) 18% (204/1080) regret=0.109598 ape=0.6009
[17:47:44] warmStart (decay=exponential) 18% (205/1080) regret=0.109598 ape=0.6009
[17:47:44] warmStart (decay=exponential) 19% (206/1080) regret=0.109598 ape=0.6009
[17:47:45] warmStart (decay=exponential) 19% (207/1080) regret=0.109598 ape=0.6009
[17:47:45] warmStart (decay=exponential) 19% (208/1080) regret=0.109598 ape=0.6009
[17:47:45] warmStart (decay=exponential) 19% (209/1080) regret=0.109598 ape=0.6009
[17:47:45] warmStart (decay=exponential) 19% (210/1080) regret=0.109598 ape=0.6009
[17:47:46] warmStart (decay=exponential) 19% (211/1080) regret=0.109598 ape=0.6009
[17:47:46] warmStart (decay=exponential) 19% (212/1080) regret=0.109598 ape=0.6009
[17:47:46] warmStart (decay=exponential) 19% (213/1080) regret=0.109598 ape=0.6009
[17:47:46] warmStart (decay=exponential) 19% (214/1080) regret=0.109598 ape=0.6009
[17:47:47] warmStart (decay=exponential) 19% (215/1080) regret=0.109598 ape=0.6009
[17:47:47] warmStart (decay=exponential) 20% (216/1080) regret=0.109598 ape=0.6009
[17:47:47] warmStart (decay=exponential) 20% (217/1080) regret=0.109598 ape=0.6009
[17:47:47] warmStart (decay=exponential) 20% (218/1080) regret=0.109598 ape=0.6009
[17:47:47] warmStart (decay=exponential) 20% (219/1080) regret=0.109598 ape=0.6009
[17:47:48] warmStart (decay=exponential) 20% (220/1080) regret=0.109598 ape=0.6009
[17:47:48] warmStart (decay=exponential) 20% (221/1080) regret=0.109598 ape=0.6009
[17:47:48] warmStart (decay=exponential) 20% (222/1080) regret=0.109598 ape=0.6009
[17:47:48] warmStart (decay=exponential) 20% (223/1080) regret=0.109598 ape=0.6009
[17:47:48] warmStart (decay=exponential) 20% (224/1080) regret=0.109598 ape=0.6009
[17:47:49] warmStart (decay=exponential) 20% (225/1080) regret=0.109598 ape=0.6009
[17:47:49] warmStart (decay=exponential) 20% (226/1080) regret=0.109598 ape=0.6009
[17:47:49] warmStart (decay=exponential) 21% (227/1080) regret=0.109598 ape=0.6009
[17:47:49] warmStart (decay=exponential) 21% (228/1080) regret=0.109598 ape=0.6009
[17:47:50] warmStart (decay=exponential) 21% (229/1080) regret=0.109598 ape=0.6009
[17:47:50] warmStart (decay=exponential) 21% (230/1080) regret=0.109598 ape=0.6009
[17:47:50] warmStart (decay=exponential) 21% (231/1080) regret=0.109598 ape=0.6009
[17:47:51] warmStart (decay=exponential) 21% (232/1080) regret=0.109598 ape=0.6009
[17:47:51] warmStart (decay=exponential) 21% (233/1080) regret=0.109598 ape=0.6009
[17:47:51] warmStart (decay=exponential) 21% (234/1080) regret=0.109598 ape=0.6009
[17:47:51] warmStart (decay=exponential) 21% (235/1080) regret=0.109598 ape=0.6009
[17:47:52] warmStart (decay=exponential) 21% (236/1080) regret=0.109598 ape=0.6009
[17:47:52] warmStart (decay=exponential) 21% (237/1080) regret=0.109598 ape=0.6009
[17:47:52] warmStart (decay=exponential) 22% (238/1080) regret=0.109598 ape=0.6009
[17:47:52] warmStart (decay=exponential) 22% (239/1080) regret=0.109598 ape=0.6009
[17:47:53] warmStart (decay=exponential) 22% (240/1080) regret=0.109598 ape=0.6009
[17:47:53] warmStart (decay=exponential) 22% (241/1080) regret=0.109598 ape=0.6009
[17:47:53] warmStart (decay=exponential) 22% (242/1080) regret=0.109598 ape=0.6009
[17:47:54] warmStart (decay=exponential) 22% (243/1080) regret=0.109598 ape=0.6009
[17:47:54] warmStart (decay=exponential) 22% (244/1080) regret=0.109598 ape=0.6009
[17:47:54] warmStart (decay=exponential) 22% (245/1080) regret=0.109598 ape=0.6009
[17:47:54] warmStart (decay=exponential) 22% (246/1080) regret=0.109598 ape=0.6009
[17:47:55] warmStart (decay=exponential) 22% (247/1080) regret=0.109598 ape=0.6009
[17:47:55] warmStart (decay=exponential) 22% (248/1080) regret=0.109598 ape=0.6009
[17:47:55] warmStart (decay=exponential) 23% (249/1080) regret=0.109598 ape=0.6009
[17:47:55] warmStart (decay=exponential) 23% (250/1080) regret=0.109598 ape=0.6009
[17:47:56] warmStart (decay=exponential) 23% (251/1080) regret=0.109598 ape=0.6009
[17:47:56] warmStart (decay=exponential) 23% (252/1080) regret=0.109598 ape=0.6009
[17:47:56] warmStart (decay=exponential) 23% (253/1080) regret=0.109598 ape=0.6009
[17:47:56] warmStart (decay=exponential) 23% (254/1080) regret=0.109598 ape=0.6009
[17:47:57] warmStart (decay=exponential) 23% (255/1080) regret=0.109598 ape=0.6009
[17:47:57] warmStart (decay=exponential) 23% (256/1080) regret=0.109598 ape=0.6009
[17:47:57] warmStart (decay=exponential) 23% (257/1080) regret=0.109598 ape=0.6009
[17:47:58] warmStart (decay=exponential) 23% (258/1080) regret=0.109598 ape=0.6009
[17:47:58] warmStart (decay=exponential) 23% (259/1080) regret=0.109598 ape=0.6009
[17:47:58] warmStart (decay=exponential) 24% (260/1080) regret=0.109598 ape=0.6009
[17:47:58] warmStart (decay=exponential) 24% (261/1080) regret=0.109598 ape=0.6009
[17:47:59] warmStart (decay=exponential) 24% (262/1080) regret=0.109598 ape=0.6009
[17:47:59] warmStart (decay=exponential) 24% (263/1080) regret=0.109598 ape=0.6009
[17:47:59] warmStart (decay=exponential) 24% (264/1080) regret=0.109598 ape=0.6009
[17:47:59] warmStart (decay=exponential) 24% (265/1080) regret=0.109598 ape=0.6009
[17:48:00] warmStart (decay=exponential) 24% (266/1080) regret=0.109598 ape=0.6009
[17:48:00] warmStart (decay=exponential) 24% (267/1080) regret=0.109598 ape=0.6009
[17:48:00] warmStart (decay=exponential) 24% (268/1080) regret=0.109598 ape=0.6009
[17:48:01] warmStart (decay=exponential) 24% (269/1080) regret=0.109598 ape=0.6009
[17:48:01] warmStart (decay=exponential) 25% (270/1080) regret=0.109598 ape=0.6009
[17:48:01] warmStart (decay=exponential) 25% (271/1080) regret=0.109598 ape=0.6009
[17:48:01] warmStart (decay=exponential) 25% (272/1080) regret=0.109598 ape=0.6009
[17:48:02] warmStart (decay=exponential) 25% (273/1080) regret=0.109598 ape=0.6009
[17:48:02] warmStart (decay=exponential) 25% (274/1080) regret=0.109598 ape=0.6009
[17:48:02] warmStart (decay=exponential) 25% (275/1080) regret=0.109598 ape=0.6009
[17:48:03] warmStart (decay=exponential) 25% (276/1080) regret=0.109598 ape=0.6009
[17:48:03] warmStart (decay=exponential) 25% (277/1080) regret=0.109598 ape=0.6009
[17:48:03] warmStart (decay=exponential) 25% (278/1080) regret=0.109598 ape=0.6009
[17:48:03] warmStart (decay=exponential) 25% (279/1080) regret=0.109598 ape=0.6009
[17:48:04] warmStart (decay=exponential) 25% (280/1080) regret=0.109598 ape=0.6009
[17:48:04] warmStart (decay=exponential) 26% (281/1080) regret=0.109598 ape=0.6009
[17:48:04] warmStart (decay=exponential) 26% (282/1080) regret=0.109598 ape=0.6009
[17:48:05] warmStart (decay=exponential) 26% (283/1080) regret=0.109598 ape=0.6009
[17:48:05] warmStart (decay=exponential) 26% (284/1080) regret=0.109598 ape=0.6009
[17:48:05] warmStart (decay=exponential) 26% (285/1080) regret=0.109598 ape=0.6009
[17:48:05] warmStart (decay=exponential) 26% (286/1080) regret=0.109598 ape=0.6009
[17:48:06] warmStart (decay=exponential) 26% (287/1080) regret=0.109598 ape=0.6009
[17:48:06] warmStart (decay=exponential) 26% (288/1080) regret=0.109598 ape=0.6009
[17:48:06] warmStart (decay=exponential) 26% (289/1080) regret=0.109598 ape=0.6009
[17:48:06] warmStart (decay=exponential) 26% (290/1080) regret=0.109598 ape=0.6009
[17:48:07] warmStart (decay=exponential) 26% (291/1080) regret=0.109597 ape=0.6009
[17:48:07] warmStart (decay=exponential) 27% (292/1080) regret=0.109593 ape=0.6000
[17:48:07] warmStart (decay=exponential) 27% (293/1080) regret=0.109593 ape=0.6000
[17:48:07] warmStart (decay=exponential) 27% (294/1080) regret=0.109593 ape=0.6000
[17:48:08] warmStart (decay=exponential) 27% (295/1080) regret=0.109593 ape=0.6000
[17:48:08] warmStart (decay=exponential) 27% (296/1080) regret=0.109593 ape=0.6000
[17:48:08] warmStart (decay=exponential) 27% (297/1080) regret=0.109593 ape=0.6000
[17:48:08] warmStart (decay=exponential) 27% (298/1080) regret=0.109593 ape=0.6000
[17:48:09] warmStart (decay=exponential) 27% (299/1080) regret=0.109593 ape=0.6000
[17:48:09] warmStart (decay=exponential) 27% (300/1080) regret=0.109593 ape=0.6000
[17:48:09] warmStart (decay=exponential) 27% (301/1080) regret=0.109593 ape=0.6000
[17:48:09] warmStart (decay=exponential) 27% (302/1080) regret=0.109593 ape=0.6000
[17:48:09] warmStart (decay=exponential) 28% (303/1080) regret=0.109593 ape=0.6000
[17:48:09] warmStart (decay=exponential) 28% (304/1080) regret=0.109593 ape=0.6000
[17:48:09] warmStart (decay=exponential) 28% (305/1080) regret=0.109593 ape=0.6000
[17:48:10] warmStart (decay=exponential) 28% (306/1080) regret=0.109593 ape=0.6000
[17:48:10] warmStart (decay=exponential) 28% (307/1080) regret=0.109593 ape=0.6000
[17:48:10] warmStart (decay=exponential) 28% (308/1080) regret=0.109593 ape=0.6000
[17:48:10] warmStart (decay=exponential) 28% (309/1080) regret=0.109593 ape=0.6000
[17:48:11] warmStart (decay=exponential) 28% (310/1080) regret=0.109593 ape=0.6000
[17:48:11] warmStart (decay=exponential) 28% (311/1080) regret=0.109593 ape=0.6000
[17:48:11] warmStart (decay=exponential) 28% (312/1080) regret=0.109593 ape=0.6000
[17:48:11] warmStart (decay=exponential) 28% (313/1080) regret=0.109593 ape=0.6000
[17:48:11] warmStart (decay=exponential) 29% (314/1080) regret=0.109593 ape=0.6000
[17:48:12] warmStart (decay=exponential) 29% (315/1080) regret=0.109593 ape=0.6000
[17:48:12] warmStart (decay=exponential) 29% (316/1080) regret=0.109593 ape=0.6000
[17:48:12] warmStart (decay=exponential) 29% (317/1080) regret=0.109593 ape=0.6000
[17:48:12] warmStart (decay=exponential) 29% (318/1080) regret=0.109598 ape=0.6000
[17:48:12] warmStart (decay=exponential) 29% (319/1080) regret=0.109598 ape=0.6000
[17:48:13] warmStart (decay=exponential) 29% (320/1080) regret=0.109598 ape=0.6000
[17:48:13] warmStart (decay=exponential) 29% (321/1080) regret=0.109598 ape=0.6000
[17:48:13] warmStart (decay=exponential) 29% (322/1080) regret=0.109603 ape=0.6000
[17:48:14] warmStart (decay=exponential) 29% (323/1080) regret=0.109603 ape=0.6000
[17:48:14] warmStart (decay=exponential) 30% (324/1080) regret=0.109603 ape=0.6000
[17:48:14] warmStart (decay=exponential) 30% (325/1080) regret=0.109589 ape=0.5991
[17:48:14] warmStart (decay=exponential) 30% (326/1080) regret=0.109589 ape=0.5991
[17:48:14] warmStart (decay=exponential) 30% (327/1080) regret=0.109589 ape=0.5991
[17:48:15] warmStart (decay=exponential) 30% (328/1080) regret=0.109589 ape=0.5991
[17:48:15] warmStart (decay=exponential) 30% (329/1080) regret=0.109589 ape=0.5991
[17:48:15] warmStart (decay=exponential) 30% (330/1080) regret=0.109589 ape=0.5991
[17:48:15] warmStart (decay=exponential) 30% (331/1080) regret=0.109589 ape=0.5991
[17:48:16] warmStart (decay=exponential) 30% (332/1080) regret=0.109589 ape=0.5991
[17:48:16] warmStart (decay=exponential) 30% (333/1080) regret=0.109589 ape=0.5991
[17:48:16] warmStart (decay=exponential) 30% (334/1080) regret=0.109589 ape=0.5991
[17:48:16] warmStart (decay=exponential) 31% (335/1080) regret=0.109589 ape=0.5991
[17:48:17] warmStart (decay=exponential) 31% (336/1080) regret=0.109589 ape=0.5991
[17:48:17] warmStart (decay=exponential) 31% (337/1080) regret=0.109589 ape=0.5991
[17:48:17] warmStart (decay=exponential) 31% (338/1080) regret=0.109589 ape=0.5991
[17:48:17] warmStart (decay=exponential) 31% (339/1080) regret=0.109589 ape=0.5991
[17:48:18] warmStart (decay=exponential) 31% (340/1080) regret=0.109589 ape=0.5991
[17:48:18] warmStart (decay=exponential) 31% (341/1080) regret=0.109589 ape=0.5991
[17:48:18] warmStart (decay=exponential) 31% (342/1080) regret=0.109589 ape=0.5991
[17:48:18] warmStart (decay=exponential) 31% (343/1080) regret=0.109589 ape=0.5991
[17:48:18] warmStart (decay=exponential) 31% (344/1080) regret=0.109589 ape=0.5991
[17:48:19] warmStart (decay=exponential) 31% (345/1080) regret=0.109589 ape=0.5991
[17:48:19] warmStart (decay=exponential) 32% (346/1080) regret=0.109589 ape=0.5991
[17:48:19] warmStart (decay=exponential) 32% (347/1080) regret=0.109589 ape=0.5991
[17:48:19] warmStart (decay=exponential) 32% (348/1080) regret=0.109589 ape=0.5991
[17:48:20] warmStart (decay=exponential) 32% (349/1080) regret=0.109589 ape=0.5991
[17:48:20] warmStart (decay=exponential) 32% (350/1080) regret=0.109589 ape=0.5991
[17:48:20] warmStart (decay=exponential) 32% (351/1080) regret=0.109590 ape=0.5991
[17:48:20] warmStart (decay=exponential) 32% (352/1080) regret=0.109591 ape=0.5991
[17:48:20] warmStart (decay=exponential) 32% (353/1080) regret=0.109591 ape=0.5991
[17:48:21] warmStart (decay=exponential) 32% (354/1080) regret=0.109591 ape=0.5991
[17:48:21] warmStart (decay=exponential) 32% (355/1080) regret=0.109591 ape=0.5991
[17:48:21] warmStart (decay=exponential) 32% (356/1080) regret=0.109591 ape=0.5991
[17:48:21] warmStart (decay=exponential) 33% (357/1080) regret=0.109582 ape=0.5982
[17:48:22] warmStart (decay=exponential) 33% (358/1080) regret=0.109582 ape=0.5982
[17:48:22] warmStart (decay=exponential) 33% (359/1080) regret=0.109582 ape=0.5982
[17:48:22] warmStart (decay=exponential) 33% (360/1080) regret=0.109582 ape=0.5982
[17:48:22] warmStart (decay=exponential) 33% (361/1080) regret=0.109582 ape=0.5982
[17:48:23] warmStart (decay=exponential) 33% (362/1080) regret=0.109582 ape=0.5982
[17:48:23] warmStart (decay=exponential) 33% (363/1080) regret=0.109582 ape=0.5982
[17:48:23] warmStart (decay=exponential) 33% (364/1080) regret=0.109582 ape=0.5982
[17:48:23] warmStart (decay=exponential) 33% (365/1080) regret=0.109582 ape=0.5982
[17:48:24] warmStart (decay=exponential) 33% (366/1080) regret=0.109582 ape=0.5982
[17:48:24] warmStart (decay=exponential) 33% (367/1080) regret=0.109582 ape=0.5982
[17:48:24] warmStart (decay=exponential) 34% (368/1080) regret=0.109582 ape=0.5982
[17:48:24] warmStart (decay=exponential) 34% (369/1080) regret=0.109588 ape=0.5991
[17:48:24] warmStart (decay=exponential) 34% (370/1080) regret=0.109582 ape=0.5982
[17:48:25] warmStart (decay=exponential) 34% (371/1080) regret=0.109582 ape=0.5982
[17:48:25] warmStart (decay=exponential) 34% (372/1080) regret=0.109588 ape=0.5991
[17:48:25] warmStart (decay=exponential) 34% (373/1080) regret=0.109582 ape=0.5982
[17:48:25] warmStart (decay=exponential) 34% (374/1080) regret=0.109582 ape=0.5982
[17:48:26] warmStart (decay=exponential) 34% (375/1080) regret=0.109582 ape=0.5982
[17:48:26] warmStart (decay=exponential) 34% (376/1080) regret=0.109582 ape=0.5982
[17:48:26] warmStart (decay=exponential) 34% (377/1080) regret=0.109582 ape=0.5982
[17:48:26] warmStart (decay=exponential) 35% (378/1080) regret=0.109582 ape=0.5982
[17:48:27] warmStart (decay=exponential) 35% (379/1080) regret=0.109582 ape=0.5982
[17:48:27] warmStart (decay=exponential) 35% (380/1080) regret=0.109582 ape=0.5982
[17:48:27] warmStart (decay=exponential) 35% (381/1080) regret=0.109582 ape=0.5982
[17:48:27] warmStart (decay=exponential) 35% (382/1080) regret=0.109582 ape=0.5982
[17:48:28] warmStart (decay=exponential) 35% (383/1080) regret=0.109582 ape=0.5982
[17:48:28] warmStart (decay=exponential) 35% (384/1080) regret=0.109582 ape=0.5982
[17:48:28] warmStart (decay=exponential) 35% (385/1080) regret=0.109582 ape=0.5982
[17:48:28] warmStart (decay=exponential) 35% (386/1080) regret=0.109582 ape=0.5982
[17:48:29] warmStart (decay=exponential) 35% (387/1080) regret=0.109582 ape=0.5982
[17:48:29] warmStart (decay=exponential) 35% (388/1080) regret=0.109582 ape=0.5982
[17:48:29] warmStart (decay=exponential) 36% (389/1080) regret=0.109582 ape=0.5982
[17:48:29] warmStart (decay=exponential) 36% (390/1080) regret=0.109582 ape=0.5982
[17:48:30] warmStart (decay=exponential) 36% (391/1080) regret=0.109582 ape=0.5982
[17:48:30] warmStart (decay=exponential) 36% (392/1080) regret=0.109582 ape=0.5982
[17:48:30] warmStart (decay=exponential) 36% (393/1080) regret=0.109582 ape=0.5982
[17:48:30] warmStart (decay=exponential) 36% (394/1080) regret=0.109582 ape=0.5982
[17:48:31] warmStart (decay=exponential) 36% (395/1080) regret=0.109582 ape=0.5982
[17:48:31] warmStart (decay=exponential) 36% (396/1080) regret=0.109582 ape=0.5982
[17:48:31] warmStart (decay=exponential) 36% (397/1080) regret=0.109582 ape=0.5982
[17:48:31] warmStart (decay=exponential) 36% (398/1080) regret=0.109582 ape=0.5982
[17:48:31] warmStart (decay=exponential) 36% (399/1080) regret=0.109582 ape=0.5982
[17:48:32] warmStart (decay=exponential) 37% (400/1080) regret=0.109582 ape=0.5982
[17:48:32] warmStart (decay=exponential) 37% (401/1080) regret=0.109582 ape=0.5982
[17:48:32] warmStart (decay=exponential) 37% (402/1080) regret=0.109582 ape=0.5982
[17:48:32] warmStart (decay=exponential) 37% (403/1080) regret=0.109582 ape=0.5982
[17:48:32] warmStart (decay=exponential) 37% (404/1080) regret=0.109582 ape=0.5982
[17:48:33] warmStart (decay=exponential) 37% (405/1080) regret=0.109582 ape=0.5982
[17:48:33] warmStart (decay=exponential) 37% (406/1080) regret=0.109582 ape=0.5982
[17:48:33] warmStart (decay=exponential) 37% (407/1080) regret=0.109582 ape=0.5982
[17:48:33] warmStart (decay=exponential) 37% (408/1080) regret=0.109582 ape=0.5982
[17:48:34] warmStart (decay=exponential) 37% (409/1080) regret=0.109582 ape=0.5982
[17:48:34] warmStart (decay=exponential) 37% (410/1080) regret=0.109582 ape=0.5982
[17:48:34] warmStart (decay=exponential) 38% (411/1080) regret=0.109582 ape=0.5982
[17:48:34] warmStart (decay=exponential) 38% (412/1080) regret=0.109582 ape=0.5982
[17:48:35] warmStart (decay=exponential) 38% (413/1080) regret=0.109582 ape=0.5982
[17:48:35] warmStart (decay=exponential) 38% (414/1080) regret=0.109582 ape=0.5982
[17:48:35] warmStart (decay=exponential) 38% (415/1080) regret=0.109582 ape=0.5982
[17:48:35] warmStart (decay=exponential) 38% (416/1080) regret=0.109582 ape=0.5982
[17:48:36] warmStart (decay=exponential) 38% (417/1080) regret=0.109582 ape=0.5982
[17:48:36] warmStart (decay=exponential) 38% (418/1080) regret=0.109582 ape=0.5982
[17:48:36] warmStart (decay=exponential) 38% (419/1080) regret=0.109582 ape=0.5982
[17:48:36] warmStart (decay=exponential) 38% (420/1080) regret=0.109582 ape=0.5982
[17:48:37] warmStart (decay=exponential) 38% (421/1080) regret=0.109582 ape=0.5982
[17:48:37] warmStart (decay=exponential) 39% (422/1080) regret=0.109582 ape=0.5982
[17:48:37] warmStart (decay=exponential) 39% (423/1080) regret=0.109582 ape=0.5982
[17:48:37] warmStart (decay=exponential) 39% (424/1080) regret=0.109582 ape=0.5982
[17:48:38] warmStart (decay=exponential) 39% (425/1080) regret=0.109628 ape=0.5991
[17:48:38] warmStart (decay=exponential) 39% (426/1080) regret=0.109628 ape=0.5991
[17:48:38] warmStart (decay=exponential) 39% (427/1080) regret=0.109610 ape=0.5991
[17:48:38] warmStart (decay=exponential) 39% (428/1080) regret=0.109610 ape=0.5991
[17:48:39] warmStart (decay=exponential) 39% (429/1080) regret=0.109610 ape=0.5991
[17:48:39] warmStart (decay=exponential) 39% (430/1080) regret=0.109610 ape=0.5991
[17:48:39] warmStart (decay=exponential) 39% (431/1080) regret=0.109610 ape=0.5991
[17:48:39] warmStart (decay=exponential) 40% (432/1080) regret=0.109610 ape=0.5991
[17:48:40] warmStart (decay=exponential) 40% (433/1080) regret=0.109610 ape=0.5991
[17:48:40] warmStart (decay=exponential) 40% (434/1080) regret=0.109610 ape=0.5991
[17:48:40] warmStart (decay=exponential) 40% (435/1080) regret=0.109610 ape=0.5991
[17:48:40] warmStart (decay=exponential) 40% (436/1080) regret=0.109610 ape=0.5991
[17:48:40] warmStart (decay=exponential) 40% (437/1080) regret=0.109610 ape=0.5991
[17:48:41] warmStart (decay=exponential) 40% (438/1080) regret=0.109610 ape=0.5991
[17:48:41] warmStart (decay=exponential) 40% (439/1080) regret=0.109610 ape=0.5991
[17:48:41] warmStart (decay=exponential) 40% (440/1080) regret=0.109610 ape=0.5991
[17:48:41] warmStart (decay=exponential) 40% (441/1080) regret=0.109610 ape=0.5991
[17:48:42] warmStart (decay=exponential) 40% (442/1080) regret=0.109610 ape=0.5991
[17:48:42] warmStart (decay=exponential) 41% (443/1080) regret=0.109610 ape=0.5991
[17:48:42] warmStart (decay=exponential) 41% (444/1080) regret=0.109610 ape=0.5991
[17:48:42] warmStart (decay=exponential) 41% (445/1080) regret=0.109610 ape=0.5991
[17:48:43] warmStart (decay=exponential) 41% (446/1080) regret=0.109610 ape=0.5991
[17:48:43] warmStart (decay=exponential) 41% (447/1080) regret=0.109610 ape=0.5991
[17:48:43] warmStart (decay=exponential) 41% (448/1080) regret=0.109610 ape=0.5991
[17:48:43] warmStart (decay=exponential) 41% (449/1080) regret=0.109610 ape=0.5991
[17:48:44] warmStart (decay=exponential) 41% (450/1080) regret=0.109610 ape=0.5991
[17:48:44] warmStart (decay=exponential) 41% (451/1080) regret=0.109610 ape=0.5991
[17:48:44] warmStart (decay=exponential) 41% (452/1080) regret=0.109610 ape=0.5991
[17:48:45] warmStart (decay=exponential) 41% (453/1080) regret=0.109610 ape=0.5991
[17:48:45] warmStart (decay=exponential) 42% (454/1080) regret=0.109610 ape=0.5991
[17:48:45] warmStart (decay=exponential) 42% (455/1080) regret=0.109610 ape=0.5991
[17:48:45] warmStart (decay=exponential) 42% (456/1080) regret=0.109610 ape=0.5991
[17:48:45] warmStart (decay=exponential) 42% (457/1080) regret=0.109610 ape=0.5991
[17:48:46] warmStart (decay=exponential) 42% (458/1080) regret=0.109610 ape=0.5991
[17:48:46] warmStart (decay=exponential) 42% (459/1080) regret=0.109610 ape=0.5991
[17:48:46] warmStart (decay=exponential) 42% (460/1080) regret=0.109610 ape=0.5991
[17:48:46] warmStart (decay=exponential) 42% (461/1080) regret=0.109610 ape=0.5991
[17:48:47] warmStart (decay=exponential) 42% (462/1080) regret=0.109610 ape=0.5991
[17:48:47] warmStart (decay=exponential) 42% (463/1080) regret=0.109610 ape=0.5991
[17:48:47] warmStart (decay=exponential) 42% (464/1080) regret=0.109610 ape=0.5991
[17:48:48] warmStart (decay=exponential) 43% (465/1080) regret=0.109610 ape=0.5991
[17:48:48] warmStart (decay=exponential) 43% (466/1080) regret=0.109610 ape=0.5991
[17:48:48] warmStart (decay=exponential) 43% (467/1080) regret=0.109610 ape=0.5991
[17:48:48] warmStart (decay=exponential) 43% (468/1080) regret=0.109610 ape=0.5991
[17:48:49] warmStart (decay=exponential) 43% (469/1080) regret=0.109610 ape=0.5991
[17:48:49] warmStart (decay=exponential) 43% (470/1080) regret=0.109610 ape=0.5991
[17:48:49] warmStart (decay=exponential) 43% (471/1080) regret=0.109610 ape=0.5991
[17:48:49] warmStart (decay=exponential) 43% (472/1080) regret=0.109610 ape=0.5991
[17:48:50] warmStart (decay=exponential) 43% (473/1080) regret=0.109610 ape=0.5991
[17:48:50] warmStart (decay=exponential) 43% (474/1080) regret=0.109974 ape=0.5991
[17:48:50] warmStart (decay=exponential) 43% (475/1080) regret=0.109591 ape=0.5991
[17:48:51] warmStart (decay=exponential) 44% (476/1080) regret=0.109610 ape=0.5991
[17:48:51] warmStart (decay=exponential) 44% (477/1080) regret=0.109610 ape=0.5991
[17:48:51] warmStart (decay=exponential) 44% (478/1080) regret=0.109610 ape=0.5991
[17:48:51] warmStart (decay=exponential) 44% (479/1080) regret=0.109610 ape=0.5991
[17:48:51] warmStart (decay=exponential) 44% (480/1080) regret=0.109610 ape=0.5991
[17:48:52] warmStart (decay=exponential) 44% (481/1080) regret=0.109610 ape=0.5991
[17:48:52] warmStart (decay=exponential) 44% (482/1080) regret=0.109610 ape=0.5991
[17:48:52] warmStart (decay=exponential) 44% (483/1080) regret=0.109610 ape=0.5991
[17:48:52] warmStart (decay=exponential) 44% (484/1080) regret=0.109610 ape=0.5991
[17:48:53] warmStart (decay=exponential) 44% (485/1080) regret=0.109610 ape=0.5991
[17:48:53] warmStart (decay=exponential) 45% (486/1080) regret=0.109610 ape=0.5991
[17:48:53] warmStart (decay=exponential) 45% (487/1080) regret=0.109600 ape=0.5982
[17:48:54] warmStart (decay=exponential) 45% (488/1080) regret=0.109600 ape=0.5982
[17:48:54] warmStart (decay=exponential) 45% (489/1080) regret=0.109600 ape=0.5982
[17:48:54] warmStart (decay=exponential) 45% (490/1080) regret=0.109600 ape=0.5982
[17:48:54] warmStart (decay=exponential) 45% (491/1080) regret=0.109600 ape=0.5982
[17:48:54] warmStart (decay=exponential) 45% (492/1080) regret=0.109600 ape=0.5982
[17:48:55] warmStart (decay=exponential) 45% (493/1080) regret=0.109600 ape=0.5982
[17:48:55] warmStart (decay=exponential) 45% (494/1080) regret=0.109600 ape=0.5982
[17:48:55] warmStart (decay=exponential) 45% (495/1080) regret=0.109600 ape=0.5982
[17:48:55] warmStart (decay=exponential) 45% (496/1080) regret=0.109600 ape=0.5982
[17:48:55] warmStart (decay=exponential) 46% (497/1080) regret=0.109600 ape=0.5982
[17:48:56] warmStart (decay=exponential) 46% (498/1080) regret=0.109600 ape=0.5982
[17:48:56] warmStart (decay=exponential) 46% (499/1080) regret=0.109600 ape=0.5982
[17:48:56] warmStart (decay=exponential) 46% (500/1080) regret=0.109600 ape=0.5982
[17:48:56] warmStart (decay=exponential) 46% (501/1080) regret=0.109600 ape=0.5982
[17:48:57] warmStart (decay=exponential) 46% (502/1080) regret=0.109600 ape=0.5982
[17:48:57] warmStart (decay=exponential) 46% (503/1080) regret=0.109600 ape=0.5982
[17:48:57] warmStart (decay=exponential) 46% (504/1080) regret=0.109600 ape=0.5982
[17:48:58] warmStart (decay=exponential) 46% (505/1080) regret=0.109600 ape=0.5982
[17:48:58] warmStart (decay=exponential) 46% (506/1080) regret=0.109600 ape=0.5982
[17:48:58] warmStart (decay=exponential) 46% (507/1080) regret=0.109600 ape=0.5982
[17:48:58] warmStart (decay=exponential) 47% (508/1080) regret=0.109600 ape=0.5982
[17:48:59] warmStart (decay=exponential) 47% (509/1080) regret=0.109600 ape=0.5982
[17:48:59] warmStart (decay=exponential) 47% (510/1080) regret=0.109600 ape=0.5982
[17:48:59] warmStart (decay=exponential) 47% (511/1080) regret=0.109600 ape=0.5982
[17:48:59] warmStart (decay=exponential) 47% (512/1080) regret=0.109600 ape=0.5982
[17:48:59] warmStart (decay=exponential) 47% (513/1080) regret=0.109600 ape=0.5982
[17:49:00] warmStart (decay=exponential) 47% (514/1080) regret=0.109600 ape=0.5982
[17:49:00] warmStart (decay=exponential) 47% (515/1080) regret=0.108752 ape=0.5972
[17:49:00] warmStart (decay=exponential) 47% (516/1080) regret=0.108752 ape=0.5972
[17:49:00] warmStart (decay=exponential) 47% (517/1080) regret=0.108752 ape=0.5972
[17:49:01] warmStart (decay=exponential) 47% (518/1080) regret=0.108752 ape=0.5972
[17:49:01] warmStart (decay=exponential) 48% (519/1080) regret=0.108752 ape=0.5972
[17:49:01] warmStart (decay=exponential) 48% (520/1080) regret=0.108752 ape=0.5972
[17:49:01] warmStart (decay=exponential) 48% (521/1080) regret=0.108762 ape=0.5972
[17:49:02] warmStart (decay=exponential) 48% (522/1080) regret=0.108762 ape=0.5972
[17:49:02] warmStart (decay=exponential) 48% (523/1080) regret=0.108762 ape=0.5972
[17:49:02] warmStart (decay=exponential) 48% (524/1080) regret=0.108762 ape=0.5972
[17:49:02] warmStart (decay=exponential) 48% (525/1080) regret=0.108762 ape=0.5972
[17:49:03] warmStart (decay=exponential) 48% (526/1080) regret=0.108762 ape=0.5972
[17:49:03] warmStart (decay=exponential) 48% (527/1080) regret=0.108762 ape=0.5972
[17:49:03] warmStart (decay=exponential) 48% (528/1080) regret=0.108762 ape=0.5972
[17:49:03] warmStart (decay=exponential) 48% (529/1080) regret=0.108762 ape=0.5972
[17:49:04] warmStart (decay=exponential) 49% (530/1080) regret=0.108762 ape=0.5972
[17:49:04] warmStart (decay=exponential) 49% (531/1080) regret=0.108762 ape=0.5972
[17:49:04] warmStart (decay=exponential) 49% (532/1080) regret=0.108762 ape=0.5972
[17:49:04] warmStart (decay=exponential) 49% (533/1080) regret=0.108762 ape=0.5972
[17:49:05] warmStart (decay=exponential) 49% (534/1080) regret=0.108762 ape=0.5972
[17:49:05] warmStart (decay=exponential) 49% (535/1080) regret=0.108762 ape=0.5972
[17:49:05] warmStart (decay=exponential) 49% (536/1080) regret=0.108762 ape=0.5972
[17:49:05] warmStart (decay=exponential) 49% (537/1080) regret=0.108762 ape=0.5972
[17:49:06] warmStart (decay=exponential) 49% (538/1080) regret=0.108762 ape=0.5972
[17:49:06] warmStart (decay=exponential) 49% (539/1080) regret=0.108762 ape=0.5972
[17:49:06] warmStart (decay=exponential) 50% (540/1080) regret=0.108762 ape=0.5972
[17:49:06] warmStart (decay=exponential) 50% (541/1080) regret=0.108762 ape=0.5972
[17:49:07] warmStart (decay=exponential) 50% (542/1080) regret=0.108762 ape=0.5972
[17:49:07] warmStart (decay=exponential) 50% (543/1080) regret=0.108762 ape=0.5972
[17:49:07] warmStart (decay=exponential) 50% (544/1080) regret=0.108762 ape=0.5972
[17:49:07] warmStart (decay=exponential) 50% (545/1080) regret=0.108762 ape=0.5972
[17:49:08] warmStart (decay=exponential) 50% (546/1080) regret=0.108762 ape=0.5972
[17:49:08] warmStart (decay=exponential) 50% (547/1080) regret=0.108762 ape=0.5972
[17:49:08] warmStart (decay=exponential) 50% (548/1080) regret=0.108762 ape=0.5972
[17:49:08] warmStart (decay=exponential) 50% (549/1080) regret=0.108762 ape=0.5972
[17:49:09] warmStart (decay=exponential) 50% (550/1080) regret=0.108762 ape=0.5972
[17:49:09] warmStart (decay=exponential) 51% (551/1080) regret=0.108762 ape=0.5972
[17:49:09] warmStart (decay=exponential) 51% (552/1080) regret=0.108762 ape=0.5972
[17:49:09] warmStart (decay=exponential) 51% (553/1080) regret=0.108762 ape=0.5972
[17:49:10] warmStart (decay=exponential) 51% (554/1080) regret=0.108762 ape=0.5972
[17:49:10] warmStart (decay=exponential) 51% (555/1080) regret=0.108762 ape=0.5972
[17:49:10] warmStart (decay=exponential) 51% (556/1080) regret=0.108762 ape=0.5972
[17:49:10] warmStart (decay=exponential) 51% (557/1080) regret=0.108762 ape=0.5972
[17:49:11] warmStart (decay=exponential) 51% (558/1080) regret=0.108762 ape=0.5972
[17:49:11] warmStart (decay=exponential) 51% (559/1080) regret=0.108762 ape=0.5972
[17:49:11] warmStart (decay=exponential) 51% (560/1080) regret=0.108762 ape=0.5972
[17:49:11] warmStart (decay=exponential) 51% (561/1080) regret=0.108762 ape=0.5972
[17:49:12] warmStart (decay=exponential) 52% (562/1080) regret=0.108762 ape=0.5972
[17:49:12] warmStart (decay=exponential) 52% (563/1080) regret=0.108762 ape=0.5972
[17:49:12] warmStart (decay=exponential) 52% (564/1080) regret=0.109278 ape=0.5982
[17:49:12] warmStart (decay=exponential) 52% (565/1080) regret=0.109278 ape=0.5982
[17:49:13] warmStart (decay=exponential) 52% (566/1080) regret=0.109278 ape=0.5982
[17:49:13] warmStart (decay=exponential) 52% (567/1080) regret=0.109319 ape=0.5982
[17:49:13] warmStart (decay=exponential) 52% (568/1080) regret=0.108785 ape=0.5982
[17:49:14] warmStart (decay=exponential) 52% (569/1080) regret=0.108785 ape=0.5982
[17:49:14] warmStart (decay=exponential) 52% (570/1080) regret=0.108762 ape=0.5972
[17:49:14] warmStart (decay=exponential) 52% (571/1080) regret=0.108762 ape=0.5972
[17:49:14] warmStart (decay=exponential) 52% (572/1080) regret=0.108762 ape=0.5972
[17:49:15] warmStart (decay=exponential) 53% (573/1080) regret=0.108868 ape=0.5982
[17:49:15] warmStart (decay=exponential) 53% (574/1080) regret=0.108868 ape=0.5982
[17:49:15] warmStart (decay=exponential) 53% (575/1080) regret=0.108868 ape=0.5982
[17:49:15] warmStart (decay=exponential) 53% (576/1080) regret=0.108762 ape=0.5972
[17:49:15] warmStart (decay=exponential) 53% (577/1080) regret=0.108762 ape=0.5972
[17:49:16] warmStart (decay=exponential) 53% (578/1080) regret=0.108742 ape=0.5972
[17:49:16] warmStart (decay=exponential) 53% (579/1080) regret=0.108742 ape=0.5972
[17:49:16] warmStart (decay=exponential) 53% (580/1080) regret=0.108763 ape=0.5972
[17:49:16] warmStart (decay=exponential) 53% (581/1080) regret=0.108752 ape=0.5972
[17:49:16] warmStart (decay=exponential) 53% (582/1080) regret=0.108752 ape=0.5972
[17:49:17] warmStart (decay=exponential) 53% (583/1080) regret=0.108731 ape=0.5963
[17:49:17] warmStart (decay=exponential) 54% (584/1080) regret=0.108731 ape=0.5963
[17:49:17] warmStart (decay=exponential) 54% (585/1080) regret=0.108731 ape=0.5963
[17:49:17] warmStart (decay=exponential) 54% (586/1080) regret=0.108731 ape=0.5963
[17:49:17] warmStart (decay=exponential) 54% (587/1080) regret=0.108731 ape=0.5963
[17:49:18] warmStart (decay=exponential) 54% (588/1080) regret=0.108731 ape=0.5963
[17:49:18] warmStart (decay=exponential) 54% (589/1080) regret=0.108731 ape=0.5963
[17:49:18] warmStart (decay=exponential) 54% (590/1080) regret=0.108731 ape=0.5963
[17:49:18] warmStart (decay=exponential) 54% (591/1080) regret=0.108731 ape=0.5963
[17:49:19] warmStart (decay=exponential) 54% (592/1080) regret=0.108731 ape=0.5963
[17:49:19] warmStart (decay=exponential) 54% (593/1080) regret=0.108731 ape=0.5963
[17:49:19] warmStart (decay=exponential) 55% (594/1080) regret=0.108731 ape=0.5963
[17:49:19] warmStart (decay=exponential) 55% (595/1080) regret=0.108731 ape=0.5963
[17:49:19] warmStart (decay=exponential) 55% (596/1080) regret=0.108731 ape=0.5963
[17:49:20] warmStart (decay=exponential) 55% (597/1080) regret=0.108731 ape=0.5963
[17:49:20] warmStart (decay=exponential) 55% (598/1080) regret=0.108731 ape=0.5963
[17:49:20] warmStart (decay=exponential) 55% (599/1080) regret=0.108731 ape=0.5963
[17:49:20] warmStart (decay=exponential) 55% (600/1080) regret=0.108731 ape=0.5963
[17:49:21] warmStart (decay=exponential) 55% (601/1080) regret=0.108731 ape=0.5963
[17:49:21] warmStart (decay=exponential) 55% (602/1080) regret=0.108731 ape=0.5963
[17:49:21] warmStart (decay=exponential) 55% (603/1080) regret=0.108731 ape=0.5963
[17:49:21] warmStart (decay=exponential) 55% (604/1080) regret=0.108731 ape=0.5963
[17:49:22] warmStart (decay=exponential) 56% (605/1080) regret=0.108731 ape=0.5963
[17:49:22] warmStart (decay=exponential) 56% (606/1080) regret=0.108731 ape=0.5963
[17:49:22] warmStart (decay=exponential) 56% (607/1080) regret=0.108731 ape=0.5963
[17:49:22] warmStart (decay=exponential) 56% (608/1080) regret=0.108731 ape=0.5963
[17:49:23] warmStart (decay=exponential) 56% (609/1080) regret=0.108731 ape=0.5963
[17:49:23] warmStart (decay=exponential) 56% (610/1080) regret=0.108731 ape=0.5963
[17:49:23] warmStart (decay=exponential) 56% (611/1080) regret=0.108731 ape=0.5963
[17:49:23] warmStart (decay=exponential) 56% (612/1080) regret=0.108731 ape=0.5963
[17:49:24] warmStart (decay=exponential) 56% (613/1080) regret=0.108731 ape=0.5963
[17:49:24] warmStart (decay=exponential) 56% (614/1080) regret=0.108731 ape=0.5963
[17:49:24] warmStart (decay=exponential) 56% (615/1080) regret=0.108731 ape=0.5963
[17:49:24] warmStart (decay=exponential) 57% (616/1080) regret=0.108731 ape=0.5963
[17:49:25] warmStart (decay=exponential) 57% (617/1080) regret=0.108731 ape=0.5963
[17:49:25] warmStart (decay=exponential) 57% (618/1080) regret=0.108731 ape=0.5963
[17:49:25] warmStart (decay=exponential) 57% (619/1080) regret=0.108731 ape=0.5963
[17:49:25] warmStart (decay=exponential) 57% (620/1080) regret=0.108731 ape=0.5963
[17:49:25] warmStart (decay=exponential) 57% (621/1080) regret=0.108731 ape=0.5963
[17:49:26] warmStart (decay=exponential) 57% (622/1080) regret=0.108731 ape=0.5963
[17:49:26] warmStart (decay=exponential) 57% (623/1080) regret=0.108731 ape=0.5963
[17:49:26] warmStart (decay=exponential) 57% (624/1080) regret=0.108731 ape=0.5963
[17:49:26] warmStart (decay=exponential) 57% (625/1080) regret=0.108731 ape=0.5963
[17:49:27] warmStart (decay=exponential) 57% (626/1080) regret=0.108731 ape=0.5963
[17:49:27] warmStart (decay=exponential) 58% (627/1080) regret=0.108731 ape=0.5963
[17:49:27] warmStart (decay=exponential) 58% (628/1080) regret=0.108731 ape=0.5963
[17:49:27] warmStart (decay=exponential) 58% (629/1080) regret=0.108731 ape=0.5963
[17:49:28] warmStart (decay=exponential) 58% (630/1080) regret=0.108731 ape=0.5963
[17:49:28] warmStart (decay=exponential) 58% (631/1080) regret=0.108660 ape=0.5954
[17:49:28] warmStart (decay=exponential) 58% (632/1080) regret=0.108660 ape=0.5954
[17:49:28] warmStart (decay=exponential) 58% (633/1080) regret=0.108660 ape=0.5954
[17:49:29] warmStart (decay=exponential) 58% (634/1080) regret=0.108660 ape=0.5954
[17:49:29] warmStart (decay=exponential) 58% (635/1080) regret=0.108660 ape=0.5954
[17:49:29] warmStart (decay=exponential) 58% (636/1080) regret=0.108660 ape=0.5954
[17:49:29] warmStart (decay=exponential) 58% (637/1080) regret=0.108660 ape=0.5954
[17:49:30] warmStart (decay=exponential) 59% (638/1080) regret=0.108729 ape=0.5954
[17:49:30] warmStart (decay=exponential) 59% (639/1080) regret=0.108713 ape=0.5954
[17:49:30] warmStart (decay=exponential) 59% (640/1080) regret=0.108650 ape=0.5954
[17:49:30] warmStart (decay=exponential) 59% (641/1080) regret=0.108701 ape=0.5954
[17:49:31] warmStart (decay=exponential) 59% (642/1080) regret=0.108742 ape=0.5954
[17:49:31] warmStart (decay=exponential) 59% (643/1080) regret=0.108701 ape=0.5954
[17:49:31] warmStart (decay=exponential) 59% (644/1080) regret=0.108613 ape=0.5954
[17:49:32] warmStart (decay=exponential) 59% (645/1080) regret=0.108613 ape=0.5954
[17:49:32] warmStart (decay=exponential) 59% (646/1080) regret=0.108613 ape=0.5954
[17:49:32] warmStart (decay=exponential) 59% (647/1080) regret=0.108613 ape=0.5954
[17:49:32] warmStart (decay=exponential) 60% (648/1080) regret=0.108613 ape=0.5954
[17:49:33] warmStart (decay=exponential) 60% (649/1080) regret=0.108662 ape=0.5954
[17:49:33] warmStart (decay=exponential) 60% (650/1080) regret=0.108613 ape=0.5954
[17:49:33] warmStart (decay=exponential) 60% (651/1080) regret=0.108613 ape=0.5954
[17:49:33] warmStart (decay=exponential) 60% (652/1080) regret=0.108607 ape=0.5954
[17:49:33] warmStart (decay=exponential) 60% (653/1080) regret=0.108607 ape=0.5954
[17:49:34] warmStart (decay=exponential) 60% (654/1080) regret=0.108607 ape=0.5954
[17:49:34] warmStart (decay=exponential) 60% (655/1080) regret=0.108607 ape=0.5954
[17:49:34] warmStart (decay=exponential) 60% (656/1080) regret=0.108607 ape=0.5954
[17:49:34] warmStart (decay=exponential) 60% (657/1080) regret=0.108592 ape=0.5945
[17:49:35] warmStart (decay=exponential) 60% (658/1080) regret=0.108592 ape=0.5945
[17:49:35] warmStart (decay=exponential) 61% (659/1080) regret=0.108592 ape=0.5945
[17:49:35] warmStart (decay=exponential) 61% (660/1080) regret=0.108592 ape=0.5945
[17:49:35] warmStart (decay=exponential) 61% (661/1080) regret=0.108592 ape=0.5945
[17:49:36] warmStart (decay=exponential) 61% (662/1080) regret=0.108592 ape=0.5945
[17:49:36] warmStart (decay=exponential) 61% (663/1080) regret=0.108592 ape=0.5945
[17:49:36] warmStart (decay=exponential) 61% (664/1080) regret=0.108592 ape=0.5945
[17:49:36] warmStart (decay=exponential) 61% (665/1080) regret=0.108592 ape=0.5945
[17:49:37] warmStart (decay=exponential) 61% (666/1080) regret=0.108334 ape=0.5935
[17:49:37] warmStart (decay=exponential) 61% (667/1080) regret=0.108334 ape=0.5935
[17:49:37] warmStart (decay=exponential) 61% (668/1080) regret=0.108334 ape=0.5935
[17:49:37] warmStart (decay=exponential) 61% (669/1080) regret=0.108583 ape=0.5935
[17:49:38] warmStart (decay=exponential) 62% (670/1080) regret=0.108334 ape=0.5935
[17:49:38] warmStart (decay=exponential) 62% (671/1080) regret=0.108297 ape=0.5926
[17:49:38] warmStart (decay=exponential) 62% (672/1080) regret=0.108334 ape=0.5935
[17:49:38] warmStart (decay=exponential) 62% (673/1080) regret=0.108297 ape=0.5926
[17:49:38] warmStart (decay=exponential) 62% (674/1080) regret=0.108297 ape=0.5926
[17:49:38] warmStart (decay=exponential) 62% (675/1080) regret=0.108297 ape=0.5926
[17:49:39] warmStart (decay=exponential) 62% (676/1080) regret=0.108297 ape=0.5926
[17:49:39] warmStart (decay=exponential) 62% (677/1080) regret=0.108297 ape=0.5926
[17:49:39] warmStart (decay=exponential) 62% (678/1080) regret=0.108297 ape=0.5926
[17:49:39] warmStart (decay=exponential) 62% (679/1080) regret=0.108297 ape=0.5926
[17:49:39] warmStart (decay=exponential) 62% (680/1080) regret=0.108297 ape=0.5926
[17:49:40] warmStart (decay=exponential) 63% (681/1080) regret=0.108297 ape=0.5926
[17:49:40] warmStart (decay=exponential) 63% (682/1080) regret=0.108297 ape=0.5926
[17:49:40] warmStart (decay=exponential) 63% (683/1080) regret=0.108297 ape=0.5926
[17:49:40] warmStart (decay=exponential) 63% (684/1080) regret=0.108297 ape=0.5926
[17:49:41] warmStart (decay=exponential) 63% (685/1080) regret=0.108297 ape=0.5926
[17:49:41] warmStart (decay=exponential) 63% (686/1080) regret=0.108297 ape=0.5926
[17:49:41] warmStart (decay=exponential) 63% (687/1080) regret=0.108297 ape=0.5926
[17:49:41] warmStart (decay=exponential) 63% (688/1080) regret=0.108297 ape=0.5926
[17:49:41] warmStart (decay=exponential) 63% (689/1080) regret=0.108297 ape=0.5926
[17:49:42] warmStart (decay=exponential) 63% (690/1080) regret=0.108297 ape=0.5926
[17:49:42] warmStart (decay=exponential) 63% (691/1080) regret=0.108297 ape=0.5926
[17:49:42] warmStart (decay=exponential) 64% (692/1080) regret=0.108297 ape=0.5926
[17:49:43] warmStart (decay=exponential) 64% (693/1080) regret=0.108297 ape=0.5926
[17:49:43] warmStart (decay=exponential) 64% (694/1080) regret=0.108297 ape=0.5926
[17:49:43] warmStart (decay=exponential) 64% (695/1080) regret=0.108297 ape=0.5926
[17:49:43] warmStart (decay=exponential) 64% (696/1080) regret=0.108297 ape=0.5926
[17:49:44] warmStart (decay=exponential) 64% (697/1080) regret=0.108297 ape=0.5926
[17:49:44] warmStart (decay=exponential) 64% (698/1080) regret=0.108297 ape=0.5926
[17:49:44] warmStart (decay=exponential) 64% (699/1080) regret=0.108297 ape=0.5926
[17:49:44] warmStart (decay=exponential) 64% (700/1080) regret=0.108297 ape=0.5926
[17:49:45] warmStart (decay=exponential) 64% (701/1080) regret=0.108297 ape=0.5926
[17:49:45] warmStart (decay=exponential) 65% (702/1080) regret=0.108297 ape=0.5926
[17:49:45] warmStart (decay=exponential) 65% (703/1080) regret=0.108297 ape=0.5926
[17:49:45] warmStart (decay=exponential) 65% (704/1080) regret=0.108297 ape=0.5926
[17:49:46] warmStart (decay=exponential) 65% (705/1080) regret=0.108297 ape=0.5926
[17:49:46] warmStart (decay=exponential) 65% (706/1080) regret=0.108297 ape=0.5926
[17:49:46] warmStart (decay=exponential) 65% (707/1080) regret=0.108297 ape=0.5926
[17:49:46] warmStart (decay=exponential) 65% (708/1080) regret=0.108297 ape=0.5926
[17:49:47] warmStart (decay=exponential) 65% (709/1080) regret=0.108297 ape=0.5926
[17:49:47] warmStart (decay=exponential) 65% (710/1080) regret=0.108297 ape=0.5926
[17:49:47] warmStart (decay=exponential) 65% (711/1080) regret=0.108297 ape=0.5926
[17:49:47] warmStart (decay=exponential) 65% (712/1080) regret=0.108297 ape=0.5926
[17:49:48] warmStart (decay=exponential) 66% (713/1080) regret=0.108297 ape=0.5926
[17:49:48] warmStart (decay=exponential) 66% (714/1080) regret=0.108297 ape=0.5926
[17:49:48] warmStart (decay=exponential) 66% (715/1080) regret=0.108297 ape=0.5926
[17:49:49] warmStart (decay=exponential) 66% (716/1080) regret=0.108297 ape=0.5926
[17:49:49] warmStart (decay=exponential) 66% (717/1080) regret=0.108297 ape=0.5926
[17:49:49] warmStart (decay=exponential) 66% (718/1080) regret=0.108297 ape=0.5926
[17:49:49] warmStart (decay=exponential) 66% (719/1080) regret=0.108297 ape=0.5926
[17:49:50] warmStart (decay=exponential) 66% (720/1080) regret=0.108297 ape=0.5926
[17:49:50] warmStart (decay=exponential) 66% (721/1080) regret=0.108297 ape=0.5926
[17:49:50] warmStart (decay=exponential) 66% (722/1080) regret=0.108297 ape=0.5926
[17:49:50] warmStart (decay=exponential) 66% (723/1080) regret=0.108297 ape=0.5926
[17:49:51] warmStart (decay=exponential) 67% (724/1080) regret=0.108297 ape=0.5926
[17:49:51] warmStart (decay=exponential) 67% (725/1080) regret=0.108297 ape=0.5926
[17:49:51] warmStart (decay=exponential) 67% (726/1080) regret=0.108297 ape=0.5926
[17:49:51] warmStart (decay=exponential) 67% (727/1080) regret=0.108297 ape=0.5926
[17:49:52] warmStart (decay=exponential) 67% (728/1080) regret=0.108297 ape=0.5926
[17:49:52] warmStart (decay=exponential) 67% (729/1080) regret=0.108297 ape=0.5926
[17:49:52] warmStart (decay=exponential) 67% (730/1080) regret=0.108297 ape=0.5926
[17:49:52] warmStart (decay=exponential) 67% (731/1080) regret=0.108297 ape=0.5926
[17:49:53] warmStart (decay=exponential) 67% (732/1080) regret=0.108297 ape=0.5926
[17:49:53] warmStart (decay=exponential) 67% (733/1080) regret=0.108297 ape=0.5926
[17:49:53] warmStart (decay=exponential) 67% (734/1080) regret=0.108297 ape=0.5926
[17:49:54] warmStart (decay=exponential) 68% (735/1080) regret=0.108297 ape=0.5926
[17:49:54] warmStart (decay=exponential) 68% (736/1080) regret=0.108297 ape=0.5926
[17:49:54] warmStart (decay=exponential) 68% (737/1080) regret=0.108297 ape=0.5926
[17:49:54] warmStart (decay=exponential) 68% (738/1080) regret=0.108297 ape=0.5926
[17:49:55] warmStart (decay=exponential) 68% (739/1080) regret=0.108297 ape=0.5926
[17:49:55] warmStart (decay=exponential) 68% (740/1080) regret=0.108297 ape=0.5926
[17:49:55] warmStart (decay=exponential) 68% (741/1080) regret=0.108297 ape=0.5926
[17:49:55] warmStart (decay=exponential) 68% (742/1080) regret=0.108297 ape=0.5926
[17:49:56] warmStart (decay=exponential) 68% (743/1080) regret=0.108297 ape=0.5926
[17:49:56] warmStart (decay=exponential) 68% (744/1080) regret=0.108297 ape=0.5926
[17:49:56] warmStart (decay=exponential) 68% (745/1080) regret=0.108297 ape=0.5926
[17:49:57] warmStart (decay=exponential) 69% (746/1080) regret=0.108297 ape=0.5926
[17:49:57] warmStart (decay=exponential) 69% (747/1080) regret=0.108297 ape=0.5926
[17:49:57] warmStart (decay=exponential) 69% (748/1080) regret=0.108297 ape=0.5926
[17:49:57] warmStart (decay=exponential) 69% (749/1080) regret=0.108297 ape=0.5926
[17:49:58] warmStart (decay=exponential) 69% (750/1080) regret=0.108297 ape=0.5926
[17:49:58] warmStart (decay=exponential) 69% (751/1080) regret=0.108297 ape=0.5926
[17:49:58] warmStart (decay=exponential) 69% (752/1080) regret=0.108297 ape=0.5926
[17:49:58] warmStart (decay=exponential) 69% (753/1080) regret=0.108297 ape=0.5926
[17:49:59] warmStart (decay=exponential) 69% (754/1080) regret=0.108297 ape=0.5926
[17:49:59] warmStart (decay=exponential) 69% (755/1080) regret=0.108297 ape=0.5926
[17:49:59] warmStart (decay=exponential) 70% (756/1080) regret=0.108297 ape=0.5926
[17:49:59] warmStart (decay=exponential) 70% (757/1080) regret=0.108297 ape=0.5926
[17:50:00] warmStart (decay=exponential) 70% (758/1080) regret=0.108297 ape=0.5926
[17:50:00] warmStart (decay=exponential) 70% (759/1080) regret=0.108297 ape=0.5926
[17:50:00] warmStart (decay=exponential) 70% (760/1080) regret=0.108297 ape=0.5926
[17:50:00] warmStart (decay=exponential) 70% (761/1080) regret=0.108297 ape=0.5926
[17:50:00] warmStart (decay=exponential) 70% (762/1080) regret=0.108297 ape=0.5926
[17:50:01] warmStart (decay=exponential) 70% (763/1080) regret=0.108297 ape=0.5926
[17:50:01] warmStart (decay=exponential) 70% (764/1080) regret=0.108297 ape=0.5926
[17:50:01] warmStart (decay=exponential) 70% (765/1080) regret=0.108297 ape=0.5926
[17:50:01] warmStart (decay=exponential) 70% (766/1080) regret=0.108297 ape=0.5926
[17:50:01] warmStart (decay=exponential) 71% (767/1080) regret=0.108104 ape=0.5917
[17:50:02] warmStart (decay=exponential) 71% (768/1080) regret=0.108104 ape=0.5917
[17:50:02] warmStart (decay=exponential) 71% (769/1080) regret=0.108104 ape=0.5917
[17:50:02] warmStart (decay=exponential) 71% (770/1080) regret=0.108104 ape=0.5917
[17:50:02] warmStart (decay=exponential) 71% (771/1080) regret=0.108104 ape=0.5917
[17:50:02] warmStart (decay=exponential) 71% (772/1080) regret=0.108104 ape=0.5917
[17:50:03] warmStart (decay=exponential) 71% (773/1080) regret=0.108104 ape=0.5917
[17:50:03] warmStart (decay=exponential) 71% (774/1080) regret=0.108104 ape=0.5917
[17:50:03] warmStart (decay=exponential) 71% (775/1080) regret=0.108104 ape=0.5917
[17:50:03] warmStart (decay=exponential) 71% (776/1080) regret=0.108104 ape=0.5917
[17:50:04] warmStart (decay=exponential) 71% (777/1080) regret=0.108104 ape=0.5917
[17:50:04] warmStart (decay=exponential) 72% (778/1080) regret=0.108104 ape=0.5917
[17:50:04] warmStart (decay=exponential) 72% (779/1080) regret=0.108104 ape=0.5917
[17:50:05] warmStart (decay=exponential) 72% (780/1080) regret=0.108104 ape=0.5917
[17:50:05] warmStart (decay=exponential) 72% (781/1080) regret=0.108104 ape=0.5917
[17:50:05] warmStart (decay=exponential) 72% (782/1080) regret=0.108104 ape=0.5917
[17:50:05] warmStart (decay=exponential) 72% (783/1080) regret=0.108104 ape=0.5917
[17:50:05] warmStart (decay=exponential) 72% (784/1080) regret=0.108104 ape=0.5917
[17:50:06] warmStart (decay=exponential) 72% (785/1080) regret=0.108104 ape=0.5917
[17:50:06] warmStart (decay=exponential) 72% (786/1080) regret=0.108104 ape=0.5917
[17:50:06] warmStart (decay=exponential) 72% (787/1080) regret=0.108104 ape=0.5917
[17:50:06] warmStart (decay=exponential) 72% (788/1080) regret=0.108104 ape=0.5917
[17:50:07] warmStart (decay=exponential) 73% (789/1080) regret=0.108104 ape=0.5917
[17:50:07] warmStart (decay=exponential) 73% (790/1080) regret=0.108104 ape=0.5917
[17:50:07] warmStart (decay=exponential) 73% (791/1080) regret=0.108104 ape=0.5917
[17:50:07] warmStart (decay=exponential) 73% (792/1080) regret=0.108104 ape=0.5917
[17:50:08] warmStart (decay=exponential) 73% (793/1080) regret=0.108104 ape=0.5917
[17:50:08] warmStart (decay=exponential) 73% (794/1080) regret=0.108104 ape=0.5917
[17:50:08] warmStart (decay=exponential) 73% (795/1080) regret=0.108104 ape=0.5917
[17:50:08] warmStart (decay=exponential) 73% (796/1080) regret=0.108104 ape=0.5917
[17:50:09] warmStart (decay=exponential) 73% (797/1080) regret=0.108104 ape=0.5917
[17:50:09] warmStart (decay=exponential) 73% (798/1080) regret=0.108104 ape=0.5917
[17:50:09] warmStart (decay=exponential) 73% (799/1080) regret=0.108104 ape=0.5917
[17:50:09] warmStart (decay=exponential) 74% (800/1080) regret=0.108104 ape=0.5917
[17:50:09] warmStart (decay=exponential) 74% (801/1080) regret=0.108104 ape=0.5917
[17:50:10] warmStart (decay=exponential) 74% (802/1080) regret=0.108104 ape=0.5917
[17:50:10] warmStart (decay=exponential) 74% (803/1080) regret=0.108104 ape=0.5917
[17:50:10] warmStart (decay=exponential) 74% (804/1080) regret=0.108104 ape=0.5917
[17:50:10] warmStart (decay=exponential) 74% (805/1080) regret=0.108104 ape=0.5917
[17:50:11] warmStart (decay=exponential) 74% (806/1080) regret=0.108104 ape=0.5917
[17:50:11] warmStart (decay=exponential) 74% (807/1080) regret=0.108104 ape=0.5917
[17:50:11] warmStart (decay=exponential) 74% (808/1080) regret=0.108104 ape=0.5917
[17:50:12] warmStart (decay=exponential) 74% (809/1080) regret=0.108104 ape=0.5917
[17:50:12] warmStart (decay=exponential) 75% (810/1080) regret=0.108104 ape=0.5917
[17:50:12] warmStart (decay=exponential) 75% (811/1080) regret=0.108104 ape=0.5917
[17:50:12] warmStart (decay=exponential) 75% (812/1080) regret=0.108104 ape=0.5917
[17:50:13] warmStart (decay=exponential) 75% (813/1080) regret=0.108104 ape=0.5917
[17:50:13] warmStart (decay=exponential) 75% (814/1080) regret=0.108104 ape=0.5917
[17:50:13] warmStart (decay=exponential) 75% (815/1080) regret=0.108104 ape=0.5917
[17:50:13] warmStart (decay=exponential) 75% (816/1080) regret=0.108104 ape=0.5917
[17:50:13] warmStart (decay=exponential) 75% (817/1080) regret=0.108104 ape=0.5917
[17:50:14] warmStart (decay=exponential) 75% (818/1080) regret=0.108104 ape=0.5917
[17:50:14] warmStart (decay=exponential) 75% (819/1080) regret=0.108104 ape=0.5917
[17:50:14] warmStart (decay=exponential) 75% (820/1080) regret=0.108104 ape=0.5917
[17:50:14] warmStart (decay=exponential) 76% (821/1080) regret=0.108104 ape=0.5917
[17:50:15] warmStart (decay=exponential) 76% (822/1080) regret=0.108104 ape=0.5917
[17:50:15] warmStart (decay=exponential) 76% (823/1080) regret=0.108104 ape=0.5917
[17:50:15] warmStart (decay=exponential) 76% (824/1080) regret=0.108104 ape=0.5917
[17:50:15] warmStart (decay=exponential) 76% (825/1080) regret=0.108104 ape=0.5917
[17:50:15] warmStart (decay=exponential) 76% (826/1080) regret=0.108104 ape=0.5917
[17:50:16] warmStart (decay=exponential) 76% (827/1080) regret=0.108104 ape=0.5917
[17:50:16] warmStart (decay=exponential) 76% (828/1080) regret=0.108104 ape=0.5917
[17:50:16] warmStart (decay=exponential) 76% (829/1080) regret=0.108104 ape=0.5917
[17:50:17] warmStart (decay=exponential) 76% (830/1080) regret=0.108104 ape=0.5917
[17:50:17] warmStart (decay=exponential) 76% (831/1080) regret=0.108104 ape=0.5917
[17:50:17] warmStart (decay=exponential) 77% (832/1080) regret=0.108104 ape=0.5917
[17:50:17] warmStart (decay=exponential) 77% (833/1080) regret=0.108104 ape=0.5917
[17:50:17] warmStart (decay=exponential) 77% (834/1080) regret=0.108104 ape=0.5917
[17:50:18] warmStart (decay=exponential) 77% (835/1080) regret=0.108104 ape=0.5917
[17:50:18] warmStart (decay=exponential) 77% (836/1080) regret=0.108104 ape=0.5917
[17:50:18] warmStart (decay=exponential) 77% (837/1080) regret=0.108104 ape=0.5917
[17:50:18] warmStart (decay=exponential) 77% (838/1080) regret=0.108104 ape=0.5917
[17:50:19] warmStart (decay=exponential) 77% (839/1080) regret=0.108104 ape=0.5917
[17:50:19] warmStart (decay=exponential) 77% (840/1080) regret=0.108104 ape=0.5917
[17:50:19] warmStart (decay=exponential) 77% (841/1080) regret=0.108104 ape=0.5917
[17:50:19] warmStart (decay=exponential) 77% (842/1080) regret=0.108104 ape=0.5917
[17:50:20] warmStart (decay=exponential) 78% (843/1080) regret=0.108104 ape=0.5917
[17:50:20] warmStart (decay=exponential) 78% (844/1080) regret=0.108104 ape=0.5917
[17:50:20] warmStart (decay=exponential) 78% (845/1080) regret=0.107947 ape=0.5917
[17:50:20] warmStart (decay=exponential) 78% (846/1080) regret=0.107947 ape=0.5917
[17:50:21] warmStart (decay=exponential) 78% (847/1080) regret=0.107947 ape=0.5917
[17:50:21] warmStart (decay=exponential) 78% (848/1080) regret=0.108138 ape=0.5917
[17:50:21] warmStart (decay=exponential) 78% (849/1080) regret=0.107983 ape=0.5917
[17:50:21] warmStart (decay=exponential) 78% (850/1080) regret=0.107917 ape=0.5908
[17:50:22] warmStart (decay=exponential) 78% (851/1080) regret=0.107917 ape=0.5908
[17:50:22] warmStart (decay=exponential) 78% (852/1080) regret=0.107917 ape=0.5908
[17:50:22] warmStart (decay=exponential) 78% (853/1080) regret=0.107917 ape=0.5908
[17:50:22] warmStart (decay=exponential) 79% (854/1080) regret=0.107917 ape=0.5908
[17:50:22] warmStart (decay=exponential) 79% (855/1080) regret=0.107947 ape=0.5917
[17:50:23] warmStart (decay=exponential) 79% (856/1080) regret=0.107947 ape=0.5917
[17:50:23] warmStart (decay=exponential) 79% (857/1080) regret=0.107947 ape=0.5917
[17:50:23] warmStart (decay=exponential) 79% (858/1080) regret=0.108025 ape=0.5917
[17:50:23] warmStart (decay=exponential) 79% (859/1080) regret=0.107947 ape=0.5917
[17:50:23] warmStart (decay=exponential) 79% (860/1080) regret=0.107947 ape=0.5917
[17:50:24] warmStart (decay=exponential) 79% (861/1080) regret=0.107933 ape=0.5908
[17:50:24] warmStart (decay=exponential) 79% (862/1080) regret=0.107947 ape=0.5917
[17:50:24] warmStart (decay=exponential) 79% (863/1080) regret=0.107933 ape=0.5908
[17:50:24] warmStart (decay=exponential) 80% (864/1080) regret=0.107947 ape=0.5917
[17:50:24] warmStart (decay=exponential) 80% (865/1080) regret=0.107947 ape=0.5917
[17:50:24] warmStart (decay=exponential) 80% (866/1080) regret=0.107947 ape=0.5917
[17:50:25] warmStart (decay=exponential) 80% (867/1080) regret=0.108113 ape=0.5926
[17:50:25] warmStart (decay=exponential) 80% (868/1080) regret=0.108067 ape=0.5926
[17:50:25] warmStart (decay=exponential) 80% (869/1080) regret=0.108067 ape=0.5926
[17:50:25] warmStart (decay=exponential) 80% (870/1080) regret=0.108048 ape=0.5926
[17:50:26] warmStart (decay=exponential) 80% (871/1080) regret=0.108048 ape=0.5926
[17:50:26] warmStart (decay=exponential) 80% (872/1080) regret=0.107947 ape=0.5917
[17:50:26] warmStart (decay=exponential) 80% (873/1080) regret=0.107947 ape=0.5917
[17:50:26] warmStart (decay=exponential) 80% (874/1080) regret=0.107947 ape=0.5917
[17:50:26] warmStart (decay=exponential) 81% (875/1080) regret=0.107947 ape=0.5917
[17:50:27] warmStart (decay=exponential) 81% (876/1080) regret=0.108025 ape=0.5926
[17:50:27] warmStart (decay=exponential) 81% (877/1080) regret=0.108118 ape=0.5926
[17:50:27] warmStart (decay=exponential) 81% (878/1080) regret=0.108118 ape=0.5926
[17:50:28] warmStart (decay=exponential) 81% (879/1080) regret=0.107952 ape=0.5926
[17:50:28] warmStart (decay=exponential) 81% (880/1080) regret=0.107952 ape=0.5926
[17:50:28] warmStart (decay=exponential) 81% (881/1080) regret=0.107952 ape=0.5926
[17:50:28] warmStart (decay=exponential) 81% (882/1080) regret=0.107952 ape=0.5926
[17:50:29] warmStart (decay=exponential) 81% (883/1080) regret=0.107952 ape=0.5926
[17:50:29] warmStart (decay=exponential) 81% (884/1080) regret=0.107952 ape=0.5926
[17:50:29] warmStart (decay=exponential) 81% (885/1080) regret=0.107896 ape=0.5926
[17:50:29] warmStart (decay=exponential) 82% (886/1080) regret=0.107901 ape=0.5926
[17:50:29] warmStart (decay=exponential) 82% (887/1080) regret=0.107901 ape=0.5926
[17:50:30] warmStart (decay=exponential) 82% (888/1080) regret=0.107901 ape=0.5926
[17:50:30] warmStart (decay=exponential) 82% (889/1080) regret=0.107901 ape=0.5926
[17:50:30] warmStart (decay=exponential) 82% (890/1080) regret=0.107901 ape=0.5926
[17:50:30] warmStart (decay=exponential) 82% (891/1080) regret=0.107896 ape=0.5926
[17:50:31] warmStart (decay=exponential) 82% (892/1080) regret=0.107900 ape=0.5926
[17:50:31] warmStart (decay=exponential) 82% (893/1080) regret=0.107901 ape=0.5926
[17:50:31] warmStart (decay=exponential) 82% (894/1080) regret=0.107901 ape=0.5926
[17:50:31] warmStart (decay=exponential) 82% (895/1080) regret=0.107901 ape=0.5926
[17:50:32] warmStart (decay=exponential) 82% (896/1080) regret=0.107901 ape=0.5926
[17:50:32] warmStart (decay=exponential) 83% (897/1080) regret=0.107901 ape=0.5926
[17:50:32] warmStart (decay=exponential) 83% (898/1080) regret=0.107907 ape=0.5926
[17:50:32] warmStart (decay=exponential) 83% (899/1080) regret=0.107907 ape=0.5926
[17:50:32] warmStart (decay=exponential) 83% (900/1080) regret=0.107899 ape=0.5926
[17:50:33] warmStart (decay=exponential) 83% (901/1080) regret=0.107899 ape=0.5926
[17:50:33] warmStart (decay=exponential) 83% (902/1080) regret=0.107899 ape=0.5926
[17:50:33] warmStart (decay=exponential) 83% (903/1080) regret=0.107899 ape=0.5926
[17:50:33] warmStart (decay=exponential) 83% (904/1080) regret=0.107899 ape=0.5926
[17:50:34] warmStart (decay=exponential) 83% (905/1080) regret=0.107899 ape=0.5926
[17:50:34] warmStart (decay=exponential) 83% (906/1080) regret=0.107899 ape=0.5926
[17:50:34] warmStart (decay=exponential) 83% (907/1080) regret=0.107899 ape=0.5926
[17:50:34] warmStart (decay=exponential) 84% (908/1080) regret=0.107899 ape=0.5926
[17:50:35] warmStart (decay=exponential) 84% (909/1080) regret=0.107899 ape=0.5926
[17:50:35] warmStart (decay=exponential) 84% (910/1080) regret=0.108379 ape=0.5935
[17:50:35] warmStart (decay=exponential) 84% (911/1080) regret=0.107899 ape=0.5926
[17:50:35] warmStart (decay=exponential) 84% (912/1080) regret=0.107899 ape=0.5926
[17:50:36] warmStart (decay=exponential) 84% (913/1080) regret=0.107899 ape=0.5926
[17:50:36] warmStart (decay=exponential) 84% (914/1080) regret=0.108052 ape=0.5935
[17:50:36] warmStart (decay=exponential) 84% (915/1080) regret=0.107899 ape=0.5926
[17:50:36] warmStart (decay=exponential) 84% (916/1080) regret=0.107992 ape=0.5935
[17:50:37] warmStart (decay=exponential) 84% (917/1080) regret=0.107899 ape=0.5926
[17:50:37] warmStart (decay=exponential) 85% (918/1080) regret=0.107899 ape=0.5926
[17:50:37] warmStart (decay=exponential) 85% (919/1080) regret=0.107899 ape=0.5926
[17:50:37] warmStart (decay=exponential) 85% (920/1080) regret=0.107899 ape=0.5926
[17:50:38] warmStart (decay=exponential) 85% (921/1080) regret=0.107899 ape=0.5926
[17:50:38] warmStart (decay=exponential) 85% (922/1080) regret=0.107899 ape=0.5926
[17:50:38] warmStart (decay=exponential) 85% (923/1080) regret=0.107899 ape=0.5926
[17:50:38] warmStart (decay=exponential) 85% (924/1080) regret=0.107899 ape=0.5926
[17:50:39] warmStart (decay=exponential) 85% (925/1080) regret=0.107899 ape=0.5926
[17:50:39] warmStart (decay=exponential) 85% (926/1080) regret=0.107899 ape=0.5926
[17:50:39] warmStart (decay=exponential) 85% (927/1080) regret=0.107899 ape=0.5926
[17:50:39] warmStart (decay=exponential) 85% (928/1080) regret=0.107780 ape=0.5926
[17:50:40] warmStart (decay=exponential) 86% (929/1080) regret=0.107780 ape=0.5926
[17:50:40] warmStart (decay=exponential) 86% (930/1080) regret=0.107798 ape=0.5926
[17:50:40] warmStart (decay=exponential) 86% (931/1080) regret=0.107826 ape=0.5926
[17:50:40] warmStart (decay=exponential) 86% (932/1080) regret=0.107826 ape=0.5926
[17:50:41] warmStart (decay=exponential) 86% (933/1080) regret=0.107697 ape=0.5926
[17:50:41] warmStart (decay=exponential) 86% (934/1080) regret=0.107697 ape=0.5926
[17:50:41] warmStart (decay=exponential) 86% (935/1080) regret=0.107264 ape=0.5917
[17:50:41] warmStart (decay=exponential) 86% (936/1080) regret=0.107264 ape=0.5917
[17:50:42] warmStart (decay=exponential) 86% (937/1080) regret=0.107264 ape=0.5917
[17:50:42] warmStart (decay=exponential) 86% (938/1080) regret=0.107264 ape=0.5917
[17:50:42] warmStart (decay=exponential) 86% (939/1080) regret=0.107264 ape=0.5917
[17:50:42] warmStart (decay=exponential) 87% (940/1080) regret=0.107264 ape=0.5917
[17:50:42] warmStart (decay=exponential) 87% (941/1080) regret=0.107264 ape=0.5917
[17:50:43] warmStart (decay=exponential) 87% (942/1080) regret=0.107264 ape=0.5917
[17:50:43] warmStart (decay=exponential) 87% (943/1080) regret=0.107264 ape=0.5917
[17:50:43] warmStart (decay=exponential) 87% (944/1080) regret=0.107264 ape=0.5917
[17:50:43] warmStart (decay=exponential) 87% (945/1080) regret=0.107264 ape=0.5917
[17:50:43] warmStart (decay=exponential) 87% (946/1080) regret=0.107273 ape=0.5917
[17:50:44] warmStart (decay=exponential) 87% (947/1080) regret=0.107264 ape=0.5917
[17:50:44] warmStart (decay=exponential) 87% (948/1080) regret=0.107264 ape=0.5917
[17:50:44] warmStart (decay=exponential) 87% (949/1080) regret=0.107264 ape=0.5917
[17:50:44] warmStart (decay=exponential) 87% (950/1080) regret=0.107264 ape=0.5917
[17:50:45] warmStart (decay=exponential) 88% (951/1080) regret=0.107264 ape=0.5917
[17:50:45] warmStart (decay=exponential) 88% (952/1080) regret=0.107270 ape=0.5917
[17:50:45] warmStart (decay=exponential) 88% (953/1080) regret=0.107270 ape=0.5917
[17:50:45] warmStart (decay=exponential) 88% (954/1080) regret=0.107270 ape=0.5917
[17:50:46] warmStart (decay=exponential) 88% (955/1080) regret=0.107270 ape=0.5917
[17:50:46] warmStart (decay=exponential) 88% (956/1080) regret=0.107270 ape=0.5917
[17:50:46] warmStart (decay=exponential) 88% (957/1080) regret=0.107270 ape=0.5917
[17:50:46] warmStart (decay=exponential) 88% (958/1080) regret=0.107261 ape=0.5908
[17:50:46] warmStart (decay=exponential) 88% (959/1080) regret=0.107261 ape=0.5908
[17:50:47] warmStart (decay=exponential) 88% (960/1080) regret=0.107261 ape=0.5908
[17:50:47] warmStart (decay=exponential) 88% (961/1080) regret=0.107261 ape=0.5908
[17:50:47] warmStart (decay=exponential) 89% (962/1080) regret=0.107261 ape=0.5908
[17:50:47] warmStart (decay=exponential) 89% (963/1080) regret=0.107264 ape=0.5917
[17:50:47] warmStart (decay=exponential) 89% (964/1080) regret=0.107261 ape=0.5908
[17:50:48] warmStart (decay=exponential) 89% (965/1080) regret=0.107264 ape=0.5917
[17:50:48] warmStart (decay=exponential) 89% (966/1080) regret=0.107264 ape=0.5917
[17:50:48] warmStart (decay=exponential) 89% (967/1080) regret=0.107264 ape=0.5917
[17:50:48] warmStart (decay=exponential) 89% (968/1080) regret=0.107264 ape=0.5917
[17:50:48] warmStart (decay=exponential) 89% (969/1080) regret=0.107261 ape=0.5908
[17:50:49] warmStart (decay=exponential) 89% (970/1080) regret=0.107264 ape=0.5917
[17:50:49] warmStart (decay=exponential) 89% (971/1080) regret=0.107264 ape=0.5917
[17:50:49] warmStart (decay=exponential) 90% (972/1080) regret=0.107264 ape=0.5917
[17:50:49] warmStart (decay=exponential) 90% (973/1080) regret=0.107264 ape=0.5917
[17:50:50] warmStart (decay=exponential) 90% (974/1080) regret=0.107264 ape=0.5917
[17:50:50] warmStart (decay=exponential) 90% (975/1080) regret=0.107264 ape=0.5917
[17:50:50] warmStart (decay=exponential) 90% (976/1080) regret=0.107264 ape=0.5917
[17:50:50] warmStart (decay=exponential) 90% (977/1080) regret=0.107264 ape=0.5917
[17:50:51] warmStart (decay=exponential) 90% (978/1080) regret=0.107264 ape=0.5917
[17:50:51] warmStart (decay=exponential) 90% (979/1080) regret=0.107264 ape=0.5917
[17:50:51] warmStart (decay=exponential) 90% (980/1080) regret=0.107346 ape=0.5926
[17:50:51] warmStart (decay=exponential) 90% (981/1080) regret=0.107356 ape=0.5926
[17:50:52] warmStart (decay=exponential) 90% (982/1080) regret=0.107356 ape=0.5926
[17:50:52] warmStart (decay=exponential) 91% (983/1080) regret=0.107356 ape=0.5926
[17:50:52] warmStart (decay=exponential) 91% (984/1080) regret=0.107356 ape=0.5926
[17:50:52] warmStart (decay=exponential) 91% (985/1080) regret=0.107356 ape=0.5926
[17:50:52] warmStart (decay=exponential) 91% (986/1080) regret=0.107356 ape=0.5926
[17:50:53] warmStart (decay=exponential) 91% (987/1080) regret=0.107356 ape=0.5926
[17:50:53] warmStart (decay=exponential) 91% (988/1080) regret=0.107356 ape=0.5926
[17:50:53] warmStart (decay=exponential) 91% (989/1080) regret=0.107356 ape=0.5926
[17:50:53] warmStart (decay=exponential) 91% (990/1080) regret=0.107356 ape=0.5926
[17:50:54] warmStart (decay=exponential) 91% (991/1080) regret=0.107356 ape=0.5926
[17:50:54] warmStart (decay=exponential) 91% (992/1080) regret=0.107356 ape=0.5926
[17:50:54] warmStart (decay=exponential) 91% (993/1080) regret=0.107356 ape=0.5926
[17:50:54] warmStart (decay=exponential) 92% (994/1080) regret=0.107356 ape=0.5926
[17:50:55] warmStart (decay=exponential) 92% (995/1080) regret=0.107356 ape=0.5926
[17:50:55] warmStart (decay=exponential) 92% (996/1080) regret=0.107356 ape=0.5926
[17:50:55] warmStart (decay=exponential) 92% (997/1080) regret=0.107356 ape=0.5926
[17:50:55] warmStart (decay=exponential) 92% (998/1080) regret=0.107356 ape=0.5926
[17:50:55] warmStart (decay=exponential) 92% (999/1080) regret=0.107356 ape=0.5926
[17:50:56] warmStart (decay=exponential) 92% (1000/1080) regret=0.107356 ape=0.5926
[17:50:56] warmStart (decay=exponential) 92% (1001/1080) regret=0.107356 ape=0.5926
[17:50:56] warmStart (decay=exponential) 92% (1002/1080) regret=0.107356 ape=0.5926
[17:50:56] warmStart (decay=exponential) 92% (1003/1080) regret=0.107356 ape=0.5926
[17:50:57] warmStart (decay=exponential) 92% (1004/1080) regret=0.107356 ape=0.5926
[17:50:57] warmStart (decay=exponential) 93% (1005/1080) regret=0.107356 ape=0.5926
[17:50:57] warmStart (decay=exponential) 93% (1006/1080) regret=0.107356 ape=0.5926
[17:50:57] warmStart (decay=exponential) 93% (1007/1080) regret=0.107356 ape=0.5926
[17:50:58] warmStart (decay=exponential) 93% (1008/1080) regret=0.107356 ape=0.5926
[17:50:58] warmStart (decay=exponential) 93% (1009/1080) regret=0.107356 ape=0.5926
[17:50:58] warmStart (decay=exponential) 93% (1010/1080) regret=0.107356 ape=0.5926
[17:50:58] warmStart (decay=exponential) 93% (1011/1080) regret=0.107356 ape=0.5926
[17:50:59] warmStart (decay=exponential) 93% (1012/1080) regret=0.107356 ape=0.5926
[17:50:59] warmStart (decay=exponential) 93% (1013/1080) regret=0.107356 ape=0.5926
[17:50:59] warmStart (decay=exponential) 93% (1014/1080) regret=0.107356 ape=0.5926
[17:50:59] warmStart (decay=exponential) 93% (1015/1080) regret=0.107356 ape=0.5926
[17:51:00] warmStart (decay=exponential) 94% (1016/1080) regret=0.107356 ape=0.5926
[17:51:00] warmStart (decay=exponential) 94% (1017/1080) regret=0.107356 ape=0.5926
[17:51:00] warmStart (decay=exponential) 94% (1018/1080) regret=0.107356 ape=0.5926
[17:51:00] warmStart (decay=exponential) 94% (1019/1080) regret=0.107356 ape=0.5926
[17:51:01] warmStart (decay=exponential) 94% (1020/1080) regret=0.107356 ape=0.5926
[17:51:01] warmStart (decay=exponential) 94% (1021/1080) regret=0.107356 ape=0.5926
[17:51:01] warmStart (decay=exponential) 94% (1022/1080) regret=0.107356 ape=0.5926
[17:51:01] warmStart (decay=exponential) 94% (1023/1080) regret=0.107356 ape=0.5926
[17:51:02] warmStart (decay=exponential) 94% (1024/1080) regret=0.107356 ape=0.5926
[17:51:02] warmStart (decay=exponential) 94% (1025/1080) regret=0.107356 ape=0.5926
[17:51:02] warmStart (decay=exponential) 95% (1026/1080) regret=0.107356 ape=0.5926
[17:51:02] warmStart (decay=exponential) 95% (1027/1080) regret=0.107356 ape=0.5926
[17:51:03] warmStart (decay=exponential) 95% (1028/1080) regret=0.107356 ape=0.5926
[17:51:03] warmStart (decay=exponential) 95% (1029/1080) regret=0.107356 ape=0.5926
[17:51:03] warmStart (decay=exponential) 95% (1030/1080) regret=0.107577 ape=0.5935
[17:51:03] warmStart (decay=exponential) 95% (1031/1080) regret=0.107356 ape=0.5926
[17:51:04] warmStart (decay=exponential) 95% (1032/1080) regret=0.107356 ape=0.5926
[17:51:04] warmStart (decay=exponential) 95% (1033/1080) regret=0.107356 ape=0.5926
[17:51:04] warmStart (decay=exponential) 95% (1034/1080) regret=0.107356 ape=0.5926
[17:51:04] warmStart (decay=exponential) 95% (1035/1080) regret=0.107356 ape=0.5926
[17:51:05] warmStart (decay=exponential) 95% (1036/1080) regret=0.107356 ape=0.5926
[17:51:05] warmStart (decay=exponential) 96% (1037/1080) regret=0.107356 ape=0.5926
[17:51:05] warmStart (decay=exponential) 96% (1038/1080) regret=0.107356 ape=0.5926
[17:51:05] warmStart (decay=exponential) 96% (1039/1080) regret=0.107356 ape=0.5926
[17:51:06] warmStart (decay=exponential) 96% (1040/1080) regret=0.107356 ape=0.5926
[17:51:06] warmStart (decay=exponential) 96% (1041/1080) regret=0.107356 ape=0.5926
[17:51:06] warmStart (decay=exponential) 96% (1042/1080) regret=0.107356 ape=0.5926
[17:51:06] warmStart (decay=exponential) 96% (1043/1080) regret=0.107356 ape=0.5926
[17:51:07] warmStart (decay=exponential) 96% (1044/1080) regret=0.107356 ape=0.5926
[17:51:07] warmStart (decay=exponential) 96% (1045/1080) regret=0.107356 ape=0.5926
[17:51:07] warmStart (decay=exponential) 96% (1046/1080) regret=0.107356 ape=0.5926
[17:51:07] warmStart (decay=exponential) 96% (1047/1080) regret=0.107356 ape=0.5926
[17:51:08] warmStart (decay=exponential) 97% (1048/1080) regret=0.107356 ape=0.5926
[17:51:08] warmStart (decay=exponential) 97% (1049/1080) regret=0.107356 ape=0.5926
[17:51:08] warmStart (decay=exponential) 97% (1050/1080) regret=0.107356 ape=0.5926
[17:51:08] warmStart (decay=exponential) 97% (1051/1080) regret=0.107356 ape=0.5926
[17:51:08] warmStart (decay=exponential) 97% (1052/1080) regret=0.107356 ape=0.5926
[17:51:09] warmStart (decay=exponential) 97% (1053/1080) regret=0.107356 ape=0.5926
[17:51:09] warmStart (decay=exponential) 97% (1054/1080) regret=0.107356 ape=0.5926
[17:51:09] warmStart (decay=exponential) 97% (1055/1080) regret=0.107356 ape=0.5926
[17:51:09] warmStart (decay=exponential) 97% (1056/1080) regret=0.107356 ape=0.5926
[17:51:09] warmStart (decay=exponential) 97% (1057/1080) regret=0.107356 ape=0.5926
[17:51:09] warmStart (decay=exponential) 97% (1058/1080) regret=0.107356 ape=0.5926
[17:51:10] warmStart (decay=exponential) 98% (1059/1080) regret=0.107356 ape=0.5926
[17:51:10] warmStart (decay=exponential) 98% (1060/1080) regret=0.107356 ape=0.5926
[17:51:10] warmStart (decay=exponential) 98% (1061/1080) regret=0.107356 ape=0.5926
[17:51:10] warmStart (decay=exponential) 98% (1062/1080) regret=0.107356 ape=0.5926
[17:51:10] warmStart (decay=exponential) 98% (1063/1080) regret=0.107356 ape=0.5926
[17:51:11] warmStart (decay=exponential) 98% (1064/1080) regret=0.107356 ape=0.5926
[17:51:11] warmStart (decay=exponential) 98% (1065/1080) regret=0.107356 ape=0.5926
[17:51:11] warmStart (decay=exponential) 98% (1066/1080) regret=0.107356 ape=0.5926
[17:51:11] warmStart (decay=exponential) 98% (1067/1080) regret=0.107466 ape=0.5926
[17:51:12] warmStart (decay=exponential) 98% (1068/1080) regret=0.107466 ape=0.5926
[17:51:12] warmStart (decay=exponential) 98% (1069/1080) regret=0.107466 ape=0.5926
[17:51:12] warmStart (decay=exponential) 99% (1070/1080) regret=0.107466 ape=0.5926
[17:51:12] warmStart (decay=exponential) 99% (1071/1080) regret=0.107440 ape=0.5926
[17:51:13] warmStart (decay=exponential) 99% (1072/1080) regret=0.107440 ape=0.5926
[17:51:13] warmStart (decay=exponential) 99% (1073/1080) regret=0.107466 ape=0.5926
[17:51:13] warmStart (decay=exponential) 99% (1074/1080) regret=0.107466 ape=0.5926
[17:51:13] warmStart (decay=exponential) 99% (1075/1080) regret=0.107466 ape=0.5926
[17:51:13] warmStart (decay=exponential) 99% (1076/1080) regret=0.107466 ape=0.5926
[17:51:14] warmStart (decay=exponential) 99% (1077/1080) regret=0.107466 ape=0.5926
[17:51:14] warmStart (decay=exponential) 99% (1078/1080) regret=0.107466 ape=0.5926
[17:51:14] warmStart (decay=exponential) 99% (1079/1080) regret=0.107422 ape=0.5917
Warm w=50 finished: 1079 points, 261.89s wall time
  Final: regret=0.107422, ape=0.5917

Saved: /home/users/g/s/gsavary/LudiiMCTSVariations/slurm_sweep_full_dataset/output_decay/warm_50_decay_exponential_0_20/seed_2/sweep_decay_warm_50_exponential_0.2_2_20260426_175114.json

Generating plots...
Saved: /home/users/g/s/gsavary/LudiiMCTSVariations/slurm_sweep_full_dataset/output_decay/warm_50_decay_exponential_0_20/seed_2/sweep_decay_warm_50_exponential_0.2_2_20260426_175114_regret.png
Saved: /home/users/g/s/gsavary/LudiiMCTSVariations/slurm_sweep_full_dataset/output_decay/warm_50_decay_exponential_0_20/seed_2/sweep_decay_warm_50_exponential_0.2_2_20260426_175114_ape.png

================================================================================
Experiment complete!
================================================================================
Done. Results in: /home/users/g/s/gsavary/LudiiMCTSVariations/slurm_sweep_full_dataset/output_decay/warm_50_decay_exponential_0_20/seed_2
