============================================================
Decay sweep experiment
Method:      warm:50
Decay mode:  exponential
Decay param: 0.50
Seed:        4
Output:      /home/users/g/s/gsavary/LudiiMCTSVariations/slurm_sweep_full_dataset/output_decay/warm_50_decay_exponential_0_50/seed_4
============================================================

================================================================================
SLURM Sweep Experiment with Synthetic Data Decay
================================================================================
Method: warm:50
Decay: exponential (param=0.5)
Time limit: 3600.0s, Seed: 4, Batch size: 20
Output directory: /home/users/g/s/gsavary/LudiiMCTSVariations/slurm_sweep_full_dataset/output_decay/warm_50_decay_exponential_0_50/seed_4

Loading Ludii dataset...
Loaded 1085 games
Using 1085 games (full dataset)

Running timing probe (100 pulls)...
  Estimated secs/pull: 0.021940

Time budget: 3600.0s → ~164082 total pulls
Per-method budget: 23440 pulls (~514.3s)

Computing predictor-only performance...
  Predictions loaded: 23675 agent predictions
  Predictor-only: regret=0.104318, ape=0.4894

Running WARM-START (w=50, decay=exponential param=0.5)...
[17:46:54] warmStart (decay=exponential) 0% (1/1172) regret=0.113570 ape=0.6018
[17:46:54] warmStart (decay=exponential) 0% (2/1172) regret=0.113570 ape=0.6018
[17:46:54] warmStart (decay=exponential) 0% (3/1172) regret=0.113570 ape=0.6018
[17:46:54] warmStart (decay=exponential) 0% (4/1172) regret=0.113538 ape=0.6009
[17:46:54] warmStart (decay=exponential) 0% (5/1172) regret=0.113538 ape=0.6009
[17:46:54] warmStart (decay=exponential) 0% (6/1172) regret=0.113538 ape=0.6009
[17:46:55] warmStart (decay=exponential) 0% (7/1172) regret=0.113538 ape=0.6009
[17:46:55] warmStart (decay=exponential) 0% (8/1172) regret=0.113538 ape=0.6009
[17:46:55] warmStart (decay=exponential) 0% (9/1172) regret=0.113538 ape=0.6009
[17:46:55] warmStart (decay=exponential) 0% (10/1172) regret=0.113538 ape=0.6009
[17:46:55] warmStart (decay=exponential) 0% (11/1172) regret=0.113538 ape=0.6009
[17:46:55] warmStart (decay=exponential) 1% (12/1172) regret=0.113538 ape=0.6009
[17:46:55] warmStart (decay=exponential) 1% (13/1172) regret=0.113538 ape=0.6009
[17:46:56] warmStart (decay=exponential) 1% (14/1172) regret=0.113538 ape=0.6009
[17:46:56] warmStart (decay=exponential) 1% (15/1172) regret=0.113538 ape=0.6009
[17:46:56] warmStart (decay=exponential) 1% (16/1172) regret=0.113538 ape=0.6009
[17:46:56] warmStart (decay=exponential) 1% (17/1172) regret=0.113538 ape=0.6009
[17:46:56] warmStart (decay=exponential) 1% (18/1172) regret=0.113538 ape=0.6009
[17:46:56] warmStart (decay=exponential) 1% (19/1172) regret=0.113538 ape=0.6009
[17:46:57] warmStart (decay=exponential) 1% (20/1172) regret=0.113538 ape=0.6009
[17:46:57] warmStart (decay=exponential) 1% (21/1172) regret=0.113538 ape=0.6009
[17:46:57] warmStart (decay=exponential) 1% (22/1172) regret=0.113538 ape=0.6009
[17:46:57] warmStart (decay=exponential) 1% (23/1172) regret=0.113538 ape=0.6009
[17:46:57] warmStart (decay=exponential) 2% (24/1172) regret=0.113538 ape=0.6009
[17:46:57] warmStart (decay=exponential) 2% (25/1172) regret=0.113538 ape=0.6009
[17:46:57] warmStart (decay=exponential) 2% (26/1172) regret=0.113538 ape=0.6009
[17:46:58] warmStart (decay=exponential) 2% (27/1172) regret=0.113538 ape=0.6009
[17:46:58] warmStart (decay=exponential) 2% (28/1172) regret=0.113538 ape=0.6009
[17:46:58] warmStart (decay=exponential) 2% (29/1172) regret=0.113538 ape=0.6009
[17:46:58] warmStart (decay=exponential) 2% (30/1172) regret=0.113538 ape=0.6009
[17:46:58] warmStart (decay=exponential) 2% (31/1172) regret=0.113538 ape=0.6009
[17:46:58] warmStart (decay=exponential) 2% (32/1172) regret=0.113538 ape=0.6009
[17:46:59] warmStart (decay=exponential) 2% (33/1172) regret=0.113538 ape=0.6009
[17:46:59] warmStart (decay=exponential) 2% (34/1172) regret=0.113538 ape=0.6009
[17:46:59] warmStart (decay=exponential) 2% (35/1172) regret=0.113538 ape=0.6009
[17:46:59] warmStart (decay=exponential) 3% (36/1172) regret=0.113538 ape=0.6009
[17:46:59] warmStart (decay=exponential) 3% (37/1172) regret=0.113538 ape=0.6009
[17:46:59] warmStart (decay=exponential) 3% (38/1172) regret=0.113538 ape=0.6009
[17:46:59] warmStart (decay=exponential) 3% (39/1172) regret=0.113538 ape=0.6009
[17:47:00] warmStart (decay=exponential) 3% (40/1172) regret=0.113538 ape=0.6009
[17:47:00] warmStart (decay=exponential) 3% (41/1172) regret=0.113538 ape=0.6009
[17:47:00] warmStart (decay=exponential) 3% (42/1172) regret=0.113538 ape=0.6009
[17:47:00] warmStart (decay=exponential) 3% (43/1172) regret=0.113538 ape=0.6009
[17:47:00] warmStart (decay=exponential) 3% (44/1172) regret=0.113538 ape=0.6009
[17:47:00] warmStart (decay=exponential) 3% (45/1172) regret=0.113538 ape=0.6009
[17:47:01] warmStart (decay=exponential) 3% (46/1172) regret=0.113538 ape=0.6009
[17:47:01] warmStart (decay=exponential) 4% (47/1172) regret=0.113538 ape=0.6009
[17:47:01] warmStart (decay=exponential) 4% (48/1172) regret=0.113538 ape=0.6009
[17:47:01] warmStart (decay=exponential) 4% (49/1172) regret=0.113538 ape=0.6009
[17:47:01] warmStart (decay=exponential) 4% (50/1172) regret=0.113538 ape=0.6009
[17:47:01] warmStart (decay=exponential) 4% (51/1172) regret=0.113538 ape=0.6009
[17:47:02] warmStart (decay=exponential) 4% (52/1172) regret=0.113538 ape=0.6009
[17:47:02] warmStart (decay=exponential) 4% (53/1172) regret=0.113538 ape=0.6009
[17:47:02] warmStart (decay=exponential) 4% (54/1172) regret=0.113538 ape=0.6009
[17:47:02] warmStart (decay=exponential) 4% (55/1172) regret=0.113538 ape=0.6009
[17:47:02] warmStart (decay=exponential) 4% (56/1172) regret=0.113538 ape=0.6009
[17:47:02] warmStart (decay=exponential) 4% (57/1172) regret=0.113538 ape=0.6009
[17:47:03] warmStart (decay=exponential) 4% (58/1172) regret=0.113538 ape=0.6009
[17:47:03] warmStart (decay=exponential) 5% (59/1172) regret=0.113538 ape=0.6009
[17:47:03] warmStart (decay=exponential) 5% (60/1172) regret=0.113538 ape=0.6009
[17:47:03] warmStart (decay=exponential) 5% (61/1172) regret=0.113538 ape=0.6009
[17:47:03] warmStart (decay=exponential) 5% (62/1172) regret=0.113538 ape=0.6009
[17:47:03] warmStart (decay=exponential) 5% (63/1172) regret=0.113538 ape=0.6009
[17:47:03] warmStart (decay=exponential) 5% (64/1172) regret=0.113538 ape=0.6009
[17:47:04] warmStart (decay=exponential) 5% (65/1172) regret=0.113538 ape=0.6009
[17:47:04] warmStart (decay=exponential) 5% (66/1172) regret=0.113538 ape=0.6009
[17:47:04] warmStart (decay=exponential) 5% (67/1172) regret=0.113538 ape=0.6009
[17:47:04] warmStart (decay=exponential) 5% (68/1172) regret=0.113538 ape=0.6009
[17:47:04] warmStart (decay=exponential) 5% (69/1172) regret=0.113538 ape=0.6009
[17:47:04] warmStart (decay=exponential) 5% (70/1172) regret=0.113538 ape=0.6009
[17:47:05] warmStart (decay=exponential) 6% (71/1172) regret=0.113538 ape=0.6009
[17:47:05] warmStart (decay=exponential) 6% (72/1172) regret=0.113538 ape=0.6009
[17:47:05] warmStart (decay=exponential) 6% (73/1172) regret=0.113538 ape=0.6009
[17:47:05] warmStart (decay=exponential) 6% (74/1172) regret=0.113538 ape=0.6009
[17:47:05] warmStart (decay=exponential) 6% (75/1172) regret=0.113538 ape=0.6009
[17:47:05] warmStart (decay=exponential) 6% (76/1172) regret=0.113538 ape=0.6009
[17:47:06] warmStart (decay=exponential) 6% (77/1172) regret=0.113538 ape=0.6009
[17:47:06] warmStart (decay=exponential) 6% (78/1172) regret=0.113538 ape=0.6009
[17:47:06] warmStart (decay=exponential) 6% (79/1172) regret=0.113538 ape=0.6009
[17:47:06] warmStart (decay=exponential) 6% (80/1172) regret=0.113538 ape=0.6009
[17:47:06] warmStart (decay=exponential) 6% (81/1172) regret=0.113538 ape=0.6009
[17:47:06] warmStart (decay=exponential) 6% (82/1172) regret=0.113538 ape=0.6009
[17:47:06] warmStart (decay=exponential) 7% (83/1172) regret=0.113538 ape=0.6009
[17:47:07] warmStart (decay=exponential) 7% (84/1172) regret=0.113538 ape=0.6009
[17:47:07] warmStart (decay=exponential) 7% (85/1172) regret=0.113538 ape=0.6009
[17:47:07] warmStart (decay=exponential) 7% (86/1172) regret=0.113538 ape=0.6009
[17:47:07] warmStart (decay=exponential) 7% (87/1172) regret=0.113538 ape=0.6009
[17:47:07] warmStart (decay=exponential) 7% (88/1172) regret=0.113538 ape=0.6009
[17:47:07] warmStart (decay=exponential) 7% (89/1172) regret=0.113538 ape=0.6009
[17:47:07] warmStart (decay=exponential) 7% (90/1172) regret=0.113538 ape=0.6009
[17:47:08] warmStart (decay=exponential) 7% (91/1172) regret=0.113538 ape=0.6009
[17:47:08] warmStart (decay=exponential) 7% (92/1172) regret=0.113538 ape=0.6009
[17:47:08] warmStart (decay=exponential) 7% (93/1172) regret=0.113630 ape=0.6018
[17:47:08] warmStart (decay=exponential) 8% (94/1172) regret=0.113649 ape=0.6018
[17:47:08] warmStart (decay=exponential) 8% (95/1172) regret=0.113621 ape=0.6018
[17:47:08] warmStart (decay=exponential) 8% (96/1172) regret=0.113593 ape=0.6018
[17:47:09] warmStart (decay=exponential) 8% (97/1172) regret=0.113621 ape=0.6018
[17:47:09] warmStart (decay=exponential) 8% (98/1172) regret=0.113621 ape=0.6018
[17:47:09] warmStart (decay=exponential) 8% (99/1172) regret=0.113639 ape=0.6018
[17:47:09] warmStart (decay=exponential) 8% (100/1172) regret=0.113639 ape=0.6018
[17:47:09] warmStart (decay=exponential) 8% (101/1172) regret=0.113556 ape=0.6018
[17:47:09] warmStart (decay=exponential) 8% (102/1172) regret=0.113215 ape=0.6009
[17:47:09] warmStart (decay=exponential) 8% (103/1172) regret=0.113215 ape=0.6009
[17:47:10] warmStart (decay=exponential) 8% (104/1172) regret=0.113121 ape=0.6009
[17:47:10] warmStart (decay=exponential) 8% (105/1172) regret=0.113121 ape=0.6009
[17:47:10] warmStart (decay=exponential) 9% (106/1172) regret=0.113121 ape=0.6009
[17:47:10] warmStart (decay=exponential) 9% (107/1172) regret=0.113121 ape=0.6009
[17:47:10] warmStart (decay=exponential) 9% (108/1172) regret=0.113121 ape=0.6009
[17:47:11] warmStart (decay=exponential) 9% (109/1172) regret=0.113121 ape=0.6009
[17:47:11] warmStart (decay=exponential) 9% (110/1172) regret=0.113121 ape=0.6009
[17:47:11] warmStart (decay=exponential) 9% (111/1172) regret=0.113121 ape=0.6009
[17:47:11] warmStart (decay=exponential) 9% (112/1172) regret=0.113121 ape=0.6009
[17:47:11] warmStart (decay=exponential) 9% (113/1172) regret=0.113121 ape=0.6009
[17:47:11] warmStart (decay=exponential) 9% (114/1172) regret=0.113121 ape=0.6009
[17:47:11] warmStart (decay=exponential) 9% (115/1172) regret=0.113121 ape=0.6009
[17:47:12] warmStart (decay=exponential) 9% (116/1172) regret=0.113121 ape=0.6009
[17:47:12] warmStart (decay=exponential) 9% (117/1172) regret=0.113121 ape=0.6009
[17:47:12] warmStart (decay=exponential) 10% (118/1172) regret=0.113121 ape=0.6009
[17:47:12] warmStart (decay=exponential) 10% (119/1172) regret=0.113121 ape=0.6009
[17:47:12] warmStart (decay=exponential) 10% (120/1172) regret=0.113121 ape=0.6009
[17:47:12] warmStart (decay=exponential) 10% (121/1172) regret=0.113121 ape=0.6009
[17:47:13] warmStart (decay=exponential) 10% (122/1172) regret=0.113121 ape=0.6009
[17:47:13] warmStart (decay=exponential) 10% (123/1172) regret=0.113121 ape=0.6009
[17:47:13] warmStart (decay=exponential) 10% (124/1172) regret=0.113121 ape=0.6009
[17:47:13] warmStart (decay=exponential) 10% (125/1172) regret=0.113121 ape=0.6009
[17:47:13] warmStart (decay=exponential) 10% (126/1172) regret=0.113121 ape=0.6009
[17:47:13] warmStart (decay=exponential) 10% (127/1172) regret=0.113121 ape=0.6009
[17:47:13] warmStart (decay=exponential) 10% (128/1172) regret=0.113121 ape=0.6009
[17:47:14] warmStart (decay=exponential) 11% (129/1172) regret=0.113121 ape=0.6009
[17:47:14] warmStart (decay=exponential) 11% (130/1172) regret=0.113121 ape=0.6009
[17:47:14] warmStart (decay=exponential) 11% (131/1172) regret=0.113121 ape=0.6009
[17:47:14] warmStart (decay=exponential) 11% (132/1172) regret=0.113121 ape=0.6009
[17:47:14] warmStart (decay=exponential) 11% (133/1172) regret=0.113121 ape=0.6009
[17:47:14] warmStart (decay=exponential) 11% (134/1172) regret=0.113121 ape=0.6009
[17:47:15] warmStart (decay=exponential) 11% (135/1172) regret=0.113121 ape=0.6009
[17:47:15] warmStart (decay=exponential) 11% (136/1172) regret=0.113121 ape=0.6009
[17:47:15] warmStart (decay=exponential) 11% (137/1172) regret=0.113121 ape=0.6009
[17:47:15] warmStart (decay=exponential) 11% (138/1172) regret=0.113121 ape=0.6009
[17:47:15] warmStart (decay=exponential) 11% (139/1172) regret=0.113121 ape=0.6009
[17:47:15] warmStart (decay=exponential) 11% (140/1172) regret=0.113121 ape=0.6009
[17:47:16] warmStart (decay=exponential) 12% (141/1172) regret=0.113121 ape=0.6009
[17:47:16] warmStart (decay=exponential) 12% (142/1172) regret=0.113121 ape=0.6009
[17:47:16] warmStart (decay=exponential) 12% (143/1172) regret=0.113121 ape=0.6009
[17:47:16] warmStart (decay=exponential) 12% (144/1172) regret=0.113121 ape=0.6009
[17:47:16] warmStart (decay=exponential) 12% (145/1172) regret=0.113059 ape=0.6000
[17:47:16] warmStart (decay=exponential) 12% (146/1172) regret=0.113059 ape=0.6000
[17:47:16] warmStart (decay=exponential) 12% (147/1172) regret=0.113059 ape=0.6000
[17:47:17] warmStart (decay=exponential) 12% (148/1172) regret=0.113059 ape=0.6000
[17:47:17] warmStart (decay=exponential) 12% (149/1172) regret=0.113059 ape=0.6000
[17:47:17] warmStart (decay=exponential) 12% (150/1172) regret=0.113059 ape=0.6000
[17:47:17] warmStart (decay=exponential) 12% (151/1172) regret=0.113059 ape=0.6000
[17:47:17] warmStart (decay=exponential) 12% (152/1172) regret=0.113059 ape=0.6000
[17:47:17] warmStart (decay=exponential) 13% (153/1172) regret=0.113059 ape=0.6000
[17:47:18] warmStart (decay=exponential) 13% (154/1172) regret=0.113059 ape=0.6000
[17:47:18] warmStart (decay=exponential) 13% (155/1172) regret=0.113059 ape=0.6000
[17:47:18] warmStart (decay=exponential) 13% (156/1172) regret=0.113059 ape=0.6000
[17:47:18] warmStart (decay=exponential) 13% (157/1172) regret=0.113059 ape=0.6000
[17:47:18] warmStart (decay=exponential) 13% (158/1172) regret=0.113059 ape=0.6000
[17:47:18] warmStart (decay=exponential) 13% (159/1172) regret=0.113059 ape=0.6000
[17:47:19] warmStart (decay=exponential) 13% (160/1172) regret=0.113059 ape=0.6000
[17:47:19] warmStart (decay=exponential) 13% (161/1172) regret=0.113059 ape=0.6000
[17:47:19] warmStart (decay=exponential) 13% (162/1172) regret=0.113059 ape=0.6000
[17:47:19] warmStart (decay=exponential) 13% (163/1172) regret=0.113059 ape=0.6000
[17:47:19] warmStart (decay=exponential) 13% (164/1172) regret=0.113059 ape=0.6000
[17:47:19] warmStart (decay=exponential) 14% (165/1172) regret=0.113059 ape=0.6000
[17:47:19] warmStart (decay=exponential) 14% (166/1172) regret=0.113059 ape=0.6000
[17:47:20] warmStart (decay=exponential) 14% (167/1172) regret=0.113059 ape=0.6000
[17:47:20] warmStart (decay=exponential) 14% (168/1172) regret=0.113059 ape=0.6000
[17:47:20] warmStart (decay=exponential) 14% (169/1172) regret=0.113059 ape=0.6000
[17:47:20] warmStart (decay=exponential) 14% (170/1172) regret=0.113059 ape=0.6000
[17:47:20] warmStart (decay=exponential) 14% (171/1172) regret=0.113059 ape=0.6000
[17:47:20] warmStart (decay=exponential) 14% (172/1172) regret=0.113059 ape=0.6000
[17:47:20] warmStart (decay=exponential) 14% (173/1172) regret=0.113059 ape=0.6000
[17:47:21] warmStart (decay=exponential) 14% (174/1172) regret=0.113059 ape=0.6000
[17:47:21] warmStart (decay=exponential) 14% (175/1172) regret=0.113059 ape=0.6000
[17:47:21] warmStart (decay=exponential) 15% (176/1172) regret=0.113059 ape=0.6000
[17:47:21] warmStart (decay=exponential) 15% (177/1172) regret=0.113083 ape=0.6000
[17:47:21] warmStart (decay=exponential) 15% (178/1172) regret=0.113069 ape=0.6000
[17:47:21] warmStart (decay=exponential) 15% (179/1172) regret=0.113069 ape=0.6000
[17:47:22] warmStart (decay=exponential) 15% (180/1172) regret=0.113069 ape=0.6000
[17:47:22] warmStart (decay=exponential) 15% (181/1172) regret=0.113059 ape=0.6000
[17:47:22] warmStart (decay=exponential) 15% (182/1172) regret=0.112993 ape=0.5991
[17:47:22] warmStart (decay=exponential) 15% (183/1172) regret=0.112993 ape=0.5991
[17:47:22] warmStart (decay=exponential) 15% (184/1172) regret=0.112993 ape=0.5991
[17:47:22] warmStart (decay=exponential) 15% (185/1172) regret=0.112993 ape=0.5991
[17:47:22] warmStart (decay=exponential) 15% (186/1172) regret=0.112993 ape=0.5991
[17:47:23] warmStart (decay=exponential) 15% (187/1172) regret=0.113021 ape=0.6000
[17:47:23] warmStart (decay=exponential) 16% (188/1172) regret=0.112993 ape=0.5991
[17:47:23] warmStart (decay=exponential) 16% (189/1172) regret=0.113039 ape=0.6000
[17:47:23] warmStart (decay=exponential) 16% (190/1172) regret=0.113021 ape=0.6000
[17:47:23] warmStart (decay=exponential) 16% (191/1172) regret=0.113021 ape=0.6000
[17:47:23] warmStart (decay=exponential) 16% (192/1172) regret=0.113021 ape=0.6000
[17:47:24] warmStart (decay=exponential) 16% (193/1172) regret=0.113021 ape=0.6000
[17:47:24] warmStart (decay=exponential) 16% (194/1172) regret=0.113021 ape=0.6000
[17:47:24] warmStart (decay=exponential) 16% (195/1172) regret=0.112837 ape=0.5991
[17:47:24] warmStart (decay=exponential) 16% (196/1172) regret=0.112837 ape=0.5991
[17:47:24] warmStart (decay=exponential) 16% (197/1172) regret=0.112689 ape=0.5982
[17:47:24] warmStart (decay=exponential) 16% (198/1172) regret=0.112708 ape=0.5982
[17:47:25] warmStart (decay=exponential) 16% (199/1172) regret=0.112708 ape=0.5982
[17:47:25] warmStart (decay=exponential) 17% (200/1172) regret=0.112708 ape=0.5982
[17:47:25] warmStart (decay=exponential) 17% (201/1172) regret=0.112261 ape=0.5982
[17:47:25] warmStart (decay=exponential) 17% (202/1172) regret=0.112463 ape=0.5982
[17:47:25] warmStart (decay=exponential) 17% (203/1172) regret=0.112486 ape=0.5982
[17:47:25] warmStart (decay=exponential) 17% (204/1172) regret=0.112182 ape=0.5972
[17:47:26] warmStart (decay=exponential) 17% (205/1172) regret=0.112182 ape=0.5972
[17:47:26] warmStart (decay=exponential) 17% (206/1172) regret=0.112182 ape=0.5972
[17:47:26] warmStart (decay=exponential) 17% (207/1172) regret=0.112182 ape=0.5972
[17:47:26] warmStart (decay=exponential) 17% (208/1172) regret=0.112182 ape=0.5972
[17:47:26] warmStart (decay=exponential) 17% (209/1172) regret=0.112182 ape=0.5972
[17:47:26] warmStart (decay=exponential) 17% (210/1172) regret=0.112182 ape=0.5972
[17:47:27] warmStart (decay=exponential) 18% (211/1172) regret=0.112182 ape=0.5972
[17:47:27] warmStart (decay=exponential) 18% (212/1172) regret=0.112182 ape=0.5972
[17:47:27] warmStart (decay=exponential) 18% (213/1172) regret=0.112181 ape=0.5972
[17:47:27] warmStart (decay=exponential) 18% (214/1172) regret=0.112181 ape=0.5972
[17:47:27] warmStart (decay=exponential) 18% (215/1172) regret=0.112181 ape=0.5972
[17:47:27] warmStart (decay=exponential) 18% (216/1172) regret=0.112183 ape=0.5972
[17:47:28] warmStart (decay=exponential) 18% (217/1172) regret=0.112183 ape=0.5972
[17:47:28] warmStart (decay=exponential) 18% (218/1172) regret=0.112183 ape=0.5972
[17:47:28] warmStart (decay=exponential) 18% (219/1172) regret=0.112183 ape=0.5972
[17:47:28] warmStart (decay=exponential) 18% (220/1172) regret=0.112183 ape=0.5972
[17:47:28] warmStart (decay=exponential) 18% (221/1172) regret=0.112183 ape=0.5972
[17:47:28] warmStart (decay=exponential) 18% (222/1172) regret=0.112183 ape=0.5972
[17:47:28] warmStart (decay=exponential) 19% (223/1172) regret=0.112183 ape=0.5972
[17:47:29] warmStart (decay=exponential) 19% (224/1172) regret=0.112183 ape=0.5972
[17:47:29] warmStart (decay=exponential) 19% (225/1172) regret=0.112183 ape=0.5972
[17:47:29] warmStart (decay=exponential) 19% (226/1172) regret=0.112183 ape=0.5972
[17:47:29] warmStart (decay=exponential) 19% (227/1172) regret=0.112183 ape=0.5972
[17:47:29] warmStart (decay=exponential) 19% (228/1172) regret=0.112183 ape=0.5972
[17:47:29] warmStart (decay=exponential) 19% (229/1172) regret=0.112183 ape=0.5972
[17:47:30] warmStart (decay=exponential) 19% (230/1172) regret=0.112183 ape=0.5972
[17:47:30] warmStart (decay=exponential) 19% (231/1172) regret=0.112183 ape=0.5972
[17:47:30] warmStart (decay=exponential) 19% (232/1172) regret=0.112183 ape=0.5972
[17:47:30] warmStart (decay=exponential) 19% (233/1172) regret=0.112183 ape=0.5972
[17:47:30] warmStart (decay=exponential) 19% (234/1172) regret=0.112183 ape=0.5972
[17:47:30] warmStart (decay=exponential) 20% (235/1172) regret=0.112183 ape=0.5972
[17:47:30] warmStart (decay=exponential) 20% (236/1172) regret=0.112183 ape=0.5972
[17:47:31] warmStart (decay=exponential) 20% (237/1172) regret=0.112183 ape=0.5972
[17:47:31] warmStart (decay=exponential) 20% (238/1172) regret=0.112183 ape=0.5972
[17:47:31] warmStart (decay=exponential) 20% (239/1172) regret=0.112183 ape=0.5972
[17:47:31] warmStart (decay=exponential) 20% (240/1172) regret=0.112183 ape=0.5972
[17:47:31] warmStart (decay=exponential) 20% (241/1172) regret=0.112183 ape=0.5972
[17:47:31] warmStart (decay=exponential) 20% (242/1172) regret=0.112183 ape=0.5972
[17:47:32] warmStart (decay=exponential) 20% (243/1172) regret=0.112183 ape=0.5972
[17:47:32] warmStart (decay=exponential) 20% (244/1172) regret=0.112183 ape=0.5972
[17:47:32] warmStart (decay=exponential) 20% (245/1172) regret=0.112183 ape=0.5972
[17:47:32] warmStart (decay=exponential) 20% (246/1172) regret=0.112183 ape=0.5972
[17:47:32] warmStart (decay=exponential) 21% (247/1172) regret=0.112183 ape=0.5972
[17:47:32] warmStart (decay=exponential) 21% (248/1172) regret=0.112183 ape=0.5972
[17:47:33] warmStart (decay=exponential) 21% (249/1172) regret=0.112183 ape=0.5972
[17:47:33] warmStart (decay=exponential) 21% (250/1172) regret=0.112183 ape=0.5972
[17:47:33] warmStart (decay=exponential) 21% (251/1172) regret=0.112183 ape=0.5972
[17:47:33] warmStart (decay=exponential) 21% (252/1172) regret=0.112183 ape=0.5972
[17:47:33] warmStart (decay=exponential) 21% (253/1172) regret=0.112183 ape=0.5972
[17:47:34] warmStart (decay=exponential) 21% (254/1172) regret=0.112183 ape=0.5972
[17:47:34] warmStart (decay=exponential) 21% (255/1172) regret=0.112183 ape=0.5972
[17:47:34] warmStart (decay=exponential) 21% (256/1172) regret=0.112183 ape=0.5972
[17:47:34] warmStart (decay=exponential) 21% (257/1172) regret=0.112183 ape=0.5972
[17:47:34] warmStart (decay=exponential) 22% (258/1172) regret=0.112183 ape=0.5972
[17:47:34] warmStart (decay=exponential) 22% (259/1172) regret=0.112183 ape=0.5972
[17:47:35] warmStart (decay=exponential) 22% (260/1172) regret=0.112183 ape=0.5972
[17:47:35] warmStart (decay=exponential) 22% (261/1172) regret=0.112183 ape=0.5972
[17:47:35] warmStart (decay=exponential) 22% (262/1172) regret=0.112183 ape=0.5972
[17:47:35] warmStart (decay=exponential) 22% (263/1172) regret=0.112183 ape=0.5972
[17:47:35] warmStart (decay=exponential) 22% (264/1172) regret=0.112183 ape=0.5972
[17:47:36] warmStart (decay=exponential) 22% (265/1172) regret=0.112183 ape=0.5972
[17:47:36] warmStart (decay=exponential) 22% (266/1172) regret=0.112183 ape=0.5972
[17:47:36] warmStart (decay=exponential) 22% (267/1172) regret=0.112183 ape=0.5972
[17:47:36] warmStart (decay=exponential) 22% (268/1172) regret=0.112183 ape=0.5972
[17:47:36] warmStart (decay=exponential) 22% (269/1172) regret=0.112183 ape=0.5972
[17:47:36] warmStart (decay=exponential) 23% (270/1172) regret=0.112183 ape=0.5972
[17:47:37] warmStart (decay=exponential) 23% (271/1172) regret=0.112183 ape=0.5972
[17:47:37] warmStart (decay=exponential) 23% (272/1172) regret=0.112183 ape=0.5972
[17:47:37] warmStart (decay=exponential) 23% (273/1172) regret=0.112183 ape=0.5972
[17:47:37] warmStart (decay=exponential) 23% (274/1172) regret=0.112183 ape=0.5972
[17:47:37] warmStart (decay=exponential) 23% (275/1172) regret=0.112183 ape=0.5972
[17:47:37] warmStart (decay=exponential) 23% (276/1172) regret=0.112183 ape=0.5972
[17:47:38] warmStart (decay=exponential) 23% (277/1172) regret=0.112183 ape=0.5972
[17:47:38] warmStart (decay=exponential) 23% (278/1172) regret=0.112183 ape=0.5972
[17:47:38] warmStart (decay=exponential) 23% (279/1172) regret=0.112183 ape=0.5972
[17:47:38] warmStart (decay=exponential) 23% (280/1172) regret=0.112183 ape=0.5972
[17:47:38] warmStart (decay=exponential) 23% (281/1172) regret=0.112183 ape=0.5972
[17:47:38] warmStart (decay=exponential) 24% (282/1172) regret=0.112183 ape=0.5972
[17:47:39] warmStart (decay=exponential) 24% (283/1172) regret=0.112183 ape=0.5972
[17:47:39] warmStart (decay=exponential) 24% (284/1172) regret=0.112183 ape=0.5972
[17:47:39] warmStart (decay=exponential) 24% (285/1172) regret=0.112183 ape=0.5972
[17:47:39] warmStart (decay=exponential) 24% (286/1172) regret=0.112183 ape=0.5972
[17:47:39] warmStart (decay=exponential) 24% (287/1172) regret=0.112183 ape=0.5972
[17:47:40] warmStart (decay=exponential) 24% (288/1172) regret=0.112183 ape=0.5972
[17:47:40] warmStart (decay=exponential) 24% (289/1172) regret=0.112183 ape=0.5972
[17:47:40] warmStart (decay=exponential) 24% (290/1172) regret=0.112183 ape=0.5972
[17:47:40] warmStart (decay=exponential) 24% (291/1172) regret=0.112183 ape=0.5972
[17:47:40] warmStart (decay=exponential) 24% (292/1172) regret=0.112183 ape=0.5972
[17:47:40] warmStart (decay=exponential) 25% (293/1172) regret=0.112183 ape=0.5972
[17:47:41] warmStart (decay=exponential) 25% (294/1172) regret=0.112183 ape=0.5972
[17:47:41] warmStart (decay=exponential) 25% (295/1172) regret=0.112183 ape=0.5972
[17:47:41] warmStart (decay=exponential) 25% (296/1172) regret=0.112183 ape=0.5972
[17:47:41] warmStart (decay=exponential) 25% (297/1172) regret=0.112183 ape=0.5972
[17:47:41] warmStart (decay=exponential) 25% (298/1172) regret=0.112183 ape=0.5972
[17:47:42] warmStart (decay=exponential) 25% (299/1172) regret=0.112183 ape=0.5972
[17:47:42] warmStart (decay=exponential) 25% (300/1172) regret=0.112183 ape=0.5972
[17:47:42] warmStart (decay=exponential) 25% (301/1172) regret=0.112183 ape=0.5972
[17:47:42] warmStart (decay=exponential) 25% (302/1172) regret=0.112183 ape=0.5972
[17:47:42] warmStart (decay=exponential) 25% (303/1172) regret=0.112183 ape=0.5972
[17:47:42] warmStart (decay=exponential) 25% (304/1172) regret=0.112183 ape=0.5972
[17:47:43] warmStart (decay=exponential) 26% (305/1172) regret=0.112183 ape=0.5972
[17:47:43] warmStart (decay=exponential) 26% (306/1172) regret=0.112183 ape=0.5972
[17:47:43] warmStart (decay=exponential) 26% (307/1172) regret=0.112183 ape=0.5972
[17:47:43] warmStart (decay=exponential) 26% (308/1172) regret=0.112183 ape=0.5972
[17:47:43] warmStart (decay=exponential) 26% (309/1172) regret=0.112183 ape=0.5972
[17:47:43] warmStart (decay=exponential) 26% (310/1172) regret=0.112183 ape=0.5972
[17:47:44] warmStart (decay=exponential) 26% (311/1172) regret=0.112183 ape=0.5972
[17:47:44] warmStart (decay=exponential) 26% (312/1172) regret=0.112183 ape=0.5972
[17:47:44] warmStart (decay=exponential) 26% (313/1172) regret=0.112183 ape=0.5972
[17:47:44] warmStart (decay=exponential) 26% (314/1172) regret=0.112191 ape=0.5982
[17:47:44] warmStart (decay=exponential) 26% (315/1172) regret=0.112189 ape=0.5982
[17:47:44] warmStart (decay=exponential) 26% (316/1172) regret=0.112191 ape=0.5982
[17:47:45] warmStart (decay=exponential) 27% (317/1172) regret=0.112191 ape=0.5982
[17:47:45] warmStart (decay=exponential) 27% (318/1172) regret=0.112189 ape=0.5982
[17:47:45] warmStart (decay=exponential) 27% (319/1172) regret=0.112189 ape=0.5982
[17:47:45] warmStart (decay=exponential) 27% (320/1172) regret=0.112189 ape=0.5982
[17:47:45] warmStart (decay=exponential) 27% (321/1172) regret=0.112189 ape=0.5982
[17:47:45] warmStart (decay=exponential) 27% (322/1172) regret=0.112189 ape=0.5982
[17:47:46] warmStart (decay=exponential) 27% (323/1172) regret=0.112191 ape=0.5982
[17:47:46] warmStart (decay=exponential) 27% (324/1172) regret=0.112191 ape=0.5982
[17:47:46] warmStart (decay=exponential) 27% (325/1172) regret=0.112191 ape=0.5982
[17:47:46] warmStart (decay=exponential) 27% (326/1172) regret=0.112191 ape=0.5982
[17:47:46] warmStart (decay=exponential) 27% (327/1172) regret=0.112191 ape=0.5982
[17:47:46] warmStart (decay=exponential) 27% (328/1172) regret=0.112191 ape=0.5982
[17:47:46] warmStart (decay=exponential) 28% (329/1172) regret=0.112191 ape=0.5982
[17:47:47] warmStart (decay=exponential) 28% (330/1172) regret=0.112191 ape=0.5982
[17:47:47] warmStart (decay=exponential) 28% (331/1172) regret=0.112191 ape=0.5982
[17:47:47] warmStart (decay=exponential) 28% (332/1172) regret=0.112191 ape=0.5982
[17:47:47] warmStart (decay=exponential) 28% (333/1172) regret=0.112191 ape=0.5982
[17:47:47] warmStart (decay=exponential) 28% (334/1172) regret=0.112191 ape=0.5982
[17:47:47] warmStart (decay=exponential) 28% (335/1172) regret=0.112191 ape=0.5982
[17:47:48] warmStart (decay=exponential) 28% (336/1172) regret=0.112191 ape=0.5982
[17:47:48] warmStart (decay=exponential) 28% (337/1172) regret=0.112191 ape=0.5982
[17:47:48] warmStart (decay=exponential) 28% (338/1172) regret=0.112191 ape=0.5982
[17:47:48] warmStart (decay=exponential) 28% (339/1172) regret=0.112191 ape=0.5982
[17:47:48] warmStart (decay=exponential) 29% (340/1172) regret=0.112191 ape=0.5982
[17:47:48] warmStart (decay=exponential) 29% (341/1172) regret=0.112191 ape=0.5982
[17:47:49] warmStart (decay=exponential) 29% (342/1172) regret=0.112191 ape=0.5982
[17:47:49] warmStart (decay=exponential) 29% (343/1172) regret=0.112191 ape=0.5982
[17:47:49] warmStart (decay=exponential) 29% (344/1172) regret=0.112191 ape=0.5982
[17:47:49] warmStart (decay=exponential) 29% (345/1172) regret=0.112191 ape=0.5982
[17:47:49] warmStart (decay=exponential) 29% (346/1172) regret=0.112191 ape=0.5982
[17:47:49] warmStart (decay=exponential) 29% (347/1172) regret=0.112191 ape=0.5982
[17:47:50] warmStart (decay=exponential) 29% (348/1172) regret=0.112191 ape=0.5982
[17:47:50] warmStart (decay=exponential) 29% (349/1172) regret=0.112191 ape=0.5982
[17:47:50] warmStart (decay=exponential) 29% (350/1172) regret=0.112191 ape=0.5982
[17:47:50] warmStart (decay=exponential) 29% (351/1172) regret=0.112191 ape=0.5982
[17:47:50] warmStart (decay=exponential) 30% (352/1172) regret=0.112191 ape=0.5982
[17:47:50] warmStart (decay=exponential) 30% (353/1172) regret=0.112191 ape=0.5982
[17:47:51] warmStart (decay=exponential) 30% (354/1172) regret=0.112191 ape=0.5982
[17:47:51] warmStart (decay=exponential) 30% (355/1172) regret=0.112191 ape=0.5982
[17:47:51] warmStart (decay=exponential) 30% (356/1172) regret=0.112191 ape=0.5982
[17:47:51] warmStart (decay=exponential) 30% (357/1172) regret=0.112191 ape=0.5982
[17:47:51] warmStart (decay=exponential) 30% (358/1172) regret=0.112191 ape=0.5982
[17:47:51] warmStart (decay=exponential) 30% (359/1172) regret=0.112191 ape=0.5982
[17:47:52] warmStart (decay=exponential) 30% (360/1172) regret=0.112191 ape=0.5982
[17:47:52] warmStart (decay=exponential) 30% (361/1172) regret=0.112191 ape=0.5982
[17:47:52] warmStart (decay=exponential) 30% (362/1172) regret=0.112191 ape=0.5982
[17:47:52] warmStart (decay=exponential) 30% (363/1172) regret=0.112191 ape=0.5982
[17:47:52] warmStart (decay=exponential) 31% (364/1172) regret=0.112191 ape=0.5982
[17:47:52] warmStart (decay=exponential) 31% (365/1172) regret=0.112191 ape=0.5982
[17:47:53] warmStart (decay=exponential) 31% (366/1172) regret=0.112191 ape=0.5982
[17:47:53] warmStart (decay=exponential) 31% (367/1172) regret=0.112191 ape=0.5982
[17:47:53] warmStart (decay=exponential) 31% (368/1172) regret=0.112191 ape=0.5982
[17:47:53] warmStart (decay=exponential) 31% (369/1172) regret=0.112191 ape=0.5982
[17:47:53] warmStart (decay=exponential) 31% (370/1172) regret=0.112191 ape=0.5982
[17:47:53] warmStart (decay=exponential) 31% (371/1172) regret=0.112191 ape=0.5982
[17:47:53] warmStart (decay=exponential) 31% (372/1172) regret=0.112191 ape=0.5982
[17:47:54] warmStart (decay=exponential) 31% (373/1172) regret=0.112191 ape=0.5982
[17:47:54] warmStart (decay=exponential) 31% (374/1172) regret=0.112191 ape=0.5982
[17:47:54] warmStart (decay=exponential) 31% (375/1172) regret=0.112191 ape=0.5982
[17:47:54] warmStart (decay=exponential) 32% (376/1172) regret=0.112191 ape=0.5982
[17:47:54] warmStart (decay=exponential) 32% (377/1172) regret=0.112191 ape=0.5982
[17:47:54] warmStart (decay=exponential) 32% (378/1172) regret=0.112191 ape=0.5982
[17:47:55] warmStart (decay=exponential) 32% (379/1172) regret=0.112191 ape=0.5982
[17:47:55] warmStart (decay=exponential) 32% (380/1172) regret=0.112191 ape=0.5982
[17:47:55] warmStart (decay=exponential) 32% (381/1172) regret=0.112191 ape=0.5982
[17:47:55] warmStart (decay=exponential) 32% (382/1172) regret=0.112191 ape=0.5982
[17:47:55] warmStart (decay=exponential) 32% (383/1172) regret=0.112191 ape=0.5982
[17:47:55] warmStart (decay=exponential) 32% (384/1172) regret=0.112191 ape=0.5982
[17:47:56] warmStart (decay=exponential) 32% (385/1172) regret=0.112191 ape=0.5982
[17:47:56] warmStart (decay=exponential) 32% (386/1172) regret=0.112191 ape=0.5982
[17:47:56] warmStart (decay=exponential) 33% (387/1172) regret=0.112191 ape=0.5982
[17:47:56] warmStart (decay=exponential) 33% (388/1172) regret=0.112191 ape=0.5982
[17:47:56] warmStart (decay=exponential) 33% (389/1172) regret=0.112191 ape=0.5982
[17:47:56] warmStart (decay=exponential) 33% (390/1172) regret=0.112191 ape=0.5982
[17:47:57] warmStart (decay=exponential) 33% (391/1172) regret=0.112191 ape=0.5982
[17:47:57] warmStart (decay=exponential) 33% (392/1172) regret=0.112191 ape=0.5982
[17:47:57] warmStart (decay=exponential) 33% (393/1172) regret=0.112191 ape=0.5982
[17:47:57] warmStart (decay=exponential) 33% (394/1172) regret=0.112191 ape=0.5982
[17:47:57] warmStart (decay=exponential) 33% (395/1172) regret=0.112191 ape=0.5982
[17:47:57] warmStart (decay=exponential) 33% (396/1172) regret=0.112191 ape=0.5982
[17:47:57] warmStart (decay=exponential) 33% (397/1172) regret=0.112191 ape=0.5982
[17:47:58] warmStart (decay=exponential) 33% (398/1172) regret=0.112191 ape=0.5982
[17:47:58] warmStart (decay=exponential) 34% (399/1172) regret=0.112191 ape=0.5982
[17:47:58] warmStart (decay=exponential) 34% (400/1172) regret=0.112191 ape=0.5982
[17:47:58] warmStart (decay=exponential) 34% (401/1172) regret=0.112191 ape=0.5982
[17:47:58] warmStart (decay=exponential) 34% (402/1172) regret=0.112191 ape=0.5982
[17:47:58] warmStart (decay=exponential) 34% (403/1172) regret=0.112191 ape=0.5982
[17:47:59] warmStart (decay=exponential) 34% (404/1172) regret=0.112191 ape=0.5982
[17:47:59] warmStart (decay=exponential) 34% (405/1172) regret=0.112191 ape=0.5982
[17:47:59] warmStart (decay=exponential) 34% (406/1172) regret=0.112191 ape=0.5982
[17:47:59] warmStart (decay=exponential) 34% (407/1172) regret=0.112191 ape=0.5982
[17:47:59] warmStart (decay=exponential) 34% (408/1172) regret=0.112191 ape=0.5982
[17:47:59] warmStart (decay=exponential) 34% (409/1172) regret=0.112191 ape=0.5982
[17:48:00] warmStart (decay=exponential) 34% (410/1172) regret=0.112191 ape=0.5982
[17:48:00] warmStart (decay=exponential) 35% (411/1172) regret=0.112191 ape=0.5982
[17:48:00] warmStart (decay=exponential) 35% (412/1172) regret=0.112191 ape=0.5982
[17:48:00] warmStart (decay=exponential) 35% (413/1172) regret=0.112191 ape=0.5982
[17:48:00] warmStart (decay=exponential) 35% (414/1172) regret=0.112191 ape=0.5982
[17:48:00] warmStart (decay=exponential) 35% (415/1172) regret=0.112191 ape=0.5982
[17:48:00] warmStart (decay=exponential) 35% (416/1172) regret=0.112191 ape=0.5982
[17:48:01] warmStart (decay=exponential) 35% (417/1172) regret=0.112191 ape=0.5982
[17:48:01] warmStart (decay=exponential) 35% (418/1172) regret=0.112191 ape=0.5982
[17:48:01] warmStart (decay=exponential) 35% (419/1172) regret=0.112191 ape=0.5982
[17:48:01] warmStart (decay=exponential) 35% (420/1172) regret=0.112191 ape=0.5982
[17:48:01] warmStart (decay=exponential) 35% (421/1172) regret=0.112191 ape=0.5982
[17:48:01] warmStart (decay=exponential) 36% (422/1172) regret=0.112191 ape=0.5982
[17:48:02] warmStart (decay=exponential) 36% (423/1172) regret=0.112191 ape=0.5982
[17:48:02] warmStart (decay=exponential) 36% (424/1172) regret=0.112191 ape=0.5982
[17:48:02] warmStart (decay=exponential) 36% (425/1172) regret=0.112191 ape=0.5982
[17:48:02] warmStart (decay=exponential) 36% (426/1172) regret=0.112191 ape=0.5982
[17:48:02] warmStart (decay=exponential) 36% (427/1172) regret=0.112191 ape=0.5982
[17:48:02] warmStart (decay=exponential) 36% (428/1172) regret=0.112191 ape=0.5982
[17:48:03] warmStart (decay=exponential) 36% (429/1172) regret=0.112191 ape=0.5982
[17:48:03] warmStart (decay=exponential) 36% (430/1172) regret=0.112191 ape=0.5982
[17:48:03] warmStart (decay=exponential) 36% (431/1172) regret=0.112191 ape=0.5982
[17:48:03] warmStart (decay=exponential) 36% (432/1172) regret=0.112191 ape=0.5982
[17:48:03] warmStart (decay=exponential) 36% (433/1172) regret=0.112191 ape=0.5982
[17:48:03] warmStart (decay=exponential) 37% (434/1172) regret=0.112191 ape=0.5982
[17:48:04] warmStart (decay=exponential) 37% (435/1172) regret=0.112191 ape=0.5982
[17:48:04] warmStart (decay=exponential) 37% (436/1172) regret=0.112191 ape=0.5982
[17:48:04] warmStart (decay=exponential) 37% (437/1172) regret=0.112191 ape=0.5982
[17:48:04] warmStart (decay=exponential) 37% (438/1172) regret=0.112191 ape=0.5982
[17:48:04] warmStart (decay=exponential) 37% (439/1172) regret=0.112191 ape=0.5982
[17:48:04] warmStart (decay=exponential) 37% (440/1172) regret=0.112191 ape=0.5982
[17:48:05] warmStart (decay=exponential) 37% (441/1172) regret=0.112191 ape=0.5982
[17:48:05] warmStart (decay=exponential) 37% (442/1172) regret=0.112191 ape=0.5982
[17:48:05] warmStart (decay=exponential) 37% (443/1172) regret=0.112191 ape=0.5982
[17:48:05] warmStart (decay=exponential) 37% (444/1172) regret=0.112191 ape=0.5982
[17:48:05] warmStart (decay=exponential) 37% (445/1172) regret=0.112191 ape=0.5982
[17:48:05] warmStart (decay=exponential) 38% (446/1172) regret=0.112191 ape=0.5982
[17:48:05] warmStart (decay=exponential) 38% (447/1172) regret=0.112191 ape=0.5982
[17:48:06] warmStart (decay=exponential) 38% (448/1172) regret=0.112191 ape=0.5982
[17:48:06] warmStart (decay=exponential) 38% (449/1172) regret=0.112191 ape=0.5982
[17:48:06] warmStart (decay=exponential) 38% (450/1172) regret=0.112191 ape=0.5982
[17:48:06] warmStart (decay=exponential) 38% (451/1172) regret=0.112191 ape=0.5982
[17:48:06] warmStart (decay=exponential) 38% (452/1172) regret=0.112191 ape=0.5982
[17:48:06] warmStart (decay=exponential) 38% (453/1172) regret=0.112191 ape=0.5982
[17:48:07] warmStart (decay=exponential) 38% (454/1172) regret=0.112191 ape=0.5982
[17:48:07] warmStart (decay=exponential) 38% (455/1172) regret=0.112191 ape=0.5982
[17:48:07] warmStart (decay=exponential) 38% (456/1172) regret=0.112191 ape=0.5982
[17:48:07] warmStart (decay=exponential) 38% (457/1172) regret=0.112191 ape=0.5982
[17:48:07] warmStart (decay=exponential) 39% (458/1172) regret=0.112191 ape=0.5982
[17:48:07] warmStart (decay=exponential) 39% (459/1172) regret=0.112191 ape=0.5982
[17:48:08] warmStart (decay=exponential) 39% (460/1172) regret=0.112191 ape=0.5982
[17:48:08] warmStart (decay=exponential) 39% (461/1172) regret=0.112191 ape=0.5982
[17:48:08] warmStart (decay=exponential) 39% (462/1172) regret=0.112191 ape=0.5982
[17:48:08] warmStart (decay=exponential) 39% (463/1172) regret=0.112057 ape=0.5972
[17:48:08] warmStart (decay=exponential) 39% (464/1172) regret=0.112057 ape=0.5972
[17:48:08] warmStart (decay=exponential) 39% (465/1172) regret=0.112057 ape=0.5972
[17:48:09] warmStart (decay=exponential) 39% (466/1172) regret=0.112057 ape=0.5972
[17:48:09] warmStart (decay=exponential) 39% (467/1172) regret=0.112242 ape=0.5982
[17:48:09] warmStart (decay=exponential) 39% (468/1172) regret=0.112242 ape=0.5982
[17:48:09] warmStart (decay=exponential) 40% (469/1172) regret=0.112057 ape=0.5972
[17:48:09] warmStart (decay=exponential) 40% (470/1172) regret=0.112057 ape=0.5972
[17:48:09] warmStart (decay=exponential) 40% (471/1172) regret=0.112064 ape=0.5972
[17:48:09] warmStart (decay=exponential) 40% (472/1172) regret=0.112064 ape=0.5972
[17:48:10] warmStart (decay=exponential) 40% (473/1172) regret=0.112064 ape=0.5972
[17:48:10] warmStart (decay=exponential) 40% (474/1172) regret=0.112073 ape=0.5972
[17:48:10] warmStart (decay=exponential) 40% (475/1172) regret=0.112018 ape=0.5963
[17:48:10] warmStart (decay=exponential) 40% (476/1172) regret=0.112018 ape=0.5963
[17:48:10] warmStart (decay=exponential) 40% (477/1172) regret=0.112018 ape=0.5963
[17:48:10] warmStart (decay=exponential) 40% (478/1172) regret=0.112018 ape=0.5963
[17:48:10] warmStart (decay=exponential) 40% (479/1172) regret=0.112018 ape=0.5963
[17:48:11] warmStart (decay=exponential) 40% (480/1172) regret=0.112018 ape=0.5963
[17:48:11] warmStart (decay=exponential) 41% (481/1172) regret=0.112018 ape=0.5963
[17:48:11] warmStart (decay=exponential) 41% (482/1172) regret=0.112018 ape=0.5963
[17:48:11] warmStart (decay=exponential) 41% (483/1172) regret=0.112017 ape=0.5963
[17:48:11] warmStart (decay=exponential) 41% (484/1172) regret=0.112018 ape=0.5963
[17:48:11] warmStart (decay=exponential) 41% (485/1172) regret=0.112018 ape=0.5963
[17:48:12] warmStart (decay=exponential) 41% (486/1172) regret=0.112018 ape=0.5963
[17:48:12] warmStart (decay=exponential) 41% (487/1172) regret=0.112018 ape=0.5963
[17:48:12] warmStart (decay=exponential) 41% (488/1172) regret=0.112018 ape=0.5963
[17:48:12] warmStart (decay=exponential) 41% (489/1172) regret=0.112018 ape=0.5963
[17:48:12] warmStart (decay=exponential) 41% (490/1172) regret=0.112010 ape=0.5954
[17:48:12] warmStart (decay=exponential) 41% (491/1172) regret=0.112010 ape=0.5954
[17:48:12] warmStart (decay=exponential) 41% (492/1172) regret=0.112010 ape=0.5954
[17:48:13] warmStart (decay=exponential) 42% (493/1172) regret=0.112010 ape=0.5954
[17:48:13] warmStart (decay=exponential) 42% (494/1172) regret=0.112010 ape=0.5954
[17:48:13] warmStart (decay=exponential) 42% (495/1172) regret=0.112010 ape=0.5954
[17:48:13] warmStart (decay=exponential) 42% (496/1172) regret=0.112010 ape=0.5954
[17:48:13] warmStart (decay=exponential) 42% (497/1172) regret=0.112010 ape=0.5954
[17:48:13] warmStart (decay=exponential) 42% (498/1172) regret=0.112010 ape=0.5954
[17:48:13] warmStart (decay=exponential) 42% (499/1172) regret=0.112010 ape=0.5954
[17:48:14] warmStart (decay=exponential) 42% (500/1172) regret=0.112136 ape=0.5954
[17:48:14] warmStart (decay=exponential) 42% (501/1172) regret=0.112058 ape=0.5954
[17:48:14] warmStart (decay=exponential) 42% (502/1172) regret=0.112058 ape=0.5954
[17:48:14] warmStart (decay=exponential) 42% (503/1172) regret=0.112035 ape=0.5954
[17:48:14] warmStart (decay=exponential) 43% (504/1172) regret=0.112035 ape=0.5954
[17:48:14] warmStart (decay=exponential) 43% (505/1172) regret=0.112035 ape=0.5954
[17:48:15] warmStart (decay=exponential) 43% (506/1172) regret=0.112035 ape=0.5954
[17:48:15] warmStart (decay=exponential) 43% (507/1172) regret=0.112047 ape=0.5954
[17:48:15] warmStart (decay=exponential) 43% (508/1172) regret=0.112047 ape=0.5954
[17:48:15] warmStart (decay=exponential) 43% (509/1172) regret=0.111989 ape=0.5954
[17:48:15] warmStart (decay=exponential) 43% (510/1172) regret=0.111989 ape=0.5954
[17:48:16] warmStart (decay=exponential) 43% (511/1172) regret=0.111989 ape=0.5954
[17:48:16] warmStart (decay=exponential) 43% (512/1172) regret=0.112003 ape=0.5954
[17:48:16] warmStart (decay=exponential) 43% (513/1172) regret=0.112003 ape=0.5954
[17:48:16] warmStart (decay=exponential) 43% (514/1172) regret=0.111987 ape=0.5945
[17:48:16] warmStart (decay=exponential) 43% (515/1172) regret=0.111987 ape=0.5945
[17:48:16] warmStart (decay=exponential) 44% (516/1172) regret=0.112005 ape=0.5954
[17:48:16] warmStart (decay=exponential) 44% (517/1172) regret=0.111987 ape=0.5945
[17:48:17] warmStart (decay=exponential) 44% (518/1172) regret=0.111987 ape=0.5945
[17:48:17] warmStart (decay=exponential) 44% (519/1172) regret=0.111987 ape=0.5945
[17:48:17] warmStart (decay=exponential) 44% (520/1172) regret=0.111987 ape=0.5945
[17:48:17] warmStart (decay=exponential) 44% (521/1172) regret=0.111987 ape=0.5945
[17:48:17] warmStart (decay=exponential) 44% (522/1172) regret=0.111987 ape=0.5945
[17:48:17] warmStart (decay=exponential) 44% (523/1172) regret=0.111987 ape=0.5945
[17:48:17] warmStart (decay=exponential) 44% (524/1172) regret=0.111987 ape=0.5945
[17:48:18] warmStart (decay=exponential) 44% (525/1172) regret=0.111987 ape=0.5945
[17:48:18] warmStart (decay=exponential) 44% (526/1172) regret=0.111987 ape=0.5945
[17:48:18] warmStart (decay=exponential) 44% (527/1172) regret=0.111987 ape=0.5945
[17:48:18] warmStart (decay=exponential) 45% (528/1172) regret=0.111987 ape=0.5945
[17:48:18] warmStart (decay=exponential) 45% (529/1172) regret=0.111987 ape=0.5945
[17:48:18] warmStart (decay=exponential) 45% (530/1172) regret=0.111987 ape=0.5945
[17:48:19] warmStart (decay=exponential) 45% (531/1172) regret=0.112029 ape=0.5954
[17:48:19] warmStart (decay=exponential) 45% (532/1172) regret=0.111987 ape=0.5945
[17:48:19] warmStart (decay=exponential) 45% (533/1172) regret=0.111987 ape=0.5945
[17:48:19] warmStart (decay=exponential) 45% (534/1172) regret=0.111987 ape=0.5945
[17:48:19] warmStart (decay=exponential) 45% (535/1172) regret=0.111987 ape=0.5945
[17:48:19] warmStart (decay=exponential) 45% (536/1172) regret=0.111987 ape=0.5945
[17:48:20] warmStart (decay=exponential) 45% (537/1172) regret=0.111987 ape=0.5945
[17:48:20] warmStart (decay=exponential) 45% (538/1172) regret=0.111987 ape=0.5945
[17:48:20] warmStart (decay=exponential) 45% (539/1172) regret=0.111987 ape=0.5945
[17:48:20] warmStart (decay=exponential) 46% (540/1172) regret=0.111987 ape=0.5945
[17:48:20] warmStart (decay=exponential) 46% (541/1172) regret=0.111987 ape=0.5945
[17:48:21] warmStart (decay=exponential) 46% (542/1172) regret=0.111987 ape=0.5945
[17:48:21] warmStart (decay=exponential) 46% (543/1172) regret=0.111987 ape=0.5945
[17:48:21] warmStart (decay=exponential) 46% (544/1172) regret=0.111987 ape=0.5945
[17:48:21] warmStart (decay=exponential) 46% (545/1172) regret=0.111987 ape=0.5945
[17:48:21] warmStart (decay=exponential) 46% (546/1172) regret=0.111987 ape=0.5945
[17:48:21] warmStart (decay=exponential) 46% (547/1172) regret=0.111987 ape=0.5945
[17:48:22] warmStart (decay=exponential) 46% (548/1172) regret=0.112160 ape=0.5945
[17:48:22] warmStart (decay=exponential) 46% (549/1172) regret=0.111995 ape=0.5945
[17:48:22] warmStart (decay=exponential) 46% (550/1172) regret=0.111953 ape=0.5935
[17:48:22] warmStart (decay=exponential) 47% (551/1172) regret=0.111953 ape=0.5935
[17:48:22] warmStart (decay=exponential) 47% (552/1172) regret=0.111953 ape=0.5935
[17:48:23] warmStart (decay=exponential) 47% (553/1172) regret=0.111953 ape=0.5935
[17:48:23] warmStart (decay=exponential) 47% (554/1172) regret=0.111983 ape=0.5945
[17:48:23] warmStart (decay=exponential) 47% (555/1172) regret=0.111983 ape=0.5945
[17:48:23] warmStart (decay=exponential) 47% (556/1172) regret=0.111983 ape=0.5945
[17:48:23] warmStart (decay=exponential) 47% (557/1172) regret=0.111953 ape=0.5935
[17:48:23] warmStart (decay=exponential) 47% (558/1172) regret=0.112027 ape=0.5945
[17:48:24] warmStart (decay=exponential) 47% (559/1172) regret=0.111953 ape=0.5935
[17:48:24] warmStart (decay=exponential) 47% (560/1172) regret=0.111953 ape=0.5935
[17:48:24] warmStart (decay=exponential) 47% (561/1172) regret=0.111953 ape=0.5935
[17:48:24] warmStart (decay=exponential) 47% (562/1172) regret=0.111953 ape=0.5935
[17:48:24] warmStart (decay=exponential) 48% (563/1172) regret=0.111953 ape=0.5935
[17:48:25] warmStart (decay=exponential) 48% (564/1172) regret=0.111953 ape=0.5935
[17:48:25] warmStart (decay=exponential) 48% (565/1172) regret=0.111953 ape=0.5935
[17:48:25] warmStart (decay=exponential) 48% (566/1172) regret=0.111953 ape=0.5935
[17:48:25] warmStart (decay=exponential) 48% (567/1172) regret=0.111953 ape=0.5935
[17:48:25] warmStart (decay=exponential) 48% (568/1172) regret=0.111953 ape=0.5935
[17:48:25] warmStart (decay=exponential) 48% (569/1172) regret=0.111953 ape=0.5935
[17:48:26] warmStart (decay=exponential) 48% (570/1172) regret=0.111953 ape=0.5935
[17:48:26] warmStart (decay=exponential) 48% (571/1172) regret=0.111944 ape=0.5935
[17:48:26] warmStart (decay=exponential) 48% (572/1172) regret=0.111953 ape=0.5935
[17:48:26] warmStart (decay=exponential) 48% (573/1172) regret=0.111944 ape=0.5935
[17:48:26] warmStart (decay=exponential) 48% (574/1172) regret=0.111944 ape=0.5935
[17:48:26] warmStart (decay=exponential) 49% (575/1172) regret=0.111944 ape=0.5935
[17:48:27] warmStart (decay=exponential) 49% (576/1172) regret=0.111506 ape=0.5926
[17:48:27] warmStart (decay=exponential) 49% (577/1172) regret=0.111506 ape=0.5926
[17:48:27] warmStart (decay=exponential) 49% (578/1172) regret=0.111506 ape=0.5926
[17:48:27] warmStart (decay=exponential) 49% (579/1172) regret=0.111506 ape=0.5926
[17:48:27] warmStart (decay=exponential) 49% (580/1172) regret=0.111506 ape=0.5926
[17:48:27] warmStart (decay=exponential) 49% (581/1172) regret=0.111506 ape=0.5926
[17:48:28] warmStart (decay=exponential) 49% (582/1172) regret=0.111506 ape=0.5926
[17:48:28] warmStart (decay=exponential) 49% (583/1172) regret=0.111506 ape=0.5926
[17:48:28] warmStart (decay=exponential) 49% (584/1172) regret=0.110787 ape=0.5917
[17:48:28] warmStart (decay=exponential) 49% (585/1172) regret=0.110787 ape=0.5917
[17:48:28] warmStart (decay=exponential) 50% (586/1172) regret=0.110815 ape=0.5917
[17:48:28] warmStart (decay=exponential) 50% (587/1172) regret=0.110732 ape=0.5908
[17:48:29] warmStart (decay=exponential) 50% (588/1172) regret=0.110732 ape=0.5908
[17:48:29] warmStart (decay=exponential) 50% (589/1172) regret=0.110842 ape=0.5917
[17:48:29] warmStart (decay=exponential) 50% (590/1172) regret=0.110842 ape=0.5917
[17:48:29] warmStart (decay=exponential) 50% (591/1172) regret=0.110778 ape=0.5917
[17:48:29] warmStart (decay=exponential) 50% (592/1172) regret=0.110842 ape=0.5917
[17:48:29] warmStart (decay=exponential) 50% (593/1172) regret=0.110842 ape=0.5917
[17:48:30] warmStart (decay=exponential) 50% (594/1172) regret=0.110842 ape=0.5917
[17:48:30] warmStart (decay=exponential) 50% (595/1172) regret=0.110845 ape=0.5926
[17:48:30] warmStart (decay=exponential) 50% (596/1172) regret=0.110845 ape=0.5926
[17:48:30] warmStart (decay=exponential) 50% (597/1172) regret=0.110847 ape=0.5926
[17:48:30] warmStart (decay=exponential) 51% (598/1172) regret=0.110847 ape=0.5926
[17:48:30] warmStart (decay=exponential) 51% (599/1172) regret=0.110847 ape=0.5926
[17:48:30] warmStart (decay=exponential) 51% (600/1172) regret=0.110847 ape=0.5926
[17:48:31] warmStart (decay=exponential) 51% (601/1172) regret=0.110847 ape=0.5926
[17:48:31] warmStart (decay=exponential) 51% (602/1172) regret=0.110847 ape=0.5926
[17:48:31] warmStart (decay=exponential) 51% (603/1172) regret=0.110847 ape=0.5926
[17:48:31] warmStart (decay=exponential) 51% (604/1172) regret=0.110846 ape=0.5926
[17:48:31] warmStart (decay=exponential) 51% (605/1172) regret=0.110846 ape=0.5926
[17:48:31] warmStart (decay=exponential) 51% (606/1172) regret=0.110846 ape=0.5926
[17:48:31] warmStart (decay=exponential) 51% (607/1172) regret=0.110846 ape=0.5926
[17:48:32] warmStart (decay=exponential) 51% (608/1172) regret=0.110846 ape=0.5926
[17:48:32] warmStart (decay=exponential) 51% (609/1172) regret=0.110851 ape=0.5926
[17:48:32] warmStart (decay=exponential) 52% (610/1172) regret=0.110851 ape=0.5926
[17:48:32] warmStart (decay=exponential) 52% (611/1172) regret=0.110851 ape=0.5926
[17:48:32] warmStart (decay=exponential) 52% (612/1172) regret=0.110851 ape=0.5926
[17:48:32] warmStart (decay=exponential) 52% (613/1172) regret=0.110851 ape=0.5926
[17:48:33] warmStart (decay=exponential) 52% (614/1172) regret=0.110851 ape=0.5926
[17:48:33] warmStart (decay=exponential) 52% (615/1172) regret=0.110851 ape=0.5926
[17:48:33] warmStart (decay=exponential) 52% (616/1172) regret=0.110846 ape=0.5926
[17:48:33] warmStart (decay=exponential) 52% (617/1172) regret=0.110846 ape=0.5926
[17:48:33] warmStart (decay=exponential) 52% (618/1172) regret=0.110846 ape=0.5926
[17:48:33] warmStart (decay=exponential) 52% (619/1172) regret=0.110846 ape=0.5926
[17:48:34] warmStart (decay=exponential) 52% (620/1172) regret=0.110846 ape=0.5926
[17:48:34] warmStart (decay=exponential) 52% (621/1172) regret=0.110846 ape=0.5926
[17:48:34] warmStart (decay=exponential) 53% (622/1172) regret=0.110846 ape=0.5926
[17:48:34] warmStart (decay=exponential) 53% (623/1172) regret=0.110846 ape=0.5926
[17:48:34] warmStart (decay=exponential) 53% (624/1172) regret=0.110846 ape=0.5926
[17:48:34] warmStart (decay=exponential) 53% (625/1172) regret=0.110846 ape=0.5926
[17:48:35] warmStart (decay=exponential) 53% (626/1172) regret=0.110846 ape=0.5926
[17:48:35] warmStart (decay=exponential) 53% (627/1172) regret=0.110846 ape=0.5926
[17:48:35] warmStart (decay=exponential) 53% (628/1172) regret=0.110846 ape=0.5926
[17:48:35] warmStart (decay=exponential) 53% (629/1172) regret=0.110846 ape=0.5926
[17:48:35] warmStart (decay=exponential) 53% (630/1172) regret=0.110846 ape=0.5926
[17:48:35] warmStart (decay=exponential) 53% (631/1172) regret=0.110846 ape=0.5926
[17:48:36] warmStart (decay=exponential) 53% (632/1172) regret=0.110846 ape=0.5926
[17:48:36] warmStart (decay=exponential) 54% (633/1172) regret=0.110846 ape=0.5926
[17:48:36] warmStart (decay=exponential) 54% (634/1172) regret=0.110846 ape=0.5926
[17:48:36] warmStart (decay=exponential) 54% (635/1172) regret=0.110846 ape=0.5926
[17:48:36] warmStart (decay=exponential) 54% (636/1172) regret=0.110846 ape=0.5926
[17:48:36] warmStart (decay=exponential) 54% (637/1172) regret=0.110846 ape=0.5926
[17:48:37] warmStart (decay=exponential) 54% (638/1172) regret=0.110846 ape=0.5926
[17:48:37] warmStart (decay=exponential) 54% (639/1172) regret=0.110846 ape=0.5926
[17:48:37] warmStart (decay=exponential) 54% (640/1172) regret=0.110846 ape=0.5926
[17:48:37] warmStart (decay=exponential) 54% (641/1172) regret=0.110846 ape=0.5926
[17:48:37] warmStart (decay=exponential) 54% (642/1172) regret=0.110846 ape=0.5926
[17:48:37] warmStart (decay=exponential) 54% (643/1172) regret=0.110846 ape=0.5926
[17:48:38] warmStart (decay=exponential) 54% (644/1172) regret=0.110846 ape=0.5926
[17:48:38] warmStart (decay=exponential) 55% (645/1172) regret=0.110846 ape=0.5926
[17:48:38] warmStart (decay=exponential) 55% (646/1172) regret=0.110846 ape=0.5926
[17:48:38] warmStart (decay=exponential) 55% (647/1172) regret=0.110846 ape=0.5926
[17:48:38] warmStart (decay=exponential) 55% (648/1172) regret=0.110846 ape=0.5926
[17:48:38] warmStart (decay=exponential) 55% (649/1172) regret=0.110846 ape=0.5926
[17:48:39] warmStart (decay=exponential) 55% (650/1172) regret=0.110846 ape=0.5926
[17:48:39] warmStart (decay=exponential) 55% (651/1172) regret=0.110846 ape=0.5926
[17:48:39] warmStart (decay=exponential) 55% (652/1172) regret=0.109998 ape=0.5917
[17:48:39] warmStart (decay=exponential) 55% (653/1172) regret=0.109998 ape=0.5917
[17:48:39] warmStart (decay=exponential) 55% (654/1172) regret=0.109998 ape=0.5917
[17:48:39] warmStart (decay=exponential) 55% (655/1172) regret=0.109998 ape=0.5917
[17:48:40] warmStart (decay=exponential) 55% (656/1172) regret=0.109998 ape=0.5917
[17:48:40] warmStart (decay=exponential) 56% (657/1172) regret=0.109998 ape=0.5917
[17:48:40] warmStart (decay=exponential) 56% (658/1172) regret=0.110178 ape=0.5926
[17:48:40] warmStart (decay=exponential) 56% (659/1172) regret=0.110178 ape=0.5926
[17:48:40] warmStart (decay=exponential) 56% (660/1172) regret=0.110178 ape=0.5926
[17:48:40] warmStart (decay=exponential) 56% (661/1172) regret=0.110178 ape=0.5926
[17:48:41] warmStart (decay=exponential) 56% (662/1172) regret=0.109998 ape=0.5917
[17:48:41] warmStart (decay=exponential) 56% (663/1172) regret=0.109998 ape=0.5917
[17:48:41] warmStart (decay=exponential) 56% (664/1172) regret=0.109998 ape=0.5917
[17:48:41] warmStart (decay=exponential) 56% (665/1172) regret=0.109998 ape=0.5917
[17:48:41] warmStart (decay=exponential) 56% (666/1172) regret=0.109998 ape=0.5917
[17:48:42] warmStart (decay=exponential) 56% (667/1172) regret=0.109998 ape=0.5917
[17:48:42] warmStart (decay=exponential) 56% (668/1172) regret=0.109998 ape=0.5917
[17:48:42] warmStart (decay=exponential) 57% (669/1172) regret=0.110010 ape=0.5917
[17:48:42] warmStart (decay=exponential) 57% (670/1172) regret=0.110010 ape=0.5917
[17:48:42] warmStart (decay=exponential) 57% (671/1172) regret=0.109998 ape=0.5917
[17:48:42] warmStart (decay=exponential) 57% (672/1172) regret=0.110010 ape=0.5917
[17:48:43] warmStart (decay=exponential) 57% (673/1172) regret=0.110010 ape=0.5917
[17:48:43] warmStart (decay=exponential) 57% (674/1172) regret=0.110010 ape=0.5917
[17:48:43] warmStart (decay=exponential) 57% (675/1172) regret=0.110000 ape=0.5917
[17:48:43] warmStart (decay=exponential) 57% (676/1172) regret=0.109984 ape=0.5908
[17:48:43] warmStart (decay=exponential) 57% (677/1172) regret=0.110000 ape=0.5917
[17:48:43] warmStart (decay=exponential) 57% (678/1172) regret=0.109984 ape=0.5908
[17:48:44] warmStart (decay=exponential) 57% (679/1172) regret=0.109984 ape=0.5908
[17:48:44] warmStart (decay=exponential) 58% (680/1172) regret=0.109984 ape=0.5908
[17:48:44] warmStart (decay=exponential) 58% (681/1172) regret=0.109984 ape=0.5908
[17:48:44] warmStart (decay=exponential) 58% (682/1172) regret=0.109984 ape=0.5908
[17:48:44] warmStart (decay=exponential) 58% (683/1172) regret=0.109984 ape=0.5908
[17:48:44] warmStart (decay=exponential) 58% (684/1172) regret=0.109984 ape=0.5908
[17:48:45] warmStart (decay=exponential) 58% (685/1172) regret=0.109984 ape=0.5908
[17:48:45] warmStart (decay=exponential) 58% (686/1172) regret=0.109984 ape=0.5908
[17:48:45] warmStart (decay=exponential) 58% (687/1172) regret=0.109984 ape=0.5908
[17:48:45] warmStart (decay=exponential) 58% (688/1172) regret=0.109984 ape=0.5908
[17:48:45] warmStart (decay=exponential) 58% (689/1172) regret=0.109984 ape=0.5908
[17:48:45] warmStart (decay=exponential) 58% (690/1172) regret=0.109984 ape=0.5908
[17:48:45] warmStart (decay=exponential) 58% (691/1172) regret=0.109984 ape=0.5908
[17:48:46] warmStart (decay=exponential) 59% (692/1172) regret=0.109984 ape=0.5908
[17:48:46] warmStart (decay=exponential) 59% (693/1172) regret=0.109984 ape=0.5908
[17:48:46] warmStart (decay=exponential) 59% (694/1172) regret=0.110003 ape=0.5917
[17:48:46] warmStart (decay=exponential) 59% (695/1172) regret=0.110003 ape=0.5917
[17:48:46] warmStart (decay=exponential) 59% (696/1172) regret=0.110003 ape=0.5917
[17:48:46] warmStart (decay=exponential) 59% (697/1172) regret=0.110003 ape=0.5917
[17:48:47] warmStart (decay=exponential) 59% (698/1172) regret=0.110003 ape=0.5917
[17:48:47] warmStart (decay=exponential) 59% (699/1172) regret=0.110003 ape=0.5917
[17:48:47] warmStart (decay=exponential) 59% (700/1172) regret=0.110003 ape=0.5917
[17:48:47] warmStart (decay=exponential) 59% (701/1172) regret=0.110003 ape=0.5917
[17:48:47] warmStart (decay=exponential) 59% (702/1172) regret=0.110003 ape=0.5917
[17:48:47] warmStart (decay=exponential) 59% (703/1172) regret=0.110003 ape=0.5917
[17:48:47] warmStart (decay=exponential) 60% (704/1172) regret=0.110003 ape=0.5917
[17:48:48] warmStart (decay=exponential) 60% (705/1172) regret=0.110003 ape=0.5917
[17:48:48] warmStart (decay=exponential) 60% (706/1172) regret=0.110003 ape=0.5917
[17:48:48] warmStart (decay=exponential) 60% (707/1172) regret=0.110003 ape=0.5917
[17:48:48] warmStart (decay=exponential) 60% (708/1172) regret=0.110003 ape=0.5917
[17:48:48] warmStart (decay=exponential) 60% (709/1172) regret=0.110003 ape=0.5917
[17:48:48] warmStart (decay=exponential) 60% (710/1172) regret=0.110003 ape=0.5917
[17:48:49] warmStart (decay=exponential) 60% (711/1172) regret=0.110003 ape=0.5917
[17:48:49] warmStart (decay=exponential) 60% (712/1172) regret=0.110003 ape=0.5917
[17:48:49] warmStart (decay=exponential) 60% (713/1172) regret=0.110003 ape=0.5917
[17:48:49] warmStart (decay=exponential) 60% (714/1172) regret=0.110003 ape=0.5917
[17:48:49] warmStart (decay=exponential) 61% (715/1172) regret=0.110003 ape=0.5917
[17:48:49] warmStart (decay=exponential) 61% (716/1172) regret=0.110003 ape=0.5917
[17:48:49] warmStart (decay=exponential) 61% (717/1172) regret=0.110003 ape=0.5917
[17:48:50] warmStart (decay=exponential) 61% (718/1172) regret=0.110003 ape=0.5917
[17:48:50] warmStart (decay=exponential) 61% (719/1172) regret=0.110003 ape=0.5917
[17:48:50] warmStart (decay=exponential) 61% (720/1172) regret=0.110003 ape=0.5917
[17:48:50] warmStart (decay=exponential) 61% (721/1172) regret=0.109938 ape=0.5908
[17:48:50] warmStart (decay=exponential) 61% (722/1172) regret=0.109938 ape=0.5908
[17:48:51] warmStart (decay=exponential) 61% (723/1172) regret=0.109938 ape=0.5908
[17:48:51] warmStart (decay=exponential) 61% (724/1172) regret=0.109938 ape=0.5908
[17:48:51] warmStart (decay=exponential) 61% (725/1172) regret=0.109938 ape=0.5908
[17:48:51] warmStart (decay=exponential) 61% (726/1172) regret=0.109938 ape=0.5908
[17:48:51] warmStart (decay=exponential) 62% (727/1172) regret=0.109938 ape=0.5908
[17:48:51] warmStart (decay=exponential) 62% (728/1172) regret=0.109938 ape=0.5908
[17:48:51] warmStart (decay=exponential) 62% (729/1172) regret=0.109938 ape=0.5908
[17:48:52] warmStart (decay=exponential) 62% (730/1172) regret=0.109938 ape=0.5908
[17:48:52] warmStart (decay=exponential) 62% (731/1172) regret=0.109938 ape=0.5908
[17:48:52] warmStart (decay=exponential) 62% (732/1172) regret=0.109938 ape=0.5908
[17:48:52] warmStart (decay=exponential) 62% (733/1172) regret=0.109938 ape=0.5908
[17:48:52] warmStart (decay=exponential) 62% (734/1172) regret=0.109938 ape=0.5908
[17:48:52] warmStart (decay=exponential) 62% (735/1172) regret=0.109938 ape=0.5908
[17:48:53] warmStart (decay=exponential) 62% (736/1172) regret=0.109938 ape=0.5908
[17:48:53] warmStart (decay=exponential) 62% (737/1172) regret=0.109938 ape=0.5908
[17:48:53] warmStart (decay=exponential) 62% (738/1172) regret=0.109938 ape=0.5908
[17:48:53] warmStart (decay=exponential) 63% (739/1172) regret=0.109938 ape=0.5908
[17:48:53] warmStart (decay=exponential) 63% (740/1172) regret=0.109938 ape=0.5908
[17:48:53] warmStart (decay=exponential) 63% (741/1172) regret=0.109938 ape=0.5908
[17:48:54] warmStart (decay=exponential) 63% (742/1172) regret=0.109938 ape=0.5908
[17:48:54] warmStart (decay=exponential) 63% (743/1172) regret=0.109938 ape=0.5908
[17:48:54] warmStart (decay=exponential) 63% (744/1172) regret=0.109938 ape=0.5908
[17:48:54] warmStart (decay=exponential) 63% (745/1172) regret=0.109938 ape=0.5908
[17:48:54] warmStart (decay=exponential) 63% (746/1172) regret=0.109938 ape=0.5908
[17:48:54] warmStart (decay=exponential) 63% (747/1172) regret=0.109938 ape=0.5908
[17:48:55] warmStart (decay=exponential) 63% (748/1172) regret=0.109938 ape=0.5908
[17:48:55] warmStart (decay=exponential) 63% (749/1172) regret=0.109938 ape=0.5908
[17:48:55] warmStart (decay=exponential) 63% (750/1172) regret=0.109938 ape=0.5908
[17:48:55] warmStart (decay=exponential) 64% (751/1172) regret=0.109938 ape=0.5908
[17:48:55] warmStart (decay=exponential) 64% (752/1172) regret=0.109938 ape=0.5908
[17:48:55] warmStart (decay=exponential) 64% (753/1172) regret=0.109938 ape=0.5908
[17:48:55] warmStart (decay=exponential) 64% (754/1172) regret=0.109938 ape=0.5908
[17:48:56] warmStart (decay=exponential) 64% (755/1172) regret=0.109938 ape=0.5908
[17:48:56] warmStart (decay=exponential) 64% (756/1172) regret=0.109938 ape=0.5908
[17:48:56] warmStart (decay=exponential) 64% (757/1172) regret=0.109938 ape=0.5908
[17:48:56] warmStart (decay=exponential) 64% (758/1172) regret=0.109938 ape=0.5908
[17:48:56] warmStart (decay=exponential) 64% (759/1172) regret=0.109938 ape=0.5908
[17:48:56] warmStart (decay=exponential) 64% (760/1172) regret=0.109938 ape=0.5908
[17:48:57] warmStart (decay=exponential) 64% (761/1172) regret=0.109938 ape=0.5908
[17:48:57] warmStart (decay=exponential) 65% (762/1172) regret=0.109938 ape=0.5908
[17:48:57] warmStart (decay=exponential) 65% (763/1172) regret=0.110049 ape=0.5908
[17:48:57] warmStart (decay=exponential) 65% (764/1172) regret=0.109938 ape=0.5908
[17:48:57] warmStart (decay=exponential) 65% (765/1172) regret=0.109966 ape=0.5908
[17:48:57] warmStart (decay=exponential) 65% (766/1172) regret=0.109901 ape=0.5899
[17:48:58] warmStart (decay=exponential) 65% (767/1172) regret=0.109901 ape=0.5899
[17:48:58] warmStart (decay=exponential) 65% (768/1172) regret=0.109901 ape=0.5899
[17:48:58] warmStart (decay=exponential) 65% (769/1172) regret=0.109901 ape=0.5899
[17:48:58] warmStart (decay=exponential) 65% (770/1172) regret=0.109901 ape=0.5899
[17:48:58] warmStart (decay=exponential) 65% (771/1172) regret=0.109901 ape=0.5899
[17:48:58] warmStart (decay=exponential) 65% (772/1172) regret=0.109901 ape=0.5899
[17:48:59] warmStart (decay=exponential) 65% (773/1172) regret=0.109998 ape=0.5908
[17:48:59] warmStart (decay=exponential) 66% (774/1172) regret=0.109998 ape=0.5908
[17:48:59] warmStart (decay=exponential) 66% (775/1172) regret=0.109998 ape=0.5908
[17:48:59] warmStart (decay=exponential) 66% (776/1172) regret=0.109994 ape=0.5908
[17:48:59] warmStart (decay=exponential) 66% (777/1172) regret=0.109901 ape=0.5899
[17:48:59] warmStart (decay=exponential) 66% (778/1172) regret=0.109901 ape=0.5899
[17:49:00] warmStart (decay=exponential) 66% (779/1172) regret=0.109901 ape=0.5899
[17:49:00] warmStart (decay=exponential) 66% (780/1172) regret=0.109901 ape=0.5899
[17:49:00] warmStart (decay=exponential) 66% (781/1172) regret=0.109901 ape=0.5899
[17:49:00] warmStart (decay=exponential) 66% (782/1172) regret=0.109901 ape=0.5899
[17:49:00] warmStart (decay=exponential) 66% (783/1172) regret=0.109901 ape=0.5899
[17:49:01] warmStart (decay=exponential) 66% (784/1172) regret=0.109901 ape=0.5899
[17:49:01] warmStart (decay=exponential) 66% (785/1172) regret=0.109901 ape=0.5899
[17:49:01] warmStart (decay=exponential) 67% (786/1172) regret=0.109901 ape=0.5899
[17:49:01] warmStart (decay=exponential) 67% (787/1172) regret=0.109901 ape=0.5899
[17:49:01] warmStart (decay=exponential) 67% (788/1172) regret=0.109901 ape=0.5899
[17:49:01] warmStart (decay=exponential) 67% (789/1172) regret=0.109901 ape=0.5899
[17:49:02] warmStart (decay=exponential) 67% (790/1172) regret=0.109901 ape=0.5899
[17:49:02] warmStart (decay=exponential) 67% (791/1172) regret=0.109901 ape=0.5899
[17:49:02] warmStart (decay=exponential) 67% (792/1172) regret=0.109901 ape=0.5899
[17:49:02] warmStart (decay=exponential) 67% (793/1172) regret=0.109901 ape=0.5899
[17:49:02] warmStart (decay=exponential) 67% (794/1172) regret=0.109901 ape=0.5899
[17:49:02] warmStart (decay=exponential) 67% (795/1172) regret=0.109901 ape=0.5899
[17:49:03] warmStart (decay=exponential) 67% (796/1172) regret=0.109901 ape=0.5899
[17:49:03] warmStart (decay=exponential) 68% (797/1172) regret=0.109901 ape=0.5899
[17:49:03] warmStart (decay=exponential) 68% (798/1172) regret=0.109901 ape=0.5899
[17:49:03] warmStart (decay=exponential) 68% (799/1172) regret=0.109901 ape=0.5899
[17:49:03] warmStart (decay=exponential) 68% (800/1172) regret=0.109901 ape=0.5899
[17:49:03] warmStart (decay=exponential) 68% (801/1172) regret=0.109901 ape=0.5899
[17:49:04] warmStart (decay=exponential) 68% (802/1172) regret=0.109901 ape=0.5899
[17:49:04] warmStart (decay=exponential) 68% (803/1172) regret=0.109901 ape=0.5899
[17:49:04] warmStart (decay=exponential) 68% (804/1172) regret=0.109901 ape=0.5899
[17:49:04] warmStart (decay=exponential) 68% (805/1172) regret=0.109901 ape=0.5899
[17:49:04] warmStart (decay=exponential) 68% (806/1172) regret=0.109901 ape=0.5899
[17:49:05] warmStart (decay=exponential) 68% (807/1172) regret=0.109901 ape=0.5899
[17:49:05] warmStart (decay=exponential) 68% (808/1172) regret=0.109901 ape=0.5899
[17:49:05] warmStart (decay=exponential) 69% (809/1172) regret=0.109901 ape=0.5899
[17:49:05] warmStart (decay=exponential) 69% (810/1172) regret=0.109901 ape=0.5899
[17:49:05] warmStart (decay=exponential) 69% (811/1172) regret=0.109901 ape=0.5899
[17:49:05] warmStart (decay=exponential) 69% (812/1172) regret=0.109901 ape=0.5899
[17:49:06] warmStart (decay=exponential) 69% (813/1172) regret=0.109901 ape=0.5899
[17:49:06] warmStart (decay=exponential) 69% (814/1172) regret=0.109901 ape=0.5899
[17:49:06] warmStart (decay=exponential) 69% (815/1172) regret=0.109901 ape=0.5899
[17:49:06] warmStart (decay=exponential) 69% (816/1172) regret=0.109901 ape=0.5899
[17:49:06] warmStart (decay=exponential) 69% (817/1172) regret=0.109901 ape=0.5899
[17:49:06] warmStart (decay=exponential) 69% (818/1172) regret=0.109901 ape=0.5899
[17:49:07] warmStart (decay=exponential) 69% (819/1172) regret=0.109901 ape=0.5899
[17:49:07] warmStart (decay=exponential) 69% (820/1172) regret=0.109901 ape=0.5899
[17:49:07] warmStart (decay=exponential) 70% (821/1172) regret=0.109901 ape=0.5899
[17:49:07] warmStart (decay=exponential) 70% (822/1172) regret=0.109901 ape=0.5899
[17:49:07] warmStart (decay=exponential) 70% (823/1172) regret=0.109901 ape=0.5899
[17:49:08] warmStart (decay=exponential) 70% (824/1172) regret=0.109901 ape=0.5899
[17:49:08] warmStart (decay=exponential) 70% (825/1172) regret=0.109901 ape=0.5899
[17:49:08] warmStart (decay=exponential) 70% (826/1172) regret=0.109901 ape=0.5899
[17:49:08] warmStart (decay=exponential) 70% (827/1172) regret=0.109901 ape=0.5899
[17:49:08] warmStart (decay=exponential) 70% (828/1172) regret=0.109901 ape=0.5899
[17:49:08] warmStart (decay=exponential) 70% (829/1172) regret=0.109901 ape=0.5899
[17:49:09] warmStart (decay=exponential) 70% (830/1172) regret=0.109901 ape=0.5899
[17:49:09] warmStart (decay=exponential) 70% (831/1172) regret=0.109901 ape=0.5899
[17:49:09] warmStart (decay=exponential) 70% (832/1172) regret=0.109901 ape=0.5899
[17:49:09] warmStart (decay=exponential) 71% (833/1172) regret=0.109901 ape=0.5899
[17:49:09] warmStart (decay=exponential) 71% (834/1172) regret=0.109901 ape=0.5899
[17:49:09] warmStart (decay=exponential) 71% (835/1172) regret=0.109901 ape=0.5899
[17:49:10] warmStart (decay=exponential) 71% (836/1172) regret=0.109901 ape=0.5899
[17:49:10] warmStart (decay=exponential) 71% (837/1172) regret=0.109901 ape=0.5899
[17:49:10] warmStart (decay=exponential) 71% (838/1172) regret=0.109901 ape=0.5899
[17:49:10] warmStart (decay=exponential) 71% (839/1172) regret=0.109901 ape=0.5899
[17:49:10] warmStart (decay=exponential) 71% (840/1172) regret=0.109901 ape=0.5899
[17:49:11] warmStart (decay=exponential) 71% (841/1172) regret=0.109901 ape=0.5899
[17:49:11] warmStart (decay=exponential) 71% (842/1172) regret=0.109901 ape=0.5899
[17:49:11] warmStart (decay=exponential) 71% (843/1172) regret=0.109901 ape=0.5899
[17:49:11] warmStart (decay=exponential) 72% (844/1172) regret=0.109901 ape=0.5899
[17:49:11] warmStart (decay=exponential) 72% (845/1172) regret=0.109901 ape=0.5899
[17:49:11] warmStart (decay=exponential) 72% (846/1172) regret=0.109901 ape=0.5899
[17:49:12] warmStart (decay=exponential) 72% (847/1172) regret=0.109901 ape=0.5899
[17:49:12] warmStart (decay=exponential) 72% (848/1172) regret=0.109901 ape=0.5899
[17:49:12] warmStart (decay=exponential) 72% (849/1172) regret=0.109901 ape=0.5899
[17:49:12] warmStart (decay=exponential) 72% (850/1172) regret=0.109901 ape=0.5899
[17:49:12] warmStart (decay=exponential) 72% (851/1172) regret=0.109901 ape=0.5899
[17:49:12] warmStart (decay=exponential) 72% (852/1172) regret=0.109901 ape=0.5899
[17:49:13] warmStart (decay=exponential) 72% (853/1172) regret=0.109901 ape=0.5899
[17:49:13] warmStart (decay=exponential) 72% (854/1172) regret=0.109901 ape=0.5899
[17:49:13] warmStart (decay=exponential) 72% (855/1172) regret=0.109901 ape=0.5899
[17:49:13] warmStart (decay=exponential) 73% (856/1172) regret=0.109901 ape=0.5899
[17:49:13] warmStart (decay=exponential) 73% (857/1172) regret=0.109855 ape=0.5889
[17:49:13] warmStart (decay=exponential) 73% (858/1172) regret=0.109855 ape=0.5889
[17:49:14] warmStart (decay=exponential) 73% (859/1172) regret=0.109855 ape=0.5889
[17:49:14] warmStart (decay=exponential) 73% (860/1172) regret=0.109855 ape=0.5889
[17:49:14] warmStart (decay=exponential) 73% (861/1172) regret=0.109855 ape=0.5889
[17:49:14] warmStart (decay=exponential) 73% (862/1172) regret=0.109855 ape=0.5889
[17:49:14] warmStart (decay=exponential) 73% (863/1172) regret=0.109855 ape=0.5889
[17:49:14] warmStart (decay=exponential) 73% (864/1172) regret=0.109855 ape=0.5889
[17:49:15] warmStart (decay=exponential) 73% (865/1172) regret=0.109855 ape=0.5889
[17:49:15] warmStart (decay=exponential) 73% (866/1172) regret=0.109855 ape=0.5889
[17:49:15] warmStart (decay=exponential) 73% (867/1172) regret=0.109855 ape=0.5889
[17:49:15] warmStart (decay=exponential) 74% (868/1172) regret=0.109855 ape=0.5889
[17:49:15] warmStart (decay=exponential) 74% (869/1172) regret=0.109855 ape=0.5889
[17:49:15] warmStart (decay=exponential) 74% (870/1172) regret=0.109855 ape=0.5889
[17:49:16] warmStart (decay=exponential) 74% (871/1172) regret=0.109855 ape=0.5889
[17:49:16] warmStart (decay=exponential) 74% (872/1172) regret=0.109855 ape=0.5889
[17:49:16] warmStart (decay=exponential) 74% (873/1172) regret=0.109855 ape=0.5889
[17:49:16] warmStart (decay=exponential) 74% (874/1172) regret=0.109855 ape=0.5889
[17:49:16] warmStart (decay=exponential) 74% (875/1172) regret=0.109855 ape=0.5889
[17:49:17] warmStart (decay=exponential) 74% (876/1172) regret=0.109855 ape=0.5889
[17:49:17] warmStart (decay=exponential) 74% (877/1172) regret=0.109855 ape=0.5889
[17:49:17] warmStart (decay=exponential) 74% (878/1172) regret=0.109855 ape=0.5889
[17:49:17] warmStart (decay=exponential) 75% (879/1172) regret=0.109855 ape=0.5889
[17:49:17] warmStart (decay=exponential) 75% (880/1172) regret=0.109855 ape=0.5889
[17:49:17] warmStart (decay=exponential) 75% (881/1172) regret=0.109855 ape=0.5889
[17:49:18] warmStart (decay=exponential) 75% (882/1172) regret=0.109855 ape=0.5889
[17:49:18] warmStart (decay=exponential) 75% (883/1172) regret=0.109855 ape=0.5889
[17:49:18] warmStart (decay=exponential) 75% (884/1172) regret=0.109855 ape=0.5889
[17:49:18] warmStart (decay=exponential) 75% (885/1172) regret=0.109855 ape=0.5889
[17:49:18] warmStart (decay=exponential) 75% (886/1172) regret=0.109855 ape=0.5889
[17:49:19] warmStart (decay=exponential) 75% (887/1172) regret=0.109855 ape=0.5889
[17:49:19] warmStart (decay=exponential) 75% (888/1172) regret=0.109855 ape=0.5889
[17:49:19] warmStart (decay=exponential) 75% (889/1172) regret=0.109855 ape=0.5889
[17:49:19] warmStart (decay=exponential) 75% (890/1172) regret=0.109855 ape=0.5889
[17:49:19] warmStart (decay=exponential) 76% (891/1172) regret=0.109855 ape=0.5889
[17:49:19] warmStart (decay=exponential) 76% (892/1172) regret=0.109855 ape=0.5889
[17:49:20] warmStart (decay=exponential) 76% (893/1172) regret=0.109855 ape=0.5889
[17:49:20] warmStart (decay=exponential) 76% (894/1172) regret=0.109855 ape=0.5889
[17:49:20] warmStart (decay=exponential) 76% (895/1172) regret=0.109855 ape=0.5889
[17:49:20] warmStart (decay=exponential) 76% (896/1172) regret=0.109855 ape=0.5889
[17:49:20] warmStart (decay=exponential) 76% (897/1172) regret=0.109855 ape=0.5889
[17:49:20] warmStart (decay=exponential) 76% (898/1172) regret=0.109855 ape=0.5889
[17:49:21] warmStart (decay=exponential) 76% (899/1172) regret=0.109855 ape=0.5889
[17:49:21] warmStart (decay=exponential) 76% (900/1172) regret=0.109855 ape=0.5889
[17:49:21] warmStart (decay=exponential) 76% (901/1172) regret=0.109855 ape=0.5889
[17:49:21] warmStart (decay=exponential) 76% (902/1172) regret=0.109855 ape=0.5889
[17:49:21] warmStart (decay=exponential) 77% (903/1172) regret=0.109855 ape=0.5889
[17:49:22] warmStart (decay=exponential) 77% (904/1172) regret=0.109855 ape=0.5889
[17:49:22] warmStart (decay=exponential) 77% (905/1172) regret=0.109855 ape=0.5889
[17:49:22] warmStart (decay=exponential) 77% (906/1172) regret=0.109855 ape=0.5889
[17:49:22] warmStart (decay=exponential) 77% (907/1172) regret=0.109855 ape=0.5889
[17:49:22] warmStart (decay=exponential) 77% (908/1172) regret=0.109855 ape=0.5889
[17:49:22] warmStart (decay=exponential) 77% (909/1172) regret=0.109855 ape=0.5889
[17:49:23] warmStart (decay=exponential) 77% (910/1172) regret=0.109855 ape=0.5889
[17:49:23] warmStart (decay=exponential) 77% (911/1172) regret=0.109855 ape=0.5889
[17:49:23] warmStart (decay=exponential) 77% (912/1172) regret=0.109855 ape=0.5889
[17:49:23] warmStart (decay=exponential) 77% (913/1172) regret=0.109855 ape=0.5889
[17:49:23] warmStart (decay=exponential) 77% (914/1172) regret=0.109855 ape=0.5889
[17:49:24] warmStart (decay=exponential) 78% (915/1172) regret=0.109855 ape=0.5889
[17:49:24] warmStart (decay=exponential) 78% (916/1172) regret=0.109855 ape=0.5889
[17:49:24] warmStart (decay=exponential) 78% (917/1172) regret=0.109855 ape=0.5889
[17:49:24] warmStart (decay=exponential) 78% (918/1172) regret=0.109855 ape=0.5889
[17:49:24] warmStart (decay=exponential) 78% (919/1172) regret=0.109855 ape=0.5889
[17:49:24] warmStart (decay=exponential) 78% (920/1172) regret=0.109855 ape=0.5889
[17:49:25] warmStart (decay=exponential) 78% (921/1172) regret=0.109855 ape=0.5889
[17:49:25] warmStart (decay=exponential) 78% (922/1172) regret=0.109855 ape=0.5889
[17:49:25] warmStart (decay=exponential) 78% (923/1172) regret=0.109855 ape=0.5889
[17:49:25] warmStart (decay=exponential) 78% (924/1172) regret=0.109855 ape=0.5889
[17:49:25] warmStart (decay=exponential) 78% (925/1172) regret=0.109855 ape=0.5889
[17:49:25] warmStart (decay=exponential) 79% (926/1172) regret=0.109855 ape=0.5889
[17:49:26] warmStart (decay=exponential) 79% (927/1172) regret=0.109855 ape=0.5889
[17:49:26] warmStart (decay=exponential) 79% (928/1172) regret=0.109855 ape=0.5889
[17:49:26] warmStart (decay=exponential) 79% (929/1172) regret=0.109855 ape=0.5889
[17:49:26] warmStart (decay=exponential) 79% (930/1172) regret=0.109855 ape=0.5889
[17:49:26] warmStart (decay=exponential) 79% (931/1172) regret=0.109855 ape=0.5889
[17:49:27] warmStart (decay=exponential) 79% (932/1172) regret=0.109855 ape=0.5889
[17:49:27] warmStart (decay=exponential) 79% (933/1172) regret=0.109855 ape=0.5889
[17:49:27] warmStart (decay=exponential) 79% (934/1172) regret=0.109855 ape=0.5889
[17:49:27] warmStart (decay=exponential) 79% (935/1172) regret=0.109855 ape=0.5889
[17:49:27] warmStart (decay=exponential) 79% (936/1172) regret=0.109858 ape=0.5889
[17:49:27] warmStart (decay=exponential) 79% (937/1172) regret=0.109855 ape=0.5889
[17:49:28] warmStart (decay=exponential) 80% (938/1172) regret=0.109854 ape=0.5880
[17:49:28] warmStart (decay=exponential) 80% (939/1172) regret=0.109854 ape=0.5880
[17:49:28] warmStart (decay=exponential) 80% (940/1172) regret=0.109854 ape=0.5880
[17:49:28] warmStart (decay=exponential) 80% (941/1172) regret=0.109854 ape=0.5880
[17:49:28] warmStart (decay=exponential) 80% (942/1172) regret=0.109854 ape=0.5880
[17:49:28] warmStart (decay=exponential) 80% (943/1172) regret=0.109854 ape=0.5880
[17:49:28] warmStart (decay=exponential) 80% (944/1172) regret=0.109854 ape=0.5880
[17:49:29] warmStart (decay=exponential) 80% (945/1172) regret=0.109854 ape=0.5880
[17:49:29] warmStart (decay=exponential) 80% (946/1172) regret=0.109854 ape=0.5880
[17:49:29] warmStart (decay=exponential) 80% (947/1172) regret=0.109854 ape=0.5880
[17:49:29] warmStart (decay=exponential) 80% (948/1172) regret=0.109854 ape=0.5880
[17:49:29] warmStart (decay=exponential) 80% (949/1172) regret=0.109854 ape=0.5880
[17:49:29] warmStart (decay=exponential) 81% (950/1172) regret=0.109854 ape=0.5880
[17:49:30] warmStart (decay=exponential) 81% (951/1172) regret=0.109854 ape=0.5880
[17:49:30] warmStart (decay=exponential) 81% (952/1172) regret=0.109854 ape=0.5880
[17:49:30] warmStart (decay=exponential) 81% (953/1172) regret=0.109854 ape=0.5880
[17:49:30] warmStart (decay=exponential) 81% (954/1172) regret=0.109854 ape=0.5880
[17:49:30] warmStart (decay=exponential) 81% (955/1172) regret=0.109854 ape=0.5880
[17:49:30] warmStart (decay=exponential) 81% (956/1172) regret=0.109854 ape=0.5880
[17:49:30] warmStart (decay=exponential) 81% (957/1172) regret=0.109854 ape=0.5880
[17:49:31] warmStart (decay=exponential) 81% (958/1172) regret=0.109854 ape=0.5880
[17:49:31] warmStart (decay=exponential) 81% (959/1172) regret=0.109854 ape=0.5880
[17:49:31] warmStart (decay=exponential) 81% (960/1172) regret=0.109854 ape=0.5880
[17:49:31] warmStart (decay=exponential) 81% (961/1172) regret=0.109854 ape=0.5880
[17:49:31] warmStart (decay=exponential) 82% (962/1172) regret=0.109854 ape=0.5880
[17:49:31] warmStart (decay=exponential) 82% (963/1172) regret=0.109854 ape=0.5880
[17:49:32] warmStart (decay=exponential) 82% (964/1172) regret=0.109849 ape=0.5871
[17:49:32] warmStart (decay=exponential) 82% (965/1172) regret=0.109849 ape=0.5871
[17:49:32] warmStart (decay=exponential) 82% (966/1172) regret=0.109849 ape=0.5871
[17:49:32] warmStart (decay=exponential) 82% (967/1172) regret=0.109849 ape=0.5871
[17:49:32] warmStart (decay=exponential) 82% (968/1172) regret=0.109849 ape=0.5871
[17:49:32] warmStart (decay=exponential) 82% (969/1172) regret=0.109849 ape=0.5871
[17:49:33] warmStart (decay=exponential) 82% (970/1172) regret=0.109849 ape=0.5871
[17:49:33] warmStart (decay=exponential) 82% (971/1172) regret=0.109849 ape=0.5871
[17:49:33] warmStart (decay=exponential) 82% (972/1172) regret=0.109849 ape=0.5871
[17:49:33] warmStart (decay=exponential) 83% (973/1172) regret=0.109849 ape=0.5871
[17:49:33] warmStart (decay=exponential) 83% (974/1172) regret=0.109849 ape=0.5871
[17:49:33] warmStart (decay=exponential) 83% (975/1172) regret=0.109849 ape=0.5871
[17:49:33] warmStart (decay=exponential) 83% (976/1172) regret=0.109849 ape=0.5871
[17:49:34] warmStart (decay=exponential) 83% (977/1172) regret=0.109849 ape=0.5871
[17:49:34] warmStart (decay=exponential) 83% (978/1172) regret=0.109849 ape=0.5871
[17:49:34] warmStart (decay=exponential) 83% (979/1172) regret=0.109849 ape=0.5871
[17:49:34] warmStart (decay=exponential) 83% (980/1172) regret=0.109849 ape=0.5871
[17:49:34] warmStart (decay=exponential) 83% (981/1172) regret=0.109849 ape=0.5871
[17:49:34] warmStart (decay=exponential) 83% (982/1172) regret=0.109849 ape=0.5871
[17:49:35] warmStart (decay=exponential) 83% (983/1172) regret=0.109849 ape=0.5871
[17:49:35] warmStart (decay=exponential) 83% (984/1172) regret=0.109849 ape=0.5871
[17:49:35] warmStart (decay=exponential) 84% (985/1172) regret=0.109849 ape=0.5871
[17:49:35] warmStart (decay=exponential) 84% (986/1172) regret=0.109849 ape=0.5871
[17:49:35] warmStart (decay=exponential) 84% (987/1172) regret=0.109849 ape=0.5871
[17:49:35] warmStart (decay=exponential) 84% (988/1172) regret=0.109849 ape=0.5871
[17:49:36] warmStart (decay=exponential) 84% (989/1172) regret=0.109849 ape=0.5871
[17:49:36] warmStart (decay=exponential) 84% (990/1172) regret=0.109849 ape=0.5871
[17:49:36] warmStart (decay=exponential) 84% (991/1172) regret=0.109849 ape=0.5871
[17:49:36] warmStart (decay=exponential) 84% (992/1172) regret=0.109849 ape=0.5871
[17:49:36] warmStart (decay=exponential) 84% (993/1172) regret=0.109851 ape=0.5871
[17:49:36] warmStart (decay=exponential) 84% (994/1172) regret=0.109855 ape=0.5871
[17:49:36] warmStart (decay=exponential) 84% (995/1172) regret=0.109855 ape=0.5871
[17:49:37] warmStart (decay=exponential) 84% (996/1172) regret=0.109855 ape=0.5871
[17:49:37] warmStart (decay=exponential) 85% (997/1172) regret=0.109855 ape=0.5871
[17:49:37] warmStart (decay=exponential) 85% (998/1172) regret=0.109855 ape=0.5871
[17:49:37] warmStart (decay=exponential) 85% (999/1172) regret=0.109855 ape=0.5871
[17:49:37] warmStart (decay=exponential) 85% (1000/1172) regret=0.109855 ape=0.5871
[17:49:37] warmStart (decay=exponential) 85% (1001/1172) regret=0.109855 ape=0.5871
[17:49:38] warmStart (decay=exponential) 85% (1002/1172) regret=0.109855 ape=0.5871
[17:49:38] warmStart (decay=exponential) 85% (1003/1172) regret=0.109855 ape=0.5871
[17:49:38] warmStart (decay=exponential) 85% (1004/1172) regret=0.109855 ape=0.5871
[17:49:38] warmStart (decay=exponential) 85% (1005/1172) regret=0.109855 ape=0.5871
[17:49:38] warmStart (decay=exponential) 85% (1006/1172) regret=0.109855 ape=0.5871
[17:49:38] warmStart (decay=exponential) 85% (1007/1172) regret=0.109855 ape=0.5871
[17:49:39] warmStart (decay=exponential) 86% (1008/1172) regret=0.109855 ape=0.5871
[17:49:39] warmStart (decay=exponential) 86% (1009/1172) regret=0.109855 ape=0.5871
[17:49:39] warmStart (decay=exponential) 86% (1010/1172) regret=0.109855 ape=0.5871
[17:49:39] warmStart (decay=exponential) 86% (1011/1172) regret=0.109855 ape=0.5871
[17:49:39] warmStart (decay=exponential) 86% (1012/1172) regret=0.109855 ape=0.5871
[17:49:39] warmStart (decay=exponential) 86% (1013/1172) regret=0.109855 ape=0.5871
[17:49:40] warmStart (decay=exponential) 86% (1014/1172) regret=0.109855 ape=0.5871
[17:49:40] warmStart (decay=exponential) 86% (1015/1172) regret=0.109855 ape=0.5871
[17:49:40] warmStart (decay=exponential) 86% (1016/1172) regret=0.109855 ape=0.5871
[17:49:40] warmStart (decay=exponential) 86% (1017/1172) regret=0.109855 ape=0.5871
[17:49:40] warmStart (decay=exponential) 86% (1018/1172) regret=0.109855 ape=0.5871
[17:49:40] warmStart (decay=exponential) 86% (1019/1172) regret=0.109855 ape=0.5871
[17:49:40] warmStart (decay=exponential) 87% (1020/1172) regret=0.109855 ape=0.5871
[17:49:41] warmStart (decay=exponential) 87% (1021/1172) regret=0.109855 ape=0.5871
[17:49:41] warmStart (decay=exponential) 87% (1022/1172) regret=0.109855 ape=0.5871
[17:49:41] warmStart (decay=exponential) 87% (1023/1172) regret=0.109855 ape=0.5871
[17:49:41] warmStart (decay=exponential) 87% (1024/1172) regret=0.109855 ape=0.5871
[17:49:41] warmStart (decay=exponential) 87% (1025/1172) regret=0.109855 ape=0.5871
[17:49:41] warmStart (decay=exponential) 87% (1026/1172) regret=0.109855 ape=0.5871
[17:49:42] warmStart (decay=exponential) 87% (1027/1172) regret=0.109855 ape=0.5871
[17:49:42] warmStart (decay=exponential) 87% (1028/1172) regret=0.109855 ape=0.5871
[17:49:42] warmStart (decay=exponential) 87% (1029/1172) regret=0.109855 ape=0.5871
[17:49:42] warmStart (decay=exponential) 87% (1030/1172) regret=0.109855 ape=0.5871
[17:49:42] warmStart (decay=exponential) 87% (1031/1172) regret=0.109855 ape=0.5871
[17:49:42] warmStart (decay=exponential) 88% (1032/1172) regret=0.110196 ape=0.5871
[17:49:43] warmStart (decay=exponential) 88% (1033/1172) regret=0.110210 ape=0.5871
[17:49:43] warmStart (decay=exponential) 88% (1034/1172) regret=0.109855 ape=0.5871
[17:49:43] warmStart (decay=exponential) 88% (1035/1172) regret=0.109855 ape=0.5871
[17:49:43] warmStart (decay=exponential) 88% (1036/1172) regret=0.109712 ape=0.5862
[17:49:43] warmStart (decay=exponential) 88% (1037/1172) regret=0.109712 ape=0.5862
[17:49:43] warmStart (decay=exponential) 88% (1038/1172) regret=0.109823 ape=0.5871
[17:49:44] warmStart (decay=exponential) 88% (1039/1172) regret=0.109722 ape=0.5871
[17:49:44] warmStart (decay=exponential) 88% (1040/1172) regret=0.109712 ape=0.5862
[17:49:44] warmStart (decay=exponential) 88% (1041/1172) regret=0.109712 ape=0.5862
[17:49:44] warmStart (decay=exponential) 88% (1042/1172) regret=0.109712 ape=0.5862
[17:49:44] warmStart (decay=exponential) 88% (1043/1172) regret=0.109716 ape=0.5871
[17:49:44] warmStart (decay=exponential) 89% (1044/1172) regret=0.109716 ape=0.5871
[17:49:45] warmStart (decay=exponential) 89% (1045/1172) regret=0.109716 ape=0.5871
[17:49:45] warmStart (decay=exponential) 89% (1046/1172) regret=0.109716 ape=0.5871
[17:49:45] warmStart (decay=exponential) 89% (1047/1172) regret=0.109716 ape=0.5871
[17:49:45] warmStart (decay=exponential) 89% (1048/1172) regret=0.109716 ape=0.5871
[17:49:45] warmStart (decay=exponential) 89% (1049/1172) regret=0.109716 ape=0.5871
[17:49:45] warmStart (decay=exponential) 89% (1050/1172) regret=0.109716 ape=0.5871
[17:49:45] warmStart (decay=exponential) 89% (1051/1172) regret=0.109716 ape=0.5871
[17:49:46] warmStart (decay=exponential) 89% (1052/1172) regret=0.109716 ape=0.5871
[17:49:46] warmStart (decay=exponential) 89% (1053/1172) regret=0.109716 ape=0.5871
[17:49:46] warmStart (decay=exponential) 89% (1054/1172) regret=0.109716 ape=0.5871
[17:49:46] warmStart (decay=exponential) 90% (1055/1172) regret=0.109716 ape=0.5871
[17:49:46] warmStart (decay=exponential) 90% (1056/1172) regret=0.109716 ape=0.5871
[17:49:46] warmStart (decay=exponential) 90% (1057/1172) regret=0.109716 ape=0.5871
[17:49:46] warmStart (decay=exponential) 90% (1058/1172) regret=0.109716 ape=0.5871
[17:49:47] warmStart (decay=exponential) 90% (1059/1172) regret=0.109716 ape=0.5871
[17:49:47] warmStart (decay=exponential) 90% (1060/1172) regret=0.109716 ape=0.5871
[17:49:47] warmStart (decay=exponential) 90% (1061/1172) regret=0.109716 ape=0.5871
[17:49:47] warmStart (decay=exponential) 90% (1062/1172) regret=0.109716 ape=0.5871
[17:49:47] warmStart (decay=exponential) 90% (1063/1172) regret=0.109716 ape=0.5871
[17:49:47] warmStart (decay=exponential) 90% (1064/1172) regret=0.109716 ape=0.5871
[17:49:48] warmStart (decay=exponential) 90% (1065/1172) regret=0.109716 ape=0.5871
[17:49:48] warmStart (decay=exponential) 90% (1066/1172) regret=0.109716 ape=0.5871
[17:49:48] warmStart (decay=exponential) 91% (1067/1172) regret=0.109716 ape=0.5871
[17:49:48] warmStart (decay=exponential) 91% (1068/1172) regret=0.109716 ape=0.5871
[17:49:48] warmStart (decay=exponential) 91% (1069/1172) regret=0.109716 ape=0.5871
[17:49:48] warmStart (decay=exponential) 91% (1070/1172) regret=0.109716 ape=0.5871
[17:49:48] warmStart (decay=exponential) 91% (1071/1172) regret=0.109716 ape=0.5871
[17:49:49] warmStart (decay=exponential) 91% (1072/1172) regret=0.109716 ape=0.5871
[17:49:49] warmStart (decay=exponential) 91% (1073/1172) regret=0.109716 ape=0.5871
[17:49:49] warmStart (decay=exponential) 91% (1074/1172) regret=0.109716 ape=0.5871
[17:49:49] warmStart (decay=exponential) 91% (1075/1172) regret=0.109716 ape=0.5871
[17:49:49] warmStart (decay=exponential) 91% (1076/1172) regret=0.109716 ape=0.5871
[17:49:49] warmStart (decay=exponential) 91% (1077/1172) regret=0.109716 ape=0.5871
[17:49:50] warmStart (decay=exponential) 91% (1078/1172) regret=0.109716 ape=0.5871
[17:49:50] warmStart (decay=exponential) 92% (1079/1172) regret=0.109716 ape=0.5871
[17:49:50] warmStart (decay=exponential) 92% (1080/1172) regret=0.109716 ape=0.5871
[17:49:50] warmStart (decay=exponential) 92% (1081/1172) regret=0.109716 ape=0.5871
[17:49:50] warmStart (decay=exponential) 92% (1082/1172) regret=0.109716 ape=0.5871
[17:49:50] warmStart (decay=exponential) 92% (1083/1172) regret=0.109716 ape=0.5871
[17:49:51] warmStart (decay=exponential) 92% (1084/1172) regret=0.109716 ape=0.5871
[17:49:51] warmStart (decay=exponential) 92% (1085/1172) regret=0.109716 ape=0.5871
[17:49:51] warmStart (decay=exponential) 92% (1086/1172) regret=0.109716 ape=0.5871
[17:49:51] warmStart (decay=exponential) 92% (1087/1172) regret=0.109716 ape=0.5871
[17:49:51] warmStart (decay=exponential) 92% (1088/1172) regret=0.109716 ape=0.5871
[17:49:51] warmStart (decay=exponential) 92% (1089/1172) regret=0.109716 ape=0.5871
[17:49:52] warmStart (decay=exponential) 93% (1090/1172) regret=0.109716 ape=0.5871
[17:49:52] warmStart (decay=exponential) 93% (1091/1172) regret=0.109716 ape=0.5871
[17:49:52] warmStart (decay=exponential) 93% (1092/1172) regret=0.109716 ape=0.5871
[17:49:52] warmStart (decay=exponential) 93% (1093/1172) regret=0.109716 ape=0.5871
[17:49:52] warmStart (decay=exponential) 93% (1094/1172) regret=0.109716 ape=0.5871
[17:49:52] warmStart (decay=exponential) 93% (1095/1172) regret=0.109716 ape=0.5871
[17:49:53] warmStart (decay=exponential) 93% (1096/1172) regret=0.109716 ape=0.5871
[17:49:53] warmStart (decay=exponential) 93% (1097/1172) regret=0.109716 ape=0.5871
[17:49:53] warmStart (decay=exponential) 93% (1098/1172) regret=0.109716 ape=0.5871
[17:49:53] warmStart (decay=exponential) 93% (1099/1172) regret=0.109716 ape=0.5871
[17:49:53] warmStart (decay=exponential) 93% (1100/1172) regret=0.109716 ape=0.5871
[17:49:53] warmStart (decay=exponential) 93% (1101/1172) regret=0.109716 ape=0.5871
[17:49:54] warmStart (decay=exponential) 94% (1102/1172) regret=0.109716 ape=0.5871
[17:49:54] warmStart (decay=exponential) 94% (1103/1172) regret=0.109716 ape=0.5871
[17:49:54] warmStart (decay=exponential) 94% (1104/1172) regret=0.109716 ape=0.5871
[17:49:54] warmStart (decay=exponential) 94% (1105/1172) regret=0.109716 ape=0.5871
[17:49:54] warmStart (decay=exponential) 94% (1106/1172) regret=0.109716 ape=0.5871
[17:49:54] warmStart (decay=exponential) 94% (1107/1172) regret=0.109713 ape=0.5871
[17:49:54] warmStart (decay=exponential) 94% (1108/1172) regret=0.109716 ape=0.5871
[17:49:55] warmStart (decay=exponential) 94% (1109/1172) regret=0.109716 ape=0.5871
[17:49:55] warmStart (decay=exponential) 94% (1110/1172) regret=0.109711 ape=0.5871
[17:49:55] warmStart (decay=exponential) 94% (1111/1172) regret=0.109711 ape=0.5871
[17:49:55] warmStart (decay=exponential) 94% (1112/1172) regret=0.109698 ape=0.5862
[17:49:55] warmStart (decay=exponential) 94% (1113/1172) regret=0.109698 ape=0.5862
[17:49:55] warmStart (decay=exponential) 95% (1114/1172) regret=0.109698 ape=0.5862
[17:49:55] warmStart (decay=exponential) 95% (1115/1172) regret=0.109698 ape=0.5862
[17:49:56] warmStart (decay=exponential) 95% (1116/1172) regret=0.109698 ape=0.5862
[17:49:56] warmStart (decay=exponential) 95% (1117/1172) regret=0.109698 ape=0.5862
[17:49:56] warmStart (decay=exponential) 95% (1118/1172) regret=0.109698 ape=0.5862
[17:49:56] warmStart (decay=exponential) 95% (1119/1172) regret=0.109698 ape=0.5862
[17:49:56] warmStart (decay=exponential) 95% (1120/1172) regret=0.109698 ape=0.5862
[17:49:56] warmStart (decay=exponential) 95% (1121/1172) regret=0.109700 ape=0.5862
[17:49:57] warmStart (decay=exponential) 95% (1122/1172) regret=0.109617 ape=0.5862
[17:49:57] warmStart (decay=exponential) 95% (1123/1172) regret=0.109617 ape=0.5862
[17:49:57] warmStart (decay=exponential) 95% (1124/1172) regret=0.109617 ape=0.5862
[17:49:57] warmStart (decay=exponential) 95% (1125/1172) regret=0.109617 ape=0.5862
[17:49:57] warmStart (decay=exponential) 96% (1126/1172) regret=0.109617 ape=0.5862
[17:49:57] warmStart (decay=exponential) 96% (1127/1172) regret=0.109566 ape=0.5853
[17:49:58] warmStart (decay=exponential) 96% (1128/1172) regret=0.109566 ape=0.5853
[17:49:58] warmStart (decay=exponential) 96% (1129/1172) regret=0.109566 ape=0.5853
[17:49:58] warmStart (decay=exponential) 96% (1130/1172) regret=0.109566 ape=0.5853
[17:49:58] warmStart (decay=exponential) 96% (1131/1172) regret=0.109566 ape=0.5853
[17:49:58] warmStart (decay=exponential) 96% (1132/1172) regret=0.109566 ape=0.5853
[17:49:58] warmStart (decay=exponential) 96% (1133/1172) regret=0.109566 ape=0.5853
[17:49:59] warmStart (decay=exponential) 96% (1134/1172) regret=0.109566 ape=0.5853
[17:49:59] warmStart (decay=exponential) 96% (1135/1172) regret=0.109566 ape=0.5853
[17:49:59] warmStart (decay=exponential) 96% (1136/1172) regret=0.109566 ape=0.5853
[17:49:59] warmStart (decay=exponential) 97% (1137/1172) regret=0.109566 ape=0.5853
[17:49:59] warmStart (decay=exponential) 97% (1138/1172) regret=0.109566 ape=0.5853
[17:50:00] warmStart (decay=exponential) 97% (1139/1172) regret=0.109336 ape=0.5853
[17:50:00] warmStart (decay=exponential) 97% (1140/1172) regret=0.109566 ape=0.5853
[17:50:00] warmStart (decay=exponential) 97% (1141/1172) regret=0.109336 ape=0.5853
[17:50:00] warmStart (decay=exponential) 97% (1142/1172) regret=0.109336 ape=0.5853
[17:50:00] warmStart (decay=exponential) 97% (1143/1172) regret=0.109336 ape=0.5853
[17:50:00] warmStart (decay=exponential) 97% (1144/1172) regret=0.109244 ape=0.5843
[17:50:01] warmStart (decay=exponential) 97% (1145/1172) regret=0.109244 ape=0.5843
[17:50:01] warmStart (decay=exponential) 97% (1146/1172) regret=0.109244 ape=0.5843
[17:50:01] warmStart (decay=exponential) 97% (1147/1172) regret=0.109244 ape=0.5843
[17:50:01] warmStart (decay=exponential) 97% (1148/1172) regret=0.109244 ape=0.5843
[17:50:01] warmStart (decay=exponential) 98% (1149/1172) regret=0.109244 ape=0.5843
[17:50:01] warmStart (decay=exponential) 98% (1150/1172) regret=0.109244 ape=0.5843
[17:50:01] warmStart (decay=exponential) 98% (1151/1172) regret=0.109235 ape=0.5834
[17:50:02] warmStart (decay=exponential) 98% (1152/1172) regret=0.109235 ape=0.5834
[17:50:02] warmStart (decay=exponential) 98% (1153/1172) regret=0.109235 ape=0.5834
[17:50:02] warmStart (decay=exponential) 98% (1154/1172) regret=0.109235 ape=0.5834
[17:50:02] warmStart (decay=exponential) 98% (1155/1172) regret=0.109235 ape=0.5834
[17:50:02] warmStart (decay=exponential) 98% (1156/1172) regret=0.109235 ape=0.5834
[17:50:02] warmStart (decay=exponential) 98% (1157/1172) regret=0.109235 ape=0.5834
[17:50:03] warmStart (decay=exponential) 98% (1158/1172) regret=0.109235 ape=0.5834
[17:50:03] warmStart (decay=exponential) 98% (1159/1172) regret=0.109235 ape=0.5834
[17:50:03] warmStart (decay=exponential) 98% (1160/1172) regret=0.109235 ape=0.5834
[17:50:03] warmStart (decay=exponential) 99% (1161/1172) regret=0.109235 ape=0.5834
[17:50:03] warmStart (decay=exponential) 99% (1162/1172) regret=0.109235 ape=0.5834
[17:50:03] warmStart (decay=exponential) 99% (1163/1172) regret=0.109235 ape=0.5834
[17:50:04] warmStart (decay=exponential) 99% (1164/1172) regret=0.109235 ape=0.5834
[17:50:04] warmStart (decay=exponential) 99% (1165/1172) regret=0.109235 ape=0.5834
[17:50:04] warmStart (decay=exponential) 99% (1166/1172) regret=0.109235 ape=0.5834
[17:50:04] warmStart (decay=exponential) 99% (1167/1172) regret=0.109235 ape=0.5834
[17:50:04] warmStart (decay=exponential) 99% (1168/1172) regret=0.109235 ape=0.5834
[17:50:04] warmStart (decay=exponential) 99% (1169/1172) regret=0.109235 ape=0.5834
[17:50:05] warmStart (decay=exponential) 99% (1170/1172) regret=0.109235 ape=0.5834
[17:50:05] warmStart (decay=exponential) 99% (1171/1172) regret=0.109235 ape=0.5834
[17:50:05] warmStart (decay=exponential) 100% (1172/1172) regret=0.109235 ape=0.5834
Warm w=50 finished: 1172 points, 193.83s wall time
  Final: regret=0.109235, ape=0.5834

Saved: /home/users/g/s/gsavary/LudiiMCTSVariations/slurm_sweep_full_dataset/output_decay/warm_50_decay_exponential_0_50/seed_4/sweep_decay_warm_50_exponential_0.5_4_20260426_175005.json

Generating plots...
Saved: /home/users/g/s/gsavary/LudiiMCTSVariations/slurm_sweep_full_dataset/output_decay/warm_50_decay_exponential_0_50/seed_4/sweep_decay_warm_50_exponential_0.5_4_20260426_175005_regret.png
Saved: /home/users/g/s/gsavary/LudiiMCTSVariations/slurm_sweep_full_dataset/output_decay/warm_50_decay_exponential_0_50/seed_4/sweep_decay_warm_50_exponential_0.5_4_20260426_175005_ape.png

================================================================================
Experiment complete!
================================================================================
Done. Results in: /home/users/g/s/gsavary/LudiiMCTSVariations/slurm_sweep_full_dataset/output_decay/warm_50_decay_exponential_0_50/seed_4
