============================================================
Decay sweep experiment
Method:      warm:200
Decay mode:  exponential
Decay param: 0.15
Seed:        3
Output:      /home/users/g/s/gsavary/LudiiMCTSVariations/slurm_sweep_full_dataset/output_decay/warm_200_decay_exponential_0_15/seed_3
============================================================

================================================================================
SLURM Sweep Experiment with Synthetic Data Decay
================================================================================
Method: warm:200
Decay: exponential (param=0.15)
Time limit: 3600.0s, Seed: 3, Batch size: 20
Output directory: /home/users/g/s/gsavary/LudiiMCTSVariations/slurm_sweep_full_dataset/output_decay/warm_200_decay_exponential_0_15/seed_3

Loading Ludii dataset...
Loaded 1085 games
Using 1085 games (full dataset)

Running timing probe (100 pulls)...
  Estimated secs/pull: 0.024672

Time budget: 3600.0s → ~145915 total pulls
Per-method budget: 20845 pulls (~514.3s)

Computing predictor-only performance...
  Predictions loaded: 23675 agent predictions
  Predictor-only: regret=0.104318, ape=0.4894

Running WARM-START (w=200, decay=exponential param=0.15)...
[17:52:56] warmStart (decay=exponential) 0% (1/1043) regret=0.102620 ape=0.5594
[17:52:57] warmStart (decay=exponential) 0% (2/1043) regret=0.102620 ape=0.5594
[17:52:57] warmStart (decay=exponential) 0% (3/1043) regret=0.102620 ape=0.5594
[17:52:57] warmStart (decay=exponential) 0% (4/1043) regret=0.102620 ape=0.5594
[17:52:57] warmStart (decay=exponential) 0% (5/1043) regret=0.102620 ape=0.5594
[17:52:58] warmStart (decay=exponential) 0% (6/1043) regret=0.102624 ape=0.5594
[17:52:58] warmStart (decay=exponential) 0% (7/1043) regret=0.102624 ape=0.5594
[17:52:58] warmStart (decay=exponential) 0% (8/1043) regret=0.102620 ape=0.5594
[17:52:58] warmStart (decay=exponential) 0% (9/1043) regret=0.102628 ape=0.5594
[17:52:59] warmStart (decay=exponential) 0% (10/1043) regret=0.102628 ape=0.5594
[17:52:59] warmStart (decay=exponential) 1% (11/1043) regret=0.102628 ape=0.5594
[17:52:59] warmStart (decay=exponential) 1% (12/1043) regret=0.102607 ape=0.5585
[17:52:59] warmStart (decay=exponential) 1% (13/1043) regret=0.102623 ape=0.5594
[17:53:00] warmStart (decay=exponential) 1% (14/1043) regret=0.102628 ape=0.5594
[17:53:00] warmStart (decay=exponential) 1% (15/1043) regret=0.102628 ape=0.5594
[17:53:00] warmStart (decay=exponential) 1% (16/1043) regret=0.102628 ape=0.5594
[17:53:00] warmStart (decay=exponential) 1% (17/1043) regret=0.102628 ape=0.5594
[17:53:01] warmStart (decay=exponential) 1% (18/1043) regret=0.102628 ape=0.5594
[17:53:01] warmStart (decay=exponential) 1% (19/1043) regret=0.102628 ape=0.5594
[17:53:01] warmStart (decay=exponential) 1% (20/1043) regret=0.102628 ape=0.5594
[17:53:01] warmStart (decay=exponential) 2% (21/1043) regret=0.102607 ape=0.5585
[17:53:01] warmStart (decay=exponential) 2% (22/1043) regret=0.102607 ape=0.5585
[17:53:02] warmStart (decay=exponential) 2% (23/1043) regret=0.102607 ape=0.5585
[17:53:02] warmStart (decay=exponential) 2% (24/1043) regret=0.102607 ape=0.5585
[17:53:02] warmStart (decay=exponential) 2% (25/1043) regret=0.102607 ape=0.5585
[17:53:02] warmStart (decay=exponential) 2% (26/1043) regret=0.102607 ape=0.5585
[17:53:03] warmStart (decay=exponential) 2% (27/1043) regret=0.102607 ape=0.5585
[17:53:03] warmStart (decay=exponential) 2% (28/1043) regret=0.102607 ape=0.5585
[17:53:03] warmStart (decay=exponential) 2% (29/1043) regret=0.102607 ape=0.5585
[17:53:03] warmStart (decay=exponential) 2% (30/1043) regret=0.102607 ape=0.5585
[17:53:03] warmStart (decay=exponential) 2% (31/1043) regret=0.102607 ape=0.5585
[17:53:04] warmStart (decay=exponential) 3% (32/1043) regret=0.102607 ape=0.5585
[17:53:04] warmStart (decay=exponential) 3% (33/1043) regret=0.102607 ape=0.5585
[17:53:04] warmStart (decay=exponential) 3% (34/1043) regret=0.102607 ape=0.5585
[17:53:04] warmStart (decay=exponential) 3% (35/1043) regret=0.102607 ape=0.5585
[17:53:04] warmStart (decay=exponential) 3% (36/1043) regret=0.102607 ape=0.5585
[17:53:05] warmStart (decay=exponential) 3% (37/1043) regret=0.102607 ape=0.5585
[17:53:05] warmStart (decay=exponential) 3% (38/1043) regret=0.102607 ape=0.5585
[17:53:05] warmStart (decay=exponential) 3% (39/1043) regret=0.102607 ape=0.5585
[17:53:05] warmStart (decay=exponential) 3% (40/1043) regret=0.102607 ape=0.5585
[17:53:06] warmStart (decay=exponential) 3% (41/1043) regret=0.102607 ape=0.5585
[17:53:06] warmStart (decay=exponential) 4% (42/1043) regret=0.102607 ape=0.5585
[17:53:06] warmStart (decay=exponential) 4% (43/1043) regret=0.102607 ape=0.5585
[17:53:06] warmStart (decay=exponential) 4% (44/1043) regret=0.102607 ape=0.5585
[17:53:07] warmStart (decay=exponential) 4% (45/1043) regret=0.102607 ape=0.5585
[17:53:07] warmStart (decay=exponential) 4% (46/1043) regret=0.102607 ape=0.5585
[17:53:07] warmStart (decay=exponential) 4% (47/1043) regret=0.102607 ape=0.5585
[17:53:07] warmStart (decay=exponential) 4% (48/1043) regret=0.102607 ape=0.5585
[17:53:07] warmStart (decay=exponential) 4% (49/1043) regret=0.102607 ape=0.5585
[17:53:08] warmStart (decay=exponential) 4% (50/1043) regret=0.102607 ape=0.5585
[17:53:08] warmStart (decay=exponential) 4% (51/1043) regret=0.102607 ape=0.5585
[17:53:08] warmStart (decay=exponential) 4% (52/1043) regret=0.102607 ape=0.5585
[17:53:08] warmStart (decay=exponential) 5% (53/1043) regret=0.102395 ape=0.5585
[17:53:09] warmStart (decay=exponential) 5% (54/1043) regret=0.102560 ape=0.5585
[17:53:09] warmStart (decay=exponential) 5% (55/1043) regret=0.102560 ape=0.5585
[17:53:09] warmStart (decay=exponential) 5% (56/1043) regret=0.102514 ape=0.5585
[17:53:09] warmStart (decay=exponential) 5% (57/1043) regret=0.102514 ape=0.5585
[17:53:10] warmStart (decay=exponential) 5% (58/1043) regret=0.102514 ape=0.5585
[17:53:10] warmStart (decay=exponential) 5% (59/1043) regret=0.102339 ape=0.5576
[17:53:10] warmStart (decay=exponential) 5% (60/1043) regret=0.102339 ape=0.5576
[17:53:10] warmStart (decay=exponential) 5% (61/1043) regret=0.102339 ape=0.5576
[17:53:11] warmStart (decay=exponential) 5% (62/1043) regret=0.102339 ape=0.5576
[17:53:11] warmStart (decay=exponential) 6% (63/1043) regret=0.102339 ape=0.5576
[17:53:11] warmStart (decay=exponential) 6% (64/1043) regret=0.102339 ape=0.5576
[17:53:11] warmStart (decay=exponential) 6% (65/1043) regret=0.102339 ape=0.5576
[17:53:12] warmStart (decay=exponential) 6% (66/1043) regret=0.102339 ape=0.5576
[17:53:12] warmStart (decay=exponential) 6% (67/1043) regret=0.102339 ape=0.5576
[17:53:12] warmStart (decay=exponential) 6% (68/1043) regret=0.102339 ape=0.5576
[17:53:12] warmStart (decay=exponential) 6% (69/1043) regret=0.102404 ape=0.5576
[17:53:12] warmStart (decay=exponential) 6% (70/1043) regret=0.102404 ape=0.5576
[17:53:13] warmStart (decay=exponential) 6% (71/1043) regret=0.102349 ape=0.5576
[17:53:13] warmStart (decay=exponential) 6% (72/1043) regret=0.102349 ape=0.5576
[17:53:13] warmStart (decay=exponential) 6% (73/1043) regret=0.102349 ape=0.5576
[17:53:13] warmStart (decay=exponential) 7% (74/1043) regret=0.102349 ape=0.5576
[17:53:14] warmStart (decay=exponential) 7% (75/1043) regret=0.102349 ape=0.5576
[17:53:14] warmStart (decay=exponential) 7% (76/1043) regret=0.102349 ape=0.5576
[17:53:14] warmStart (decay=exponential) 7% (77/1043) regret=0.102349 ape=0.5576
[17:53:14] warmStart (decay=exponential) 7% (78/1043) regret=0.102349 ape=0.5576
[17:53:15] warmStart (decay=exponential) 7% (79/1043) regret=0.102349 ape=0.5576
[17:53:15] warmStart (decay=exponential) 7% (80/1043) regret=0.102349 ape=0.5576
[17:53:15] warmStart (decay=exponential) 7% (81/1043) regret=0.102349 ape=0.5576
[17:53:15] warmStart (decay=exponential) 7% (82/1043) regret=0.102349 ape=0.5576
[17:53:16] warmStart (decay=exponential) 7% (83/1043) regret=0.102349 ape=0.5576
[17:53:16] warmStart (decay=exponential) 8% (84/1043) regret=0.102349 ape=0.5576
[17:53:16] warmStart (decay=exponential) 8% (85/1043) regret=0.102349 ape=0.5576
[17:53:16] warmStart (decay=exponential) 8% (86/1043) regret=0.102349 ape=0.5576
[17:53:17] warmStart (decay=exponential) 8% (87/1043) regret=0.102349 ape=0.5576
[17:53:17] warmStart (decay=exponential) 8% (88/1043) regret=0.102349 ape=0.5576
[17:53:17] warmStart (decay=exponential) 8% (89/1043) regret=0.102349 ape=0.5576
[17:53:17] warmStart (decay=exponential) 8% (90/1043) regret=0.102349 ape=0.5576
[17:53:18] warmStart (decay=exponential) 8% (91/1043) regret=0.102349 ape=0.5576
[17:53:18] warmStart (decay=exponential) 8% (92/1043) regret=0.102349 ape=0.5576
[17:53:18] warmStart (decay=exponential) 8% (93/1043) regret=0.102293 ape=0.5567
[17:53:18] warmStart (decay=exponential) 9% (94/1043) regret=0.102215 ape=0.5558
[17:53:19] warmStart (decay=exponential) 9% (95/1043) regret=0.102215 ape=0.5558
[17:53:19] warmStart (decay=exponential) 9% (96/1043) regret=0.102215 ape=0.5558
[17:53:19] warmStart (decay=exponential) 9% (97/1043) regret=0.102215 ape=0.5558
[17:53:19] warmStart (decay=exponential) 9% (98/1043) regret=0.102215 ape=0.5558
[17:53:20] warmStart (decay=exponential) 9% (99/1043) regret=0.102215 ape=0.5558
[17:53:20] warmStart (decay=exponential) 9% (100/1043) regret=0.102215 ape=0.5558
[17:53:20] warmStart (decay=exponential) 9% (101/1043) regret=0.102215 ape=0.5558
[17:53:20] warmStart (decay=exponential) 9% (102/1043) regret=0.102215 ape=0.5558
[17:53:21] warmStart (decay=exponential) 9% (103/1043) regret=0.102215 ape=0.5558
[17:53:21] warmStart (decay=exponential) 9% (104/1043) regret=0.102215 ape=0.5558
[17:53:21] warmStart (decay=exponential) 10% (105/1043) regret=0.102215 ape=0.5558
[17:53:22] warmStart (decay=exponential) 10% (106/1043) regret=0.102215 ape=0.5558
[17:53:22] warmStart (decay=exponential) 10% (107/1043) regret=0.102215 ape=0.5558
[17:53:22] warmStart (decay=exponential) 10% (108/1043) regret=0.102215 ape=0.5558
[17:53:22] warmStart (decay=exponential) 10% (109/1043) regret=0.102215 ape=0.5558
[17:53:23] warmStart (decay=exponential) 10% (110/1043) regret=0.102215 ape=0.5558
[17:53:23] warmStart (decay=exponential) 10% (111/1043) regret=0.102215 ape=0.5558
[17:53:23] warmStart (decay=exponential) 10% (112/1043) regret=0.102215 ape=0.5558
[17:53:23] warmStart (decay=exponential) 10% (113/1043) regret=0.102215 ape=0.5558
[17:53:24] warmStart (decay=exponential) 10% (114/1043) regret=0.102215 ape=0.5558
[17:53:24] warmStart (decay=exponential) 11% (115/1043) regret=0.102215 ape=0.5558
[17:53:24] warmStart (decay=exponential) 11% (116/1043) regret=0.102215 ape=0.5558
[17:53:24] warmStart (decay=exponential) 11% (117/1043) regret=0.102215 ape=0.5558
[17:53:25] warmStart (decay=exponential) 11% (118/1043) regret=0.102215 ape=0.5558
[17:53:25] warmStart (decay=exponential) 11% (119/1043) regret=0.102215 ape=0.5558
[17:53:25] warmStart (decay=exponential) 11% (120/1043) regret=0.102215 ape=0.5558
[17:53:26] warmStart (decay=exponential) 11% (121/1043) regret=0.102215 ape=0.5558
[17:53:26] warmStart (decay=exponential) 11% (122/1043) regret=0.102215 ape=0.5558
[17:53:26] warmStart (decay=exponential) 11% (123/1043) regret=0.102215 ape=0.5558
[17:53:26] warmStart (decay=exponential) 11% (124/1043) regret=0.102215 ape=0.5558
[17:53:27] warmStart (decay=exponential) 11% (125/1043) regret=0.102217 ape=0.5558
[17:53:27] warmStart (decay=exponential) 12% (126/1043) regret=0.102217 ape=0.5558
[17:53:27] warmStart (decay=exponential) 12% (127/1043) regret=0.102217 ape=0.5558
[17:53:27] warmStart (decay=exponential) 12% (128/1043) regret=0.102217 ape=0.5558
[17:53:27] warmStart (decay=exponential) 12% (129/1043) regret=0.102217 ape=0.5558
[17:53:28] warmStart (decay=exponential) 12% (130/1043) regret=0.102217 ape=0.5558
[17:53:28] warmStart (decay=exponential) 12% (131/1043) regret=0.102217 ape=0.5558
[17:53:28] warmStart (decay=exponential) 12% (132/1043) regret=0.102217 ape=0.5558
[17:53:28] warmStart (decay=exponential) 12% (133/1043) regret=0.102217 ape=0.5558
[17:53:29] warmStart (decay=exponential) 12% (134/1043) regret=0.102217 ape=0.5558
[17:53:29] warmStart (decay=exponential) 12% (135/1043) regret=0.102217 ape=0.5558
[17:53:29] warmStart (decay=exponential) 13% (136/1043) regret=0.102217 ape=0.5558
[17:53:29] warmStart (decay=exponential) 13% (137/1043) regret=0.102217 ape=0.5558
[17:53:30] warmStart (decay=exponential) 13% (138/1043) regret=0.102215 ape=0.5558
[17:53:30] warmStart (decay=exponential) 13% (139/1043) regret=0.102215 ape=0.5558
[17:53:30] warmStart (decay=exponential) 13% (140/1043) regret=0.102215 ape=0.5558
[17:53:30] warmStart (decay=exponential) 13% (141/1043) regret=0.102215 ape=0.5558
[17:53:31] warmStart (decay=exponential) 13% (142/1043) regret=0.102215 ape=0.5558
[17:53:31] warmStart (decay=exponential) 13% (143/1043) regret=0.102215 ape=0.5558
[17:53:31] warmStart (decay=exponential) 13% (144/1043) regret=0.102215 ape=0.5558
[17:53:31] warmStart (decay=exponential) 13% (145/1043) regret=0.102215 ape=0.5558
[17:53:32] warmStart (decay=exponential) 13% (146/1043) regret=0.102215 ape=0.5558
[17:53:32] warmStart (decay=exponential) 14% (147/1043) regret=0.102215 ape=0.5558
[17:53:32] warmStart (decay=exponential) 14% (148/1043) regret=0.102215 ape=0.5558
[17:53:32] warmStart (decay=exponential) 14% (149/1043) regret=0.102215 ape=0.5558
[17:53:32] warmStart (decay=exponential) 14% (150/1043) regret=0.102215 ape=0.5558
[17:53:33] warmStart (decay=exponential) 14% (151/1043) regret=0.102215 ape=0.5558
[17:53:33] warmStart (decay=exponential) 14% (152/1043) regret=0.102215 ape=0.5558
[17:53:33] warmStart (decay=exponential) 14% (153/1043) regret=0.102215 ape=0.5558
[17:53:33] warmStart (decay=exponential) 14% (154/1043) regret=0.102215 ape=0.5558
[17:53:34] warmStart (decay=exponential) 14% (155/1043) regret=0.102215 ape=0.5558
[17:53:34] warmStart (decay=exponential) 14% (156/1043) regret=0.102215 ape=0.5558
[17:53:34] warmStart (decay=exponential) 15% (157/1043) regret=0.102215 ape=0.5558
[17:53:34] warmStart (decay=exponential) 15% (158/1043) regret=0.102215 ape=0.5558
[17:53:35] warmStart (decay=exponential) 15% (159/1043) regret=0.102215 ape=0.5558
[17:53:35] warmStart (decay=exponential) 15% (160/1043) regret=0.102215 ape=0.5558
[17:53:35] warmStart (decay=exponential) 15% (161/1043) regret=0.102215 ape=0.5558
[17:53:35] warmStart (decay=exponential) 15% (162/1043) regret=0.102215 ape=0.5558
[17:53:35] warmStart (decay=exponential) 15% (163/1043) regret=0.102215 ape=0.5558
[17:53:36] warmStart (decay=exponential) 15% (164/1043) regret=0.102215 ape=0.5558
[17:53:36] warmStart (decay=exponential) 15% (165/1043) regret=0.102215 ape=0.5558
[17:53:36] warmStart (decay=exponential) 15% (166/1043) regret=0.102215 ape=0.5558
[17:53:36] warmStart (decay=exponential) 16% (167/1043) regret=0.102209 ape=0.5548
[17:53:37] warmStart (decay=exponential) 16% (168/1043) regret=0.102209 ape=0.5548
[17:53:37] warmStart (decay=exponential) 16% (169/1043) regret=0.102209 ape=0.5548
[17:53:37] warmStart (decay=exponential) 16% (170/1043) regret=0.102209 ape=0.5548
[17:53:37] warmStart (decay=exponential) 16% (171/1043) regret=0.102209 ape=0.5548
[17:53:38] warmStart (decay=exponential) 16% (172/1043) regret=0.102209 ape=0.5548
[17:53:38] warmStart (decay=exponential) 16% (173/1043) regret=0.102209 ape=0.5548
[17:53:38] warmStart (decay=exponential) 16% (174/1043) regret=0.102209 ape=0.5548
[17:53:38] warmStart (decay=exponential) 16% (175/1043) regret=0.102209 ape=0.5548
[17:53:38] warmStart (decay=exponential) 16% (176/1043) regret=0.102209 ape=0.5548
[17:53:39] warmStart (decay=exponential) 16% (177/1043) regret=0.102209 ape=0.5548
[17:53:39] warmStart (decay=exponential) 17% (178/1043) regret=0.102209 ape=0.5548
[17:53:39] warmStart (decay=exponential) 17% (179/1043) regret=0.102209 ape=0.5548
[17:53:39] warmStart (decay=exponential) 17% (180/1043) regret=0.102209 ape=0.5548
[17:53:40] warmStart (decay=exponential) 17% (181/1043) regret=0.102209 ape=0.5548
[17:53:40] warmStart (decay=exponential) 17% (182/1043) regret=0.102209 ape=0.5548
[17:53:40] warmStart (decay=exponential) 17% (183/1043) regret=0.102209 ape=0.5548
[17:53:40] warmStart (decay=exponential) 17% (184/1043) regret=0.102209 ape=0.5548
[17:53:41] warmStart (decay=exponential) 17% (185/1043) regret=0.102209 ape=0.5548
[17:53:41] warmStart (decay=exponential) 17% (186/1043) regret=0.102209 ape=0.5548
[17:53:41] warmStart (decay=exponential) 17% (187/1043) regret=0.102215 ape=0.5558
[17:53:41] warmStart (decay=exponential) 18% (188/1043) regret=0.102209 ape=0.5548
[17:53:41] warmStart (decay=exponential) 18% (189/1043) regret=0.102209 ape=0.5548
[17:53:42] warmStart (decay=exponential) 18% (190/1043) regret=0.102215 ape=0.5558
[17:53:42] warmStart (decay=exponential) 18% (191/1043) regret=0.102209 ape=0.5548
[17:53:42] warmStart (decay=exponential) 18% (192/1043) regret=0.102209 ape=0.5548
[17:53:42] warmStart (decay=exponential) 18% (193/1043) regret=0.102215 ape=0.5558
[17:53:43] warmStart (decay=exponential) 18% (194/1043) regret=0.102209 ape=0.5548
[17:53:43] warmStart (decay=exponential) 18% (195/1043) regret=0.102209 ape=0.5548
[17:53:43] warmStart (decay=exponential) 18% (196/1043) regret=0.102215 ape=0.5558
[17:53:43] warmStart (decay=exponential) 18% (197/1043) regret=0.102209 ape=0.5548
[17:53:43] warmStart (decay=exponential) 18% (198/1043) regret=0.102209 ape=0.5548
[17:53:44] warmStart (decay=exponential) 19% (199/1043) regret=0.102215 ape=0.5558
[17:53:44] warmStart (decay=exponential) 19% (200/1043) regret=0.102209 ape=0.5548
[17:53:44] warmStart (decay=exponential) 19% (201/1043) regret=0.102215 ape=0.5558
[17:53:44] warmStart (decay=exponential) 19% (202/1043) regret=0.102209 ape=0.5548
[17:53:45] warmStart (decay=exponential) 19% (203/1043) regret=0.102209 ape=0.5548
[17:53:45] warmStart (decay=exponential) 19% (204/1043) regret=0.102215 ape=0.5558
[17:53:45] warmStart (decay=exponential) 19% (205/1043) regret=0.102209 ape=0.5548
[17:53:45] warmStart (decay=exponential) 19% (206/1043) regret=0.102209 ape=0.5548
[17:53:45] warmStart (decay=exponential) 19% (207/1043) regret=0.102215 ape=0.5558
[17:53:46] warmStart (decay=exponential) 19% (208/1043) regret=0.102209 ape=0.5548
[17:53:46] warmStart (decay=exponential) 20% (209/1043) regret=0.102209 ape=0.5548
[17:53:46] warmStart (decay=exponential) 20% (210/1043) regret=0.102215 ape=0.5558
[17:53:46] warmStart (decay=exponential) 20% (211/1043) regret=0.102209 ape=0.5548
[17:53:47] warmStart (decay=exponential) 20% (212/1043) regret=0.102209 ape=0.5548
[17:53:47] warmStart (decay=exponential) 20% (213/1043) regret=0.102215 ape=0.5558
[17:53:47] warmStart (decay=exponential) 20% (214/1043) regret=0.102209 ape=0.5548
[17:53:47] warmStart (decay=exponential) 20% (215/1043) regret=0.102209 ape=0.5548
[17:53:47] warmStart (decay=exponential) 20% (216/1043) regret=0.102209 ape=0.5548
[17:53:48] warmStart (decay=exponential) 20% (217/1043) regret=0.102209 ape=0.5548
[17:53:48] warmStart (decay=exponential) 20% (218/1043) regret=0.102209 ape=0.5548
[17:53:48] warmStart (decay=exponential) 20% (219/1043) regret=0.102209 ape=0.5548
[17:53:48] warmStart (decay=exponential) 21% (220/1043) regret=0.102209 ape=0.5548
[17:53:49] warmStart (decay=exponential) 21% (221/1043) regret=0.102209 ape=0.5548
[17:53:49] warmStart (decay=exponential) 21% (222/1043) regret=0.102209 ape=0.5548
[17:53:49] warmStart (decay=exponential) 21% (223/1043) regret=0.102209 ape=0.5548
[17:53:49] warmStart (decay=exponential) 21% (224/1043) regret=0.102209 ape=0.5548
[17:53:49] warmStart (decay=exponential) 21% (225/1043) regret=0.102209 ape=0.5548
[17:53:50] warmStart (decay=exponential) 21% (226/1043) regret=0.102209 ape=0.5548
[17:53:50] warmStart (decay=exponential) 21% (227/1043) regret=0.102209 ape=0.5548
[17:53:50] warmStart (decay=exponential) 21% (228/1043) regret=0.102209 ape=0.5548
[17:53:50] warmStart (decay=exponential) 21% (229/1043) regret=0.102209 ape=0.5548
[17:53:51] warmStart (decay=exponential) 22% (230/1043) regret=0.102209 ape=0.5548
[17:53:51] warmStart (decay=exponential) 22% (231/1043) regret=0.102209 ape=0.5548
[17:53:51] warmStart (decay=exponential) 22% (232/1043) regret=0.102209 ape=0.5548
[17:53:51] warmStart (decay=exponential) 22% (233/1043) regret=0.102209 ape=0.5548
[17:53:52] warmStart (decay=exponential) 22% (234/1043) regret=0.102209 ape=0.5548
[17:53:52] warmStart (decay=exponential) 22% (235/1043) regret=0.102209 ape=0.5548
[17:53:52] warmStart (decay=exponential) 22% (236/1043) regret=0.102209 ape=0.5548
[17:53:52] warmStart (decay=exponential) 22% (237/1043) regret=0.102209 ape=0.5548
[17:53:53] warmStart (decay=exponential) 22% (238/1043) regret=0.102209 ape=0.5548
[17:53:53] warmStart (decay=exponential) 22% (239/1043) regret=0.102209 ape=0.5548
[17:53:53] warmStart (decay=exponential) 23% (240/1043) regret=0.102209 ape=0.5548
[17:53:53] warmStart (decay=exponential) 23% (241/1043) regret=0.102209 ape=0.5548
[17:53:53] warmStart (decay=exponential) 23% (242/1043) regret=0.102209 ape=0.5548
[17:53:54] warmStart (decay=exponential) 23% (243/1043) regret=0.102209 ape=0.5548
[17:53:54] warmStart (decay=exponential) 23% (244/1043) regret=0.102209 ape=0.5548
[17:53:54] warmStart (decay=exponential) 23% (245/1043) regret=0.102209 ape=0.5548
[17:53:54] warmStart (decay=exponential) 23% (246/1043) regret=0.102209 ape=0.5548
[17:53:55] warmStart (decay=exponential) 23% (247/1043) regret=0.102209 ape=0.5548
[17:53:55] warmStart (decay=exponential) 23% (248/1043) regret=0.102209 ape=0.5548
[17:53:55] warmStart (decay=exponential) 23% (249/1043) regret=0.102209 ape=0.5548
[17:53:55] warmStart (decay=exponential) 23% (250/1043) regret=0.102209 ape=0.5548
[17:53:56] warmStart (decay=exponential) 24% (251/1043) regret=0.102209 ape=0.5548
[17:53:56] warmStart (decay=exponential) 24% (252/1043) regret=0.102209 ape=0.5548
[17:53:56] warmStart (decay=exponential) 24% (253/1043) regret=0.102209 ape=0.5548
[17:53:56] warmStart (decay=exponential) 24% (254/1043) regret=0.102209 ape=0.5548
[17:53:57] warmStart (decay=exponential) 24% (255/1043) regret=0.102209 ape=0.5548
[17:53:57] warmStart (decay=exponential) 24% (256/1043) regret=0.102209 ape=0.5548
[17:53:57] warmStart (decay=exponential) 24% (257/1043) regret=0.102209 ape=0.5548
[17:53:57] warmStart (decay=exponential) 24% (258/1043) regret=0.102209 ape=0.5548
[17:53:58] warmStart (decay=exponential) 24% (259/1043) regret=0.102209 ape=0.5548
[17:53:58] warmStart (decay=exponential) 24% (260/1043) regret=0.102209 ape=0.5548
[17:53:58] warmStart (decay=exponential) 25% (261/1043) regret=0.102209 ape=0.5548
[17:53:58] warmStart (decay=exponential) 25% (262/1043) regret=0.102209 ape=0.5548
[17:53:58] warmStart (decay=exponential) 25% (263/1043) regret=0.102209 ape=0.5548
[17:53:59] warmStart (decay=exponential) 25% (264/1043) regret=0.102209 ape=0.5548
[17:53:59] warmStart (decay=exponential) 25% (265/1043) regret=0.102209 ape=0.5548
[17:53:59] warmStart (decay=exponential) 25% (266/1043) regret=0.102209 ape=0.5548
[17:53:59] warmStart (decay=exponential) 25% (267/1043) regret=0.102209 ape=0.5548
[17:54:00] warmStart (decay=exponential) 25% (268/1043) regret=0.102209 ape=0.5548
[17:54:00] warmStart (decay=exponential) 25% (269/1043) regret=0.102209 ape=0.5548
[17:54:00] warmStart (decay=exponential) 25% (270/1043) regret=0.102209 ape=0.5548
[17:54:00] warmStart (decay=exponential) 25% (271/1043) regret=0.102209 ape=0.5548
[17:54:01] warmStart (decay=exponential) 26% (272/1043) regret=0.102209 ape=0.5548
[17:54:01] warmStart (decay=exponential) 26% (273/1043) regret=0.102209 ape=0.5548
[17:54:01] warmStart (decay=exponential) 26% (274/1043) regret=0.102209 ape=0.5548
[17:54:01] warmStart (decay=exponential) 26% (275/1043) regret=0.102209 ape=0.5548
[17:54:01] warmStart (decay=exponential) 26% (276/1043) regret=0.102209 ape=0.5548
[17:54:02] warmStart (decay=exponential) 26% (277/1043) regret=0.102209 ape=0.5548
[17:54:02] warmStart (decay=exponential) 26% (278/1043) regret=0.102209 ape=0.5548
[17:54:02] warmStart (decay=exponential) 26% (279/1043) regret=0.102209 ape=0.5548
[17:54:02] warmStart (decay=exponential) 26% (280/1043) regret=0.102209 ape=0.5548
[17:54:03] warmStart (decay=exponential) 26% (281/1043) regret=0.102209 ape=0.5548
[17:54:03] warmStart (decay=exponential) 27% (282/1043) regret=0.102209 ape=0.5548
[17:54:03] warmStart (decay=exponential) 27% (283/1043) regret=0.102209 ape=0.5548
[17:54:03] warmStart (decay=exponential) 27% (284/1043) regret=0.102209 ape=0.5548
[17:54:03] warmStart (decay=exponential) 27% (285/1043) regret=0.102209 ape=0.5548
[17:54:04] warmStart (decay=exponential) 27% (286/1043) regret=0.102209 ape=0.5548
[17:54:04] warmStart (decay=exponential) 27% (287/1043) regret=0.102209 ape=0.5548
[17:54:04] warmStart (decay=exponential) 27% (288/1043) regret=0.102209 ape=0.5548
[17:54:04] warmStart (decay=exponential) 27% (289/1043) regret=0.102209 ape=0.5548
[17:54:05] warmStart (decay=exponential) 27% (290/1043) regret=0.102209 ape=0.5548
[17:54:05] warmStart (decay=exponential) 27% (291/1043) regret=0.102209 ape=0.5548
[17:54:05] warmStart (decay=exponential) 27% (292/1043) regret=0.102209 ape=0.5548
[17:54:05] warmStart (decay=exponential) 28% (293/1043) regret=0.102209 ape=0.5548
[17:54:06] warmStart (decay=exponential) 28% (294/1043) regret=0.102209 ape=0.5548
[17:54:06] warmStart (decay=exponential) 28% (295/1043) regret=0.102209 ape=0.5548
[17:54:06] warmStart (decay=exponential) 28% (296/1043) regret=0.102209 ape=0.5548
[17:54:06] warmStart (decay=exponential) 28% (297/1043) regret=0.102209 ape=0.5548
[17:54:07] warmStart (decay=exponential) 28% (298/1043) regret=0.102209 ape=0.5548
[17:54:07] warmStart (decay=exponential) 28% (299/1043) regret=0.102209 ape=0.5548
[17:54:07] warmStart (decay=exponential) 28% (300/1043) regret=0.102209 ape=0.5548
[17:54:07] warmStart (decay=exponential) 28% (301/1043) regret=0.102209 ape=0.5548
[17:54:07] warmStart (decay=exponential) 28% (302/1043) regret=0.102209 ape=0.5548
[17:54:08] warmStart (decay=exponential) 29% (303/1043) regret=0.102209 ape=0.5548
[17:54:08] warmStart (decay=exponential) 29% (304/1043) regret=0.102209 ape=0.5548
[17:54:08] warmStart (decay=exponential) 29% (305/1043) regret=0.102209 ape=0.5548
[17:54:08] warmStart (decay=exponential) 29% (306/1043) regret=0.102209 ape=0.5548
[17:54:09] warmStart (decay=exponential) 29% (307/1043) regret=0.102209 ape=0.5548
[17:54:09] warmStart (decay=exponential) 29% (308/1043) regret=0.102209 ape=0.5548
[17:54:09] warmStart (decay=exponential) 29% (309/1043) regret=0.102209 ape=0.5548
[17:54:09] warmStart (decay=exponential) 29% (310/1043) regret=0.102209 ape=0.5548
[17:54:09] warmStart (decay=exponential) 29% (311/1043) regret=0.102209 ape=0.5548
[17:54:10] warmStart (decay=exponential) 29% (312/1043) regret=0.102209 ape=0.5548
[17:54:10] warmStart (decay=exponential) 30% (313/1043) regret=0.102209 ape=0.5548
[17:54:10] warmStart (decay=exponential) 30% (314/1043) regret=0.102209 ape=0.5548
[17:54:10] warmStart (decay=exponential) 30% (315/1043) regret=0.102209 ape=0.5548
[17:54:10] warmStart (decay=exponential) 30% (316/1043) regret=0.102209 ape=0.5548
[17:54:11] warmStart (decay=exponential) 30% (317/1043) regret=0.102209 ape=0.5548
[17:54:11] warmStart (decay=exponential) 30% (318/1043) regret=0.102209 ape=0.5548
[17:54:11] warmStart (decay=exponential) 30% (319/1043) regret=0.102209 ape=0.5548
[17:54:11] warmStart (decay=exponential) 30% (320/1043) regret=0.102209 ape=0.5548
[17:54:12] warmStart (decay=exponential) 30% (321/1043) regret=0.102209 ape=0.5548
[17:54:12] warmStart (decay=exponential) 30% (322/1043) regret=0.102209 ape=0.5548
[17:54:12] warmStart (decay=exponential) 30% (323/1043) regret=0.102209 ape=0.5548
[17:54:12] warmStart (decay=exponential) 31% (324/1043) regret=0.102209 ape=0.5548
[17:54:12] warmStart (decay=exponential) 31% (325/1043) regret=0.102209 ape=0.5548
[17:54:13] warmStart (decay=exponential) 31% (326/1043) regret=0.102209 ape=0.5548
[17:54:13] warmStart (decay=exponential) 31% (327/1043) regret=0.102209 ape=0.5548
[17:54:13] warmStart (decay=exponential) 31% (328/1043) regret=0.102209 ape=0.5548
[17:54:13] warmStart (decay=exponential) 31% (329/1043) regret=0.102209 ape=0.5548
[17:54:13] warmStart (decay=exponential) 31% (330/1043) regret=0.102209 ape=0.5548
[17:54:14] warmStart (decay=exponential) 31% (331/1043) regret=0.102209 ape=0.5548
[17:54:14] warmStart (decay=exponential) 31% (332/1043) regret=0.102209 ape=0.5548
[17:54:14] warmStart (decay=exponential) 31% (333/1043) regret=0.102209 ape=0.5548
[17:54:14] warmStart (decay=exponential) 32% (334/1043) regret=0.102209 ape=0.5548
[17:54:14] warmStart (decay=exponential) 32% (335/1043) regret=0.102209 ape=0.5548
[17:54:15] warmStart (decay=exponential) 32% (336/1043) regret=0.102209 ape=0.5548
[17:54:15] warmStart (decay=exponential) 32% (337/1043) regret=0.102209 ape=0.5548
[17:54:15] warmStart (decay=exponential) 32% (338/1043) regret=0.102209 ape=0.5548
[17:54:15] warmStart (decay=exponential) 32% (339/1043) regret=0.102209 ape=0.5548
[17:54:15] warmStart (decay=exponential) 32% (340/1043) regret=0.102209 ape=0.5548
[17:54:16] warmStart (decay=exponential) 32% (341/1043) regret=0.102209 ape=0.5548
[17:54:16] warmStart (decay=exponential) 32% (342/1043) regret=0.102209 ape=0.5548
[17:54:16] warmStart (decay=exponential) 32% (343/1043) regret=0.102209 ape=0.5548
[17:54:16] warmStart (decay=exponential) 32% (344/1043) regret=0.102209 ape=0.5548
[17:54:16] warmStart (decay=exponential) 33% (345/1043) regret=0.102209 ape=0.5548
[17:54:17] warmStart (decay=exponential) 33% (346/1043) regret=0.102209 ape=0.5548
[17:54:17] warmStart (decay=exponential) 33% (347/1043) regret=0.102209 ape=0.5548
[17:54:17] warmStart (decay=exponential) 33% (348/1043) regret=0.102209 ape=0.5548
[17:54:17] warmStart (decay=exponential) 33% (349/1043) regret=0.102209 ape=0.5548
[17:54:18] warmStart (decay=exponential) 33% (350/1043) regret=0.102209 ape=0.5548
[17:54:18] warmStart (decay=exponential) 33% (351/1043) regret=0.102209 ape=0.5548
[17:54:18] warmStart (decay=exponential) 33% (352/1043) regret=0.102209 ape=0.5548
[17:54:18] warmStart (decay=exponential) 33% (353/1043) regret=0.102209 ape=0.5548
[17:54:18] warmStart (decay=exponential) 33% (354/1043) regret=0.102209 ape=0.5548
[17:54:19] warmStart (decay=exponential) 34% (355/1043) regret=0.102209 ape=0.5548
[17:54:19] warmStart (decay=exponential) 34% (356/1043) regret=0.102209 ape=0.5548
[17:54:19] warmStart (decay=exponential) 34% (357/1043) regret=0.102209 ape=0.5548
[17:54:19] warmStart (decay=exponential) 34% (358/1043) regret=0.102209 ape=0.5548
[17:54:20] warmStart (decay=exponential) 34% (359/1043) regret=0.102209 ape=0.5548
[17:54:20] warmStart (decay=exponential) 34% (360/1043) regret=0.102209 ape=0.5548
[17:54:20] warmStart (decay=exponential) 34% (361/1043) regret=0.102209 ape=0.5548
[17:54:20] warmStart (decay=exponential) 34% (362/1043) regret=0.102209 ape=0.5548
[17:54:20] warmStart (decay=exponential) 34% (363/1043) regret=0.102209 ape=0.5548
[17:54:21] warmStart (decay=exponential) 34% (364/1043) regret=0.102209 ape=0.5548
[17:54:21] warmStart (decay=exponential) 34% (365/1043) regret=0.102209 ape=0.5548
[17:54:21] warmStart (decay=exponential) 35% (366/1043) regret=0.102209 ape=0.5548
[17:54:21] warmStart (decay=exponential) 35% (367/1043) regret=0.102209 ape=0.5548
[17:54:22] warmStart (decay=exponential) 35% (368/1043) regret=0.102209 ape=0.5548
[17:54:22] warmStart (decay=exponential) 35% (369/1043) regret=0.102209 ape=0.5548
[17:54:22] warmStart (decay=exponential) 35% (370/1043) regret=0.102209 ape=0.5548
[17:54:22] warmStart (decay=exponential) 35% (371/1043) regret=0.102209 ape=0.5548
[17:54:22] warmStart (decay=exponential) 35% (372/1043) regret=0.102209 ape=0.5548
[17:54:23] warmStart (decay=exponential) 35% (373/1043) regret=0.102209 ape=0.5548
[17:54:23] warmStart (decay=exponential) 35% (374/1043) regret=0.102209 ape=0.5548
[17:54:23] warmStart (decay=exponential) 35% (375/1043) regret=0.102209 ape=0.5548
[17:54:23] warmStart (decay=exponential) 36% (376/1043) regret=0.102209 ape=0.5548
[17:54:24] warmStart (decay=exponential) 36% (377/1043) regret=0.102209 ape=0.5548
[17:54:24] warmStart (decay=exponential) 36% (378/1043) regret=0.102209 ape=0.5548
[17:54:24] warmStart (decay=exponential) 36% (379/1043) regret=0.102209 ape=0.5548
[17:54:24] warmStart (decay=exponential) 36% (380/1043) regret=0.102209 ape=0.5548
[17:54:24] warmStart (decay=exponential) 36% (381/1043) regret=0.102209 ape=0.5548
[17:54:25] warmStart (decay=exponential) 36% (382/1043) regret=0.102209 ape=0.5548
[17:54:25] warmStart (decay=exponential) 36% (383/1043) regret=0.102209 ape=0.5548
[17:54:25] warmStart (decay=exponential) 36% (384/1043) regret=0.102209 ape=0.5548
[17:54:25] warmStart (decay=exponential) 36% (385/1043) regret=0.102209 ape=0.5548
[17:54:26] warmStart (decay=exponential) 37% (386/1043) regret=0.102209 ape=0.5548
[17:54:26] warmStart (decay=exponential) 37% (387/1043) regret=0.102209 ape=0.5548
[17:54:26] warmStart (decay=exponential) 37% (388/1043) regret=0.102209 ape=0.5548
[17:54:26] warmStart (decay=exponential) 37% (389/1043) regret=0.102209 ape=0.5548
[17:54:27] warmStart (decay=exponential) 37% (390/1043) regret=0.102209 ape=0.5548
[17:54:27] warmStart (decay=exponential) 37% (391/1043) regret=0.102209 ape=0.5548
[17:54:27] warmStart (decay=exponential) 37% (392/1043) regret=0.102209 ape=0.5548
[17:54:27] warmStart (decay=exponential) 37% (393/1043) regret=0.102209 ape=0.5548
[17:54:27] warmStart (decay=exponential) 37% (394/1043) regret=0.102209 ape=0.5548
[17:54:28] warmStart (decay=exponential) 37% (395/1043) regret=0.102209 ape=0.5548
[17:54:28] warmStart (decay=exponential) 37% (396/1043) regret=0.102209 ape=0.5548
[17:54:28] warmStart (decay=exponential) 38% (397/1043) regret=0.102209 ape=0.5548
[17:54:28] warmStart (decay=exponential) 38% (398/1043) regret=0.102209 ape=0.5548
[17:54:29] warmStart (decay=exponential) 38% (399/1043) regret=0.102209 ape=0.5548
[17:54:29] warmStart (decay=exponential) 38% (400/1043) regret=0.102209 ape=0.5548
[17:54:29] warmStart (decay=exponential) 38% (401/1043) regret=0.102209 ape=0.5548
[17:54:29] warmStart (decay=exponential) 38% (402/1043) regret=0.102209 ape=0.5548
[17:54:30] warmStart (decay=exponential) 38% (403/1043) regret=0.102209 ape=0.5548
[17:54:30] warmStart (decay=exponential) 38% (404/1043) regret=0.102209 ape=0.5548
[17:54:30] warmStart (decay=exponential) 38% (405/1043) regret=0.102209 ape=0.5548
[17:54:30] warmStart (decay=exponential) 38% (406/1043) regret=0.102209 ape=0.5548
[17:54:31] warmStart (decay=exponential) 39% (407/1043) regret=0.102209 ape=0.5548
[17:54:31] warmStart (decay=exponential) 39% (408/1043) regret=0.102209 ape=0.5548
[17:54:31] warmStart (decay=exponential) 39% (409/1043) regret=0.102209 ape=0.5548
[17:54:31] warmStart (decay=exponential) 39% (410/1043) regret=0.102209 ape=0.5548
[17:54:31] warmStart (decay=exponential) 39% (411/1043) regret=0.102209 ape=0.5548
[17:54:32] warmStart (decay=exponential) 39% (412/1043) regret=0.102209 ape=0.5548
[17:54:32] warmStart (decay=exponential) 39% (413/1043) regret=0.102209 ape=0.5548
[17:54:32] warmStart (decay=exponential) 39% (414/1043) regret=0.102209 ape=0.5548
[17:54:32] warmStart (decay=exponential) 39% (415/1043) regret=0.102266 ape=0.5548
[17:54:32] warmStart (decay=exponential) 39% (416/1043) regret=0.102262 ape=0.5548
[17:54:33] warmStart (decay=exponential) 39% (417/1043) regret=0.102266 ape=0.5548
[17:54:33] warmStart (decay=exponential) 40% (418/1043) regret=0.102266 ape=0.5548
[17:54:33] warmStart (decay=exponential) 40% (419/1043) regret=0.102266 ape=0.5548
[17:54:33] warmStart (decay=exponential) 40% (420/1043) regret=0.102209 ape=0.5548
[17:54:33] warmStart (decay=exponential) 40% (421/1043) regret=0.102209 ape=0.5548
[17:54:34] warmStart (decay=exponential) 40% (422/1043) regret=0.102209 ape=0.5548
[17:54:34] warmStart (decay=exponential) 40% (423/1043) regret=0.102209 ape=0.5548
[17:54:34] warmStart (decay=exponential) 40% (424/1043) regret=0.102209 ape=0.5548
[17:54:34] warmStart (decay=exponential) 40% (425/1043) regret=0.102209 ape=0.5548
[17:54:35] warmStart (decay=exponential) 40% (426/1043) regret=0.102209 ape=0.5548
[17:54:35] warmStart (decay=exponential) 40% (427/1043) regret=0.102209 ape=0.5548
[17:54:35] warmStart (decay=exponential) 41% (428/1043) regret=0.102209 ape=0.5548
[17:54:35] warmStart (decay=exponential) 41% (429/1043) regret=0.102209 ape=0.5548
[17:54:35] warmStart (decay=exponential) 41% (430/1043) regret=0.102197 ape=0.5539
[17:54:35] warmStart (decay=exponential) 41% (431/1043) regret=0.102197 ape=0.5539
[17:54:36] warmStart (decay=exponential) 41% (432/1043) regret=0.102197 ape=0.5539
[17:54:36] warmStart (decay=exponential) 41% (433/1043) regret=0.102197 ape=0.5539
[17:54:36] warmStart (decay=exponential) 41% (434/1043) regret=0.102197 ape=0.5539
[17:54:36] warmStart (decay=exponential) 41% (435/1043) regret=0.102197 ape=0.5539
[17:54:36] warmStart (decay=exponential) 41% (436/1043) regret=0.102197 ape=0.5539
[17:54:37] warmStart (decay=exponential) 41% (437/1043) regret=0.102197 ape=0.5539
[17:54:37] warmStart (decay=exponential) 41% (438/1043) regret=0.102197 ape=0.5539
[17:54:37] warmStart (decay=exponential) 42% (439/1043) regret=0.102197 ape=0.5539
[17:54:37] warmStart (decay=exponential) 42% (440/1043) regret=0.102197 ape=0.5539
[17:54:38] warmStart (decay=exponential) 42% (441/1043) regret=0.102197 ape=0.5539
[17:54:38] warmStart (decay=exponential) 42% (442/1043) regret=0.102197 ape=0.5539
[17:54:38] warmStart (decay=exponential) 42% (443/1043) regret=0.102197 ape=0.5539
[17:54:38] warmStart (decay=exponential) 42% (444/1043) regret=0.102197 ape=0.5539
[17:54:38] warmStart (decay=exponential) 42% (445/1043) regret=0.102197 ape=0.5539
[17:54:39] warmStart (decay=exponential) 42% (446/1043) regret=0.102197 ape=0.5539
[17:54:39] warmStart (decay=exponential) 42% (447/1043) regret=0.102197 ape=0.5539
[17:54:39] warmStart (decay=exponential) 42% (448/1043) regret=0.102197 ape=0.5539
[17:54:39] warmStart (decay=exponential) 43% (449/1043) regret=0.102197 ape=0.5539
[17:54:39] warmStart (decay=exponential) 43% (450/1043) regret=0.102197 ape=0.5539
[17:54:40] warmStart (decay=exponential) 43% (451/1043) regret=0.102197 ape=0.5539
[17:54:40] warmStart (decay=exponential) 43% (452/1043) regret=0.102197 ape=0.5539
[17:54:40] warmStart (decay=exponential) 43% (453/1043) regret=0.102197 ape=0.5539
[17:54:40] warmStart (decay=exponential) 43% (454/1043) regret=0.102197 ape=0.5539
[17:54:40] warmStart (decay=exponential) 43% (455/1043) regret=0.102197 ape=0.5539
[17:54:41] warmStart (decay=exponential) 43% (456/1043) regret=0.102197 ape=0.5539
[17:54:41] warmStart (decay=exponential) 43% (457/1043) regret=0.102197 ape=0.5539
[17:54:41] warmStart (decay=exponential) 43% (458/1043) regret=0.102197 ape=0.5539
[17:54:41] warmStart (decay=exponential) 44% (459/1043) regret=0.102197 ape=0.5539
[17:54:41] warmStart (decay=exponential) 44% (460/1043) regret=0.102197 ape=0.5539
[17:54:42] warmStart (decay=exponential) 44% (461/1043) regret=0.102197 ape=0.5539
[17:54:42] warmStart (decay=exponential) 44% (462/1043) regret=0.102197 ape=0.5539
[17:54:42] warmStart (decay=exponential) 44% (463/1043) regret=0.102197 ape=0.5539
[17:54:42] warmStart (decay=exponential) 44% (464/1043) regret=0.102197 ape=0.5539
[17:54:42] warmStart (decay=exponential) 44% (465/1043) regret=0.102197 ape=0.5539
[17:54:42] warmStart (decay=exponential) 44% (466/1043) regret=0.102197 ape=0.5539
[17:54:43] warmStart (decay=exponential) 44% (467/1043) regret=0.102197 ape=0.5539
[17:54:43] warmStart (decay=exponential) 44% (468/1043) regret=0.102197 ape=0.5539
[17:54:43] warmStart (decay=exponential) 44% (469/1043) regret=0.102197 ape=0.5539
[17:54:43] warmStart (decay=exponential) 45% (470/1043) regret=0.102197 ape=0.5539
[17:54:43] warmStart (decay=exponential) 45% (471/1043) regret=0.102197 ape=0.5539
[17:54:44] warmStart (decay=exponential) 45% (472/1043) regret=0.102197 ape=0.5539
[17:54:44] warmStart (decay=exponential) 45% (473/1043) regret=0.102197 ape=0.5539
[17:54:44] warmStart (decay=exponential) 45% (474/1043) regret=0.102197 ape=0.5539
[17:54:44] warmStart (decay=exponential) 45% (475/1043) regret=0.102197 ape=0.5539
[17:54:44] warmStart (decay=exponential) 45% (476/1043) regret=0.102197 ape=0.5539
[17:54:45] warmStart (decay=exponential) 45% (477/1043) regret=0.102197 ape=0.5539
[17:54:45] warmStart (decay=exponential) 45% (478/1043) regret=0.102197 ape=0.5539
[17:54:45] warmStart (decay=exponential) 45% (479/1043) regret=0.102197 ape=0.5539
[17:54:45] warmStart (decay=exponential) 46% (480/1043) regret=0.102197 ape=0.5539
[17:54:45] warmStart (decay=exponential) 46% (481/1043) regret=0.102197 ape=0.5539
[17:54:45] warmStart (decay=exponential) 46% (482/1043) regret=0.102197 ape=0.5539
[17:54:46] warmStart (decay=exponential) 46% (483/1043) regret=0.102197 ape=0.5539
[17:54:46] warmStart (decay=exponential) 46% (484/1043) regret=0.102197 ape=0.5539
[17:54:46] warmStart (decay=exponential) 46% (485/1043) regret=0.102197 ape=0.5539
[17:54:46] warmStart (decay=exponential) 46% (486/1043) regret=0.102197 ape=0.5539
[17:54:46] warmStart (decay=exponential) 46% (487/1043) regret=0.102197 ape=0.5539
[17:54:47] warmStart (decay=exponential) 46% (488/1043) regret=0.102197 ape=0.5539
[17:54:47] warmStart (decay=exponential) 46% (489/1043) regret=0.102197 ape=0.5539
[17:54:47] warmStart (decay=exponential) 46% (490/1043) regret=0.102197 ape=0.5539
[17:54:47] warmStart (decay=exponential) 47% (491/1043) regret=0.102248 ape=0.5548
[17:54:48] warmStart (decay=exponential) 47% (492/1043) regret=0.102248 ape=0.5548
[17:54:48] warmStart (decay=exponential) 47% (493/1043) regret=0.102248 ape=0.5548
[17:54:48] warmStart (decay=exponential) 47% (494/1043) regret=0.102253 ape=0.5548
[17:54:48] warmStart (decay=exponential) 47% (495/1043) regret=0.102248 ape=0.5548
[17:54:48] warmStart (decay=exponential) 47% (496/1043) regret=0.102248 ape=0.5548
[17:54:49] warmStart (decay=exponential) 47% (497/1043) regret=0.102248 ape=0.5548
[17:54:49] warmStart (decay=exponential) 47% (498/1043) regret=0.102253 ape=0.5548
[17:54:49] warmStart (decay=exponential) 47% (499/1043) regret=0.102253 ape=0.5548
[17:54:49] warmStart (decay=exponential) 47% (500/1043) regret=0.102253 ape=0.5548
[17:54:50] warmStart (decay=exponential) 48% (501/1043) regret=0.102253 ape=0.5548
[17:54:50] warmStart (decay=exponential) 48% (502/1043) regret=0.102253 ape=0.5548
[17:54:50] warmStart (decay=exponential) 48% (503/1043) regret=0.102253 ape=0.5548
[17:54:50] warmStart (decay=exponential) 48% (504/1043) regret=0.102253 ape=0.5548
[17:54:50] warmStart (decay=exponential) 48% (505/1043) regret=0.102253 ape=0.5548
[17:54:51] warmStart (decay=exponential) 48% (506/1043) regret=0.102253 ape=0.5548
[17:54:51] warmStart (decay=exponential) 48% (507/1043) regret=0.102253 ape=0.5548
[17:54:51] warmStart (decay=exponential) 48% (508/1043) regret=0.102253 ape=0.5548
[17:54:51] warmStart (decay=exponential) 48% (509/1043) regret=0.102253 ape=0.5548
[17:54:51] warmStart (decay=exponential) 48% (510/1043) regret=0.102253 ape=0.5548
[17:54:52] warmStart (decay=exponential) 48% (511/1043) regret=0.102253 ape=0.5548
[17:54:52] warmStart (decay=exponential) 49% (512/1043) regret=0.102253 ape=0.5548
[17:54:52] warmStart (decay=exponential) 49% (513/1043) regret=0.102253 ape=0.5548
[17:54:52] warmStart (decay=exponential) 49% (514/1043) regret=0.102253 ape=0.5548
[17:54:52] warmStart (decay=exponential) 49% (515/1043) regret=0.102253 ape=0.5548
[17:54:53] warmStart (decay=exponential) 49% (516/1043) regret=0.102253 ape=0.5548
[17:54:53] warmStart (decay=exponential) 49% (517/1043) regret=0.102253 ape=0.5548
[17:54:53] warmStart (decay=exponential) 49% (518/1043) regret=0.102253 ape=0.5548
[17:54:53] warmStart (decay=exponential) 49% (519/1043) regret=0.102197 ape=0.5539
[17:54:54] warmStart (decay=exponential) 49% (520/1043) regret=0.102197 ape=0.5539
[17:54:54] warmStart (decay=exponential) 49% (521/1043) regret=0.102197 ape=0.5539
[17:54:54] warmStart (decay=exponential) 50% (522/1043) regret=0.102197 ape=0.5539
[17:54:54] warmStart (decay=exponential) 50% (523/1043) regret=0.102197 ape=0.5539
[17:54:54] warmStart (decay=exponential) 50% (524/1043) regret=0.102197 ape=0.5539
[17:54:55] warmStart (decay=exponential) 50% (525/1043) regret=0.102197 ape=0.5539
[17:54:55] warmStart (decay=exponential) 50% (526/1043) regret=0.102197 ape=0.5539
[17:54:55] warmStart (decay=exponential) 50% (527/1043) regret=0.102197 ape=0.5539
[17:54:55] warmStart (decay=exponential) 50% (528/1043) regret=0.102197 ape=0.5539
[17:54:55] warmStart (decay=exponential) 50% (529/1043) regret=0.102197 ape=0.5539
[17:54:56] warmStart (decay=exponential) 50% (530/1043) regret=0.102197 ape=0.5539
[17:54:56] warmStart (decay=exponential) 50% (531/1043) regret=0.102197 ape=0.5539
[17:54:56] warmStart (decay=exponential) 51% (532/1043) regret=0.102197 ape=0.5539
[17:54:56] warmStart (decay=exponential) 51% (533/1043) regret=0.102197 ape=0.5539
[17:54:56] warmStart (decay=exponential) 51% (534/1043) regret=0.102197 ape=0.5539
[17:54:57] warmStart (decay=exponential) 51% (535/1043) regret=0.102197 ape=0.5539
[17:54:57] warmStart (decay=exponential) 51% (536/1043) regret=0.102197 ape=0.5539
[17:54:57] warmStart (decay=exponential) 51% (537/1043) regret=0.102197 ape=0.5539
[17:54:57] warmStart (decay=exponential) 51% (538/1043) regret=0.102197 ape=0.5539
[17:54:57] warmStart (decay=exponential) 51% (539/1043) regret=0.102197 ape=0.5539
[17:54:58] warmStart (decay=exponential) 51% (540/1043) regret=0.102197 ape=0.5539
[17:54:58] warmStart (decay=exponential) 51% (541/1043) regret=0.102197 ape=0.5539
[17:54:58] warmStart (decay=exponential) 51% (542/1043) regret=0.102197 ape=0.5539
[17:54:58] warmStart (decay=exponential) 52% (543/1043) regret=0.102197 ape=0.5539
[17:54:58] warmStart (decay=exponential) 52% (544/1043) regret=0.102197 ape=0.5539
[17:54:58] warmStart (decay=exponential) 52% (545/1043) regret=0.102197 ape=0.5539
[17:54:59] warmStart (decay=exponential) 52% (546/1043) regret=0.102197 ape=0.5539
[17:54:59] warmStart (decay=exponential) 52% (547/1043) regret=0.102197 ape=0.5539
[17:54:59] warmStart (decay=exponential) 52% (548/1043) regret=0.102197 ape=0.5539
[17:54:59] warmStart (decay=exponential) 52% (549/1043) regret=0.102197 ape=0.5539
[17:54:59] warmStart (decay=exponential) 52% (550/1043) regret=0.102197 ape=0.5539
[17:54:59] warmStart (decay=exponential) 52% (551/1043) regret=0.102197 ape=0.5539
[17:55:00] warmStart (decay=exponential) 52% (552/1043) regret=0.102197 ape=0.5539
[17:55:00] warmStart (decay=exponential) 53% (553/1043) regret=0.102197 ape=0.5539
[17:55:00] warmStart (decay=exponential) 53% (554/1043) regret=0.102197 ape=0.5539
[17:55:00] warmStart (decay=exponential) 53% (555/1043) regret=0.102197 ape=0.5539
[17:55:00] warmStart (decay=exponential) 53% (556/1043) regret=0.102197 ape=0.5539
[17:55:00] warmStart (decay=exponential) 53% (557/1043) regret=0.102197 ape=0.5539
[17:55:01] warmStart (decay=exponential) 53% (558/1043) regret=0.102197 ape=0.5539
[17:55:01] warmStart (decay=exponential) 53% (559/1043) regret=0.102197 ape=0.5539
[17:55:01] warmStart (decay=exponential) 53% (560/1043) regret=0.102197 ape=0.5539
[17:55:01] warmStart (decay=exponential) 53% (561/1043) regret=0.102197 ape=0.5539
[17:55:01] warmStart (decay=exponential) 53% (562/1043) regret=0.102197 ape=0.5539
[17:55:02] warmStart (decay=exponential) 53% (563/1043) regret=0.102197 ape=0.5539
[17:55:02] warmStart (decay=exponential) 54% (564/1043) regret=0.102197 ape=0.5539
[17:55:02] warmStart (decay=exponential) 54% (565/1043) regret=0.102197 ape=0.5539
[17:55:02] warmStart (decay=exponential) 54% (566/1043) regret=0.102197 ape=0.5539
[17:55:02] warmStart (decay=exponential) 54% (567/1043) regret=0.102197 ape=0.5539
[17:55:02] warmStart (decay=exponential) 54% (568/1043) regret=0.102197 ape=0.5539
[17:55:03] warmStart (decay=exponential) 54% (569/1043) regret=0.102197 ape=0.5539
[17:55:03] warmStart (decay=exponential) 54% (570/1043) regret=0.102197 ape=0.5539
[17:55:03] warmStart (decay=exponential) 54% (571/1043) regret=0.102197 ape=0.5539
[17:55:03] warmStart (decay=exponential) 54% (572/1043) regret=0.102197 ape=0.5539
[17:55:03] warmStart (decay=exponential) 54% (573/1043) regret=0.102197 ape=0.5539
[17:55:04] warmStart (decay=exponential) 55% (574/1043) regret=0.102197 ape=0.5539
[17:55:04] warmStart (decay=exponential) 55% (575/1043) regret=0.102197 ape=0.5539
[17:55:04] warmStart (decay=exponential) 55% (576/1043) regret=0.102197 ape=0.5539
[17:55:04] warmStart (decay=exponential) 55% (577/1043) regret=0.102197 ape=0.5539
[17:55:04] warmStart (decay=exponential) 55% (578/1043) regret=0.102197 ape=0.5539
[17:55:05] warmStart (decay=exponential) 55% (579/1043) regret=0.102197 ape=0.5539
[17:55:05] warmStart (decay=exponential) 55% (580/1043) regret=0.102197 ape=0.5539
[17:55:05] warmStart (decay=exponential) 55% (581/1043) regret=0.102197 ape=0.5539
[17:55:05] warmStart (decay=exponential) 55% (582/1043) regret=0.102197 ape=0.5539
[17:55:05] warmStart (decay=exponential) 55% (583/1043) regret=0.102197 ape=0.5539
[17:55:06] warmStart (decay=exponential) 55% (584/1043) regret=0.102197 ape=0.5539
[17:55:06] warmStart (decay=exponential) 56% (585/1043) regret=0.102197 ape=0.5539
[17:55:06] warmStart (decay=exponential) 56% (586/1043) regret=0.102197 ape=0.5539
[17:55:06] warmStart (decay=exponential) 56% (587/1043) regret=0.102197 ape=0.5539
[17:55:06] warmStart (decay=exponential) 56% (588/1043) regret=0.102197 ape=0.5539
[17:55:06] warmStart (decay=exponential) 56% (589/1043) regret=0.102197 ape=0.5539
[17:55:07] warmStart (decay=exponential) 56% (590/1043) regret=0.102197 ape=0.5539
[17:55:07] warmStart (decay=exponential) 56% (591/1043) regret=0.102197 ape=0.5539
[17:55:07] warmStart (decay=exponential) 56% (592/1043) regret=0.102197 ape=0.5539
[17:55:07] warmStart (decay=exponential) 56% (593/1043) regret=0.102197 ape=0.5539
[17:55:07] warmStart (decay=exponential) 56% (594/1043) regret=0.102197 ape=0.5539
[17:55:08] warmStart (decay=exponential) 57% (595/1043) regret=0.102197 ape=0.5539
[17:55:08] warmStart (decay=exponential) 57% (596/1043) regret=0.102197 ape=0.5539
[17:55:08] warmStart (decay=exponential) 57% (597/1043) regret=0.102197 ape=0.5539
[17:55:08] warmStart (decay=exponential) 57% (598/1043) regret=0.102197 ape=0.5539
[17:55:08] warmStart (decay=exponential) 57% (599/1043) regret=0.102197 ape=0.5539
[17:55:09] warmStart (decay=exponential) 57% (600/1043) regret=0.102197 ape=0.5539
[17:55:09] warmStart (decay=exponential) 57% (601/1043) regret=0.102197 ape=0.5539
[17:55:09] warmStart (decay=exponential) 57% (602/1043) regret=0.102197 ape=0.5539
[17:55:09] warmStart (decay=exponential) 57% (603/1043) regret=0.102197 ape=0.5539
[17:55:09] warmStart (decay=exponential) 57% (604/1043) regret=0.102197 ape=0.5539
[17:55:10] warmStart (decay=exponential) 58% (605/1043) regret=0.102197 ape=0.5539
[17:55:10] warmStart (decay=exponential) 58% (606/1043) regret=0.102197 ape=0.5539
[17:55:10] warmStart (decay=exponential) 58% (607/1043) regret=0.102197 ape=0.5539
[17:55:10] warmStart (decay=exponential) 58% (608/1043) regret=0.102197 ape=0.5539
[17:55:10] warmStart (decay=exponential) 58% (609/1043) regret=0.102197 ape=0.5539
[17:55:11] warmStart (decay=exponential) 58% (610/1043) regret=0.102197 ape=0.5539
[17:55:11] warmStart (decay=exponential) 58% (611/1043) regret=0.102197 ape=0.5539
[17:55:11] warmStart (decay=exponential) 58% (612/1043) regret=0.102197 ape=0.5539
[17:55:11] warmStart (decay=exponential) 58% (613/1043) regret=0.102197 ape=0.5539
[17:55:11] warmStart (decay=exponential) 58% (614/1043) regret=0.102197 ape=0.5539
[17:55:11] warmStart (decay=exponential) 58% (615/1043) regret=0.102197 ape=0.5539
[17:55:12] warmStart (decay=exponential) 59% (616/1043) regret=0.102197 ape=0.5539
[17:55:12] warmStart (decay=exponential) 59% (617/1043) regret=0.102197 ape=0.5539
[17:55:12] warmStart (decay=exponential) 59% (618/1043) regret=0.102197 ape=0.5539
[17:55:12] warmStart (decay=exponential) 59% (619/1043) regret=0.102197 ape=0.5539
[17:55:12] warmStart (decay=exponential) 59% (620/1043) regret=0.102197 ape=0.5539
[17:55:13] warmStart (decay=exponential) 59% (621/1043) regret=0.102197 ape=0.5539
[17:55:13] warmStart (decay=exponential) 59% (622/1043) regret=0.102197 ape=0.5539
[17:55:13] warmStart (decay=exponential) 59% (623/1043) regret=0.102197 ape=0.5539
[17:55:13] warmStart (decay=exponential) 59% (624/1043) regret=0.102197 ape=0.5539
[17:55:13] warmStart (decay=exponential) 59% (625/1043) regret=0.102197 ape=0.5539
[17:55:14] warmStart (decay=exponential) 60% (626/1043) regret=0.102197 ape=0.5539
[17:55:14] warmStart (decay=exponential) 60% (627/1043) regret=0.102197 ape=0.5539
[17:55:14] warmStart (decay=exponential) 60% (628/1043) regret=0.102197 ape=0.5539
[17:55:14] warmStart (decay=exponential) 60% (629/1043) regret=0.102197 ape=0.5539
[17:55:15] warmStart (decay=exponential) 60% (630/1043) regret=0.102197 ape=0.5539
[17:55:15] warmStart (decay=exponential) 60% (631/1043) regret=0.102197 ape=0.5539
[17:55:15] warmStart (decay=exponential) 60% (632/1043) regret=0.102197 ape=0.5539
[17:55:15] warmStart (decay=exponential) 60% (633/1043) regret=0.102197 ape=0.5539
[17:55:16] warmStart (decay=exponential) 60% (634/1043) regret=0.102197 ape=0.5539
[17:55:16] warmStart (decay=exponential) 60% (635/1043) regret=0.102197 ape=0.5539
[17:55:16] warmStart (decay=exponential) 60% (636/1043) regret=0.102197 ape=0.5539
[17:55:16] warmStart (decay=exponential) 61% (637/1043) regret=0.102197 ape=0.5539
[17:55:16] warmStart (decay=exponential) 61% (638/1043) regret=0.102197 ape=0.5539
[17:55:17] warmStart (decay=exponential) 61% (639/1043) regret=0.102197 ape=0.5539
[17:55:17] warmStart (decay=exponential) 61% (640/1043) regret=0.102197 ape=0.5539
[17:55:17] warmStart (decay=exponential) 61% (641/1043) regret=0.102197 ape=0.5539
[17:55:17] warmStart (decay=exponential) 61% (642/1043) regret=0.102197 ape=0.5539
[17:55:17] warmStart (decay=exponential) 61% (643/1043) regret=0.102197 ape=0.5539
[17:55:18] warmStart (decay=exponential) 61% (644/1043) regret=0.102197 ape=0.5539
[17:55:18] warmStart (decay=exponential) 61% (645/1043) regret=0.102197 ape=0.5539
[17:55:18] warmStart (decay=exponential) 61% (646/1043) regret=0.102197 ape=0.5539
[17:55:18] warmStart (decay=exponential) 62% (647/1043) regret=0.102197 ape=0.5539
[17:55:19] warmStart (decay=exponential) 62% (648/1043) regret=0.102197 ape=0.5539
[17:55:19] warmStart (decay=exponential) 62% (649/1043) regret=0.102197 ape=0.5539
[17:55:19] warmStart (decay=exponential) 62% (650/1043) regret=0.102197 ape=0.5539
[17:55:19] warmStart (decay=exponential) 62% (651/1043) regret=0.102197 ape=0.5539
[17:55:19] warmStart (decay=exponential) 62% (652/1043) regret=0.102197 ape=0.5539
[17:55:20] warmStart (decay=exponential) 62% (653/1043) regret=0.102197 ape=0.5539
[17:55:20] warmStart (decay=exponential) 62% (654/1043) regret=0.102197 ape=0.5539
[17:55:20] warmStart (decay=exponential) 62% (655/1043) regret=0.102197 ape=0.5539
[17:55:20] warmStart (decay=exponential) 62% (656/1043) regret=0.102197 ape=0.5539
[17:55:20] warmStart (decay=exponential) 62% (657/1043) regret=0.102197 ape=0.5539
[17:55:21] warmStart (decay=exponential) 63% (658/1043) regret=0.102197 ape=0.5539
[17:55:21] warmStart (decay=exponential) 63% (659/1043) regret=0.102197 ape=0.5539
[17:55:21] warmStart (decay=exponential) 63% (660/1043) regret=0.102197 ape=0.5539
[17:55:21] warmStart (decay=exponential) 63% (661/1043) regret=0.102197 ape=0.5539
[17:55:21] warmStart (decay=exponential) 63% (662/1043) regret=0.102197 ape=0.5539
[17:55:22] warmStart (decay=exponential) 63% (663/1043) regret=0.102197 ape=0.5539
[17:55:22] warmStart (decay=exponential) 63% (664/1043) regret=0.102197 ape=0.5539
[17:55:22] warmStart (decay=exponential) 63% (665/1043) regret=0.102197 ape=0.5539
[17:55:22] warmStart (decay=exponential) 63% (666/1043) regret=0.102197 ape=0.5539
[17:55:23] warmStart (decay=exponential) 63% (667/1043) regret=0.102197 ape=0.5539
[17:55:23] warmStart (decay=exponential) 64% (668/1043) regret=0.102197 ape=0.5539
[17:55:23] warmStart (decay=exponential) 64% (669/1043) regret=0.102197 ape=0.5539
[17:55:23] warmStart (decay=exponential) 64% (670/1043) regret=0.102197 ape=0.5539
[17:55:23] warmStart (decay=exponential) 64% (671/1043) regret=0.102197 ape=0.5539
[17:55:24] warmStart (decay=exponential) 64% (672/1043) regret=0.102197 ape=0.5539
[17:55:24] warmStart (decay=exponential) 64% (673/1043) regret=0.102197 ape=0.5539
[17:55:24] warmStart (decay=exponential) 64% (674/1043) regret=0.102197 ape=0.5539
[17:55:24] warmStart (decay=exponential) 64% (675/1043) regret=0.102197 ape=0.5539
[17:55:25] warmStart (decay=exponential) 64% (676/1043) regret=0.102197 ape=0.5539
[17:55:25] warmStart (decay=exponential) 64% (677/1043) regret=0.102197 ape=0.5539
[17:55:25] warmStart (decay=exponential) 65% (678/1043) regret=0.102197 ape=0.5539
[17:55:25] warmStart (decay=exponential) 65% (679/1043) regret=0.102197 ape=0.5539
[17:55:25] warmStart (decay=exponential) 65% (680/1043) regret=0.102197 ape=0.5539
[17:55:26] warmStart (decay=exponential) 65% (681/1043) regret=0.102197 ape=0.5539
[17:55:26] warmStart (decay=exponential) 65% (682/1043) regret=0.102197 ape=0.5539
[17:55:26] warmStart (decay=exponential) 65% (683/1043) regret=0.102197 ape=0.5539
[17:55:26] warmStart (decay=exponential) 65% (684/1043) regret=0.102197 ape=0.5539
[17:55:26] warmStart (decay=exponential) 65% (685/1043) regret=0.102197 ape=0.5539
[17:55:27] warmStart (decay=exponential) 65% (686/1043) regret=0.102197 ape=0.5539
[17:55:27] warmStart (decay=exponential) 65% (687/1043) regret=0.102197 ape=0.5539
[17:55:27] warmStart (decay=exponential) 65% (688/1043) regret=0.102197 ape=0.5539
[17:55:27] warmStart (decay=exponential) 66% (689/1043) regret=0.102197 ape=0.5539
[17:55:27] warmStart (decay=exponential) 66% (690/1043) regret=0.102197 ape=0.5539
[17:55:28] warmStart (decay=exponential) 66% (691/1043) regret=0.102197 ape=0.5539
[17:55:28] warmStart (decay=exponential) 66% (692/1043) regret=0.102197 ape=0.5539
[17:55:28] warmStart (decay=exponential) 66% (693/1043) regret=0.102197 ape=0.5539
[17:55:28] warmStart (decay=exponential) 66% (694/1043) regret=0.102197 ape=0.5539
[17:55:29] warmStart (decay=exponential) 66% (695/1043) regret=0.102197 ape=0.5539
[17:55:29] warmStart (decay=exponential) 66% (696/1043) regret=0.102197 ape=0.5539
[17:55:29] warmStart (decay=exponential) 66% (697/1043) regret=0.102197 ape=0.5539
[17:55:29] warmStart (decay=exponential) 66% (698/1043) regret=0.102197 ape=0.5539
[17:55:29] warmStart (decay=exponential) 67% (699/1043) regret=0.102197 ape=0.5539
[17:55:30] warmStart (decay=exponential) 67% (700/1043) regret=0.102197 ape=0.5539
[17:55:30] warmStart (decay=exponential) 67% (701/1043) regret=0.102197 ape=0.5539
[17:55:30] warmStart (decay=exponential) 67% (702/1043) regret=0.102197 ape=0.5539
[17:55:30] warmStart (decay=exponential) 67% (703/1043) regret=0.102197 ape=0.5539
[17:55:31] warmStart (decay=exponential) 67% (704/1043) regret=0.102197 ape=0.5539
[17:55:31] warmStart (decay=exponential) 67% (705/1043) regret=0.102197 ape=0.5539
[17:55:31] warmStart (decay=exponential) 67% (706/1043) regret=0.102197 ape=0.5539
[17:55:31] warmStart (decay=exponential) 67% (707/1043) regret=0.102197 ape=0.5539
[17:55:31] warmStart (decay=exponential) 67% (708/1043) regret=0.102197 ape=0.5539
[17:55:32] warmStart (decay=exponential) 67% (709/1043) regret=0.102197 ape=0.5539
[17:55:32] warmStart (decay=exponential) 68% (710/1043) regret=0.102197 ape=0.5539
[17:55:32] warmStart (decay=exponential) 68% (711/1043) regret=0.102197 ape=0.5539
[17:55:32] warmStart (decay=exponential) 68% (712/1043) regret=0.102197 ape=0.5539
[17:55:32] warmStart (decay=exponential) 68% (713/1043) regret=0.102197 ape=0.5539
[17:55:33] warmStart (decay=exponential) 68% (714/1043) regret=0.102197 ape=0.5539
[17:55:33] warmStart (decay=exponential) 68% (715/1043) regret=0.102197 ape=0.5539
[17:55:33] warmStart (decay=exponential) 68% (716/1043) regret=0.102197 ape=0.5539
[17:55:33] warmStart (decay=exponential) 68% (717/1043) regret=0.102197 ape=0.5539
[17:55:33] warmStart (decay=exponential) 68% (718/1043) regret=0.102197 ape=0.5539
[17:55:34] warmStart (decay=exponential) 68% (719/1043) regret=0.102197 ape=0.5539
[17:55:34] warmStart (decay=exponential) 69% (720/1043) regret=0.102197 ape=0.5539
[17:55:34] warmStart (decay=exponential) 69% (721/1043) regret=0.102197 ape=0.5539
[17:55:34] warmStart (decay=exponential) 69% (722/1043) regret=0.102197 ape=0.5539
[17:55:35] warmStart (decay=exponential) 69% (723/1043) regret=0.102197 ape=0.5539
[17:55:35] warmStart (decay=exponential) 69% (724/1043) regret=0.102197 ape=0.5539
[17:55:35] warmStart (decay=exponential) 69% (725/1043) regret=0.102197 ape=0.5539
[17:55:35] warmStart (decay=exponential) 69% (726/1043) regret=0.102197 ape=0.5539
[17:55:35] warmStart (decay=exponential) 69% (727/1043) regret=0.102197 ape=0.5539
[17:55:36] warmStart (decay=exponential) 69% (728/1043) regret=0.102197 ape=0.5539
[17:55:36] warmStart (decay=exponential) 69% (729/1043) regret=0.102197 ape=0.5539
[17:55:36] warmStart (decay=exponential) 69% (730/1043) regret=0.102197 ape=0.5539
[17:55:36] warmStart (decay=exponential) 70% (731/1043) regret=0.102197 ape=0.5539
[17:55:37] warmStart (decay=exponential) 70% (732/1043) regret=0.102197 ape=0.5539
[17:55:37] warmStart (decay=exponential) 70% (733/1043) regret=0.102197 ape=0.5539
[17:55:37] warmStart (decay=exponential) 70% (734/1043) regret=0.102197 ape=0.5539
[17:55:37] warmStart (decay=exponential) 70% (735/1043) regret=0.102197 ape=0.5539
[17:55:37] warmStart (decay=exponential) 70% (736/1043) regret=0.102197 ape=0.5539
[17:55:38] warmStart (decay=exponential) 70% (737/1043) regret=0.102197 ape=0.5539
[17:55:38] warmStart (decay=exponential) 70% (738/1043) regret=0.102197 ape=0.5539
[17:55:38] warmStart (decay=exponential) 70% (739/1043) regret=0.102197 ape=0.5539
[17:55:38] warmStart (decay=exponential) 70% (740/1043) regret=0.102197 ape=0.5539
[17:55:39] warmStart (decay=exponential) 71% (741/1043) regret=0.102197 ape=0.5539
[17:55:39] warmStart (decay=exponential) 71% (742/1043) regret=0.102197 ape=0.5539
[17:55:39] warmStart (decay=exponential) 71% (743/1043) regret=0.102197 ape=0.5539
[17:55:39] warmStart (decay=exponential) 71% (744/1043) regret=0.102197 ape=0.5539
[17:55:39] warmStart (decay=exponential) 71% (745/1043) regret=0.102197 ape=0.5539
[17:55:40] warmStart (decay=exponential) 71% (746/1043) regret=0.102197 ape=0.5539
[17:55:40] warmStart (decay=exponential) 71% (747/1043) regret=0.102197 ape=0.5539
[17:55:40] warmStart (decay=exponential) 71% (748/1043) regret=0.102197 ape=0.5539
[17:55:40] warmStart (decay=exponential) 71% (749/1043) regret=0.102197 ape=0.5539
[17:55:41] warmStart (decay=exponential) 71% (750/1043) regret=0.102197 ape=0.5539
[17:55:41] warmStart (decay=exponential) 72% (751/1043) regret=0.102197 ape=0.5539
[17:55:41] warmStart (decay=exponential) 72% (752/1043) regret=0.102197 ape=0.5539
[17:55:41] warmStart (decay=exponential) 72% (753/1043) regret=0.102197 ape=0.5539
[17:55:41] warmStart (decay=exponential) 72% (754/1043) regret=0.102197 ape=0.5539
[17:55:42] warmStart (decay=exponential) 72% (755/1043) regret=0.102197 ape=0.5539
[17:55:42] warmStart (decay=exponential) 72% (756/1043) regret=0.102197 ape=0.5539
[17:55:42] warmStart (decay=exponential) 72% (757/1043) regret=0.102197 ape=0.5539
[17:55:42] warmStart (decay=exponential) 72% (758/1043) regret=0.102197 ape=0.5539
[17:55:42] warmStart (decay=exponential) 72% (759/1043) regret=0.102197 ape=0.5539
[17:55:43] warmStart (decay=exponential) 72% (760/1043) regret=0.102197 ape=0.5539
[17:55:43] warmStart (decay=exponential) 72% (761/1043) regret=0.102197 ape=0.5539
[17:55:43] warmStart (decay=exponential) 73% (762/1043) regret=0.102197 ape=0.5539
[17:55:43] warmStart (decay=exponential) 73% (763/1043) regret=0.102197 ape=0.5539
[17:55:43] warmStart (decay=exponential) 73% (764/1043) regret=0.102197 ape=0.5539
[17:55:44] warmStart (decay=exponential) 73% (765/1043) regret=0.102197 ape=0.5539
[17:55:44] warmStart (decay=exponential) 73% (766/1043) regret=0.102197 ape=0.5539
[17:55:44] warmStart (decay=exponential) 73% (767/1043) regret=0.102197 ape=0.5539
[17:55:44] warmStart (decay=exponential) 73% (768/1043) regret=0.102197 ape=0.5539
[17:55:45] warmStart (decay=exponential) 73% (769/1043) regret=0.102197 ape=0.5539
[17:55:45] warmStart (decay=exponential) 73% (770/1043) regret=0.102197 ape=0.5539
[17:55:45] warmStart (decay=exponential) 73% (771/1043) regret=0.102197 ape=0.5539
[17:55:45] warmStart (decay=exponential) 74% (772/1043) regret=0.102197 ape=0.5539
[17:55:46] warmStart (decay=exponential) 74% (773/1043) regret=0.102197 ape=0.5539
[17:55:46] warmStart (decay=exponential) 74% (774/1043) regret=0.102197 ape=0.5539
[17:55:46] warmStart (decay=exponential) 74% (775/1043) regret=0.102197 ape=0.5539
[17:55:46] warmStart (decay=exponential) 74% (776/1043) regret=0.102197 ape=0.5539
[17:55:46] warmStart (decay=exponential) 74% (777/1043) regret=0.102197 ape=0.5539
[17:55:47] warmStart (decay=exponential) 74% (778/1043) regret=0.102197 ape=0.5539
[17:55:47] warmStart (decay=exponential) 74% (779/1043) regret=0.102197 ape=0.5539
[17:55:47] warmStart (decay=exponential) 74% (780/1043) regret=0.102197 ape=0.5539
[17:55:47] warmStart (decay=exponential) 74% (781/1043) regret=0.102197 ape=0.5539
[17:55:48] warmStart (decay=exponential) 74% (782/1043) regret=0.102197 ape=0.5539
[17:55:48] warmStart (decay=exponential) 75% (783/1043) regret=0.102197 ape=0.5539
[17:55:48] warmStart (decay=exponential) 75% (784/1043) regret=0.102197 ape=0.5539
[17:55:48] warmStart (decay=exponential) 75% (785/1043) regret=0.102197 ape=0.5539
[17:55:48] warmStart (decay=exponential) 75% (786/1043) regret=0.102197 ape=0.5539
[17:55:49] warmStart (decay=exponential) 75% (787/1043) regret=0.102197 ape=0.5539
[17:55:49] warmStart (decay=exponential) 75% (788/1043) regret=0.102197 ape=0.5539
[17:55:49] warmStart (decay=exponential) 75% (789/1043) regret=0.102197 ape=0.5539
[17:55:49] warmStart (decay=exponential) 75% (790/1043) regret=0.102197 ape=0.5539
[17:55:50] warmStart (decay=exponential) 75% (791/1043) regret=0.102197 ape=0.5539
[17:55:50] warmStart (decay=exponential) 75% (792/1043) regret=0.102197 ape=0.5539
[17:55:50] warmStart (decay=exponential) 76% (793/1043) regret=0.102197 ape=0.5539
[17:55:50] warmStart (decay=exponential) 76% (794/1043) regret=0.102197 ape=0.5539
[17:55:51] warmStart (decay=exponential) 76% (795/1043) regret=0.102197 ape=0.5539
[17:55:51] warmStart (decay=exponential) 76% (796/1043) regret=0.102197 ape=0.5539
[17:55:51] warmStart (decay=exponential) 76% (797/1043) regret=0.102197 ape=0.5539
[17:55:51] warmStart (decay=exponential) 76% (798/1043) regret=0.102197 ape=0.5539
[17:55:51] warmStart (decay=exponential) 76% (799/1043) regret=0.102197 ape=0.5539
[17:55:52] warmStart (decay=exponential) 76% (800/1043) regret=0.102197 ape=0.5539
[17:55:52] warmStart (decay=exponential) 76% (801/1043) regret=0.102197 ape=0.5539
[17:55:52] warmStart (decay=exponential) 76% (802/1043) regret=0.102197 ape=0.5539
[17:55:52] warmStart (decay=exponential) 76% (803/1043) regret=0.102197 ape=0.5539
[17:55:53] warmStart (decay=exponential) 77% (804/1043) regret=0.102197 ape=0.5539
[17:55:53] warmStart (decay=exponential) 77% (805/1043) regret=0.102197 ape=0.5539
[17:55:53] warmStart (decay=exponential) 77% (806/1043) regret=0.102197 ape=0.5539
[17:55:53] warmStart (decay=exponential) 77% (807/1043) regret=0.102197 ape=0.5539
[17:55:54] warmStart (decay=exponential) 77% (808/1043) regret=0.102197 ape=0.5539
[17:55:54] warmStart (decay=exponential) 77% (809/1043) regret=0.102197 ape=0.5539
[17:55:54] warmStart (decay=exponential) 77% (810/1043) regret=0.102197 ape=0.5539
[17:55:54] warmStart (decay=exponential) 77% (811/1043) regret=0.102197 ape=0.5539
[17:55:55] warmStart (decay=exponential) 77% (812/1043) regret=0.102197 ape=0.5539
[17:55:55] warmStart (decay=exponential) 77% (813/1043) regret=0.102197 ape=0.5539
[17:55:55] warmStart (decay=exponential) 78% (814/1043) regret=0.102197 ape=0.5539
[17:55:55] warmStart (decay=exponential) 78% (815/1043) regret=0.102197 ape=0.5539
[17:55:55] warmStart (decay=exponential) 78% (816/1043) regret=0.102197 ape=0.5539
[17:55:56] warmStart (decay=exponential) 78% (817/1043) regret=0.102197 ape=0.5539
[17:55:56] warmStart (decay=exponential) 78% (818/1043) regret=0.102197 ape=0.5539
[17:55:56] warmStart (decay=exponential) 78% (819/1043) regret=0.102197 ape=0.5539
[17:55:56] warmStart (decay=exponential) 78% (820/1043) regret=0.102197 ape=0.5539
[17:55:57] warmStart (decay=exponential) 78% (821/1043) regret=0.102197 ape=0.5539
[17:55:57] warmStart (decay=exponential) 78% (822/1043) regret=0.102197 ape=0.5539
[17:55:57] warmStart (decay=exponential) 78% (823/1043) regret=0.102197 ape=0.5539
[17:55:57] warmStart (decay=exponential) 79% (824/1043) regret=0.102197 ape=0.5539
[17:55:57] warmStart (decay=exponential) 79% (825/1043) regret=0.102197 ape=0.5539
[17:55:58] warmStart (decay=exponential) 79% (826/1043) regret=0.102197 ape=0.5539
[17:55:58] warmStart (decay=exponential) 79% (827/1043) regret=0.102197 ape=0.5539
[17:55:58] warmStart (decay=exponential) 79% (828/1043) regret=0.102197 ape=0.5539
[17:55:58] warmStart (decay=exponential) 79% (829/1043) regret=0.102197 ape=0.5539
[17:55:59] warmStart (decay=exponential) 79% (830/1043) regret=0.102197 ape=0.5539
[17:55:59] warmStart (decay=exponential) 79% (831/1043) regret=0.102197 ape=0.5539
[17:55:59] warmStart (decay=exponential) 79% (832/1043) regret=0.102197 ape=0.5539
[17:55:59] warmStart (decay=exponential) 79% (833/1043) regret=0.102197 ape=0.5539
[17:56:00] warmStart (decay=exponential) 79% (834/1043) regret=0.102197 ape=0.5539
[17:56:00] warmStart (decay=exponential) 80% (835/1043) regret=0.102197 ape=0.5539
[17:56:00] warmStart (decay=exponential) 80% (836/1043) regret=0.102197 ape=0.5539
[17:56:00] warmStart (decay=exponential) 80% (837/1043) regret=0.102197 ape=0.5539
[17:56:00] warmStart (decay=exponential) 80% (838/1043) regret=0.102197 ape=0.5539
[17:56:01] warmStart (decay=exponential) 80% (839/1043) regret=0.102197 ape=0.5539
[17:56:01] warmStart (decay=exponential) 80% (840/1043) regret=0.102197 ape=0.5539
[17:56:01] warmStart (decay=exponential) 80% (841/1043) regret=0.102197 ape=0.5539
[17:56:01] warmStart (decay=exponential) 80% (842/1043) regret=0.102197 ape=0.5539
[17:56:02] warmStart (decay=exponential) 80% (843/1043) regret=0.102197 ape=0.5539
[17:56:02] warmStart (decay=exponential) 80% (844/1043) regret=0.102197 ape=0.5539
[17:56:02] warmStart (decay=exponential) 81% (845/1043) regret=0.102197 ape=0.5539
[17:56:02] warmStart (decay=exponential) 81% (846/1043) regret=0.102197 ape=0.5539
[17:56:03] warmStart (decay=exponential) 81% (847/1043) regret=0.102197 ape=0.5539
[17:56:03] warmStart (decay=exponential) 81% (848/1043) regret=0.102197 ape=0.5539
[17:56:03] warmStart (decay=exponential) 81% (849/1043) regret=0.102197 ape=0.5539
[17:56:03] warmStart (decay=exponential) 81% (850/1043) regret=0.102197 ape=0.5539
[17:56:03] warmStart (decay=exponential) 81% (851/1043) regret=0.102197 ape=0.5539
[17:56:04] warmStart (decay=exponential) 81% (852/1043) regret=0.102197 ape=0.5539
[17:56:04] warmStart (decay=exponential) 81% (853/1043) regret=0.102197 ape=0.5539
[17:56:04] warmStart (decay=exponential) 81% (854/1043) regret=0.102197 ape=0.5539
[17:56:04] warmStart (decay=exponential) 81% (855/1043) regret=0.102197 ape=0.5539
[17:56:05] warmStart (decay=exponential) 82% (856/1043) regret=0.102197 ape=0.5539
[17:56:05] warmStart (decay=exponential) 82% (857/1043) regret=0.102197 ape=0.5539
[17:56:05] warmStart (decay=exponential) 82% (858/1043) regret=0.102197 ape=0.5539
[17:56:05] warmStart (decay=exponential) 82% (859/1043) regret=0.102197 ape=0.5539
[17:56:06] warmStart (decay=exponential) 82% (860/1043) regret=0.102197 ape=0.5539
[17:56:06] warmStart (decay=exponential) 82% (861/1043) regret=0.102197 ape=0.5539
[17:56:06] warmStart (decay=exponential) 82% (862/1043) regret=0.102197 ape=0.5539
[17:56:06] warmStart (decay=exponential) 82% (863/1043) regret=0.102197 ape=0.5539
[17:56:06] warmStart (decay=exponential) 82% (864/1043) regret=0.102197 ape=0.5539
[17:56:07] warmStart (decay=exponential) 82% (865/1043) regret=0.102197 ape=0.5539
[17:56:07] warmStart (decay=exponential) 83% (866/1043) regret=0.102197 ape=0.5539
[17:56:07] warmStart (decay=exponential) 83% (867/1043) regret=0.102197 ape=0.5539
[17:56:07] warmStart (decay=exponential) 83% (868/1043) regret=0.102197 ape=0.5539
[17:56:08] warmStart (decay=exponential) 83% (869/1043) regret=0.102197 ape=0.5539
[17:56:08] warmStart (decay=exponential) 83% (870/1043) regret=0.102197 ape=0.5539
[17:56:08] warmStart (decay=exponential) 83% (871/1043) regret=0.102197 ape=0.5539
[17:56:08] warmStart (decay=exponential) 83% (872/1043) regret=0.102197 ape=0.5539
[17:56:08] warmStart (decay=exponential) 83% (873/1043) regret=0.102197 ape=0.5539
[17:56:09] warmStart (decay=exponential) 83% (874/1043) regret=0.102197 ape=0.5539
[17:56:09] warmStart (decay=exponential) 83% (875/1043) regret=0.102197 ape=0.5539
[17:56:09] warmStart (decay=exponential) 83% (876/1043) regret=0.102197 ape=0.5539
[17:56:09] warmStart (decay=exponential) 84% (877/1043) regret=0.102197 ape=0.5539
[17:56:10] warmStart (decay=exponential) 84% (878/1043) regret=0.102197 ape=0.5539
[17:56:10] warmStart (decay=exponential) 84% (879/1043) regret=0.102197 ape=0.5539
[17:56:10] warmStart (decay=exponential) 84% (880/1043) regret=0.102197 ape=0.5539
[17:56:10] warmStart (decay=exponential) 84% (881/1043) regret=0.102197 ape=0.5539
[17:56:11] warmStart (decay=exponential) 84% (882/1043) regret=0.102197 ape=0.5539
[17:56:11] warmStart (decay=exponential) 84% (883/1043) regret=0.102197 ape=0.5539
[17:56:11] warmStart (decay=exponential) 84% (884/1043) regret=0.102197 ape=0.5539
[17:56:11] warmStart (decay=exponential) 84% (885/1043) regret=0.102197 ape=0.5539
[17:56:11] warmStart (decay=exponential) 84% (886/1043) regret=0.102197 ape=0.5539
[17:56:12] warmStart (decay=exponential) 85% (887/1043) regret=0.102197 ape=0.5539
[17:56:12] warmStart (decay=exponential) 85% (888/1043) regret=0.102197 ape=0.5539
[17:56:12] warmStart (decay=exponential) 85% (889/1043) regret=0.102197 ape=0.5539
[17:56:12] warmStart (decay=exponential) 85% (890/1043) regret=0.102197 ape=0.5539
[17:56:13] warmStart (decay=exponential) 85% (891/1043) regret=0.102197 ape=0.5539
[17:56:13] warmStart (decay=exponential) 85% (892/1043) regret=0.102197 ape=0.5539
[17:56:13] warmStart (decay=exponential) 85% (893/1043) regret=0.102197 ape=0.5539
[17:56:13] warmStart (decay=exponential) 85% (894/1043) regret=0.102197 ape=0.5539
[17:56:14] warmStart (decay=exponential) 85% (895/1043) regret=0.102197 ape=0.5539
[17:56:14] warmStart (decay=exponential) 85% (896/1043) regret=0.102197 ape=0.5539
[17:56:14] warmStart (decay=exponential) 86% (897/1043) regret=0.102197 ape=0.5539
[17:56:14] warmStart (decay=exponential) 86% (898/1043) regret=0.102197 ape=0.5539
[17:56:15] warmStart (decay=exponential) 86% (899/1043) regret=0.102197 ape=0.5539
[17:56:15] warmStart (decay=exponential) 86% (900/1043) regret=0.102197 ape=0.5539
[17:56:15] warmStart (decay=exponential) 86% (901/1043) regret=0.102197 ape=0.5539
[17:56:15] warmStart (decay=exponential) 86% (902/1043) regret=0.102197 ape=0.5539
[17:56:15] warmStart (decay=exponential) 86% (903/1043) regret=0.102197 ape=0.5539
[17:56:16] warmStart (decay=exponential) 86% (904/1043) regret=0.102197 ape=0.5539
[17:56:16] warmStart (decay=exponential) 86% (905/1043) regret=0.102197 ape=0.5539
[17:56:16] warmStart (decay=exponential) 86% (906/1043) regret=0.102197 ape=0.5539
[17:56:16] warmStart (decay=exponential) 86% (907/1043) regret=0.102197 ape=0.5539
[17:56:17] warmStart (decay=exponential) 87% (908/1043) regret=0.102197 ape=0.5539
[17:56:17] warmStart (decay=exponential) 87% (909/1043) regret=0.102197 ape=0.5539
[17:56:17] warmStart (decay=exponential) 87% (910/1043) regret=0.102197 ape=0.5539
[17:56:17] warmStart (decay=exponential) 87% (911/1043) regret=0.102197 ape=0.5539
[17:56:18] warmStart (decay=exponential) 87% (912/1043) regret=0.102197 ape=0.5539
[17:56:18] warmStart (decay=exponential) 87% (913/1043) regret=0.102197 ape=0.5539
[17:56:18] warmStart (decay=exponential) 87% (914/1043) regret=0.102197 ape=0.5539
[17:56:18] warmStart (decay=exponential) 87% (915/1043) regret=0.102197 ape=0.5539
[17:56:19] warmStart (decay=exponential) 87% (916/1043) regret=0.102197 ape=0.5539
[17:56:19] warmStart (decay=exponential) 87% (917/1043) regret=0.102197 ape=0.5539
[17:56:19] warmStart (decay=exponential) 88% (918/1043) regret=0.102197 ape=0.5539
[17:56:19] warmStart (decay=exponential) 88% (919/1043) regret=0.102197 ape=0.5539
[17:56:19] warmStart (decay=exponential) 88% (920/1043) regret=0.102197 ape=0.5539
[17:56:20] warmStart (decay=exponential) 88% (921/1043) regret=0.102197 ape=0.5539
[17:56:20] warmStart (decay=exponential) 88% (922/1043) regret=0.102197 ape=0.5539
[17:56:20] warmStart (decay=exponential) 88% (923/1043) regret=0.102197 ape=0.5539
[17:56:20] warmStart (decay=exponential) 88% (924/1043) regret=0.102197 ape=0.5539
[17:56:21] warmStart (decay=exponential) 88% (925/1043) regret=0.102197 ape=0.5539
[17:56:21] warmStart (decay=exponential) 88% (926/1043) regret=0.102197 ape=0.5539
[17:56:21] warmStart (decay=exponential) 88% (927/1043) regret=0.102160 ape=0.5530
[17:56:21] warmStart (decay=exponential) 88% (928/1043) regret=0.102160 ape=0.5530
[17:56:21] warmStart (decay=exponential) 89% (929/1043) regret=0.102160 ape=0.5530
[17:56:22] warmStart (decay=exponential) 89% (930/1043) regret=0.102160 ape=0.5530
[17:56:22] warmStart (decay=exponential) 89% (931/1043) regret=0.102160 ape=0.5530
[17:56:22] warmStart (decay=exponential) 89% (932/1043) regret=0.102160 ape=0.5530
[17:56:22] warmStart (decay=exponential) 89% (933/1043) regret=0.102160 ape=0.5530
[17:56:23] warmStart (decay=exponential) 89% (934/1043) regret=0.102160 ape=0.5530
[17:56:23] warmStart (decay=exponential) 89% (935/1043) regret=0.102160 ape=0.5530
[17:56:23] warmStart (decay=exponential) 89% (936/1043) regret=0.102160 ape=0.5530
[17:56:23] warmStart (decay=exponential) 89% (937/1043) regret=0.102160 ape=0.5530
[17:56:23] warmStart (decay=exponential) 89% (938/1043) regret=0.102160 ape=0.5530
[17:56:24] warmStart (decay=exponential) 90% (939/1043) regret=0.102160 ape=0.5530
[17:56:24] warmStart (decay=exponential) 90% (940/1043) regret=0.102160 ape=0.5530
[17:56:24] warmStart (decay=exponential) 90% (941/1043) regret=0.102160 ape=0.5530
[17:56:24] warmStart (decay=exponential) 90% (942/1043) regret=0.102160 ape=0.5530
[17:56:25] warmStart (decay=exponential) 90% (943/1043) regret=0.102160 ape=0.5530
[17:56:25] warmStart (decay=exponential) 90% (944/1043) regret=0.102160 ape=0.5530
[17:56:25] warmStart (decay=exponential) 90% (945/1043) regret=0.102160 ape=0.5530
[17:56:25] warmStart (decay=exponential) 90% (946/1043) regret=0.102160 ape=0.5530
[17:56:25] warmStart (decay=exponential) 90% (947/1043) regret=0.102160 ape=0.5530
[17:56:26] warmStart (decay=exponential) 90% (948/1043) regret=0.102160 ape=0.5530
[17:56:26] warmStart (decay=exponential) 90% (949/1043) regret=0.102160 ape=0.5530
[17:56:26] warmStart (decay=exponential) 91% (950/1043) regret=0.102160 ape=0.5530
[17:56:26] warmStart (decay=exponential) 91% (951/1043) regret=0.102160 ape=0.5530
[17:56:26] warmStart (decay=exponential) 91% (952/1043) regret=0.102160 ape=0.5530
[17:56:27] warmStart (decay=exponential) 91% (953/1043) regret=0.102068 ape=0.5521
[17:56:27] warmStart (decay=exponential) 91% (954/1043) regret=0.102068 ape=0.5521
[17:56:27] warmStart (decay=exponential) 91% (955/1043) regret=0.102068 ape=0.5521
[17:56:27] warmStart (decay=exponential) 91% (956/1043) regret=0.102068 ape=0.5521
[17:56:27] warmStart (decay=exponential) 91% (957/1043) regret=0.102068 ape=0.5521
[17:56:27] warmStart (decay=exponential) 91% (958/1043) regret=0.102068 ape=0.5521
[17:56:28] warmStart (decay=exponential) 91% (959/1043) regret=0.102068 ape=0.5521
[17:56:28] warmStart (decay=exponential) 92% (960/1043) regret=0.102068 ape=0.5521
[17:56:28] warmStart (decay=exponential) 92% (961/1043) regret=0.102068 ape=0.5521
[17:56:28] warmStart (decay=exponential) 92% (962/1043) regret=0.102068 ape=0.5521
[17:56:28] warmStart (decay=exponential) 92% (963/1043) regret=0.102068 ape=0.5521
[17:56:29] warmStart (decay=exponential) 92% (964/1043) regret=0.102068 ape=0.5521
[17:56:29] warmStart (decay=exponential) 92% (965/1043) regret=0.102068 ape=0.5521
[17:56:29] warmStart (decay=exponential) 92% (966/1043) regret=0.102068 ape=0.5521
[17:56:29] warmStart (decay=exponential) 92% (967/1043) regret=0.102068 ape=0.5521
[17:56:29] warmStart (decay=exponential) 92% (968/1043) regret=0.102068 ape=0.5521
[17:56:29] warmStart (decay=exponential) 92% (969/1043) regret=0.102068 ape=0.5521
[17:56:30] warmStart (decay=exponential) 93% (970/1043) regret=0.102068 ape=0.5521
[17:56:30] warmStart (decay=exponential) 93% (971/1043) regret=0.102068 ape=0.5521
[17:56:30] warmStart (decay=exponential) 93% (972/1043) regret=0.102068 ape=0.5521
[17:56:30] warmStart (decay=exponential) 93% (973/1043) regret=0.102068 ape=0.5521
[17:56:30] warmStart (decay=exponential) 93% (974/1043) regret=0.102068 ape=0.5521
[17:56:30] warmStart (decay=exponential) 93% (975/1043) regret=0.102068 ape=0.5521
[17:56:31] warmStart (decay=exponential) 93% (976/1043) regret=0.102068 ape=0.5521
[17:56:31] warmStart (decay=exponential) 93% (977/1043) regret=0.102068 ape=0.5521
[17:56:31] warmStart (decay=exponential) 93% (978/1043) regret=0.102068 ape=0.5521
[17:56:31] warmStart (decay=exponential) 93% (979/1043) regret=0.102068 ape=0.5521
[17:56:31] warmStart (decay=exponential) 93% (980/1043) regret=0.102068 ape=0.5521
[17:56:32] warmStart (decay=exponential) 94% (981/1043) regret=0.102068 ape=0.5521
[17:56:32] warmStart (decay=exponential) 94% (982/1043) regret=0.102068 ape=0.5521
[17:56:32] warmStart (decay=exponential) 94% (983/1043) regret=0.102068 ape=0.5521
[17:56:32] warmStart (decay=exponential) 94% (984/1043) regret=0.102068 ape=0.5521
[17:56:32] warmStart (decay=exponential) 94% (985/1043) regret=0.102068 ape=0.5521
[17:56:32] warmStart (decay=exponential) 94% (986/1043) regret=0.102068 ape=0.5521
[17:56:33] warmStart (decay=exponential) 94% (987/1043) regret=0.102068 ape=0.5521
[17:56:33] warmStart (decay=exponential) 94% (988/1043) regret=0.102068 ape=0.5521
[17:56:33] warmStart (decay=exponential) 94% (989/1043) regret=0.102068 ape=0.5521
[17:56:33] warmStart (decay=exponential) 94% (990/1043) regret=0.102068 ape=0.5521
[17:56:33] warmStart (decay=exponential) 95% (991/1043) regret=0.102068 ape=0.5521
[17:56:33] warmStart (decay=exponential) 95% (992/1043) regret=0.102068 ape=0.5521
[17:56:33] warmStart (decay=exponential) 95% (993/1043) regret=0.102068 ape=0.5521
[17:56:34] warmStart (decay=exponential) 95% (994/1043) regret=0.102068 ape=0.5521
[17:56:34] warmStart (decay=exponential) 95% (995/1043) regret=0.102068 ape=0.5521
[17:56:34] warmStart (decay=exponential) 95% (996/1043) regret=0.102068 ape=0.5521
[17:56:34] warmStart (decay=exponential) 95% (997/1043) regret=0.102068 ape=0.5521
[17:56:34] warmStart (decay=exponential) 95% (998/1043) regret=0.102068 ape=0.5521
[17:56:34] warmStart (decay=exponential) 95% (999/1043) regret=0.102068 ape=0.5521
[17:56:35] warmStart (decay=exponential) 95% (1000/1043) regret=0.102068 ape=0.5521
[17:56:35] warmStart (decay=exponential) 95% (1001/1043) regret=0.102068 ape=0.5521
[17:56:35] warmStart (decay=exponential) 96% (1002/1043) regret=0.102068 ape=0.5521
[17:56:35] warmStart (decay=exponential) 96% (1003/1043) regret=0.102068 ape=0.5521
[17:56:35] warmStart (decay=exponential) 96% (1004/1043) regret=0.102068 ape=0.5521
[17:56:35] warmStart (decay=exponential) 96% (1005/1043) regret=0.102068 ape=0.5521
[17:56:36] warmStart (decay=exponential) 96% (1006/1043) regret=0.102068 ape=0.5521
[17:56:36] warmStart (decay=exponential) 96% (1007/1043) regret=0.102068 ape=0.5521
[17:56:36] warmStart (decay=exponential) 96% (1008/1043) regret=0.102068 ape=0.5521
[17:56:36] warmStart (decay=exponential) 96% (1009/1043) regret=0.102068 ape=0.5521
[17:56:36] warmStart (decay=exponential) 96% (1010/1043) regret=0.102068 ape=0.5521
[17:56:37] warmStart (decay=exponential) 96% (1011/1043) regret=0.102068 ape=0.5521
[17:56:37] warmStart (decay=exponential) 97% (1012/1043) regret=0.102068 ape=0.5521
[17:56:37] warmStart (decay=exponential) 97% (1013/1043) regret=0.102068 ape=0.5521
[17:56:37] warmStart (decay=exponential) 97% (1014/1043) regret=0.102068 ape=0.5521
[17:56:37] warmStart (decay=exponential) 97% (1015/1043) regret=0.102068 ape=0.5521
[17:56:37] warmStart (decay=exponential) 97% (1016/1043) regret=0.102068 ape=0.5521
[17:56:38] warmStart (decay=exponential) 97% (1017/1043) regret=0.102068 ape=0.5521
[17:56:38] warmStart (decay=exponential) 97% (1018/1043) regret=0.102068 ape=0.5521
[17:56:38] warmStart (decay=exponential) 97% (1019/1043) regret=0.102068 ape=0.5521
[17:56:38] warmStart (decay=exponential) 97% (1020/1043) regret=0.102068 ape=0.5521
[17:56:38] warmStart (decay=exponential) 97% (1021/1043) regret=0.102068 ape=0.5521
[17:56:38] warmStart (decay=exponential) 97% (1022/1043) regret=0.102068 ape=0.5521
[17:56:39] warmStart (decay=exponential) 98% (1023/1043) regret=0.102068 ape=0.5521
[17:56:39] warmStart (decay=exponential) 98% (1024/1043) regret=0.102068 ape=0.5521
[17:56:39] warmStart (decay=exponential) 98% (1025/1043) regret=0.102068 ape=0.5521
[17:56:39] warmStart (decay=exponential) 98% (1026/1043) regret=0.102068 ape=0.5521
[17:56:39] warmStart (decay=exponential) 98% (1027/1043) regret=0.102068 ape=0.5521
[17:56:39] warmStart (decay=exponential) 98% (1028/1043) regret=0.102068 ape=0.5521
[17:56:40] warmStart (decay=exponential) 98% (1029/1043) regret=0.102068 ape=0.5521
[17:56:40] warmStart (decay=exponential) 98% (1030/1043) regret=0.102068 ape=0.5521
[17:56:40] warmStart (decay=exponential) 98% (1031/1043) regret=0.102068 ape=0.5521
[17:56:40] warmStart (decay=exponential) 98% (1032/1043) regret=0.102068 ape=0.5521
[17:56:40] warmStart (decay=exponential) 99% (1033/1043) regret=0.102068 ape=0.5521
[17:56:40] warmStart (decay=exponential) 99% (1034/1043) regret=0.102068 ape=0.5521
[17:56:41] warmStart (decay=exponential) 99% (1035/1043) regret=0.102068 ape=0.5521
[17:56:41] warmStart (decay=exponential) 99% (1036/1043) regret=0.102068 ape=0.5521
[17:56:41] warmStart (decay=exponential) 99% (1037/1043) regret=0.102068 ape=0.5521
[17:56:41] warmStart (decay=exponential) 99% (1038/1043) regret=0.102068 ape=0.5521
[17:56:41] warmStart (decay=exponential) 99% (1039/1043) regret=0.102068 ape=0.5521
[17:56:42] warmStart (decay=exponential) 99% (1040/1043) regret=0.102068 ape=0.5521
[17:56:42] warmStart (decay=exponential) 99% (1041/1043) regret=0.102068 ape=0.5521
[17:56:42] warmStart (decay=exponential) 99% (1042/1043) regret=0.102068 ape=0.5521
Warm w=200 finished: 1042 points, 230.45s wall time
  Final: regret=0.102068, ape=0.5521

Saved: /home/users/g/s/gsavary/LudiiMCTSVariations/slurm_sweep_full_dataset/output_decay/warm_200_decay_exponential_0_15/seed_3/sweep_decay_warm_200_exponential_0.15_3_20260426_175642.json

Generating plots...
Saved: /home/users/g/s/gsavary/LudiiMCTSVariations/slurm_sweep_full_dataset/output_decay/warm_200_decay_exponential_0_15/seed_3/sweep_decay_warm_200_exponential_0.15_3_20260426_175642_regret.png
Saved: /home/users/g/s/gsavary/LudiiMCTSVariations/slurm_sweep_full_dataset/output_decay/warm_200_decay_exponential_0_15/seed_3/sweep_decay_warm_200_exponential_0.15_3_20260426_175642_ape.png

================================================================================
Experiment complete!
================================================================================
Done. Results in: /home/users/g/s/gsavary/LudiiMCTSVariations/slurm_sweep_full_dataset/output_decay/warm_200_decay_exponential_0_15/seed_3
