============================================================
Decay sweep experiment
Method:      warm:200
Decay mode:  exponential
Decay param: 0.20
Seed:        0
Output:      /home/users/g/s/gsavary/LudiiMCTSVariations/slurm_sweep_full_dataset/output_decay/warm_200_decay_exponential_0_20/seed_0
============================================================

================================================================================
SLURM Sweep Experiment with Synthetic Data Decay
================================================================================
Method: warm:200
Decay: exponential (param=0.2)
Time limit: 3600.0s, Seed: 0, Batch size: 20
Output directory: /home/users/g/s/gsavary/LudiiMCTSVariations/slurm_sweep_full_dataset/output_decay/warm_200_decay_exponential_0_20/seed_0

Loading Ludii dataset...
Loaded 1085 games
Using 1085 games (full dataset)

Running timing probe (100 pulls)...
  Estimated secs/pull: 0.028844

Time budget: 3600.0s → ~124809 total pulls
Per-method budget: 17829 pulls (~514.3s)

Computing predictor-only performance...
  Predictions loaded: 23675 agent predictions
  Predictor-only: regret=0.104318, ape=0.4894

Running WARM-START (w=200, decay=exponential param=0.2)...
[17:53:29] warmStart (decay=exponential) 0% (1/892) regret=0.103143 ape=0.5594
[17:53:29] warmStart (decay=exponential) 0% (2/892) regret=0.103143 ape=0.5594
[17:53:30] warmStart (decay=exponential) 0% (3/892) regret=0.103143 ape=0.5594
[17:53:30] warmStart (decay=exponential) 0% (4/892) regret=0.103143 ape=0.5594
[17:53:30] warmStart (decay=exponential) 0% (5/892) regret=0.103143 ape=0.5594
[17:53:31] warmStart (decay=exponential) 0% (6/892) regret=0.103143 ape=0.5594
[17:53:31] warmStart (decay=exponential) 0% (7/892) regret=0.103143 ape=0.5594
[17:53:31] warmStart (decay=exponential) 0% (8/892) regret=0.103143 ape=0.5594
[17:53:32] warmStart (decay=exponential) 1% (9/892) regret=0.103143 ape=0.5594
[17:53:32] warmStart (decay=exponential) 1% (10/892) regret=0.103143 ape=0.5594
[17:53:32] warmStart (decay=exponential) 1% (11/892) regret=0.103143 ape=0.5594
[17:53:32] warmStart (decay=exponential) 1% (12/892) regret=0.103143 ape=0.5594
[17:53:33] warmStart (decay=exponential) 1% (13/892) regret=0.103143 ape=0.5594
[17:53:33] warmStart (decay=exponential) 1% (14/892) regret=0.103009 ape=0.5585
[17:53:33] warmStart (decay=exponential) 1% (15/892) regret=0.103009 ape=0.5585
[17:53:34] warmStart (decay=exponential) 1% (16/892) regret=0.103009 ape=0.5585
[17:53:34] warmStart (decay=exponential) 1% (17/892) regret=0.103009 ape=0.5585
[17:53:34] warmStart (decay=exponential) 2% (18/892) regret=0.103009 ape=0.5585
[17:53:35] warmStart (decay=exponential) 2% (19/892) regret=0.103009 ape=0.5585
[17:53:35] warmStart (decay=exponential) 2% (20/892) regret=0.103009 ape=0.5585
[17:53:35] warmStart (decay=exponential) 2% (21/892) regret=0.103009 ape=0.5585
[17:53:35] warmStart (decay=exponential) 2% (22/892) regret=0.103009 ape=0.5585
[17:53:36] warmStart (decay=exponential) 2% (23/892) regret=0.103009 ape=0.5585
[17:53:36] warmStart (decay=exponential) 2% (24/892) regret=0.103235 ape=0.5594
[17:53:36] warmStart (decay=exponential) 2% (25/892) regret=0.103235 ape=0.5594
[17:53:37] warmStart (decay=exponential) 2% (26/892) regret=0.103180 ape=0.5594
[17:53:37] warmStart (decay=exponential) 3% (27/892) regret=0.103180 ape=0.5594
[17:53:37] warmStart (decay=exponential) 3% (28/892) regret=0.103111 ape=0.5594
[17:53:38] warmStart (decay=exponential) 3% (29/892) regret=0.103111 ape=0.5594
[17:53:38] warmStart (decay=exponential) 3% (30/892) regret=0.103111 ape=0.5594
[17:53:38] warmStart (decay=exponential) 3% (31/892) regret=0.103111 ape=0.5594
[17:53:39] warmStart (decay=exponential) 3% (32/892) regret=0.103111 ape=0.5594
[17:53:39] warmStart (decay=exponential) 3% (33/892) regret=0.103111 ape=0.5594
[17:53:39] warmStart (decay=exponential) 3% (34/892) regret=0.103111 ape=0.5594
[17:53:40] warmStart (decay=exponential) 3% (35/892) regret=0.103111 ape=0.5594
[17:53:40] warmStart (decay=exponential) 4% (36/892) regret=0.103111 ape=0.5594
[17:53:40] warmStart (decay=exponential) 4% (37/892) regret=0.103111 ape=0.5594
[17:53:41] warmStart (decay=exponential) 4% (38/892) regret=0.103111 ape=0.5594
[17:53:41] warmStart (decay=exponential) 4% (39/892) regret=0.103111 ape=0.5594
[17:53:41] warmStart (decay=exponential) 4% (40/892) regret=0.103014 ape=0.5594
[17:53:42] warmStart (decay=exponential) 4% (41/892) regret=0.103014 ape=0.5594
[17:53:42] warmStart (decay=exponential) 4% (42/892) regret=0.103014 ape=0.5594
[17:53:42] warmStart (decay=exponential) 4% (43/892) regret=0.103014 ape=0.5594
[17:53:43] warmStart (decay=exponential) 4% (44/892) regret=0.103014 ape=0.5594
[17:53:43] warmStart (decay=exponential) 5% (45/892) regret=0.103014 ape=0.5594
[17:53:43] warmStart (decay=exponential) 5% (46/892) regret=0.103014 ape=0.5594
[17:53:44] warmStart (decay=exponential) 5% (47/892) regret=0.103014 ape=0.5594
[17:53:44] warmStart (decay=exponential) 5% (48/892) regret=0.103014 ape=0.5594
[17:53:44] warmStart (decay=exponential) 5% (49/892) regret=0.103014 ape=0.5594
[17:53:45] warmStart (decay=exponential) 5% (50/892) regret=0.103014 ape=0.5594
[17:53:45] warmStart (decay=exponential) 5% (51/892) regret=0.103014 ape=0.5594
[17:53:45] warmStart (decay=exponential) 5% (52/892) regret=0.103014 ape=0.5594
[17:53:46] warmStart (decay=exponential) 5% (53/892) regret=0.103014 ape=0.5594
[17:53:46] warmStart (decay=exponential) 6% (54/892) regret=0.103014 ape=0.5594
[17:53:46] warmStart (decay=exponential) 6% (55/892) regret=0.103014 ape=0.5594
[17:53:47] warmStart (decay=exponential) 6% (56/892) regret=0.103014 ape=0.5594
[17:53:47] warmStart (decay=exponential) 6% (57/892) regret=0.103014 ape=0.5594
[17:53:47] warmStart (decay=exponential) 6% (58/892) regret=0.103014 ape=0.5594
[17:53:48] warmStart (decay=exponential) 6% (59/892) regret=0.103014 ape=0.5594
[17:53:48] warmStart (decay=exponential) 6% (60/892) regret=0.103014 ape=0.5594
[17:53:48] warmStart (decay=exponential) 6% (61/892) regret=0.103014 ape=0.5594
[17:53:49] warmStart (decay=exponential) 6% (62/892) regret=0.103014 ape=0.5594
[17:53:49] warmStart (decay=exponential) 7% (63/892) regret=0.103014 ape=0.5594
[17:53:49] warmStart (decay=exponential) 7% (64/892) regret=0.103014 ape=0.5594
[17:53:50] warmStart (decay=exponential) 7% (65/892) regret=0.103014 ape=0.5594
[17:53:50] warmStart (decay=exponential) 7% (66/892) regret=0.103014 ape=0.5594
[17:53:50] warmStart (decay=exponential) 7% (67/892) regret=0.103014 ape=0.5594
[17:53:50] warmStart (decay=exponential) 7% (68/892) regret=0.103014 ape=0.5594
[17:53:51] warmStart (decay=exponential) 7% (69/892) regret=0.103014 ape=0.5594
[17:53:51] warmStart (decay=exponential) 7% (70/892) regret=0.103014 ape=0.5594
[17:53:51] warmStart (decay=exponential) 7% (71/892) regret=0.103014 ape=0.5594
[17:53:52] warmStart (decay=exponential) 8% (72/892) regret=0.103014 ape=0.5594
[17:53:52] warmStart (decay=exponential) 8% (73/892) regret=0.103014 ape=0.5594
[17:53:52] warmStart (decay=exponential) 8% (74/892) regret=0.103014 ape=0.5594
[17:53:53] warmStart (decay=exponential) 8% (75/892) regret=0.103014 ape=0.5594
[17:53:53] warmStart (decay=exponential) 8% (76/892) regret=0.103014 ape=0.5594
[17:53:53] warmStart (decay=exponential) 8% (77/892) regret=0.103014 ape=0.5594
[17:53:53] warmStart (decay=exponential) 8% (78/892) regret=0.103014 ape=0.5594
[17:53:54] warmStart (decay=exponential) 8% (79/892) regret=0.103014 ape=0.5594
[17:53:54] warmStart (decay=exponential) 8% (80/892) regret=0.103014 ape=0.5594
[17:53:54] warmStart (decay=exponential) 9% (81/892) regret=0.103014 ape=0.5594
[17:53:55] warmStart (decay=exponential) 9% (82/892) regret=0.103014 ape=0.5594
[17:53:55] warmStart (decay=exponential) 9% (83/892) regret=0.103014 ape=0.5594
[17:53:55] warmStart (decay=exponential) 9% (84/892) regret=0.103014 ape=0.5594
[17:53:55] warmStart (decay=exponential) 9% (85/892) regret=0.103014 ape=0.5594
[17:53:56] warmStart (decay=exponential) 9% (86/892) regret=0.103014 ape=0.5594
[17:53:56] warmStart (decay=exponential) 9% (87/892) regret=0.103014 ape=0.5594
[17:53:56] warmStart (decay=exponential) 9% (88/892) regret=0.103014 ape=0.5594
[17:53:56] warmStart (decay=exponential) 9% (89/892) regret=0.103014 ape=0.5594
[17:53:57] warmStart (decay=exponential) 10% (90/892) regret=0.103014 ape=0.5594
[17:53:57] warmStart (decay=exponential) 10% (91/892) regret=0.103014 ape=0.5594
[17:53:57] warmStart (decay=exponential) 10% (92/892) regret=0.103014 ape=0.5594
[17:53:57] warmStart (decay=exponential) 10% (93/892) regret=0.103014 ape=0.5594
[17:53:58] warmStart (decay=exponential) 10% (94/892) regret=0.103014 ape=0.5594
[17:53:58] warmStart (decay=exponential) 10% (95/892) regret=0.103014 ape=0.5594
[17:53:58] warmStart (decay=exponential) 10% (96/892) regret=0.103014 ape=0.5594
[17:53:58] warmStart (decay=exponential) 10% (97/892) regret=0.103014 ape=0.5594
[17:53:59] warmStart (decay=exponential) 10% (98/892) regret=0.103014 ape=0.5594
[17:53:59] warmStart (decay=exponential) 11% (99/892) regret=0.103014 ape=0.5594
[17:53:59] warmStart (decay=exponential) 11% (100/892) regret=0.103014 ape=0.5594
[17:53:59] warmStart (decay=exponential) 11% (101/892) regret=0.103014 ape=0.5594
[17:54:00] warmStart (decay=exponential) 11% (102/892) regret=0.103014 ape=0.5594
[17:54:00] warmStart (decay=exponential) 11% (103/892) regret=0.103014 ape=0.5594
[17:54:00] warmStart (decay=exponential) 11% (104/892) regret=0.103014 ape=0.5594
[17:54:00] warmStart (decay=exponential) 11% (105/892) regret=0.103014 ape=0.5594
[17:54:00] warmStart (decay=exponential) 11% (106/892) regret=0.103014 ape=0.5594
[17:54:01] warmStart (decay=exponential) 11% (107/892) regret=0.103014 ape=0.5594
[17:54:01] warmStart (decay=exponential) 12% (108/892) regret=0.103014 ape=0.5594
[17:54:01] warmStart (decay=exponential) 12% (109/892) regret=0.103014 ape=0.5594
[17:54:01] warmStart (decay=exponential) 12% (110/892) regret=0.103014 ape=0.5594
[17:54:02] warmStart (decay=exponential) 12% (111/892) regret=0.103014 ape=0.5594
[17:54:02] warmStart (decay=exponential) 12% (112/892) regret=0.103014 ape=0.5594
[17:54:02] warmStart (decay=exponential) 12% (113/892) regret=0.103014 ape=0.5594
[17:54:02] warmStart (decay=exponential) 12% (114/892) regret=0.103014 ape=0.5594
[17:54:02] warmStart (decay=exponential) 12% (115/892) regret=0.103014 ape=0.5594
[17:54:03] warmStart (decay=exponential) 13% (116/892) regret=0.103014 ape=0.5594
[17:54:03] warmStart (decay=exponential) 13% (117/892) regret=0.103014 ape=0.5594
[17:54:03] warmStart (decay=exponential) 13% (118/892) regret=0.103014 ape=0.5594
[17:54:03] warmStart (decay=exponential) 13% (119/892) regret=0.103014 ape=0.5594
[17:54:03] warmStart (decay=exponential) 13% (120/892) regret=0.103014 ape=0.5594
[17:54:04] warmStart (decay=exponential) 13% (121/892) regret=0.103014 ape=0.5594
[17:54:04] warmStart (decay=exponential) 13% (122/892) regret=0.103014 ape=0.5594
[17:54:04] warmStart (decay=exponential) 13% (123/892) regret=0.103014 ape=0.5594
[17:54:04] warmStart (decay=exponential) 13% (124/892) regret=0.103014 ape=0.5594
[17:54:04] warmStart (decay=exponential) 14% (125/892) regret=0.103014 ape=0.5594
[17:54:05] warmStart (decay=exponential) 14% (126/892) regret=0.103014 ape=0.5594
[17:54:05] warmStart (decay=exponential) 14% (127/892) regret=0.103014 ape=0.5594
[17:54:05] warmStart (decay=exponential) 14% (128/892) regret=0.103014 ape=0.5594
[17:54:05] warmStart (decay=exponential) 14% (129/892) regret=0.103014 ape=0.5594
[17:54:05] warmStart (decay=exponential) 14% (130/892) regret=0.103014 ape=0.5594
[17:54:06] warmStart (decay=exponential) 14% (131/892) regret=0.103014 ape=0.5594
[17:54:06] warmStart (decay=exponential) 14% (132/892) regret=0.103014 ape=0.5594
[17:54:06] warmStart (decay=exponential) 14% (133/892) regret=0.103014 ape=0.5594
[17:54:06] warmStart (decay=exponential) 15% (134/892) regret=0.103014 ape=0.5594
[17:54:07] warmStart (decay=exponential) 15% (135/892) regret=0.103014 ape=0.5594
[17:54:07] warmStart (decay=exponential) 15% (136/892) regret=0.103014 ape=0.5594
[17:54:07] warmStart (decay=exponential) 15% (137/892) regret=0.103014 ape=0.5594
[17:54:07] warmStart (decay=exponential) 15% (138/892) regret=0.103014 ape=0.5594
[17:54:07] warmStart (decay=exponential) 15% (139/892) regret=0.103014 ape=0.5594
[17:54:08] warmStart (decay=exponential) 15% (140/892) regret=0.103014 ape=0.5594
[17:54:08] warmStart (decay=exponential) 15% (141/892) regret=0.103014 ape=0.5594
[17:54:08] warmStart (decay=exponential) 15% (142/892) regret=0.103014 ape=0.5594
[17:54:08] warmStart (decay=exponential) 16% (143/892) regret=0.103014 ape=0.5594
[17:54:08] warmStart (decay=exponential) 16% (144/892) regret=0.103014 ape=0.5594
[17:54:09] warmStart (decay=exponential) 16% (145/892) regret=0.103014 ape=0.5594
[17:54:09] warmStart (decay=exponential) 16% (146/892) regret=0.103014 ape=0.5594
[17:54:09] warmStart (decay=exponential) 16% (147/892) regret=0.103014 ape=0.5594
[17:54:09] warmStart (decay=exponential) 16% (148/892) regret=0.103014 ape=0.5594
[17:54:10] warmStart (decay=exponential) 16% (149/892) regret=0.103014 ape=0.5594
[17:54:10] warmStart (decay=exponential) 16% (150/892) regret=0.103014 ape=0.5594
[17:54:10] warmStart (decay=exponential) 16% (151/892) regret=0.103014 ape=0.5594
[17:54:10] warmStart (decay=exponential) 17% (152/892) regret=0.103014 ape=0.5594
[17:54:10] warmStart (decay=exponential) 17% (153/892) regret=0.103014 ape=0.5594
[17:54:11] warmStart (decay=exponential) 17% (154/892) regret=0.103014 ape=0.5594
[17:54:11] warmStart (decay=exponential) 17% (155/892) regret=0.103014 ape=0.5594
[17:54:11] warmStart (decay=exponential) 17% (156/892) regret=0.103014 ape=0.5594
[17:54:11] warmStart (decay=exponential) 17% (157/892) regret=0.103014 ape=0.5594
[17:54:11] warmStart (decay=exponential) 17% (158/892) regret=0.103014 ape=0.5594
[17:54:12] warmStart (decay=exponential) 17% (159/892) regret=0.103014 ape=0.5594
[17:54:12] warmStart (decay=exponential) 17% (160/892) regret=0.103014 ape=0.5594
[17:54:12] warmStart (decay=exponential) 18% (161/892) regret=0.103014 ape=0.5594
[17:54:12] warmStart (decay=exponential) 18% (162/892) regret=0.103014 ape=0.5594
[17:54:12] warmStart (decay=exponential) 18% (163/892) regret=0.103014 ape=0.5594
[17:54:13] warmStart (decay=exponential) 18% (164/892) regret=0.103014 ape=0.5594
[17:54:13] warmStart (decay=exponential) 18% (165/892) regret=0.103014 ape=0.5594
[17:54:13] warmStart (decay=exponential) 18% (166/892) regret=0.103014 ape=0.5594
[17:54:13] warmStart (decay=exponential) 18% (167/892) regret=0.103014 ape=0.5594
[17:54:13] warmStart (decay=exponential) 18% (168/892) regret=0.103014 ape=0.5594
[17:54:13] warmStart (decay=exponential) 18% (169/892) regret=0.103014 ape=0.5594
[17:54:14] warmStart (decay=exponential) 19% (170/892) regret=0.103014 ape=0.5594
[17:54:14] warmStart (decay=exponential) 19% (171/892) regret=0.103014 ape=0.5594
[17:54:14] warmStart (decay=exponential) 19% (172/892) regret=0.103014 ape=0.5594
[17:54:14] warmStart (decay=exponential) 19% (173/892) regret=0.103014 ape=0.5594
[17:54:15] warmStart (decay=exponential) 19% (174/892) regret=0.103014 ape=0.5594
[17:54:15] warmStart (decay=exponential) 19% (175/892) regret=0.103014 ape=0.5594
[17:54:15] warmStart (decay=exponential) 19% (176/892) regret=0.103014 ape=0.5594
[17:54:15] warmStart (decay=exponential) 19% (177/892) regret=0.103014 ape=0.5594
[17:54:16] warmStart (decay=exponential) 19% (178/892) regret=0.103014 ape=0.5594
[17:54:16] warmStart (decay=exponential) 20% (179/892) regret=0.103014 ape=0.5594
[17:54:16] warmStart (decay=exponential) 20% (180/892) regret=0.103014 ape=0.5594
[17:54:16] warmStart (decay=exponential) 20% (181/892) regret=0.103014 ape=0.5594
[17:54:16] warmStart (decay=exponential) 20% (182/892) regret=0.103014 ape=0.5594
[17:54:17] warmStart (decay=exponential) 20% (183/892) regret=0.103014 ape=0.5594
[17:54:17] warmStart (decay=exponential) 20% (184/892) regret=0.103014 ape=0.5594
[17:54:17] warmStart (decay=exponential) 20% (185/892) regret=0.103014 ape=0.5594
[17:54:17] warmStart (decay=exponential) 20% (186/892) regret=0.103014 ape=0.5594
[17:54:18] warmStart (decay=exponential) 20% (187/892) regret=0.103014 ape=0.5594
[17:54:18] warmStart (decay=exponential) 21% (188/892) regret=0.103014 ape=0.5594
[17:54:18] warmStart (decay=exponential) 21% (189/892) regret=0.103014 ape=0.5594
[17:54:18] warmStart (decay=exponential) 21% (190/892) regret=0.103014 ape=0.5594
[17:54:19] warmStart (decay=exponential) 21% (191/892) regret=0.103014 ape=0.5594
[17:54:19] warmStart (decay=exponential) 21% (192/892) regret=0.103014 ape=0.5594
[17:54:19] warmStart (decay=exponential) 21% (193/892) regret=0.103014 ape=0.5594
[17:54:19] warmStart (decay=exponential) 21% (194/892) regret=0.103014 ape=0.5594
[17:54:20] warmStart (decay=exponential) 21% (195/892) regret=0.103014 ape=0.5594
[17:54:20] warmStart (decay=exponential) 21% (196/892) regret=0.103014 ape=0.5594
[17:54:20] warmStart (decay=exponential) 22% (197/892) regret=0.103014 ape=0.5594
[17:54:21] warmStart (decay=exponential) 22% (198/892) regret=0.103014 ape=0.5594
[17:54:21] warmStart (decay=exponential) 22% (199/892) regret=0.103014 ape=0.5594
[17:54:21] warmStart (decay=exponential) 22% (200/892) regret=0.103014 ape=0.5594
[17:54:22] warmStart (decay=exponential) 22% (201/892) regret=0.103014 ape=0.5594
[17:54:22] warmStart (decay=exponential) 22% (202/892) regret=0.103014 ape=0.5594
[17:54:22] warmStart (decay=exponential) 22% (203/892) regret=0.103014 ape=0.5594
[17:54:22] warmStart (decay=exponential) 22% (204/892) regret=0.103014 ape=0.5594
[17:54:23] warmStart (decay=exponential) 22% (205/892) regret=0.103014 ape=0.5594
[17:54:23] warmStart (decay=exponential) 23% (206/892) regret=0.103014 ape=0.5594
[17:54:23] warmStart (decay=exponential) 23% (207/892) regret=0.103014 ape=0.5594
[17:54:24] warmStart (decay=exponential) 23% (208/892) regret=0.103014 ape=0.5594
[17:54:24] warmStart (decay=exponential) 23% (209/892) regret=0.103014 ape=0.5594
[17:54:24] warmStart (decay=exponential) 23% (210/892) regret=0.103014 ape=0.5594
[17:54:25] warmStart (decay=exponential) 23% (211/892) regret=0.103014 ape=0.5594
[17:54:25] warmStart (decay=exponential) 23% (212/892) regret=0.103014 ape=0.5594
[17:54:25] warmStart (decay=exponential) 23% (213/892) regret=0.103014 ape=0.5594
[17:54:25] warmStart (decay=exponential) 23% (214/892) regret=0.103014 ape=0.5594
[17:54:26] warmStart (decay=exponential) 24% (215/892) regret=0.103014 ape=0.5594
[17:54:26] warmStart (decay=exponential) 24% (216/892) regret=0.103014 ape=0.5594
[17:54:26] warmStart (decay=exponential) 24% (217/892) regret=0.103014 ape=0.5594
[17:54:27] warmStart (decay=exponential) 24% (218/892) regret=0.103014 ape=0.5594
[17:54:27] warmStart (decay=exponential) 24% (219/892) regret=0.103014 ape=0.5594
[17:54:27] warmStart (decay=exponential) 24% (220/892) regret=0.103014 ape=0.5594
[17:54:27] warmStart (decay=exponential) 24% (221/892) regret=0.103014 ape=0.5594
[17:54:28] warmStart (decay=exponential) 24% (222/892) regret=0.103014 ape=0.5594
[17:54:28] warmStart (decay=exponential) 25% (223/892) regret=0.103014 ape=0.5594
[17:54:28] warmStart (decay=exponential) 25% (224/892) regret=0.103014 ape=0.5594
[17:54:29] warmStart (decay=exponential) 25% (225/892) regret=0.102194 ape=0.5585
[17:54:29] warmStart (decay=exponential) 25% (226/892) regret=0.102194 ape=0.5585
[17:54:29] warmStart (decay=exponential) 25% (227/892) regret=0.102198 ape=0.5585
[17:54:30] warmStart (decay=exponential) 25% (228/892) regret=0.102189 ape=0.5576
[17:54:30] warmStart (decay=exponential) 25% (229/892) regret=0.102194 ape=0.5585
[17:54:30] warmStart (decay=exponential) 25% (230/892) regret=0.102189 ape=0.5576
[17:54:30] warmStart (decay=exponential) 25% (231/892) regret=0.102198 ape=0.5585
[17:54:31] warmStart (decay=exponential) 26% (232/892) regret=0.102194 ape=0.5585
[17:54:31] warmStart (decay=exponential) 26% (233/892) regret=0.102194 ape=0.5585
[17:54:31] warmStart (decay=exponential) 26% (234/892) regret=0.102194 ape=0.5585
[17:54:32] warmStart (decay=exponential) 26% (235/892) regret=0.102194 ape=0.5585
[17:54:32] warmStart (decay=exponential) 26% (236/892) regret=0.102194 ape=0.5585
[17:54:32] warmStart (decay=exponential) 26% (237/892) regret=0.102194 ape=0.5585
[17:54:33] warmStart (decay=exponential) 26% (238/892) regret=0.102194 ape=0.5585
[17:54:33] warmStart (decay=exponential) 26% (239/892) regret=0.102194 ape=0.5585
[17:54:33] warmStart (decay=exponential) 26% (240/892) regret=0.102194 ape=0.5585
[17:54:33] warmStart (decay=exponential) 27% (241/892) regret=0.102194 ape=0.5585
[17:54:34] warmStart (decay=exponential) 27% (242/892) regret=0.102194 ape=0.5585
[17:54:34] warmStart (decay=exponential) 27% (243/892) regret=0.102194 ape=0.5585
[17:54:34] warmStart (decay=exponential) 27% (244/892) regret=0.102194 ape=0.5585
[17:54:35] warmStart (decay=exponential) 27% (245/892) regret=0.102194 ape=0.5585
[17:54:35] warmStart (decay=exponential) 27% (246/892) regret=0.102194 ape=0.5585
[17:54:35] warmStart (decay=exponential) 27% (247/892) regret=0.102194 ape=0.5585
[17:54:35] warmStart (decay=exponential) 27% (248/892) regret=0.102194 ape=0.5585
[17:54:36] warmStart (decay=exponential) 27% (249/892) regret=0.102194 ape=0.5585
[17:54:36] warmStart (decay=exponential) 28% (250/892) regret=0.102194 ape=0.5585
[17:54:36] warmStart (decay=exponential) 28% (251/892) regret=0.102194 ape=0.5585
[17:54:37] warmStart (decay=exponential) 28% (252/892) regret=0.102194 ape=0.5585
[17:54:37] warmStart (decay=exponential) 28% (253/892) regret=0.102194 ape=0.5585
[17:54:37] warmStart (decay=exponential) 28% (254/892) regret=0.102194 ape=0.5585
[17:54:37] warmStart (decay=exponential) 28% (255/892) regret=0.102194 ape=0.5585
[17:54:38] warmStart (decay=exponential) 28% (256/892) regret=0.102194 ape=0.5585
[17:54:38] warmStart (decay=exponential) 28% (257/892) regret=0.102194 ape=0.5585
[17:54:38] warmStart (decay=exponential) 28% (258/892) regret=0.102194 ape=0.5585
[17:54:39] warmStart (decay=exponential) 29% (259/892) regret=0.102189 ape=0.5576
[17:54:39] warmStart (decay=exponential) 29% (260/892) regret=0.102194 ape=0.5585
[17:54:39] warmStart (decay=exponential) 29% (261/892) regret=0.102194 ape=0.5585
[17:54:40] warmStart (decay=exponential) 29% (262/892) regret=0.102194 ape=0.5585
[17:54:40] warmStart (decay=exponential) 29% (263/892) regret=0.102194 ape=0.5585
[17:54:40] warmStart (decay=exponential) 29% (264/892) regret=0.102194 ape=0.5585
[17:54:40] warmStart (decay=exponential) 29% (265/892) regret=0.102194 ape=0.5585
[17:54:41] warmStart (decay=exponential) 29% (266/892) regret=0.102194 ape=0.5585
[17:54:41] warmStart (decay=exponential) 29% (267/892) regret=0.102194 ape=0.5585
[17:54:41] warmStart (decay=exponential) 30% (268/892) regret=0.102194 ape=0.5585
[17:54:42] warmStart (decay=exponential) 30% (269/892) regret=0.102194 ape=0.5585
[17:54:42] warmStart (decay=exponential) 30% (270/892) regret=0.102194 ape=0.5585
[17:54:42] warmStart (decay=exponential) 30% (271/892) regret=0.102194 ape=0.5585
[17:54:43] warmStart (decay=exponential) 30% (272/892) regret=0.102194 ape=0.5585
[17:54:43] warmStart (decay=exponential) 30% (273/892) regret=0.102194 ape=0.5585
[17:54:43] warmStart (decay=exponential) 30% (274/892) regret=0.102194 ape=0.5585
[17:54:43] warmStart (decay=exponential) 30% (275/892) regret=0.102194 ape=0.5585
[17:54:44] warmStart (decay=exponential) 30% (276/892) regret=0.102194 ape=0.5585
[17:54:44] warmStart (decay=exponential) 31% (277/892) regret=0.102189 ape=0.5576
[17:54:44] warmStart (decay=exponential) 31% (278/892) regret=0.102189 ape=0.5576
[17:54:45] warmStart (decay=exponential) 31% (279/892) regret=0.102189 ape=0.5576
[17:54:45] warmStart (decay=exponential) 31% (280/892) regret=0.102189 ape=0.5576
[17:54:45] warmStart (decay=exponential) 31% (281/892) regret=0.102189 ape=0.5576
[17:54:45] warmStart (decay=exponential) 31% (282/892) regret=0.102189 ape=0.5576
[17:54:46] warmStart (decay=exponential) 31% (283/892) regret=0.102189 ape=0.5576
[17:54:46] warmStart (decay=exponential) 31% (284/892) regret=0.102189 ape=0.5576
[17:54:46] warmStart (decay=exponential) 31% (285/892) regret=0.102189 ape=0.5576
[17:54:47] warmStart (decay=exponential) 32% (286/892) regret=0.102189 ape=0.5576
[17:54:47] warmStart (decay=exponential) 32% (287/892) regret=0.102189 ape=0.5576
[17:54:47] warmStart (decay=exponential) 32% (288/892) regret=0.102189 ape=0.5576
[17:54:48] warmStart (decay=exponential) 32% (289/892) regret=0.102189 ape=0.5576
[17:54:48] warmStart (decay=exponential) 32% (290/892) regret=0.102189 ape=0.5576
[17:54:48] warmStart (decay=exponential) 32% (291/892) regret=0.102189 ape=0.5576
[17:54:48] warmStart (decay=exponential) 32% (292/892) regret=0.102189 ape=0.5576
[17:54:49] warmStart (decay=exponential) 32% (293/892) regret=0.102189 ape=0.5576
[17:54:49] warmStart (decay=exponential) 32% (294/892) regret=0.102189 ape=0.5576
[17:54:49] warmStart (decay=exponential) 33% (295/892) regret=0.102189 ape=0.5576
[17:54:50] warmStart (decay=exponential) 33% (296/892) regret=0.102189 ape=0.5576
[17:54:50] warmStart (decay=exponential) 33% (297/892) regret=0.102189 ape=0.5576
[17:54:50] warmStart (decay=exponential) 33% (298/892) regret=0.102189 ape=0.5576
[17:54:51] warmStart (decay=exponential) 33% (299/892) regret=0.102189 ape=0.5576
[17:54:51] warmStart (decay=exponential) 33% (300/892) regret=0.102189 ape=0.5576
[17:54:51] warmStart (decay=exponential) 33% (301/892) regret=0.102189 ape=0.5576
[17:54:51] warmStart (decay=exponential) 33% (302/892) regret=0.102189 ape=0.5576
[17:54:52] warmStart (decay=exponential) 33% (303/892) regret=0.102189 ape=0.5576
[17:54:52] warmStart (decay=exponential) 34% (304/892) regret=0.102189 ape=0.5576
[17:54:52] warmStart (decay=exponential) 34% (305/892) regret=0.102189 ape=0.5576
[17:54:53] warmStart (decay=exponential) 34% (306/892) regret=0.102189 ape=0.5576
[17:54:53] warmStart (decay=exponential) 34% (307/892) regret=0.102189 ape=0.5576
[17:54:53] warmStart (decay=exponential) 34% (308/892) regret=0.102189 ape=0.5576
[17:54:54] warmStart (decay=exponential) 34% (309/892) regret=0.102189 ape=0.5576
[17:54:54] warmStart (decay=exponential) 34% (310/892) regret=0.102189 ape=0.5576
[17:54:54] warmStart (decay=exponential) 34% (311/892) regret=0.102189 ape=0.5576
[17:54:54] warmStart (decay=exponential) 34% (312/892) regret=0.102189 ape=0.5576
[17:54:55] warmStart (decay=exponential) 35% (313/892) regret=0.102189 ape=0.5576
[17:54:55] warmStart (decay=exponential) 35% (314/892) regret=0.102189 ape=0.5576
[17:54:55] warmStart (decay=exponential) 35% (315/892) regret=0.102189 ape=0.5576
[17:54:56] warmStart (decay=exponential) 35% (316/892) regret=0.102189 ape=0.5576
[17:54:56] warmStart (decay=exponential) 35% (317/892) regret=0.102189 ape=0.5576
[17:54:56] warmStart (decay=exponential) 35% (318/892) regret=0.102189 ape=0.5576
[17:54:57] warmStart (decay=exponential) 35% (319/892) regret=0.102189 ape=0.5576
[17:54:57] warmStart (decay=exponential) 35% (320/892) regret=0.102189 ape=0.5576
[17:54:57] warmStart (decay=exponential) 35% (321/892) regret=0.102189 ape=0.5576
[17:54:57] warmStart (decay=exponential) 36% (322/892) regret=0.102189 ape=0.5576
[17:54:58] warmStart (decay=exponential) 36% (323/892) regret=0.102189 ape=0.5576
[17:54:58] warmStart (decay=exponential) 36% (324/892) regret=0.102189 ape=0.5576
[17:54:58] warmStart (decay=exponential) 36% (325/892) regret=0.102189 ape=0.5576
[17:54:59] warmStart (decay=exponential) 36% (326/892) regret=0.102189 ape=0.5576
[17:54:59] warmStart (decay=exponential) 36% (327/892) regret=0.102189 ape=0.5576
[17:54:59] warmStart (decay=exponential) 36% (328/892) regret=0.102189 ape=0.5576
[17:54:59] warmStart (decay=exponential) 36% (329/892) regret=0.102189 ape=0.5576
[17:55:00] warmStart (decay=exponential) 36% (330/892) regret=0.102189 ape=0.5576
[17:55:00] warmStart (decay=exponential) 37% (331/892) regret=0.102189 ape=0.5576
[17:55:00] warmStart (decay=exponential) 37% (332/892) regret=0.102189 ape=0.5576
[17:55:01] warmStart (decay=exponential) 37% (333/892) regret=0.102189 ape=0.5576
[17:55:01] warmStart (decay=exponential) 37% (334/892) regret=0.102189 ape=0.5576
[17:55:01] warmStart (decay=exponential) 37% (335/892) regret=0.102189 ape=0.5576
[17:55:02] warmStart (decay=exponential) 37% (336/892) regret=0.102189 ape=0.5576
[17:55:02] warmStart (decay=exponential) 37% (337/892) regret=0.102189 ape=0.5576
[17:55:02] warmStart (decay=exponential) 37% (338/892) regret=0.102189 ape=0.5576
[17:55:03] warmStart (decay=exponential) 38% (339/892) regret=0.102189 ape=0.5576
[17:55:03] warmStart (decay=exponential) 38% (340/892) regret=0.102189 ape=0.5576
[17:55:03] warmStart (decay=exponential) 38% (341/892) regret=0.102189 ape=0.5576
[17:55:03] warmStart (decay=exponential) 38% (342/892) regret=0.102189 ape=0.5576
[17:55:04] warmStart (decay=exponential) 38% (343/892) regret=0.102189 ape=0.5576
[17:55:04] warmStart (decay=exponential) 38% (344/892) regret=0.102189 ape=0.5576
[17:55:04] warmStart (decay=exponential) 38% (345/892) regret=0.102189 ape=0.5576
[17:55:05] warmStart (decay=exponential) 38% (346/892) regret=0.102189 ape=0.5576
[17:55:05] warmStart (decay=exponential) 38% (347/892) regret=0.102189 ape=0.5576
[17:55:05] warmStart (decay=exponential) 39% (348/892) regret=0.102189 ape=0.5576
[17:55:06] warmStart (decay=exponential) 39% (349/892) regret=0.102189 ape=0.5576
[17:55:06] warmStart (decay=exponential) 39% (350/892) regret=0.102189 ape=0.5576
[17:55:06] warmStart (decay=exponential) 39% (351/892) regret=0.102189 ape=0.5576
[17:55:06] warmStart (decay=exponential) 39% (352/892) regret=0.102189 ape=0.5576
[17:55:07] warmStart (decay=exponential) 39% (353/892) regret=0.102189 ape=0.5576
[17:55:07] warmStart (decay=exponential) 39% (354/892) regret=0.102189 ape=0.5576
[17:55:07] warmStart (decay=exponential) 39% (355/892) regret=0.102189 ape=0.5576
[17:55:08] warmStart (decay=exponential) 39% (356/892) regret=0.102189 ape=0.5576
[17:55:08] warmStart (decay=exponential) 40% (357/892) regret=0.102189 ape=0.5576
[17:55:08] warmStart (decay=exponential) 40% (358/892) regret=0.102189 ape=0.5576
[17:55:09] warmStart (decay=exponential) 40% (359/892) regret=0.102189 ape=0.5576
[17:55:09] warmStart (decay=exponential) 40% (360/892) regret=0.102189 ape=0.5576
[17:55:09] warmStart (decay=exponential) 40% (361/892) regret=0.102189 ape=0.5576
[17:55:09] warmStart (decay=exponential) 40% (362/892) regret=0.102189 ape=0.5576
[17:55:10] warmStart (decay=exponential) 40% (363/892) regret=0.102189 ape=0.5576
[17:55:10] warmStart (decay=exponential) 40% (364/892) regret=0.102189 ape=0.5576
[17:55:10] warmStart (decay=exponential) 40% (365/892) regret=0.102189 ape=0.5576
[17:55:11] warmStart (decay=exponential) 41% (366/892) regret=0.102189 ape=0.5576
[17:55:11] warmStart (decay=exponential) 41% (367/892) regret=0.102189 ape=0.5576
[17:55:11] warmStart (decay=exponential) 41% (368/892) regret=0.102189 ape=0.5576
[17:55:12] warmStart (decay=exponential) 41% (369/892) regret=0.102189 ape=0.5576
[17:55:12] warmStart (decay=exponential) 41% (370/892) regret=0.102189 ape=0.5576
[17:55:12] warmStart (decay=exponential) 41% (371/892) regret=0.102189 ape=0.5576
[17:55:12] warmStart (decay=exponential) 41% (372/892) regret=0.102189 ape=0.5576
[17:55:13] warmStart (decay=exponential) 41% (373/892) regret=0.102189 ape=0.5576
[17:55:13] warmStart (decay=exponential) 41% (374/892) regret=0.102189 ape=0.5576
[17:55:13] warmStart (decay=exponential) 42% (375/892) regret=0.102189 ape=0.5576
[17:55:14] warmStart (decay=exponential) 42% (376/892) regret=0.102189 ape=0.5576
[17:55:14] warmStart (decay=exponential) 42% (377/892) regret=0.102189 ape=0.5576
[17:55:14] warmStart (decay=exponential) 42% (378/892) regret=0.102189 ape=0.5576
[17:55:15] warmStart (decay=exponential) 42% (379/892) regret=0.102189 ape=0.5576
[17:55:15] warmStart (decay=exponential) 42% (380/892) regret=0.102189 ape=0.5576
[17:55:15] warmStart (decay=exponential) 42% (381/892) regret=0.102189 ape=0.5576
[17:55:15] warmStart (decay=exponential) 42% (382/892) regret=0.102189 ape=0.5576
[17:55:16] warmStart (decay=exponential) 42% (383/892) regret=0.102189 ape=0.5576
[17:55:16] warmStart (decay=exponential) 43% (384/892) regret=0.102189 ape=0.5576
[17:55:16] warmStart (decay=exponential) 43% (385/892) regret=0.102189 ape=0.5576
[17:55:17] warmStart (decay=exponential) 43% (386/892) regret=0.102189 ape=0.5576
[17:55:17] warmStart (decay=exponential) 43% (387/892) regret=0.102189 ape=0.5576
[17:55:17] warmStart (decay=exponential) 43% (388/892) regret=0.102189 ape=0.5576
[17:55:18] warmStart (decay=exponential) 43% (389/892) regret=0.102189 ape=0.5576
[17:55:18] warmStart (decay=exponential) 43% (390/892) regret=0.102189 ape=0.5576
[17:55:18] warmStart (decay=exponential) 43% (391/892) regret=0.102189 ape=0.5576
[17:55:19] warmStart (decay=exponential) 43% (392/892) regret=0.102189 ape=0.5576
[17:55:19] warmStart (decay=exponential) 44% (393/892) regret=0.102189 ape=0.5576
[17:55:19] warmStart (decay=exponential) 44% (394/892) regret=0.102189 ape=0.5576
[17:55:19] warmStart (decay=exponential) 44% (395/892) regret=0.102189 ape=0.5576
[17:55:20] warmStart (decay=exponential) 44% (396/892) regret=0.102189 ape=0.5576
[17:55:20] warmStart (decay=exponential) 44% (397/892) regret=0.102189 ape=0.5576
[17:55:20] warmStart (decay=exponential) 44% (398/892) regret=0.102097 ape=0.5567
[17:55:21] warmStart (decay=exponential) 44% (399/892) regret=0.102097 ape=0.5567
[17:55:21] warmStart (decay=exponential) 44% (400/892) regret=0.102189 ape=0.5576
[17:55:21] warmStart (decay=exponential) 44% (401/892) regret=0.102097 ape=0.5567
[17:55:21] warmStart (decay=exponential) 45% (402/892) regret=0.102097 ape=0.5567
[17:55:22] warmStart (decay=exponential) 45% (403/892) regret=0.102226 ape=0.5576
[17:55:22] warmStart (decay=exponential) 45% (404/892) regret=0.102097 ape=0.5567
[17:55:22] warmStart (decay=exponential) 45% (405/892) regret=0.102097 ape=0.5567
[17:55:23] warmStart (decay=exponential) 45% (406/892) regret=0.102097 ape=0.5567
[17:55:23] warmStart (decay=exponential) 45% (407/892) regret=0.102097 ape=0.5567
[17:55:23] warmStart (decay=exponential) 45% (408/892) regret=0.102097 ape=0.5567
[17:55:24] warmStart (decay=exponential) 45% (409/892) regret=0.102097 ape=0.5567
[17:55:24] warmStart (decay=exponential) 45% (410/892) regret=0.102097 ape=0.5567
[17:55:24] warmStart (decay=exponential) 46% (411/892) regret=0.102097 ape=0.5567
[17:55:24] warmStart (decay=exponential) 46% (412/892) regret=0.102097 ape=0.5567
[17:55:25] warmStart (decay=exponential) 46% (413/892) regret=0.102097 ape=0.5567
[17:55:25] warmStart (decay=exponential) 46% (414/892) regret=0.102097 ape=0.5567
[17:55:25] warmStart (decay=exponential) 46% (415/892) regret=0.102097 ape=0.5567
[17:55:26] warmStart (decay=exponential) 46% (416/892) regret=0.102097 ape=0.5567
[17:55:26] warmStart (decay=exponential) 46% (417/892) regret=0.102134 ape=0.5576
[17:55:26] warmStart (decay=exponential) 46% (418/892) regret=0.102097 ape=0.5567
[17:55:27] warmStart (decay=exponential) 46% (419/892) regret=0.102189 ape=0.5576
[17:55:27] warmStart (decay=exponential) 47% (420/892) regret=0.102097 ape=0.5567
[17:55:27] warmStart (decay=exponential) 47% (421/892) regret=0.102097 ape=0.5567
[17:55:27] warmStart (decay=exponential) 47% (422/892) regret=0.102097 ape=0.5567
[17:55:28] warmStart (decay=exponential) 47% (423/892) regret=0.102097 ape=0.5567
[17:55:28] warmStart (decay=exponential) 47% (424/892) regret=0.102097 ape=0.5567
[17:55:28] warmStart (decay=exponential) 47% (425/892) regret=0.102097 ape=0.5567
[17:55:29] warmStart (decay=exponential) 47% (426/892) regret=0.102097 ape=0.5567
[17:55:29] warmStart (decay=exponential) 47% (427/892) regret=0.102097 ape=0.5567
[17:55:29] warmStart (decay=exponential) 47% (428/892) regret=0.102097 ape=0.5567
[17:55:29] warmStart (decay=exponential) 48% (429/892) regret=0.102097 ape=0.5567
[17:55:30] warmStart (decay=exponential) 48% (430/892) regret=0.102134 ape=0.5576
[17:55:30] warmStart (decay=exponential) 48% (431/892) regret=0.102134 ape=0.5576
[17:55:30] warmStart (decay=exponential) 48% (432/892) regret=0.102134 ape=0.5576
[17:55:31] warmStart (decay=exponential) 48% (433/892) regret=0.102134 ape=0.5576
[17:55:31] warmStart (decay=exponential) 48% (434/892) regret=0.102134 ape=0.5576
[17:55:31] warmStart (decay=exponential) 48% (435/892) regret=0.102340 ape=0.5585
[17:55:32] warmStart (decay=exponential) 48% (436/892) regret=0.102134 ape=0.5576
[17:55:32] warmStart (decay=exponential) 48% (437/892) regret=0.102134 ape=0.5576
[17:55:32] warmStart (decay=exponential) 49% (438/892) regret=0.102134 ape=0.5576
[17:55:32] warmStart (decay=exponential) 49% (439/892) regret=0.102134 ape=0.5576
[17:55:33] warmStart (decay=exponential) 49% (440/892) regret=0.102134 ape=0.5576
[17:55:33] warmStart (decay=exponential) 49% (441/892) regret=0.102134 ape=0.5576
[17:55:33] warmStart (decay=exponential) 49% (442/892) regret=0.102134 ape=0.5576
[17:55:34] warmStart (decay=exponential) 49% (443/892) regret=0.102134 ape=0.5576
[17:55:34] warmStart (decay=exponential) 49% (444/892) regret=0.102134 ape=0.5576
[17:55:34] warmStart (decay=exponential) 49% (445/892) regret=0.102134 ape=0.5576
[17:55:34] warmStart (decay=exponential) 50% (446/892) regret=0.102134 ape=0.5576
[17:55:35] warmStart (decay=exponential) 50% (447/892) regret=0.102134 ape=0.5576
[17:55:35] warmStart (decay=exponential) 50% (448/892) regret=0.102134 ape=0.5576
[17:55:35] warmStart (decay=exponential) 50% (449/892) regret=0.102134 ape=0.5576
[17:55:36] warmStart (decay=exponential) 50% (450/892) regret=0.102134 ape=0.5576
[17:55:36] warmStart (decay=exponential) 50% (451/892) regret=0.102134 ape=0.5576
[17:55:36] warmStart (decay=exponential) 50% (452/892) regret=0.102134 ape=0.5576
[17:55:36] warmStart (decay=exponential) 50% (453/892) regret=0.102134 ape=0.5576
[17:55:37] warmStart (decay=exponential) 50% (454/892) regret=0.102134 ape=0.5576
[17:55:37] warmStart (decay=exponential) 51% (455/892) regret=0.102148 ape=0.5585
[17:55:37] warmStart (decay=exponential) 51% (456/892) regret=0.102148 ape=0.5585
[17:55:38] warmStart (decay=exponential) 51% (457/892) regret=0.102148 ape=0.5585
[17:55:38] warmStart (decay=exponential) 51% (458/892) regret=0.102148 ape=0.5585
[17:55:38] warmStart (decay=exponential) 51% (459/892) regret=0.102148 ape=0.5585
[17:55:39] warmStart (decay=exponential) 51% (460/892) regret=0.102134 ape=0.5576
[17:55:39] warmStart (decay=exponential) 51% (461/892) regret=0.102134 ape=0.5576
[17:55:39] warmStart (decay=exponential) 51% (462/892) regret=0.102134 ape=0.5576
[17:55:39] warmStart (decay=exponential) 51% (463/892) regret=0.102134 ape=0.5576
[17:55:40] warmStart (decay=exponential) 52% (464/892) regret=0.102180 ape=0.5585
[17:55:40] warmStart (decay=exponential) 52% (465/892) regret=0.102180 ape=0.5585
[17:55:40] warmStart (decay=exponential) 52% (466/892) regret=0.102184 ape=0.5585
[17:55:41] warmStart (decay=exponential) 52% (467/892) regret=0.102184 ape=0.5585
[17:55:41] warmStart (decay=exponential) 52% (468/892) regret=0.102157 ape=0.5585
[17:55:41] warmStart (decay=exponential) 52% (469/892) regret=0.102157 ape=0.5585
[17:55:41] warmStart (decay=exponential) 52% (470/892) regret=0.102157 ape=0.5585
[17:55:42] warmStart (decay=exponential) 52% (471/892) regret=0.102157 ape=0.5585
[17:55:42] warmStart (decay=exponential) 52% (472/892) regret=0.102157 ape=0.5585
[17:55:42] warmStart (decay=exponential) 53% (473/892) regret=0.102157 ape=0.5585
[17:55:43] warmStart (decay=exponential) 53% (474/892) regret=0.102157 ape=0.5585
[17:55:43] warmStart (decay=exponential) 53% (475/892) regret=0.102157 ape=0.5585
[17:55:43] warmStart (decay=exponential) 53% (476/892) regret=0.102157 ape=0.5585
[17:55:43] warmStart (decay=exponential) 53% (477/892) regret=0.102157 ape=0.5585
[17:55:44] warmStart (decay=exponential) 53% (478/892) regret=0.102138 ape=0.5585
[17:55:44] warmStart (decay=exponential) 53% (479/892) regret=0.102138 ape=0.5585
[17:55:44] warmStart (decay=exponential) 53% (480/892) regret=0.102138 ape=0.5585
[17:55:45] warmStart (decay=exponential) 53% (481/892) regret=0.102138 ape=0.5585
[17:55:45] warmStart (decay=exponential) 54% (482/892) regret=0.102138 ape=0.5585
[17:55:45] warmStart (decay=exponential) 54% (483/892) regret=0.102138 ape=0.5585
[17:55:45] warmStart (decay=exponential) 54% (484/892) regret=0.102138 ape=0.5585
[17:55:46] warmStart (decay=exponential) 54% (485/892) regret=0.102138 ape=0.5585
[17:55:46] warmStart (decay=exponential) 54% (486/892) regret=0.102138 ape=0.5585
[17:55:46] warmStart (decay=exponential) 54% (487/892) regret=0.102138 ape=0.5585
[17:55:47] warmStart (decay=exponential) 54% (488/892) regret=0.102138 ape=0.5585
[17:55:47] warmStart (decay=exponential) 54% (489/892) regret=0.102138 ape=0.5585
[17:55:47] warmStart (decay=exponential) 54% (490/892) regret=0.102138 ape=0.5585
[17:55:47] warmStart (decay=exponential) 55% (491/892) regret=0.102138 ape=0.5585
[17:55:48] warmStart (decay=exponential) 55% (492/892) regret=0.102138 ape=0.5585
[17:55:48] warmStart (decay=exponential) 55% (493/892) regret=0.102138 ape=0.5585
[17:55:48] warmStart (decay=exponential) 55% (494/892) regret=0.102138 ape=0.5585
[17:55:49] warmStart (decay=exponential) 55% (495/892) regret=0.102138 ape=0.5585
[17:55:49] warmStart (decay=exponential) 55% (496/892) regret=0.102138 ape=0.5585
[17:55:49] warmStart (decay=exponential) 55% (497/892) regret=0.102138 ape=0.5585
[17:55:49] warmStart (decay=exponential) 55% (498/892) regret=0.102138 ape=0.5585
[17:55:50] warmStart (decay=exponential) 55% (499/892) regret=0.102138 ape=0.5585
[17:55:50] warmStart (decay=exponential) 56% (500/892) regret=0.102138 ape=0.5585
[17:55:50] warmStart (decay=exponential) 56% (501/892) regret=0.102138 ape=0.5585
[17:55:50] warmStart (decay=exponential) 56% (502/892) regret=0.102138 ape=0.5585
[17:55:51] warmStart (decay=exponential) 56% (503/892) regret=0.102138 ape=0.5585
[17:55:51] warmStart (decay=exponential) 56% (504/892) regret=0.102138 ape=0.5585
[17:55:51] warmStart (decay=exponential) 56% (505/892) regret=0.102138 ape=0.5585
[17:55:51] warmStart (decay=exponential) 56% (506/892) regret=0.102138 ape=0.5585
[17:55:51] warmStart (decay=exponential) 56% (507/892) regret=0.102138 ape=0.5585
[17:55:52] warmStart (decay=exponential) 56% (508/892) regret=0.102138 ape=0.5585
[17:55:52] warmStart (decay=exponential) 57% (509/892) regret=0.102138 ape=0.5585
[17:55:52] warmStart (decay=exponential) 57% (510/892) regret=0.102138 ape=0.5585
[17:55:52] warmStart (decay=exponential) 57% (511/892) regret=0.102138 ape=0.5585
[17:55:53] warmStart (decay=exponential) 57% (512/892) regret=0.102138 ape=0.5585
[17:55:53] warmStart (decay=exponential) 57% (513/892) regret=0.102138 ape=0.5585
[17:55:53] warmStart (decay=exponential) 57% (514/892) regret=0.102138 ape=0.5585
[17:55:53] warmStart (decay=exponential) 57% (515/892) regret=0.102138 ape=0.5585
[17:55:54] warmStart (decay=exponential) 57% (516/892) regret=0.102138 ape=0.5585
[17:55:54] warmStart (decay=exponential) 57% (517/892) regret=0.102138 ape=0.5585
[17:55:54] warmStart (decay=exponential) 58% (518/892) regret=0.102138 ape=0.5585
[17:55:54] warmStart (decay=exponential) 58% (519/892) regret=0.102138 ape=0.5585
[17:55:55] warmStart (decay=exponential) 58% (520/892) regret=0.102138 ape=0.5585
[17:55:55] warmStart (decay=exponential) 58% (521/892) regret=0.102138 ape=0.5585
[17:55:55] warmStart (decay=exponential) 58% (522/892) regret=0.102138 ape=0.5585
[17:55:55] warmStart (decay=exponential) 58% (523/892) regret=0.102138 ape=0.5585
[17:55:56] warmStart (decay=exponential) 58% (524/892) regret=0.102138 ape=0.5585
[17:55:56] warmStart (decay=exponential) 58% (525/892) regret=0.102138 ape=0.5585
[17:55:56] warmStart (decay=exponential) 58% (526/892) regret=0.102138 ape=0.5585
[17:55:56] warmStart (decay=exponential) 59% (527/892) regret=0.102138 ape=0.5585
[17:55:57] warmStart (decay=exponential) 59% (528/892) regret=0.102138 ape=0.5585
[17:55:57] warmStart (decay=exponential) 59% (529/892) regret=0.102138 ape=0.5585
[17:55:57] warmStart (decay=exponential) 59% (530/892) regret=0.102138 ape=0.5585
[17:55:57] warmStart (decay=exponential) 59% (531/892) regret=0.102138 ape=0.5585
[17:55:58] warmStart (decay=exponential) 59% (532/892) regret=0.102138 ape=0.5585
[17:55:58] warmStart (decay=exponential) 59% (533/892) regret=0.102138 ape=0.5585
[17:55:58] warmStart (decay=exponential) 59% (534/892) regret=0.102138 ape=0.5585
[17:55:58] warmStart (decay=exponential) 59% (535/892) regret=0.102138 ape=0.5585
[17:55:58] warmStart (decay=exponential) 60% (536/892) regret=0.102138 ape=0.5585
[17:55:59] warmStart (decay=exponential) 60% (537/892) regret=0.102138 ape=0.5585
[17:55:59] warmStart (decay=exponential) 60% (538/892) regret=0.102138 ape=0.5585
[17:55:59] warmStart (decay=exponential) 60% (539/892) regret=0.102138 ape=0.5585
[17:55:59] warmStart (decay=exponential) 60% (540/892) regret=0.102138 ape=0.5585
[17:56:00] warmStart (decay=exponential) 60% (541/892) regret=0.102138 ape=0.5585
[17:56:00] warmStart (decay=exponential) 60% (542/892) regret=0.102138 ape=0.5585
[17:56:00] warmStart (decay=exponential) 60% (543/892) regret=0.102138 ape=0.5585
[17:56:00] warmStart (decay=exponential) 60% (544/892) regret=0.102138 ape=0.5585
[17:56:01] warmStart (decay=exponential) 61% (545/892) regret=0.102138 ape=0.5585
[17:56:01] warmStart (decay=exponential) 61% (546/892) regret=0.102138 ape=0.5585
[17:56:01] warmStart (decay=exponential) 61% (547/892) regret=0.102138 ape=0.5585
[17:56:01] warmStart (decay=exponential) 61% (548/892) regret=0.102138 ape=0.5585
[17:56:01] warmStart (decay=exponential) 61% (549/892) regret=0.102138 ape=0.5585
[17:56:02] warmStart (decay=exponential) 61% (550/892) regret=0.102138 ape=0.5585
[17:56:02] warmStart (decay=exponential) 61% (551/892) regret=0.102138 ape=0.5585
[17:56:02] warmStart (decay=exponential) 61% (552/892) regret=0.102138 ape=0.5585
[17:56:02] warmStart (decay=exponential) 61% (553/892) regret=0.102138 ape=0.5585
[17:56:02] warmStart (decay=exponential) 62% (554/892) regret=0.102138 ape=0.5585
[17:56:03] warmStart (decay=exponential) 62% (555/892) regret=0.102157 ape=0.5585
[17:56:03] warmStart (decay=exponential) 62% (556/892) regret=0.102138 ape=0.5585
[17:56:03] warmStart (decay=exponential) 62% (557/892) regret=0.102138 ape=0.5585
[17:56:03] warmStart (decay=exponential) 62% (558/892) regret=0.102138 ape=0.5585
[17:56:04] warmStart (decay=exponential) 62% (559/892) regret=0.102157 ape=0.5585
[17:56:04] warmStart (decay=exponential) 62% (560/892) regret=0.102157 ape=0.5585
[17:56:04] warmStart (decay=exponential) 62% (561/892) regret=0.102526 ape=0.5585
[17:56:04] warmStart (decay=exponential) 63% (562/892) regret=0.102175 ape=0.5585
[17:56:04] warmStart (decay=exponential) 63% (563/892) regret=0.102175 ape=0.5585
[17:56:05] warmStart (decay=exponential) 63% (564/892) regret=0.102175 ape=0.5585
[17:56:05] warmStart (decay=exponential) 63% (565/892) regret=0.102175 ape=0.5585
[17:56:05] warmStart (decay=exponential) 63% (566/892) regret=0.102175 ape=0.5585
[17:56:05] warmStart (decay=exponential) 63% (567/892) regret=0.102175 ape=0.5585
[17:56:05] warmStart (decay=exponential) 63% (568/892) regret=0.102138 ape=0.5576
[17:56:06] warmStart (decay=exponential) 63% (569/892) regret=0.102138 ape=0.5576
[17:56:06] warmStart (decay=exponential) 63% (570/892) regret=0.102138 ape=0.5576
[17:56:06] warmStart (decay=exponential) 64% (571/892) regret=0.102138 ape=0.5576
[17:56:06] warmStart (decay=exponential) 64% (572/892) regret=0.102138 ape=0.5576
[17:56:07] warmStart (decay=exponential) 64% (573/892) regret=0.102138 ape=0.5576
[17:56:07] warmStart (decay=exponential) 64% (574/892) regret=0.102138 ape=0.5576
[17:56:07] warmStart (decay=exponential) 64% (575/892) regret=0.102138 ape=0.5576
[17:56:07] warmStart (decay=exponential) 64% (576/892) regret=0.102138 ape=0.5576
[17:56:08] warmStart (decay=exponential) 64% (577/892) regret=0.102138 ape=0.5576
[17:56:08] warmStart (decay=exponential) 64% (578/892) regret=0.102138 ape=0.5576
[17:56:08] warmStart (decay=exponential) 64% (579/892) regret=0.102138 ape=0.5576
[17:56:08] warmStart (decay=exponential) 65% (580/892) regret=0.102138 ape=0.5576
[17:56:09] warmStart (decay=exponential) 65% (581/892) regret=0.102138 ape=0.5576
[17:56:09] warmStart (decay=exponential) 65% (582/892) regret=0.102138 ape=0.5576
[17:56:09] warmStart (decay=exponential) 65% (583/892) regret=0.102138 ape=0.5576
[17:56:09] warmStart (decay=exponential) 65% (584/892) regret=0.102138 ape=0.5576
[17:56:10] warmStart (decay=exponential) 65% (585/892) regret=0.102175 ape=0.5585
[17:56:10] warmStart (decay=exponential) 65% (586/892) regret=0.102175 ape=0.5585
[17:56:10] warmStart (decay=exponential) 65% (587/892) regret=0.102175 ape=0.5585
[17:56:10] warmStart (decay=exponential) 65% (588/892) regret=0.102175 ape=0.5585
[17:56:11] warmStart (decay=exponential) 66% (589/892) regret=0.102175 ape=0.5585
[17:56:11] warmStart (decay=exponential) 66% (590/892) regret=0.102175 ape=0.5585
[17:56:11] warmStart (decay=exponential) 66% (591/892) regret=0.102175 ape=0.5585
[17:56:11] warmStart (decay=exponential) 66% (592/892) regret=0.102175 ape=0.5585
[17:56:12] warmStart (decay=exponential) 66% (593/892) regret=0.102138 ape=0.5576
[17:56:12] warmStart (decay=exponential) 66% (594/892) regret=0.102138 ape=0.5576
[17:56:12] warmStart (decay=exponential) 66% (595/892) regret=0.102175 ape=0.5585
[17:56:12] warmStart (decay=exponential) 66% (596/892) regret=0.102138 ape=0.5576
[17:56:13] warmStart (decay=exponential) 66% (597/892) regret=0.102138 ape=0.5576
[17:56:13] warmStart (decay=exponential) 67% (598/892) regret=0.102138 ape=0.5576
[17:56:13] warmStart (decay=exponential) 67% (599/892) regret=0.102138 ape=0.5576
[17:56:13] warmStart (decay=exponential) 67% (600/892) regret=0.102138 ape=0.5576
[17:56:13] warmStart (decay=exponential) 67% (601/892) regret=0.102138 ape=0.5576
[17:56:14] warmStart (decay=exponential) 67% (602/892) regret=0.102138 ape=0.5576
[17:56:14] warmStart (decay=exponential) 67% (603/892) regret=0.102138 ape=0.5576
[17:56:14] warmStart (decay=exponential) 67% (604/892) regret=0.102138 ape=0.5576
[17:56:14] warmStart (decay=exponential) 67% (605/892) regret=0.102138 ape=0.5576
[17:56:14] warmStart (decay=exponential) 67% (606/892) regret=0.102138 ape=0.5576
[17:56:15] warmStart (decay=exponential) 68% (607/892) regret=0.102138 ape=0.5576
[17:56:15] warmStart (decay=exponential) 68% (608/892) regret=0.102138 ape=0.5576
[17:56:15] warmStart (decay=exponential) 68% (609/892) regret=0.102138 ape=0.5576
[17:56:15] warmStart (decay=exponential) 68% (610/892) regret=0.102138 ape=0.5576
[17:56:15] warmStart (decay=exponential) 68% (611/892) regret=0.102138 ape=0.5576
[17:56:16] warmStart (decay=exponential) 68% (612/892) regret=0.102138 ape=0.5576
[17:56:16] warmStart (decay=exponential) 68% (613/892) regret=0.102138 ape=0.5576
[17:56:16] warmStart (decay=exponential) 68% (614/892) regret=0.102138 ape=0.5576
[17:56:16] warmStart (decay=exponential) 68% (615/892) regret=0.102138 ape=0.5576
[17:56:16] warmStart (decay=exponential) 69% (616/892) regret=0.102138 ape=0.5576
[17:56:16] warmStart (decay=exponential) 69% (617/892) regret=0.102138 ape=0.5576
[17:56:17] warmStart (decay=exponential) 69% (618/892) regret=0.102138 ape=0.5576
[17:56:17] warmStart (decay=exponential) 69% (619/892) regret=0.102138 ape=0.5576
[17:56:17] warmStart (decay=exponential) 69% (620/892) regret=0.102138 ape=0.5576
[17:56:17] warmStart (decay=exponential) 69% (621/892) regret=0.102138 ape=0.5576
[17:56:18] warmStart (decay=exponential) 69% (622/892) regret=0.102138 ape=0.5576
[17:56:18] warmStart (decay=exponential) 69% (623/892) regret=0.102138 ape=0.5576
[17:56:18] warmStart (decay=exponential) 69% (624/892) regret=0.102138 ape=0.5576
[17:56:18] warmStart (decay=exponential) 70% (625/892) regret=0.102138 ape=0.5576
[17:56:18] warmStart (decay=exponential) 70% (626/892) regret=0.102138 ape=0.5576
[17:56:19] warmStart (decay=exponential) 70% (627/892) regret=0.102138 ape=0.5576
[17:56:19] warmStart (decay=exponential) 70% (628/892) regret=0.102138 ape=0.5576
[17:56:19] warmStart (decay=exponential) 70% (629/892) regret=0.102138 ape=0.5576
[17:56:19] warmStart (decay=exponential) 70% (630/892) regret=0.102138 ape=0.5576
[17:56:19] warmStart (decay=exponential) 70% (631/892) regret=0.102138 ape=0.5576
[17:56:20] warmStart (decay=exponential) 70% (632/892) regret=0.102138 ape=0.5576
[17:56:20] warmStart (decay=exponential) 70% (633/892) regret=0.102138 ape=0.5576
[17:56:20] warmStart (decay=exponential) 71% (634/892) regret=0.102138 ape=0.5576
[17:56:20] warmStart (decay=exponential) 71% (635/892) regret=0.102138 ape=0.5576
[17:56:20] warmStart (decay=exponential) 71% (636/892) regret=0.102138 ape=0.5576
[17:56:20] warmStart (decay=exponential) 71% (637/892) regret=0.102138 ape=0.5576
[17:56:21] warmStart (decay=exponential) 71% (638/892) regret=0.102138 ape=0.5576
[17:56:21] warmStart (decay=exponential) 71% (639/892) regret=0.102138 ape=0.5576
[17:56:21] warmStart (decay=exponential) 71% (640/892) regret=0.102138 ape=0.5576
[17:56:21] warmStart (decay=exponential) 71% (641/892) regret=0.102138 ape=0.5576
[17:56:22] warmStart (decay=exponential) 71% (642/892) regret=0.102138 ape=0.5576
[17:56:22] warmStart (decay=exponential) 72% (643/892) regret=0.102138 ape=0.5576
[17:56:22] warmStart (decay=exponential) 72% (644/892) regret=0.102138 ape=0.5576
[17:56:22] warmStart (decay=exponential) 72% (645/892) regret=0.102138 ape=0.5576
[17:56:22] warmStart (decay=exponential) 72% (646/892) regret=0.102138 ape=0.5576
[17:56:23] warmStart (decay=exponential) 72% (647/892) regret=0.102138 ape=0.5576
[17:56:23] warmStart (decay=exponential) 72% (648/892) regret=0.102138 ape=0.5576
[17:56:23] warmStart (decay=exponential) 72% (649/892) regret=0.102138 ape=0.5576
[17:56:23] warmStart (decay=exponential) 72% (650/892) regret=0.102138 ape=0.5576
[17:56:23] warmStart (decay=exponential) 72% (651/892) regret=0.102138 ape=0.5576
[17:56:24] warmStart (decay=exponential) 73% (652/892) regret=0.102138 ape=0.5576
[17:56:24] warmStart (decay=exponential) 73% (653/892) regret=0.102138 ape=0.5576
[17:56:24] warmStart (decay=exponential) 73% (654/892) regret=0.102138 ape=0.5576
[17:56:24] warmStart (decay=exponential) 73% (655/892) regret=0.102138 ape=0.5576
[17:56:25] warmStart (decay=exponential) 73% (656/892) regret=0.102138 ape=0.5576
[17:56:25] warmStart (decay=exponential) 73% (657/892) regret=0.102138 ape=0.5576
[17:56:25] warmStart (decay=exponential) 73% (658/892) regret=0.102138 ape=0.5576
[17:56:25] warmStart (decay=exponential) 73% (659/892) regret=0.102138 ape=0.5576
[17:56:26] warmStart (decay=exponential) 73% (660/892) regret=0.102138 ape=0.5576
[17:56:26] warmStart (decay=exponential) 74% (661/892) regret=0.102138 ape=0.5576
[17:56:26] warmStart (decay=exponential) 74% (662/892) regret=0.102138 ape=0.5576
[17:56:26] warmStart (decay=exponential) 74% (663/892) regret=0.102138 ape=0.5576
[17:56:26] warmStart (decay=exponential) 74% (664/892) regret=0.102138 ape=0.5576
[17:56:27] warmStart (decay=exponential) 74% (665/892) regret=0.102138 ape=0.5576
[17:56:27] warmStart (decay=exponential) 74% (666/892) regret=0.102138 ape=0.5576
[17:56:27] warmStart (decay=exponential) 74% (667/892) regret=0.102138 ape=0.5576
[17:56:27] warmStart (decay=exponential) 74% (668/892) regret=0.102138 ape=0.5576
[17:56:28] warmStart (decay=exponential) 75% (669/892) regret=0.102138 ape=0.5576
[17:56:28] warmStart (decay=exponential) 75% (670/892) regret=0.102138 ape=0.5576
[17:56:28] warmStart (decay=exponential) 75% (671/892) regret=0.102138 ape=0.5576
[17:56:29] warmStart (decay=exponential) 75% (672/892) regret=0.102138 ape=0.5576
[17:56:29] warmStart (decay=exponential) 75% (673/892) regret=0.102138 ape=0.5576
[17:56:29] warmStart (decay=exponential) 75% (674/892) regret=0.102138 ape=0.5576
[17:56:29] warmStart (decay=exponential) 75% (675/892) regret=0.102138 ape=0.5576
[17:56:30] warmStart (decay=exponential) 75% (676/892) regret=0.102138 ape=0.5576
[17:56:30] warmStart (decay=exponential) 75% (677/892) regret=0.102138 ape=0.5576
[17:56:30] warmStart (decay=exponential) 76% (678/892) regret=0.102138 ape=0.5576
[17:56:31] warmStart (decay=exponential) 76% (679/892) regret=0.102138 ape=0.5576
[17:56:31] warmStart (decay=exponential) 76% (680/892) regret=0.102138 ape=0.5576
[17:56:31] warmStart (decay=exponential) 76% (681/892) regret=0.102138 ape=0.5576
[17:56:31] warmStart (decay=exponential) 76% (682/892) regret=0.102138 ape=0.5576
[17:56:32] warmStart (decay=exponential) 76% (683/892) regret=0.102138 ape=0.5576
[17:56:32] warmStart (decay=exponential) 76% (684/892) regret=0.102138 ape=0.5576
[17:56:32] warmStart (decay=exponential) 76% (685/892) regret=0.102138 ape=0.5576
[17:56:33] warmStart (decay=exponential) 76% (686/892) regret=0.102138 ape=0.5576
[17:56:33] warmStart (decay=exponential) 77% (687/892) regret=0.102138 ape=0.5576
[17:56:33] warmStart (decay=exponential) 77% (688/892) regret=0.102138 ape=0.5576
[17:56:33] warmStart (decay=exponential) 77% (689/892) regret=0.102138 ape=0.5576
[17:56:34] warmStart (decay=exponential) 77% (690/892) regret=0.102138 ape=0.5576
[17:56:34] warmStart (decay=exponential) 77% (691/892) regret=0.102138 ape=0.5576
[17:56:34] warmStart (decay=exponential) 77% (692/892) regret=0.102138 ape=0.5576
[17:56:35] warmStart (decay=exponential) 77% (693/892) regret=0.102138 ape=0.5576
[17:56:35] warmStart (decay=exponential) 77% (694/892) regret=0.102138 ape=0.5576
[17:56:35] warmStart (decay=exponential) 77% (695/892) regret=0.102138 ape=0.5576
[17:56:35] warmStart (decay=exponential) 78% (696/892) regret=0.102138 ape=0.5576
[17:56:36] warmStart (decay=exponential) 78% (697/892) regret=0.102138 ape=0.5576
[17:56:36] warmStart (decay=exponential) 78% (698/892) regret=0.102138 ape=0.5576
[17:56:36] warmStart (decay=exponential) 78% (699/892) regret=0.102138 ape=0.5576
[17:56:37] warmStart (decay=exponential) 78% (700/892) regret=0.102138 ape=0.5576
[17:56:37] warmStart (decay=exponential) 78% (701/892) regret=0.102138 ape=0.5576
[17:56:37] warmStart (decay=exponential) 78% (702/892) regret=0.102138 ape=0.5576
[17:56:37] warmStart (decay=exponential) 78% (703/892) regret=0.102138 ape=0.5576
[17:56:38] warmStart (decay=exponential) 78% (704/892) regret=0.102138 ape=0.5576
[17:56:38] warmStart (decay=exponential) 79% (705/892) regret=0.102138 ape=0.5576
[17:56:38] warmStart (decay=exponential) 79% (706/892) regret=0.102138 ape=0.5576
[17:56:39] warmStart (decay=exponential) 79% (707/892) regret=0.102184 ape=0.5576
[17:56:39] warmStart (decay=exponential) 79% (708/892) regret=0.102203 ape=0.5576
[17:56:39] warmStart (decay=exponential) 79% (709/892) regret=0.102189 ape=0.5576
[17:56:39] warmStart (decay=exponential) 79% (710/892) regret=0.102203 ape=0.5576
[17:56:40] warmStart (decay=exponential) 79% (711/892) regret=0.102120 ape=0.5576
[17:56:40] warmStart (decay=exponential) 79% (712/892) regret=0.102120 ape=0.5576
[17:56:40] warmStart (decay=exponential) 79% (713/892) regret=0.102120 ape=0.5576
[17:56:41] warmStart (decay=exponential) 80% (714/892) regret=0.102120 ape=0.5576
[17:56:41] warmStart (decay=exponential) 80% (715/892) regret=0.102120 ape=0.5576
[17:56:41] warmStart (decay=exponential) 80% (716/892) regret=0.102051 ape=0.5567
[17:56:42] warmStart (decay=exponential) 80% (717/892) regret=0.102051 ape=0.5567
[17:56:42] warmStart (decay=exponential) 80% (718/892) regret=0.102051 ape=0.5567
[17:56:42] warmStart (decay=exponential) 80% (719/892) regret=0.102051 ape=0.5567
[17:56:43] warmStart (decay=exponential) 80% (720/892) regret=0.102051 ape=0.5567
[17:56:43] warmStart (decay=exponential) 80% (721/892) regret=0.102051 ape=0.5567
[17:56:43] warmStart (decay=exponential) 80% (722/892) regret=0.102051 ape=0.5567
[17:56:44] warmStart (decay=exponential) 81% (723/892) regret=0.102051 ape=0.5567
[17:56:44] warmStart (decay=exponential) 81% (724/892) regret=0.102051 ape=0.5567
[17:56:44] warmStart (decay=exponential) 81% (725/892) regret=0.102051 ape=0.5567
[17:56:44] warmStart (decay=exponential) 81% (726/892) regret=0.102051 ape=0.5567
[17:56:45] warmStart (decay=exponential) 81% (727/892) regret=0.102051 ape=0.5567
[17:56:45] warmStart (decay=exponential) 81% (728/892) regret=0.102051 ape=0.5567
[17:56:45] warmStart (decay=exponential) 81% (729/892) regret=0.102051 ape=0.5567
[17:56:46] warmStart (decay=exponential) 81% (730/892) regret=0.102051 ape=0.5567
[17:56:46] warmStart (decay=exponential) 81% (731/892) regret=0.102051 ape=0.5567
[17:56:46] warmStart (decay=exponential) 82% (732/892) regret=0.102051 ape=0.5567
[17:56:47] warmStart (decay=exponential) 82% (733/892) regret=0.102051 ape=0.5567
[17:56:47] warmStart (decay=exponential) 82% (734/892) regret=0.102051 ape=0.5567
[17:56:47] warmStart (decay=exponential) 82% (735/892) regret=0.102051 ape=0.5567
[17:56:48] warmStart (decay=exponential) 82% (736/892) regret=0.102051 ape=0.5567
[17:56:48] warmStart (decay=exponential) 82% (737/892) regret=0.102051 ape=0.5567
[17:56:48] warmStart (decay=exponential) 82% (738/892) regret=0.102051 ape=0.5567
[17:56:49] warmStart (decay=exponential) 82% (739/892) regret=0.102051 ape=0.5567
[17:56:49] warmStart (decay=exponential) 82% (740/892) regret=0.102051 ape=0.5567
[17:56:49] warmStart (decay=exponential) 83% (741/892) regret=0.102051 ape=0.5567
[17:56:49] warmStart (decay=exponential) 83% (742/892) regret=0.102051 ape=0.5567
[17:56:50] warmStart (decay=exponential) 83% (743/892) regret=0.102051 ape=0.5567
[17:56:50] warmStart (decay=exponential) 83% (744/892) regret=0.102051 ape=0.5567
[17:56:50] warmStart (decay=exponential) 83% (745/892) regret=0.102051 ape=0.5567
[17:56:51] warmStart (decay=exponential) 83% (746/892) regret=0.102051 ape=0.5567
[17:56:51] warmStart (decay=exponential) 83% (747/892) regret=0.102051 ape=0.5567
[17:56:51] warmStart (decay=exponential) 83% (748/892) regret=0.102083 ape=0.5576
[17:56:52] warmStart (decay=exponential) 83% (749/892) regret=0.102092 ape=0.5576
[17:56:52] warmStart (decay=exponential) 84% (750/892) regret=0.102051 ape=0.5567
[17:56:52] warmStart (decay=exponential) 84% (751/892) regret=0.102051 ape=0.5567
[17:56:52] warmStart (decay=exponential) 84% (752/892) regret=0.102051 ape=0.5567
[17:56:53] warmStart (decay=exponential) 84% (753/892) regret=0.102051 ape=0.5567
[17:56:53] warmStart (decay=exponential) 84% (754/892) regret=0.102205 ape=0.5576
[17:56:53] warmStart (decay=exponential) 84% (755/892) regret=0.102051 ape=0.5567
[17:56:54] warmStart (decay=exponential) 84% (756/892) regret=0.102051 ape=0.5567
[17:56:54] warmStart (decay=exponential) 84% (757/892) regret=0.102051 ape=0.5567
[17:56:54] warmStart (decay=exponential) 84% (758/892) regret=0.102051 ape=0.5567
[17:56:55] warmStart (decay=exponential) 85% (759/892) regret=0.102051 ape=0.5567
[17:56:55] warmStart (decay=exponential) 85% (760/892) regret=0.102051 ape=0.5567
[17:56:55] warmStart (decay=exponential) 85% (761/892) regret=0.102051 ape=0.5567
[17:56:55] warmStart (decay=exponential) 85% (762/892) regret=0.102051 ape=0.5567
[17:56:56] warmStart (decay=exponential) 85% (763/892) regret=0.102051 ape=0.5567
[17:56:56] warmStart (decay=exponential) 85% (764/892) regret=0.102051 ape=0.5567
[17:56:56] warmStart (decay=exponential) 85% (765/892) regret=0.102051 ape=0.5567
[17:56:57] warmStart (decay=exponential) 85% (766/892) regret=0.102051 ape=0.5567
[17:56:57] warmStart (decay=exponential) 85% (767/892) regret=0.102051 ape=0.5567
[17:56:57] warmStart (decay=exponential) 86% (768/892) regret=0.102051 ape=0.5567
[17:56:58] warmStart (decay=exponential) 86% (769/892) regret=0.102051 ape=0.5567
[17:56:58] warmStart (decay=exponential) 86% (770/892) regret=0.102051 ape=0.5567
[17:56:58] warmStart (decay=exponential) 86% (771/892) regret=0.102051 ape=0.5567
[17:56:58] warmStart (decay=exponential) 86% (772/892) regret=0.102051 ape=0.5567
[17:56:59] warmStart (decay=exponential) 86% (773/892) regret=0.102051 ape=0.5567
[17:56:59] warmStart (decay=exponential) 86% (774/892) regret=0.102051 ape=0.5567
[17:56:59] warmStart (decay=exponential) 86% (775/892) regret=0.102051 ape=0.5567
[17:57:00] warmStart (decay=exponential) 86% (776/892) regret=0.102051 ape=0.5567
[17:57:00] warmStart (decay=exponential) 87% (777/892) regret=0.102051 ape=0.5567
[17:57:00] warmStart (decay=exponential) 87% (778/892) regret=0.102051 ape=0.5567
[17:57:01] warmStart (decay=exponential) 87% (779/892) regret=0.102051 ape=0.5567
[17:57:01] warmStart (decay=exponential) 87% (780/892) regret=0.102051 ape=0.5567
[17:57:01] warmStart (decay=exponential) 87% (781/892) regret=0.102051 ape=0.5567
[17:57:01] warmStart (decay=exponential) 87% (782/892) regret=0.102051 ape=0.5567
[17:57:02] warmStart (decay=exponential) 87% (783/892) regret=0.102051 ape=0.5567
[17:57:02] warmStart (decay=exponential) 87% (784/892) regret=0.102051 ape=0.5567
[17:57:02] warmStart (decay=exponential) 88% (785/892) regret=0.102051 ape=0.5567
[17:57:03] warmStart (decay=exponential) 88% (786/892) regret=0.102051 ape=0.5567
[17:57:03] warmStart (decay=exponential) 88% (787/892) regret=0.102051 ape=0.5567
[17:57:03] warmStart (decay=exponential) 88% (788/892) regret=0.102051 ape=0.5567
[17:57:04] warmStart (decay=exponential) 88% (789/892) regret=0.102051 ape=0.5567
[17:57:04] warmStart (decay=exponential) 88% (790/892) regret=0.102051 ape=0.5567
[17:57:04] warmStart (decay=exponential) 88% (791/892) regret=0.102051 ape=0.5567
[17:57:04] warmStart (decay=exponential) 88% (792/892) regret=0.102051 ape=0.5567
[17:57:05] warmStart (decay=exponential) 88% (793/892) regret=0.102051 ape=0.5567
[17:57:05] warmStart (decay=exponential) 89% (794/892) regret=0.102051 ape=0.5567
[17:57:05] warmStart (decay=exponential) 89% (795/892) regret=0.102051 ape=0.5567
[17:57:06] warmStart (decay=exponential) 89% (796/892) regret=0.102051 ape=0.5567
[17:57:06] warmStart (decay=exponential) 89% (797/892) regret=0.102051 ape=0.5567
[17:57:06] warmStart (decay=exponential) 89% (798/892) regret=0.102051 ape=0.5567
[17:57:07] warmStart (decay=exponential) 89% (799/892) regret=0.102051 ape=0.5567
[17:57:07] warmStart (decay=exponential) 89% (800/892) regret=0.102051 ape=0.5567
[17:57:07] warmStart (decay=exponential) 89% (801/892) regret=0.102051 ape=0.5567
[17:57:07] warmStart (decay=exponential) 89% (802/892) regret=0.102051 ape=0.5567
[17:57:08] warmStart (decay=exponential) 90% (803/892) regret=0.102226 ape=0.5567
[17:57:08] warmStart (decay=exponential) 90% (804/892) regret=0.102046 ape=0.5567
[17:57:08] warmStart (decay=exponential) 90% (805/892) regret=0.102046 ape=0.5567
[17:57:09] warmStart (decay=exponential) 90% (806/892) regret=0.102051 ape=0.5567
[17:57:09] warmStart (decay=exponential) 90% (807/892) regret=0.102051 ape=0.5567
[17:57:09] warmStart (decay=exponential) 90% (808/892) regret=0.102051 ape=0.5567
[17:57:10] warmStart (decay=exponential) 90% (809/892) regret=0.102051 ape=0.5567
[17:57:10] warmStart (decay=exponential) 90% (810/892) regret=0.102051 ape=0.5567
[17:57:10] warmStart (decay=exponential) 90% (811/892) regret=0.102051 ape=0.5567
[17:57:11] warmStart (decay=exponential) 91% (812/892) regret=0.102051 ape=0.5567
[17:57:11] warmStart (decay=exponential) 91% (813/892) regret=0.102051 ape=0.5567
[17:57:11] warmStart (decay=exponential) 91% (814/892) regret=0.102051 ape=0.5567
[17:57:11] warmStart (decay=exponential) 91% (815/892) regret=0.102051 ape=0.5567
[17:57:12] warmStart (decay=exponential) 91% (816/892) regret=0.102051 ape=0.5567
[17:57:12] warmStart (decay=exponential) 91% (817/892) regret=0.102051 ape=0.5567
[17:57:12] warmStart (decay=exponential) 91% (818/892) regret=0.102051 ape=0.5567
[17:57:13] warmStart (decay=exponential) 91% (819/892) regret=0.102051 ape=0.5567
[17:57:13] warmStart (decay=exponential) 91% (820/892) regret=0.102051 ape=0.5567
[17:57:13] warmStart (decay=exponential) 92% (821/892) regret=0.102046 ape=0.5567
[17:57:14] warmStart (decay=exponential) 92% (822/892) regret=0.102051 ape=0.5567
[17:57:14] warmStart (decay=exponential) 92% (823/892) regret=0.102051 ape=0.5567
[17:57:14] warmStart (decay=exponential) 92% (824/892) regret=0.102051 ape=0.5567
[17:57:14] warmStart (decay=exponential) 92% (825/892) regret=0.102051 ape=0.5567
[17:57:15] warmStart (decay=exponential) 92% (826/892) regret=0.102051 ape=0.5567
[17:57:15] warmStart (decay=exponential) 92% (827/892) regret=0.102051 ape=0.5567
[17:57:15] warmStart (decay=exponential) 92% (828/892) regret=0.101996 ape=0.5558
[17:57:16] warmStart (decay=exponential) 92% (829/892) regret=0.101996 ape=0.5558
[17:57:16] warmStart (decay=exponential) 93% (830/892) regret=0.101996 ape=0.5558
[17:57:16] warmStart (decay=exponential) 93% (831/892) regret=0.101996 ape=0.5558
[17:57:17] warmStart (decay=exponential) 93% (832/892) regret=0.101996 ape=0.5558
[17:57:17] warmStart (decay=exponential) 93% (833/892) regret=0.101996 ape=0.5558
[17:57:17] warmStart (decay=exponential) 93% (834/892) regret=0.101996 ape=0.5558
[17:57:18] warmStart (decay=exponential) 93% (835/892) regret=0.101996 ape=0.5558
[17:57:18] warmStart (decay=exponential) 93% (836/892) regret=0.101996 ape=0.5558
[17:57:18] warmStart (decay=exponential) 93% (837/892) regret=0.101996 ape=0.5558
[17:57:19] warmStart (decay=exponential) 93% (838/892) regret=0.101996 ape=0.5558
[17:57:19] warmStart (decay=exponential) 94% (839/892) regret=0.101996 ape=0.5558
[17:57:19] warmStart (decay=exponential) 94% (840/892) regret=0.101996 ape=0.5558
[17:57:19] warmStart (decay=exponential) 94% (841/892) regret=0.101996 ape=0.5558
[17:57:20] warmStart (decay=exponential) 94% (842/892) regret=0.101996 ape=0.5558
[17:57:20] warmStart (decay=exponential) 94% (843/892) regret=0.101996 ape=0.5558
[17:57:20] warmStart (decay=exponential) 94% (844/892) regret=0.101996 ape=0.5558
[17:57:21] warmStart (decay=exponential) 94% (845/892) regret=0.101996 ape=0.5558
[17:57:21] warmStart (decay=exponential) 94% (846/892) regret=0.101996 ape=0.5558
[17:57:21] warmStart (decay=exponential) 94% (847/892) regret=0.101996 ape=0.5558
[17:57:22] warmStart (decay=exponential) 95% (848/892) regret=0.101996 ape=0.5558
[17:57:22] warmStart (decay=exponential) 95% (849/892) regret=0.101996 ape=0.5558
[17:57:22] warmStart (decay=exponential) 95% (850/892) regret=0.101996 ape=0.5558
[17:57:22] warmStart (decay=exponential) 95% (851/892) regret=0.101996 ape=0.5558
[17:57:23] warmStart (decay=exponential) 95% (852/892) regret=0.101996 ape=0.5558
[17:57:23] warmStart (decay=exponential) 95% (853/892) regret=0.101996 ape=0.5558
[17:57:23] warmStart (decay=exponential) 95% (854/892) regret=0.101996 ape=0.5558
[17:57:24] warmStart (decay=exponential) 95% (855/892) regret=0.101996 ape=0.5558
[17:57:24] warmStart (decay=exponential) 95% (856/892) regret=0.101996 ape=0.5558
[17:57:24] warmStart (decay=exponential) 96% (857/892) regret=0.101996 ape=0.5558
[17:57:24] warmStart (decay=exponential) 96% (858/892) regret=0.101996 ape=0.5558
[17:57:25] warmStart (decay=exponential) 96% (859/892) regret=0.101996 ape=0.5558
[17:57:25] warmStart (decay=exponential) 96% (860/892) regret=0.101996 ape=0.5558
[17:57:25] warmStart (decay=exponential) 96% (861/892) regret=0.101996 ape=0.5558
[17:57:26] warmStart (decay=exponential) 96% (862/892) regret=0.101996 ape=0.5558
[17:57:26] warmStart (decay=exponential) 96% (863/892) regret=0.101996 ape=0.5558
[17:57:26] warmStart (decay=exponential) 96% (864/892) regret=0.101996 ape=0.5558
[17:57:26] warmStart (decay=exponential) 96% (865/892) regret=0.101996 ape=0.5558
[17:57:27] warmStart (decay=exponential) 97% (866/892) regret=0.101996 ape=0.5558
[17:57:27] warmStart (decay=exponential) 97% (867/892) regret=0.101996 ape=0.5558
[17:57:27] warmStart (decay=exponential) 97% (868/892) regret=0.101996 ape=0.5558
[17:57:28] warmStart (decay=exponential) 97% (869/892) regret=0.101996 ape=0.5558
[17:57:28] warmStart (decay=exponential) 97% (870/892) regret=0.101996 ape=0.5558
[17:57:28] warmStart (decay=exponential) 97% (871/892) regret=0.101996 ape=0.5558
[17:57:28] warmStart (decay=exponential) 97% (872/892) regret=0.101996 ape=0.5558
[17:57:29] warmStart (decay=exponential) 97% (873/892) regret=0.101996 ape=0.5558
[17:57:29] warmStart (decay=exponential) 97% (874/892) regret=0.101996 ape=0.5558
[17:57:29] warmStart (decay=exponential) 98% (875/892) regret=0.101996 ape=0.5558
[17:57:30] warmStart (decay=exponential) 98% (876/892) regret=0.101996 ape=0.5558
[17:57:30] warmStart (decay=exponential) 98% (877/892) regret=0.101996 ape=0.5558
[17:57:30] warmStart (decay=exponential) 98% (878/892) regret=0.101996 ape=0.5558
[17:57:31] warmStart (decay=exponential) 98% (879/892) regret=0.101996 ape=0.5558
[17:57:31] warmStart (decay=exponential) 98% (880/892) regret=0.101996 ape=0.5558
[17:57:31] warmStart (decay=exponential) 98% (881/892) regret=0.101996 ape=0.5558
[17:57:31] warmStart (decay=exponential) 98% (882/892) regret=0.101996 ape=0.5558
[17:57:32] warmStart (decay=exponential) 98% (883/892) regret=0.101996 ape=0.5558
[17:57:32] warmStart (decay=exponential) 99% (884/892) regret=0.101996 ape=0.5558
[17:57:32] warmStart (decay=exponential) 99% (885/892) regret=0.101996 ape=0.5558
[17:57:33] warmStart (decay=exponential) 99% (886/892) regret=0.101996 ape=0.5558
[17:57:33] warmStart (decay=exponential) 99% (887/892) regret=0.101996 ape=0.5558
[17:57:33] warmStart (decay=exponential) 99% (888/892) regret=0.101996 ape=0.5558
[17:57:33] warmStart (decay=exponential) 99% (889/892) regret=0.101996 ape=0.5558
[17:57:34] warmStart (decay=exponential) 99% (890/892) regret=0.101996 ape=0.5558
[17:57:34] warmStart (decay=exponential) 99% (891/892) regret=0.101996 ape=0.5558
Warm w=200 finished: 891 points, 250.16s wall time
  Final: regret=0.101996, ape=0.5558

Saved: /home/users/g/s/gsavary/LudiiMCTSVariations/slurm_sweep_full_dataset/output_decay/warm_200_decay_exponential_0_20/seed_0/sweep_decay_warm_200_exponential_0.2_0_20260426_175734.json

Generating plots...
Saved: /home/users/g/s/gsavary/LudiiMCTSVariations/slurm_sweep_full_dataset/output_decay/warm_200_decay_exponential_0_20/seed_0/sweep_decay_warm_200_exponential_0.2_0_20260426_175734_regret.png
Saved: /home/users/g/s/gsavary/LudiiMCTSVariations/slurm_sweep_full_dataset/output_decay/warm_200_decay_exponential_0_20/seed_0/sweep_decay_warm_200_exponential_0.2_0_20260426_175734_ape.png

================================================================================
Experiment complete!
================================================================================
Done. Results in: /home/users/g/s/gsavary/LudiiMCTSVariations/slurm_sweep_full_dataset/output_decay/warm_200_decay_exponential_0_20/seed_0
