============================================================
Decay sweep experiment
Method:      warm:200
Decay mode:  exponential
Decay param: 0.05
Seed:        0
Output:      /home/users/g/s/gsavary/LudiiMCTSVariations/slurm_sweep_full_dataset/output_decay/warm_200_decay_exponential_0_05/seed_0
============================================================

================================================================================
SLURM Sweep Experiment with Synthetic Data Decay
================================================================================
Method: warm:200
Decay: exponential (param=0.05)
Time limit: 3600.0s, Seed: 0, Batch size: 20
Output directory: /home/users/g/s/gsavary/LudiiMCTSVariations/slurm_sweep_full_dataset/output_decay/warm_200_decay_exponential_0_05/seed_0

Loading Ludii dataset...
Loaded 1085 games
Using 1085 games (full dataset)

Running timing probe (100 pulls)...
  Estimated secs/pull: 0.021984

Time budget: 3600.0s → ~163757 total pulls
Per-method budget: 23393 pulls (~514.3s)

Computing predictor-only performance...
  Predictions loaded: 23675 agent predictions
  Predictor-only: regret=0.104318, ape=0.4894

Running WARM-START (w=200, decay=exponential param=0.05)...
[17:50:25] warmStart (decay=exponential) 0% (1/1170) regret=0.103143 ape=0.5594
[17:50:25] warmStart (decay=exponential) 0% (2/1170) regret=0.103143 ape=0.5594
[17:50:25] warmStart (decay=exponential) 0% (3/1170) regret=0.103143 ape=0.5594
[17:50:25] warmStart (decay=exponential) 0% (4/1170) regret=0.103143 ape=0.5594
[17:50:25] warmStart (decay=exponential) 0% (5/1170) regret=0.102323 ape=0.5585
[17:50:26] warmStart (decay=exponential) 0% (6/1170) regret=0.102323 ape=0.5585
[17:50:26] warmStart (decay=exponential) 0% (7/1170) regret=0.102323 ape=0.5585
[17:50:26] warmStart (decay=exponential) 0% (8/1170) regret=0.102323 ape=0.5585
[17:50:26] warmStart (decay=exponential) 0% (9/1170) regret=0.102323 ape=0.5585
[17:50:26] warmStart (decay=exponential) 0% (10/1170) regret=0.102323 ape=0.5585
[17:50:26] warmStart (decay=exponential) 0% (11/1170) regret=0.102323 ape=0.5585
[17:50:27] warmStart (decay=exponential) 1% (12/1170) regret=0.102323 ape=0.5585
[17:50:27] warmStart (decay=exponential) 1% (13/1170) regret=0.102323 ape=0.5585
[17:50:27] warmStart (decay=exponential) 1% (14/1170) regret=0.102323 ape=0.5585
[17:50:27] warmStart (decay=exponential) 1% (15/1170) regret=0.102323 ape=0.5585
[17:50:27] warmStart (decay=exponential) 1% (16/1170) regret=0.102327 ape=0.5585
[17:50:28] warmStart (decay=exponential) 1% (17/1170) regret=0.102323 ape=0.5585
[17:50:28] warmStart (decay=exponential) 1% (18/1170) regret=0.102323 ape=0.5585
[17:50:28] warmStart (decay=exponential) 1% (19/1170) regret=0.102323 ape=0.5585
[17:50:28] warmStart (decay=exponential) 1% (20/1170) regret=0.102327 ape=0.5585
[17:50:28] warmStart (decay=exponential) 1% (21/1170) regret=0.102327 ape=0.5585
[17:50:29] warmStart (decay=exponential) 1% (22/1170) regret=0.102327 ape=0.5585
[17:50:29] warmStart (decay=exponential) 1% (23/1170) regret=0.102327 ape=0.5585
[17:50:29] warmStart (decay=exponential) 2% (24/1170) regret=0.102327 ape=0.5585
[17:50:29] warmStart (decay=exponential) 2% (25/1170) regret=0.102327 ape=0.5585
[17:50:29] warmStart (decay=exponential) 2% (26/1170) regret=0.102327 ape=0.5585
[17:50:30] warmStart (decay=exponential) 2% (27/1170) regret=0.102323 ape=0.5585
[17:50:30] warmStart (decay=exponential) 2% (28/1170) regret=0.102327 ape=0.5585
[17:50:30] warmStart (decay=exponential) 2% (29/1170) regret=0.102327 ape=0.5585
[17:50:30] warmStart (decay=exponential) 2% (30/1170) regret=0.102327 ape=0.5585
[17:50:30] warmStart (decay=exponential) 2% (31/1170) regret=0.102327 ape=0.5585
[17:50:30] warmStart (decay=exponential) 2% (32/1170) regret=0.102327 ape=0.5585
[17:50:31] warmStart (decay=exponential) 2% (33/1170) regret=0.102327 ape=0.5585
[17:50:31] warmStart (decay=exponential) 2% (34/1170) regret=0.102327 ape=0.5585
[17:50:31] warmStart (decay=exponential) 2% (35/1170) regret=0.102327 ape=0.5585
[17:50:31] warmStart (decay=exponential) 3% (36/1170) regret=0.102327 ape=0.5585
[17:50:31] warmStart (decay=exponential) 3% (37/1170) regret=0.102327 ape=0.5585
[17:50:32] warmStart (decay=exponential) 3% (38/1170) regret=0.102327 ape=0.5585
[17:50:32] warmStart (decay=exponential) 3% (39/1170) regret=0.102327 ape=0.5585
[17:50:32] warmStart (decay=exponential) 3% (40/1170) regret=0.102327 ape=0.5585
[17:50:32] warmStart (decay=exponential) 3% (41/1170) regret=0.102327 ape=0.5585
[17:50:32] warmStart (decay=exponential) 3% (42/1170) regret=0.102327 ape=0.5585
[17:50:32] warmStart (decay=exponential) 3% (43/1170) regret=0.102327 ape=0.5585
[17:50:33] warmStart (decay=exponential) 3% (44/1170) regret=0.102327 ape=0.5585
[17:50:33] warmStart (decay=exponential) 3% (45/1170) regret=0.102327 ape=0.5585
[17:50:33] warmStart (decay=exponential) 3% (46/1170) regret=0.102327 ape=0.5585
[17:50:33] warmStart (decay=exponential) 4% (47/1170) regret=0.102318 ape=0.5576
[17:50:33] warmStart (decay=exponential) 4% (48/1170) regret=0.102327 ape=0.5585
[17:50:34] warmStart (decay=exponential) 4% (49/1170) regret=0.102327 ape=0.5585
[17:50:34] warmStart (decay=exponential) 4% (50/1170) regret=0.102327 ape=0.5585
[17:50:34] warmStart (decay=exponential) 4% (51/1170) regret=0.102327 ape=0.5585
[17:50:34] warmStart (decay=exponential) 4% (52/1170) regret=0.102327 ape=0.5585
[17:50:34] warmStart (decay=exponential) 4% (53/1170) regret=0.102327 ape=0.5585
[17:50:34] warmStart (decay=exponential) 4% (54/1170) regret=0.102318 ape=0.5576
[17:50:35] warmStart (decay=exponential) 4% (55/1170) regret=0.102318 ape=0.5576
[17:50:35] warmStart (decay=exponential) 4% (56/1170) regret=0.102318 ape=0.5576
[17:50:35] warmStart (decay=exponential) 4% (57/1170) regret=0.102318 ape=0.5576
[17:50:35] warmStart (decay=exponential) 4% (58/1170) regret=0.102318 ape=0.5576
[17:50:35] warmStart (decay=exponential) 5% (59/1170) regret=0.102318 ape=0.5576
[17:50:36] warmStart (decay=exponential) 5% (60/1170) regret=0.102318 ape=0.5576
[17:50:36] warmStart (decay=exponential) 5% (61/1170) regret=0.102318 ape=0.5576
[17:50:36] warmStart (decay=exponential) 5% (62/1170) regret=0.102318 ape=0.5576
[17:50:36] warmStart (decay=exponential) 5% (63/1170) regret=0.102318 ape=0.5576
[17:50:36] warmStart (decay=exponential) 5% (64/1170) regret=0.102318 ape=0.5576
[17:50:36] warmStart (decay=exponential) 5% (65/1170) regret=0.102318 ape=0.5576
[17:50:37] warmStart (decay=exponential) 5% (66/1170) regret=0.102318 ape=0.5576
[17:50:37] warmStart (decay=exponential) 5% (67/1170) regret=0.102318 ape=0.5576
[17:50:37] warmStart (decay=exponential) 5% (68/1170) regret=0.102323 ape=0.5585
[17:50:37] warmStart (decay=exponential) 5% (69/1170) regret=0.102318 ape=0.5576
[17:50:37] warmStart (decay=exponential) 5% (70/1170) regret=0.102318 ape=0.5576
[17:50:37] warmStart (decay=exponential) 6% (71/1170) regret=0.102318 ape=0.5576
[17:50:38] warmStart (decay=exponential) 6% (72/1170) regret=0.102318 ape=0.5576
[17:50:38] warmStart (decay=exponential) 6% (73/1170) regret=0.102318 ape=0.5576
[17:50:38] warmStart (decay=exponential) 6% (74/1170) regret=0.102318 ape=0.5576
[17:50:38] warmStart (decay=exponential) 6% (75/1170) regret=0.102323 ape=0.5585
[17:50:38] warmStart (decay=exponential) 6% (76/1170) regret=0.102318 ape=0.5576
[17:50:39] warmStart (decay=exponential) 6% (77/1170) regret=0.102318 ape=0.5576
[17:50:39] warmStart (decay=exponential) 6% (78/1170) regret=0.102318 ape=0.5576
[17:50:39] warmStart (decay=exponential) 6% (79/1170) regret=0.102318 ape=0.5576
[17:50:39] warmStart (decay=exponential) 6% (80/1170) regret=0.102318 ape=0.5576
[17:50:39] warmStart (decay=exponential) 6% (81/1170) regret=0.102318 ape=0.5576
[17:50:39] warmStart (decay=exponential) 7% (82/1170) regret=0.102318 ape=0.5576
[17:50:40] warmStart (decay=exponential) 7% (83/1170) regret=0.102318 ape=0.5576
[17:50:40] warmStart (decay=exponential) 7% (84/1170) regret=0.102318 ape=0.5576
[17:50:40] warmStart (decay=exponential) 7% (85/1170) regret=0.102318 ape=0.5576
[17:50:40] warmStart (decay=exponential) 7% (86/1170) regret=0.102318 ape=0.5576
[17:50:40] warmStart (decay=exponential) 7% (87/1170) regret=0.102318 ape=0.5576
[17:50:40] warmStart (decay=exponential) 7% (88/1170) regret=0.102318 ape=0.5576
[17:50:41] warmStart (decay=exponential) 7% (89/1170) regret=0.102318 ape=0.5576
[17:50:41] warmStart (decay=exponential) 7% (90/1170) regret=0.102318 ape=0.5576
[17:50:41] warmStart (decay=exponential) 7% (91/1170) regret=0.102318 ape=0.5576
[17:50:41] warmStart (decay=exponential) 7% (92/1170) regret=0.102318 ape=0.5576
[17:50:41] warmStart (decay=exponential) 7% (93/1170) regret=0.102318 ape=0.5576
[17:50:42] warmStart (decay=exponential) 8% (94/1170) regret=0.102318 ape=0.5576
[17:50:42] warmStart (decay=exponential) 8% (95/1170) regret=0.102318 ape=0.5576
[17:50:42] warmStart (decay=exponential) 8% (96/1170) regret=0.102318 ape=0.5576
[17:50:42] warmStart (decay=exponential) 8% (97/1170) regret=0.102318 ape=0.5576
[17:50:42] warmStart (decay=exponential) 8% (98/1170) regret=0.102318 ape=0.5576
[17:50:42] warmStart (decay=exponential) 8% (99/1170) regret=0.102318 ape=0.5576
[17:50:43] warmStart (decay=exponential) 8% (100/1170) regret=0.102318 ape=0.5576
[17:50:43] warmStart (decay=exponential) 8% (101/1170) regret=0.102318 ape=0.5576
[17:50:43] warmStart (decay=exponential) 8% (102/1170) regret=0.102318 ape=0.5576
[17:50:43] warmStart (decay=exponential) 8% (103/1170) regret=0.102318 ape=0.5576
[17:50:43] warmStart (decay=exponential) 8% (104/1170) regret=0.102318 ape=0.5576
[17:50:43] warmStart (decay=exponential) 8% (105/1170) regret=0.102318 ape=0.5576
[17:50:44] warmStart (decay=exponential) 9% (106/1170) regret=0.102318 ape=0.5576
[17:50:44] warmStart (decay=exponential) 9% (107/1170) regret=0.102318 ape=0.5576
[17:50:44] warmStart (decay=exponential) 9% (108/1170) regret=0.102318 ape=0.5576
[17:50:44] warmStart (decay=exponential) 9% (109/1170) regret=0.102318 ape=0.5576
[17:50:44] warmStart (decay=exponential) 9% (110/1170) regret=0.102318 ape=0.5576
[17:50:45] warmStart (decay=exponential) 9% (111/1170) regret=0.102318 ape=0.5576
[17:50:45] warmStart (decay=exponential) 9% (112/1170) regret=0.102318 ape=0.5576
[17:50:45] warmStart (decay=exponential) 9% (113/1170) regret=0.102318 ape=0.5576
[17:50:45] warmStart (decay=exponential) 9% (114/1170) regret=0.102318 ape=0.5576
[17:50:45] warmStart (decay=exponential) 9% (115/1170) regret=0.102318 ape=0.5576
[17:50:45] warmStart (decay=exponential) 9% (116/1170) regret=0.102318 ape=0.5576
[17:50:46] warmStart (decay=exponential) 10% (117/1170) regret=0.102318 ape=0.5576
[17:50:46] warmStart (decay=exponential) 10% (118/1170) regret=0.102318 ape=0.5576
[17:50:46] warmStart (decay=exponential) 10% (119/1170) regret=0.102318 ape=0.5576
[17:50:46] warmStart (decay=exponential) 10% (120/1170) regret=0.102318 ape=0.5576
[17:50:46] warmStart (decay=exponential) 10% (121/1170) regret=0.102318 ape=0.5576
[17:50:46] warmStart (decay=exponential) 10% (122/1170) regret=0.102318 ape=0.5576
[17:50:47] warmStart (decay=exponential) 10% (123/1170) regret=0.102318 ape=0.5576
[17:50:47] warmStart (decay=exponential) 10% (124/1170) regret=0.102318 ape=0.5576
[17:50:47] warmStart (decay=exponential) 10% (125/1170) regret=0.102318 ape=0.5576
[17:50:47] warmStart (decay=exponential) 10% (126/1170) regret=0.102318 ape=0.5576
[17:50:47] warmStart (decay=exponential) 10% (127/1170) regret=0.102318 ape=0.5576
[17:50:47] warmStart (decay=exponential) 10% (128/1170) regret=0.102318 ape=0.5576
[17:50:48] warmStart (decay=exponential) 11% (129/1170) regret=0.102318 ape=0.5576
[17:50:48] warmStart (decay=exponential) 11% (130/1170) regret=0.102318 ape=0.5576
[17:50:48] warmStart (decay=exponential) 11% (131/1170) regret=0.102318 ape=0.5576
[17:50:48] warmStart (decay=exponential) 11% (132/1170) regret=0.102318 ape=0.5576
[17:50:48] warmStart (decay=exponential) 11% (133/1170) regret=0.102318 ape=0.5576
[17:50:48] warmStart (decay=exponential) 11% (134/1170) regret=0.102318 ape=0.5576
[17:50:49] warmStart (decay=exponential) 11% (135/1170) regret=0.102318 ape=0.5576
[17:50:49] warmStart (decay=exponential) 11% (136/1170) regret=0.102318 ape=0.5576
[17:50:49] warmStart (decay=exponential) 11% (137/1170) regret=0.102318 ape=0.5576
[17:50:49] warmStart (decay=exponential) 11% (138/1170) regret=0.102318 ape=0.5576
[17:50:49] warmStart (decay=exponential) 11% (139/1170) regret=0.102318 ape=0.5576
[17:50:50] warmStart (decay=exponential) 11% (140/1170) regret=0.102318 ape=0.5576
[17:50:50] warmStart (decay=exponential) 12% (141/1170) regret=0.102318 ape=0.5576
[17:50:50] warmStart (decay=exponential) 12% (142/1170) regret=0.102318 ape=0.5576
[17:50:50] warmStart (decay=exponential) 12% (143/1170) regret=0.102318 ape=0.5576
[17:50:50] warmStart (decay=exponential) 12% (144/1170) regret=0.102318 ape=0.5576
[17:50:50] warmStart (decay=exponential) 12% (145/1170) regret=0.102318 ape=0.5576
[17:50:51] warmStart (decay=exponential) 12% (146/1170) regret=0.102318 ape=0.5576
[17:50:51] warmStart (decay=exponential) 12% (147/1170) regret=0.102318 ape=0.5576
[17:50:51] warmStart (decay=exponential) 12% (148/1170) regret=0.102318 ape=0.5576
[17:50:51] warmStart (decay=exponential) 12% (149/1170) regret=0.102318 ape=0.5576
[17:50:51] warmStart (decay=exponential) 12% (150/1170) regret=0.102318 ape=0.5576
[17:50:51] warmStart (decay=exponential) 12% (151/1170) regret=0.102323 ape=0.5585
[17:50:52] warmStart (decay=exponential) 12% (152/1170) regret=0.102323 ape=0.5585
[17:50:52] warmStart (decay=exponential) 13% (153/1170) regret=0.102323 ape=0.5585
[17:50:52] warmStart (decay=exponential) 13% (154/1170) regret=0.102323 ape=0.5585
[17:50:52] warmStart (decay=exponential) 13% (155/1170) regret=0.102323 ape=0.5585
[17:50:52] warmStart (decay=exponential) 13% (156/1170) regret=0.102323 ape=0.5585
[17:50:53] warmStart (decay=exponential) 13% (157/1170) regret=0.102323 ape=0.5585
[17:50:53] warmStart (decay=exponential) 13% (158/1170) regret=0.102323 ape=0.5585
[17:50:53] warmStart (decay=exponential) 13% (159/1170) regret=0.102323 ape=0.5585
[17:50:53] warmStart (decay=exponential) 13% (160/1170) regret=0.102323 ape=0.5585
[17:50:53] warmStart (decay=exponential) 13% (161/1170) regret=0.102323 ape=0.5585
[17:50:53] warmStart (decay=exponential) 13% (162/1170) regret=0.102318 ape=0.5576
[17:50:54] warmStart (decay=exponential) 13% (163/1170) regret=0.102323 ape=0.5585
[17:50:54] warmStart (decay=exponential) 14% (164/1170) regret=0.102323 ape=0.5585
[17:50:54] warmStart (decay=exponential) 14% (165/1170) regret=0.102323 ape=0.5585
[17:50:54] warmStart (decay=exponential) 14% (166/1170) regret=0.102323 ape=0.5585
[17:50:54] warmStart (decay=exponential) 14% (167/1170) regret=0.102323 ape=0.5585
[17:50:55] warmStart (decay=exponential) 14% (168/1170) regret=0.102323 ape=0.5585
[17:50:55] warmStart (decay=exponential) 14% (169/1170) regret=0.102323 ape=0.5585
[17:50:55] warmStart (decay=exponential) 14% (170/1170) regret=0.102323 ape=0.5585
[17:50:55] warmStart (decay=exponential) 14% (171/1170) regret=0.102323 ape=0.5585
[17:50:55] warmStart (decay=exponential) 14% (172/1170) regret=0.102323 ape=0.5585
[17:50:55] warmStart (decay=exponential) 14% (173/1170) regret=0.102323 ape=0.5585
[17:50:56] warmStart (decay=exponential) 14% (174/1170) regret=0.102323 ape=0.5585
[17:50:56] warmStart (decay=exponential) 14% (175/1170) regret=0.102323 ape=0.5585
[17:50:56] warmStart (decay=exponential) 15% (176/1170) regret=0.102323 ape=0.5585
[17:50:56] warmStart (decay=exponential) 15% (177/1170) regret=0.102318 ape=0.5576
[17:50:56] warmStart (decay=exponential) 15% (178/1170) regret=0.102323 ape=0.5585
[17:50:57] warmStart (decay=exponential) 15% (179/1170) regret=0.102323 ape=0.5585
[17:50:57] warmStart (decay=exponential) 15% (180/1170) regret=0.102231 ape=0.5576
[17:50:57] warmStart (decay=exponential) 15% (181/1170) regret=0.102323 ape=0.5585
[17:50:57] warmStart (decay=exponential) 15% (182/1170) regret=0.102323 ape=0.5585
[17:50:57] warmStart (decay=exponential) 15% (183/1170) regret=0.102461 ape=0.5585
[17:50:57] warmStart (decay=exponential) 15% (184/1170) regret=0.102323 ape=0.5585
[17:50:58] warmStart (decay=exponential) 15% (185/1170) regret=0.102323 ape=0.5585
[17:50:58] warmStart (decay=exponential) 15% (186/1170) regret=0.102323 ape=0.5585
[17:50:58] warmStart (decay=exponential) 15% (187/1170) regret=0.102323 ape=0.5585
[17:50:58] warmStart (decay=exponential) 16% (188/1170) regret=0.102323 ape=0.5585
[17:50:58] warmStart (decay=exponential) 16% (189/1170) regret=0.102267 ape=0.5585
[17:50:58] warmStart (decay=exponential) 16% (190/1170) regret=0.102267 ape=0.5585
[17:50:59] warmStart (decay=exponential) 16% (191/1170) regret=0.102267 ape=0.5585
[17:50:59] warmStart (decay=exponential) 16% (192/1170) regret=0.102267 ape=0.5585
[17:50:59] warmStart (decay=exponential) 16% (193/1170) regret=0.102267 ape=0.5585
[17:50:59] warmStart (decay=exponential) 16% (194/1170) regret=0.102267 ape=0.5585
[17:50:59] warmStart (decay=exponential) 16% (195/1170) regret=0.102267 ape=0.5585
[17:50:59] warmStart (decay=exponential) 16% (196/1170) regret=0.102304 ape=0.5585
[17:51:00] warmStart (decay=exponential) 16% (197/1170) regret=0.102267 ape=0.5585
[17:51:00] warmStart (decay=exponential) 16% (198/1170) regret=0.102267 ape=0.5585
[17:51:00] warmStart (decay=exponential) 17% (199/1170) regret=0.102267 ape=0.5585
[17:51:00] warmStart (decay=exponential) 17% (200/1170) regret=0.102267 ape=0.5585
[17:51:00] warmStart (decay=exponential) 17% (201/1170) regret=0.102267 ape=0.5585
[17:51:00] warmStart (decay=exponential) 17% (202/1170) regret=0.102267 ape=0.5585
[17:51:01] warmStart (decay=exponential) 17% (203/1170) regret=0.102267 ape=0.5585
[17:51:01] warmStart (decay=exponential) 17% (204/1170) regret=0.102438 ape=0.5594
[17:51:01] warmStart (decay=exponential) 17% (205/1170) regret=0.102281 ape=0.5594
[17:51:01] warmStart (decay=exponential) 17% (206/1170) regret=0.102281 ape=0.5594
[17:51:01] warmStart (decay=exponential) 17% (207/1170) regret=0.102281 ape=0.5594
[17:51:01] warmStart (decay=exponential) 17% (208/1170) regret=0.102281 ape=0.5594
[17:51:02] warmStart (decay=exponential) 17% (209/1170) regret=0.102267 ape=0.5585
[17:51:02] warmStart (decay=exponential) 17% (210/1170) regret=0.102288 ape=0.5594
[17:51:02] warmStart (decay=exponential) 18% (211/1170) regret=0.102267 ape=0.5585
[17:51:02] warmStart (decay=exponential) 18% (212/1170) regret=0.102267 ape=0.5585
[17:51:02] warmStart (decay=exponential) 18% (213/1170) regret=0.102288 ape=0.5594
[17:51:02] warmStart (decay=exponential) 18% (214/1170) regret=0.102288 ape=0.5594
[17:51:03] warmStart (decay=exponential) 18% (215/1170) regret=0.102288 ape=0.5594
[17:51:03] warmStart (decay=exponential) 18% (216/1170) regret=0.102288 ape=0.5594
[17:51:03] warmStart (decay=exponential) 18% (217/1170) regret=0.102288 ape=0.5594
[17:51:03] warmStart (decay=exponential) 18% (218/1170) regret=0.102281 ape=0.5594
[17:51:03] warmStart (decay=exponential) 18% (219/1170) regret=0.102281 ape=0.5594
[17:51:03] warmStart (decay=exponential) 18% (220/1170) regret=0.102281 ape=0.5594
[17:51:04] warmStart (decay=exponential) 18% (221/1170) regret=0.102281 ape=0.5594
[17:51:04] warmStart (decay=exponential) 18% (222/1170) regret=0.102281 ape=0.5594
[17:51:04] warmStart (decay=exponential) 19% (223/1170) regret=0.102281 ape=0.5594
[17:51:04] warmStart (decay=exponential) 19% (224/1170) regret=0.102281 ape=0.5594
[17:51:04] warmStart (decay=exponential) 19% (225/1170) regret=0.102281 ape=0.5594
[17:51:04] warmStart (decay=exponential) 19% (226/1170) regret=0.102281 ape=0.5594
[17:51:05] warmStart (decay=exponential) 19% (227/1170) regret=0.102267 ape=0.5585
[17:51:05] warmStart (decay=exponential) 19% (228/1170) regret=0.102281 ape=0.5594
[17:51:05] warmStart (decay=exponential) 19% (229/1170) regret=0.102281 ape=0.5594
[17:51:05] warmStart (decay=exponential) 19% (230/1170) regret=0.102288 ape=0.5594
[17:51:05] warmStart (decay=exponential) 19% (231/1170) regret=0.102281 ape=0.5594
[17:51:05] warmStart (decay=exponential) 19% (232/1170) regret=0.102281 ape=0.5594
[17:51:06] warmStart (decay=exponential) 19% (233/1170) regret=0.102288 ape=0.5594
[17:51:06] warmStart (decay=exponential) 20% (234/1170) regret=0.102288 ape=0.5594
[17:51:06] warmStart (decay=exponential) 20% (235/1170) regret=0.102288 ape=0.5594
[17:51:06] warmStart (decay=exponential) 20% (236/1170) regret=0.102288 ape=0.5594
[17:51:06] warmStart (decay=exponential) 20% (237/1170) regret=0.102288 ape=0.5594
[17:51:06] warmStart (decay=exponential) 20% (238/1170) regret=0.102267 ape=0.5585
[17:51:06] warmStart (decay=exponential) 20% (239/1170) regret=0.102267 ape=0.5585
[17:51:07] warmStart (decay=exponential) 20% (240/1170) regret=0.102267 ape=0.5585
[17:51:07] warmStart (decay=exponential) 20% (241/1170) regret=0.102288 ape=0.5594
[17:51:07] warmStart (decay=exponential) 20% (242/1170) regret=0.102267 ape=0.5585
[17:51:07] warmStart (decay=exponential) 20% (243/1170) regret=0.102314 ape=0.5594
[17:51:07] warmStart (decay=exponential) 20% (244/1170) regret=0.102318 ape=0.5594
[17:51:07] warmStart (decay=exponential) 20% (245/1170) regret=0.102332 ape=0.5594
[17:51:08] warmStart (decay=exponential) 21% (246/1170) regret=0.102290 ape=0.5594
[17:51:08] warmStart (decay=exponential) 21% (247/1170) regret=0.102290 ape=0.5594
[17:51:08] warmStart (decay=exponential) 21% (248/1170) regret=0.102290 ape=0.5594
[17:51:08] warmStart (decay=exponential) 21% (249/1170) regret=0.102290 ape=0.5594
[17:51:08] warmStart (decay=exponential) 21% (250/1170) regret=0.102290 ape=0.5594
[17:51:08] warmStart (decay=exponential) 21% (251/1170) regret=0.102267 ape=0.5585
[17:51:09] warmStart (decay=exponential) 21% (252/1170) regret=0.102267 ape=0.5585
[17:51:09] warmStart (decay=exponential) 21% (253/1170) regret=0.102267 ape=0.5585
[17:51:09] warmStart (decay=exponential) 21% (254/1170) regret=0.102267 ape=0.5585
[17:51:09] warmStart (decay=exponential) 21% (255/1170) regret=0.102267 ape=0.5585
[17:51:09] warmStart (decay=exponential) 21% (256/1170) regret=0.102267 ape=0.5585
[17:51:09] warmStart (decay=exponential) 21% (257/1170) regret=0.102267 ape=0.5585
[17:51:10] warmStart (decay=exponential) 22% (258/1170) regret=0.102272 ape=0.5594
[17:51:10] warmStart (decay=exponential) 22% (259/1170) regret=0.102272 ape=0.5594
[17:51:10] warmStart (decay=exponential) 22% (260/1170) regret=0.102290 ape=0.5594
[17:51:10] warmStart (decay=exponential) 22% (261/1170) regret=0.102272 ape=0.5594
[17:51:10] warmStart (decay=exponential) 22% (262/1170) regret=0.102272 ape=0.5594
[17:51:10] warmStart (decay=exponential) 22% (263/1170) regret=0.102272 ape=0.5594
[17:51:11] warmStart (decay=exponential) 22% (264/1170) regret=0.102272 ape=0.5594
[17:51:11] warmStart (decay=exponential) 22% (265/1170) regret=0.102272 ape=0.5594
[17:51:11] warmStart (decay=exponential) 22% (266/1170) regret=0.102272 ape=0.5594
[17:51:11] warmStart (decay=exponential) 22% (267/1170) regret=0.102267 ape=0.5585
[17:51:11] warmStart (decay=exponential) 22% (268/1170) regret=0.102267 ape=0.5585
[17:51:12] warmStart (decay=exponential) 22% (269/1170) regret=0.102267 ape=0.5585
[17:51:12] warmStart (decay=exponential) 23% (270/1170) regret=0.102267 ape=0.5585
[17:51:12] warmStart (decay=exponential) 23% (271/1170) regret=0.102267 ape=0.5585
[17:51:12] warmStart (decay=exponential) 23% (272/1170) regret=0.102267 ape=0.5585
[17:51:12] warmStart (decay=exponential) 23% (273/1170) regret=0.102267 ape=0.5585
[17:51:12] warmStart (decay=exponential) 23% (274/1170) regret=0.102267 ape=0.5585
[17:51:12] warmStart (decay=exponential) 23% (275/1170) regret=0.102267 ape=0.5585
[17:51:13] warmStart (decay=exponential) 23% (276/1170) regret=0.102267 ape=0.5585
[17:51:13] warmStart (decay=exponential) 23% (277/1170) regret=0.102267 ape=0.5585
[17:51:13] warmStart (decay=exponential) 23% (278/1170) regret=0.102267 ape=0.5585
[17:51:13] warmStart (decay=exponential) 23% (279/1170) regret=0.102267 ape=0.5585
[17:51:13] warmStart (decay=exponential) 23% (280/1170) regret=0.102267 ape=0.5585
[17:51:13] warmStart (decay=exponential) 24% (281/1170) regret=0.102267 ape=0.5585
[17:51:14] warmStart (decay=exponential) 24% (282/1170) regret=0.102267 ape=0.5585
[17:51:14] warmStart (decay=exponential) 24% (283/1170) regret=0.102267 ape=0.5585
[17:51:14] warmStart (decay=exponential) 24% (284/1170) regret=0.102267 ape=0.5585
[17:51:14] warmStart (decay=exponential) 24% (285/1170) regret=0.102267 ape=0.5585
[17:51:14] warmStart (decay=exponential) 24% (286/1170) regret=0.102267 ape=0.5585
[17:51:14] warmStart (decay=exponential) 24% (287/1170) regret=0.102267 ape=0.5585
[17:51:15] warmStart (decay=exponential) 24% (288/1170) regret=0.102267 ape=0.5585
[17:51:15] warmStart (decay=exponential) 24% (289/1170) regret=0.102267 ape=0.5585
[17:51:15] warmStart (decay=exponential) 24% (290/1170) regret=0.102267 ape=0.5585
[17:51:15] warmStart (decay=exponential) 24% (291/1170) regret=0.102267 ape=0.5585
[17:51:15] warmStart (decay=exponential) 24% (292/1170) regret=0.102267 ape=0.5585
[17:51:15] warmStart (decay=exponential) 25% (293/1170) regret=0.102267 ape=0.5585
[17:51:16] warmStart (decay=exponential) 25% (294/1170) regret=0.102267 ape=0.5585
[17:51:16] warmStart (decay=exponential) 25% (295/1170) regret=0.102267 ape=0.5585
[17:51:16] warmStart (decay=exponential) 25% (296/1170) regret=0.102267 ape=0.5585
[17:51:16] warmStart (decay=exponential) 25% (297/1170) regret=0.102267 ape=0.5585
[17:51:16] warmStart (decay=exponential) 25% (298/1170) regret=0.102267 ape=0.5585
[17:51:16] warmStart (decay=exponential) 25% (299/1170) regret=0.102267 ape=0.5585
[17:51:17] warmStart (decay=exponential) 25% (300/1170) regret=0.102267 ape=0.5585
[17:51:17] warmStart (decay=exponential) 25% (301/1170) regret=0.102267 ape=0.5585
[17:51:17] warmStart (decay=exponential) 25% (302/1170) regret=0.102267 ape=0.5585
[17:51:17] warmStart (decay=exponential) 25% (303/1170) regret=0.102267 ape=0.5585
[17:51:17] warmStart (decay=exponential) 25% (304/1170) regret=0.102267 ape=0.5585
[17:51:17] warmStart (decay=exponential) 26% (305/1170) regret=0.102267 ape=0.5585
[17:51:18] warmStart (decay=exponential) 26% (306/1170) regret=0.102267 ape=0.5585
[17:51:18] warmStart (decay=exponential) 26% (307/1170) regret=0.102267 ape=0.5585
[17:51:18] warmStart (decay=exponential) 26% (308/1170) regret=0.102267 ape=0.5585
[17:51:18] warmStart (decay=exponential) 26% (309/1170) regret=0.102267 ape=0.5585
[17:51:18] warmStart (decay=exponential) 26% (310/1170) regret=0.102267 ape=0.5585
[17:51:19] warmStart (decay=exponential) 26% (311/1170) regret=0.102267 ape=0.5585
[17:51:19] warmStart (decay=exponential) 26% (312/1170) regret=0.102267 ape=0.5585
[17:51:19] warmStart (decay=exponential) 26% (313/1170) regret=0.102267 ape=0.5585
[17:51:19] warmStart (decay=exponential) 26% (314/1170) regret=0.102267 ape=0.5585
[17:51:19] warmStart (decay=exponential) 26% (315/1170) regret=0.102267 ape=0.5585
[17:51:19] warmStart (decay=exponential) 27% (316/1170) regret=0.102267 ape=0.5585
[17:51:20] warmStart (decay=exponential) 27% (317/1170) regret=0.102267 ape=0.5585
[17:51:20] warmStart (decay=exponential) 27% (318/1170) regret=0.102267 ape=0.5585
[17:51:20] warmStart (decay=exponential) 27% (319/1170) regret=0.102267 ape=0.5585
[17:51:20] warmStart (decay=exponential) 27% (320/1170) regret=0.102267 ape=0.5585
[17:51:20] warmStart (decay=exponential) 27% (321/1170) regret=0.102286 ape=0.5585
[17:51:20] warmStart (decay=exponential) 27% (322/1170) regret=0.102286 ape=0.5585
[17:51:21] warmStart (decay=exponential) 27% (323/1170) regret=0.102286 ape=0.5585
[17:51:21] warmStart (decay=exponential) 27% (324/1170) regret=0.102286 ape=0.5585
[17:51:21] warmStart (decay=exponential) 27% (325/1170) regret=0.102286 ape=0.5585
[17:51:21] warmStart (decay=exponential) 27% (326/1170) regret=0.102286 ape=0.5585
[17:51:21] warmStart (decay=exponential) 27% (327/1170) regret=0.102286 ape=0.5585
[17:51:22] warmStart (decay=exponential) 28% (328/1170) regret=0.102286 ape=0.5585
[17:51:22] warmStart (decay=exponential) 28% (329/1170) regret=0.102286 ape=0.5585
[17:51:22] warmStart (decay=exponential) 28% (330/1170) regret=0.102286 ape=0.5585
[17:51:22] warmStart (decay=exponential) 28% (331/1170) regret=0.102286 ape=0.5585
[17:51:22] warmStart (decay=exponential) 28% (332/1170) regret=0.102286 ape=0.5585
[17:51:23] warmStart (decay=exponential) 28% (333/1170) regret=0.102286 ape=0.5585
[17:51:23] warmStart (decay=exponential) 28% (334/1170) regret=0.102286 ape=0.5585
[17:51:23] warmStart (decay=exponential) 28% (335/1170) regret=0.102286 ape=0.5585
[17:51:23] warmStart (decay=exponential) 28% (336/1170) regret=0.102249 ape=0.5576
[17:51:23] warmStart (decay=exponential) 28% (337/1170) regret=0.102249 ape=0.5576
[17:51:24] warmStart (decay=exponential) 28% (338/1170) regret=0.102249 ape=0.5576
[17:51:24] warmStart (decay=exponential) 28% (339/1170) regret=0.102249 ape=0.5576
[17:51:24] warmStart (decay=exponential) 29% (340/1170) regret=0.102249 ape=0.5576
[17:51:24] warmStart (decay=exponential) 29% (341/1170) regret=0.102249 ape=0.5576
[17:51:24] warmStart (decay=exponential) 29% (342/1170) regret=0.102249 ape=0.5576
[17:51:25] warmStart (decay=exponential) 29% (343/1170) regret=0.102249 ape=0.5576
[17:51:25] warmStart (decay=exponential) 29% (344/1170) regret=0.102249 ape=0.5576
[17:51:25] warmStart (decay=exponential) 29% (345/1170) regret=0.102249 ape=0.5576
[17:51:25] warmStart (decay=exponential) 29% (346/1170) regret=0.102249 ape=0.5576
[17:51:25] warmStart (decay=exponential) 29% (347/1170) regret=0.102249 ape=0.5576
[17:51:26] warmStart (decay=exponential) 29% (348/1170) regret=0.102249 ape=0.5576
[17:51:26] warmStart (decay=exponential) 29% (349/1170) regret=0.102249 ape=0.5576
[17:51:26] warmStart (decay=exponential) 29% (350/1170) regret=0.102249 ape=0.5576
[17:51:26] warmStart (decay=exponential) 30% (351/1170) regret=0.102249 ape=0.5576
[17:51:26] warmStart (decay=exponential) 30% (352/1170) regret=0.102249 ape=0.5576
[17:51:26] warmStart (decay=exponential) 30% (353/1170) regret=0.102249 ape=0.5576
[17:51:26] warmStart (decay=exponential) 30% (354/1170) regret=0.102249 ape=0.5576
[17:51:27] warmStart (decay=exponential) 30% (355/1170) regret=0.102249 ape=0.5576
[17:51:27] warmStart (decay=exponential) 30% (356/1170) regret=0.102249 ape=0.5576
[17:51:27] warmStart (decay=exponential) 30% (357/1170) regret=0.102249 ape=0.5576
[17:51:27] warmStart (decay=exponential) 30% (358/1170) regret=0.102249 ape=0.5576
[17:51:27] warmStart (decay=exponential) 30% (359/1170) regret=0.102249 ape=0.5576
[17:51:27] warmStart (decay=exponential) 30% (360/1170) regret=0.102249 ape=0.5576
[17:51:28] warmStart (decay=exponential) 30% (361/1170) regret=0.102249 ape=0.5576
[17:51:28] warmStart (decay=exponential) 30% (362/1170) regret=0.102249 ape=0.5576
[17:51:28] warmStart (decay=exponential) 31% (363/1170) regret=0.102249 ape=0.5576
[17:51:28] warmStart (decay=exponential) 31% (364/1170) regret=0.102249 ape=0.5576
[17:51:28] warmStart (decay=exponential) 31% (365/1170) regret=0.102249 ape=0.5576
[17:51:28] warmStart (decay=exponential) 31% (366/1170) regret=0.102249 ape=0.5576
[17:51:29] warmStart (decay=exponential) 31% (367/1170) regret=0.102249 ape=0.5576
[17:51:29] warmStart (decay=exponential) 31% (368/1170) regret=0.102249 ape=0.5576
[17:51:29] warmStart (decay=exponential) 31% (369/1170) regret=0.102249 ape=0.5576
[17:51:29] warmStart (decay=exponential) 31% (370/1170) regret=0.102249 ape=0.5576
[17:51:29] warmStart (decay=exponential) 31% (371/1170) regret=0.102249 ape=0.5576
[17:51:29] warmStart (decay=exponential) 31% (372/1170) regret=0.102249 ape=0.5576
[17:51:29] warmStart (decay=exponential) 31% (373/1170) regret=0.102249 ape=0.5576
[17:51:30] warmStart (decay=exponential) 31% (374/1170) regret=0.102249 ape=0.5576
[17:51:30] warmStart (decay=exponential) 32% (375/1170) regret=0.102249 ape=0.5576
[17:51:30] warmStart (decay=exponential) 32% (376/1170) regret=0.102249 ape=0.5576
[17:51:30] warmStart (decay=exponential) 32% (377/1170) regret=0.102249 ape=0.5576
[17:51:30] warmStart (decay=exponential) 32% (378/1170) regret=0.102249 ape=0.5576
[17:51:30] warmStart (decay=exponential) 32% (379/1170) regret=0.102249 ape=0.5576
[17:51:31] warmStart (decay=exponential) 32% (380/1170) regret=0.102249 ape=0.5576
[17:51:31] warmStart (decay=exponential) 32% (381/1170) regret=0.102249 ape=0.5576
[17:51:31] warmStart (decay=exponential) 32% (382/1170) regret=0.102249 ape=0.5576
[17:51:31] warmStart (decay=exponential) 32% (383/1170) regret=0.102249 ape=0.5576
[17:51:31] warmStart (decay=exponential) 32% (384/1170) regret=0.102249 ape=0.5576
[17:51:31] warmStart (decay=exponential) 32% (385/1170) regret=0.102249 ape=0.5576
[17:51:32] warmStart (decay=exponential) 32% (386/1170) regret=0.102249 ape=0.5576
[17:51:32] warmStart (decay=exponential) 33% (387/1170) regret=0.102249 ape=0.5576
[17:51:32] warmStart (decay=exponential) 33% (388/1170) regret=0.102249 ape=0.5576
[17:51:32] warmStart (decay=exponential) 33% (389/1170) regret=0.102249 ape=0.5576
[17:51:32] warmStart (decay=exponential) 33% (390/1170) regret=0.102249 ape=0.5576
[17:51:32] warmStart (decay=exponential) 33% (391/1170) regret=0.102249 ape=0.5576
[17:51:32] warmStart (decay=exponential) 33% (392/1170) regret=0.102249 ape=0.5576
[17:51:33] warmStart (decay=exponential) 33% (393/1170) regret=0.102249 ape=0.5576
[17:51:33] warmStart (decay=exponential) 33% (394/1170) regret=0.102249 ape=0.5576
[17:51:33] warmStart (decay=exponential) 33% (395/1170) regret=0.102249 ape=0.5576
[17:51:33] warmStart (decay=exponential) 33% (396/1170) regret=0.102249 ape=0.5576
[17:51:33] warmStart (decay=exponential) 33% (397/1170) regret=0.102249 ape=0.5576
[17:51:33] warmStart (decay=exponential) 34% (398/1170) regret=0.102249 ape=0.5576
[17:51:34] warmStart (decay=exponential) 34% (399/1170) regret=0.102249 ape=0.5576
[17:51:34] warmStart (decay=exponential) 34% (400/1170) regret=0.102249 ape=0.5576
[17:51:34] warmStart (decay=exponential) 34% (401/1170) regret=0.102249 ape=0.5576
[17:51:34] warmStart (decay=exponential) 34% (402/1170) regret=0.102249 ape=0.5576
[17:51:34] warmStart (decay=exponential) 34% (403/1170) regret=0.102249 ape=0.5576
[17:51:34] warmStart (decay=exponential) 34% (404/1170) regret=0.102249 ape=0.5576
[17:51:35] warmStart (decay=exponential) 34% (405/1170) regret=0.102249 ape=0.5576
[17:51:35] warmStart (decay=exponential) 34% (406/1170) regret=0.102249 ape=0.5576
[17:51:35] warmStart (decay=exponential) 34% (407/1170) regret=0.102249 ape=0.5576
[17:51:35] warmStart (decay=exponential) 34% (408/1170) regret=0.102249 ape=0.5576
[17:51:35] warmStart (decay=exponential) 34% (409/1170) regret=0.102249 ape=0.5576
[17:51:35] warmStart (decay=exponential) 35% (410/1170) regret=0.102249 ape=0.5576
[17:51:35] warmStart (decay=exponential) 35% (411/1170) regret=0.102249 ape=0.5576
[17:51:36] warmStart (decay=exponential) 35% (412/1170) regret=0.102249 ape=0.5576
[17:51:36] warmStart (decay=exponential) 35% (413/1170) regret=0.102249 ape=0.5576
[17:51:36] warmStart (decay=exponential) 35% (414/1170) regret=0.102249 ape=0.5576
[17:51:36] warmStart (decay=exponential) 35% (415/1170) regret=0.102249 ape=0.5576
[17:51:36] warmStart (decay=exponential) 35% (416/1170) regret=0.102249 ape=0.5576
[17:51:36] warmStart (decay=exponential) 35% (417/1170) regret=0.102249 ape=0.5576
[17:51:37] warmStart (decay=exponential) 35% (418/1170) regret=0.102249 ape=0.5576
[17:51:37] warmStart (decay=exponential) 35% (419/1170) regret=0.102249 ape=0.5576
[17:51:37] warmStart (decay=exponential) 35% (420/1170) regret=0.102249 ape=0.5576
[17:51:37] warmStart (decay=exponential) 35% (421/1170) regret=0.102249 ape=0.5576
[17:51:37] warmStart (decay=exponential) 36% (422/1170) regret=0.102249 ape=0.5576
[17:51:37] warmStart (decay=exponential) 36% (423/1170) regret=0.102249 ape=0.5576
[17:51:38] warmStart (decay=exponential) 36% (424/1170) regret=0.102249 ape=0.5576
[17:51:38] warmStart (decay=exponential) 36% (425/1170) regret=0.102249 ape=0.5576
[17:51:38] warmStart (decay=exponential) 36% (426/1170) regret=0.102249 ape=0.5576
[17:51:38] warmStart (decay=exponential) 36% (427/1170) regret=0.102249 ape=0.5576
[17:51:38] warmStart (decay=exponential) 36% (428/1170) regret=0.102249 ape=0.5576
[17:51:38] warmStart (decay=exponential) 36% (429/1170) regret=0.102249 ape=0.5576
[17:51:38] warmStart (decay=exponential) 36% (430/1170) regret=0.102249 ape=0.5576
[17:51:39] warmStart (decay=exponential) 36% (431/1170) regret=0.102249 ape=0.5576
[17:51:39] warmStart (decay=exponential) 36% (432/1170) regret=0.102249 ape=0.5576
[17:51:39] warmStart (decay=exponential) 37% (433/1170) regret=0.102249 ape=0.5576
[17:51:39] warmStart (decay=exponential) 37% (434/1170) regret=0.102249 ape=0.5576
[17:51:39] warmStart (decay=exponential) 37% (435/1170) regret=0.102249 ape=0.5576
[17:51:39] warmStart (decay=exponential) 37% (436/1170) regret=0.102249 ape=0.5576
[17:51:40] warmStart (decay=exponential) 37% (437/1170) regret=0.102249 ape=0.5576
[17:51:40] warmStart (decay=exponential) 37% (438/1170) regret=0.102249 ape=0.5576
[17:51:40] warmStart (decay=exponential) 37% (439/1170) regret=0.102249 ape=0.5576
[17:51:40] warmStart (decay=exponential) 37% (440/1170) regret=0.102249 ape=0.5576
[17:51:40] warmStart (decay=exponential) 37% (441/1170) regret=0.102249 ape=0.5576
[17:51:41] warmStart (decay=exponential) 37% (442/1170) regret=0.102249 ape=0.5576
[17:51:41] warmStart (decay=exponential) 37% (443/1170) regret=0.102249 ape=0.5576
[17:51:41] warmStart (decay=exponential) 37% (444/1170) regret=0.102249 ape=0.5576
[17:51:41] warmStart (decay=exponential) 38% (445/1170) regret=0.102249 ape=0.5576
[17:51:41] warmStart (decay=exponential) 38% (446/1170) regret=0.102249 ape=0.5576
[17:51:41] warmStart (decay=exponential) 38% (447/1170) regret=0.102249 ape=0.5576
[17:51:41] warmStart (decay=exponential) 38% (448/1170) regret=0.102249 ape=0.5576
[17:51:42] warmStart (decay=exponential) 38% (449/1170) regret=0.102249 ape=0.5576
[17:51:42] warmStart (decay=exponential) 38% (450/1170) regret=0.102249 ape=0.5576
[17:51:42] warmStart (decay=exponential) 38% (451/1170) regret=0.102249 ape=0.5576
[17:51:42] warmStart (decay=exponential) 38% (452/1170) regret=0.102249 ape=0.5576
[17:51:42] warmStart (decay=exponential) 38% (453/1170) regret=0.102249 ape=0.5576
[17:51:42] warmStart (decay=exponential) 38% (454/1170) regret=0.102314 ape=0.5576
[17:51:43] warmStart (decay=exponential) 38% (455/1170) regret=0.102323 ape=0.5576
[17:51:43] warmStart (decay=exponential) 38% (456/1170) regret=0.102295 ape=0.5576
[17:51:43] warmStart (decay=exponential) 39% (457/1170) regret=0.102295 ape=0.5576
[17:51:43] warmStart (decay=exponential) 39% (458/1170) regret=0.102295 ape=0.5576
[17:51:43] warmStart (decay=exponential) 39% (459/1170) regret=0.102295 ape=0.5576
[17:51:44] warmStart (decay=exponential) 39% (460/1170) regret=0.102295 ape=0.5576
[17:51:44] warmStart (decay=exponential) 39% (461/1170) regret=0.102161 ape=0.5567
[17:51:44] warmStart (decay=exponential) 39% (462/1170) regret=0.102161 ape=0.5567
[17:51:44] warmStart (decay=exponential) 39% (463/1170) regret=0.102161 ape=0.5567
[17:51:44] warmStart (decay=exponential) 39% (464/1170) regret=0.102161 ape=0.5567
[17:51:44] warmStart (decay=exponential) 39% (465/1170) regret=0.102161 ape=0.5567
[17:51:45] warmStart (decay=exponential) 39% (466/1170) regret=0.102161 ape=0.5567
[17:51:45] warmStart (decay=exponential) 39% (467/1170) regret=0.102161 ape=0.5567
[17:51:45] warmStart (decay=exponential) 40% (468/1170) regret=0.102161 ape=0.5567
[17:51:45] warmStart (decay=exponential) 40% (469/1170) regret=0.102161 ape=0.5567
[17:51:45] warmStart (decay=exponential) 40% (470/1170) regret=0.102161 ape=0.5567
[17:51:46] warmStart (decay=exponential) 40% (471/1170) regret=0.102161 ape=0.5567
[17:51:46] warmStart (decay=exponential) 40% (472/1170) regret=0.102161 ape=0.5567
[17:51:46] warmStart (decay=exponential) 40% (473/1170) regret=0.102161 ape=0.5567
[17:51:46] warmStart (decay=exponential) 40% (474/1170) regret=0.102161 ape=0.5567
[17:51:46] warmStart (decay=exponential) 40% (475/1170) regret=0.102161 ape=0.5567
[17:51:46] warmStart (decay=exponential) 40% (476/1170) regret=0.102161 ape=0.5567
[17:51:47] warmStart (decay=exponential) 40% (477/1170) regret=0.102161 ape=0.5567
[17:51:47] warmStart (decay=exponential) 40% (478/1170) regret=0.102161 ape=0.5567
[17:51:47] warmStart (decay=exponential) 40% (479/1170) regret=0.102161 ape=0.5567
[17:51:47] warmStart (decay=exponential) 41% (480/1170) regret=0.102161 ape=0.5567
[17:51:47] warmStart (decay=exponential) 41% (481/1170) regret=0.102161 ape=0.5567
[17:51:48] warmStart (decay=exponential) 41% (482/1170) regret=0.102161 ape=0.5567
[17:51:48] warmStart (decay=exponential) 41% (483/1170) regret=0.102161 ape=0.5567
[17:51:48] warmStart (decay=exponential) 41% (484/1170) regret=0.102161 ape=0.5567
[17:51:48] warmStart (decay=exponential) 41% (485/1170) regret=0.102161 ape=0.5567
[17:51:48] warmStart (decay=exponential) 41% (486/1170) regret=0.102161 ape=0.5567
[17:51:49] warmStart (decay=exponential) 41% (487/1170) regret=0.102161 ape=0.5567
[17:51:49] warmStart (decay=exponential) 41% (488/1170) regret=0.102161 ape=0.5567
[17:51:49] warmStart (decay=exponential) 41% (489/1170) regret=0.102203 ape=0.5576
[17:51:49] warmStart (decay=exponential) 41% (490/1170) regret=0.102194 ape=0.5576
[17:51:49] warmStart (decay=exponential) 41% (491/1170) regret=0.102161 ape=0.5567
[17:51:49] warmStart (decay=exponential) 42% (492/1170) regret=0.102161 ape=0.5567
[17:51:50] warmStart (decay=exponential) 42% (493/1170) regret=0.102161 ape=0.5567
[17:51:50] warmStart (decay=exponential) 42% (494/1170) regret=0.102161 ape=0.5567
[17:51:50] warmStart (decay=exponential) 42% (495/1170) regret=0.102161 ape=0.5567
[17:51:50] warmStart (decay=exponential) 42% (496/1170) regret=0.102161 ape=0.5567
[17:51:50] warmStart (decay=exponential) 42% (497/1170) regret=0.102161 ape=0.5567
[17:51:50] warmStart (decay=exponential) 42% (498/1170) regret=0.102161 ape=0.5567
[17:51:51] warmStart (decay=exponential) 42% (499/1170) regret=0.102161 ape=0.5567
[17:51:51] warmStart (decay=exponential) 42% (500/1170) regret=0.102161 ape=0.5567
[17:51:51] warmStart (decay=exponential) 42% (501/1170) regret=0.102161 ape=0.5567
[17:51:51] warmStart (decay=exponential) 42% (502/1170) regret=0.102161 ape=0.5567
[17:51:51] warmStart (decay=exponential) 42% (503/1170) regret=0.102161 ape=0.5567
[17:51:52] warmStart (decay=exponential) 43% (504/1170) regret=0.102161 ape=0.5567
[17:51:52] warmStart (decay=exponential) 43% (505/1170) regret=0.102161 ape=0.5567
[17:51:52] warmStart (decay=exponential) 43% (506/1170) regret=0.102161 ape=0.5567
[17:51:52] warmStart (decay=exponential) 43% (507/1170) regret=0.102161 ape=0.5567
[17:51:52] warmStart (decay=exponential) 43% (508/1170) regret=0.102161 ape=0.5567
[17:51:52] warmStart (decay=exponential) 43% (509/1170) regret=0.102161 ape=0.5567
[17:51:53] warmStart (decay=exponential) 43% (510/1170) regret=0.102161 ape=0.5567
[17:51:53] warmStart (decay=exponential) 43% (511/1170) regret=0.102161 ape=0.5567
[17:51:53] warmStart (decay=exponential) 43% (512/1170) regret=0.102161 ape=0.5567
[17:51:53] warmStart (decay=exponential) 43% (513/1170) regret=0.102161 ape=0.5567
[17:51:53] warmStart (decay=exponential) 43% (514/1170) regret=0.102161 ape=0.5567
[17:51:53] warmStart (decay=exponential) 44% (515/1170) regret=0.102161 ape=0.5567
[17:51:54] warmStart (decay=exponential) 44% (516/1170) regret=0.102161 ape=0.5567
[17:51:54] warmStart (decay=exponential) 44% (517/1170) regret=0.102161 ape=0.5567
[17:51:54] warmStart (decay=exponential) 44% (518/1170) regret=0.102161 ape=0.5567
[17:51:54] warmStart (decay=exponential) 44% (519/1170) regret=0.102161 ape=0.5567
[17:51:54] warmStart (decay=exponential) 44% (520/1170) regret=0.102161 ape=0.5567
[17:51:55] warmStart (decay=exponential) 44% (521/1170) regret=0.102161 ape=0.5567
[17:51:55] warmStart (decay=exponential) 44% (522/1170) regret=0.102161 ape=0.5567
[17:51:55] warmStart (decay=exponential) 44% (523/1170) regret=0.102161 ape=0.5567
[17:51:55] warmStart (decay=exponential) 44% (524/1170) regret=0.102161 ape=0.5567
[17:51:55] warmStart (decay=exponential) 44% (525/1170) regret=0.102161 ape=0.5567
[17:51:55] warmStart (decay=exponential) 44% (526/1170) regret=0.102161 ape=0.5567
[17:51:56] warmStart (decay=exponential) 45% (527/1170) regret=0.102161 ape=0.5567
[17:51:56] warmStart (decay=exponential) 45% (528/1170) regret=0.102161 ape=0.5567
[17:51:56] warmStart (decay=exponential) 45% (529/1170) regret=0.102161 ape=0.5567
[17:51:56] warmStart (decay=exponential) 45% (530/1170) regret=0.102161 ape=0.5567
[17:51:56] warmStart (decay=exponential) 45% (531/1170) regret=0.102161 ape=0.5567
[17:51:56] warmStart (decay=exponential) 45% (532/1170) regret=0.102161 ape=0.5567
[17:51:57] warmStart (decay=exponential) 45% (533/1170) regret=0.102258 ape=0.5567
[17:51:57] warmStart (decay=exponential) 45% (534/1170) regret=0.102157 ape=0.5567
[17:51:57] warmStart (decay=exponential) 45% (535/1170) regret=0.102157 ape=0.5567
[17:51:57] warmStart (decay=exponential) 45% (536/1170) regret=0.102161 ape=0.5567
[17:51:57] warmStart (decay=exponential) 45% (537/1170) regret=0.102161 ape=0.5567
[17:51:58] warmStart (decay=exponential) 45% (538/1170) regret=0.102161 ape=0.5567
[17:51:58] warmStart (decay=exponential) 46% (539/1170) regret=0.102161 ape=0.5567
[17:51:58] warmStart (decay=exponential) 46% (540/1170) regret=0.102161 ape=0.5567
[17:51:58] warmStart (decay=exponential) 46% (541/1170) regret=0.102161 ape=0.5567
[17:51:58] warmStart (decay=exponential) 46% (542/1170) regret=0.102161 ape=0.5567
[17:51:58] warmStart (decay=exponential) 46% (543/1170) regret=0.102161 ape=0.5567
[17:51:59] warmStart (decay=exponential) 46% (544/1170) regret=0.102138 ape=0.5567
[17:51:59] warmStart (decay=exponential) 46% (545/1170) regret=0.102138 ape=0.5567
[17:51:59] warmStart (decay=exponential) 46% (546/1170) regret=0.102138 ape=0.5567
[17:51:59] warmStart (decay=exponential) 46% (547/1170) regret=0.102138 ape=0.5567
[17:51:59] warmStart (decay=exponential) 46% (548/1170) regret=0.102138 ape=0.5567
[17:52:00] warmStart (decay=exponential) 46% (549/1170) regret=0.102138 ape=0.5567
[17:52:00] warmStart (decay=exponential) 47% (550/1170) regret=0.102138 ape=0.5567
[17:52:00] warmStart (decay=exponential) 47% (551/1170) regret=0.102138 ape=0.5567
[17:52:00] warmStart (decay=exponential) 47% (552/1170) regret=0.102138 ape=0.5567
[17:52:00] warmStart (decay=exponential) 47% (553/1170) regret=0.102138 ape=0.5567
[17:52:00] warmStart (decay=exponential) 47% (554/1170) regret=0.102138 ape=0.5567
[17:52:01] warmStart (decay=exponential) 47% (555/1170) regret=0.102138 ape=0.5567
[17:52:01] warmStart (decay=exponential) 47% (556/1170) regret=0.102106 ape=0.5558
[17:52:01] warmStart (decay=exponential) 47% (557/1170) regret=0.102106 ape=0.5558
[17:52:01] warmStart (decay=exponential) 47% (558/1170) regret=0.102106 ape=0.5558
[17:52:01] warmStart (decay=exponential) 47% (559/1170) regret=0.102106 ape=0.5558
[17:52:02] warmStart (decay=exponential) 47% (560/1170) regret=0.102161 ape=0.5567
[17:52:02] warmStart (decay=exponential) 47% (561/1170) regret=0.102138 ape=0.5567
[17:52:02] warmStart (decay=exponential) 48% (562/1170) regret=0.102138 ape=0.5567
[17:52:02] warmStart (decay=exponential) 48% (563/1170) regret=0.102138 ape=0.5567
[17:52:02] warmStart (decay=exponential) 48% (564/1170) regret=0.102138 ape=0.5567
[17:52:03] warmStart (decay=exponential) 48% (565/1170) regret=0.102161 ape=0.5567
[17:52:03] warmStart (decay=exponential) 48% (566/1170) regret=0.102161 ape=0.5567
[17:52:03] warmStart (decay=exponential) 48% (567/1170) regret=0.102106 ape=0.5558
[17:52:03] warmStart (decay=exponential) 48% (568/1170) regret=0.102106 ape=0.5558
[17:52:03] warmStart (decay=exponential) 48% (569/1170) regret=0.102106 ape=0.5558
[17:52:03] warmStart (decay=exponential) 48% (570/1170) regret=0.102106 ape=0.5558
[17:52:04] warmStart (decay=exponential) 48% (571/1170) regret=0.102106 ape=0.5558
[17:52:04] warmStart (decay=exponential) 48% (572/1170) regret=0.102106 ape=0.5558
[17:52:04] warmStart (decay=exponential) 48% (573/1170) regret=0.102106 ape=0.5558
[17:52:04] warmStart (decay=exponential) 49% (574/1170) regret=0.102106 ape=0.5558
[17:52:04] warmStart (decay=exponential) 49% (575/1170) regret=0.102106 ape=0.5558
[17:52:05] warmStart (decay=exponential) 49% (576/1170) regret=0.102161 ape=0.5567
[17:52:05] warmStart (decay=exponential) 49% (577/1170) regret=0.102161 ape=0.5567
[17:52:05] warmStart (decay=exponential) 49% (578/1170) regret=0.102161 ape=0.5567
[17:52:05] warmStart (decay=exponential) 49% (579/1170) regret=0.102161 ape=0.5567
[17:52:05] warmStart (decay=exponential) 49% (580/1170) regret=0.102161 ape=0.5567
[17:52:05] warmStart (decay=exponential) 49% (581/1170) regret=0.102106 ape=0.5558
[17:52:06] warmStart (decay=exponential) 49% (582/1170) regret=0.102161 ape=0.5567
[17:52:06] warmStart (decay=exponential) 49% (583/1170) regret=0.102161 ape=0.5567
[17:52:06] warmStart (decay=exponential) 49% (584/1170) regret=0.102161 ape=0.5567
[17:52:06] warmStart (decay=exponential) 50% (585/1170) regret=0.102028 ape=0.5558
[17:52:06] warmStart (decay=exponential) 50% (586/1170) regret=0.102028 ape=0.5558
[17:52:06] warmStart (decay=exponential) 50% (587/1170) regret=0.102028 ape=0.5558
[17:52:07] warmStart (decay=exponential) 50% (588/1170) regret=0.102028 ape=0.5558
[17:52:07] warmStart (decay=exponential) 50% (589/1170) regret=0.102028 ape=0.5558
[17:52:07] warmStart (decay=exponential) 50% (590/1170) regret=0.102028 ape=0.5558
[17:52:07] warmStart (decay=exponential) 50% (591/1170) regret=0.102028 ape=0.5558
[17:52:07] warmStart (decay=exponential) 50% (592/1170) regret=0.102028 ape=0.5558
[17:52:07] warmStart (decay=exponential) 50% (593/1170) regret=0.102028 ape=0.5558
[17:52:08] warmStart (decay=exponential) 50% (594/1170) regret=0.102028 ape=0.5558
[17:52:08] warmStart (decay=exponential) 50% (595/1170) regret=0.102028 ape=0.5558
[17:52:08] warmStart (decay=exponential) 50% (596/1170) regret=0.102028 ape=0.5558
[17:52:08] warmStart (decay=exponential) 51% (597/1170) regret=0.102028 ape=0.5558
[17:52:08] warmStart (decay=exponential) 51% (598/1170) regret=0.102028 ape=0.5558
[17:52:08] warmStart (decay=exponential) 51% (599/1170) regret=0.102028 ape=0.5558
[17:52:09] warmStart (decay=exponential) 51% (600/1170) regret=0.102028 ape=0.5558
[17:52:09] warmStart (decay=exponential) 51% (601/1170) regret=0.102028 ape=0.5558
[17:52:09] warmStart (decay=exponential) 51% (602/1170) regret=0.102028 ape=0.5558
[17:52:09] warmStart (decay=exponential) 51% (603/1170) regret=0.102028 ape=0.5558
[17:52:09] warmStart (decay=exponential) 51% (604/1170) regret=0.102028 ape=0.5558
[17:52:09] warmStart (decay=exponential) 51% (605/1170) regret=0.102028 ape=0.5558
[17:52:10] warmStart (decay=exponential) 51% (606/1170) regret=0.102028 ape=0.5558
[17:52:10] warmStart (decay=exponential) 51% (607/1170) regret=0.102028 ape=0.5558
[17:52:10] warmStart (decay=exponential) 51% (608/1170) regret=0.102028 ape=0.5558
[17:52:10] warmStart (decay=exponential) 52% (609/1170) regret=0.102028 ape=0.5558
[17:52:10] warmStart (decay=exponential) 52% (610/1170) regret=0.102028 ape=0.5558
[17:52:10] warmStart (decay=exponential) 52% (611/1170) regret=0.102028 ape=0.5558
[17:52:11] warmStart (decay=exponential) 52% (612/1170) regret=0.102028 ape=0.5558
[17:52:11] warmStart (decay=exponential) 52% (613/1170) regret=0.102028 ape=0.5558
[17:52:11] warmStart (decay=exponential) 52% (614/1170) regret=0.102028 ape=0.5558
[17:52:11] warmStart (decay=exponential) 52% (615/1170) regret=0.102028 ape=0.5558
[17:52:11] warmStart (decay=exponential) 52% (616/1170) regret=0.102028 ape=0.5558
[17:52:11] warmStart (decay=exponential) 52% (617/1170) regret=0.102028 ape=0.5558
[17:52:12] warmStart (decay=exponential) 52% (618/1170) regret=0.102028 ape=0.5558
[17:52:12] warmStart (decay=exponential) 52% (619/1170) regret=0.102028 ape=0.5558
[17:52:12] warmStart (decay=exponential) 52% (620/1170) regret=0.102028 ape=0.5558
[17:52:12] warmStart (decay=exponential) 53% (621/1170) regret=0.102028 ape=0.5558
[17:52:12] warmStart (decay=exponential) 53% (622/1170) regret=0.102028 ape=0.5558
[17:52:12] warmStart (decay=exponential) 53% (623/1170) regret=0.102028 ape=0.5558
[17:52:13] warmStart (decay=exponential) 53% (624/1170) regret=0.102028 ape=0.5558
[17:52:13] warmStart (decay=exponential) 53% (625/1170) regret=0.102028 ape=0.5558
[17:52:13] warmStart (decay=exponential) 53% (626/1170) regret=0.102028 ape=0.5558
[17:52:13] warmStart (decay=exponential) 53% (627/1170) regret=0.102028 ape=0.5558
[17:52:13] warmStart (decay=exponential) 53% (628/1170) regret=0.102028 ape=0.5558
[17:52:13] warmStart (decay=exponential) 53% (629/1170) regret=0.102028 ape=0.5558
[17:52:14] warmStart (decay=exponential) 53% (630/1170) regret=0.102028 ape=0.5558
[17:52:14] warmStart (decay=exponential) 53% (631/1170) regret=0.102028 ape=0.5558
[17:52:14] warmStart (decay=exponential) 54% (632/1170) regret=0.102028 ape=0.5558
[17:52:14] warmStart (decay=exponential) 54% (633/1170) regret=0.102028 ape=0.5558
[17:52:14] warmStart (decay=exponential) 54% (634/1170) regret=0.102028 ape=0.5558
[17:52:14] warmStart (decay=exponential) 54% (635/1170) regret=0.102028 ape=0.5558
[17:52:15] warmStart (decay=exponential) 54% (636/1170) regret=0.102028 ape=0.5558
[17:52:15] warmStart (decay=exponential) 54% (637/1170) regret=0.102028 ape=0.5558
[17:52:15] warmStart (decay=exponential) 54% (638/1170) regret=0.102028 ape=0.5558
[17:52:15] warmStart (decay=exponential) 54% (639/1170) regret=0.102028 ape=0.5558
[17:52:15] warmStart (decay=exponential) 54% (640/1170) regret=0.102028 ape=0.5558
[17:52:15] warmStart (decay=exponential) 54% (641/1170) regret=0.102028 ape=0.5558
[17:52:16] warmStart (decay=exponential) 54% (642/1170) regret=0.102028 ape=0.5558
[17:52:16] warmStart (decay=exponential) 54% (643/1170) regret=0.102028 ape=0.5558
[17:52:16] warmStart (decay=exponential) 55% (644/1170) regret=0.102028 ape=0.5558
[17:52:16] warmStart (decay=exponential) 55% (645/1170) regret=0.102028 ape=0.5558
[17:52:16] warmStart (decay=exponential) 55% (646/1170) regret=0.102028 ape=0.5558
[17:52:16] warmStart (decay=exponential) 55% (647/1170) regret=0.102028 ape=0.5558
[17:52:17] warmStart (decay=exponential) 55% (648/1170) regret=0.102028 ape=0.5558
[17:52:17] warmStart (decay=exponential) 55% (649/1170) regret=0.102028 ape=0.5558
[17:52:17] warmStart (decay=exponential) 55% (650/1170) regret=0.102028 ape=0.5558
[17:52:17] warmStart (decay=exponential) 55% (651/1170) regret=0.102028 ape=0.5558
[17:52:17] warmStart (decay=exponential) 55% (652/1170) regret=0.102028 ape=0.5558
[17:52:17] warmStart (decay=exponential) 55% (653/1170) regret=0.102028 ape=0.5558
[17:52:18] warmStart (decay=exponential) 55% (654/1170) regret=0.102028 ape=0.5558
[17:52:18] warmStart (decay=exponential) 55% (655/1170) regret=0.102028 ape=0.5558
[17:52:18] warmStart (decay=exponential) 56% (656/1170) regret=0.102028 ape=0.5558
[17:52:18] warmStart (decay=exponential) 56% (657/1170) regret=0.102028 ape=0.5558
[17:52:18] warmStart (decay=exponential) 56% (658/1170) regret=0.102028 ape=0.5558
[17:52:18] warmStart (decay=exponential) 56% (659/1170) regret=0.102028 ape=0.5558
[17:52:19] warmStart (decay=exponential) 56% (660/1170) regret=0.102028 ape=0.5558
[17:52:19] warmStart (decay=exponential) 56% (661/1170) regret=0.102028 ape=0.5558
[17:52:19] warmStart (decay=exponential) 56% (662/1170) regret=0.102028 ape=0.5558
[17:52:19] warmStart (decay=exponential) 56% (663/1170) regret=0.102028 ape=0.5558
[17:52:19] warmStart (decay=exponential) 56% (664/1170) regret=0.102028 ape=0.5558
[17:52:19] warmStart (decay=exponential) 56% (665/1170) regret=0.102028 ape=0.5558
[17:52:20] warmStart (decay=exponential) 56% (666/1170) regret=0.102028 ape=0.5558
[17:52:20] warmStart (decay=exponential) 57% (667/1170) regret=0.102028 ape=0.5558
[17:52:20] warmStart (decay=exponential) 57% (668/1170) regret=0.102028 ape=0.5558
[17:52:20] warmStart (decay=exponential) 57% (669/1170) regret=0.102028 ape=0.5558
[17:52:20] warmStart (decay=exponential) 57% (670/1170) regret=0.102028 ape=0.5558
[17:52:20] warmStart (decay=exponential) 57% (671/1170) regret=0.102028 ape=0.5558
[17:52:21] warmStart (decay=exponential) 57% (672/1170) regret=0.102028 ape=0.5558
[17:52:21] warmStart (decay=exponential) 57% (673/1170) regret=0.102028 ape=0.5558
[17:52:21] warmStart (decay=exponential) 57% (674/1170) regret=0.102028 ape=0.5558
[17:52:21] warmStart (decay=exponential) 57% (675/1170) regret=0.102028 ape=0.5558
[17:52:21] warmStart (decay=exponential) 57% (676/1170) regret=0.102028 ape=0.5558
[17:52:22] warmStart (decay=exponential) 57% (677/1170) regret=0.102028 ape=0.5558
[17:52:22] warmStart (decay=exponential) 57% (678/1170) regret=0.102028 ape=0.5558
[17:52:22] warmStart (decay=exponential) 58% (679/1170) regret=0.102028 ape=0.5558
[17:52:22] warmStart (decay=exponential) 58% (680/1170) regret=0.102028 ape=0.5558
[17:52:22] warmStart (decay=exponential) 58% (681/1170) regret=0.102028 ape=0.5558
[17:52:22] warmStart (decay=exponential) 58% (682/1170) regret=0.102028 ape=0.5558
[17:52:23] warmStart (decay=exponential) 58% (683/1170) regret=0.102028 ape=0.5558
[17:52:23] warmStart (decay=exponential) 58% (684/1170) regret=0.102028 ape=0.5558
[17:52:23] warmStart (decay=exponential) 58% (685/1170) regret=0.102028 ape=0.5558
[17:52:23] warmStart (decay=exponential) 58% (686/1170) regret=0.102028 ape=0.5558
[17:52:23] warmStart (decay=exponential) 58% (687/1170) regret=0.102028 ape=0.5558
[17:52:23] warmStart (decay=exponential) 58% (688/1170) regret=0.102028 ape=0.5558
[17:52:24] warmStart (decay=exponential) 58% (689/1170) regret=0.102028 ape=0.5558
[17:52:24] warmStart (decay=exponential) 58% (690/1170) regret=0.102028 ape=0.5558
[17:52:24] warmStart (decay=exponential) 59% (691/1170) regret=0.102028 ape=0.5558
[17:52:24] warmStart (decay=exponential) 59% (692/1170) regret=0.102028 ape=0.5558
[17:52:24] warmStart (decay=exponential) 59% (693/1170) regret=0.102028 ape=0.5558
[17:52:24] warmStart (decay=exponential) 59% (694/1170) regret=0.102028 ape=0.5558
[17:52:25] warmStart (decay=exponential) 59% (695/1170) regret=0.102028 ape=0.5558
[17:52:25] warmStart (decay=exponential) 59% (696/1170) regret=0.102028 ape=0.5558
[17:52:25] warmStart (decay=exponential) 59% (697/1170) regret=0.102028 ape=0.5558
[17:52:25] warmStart (decay=exponential) 59% (698/1170) regret=0.102028 ape=0.5558
[17:52:25] warmStart (decay=exponential) 59% (699/1170) regret=0.102028 ape=0.5558
[17:52:25] warmStart (decay=exponential) 59% (700/1170) regret=0.102028 ape=0.5558
[17:52:26] warmStart (decay=exponential) 59% (701/1170) regret=0.102028 ape=0.5558
[17:52:26] warmStart (decay=exponential) 60% (702/1170) regret=0.102028 ape=0.5558
[17:52:26] warmStart (decay=exponential) 60% (703/1170) regret=0.102028 ape=0.5558
[17:52:26] warmStart (decay=exponential) 60% (704/1170) regret=0.102028 ape=0.5558
[17:52:26] warmStart (decay=exponential) 60% (705/1170) regret=0.102028 ape=0.5558
[17:52:26] warmStart (decay=exponential) 60% (706/1170) regret=0.102028 ape=0.5558
[17:52:27] warmStart (decay=exponential) 60% (707/1170) regret=0.102028 ape=0.5558
[17:52:27] warmStart (decay=exponential) 60% (708/1170) regret=0.102028 ape=0.5558
[17:52:27] warmStart (decay=exponential) 60% (709/1170) regret=0.102028 ape=0.5558
[17:52:27] warmStart (decay=exponential) 60% (710/1170) regret=0.102028 ape=0.5558
[17:52:27] warmStart (decay=exponential) 60% (711/1170) regret=0.102028 ape=0.5558
[17:52:27] warmStart (decay=exponential) 60% (712/1170) regret=0.102028 ape=0.5558
[17:52:28] warmStart (decay=exponential) 60% (713/1170) regret=0.102028 ape=0.5558
[17:52:28] warmStart (decay=exponential) 61% (714/1170) regret=0.102028 ape=0.5558
[17:52:28] warmStart (decay=exponential) 61% (715/1170) regret=0.102028 ape=0.5558
[17:52:28] warmStart (decay=exponential) 61% (716/1170) regret=0.102028 ape=0.5558
[17:52:28] warmStart (decay=exponential) 61% (717/1170) regret=0.102028 ape=0.5558
[17:52:28] warmStart (decay=exponential) 61% (718/1170) regret=0.102028 ape=0.5558
[17:52:29] warmStart (decay=exponential) 61% (719/1170) regret=0.102028 ape=0.5558
[17:52:29] warmStart (decay=exponential) 61% (720/1170) regret=0.102028 ape=0.5558
[17:52:29] warmStart (decay=exponential) 61% (721/1170) regret=0.102028 ape=0.5558
[17:52:29] warmStart (decay=exponential) 61% (722/1170) regret=0.102028 ape=0.5558
[17:52:29] warmStart (decay=exponential) 61% (723/1170) regret=0.102028 ape=0.5558
[17:52:29] warmStart (decay=exponential) 61% (724/1170) regret=0.102028 ape=0.5558
[17:52:30] warmStart (decay=exponential) 61% (725/1170) regret=0.102028 ape=0.5558
[17:52:30] warmStart (decay=exponential) 62% (726/1170) regret=0.102028 ape=0.5558
[17:52:30] warmStart (decay=exponential) 62% (727/1170) regret=0.102028 ape=0.5558
[17:52:30] warmStart (decay=exponential) 62% (728/1170) regret=0.102028 ape=0.5558
[17:52:30] warmStart (decay=exponential) 62% (729/1170) regret=0.102028 ape=0.5558
[17:52:31] warmStart (decay=exponential) 62% (730/1170) regret=0.102028 ape=0.5558
[17:52:31] warmStart (decay=exponential) 62% (731/1170) regret=0.102028 ape=0.5558
[17:52:31] warmStart (decay=exponential) 62% (732/1170) regret=0.102028 ape=0.5558
[17:52:31] warmStart (decay=exponential) 62% (733/1170) regret=0.102028 ape=0.5558
[17:52:31] warmStart (decay=exponential) 62% (734/1170) regret=0.102028 ape=0.5558
[17:52:31] warmStart (decay=exponential) 62% (735/1170) regret=0.102028 ape=0.5558
[17:52:31] warmStart (decay=exponential) 62% (736/1170) regret=0.102028 ape=0.5558
[17:52:32] warmStart (decay=exponential) 62% (737/1170) regret=0.102028 ape=0.5558
[17:52:32] warmStart (decay=exponential) 63% (738/1170) regret=0.102028 ape=0.5558
[17:52:32] warmStart (decay=exponential) 63% (739/1170) regret=0.102028 ape=0.5558
[17:52:32] warmStart (decay=exponential) 63% (740/1170) regret=0.102028 ape=0.5558
[17:52:32] warmStart (decay=exponential) 63% (741/1170) regret=0.102028 ape=0.5558
[17:52:33] warmStart (decay=exponential) 63% (742/1170) regret=0.102028 ape=0.5558
[17:52:33] warmStart (decay=exponential) 63% (743/1170) regret=0.102028 ape=0.5558
[17:52:33] warmStart (decay=exponential) 63% (744/1170) regret=0.102028 ape=0.5558
[17:52:33] warmStart (decay=exponential) 63% (745/1170) regret=0.102028 ape=0.5558
[17:52:33] warmStart (decay=exponential) 63% (746/1170) regret=0.102028 ape=0.5558
[17:52:33] warmStart (decay=exponential) 63% (747/1170) regret=0.102028 ape=0.5558
[17:52:34] warmStart (decay=exponential) 63% (748/1170) regret=0.102028 ape=0.5558
[17:52:34] warmStart (decay=exponential) 64% (749/1170) regret=0.102028 ape=0.5558
[17:52:34] warmStart (decay=exponential) 64% (750/1170) regret=0.102028 ape=0.5558
[17:52:34] warmStart (decay=exponential) 64% (751/1170) regret=0.102028 ape=0.5558
[17:52:34] warmStart (decay=exponential) 64% (752/1170) regret=0.102028 ape=0.5558
[17:52:34] warmStart (decay=exponential) 64% (753/1170) regret=0.102028 ape=0.5558
[17:52:35] warmStart (decay=exponential) 64% (754/1170) regret=0.102028 ape=0.5558
[17:52:35] warmStart (decay=exponential) 64% (755/1170) regret=0.102028 ape=0.5558
[17:52:35] warmStart (decay=exponential) 64% (756/1170) regret=0.102028 ape=0.5558
[17:52:35] warmStart (decay=exponential) 64% (757/1170) regret=0.102028 ape=0.5558
[17:52:35] warmStart (decay=exponential) 64% (758/1170) regret=0.102028 ape=0.5558
[17:52:35] warmStart (decay=exponential) 64% (759/1170) regret=0.102028 ape=0.5558
[17:52:36] warmStart (decay=exponential) 64% (760/1170) regret=0.102028 ape=0.5558
[17:52:36] warmStart (decay=exponential) 65% (761/1170) regret=0.102028 ape=0.5558
[17:52:36] warmStart (decay=exponential) 65% (762/1170) regret=0.102028 ape=0.5558
[17:52:36] warmStart (decay=exponential) 65% (763/1170) regret=0.102028 ape=0.5558
[17:52:36] warmStart (decay=exponential) 65% (764/1170) regret=0.102028 ape=0.5558
[17:52:36] warmStart (decay=exponential) 65% (765/1170) regret=0.102028 ape=0.5558
[17:52:37] warmStart (decay=exponential) 65% (766/1170) regret=0.102028 ape=0.5558
[17:52:37] warmStart (decay=exponential) 65% (767/1170) regret=0.102028 ape=0.5558
[17:52:37] warmStart (decay=exponential) 65% (768/1170) regret=0.102042 ape=0.5558
[17:52:37] warmStart (decay=exponential) 65% (769/1170) regret=0.102042 ape=0.5558
[17:52:37] warmStart (decay=exponential) 65% (770/1170) regret=0.102042 ape=0.5558
[17:52:37] warmStart (decay=exponential) 65% (771/1170) regret=0.102042 ape=0.5558
[17:52:38] warmStart (decay=exponential) 65% (772/1170) regret=0.102042 ape=0.5558
[17:52:38] warmStart (decay=exponential) 66% (773/1170) regret=0.102042 ape=0.5558
[17:52:38] warmStart (decay=exponential) 66% (774/1170) regret=0.102042 ape=0.5558
[17:52:38] warmStart (decay=exponential) 66% (775/1170) regret=0.102042 ape=0.5558
[17:52:38] warmStart (decay=exponential) 66% (776/1170) regret=0.102042 ape=0.5558
[17:52:39] warmStart (decay=exponential) 66% (777/1170) regret=0.102042 ape=0.5558
[17:52:39] warmStart (decay=exponential) 66% (778/1170) regret=0.101986 ape=0.5548
[17:52:39] warmStart (decay=exponential) 66% (779/1170) regret=0.101986 ape=0.5548
[17:52:39] warmStart (decay=exponential) 66% (780/1170) regret=0.101986 ape=0.5548
[17:52:39] warmStart (decay=exponential) 66% (781/1170) regret=0.101986 ape=0.5548
[17:52:39] warmStart (decay=exponential) 66% (782/1170) regret=0.101986 ape=0.5548
[17:52:40] warmStart (decay=exponential) 66% (783/1170) regret=0.101986 ape=0.5548
[17:52:40] warmStart (decay=exponential) 67% (784/1170) regret=0.101986 ape=0.5548
[17:52:40] warmStart (decay=exponential) 67% (785/1170) regret=0.102005 ape=0.5548
[17:52:40] warmStart (decay=exponential) 67% (786/1170) regret=0.101553 ape=0.5539
[17:52:40] warmStart (decay=exponential) 67% (787/1170) regret=0.101553 ape=0.5539
[17:52:40] warmStart (decay=exponential) 67% (788/1170) regret=0.102032 ape=0.5548
[17:52:41] warmStart (decay=exponential) 67% (789/1170) regret=0.101553 ape=0.5539
[17:52:41] warmStart (decay=exponential) 67% (790/1170) regret=0.101553 ape=0.5539
[17:52:41] warmStart (decay=exponential) 67% (791/1170) regret=0.101553 ape=0.5539
[17:52:41] warmStart (decay=exponential) 67% (792/1170) regret=0.101553 ape=0.5539
[17:52:41] warmStart (decay=exponential) 67% (793/1170) regret=0.101553 ape=0.5539
[17:52:42] warmStart (decay=exponential) 67% (794/1170) regret=0.101553 ape=0.5539
[17:52:42] warmStart (decay=exponential) 67% (795/1170) regret=0.101553 ape=0.5539
[17:52:42] warmStart (decay=exponential) 68% (796/1170) regret=0.101553 ape=0.5539
[17:52:42] warmStart (decay=exponential) 68% (797/1170) regret=0.101553 ape=0.5539
[17:52:42] warmStart (decay=exponential) 68% (798/1170) regret=0.101553 ape=0.5539
[17:52:42] warmStart (decay=exponential) 68% (799/1170) regret=0.101553 ape=0.5539
[17:52:43] warmStart (decay=exponential) 68% (800/1170) regret=0.101553 ape=0.5539
[17:52:43] warmStart (decay=exponential) 68% (801/1170) regret=0.101553 ape=0.5539
[17:52:43] warmStart (decay=exponential) 68% (802/1170) regret=0.101553 ape=0.5539
[17:52:43] warmStart (decay=exponential) 68% (803/1170) regret=0.101553 ape=0.5539
[17:52:43] warmStart (decay=exponential) 68% (804/1170) regret=0.101553 ape=0.5539
[17:52:43] warmStart (decay=exponential) 68% (805/1170) regret=0.101553 ape=0.5539
[17:52:44] warmStart (decay=exponential) 68% (806/1170) regret=0.101553 ape=0.5539
[17:52:44] warmStart (decay=exponential) 68% (807/1170) regret=0.101553 ape=0.5539
[17:52:44] warmStart (decay=exponential) 69% (808/1170) regret=0.101553 ape=0.5539
[17:52:44] warmStart (decay=exponential) 69% (809/1170) regret=0.101553 ape=0.5539
[17:52:44] warmStart (decay=exponential) 69% (810/1170) regret=0.101553 ape=0.5539
[17:52:44] warmStart (decay=exponential) 69% (811/1170) regret=0.101553 ape=0.5539
[17:52:45] warmStart (decay=exponential) 69% (812/1170) regret=0.101553 ape=0.5539
[17:52:45] warmStart (decay=exponential) 69% (813/1170) regret=0.101553 ape=0.5539
[17:52:45] warmStart (decay=exponential) 69% (814/1170) regret=0.101553 ape=0.5539
[17:52:45] warmStart (decay=exponential) 69% (815/1170) regret=0.101553 ape=0.5539
[17:52:45] warmStart (decay=exponential) 69% (816/1170) regret=0.101553 ape=0.5539
[17:52:45] warmStart (decay=exponential) 69% (817/1170) regret=0.101553 ape=0.5539
[17:52:46] warmStart (decay=exponential) 69% (818/1170) regret=0.101553 ape=0.5539
[17:52:46] warmStart (decay=exponential) 70% (819/1170) regret=0.101553 ape=0.5539
[17:52:46] warmStart (decay=exponential) 70% (820/1170) regret=0.101553 ape=0.5539
[17:52:46] warmStart (decay=exponential) 70% (821/1170) regret=0.101553 ape=0.5539
[17:52:46] warmStart (decay=exponential) 70% (822/1170) regret=0.101553 ape=0.5539
[17:52:46] warmStart (decay=exponential) 70% (823/1170) regret=0.101553 ape=0.5539
[17:52:47] warmStart (decay=exponential) 70% (824/1170) regret=0.101553 ape=0.5539
[17:52:47] warmStart (decay=exponential) 70% (825/1170) regret=0.101553 ape=0.5539
[17:52:47] warmStart (decay=exponential) 70% (826/1170) regret=0.101553 ape=0.5539
[17:52:47] warmStart (decay=exponential) 70% (827/1170) regret=0.101553 ape=0.5539
[17:52:47] warmStart (decay=exponential) 70% (828/1170) regret=0.101553 ape=0.5539
[17:52:47] warmStart (decay=exponential) 70% (829/1170) regret=0.101553 ape=0.5539
[17:52:48] warmStart (decay=exponential) 70% (830/1170) regret=0.101553 ape=0.5539
[17:52:48] warmStart (decay=exponential) 71% (831/1170) regret=0.101553 ape=0.5539
[17:52:48] warmStart (decay=exponential) 71% (832/1170) regret=0.101553 ape=0.5539
[17:52:48] warmStart (decay=exponential) 71% (833/1170) regret=0.101553 ape=0.5539
[17:52:48] warmStart (decay=exponential) 71% (834/1170) regret=0.101553 ape=0.5539
[17:52:48] warmStart (decay=exponential) 71% (835/1170) regret=0.101553 ape=0.5539
[17:52:48] warmStart (decay=exponential) 71% (836/1170) regret=0.102014 ape=0.5548
[17:52:49] warmStart (decay=exponential) 71% (837/1170) regret=0.101553 ape=0.5539
[17:52:49] warmStart (decay=exponential) 71% (838/1170) regret=0.101553 ape=0.5539
[17:52:49] warmStart (decay=exponential) 71% (839/1170) regret=0.101553 ape=0.5539
[17:52:49] warmStart (decay=exponential) 71% (840/1170) regret=0.101737 ape=0.5548
[17:52:49] warmStart (decay=exponential) 71% (841/1170) regret=0.101553 ape=0.5539
[17:52:49] warmStart (decay=exponential) 71% (842/1170) regret=0.101553 ape=0.5539
[17:52:50] warmStart (decay=exponential) 72% (843/1170) regret=0.101553 ape=0.5539
[17:52:50] warmStart (decay=exponential) 72% (844/1170) regret=0.101553 ape=0.5539
[17:52:50] warmStart (decay=exponential) 72% (845/1170) regret=0.101553 ape=0.5539
[17:52:50] warmStart (decay=exponential) 72% (846/1170) regret=0.101553 ape=0.5539
[17:52:50] warmStart (decay=exponential) 72% (847/1170) regret=0.101553 ape=0.5539
[17:52:50] warmStart (decay=exponential) 72% (848/1170) regret=0.101572 ape=0.5539
[17:52:51] warmStart (decay=exponential) 72% (849/1170) regret=0.101664 ape=0.5539
[17:52:51] warmStart (decay=exponential) 72% (850/1170) regret=0.101572 ape=0.5539
[17:52:51] warmStart (decay=exponential) 72% (851/1170) regret=0.101572 ape=0.5539
[17:52:51] warmStart (decay=exponential) 72% (852/1170) regret=0.101498 ape=0.5530
[17:52:51] warmStart (decay=exponential) 72% (853/1170) regret=0.101618 ape=0.5539
[17:52:51] warmStart (decay=exponential) 72% (854/1170) regret=0.101572 ape=0.5539
[17:52:52] warmStart (decay=exponential) 73% (855/1170) regret=0.101599 ape=0.5539
[17:52:52] warmStart (decay=exponential) 73% (856/1170) regret=0.101535 ape=0.5539
[17:52:52] warmStart (decay=exponential) 73% (857/1170) regret=0.101553 ape=0.5539
[17:52:52] warmStart (decay=exponential) 73% (858/1170) regret=0.101553 ape=0.5539
[17:52:52] warmStart (decay=exponential) 73% (859/1170) regret=0.101553 ape=0.5539
[17:52:52] warmStart (decay=exponential) 73% (860/1170) regret=0.101498 ape=0.5530
[17:52:53] warmStart (decay=exponential) 73% (861/1170) regret=0.101553 ape=0.5539
[17:52:53] warmStart (decay=exponential) 73% (862/1170) regret=0.101553 ape=0.5539
[17:52:53] warmStart (decay=exponential) 73% (863/1170) regret=0.101553 ape=0.5539
[17:52:53] warmStart (decay=exponential) 73% (864/1170) regret=0.101553 ape=0.5539
[17:52:53] warmStart (decay=exponential) 73% (865/1170) regret=0.101599 ape=0.5539
[17:52:53] warmStart (decay=exponential) 74% (866/1170) regret=0.101553 ape=0.5539
[17:52:54] warmStart (decay=exponential) 74% (867/1170) regret=0.101553 ape=0.5539
[17:52:54] warmStart (decay=exponential) 74% (868/1170) regret=0.101553 ape=0.5539
[17:52:54] warmStart (decay=exponential) 74% (869/1170) regret=0.101498 ape=0.5530
[17:52:54] warmStart (decay=exponential) 74% (870/1170) regret=0.101553 ape=0.5539
[17:52:54] warmStart (decay=exponential) 74% (871/1170) regret=0.101599 ape=0.5539
[17:52:54] warmStart (decay=exponential) 74% (872/1170) regret=0.101608 ape=0.5539
[17:52:54] warmStart (decay=exponential) 74% (873/1170) regret=0.101608 ape=0.5539
[17:52:55] warmStart (decay=exponential) 74% (874/1170) regret=0.101498 ape=0.5530
[17:52:55] warmStart (decay=exponential) 74% (875/1170) regret=0.101498 ape=0.5530
[17:52:55] warmStart (decay=exponential) 74% (876/1170) regret=0.101498 ape=0.5530
[17:52:55] warmStart (decay=exponential) 74% (877/1170) regret=0.101498 ape=0.5530
[17:52:55] warmStart (decay=exponential) 75% (878/1170) regret=0.101498 ape=0.5530
[17:52:55] warmStart (decay=exponential) 75% (879/1170) regret=0.101498 ape=0.5530
[17:52:56] warmStart (decay=exponential) 75% (880/1170) regret=0.101498 ape=0.5530
[17:52:56] warmStart (decay=exponential) 75% (881/1170) regret=0.101498 ape=0.5530
[17:52:56] warmStart (decay=exponential) 75% (882/1170) regret=0.101502 ape=0.5530
[17:52:56] warmStart (decay=exponential) 75% (883/1170) regret=0.101502 ape=0.5530
[17:52:56] warmStart (decay=exponential) 75% (884/1170) regret=0.101504 ape=0.5530
[17:52:56] warmStart (decay=exponential) 75% (885/1170) regret=0.101504 ape=0.5530
[17:52:57] warmStart (decay=exponential) 75% (886/1170) regret=0.101504 ape=0.5530
[17:52:57] warmStart (decay=exponential) 75% (887/1170) regret=0.101504 ape=0.5530
[17:52:57] warmStart (decay=exponential) 75% (888/1170) regret=0.101504 ape=0.5530
[17:52:57] warmStart (decay=exponential) 75% (889/1170) regret=0.101504 ape=0.5530
[17:52:57] warmStart (decay=exponential) 76% (890/1170) regret=0.101504 ape=0.5530
[17:52:57] warmStart (decay=exponential) 76% (891/1170) regret=0.101504 ape=0.5530
[17:52:57] warmStart (decay=exponential) 76% (892/1170) regret=0.101504 ape=0.5530
[17:52:58] warmStart (decay=exponential) 76% (893/1170) regret=0.101504 ape=0.5530
[17:52:58] warmStart (decay=exponential) 76% (894/1170) regret=0.101504 ape=0.5530
[17:52:58] warmStart (decay=exponential) 76% (895/1170) regret=0.101504 ape=0.5530
[17:52:58] warmStart (decay=exponential) 76% (896/1170) regret=0.101499 ape=0.5530
[17:52:58] warmStart (decay=exponential) 76% (897/1170) regret=0.101499 ape=0.5530
[17:52:58] warmStart (decay=exponential) 76% (898/1170) regret=0.101499 ape=0.5530
[17:52:59] warmStart (decay=exponential) 76% (899/1170) regret=0.101499 ape=0.5530
[17:52:59] warmStart (decay=exponential) 76% (900/1170) regret=0.101499 ape=0.5530
[17:52:59] warmStart (decay=exponential) 77% (901/1170) regret=0.101499 ape=0.5530
[17:52:59] warmStart (decay=exponential) 77% (902/1170) regret=0.101499 ape=0.5530
[17:52:59] warmStart (decay=exponential) 77% (903/1170) regret=0.101499 ape=0.5530
[17:52:59] warmStart (decay=exponential) 77% (904/1170) regret=0.101499 ape=0.5530
[17:52:59] warmStart (decay=exponential) 77% (905/1170) regret=0.101499 ape=0.5530
[17:53:00] warmStart (decay=exponential) 77% (906/1170) regret=0.101499 ape=0.5530
[17:53:00] warmStart (decay=exponential) 77% (907/1170) regret=0.101499 ape=0.5530
[17:53:00] warmStart (decay=exponential) 77% (908/1170) regret=0.101499 ape=0.5530
[17:53:00] warmStart (decay=exponential) 77% (909/1170) regret=0.101499 ape=0.5530
[17:53:00] warmStart (decay=exponential) 77% (910/1170) regret=0.101499 ape=0.5530
[17:53:00] warmStart (decay=exponential) 77% (911/1170) regret=0.101486 ape=0.5521
[17:53:01] warmStart (decay=exponential) 77% (912/1170) regret=0.101486 ape=0.5521
[17:53:01] warmStart (decay=exponential) 78% (913/1170) regret=0.101486 ape=0.5521
[17:53:01] warmStart (decay=exponential) 78% (914/1170) regret=0.101486 ape=0.5521
[17:53:01] warmStart (decay=exponential) 78% (915/1170) regret=0.101486 ape=0.5521
[17:53:01] warmStart (decay=exponential) 78% (916/1170) regret=0.101486 ape=0.5521
[17:53:01] warmStart (decay=exponential) 78% (917/1170) regret=0.101486 ape=0.5521
[17:53:01] warmStart (decay=exponential) 78% (918/1170) regret=0.101486 ape=0.5521
[17:53:02] warmStart (decay=exponential) 78% (919/1170) regret=0.101486 ape=0.5521
[17:53:02] warmStart (decay=exponential) 78% (920/1170) regret=0.101486 ape=0.5521
[17:53:02] warmStart (decay=exponential) 78% (921/1170) regret=0.101486 ape=0.5521
[17:53:02] warmStart (decay=exponential) 78% (922/1170) regret=0.101486 ape=0.5521
[17:53:02] warmStart (decay=exponential) 78% (923/1170) regret=0.101486 ape=0.5521
[17:53:02] warmStart (decay=exponential) 78% (924/1170) regret=0.101486 ape=0.5521
[17:53:03] warmStart (decay=exponential) 79% (925/1170) regret=0.101486 ape=0.5521
[17:53:03] warmStart (decay=exponential) 79% (926/1170) regret=0.101486 ape=0.5521
[17:53:03] warmStart (decay=exponential) 79% (927/1170) regret=0.101486 ape=0.5521
[17:53:03] warmStart (decay=exponential) 79% (928/1170) regret=0.101486 ape=0.5521
[17:53:03] warmStart (decay=exponential) 79% (929/1170) regret=0.101486 ape=0.5521
[17:53:03] warmStart (decay=exponential) 79% (930/1170) regret=0.101486 ape=0.5521
[17:53:03] warmStart (decay=exponential) 79% (931/1170) regret=0.101486 ape=0.5521
[17:53:04] warmStart (decay=exponential) 79% (932/1170) regret=0.101486 ape=0.5521
[17:53:04] warmStart (decay=exponential) 79% (933/1170) regret=0.101486 ape=0.5521
[17:53:04] warmStart (decay=exponential) 79% (934/1170) regret=0.101486 ape=0.5521
[17:53:04] warmStart (decay=exponential) 79% (935/1170) regret=0.101486 ape=0.5521
[17:53:04] warmStart (decay=exponential) 80% (936/1170) regret=0.101486 ape=0.5521
[17:53:05] warmStart (decay=exponential) 80% (937/1170) regret=0.101486 ape=0.5521
[17:53:05] warmStart (decay=exponential) 80% (938/1170) regret=0.101486 ape=0.5521
[17:53:05] warmStart (decay=exponential) 80% (939/1170) regret=0.101486 ape=0.5521
[17:53:05] warmStart (decay=exponential) 80% (940/1170) regret=0.101486 ape=0.5521
[17:53:05] warmStart (decay=exponential) 80% (941/1170) regret=0.101486 ape=0.5521
[17:53:05] warmStart (decay=exponential) 80% (942/1170) regret=0.101486 ape=0.5521
[17:53:06] warmStart (decay=exponential) 80% (943/1170) regret=0.101486 ape=0.5521
[17:53:06] warmStart (decay=exponential) 80% (944/1170) regret=0.101486 ape=0.5521
[17:53:06] warmStart (decay=exponential) 80% (945/1170) regret=0.101486 ape=0.5521
[17:53:06] warmStart (decay=exponential) 80% (946/1170) regret=0.101486 ape=0.5521
[17:53:06] warmStart (decay=exponential) 80% (947/1170) regret=0.101486 ape=0.5521
[17:53:06] warmStart (decay=exponential) 81% (948/1170) regret=0.101486 ape=0.5521
[17:53:07] warmStart (decay=exponential) 81% (949/1170) regret=0.101486 ape=0.5521
[17:53:07] warmStart (decay=exponential) 81% (950/1170) regret=0.101486 ape=0.5521
[17:53:07] warmStart (decay=exponential) 81% (951/1170) regret=0.101486 ape=0.5521
[17:53:07] warmStart (decay=exponential) 81% (952/1170) regret=0.101486 ape=0.5521
[17:53:07] warmStart (decay=exponential) 81% (953/1170) regret=0.101486 ape=0.5521
[17:53:07] warmStart (decay=exponential) 81% (954/1170) regret=0.101486 ape=0.5521
[17:53:08] warmStart (decay=exponential) 81% (955/1170) regret=0.101486 ape=0.5521
[17:53:08] warmStart (decay=exponential) 81% (956/1170) regret=0.101486 ape=0.5521
[17:53:08] warmStart (decay=exponential) 81% (957/1170) regret=0.101486 ape=0.5521
[17:53:08] warmStart (decay=exponential) 81% (958/1170) regret=0.101486 ape=0.5521
[17:53:08] warmStart (decay=exponential) 81% (959/1170) regret=0.101486 ape=0.5521
[17:53:08] warmStart (decay=exponential) 82% (960/1170) regret=0.101486 ape=0.5521
[17:53:08] warmStart (decay=exponential) 82% (961/1170) regret=0.101486 ape=0.5521
[17:53:09] warmStart (decay=exponential) 82% (962/1170) regret=0.101486 ape=0.5521
[17:53:09] warmStart (decay=exponential) 82% (963/1170) regret=0.101486 ape=0.5521
[17:53:09] warmStart (decay=exponential) 82% (964/1170) regret=0.101486 ape=0.5521
[17:53:09] warmStart (decay=exponential) 82% (965/1170) regret=0.101486 ape=0.5521
[17:53:09] warmStart (decay=exponential) 82% (966/1170) regret=0.101486 ape=0.5521
[17:53:10] warmStart (decay=exponential) 82% (967/1170) regret=0.101486 ape=0.5521
[17:53:10] warmStart (decay=exponential) 82% (968/1170) regret=0.101486 ape=0.5521
[17:53:10] warmStart (decay=exponential) 82% (969/1170) regret=0.101486 ape=0.5521
[17:53:10] warmStart (decay=exponential) 82% (970/1170) regret=0.101486 ape=0.5521
[17:53:10] warmStart (decay=exponential) 82% (971/1170) regret=0.101486 ape=0.5521
[17:53:10] warmStart (decay=exponential) 83% (972/1170) regret=0.101486 ape=0.5521
[17:53:11] warmStart (decay=exponential) 83% (973/1170) regret=0.101486 ape=0.5521
[17:53:11] warmStart (decay=exponential) 83% (974/1170) regret=0.101486 ape=0.5521
[17:53:11] warmStart (decay=exponential) 83% (975/1170) regret=0.101486 ape=0.5521
[17:53:11] warmStart (decay=exponential) 83% (976/1170) regret=0.101486 ape=0.5521
[17:53:11] warmStart (decay=exponential) 83% (977/1170) regret=0.101486 ape=0.5521
[17:53:11] warmStart (decay=exponential) 83% (978/1170) regret=0.101486 ape=0.5521
[17:53:12] warmStart (decay=exponential) 83% (979/1170) regret=0.101486 ape=0.5521
[17:53:12] warmStart (decay=exponential) 83% (980/1170) regret=0.101486 ape=0.5521
[17:53:12] warmStart (decay=exponential) 83% (981/1170) regret=0.101486 ape=0.5521
[17:53:12] warmStart (decay=exponential) 83% (982/1170) regret=0.101486 ape=0.5521
[17:53:12] warmStart (decay=exponential) 84% (983/1170) regret=0.101486 ape=0.5521
[17:53:12] warmStart (decay=exponential) 84% (984/1170) regret=0.101486 ape=0.5521
[17:53:13] warmStart (decay=exponential) 84% (985/1170) regret=0.101486 ape=0.5521
[17:53:13] warmStart (decay=exponential) 84% (986/1170) regret=0.101486 ape=0.5521
[17:53:13] warmStart (decay=exponential) 84% (987/1170) regret=0.101486 ape=0.5521
[17:53:13] warmStart (decay=exponential) 84% (988/1170) regret=0.101486 ape=0.5521
[17:53:13] warmStart (decay=exponential) 84% (989/1170) regret=0.101486 ape=0.5521
[17:53:13] warmStart (decay=exponential) 84% (990/1170) regret=0.101486 ape=0.5521
[17:53:14] warmStart (decay=exponential) 84% (991/1170) regret=0.101486 ape=0.5521
[17:53:14] warmStart (decay=exponential) 84% (992/1170) regret=0.101486 ape=0.5521
[17:53:14] warmStart (decay=exponential) 84% (993/1170) regret=0.101486 ape=0.5521
[17:53:14] warmStart (decay=exponential) 84% (994/1170) regret=0.101486 ape=0.5521
[17:53:14] warmStart (decay=exponential) 85% (995/1170) regret=0.101486 ape=0.5521
[17:53:14] warmStart (decay=exponential) 85% (996/1170) regret=0.101486 ape=0.5521
[17:53:15] warmStart (decay=exponential) 85% (997/1170) regret=0.101486 ape=0.5521
[17:53:15] warmStart (decay=exponential) 85% (998/1170) regret=0.101486 ape=0.5521
[17:53:15] warmStart (decay=exponential) 85% (999/1170) regret=0.101486 ape=0.5521
[17:53:15] warmStart (decay=exponential) 85% (1000/1170) regret=0.101486 ape=0.5521
[17:53:15] warmStart (decay=exponential) 85% (1001/1170) regret=0.101486 ape=0.5521
[17:53:15] warmStart (decay=exponential) 85% (1002/1170) regret=0.101486 ape=0.5521
[17:53:16] warmStart (decay=exponential) 85% (1003/1170) regret=0.101486 ape=0.5521
[17:53:16] warmStart (decay=exponential) 85% (1004/1170) regret=0.101486 ape=0.5521
[17:53:16] warmStart (decay=exponential) 85% (1005/1170) regret=0.101486 ape=0.5521
[17:53:16] warmStart (decay=exponential) 85% (1006/1170) regret=0.101486 ape=0.5521
[17:53:16] warmStart (decay=exponential) 86% (1007/1170) regret=0.101486 ape=0.5521
[17:53:16] warmStart (decay=exponential) 86% (1008/1170) regret=0.101486 ape=0.5521
[17:53:17] warmStart (decay=exponential) 86% (1009/1170) regret=0.101486 ape=0.5521
[17:53:17] warmStart (decay=exponential) 86% (1010/1170) regret=0.101486 ape=0.5521
[17:53:17] warmStart (decay=exponential) 86% (1011/1170) regret=0.101486 ape=0.5521
[17:53:17] warmStart (decay=exponential) 86% (1012/1170) regret=0.101486 ape=0.5521
[17:53:17] warmStart (decay=exponential) 86% (1013/1170) regret=0.101486 ape=0.5521
[17:53:18] warmStart (decay=exponential) 86% (1014/1170) regret=0.101486 ape=0.5521
[17:53:18] warmStart (decay=exponential) 86% (1015/1170) regret=0.101486 ape=0.5521
[17:53:18] warmStart (decay=exponential) 86% (1016/1170) regret=0.101486 ape=0.5521
[17:53:18] warmStart (decay=exponential) 86% (1017/1170) regret=0.101486 ape=0.5521
[17:53:18] warmStart (decay=exponential) 87% (1018/1170) regret=0.101486 ape=0.5521
[17:53:18] warmStart (decay=exponential) 87% (1019/1170) regret=0.101486 ape=0.5521
[17:53:19] warmStart (decay=exponential) 87% (1020/1170) regret=0.101486 ape=0.5521
[17:53:19] warmStart (decay=exponential) 87% (1021/1170) regret=0.101486 ape=0.5521
[17:53:19] warmStart (decay=exponential) 87% (1022/1170) regret=0.101486 ape=0.5521
[17:53:19] warmStart (decay=exponential) 87% (1023/1170) regret=0.101486 ape=0.5521
[17:53:19] warmStart (decay=exponential) 87% (1024/1170) regret=0.101486 ape=0.5521
[17:53:20] warmStart (decay=exponential) 87% (1025/1170) regret=0.101486 ape=0.5521
[17:53:20] warmStart (decay=exponential) 87% (1026/1170) regret=0.101486 ape=0.5521
[17:53:20] warmStart (decay=exponential) 87% (1027/1170) regret=0.101486 ape=0.5521
[17:53:20] warmStart (decay=exponential) 87% (1028/1170) regret=0.101486 ape=0.5521
[17:53:20] warmStart (decay=exponential) 87% (1029/1170) regret=0.101486 ape=0.5521
[17:53:20] warmStart (decay=exponential) 88% (1030/1170) regret=0.101486 ape=0.5521
[17:53:21] warmStart (decay=exponential) 88% (1031/1170) regret=0.101486 ape=0.5521
[17:53:21] warmStart (decay=exponential) 88% (1032/1170) regret=0.101486 ape=0.5521
[17:53:21] warmStart (decay=exponential) 88% (1033/1170) regret=0.101486 ape=0.5521
[17:53:21] warmStart (decay=exponential) 88% (1034/1170) regret=0.101486 ape=0.5521
[17:53:21] warmStart (decay=exponential) 88% (1035/1170) regret=0.101486 ape=0.5521
[17:53:21] warmStart (decay=exponential) 88% (1036/1170) regret=0.101486 ape=0.5521
[17:53:22] warmStart (decay=exponential) 88% (1037/1170) regret=0.101486 ape=0.5521
[17:53:22] warmStart (decay=exponential) 88% (1038/1170) regret=0.101486 ape=0.5521
[17:53:22] warmStart (decay=exponential) 88% (1039/1170) regret=0.101486 ape=0.5521
[17:53:22] warmStart (decay=exponential) 88% (1040/1170) regret=0.101486 ape=0.5521
[17:53:22] warmStart (decay=exponential) 88% (1041/1170) regret=0.101486 ape=0.5521
[17:53:22] warmStart (decay=exponential) 89% (1042/1170) regret=0.101486 ape=0.5521
[17:53:23] warmStart (decay=exponential) 89% (1043/1170) regret=0.101486 ape=0.5521
[17:53:23] warmStart (decay=exponential) 89% (1044/1170) regret=0.101486 ape=0.5521
[17:53:23] warmStart (decay=exponential) 89% (1045/1170) regret=0.101486 ape=0.5521
[17:53:23] warmStart (decay=exponential) 89% (1046/1170) regret=0.101486 ape=0.5521
[17:53:23] warmStart (decay=exponential) 89% (1047/1170) regret=0.101486 ape=0.5521
[17:53:23] warmStart (decay=exponential) 89% (1048/1170) regret=0.101486 ape=0.5521
[17:53:24] warmStart (decay=exponential) 89% (1049/1170) regret=0.101486 ape=0.5521
[17:53:24] warmStart (decay=exponential) 89% (1050/1170) regret=0.101486 ape=0.5521
[17:53:24] warmStart (decay=exponential) 89% (1051/1170) regret=0.101486 ape=0.5521
[17:53:24] warmStart (decay=exponential) 89% (1052/1170) regret=0.101486 ape=0.5521
[17:53:24] warmStart (decay=exponential) 90% (1053/1170) regret=0.101486 ape=0.5521
[17:53:24] warmStart (decay=exponential) 90% (1054/1170) regret=0.101486 ape=0.5521
[17:53:25] warmStart (decay=exponential) 90% (1055/1170) regret=0.101486 ape=0.5521
[17:53:25] warmStart (decay=exponential) 90% (1056/1170) regret=0.101486 ape=0.5521
[17:53:25] warmStart (decay=exponential) 90% (1057/1170) regret=0.101486 ape=0.5521
[17:53:25] warmStart (decay=exponential) 90% (1058/1170) regret=0.101486 ape=0.5521
[17:53:25] warmStart (decay=exponential) 90% (1059/1170) regret=0.101486 ape=0.5521
[17:53:25] warmStart (decay=exponential) 90% (1060/1170) regret=0.101486 ape=0.5521
[17:53:26] warmStart (decay=exponential) 90% (1061/1170) regret=0.101486 ape=0.5521
[17:53:26] warmStart (decay=exponential) 90% (1062/1170) regret=0.101486 ape=0.5521
[17:53:26] warmStart (decay=exponential) 90% (1063/1170) regret=0.101486 ape=0.5521
[17:53:26] warmStart (decay=exponential) 90% (1064/1170) regret=0.101486 ape=0.5521
[17:53:26] warmStart (decay=exponential) 91% (1065/1170) regret=0.101486 ape=0.5521
[17:53:27] warmStart (decay=exponential) 91% (1066/1170) regret=0.101486 ape=0.5521
[17:53:27] warmStart (decay=exponential) 91% (1067/1170) regret=0.101486 ape=0.5521
[17:53:27] warmStart (decay=exponential) 91% (1068/1170) regret=0.101486 ape=0.5521
[17:53:27] warmStart (decay=exponential) 91% (1069/1170) regret=0.101486 ape=0.5521
[17:53:27] warmStart (decay=exponential) 91% (1070/1170) regret=0.101486 ape=0.5521
[17:53:27] warmStart (decay=exponential) 91% (1071/1170) regret=0.101486 ape=0.5521
[17:53:28] warmStart (decay=exponential) 91% (1072/1170) regret=0.101486 ape=0.5521
[17:53:28] warmStart (decay=exponential) 91% (1073/1170) regret=0.101486 ape=0.5521
[17:53:28] warmStart (decay=exponential) 91% (1074/1170) regret=0.101486 ape=0.5521
[17:53:28] warmStart (decay=exponential) 91% (1075/1170) regret=0.101486 ape=0.5521
[17:53:28] warmStart (decay=exponential) 91% (1076/1170) regret=0.101486 ape=0.5521
[17:53:28] warmStart (decay=exponential) 92% (1077/1170) regret=0.101486 ape=0.5521
[17:53:29] warmStart (decay=exponential) 92% (1078/1170) regret=0.101486 ape=0.5521
[17:53:29] warmStart (decay=exponential) 92% (1079/1170) regret=0.101486 ape=0.5521
[17:53:29] warmStart (decay=exponential) 92% (1080/1170) regret=0.101486 ape=0.5521
[17:53:29] warmStart (decay=exponential) 92% (1081/1170) regret=0.101486 ape=0.5521
[17:53:29] warmStart (decay=exponential) 92% (1082/1170) regret=0.101486 ape=0.5521
[17:53:29] warmStart (decay=exponential) 92% (1083/1170) regret=0.101486 ape=0.5521
[17:53:30] warmStart (decay=exponential) 92% (1084/1170) regret=0.101486 ape=0.5521
[17:53:30] warmStart (decay=exponential) 92% (1085/1170) regret=0.101486 ape=0.5521
[17:53:30] warmStart (decay=exponential) 92% (1086/1170) regret=0.101486 ape=0.5521
[17:53:30] warmStart (decay=exponential) 92% (1087/1170) regret=0.101486 ape=0.5521
[17:53:30] warmStart (decay=exponential) 92% (1088/1170) regret=0.101486 ape=0.5521
[17:53:30] warmStart (decay=exponential) 93% (1089/1170) regret=0.101486 ape=0.5521
[17:53:31] warmStart (decay=exponential) 93% (1090/1170) regret=0.101486 ape=0.5521
[17:53:31] warmStart (decay=exponential) 93% (1091/1170) regret=0.101486 ape=0.5521
[17:53:31] warmStart (decay=exponential) 93% (1092/1170) regret=0.101486 ape=0.5521
[17:53:31] warmStart (decay=exponential) 93% (1093/1170) regret=0.101486 ape=0.5521
[17:53:31] warmStart (decay=exponential) 93% (1094/1170) regret=0.101486 ape=0.5521
[17:53:31] warmStart (decay=exponential) 93% (1095/1170) regret=0.101486 ape=0.5521
[17:53:32] warmStart (decay=exponential) 93% (1096/1170) regret=0.101486 ape=0.5521
[17:53:32] warmStart (decay=exponential) 93% (1097/1170) regret=0.101486 ape=0.5521
[17:53:32] warmStart (decay=exponential) 93% (1098/1170) regret=0.101486 ape=0.5521
[17:53:32] warmStart (decay=exponential) 93% (1099/1170) regret=0.101486 ape=0.5521
[17:53:32] warmStart (decay=exponential) 94% (1100/1170) regret=0.101486 ape=0.5521
[17:53:32] warmStart (decay=exponential) 94% (1101/1170) regret=0.101486 ape=0.5521
[17:53:33] warmStart (decay=exponential) 94% (1102/1170) regret=0.101486 ape=0.5521
[17:53:33] warmStart (decay=exponential) 94% (1103/1170) regret=0.101486 ape=0.5521
[17:53:33] warmStart (decay=exponential) 94% (1104/1170) regret=0.101486 ape=0.5521
[17:53:33] warmStart (decay=exponential) 94% (1105/1170) regret=0.101486 ape=0.5521
[17:53:33] warmStart (decay=exponential) 94% (1106/1170) regret=0.101486 ape=0.5521
[17:53:34] warmStart (decay=exponential) 94% (1107/1170) regret=0.101486 ape=0.5521
[17:53:34] warmStart (decay=exponential) 94% (1108/1170) regret=0.101486 ape=0.5521
[17:53:34] warmStart (decay=exponential) 94% (1109/1170) regret=0.101486 ape=0.5521
[17:53:34] warmStart (decay=exponential) 94% (1110/1170) regret=0.101486 ape=0.5521
[17:53:34] warmStart (decay=exponential) 94% (1111/1170) regret=0.101486 ape=0.5521
[17:53:34] warmStart (decay=exponential) 95% (1112/1170) regret=0.101486 ape=0.5521
[17:53:35] warmStart (decay=exponential) 95% (1113/1170) regret=0.101486 ape=0.5521
[17:53:35] warmStart (decay=exponential) 95% (1114/1170) regret=0.101486 ape=0.5521
[17:53:35] warmStart (decay=exponential) 95% (1115/1170) regret=0.101486 ape=0.5521
[17:53:35] warmStart (decay=exponential) 95% (1116/1170) regret=0.101486 ape=0.5521
[17:53:35] warmStart (decay=exponential) 95% (1117/1170) regret=0.101486 ape=0.5521
[17:53:36] warmStart (decay=exponential) 95% (1118/1170) regret=0.101486 ape=0.5521
[17:53:36] warmStart (decay=exponential) 95% (1119/1170) regret=0.101486 ape=0.5521
[17:53:36] warmStart (decay=exponential) 95% (1120/1170) regret=0.101486 ape=0.5521
[17:53:36] warmStart (decay=exponential) 95% (1121/1170) regret=0.101486 ape=0.5521
[17:53:36] warmStart (decay=exponential) 95% (1122/1170) regret=0.101486 ape=0.5521
[17:53:36] warmStart (decay=exponential) 95% (1123/1170) regret=0.101486 ape=0.5521
[17:53:37] warmStart (decay=exponential) 96% (1124/1170) regret=0.101486 ape=0.5521
[17:53:37] warmStart (decay=exponential) 96% (1125/1170) regret=0.101486 ape=0.5521
[17:53:37] warmStart (decay=exponential) 96% (1126/1170) regret=0.101484 ape=0.5521
[17:53:37] warmStart (decay=exponential) 96% (1127/1170) regret=0.101484 ape=0.5521
[17:53:37] warmStart (decay=exponential) 96% (1128/1170) regret=0.101484 ape=0.5521
[17:53:37] warmStart (decay=exponential) 96% (1129/1170) regret=0.101484 ape=0.5521
[17:53:38] warmStart (decay=exponential) 96% (1130/1170) regret=0.101484 ape=0.5521
[17:53:38] warmStart (decay=exponential) 96% (1131/1170) regret=0.101484 ape=0.5521
[17:53:38] warmStart (decay=exponential) 96% (1132/1170) regret=0.101484 ape=0.5521
[17:53:38] warmStart (decay=exponential) 96% (1133/1170) regret=0.101484 ape=0.5521
[17:53:38] warmStart (decay=exponential) 96% (1134/1170) regret=0.101484 ape=0.5521
[17:53:39] warmStart (decay=exponential) 97% (1135/1170) regret=0.101484 ape=0.5521
[17:53:39] warmStart (decay=exponential) 97% (1136/1170) regret=0.101484 ape=0.5521
[17:53:39] warmStart (decay=exponential) 97% (1137/1170) regret=0.101484 ape=0.5521
[17:53:39] warmStart (decay=exponential) 97% (1138/1170) regret=0.101484 ape=0.5521
[17:53:39] warmStart (decay=exponential) 97% (1139/1170) regret=0.101484 ape=0.5521
[17:53:39] warmStart (decay=exponential) 97% (1140/1170) regret=0.101484 ape=0.5521
[17:53:40] warmStart (decay=exponential) 97% (1141/1170) regret=0.101484 ape=0.5521
[17:53:40] warmStart (decay=exponential) 97% (1142/1170) regret=0.101484 ape=0.5521
[17:53:40] warmStart (decay=exponential) 97% (1143/1170) regret=0.101484 ape=0.5521
[17:53:40] warmStart (decay=exponential) 97% (1144/1170) regret=0.101484 ape=0.5521
[17:53:40] warmStart (decay=exponential) 97% (1145/1170) regret=0.101484 ape=0.5521
[17:53:40] warmStart (decay=exponential) 97% (1146/1170) regret=0.101484 ape=0.5521
[17:53:41] warmStart (decay=exponential) 98% (1147/1170) regret=0.101484 ape=0.5521
[17:53:41] warmStart (decay=exponential) 98% (1148/1170) regret=0.101484 ape=0.5521
[17:53:41] warmStart (decay=exponential) 98% (1149/1170) regret=0.101484 ape=0.5521
[17:53:41] warmStart (decay=exponential) 98% (1150/1170) regret=0.101484 ape=0.5521
[17:53:41] warmStart (decay=exponential) 98% (1151/1170) regret=0.101484 ape=0.5521
[17:53:42] warmStart (decay=exponential) 98% (1152/1170) regret=0.101484 ape=0.5521
[17:53:42] warmStart (decay=exponential) 98% (1153/1170) regret=0.101484 ape=0.5521
[17:53:42] warmStart (decay=exponential) 98% (1154/1170) regret=0.101484 ape=0.5521
[17:53:42] warmStart (decay=exponential) 98% (1155/1170) regret=0.101484 ape=0.5521
[17:53:42] warmStart (decay=exponential) 98% (1156/1170) regret=0.101484 ape=0.5521
[17:53:43] warmStart (decay=exponential) 98% (1157/1170) regret=0.101484 ape=0.5521
[17:53:43] warmStart (decay=exponential) 98% (1158/1170) regret=0.101484 ape=0.5521
[17:53:43] warmStart (decay=exponential) 99% (1159/1170) regret=0.101484 ape=0.5521
[17:53:43] warmStart (decay=exponential) 99% (1160/1170) regret=0.101495 ape=0.5530
[17:53:43] warmStart (decay=exponential) 99% (1161/1170) regret=0.101517 ape=0.5530
[17:53:43] warmStart (decay=exponential) 99% (1162/1170) regret=0.101484 ape=0.5521
[17:53:44] warmStart (decay=exponential) 99% (1163/1170) regret=0.101484 ape=0.5521
[17:53:44] warmStart (decay=exponential) 99% (1164/1170) regret=0.101484 ape=0.5521
[17:53:44] warmStart (decay=exponential) 99% (1165/1170) regret=0.101484 ape=0.5521
[17:53:44] warmStart (decay=exponential) 99% (1166/1170) regret=0.101484 ape=0.5521
[17:53:44] warmStart (decay=exponential) 99% (1167/1170) regret=0.101484 ape=0.5521
[17:53:44] warmStart (decay=exponential) 99% (1168/1170) regret=0.101484 ape=0.5521
[17:53:44] warmStart (decay=exponential) 99% (1169/1170) regret=0.101484 ape=0.5521
Warm w=200 finished: 1169 points, 204.71s wall time
  Final: regret=0.101484, ape=0.5521

Saved: /home/users/g/s/gsavary/LudiiMCTSVariations/slurm_sweep_full_dataset/output_decay/warm_200_decay_exponential_0_05/seed_0/sweep_decay_warm_200_exponential_0.05_0_20260426_175345.json

Generating plots...
Saved: /home/users/g/s/gsavary/LudiiMCTSVariations/slurm_sweep_full_dataset/output_decay/warm_200_decay_exponential_0_05/seed_0/sweep_decay_warm_200_exponential_0.05_0_20260426_175345_regret.png
Saved: /home/users/g/s/gsavary/LudiiMCTSVariations/slurm_sweep_full_dataset/output_decay/warm_200_decay_exponential_0_05/seed_0/sweep_decay_warm_200_exponential_0.05_0_20260426_175345_ape.png

================================================================================
Experiment complete!
================================================================================
Done. Results in: /home/users/g/s/gsavary/LudiiMCTSVariations/slurm_sweep_full_dataset/output_decay/warm_200_decay_exponential_0_05/seed_0
