============================================================
Decay sweep experiment
Method:      warm:50
Decay mode:  exponential
Decay param: 0.075
Seed:        3
Output:      /home/users/g/s/gsavary/LudiiMCTSVariations/slurm_sweep_full_dataset/output_decay/warm_50_decay_exponential_0_075/seed_3
============================================================

================================================================================
SLURM Sweep Experiment with Synthetic Data Decay
================================================================================
Method: warm:50
Decay: exponential (param=0.075)
Time limit: 3600.0s, Seed: 3, Batch size: 20
Output directory: /home/users/g/s/gsavary/LudiiMCTSVariations/slurm_sweep_full_dataset/output_decay/warm_50_decay_exponential_0_075/seed_3

Loading Ludii dataset...
Loaded 1085 games
Using 1085 games (full dataset)

Running timing probe (100 pulls)...
  Estimated secs/pull: 0.022807

Time budget: 3600.0s → ~157846 total pulls
Per-method budget: 22549 pulls (~514.3s)

Computing predictor-only performance...
  Predictions loaded: 23675 agent predictions
  Predictor-only: regret=0.104318, ape=0.4894

Running WARM-START (w=50, decay=exponential param=0.075)...
[17:42:51] warmStart (decay=exponential) 0% (1/1128) regret=0.107168 ape=0.5972
[17:42:51] warmStart (decay=exponential) 0% (2/1128) regret=0.107283 ape=0.5972
[17:42:52] warmStart (decay=exponential) 0% (3/1128) regret=0.107320 ape=0.5982
[17:42:52] warmStart (decay=exponential) 0% (4/1128) regret=0.107320 ape=0.5982
[17:42:52] warmStart (decay=exponential) 0% (5/1128) regret=0.107320 ape=0.5982
[17:42:52] warmStart (decay=exponential) 0% (6/1128) regret=0.107320 ape=0.5982
[17:42:52] warmStart (decay=exponential) 0% (7/1128) regret=0.107320 ape=0.5982
[17:42:52] warmStart (decay=exponential) 0% (8/1128) regret=0.107320 ape=0.5982
[17:42:53] warmStart (decay=exponential) 0% (9/1128) regret=0.107320 ape=0.5982
[17:42:53] warmStart (decay=exponential) 0% (10/1128) regret=0.107320 ape=0.5982
[17:42:53] warmStart (decay=exponential) 0% (11/1128) regret=0.107320 ape=0.5982
[17:42:53] warmStart (decay=exponential) 1% (12/1128) regret=0.107320 ape=0.5982
[17:42:53] warmStart (decay=exponential) 1% (13/1128) regret=0.107320 ape=0.5982
[17:42:53] warmStart (decay=exponential) 1% (14/1128) regret=0.107320 ape=0.5982
[17:42:54] warmStart (decay=exponential) 1% (15/1128) regret=0.107320 ape=0.5982
[17:42:54] warmStart (decay=exponential) 1% (16/1128) regret=0.107320 ape=0.5982
[17:42:54] warmStart (decay=exponential) 1% (17/1128) regret=0.107320 ape=0.5982
[17:42:54] warmStart (decay=exponential) 1% (18/1128) regret=0.107320 ape=0.5982
[17:42:54] warmStart (decay=exponential) 1% (19/1128) regret=0.107320 ape=0.5982
[17:42:55] warmStart (decay=exponential) 1% (20/1128) regret=0.107320 ape=0.5982
[17:42:55] warmStart (decay=exponential) 1% (21/1128) regret=0.107320 ape=0.5982
[17:42:55] warmStart (decay=exponential) 1% (22/1128) regret=0.107320 ape=0.5982
[17:42:55] warmStart (decay=exponential) 2% (23/1128) regret=0.107320 ape=0.5982
[17:42:55] warmStart (decay=exponential) 2% (24/1128) regret=0.107320 ape=0.5982
[17:42:55] warmStart (decay=exponential) 2% (25/1128) regret=0.107320 ape=0.5982
[17:42:56] warmStart (decay=exponential) 2% (26/1128) regret=0.107320 ape=0.5982
[17:42:56] warmStart (decay=exponential) 2% (27/1128) regret=0.107320 ape=0.5982
[17:42:56] warmStart (decay=exponential) 2% (28/1128) regret=0.107320 ape=0.5982
[17:42:56] warmStart (decay=exponential) 2% (29/1128) regret=0.107320 ape=0.5982
[17:42:56] warmStart (decay=exponential) 2% (30/1128) regret=0.107320 ape=0.5982
[17:42:56] warmStart (decay=exponential) 2% (31/1128) regret=0.107320 ape=0.5982
[17:42:57] warmStart (decay=exponential) 2% (32/1128) regret=0.107320 ape=0.5982
[17:42:57] warmStart (decay=exponential) 2% (33/1128) regret=0.107320 ape=0.5982
[17:42:57] warmStart (decay=exponential) 3% (34/1128) regret=0.107320 ape=0.5982
[17:42:57] warmStart (decay=exponential) 3% (35/1128) regret=0.107320 ape=0.5982
[17:42:57] warmStart (decay=exponential) 3% (36/1128) regret=0.107320 ape=0.5982
[17:42:57] warmStart (decay=exponential) 3% (37/1128) regret=0.107320 ape=0.5982
[17:42:58] warmStart (decay=exponential) 3% (38/1128) regret=0.107320 ape=0.5982
[17:42:58] warmStart (decay=exponential) 3% (39/1128) regret=0.107320 ape=0.5982
[17:42:58] warmStart (decay=exponential) 3% (40/1128) regret=0.107320 ape=0.5982
[17:42:58] warmStart (decay=exponential) 3% (41/1128) regret=0.107320 ape=0.5982
[17:42:58] warmStart (decay=exponential) 3% (42/1128) regret=0.107320 ape=0.5982
[17:42:58] warmStart (decay=exponential) 3% (43/1128) regret=0.107320 ape=0.5982
[17:42:59] warmStart (decay=exponential) 3% (44/1128) regret=0.107320 ape=0.5982
[17:42:59] warmStart (decay=exponential) 3% (45/1128) regret=0.107320 ape=0.5982
[17:42:59] warmStart (decay=exponential) 4% (46/1128) regret=0.107309 ape=0.5982
[17:42:59] warmStart (decay=exponential) 4% (47/1128) regret=0.107309 ape=0.5982
[17:42:59] warmStart (decay=exponential) 4% (48/1128) regret=0.107309 ape=0.5982
[17:42:59] warmStart (decay=exponential) 4% (49/1128) regret=0.107309 ape=0.5982
[17:43:00] warmStart (decay=exponential) 4% (50/1128) regret=0.107309 ape=0.5982
[17:43:00] warmStart (decay=exponential) 4% (51/1128) regret=0.107309 ape=0.5982
[17:43:00] warmStart (decay=exponential) 4% (52/1128) regret=0.107309 ape=0.5982
[17:43:00] warmStart (decay=exponential) 4% (53/1128) regret=0.107315 ape=0.5982
[17:43:00] warmStart (decay=exponential) 4% (54/1128) regret=0.107309 ape=0.5982
[17:43:00] warmStart (decay=exponential) 4% (55/1128) regret=0.107309 ape=0.5982
[17:43:01] warmStart (decay=exponential) 4% (56/1128) regret=0.107309 ape=0.5982
[17:43:01] warmStart (decay=exponential) 5% (57/1128) regret=0.107309 ape=0.5982
[17:43:01] warmStart (decay=exponential) 5% (58/1128) regret=0.107331 ape=0.5982
[17:43:01] warmStart (decay=exponential) 5% (59/1128) regret=0.107299 ape=0.5972
[17:43:01] warmStart (decay=exponential) 5% (60/1128) regret=0.107400 ape=0.5982
[17:43:01] warmStart (decay=exponential) 5% (61/1128) regret=0.107386 ape=0.5982
[17:43:02] warmStart (decay=exponential) 5% (62/1128) regret=0.107375 ape=0.5982
[17:43:02] warmStart (decay=exponential) 5% (63/1128) regret=0.107437 ape=0.5982
[17:43:02] warmStart (decay=exponential) 5% (64/1128) regret=0.107400 ape=0.5982
[17:43:02] warmStart (decay=exponential) 5% (65/1128) regret=0.107400 ape=0.5982
[17:43:02] warmStart (decay=exponential) 5% (66/1128) regret=0.107400 ape=0.5982
[17:43:02] warmStart (decay=exponential) 5% (67/1128) regret=0.107400 ape=0.5982
[17:43:03] warmStart (decay=exponential) 6% (68/1128) regret=0.107400 ape=0.5982
[17:43:03] warmStart (decay=exponential) 6% (69/1128) regret=0.107400 ape=0.5982
[17:43:03] warmStart (decay=exponential) 6% (70/1128) regret=0.107400 ape=0.5982
[17:43:03] warmStart (decay=exponential) 6% (71/1128) regret=0.107400 ape=0.5982
[17:43:03] warmStart (decay=exponential) 6% (72/1128) regret=0.107384 ape=0.5982
[17:43:04] warmStart (decay=exponential) 6% (73/1128) regret=0.107384 ape=0.5982
[17:43:04] warmStart (decay=exponential) 6% (74/1128) regret=0.107384 ape=0.5982
[17:43:04] warmStart (decay=exponential) 6% (75/1128) regret=0.107400 ape=0.5982
[17:43:04] warmStart (decay=exponential) 6% (76/1128) regret=0.107384 ape=0.5982
[17:43:04] warmStart (decay=exponential) 6% (77/1128) regret=0.107299 ape=0.5972
[17:43:05] warmStart (decay=exponential) 6% (78/1128) regret=0.107299 ape=0.5972
[17:43:05] warmStart (decay=exponential) 7% (79/1128) regret=0.107338 ape=0.5982
[17:43:05] warmStart (decay=exponential) 7% (80/1128) regret=0.107338 ape=0.5982
[17:43:05] warmStart (decay=exponential) 7% (81/1128) regret=0.107354 ape=0.5982
[17:43:05] warmStart (decay=exponential) 7% (82/1128) regret=0.107338 ape=0.5982
[17:43:05] warmStart (decay=exponential) 7% (83/1128) regret=0.107354 ape=0.5982
[17:43:06] warmStart (decay=exponential) 7% (84/1128) regret=0.107354 ape=0.5982
[17:43:06] warmStart (decay=exponential) 7% (85/1128) regret=0.107354 ape=0.5982
[17:43:06] warmStart (decay=exponential) 7% (86/1128) regret=0.107354 ape=0.5982
[17:43:06] warmStart (decay=exponential) 7% (87/1128) regret=0.107354 ape=0.5982
[17:43:06] warmStart (decay=exponential) 7% (88/1128) regret=0.107354 ape=0.5982
[17:43:06] warmStart (decay=exponential) 7% (89/1128) regret=0.107354 ape=0.5982
[17:43:06] warmStart (decay=exponential) 7% (90/1128) regret=0.107354 ape=0.5982
[17:43:07] warmStart (decay=exponential) 8% (91/1128) regret=0.107354 ape=0.5982
[17:43:07] warmStart (decay=exponential) 8% (92/1128) regret=0.107354 ape=0.5982
[17:43:07] warmStart (decay=exponential) 8% (93/1128) regret=0.107354 ape=0.5982
[17:43:07] warmStart (decay=exponential) 8% (94/1128) regret=0.107354 ape=0.5982
[17:43:07] warmStart (decay=exponential) 8% (95/1128) regret=0.107354 ape=0.5982
[17:43:07] warmStart (decay=exponential) 8% (96/1128) regret=0.107354 ape=0.5982
[17:43:08] warmStart (decay=exponential) 8% (97/1128) regret=0.107336 ape=0.5972
[17:43:08] warmStart (decay=exponential) 8% (98/1128) regret=0.107336 ape=0.5972
[17:43:08] warmStart (decay=exponential) 8% (99/1128) regret=0.107336 ape=0.5972
[17:43:08] warmStart (decay=exponential) 8% (100/1128) regret=0.107336 ape=0.5972
[17:43:08] warmStart (decay=exponential) 8% (101/1128) regret=0.107336 ape=0.5972
[17:43:08] warmStart (decay=exponential) 9% (102/1128) regret=0.107336 ape=0.5972
[17:43:09] warmStart (decay=exponential) 9% (103/1128) regret=0.107336 ape=0.5972
[17:43:09] warmStart (decay=exponential) 9% (104/1128) regret=0.107336 ape=0.5972
[17:43:09] warmStart (decay=exponential) 9% (105/1128) regret=0.107336 ape=0.5972
[17:43:09] warmStart (decay=exponential) 9% (106/1128) regret=0.107267 ape=0.5972
[17:43:09] warmStart (decay=exponential) 9% (107/1128) regret=0.107267 ape=0.5972
[17:43:09] warmStart (decay=exponential) 9% (108/1128) regret=0.107267 ape=0.5972
[17:43:10] warmStart (decay=exponential) 9% (109/1128) regret=0.107267 ape=0.5972
[17:43:10] warmStart (decay=exponential) 9% (110/1128) regret=0.107267 ape=0.5972
[17:43:10] warmStart (decay=exponential) 9% (111/1128) regret=0.107256 ape=0.5963
[17:43:10] warmStart (decay=exponential) 9% (112/1128) regret=0.107256 ape=0.5963
[17:43:10] warmStart (decay=exponential) 10% (113/1128) regret=0.107256 ape=0.5963
[17:43:10] warmStart (decay=exponential) 10% (114/1128) regret=0.107256 ape=0.5963
[17:43:11] warmStart (decay=exponential) 10% (115/1128) regret=0.107283 ape=0.5972
[17:43:11] warmStart (decay=exponential) 10% (116/1128) regret=0.107753 ape=0.5972
[17:43:11] warmStart (decay=exponential) 10% (117/1128) regret=0.107283 ape=0.5972
[17:43:11] warmStart (decay=exponential) 10% (118/1128) regret=0.107283 ape=0.5972
[17:43:11] warmStart (decay=exponential) 10% (119/1128) regret=0.107283 ape=0.5972
[17:43:11] warmStart (decay=exponential) 10% (120/1128) regret=0.107283 ape=0.5972
[17:43:12] warmStart (decay=exponential) 10% (121/1128) regret=0.107283 ape=0.5972
[17:43:12] warmStart (decay=exponential) 10% (122/1128) regret=0.107283 ape=0.5972
[17:43:12] warmStart (decay=exponential) 10% (123/1128) regret=0.107283 ape=0.5972
[17:43:12] warmStart (decay=exponential) 10% (124/1128) regret=0.107283 ape=0.5972
[17:43:12] warmStart (decay=exponential) 11% (125/1128) regret=0.107283 ape=0.5972
[17:43:12] warmStart (decay=exponential) 11% (126/1128) regret=0.107283 ape=0.5972
[17:43:13] warmStart (decay=exponential) 11% (127/1128) regret=0.107283 ape=0.5972
[17:43:13] warmStart (decay=exponential) 11% (128/1128) regret=0.107283 ape=0.5972
[17:43:13] warmStart (decay=exponential) 11% (129/1128) regret=0.107283 ape=0.5972
[17:43:13] warmStart (decay=exponential) 11% (130/1128) regret=0.107283 ape=0.5972
[17:43:13] warmStart (decay=exponential) 11% (131/1128) regret=0.107283 ape=0.5972
[17:43:13] warmStart (decay=exponential) 11% (132/1128) regret=0.107283 ape=0.5972
[17:43:14] warmStart (decay=exponential) 11% (133/1128) regret=0.107283 ape=0.5972
[17:43:14] warmStart (decay=exponential) 11% (134/1128) regret=0.107283 ape=0.5972
[17:43:14] warmStart (decay=exponential) 11% (135/1128) regret=0.107283 ape=0.5972
[17:43:14] warmStart (decay=exponential) 12% (136/1128) regret=0.107283 ape=0.5972
[17:43:14] warmStart (decay=exponential) 12% (137/1128) regret=0.107283 ape=0.5972
[17:43:15] warmStart (decay=exponential) 12% (138/1128) regret=0.107283 ape=0.5972
[17:43:15] warmStart (decay=exponential) 12% (139/1128) regret=0.107283 ape=0.5972
[17:43:15] warmStart (decay=exponential) 12% (140/1128) regret=0.107283 ape=0.5972
[17:43:15] warmStart (decay=exponential) 12% (141/1128) regret=0.107283 ape=0.5972
[17:43:15] warmStart (decay=exponential) 12% (142/1128) regret=0.107283 ape=0.5972
[17:43:15] warmStart (decay=exponential) 12% (143/1128) regret=0.107283 ape=0.5972
[17:43:16] warmStart (decay=exponential) 12% (144/1128) regret=0.107283 ape=0.5972
[17:43:16] warmStart (decay=exponential) 12% (145/1128) regret=0.107283 ape=0.5972
[17:43:16] warmStart (decay=exponential) 12% (146/1128) regret=0.107283 ape=0.5972
[17:43:16] warmStart (decay=exponential) 13% (147/1128) regret=0.107283 ape=0.5972
[17:43:16] warmStart (decay=exponential) 13% (148/1128) regret=0.107283 ape=0.5972
[17:43:17] warmStart (decay=exponential) 13% (149/1128) regret=0.107283 ape=0.5972
[17:43:17] warmStart (decay=exponential) 13% (150/1128) regret=0.107283 ape=0.5972
[17:43:17] warmStart (decay=exponential) 13% (151/1128) regret=0.107283 ape=0.5972
[17:43:17] warmStart (decay=exponential) 13% (152/1128) regret=0.107283 ape=0.5972
[17:43:17] warmStart (decay=exponential) 13% (153/1128) regret=0.107283 ape=0.5972
[17:43:17] warmStart (decay=exponential) 13% (154/1128) regret=0.107283 ape=0.5972
[17:43:18] warmStart (decay=exponential) 13% (155/1128) regret=0.107283 ape=0.5972
[17:43:18] warmStart (decay=exponential) 13% (156/1128) regret=0.107283 ape=0.5972
[17:43:18] warmStart (decay=exponential) 13% (157/1128) regret=0.107283 ape=0.5972
[17:43:18] warmStart (decay=exponential) 14% (158/1128) regret=0.107283 ape=0.5972
[17:43:18] warmStart (decay=exponential) 14% (159/1128) regret=0.107283 ape=0.5972
[17:43:18] warmStart (decay=exponential) 14% (160/1128) regret=0.107283 ape=0.5972
[17:43:19] warmStart (decay=exponential) 14% (161/1128) regret=0.107283 ape=0.5972
[17:43:19] warmStart (decay=exponential) 14% (162/1128) regret=0.107283 ape=0.5972
[17:43:19] warmStart (decay=exponential) 14% (163/1128) regret=0.107283 ape=0.5972
[17:43:19] warmStart (decay=exponential) 14% (164/1128) regret=0.107283 ape=0.5972
[17:43:19] warmStart (decay=exponential) 14% (165/1128) regret=0.107281 ape=0.5972
[17:43:19] warmStart (decay=exponential) 14% (166/1128) regret=0.107279 ape=0.5963
[17:43:19] warmStart (decay=exponential) 14% (167/1128) regret=0.107279 ape=0.5963
[17:43:20] warmStart (decay=exponential) 14% (168/1128) regret=0.107279 ape=0.5963
[17:43:20] warmStart (decay=exponential) 14% (169/1128) regret=0.107279 ape=0.5963
[17:43:20] warmStart (decay=exponential) 15% (170/1128) regret=0.107279 ape=0.5963
[17:43:20] warmStart (decay=exponential) 15% (171/1128) regret=0.107279 ape=0.5963
[17:43:20] warmStart (decay=exponential) 15% (172/1128) regret=0.107279 ape=0.5963
[17:43:21] warmStart (decay=exponential) 15% (173/1128) regret=0.107279 ape=0.5963
[17:43:21] warmStart (decay=exponential) 15% (174/1128) regret=0.107279 ape=0.5963
[17:43:21] warmStart (decay=exponential) 15% (175/1128) regret=0.107279 ape=0.5963
[17:43:21] warmStart (decay=exponential) 15% (176/1128) regret=0.107279 ape=0.5963
[17:43:21] warmStart (decay=exponential) 15% (177/1128) regret=0.107279 ape=0.5963
[17:43:21] warmStart (decay=exponential) 15% (178/1128) regret=0.107279 ape=0.5963
[17:43:22] warmStart (decay=exponential) 15% (179/1128) regret=0.107279 ape=0.5963
[17:43:22] warmStart (decay=exponential) 15% (180/1128) regret=0.107279 ape=0.5963
[17:43:22] warmStart (decay=exponential) 16% (181/1128) regret=0.107279 ape=0.5963
[17:43:22] warmStart (decay=exponential) 16% (182/1128) regret=0.107279 ape=0.5963
[17:43:22] warmStart (decay=exponential) 16% (183/1128) regret=0.107279 ape=0.5963
[17:43:22] warmStart (decay=exponential) 16% (184/1128) regret=0.107279 ape=0.5963
[17:43:22] warmStart (decay=exponential) 16% (185/1128) regret=0.107279 ape=0.5963
[17:43:23] warmStart (decay=exponential) 16% (186/1128) regret=0.107279 ape=0.5963
[17:43:23] warmStart (decay=exponential) 16% (187/1128) regret=0.107279 ape=0.5963
[17:43:23] warmStart (decay=exponential) 16% (188/1128) regret=0.107279 ape=0.5963
[17:43:23] warmStart (decay=exponential) 16% (189/1128) regret=0.107279 ape=0.5963
[17:43:23] warmStart (decay=exponential) 16% (190/1128) regret=0.107279 ape=0.5963
[17:43:23] warmStart (decay=exponential) 16% (191/1128) regret=0.107279 ape=0.5963
[17:43:24] warmStart (decay=exponential) 17% (192/1128) regret=0.107261 ape=0.5963
[17:43:24] warmStart (decay=exponential) 17% (193/1128) regret=0.107326 ape=0.5963
[17:43:24] warmStart (decay=exponential) 17% (194/1128) regret=0.107197 ape=0.5954
[17:43:24] warmStart (decay=exponential) 17% (195/1128) regret=0.107197 ape=0.5954
[17:43:24] warmStart (decay=exponential) 17% (196/1128) regret=0.107197 ape=0.5954
[17:43:24] warmStart (decay=exponential) 17% (197/1128) regret=0.107197 ape=0.5954
[17:43:25] warmStart (decay=exponential) 17% (198/1128) regret=0.107197 ape=0.5954
[17:43:25] warmStart (decay=exponential) 17% (199/1128) regret=0.107197 ape=0.5954
[17:43:25] warmStart (decay=exponential) 17% (200/1128) regret=0.107197 ape=0.5954
[17:43:25] warmStart (decay=exponential) 17% (201/1128) regret=0.107197 ape=0.5954
[17:43:25] warmStart (decay=exponential) 17% (202/1128) regret=0.107197 ape=0.5954
[17:43:25] warmStart (decay=exponential) 17% (203/1128) regret=0.107197 ape=0.5954
[17:43:26] warmStart (decay=exponential) 18% (204/1128) regret=0.107197 ape=0.5954
[17:43:26] warmStart (decay=exponential) 18% (205/1128) regret=0.107197 ape=0.5954
[17:43:26] warmStart (decay=exponential) 18% (206/1128) regret=0.107197 ape=0.5954
[17:43:26] warmStart (decay=exponential) 18% (207/1128) regret=0.107197 ape=0.5954
[17:43:26] warmStart (decay=exponential) 18% (208/1128) regret=0.107197 ape=0.5954
[17:43:26] warmStart (decay=exponential) 18% (209/1128) regret=0.107197 ape=0.5954
[17:43:27] warmStart (decay=exponential) 18% (210/1128) regret=0.107197 ape=0.5954
[17:43:27] warmStart (decay=exponential) 18% (211/1128) regret=0.107197 ape=0.5954
[17:43:27] warmStart (decay=exponential) 18% (212/1128) regret=0.107197 ape=0.5954
[17:43:27] warmStart (decay=exponential) 18% (213/1128) regret=0.107197 ape=0.5954
[17:43:27] warmStart (decay=exponential) 18% (214/1128) regret=0.107197 ape=0.5954
[17:43:28] warmStart (decay=exponential) 19% (215/1128) regret=0.107197 ape=0.5954
[17:43:28] warmStart (decay=exponential) 19% (216/1128) regret=0.107197 ape=0.5954
[17:43:28] warmStart (decay=exponential) 19% (217/1128) regret=0.107197 ape=0.5954
[17:43:28] warmStart (decay=exponential) 19% (218/1128) regret=0.107197 ape=0.5954
[17:43:28] warmStart (decay=exponential) 19% (219/1128) regret=0.107197 ape=0.5954
[17:43:28] warmStart (decay=exponential) 19% (220/1128) regret=0.107197 ape=0.5954
[17:43:29] warmStart (decay=exponential) 19% (221/1128) regret=0.107197 ape=0.5954
[17:43:29] warmStart (decay=exponential) 19% (222/1128) regret=0.107197 ape=0.5954
[17:43:29] warmStart (decay=exponential) 19% (223/1128) regret=0.107197 ape=0.5954
[17:43:29] warmStart (decay=exponential) 19% (224/1128) regret=0.107197 ape=0.5954
[17:43:29] warmStart (decay=exponential) 19% (225/1128) regret=0.107197 ape=0.5954
[17:43:29] warmStart (decay=exponential) 20% (226/1128) regret=0.107197 ape=0.5954
[17:43:30] warmStart (decay=exponential) 20% (227/1128) regret=0.107197 ape=0.5954
[17:43:30] warmStart (decay=exponential) 20% (228/1128) regret=0.107197 ape=0.5954
[17:43:30] warmStart (decay=exponential) 20% (229/1128) regret=0.107197 ape=0.5954
[17:43:30] warmStart (decay=exponential) 20% (230/1128) regret=0.107197 ape=0.5954
[17:43:30] warmStart (decay=exponential) 20% (231/1128) regret=0.107197 ape=0.5954
[17:43:30] warmStart (decay=exponential) 20% (232/1128) regret=0.107197 ape=0.5954
[17:43:31] warmStart (decay=exponential) 20% (233/1128) regret=0.107197 ape=0.5954
[17:43:31] warmStart (decay=exponential) 20% (234/1128) regret=0.107197 ape=0.5954
[17:43:31] warmStart (decay=exponential) 20% (235/1128) regret=0.107197 ape=0.5954
[17:43:31] warmStart (decay=exponential) 20% (236/1128) regret=0.107197 ape=0.5954
[17:43:31] warmStart (decay=exponential) 21% (237/1128) regret=0.107197 ape=0.5954
[17:43:31] warmStart (decay=exponential) 21% (238/1128) regret=0.107197 ape=0.5954
[17:43:32] warmStart (decay=exponential) 21% (239/1128) regret=0.107197 ape=0.5954
[17:43:32] warmStart (decay=exponential) 21% (240/1128) regret=0.107197 ape=0.5954
[17:43:32] warmStart (decay=exponential) 21% (241/1128) regret=0.107197 ape=0.5954
[17:43:32] warmStart (decay=exponential) 21% (242/1128) regret=0.107197 ape=0.5954
[17:43:32] warmStart (decay=exponential) 21% (243/1128) regret=0.107197 ape=0.5954
[17:43:33] warmStart (decay=exponential) 21% (244/1128) regret=0.107197 ape=0.5954
[17:43:33] warmStart (decay=exponential) 21% (245/1128) regret=0.107197 ape=0.5954
[17:43:33] warmStart (decay=exponential) 21% (246/1128) regret=0.107307 ape=0.5954
[17:43:33] warmStart (decay=exponential) 21% (247/1128) regret=0.107252 ape=0.5954
[17:43:33] warmStart (decay=exponential) 21% (248/1128) regret=0.107252 ape=0.5954
[17:43:33] warmStart (decay=exponential) 22% (249/1128) regret=0.107187 ape=0.5954
[17:43:34] warmStart (decay=exponential) 22% (250/1128) regret=0.107187 ape=0.5954
[17:43:34] warmStart (decay=exponential) 22% (251/1128) regret=0.107210 ape=0.5954
[17:43:34] warmStart (decay=exponential) 22% (252/1128) regret=0.107233 ape=0.5954
[17:43:34] warmStart (decay=exponential) 22% (253/1128) regret=0.107238 ape=0.5954
[17:43:34] warmStart (decay=exponential) 22% (254/1128) regret=0.107238 ape=0.5954
[17:43:35] warmStart (decay=exponential) 22% (255/1128) regret=0.107238 ape=0.5954
[17:43:35] warmStart (decay=exponential) 22% (256/1128) regret=0.107238 ape=0.5954
[17:43:35] warmStart (decay=exponential) 22% (257/1128) regret=0.107238 ape=0.5954
[17:43:35] warmStart (decay=exponential) 22% (258/1128) regret=0.107238 ape=0.5954
[17:43:35] warmStart (decay=exponential) 22% (259/1128) regret=0.107215 ape=0.5954
[17:43:35] warmStart (decay=exponential) 23% (260/1128) regret=0.107215 ape=0.5954
[17:43:36] warmStart (decay=exponential) 23% (261/1128) regret=0.107187 ape=0.5954
[17:43:36] warmStart (decay=exponential) 23% (262/1128) regret=0.107187 ape=0.5954
[17:43:36] warmStart (decay=exponential) 23% (263/1128) regret=0.107187 ape=0.5954
[17:43:36] warmStart (decay=exponential) 23% (264/1128) regret=0.107187 ape=0.5954
[17:43:36] warmStart (decay=exponential) 23% (265/1128) regret=0.107187 ape=0.5954
[17:43:36] warmStart (decay=exponential) 23% (266/1128) regret=0.107187 ape=0.5954
[17:43:37] warmStart (decay=exponential) 23% (267/1128) regret=0.107215 ape=0.5954
[17:43:37] warmStart (decay=exponential) 23% (268/1128) regret=0.107215 ape=0.5954
[17:43:37] warmStart (decay=exponential) 23% (269/1128) regret=0.107003 ape=0.5945
[17:43:37] warmStart (decay=exponential) 23% (270/1128) regret=0.107003 ape=0.5945
[17:43:37] warmStart (decay=exponential) 24% (271/1128) regret=0.106773 ape=0.5935
[17:43:38] warmStart (decay=exponential) 24% (272/1128) regret=0.106773 ape=0.5935
[17:43:38] warmStart (decay=exponential) 24% (273/1128) regret=0.106773 ape=0.5935
[17:43:38] warmStart (decay=exponential) 24% (274/1128) regret=0.106773 ape=0.5935
[17:43:38] warmStart (decay=exponential) 24% (275/1128) regret=0.106773 ape=0.5935
[17:43:38] warmStart (decay=exponential) 24% (276/1128) regret=0.106774 ape=0.5945
[17:43:38] warmStart (decay=exponential) 24% (277/1128) regret=0.106773 ape=0.5945
[17:43:39] warmStart (decay=exponential) 24% (278/1128) regret=0.106774 ape=0.5945
[17:43:39] warmStart (decay=exponential) 24% (279/1128) regret=0.106774 ape=0.5945
[17:43:39] warmStart (decay=exponential) 24% (280/1128) regret=0.106774 ape=0.5945
[17:43:39] warmStart (decay=exponential) 24% (281/1128) regret=0.106776 ape=0.5945
[17:43:39] warmStart (decay=exponential) 25% (282/1128) regret=0.106776 ape=0.5945
[17:43:39] warmStart (decay=exponential) 25% (283/1128) regret=0.106774 ape=0.5945
[17:43:40] warmStart (decay=exponential) 25% (284/1128) regret=0.106774 ape=0.5945
[17:43:40] warmStart (decay=exponential) 25% (285/1128) regret=0.106774 ape=0.5945
[17:43:40] warmStart (decay=exponential) 25% (286/1128) regret=0.106774 ape=0.5945
[17:43:40] warmStart (decay=exponential) 25% (287/1128) regret=0.106774 ape=0.5945
[17:43:40] warmStart (decay=exponential) 25% (288/1128) regret=0.106774 ape=0.5945
[17:43:40] warmStart (decay=exponential) 25% (289/1128) regret=0.106774 ape=0.5945
[17:43:41] warmStart (decay=exponential) 25% (290/1128) regret=0.106774 ape=0.5945
[17:43:41] warmStart (decay=exponential) 25% (291/1128) regret=0.106774 ape=0.5945
[17:43:41] warmStart (decay=exponential) 25% (292/1128) regret=0.106774 ape=0.5945
[17:43:41] warmStart (decay=exponential) 25% (293/1128) regret=0.106774 ape=0.5945
[17:43:41] warmStart (decay=exponential) 26% (294/1128) regret=0.106774 ape=0.5945
[17:43:41] warmStart (decay=exponential) 26% (295/1128) regret=0.106774 ape=0.5945
[17:43:42] warmStart (decay=exponential) 26% (296/1128) regret=0.106774 ape=0.5945
[17:43:42] warmStart (decay=exponential) 26% (297/1128) regret=0.106774 ape=0.5945
[17:43:42] warmStart (decay=exponential) 26% (298/1128) regret=0.106774 ape=0.5945
[17:43:42] warmStart (decay=exponential) 26% (299/1128) regret=0.106774 ape=0.5945
[17:43:42] warmStart (decay=exponential) 26% (300/1128) regret=0.106774 ape=0.5945
[17:43:42] warmStart (decay=exponential) 26% (301/1128) regret=0.106774 ape=0.5945
[17:43:42] warmStart (decay=exponential) 26% (302/1128) regret=0.106774 ape=0.5945
[17:43:43] warmStart (decay=exponential) 26% (303/1128) regret=0.106774 ape=0.5945
[17:43:43] warmStart (decay=exponential) 26% (304/1128) regret=0.106774 ape=0.5945
[17:43:43] warmStart (decay=exponential) 27% (305/1128) regret=0.106774 ape=0.5945
[17:43:43] warmStart (decay=exponential) 27% (306/1128) regret=0.106774 ape=0.5945
[17:43:43] warmStart (decay=exponential) 27% (307/1128) regret=0.106774 ape=0.5945
[17:43:43] warmStart (decay=exponential) 27% (308/1128) regret=0.106774 ape=0.5945
[17:43:44] warmStart (decay=exponential) 27% (309/1128) regret=0.106774 ape=0.5945
[17:43:44] warmStart (decay=exponential) 27% (310/1128) regret=0.106774 ape=0.5945
[17:43:44] warmStart (decay=exponential) 27% (311/1128) regret=0.106774 ape=0.5945
[17:43:44] warmStart (decay=exponential) 27% (312/1128) regret=0.106774 ape=0.5945
[17:43:44] warmStart (decay=exponential) 27% (313/1128) regret=0.106774 ape=0.5945
[17:43:44] warmStart (decay=exponential) 27% (314/1128) regret=0.106774 ape=0.5945
[17:43:45] warmStart (decay=exponential) 27% (315/1128) regret=0.106774 ape=0.5945
[17:43:45] warmStart (decay=exponential) 28% (316/1128) regret=0.106774 ape=0.5945
[17:43:45] warmStart (decay=exponential) 28% (317/1128) regret=0.106774 ape=0.5945
[17:43:45] warmStart (decay=exponential) 28% (318/1128) regret=0.106774 ape=0.5945
[17:43:45] warmStart (decay=exponential) 28% (319/1128) regret=0.106774 ape=0.5945
[17:43:45] warmStart (decay=exponential) 28% (320/1128) regret=0.106774 ape=0.5945
[17:43:46] warmStart (decay=exponential) 28% (321/1128) regret=0.106774 ape=0.5945
[17:43:46] warmStart (decay=exponential) 28% (322/1128) regret=0.106774 ape=0.5945
[17:43:46] warmStart (decay=exponential) 28% (323/1128) regret=0.106774 ape=0.5945
[17:43:46] warmStart (decay=exponential) 28% (324/1128) regret=0.106774 ape=0.5945
[17:43:46] warmStart (decay=exponential) 28% (325/1128) regret=0.106774 ape=0.5945
[17:43:46] warmStart (decay=exponential) 28% (326/1128) regret=0.106774 ape=0.5945
[17:43:47] warmStart (decay=exponential) 28% (327/1128) regret=0.106774 ape=0.5945
[17:43:47] warmStart (decay=exponential) 29% (328/1128) regret=0.106774 ape=0.5945
[17:43:47] warmStart (decay=exponential) 29% (329/1128) regret=0.106738 ape=0.5945
[17:43:47] warmStart (decay=exponential) 29% (330/1128) regret=0.106930 ape=0.5945
[17:43:47] warmStart (decay=exponential) 29% (331/1128) regret=0.106889 ape=0.5945
[17:43:47] warmStart (decay=exponential) 29% (332/1128) regret=0.106889 ape=0.5945
[17:43:48] warmStart (decay=exponential) 29% (333/1128) regret=0.106708 ape=0.5935
[17:43:48] warmStart (decay=exponential) 29% (334/1128) regret=0.106889 ape=0.5945
[17:43:48] warmStart (decay=exponential) 29% (335/1128) regret=0.106889 ape=0.5945
[17:43:48] warmStart (decay=exponential) 29% (336/1128) regret=0.106773 ape=0.5945
[17:43:48] warmStart (decay=exponential) 29% (337/1128) regret=0.106889 ape=0.5945
[17:43:49] warmStart (decay=exponential) 29% (338/1128) regret=0.106773 ape=0.5945
[17:43:49] warmStart (decay=exponential) 30% (339/1128) regret=0.106909 ape=0.5945
[17:43:49] warmStart (decay=exponential) 30% (340/1128) regret=0.106708 ape=0.5935
[17:43:49] warmStart (decay=exponential) 30% (341/1128) regret=0.106708 ape=0.5935
[17:43:49] warmStart (decay=exponential) 30% (342/1128) regret=0.106708 ape=0.5935
[17:43:49] warmStart (decay=exponential) 30% (343/1128) regret=0.106708 ape=0.5935
[17:43:50] warmStart (decay=exponential) 30% (344/1128) regret=0.106656 ape=0.5935
[17:43:50] warmStart (decay=exponential) 30% (345/1128) regret=0.106656 ape=0.5935
[17:43:50] warmStart (decay=exponential) 30% (346/1128) regret=0.106659 ape=0.5935
[17:43:50] warmStart (decay=exponential) 30% (347/1128) regret=0.106658 ape=0.5935
[17:43:50] warmStart (decay=exponential) 30% (348/1128) regret=0.106658 ape=0.5935
[17:43:50] warmStart (decay=exponential) 30% (349/1128) regret=0.106656 ape=0.5935
[17:43:51] warmStart (decay=exponential) 31% (350/1128) regret=0.106656 ape=0.5935
[17:43:51] warmStart (decay=exponential) 31% (351/1128) regret=0.106656 ape=0.5935
[17:43:51] warmStart (decay=exponential) 31% (352/1128) regret=0.106656 ape=0.5935
[17:43:51] warmStart (decay=exponential) 31% (353/1128) regret=0.106656 ape=0.5935
[17:43:51] warmStart (decay=exponential) 31% (354/1128) regret=0.106656 ape=0.5935
[17:43:51] warmStart (decay=exponential) 31% (355/1128) regret=0.106656 ape=0.5935
[17:43:52] warmStart (decay=exponential) 31% (356/1128) regret=0.106656 ape=0.5935
[17:43:52] warmStart (decay=exponential) 31% (357/1128) regret=0.106656 ape=0.5935
[17:43:52] warmStart (decay=exponential) 31% (358/1128) regret=0.106656 ape=0.5935
[17:43:52] warmStart (decay=exponential) 31% (359/1128) regret=0.106656 ape=0.5935
[17:43:52] warmStart (decay=exponential) 31% (360/1128) regret=0.106656 ape=0.5935
[17:43:52] warmStart (decay=exponential) 32% (361/1128) regret=0.106656 ape=0.5935
[17:43:53] warmStart (decay=exponential) 32% (362/1128) regret=0.106656 ape=0.5935
[17:43:53] warmStart (decay=exponential) 32% (363/1128) regret=0.106656 ape=0.5935
[17:43:53] warmStart (decay=exponential) 32% (364/1128) regret=0.106656 ape=0.5935
[17:43:53] warmStart (decay=exponential) 32% (365/1128) regret=0.106656 ape=0.5935
[17:43:53] warmStart (decay=exponential) 32% (366/1128) regret=0.106656 ape=0.5935
[17:43:53] warmStart (decay=exponential) 32% (367/1128) regret=0.106656 ape=0.5935
[17:43:54] warmStart (decay=exponential) 32% (368/1128) regret=0.106656 ape=0.5935
[17:43:54] warmStart (decay=exponential) 32% (369/1128) regret=0.106656 ape=0.5935
[17:43:54] warmStart (decay=exponential) 32% (370/1128) regret=0.106656 ape=0.5935
[17:43:54] warmStart (decay=exponential) 32% (371/1128) regret=0.106656 ape=0.5935
[17:43:54] warmStart (decay=exponential) 32% (372/1128) regret=0.106656 ape=0.5935
[17:43:54] warmStart (decay=exponential) 33% (373/1128) regret=0.106656 ape=0.5935
[17:43:55] warmStart (decay=exponential) 33% (374/1128) regret=0.106656 ape=0.5935
[17:43:55] warmStart (decay=exponential) 33% (375/1128) regret=0.106656 ape=0.5935
[17:43:55] warmStart (decay=exponential) 33% (376/1128) regret=0.106656 ape=0.5935
[17:43:55] warmStart (decay=exponential) 33% (377/1128) regret=0.106656 ape=0.5935
[17:43:55] warmStart (decay=exponential) 33% (378/1128) regret=0.106656 ape=0.5935
[17:43:56] warmStart (decay=exponential) 33% (379/1128) regret=0.106656 ape=0.5935
[17:43:56] warmStart (decay=exponential) 33% (380/1128) regret=0.106656 ape=0.5935
[17:43:56] warmStart (decay=exponential) 33% (381/1128) regret=0.106656 ape=0.5935
[17:43:56] warmStart (decay=exponential) 33% (382/1128) regret=0.106656 ape=0.5935
[17:43:56] warmStart (decay=exponential) 33% (383/1128) regret=0.106656 ape=0.5935
[17:43:56] warmStart (decay=exponential) 34% (384/1128) regret=0.106656 ape=0.5935
[17:43:57] warmStart (decay=exponential) 34% (385/1128) regret=0.106656 ape=0.5935
[17:43:57] warmStart (decay=exponential) 34% (386/1128) regret=0.106656 ape=0.5935
[17:43:57] warmStart (decay=exponential) 34% (387/1128) regret=0.106656 ape=0.5935
[17:43:57] warmStart (decay=exponential) 34% (388/1128) regret=0.106656 ape=0.5935
[17:43:57] warmStart (decay=exponential) 34% (389/1128) regret=0.106656 ape=0.5935
[17:43:57] warmStart (decay=exponential) 34% (390/1128) regret=0.106656 ape=0.5935
[17:43:58] warmStart (decay=exponential) 34% (391/1128) regret=0.106656 ape=0.5935
[17:43:58] warmStart (decay=exponential) 34% (392/1128) regret=0.106656 ape=0.5935
[17:43:58] warmStart (decay=exponential) 34% (393/1128) regret=0.106656 ape=0.5935
[17:43:58] warmStart (decay=exponential) 34% (394/1128) regret=0.106656 ape=0.5935
[17:43:58] warmStart (decay=exponential) 35% (395/1128) regret=0.106656 ape=0.5935
[17:43:59] warmStart (decay=exponential) 35% (396/1128) regret=0.106656 ape=0.5935
[17:43:59] warmStart (decay=exponential) 35% (397/1128) regret=0.106656 ape=0.5935
[17:43:59] warmStart (decay=exponential) 35% (398/1128) regret=0.106656 ape=0.5935
[17:43:59] warmStart (decay=exponential) 35% (399/1128) regret=0.106656 ape=0.5935
[17:43:59] warmStart (decay=exponential) 35% (400/1128) regret=0.106656 ape=0.5935
[17:43:59] warmStart (decay=exponential) 35% (401/1128) regret=0.106656 ape=0.5935
[17:44:00] warmStart (decay=exponential) 35% (402/1128) regret=0.106656 ape=0.5935
[17:44:00] warmStart (decay=exponential) 35% (403/1128) regret=0.106656 ape=0.5935
[17:44:00] warmStart (decay=exponential) 35% (404/1128) regret=0.106656 ape=0.5935
[17:44:00] warmStart (decay=exponential) 35% (405/1128) regret=0.106656 ape=0.5935
[17:44:00] warmStart (decay=exponential) 35% (406/1128) regret=0.106642 ape=0.5935
[17:44:01] warmStart (decay=exponential) 36% (407/1128) regret=0.106642 ape=0.5935
[17:44:01] warmStart (decay=exponential) 36% (408/1128) regret=0.106642 ape=0.5935
[17:44:01] warmStart (decay=exponential) 36% (409/1128) regret=0.106642 ape=0.5935
[17:44:01] warmStart (decay=exponential) 36% (410/1128) regret=0.106642 ape=0.5935
[17:44:01] warmStart (decay=exponential) 36% (411/1128) regret=0.106642 ape=0.5935
[17:44:02] warmStart (decay=exponential) 36% (412/1128) regret=0.106642 ape=0.5935
[17:44:02] warmStart (decay=exponential) 36% (413/1128) regret=0.106642 ape=0.5935
[17:44:02] warmStart (decay=exponential) 36% (414/1128) regret=0.106633 ape=0.5935
[17:44:02] warmStart (decay=exponential) 36% (415/1128) regret=0.106652 ape=0.5935
[17:44:02] warmStart (decay=exponential) 36% (416/1128) regret=0.106633 ape=0.5935
[17:44:02] warmStart (decay=exponential) 36% (417/1128) regret=0.106610 ape=0.5935
[17:44:03] warmStart (decay=exponential) 37% (418/1128) regret=0.106610 ape=0.5935
[17:44:03] warmStart (decay=exponential) 37% (419/1128) regret=0.106661 ape=0.5935
[17:44:03] warmStart (decay=exponential) 37% (420/1128) regret=0.106610 ape=0.5935
[17:44:03] warmStart (decay=exponential) 37% (421/1128) regret=0.106610 ape=0.5935
[17:44:03] warmStart (decay=exponential) 37% (422/1128) regret=0.106610 ape=0.5935
[17:44:04] warmStart (decay=exponential) 37% (423/1128) regret=0.106610 ape=0.5935
[17:44:04] warmStart (decay=exponential) 37% (424/1128) regret=0.106610 ape=0.5935
[17:44:04] warmStart (decay=exponential) 37% (425/1128) regret=0.106610 ape=0.5935
[17:44:04] warmStart (decay=exponential) 37% (426/1128) regret=0.106606 ape=0.5926
[17:44:04] warmStart (decay=exponential) 37% (427/1128) regret=0.106606 ape=0.5926
[17:44:04] warmStart (decay=exponential) 37% (428/1128) regret=0.106606 ape=0.5926
[17:44:05] warmStart (decay=exponential) 38% (429/1128) regret=0.106606 ape=0.5926
[17:44:05] warmStart (decay=exponential) 38% (430/1128) regret=0.106606 ape=0.5926
[17:44:05] warmStart (decay=exponential) 38% (431/1128) regret=0.106606 ape=0.5926
[17:44:05] warmStart (decay=exponential) 38% (432/1128) regret=0.106606 ape=0.5926
[17:44:05] warmStart (decay=exponential) 38% (433/1128) regret=0.106606 ape=0.5926
[17:44:05] warmStart (decay=exponential) 38% (434/1128) regret=0.106606 ape=0.5926
[17:44:06] warmStart (decay=exponential) 38% (435/1128) regret=0.106606 ape=0.5926
[17:44:06] warmStart (decay=exponential) 38% (436/1128) regret=0.106610 ape=0.5935
[17:44:06] warmStart (decay=exponential) 38% (437/1128) regret=0.106610 ape=0.5935
[17:44:06] warmStart (decay=exponential) 38% (438/1128) regret=0.106610 ape=0.5935
[17:44:06] warmStart (decay=exponential) 38% (439/1128) regret=0.106610 ape=0.5935
[17:44:06] warmStart (decay=exponential) 39% (440/1128) regret=0.106610 ape=0.5935
[17:44:07] warmStart (decay=exponential) 39% (441/1128) regret=0.106610 ape=0.5935
[17:44:07] warmStart (decay=exponential) 39% (442/1128) regret=0.106610 ape=0.5935
[17:44:07] warmStart (decay=exponential) 39% (443/1128) regret=0.106629 ape=0.5935
[17:44:07] warmStart (decay=exponential) 39% (444/1128) regret=0.106352 ape=0.5935
[17:44:07] warmStart (decay=exponential) 39% (445/1128) regret=0.106389 ape=0.5935
[17:44:07] warmStart (decay=exponential) 39% (446/1128) regret=0.106168 ape=0.5935
[17:44:08] warmStart (decay=exponential) 39% (447/1128) regret=0.106168 ape=0.5935
[17:44:08] warmStart (decay=exponential) 39% (448/1128) regret=0.106168 ape=0.5935
[17:44:08] warmStart (decay=exponential) 39% (449/1128) regret=0.106168 ape=0.5935
[17:44:08] warmStart (decay=exponential) 39% (450/1128) regret=0.106168 ape=0.5935
[17:44:08] warmStart (decay=exponential) 39% (451/1128) regret=0.106066 ape=0.5926
[17:44:09] warmStart (decay=exponential) 40% (452/1128) regret=0.106066 ape=0.5926
[17:44:09] warmStart (decay=exponential) 40% (453/1128) regret=0.106094 ape=0.5926
[17:44:09] warmStart (decay=exponential) 40% (454/1128) regret=0.106020 ape=0.5926
[17:44:09] warmStart (decay=exponential) 40% (455/1128) regret=0.106020 ape=0.5926
[17:44:09] warmStart (decay=exponential) 40% (456/1128) regret=0.106076 ape=0.5926
[17:44:09] warmStart (decay=exponential) 40% (457/1128) regret=0.106076 ape=0.5926
[17:44:10] warmStart (decay=exponential) 40% (458/1128) regret=0.106020 ape=0.5926
[17:44:10] warmStart (decay=exponential) 40% (459/1128) regret=0.106020 ape=0.5926
[17:44:10] warmStart (decay=exponential) 40% (460/1128) regret=0.105983 ape=0.5917
[17:44:10] warmStart (decay=exponential) 40% (461/1128) regret=0.105983 ape=0.5917
[17:44:10] warmStart (decay=exponential) 40% (462/1128) regret=0.106131 ape=0.5926
[17:44:10] warmStart (decay=exponential) 41% (463/1128) regret=0.106039 ape=0.5926
[17:44:11] warmStart (decay=exponential) 41% (464/1128) regret=0.106131 ape=0.5926
[17:44:11] warmStart (decay=exponential) 41% (465/1128) regret=0.106131 ape=0.5926
[17:44:11] warmStart (decay=exponential) 41% (466/1128) regret=0.106131 ape=0.5926
[17:44:11] warmStart (decay=exponential) 41% (467/1128) regret=0.106131 ape=0.5926
[17:44:11] warmStart (decay=exponential) 41% (468/1128) regret=0.106131 ape=0.5926
[17:44:11] warmStart (decay=exponential) 41% (469/1128) regret=0.106113 ape=0.5926
[17:44:12] warmStart (decay=exponential) 41% (470/1128) regret=0.106113 ape=0.5926
[17:44:12] warmStart (decay=exponential) 41% (471/1128) regret=0.106113 ape=0.5926
[17:44:12] warmStart (decay=exponential) 41% (472/1128) regret=0.106113 ape=0.5926
[17:44:12] warmStart (decay=exponential) 41% (473/1128) regret=0.106115 ape=0.5926
[17:44:12] warmStart (decay=exponential) 42% (474/1128) regret=0.106113 ape=0.5926
[17:44:12] warmStart (decay=exponential) 42% (475/1128) regret=0.106115 ape=0.5926
[17:44:13] warmStart (decay=exponential) 42% (476/1128) regret=0.106115 ape=0.5926
[17:44:13] warmStart (decay=exponential) 42% (477/1128) regret=0.106115 ape=0.5926
[17:44:13] warmStart (decay=exponential) 42% (478/1128) regret=0.106115 ape=0.5926
[17:44:13] warmStart (decay=exponential) 42% (479/1128) regret=0.106115 ape=0.5926
[17:44:13] warmStart (decay=exponential) 42% (480/1128) regret=0.106115 ape=0.5926
[17:44:13] warmStart (decay=exponential) 42% (481/1128) regret=0.106115 ape=0.5926
[17:44:14] warmStart (decay=exponential) 42% (482/1128) regret=0.106115 ape=0.5926
[17:44:14] warmStart (decay=exponential) 42% (483/1128) regret=0.106115 ape=0.5926
[17:44:14] warmStart (decay=exponential) 42% (484/1128) regret=0.106115 ape=0.5926
[17:44:14] warmStart (decay=exponential) 42% (485/1128) regret=0.106115 ape=0.5926
[17:44:14] warmStart (decay=exponential) 43% (486/1128) regret=0.106115 ape=0.5926
[17:44:14] warmStart (decay=exponential) 43% (487/1128) regret=0.106115 ape=0.5926
[17:44:14] warmStart (decay=exponential) 43% (488/1128) regret=0.106115 ape=0.5926
[17:44:15] warmStart (decay=exponential) 43% (489/1128) regret=0.106115 ape=0.5926
[17:44:15] warmStart (decay=exponential) 43% (490/1128) regret=0.106115 ape=0.5926
[17:44:15] warmStart (decay=exponential) 43% (491/1128) regret=0.106115 ape=0.5926
[17:44:15] warmStart (decay=exponential) 43% (492/1128) regret=0.106115 ape=0.5926
[17:44:15] warmStart (decay=exponential) 43% (493/1128) regret=0.106115 ape=0.5926
[17:44:16] warmStart (decay=exponential) 43% (494/1128) regret=0.106115 ape=0.5926
[17:44:16] warmStart (decay=exponential) 43% (495/1128) regret=0.106115 ape=0.5926
[17:44:16] warmStart (decay=exponential) 43% (496/1128) regret=0.106115 ape=0.5926
[17:44:16] warmStart (decay=exponential) 44% (497/1128) regret=0.106115 ape=0.5926
[17:44:16] warmStart (decay=exponential) 44% (498/1128) regret=0.106115 ape=0.5926
[17:44:16] warmStart (decay=exponential) 44% (499/1128) regret=0.106115 ape=0.5926
[17:44:17] warmStart (decay=exponential) 44% (500/1128) regret=0.106115 ape=0.5926
[17:44:17] warmStart (decay=exponential) 44% (501/1128) regret=0.106115 ape=0.5926
[17:44:17] warmStart (decay=exponential) 44% (502/1128) regret=0.106115 ape=0.5926
[17:44:17] warmStart (decay=exponential) 44% (503/1128) regret=0.106115 ape=0.5926
[17:44:17] warmStart (decay=exponential) 44% (504/1128) regret=0.106115 ape=0.5926
[17:44:17] warmStart (decay=exponential) 44% (505/1128) regret=0.106115 ape=0.5926
[17:44:18] warmStart (decay=exponential) 44% (506/1128) regret=0.106115 ape=0.5926
[17:44:18] warmStart (decay=exponential) 44% (507/1128) regret=0.106115 ape=0.5926
[17:44:18] warmStart (decay=exponential) 45% (508/1128) regret=0.106115 ape=0.5926
[17:44:18] warmStart (decay=exponential) 45% (509/1128) regret=0.106115 ape=0.5926
[17:44:18] warmStart (decay=exponential) 45% (510/1128) regret=0.106115 ape=0.5926
[17:44:19] warmStart (decay=exponential) 45% (511/1128) regret=0.106115 ape=0.5926
[17:44:19] warmStart (decay=exponential) 45% (512/1128) regret=0.106115 ape=0.5926
[17:44:19] warmStart (decay=exponential) 45% (513/1128) regret=0.106115 ape=0.5926
[17:44:19] warmStart (decay=exponential) 45% (514/1128) regret=0.106115 ape=0.5926
[17:44:19] warmStart (decay=exponential) 45% (515/1128) regret=0.106115 ape=0.5926
[17:44:19] warmStart (decay=exponential) 45% (516/1128) regret=0.106115 ape=0.5926
[17:44:20] warmStart (decay=exponential) 45% (517/1128) regret=0.106115 ape=0.5926
[17:44:20] warmStart (decay=exponential) 45% (518/1128) regret=0.106115 ape=0.5926
[17:44:20] warmStart (decay=exponential) 46% (519/1128) regret=0.106106 ape=0.5926
[17:44:20] warmStart (decay=exponential) 46% (520/1128) regret=0.106097 ape=0.5926
[17:44:20] warmStart (decay=exponential) 46% (521/1128) regret=0.106097 ape=0.5926
[17:44:20] warmStart (decay=exponential) 46% (522/1128) regret=0.106097 ape=0.5926
[17:44:21] warmStart (decay=exponential) 46% (523/1128) regret=0.106106 ape=0.5926
[17:44:21] warmStart (decay=exponential) 46% (524/1128) regret=0.106106 ape=0.5926
[17:44:21] warmStart (decay=exponential) 46% (525/1128) regret=0.105986 ape=0.5917
[17:44:21] warmStart (decay=exponential) 46% (526/1128) regret=0.105986 ape=0.5917
[17:44:21] warmStart (decay=exponential) 46% (527/1128) regret=0.105986 ape=0.5917
[17:44:21] warmStart (decay=exponential) 46% (528/1128) regret=0.105986 ape=0.5917
[17:44:22] warmStart (decay=exponential) 46% (529/1128) regret=0.105986 ape=0.5917
[17:44:22] warmStart (decay=exponential) 46% (530/1128) regret=0.106088 ape=0.5926
[17:44:22] warmStart (decay=exponential) 47% (531/1128) regret=0.106032 ape=0.5926
[17:44:22] warmStart (decay=exponential) 47% (532/1128) regret=0.106032 ape=0.5926
[17:44:22] warmStart (decay=exponential) 47% (533/1128) regret=0.106032 ape=0.5926
[17:44:22] warmStart (decay=exponential) 47% (534/1128) regret=0.106032 ape=0.5926
[17:44:23] warmStart (decay=exponential) 47% (535/1128) regret=0.106023 ape=0.5926
[17:44:23] warmStart (decay=exponential) 47% (536/1128) regret=0.106023 ape=0.5926
[17:44:23] warmStart (decay=exponential) 47% (537/1128) regret=0.106023 ape=0.5926
[17:44:23] warmStart (decay=exponential) 47% (538/1128) regret=0.106023 ape=0.5926
[17:44:23] warmStart (decay=exponential) 47% (539/1128) regret=0.105986 ape=0.5917
[17:44:24] warmStart (decay=exponential) 47% (540/1128) regret=0.106023 ape=0.5926
[17:44:24] warmStart (decay=exponential) 47% (541/1128) regret=0.106023 ape=0.5926
[17:44:24] warmStart (decay=exponential) 48% (542/1128) regret=0.106023 ape=0.5926
[17:44:24] warmStart (decay=exponential) 48% (543/1128) regret=0.106023 ape=0.5926
[17:44:24] warmStart (decay=exponential) 48% (544/1128) regret=0.106023 ape=0.5926
[17:44:24] warmStart (decay=exponential) 48% (545/1128) regret=0.106023 ape=0.5926
[17:44:25] warmStart (decay=exponential) 48% (546/1128) regret=0.106023 ape=0.5926
[17:44:25] warmStart (decay=exponential) 48% (547/1128) regret=0.106023 ape=0.5926
[17:44:25] warmStart (decay=exponential) 48% (548/1128) regret=0.106023 ape=0.5926
[17:44:25] warmStart (decay=exponential) 48% (549/1128) regret=0.106023 ape=0.5926
[17:44:25] warmStart (decay=exponential) 48% (550/1128) regret=0.106023 ape=0.5926
[17:44:25] warmStart (decay=exponential) 48% (551/1128) regret=0.106023 ape=0.5926
[17:44:26] warmStart (decay=exponential) 48% (552/1128) regret=0.106023 ape=0.5926
[17:44:26] warmStart (decay=exponential) 49% (553/1128) regret=0.106023 ape=0.5926
[17:44:26] warmStart (decay=exponential) 49% (554/1128) regret=0.106023 ape=0.5926
[17:44:26] warmStart (decay=exponential) 49% (555/1128) regret=0.106023 ape=0.5926
[17:44:26] warmStart (decay=exponential) 49% (556/1128) regret=0.106023 ape=0.5926
[17:44:27] warmStart (decay=exponential) 49% (557/1128) regret=0.106023 ape=0.5926
[17:44:27] warmStart (decay=exponential) 49% (558/1128) regret=0.106023 ape=0.5926
[17:44:27] warmStart (decay=exponential) 49% (559/1128) regret=0.106023 ape=0.5926
[17:44:27] warmStart (decay=exponential) 49% (560/1128) regret=0.106023 ape=0.5926
[17:44:27] warmStart (decay=exponential) 49% (561/1128) regret=0.106023 ape=0.5926
[17:44:27] warmStart (decay=exponential) 49% (562/1128) regret=0.106023 ape=0.5926
[17:44:28] warmStart (decay=exponential) 49% (563/1128) regret=0.106023 ape=0.5926
[17:44:28] warmStart (decay=exponential) 50% (564/1128) regret=0.106023 ape=0.5926
[17:44:28] warmStart (decay=exponential) 50% (565/1128) regret=0.106023 ape=0.5926
[17:44:28] warmStart (decay=exponential) 50% (566/1128) regret=0.106023 ape=0.5926
[17:44:28] warmStart (decay=exponential) 50% (567/1128) regret=0.106023 ape=0.5926
[17:44:28] warmStart (decay=exponential) 50% (568/1128) regret=0.106023 ape=0.5926
[17:44:29] warmStart (decay=exponential) 50% (569/1128) regret=0.106023 ape=0.5926
[17:44:29] warmStart (decay=exponential) 50% (570/1128) regret=0.106023 ape=0.5926
[17:44:29] warmStart (decay=exponential) 50% (571/1128) regret=0.106023 ape=0.5926
[17:44:29] warmStart (decay=exponential) 50% (572/1128) regret=0.106023 ape=0.5926
[17:44:29] warmStart (decay=exponential) 50% (573/1128) regret=0.106023 ape=0.5926
[17:44:29] warmStart (decay=exponential) 50% (574/1128) regret=0.106023 ape=0.5926
[17:44:30] warmStart (decay=exponential) 50% (575/1128) regret=0.106023 ape=0.5926
[17:44:30] warmStart (decay=exponential) 51% (576/1128) regret=0.106023 ape=0.5926
[17:44:30] warmStart (decay=exponential) 51% (577/1128) regret=0.106023 ape=0.5926
[17:44:30] warmStart (decay=exponential) 51% (578/1128) regret=0.106023 ape=0.5926
[17:44:30] warmStart (decay=exponential) 51% (579/1128) regret=0.106023 ape=0.5926
[17:44:30] warmStart (decay=exponential) 51% (580/1128) regret=0.106023 ape=0.5926
[17:44:31] warmStart (decay=exponential) 51% (581/1128) regret=0.106023 ape=0.5926
[17:44:31] warmStart (decay=exponential) 51% (582/1128) regret=0.106023 ape=0.5926
[17:44:31] warmStart (decay=exponential) 51% (583/1128) regret=0.106023 ape=0.5926
[17:44:31] warmStart (decay=exponential) 51% (584/1128) regret=0.106507 ape=0.5935
[17:44:31] warmStart (decay=exponential) 51% (585/1128) regret=0.106493 ape=0.5935
[17:44:31] warmStart (decay=exponential) 51% (586/1128) regret=0.106226 ape=0.5935
[17:44:32] warmStart (decay=exponential) 52% (587/1128) regret=0.106023 ape=0.5926
[17:44:32] warmStart (decay=exponential) 52% (588/1128) regret=0.106023 ape=0.5926
[17:44:32] warmStart (decay=exponential) 52% (589/1128) regret=0.106023 ape=0.5926
[17:44:32] warmStart (decay=exponential) 52% (590/1128) regret=0.106023 ape=0.5926
[17:44:32] warmStart (decay=exponential) 52% (591/1128) regret=0.106017 ape=0.5917
[17:44:32] warmStart (decay=exponential) 52% (592/1128) regret=0.106035 ape=0.5926
[17:44:33] warmStart (decay=exponential) 52% (593/1128) regret=0.106023 ape=0.5926
[17:44:33] warmStart (decay=exponential) 52% (594/1128) regret=0.106023 ape=0.5926
[17:44:33] warmStart (decay=exponential) 52% (595/1128) regret=0.106035 ape=0.5926
[17:44:33] warmStart (decay=exponential) 52% (596/1128) regret=0.106035 ape=0.5926
[17:44:33] warmStart (decay=exponential) 52% (597/1128) regret=0.106023 ape=0.5926
[17:44:33] warmStart (decay=exponential) 53% (598/1128) regret=0.106023 ape=0.5926
[17:44:34] warmStart (decay=exponential) 53% (599/1128) regret=0.106023 ape=0.5926
[17:44:34] warmStart (decay=exponential) 53% (600/1128) regret=0.106023 ape=0.5926
[17:44:34] warmStart (decay=exponential) 53% (601/1128) regret=0.106023 ape=0.5926
[17:44:34] warmStart (decay=exponential) 53% (602/1128) regret=0.106023 ape=0.5926
[17:44:34] warmStart (decay=exponential) 53% (603/1128) regret=0.106023 ape=0.5926
[17:44:35] warmStart (decay=exponential) 53% (604/1128) regret=0.106512 ape=0.5935
[17:44:35] warmStart (decay=exponential) 53% (605/1128) regret=0.106539 ape=0.5935
[17:44:35] warmStart (decay=exponential) 53% (606/1128) regret=0.106318 ape=0.5935
[17:44:35] warmStart (decay=exponential) 53% (607/1128) regret=0.106461 ape=0.5935
[17:44:35] warmStart (decay=exponential) 53% (608/1128) regret=0.106461 ape=0.5935
[17:44:35] warmStart (decay=exponential) 53% (609/1128) regret=0.106461 ape=0.5935
[17:44:36] warmStart (decay=exponential) 54% (610/1128) regret=0.106461 ape=0.5935
[17:44:36] warmStart (decay=exponential) 54% (611/1128) regret=0.106539 ape=0.5935
[17:44:36] warmStart (decay=exponential) 54% (612/1128) regret=0.106530 ape=0.5935
[17:44:36] warmStart (decay=exponential) 54% (613/1128) regret=0.106530 ape=0.5935
[17:44:36] warmStart (decay=exponential) 54% (614/1128) regret=0.106475 ape=0.5935
[17:44:36] warmStart (decay=exponential) 54% (615/1128) regret=0.106023 ape=0.5926
[17:44:37] warmStart (decay=exponential) 54% (616/1128) regret=0.106023 ape=0.5926
[17:44:37] warmStart (decay=exponential) 54% (617/1128) regret=0.106217 ape=0.5935
[17:44:37] warmStart (decay=exponential) 54% (618/1128) regret=0.106148 ape=0.5935
[17:44:37] warmStart (decay=exponential) 54% (619/1128) regret=0.106092 ape=0.5935
[17:44:37] warmStart (decay=exponential) 54% (620/1128) regret=0.106092 ape=0.5935
[17:44:37] warmStart (decay=exponential) 55% (621/1128) regret=0.106092 ape=0.5935
[17:44:38] warmStart (decay=exponential) 55% (622/1128) regret=0.106092 ape=0.5935
[17:44:38] warmStart (decay=exponential) 55% (623/1128) regret=0.106092 ape=0.5935
[17:44:38] warmStart (decay=exponential) 55% (624/1128) regret=0.106092 ape=0.5935
[17:44:38] warmStart (decay=exponential) 55% (625/1128) regret=0.106092 ape=0.5935
[17:44:38] warmStart (decay=exponential) 55% (626/1128) regret=0.106092 ape=0.5935
[17:44:39] warmStart (decay=exponential) 55% (627/1128) regret=0.106092 ape=0.5935
[17:44:39] warmStart (decay=exponential) 55% (628/1128) regret=0.106092 ape=0.5935
[17:44:39] warmStart (decay=exponential) 55% (629/1128) regret=0.106175 ape=0.5935
[17:44:39] warmStart (decay=exponential) 55% (630/1128) regret=0.106092 ape=0.5935
[17:44:39] warmStart (decay=exponential) 55% (631/1128) regret=0.106023 ape=0.5926
[17:44:39] warmStart (decay=exponential) 56% (632/1128) regret=0.106023 ape=0.5926
[17:44:40] warmStart (decay=exponential) 56% (633/1128) regret=0.106023 ape=0.5926
[17:44:40] warmStart (decay=exponential) 56% (634/1128) regret=0.106023 ape=0.5926
[17:44:40] warmStart (decay=exponential) 56% (635/1128) regret=0.106023 ape=0.5926
[17:44:40] warmStart (decay=exponential) 56% (636/1128) regret=0.106023 ape=0.5926
[17:44:40] warmStart (decay=exponential) 56% (637/1128) regret=0.106023 ape=0.5926
[17:44:40] warmStart (decay=exponential) 56% (638/1128) regret=0.106023 ape=0.5926
[17:44:41] warmStart (decay=exponential) 56% (639/1128) regret=0.106023 ape=0.5926
[17:44:41] warmStart (decay=exponential) 56% (640/1128) regret=0.106023 ape=0.5926
[17:44:41] warmStart (decay=exponential) 56% (641/1128) regret=0.106023 ape=0.5926
[17:44:41] warmStart (decay=exponential) 56% (642/1128) regret=0.106023 ape=0.5926
[17:44:41] warmStart (decay=exponential) 57% (643/1128) regret=0.106023 ape=0.5926
[17:44:41] warmStart (decay=exponential) 57% (644/1128) regret=0.106023 ape=0.5926
[17:44:42] warmStart (decay=exponential) 57% (645/1128) regret=0.106023 ape=0.5926
[17:44:42] warmStart (decay=exponential) 57% (646/1128) regret=0.106023 ape=0.5926
[17:44:42] warmStart (decay=exponential) 57% (647/1128) regret=0.106023 ape=0.5926
[17:44:42] warmStart (decay=exponential) 57% (648/1128) regret=0.106023 ape=0.5926
[17:44:42] warmStart (decay=exponential) 57% (649/1128) regret=0.106023 ape=0.5926
[17:44:43] warmStart (decay=exponential) 57% (650/1128) regret=0.106023 ape=0.5926
[17:44:43] warmStart (decay=exponential) 57% (651/1128) regret=0.106023 ape=0.5926
[17:44:43] warmStart (decay=exponential) 57% (652/1128) regret=0.106023 ape=0.5926
[17:44:43] warmStart (decay=exponential) 57% (653/1128) regret=0.106023 ape=0.5926
[17:44:43] warmStart (decay=exponential) 57% (654/1128) regret=0.106023 ape=0.5926
[17:44:43] warmStart (decay=exponential) 58% (655/1128) regret=0.106023 ape=0.5926
[17:44:43] warmStart (decay=exponential) 58% (656/1128) regret=0.106023 ape=0.5926
[17:44:44] warmStart (decay=exponential) 58% (657/1128) regret=0.106023 ape=0.5926
[17:44:44] warmStart (decay=exponential) 58% (658/1128) regret=0.106023 ape=0.5926
[17:44:44] warmStart (decay=exponential) 58% (659/1128) regret=0.106023 ape=0.5926
[17:44:44] warmStart (decay=exponential) 58% (660/1128) regret=0.106023 ape=0.5926
[17:44:44] warmStart (decay=exponential) 58% (661/1128) regret=0.106023 ape=0.5926
[17:44:44] warmStart (decay=exponential) 58% (662/1128) regret=0.106023 ape=0.5926
[17:44:44] warmStart (decay=exponential) 58% (663/1128) regret=0.106023 ape=0.5926
[17:44:45] warmStart (decay=exponential) 58% (664/1128) regret=0.106023 ape=0.5926
[17:44:45] warmStart (decay=exponential) 58% (665/1128) regret=0.106023 ape=0.5926
[17:44:45] warmStart (decay=exponential) 59% (666/1128) regret=0.106023 ape=0.5926
[17:44:45] warmStart (decay=exponential) 59% (667/1128) regret=0.106023 ape=0.5926
[17:44:45] warmStart (decay=exponential) 59% (668/1128) regret=0.106023 ape=0.5926
[17:44:45] warmStart (decay=exponential) 59% (669/1128) regret=0.106023 ape=0.5926
[17:44:45] warmStart (decay=exponential) 59% (670/1128) regret=0.106023 ape=0.5926
[17:44:45] warmStart (decay=exponential) 59% (671/1128) regret=0.106023 ape=0.5926
[17:44:46] warmStart (decay=exponential) 59% (672/1128) regret=0.106074 ape=0.5926
[17:44:46] warmStart (decay=exponential) 59% (673/1128) regret=0.105880 ape=0.5917
[17:44:46] warmStart (decay=exponential) 59% (674/1128) regret=0.105880 ape=0.5917
[17:44:46] warmStart (decay=exponential) 59% (675/1128) regret=0.105880 ape=0.5917
[17:44:46] warmStart (decay=exponential) 59% (676/1128) regret=0.105770 ape=0.5908
[17:44:46] warmStart (decay=exponential) 60% (677/1128) regret=0.105770 ape=0.5908
[17:44:47] warmStart (decay=exponential) 60% (678/1128) regret=0.105880 ape=0.5917
[17:44:47] warmStart (decay=exponential) 60% (679/1128) regret=0.105880 ape=0.5917
[17:44:47] warmStart (decay=exponential) 60% (680/1128) regret=0.105880 ape=0.5917
[17:44:47] warmStart (decay=exponential) 60% (681/1128) regret=0.105880 ape=0.5917
[17:44:47] warmStart (decay=exponential) 60% (682/1128) regret=0.105853 ape=0.5917
[17:44:47] warmStart (decay=exponential) 60% (683/1128) regret=0.105853 ape=0.5917
[17:44:47] warmStart (decay=exponential) 60% (684/1128) regret=0.105869 ape=0.5926
[17:44:48] warmStart (decay=exponential) 60% (685/1128) regret=0.105871 ape=0.5926
[17:44:48] warmStart (decay=exponential) 60% (686/1128) regret=0.105869 ape=0.5926
[17:44:48] warmStart (decay=exponential) 60% (687/1128) regret=0.105869 ape=0.5926
[17:44:48] warmStart (decay=exponential) 60% (688/1128) regret=0.105869 ape=0.5926
[17:44:48] warmStart (decay=exponential) 61% (689/1128) regret=0.105869 ape=0.5926
[17:44:48] warmStart (decay=exponential) 61% (690/1128) regret=0.105871 ape=0.5926
[17:44:49] warmStart (decay=exponential) 61% (691/1128) regret=0.105871 ape=0.5926
[17:44:49] warmStart (decay=exponential) 61% (692/1128) regret=0.105871 ape=0.5926
[17:44:49] warmStart (decay=exponential) 61% (693/1128) regret=0.105871 ape=0.5926
[17:44:49] warmStart (decay=exponential) 61% (694/1128) regret=0.105869 ape=0.5926
[17:44:49] warmStart (decay=exponential) 61% (695/1128) regret=0.105869 ape=0.5926
[17:44:49] warmStart (decay=exponential) 61% (696/1128) regret=0.105869 ape=0.5926
[17:44:50] warmStart (decay=exponential) 61% (697/1128) regret=0.105869 ape=0.5926
[17:44:50] warmStart (decay=exponential) 61% (698/1128) regret=0.105869 ape=0.5926
[17:44:50] warmStart (decay=exponential) 61% (699/1128) regret=0.105869 ape=0.5926
[17:44:50] warmStart (decay=exponential) 62% (700/1128) regret=0.105869 ape=0.5926
[17:44:50] warmStart (decay=exponential) 62% (701/1128) regret=0.105869 ape=0.5926
[17:44:50] warmStart (decay=exponential) 62% (702/1128) regret=0.105869 ape=0.5926
[17:44:50] warmStart (decay=exponential) 62% (703/1128) regret=0.105869 ape=0.5926
[17:44:51] warmStart (decay=exponential) 62% (704/1128) regret=0.105869 ape=0.5926
[17:44:51] warmStart (decay=exponential) 62% (705/1128) regret=0.105869 ape=0.5926
[17:44:51] warmStart (decay=exponential) 62% (706/1128) regret=0.105869 ape=0.5926
[17:44:51] warmStart (decay=exponential) 62% (707/1128) regret=0.105869 ape=0.5926
[17:44:51] warmStart (decay=exponential) 62% (708/1128) regret=0.105869 ape=0.5926
[17:44:51] warmStart (decay=exponential) 62% (709/1128) regret=0.105869 ape=0.5926
[17:44:52] warmStart (decay=exponential) 62% (710/1128) regret=0.105869 ape=0.5926
[17:44:52] warmStart (decay=exponential) 63% (711/1128) regret=0.105869 ape=0.5926
[17:44:52] warmStart (decay=exponential) 63% (712/1128) regret=0.105869 ape=0.5926
[17:44:52] warmStart (decay=exponential) 63% (713/1128) regret=0.105869 ape=0.5926
[17:44:52] warmStart (decay=exponential) 63% (714/1128) regret=0.105869 ape=0.5926
[17:44:52] warmStart (decay=exponential) 63% (715/1128) regret=0.105869 ape=0.5926
[17:44:52] warmStart (decay=exponential) 63% (716/1128) regret=0.105869 ape=0.5926
[17:44:53] warmStart (decay=exponential) 63% (717/1128) regret=0.105869 ape=0.5926
[17:44:53] warmStart (decay=exponential) 63% (718/1128) regret=0.105869 ape=0.5926
[17:44:53] warmStart (decay=exponential) 63% (719/1128) regret=0.105869 ape=0.5926
[17:44:53] warmStart (decay=exponential) 63% (720/1128) regret=0.105869 ape=0.5926
[17:44:53] warmStart (decay=exponential) 63% (721/1128) regret=0.105869 ape=0.5926
[17:44:53] warmStart (decay=exponential) 64% (722/1128) regret=0.105869 ape=0.5926
[17:44:53] warmStart (decay=exponential) 64% (723/1128) regret=0.105869 ape=0.5926
[17:44:54] warmStart (decay=exponential) 64% (724/1128) regret=0.105869 ape=0.5926
[17:44:54] warmStart (decay=exponential) 64% (725/1128) regret=0.105869 ape=0.5926
[17:44:54] warmStart (decay=exponential) 64% (726/1128) regret=0.105869 ape=0.5926
[17:44:54] warmStart (decay=exponential) 64% (727/1128) regret=0.105869 ape=0.5926
[17:44:54] warmStart (decay=exponential) 64% (728/1128) regret=0.105869 ape=0.5926
[17:44:54] warmStart (decay=exponential) 64% (729/1128) regret=0.106072 ape=0.5926
[17:44:54] warmStart (decay=exponential) 64% (730/1128) regret=0.105869 ape=0.5926
[17:44:55] warmStart (decay=exponential) 64% (731/1128) regret=0.106072 ape=0.5926
[17:44:55] warmStart (decay=exponential) 64% (732/1128) regret=0.106072 ape=0.5926
[17:44:55] warmStart (decay=exponential) 64% (733/1128) regret=0.106072 ape=0.5926
[17:44:55] warmStart (decay=exponential) 65% (734/1128) regret=0.106072 ape=0.5926
[17:44:55] warmStart (decay=exponential) 65% (735/1128) regret=0.106118 ape=0.5926
[17:44:55] warmStart (decay=exponential) 65% (736/1128) regret=0.106118 ape=0.5926
[17:44:56] warmStart (decay=exponential) 65% (737/1128) regret=0.105841 ape=0.5917
[17:44:56] warmStart (decay=exponential) 65% (738/1128) regret=0.105841 ape=0.5917
[17:44:56] warmStart (decay=exponential) 65% (739/1128) regret=0.105841 ape=0.5917
[17:44:56] warmStart (decay=exponential) 65% (740/1128) regret=0.105841 ape=0.5917
[17:44:56] warmStart (decay=exponential) 65% (741/1128) regret=0.105841 ape=0.5917
[17:44:56] warmStart (decay=exponential) 65% (742/1128) regret=0.105841 ape=0.5917
[17:44:56] warmStart (decay=exponential) 65% (743/1128) regret=0.105841 ape=0.5917
[17:44:57] warmStart (decay=exponential) 65% (744/1128) regret=0.105841 ape=0.5917
[17:44:57] warmStart (decay=exponential) 66% (745/1128) regret=0.105841 ape=0.5917
[17:44:57] warmStart (decay=exponential) 66% (746/1128) regret=0.105841 ape=0.5917
[17:44:57] warmStart (decay=exponential) 66% (747/1128) regret=0.105841 ape=0.5917
[17:44:57] warmStart (decay=exponential) 66% (748/1128) regret=0.105841 ape=0.5917
[17:44:57] warmStart (decay=exponential) 66% (749/1128) regret=0.105841 ape=0.5917
[17:44:58] warmStart (decay=exponential) 66% (750/1128) regret=0.105841 ape=0.5917
[17:44:58] warmStart (decay=exponential) 66% (751/1128) regret=0.105841 ape=0.5917
[17:44:58] warmStart (decay=exponential) 66% (752/1128) regret=0.105841 ape=0.5917
[17:44:58] warmStart (decay=exponential) 66% (753/1128) regret=0.105841 ape=0.5917
[17:44:58] warmStart (decay=exponential) 66% (754/1128) regret=0.105841 ape=0.5917
[17:44:58] warmStart (decay=exponential) 66% (755/1128) regret=0.105841 ape=0.5917
[17:44:59] warmStart (decay=exponential) 67% (756/1128) regret=0.105841 ape=0.5917
[17:44:59] warmStart (decay=exponential) 67% (757/1128) regret=0.105841 ape=0.5917
[17:44:59] warmStart (decay=exponential) 67% (758/1128) regret=0.105841 ape=0.5917
[17:44:59] warmStart (decay=exponential) 67% (759/1128) regret=0.105841 ape=0.5917
[17:44:59] warmStart (decay=exponential) 67% (760/1128) regret=0.105841 ape=0.5917
[17:44:59] warmStart (decay=exponential) 67% (761/1128) regret=0.105841 ape=0.5917
[17:44:59] warmStart (decay=exponential) 67% (762/1128) regret=0.105841 ape=0.5917
[17:45:00] warmStart (decay=exponential) 67% (763/1128) regret=0.105841 ape=0.5917
[17:45:00] warmStart (decay=exponential) 67% (764/1128) regret=0.105841 ape=0.5917
[17:45:00] warmStart (decay=exponential) 67% (765/1128) regret=0.105841 ape=0.5917
[17:45:00] warmStart (decay=exponential) 67% (766/1128) regret=0.105841 ape=0.5917
[17:45:00] warmStart (decay=exponential) 67% (767/1128) regret=0.105841 ape=0.5917
[17:45:00] warmStart (decay=exponential) 68% (768/1128) regret=0.105841 ape=0.5917
[17:45:01] warmStart (decay=exponential) 68% (769/1128) regret=0.105841 ape=0.5917
[17:45:01] warmStart (decay=exponential) 68% (770/1128) regret=0.105841 ape=0.5917
[17:45:01] warmStart (decay=exponential) 68% (771/1128) regret=0.105841 ape=0.5917
[17:45:01] warmStart (decay=exponential) 68% (772/1128) regret=0.105841 ape=0.5917
[17:45:01] warmStart (decay=exponential) 68% (773/1128) regret=0.105841 ape=0.5917
[17:45:01] warmStart (decay=exponential) 68% (774/1128) regret=0.105841 ape=0.5917
[17:45:02] warmStart (decay=exponential) 68% (775/1128) regret=0.105841 ape=0.5917
[17:45:02] warmStart (decay=exponential) 68% (776/1128) regret=0.105841 ape=0.5917
[17:45:02] warmStart (decay=exponential) 68% (777/1128) regret=0.105841 ape=0.5917
[17:45:02] warmStart (decay=exponential) 68% (778/1128) regret=0.105841 ape=0.5917
[17:45:02] warmStart (decay=exponential) 69% (779/1128) regret=0.105841 ape=0.5917
[17:45:02] warmStart (decay=exponential) 69% (780/1128) regret=0.105841 ape=0.5917
[17:45:02] warmStart (decay=exponential) 69% (781/1128) regret=0.105841 ape=0.5917
[17:45:03] warmStart (decay=exponential) 69% (782/1128) regret=0.105841 ape=0.5917
[17:45:03] warmStart (decay=exponential) 69% (783/1128) regret=0.105841 ape=0.5917
[17:45:03] warmStart (decay=exponential) 69% (784/1128) regret=0.105841 ape=0.5917
[17:45:03] warmStart (decay=exponential) 69% (785/1128) regret=0.105841 ape=0.5917
[17:45:03] warmStart (decay=exponential) 69% (786/1128) regret=0.105841 ape=0.5917
[17:45:03] warmStart (decay=exponential) 69% (787/1128) regret=0.105841 ape=0.5917
[17:45:04] warmStart (decay=exponential) 69% (788/1128) regret=0.105841 ape=0.5917
[17:45:04] warmStart (decay=exponential) 69% (789/1128) regret=0.105841 ape=0.5917
[17:45:04] warmStart (decay=exponential) 70% (790/1128) regret=0.105841 ape=0.5917
[17:45:04] warmStart (decay=exponential) 70% (791/1128) regret=0.105841 ape=0.5917
[17:45:04] warmStart (decay=exponential) 70% (792/1128) regret=0.105841 ape=0.5917
[17:45:04] warmStart (decay=exponential) 70% (793/1128) regret=0.105841 ape=0.5917
[17:45:04] warmStart (decay=exponential) 70% (794/1128) regret=0.105841 ape=0.5917
[17:45:05] warmStart (decay=exponential) 70% (795/1128) regret=0.105841 ape=0.5917
[17:45:05] warmStart (decay=exponential) 70% (796/1128) regret=0.105841 ape=0.5917
[17:45:05] warmStart (decay=exponential) 70% (797/1128) regret=0.105841 ape=0.5917
[17:45:05] warmStart (decay=exponential) 70% (798/1128) regret=0.105841 ape=0.5917
[17:45:05] warmStart (decay=exponential) 70% (799/1128) regret=0.105841 ape=0.5917
[17:45:05] warmStart (decay=exponential) 70% (800/1128) regret=0.105841 ape=0.5917
[17:45:06] warmStart (decay=exponential) 71% (801/1128) regret=0.105841 ape=0.5917
[17:45:06] warmStart (decay=exponential) 71% (802/1128) regret=0.105841 ape=0.5917
[17:45:06] warmStart (decay=exponential) 71% (803/1128) regret=0.105841 ape=0.5917
[17:45:06] warmStart (decay=exponential) 71% (804/1128) regret=0.105841 ape=0.5917
[17:45:06] warmStart (decay=exponential) 71% (805/1128) regret=0.105841 ape=0.5917
[17:45:06] warmStart (decay=exponential) 71% (806/1128) regret=0.105841 ape=0.5917
[17:45:06] warmStart (decay=exponential) 71% (807/1128) regret=0.105841 ape=0.5917
[17:45:07] warmStart (decay=exponential) 71% (808/1128) regret=0.105841 ape=0.5917
[17:45:07] warmStart (decay=exponential) 71% (809/1128) regret=0.105841 ape=0.5917
[17:45:07] warmStart (decay=exponential) 71% (810/1128) regret=0.105841 ape=0.5917
[17:45:07] warmStart (decay=exponential) 71% (811/1128) regret=0.105841 ape=0.5917
[17:45:07] warmStart (decay=exponential) 71% (812/1128) regret=0.105841 ape=0.5917
[17:45:07] warmStart (decay=exponential) 72% (813/1128) regret=0.105841 ape=0.5917
[17:45:08] warmStart (decay=exponential) 72% (814/1128) regret=0.105841 ape=0.5917
[17:45:08] warmStart (decay=exponential) 72% (815/1128) regret=0.105841 ape=0.5917
[17:45:08] warmStart (decay=exponential) 72% (816/1128) regret=0.105841 ape=0.5917
[17:45:08] warmStart (decay=exponential) 72% (817/1128) regret=0.105841 ape=0.5917
[17:45:08] warmStart (decay=exponential) 72% (818/1128) regret=0.105841 ape=0.5917
[17:45:08] warmStart (decay=exponential) 72% (819/1128) regret=0.106293 ape=0.5926
[17:45:09] warmStart (decay=exponential) 72% (820/1128) regret=0.105841 ape=0.5917
[17:45:09] warmStart (decay=exponential) 72% (821/1128) regret=0.105841 ape=0.5917
[17:45:09] warmStart (decay=exponential) 72% (822/1128) regret=0.105841 ape=0.5917
[17:45:09] warmStart (decay=exponential) 72% (823/1128) regret=0.105841 ape=0.5917
[17:45:09] warmStart (decay=exponential) 73% (824/1128) regret=0.105841 ape=0.5917
[17:45:09] warmStart (decay=exponential) 73% (825/1128) regret=0.105841 ape=0.5917
[17:45:09] warmStart (decay=exponential) 73% (826/1128) regret=0.105841 ape=0.5917
[17:45:10] warmStart (decay=exponential) 73% (827/1128) regret=0.105841 ape=0.5917
[17:45:10] warmStart (decay=exponential) 73% (828/1128) regret=0.105841 ape=0.5917
[17:45:10] warmStart (decay=exponential) 73% (829/1128) regret=0.105841 ape=0.5917
[17:45:10] warmStart (decay=exponential) 73% (830/1128) regret=0.105841 ape=0.5917
[17:45:10] warmStart (decay=exponential) 73% (831/1128) regret=0.105841 ape=0.5917
[17:45:10] warmStart (decay=exponential) 73% (832/1128) regret=0.105841 ape=0.5917
[17:45:10] warmStart (decay=exponential) 73% (833/1128) regret=0.105841 ape=0.5917
[17:45:11] warmStart (decay=exponential) 73% (834/1128) regret=0.105841 ape=0.5917
[17:45:11] warmStart (decay=exponential) 74% (835/1128) regret=0.105841 ape=0.5917
[17:45:11] warmStart (decay=exponential) 74% (836/1128) regret=0.105841 ape=0.5917
[17:45:11] warmStart (decay=exponential) 74% (837/1128) regret=0.105841 ape=0.5917
[17:45:11] warmStart (decay=exponential) 74% (838/1128) regret=0.105841 ape=0.5917
[17:45:11] warmStart (decay=exponential) 74% (839/1128) regret=0.105841 ape=0.5917
[17:45:11] warmStart (decay=exponential) 74% (840/1128) regret=0.105841 ape=0.5917
[17:45:12] warmStart (decay=exponential) 74% (841/1128) regret=0.105841 ape=0.5917
[17:45:12] warmStart (decay=exponential) 74% (842/1128) regret=0.105841 ape=0.5917
[17:45:12] warmStart (decay=exponential) 74% (843/1128) regret=0.105841 ape=0.5917
[17:45:12] warmStart (decay=exponential) 74% (844/1128) regret=0.105841 ape=0.5917
[17:45:12] warmStart (decay=exponential) 74% (845/1128) regret=0.105952 ape=0.5926
[17:45:12] warmStart (decay=exponential) 75% (846/1128) regret=0.105952 ape=0.5926
[17:45:13] warmStart (decay=exponential) 75% (847/1128) regret=0.105850 ape=0.5926
[17:45:13] warmStart (decay=exponential) 75% (848/1128) regret=0.105952 ape=0.5926
[17:45:13] warmStart (decay=exponential) 75% (849/1128) regret=0.105952 ape=0.5926
[17:45:13] warmStart (decay=exponential) 75% (850/1128) regret=0.105943 ape=0.5926
[17:45:13] warmStart (decay=exponential) 75% (851/1128) regret=0.105952 ape=0.5926
[17:45:13] warmStart (decay=exponential) 75% (852/1128) regret=0.105860 ape=0.5926
[17:45:13] warmStart (decay=exponential) 75% (853/1128) regret=0.105860 ape=0.5926
[17:45:14] warmStart (decay=exponential) 75% (854/1128) regret=0.105860 ape=0.5926
[17:45:14] warmStart (decay=exponential) 75% (855/1128) regret=0.105864 ape=0.5935
[17:45:14] warmStart (decay=exponential) 75% (856/1128) regret=0.105979 ape=0.5935
[17:45:14] warmStart (decay=exponential) 75% (857/1128) regret=0.105979 ape=0.5935
[17:45:14] warmStart (decay=exponential) 76% (858/1128) regret=0.105979 ape=0.5935
[17:45:15] warmStart (decay=exponential) 76% (859/1128) regret=0.105979 ape=0.5935
[17:45:15] warmStart (decay=exponential) 76% (860/1128) regret=0.105979 ape=0.5935
[17:45:15] warmStart (decay=exponential) 76% (861/1128) regret=0.105961 ape=0.5935
[17:45:15] warmStart (decay=exponential) 76% (862/1128) regret=0.105961 ape=0.5935
[17:45:15] warmStart (decay=exponential) 76% (863/1128) regret=0.105961 ape=0.5935
[17:45:16] warmStart (decay=exponential) 76% (864/1128) regret=0.105993 ape=0.5935
[17:45:16] warmStart (decay=exponential) 76% (865/1128) regret=0.105993 ape=0.5935
[17:45:16] warmStart (decay=exponential) 76% (866/1128) regret=0.105956 ape=0.5935
[17:45:16] warmStart (decay=exponential) 76% (867/1128) regret=0.105956 ape=0.5935
[17:45:16] warmStart (decay=exponential) 76% (868/1128) regret=0.105979 ape=0.5935
[17:45:17] warmStart (decay=exponential) 77% (869/1128) regret=0.105979 ape=0.5935
[17:45:17] warmStart (decay=exponential) 77% (870/1128) regret=0.105979 ape=0.5935
[17:45:17] warmStart (decay=exponential) 77% (871/1128) regret=0.105979 ape=0.5935
[17:45:17] warmStart (decay=exponential) 77% (872/1128) regret=0.105979 ape=0.5935
[17:45:17] warmStart (decay=exponential) 77% (873/1128) regret=0.105979 ape=0.5935
[17:45:18] warmStart (decay=exponential) 77% (874/1128) regret=0.105979 ape=0.5935
[17:45:18] warmStart (decay=exponential) 77% (875/1128) regret=0.105979 ape=0.5935
[17:45:18] warmStart (decay=exponential) 77% (876/1128) regret=0.105979 ape=0.5935
[17:45:18] warmStart (decay=exponential) 77% (877/1128) regret=0.105979 ape=0.5935
[17:45:18] warmStart (decay=exponential) 77% (878/1128) regret=0.106021 ape=0.5935
[17:45:18] warmStart (decay=exponential) 77% (879/1128) regret=0.105979 ape=0.5935
[17:45:19] warmStart (decay=exponential) 78% (880/1128) regret=0.106044 ape=0.5935
[17:45:19] warmStart (decay=exponential) 78% (881/1128) regret=0.106044 ape=0.5935
[17:45:19] warmStart (decay=exponential) 78% (882/1128) regret=0.106044 ape=0.5935
[17:45:19] warmStart (decay=exponential) 78% (883/1128) regret=0.106007 ape=0.5935
[17:45:19] warmStart (decay=exponential) 78% (884/1128) regret=0.106007 ape=0.5935
[17:45:20] warmStart (decay=exponential) 78% (885/1128) regret=0.106007 ape=0.5935
[17:45:20] warmStart (decay=exponential) 78% (886/1128) regret=0.106030 ape=0.5935
[17:45:20] warmStart (decay=exponential) 78% (887/1128) regret=0.106039 ape=0.5935
[17:45:20] warmStart (decay=exponential) 78% (888/1128) regret=0.106039 ape=0.5935
[17:45:20] warmStart (decay=exponential) 78% (889/1128) regret=0.106007 ape=0.5935
[17:45:21] warmStart (decay=exponential) 78% (890/1128) regret=0.106007 ape=0.5935
[17:45:21] warmStart (decay=exponential) 78% (891/1128) regret=0.106007 ape=0.5935
[17:45:21] warmStart (decay=exponential) 79% (892/1128) regret=0.106007 ape=0.5935
[17:45:21] warmStart (decay=exponential) 79% (893/1128) regret=0.106007 ape=0.5935
[17:45:21] warmStart (decay=exponential) 79% (894/1128) regret=0.106007 ape=0.5935
[17:45:22] warmStart (decay=exponential) 79% (895/1128) regret=0.106007 ape=0.5935
[17:45:22] warmStart (decay=exponential) 79% (896/1128) regret=0.106007 ape=0.5935
[17:45:22] warmStart (decay=exponential) 79% (897/1128) regret=0.106007 ape=0.5935
[17:45:22] warmStart (decay=exponential) 79% (898/1128) regret=0.106007 ape=0.5935
[17:45:22] warmStart (decay=exponential) 79% (899/1128) regret=0.106007 ape=0.5935
[17:45:22] warmStart (decay=exponential) 79% (900/1128) regret=0.105970 ape=0.5926
[17:45:23] warmStart (decay=exponential) 79% (901/1128) regret=0.105970 ape=0.5926
[17:45:23] warmStart (decay=exponential) 79% (902/1128) regret=0.105970 ape=0.5926
[17:45:23] warmStart (decay=exponential) 80% (903/1128) regret=0.105970 ape=0.5926
[17:45:23] warmStart (decay=exponential) 80% (904/1128) regret=0.105970 ape=0.5926
[17:45:23] warmStart (decay=exponential) 80% (905/1128) regret=0.105970 ape=0.5926
[17:45:24] warmStart (decay=exponential) 80% (906/1128) regret=0.105970 ape=0.5926
[17:45:24] warmStart (decay=exponential) 80% (907/1128) regret=0.105970 ape=0.5926
[17:45:24] warmStart (decay=exponential) 80% (908/1128) regret=0.105970 ape=0.5926
[17:45:24] warmStart (decay=exponential) 80% (909/1128) regret=0.105970 ape=0.5926
[17:45:24] warmStart (decay=exponential) 80% (910/1128) regret=0.105970 ape=0.5926
[17:45:24] warmStart (decay=exponential) 80% (911/1128) regret=0.105970 ape=0.5926
[17:45:25] warmStart (decay=exponential) 80% (912/1128) regret=0.105970 ape=0.5926
[17:45:25] warmStart (decay=exponential) 80% (913/1128) regret=0.105970 ape=0.5926
[17:45:25] warmStart (decay=exponential) 81% (914/1128) regret=0.106035 ape=0.5935
[17:45:25] warmStart (decay=exponential) 81% (915/1128) regret=0.106035 ape=0.5935
[17:45:25] warmStart (decay=exponential) 81% (916/1128) regret=0.106035 ape=0.5935
[17:45:25] warmStart (decay=exponential) 81% (917/1128) regret=0.106035 ape=0.5935
[17:45:26] warmStart (decay=exponential) 81% (918/1128) regret=0.106035 ape=0.5935
[17:45:26] warmStart (decay=exponential) 81% (919/1128) regret=0.106035 ape=0.5935
[17:45:26] warmStart (decay=exponential) 81% (920/1128) regret=0.106035 ape=0.5935
[17:45:26] warmStart (decay=exponential) 81% (921/1128) regret=0.106035 ape=0.5935
[17:45:26] warmStart (decay=exponential) 81% (922/1128) regret=0.106035 ape=0.5935
[17:45:26] warmStart (decay=exponential) 81% (923/1128) regret=0.106035 ape=0.5935
[17:45:27] warmStart (decay=exponential) 81% (924/1128) regret=0.106035 ape=0.5935
[17:45:27] warmStart (decay=exponential) 82% (925/1128) regret=0.106035 ape=0.5935
[17:45:27] warmStart (decay=exponential) 82% (926/1128) regret=0.106035 ape=0.5935
[17:45:27] warmStart (decay=exponential) 82% (927/1128) regret=0.106035 ape=0.5935
[17:45:27] warmStart (decay=exponential) 82% (928/1128) regret=0.106035 ape=0.5935
[17:45:28] warmStart (decay=exponential) 82% (929/1128) regret=0.106035 ape=0.5935
[17:45:28] warmStart (decay=exponential) 82% (930/1128) regret=0.106035 ape=0.5935
[17:45:28] warmStart (decay=exponential) 82% (931/1128) regret=0.106035 ape=0.5935
[17:45:28] warmStart (decay=exponential) 82% (932/1128) regret=0.106035 ape=0.5935
[17:45:28] warmStart (decay=exponential) 82% (933/1128) regret=0.106035 ape=0.5935
[17:45:28] warmStart (decay=exponential) 82% (934/1128) regret=0.106035 ape=0.5935
[17:45:29] warmStart (decay=exponential) 82% (935/1128) regret=0.106035 ape=0.5935
[17:45:29] warmStart (decay=exponential) 82% (936/1128) regret=0.106035 ape=0.5935
[17:45:29] warmStart (decay=exponential) 83% (937/1128) regret=0.106035 ape=0.5935
[17:45:29] warmStart (decay=exponential) 83% (938/1128) regret=0.106035 ape=0.5935
[17:45:29] warmStart (decay=exponential) 83% (939/1128) regret=0.106035 ape=0.5935
[17:45:29] warmStart (decay=exponential) 83% (940/1128) regret=0.106035 ape=0.5935
[17:45:30] warmStart (decay=exponential) 83% (941/1128) regret=0.106035 ape=0.5935
[17:45:30] warmStart (decay=exponential) 83% (942/1128) regret=0.106035 ape=0.5935
[17:45:30] warmStart (decay=exponential) 83% (943/1128) regret=0.106035 ape=0.5935
[17:45:30] warmStart (decay=exponential) 83% (944/1128) regret=0.106035 ape=0.5935
[17:45:30] warmStart (decay=exponential) 83% (945/1128) regret=0.106035 ape=0.5935
[17:45:30] warmStart (decay=exponential) 83% (946/1128) regret=0.106035 ape=0.5935
[17:45:31] warmStart (decay=exponential) 83% (947/1128) regret=0.106035 ape=0.5935
[17:45:31] warmStart (decay=exponential) 84% (948/1128) regret=0.106035 ape=0.5935
[17:45:31] warmStart (decay=exponential) 84% (949/1128) regret=0.106035 ape=0.5935
[17:45:31] warmStart (decay=exponential) 84% (950/1128) regret=0.106035 ape=0.5935
[17:45:31] warmStart (decay=exponential) 84% (951/1128) regret=0.106035 ape=0.5935
[17:45:31] warmStart (decay=exponential) 84% (952/1128) regret=0.106035 ape=0.5935
[17:45:32] warmStart (decay=exponential) 84% (953/1128) regret=0.106035 ape=0.5935
[17:45:32] warmStart (decay=exponential) 84% (954/1128) regret=0.106035 ape=0.5935
[17:45:32] warmStart (decay=exponential) 84% (955/1128) regret=0.106035 ape=0.5935
[17:45:32] warmStart (decay=exponential) 84% (956/1128) regret=0.106035 ape=0.5935
[17:45:32] warmStart (decay=exponential) 84% (957/1128) regret=0.106035 ape=0.5935
[17:45:33] warmStart (decay=exponential) 84% (958/1128) regret=0.106035 ape=0.5935
[17:45:33] warmStart (decay=exponential) 85% (959/1128) regret=0.106035 ape=0.5935
[17:45:33] warmStart (decay=exponential) 85% (960/1128) regret=0.106035 ape=0.5935
[17:45:33] warmStart (decay=exponential) 85% (961/1128) regret=0.106035 ape=0.5935
[17:45:33] warmStart (decay=exponential) 85% (962/1128) regret=0.106035 ape=0.5935
[17:45:33] warmStart (decay=exponential) 85% (963/1128) regret=0.106035 ape=0.5935
[17:45:34] warmStart (decay=exponential) 85% (964/1128) regret=0.106035 ape=0.5935
[17:45:34] warmStart (decay=exponential) 85% (965/1128) regret=0.106035 ape=0.5935
[17:45:34] warmStart (decay=exponential) 85% (966/1128) regret=0.106035 ape=0.5935
[17:45:34] warmStart (decay=exponential) 85% (967/1128) regret=0.106035 ape=0.5935
[17:45:34] warmStart (decay=exponential) 85% (968/1128) regret=0.105921 ape=0.5926
[17:45:34] warmStart (decay=exponential) 85% (969/1128) regret=0.106013 ape=0.5935
[17:45:35] warmStart (decay=exponential) 85% (970/1128) regret=0.105921 ape=0.5926
[17:45:35] warmStart (decay=exponential) 86% (971/1128) regret=0.105921 ape=0.5926
[17:45:35] warmStart (decay=exponential) 86% (972/1128) regret=0.105921 ape=0.5926
[17:45:35] warmStart (decay=exponential) 86% (973/1128) regret=0.105921 ape=0.5926
[17:45:35] warmStart (decay=exponential) 86% (974/1128) regret=0.105921 ape=0.5926
[17:45:35] warmStart (decay=exponential) 86% (975/1128) regret=0.105921 ape=0.5926
[17:45:36] warmStart (decay=exponential) 86% (976/1128) regret=0.105921 ape=0.5926
[17:45:36] warmStart (decay=exponential) 86% (977/1128) regret=0.106170 ape=0.5926
[17:45:36] warmStart (decay=exponential) 86% (978/1128) regret=0.105598 ape=0.5917
[17:45:36] warmStart (decay=exponential) 86% (979/1128) regret=0.105598 ape=0.5917
[17:45:36] warmStart (decay=exponential) 86% (980/1128) regret=0.105709 ape=0.5917
[17:45:36] warmStart (decay=exponential) 86% (981/1128) regret=0.105571 ape=0.5908
[17:45:37] warmStart (decay=exponential) 87% (982/1128) regret=0.105571 ape=0.5908
[17:45:37] warmStart (decay=exponential) 87% (983/1128) regret=0.105557 ape=0.5908
[17:45:37] warmStart (decay=exponential) 87% (984/1128) regret=0.105234 ape=0.5899
[17:45:37] warmStart (decay=exponential) 87% (985/1128) regret=0.105234 ape=0.5899
[17:45:37] warmStart (decay=exponential) 87% (986/1128) regret=0.105234 ape=0.5899
[17:45:37] warmStart (decay=exponential) 87% (987/1128) regret=0.105234 ape=0.5899
[17:45:38] warmStart (decay=exponential) 87% (988/1128) regret=0.105234 ape=0.5899
[17:45:38] warmStart (decay=exponential) 87% (989/1128) regret=0.105234 ape=0.5899
[17:45:38] warmStart (decay=exponential) 87% (990/1128) regret=0.105234 ape=0.5899
[17:45:38] warmStart (decay=exponential) 87% (991/1128) regret=0.105234 ape=0.5899
[17:45:38] warmStart (decay=exponential) 87% (992/1128) regret=0.105234 ape=0.5899
[17:45:39] warmStart (decay=exponential) 88% (993/1128) regret=0.105234 ape=0.5899
[17:45:39] warmStart (decay=exponential) 88% (994/1128) regret=0.105234 ape=0.5899
[17:45:39] warmStart (decay=exponential) 88% (995/1128) regret=0.105234 ape=0.5899
[17:45:39] warmStart (decay=exponential) 88% (996/1128) regret=0.105234 ape=0.5899
[17:45:39] warmStart (decay=exponential) 88% (997/1128) regret=0.105234 ape=0.5899
[17:45:39] warmStart (decay=exponential) 88% (998/1128) regret=0.105356 ape=0.5899
[17:45:40] warmStart (decay=exponential) 88% (999/1128) regret=0.105135 ape=0.5889
[17:45:40] warmStart (decay=exponential) 88% (1000/1128) regret=0.105135 ape=0.5889
[17:45:40] warmStart (decay=exponential) 88% (1001/1128) regret=0.105135 ape=0.5889
[17:45:40] warmStart (decay=exponential) 88% (1002/1128) regret=0.105135 ape=0.5889
[17:45:40] warmStart (decay=exponential) 88% (1003/1128) regret=0.105126 ape=0.5889
[17:45:40] warmStart (decay=exponential) 89% (1004/1128) regret=0.105126 ape=0.5889
[17:45:41] warmStart (decay=exponential) 89% (1005/1128) regret=0.105126 ape=0.5889
[17:45:41] warmStart (decay=exponential) 89% (1006/1128) regret=0.105126 ape=0.5889
[17:45:41] warmStart (decay=exponential) 89% (1007/1128) regret=0.105126 ape=0.5889
[17:45:41] warmStart (decay=exponential) 89% (1008/1128) regret=0.105126 ape=0.5889
[17:45:41] warmStart (decay=exponential) 89% (1009/1128) regret=0.105124 ape=0.5889
[17:45:41] warmStart (decay=exponential) 89% (1010/1128) regret=0.105439 ape=0.5899
[17:45:42] warmStart (decay=exponential) 89% (1011/1128) regret=0.105126 ape=0.5889
[17:45:42] warmStart (decay=exponential) 89% (1012/1128) regret=0.105126 ape=0.5889
[17:45:42] warmStart (decay=exponential) 89% (1013/1128) regret=0.105126 ape=0.5889
[17:45:42] warmStart (decay=exponential) 89% (1014/1128) regret=0.105126 ape=0.5889
[17:45:42] warmStart (decay=exponential) 89% (1015/1128) regret=0.105068 ape=0.5880
[17:45:42] warmStart (decay=exponential) 90% (1016/1128) regret=0.105068 ape=0.5880
[17:45:43] warmStart (decay=exponential) 90% (1017/1128) regret=0.105068 ape=0.5880
[17:45:43] warmStart (decay=exponential) 90% (1018/1128) regret=0.105068 ape=0.5880
[17:45:43] warmStart (decay=exponential) 90% (1019/1128) regret=0.105068 ape=0.5880
[17:45:43] warmStart (decay=exponential) 90% (1020/1128) regret=0.105068 ape=0.5880
[17:45:43] warmStart (decay=exponential) 90% (1021/1128) regret=0.105068 ape=0.5880
[17:45:43] warmStart (decay=exponential) 90% (1022/1128) regret=0.105068 ape=0.5880
[17:45:44] warmStart (decay=exponential) 90% (1023/1128) regret=0.105068 ape=0.5880
[17:45:44] warmStart (decay=exponential) 90% (1024/1128) regret=0.105068 ape=0.5880
[17:45:44] warmStart (decay=exponential) 90% (1025/1128) regret=0.105068 ape=0.5880
[17:45:44] warmStart (decay=exponential) 90% (1026/1128) regret=0.105068 ape=0.5880
[17:45:44] warmStart (decay=exponential) 91% (1027/1128) regret=0.105068 ape=0.5880
[17:45:44] warmStart (decay=exponential) 91% (1028/1128) regret=0.105068 ape=0.5880
[17:45:44] warmStart (decay=exponential) 91% (1029/1128) regret=0.105068 ape=0.5880
[17:45:45] warmStart (decay=exponential) 91% (1030/1128) regret=0.105068 ape=0.5880
[17:45:45] warmStart (decay=exponential) 91% (1031/1128) regret=0.105068 ape=0.5880
[17:45:45] warmStart (decay=exponential) 91% (1032/1128) regret=0.105068 ape=0.5880
[17:45:45] warmStart (decay=exponential) 91% (1033/1128) regret=0.105068 ape=0.5880
[17:45:45] warmStart (decay=exponential) 91% (1034/1128) regret=0.105068 ape=0.5880
[17:45:46] warmStart (decay=exponential) 91% (1035/1128) regret=0.105068 ape=0.5880
[17:45:46] warmStart (decay=exponential) 91% (1036/1128) regret=0.105068 ape=0.5880
[17:45:46] warmStart (decay=exponential) 91% (1037/1128) regret=0.105068 ape=0.5880
[17:45:46] warmStart (decay=exponential) 92% (1038/1128) regret=0.105068 ape=0.5880
[17:45:46] warmStart (decay=exponential) 92% (1039/1128) regret=0.105068 ape=0.5880
[17:45:46] warmStart (decay=exponential) 92% (1040/1128) regret=0.105068 ape=0.5880
[17:45:47] warmStart (decay=exponential) 92% (1041/1128) regret=0.105068 ape=0.5880
[17:45:47] warmStart (decay=exponential) 92% (1042/1128) regret=0.105068 ape=0.5880
[17:45:47] warmStart (decay=exponential) 92% (1043/1128) regret=0.105068 ape=0.5880
[17:45:47] warmStart (decay=exponential) 92% (1044/1128) regret=0.105068 ape=0.5880
[17:45:47] warmStart (decay=exponential) 92% (1045/1128) regret=0.105068 ape=0.5880
[17:45:47] warmStart (decay=exponential) 92% (1046/1128) regret=0.105068 ape=0.5880
[17:45:47] warmStart (decay=exponential) 92% (1047/1128) regret=0.105068 ape=0.5880
[17:45:48] warmStart (decay=exponential) 92% (1048/1128) regret=0.105068 ape=0.5880
[17:45:48] warmStart (decay=exponential) 92% (1049/1128) regret=0.105068 ape=0.5880
[17:45:48] warmStart (decay=exponential) 93% (1050/1128) regret=0.105068 ape=0.5880
[17:45:48] warmStart (decay=exponential) 93% (1051/1128) regret=0.105068 ape=0.5880
[17:45:48] warmStart (decay=exponential) 93% (1052/1128) regret=0.105066 ape=0.5880
[17:45:48] warmStart (decay=exponential) 93% (1053/1128) regret=0.105068 ape=0.5880
[17:45:49] warmStart (decay=exponential) 93% (1054/1128) regret=0.105068 ape=0.5880
[17:45:49] warmStart (decay=exponential) 93% (1055/1128) regret=0.105068 ape=0.5880
[17:45:49] warmStart (decay=exponential) 93% (1056/1128) regret=0.105072 ape=0.5880
[17:45:49] warmStart (decay=exponential) 93% (1057/1128) regret=0.105072 ape=0.5880
[17:45:49] warmStart (decay=exponential) 93% (1058/1128) regret=0.105068 ape=0.5880
[17:45:49] warmStart (decay=exponential) 93% (1059/1128) regret=0.105073 ape=0.5880
[17:45:50] warmStart (decay=exponential) 93% (1060/1128) regret=0.105073 ape=0.5880
[17:45:50] warmStart (decay=exponential) 94% (1061/1128) regret=0.105073 ape=0.5880
[17:45:50] warmStart (decay=exponential) 94% (1062/1128) regret=0.105073 ape=0.5880
[17:45:50] warmStart (decay=exponential) 94% (1063/1128) regret=0.105072 ape=0.5880
[17:45:50] warmStart (decay=exponential) 94% (1064/1128) regret=0.105072 ape=0.5880
[17:45:50] warmStart (decay=exponential) 94% (1065/1128) regret=0.105072 ape=0.5880
[17:45:50] warmStart (decay=exponential) 94% (1066/1128) regret=0.105066 ape=0.5880
[17:45:51] warmStart (decay=exponential) 94% (1067/1128) regret=0.105066 ape=0.5880
[17:45:51] warmStart (decay=exponential) 94% (1068/1128) regret=0.105140 ape=0.5880
[17:45:51] warmStart (decay=exponential) 94% (1069/1128) regret=0.105066 ape=0.5880
[17:45:51] warmStart (decay=exponential) 94% (1070/1128) regret=0.105066 ape=0.5880
[17:45:51] warmStart (decay=exponential) 94% (1071/1128) regret=0.105066 ape=0.5880
[17:45:52] warmStart (decay=exponential) 95% (1072/1128) regret=0.105066 ape=0.5880
[17:45:52] warmStart (decay=exponential) 95% (1073/1128) regret=0.105066 ape=0.5880
[17:45:52] warmStart (decay=exponential) 95% (1074/1128) regret=0.105066 ape=0.5880
[17:45:52] warmStart (decay=exponential) 95% (1075/1128) regret=0.105066 ape=0.5880
[17:45:52] warmStart (decay=exponential) 95% (1076/1128) regret=0.105066 ape=0.5880
[17:45:52] warmStart (decay=exponential) 95% (1077/1128) regret=0.105066 ape=0.5880
[17:45:52] warmStart (decay=exponential) 95% (1078/1128) regret=0.105066 ape=0.5880
[17:45:53] warmStart (decay=exponential) 95% (1079/1128) regret=0.104665 ape=0.5871
[17:45:53] warmStart (decay=exponential) 95% (1080/1128) regret=0.104665 ape=0.5871
[17:45:53] warmStart (decay=exponential) 95% (1081/1128) regret=0.104665 ape=0.5871
[17:45:53] warmStart (decay=exponential) 95% (1082/1128) regret=0.104665 ape=0.5871
[17:45:53] warmStart (decay=exponential) 96% (1083/1128) regret=0.105006 ape=0.5880
[17:45:54] warmStart (decay=exponential) 96% (1084/1128) regret=0.105006 ape=0.5880
[17:45:54] warmStart (decay=exponential) 96% (1085/1128) regret=0.104665 ape=0.5871
[17:45:54] warmStart (decay=exponential) 96% (1086/1128) regret=0.104665 ape=0.5871
[17:45:54] warmStart (decay=exponential) 96% (1087/1128) regret=0.104674 ape=0.5871
[17:45:54] warmStart (decay=exponential) 96% (1088/1128) regret=0.104674 ape=0.5871
[17:45:54] warmStart (decay=exponential) 96% (1089/1128) regret=0.104674 ape=0.5871
[17:45:55] warmStart (decay=exponential) 96% (1090/1128) regret=0.104674 ape=0.5871
[17:45:55] warmStart (decay=exponential) 96% (1091/1128) regret=0.104674 ape=0.5871
[17:45:55] warmStart (decay=exponential) 96% (1092/1128) regret=0.104674 ape=0.5871
[17:45:55] warmStart (decay=exponential) 96% (1093/1128) regret=0.104674 ape=0.5871
[17:45:55] warmStart (decay=exponential) 96% (1094/1128) regret=0.104674 ape=0.5871
[17:45:56] warmStart (decay=exponential) 97% (1095/1128) regret=0.104674 ape=0.5871
[17:45:56] warmStart (decay=exponential) 97% (1096/1128) regret=0.104674 ape=0.5871
[17:45:56] warmStart (decay=exponential) 97% (1097/1128) regret=0.104674 ape=0.5871
[17:45:56] warmStart (decay=exponential) 97% (1098/1128) regret=0.104674 ape=0.5871
[17:45:57] warmStart (decay=exponential) 97% (1099/1128) regret=0.104674 ape=0.5871
[17:45:57] warmStart (decay=exponential) 97% (1100/1128) regret=0.104674 ape=0.5871
[17:45:57] warmStart (decay=exponential) 97% (1101/1128) regret=0.104674 ape=0.5871
[17:45:57] warmStart (decay=exponential) 97% (1102/1128) regret=0.104674 ape=0.5871
[17:45:57] warmStart (decay=exponential) 97% (1103/1128) regret=0.104674 ape=0.5871
[17:45:58] warmStart (decay=exponential) 97% (1104/1128) regret=0.104674 ape=0.5871
[17:45:58] warmStart (decay=exponential) 97% (1105/1128) regret=0.104665 ape=0.5871
[17:45:58] warmStart (decay=exponential) 98% (1106/1128) regret=0.104665 ape=0.5871
[17:45:58] warmStart (decay=exponential) 98% (1107/1128) regret=0.104665 ape=0.5871
[17:45:58] warmStart (decay=exponential) 98% (1108/1128) regret=0.104665 ape=0.5871
[17:45:58] warmStart (decay=exponential) 98% (1109/1128) regret=0.104665 ape=0.5871
[17:45:59] warmStart (decay=exponential) 98% (1110/1128) regret=0.104665 ape=0.5871
[17:45:59] warmStart (decay=exponential) 98% (1111/1128) regret=0.104665 ape=0.5871
[17:45:59] warmStart (decay=exponential) 98% (1112/1128) regret=0.104665 ape=0.5871
[17:45:59] warmStart (decay=exponential) 98% (1113/1128) regret=0.104693 ape=0.5871
[17:45:59] warmStart (decay=exponential) 98% (1114/1128) regret=0.104665 ape=0.5871
[17:46:00] warmStart (decay=exponential) 98% (1115/1128) regret=0.104665 ape=0.5871
[17:46:00] warmStart (decay=exponential) 98% (1116/1128) regret=0.104674 ape=0.5871
[17:46:00] warmStart (decay=exponential) 99% (1117/1128) regret=0.104665 ape=0.5871
[17:46:00] warmStart (decay=exponential) 99% (1118/1128) regret=0.104670 ape=0.5871
[17:46:00] warmStart (decay=exponential) 99% (1119/1128) regret=0.104674 ape=0.5871
[17:46:00] warmStart (decay=exponential) 99% (1120/1128) regret=0.104674 ape=0.5871
[17:46:01] warmStart (decay=exponential) 99% (1121/1128) regret=0.104665 ape=0.5871
[17:46:01] warmStart (decay=exponential) 99% (1122/1128) regret=0.104670 ape=0.5871
[17:46:01] warmStart (decay=exponential) 99% (1123/1128) regret=0.104674 ape=0.5871
[17:46:01] warmStart (decay=exponential) 99% (1124/1128) regret=0.104674 ape=0.5871
[17:46:01] warmStart (decay=exponential) 99% (1125/1128) regret=0.104674 ape=0.5871
[17:46:01] warmStart (decay=exponential) 99% (1126/1128) regret=0.104671 ape=0.5871
[17:46:02] warmStart (decay=exponential) 99% (1127/1128) regret=0.104671 ape=0.5871
Warm w=50 finished: 1127 points, 193.11s wall time
  Final: regret=0.104671, ape=0.5871

Saved: /home/users/g/s/gsavary/LudiiMCTSVariations/slurm_sweep_full_dataset/output_decay/warm_50_decay_exponential_0_075/seed_3/sweep_decay_warm_50_exponential_0.075_3_20260426_174602.json

Generating plots...
Saved: /home/users/g/s/gsavary/LudiiMCTSVariations/slurm_sweep_full_dataset/output_decay/warm_50_decay_exponential_0_075/seed_3/sweep_decay_warm_50_exponential_0.075_3_20260426_174602_regret.png
Saved: /home/users/g/s/gsavary/LudiiMCTSVariations/slurm_sweep_full_dataset/output_decay/warm_50_decay_exponential_0_075/seed_3/sweep_decay_warm_50_exponential_0.075_3_20260426_174602_ape.png

================================================================================
Experiment complete!
================================================================================
Done. Results in: /home/users/g/s/gsavary/LudiiMCTSVariations/slurm_sweep_full_dataset/output_decay/warm_50_decay_exponential_0_075/seed_3
