============================================================
Decay sweep experiment
Method:      warm:200
Decay mode:  exponential
Decay param: 0.05
Seed:        2
Output:      /home/users/g/s/gsavary/LudiiMCTSVariations/slurm_sweep_full_dataset/output_decay/warm_200_decay_exponential_0_05/seed_2
============================================================

================================================================================
SLURM Sweep Experiment with Synthetic Data Decay
================================================================================
Method: warm:200
Decay: exponential (param=0.05)
Time limit: 3600.0s, Seed: 2, Batch size: 20
Output directory: /home/users/g/s/gsavary/LudiiMCTSVariations/slurm_sweep_full_dataset/output_decay/warm_200_decay_exponential_0_05/seed_2

Loading Ludii dataset...
Loaded 1085 games
Using 1085 games (full dataset)

Running timing probe (100 pulls)...
  Estimated secs/pull: 0.024375

Time budget: 3600.0s → ~147692 total pulls
Per-method budget: 21098 pulls (~514.3s)

Computing predictor-only performance...
  Predictions loaded: 23675 agent predictions
  Predictor-only: regret=0.104318, ape=0.4894

Running WARM-START (w=200, decay=exponential param=0.05)...
[17:50:26] warmStart (decay=exponential) 0% (1/1055) regret=0.099576 ape=0.5512
[17:50:26] warmStart (decay=exponential) 0% (2/1055) regret=0.099576 ape=0.5512
[17:50:27] warmStart (decay=exponential) 0% (3/1055) regret=0.099576 ape=0.5512
[17:50:27] warmStart (decay=exponential) 0% (4/1055) regret=0.099576 ape=0.5512
[17:50:27] warmStart (decay=exponential) 0% (5/1055) regret=0.099573 ape=0.5502
[17:50:27] warmStart (decay=exponential) 0% (6/1055) regret=0.099573 ape=0.5502
[17:50:28] warmStart (decay=exponential) 0% (7/1055) regret=0.099573 ape=0.5502
[17:50:28] warmStart (decay=exponential) 0% (8/1055) regret=0.099573 ape=0.5502
[17:50:28] warmStart (decay=exponential) 0% (9/1055) regret=0.099573 ape=0.5502
[17:50:28] warmStart (decay=exponential) 0% (10/1055) regret=0.099576 ape=0.5512
[17:50:29] warmStart (decay=exponential) 1% (11/1055) regret=0.099576 ape=0.5512
[17:50:29] warmStart (decay=exponential) 1% (12/1055) regret=0.099576 ape=0.5512
[17:50:29] warmStart (decay=exponential) 1% (13/1055) regret=0.099576 ape=0.5512
[17:50:29] warmStart (decay=exponential) 1% (14/1055) regret=0.099573 ape=0.5502
[17:50:30] warmStart (decay=exponential) 1% (15/1055) regret=0.099576 ape=0.5512
[17:50:30] warmStart (decay=exponential) 1% (16/1055) regret=0.099573 ape=0.5502
[17:50:30] warmStart (decay=exponential) 1% (17/1055) regret=0.099573 ape=0.5502
[17:50:31] warmStart (decay=exponential) 1% (18/1055) regret=0.099573 ape=0.5502
[17:50:31] warmStart (decay=exponential) 1% (19/1055) regret=0.099573 ape=0.5502
[17:50:31] warmStart (decay=exponential) 1% (20/1055) regret=0.099573 ape=0.5502
[17:50:31] warmStart (decay=exponential) 1% (21/1055) regret=0.099573 ape=0.5502
[17:50:32] warmStart (decay=exponential) 2% (22/1055) regret=0.099573 ape=0.5502
[17:50:32] warmStart (decay=exponential) 2% (23/1055) regret=0.099573 ape=0.5502
[17:50:32] warmStart (decay=exponential) 2% (24/1055) regret=0.099573 ape=0.5502
[17:50:32] warmStart (decay=exponential) 2% (25/1055) regret=0.099573 ape=0.5502
[17:50:33] warmStart (decay=exponential) 2% (26/1055) regret=0.099573 ape=0.5502
[17:50:33] warmStart (decay=exponential) 2% (27/1055) regret=0.099573 ape=0.5502
[17:50:33] warmStart (decay=exponential) 2% (28/1055) regret=0.099573 ape=0.5502
[17:50:33] warmStart (decay=exponential) 2% (29/1055) regret=0.099573 ape=0.5502
[17:50:34] warmStart (decay=exponential) 2% (30/1055) regret=0.099573 ape=0.5502
[17:50:34] warmStart (decay=exponential) 2% (31/1055) regret=0.099573 ape=0.5502
[17:50:34] warmStart (decay=exponential) 3% (32/1055) regret=0.099573 ape=0.5502
[17:50:34] warmStart (decay=exponential) 3% (33/1055) regret=0.099573 ape=0.5502
[17:50:35] warmStart (decay=exponential) 3% (34/1055) regret=0.099573 ape=0.5502
[17:50:35] warmStart (decay=exponential) 3% (35/1055) regret=0.099573 ape=0.5502
[17:50:35] warmStart (decay=exponential) 3% (36/1055) regret=0.099573 ape=0.5502
[17:50:35] warmStart (decay=exponential) 3% (37/1055) regret=0.099573 ape=0.5502
[17:50:36] warmStart (decay=exponential) 3% (38/1055) regret=0.099573 ape=0.5502
[17:50:36] warmStart (decay=exponential) 3% (39/1055) regret=0.099573 ape=0.5502
[17:50:36] warmStart (decay=exponential) 3% (40/1055) regret=0.099573 ape=0.5502
[17:50:36] warmStart (decay=exponential) 3% (41/1055) regret=0.099600 ape=0.5502
[17:50:37] warmStart (decay=exponential) 3% (42/1055) regret=0.099573 ape=0.5502
[17:50:37] warmStart (decay=exponential) 4% (43/1055) regret=0.099600 ape=0.5502
[17:50:37] warmStart (decay=exponential) 4% (44/1055) regret=0.099573 ape=0.5502
[17:50:37] warmStart (decay=exponential) 4% (45/1055) regret=0.099573 ape=0.5502
[17:50:38] warmStart (decay=exponential) 4% (46/1055) regret=0.099600 ape=0.5502
[17:50:38] warmStart (decay=exponential) 4% (47/1055) regret=0.099564 ape=0.5502
[17:50:38] warmStart (decay=exponential) 4% (48/1055) regret=0.099573 ape=0.5502
[17:50:39] warmStart (decay=exponential) 4% (49/1055) regret=0.099573 ape=0.5502
[17:50:39] warmStart (decay=exponential) 4% (50/1055) regret=0.099573 ape=0.5502
[17:50:39] warmStart (decay=exponential) 4% (51/1055) regret=0.099573 ape=0.5502
[17:50:39] warmStart (decay=exponential) 4% (52/1055) regret=0.099573 ape=0.5502
[17:50:40] warmStart (decay=exponential) 5% (53/1055) regret=0.099619 ape=0.5502
[17:50:40] warmStart (decay=exponential) 5% (54/1055) regret=0.099619 ape=0.5502
[17:50:40] warmStart (decay=exponential) 5% (55/1055) regret=0.099619 ape=0.5502
[17:50:40] warmStart (decay=exponential) 5% (56/1055) regret=0.099564 ape=0.5502
[17:50:41] warmStart (decay=exponential) 5% (57/1055) regret=0.099564 ape=0.5502
[17:50:41] warmStart (decay=exponential) 5% (58/1055) regret=0.099564 ape=0.5502
[17:50:41] warmStart (decay=exponential) 5% (59/1055) regret=0.099564 ape=0.5502
[17:50:41] warmStart (decay=exponential) 5% (60/1055) regret=0.099564 ape=0.5502
[17:50:42] warmStart (decay=exponential) 5% (61/1055) regret=0.099564 ape=0.5502
[17:50:42] warmStart (decay=exponential) 5% (62/1055) regret=0.099564 ape=0.5502
[17:50:42] warmStart (decay=exponential) 5% (63/1055) regret=0.099564 ape=0.5502
[17:50:42] warmStart (decay=exponential) 6% (64/1055) regret=0.099564 ape=0.5502
[17:50:43] warmStart (decay=exponential) 6% (65/1055) regret=0.099564 ape=0.5502
[17:50:43] warmStart (decay=exponential) 6% (66/1055) regret=0.099564 ape=0.5502
[17:50:43] warmStart (decay=exponential) 6% (67/1055) regret=0.099564 ape=0.5502
[17:50:43] warmStart (decay=exponential) 6% (68/1055) regret=0.099600 ape=0.5502
[17:50:44] warmStart (decay=exponential) 6% (69/1055) regret=0.099600 ape=0.5502
[17:50:44] warmStart (decay=exponential) 6% (70/1055) regret=0.099564 ape=0.5502
[17:50:44] warmStart (decay=exponential) 6% (71/1055) regret=0.099566 ape=0.5502
[17:50:44] warmStart (decay=exponential) 6% (72/1055) regret=0.099564 ape=0.5502
[17:50:44] warmStart (decay=exponential) 6% (73/1055) regret=0.099566 ape=0.5502
[17:50:45] warmStart (decay=exponential) 7% (74/1055) regret=0.099561 ape=0.5502
[17:50:45] warmStart (decay=exponential) 7% (75/1055) regret=0.099564 ape=0.5502
[17:50:45] warmStart (decay=exponential) 7% (76/1055) regret=0.099566 ape=0.5502
[17:50:45] warmStart (decay=exponential) 7% (77/1055) regret=0.099564 ape=0.5502
[17:50:46] warmStart (decay=exponential) 7% (78/1055) regret=0.099564 ape=0.5502
[17:50:46] warmStart (decay=exponential) 7% (79/1055) regret=0.099564 ape=0.5502
[17:50:46] warmStart (decay=exponential) 7% (80/1055) regret=0.099564 ape=0.5502
[17:50:46] warmStart (decay=exponential) 7% (81/1055) regret=0.099564 ape=0.5502
[17:50:47] warmStart (decay=exponential) 7% (82/1055) regret=0.099564 ape=0.5502
[17:50:47] warmStart (decay=exponential) 7% (83/1055) regret=0.099564 ape=0.5502
[17:50:47] warmStart (decay=exponential) 7% (84/1055) regret=0.099564 ape=0.5502
[17:50:47] warmStart (decay=exponential) 8% (85/1055) regret=0.099564 ape=0.5502
[17:50:48] warmStart (decay=exponential) 8% (86/1055) regret=0.099564 ape=0.5502
[17:50:48] warmStart (decay=exponential) 8% (87/1055) regret=0.099564 ape=0.5502
[17:50:48] warmStart (decay=exponential) 8% (88/1055) regret=0.099564 ape=0.5502
[17:50:48] warmStart (decay=exponential) 8% (89/1055) regret=0.099564 ape=0.5502
[17:50:49] warmStart (decay=exponential) 8% (90/1055) regret=0.099564 ape=0.5502
[17:50:49] warmStart (decay=exponential) 8% (91/1055) regret=0.099564 ape=0.5502
[17:50:49] warmStart (decay=exponential) 8% (92/1055) regret=0.099564 ape=0.5502
[17:50:49] warmStart (decay=exponential) 8% (93/1055) regret=0.099564 ape=0.5502
[17:50:49] warmStart (decay=exponential) 8% (94/1055) regret=0.099564 ape=0.5502
[17:50:50] warmStart (decay=exponential) 9% (95/1055) regret=0.099564 ape=0.5502
[17:50:50] warmStart (decay=exponential) 9% (96/1055) regret=0.099561 ape=0.5502
[17:50:50] warmStart (decay=exponential) 9% (97/1055) regret=0.099560 ape=0.5493
[17:50:50] warmStart (decay=exponential) 9% (98/1055) regret=0.099561 ape=0.5502
[17:50:51] warmStart (decay=exponential) 9% (99/1055) regret=0.099560 ape=0.5493
[17:50:51] warmStart (decay=exponential) 9% (100/1055) regret=0.099560 ape=0.5493
[17:50:51] warmStart (decay=exponential) 9% (101/1055) regret=0.099560 ape=0.5493
[17:50:51] warmStart (decay=exponential) 9% (102/1055) regret=0.099560 ape=0.5493
[17:50:52] warmStart (decay=exponential) 9% (103/1055) regret=0.099560 ape=0.5493
[17:50:52] warmStart (decay=exponential) 9% (104/1055) regret=0.099561 ape=0.5502
[17:50:52] warmStart (decay=exponential) 9% (105/1055) regret=0.099560 ape=0.5493
[17:50:52] warmStart (decay=exponential) 10% (106/1055) regret=0.099560 ape=0.5493
[17:50:53] warmStart (decay=exponential) 10% (107/1055) regret=0.099564 ape=0.5502
[17:50:53] warmStart (decay=exponential) 10% (108/1055) regret=0.099560 ape=0.5493
[17:50:53] warmStart (decay=exponential) 10% (109/1055) regret=0.099560 ape=0.5493
[17:50:53] warmStart (decay=exponential) 10% (110/1055) regret=0.099561 ape=0.5502
[17:50:53] warmStart (decay=exponential) 10% (111/1055) regret=0.099560 ape=0.5493
[17:50:54] warmStart (decay=exponential) 10% (112/1055) regret=0.099560 ape=0.5493
[17:50:54] warmStart (decay=exponential) 10% (113/1055) regret=0.099564 ape=0.5502
[17:50:54] warmStart (decay=exponential) 10% (114/1055) regret=0.099560 ape=0.5493
[17:50:54] warmStart (decay=exponential) 10% (115/1055) regret=0.099560 ape=0.5493
[17:50:55] warmStart (decay=exponential) 10% (116/1055) regret=0.099560 ape=0.5493
[17:50:55] warmStart (decay=exponential) 11% (117/1055) regret=0.099560 ape=0.5493
[17:50:55] warmStart (decay=exponential) 11% (118/1055) regret=0.099560 ape=0.5493
[17:50:55] warmStart (decay=exponential) 11% (119/1055) regret=0.099560 ape=0.5493
[17:50:56] warmStart (decay=exponential) 11% (120/1055) regret=0.099560 ape=0.5493
[17:50:56] warmStart (decay=exponential) 11% (121/1055) regret=0.099560 ape=0.5493
[17:50:56] warmStart (decay=exponential) 11% (122/1055) regret=0.099561 ape=0.5502
[17:50:56] warmStart (decay=exponential) 11% (123/1055) regret=0.099560 ape=0.5493
[17:50:57] warmStart (decay=exponential) 11% (124/1055) regret=0.099561 ape=0.5502
[17:50:57] warmStart (decay=exponential) 11% (125/1055) regret=0.099560 ape=0.5493
[17:50:57] warmStart (decay=exponential) 11% (126/1055) regret=0.099561 ape=0.5502
[17:50:57] warmStart (decay=exponential) 12% (127/1055) regret=0.099561 ape=0.5502
[17:50:57] warmStart (decay=exponential) 12% (128/1055) regret=0.099560 ape=0.5493
[17:50:58] warmStart (decay=exponential) 12% (129/1055) regret=0.099560 ape=0.5493
[17:50:58] warmStart (decay=exponential) 12% (130/1055) regret=0.099560 ape=0.5493
[17:50:58] warmStart (decay=exponential) 12% (131/1055) regret=0.099561 ape=0.5502
[17:50:58] warmStart (decay=exponential) 12% (132/1055) regret=0.099560 ape=0.5493
[17:50:59] warmStart (decay=exponential) 12% (133/1055) regret=0.099564 ape=0.5502
[17:50:59] warmStart (decay=exponential) 12% (134/1055) regret=0.099560 ape=0.5493
[17:50:59] warmStart (decay=exponential) 12% (135/1055) regret=0.099564 ape=0.5502
[17:50:59] warmStart (decay=exponential) 12% (136/1055) regret=0.099564 ape=0.5502
[17:51:00] warmStart (decay=exponential) 12% (137/1055) regret=0.099564 ape=0.5502
[17:51:00] warmStart (decay=exponential) 13% (138/1055) regret=0.099564 ape=0.5502
[17:51:00] warmStart (decay=exponential) 13% (139/1055) regret=0.099564 ape=0.5502
[17:51:00] warmStart (decay=exponential) 13% (140/1055) regret=0.099564 ape=0.5502
[17:51:01] warmStart (decay=exponential) 13% (141/1055) regret=0.099564 ape=0.5502
[17:51:01] warmStart (decay=exponential) 13% (142/1055) regret=0.099570 ape=0.5512
[17:51:01] warmStart (decay=exponential) 13% (143/1055) regret=0.099571 ape=0.5512
[17:51:01] warmStart (decay=exponential) 13% (144/1055) regret=0.099570 ape=0.5512
[17:51:02] warmStart (decay=exponential) 13% (145/1055) regret=0.099571 ape=0.5512
[17:51:02] warmStart (decay=exponential) 13% (146/1055) regret=0.099570 ape=0.5512
[17:51:02] warmStart (decay=exponential) 13% (147/1055) regret=0.099571 ape=0.5512
[17:51:02] warmStart (decay=exponential) 14% (148/1055) regret=0.099571 ape=0.5512
[17:51:02] warmStart (decay=exponential) 14% (149/1055) regret=0.099564 ape=0.5502
[17:51:03] warmStart (decay=exponential) 14% (150/1055) regret=0.099570 ape=0.5512
[17:51:03] warmStart (decay=exponential) 14% (151/1055) regret=0.099570 ape=0.5512
[17:51:03] warmStart (decay=exponential) 14% (152/1055) regret=0.099564 ape=0.5502
[17:51:03] warmStart (decay=exponential) 14% (153/1055) regret=0.099571 ape=0.5512
[17:51:04] warmStart (decay=exponential) 14% (154/1055) regret=0.099570 ape=0.5512
[17:51:04] warmStart (decay=exponential) 14% (155/1055) regret=0.099570 ape=0.5512
[17:51:04] warmStart (decay=exponential) 14% (156/1055) regret=0.099571 ape=0.5512
[17:51:04] warmStart (decay=exponential) 14% (157/1055) regret=0.099571 ape=0.5512
[17:51:05] warmStart (decay=exponential) 14% (158/1055) regret=0.099571 ape=0.5512
[17:51:05] warmStart (decay=exponential) 15% (159/1055) regret=0.099571 ape=0.5512
[17:51:05] warmStart (decay=exponential) 15% (160/1055) regret=0.099571 ape=0.5512
[17:51:05] warmStart (decay=exponential) 15% (161/1055) regret=0.099571 ape=0.5512
[17:51:06] warmStart (decay=exponential) 15% (162/1055) regret=0.099571 ape=0.5512
[17:51:06] warmStart (decay=exponential) 15% (163/1055) regret=0.099571 ape=0.5512
[17:51:06] warmStart (decay=exponential) 15% (164/1055) regret=0.099571 ape=0.5512
[17:51:06] warmStart (decay=exponential) 15% (165/1055) regret=0.099571 ape=0.5512
[17:51:07] warmStart (decay=exponential) 15% (166/1055) regret=0.099571 ape=0.5512
[17:51:07] warmStart (decay=exponential) 15% (167/1055) regret=0.099570 ape=0.5512
[17:51:07] warmStart (decay=exponential) 15% (168/1055) regret=0.099570 ape=0.5512
[17:51:07] warmStart (decay=exponential) 16% (169/1055) regret=0.099570 ape=0.5512
[17:51:07] warmStart (decay=exponential) 16% (170/1055) regret=0.099570 ape=0.5512
[17:51:08] warmStart (decay=exponential) 16% (171/1055) regret=0.099570 ape=0.5512
[17:51:08] warmStart (decay=exponential) 16% (172/1055) regret=0.099570 ape=0.5512
[17:51:08] warmStart (decay=exponential) 16% (173/1055) regret=0.099570 ape=0.5512
[17:51:08] warmStart (decay=exponential) 16% (174/1055) regret=0.099570 ape=0.5512
[17:51:09] warmStart (decay=exponential) 16% (175/1055) regret=0.099570 ape=0.5512
[17:51:09] warmStart (decay=exponential) 16% (176/1055) regret=0.099570 ape=0.5512
[17:51:09] warmStart (decay=exponential) 16% (177/1055) regret=0.099570 ape=0.5512
[17:51:09] warmStart (decay=exponential) 16% (178/1055) regret=0.099570 ape=0.5512
[17:51:10] warmStart (decay=exponential) 16% (179/1055) regret=0.099570 ape=0.5512
[17:51:10] warmStart (decay=exponential) 17% (180/1055) regret=0.099570 ape=0.5512
[17:51:10] warmStart (decay=exponential) 17% (181/1055) regret=0.099570 ape=0.5512
[17:51:10] warmStart (decay=exponential) 17% (182/1055) regret=0.099570 ape=0.5512
[17:51:11] warmStart (decay=exponential) 17% (183/1055) regret=0.099570 ape=0.5512
[17:51:11] warmStart (decay=exponential) 17% (184/1055) regret=0.099570 ape=0.5512
[17:51:11] warmStart (decay=exponential) 17% (185/1055) regret=0.099570 ape=0.5512
[17:51:11] warmStart (decay=exponential) 17% (186/1055) regret=0.099570 ape=0.5512
[17:51:12] warmStart (decay=exponential) 17% (187/1055) regret=0.099570 ape=0.5512
[17:51:12] warmStart (decay=exponential) 17% (188/1055) regret=0.099570 ape=0.5512
[17:51:12] warmStart (decay=exponential) 17% (189/1055) regret=0.099570 ape=0.5512
[17:51:12] warmStart (decay=exponential) 18% (190/1055) regret=0.099570 ape=0.5512
[17:51:13] warmStart (decay=exponential) 18% (191/1055) regret=0.099570 ape=0.5512
[17:51:13] warmStart (decay=exponential) 18% (192/1055) regret=0.099570 ape=0.5512
[17:51:13] warmStart (decay=exponential) 18% (193/1055) regret=0.099570 ape=0.5512
[17:51:13] warmStart (decay=exponential) 18% (194/1055) regret=0.099570 ape=0.5512
[17:51:13] warmStart (decay=exponential) 18% (195/1055) regret=0.099570 ape=0.5512
[17:51:14] warmStart (decay=exponential) 18% (196/1055) regret=0.099570 ape=0.5512
[17:51:14] warmStart (decay=exponential) 18% (197/1055) regret=0.099570 ape=0.5512
[17:51:14] warmStart (decay=exponential) 18% (198/1055) regret=0.099570 ape=0.5512
[17:51:14] warmStart (decay=exponential) 18% (199/1055) regret=0.099570 ape=0.5512
[17:51:15] warmStart (decay=exponential) 18% (200/1055) regret=0.099570 ape=0.5512
[17:51:15] warmStart (decay=exponential) 19% (201/1055) regret=0.099570 ape=0.5512
[17:51:15] warmStart (decay=exponential) 19% (202/1055) regret=0.099570 ape=0.5512
[17:51:15] warmStart (decay=exponential) 19% (203/1055) regret=0.099570 ape=0.5512
[17:51:16] warmStart (decay=exponential) 19% (204/1055) regret=0.099570 ape=0.5512
[17:51:16] warmStart (decay=exponential) 19% (205/1055) regret=0.099570 ape=0.5512
[17:51:16] warmStart (decay=exponential) 19% (206/1055) regret=0.099570 ape=0.5512
[17:51:16] warmStart (decay=exponential) 19% (207/1055) regret=0.099570 ape=0.5512
[17:51:17] warmStart (decay=exponential) 19% (208/1055) regret=0.099570 ape=0.5512
[17:51:17] warmStart (decay=exponential) 19% (209/1055) regret=0.099570 ape=0.5512
[17:51:17] warmStart (decay=exponential) 19% (210/1055) regret=0.099570 ape=0.5512
[17:51:17] warmStart (decay=exponential) 20% (211/1055) regret=0.099570 ape=0.5512
[17:51:18] warmStart (decay=exponential) 20% (212/1055) regret=0.099570 ape=0.5512
[17:51:18] warmStart (decay=exponential) 20% (213/1055) regret=0.099570 ape=0.5512
[17:51:18] warmStart (decay=exponential) 20% (214/1055) regret=0.099570 ape=0.5512
[17:51:18] warmStart (decay=exponential) 20% (215/1055) regret=0.099570 ape=0.5512
[17:51:19] warmStart (decay=exponential) 20% (216/1055) regret=0.099570 ape=0.5512
[17:51:19] warmStart (decay=exponential) 20% (217/1055) regret=0.099570 ape=0.5512
[17:51:19] warmStart (decay=exponential) 20% (218/1055) regret=0.099570 ape=0.5512
[17:51:19] warmStart (decay=exponential) 20% (219/1055) regret=0.099570 ape=0.5512
[17:51:20] warmStart (decay=exponential) 20% (220/1055) regret=0.099570 ape=0.5512
[17:51:20] warmStart (decay=exponential) 20% (221/1055) regret=0.099570 ape=0.5512
[17:51:20] warmStart (decay=exponential) 21% (222/1055) regret=0.099570 ape=0.5512
[17:51:20] warmStart (decay=exponential) 21% (223/1055) regret=0.099570 ape=0.5512
[17:51:21] warmStart (decay=exponential) 21% (224/1055) regret=0.099570 ape=0.5512
[17:51:21] warmStart (decay=exponential) 21% (225/1055) regret=0.099570 ape=0.5512
[17:51:21] warmStart (decay=exponential) 21% (226/1055) regret=0.099570 ape=0.5512
[17:51:21] warmStart (decay=exponential) 21% (227/1055) regret=0.099570 ape=0.5512
[17:51:21] warmStart (decay=exponential) 21% (228/1055) regret=0.099570 ape=0.5512
[17:51:22] warmStart (decay=exponential) 21% (229/1055) regret=0.099570 ape=0.5512
[17:51:22] warmStart (decay=exponential) 21% (230/1055) regret=0.099570 ape=0.5512
[17:51:22] warmStart (decay=exponential) 21% (231/1055) regret=0.099570 ape=0.5512
[17:51:22] warmStart (decay=exponential) 21% (232/1055) regret=0.099570 ape=0.5512
[17:51:23] warmStart (decay=exponential) 22% (233/1055) regret=0.099570 ape=0.5512
[17:51:23] warmStart (decay=exponential) 22% (234/1055) regret=0.099570 ape=0.5512
[17:51:23] warmStart (decay=exponential) 22% (235/1055) regret=0.099564 ape=0.5502
[17:51:23] warmStart (decay=exponential) 22% (236/1055) regret=0.099570 ape=0.5512
[17:51:24] warmStart (decay=exponential) 22% (237/1055) regret=0.099570 ape=0.5512
[17:51:24] warmStart (decay=exponential) 22% (238/1055) regret=0.099570 ape=0.5512
[17:51:24] warmStart (decay=exponential) 22% (239/1055) regret=0.099570 ape=0.5512
[17:51:24] warmStart (decay=exponential) 22% (240/1055) regret=0.099570 ape=0.5512
[17:51:25] warmStart (decay=exponential) 22% (241/1055) regret=0.099570 ape=0.5512
[17:51:25] warmStart (decay=exponential) 22% (242/1055) regret=0.099564 ape=0.5502
[17:51:25] warmStart (decay=exponential) 23% (243/1055) regret=0.099564 ape=0.5502
[17:51:25] warmStart (decay=exponential) 23% (244/1055) regret=0.099564 ape=0.5502
[17:51:26] warmStart (decay=exponential) 23% (245/1055) regret=0.099564 ape=0.5502
[17:51:26] warmStart (decay=exponential) 23% (246/1055) regret=0.099564 ape=0.5502
[17:51:26] warmStart (decay=exponential) 23% (247/1055) regret=0.099564 ape=0.5502
[17:51:26] warmStart (decay=exponential) 23% (248/1055) regret=0.099564 ape=0.5502
[17:51:27] warmStart (decay=exponential) 23% (249/1055) regret=0.099564 ape=0.5502
[17:51:27] warmStart (decay=exponential) 23% (250/1055) regret=0.099564 ape=0.5502
[17:51:27] warmStart (decay=exponential) 23% (251/1055) regret=0.099564 ape=0.5502
[17:51:27] warmStart (decay=exponential) 23% (252/1055) regret=0.099564 ape=0.5502
[17:51:28] warmStart (decay=exponential) 23% (253/1055) regret=0.099564 ape=0.5502
[17:51:28] warmStart (decay=exponential) 24% (254/1055) regret=0.099564 ape=0.5502
[17:51:28] warmStart (decay=exponential) 24% (255/1055) regret=0.099564 ape=0.5502
[17:51:28] warmStart (decay=exponential) 24% (256/1055) regret=0.099564 ape=0.5502
[17:51:29] warmStart (decay=exponential) 24% (257/1055) regret=0.099564 ape=0.5502
[17:51:29] warmStart (decay=exponential) 24% (258/1055) regret=0.099564 ape=0.5502
[17:51:29] warmStart (decay=exponential) 24% (259/1055) regret=0.099564 ape=0.5502
[17:51:29] warmStart (decay=exponential) 24% (260/1055) regret=0.099564 ape=0.5502
[17:51:30] warmStart (decay=exponential) 24% (261/1055) regret=0.099564 ape=0.5502
[17:51:30] warmStart (decay=exponential) 24% (262/1055) regret=0.099564 ape=0.5502
[17:51:30] warmStart (decay=exponential) 24% (263/1055) regret=0.099564 ape=0.5502
[17:51:30] warmStart (decay=exponential) 25% (264/1055) regret=0.099564 ape=0.5502
[17:51:31] warmStart (decay=exponential) 25% (265/1055) regret=0.099564 ape=0.5502
[17:51:31] warmStart (decay=exponential) 25% (266/1055) regret=0.099564 ape=0.5502
[17:51:31] warmStart (decay=exponential) 25% (267/1055) regret=0.099564 ape=0.5502
[17:51:31] warmStart (decay=exponential) 25% (268/1055) regret=0.099564 ape=0.5502
[17:51:32] warmStart (decay=exponential) 25% (269/1055) regret=0.099564 ape=0.5502
[17:51:32] warmStart (decay=exponential) 25% (270/1055) regret=0.099564 ape=0.5502
[17:51:32] warmStart (decay=exponential) 25% (271/1055) regret=0.099564 ape=0.5502
[17:51:32] warmStart (decay=exponential) 25% (272/1055) regret=0.099564 ape=0.5502
[17:51:33] warmStart (decay=exponential) 25% (273/1055) regret=0.099564 ape=0.5502
[17:51:33] warmStart (decay=exponential) 25% (274/1055) regret=0.099564 ape=0.5502
[17:51:33] warmStart (decay=exponential) 26% (275/1055) regret=0.099564 ape=0.5502
[17:51:33] warmStart (decay=exponential) 26% (276/1055) regret=0.099564 ape=0.5502
[17:51:34] warmStart (decay=exponential) 26% (277/1055) regret=0.099564 ape=0.5502
[17:51:34] warmStart (decay=exponential) 26% (278/1055) regret=0.099564 ape=0.5502
[17:51:34] warmStart (decay=exponential) 26% (279/1055) regret=0.099564 ape=0.5502
[17:51:34] warmStart (decay=exponential) 26% (280/1055) regret=0.099564 ape=0.5502
[17:51:35] warmStart (decay=exponential) 26% (281/1055) regret=0.099564 ape=0.5502
[17:51:35] warmStart (decay=exponential) 26% (282/1055) regret=0.099564 ape=0.5502
[17:51:35] warmStart (decay=exponential) 26% (283/1055) regret=0.099564 ape=0.5502
[17:51:35] warmStart (decay=exponential) 26% (284/1055) regret=0.099564 ape=0.5502
[17:51:36] warmStart (decay=exponential) 27% (285/1055) regret=0.099564 ape=0.5502
[17:51:36] warmStart (decay=exponential) 27% (286/1055) regret=0.099564 ape=0.5502
[17:51:36] warmStart (decay=exponential) 27% (287/1055) regret=0.099564 ape=0.5502
[17:51:36] warmStart (decay=exponential) 27% (288/1055) regret=0.099564 ape=0.5502
[17:51:37] warmStart (decay=exponential) 27% (289/1055) regret=0.099564 ape=0.5502
[17:51:37] warmStart (decay=exponential) 27% (290/1055) regret=0.099564 ape=0.5502
[17:51:37] warmStart (decay=exponential) 27% (291/1055) regret=0.099564 ape=0.5502
[17:51:37] warmStart (decay=exponential) 27% (292/1055) regret=0.099564 ape=0.5502
[17:51:38] warmStart (decay=exponential) 27% (293/1055) regret=0.099564 ape=0.5502
[17:51:38] warmStart (decay=exponential) 27% (294/1055) regret=0.099564 ape=0.5502
[17:51:38] warmStart (decay=exponential) 27% (295/1055) regret=0.099564 ape=0.5502
[17:51:38] warmStart (decay=exponential) 28% (296/1055) regret=0.099564 ape=0.5502
[17:51:39] warmStart (decay=exponential) 28% (297/1055) regret=0.099564 ape=0.5502
[17:51:39] warmStart (decay=exponential) 28% (298/1055) regret=0.099564 ape=0.5502
[17:51:39] warmStart (decay=exponential) 28% (299/1055) regret=0.099564 ape=0.5502
[17:51:39] warmStart (decay=exponential) 28% (300/1055) regret=0.099564 ape=0.5502
[17:51:40] warmStart (decay=exponential) 28% (301/1055) regret=0.099564 ape=0.5502
[17:51:40] warmStart (decay=exponential) 28% (302/1055) regret=0.099564 ape=0.5502
[17:51:40] warmStart (decay=exponential) 28% (303/1055) regret=0.099564 ape=0.5502
[17:51:40] warmStart (decay=exponential) 28% (304/1055) regret=0.099564 ape=0.5502
[17:51:41] warmStart (decay=exponential) 28% (305/1055) regret=0.099564 ape=0.5502
[17:51:41] warmStart (decay=exponential) 29% (306/1055) regret=0.099564 ape=0.5502
[17:51:41] warmStart (decay=exponential) 29% (307/1055) regret=0.099564 ape=0.5502
[17:51:41] warmStart (decay=exponential) 29% (308/1055) regret=0.099564 ape=0.5502
[17:51:42] warmStart (decay=exponential) 29% (309/1055) regret=0.099564 ape=0.5502
[17:51:42] warmStart (decay=exponential) 29% (310/1055) regret=0.099564 ape=0.5502
[17:51:42] warmStart (decay=exponential) 29% (311/1055) regret=0.099564 ape=0.5502
[17:51:42] warmStart (decay=exponential) 29% (312/1055) regret=0.099564 ape=0.5502
[17:51:43] warmStart (decay=exponential) 29% (313/1055) regret=0.099564 ape=0.5502
[17:51:43] warmStart (decay=exponential) 29% (314/1055) regret=0.099564 ape=0.5502
[17:51:43] warmStart (decay=exponential) 29% (315/1055) regret=0.099564 ape=0.5502
[17:51:43] warmStart (decay=exponential) 29% (316/1055) regret=0.099564 ape=0.5502
[17:51:44] warmStart (decay=exponential) 30% (317/1055) regret=0.099564 ape=0.5502
[17:51:44] warmStart (decay=exponential) 30% (318/1055) regret=0.099564 ape=0.5502
[17:51:44] warmStart (decay=exponential) 30% (319/1055) regret=0.099564 ape=0.5502
[17:51:44] warmStart (decay=exponential) 30% (320/1055) regret=0.099564 ape=0.5502
[17:51:45] warmStart (decay=exponential) 30% (321/1055) regret=0.099564 ape=0.5502
[17:51:45] warmStart (decay=exponential) 30% (322/1055) regret=0.099564 ape=0.5502
[17:51:45] warmStart (decay=exponential) 30% (323/1055) regret=0.099564 ape=0.5502
[17:51:45] warmStart (decay=exponential) 30% (324/1055) regret=0.099564 ape=0.5502
[17:51:46] warmStart (decay=exponential) 30% (325/1055) regret=0.099564 ape=0.5502
[17:51:46] warmStart (decay=exponential) 30% (326/1055) regret=0.099564 ape=0.5502
[17:51:46] warmStart (decay=exponential) 30% (327/1055) regret=0.099564 ape=0.5502
[17:51:47] warmStart (decay=exponential) 31% (328/1055) regret=0.099564 ape=0.5502
[17:51:47] warmStart (decay=exponential) 31% (329/1055) regret=0.099564 ape=0.5502
[17:51:47] warmStart (decay=exponential) 31% (330/1055) regret=0.099564 ape=0.5502
[17:51:47] warmStart (decay=exponential) 31% (331/1055) regret=0.099564 ape=0.5502
[17:51:48] warmStart (decay=exponential) 31% (332/1055) regret=0.099564 ape=0.5502
[17:51:48] warmStart (decay=exponential) 31% (333/1055) regret=0.099564 ape=0.5502
[17:51:48] warmStart (decay=exponential) 31% (334/1055) regret=0.099564 ape=0.5502
[17:51:48] warmStart (decay=exponential) 31% (335/1055) regret=0.099564 ape=0.5502
[17:51:49] warmStart (decay=exponential) 31% (336/1055) regret=0.099564 ape=0.5502
[17:51:49] warmStart (decay=exponential) 31% (337/1055) regret=0.099564 ape=0.5502
[17:51:49] warmStart (decay=exponential) 32% (338/1055) regret=0.099564 ape=0.5502
[17:51:49] warmStart (decay=exponential) 32% (339/1055) regret=0.099564 ape=0.5502
[17:51:50] warmStart (decay=exponential) 32% (340/1055) regret=0.099564 ape=0.5502
[17:51:50] warmStart (decay=exponential) 32% (341/1055) regret=0.099564 ape=0.5502
[17:51:50] warmStart (decay=exponential) 32% (342/1055) regret=0.099564 ape=0.5502
[17:51:50] warmStart (decay=exponential) 32% (343/1055) regret=0.099564 ape=0.5502
[17:51:51] warmStart (decay=exponential) 32% (344/1055) regret=0.099564 ape=0.5502
[17:51:51] warmStart (decay=exponential) 32% (345/1055) regret=0.099564 ape=0.5502
[17:51:51] warmStart (decay=exponential) 32% (346/1055) regret=0.099564 ape=0.5502
[17:51:51] warmStart (decay=exponential) 32% (347/1055) regret=0.099564 ape=0.5502
[17:51:52] warmStart (decay=exponential) 32% (348/1055) regret=0.099564 ape=0.5502
[17:51:52] warmStart (decay=exponential) 33% (349/1055) regret=0.099564 ape=0.5502
[17:51:52] warmStart (decay=exponential) 33% (350/1055) regret=0.099564 ape=0.5502
[17:51:52] warmStart (decay=exponential) 33% (351/1055) regret=0.099564 ape=0.5502
[17:51:53] warmStart (decay=exponential) 33% (352/1055) regret=0.099564 ape=0.5502
[17:51:53] warmStart (decay=exponential) 33% (353/1055) regret=0.099564 ape=0.5502
[17:51:53] warmStart (decay=exponential) 33% (354/1055) regret=0.099564 ape=0.5502
[17:51:53] warmStart (decay=exponential) 33% (355/1055) regret=0.099564 ape=0.5502
[17:51:54] warmStart (decay=exponential) 33% (356/1055) regret=0.099564 ape=0.5502
[17:51:54] warmStart (decay=exponential) 33% (357/1055) regret=0.099564 ape=0.5502
[17:51:54] warmStart (decay=exponential) 33% (358/1055) regret=0.099564 ape=0.5502
[17:51:54] warmStart (decay=exponential) 34% (359/1055) regret=0.099564 ape=0.5502
[17:51:55] warmStart (decay=exponential) 34% (360/1055) regret=0.099564 ape=0.5502
[17:51:55] warmStart (decay=exponential) 34% (361/1055) regret=0.099564 ape=0.5502
[17:51:55] warmStart (decay=exponential) 34% (362/1055) regret=0.099564 ape=0.5502
[17:51:55] warmStart (decay=exponential) 34% (363/1055) regret=0.099564 ape=0.5502
[17:51:56] warmStart (decay=exponential) 34% (364/1055) regret=0.099564 ape=0.5502
[17:51:56] warmStart (decay=exponential) 34% (365/1055) regret=0.099564 ape=0.5502
[17:51:56] warmStart (decay=exponential) 34% (366/1055) regret=0.099564 ape=0.5502
[17:51:56] warmStart (decay=exponential) 34% (367/1055) regret=0.099564 ape=0.5502
[17:51:57] warmStart (decay=exponential) 34% (368/1055) regret=0.099564 ape=0.5502
[17:51:57] warmStart (decay=exponential) 34% (369/1055) regret=0.099564 ape=0.5502
[17:51:57] warmStart (decay=exponential) 35% (370/1055) regret=0.099564 ape=0.5502
[17:51:57] warmStart (decay=exponential) 35% (371/1055) regret=0.099564 ape=0.5502
[17:51:58] warmStart (decay=exponential) 35% (372/1055) regret=0.099564 ape=0.5502
[17:51:58] warmStart (decay=exponential) 35% (373/1055) regret=0.099564 ape=0.5502
[17:51:58] warmStart (decay=exponential) 35% (374/1055) regret=0.099564 ape=0.5502
[17:51:58] warmStart (decay=exponential) 35% (375/1055) regret=0.099564 ape=0.5502
[17:51:59] warmStart (decay=exponential) 35% (376/1055) regret=0.099564 ape=0.5502
[17:51:59] warmStart (decay=exponential) 35% (377/1055) regret=0.099564 ape=0.5502
[17:51:59] warmStart (decay=exponential) 35% (378/1055) regret=0.099564 ape=0.5502
[17:51:59] warmStart (decay=exponential) 35% (379/1055) regret=0.099564 ape=0.5502
[17:52:00] warmStart (decay=exponential) 36% (380/1055) regret=0.099564 ape=0.5502
[17:52:00] warmStart (decay=exponential) 36% (381/1055) regret=0.099564 ape=0.5502
[17:52:00] warmStart (decay=exponential) 36% (382/1055) regret=0.099564 ape=0.5502
[17:52:00] warmStart (decay=exponential) 36% (383/1055) regret=0.099564 ape=0.5502
[17:52:01] warmStart (decay=exponential) 36% (384/1055) regret=0.099564 ape=0.5502
[17:52:01] warmStart (decay=exponential) 36% (385/1055) regret=0.099564 ape=0.5502
[17:52:01] warmStart (decay=exponential) 36% (386/1055) regret=0.099564 ape=0.5502
[17:52:02] warmStart (decay=exponential) 36% (387/1055) regret=0.099564 ape=0.5502
[17:52:02] warmStart (decay=exponential) 36% (388/1055) regret=0.099564 ape=0.5502
[17:52:02] warmStart (decay=exponential) 36% (389/1055) regret=0.099564 ape=0.5502
[17:52:02] warmStart (decay=exponential) 36% (390/1055) regret=0.099564 ape=0.5502
[17:52:03] warmStart (decay=exponential) 37% (391/1055) regret=0.099564 ape=0.5502
[17:52:03] warmStart (decay=exponential) 37% (392/1055) regret=0.099564 ape=0.5502
[17:52:03] warmStart (decay=exponential) 37% (393/1055) regret=0.099564 ape=0.5502
[17:52:03] warmStart (decay=exponential) 37% (394/1055) regret=0.099564 ape=0.5502
[17:52:04] warmStart (decay=exponential) 37% (395/1055) regret=0.099564 ape=0.5502
[17:52:04] warmStart (decay=exponential) 37% (396/1055) regret=0.099564 ape=0.5502
[17:52:04] warmStart (decay=exponential) 37% (397/1055) regret=0.099564 ape=0.5502
[17:52:04] warmStart (decay=exponential) 37% (398/1055) regret=0.099564 ape=0.5502
[17:52:05] warmStart (decay=exponential) 37% (399/1055) regret=0.099564 ape=0.5502
[17:52:05] warmStart (decay=exponential) 37% (400/1055) regret=0.099564 ape=0.5502
[17:52:05] warmStart (decay=exponential) 38% (401/1055) regret=0.099564 ape=0.5502
[17:52:05] warmStart (decay=exponential) 38% (402/1055) regret=0.099564 ape=0.5502
[17:52:06] warmStart (decay=exponential) 38% (403/1055) regret=0.099564 ape=0.5502
[17:52:06] warmStart (decay=exponential) 38% (404/1055) regret=0.099564 ape=0.5502
[17:52:06] warmStart (decay=exponential) 38% (405/1055) regret=0.099564 ape=0.5502
[17:52:06] warmStart (decay=exponential) 38% (406/1055) regret=0.099564 ape=0.5502
[17:52:07] warmStart (decay=exponential) 38% (407/1055) regret=0.099564 ape=0.5502
[17:52:07] warmStart (decay=exponential) 38% (408/1055) regret=0.099564 ape=0.5502
[17:52:07] warmStart (decay=exponential) 38% (409/1055) regret=0.099564 ape=0.5502
[17:52:07] warmStart (decay=exponential) 38% (410/1055) regret=0.099564 ape=0.5502
[17:52:08] warmStart (decay=exponential) 38% (411/1055) regret=0.099564 ape=0.5502
[17:52:08] warmStart (decay=exponential) 39% (412/1055) regret=0.099564 ape=0.5502
[17:52:08] warmStart (decay=exponential) 39% (413/1055) regret=0.099564 ape=0.5502
[17:52:08] warmStart (decay=exponential) 39% (414/1055) regret=0.099564 ape=0.5502
[17:52:09] warmStart (decay=exponential) 39% (415/1055) regret=0.099564 ape=0.5502
[17:52:09] warmStart (decay=exponential) 39% (416/1055) regret=0.099564 ape=0.5502
[17:52:09] warmStart (decay=exponential) 39% (417/1055) regret=0.099564 ape=0.5502
[17:52:09] warmStart (decay=exponential) 39% (418/1055) regret=0.099564 ape=0.5502
[17:52:10] warmStart (decay=exponential) 39% (419/1055) regret=0.099564 ape=0.5502
[17:52:10] warmStart (decay=exponential) 39% (420/1055) regret=0.099564 ape=0.5502
[17:52:10] warmStart (decay=exponential) 39% (421/1055) regret=0.099564 ape=0.5502
[17:52:11] warmStart (decay=exponential) 40% (422/1055) regret=0.099564 ape=0.5502
[17:52:11] warmStart (decay=exponential) 40% (423/1055) regret=0.099564 ape=0.5502
[17:52:11] warmStart (decay=exponential) 40% (424/1055) regret=0.099564 ape=0.5502
[17:52:11] warmStart (decay=exponential) 40% (425/1055) regret=0.099564 ape=0.5502
[17:52:12] warmStart (decay=exponential) 40% (426/1055) regret=0.099564 ape=0.5502
[17:52:12] warmStart (decay=exponential) 40% (427/1055) regret=0.099564 ape=0.5502
[17:52:12] warmStart (decay=exponential) 40% (428/1055) regret=0.099564 ape=0.5502
[17:52:12] warmStart (decay=exponential) 40% (429/1055) regret=0.099564 ape=0.5502
[17:52:13] warmStart (decay=exponential) 40% (430/1055) regret=0.099564 ape=0.5502
[17:52:13] warmStart (decay=exponential) 40% (431/1055) regret=0.099564 ape=0.5502
[17:52:13] warmStart (decay=exponential) 40% (432/1055) regret=0.099564 ape=0.5502
[17:52:13] warmStart (decay=exponential) 41% (433/1055) regret=0.099564 ape=0.5502
[17:52:14] warmStart (decay=exponential) 41% (434/1055) regret=0.099564 ape=0.5502
[17:52:14] warmStart (decay=exponential) 41% (435/1055) regret=0.099564 ape=0.5502
[17:52:14] warmStart (decay=exponential) 41% (436/1055) regret=0.099564 ape=0.5502
[17:52:14] warmStart (decay=exponential) 41% (437/1055) regret=0.099564 ape=0.5502
[17:52:15] warmStart (decay=exponential) 41% (438/1055) regret=0.099564 ape=0.5502
[17:52:15] warmStart (decay=exponential) 41% (439/1055) regret=0.099564 ape=0.5502
[17:52:15] warmStart (decay=exponential) 41% (440/1055) regret=0.099564 ape=0.5502
[17:52:15] warmStart (decay=exponential) 41% (441/1055) regret=0.099564 ape=0.5502
[17:52:16] warmStart (decay=exponential) 41% (442/1055) regret=0.099564 ape=0.5502
[17:52:16] warmStart (decay=exponential) 41% (443/1055) regret=0.099564 ape=0.5502
[17:52:16] warmStart (decay=exponential) 42% (444/1055) regret=0.099564 ape=0.5502
[17:52:16] warmStart (decay=exponential) 42% (445/1055) regret=0.099564 ape=0.5502
[17:52:17] warmStart (decay=exponential) 42% (446/1055) regret=0.099564 ape=0.5502
[17:52:17] warmStart (decay=exponential) 42% (447/1055) regret=0.099564 ape=0.5502
[17:52:17] warmStart (decay=exponential) 42% (448/1055) regret=0.099564 ape=0.5502
[17:52:17] warmStart (decay=exponential) 42% (449/1055) regret=0.099564 ape=0.5502
[17:52:18] warmStart (decay=exponential) 42% (450/1055) regret=0.099564 ape=0.5502
[17:52:18] warmStart (decay=exponential) 42% (451/1055) regret=0.099564 ape=0.5502
[17:52:18] warmStart (decay=exponential) 42% (452/1055) regret=0.099564 ape=0.5502
[17:52:18] warmStart (decay=exponential) 42% (453/1055) regret=0.099564 ape=0.5502
[17:52:19] warmStart (decay=exponential) 43% (454/1055) regret=0.099564 ape=0.5502
[17:52:19] warmStart (decay=exponential) 43% (455/1055) regret=0.099564 ape=0.5502
[17:52:19] warmStart (decay=exponential) 43% (456/1055) regret=0.099564 ape=0.5502
[17:52:19] warmStart (decay=exponential) 43% (457/1055) regret=0.099564 ape=0.5502
[17:52:20] warmStart (decay=exponential) 43% (458/1055) regret=0.099564 ape=0.5502
[17:52:20] warmStart (decay=exponential) 43% (459/1055) regret=0.099564 ape=0.5502
[17:52:20] warmStart (decay=exponential) 43% (460/1055) regret=0.099564 ape=0.5502
[17:52:20] warmStart (decay=exponential) 43% (461/1055) regret=0.099564 ape=0.5502
[17:52:21] warmStart (decay=exponential) 43% (462/1055) regret=0.099564 ape=0.5502
[17:52:21] warmStart (decay=exponential) 43% (463/1055) regret=0.099564 ape=0.5502
[17:52:21] warmStart (decay=exponential) 43% (464/1055) regret=0.099564 ape=0.5502
[17:52:21] warmStart (decay=exponential) 44% (465/1055) regret=0.099564 ape=0.5502
[17:52:21] warmStart (decay=exponential) 44% (466/1055) regret=0.099564 ape=0.5502
[17:52:22] warmStart (decay=exponential) 44% (467/1055) regret=0.099564 ape=0.5502
[17:52:22] warmStart (decay=exponential) 44% (468/1055) regret=0.099564 ape=0.5502
[17:52:22] warmStart (decay=exponential) 44% (469/1055) regret=0.099564 ape=0.5502
[17:52:22] warmStart (decay=exponential) 44% (470/1055) regret=0.099564 ape=0.5502
[17:52:23] warmStart (decay=exponential) 44% (471/1055) regret=0.099564 ape=0.5502
[17:52:23] warmStart (decay=exponential) 44% (472/1055) regret=0.099564 ape=0.5502
[17:52:23] warmStart (decay=exponential) 44% (473/1055) regret=0.099564 ape=0.5502
[17:52:23] warmStart (decay=exponential) 44% (474/1055) regret=0.099564 ape=0.5502
[17:52:24] warmStart (decay=exponential) 45% (475/1055) regret=0.099564 ape=0.5502
[17:52:24] warmStart (decay=exponential) 45% (476/1055) regret=0.099564 ape=0.5502
[17:52:24] warmStart (decay=exponential) 45% (477/1055) regret=0.099564 ape=0.5502
[17:52:24] warmStart (decay=exponential) 45% (478/1055) regret=0.099564 ape=0.5502
[17:52:25] warmStart (decay=exponential) 45% (479/1055) regret=0.099564 ape=0.5502
[17:52:25] warmStart (decay=exponential) 45% (480/1055) regret=0.099564 ape=0.5502
[17:52:25] warmStart (decay=exponential) 45% (481/1055) regret=0.099564 ape=0.5502
[17:52:25] warmStart (decay=exponential) 45% (482/1055) regret=0.099564 ape=0.5502
[17:52:25] warmStart (decay=exponential) 45% (483/1055) regret=0.099564 ape=0.5502
[17:52:26] warmStart (decay=exponential) 45% (484/1055) regret=0.099564 ape=0.5502
[17:52:26] warmStart (decay=exponential) 45% (485/1055) regret=0.099564 ape=0.5502
[17:52:26] warmStart (decay=exponential) 46% (486/1055) regret=0.099564 ape=0.5502
[17:52:26] warmStart (decay=exponential) 46% (487/1055) regret=0.099564 ape=0.5502
[17:52:27] warmStart (decay=exponential) 46% (488/1055) regret=0.099564 ape=0.5502
[17:52:27] warmStart (decay=exponential) 46% (489/1055) regret=0.099564 ape=0.5502
[17:52:27] warmStart (decay=exponential) 46% (490/1055) regret=0.099564 ape=0.5502
[17:52:27] warmStart (decay=exponential) 46% (491/1055) regret=0.099564 ape=0.5502
[17:52:28] warmStart (decay=exponential) 46% (492/1055) regret=0.099564 ape=0.5502
[17:52:28] warmStart (decay=exponential) 46% (493/1055) regret=0.099564 ape=0.5502
[17:52:28] warmStart (decay=exponential) 46% (494/1055) regret=0.099564 ape=0.5502
[17:52:28] warmStart (decay=exponential) 46% (495/1055) regret=0.099564 ape=0.5502
[17:52:29] warmStart (decay=exponential) 47% (496/1055) regret=0.099564 ape=0.5502
[17:52:29] warmStart (decay=exponential) 47% (497/1055) regret=0.099564 ape=0.5502
[17:52:29] warmStart (decay=exponential) 47% (498/1055) regret=0.099564 ape=0.5502
[17:52:29] warmStart (decay=exponential) 47% (499/1055) regret=0.099564 ape=0.5502
[17:52:30] warmStart (decay=exponential) 47% (500/1055) regret=0.099564 ape=0.5502
[17:52:30] warmStart (decay=exponential) 47% (501/1055) regret=0.099564 ape=0.5502
[17:52:30] warmStart (decay=exponential) 47% (502/1055) regret=0.099564 ape=0.5502
[17:52:30] warmStart (decay=exponential) 47% (503/1055) regret=0.099564 ape=0.5502
[17:52:30] warmStart (decay=exponential) 47% (504/1055) regret=0.099564 ape=0.5502
[17:52:31] warmStart (decay=exponential) 47% (505/1055) regret=0.099564 ape=0.5502
[17:52:31] warmStart (decay=exponential) 47% (506/1055) regret=0.099564 ape=0.5502
[17:52:31] warmStart (decay=exponential) 48% (507/1055) regret=0.099564 ape=0.5502
[17:52:31] warmStart (decay=exponential) 48% (508/1055) regret=0.099564 ape=0.5502
[17:52:32] warmStart (decay=exponential) 48% (509/1055) regret=0.099564 ape=0.5502
[17:52:32] warmStart (decay=exponential) 48% (510/1055) regret=0.099564 ape=0.5502
[17:52:32] warmStart (decay=exponential) 48% (511/1055) regret=0.099564 ape=0.5502
[17:52:32] warmStart (decay=exponential) 48% (512/1055) regret=0.099564 ape=0.5502
[17:52:33] warmStart (decay=exponential) 48% (513/1055) regret=0.099564 ape=0.5502
[17:52:33] warmStart (decay=exponential) 48% (514/1055) regret=0.099564 ape=0.5502
[17:52:33] warmStart (decay=exponential) 48% (515/1055) regret=0.099564 ape=0.5502
[17:52:33] warmStart (decay=exponential) 48% (516/1055) regret=0.099564 ape=0.5502
[17:52:34] warmStart (decay=exponential) 49% (517/1055) regret=0.099564 ape=0.5502
[17:52:34] warmStart (decay=exponential) 49% (518/1055) regret=0.099564 ape=0.5502
[17:52:34] warmStart (decay=exponential) 49% (519/1055) regret=0.099564 ape=0.5502
[17:52:34] warmStart (decay=exponential) 49% (520/1055) regret=0.099564 ape=0.5502
[17:52:35] warmStart (decay=exponential) 49% (521/1055) regret=0.099564 ape=0.5502
[17:52:35] warmStart (decay=exponential) 49% (522/1055) regret=0.099564 ape=0.5502
[17:52:35] warmStart (decay=exponential) 49% (523/1055) regret=0.099564 ape=0.5502
[17:52:35] warmStart (decay=exponential) 49% (524/1055) regret=0.099564 ape=0.5502
[17:52:35] warmStart (decay=exponential) 49% (525/1055) regret=0.099564 ape=0.5502
[17:52:36] warmStart (decay=exponential) 49% (526/1055) regret=0.099564 ape=0.5502
[17:52:36] warmStart (decay=exponential) 49% (527/1055) regret=0.099564 ape=0.5502
[17:52:36] warmStart (decay=exponential) 50% (528/1055) regret=0.099564 ape=0.5502
[17:52:36] warmStart (decay=exponential) 50% (529/1055) regret=0.099564 ape=0.5502
[17:52:37] warmStart (decay=exponential) 50% (530/1055) regret=0.099564 ape=0.5502
[17:52:37] warmStart (decay=exponential) 50% (531/1055) regret=0.099564 ape=0.5502
[17:52:37] warmStart (decay=exponential) 50% (532/1055) regret=0.099564 ape=0.5502
[17:52:37] warmStart (decay=exponential) 50% (533/1055) regret=0.099564 ape=0.5502
[17:52:38] warmStart (decay=exponential) 50% (534/1055) regret=0.099564 ape=0.5502
[17:52:38] warmStart (decay=exponential) 50% (535/1055) regret=0.099564 ape=0.5502
[17:52:38] warmStart (decay=exponential) 50% (536/1055) regret=0.099564 ape=0.5502
[17:52:38] warmStart (decay=exponential) 50% (537/1055) regret=0.099564 ape=0.5502
[17:52:39] warmStart (decay=exponential) 50% (538/1055) regret=0.099564 ape=0.5502
[17:52:39] warmStart (decay=exponential) 51% (539/1055) regret=0.099564 ape=0.5502
[17:52:39] warmStart (decay=exponential) 51% (540/1055) regret=0.099564 ape=0.5502
[17:52:39] warmStart (decay=exponential) 51% (541/1055) regret=0.099564 ape=0.5502
[17:52:40] warmStart (decay=exponential) 51% (542/1055) regret=0.099564 ape=0.5502
[17:52:40] warmStart (decay=exponential) 51% (543/1055) regret=0.099564 ape=0.5502
[17:52:40] warmStart (decay=exponential) 51% (544/1055) regret=0.099564 ape=0.5502
[17:52:40] warmStart (decay=exponential) 51% (545/1055) regret=0.099564 ape=0.5502
[17:52:41] warmStart (decay=exponential) 51% (546/1055) regret=0.099564 ape=0.5502
[17:52:41] warmStart (decay=exponential) 51% (547/1055) regret=0.099564 ape=0.5502
[17:52:41] warmStart (decay=exponential) 51% (548/1055) regret=0.099564 ape=0.5502
[17:52:41] warmStart (decay=exponential) 52% (549/1055) regret=0.099564 ape=0.5502
[17:52:42] warmStart (decay=exponential) 52% (550/1055) regret=0.099564 ape=0.5502
[17:52:42] warmStart (decay=exponential) 52% (551/1055) regret=0.099564 ape=0.5502
[17:52:42] warmStart (decay=exponential) 52% (552/1055) regret=0.099564 ape=0.5502
[17:52:42] warmStart (decay=exponential) 52% (553/1055) regret=0.099564 ape=0.5502
[17:52:43] warmStart (decay=exponential) 52% (554/1055) regret=0.099564 ape=0.5502
[17:52:43] warmStart (decay=exponential) 52% (555/1055) regret=0.099564 ape=0.5502
[17:52:43] warmStart (decay=exponential) 52% (556/1055) regret=0.099564 ape=0.5502
[17:52:43] warmStart (decay=exponential) 52% (557/1055) regret=0.099564 ape=0.5502
[17:52:44] warmStart (decay=exponential) 52% (558/1055) regret=0.099564 ape=0.5502
[17:52:44] warmStart (decay=exponential) 52% (559/1055) regret=0.099564 ape=0.5502
[17:52:44] warmStart (decay=exponential) 53% (560/1055) regret=0.099564 ape=0.5502
[17:52:44] warmStart (decay=exponential) 53% (561/1055) regret=0.099564 ape=0.5502
[17:52:45] warmStart (decay=exponential) 53% (562/1055) regret=0.099564 ape=0.5502
[17:52:45] warmStart (decay=exponential) 53% (563/1055) regret=0.099564 ape=0.5502
[17:52:45] warmStart (decay=exponential) 53% (564/1055) regret=0.099564 ape=0.5502
[17:52:45] warmStart (decay=exponential) 53% (565/1055) regret=0.099564 ape=0.5502
[17:52:46] warmStart (decay=exponential) 53% (566/1055) regret=0.099564 ape=0.5502
[17:52:46] warmStart (decay=exponential) 53% (567/1055) regret=0.099564 ape=0.5502
[17:52:46] warmStart (decay=exponential) 53% (568/1055) regret=0.099564 ape=0.5502
[17:52:46] warmStart (decay=exponential) 53% (569/1055) regret=0.099564 ape=0.5502
[17:52:47] warmStart (decay=exponential) 54% (570/1055) regret=0.099564 ape=0.5502
[17:52:47] warmStart (decay=exponential) 54% (571/1055) regret=0.099564 ape=0.5502
[17:52:47] warmStart (decay=exponential) 54% (572/1055) regret=0.099564 ape=0.5502
[17:52:47] warmStart (decay=exponential) 54% (573/1055) regret=0.099564 ape=0.5502
[17:52:48] warmStart (decay=exponential) 54% (574/1055) regret=0.099564 ape=0.5502
[17:52:48] warmStart (decay=exponential) 54% (575/1055) regret=0.099564 ape=0.5502
[17:52:48] warmStart (decay=exponential) 54% (576/1055) regret=0.099564 ape=0.5502
[17:52:48] warmStart (decay=exponential) 54% (577/1055) regret=0.099564 ape=0.5502
[17:52:49] warmStart (decay=exponential) 54% (578/1055) regret=0.099564 ape=0.5502
[17:52:49] warmStart (decay=exponential) 54% (579/1055) regret=0.099564 ape=0.5502
[17:52:49] warmStart (decay=exponential) 54% (580/1055) regret=0.099564 ape=0.5502
[17:52:49] warmStart (decay=exponential) 55% (581/1055) regret=0.099564 ape=0.5502
[17:52:50] warmStart (decay=exponential) 55% (582/1055) regret=0.099564 ape=0.5502
[17:52:50] warmStart (decay=exponential) 55% (583/1055) regret=0.099564 ape=0.5502
[17:52:50] warmStart (decay=exponential) 55% (584/1055) regret=0.099564 ape=0.5502
[17:52:50] warmStart (decay=exponential) 55% (585/1055) regret=0.099564 ape=0.5502
[17:52:51] warmStart (decay=exponential) 55% (586/1055) regret=0.099564 ape=0.5502
[17:52:51] warmStart (decay=exponential) 55% (587/1055) regret=0.099564 ape=0.5502
[17:52:51] warmStart (decay=exponential) 55% (588/1055) regret=0.099564 ape=0.5502
[17:52:52] warmStart (decay=exponential) 55% (589/1055) regret=0.099564 ape=0.5502
[17:52:52] warmStart (decay=exponential) 55% (590/1055) regret=0.099564 ape=0.5502
[17:52:52] warmStart (decay=exponential) 56% (591/1055) regret=0.099564 ape=0.5502
[17:52:52] warmStart (decay=exponential) 56% (592/1055) regret=0.099564 ape=0.5502
[17:52:53] warmStart (decay=exponential) 56% (593/1055) regret=0.099564 ape=0.5502
[17:52:53] warmStart (decay=exponential) 56% (594/1055) regret=0.099564 ape=0.5502
[17:52:53] warmStart (decay=exponential) 56% (595/1055) regret=0.099564 ape=0.5502
[17:52:53] warmStart (decay=exponential) 56% (596/1055) regret=0.099564 ape=0.5502
[17:52:54] warmStart (decay=exponential) 56% (597/1055) regret=0.099564 ape=0.5502
[17:52:54] warmStart (decay=exponential) 56% (598/1055) regret=0.099564 ape=0.5502
[17:52:54] warmStart (decay=exponential) 56% (599/1055) regret=0.099564 ape=0.5502
[17:52:54] warmStart (decay=exponential) 56% (600/1055) regret=0.099564 ape=0.5502
[17:52:55] warmStart (decay=exponential) 56% (601/1055) regret=0.099564 ape=0.5502
[17:52:55] warmStart (decay=exponential) 57% (602/1055) regret=0.099564 ape=0.5502
[17:52:55] warmStart (decay=exponential) 57% (603/1055) regret=0.099564 ape=0.5502
[17:52:55] warmStart (decay=exponential) 57% (604/1055) regret=0.099564 ape=0.5502
[17:52:56] warmStart (decay=exponential) 57% (605/1055) regret=0.099564 ape=0.5502
[17:52:56] warmStart (decay=exponential) 57% (606/1055) regret=0.099564 ape=0.5502
[17:52:56] warmStart (decay=exponential) 57% (607/1055) regret=0.099564 ape=0.5502
[17:52:56] warmStart (decay=exponential) 57% (608/1055) regret=0.099564 ape=0.5502
[17:52:57] warmStart (decay=exponential) 57% (609/1055) regret=0.099564 ape=0.5502
[17:52:57] warmStart (decay=exponential) 57% (610/1055) regret=0.099564 ape=0.5502
[17:52:57] warmStart (decay=exponential) 57% (611/1055) regret=0.099564 ape=0.5502
[17:52:57] warmStart (decay=exponential) 58% (612/1055) regret=0.099564 ape=0.5502
[17:52:58] warmStart (decay=exponential) 58% (613/1055) regret=0.099564 ape=0.5502
[17:52:58] warmStart (decay=exponential) 58% (614/1055) regret=0.099564 ape=0.5502
[17:52:58] warmStart (decay=exponential) 58% (615/1055) regret=0.099564 ape=0.5502
[17:52:58] warmStart (decay=exponential) 58% (616/1055) regret=0.099564 ape=0.5502
[17:52:59] warmStart (decay=exponential) 58% (617/1055) regret=0.099564 ape=0.5502
[17:52:59] warmStart (decay=exponential) 58% (618/1055) regret=0.099564 ape=0.5502
[17:52:59] warmStart (decay=exponential) 58% (619/1055) regret=0.099564 ape=0.5502
[17:52:59] warmStart (decay=exponential) 58% (620/1055) regret=0.099564 ape=0.5502
[17:53:00] warmStart (decay=exponential) 58% (621/1055) regret=0.099564 ape=0.5502
[17:53:00] warmStart (decay=exponential) 58% (622/1055) regret=0.099564 ape=0.5502
[17:53:00] warmStart (decay=exponential) 59% (623/1055) regret=0.099564 ape=0.5502
[17:53:00] warmStart (decay=exponential) 59% (624/1055) regret=0.099564 ape=0.5502
[17:53:01] warmStart (decay=exponential) 59% (625/1055) regret=0.099564 ape=0.5502
[17:53:01] warmStart (decay=exponential) 59% (626/1055) regret=0.099564 ape=0.5502
[17:53:01] warmStart (decay=exponential) 59% (627/1055) regret=0.099564 ape=0.5502
[17:53:01] warmStart (decay=exponential) 59% (628/1055) regret=0.099564 ape=0.5502
[17:53:02] warmStart (decay=exponential) 59% (629/1055) regret=0.099564 ape=0.5502
[17:53:02] warmStart (decay=exponential) 59% (630/1055) regret=0.099564 ape=0.5502
[17:53:02] warmStart (decay=exponential) 59% (631/1055) regret=0.099564 ape=0.5502
[17:53:03] warmStart (decay=exponential) 59% (632/1055) regret=0.099564 ape=0.5502
[17:53:03] warmStart (decay=exponential) 60% (633/1055) regret=0.099564 ape=0.5502
[17:53:03] warmStart (decay=exponential) 60% (634/1055) regret=0.099564 ape=0.5502
[17:53:03] warmStart (decay=exponential) 60% (635/1055) regret=0.099564 ape=0.5502
[17:53:04] warmStart (decay=exponential) 60% (636/1055) regret=0.099564 ape=0.5502
[17:53:04] warmStart (decay=exponential) 60% (637/1055) regret=0.099564 ape=0.5502
[17:53:04] warmStart (decay=exponential) 60% (638/1055) regret=0.099564 ape=0.5502
[17:53:04] warmStart (decay=exponential) 60% (639/1055) regret=0.099564 ape=0.5502
[17:53:05] warmStart (decay=exponential) 60% (640/1055) regret=0.099564 ape=0.5502
[17:53:05] warmStart (decay=exponential) 60% (641/1055) regret=0.099564 ape=0.5502
[17:53:05] warmStart (decay=exponential) 60% (642/1055) regret=0.099564 ape=0.5502
[17:53:05] warmStart (decay=exponential) 60% (643/1055) regret=0.099564 ape=0.5502
[17:53:06] warmStart (decay=exponential) 61% (644/1055) regret=0.099564 ape=0.5502
[17:53:06] warmStart (decay=exponential) 61% (645/1055) regret=0.099564 ape=0.5502
[17:53:06] warmStart (decay=exponential) 61% (646/1055) regret=0.099564 ape=0.5502
[17:53:06] warmStart (decay=exponential) 61% (647/1055) regret=0.099564 ape=0.5502
[17:53:07] warmStart (decay=exponential) 61% (648/1055) regret=0.099564 ape=0.5502
[17:53:07] warmStart (decay=exponential) 61% (649/1055) regret=0.099564 ape=0.5502
[17:53:07] warmStart (decay=exponential) 61% (650/1055) regret=0.099564 ape=0.5502
[17:53:07] warmStart (decay=exponential) 61% (651/1055) regret=0.099564 ape=0.5502
[17:53:08] warmStart (decay=exponential) 61% (652/1055) regret=0.099564 ape=0.5502
[17:53:08] warmStart (decay=exponential) 61% (653/1055) regret=0.099564 ape=0.5502
[17:53:08] warmStart (decay=exponential) 61% (654/1055) regret=0.099564 ape=0.5502
[17:53:08] warmStart (decay=exponential) 62% (655/1055) regret=0.099564 ape=0.5502
[17:53:09] warmStart (decay=exponential) 62% (656/1055) regret=0.099564 ape=0.5502
[17:53:09] warmStart (decay=exponential) 62% (657/1055) regret=0.099564 ape=0.5502
[17:53:09] warmStart (decay=exponential) 62% (658/1055) regret=0.099564 ape=0.5502
[17:53:09] warmStart (decay=exponential) 62% (659/1055) regret=0.099564 ape=0.5502
[17:53:10] warmStart (decay=exponential) 62% (660/1055) regret=0.099564 ape=0.5502
[17:53:10] warmStart (decay=exponential) 62% (661/1055) regret=0.099564 ape=0.5502
[17:53:10] warmStart (decay=exponential) 62% (662/1055) regret=0.099564 ape=0.5502
[17:53:11] warmStart (decay=exponential) 62% (663/1055) regret=0.099564 ape=0.5502
[17:53:11] warmStart (decay=exponential) 62% (664/1055) regret=0.099564 ape=0.5502
[17:53:11] warmStart (decay=exponential) 63% (665/1055) regret=0.099564 ape=0.5502
[17:53:11] warmStart (decay=exponential) 63% (666/1055) regret=0.099564 ape=0.5502
[17:53:12] warmStart (decay=exponential) 63% (667/1055) regret=0.099564 ape=0.5502
[17:53:12] warmStart (decay=exponential) 63% (668/1055) regret=0.099564 ape=0.5502
[17:53:12] warmStart (decay=exponential) 63% (669/1055) regret=0.099564 ape=0.5502
[17:53:12] warmStart (decay=exponential) 63% (670/1055) regret=0.099564 ape=0.5502
[17:53:13] warmStart (decay=exponential) 63% (671/1055) regret=0.099564 ape=0.5502
[17:53:13] warmStart (decay=exponential) 63% (672/1055) regret=0.099564 ape=0.5502
[17:53:13] warmStart (decay=exponential) 63% (673/1055) regret=0.099564 ape=0.5502
[17:53:13] warmStart (decay=exponential) 63% (674/1055) regret=0.099564 ape=0.5502
[17:53:14] warmStart (decay=exponential) 63% (675/1055) regret=0.099564 ape=0.5502
[17:53:14] warmStart (decay=exponential) 64% (676/1055) regret=0.099564 ape=0.5502
[17:53:14] warmStart (decay=exponential) 64% (677/1055) regret=0.099564 ape=0.5502
[17:53:14] warmStart (decay=exponential) 64% (678/1055) regret=0.099564 ape=0.5502
[17:53:15] warmStart (decay=exponential) 64% (679/1055) regret=0.099564 ape=0.5502
[17:53:15] warmStart (decay=exponential) 64% (680/1055) regret=0.099564 ape=0.5502
[17:53:15] warmStart (decay=exponential) 64% (681/1055) regret=0.099564 ape=0.5502
[17:53:15] warmStart (decay=exponential) 64% (682/1055) regret=0.099564 ape=0.5502
[17:53:16] warmStart (decay=exponential) 64% (683/1055) regret=0.099564 ape=0.5502
[17:53:16] warmStart (decay=exponential) 64% (684/1055) regret=0.099564 ape=0.5502
[17:53:16] warmStart (decay=exponential) 64% (685/1055) regret=0.099564 ape=0.5502
[17:53:16] warmStart (decay=exponential) 65% (686/1055) regret=0.099564 ape=0.5502
[17:53:17] warmStart (decay=exponential) 65% (687/1055) regret=0.099564 ape=0.5502
[17:53:17] warmStart (decay=exponential) 65% (688/1055) regret=0.099564 ape=0.5502
[17:53:17] warmStart (decay=exponential) 65% (689/1055) regret=0.099564 ape=0.5502
[17:53:18] warmStart (decay=exponential) 65% (690/1055) regret=0.099564 ape=0.5502
[17:53:18] warmStart (decay=exponential) 65% (691/1055) regret=0.099564 ape=0.5502
[17:53:18] warmStart (decay=exponential) 65% (692/1055) regret=0.099564 ape=0.5502
[17:53:18] warmStart (decay=exponential) 65% (693/1055) regret=0.099564 ape=0.5502
[17:53:19] warmStart (decay=exponential) 65% (694/1055) regret=0.099564 ape=0.5502
[17:53:19] warmStart (decay=exponential) 65% (695/1055) regret=0.099564 ape=0.5502
[17:53:19] warmStart (decay=exponential) 65% (696/1055) regret=0.099564 ape=0.5502
[17:53:19] warmStart (decay=exponential) 66% (697/1055) regret=0.099564 ape=0.5502
[17:53:20] warmStart (decay=exponential) 66% (698/1055) regret=0.099564 ape=0.5502
[17:53:20] warmStart (decay=exponential) 66% (699/1055) regret=0.099564 ape=0.5502
[17:53:20] warmStart (decay=exponential) 66% (700/1055) regret=0.099564 ape=0.5502
[17:53:20] warmStart (decay=exponential) 66% (701/1055) regret=0.099564 ape=0.5502
[17:53:21] warmStart (decay=exponential) 66% (702/1055) regret=0.099564 ape=0.5502
[17:53:21] warmStart (decay=exponential) 66% (703/1055) regret=0.099564 ape=0.5502
[17:53:21] warmStart (decay=exponential) 66% (704/1055) regret=0.099564 ape=0.5502
[17:53:21] warmStart (decay=exponential) 66% (705/1055) regret=0.099564 ape=0.5502
[17:53:22] warmStart (decay=exponential) 66% (706/1055) regret=0.099564 ape=0.5502
[17:53:22] warmStart (decay=exponential) 67% (707/1055) regret=0.099564 ape=0.5502
[17:53:22] warmStart (decay=exponential) 67% (708/1055) regret=0.099564 ape=0.5502
[17:53:22] warmStart (decay=exponential) 67% (709/1055) regret=0.099564 ape=0.5502
[17:53:23] warmStart (decay=exponential) 67% (710/1055) regret=0.099564 ape=0.5502
[17:53:23] warmStart (decay=exponential) 67% (711/1055) regret=0.099564 ape=0.5502
[17:53:23] warmStart (decay=exponential) 67% (712/1055) regret=0.099564 ape=0.5502
[17:53:24] warmStart (decay=exponential) 67% (713/1055) regret=0.099564 ape=0.5502
[17:53:24] warmStart (decay=exponential) 67% (714/1055) regret=0.099564 ape=0.5502
[17:53:24] warmStart (decay=exponential) 67% (715/1055) regret=0.099564 ape=0.5502
[17:53:24] warmStart (decay=exponential) 67% (716/1055) regret=0.099564 ape=0.5502
[17:53:25] warmStart (decay=exponential) 67% (717/1055) regret=0.099564 ape=0.5502
[17:53:25] warmStart (decay=exponential) 68% (718/1055) regret=0.099564 ape=0.5502
[17:53:25] warmStart (decay=exponential) 68% (719/1055) regret=0.099564 ape=0.5502
[17:53:25] warmStart (decay=exponential) 68% (720/1055) regret=0.099564 ape=0.5502
[17:53:26] warmStart (decay=exponential) 68% (721/1055) regret=0.099564 ape=0.5502
[17:53:26] warmStart (decay=exponential) 68% (722/1055) regret=0.099564 ape=0.5502
[17:53:26] warmStart (decay=exponential) 68% (723/1055) regret=0.099564 ape=0.5502
[17:53:26] warmStart (decay=exponential) 68% (724/1055) regret=0.099564 ape=0.5502
[17:53:27] warmStart (decay=exponential) 68% (725/1055) regret=0.099564 ape=0.5502
[17:53:27] warmStart (decay=exponential) 68% (726/1055) regret=0.099564 ape=0.5502
[17:53:27] warmStart (decay=exponential) 68% (727/1055) regret=0.099564 ape=0.5502
[17:53:27] warmStart (decay=exponential) 69% (728/1055) regret=0.099564 ape=0.5502
[17:53:28] warmStart (decay=exponential) 69% (729/1055) regret=0.099564 ape=0.5502
[17:53:28] warmStart (decay=exponential) 69% (730/1055) regret=0.099564 ape=0.5502
[17:53:28] warmStart (decay=exponential) 69% (731/1055) regret=0.099564 ape=0.5502
[17:53:29] warmStart (decay=exponential) 69% (732/1055) regret=0.099564 ape=0.5502
[17:53:29] warmStart (decay=exponential) 69% (733/1055) regret=0.099564 ape=0.5502
[17:53:29] warmStart (decay=exponential) 69% (734/1055) regret=0.099564 ape=0.5502
[17:53:29] warmStart (decay=exponential) 69% (735/1055) regret=0.099564 ape=0.5502
[17:53:30] warmStart (decay=exponential) 69% (736/1055) regret=0.099564 ape=0.5502
[17:53:30] warmStart (decay=exponential) 69% (737/1055) regret=0.099564 ape=0.5502
[17:53:30] warmStart (decay=exponential) 69% (738/1055) regret=0.099564 ape=0.5502
[17:53:30] warmStart (decay=exponential) 70% (739/1055) regret=0.099564 ape=0.5502
[17:53:31] warmStart (decay=exponential) 70% (740/1055) regret=0.099564 ape=0.5502
[17:53:31] warmStart (decay=exponential) 70% (741/1055) regret=0.099564 ape=0.5502
[17:53:31] warmStart (decay=exponential) 70% (742/1055) regret=0.099564 ape=0.5502
[17:53:31] warmStart (decay=exponential) 70% (743/1055) regret=0.099564 ape=0.5502
[17:53:32] warmStart (decay=exponential) 70% (744/1055) regret=0.099564 ape=0.5502
[17:53:32] warmStart (decay=exponential) 70% (745/1055) regret=0.099564 ape=0.5502
[17:53:32] warmStart (decay=exponential) 70% (746/1055) regret=0.099564 ape=0.5502
[17:53:32] warmStart (decay=exponential) 70% (747/1055) regret=0.099564 ape=0.5502
[17:53:33] warmStart (decay=exponential) 70% (748/1055) regret=0.099564 ape=0.5502
[17:53:33] warmStart (decay=exponential) 70% (749/1055) regret=0.099564 ape=0.5502
[17:53:33] warmStart (decay=exponential) 71% (750/1055) regret=0.099564 ape=0.5502
[17:53:33] warmStart (decay=exponential) 71% (751/1055) regret=0.099564 ape=0.5502
[17:53:34] warmStart (decay=exponential) 71% (752/1055) regret=0.099564 ape=0.5502
[17:53:34] warmStart (decay=exponential) 71% (753/1055) regret=0.099564 ape=0.5502
[17:53:34] warmStart (decay=exponential) 71% (754/1055) regret=0.099564 ape=0.5502
[17:53:35] warmStart (decay=exponential) 71% (755/1055) regret=0.099564 ape=0.5502
[17:53:35] warmStart (decay=exponential) 71% (756/1055) regret=0.099564 ape=0.5502
[17:53:35] warmStart (decay=exponential) 71% (757/1055) regret=0.099564 ape=0.5502
[17:53:35] warmStart (decay=exponential) 71% (758/1055) regret=0.099564 ape=0.5502
[17:53:36] warmStart (decay=exponential) 71% (759/1055) regret=0.099564 ape=0.5502
[17:53:36] warmStart (decay=exponential) 72% (760/1055) regret=0.099564 ape=0.5502
[17:53:36] warmStart (decay=exponential) 72% (761/1055) regret=0.099564 ape=0.5502
[17:53:36] warmStart (decay=exponential) 72% (762/1055) regret=0.099564 ape=0.5502
[17:53:37] warmStart (decay=exponential) 72% (763/1055) regret=0.099564 ape=0.5502
[17:53:37] warmStart (decay=exponential) 72% (764/1055) regret=0.099564 ape=0.5502
[17:53:37] warmStart (decay=exponential) 72% (765/1055) regret=0.099564 ape=0.5502
[17:53:37] warmStart (decay=exponential) 72% (766/1055) regret=0.099564 ape=0.5502
[17:53:38] warmStart (decay=exponential) 72% (767/1055) regret=0.099564 ape=0.5502
[17:53:38] warmStart (decay=exponential) 72% (768/1055) regret=0.099564 ape=0.5502
[17:53:38] warmStart (decay=exponential) 72% (769/1055) regret=0.099564 ape=0.5502
[17:53:39] warmStart (decay=exponential) 72% (770/1055) regret=0.099564 ape=0.5502
[17:53:39] warmStart (decay=exponential) 73% (771/1055) regret=0.099564 ape=0.5502
[17:53:39] warmStart (decay=exponential) 73% (772/1055) regret=0.099564 ape=0.5502
[17:53:39] warmStart (decay=exponential) 73% (773/1055) regret=0.099564 ape=0.5502
[17:53:40] warmStart (decay=exponential) 73% (774/1055) regret=0.099564 ape=0.5502
[17:53:40] warmStart (decay=exponential) 73% (775/1055) regret=0.099564 ape=0.5502
[17:53:40] warmStart (decay=exponential) 73% (776/1055) regret=0.099564 ape=0.5502
[17:53:40] warmStart (decay=exponential) 73% (777/1055) regret=0.099564 ape=0.5502
[17:53:41] warmStart (decay=exponential) 73% (778/1055) regret=0.099564 ape=0.5502
[17:53:41] warmStart (decay=exponential) 73% (779/1055) regret=0.099564 ape=0.5502
[17:53:41] warmStart (decay=exponential) 73% (780/1055) regret=0.099564 ape=0.5502
[17:53:41] warmStart (decay=exponential) 74% (781/1055) regret=0.099564 ape=0.5502
[17:53:42] warmStart (decay=exponential) 74% (782/1055) regret=0.099564 ape=0.5502
[17:53:42] warmStart (decay=exponential) 74% (783/1055) regret=0.099564 ape=0.5502
[17:53:42] warmStart (decay=exponential) 74% (784/1055) regret=0.099564 ape=0.5502
[17:53:42] warmStart (decay=exponential) 74% (785/1055) regret=0.099564 ape=0.5502
[17:53:43] warmStart (decay=exponential) 74% (786/1055) regret=0.099564 ape=0.5502
[17:53:43] warmStart (decay=exponential) 74% (787/1055) regret=0.099564 ape=0.5502
[17:53:43] warmStart (decay=exponential) 74% (788/1055) regret=0.099564 ape=0.5502
[17:53:43] warmStart (decay=exponential) 74% (789/1055) regret=0.099564 ape=0.5502
[17:53:43] warmStart (decay=exponential) 74% (790/1055) regret=0.099564 ape=0.5502
[17:53:44] warmStart (decay=exponential) 74% (791/1055) regret=0.099564 ape=0.5502
[17:53:44] warmStart (decay=exponential) 75% (792/1055) regret=0.099564 ape=0.5502
[17:53:44] warmStart (decay=exponential) 75% (793/1055) regret=0.099564 ape=0.5502
[17:53:44] warmStart (decay=exponential) 75% (794/1055) regret=0.099564 ape=0.5502
[17:53:45] warmStart (decay=exponential) 75% (795/1055) regret=0.099619 ape=0.5512
[17:53:45] warmStart (decay=exponential) 75% (796/1055) regret=0.099619 ape=0.5512
[17:53:45] warmStart (decay=exponential) 75% (797/1055) regret=0.099619 ape=0.5512
[17:53:45] warmStart (decay=exponential) 75% (798/1055) regret=0.099619 ape=0.5512
[17:53:46] warmStart (decay=exponential) 75% (799/1055) regret=0.099619 ape=0.5512
[17:53:46] warmStart (decay=exponential) 75% (800/1055) regret=0.099619 ape=0.5512
[17:53:46] warmStart (decay=exponential) 75% (801/1055) regret=0.099564 ape=0.5502
[17:53:46] warmStart (decay=exponential) 76% (802/1055) regret=0.099564 ape=0.5502
[17:53:47] warmStart (decay=exponential) 76% (803/1055) regret=0.099564 ape=0.5502
[17:53:47] warmStart (decay=exponential) 76% (804/1055) regret=0.099514 ape=0.5502
[17:53:47] warmStart (decay=exponential) 76% (805/1055) regret=0.099512 ape=0.5502
[17:53:47] warmStart (decay=exponential) 76% (806/1055) regret=0.099514 ape=0.5502
[17:53:48] warmStart (decay=exponential) 76% (807/1055) regret=0.099514 ape=0.5502
[17:53:48] warmStart (decay=exponential) 76% (808/1055) regret=0.099514 ape=0.5502
[17:53:48] warmStart (decay=exponential) 76% (809/1055) regret=0.099525 ape=0.5502
[17:53:48] warmStart (decay=exponential) 76% (810/1055) regret=0.099514 ape=0.5502
[17:53:49] warmStart (decay=exponential) 76% (811/1055) regret=0.099514 ape=0.5502
[17:53:49] warmStart (decay=exponential) 76% (812/1055) regret=0.099514 ape=0.5502
[17:53:49] warmStart (decay=exponential) 77% (813/1055) regret=0.099514 ape=0.5502
[17:53:49] warmStart (decay=exponential) 77% (814/1055) regret=0.099514 ape=0.5502
[17:53:50] warmStart (decay=exponential) 77% (815/1055) regret=0.099514 ape=0.5502
[17:53:50] warmStart (decay=exponential) 77% (816/1055) regret=0.099514 ape=0.5502
[17:53:50] warmStart (decay=exponential) 77% (817/1055) regret=0.099514 ape=0.5502
[17:53:50] warmStart (decay=exponential) 77% (818/1055) regret=0.099514 ape=0.5502
[17:53:50] warmStart (decay=exponential) 77% (819/1055) regret=0.099514 ape=0.5502
[17:53:51] warmStart (decay=exponential) 77% (820/1055) regret=0.099514 ape=0.5502
[17:53:51] warmStart (decay=exponential) 77% (821/1055) regret=0.099514 ape=0.5502
[17:53:51] warmStart (decay=exponential) 77% (822/1055) regret=0.099514 ape=0.5502
[17:53:51] warmStart (decay=exponential) 78% (823/1055) regret=0.099514 ape=0.5502
[17:53:52] warmStart (decay=exponential) 78% (824/1055) regret=0.099514 ape=0.5502
[17:53:52] warmStart (decay=exponential) 78% (825/1055) regret=0.099514 ape=0.5502
[17:53:52] warmStart (decay=exponential) 78% (826/1055) regret=0.099514 ape=0.5502
[17:53:52] warmStart (decay=exponential) 78% (827/1055) regret=0.099514 ape=0.5502
[17:53:53] warmStart (decay=exponential) 78% (828/1055) regret=0.099514 ape=0.5502
[17:53:53] warmStart (decay=exponential) 78% (829/1055) regret=0.099514 ape=0.5502
[17:53:53] warmStart (decay=exponential) 78% (830/1055) regret=0.099514 ape=0.5502
[17:53:53] warmStart (decay=exponential) 78% (831/1055) regret=0.099514 ape=0.5502
[17:53:54] warmStart (decay=exponential) 78% (832/1055) regret=0.099514 ape=0.5502
[17:53:54] warmStart (decay=exponential) 78% (833/1055) regret=0.099514 ape=0.5502
[17:53:54] warmStart (decay=exponential) 79% (834/1055) regret=0.099514 ape=0.5502
[17:53:54] warmStart (decay=exponential) 79% (835/1055) regret=0.099514 ape=0.5502
[17:53:55] warmStart (decay=exponential) 79% (836/1055) regret=0.099514 ape=0.5502
[17:53:55] warmStart (decay=exponential) 79% (837/1055) regret=0.099514 ape=0.5502
[17:53:55] warmStart (decay=exponential) 79% (838/1055) regret=0.099514 ape=0.5502
[17:53:55] warmStart (decay=exponential) 79% (839/1055) regret=0.099514 ape=0.5502
[17:53:56] warmStart (decay=exponential) 79% (840/1055) regret=0.099514 ape=0.5502
[17:53:56] warmStart (decay=exponential) 79% (841/1055) regret=0.099514 ape=0.5502
[17:53:56] warmStart (decay=exponential) 79% (842/1055) regret=0.099514 ape=0.5502
[17:53:56] warmStart (decay=exponential) 79% (843/1055) regret=0.099514 ape=0.5502
[17:53:57] warmStart (decay=exponential) 80% (844/1055) regret=0.099514 ape=0.5502
[17:53:57] warmStart (decay=exponential) 80% (845/1055) regret=0.099514 ape=0.5502
[17:53:57] warmStart (decay=exponential) 80% (846/1055) regret=0.099514 ape=0.5502
[17:53:57] warmStart (decay=exponential) 80% (847/1055) regret=0.099514 ape=0.5502
[17:53:58] warmStart (decay=exponential) 80% (848/1055) regret=0.099514 ape=0.5502
[17:53:58] warmStart (decay=exponential) 80% (849/1055) regret=0.099514 ape=0.5502
[17:53:58] warmStart (decay=exponential) 80% (850/1055) regret=0.099514 ape=0.5502
[17:53:58] warmStart (decay=exponential) 80% (851/1055) regret=0.099514 ape=0.5502
[17:53:58] warmStart (decay=exponential) 80% (852/1055) regret=0.099513 ape=0.5502
[17:53:59] warmStart (decay=exponential) 80% (853/1055) regret=0.099513 ape=0.5502
[17:53:59] warmStart (decay=exponential) 80% (854/1055) regret=0.099513 ape=0.5502
[17:53:59] warmStart (decay=exponential) 81% (855/1055) regret=0.099513 ape=0.5502
[17:53:59] warmStart (decay=exponential) 81% (856/1055) regret=0.099513 ape=0.5502
[17:54:00] warmStart (decay=exponential) 81% (857/1055) regret=0.099513 ape=0.5502
[17:54:00] warmStart (decay=exponential) 81% (858/1055) regret=0.099513 ape=0.5502
[17:54:00] warmStart (decay=exponential) 81% (859/1055) regret=0.099513 ape=0.5502
[17:54:00] warmStart (decay=exponential) 81% (860/1055) regret=0.099513 ape=0.5502
[17:54:01] warmStart (decay=exponential) 81% (861/1055) regret=0.099513 ape=0.5502
[17:54:01] warmStart (decay=exponential) 81% (862/1055) regret=0.099513 ape=0.5502
[17:54:01] warmStart (decay=exponential) 81% (863/1055) regret=0.099513 ape=0.5502
[17:54:01] warmStart (decay=exponential) 81% (864/1055) regret=0.099513 ape=0.5502
[17:54:02] warmStart (decay=exponential) 81% (865/1055) regret=0.099513 ape=0.5502
[17:54:02] warmStart (decay=exponential) 82% (866/1055) regret=0.099513 ape=0.5502
[17:54:02] warmStart (decay=exponential) 82% (867/1055) regret=0.099513 ape=0.5502
[17:54:02] warmStart (decay=exponential) 82% (868/1055) regret=0.099513 ape=0.5502
[17:54:03] warmStart (decay=exponential) 82% (869/1055) regret=0.099513 ape=0.5502
[17:54:03] warmStart (decay=exponential) 82% (870/1055) regret=0.099513 ape=0.5502
[17:54:03] warmStart (decay=exponential) 82% (871/1055) regret=0.099513 ape=0.5502
[17:54:03] warmStart (decay=exponential) 82% (872/1055) regret=0.099513 ape=0.5502
[17:54:04] warmStart (decay=exponential) 82% (873/1055) regret=0.099513 ape=0.5502
[17:54:04] warmStart (decay=exponential) 82% (874/1055) regret=0.099513 ape=0.5502
[17:54:04] warmStart (decay=exponential) 82% (875/1055) regret=0.099513 ape=0.5502
[17:54:04] warmStart (decay=exponential) 83% (876/1055) regret=0.099513 ape=0.5502
[17:54:05] warmStart (decay=exponential) 83% (877/1055) regret=0.099513 ape=0.5502
[17:54:05] warmStart (decay=exponential) 83% (878/1055) regret=0.099513 ape=0.5502
[17:54:05] warmStart (decay=exponential) 83% (879/1055) regret=0.099513 ape=0.5502
[17:54:05] warmStart (decay=exponential) 83% (880/1055) regret=0.099513 ape=0.5502
[17:54:06] warmStart (decay=exponential) 83% (881/1055) regret=0.099513 ape=0.5502
[17:54:06] warmStart (decay=exponential) 83% (882/1055) regret=0.099513 ape=0.5502
[17:54:06] warmStart (decay=exponential) 83% (883/1055) regret=0.099513 ape=0.5502
[17:54:06] warmStart (decay=exponential) 83% (884/1055) regret=0.099513 ape=0.5502
[17:54:07] warmStart (decay=exponential) 83% (885/1055) regret=0.099513 ape=0.5502
[17:54:07] warmStart (decay=exponential) 83% (886/1055) regret=0.099513 ape=0.5502
[17:54:07] warmStart (decay=exponential) 84% (887/1055) regret=0.099513 ape=0.5502
[17:54:07] warmStart (decay=exponential) 84% (888/1055) regret=0.099513 ape=0.5502
[17:54:07] warmStart (decay=exponential) 84% (889/1055) regret=0.099513 ape=0.5502
[17:54:08] warmStart (decay=exponential) 84% (890/1055) regret=0.099513 ape=0.5502
[17:54:08] warmStart (decay=exponential) 84% (891/1055) regret=0.099513 ape=0.5502
[17:54:08] warmStart (decay=exponential) 84% (892/1055) regret=0.099513 ape=0.5502
[17:54:08] warmStart (decay=exponential) 84% (893/1055) regret=0.099513 ape=0.5502
[17:54:09] warmStart (decay=exponential) 84% (894/1055) regret=0.099504 ape=0.5493
[17:54:09] warmStart (decay=exponential) 84% (895/1055) regret=0.099504 ape=0.5493
[17:54:09] warmStart (decay=exponential) 84% (896/1055) regret=0.099448 ape=0.5484
[17:54:09] warmStart (decay=exponential) 85% (897/1055) regret=0.099448 ape=0.5484
[17:54:10] warmStart (decay=exponential) 85% (898/1055) regret=0.099448 ape=0.5484
[17:54:10] warmStart (decay=exponential) 85% (899/1055) regret=0.099448 ape=0.5484
[17:54:10] warmStart (decay=exponential) 85% (900/1055) regret=0.099448 ape=0.5484
[17:54:10] warmStart (decay=exponential) 85% (901/1055) regret=0.099448 ape=0.5484
[17:54:11] warmStart (decay=exponential) 85% (902/1055) regret=0.099448 ape=0.5484
[17:54:11] warmStart (decay=exponential) 85% (903/1055) regret=0.099504 ape=0.5493
[17:54:11] warmStart (decay=exponential) 85% (904/1055) regret=0.099448 ape=0.5484
[17:54:12] warmStart (decay=exponential) 85% (905/1055) regret=0.099504 ape=0.5493
[17:54:12] warmStart (decay=exponential) 85% (906/1055) regret=0.099504 ape=0.5493
[17:54:12] warmStart (decay=exponential) 85% (907/1055) regret=0.099504 ape=0.5493
[17:54:12] warmStart (decay=exponential) 86% (908/1055) regret=0.099448 ape=0.5484
[17:54:13] warmStart (decay=exponential) 86% (909/1055) regret=0.099448 ape=0.5484
[17:54:13] warmStart (decay=exponential) 86% (910/1055) regret=0.099504 ape=0.5493
[17:54:13] warmStart (decay=exponential) 86% (911/1055) regret=0.099504 ape=0.5493
[17:54:13] warmStart (decay=exponential) 86% (912/1055) regret=0.099504 ape=0.5493
[17:54:14] warmStart (decay=exponential) 86% (913/1055) regret=0.099448 ape=0.5484
[17:54:14] warmStart (decay=exponential) 86% (914/1055) regret=0.099448 ape=0.5484
[17:54:14] warmStart (decay=exponential) 86% (915/1055) regret=0.099448 ape=0.5484
[17:54:14] warmStart (decay=exponential) 86% (916/1055) regret=0.099448 ape=0.5484
[17:54:15] warmStart (decay=exponential) 86% (917/1055) regret=0.099448 ape=0.5484
[17:54:15] warmStart (decay=exponential) 87% (918/1055) regret=0.099448 ape=0.5484
[17:54:15] warmStart (decay=exponential) 87% (919/1055) regret=0.099448 ape=0.5484
[17:54:15] warmStart (decay=exponential) 87% (920/1055) regret=0.099448 ape=0.5484
[17:54:16] warmStart (decay=exponential) 87% (921/1055) regret=0.099370 ape=0.5475
[17:54:16] warmStart (decay=exponential) 87% (922/1055) regret=0.099448 ape=0.5484
[17:54:16] warmStart (decay=exponential) 87% (923/1055) regret=0.099448 ape=0.5484
[17:54:17] warmStart (decay=exponential) 87% (924/1055) regret=0.099448 ape=0.5484
[17:54:17] warmStart (decay=exponential) 87% (925/1055) regret=0.099370 ape=0.5475
[17:54:17] warmStart (decay=exponential) 87% (926/1055) regret=0.099370 ape=0.5475
[17:54:17] warmStart (decay=exponential) 87% (927/1055) regret=0.099370 ape=0.5475
[17:54:18] warmStart (decay=exponential) 87% (928/1055) regret=0.099370 ape=0.5475
[17:54:18] warmStart (decay=exponential) 88% (929/1055) regret=0.099370 ape=0.5475
[17:54:18] warmStart (decay=exponential) 88% (930/1055) regret=0.099370 ape=0.5475
[17:54:18] warmStart (decay=exponential) 88% (931/1055) regret=0.099370 ape=0.5475
[17:54:19] warmStart (decay=exponential) 88% (932/1055) regret=0.099370 ape=0.5475
[17:54:19] warmStart (decay=exponential) 88% (933/1055) regret=0.099370 ape=0.5475
[17:54:19] warmStart (decay=exponential) 88% (934/1055) regret=0.099370 ape=0.5475
[17:54:19] warmStart (decay=exponential) 88% (935/1055) regret=0.099370 ape=0.5475
[17:54:20] warmStart (decay=exponential) 88% (936/1055) regret=0.099370 ape=0.5475
[17:54:20] warmStart (decay=exponential) 88% (937/1055) regret=0.099370 ape=0.5475
[17:54:20] warmStart (decay=exponential) 88% (938/1055) regret=0.099370 ape=0.5475
[17:54:20] warmStart (decay=exponential) 89% (939/1055) regret=0.099370 ape=0.5475
[17:54:21] warmStart (decay=exponential) 89% (940/1055) regret=0.099370 ape=0.5475
[17:54:21] warmStart (decay=exponential) 89% (941/1055) regret=0.099370 ape=0.5475
[17:54:21] warmStart (decay=exponential) 89% (942/1055) regret=0.099370 ape=0.5475
[17:54:21] warmStart (decay=exponential) 89% (943/1055) regret=0.099370 ape=0.5475
[17:54:22] warmStart (decay=exponential) 89% (944/1055) regret=0.099370 ape=0.5475
[17:54:22] warmStart (decay=exponential) 89% (945/1055) regret=0.099370 ape=0.5475
[17:54:22] warmStart (decay=exponential) 89% (946/1055) regret=0.099370 ape=0.5475
[17:54:23] warmStart (decay=exponential) 89% (947/1055) regret=0.099370 ape=0.5475
[17:54:23] warmStart (decay=exponential) 89% (948/1055) regret=0.099370 ape=0.5475
[17:54:23] warmStart (decay=exponential) 89% (949/1055) regret=0.099437 ape=0.5475
[17:54:23] warmStart (decay=exponential) 90% (950/1055) regret=0.099428 ape=0.5475
[17:54:24] warmStart (decay=exponential) 90% (951/1055) regret=0.099428 ape=0.5475
[17:54:24] warmStart (decay=exponential) 90% (952/1055) regret=0.099402 ape=0.5475
[17:54:24] warmStart (decay=exponential) 90% (953/1055) regret=0.099428 ape=0.5475
[17:54:24] warmStart (decay=exponential) 90% (954/1055) regret=0.099365 ape=0.5475
[17:54:25] warmStart (decay=exponential) 90% (955/1055) regret=0.099365 ape=0.5475
[17:54:25] warmStart (decay=exponential) 90% (956/1055) regret=0.099365 ape=0.5475
[17:54:25] warmStart (decay=exponential) 90% (957/1055) regret=0.099469 ape=0.5475
[17:54:25] warmStart (decay=exponential) 90% (958/1055) regret=0.099365 ape=0.5475
[17:54:26] warmStart (decay=exponential) 90% (959/1055) regret=0.099365 ape=0.5475
[17:54:26] warmStart (decay=exponential) 90% (960/1055) regret=0.099365 ape=0.5475
[17:54:26] warmStart (decay=exponential) 91% (961/1055) regret=0.099365 ape=0.5475
[17:54:26] warmStart (decay=exponential) 91% (962/1055) regret=0.099365 ape=0.5475
[17:54:27] warmStart (decay=exponential) 91% (963/1055) regret=0.099365 ape=0.5475
[17:54:27] warmStart (decay=exponential) 91% (964/1055) regret=0.099365 ape=0.5475
[17:54:27] warmStart (decay=exponential) 91% (965/1055) regret=0.099365 ape=0.5475
[17:54:27] warmStart (decay=exponential) 91% (966/1055) regret=0.099365 ape=0.5475
[17:54:28] warmStart (decay=exponential) 91% (967/1055) regret=0.099365 ape=0.5475
[17:54:28] warmStart (decay=exponential) 91% (968/1055) regret=0.099365 ape=0.5475
[17:54:28] warmStart (decay=exponential) 91% (969/1055) regret=0.099365 ape=0.5475
[17:54:29] warmStart (decay=exponential) 91% (970/1055) regret=0.099365 ape=0.5475
[17:54:29] warmStart (decay=exponential) 92% (971/1055) regret=0.099365 ape=0.5475
[17:54:29] warmStart (decay=exponential) 92% (972/1055) regret=0.099365 ape=0.5475
[17:54:29] warmStart (decay=exponential) 92% (973/1055) regret=0.099365 ape=0.5475
[17:54:30] warmStart (decay=exponential) 92% (974/1055) regret=0.099365 ape=0.5475
[17:54:30] warmStart (decay=exponential) 92% (975/1055) regret=0.099365 ape=0.5475
[17:54:30] warmStart (decay=exponential) 92% (976/1055) regret=0.099365 ape=0.5475
[17:54:30] warmStart (decay=exponential) 92% (977/1055) regret=0.099365 ape=0.5475
[17:54:31] warmStart (decay=exponential) 92% (978/1055) regret=0.099402 ape=0.5475
[17:54:31] warmStart (decay=exponential) 92% (979/1055) regret=0.099326 ape=0.5465
[17:54:31] warmStart (decay=exponential) 92% (980/1055) regret=0.099365 ape=0.5475
[17:54:31] warmStart (decay=exponential) 92% (981/1055) regret=0.099365 ape=0.5475
[17:54:32] warmStart (decay=exponential) 93% (982/1055) regret=0.099365 ape=0.5475
[17:54:32] warmStart (decay=exponential) 93% (983/1055) regret=0.099365 ape=0.5475
[17:54:32] warmStart (decay=exponential) 93% (984/1055) regret=0.099365 ape=0.5475
[17:54:32] warmStart (decay=exponential) 93% (985/1055) regret=0.099365 ape=0.5475
[17:54:33] warmStart (decay=exponential) 93% (986/1055) regret=0.099365 ape=0.5475
[17:54:33] warmStart (decay=exponential) 93% (987/1055) regret=0.099365 ape=0.5475
[17:54:33] warmStart (decay=exponential) 93% (988/1055) regret=0.099402 ape=0.5475
[17:54:33] warmStart (decay=exponential) 93% (989/1055) regret=0.099365 ape=0.5475
[17:54:34] warmStart (decay=exponential) 93% (990/1055) regret=0.099326 ape=0.5465
[17:54:34] warmStart (decay=exponential) 93% (991/1055) regret=0.099326 ape=0.5465
[17:54:34] warmStart (decay=exponential) 94% (992/1055) regret=0.099326 ape=0.5465
[17:54:35] warmStart (decay=exponential) 94% (993/1055) regret=0.099326 ape=0.5465
[17:54:35] warmStart (decay=exponential) 94% (994/1055) regret=0.099326 ape=0.5465
[17:54:35] warmStart (decay=exponential) 94% (995/1055) regret=0.099326 ape=0.5465
[17:54:35] warmStart (decay=exponential) 94% (996/1055) regret=0.099326 ape=0.5465
[17:54:36] warmStart (decay=exponential) 94% (997/1055) regret=0.099326 ape=0.5465
[17:54:36] warmStart (decay=exponential) 94% (998/1055) regret=0.099326 ape=0.5465
[17:54:36] warmStart (decay=exponential) 94% (999/1055) regret=0.099326 ape=0.5465
[17:54:36] warmStart (decay=exponential) 94% (1000/1055) regret=0.099326 ape=0.5465
[17:54:37] warmStart (decay=exponential) 94% (1001/1055) regret=0.099326 ape=0.5465
[17:54:37] warmStart (decay=exponential) 94% (1002/1055) regret=0.099370 ape=0.5475
[17:54:37] warmStart (decay=exponential) 95% (1003/1055) regret=0.099370 ape=0.5475
[17:54:37] warmStart (decay=exponential) 95% (1004/1055) regret=0.099326 ape=0.5465
[17:54:38] warmStart (decay=exponential) 95% (1005/1055) regret=0.099326 ape=0.5465
[17:54:38] warmStart (decay=exponential) 95% (1006/1055) regret=0.099326 ape=0.5465
[17:54:38] warmStart (decay=exponential) 95% (1007/1055) regret=0.099326 ape=0.5465
[17:54:38] warmStart (decay=exponential) 95% (1008/1055) regret=0.099322 ape=0.5465
[17:54:39] warmStart (decay=exponential) 95% (1009/1055) regret=0.099331 ape=0.5465
[17:54:39] warmStart (decay=exponential) 95% (1010/1055) regret=0.099323 ape=0.5465
[17:54:39] warmStart (decay=exponential) 95% (1011/1055) regret=0.099322 ape=0.5465
[17:54:39] warmStart (decay=exponential) 95% (1012/1055) regret=0.099322 ape=0.5465
[17:54:40] warmStart (decay=exponential) 96% (1013/1055) regret=0.099322 ape=0.5465
[17:54:40] warmStart (decay=exponential) 96% (1014/1055) regret=0.099322 ape=0.5465
[17:54:40] warmStart (decay=exponential) 96% (1015/1055) regret=0.099322 ape=0.5465
[17:54:40] warmStart (decay=exponential) 96% (1016/1055) regret=0.099322 ape=0.5465
[17:54:41] warmStart (decay=exponential) 96% (1017/1055) regret=0.099322 ape=0.5465
[17:54:41] warmStart (decay=exponential) 96% (1018/1055) regret=0.099327 ape=0.5465
[17:54:41] warmStart (decay=exponential) 96% (1019/1055) regret=0.099327 ape=0.5465
[17:54:41] warmStart (decay=exponential) 96% (1020/1055) regret=0.099322 ape=0.5465
[17:54:41] warmStart (decay=exponential) 96% (1021/1055) regret=0.099310 ape=0.5456
[17:54:42] warmStart (decay=exponential) 96% (1022/1055) regret=0.099310 ape=0.5456
[17:54:42] warmStart (decay=exponential) 96% (1023/1055) regret=0.099310 ape=0.5456
[17:54:42] warmStart (decay=exponential) 97% (1024/1055) regret=0.099310 ape=0.5456
[17:54:42] warmStart (decay=exponential) 97% (1025/1055) regret=0.099310 ape=0.5456
[17:54:43] warmStart (decay=exponential) 97% (1026/1055) regret=0.099310 ape=0.5456
[17:54:43] warmStart (decay=exponential) 97% (1027/1055) regret=0.099310 ape=0.5456
[17:54:43] warmStart (decay=exponential) 97% (1028/1055) regret=0.099310 ape=0.5456
[17:54:43] warmStart (decay=exponential) 97% (1029/1055) regret=0.099310 ape=0.5456
[17:54:44] warmStart (decay=exponential) 97% (1030/1055) regret=0.099310 ape=0.5456
[17:54:44] warmStart (decay=exponential) 97% (1031/1055) regret=0.099310 ape=0.5456
[17:54:44] warmStart (decay=exponential) 97% (1032/1055) regret=0.099310 ape=0.5456
[17:54:44] warmStart (decay=exponential) 97% (1033/1055) regret=0.099310 ape=0.5456
[17:54:45] warmStart (decay=exponential) 98% (1034/1055) regret=0.099310 ape=0.5456
[17:54:45] warmStart (decay=exponential) 98% (1035/1055) regret=0.099310 ape=0.5456
[17:54:45] warmStart (decay=exponential) 98% (1036/1055) regret=0.099310 ape=0.5456
[17:54:45] warmStart (decay=exponential) 98% (1037/1055) regret=0.099310 ape=0.5456
[17:54:45] warmStart (decay=exponential) 98% (1038/1055) regret=0.099310 ape=0.5456
[17:54:46] warmStart (decay=exponential) 98% (1039/1055) regret=0.099310 ape=0.5456
[17:54:46] warmStart (decay=exponential) 98% (1040/1055) regret=0.099310 ape=0.5456
[17:54:46] warmStart (decay=exponential) 98% (1041/1055) regret=0.099310 ape=0.5456
[17:54:46] warmStart (decay=exponential) 98% (1042/1055) regret=0.099310 ape=0.5456
[17:54:47] warmStart (decay=exponential) 98% (1043/1055) regret=0.099310 ape=0.5456
[17:54:47] warmStart (decay=exponential) 98% (1044/1055) regret=0.099310 ape=0.5456
[17:54:47] warmStart (decay=exponential) 99% (1045/1055) regret=0.099310 ape=0.5456
[17:54:47] warmStart (decay=exponential) 99% (1046/1055) regret=0.099310 ape=0.5456
[17:54:48] warmStart (decay=exponential) 99% (1047/1055) regret=0.099310 ape=0.5456
[17:54:48] warmStart (decay=exponential) 99% (1048/1055) regret=0.099310 ape=0.5456
[17:54:48] warmStart (decay=exponential) 99% (1049/1055) regret=0.099310 ape=0.5456
[17:54:48] warmStart (decay=exponential) 99% (1050/1055) regret=0.099310 ape=0.5456
[17:54:49] warmStart (decay=exponential) 99% (1051/1055) regret=0.099310 ape=0.5456
[17:54:49] warmStart (decay=exponential) 99% (1052/1055) regret=0.099310 ape=0.5456
[17:54:49] warmStart (decay=exponential) 99% (1053/1055) regret=0.099310 ape=0.5456
[17:54:49] warmStart (decay=exponential) 99% (1054/1055) regret=0.099310 ape=0.5456
Warm w=200 finished: 1054 points, 268.16s wall time
  Final: regret=0.099310, ape=0.5456

Saved: /home/users/g/s/gsavary/LudiiMCTSVariations/slurm_sweep_full_dataset/output_decay/warm_200_decay_exponential_0_05/seed_2/sweep_decay_warm_200_exponential_0.05_2_20260426_175449.json

Generating plots...
Saved: /home/users/g/s/gsavary/LudiiMCTSVariations/slurm_sweep_full_dataset/output_decay/warm_200_decay_exponential_0_05/seed_2/sweep_decay_warm_200_exponential_0.05_2_20260426_175449_regret.png
Saved: /home/users/g/s/gsavary/LudiiMCTSVariations/slurm_sweep_full_dataset/output_decay/warm_200_decay_exponential_0_05/seed_2/sweep_decay_warm_200_exponential_0.05_2_20260426_175449_ape.png

================================================================================
Experiment complete!
================================================================================
Done. Results in: /home/users/g/s/gsavary/LudiiMCTSVariations/slurm_sweep_full_dataset/output_decay/warm_200_decay_exponential_0_05/seed_2
