============================================================
Decay sweep experiment
Method:      warm:50
Decay mode:  exponential
Decay param: 0.90
Seed:        3
Output:      /home/users/g/s/gsavary/LudiiMCTSVariations/slurm_sweep_full_dataset/output_decay/warm_50_decay_exponential_0_90/seed_3
============================================================

================================================================================
SLURM Sweep Experiment with Synthetic Data Decay
================================================================================
Method: warm:50
Decay: exponential (param=0.9)
Time limit: 3600.0s, Seed: 3, Batch size: 20
Output directory: /home/users/g/s/gsavary/LudiiMCTSVariations/slurm_sweep_full_dataset/output_decay/warm_50_decay_exponential_0_90/seed_3

Loading Ludii dataset...
Loaded 1085 games
Using 1085 games (full dataset)

Running timing probe (100 pulls)...
  Estimated secs/pull: 0.022148

Time budget: 3600.0s → ~162543 total pulls
Per-method budget: 23220 pulls (~514.3s)

Computing predictor-only performance...
  Predictions loaded: 23675 agent predictions
  Predictor-only: regret=0.104318, ape=0.4894

Running WARM-START (w=50, decay=exponential param=0.9)...
[17:47:21] warmStart (decay=exponential) 0% (1/1161) regret=0.107168 ape=0.5972
[17:47:21] warmStart (decay=exponential) 0% (2/1161) regret=0.107168 ape=0.5972
[17:47:21] warmStart (decay=exponential) 0% (3/1161) regret=0.107168 ape=0.5972
[17:47:21] warmStart (decay=exponential) 0% (4/1161) regret=0.107168 ape=0.5972
[17:47:22] warmStart (decay=exponential) 0% (5/1161) regret=0.107168 ape=0.5972
[17:47:22] warmStart (decay=exponential) 0% (6/1161) regret=0.107168 ape=0.5972
[17:47:22] warmStart (decay=exponential) 0% (7/1161) regret=0.107168 ape=0.5972
[17:47:22] warmStart (decay=exponential) 0% (8/1161) regret=0.107168 ape=0.5972
[17:47:22] warmStart (decay=exponential) 0% (9/1161) regret=0.107168 ape=0.5972
[17:47:22] warmStart (decay=exponential) 0% (10/1161) regret=0.107168 ape=0.5972
[17:47:23] warmStart (decay=exponential) 0% (11/1161) regret=0.107168 ape=0.5972
[17:47:23] warmStart (decay=exponential) 1% (12/1161) regret=0.107168 ape=0.5972
[17:47:23] warmStart (decay=exponential) 1% (13/1161) regret=0.107168 ape=0.5972
[17:47:23] warmStart (decay=exponential) 1% (14/1161) regret=0.107168 ape=0.5972
[17:47:23] warmStart (decay=exponential) 1% (15/1161) regret=0.107168 ape=0.5972
[17:47:23] warmStart (decay=exponential) 1% (16/1161) regret=0.107168 ape=0.5972
[17:47:24] warmStart (decay=exponential) 1% (17/1161) regret=0.107168 ape=0.5972
[17:47:24] warmStart (decay=exponential) 1% (18/1161) regret=0.107168 ape=0.5972
[17:47:24] warmStart (decay=exponential) 1% (19/1161) regret=0.107168 ape=0.5972
[17:47:24] warmStart (decay=exponential) 1% (20/1161) regret=0.107168 ape=0.5972
[17:47:24] warmStart (decay=exponential) 1% (21/1161) regret=0.107431 ape=0.5972
[17:47:24] warmStart (decay=exponential) 1% (22/1161) regret=0.107431 ape=0.5972
[17:47:25] warmStart (decay=exponential) 1% (23/1161) regret=0.107431 ape=0.5972
[17:47:25] warmStart (decay=exponential) 2% (24/1161) regret=0.107334 ape=0.5972
[17:47:25] warmStart (decay=exponential) 2% (25/1161) regret=0.107168 ape=0.5972
[17:47:25] warmStart (decay=exponential) 2% (26/1161) regret=0.107168 ape=0.5972
[17:47:25] warmStart (decay=exponential) 2% (27/1161) regret=0.107168 ape=0.5972
[17:47:26] warmStart (decay=exponential) 2% (28/1161) regret=0.107168 ape=0.5972
[17:47:26] warmStart (decay=exponential) 2% (29/1161) regret=0.107168 ape=0.5972
[17:47:26] warmStart (decay=exponential) 2% (30/1161) regret=0.107168 ape=0.5972
[17:47:26] warmStart (decay=exponential) 2% (31/1161) regret=0.107168 ape=0.5972
[17:47:26] warmStart (decay=exponential) 2% (32/1161) regret=0.107168 ape=0.5972
[17:47:27] warmStart (decay=exponential) 2% (33/1161) regret=0.107168 ape=0.5972
[17:47:27] warmStart (decay=exponential) 2% (34/1161) regret=0.107246 ape=0.5972
[17:47:27] warmStart (decay=exponential) 3% (35/1161) regret=0.107168 ape=0.5972
[17:47:27] warmStart (decay=exponential) 3% (36/1161) regret=0.107246 ape=0.5972
[17:47:27] warmStart (decay=exponential) 3% (37/1161) regret=0.107246 ape=0.5972
[17:47:28] warmStart (decay=exponential) 3% (38/1161) regret=0.107246 ape=0.5972
[17:47:28] warmStart (decay=exponential) 3% (39/1161) regret=0.107246 ape=0.5972
[17:47:28] warmStart (decay=exponential) 3% (40/1161) regret=0.107246 ape=0.5972
[17:47:28] warmStart (decay=exponential) 3% (41/1161) regret=0.107214 ape=0.5963
[17:47:28] warmStart (decay=exponential) 3% (42/1161) regret=0.107246 ape=0.5972
[17:47:29] warmStart (decay=exponential) 3% (43/1161) regret=0.107214 ape=0.5963
[17:47:29] warmStart (decay=exponential) 3% (44/1161) regret=0.107214 ape=0.5963
[17:47:29] warmStart (decay=exponential) 3% (45/1161) regret=0.107214 ape=0.5963
[17:47:29] warmStart (decay=exponential) 3% (46/1161) regret=0.107214 ape=0.5963
[17:47:29] warmStart (decay=exponential) 4% (47/1161) regret=0.107214 ape=0.5963
[17:47:29] warmStart (decay=exponential) 4% (48/1161) regret=0.107214 ape=0.5963
[17:47:30] warmStart (decay=exponential) 4% (49/1161) regret=0.107214 ape=0.5963
[17:47:30] warmStart (decay=exponential) 4% (50/1161) regret=0.107214 ape=0.5963
[17:47:30] warmStart (decay=exponential) 4% (51/1161) regret=0.107214 ape=0.5963
[17:47:30] warmStart (decay=exponential) 4% (52/1161) regret=0.107214 ape=0.5963
[17:47:30] warmStart (decay=exponential) 4% (53/1161) regret=0.107214 ape=0.5963
[17:47:31] warmStart (decay=exponential) 4% (54/1161) regret=0.107214 ape=0.5963
[17:47:31] warmStart (decay=exponential) 4% (55/1161) regret=0.107214 ape=0.5963
[17:47:31] warmStart (decay=exponential) 4% (56/1161) regret=0.107214 ape=0.5963
[17:47:31] warmStart (decay=exponential) 4% (57/1161) regret=0.107214 ape=0.5963
[17:47:31] warmStart (decay=exponential) 4% (58/1161) regret=0.107214 ape=0.5963
[17:47:31] warmStart (decay=exponential) 5% (59/1161) regret=0.107214 ape=0.5963
[17:47:32] warmStart (decay=exponential) 5% (60/1161) regret=0.107214 ape=0.5963
[17:47:32] warmStart (decay=exponential) 5% (61/1161) regret=0.107214 ape=0.5963
[17:47:32] warmStart (decay=exponential) 5% (62/1161) regret=0.107214 ape=0.5963
[17:47:32] warmStart (decay=exponential) 5% (63/1161) regret=0.107214 ape=0.5963
[17:47:32] warmStart (decay=exponential) 5% (64/1161) regret=0.107214 ape=0.5963
[17:47:32] warmStart (decay=exponential) 5% (65/1161) regret=0.107214 ape=0.5963
[17:47:33] warmStart (decay=exponential) 5% (66/1161) regret=0.107214 ape=0.5963
[17:47:33] warmStart (decay=exponential) 5% (67/1161) regret=0.107214 ape=0.5963
[17:47:33] warmStart (decay=exponential) 5% (68/1161) regret=0.107214 ape=0.5963
[17:47:33] warmStart (decay=exponential) 5% (69/1161) regret=0.107214 ape=0.5963
[17:47:33] warmStart (decay=exponential) 6% (70/1161) regret=0.107214 ape=0.5963
[17:47:33] warmStart (decay=exponential) 6% (71/1161) regret=0.107214 ape=0.5963
[17:47:34] warmStart (decay=exponential) 6% (72/1161) regret=0.107214 ape=0.5963
[17:47:34] warmStart (decay=exponential) 6% (73/1161) regret=0.107214 ape=0.5963
[17:47:34] warmStart (decay=exponential) 6% (74/1161) regret=0.107214 ape=0.5963
[17:47:34] warmStart (decay=exponential) 6% (75/1161) regret=0.107214 ape=0.5963
[17:47:34] warmStart (decay=exponential) 6% (76/1161) regret=0.107214 ape=0.5963
[17:47:35] warmStart (decay=exponential) 6% (77/1161) regret=0.107214 ape=0.5963
[17:47:35] warmStart (decay=exponential) 6% (78/1161) regret=0.107214 ape=0.5963
[17:47:35] warmStart (decay=exponential) 6% (79/1161) regret=0.107214 ape=0.5963
[17:47:35] warmStart (decay=exponential) 6% (80/1161) regret=0.107214 ape=0.5963
[17:47:35] warmStart (decay=exponential) 6% (81/1161) regret=0.107214 ape=0.5963
[17:47:35] warmStart (decay=exponential) 7% (82/1161) regret=0.107214 ape=0.5963
[17:47:36] warmStart (decay=exponential) 7% (83/1161) regret=0.107214 ape=0.5963
[17:47:36] warmStart (decay=exponential) 7% (84/1161) regret=0.107214 ape=0.5963
[17:47:36] warmStart (decay=exponential) 7% (85/1161) regret=0.107214 ape=0.5963
[17:47:36] warmStart (decay=exponential) 7% (86/1161) regret=0.107214 ape=0.5963
[17:47:36] warmStart (decay=exponential) 7% (87/1161) regret=0.107214 ape=0.5963
[17:47:37] warmStart (decay=exponential) 7% (88/1161) regret=0.107214 ape=0.5963
[17:47:37] warmStart (decay=exponential) 7% (89/1161) regret=0.107214 ape=0.5963
[17:47:37] warmStart (decay=exponential) 7% (90/1161) regret=0.107214 ape=0.5963
[17:47:37] warmStart (decay=exponential) 7% (91/1161) regret=0.107214 ape=0.5963
[17:47:37] warmStart (decay=exponential) 7% (92/1161) regret=0.107214 ape=0.5963
[17:47:37] warmStart (decay=exponential) 8% (93/1161) regret=0.107214 ape=0.5963
[17:47:38] warmStart (decay=exponential) 8% (94/1161) regret=0.107214 ape=0.5963
[17:47:38] warmStart (decay=exponential) 8% (95/1161) regret=0.107214 ape=0.5963
[17:47:38] warmStart (decay=exponential) 8% (96/1161) regret=0.107214 ape=0.5963
[17:47:38] warmStart (decay=exponential) 8% (97/1161) regret=0.107214 ape=0.5963
[17:47:38] warmStart (decay=exponential) 8% (98/1161) regret=0.107214 ape=0.5963
[17:47:39] warmStart (decay=exponential) 8% (99/1161) regret=0.107214 ape=0.5963
[17:47:39] warmStart (decay=exponential) 8% (100/1161) regret=0.107214 ape=0.5963
[17:47:39] warmStart (decay=exponential) 8% (101/1161) regret=0.107214 ape=0.5963
[17:47:39] warmStart (decay=exponential) 8% (102/1161) regret=0.107122 ape=0.5954
[17:47:39] warmStart (decay=exponential) 8% (103/1161) regret=0.107122 ape=0.5954
[17:47:39] warmStart (decay=exponential) 8% (104/1161) regret=0.107122 ape=0.5954
[17:47:40] warmStart (decay=exponential) 9% (105/1161) regret=0.107122 ape=0.5954
[17:47:40] warmStart (decay=exponential) 9% (106/1161) regret=0.107122 ape=0.5954
[17:47:40] warmStart (decay=exponential) 9% (107/1161) regret=0.107122 ape=0.5954
[17:47:40] warmStart (decay=exponential) 9% (108/1161) regret=0.107122 ape=0.5954
[17:47:40] warmStart (decay=exponential) 9% (109/1161) regret=0.107122 ape=0.5954
[17:47:40] warmStart (decay=exponential) 9% (110/1161) regret=0.107122 ape=0.5954
[17:47:41] warmStart (decay=exponential) 9% (111/1161) regret=0.107122 ape=0.5954
[17:47:41] warmStart (decay=exponential) 9% (112/1161) regret=0.107122 ape=0.5954
[17:47:41] warmStart (decay=exponential) 9% (113/1161) regret=0.107122 ape=0.5954
[17:47:41] warmStart (decay=exponential) 9% (114/1161) regret=0.107122 ape=0.5954
[17:47:41] warmStart (decay=exponential) 9% (115/1161) regret=0.107122 ape=0.5954
[17:47:41] warmStart (decay=exponential) 9% (116/1161) regret=0.107122 ape=0.5954
[17:47:42] warmStart (decay=exponential) 10% (117/1161) regret=0.107122 ape=0.5954
[17:47:42] warmStart (decay=exponential) 10% (118/1161) regret=0.107122 ape=0.5954
[17:47:42] warmStart (decay=exponential) 10% (119/1161) regret=0.107122 ape=0.5954
[17:47:42] warmStart (decay=exponential) 10% (120/1161) regret=0.107122 ape=0.5954
[17:47:42] warmStart (decay=exponential) 10% (121/1161) regret=0.107122 ape=0.5954
[17:47:43] warmStart (decay=exponential) 10% (122/1161) regret=0.107122 ape=0.5954
[17:47:43] warmStart (decay=exponential) 10% (123/1161) regret=0.107122 ape=0.5954
[17:47:43] warmStart (decay=exponential) 10% (124/1161) regret=0.107122 ape=0.5954
[17:47:43] warmStart (decay=exponential) 10% (125/1161) regret=0.107122 ape=0.5954
[17:47:43] warmStart (decay=exponential) 10% (126/1161) regret=0.107122 ape=0.5954
[17:47:43] warmStart (decay=exponential) 10% (127/1161) regret=0.107122 ape=0.5954
[17:47:44] warmStart (decay=exponential) 11% (128/1161) regret=0.107122 ape=0.5954
[17:47:44] warmStart (decay=exponential) 11% (129/1161) regret=0.107122 ape=0.5954
[17:47:44] warmStart (decay=exponential) 11% (130/1161) regret=0.107122 ape=0.5954
[17:47:44] warmStart (decay=exponential) 11% (131/1161) regret=0.107122 ape=0.5954
[17:47:44] warmStart (decay=exponential) 11% (132/1161) regret=0.107122 ape=0.5954
[17:47:45] warmStart (decay=exponential) 11% (133/1161) regret=0.107122 ape=0.5954
[17:47:45] warmStart (decay=exponential) 11% (134/1161) regret=0.107122 ape=0.5954
[17:47:45] warmStart (decay=exponential) 11% (135/1161) regret=0.107122 ape=0.5954
[17:47:45] warmStart (decay=exponential) 11% (136/1161) regret=0.107122 ape=0.5954
[17:47:45] warmStart (decay=exponential) 11% (137/1161) regret=0.107122 ape=0.5954
[17:47:45] warmStart (decay=exponential) 11% (138/1161) regret=0.107122 ape=0.5954
[17:47:46] warmStart (decay=exponential) 11% (139/1161) regret=0.107122 ape=0.5954
[17:47:46] warmStart (decay=exponential) 12% (140/1161) regret=0.107122 ape=0.5954
[17:47:46] warmStart (decay=exponential) 12% (141/1161) regret=0.107122 ape=0.5954
[17:47:46] warmStart (decay=exponential) 12% (142/1161) regret=0.107122 ape=0.5954
[17:47:46] warmStart (decay=exponential) 12% (143/1161) regret=0.107122 ape=0.5954
[17:47:47] warmStart (decay=exponential) 12% (144/1161) regret=0.107122 ape=0.5954
[17:47:47] warmStart (decay=exponential) 12% (145/1161) regret=0.107122 ape=0.5954
[17:47:47] warmStart (decay=exponential) 12% (146/1161) regret=0.107122 ape=0.5954
[17:47:47] warmStart (decay=exponential) 12% (147/1161) regret=0.107122 ape=0.5954
[17:47:47] warmStart (decay=exponential) 12% (148/1161) regret=0.107122 ape=0.5954
[17:47:47] warmStart (decay=exponential) 12% (149/1161) regret=0.107122 ape=0.5954
[17:47:48] warmStart (decay=exponential) 12% (150/1161) regret=0.107122 ape=0.5954
[17:47:48] warmStart (decay=exponential) 13% (151/1161) regret=0.107122 ape=0.5954
[17:47:48] warmStart (decay=exponential) 13% (152/1161) regret=0.107122 ape=0.5954
[17:47:48] warmStart (decay=exponential) 13% (153/1161) regret=0.107122 ape=0.5954
[17:47:48] warmStart (decay=exponential) 13% (154/1161) regret=0.107122 ape=0.5954
[17:47:49] warmStart (decay=exponential) 13% (155/1161) regret=0.107122 ape=0.5954
[17:47:49] warmStart (decay=exponential) 13% (156/1161) regret=0.107122 ape=0.5954
[17:47:49] warmStart (decay=exponential) 13% (157/1161) regret=0.107122 ape=0.5954
[17:47:49] warmStart (decay=exponential) 13% (158/1161) regret=0.107122 ape=0.5954
[17:47:49] warmStart (decay=exponential) 13% (159/1161) regret=0.107122 ape=0.5954
[17:47:50] warmStart (decay=exponential) 13% (160/1161) regret=0.107122 ape=0.5954
[17:47:50] warmStart (decay=exponential) 13% (161/1161) regret=0.107122 ape=0.5954
[17:47:50] warmStart (decay=exponential) 13% (162/1161) regret=0.107122 ape=0.5954
[17:47:50] warmStart (decay=exponential) 14% (163/1161) regret=0.107122 ape=0.5954
[17:47:50] warmStart (decay=exponential) 14% (164/1161) regret=0.107122 ape=0.5954
[17:47:50] warmStart (decay=exponential) 14% (165/1161) regret=0.107122 ape=0.5954
[17:47:51] warmStart (decay=exponential) 14% (166/1161) regret=0.107122 ape=0.5954
[17:47:51] warmStart (decay=exponential) 14% (167/1161) regret=0.107122 ape=0.5954
[17:47:51] warmStart (decay=exponential) 14% (168/1161) regret=0.107122 ape=0.5954
[17:47:51] warmStart (decay=exponential) 14% (169/1161) regret=0.107122 ape=0.5954
[17:47:51] warmStart (decay=exponential) 14% (170/1161) regret=0.107122 ape=0.5954
[17:47:51] warmStart (decay=exponential) 14% (171/1161) regret=0.107122 ape=0.5954
[17:47:52] warmStart (decay=exponential) 14% (172/1161) regret=0.107122 ape=0.5954
[17:47:52] warmStart (decay=exponential) 14% (173/1161) regret=0.107122 ape=0.5954
[17:47:52] warmStart (decay=exponential) 14% (174/1161) regret=0.107122 ape=0.5954
[17:47:52] warmStart (decay=exponential) 15% (175/1161) regret=0.107122 ape=0.5954
[17:47:52] warmStart (decay=exponential) 15% (176/1161) regret=0.107122 ape=0.5954
[17:47:53] warmStart (decay=exponential) 15% (177/1161) regret=0.107122 ape=0.5954
[17:47:53] warmStart (decay=exponential) 15% (178/1161) regret=0.107127 ape=0.5954
[17:47:53] warmStart (decay=exponential) 15% (179/1161) regret=0.107127 ape=0.5954
[17:47:53] warmStart (decay=exponential) 15% (180/1161) regret=0.107117 ape=0.5954
[17:47:53] warmStart (decay=exponential) 15% (181/1161) regret=0.107117 ape=0.5954
[17:47:54] warmStart (decay=exponential) 15% (182/1161) regret=0.107117 ape=0.5954
[17:47:54] warmStart (decay=exponential) 15% (183/1161) regret=0.107117 ape=0.5954
[17:47:54] warmStart (decay=exponential) 15% (184/1161) regret=0.107117 ape=0.5954
[17:47:54] warmStart (decay=exponential) 15% (185/1161) regret=0.107117 ape=0.5954
[17:47:54] warmStart (decay=exponential) 16% (186/1161) regret=0.107117 ape=0.5954
[17:47:54] warmStart (decay=exponential) 16% (187/1161) regret=0.107117 ape=0.5954
[17:47:55] warmStart (decay=exponential) 16% (188/1161) regret=0.107117 ape=0.5954
[17:47:55] warmStart (decay=exponential) 16% (189/1161) regret=0.107117 ape=0.5954
[17:47:55] warmStart (decay=exponential) 16% (190/1161) regret=0.107117 ape=0.5954
[17:47:55] warmStart (decay=exponential) 16% (191/1161) regret=0.107117 ape=0.5954
[17:47:55] warmStart (decay=exponential) 16% (192/1161) regret=0.107117 ape=0.5954
[17:47:56] warmStart (decay=exponential) 16% (193/1161) regret=0.107117 ape=0.5954
[17:47:56] warmStart (decay=exponential) 16% (194/1161) regret=0.107117 ape=0.5954
[17:47:56] warmStart (decay=exponential) 16% (195/1161) regret=0.107117 ape=0.5954
[17:47:56] warmStart (decay=exponential) 16% (196/1161) regret=0.107124 ape=0.5954
[17:47:56] warmStart (decay=exponential) 16% (197/1161) regret=0.107117 ape=0.5954
[17:47:56] warmStart (decay=exponential) 17% (198/1161) regret=0.107117 ape=0.5954
[17:47:57] warmStart (decay=exponential) 17% (199/1161) regret=0.107117 ape=0.5954
[17:47:57] warmStart (decay=exponential) 17% (200/1161) regret=0.107117 ape=0.5954
[17:47:57] warmStart (decay=exponential) 17% (201/1161) regret=0.107117 ape=0.5954
[17:47:57] warmStart (decay=exponential) 17% (202/1161) regret=0.107117 ape=0.5954
[17:47:57] warmStart (decay=exponential) 17% (203/1161) regret=0.107117 ape=0.5954
[17:47:57] warmStart (decay=exponential) 17% (204/1161) regret=0.107117 ape=0.5954
[17:47:58] warmStart (decay=exponential) 17% (205/1161) regret=0.107117 ape=0.5954
[17:47:58] warmStart (decay=exponential) 17% (206/1161) regret=0.107117 ape=0.5954
[17:47:58] warmStart (decay=exponential) 17% (207/1161) regret=0.107117 ape=0.5954
[17:47:58] warmStart (decay=exponential) 17% (208/1161) regret=0.107117 ape=0.5954
[17:47:58] warmStart (decay=exponential) 18% (209/1161) regret=0.107117 ape=0.5954
[17:47:58] warmStart (decay=exponential) 18% (210/1161) regret=0.107117 ape=0.5954
[17:47:59] warmStart (decay=exponential) 18% (211/1161) regret=0.107117 ape=0.5954
[17:47:59] warmStart (decay=exponential) 18% (212/1161) regret=0.107117 ape=0.5954
[17:47:59] warmStart (decay=exponential) 18% (213/1161) regret=0.107117 ape=0.5954
[17:47:59] warmStart (decay=exponential) 18% (214/1161) regret=0.107117 ape=0.5954
[17:47:59] warmStart (decay=exponential) 18% (215/1161) regret=0.107117 ape=0.5954
[17:47:59] warmStart (decay=exponential) 18% (216/1161) regret=0.107117 ape=0.5954
[17:48:00] warmStart (decay=exponential) 18% (217/1161) regret=0.107117 ape=0.5954
[17:48:00] warmStart (decay=exponential) 18% (218/1161) regret=0.107117 ape=0.5954
[17:48:00] warmStart (decay=exponential) 18% (219/1161) regret=0.107117 ape=0.5954
[17:48:00] warmStart (decay=exponential) 18% (220/1161) regret=0.107117 ape=0.5954
[17:48:00] warmStart (decay=exponential) 19% (221/1161) regret=0.107117 ape=0.5954
[17:48:00] warmStart (decay=exponential) 19% (222/1161) regret=0.107117 ape=0.5954
[17:48:01] warmStart (decay=exponential) 19% (223/1161) regret=0.107117 ape=0.5954
[17:48:01] warmStart (decay=exponential) 19% (224/1161) regret=0.107117 ape=0.5954
[17:48:01] warmStart (decay=exponential) 19% (225/1161) regret=0.107117 ape=0.5954
[17:48:01] warmStart (decay=exponential) 19% (226/1161) regret=0.107117 ape=0.5954
[17:48:01] warmStart (decay=exponential) 19% (227/1161) regret=0.107117 ape=0.5954
[17:48:01] warmStart (decay=exponential) 19% (228/1161) regret=0.107117 ape=0.5954
[17:48:02] warmStart (decay=exponential) 19% (229/1161) regret=0.107117 ape=0.5954
[17:48:02] warmStart (decay=exponential) 19% (230/1161) regret=0.107117 ape=0.5954
[17:48:02] warmStart (decay=exponential) 19% (231/1161) regret=0.107117 ape=0.5954
[17:48:02] warmStart (decay=exponential) 19% (232/1161) regret=0.107117 ape=0.5954
[17:48:02] warmStart (decay=exponential) 20% (233/1161) regret=0.107117 ape=0.5954
[17:48:02] warmStart (decay=exponential) 20% (234/1161) regret=0.107117 ape=0.5954
[17:48:03] warmStart (decay=exponential) 20% (235/1161) regret=0.107117 ape=0.5954
[17:48:03] warmStart (decay=exponential) 20% (236/1161) regret=0.107117 ape=0.5954
[17:48:03] warmStart (decay=exponential) 20% (237/1161) regret=0.107117 ape=0.5954
[17:48:03] warmStart (decay=exponential) 20% (238/1161) regret=0.107117 ape=0.5954
[17:48:03] warmStart (decay=exponential) 20% (239/1161) regret=0.107117 ape=0.5954
[17:48:04] warmStart (decay=exponential) 20% (240/1161) regret=0.107117 ape=0.5954
[17:48:04] warmStart (decay=exponential) 20% (241/1161) regret=0.107117 ape=0.5954
[17:48:04] warmStart (decay=exponential) 20% (242/1161) regret=0.107117 ape=0.5954
[17:48:04] warmStart (decay=exponential) 20% (243/1161) regret=0.107117 ape=0.5954
[17:48:04] warmStart (decay=exponential) 21% (244/1161) regret=0.107117 ape=0.5954
[17:48:04] warmStart (decay=exponential) 21% (245/1161) regret=0.107117 ape=0.5954
[17:48:05] warmStart (decay=exponential) 21% (246/1161) regret=0.107117 ape=0.5954
[17:48:05] warmStart (decay=exponential) 21% (247/1161) regret=0.107117 ape=0.5954
[17:48:05] warmStart (decay=exponential) 21% (248/1161) regret=0.107117 ape=0.5954
[17:48:05] warmStart (decay=exponential) 21% (249/1161) regret=0.107117 ape=0.5954
[17:48:05] warmStart (decay=exponential) 21% (250/1161) regret=0.107117 ape=0.5954
[17:48:05] warmStart (decay=exponential) 21% (251/1161) regret=0.107117 ape=0.5954
[17:48:06] warmStart (decay=exponential) 21% (252/1161) regret=0.107117 ape=0.5954
[17:48:06] warmStart (decay=exponential) 21% (253/1161) regret=0.107117 ape=0.5954
[17:48:06] warmStart (decay=exponential) 21% (254/1161) regret=0.107117 ape=0.5954
[17:48:06] warmStart (decay=exponential) 21% (255/1161) regret=0.107117 ape=0.5954
[17:48:06] warmStart (decay=exponential) 22% (256/1161) regret=0.107117 ape=0.5954
[17:48:06] warmStart (decay=exponential) 22% (257/1161) regret=0.107117 ape=0.5954
[17:48:07] warmStart (decay=exponential) 22% (258/1161) regret=0.107117 ape=0.5954
[17:48:07] warmStart (decay=exponential) 22% (259/1161) regret=0.107117 ape=0.5954
[17:48:07] warmStart (decay=exponential) 22% (260/1161) regret=0.107117 ape=0.5954
[17:48:07] warmStart (decay=exponential) 22% (261/1161) regret=0.107117 ape=0.5954
[17:48:07] warmStart (decay=exponential) 22% (262/1161) regret=0.107117 ape=0.5954
[17:48:07] warmStart (decay=exponential) 22% (263/1161) regret=0.107117 ape=0.5954
[17:48:08] warmStart (decay=exponential) 22% (264/1161) regret=0.107117 ape=0.5954
[17:48:08] warmStart (decay=exponential) 22% (265/1161) regret=0.107117 ape=0.5954
[17:48:08] warmStart (decay=exponential) 22% (266/1161) regret=0.107117 ape=0.5954
[17:48:08] warmStart (decay=exponential) 22% (267/1161) regret=0.107117 ape=0.5954
[17:48:08] warmStart (decay=exponential) 23% (268/1161) regret=0.107117 ape=0.5954
[17:48:09] warmStart (decay=exponential) 23% (269/1161) regret=0.107117 ape=0.5954
[17:48:09] warmStart (decay=exponential) 23% (270/1161) regret=0.107117 ape=0.5954
[17:48:09] warmStart (decay=exponential) 23% (271/1161) regret=0.107117 ape=0.5954
[17:48:09] warmStart (decay=exponential) 23% (272/1161) regret=0.107117 ape=0.5954
[17:48:09] warmStart (decay=exponential) 23% (273/1161) regret=0.107117 ape=0.5954
[17:48:10] warmStart (decay=exponential) 23% (274/1161) regret=0.107117 ape=0.5954
[17:48:10] warmStart (decay=exponential) 23% (275/1161) regret=0.107117 ape=0.5954
[17:48:10] warmStart (decay=exponential) 23% (276/1161) regret=0.107117 ape=0.5954
[17:48:10] warmStart (decay=exponential) 23% (277/1161) regret=0.107117 ape=0.5954
[17:48:10] warmStart (decay=exponential) 23% (278/1161) regret=0.107117 ape=0.5954
[17:48:10] warmStart (decay=exponential) 24% (279/1161) regret=0.107117 ape=0.5954
[17:48:10] warmStart (decay=exponential) 24% (280/1161) regret=0.107117 ape=0.5954
[17:48:11] warmStart (decay=exponential) 24% (281/1161) regret=0.107117 ape=0.5954
[17:48:11] warmStart (decay=exponential) 24% (282/1161) regret=0.107117 ape=0.5954
[17:48:11] warmStart (decay=exponential) 24% (283/1161) regret=0.107117 ape=0.5954
[17:48:11] warmStart (decay=exponential) 24% (284/1161) regret=0.107117 ape=0.5954
[17:48:11] warmStart (decay=exponential) 24% (285/1161) regret=0.107117 ape=0.5954
[17:48:12] warmStart (decay=exponential) 24% (286/1161) regret=0.107117 ape=0.5954
[17:48:12] warmStart (decay=exponential) 24% (287/1161) regret=0.107117 ape=0.5954
[17:48:12] warmStart (decay=exponential) 24% (288/1161) regret=0.107117 ape=0.5954
[17:48:12] warmStart (decay=exponential) 24% (289/1161) regret=0.107117 ape=0.5954
[17:48:12] warmStart (decay=exponential) 24% (290/1161) regret=0.107117 ape=0.5954
[17:48:12] warmStart (decay=exponential) 25% (291/1161) regret=0.107117 ape=0.5954
[17:48:13] warmStart (decay=exponential) 25% (292/1161) regret=0.107117 ape=0.5954
[17:48:13] warmStart (decay=exponential) 25% (293/1161) regret=0.107117 ape=0.5954
[17:48:13] warmStart (decay=exponential) 25% (294/1161) regret=0.107117 ape=0.5954
[17:48:13] warmStart (decay=exponential) 25% (295/1161) regret=0.107117 ape=0.5954
[17:48:13] warmStart (decay=exponential) 25% (296/1161) regret=0.107117 ape=0.5954
[17:48:13] warmStart (decay=exponential) 25% (297/1161) regret=0.107117 ape=0.5954
[17:48:14] warmStart (decay=exponential) 25% (298/1161) regret=0.107117 ape=0.5954
[17:48:14] warmStart (decay=exponential) 25% (299/1161) regret=0.107117 ape=0.5954
[17:48:14] warmStart (decay=exponential) 25% (300/1161) regret=0.107117 ape=0.5954
[17:48:14] warmStart (decay=exponential) 25% (301/1161) regret=0.107117 ape=0.5954
[17:48:14] warmStart (decay=exponential) 26% (302/1161) regret=0.107117 ape=0.5954
[17:48:14] warmStart (decay=exponential) 26% (303/1161) regret=0.107117 ape=0.5954
[17:48:15] warmStart (decay=exponential) 26% (304/1161) regret=0.107117 ape=0.5954
[17:48:15] warmStart (decay=exponential) 26% (305/1161) regret=0.107117 ape=0.5954
[17:48:15] warmStart (decay=exponential) 26% (306/1161) regret=0.107117 ape=0.5954
[17:48:15] warmStart (decay=exponential) 26% (307/1161) regret=0.107117 ape=0.5954
[17:48:15] warmStart (decay=exponential) 26% (308/1161) regret=0.107117 ape=0.5954
[17:48:15] warmStart (decay=exponential) 26% (309/1161) regret=0.107117 ape=0.5954
[17:48:16] warmStart (decay=exponential) 26% (310/1161) regret=0.107117 ape=0.5954
[17:48:16] warmStart (decay=exponential) 26% (311/1161) regret=0.107117 ape=0.5954
[17:48:16] warmStart (decay=exponential) 26% (312/1161) regret=0.107117 ape=0.5954
[17:48:16] warmStart (decay=exponential) 26% (313/1161) regret=0.107117 ape=0.5954
[17:48:16] warmStart (decay=exponential) 27% (314/1161) regret=0.107117 ape=0.5954
[17:48:16] warmStart (decay=exponential) 27% (315/1161) regret=0.107117 ape=0.5954
[17:48:17] warmStart (decay=exponential) 27% (316/1161) regret=0.107117 ape=0.5954
[17:48:17] warmStart (decay=exponential) 27% (317/1161) regret=0.107140 ape=0.5963
[17:48:17] warmStart (decay=exponential) 27% (318/1161) regret=0.107140 ape=0.5963
[17:48:17] warmStart (decay=exponential) 27% (319/1161) regret=0.107140 ape=0.5963
[17:48:17] warmStart (decay=exponential) 27% (320/1161) regret=0.107117 ape=0.5954
[17:48:18] warmStart (decay=exponential) 27% (321/1161) regret=0.107117 ape=0.5954
[17:48:18] warmStart (decay=exponential) 27% (322/1161) regret=0.107140 ape=0.5963
[17:48:18] warmStart (decay=exponential) 27% (323/1161) regret=0.107140 ape=0.5963
[17:48:18] warmStart (decay=exponential) 27% (324/1161) regret=0.107140 ape=0.5963
[17:48:18] warmStart (decay=exponential) 27% (325/1161) regret=0.107140 ape=0.5963
[17:48:18] warmStart (decay=exponential) 28% (326/1161) regret=0.107140 ape=0.5963
[17:48:19] warmStart (decay=exponential) 28% (327/1161) regret=0.107140 ape=0.5963
[17:48:19] warmStart (decay=exponential) 28% (328/1161) regret=0.107140 ape=0.5963
[17:48:19] warmStart (decay=exponential) 28% (329/1161) regret=0.107140 ape=0.5963
[17:48:19] warmStart (decay=exponential) 28% (330/1161) regret=0.107140 ape=0.5963
[17:48:19] warmStart (decay=exponential) 28% (331/1161) regret=0.107140 ape=0.5963
[17:48:19] warmStart (decay=exponential) 28% (332/1161) regret=0.107140 ape=0.5963
[17:48:20] warmStart (decay=exponential) 28% (333/1161) regret=0.107140 ape=0.5963
[17:48:20] warmStart (decay=exponential) 28% (334/1161) regret=0.107140 ape=0.5963
[17:48:20] warmStart (decay=exponential) 28% (335/1161) regret=0.107140 ape=0.5963
[17:48:20] warmStart (decay=exponential) 28% (336/1161) regret=0.107140 ape=0.5963
[17:48:20] warmStart (decay=exponential) 29% (337/1161) regret=0.107140 ape=0.5963
[17:48:20] warmStart (decay=exponential) 29% (338/1161) regret=0.107140 ape=0.5963
[17:48:20] warmStart (decay=exponential) 29% (339/1161) regret=0.107140 ape=0.5963
[17:48:21] warmStart (decay=exponential) 29% (340/1161) regret=0.107140 ape=0.5963
[17:48:21] warmStart (decay=exponential) 29% (341/1161) regret=0.107140 ape=0.5963
[17:48:21] warmStart (decay=exponential) 29% (342/1161) regret=0.107140 ape=0.5963
[17:48:21] warmStart (decay=exponential) 29% (343/1161) regret=0.107140 ape=0.5963
[17:48:21] warmStart (decay=exponential) 29% (344/1161) regret=0.107140 ape=0.5963
[17:48:21] warmStart (decay=exponential) 29% (345/1161) regret=0.107135 ape=0.5963
[17:48:22] warmStart (decay=exponential) 29% (346/1161) regret=0.107154 ape=0.5963
[17:48:22] warmStart (decay=exponential) 29% (347/1161) regret=0.107140 ape=0.5963
[17:48:22] warmStart (decay=exponential) 29% (348/1161) regret=0.107130 ape=0.5963
[17:48:22] warmStart (decay=exponential) 30% (349/1161) regret=0.107151 ape=0.5963
[17:48:22] warmStart (decay=exponential) 30% (350/1161) regret=0.107130 ape=0.5963
[17:48:22] warmStart (decay=exponential) 30% (351/1161) regret=0.107130 ape=0.5963
[17:48:23] warmStart (decay=exponential) 30% (352/1161) regret=0.107130 ape=0.5963
[17:48:23] warmStart (decay=exponential) 30% (353/1161) regret=0.107130 ape=0.5963
[17:48:23] warmStart (decay=exponential) 30% (354/1161) regret=0.107130 ape=0.5963
[17:48:23] warmStart (decay=exponential) 30% (355/1161) regret=0.107135 ape=0.5963
[17:48:23] warmStart (decay=exponential) 30% (356/1161) regret=0.107130 ape=0.5963
[17:48:23] warmStart (decay=exponential) 30% (357/1161) regret=0.107151 ape=0.5963
[17:48:24] warmStart (decay=exponential) 30% (358/1161) regret=0.107130 ape=0.5963
[17:48:24] warmStart (decay=exponential) 30% (359/1161) regret=0.107151 ape=0.5963
[17:48:24] warmStart (decay=exponential) 31% (360/1161) regret=0.107151 ape=0.5963
[17:48:24] warmStart (decay=exponential) 31% (361/1161) regret=0.107130 ape=0.5963
[17:48:24] warmStart (decay=exponential) 31% (362/1161) regret=0.107151 ape=0.5963
[17:48:24] warmStart (decay=exponential) 31% (363/1161) regret=0.107151 ape=0.5963
[17:48:25] warmStart (decay=exponential) 31% (364/1161) regret=0.107151 ape=0.5963
[17:48:25] warmStart (decay=exponential) 31% (365/1161) regret=0.107151 ape=0.5963
[17:48:25] warmStart (decay=exponential) 31% (366/1161) regret=0.107151 ape=0.5963
[17:48:25] warmStart (decay=exponential) 31% (367/1161) regret=0.107151 ape=0.5963
[17:48:25] warmStart (decay=exponential) 31% (368/1161) regret=0.107195 ape=0.5972
[17:48:25] warmStart (decay=exponential) 31% (369/1161) regret=0.107296 ape=0.5972
[17:48:26] warmStart (decay=exponential) 31% (370/1161) regret=0.107306 ape=0.5972
[17:48:26] warmStart (decay=exponential) 31% (371/1161) regret=0.107405 ape=0.5972
[17:48:26] warmStart (decay=exponential) 32% (372/1161) regret=0.107405 ape=0.5972
[17:48:26] warmStart (decay=exponential) 32% (373/1161) regret=0.107405 ape=0.5972
[17:48:26] warmStart (decay=exponential) 32% (374/1161) regret=0.107170 ape=0.5972
[17:48:26] warmStart (decay=exponential) 32% (375/1161) regret=0.107170 ape=0.5972
[17:48:27] warmStart (decay=exponential) 32% (376/1161) regret=0.107239 ape=0.5972
[17:48:27] warmStart (decay=exponential) 32% (377/1161) regret=0.107239 ape=0.5972
[17:48:27] warmStart (decay=exponential) 32% (378/1161) regret=0.107239 ape=0.5972
[17:48:27] warmStart (decay=exponential) 32% (379/1161) regret=0.107239 ape=0.5972
[17:48:27] warmStart (decay=exponential) 32% (380/1161) regret=0.107236 ape=0.5972
[17:48:28] warmStart (decay=exponential) 32% (381/1161) regret=0.107239 ape=0.5972
[17:48:28] warmStart (decay=exponential) 32% (382/1161) regret=0.107239 ape=0.5972
[17:48:28] warmStart (decay=exponential) 32% (383/1161) regret=0.107236 ape=0.5972
[17:48:28] warmStart (decay=exponential) 33% (384/1161) regret=0.107236 ape=0.5972
[17:48:28] warmStart (decay=exponential) 33% (385/1161) regret=0.107236 ape=0.5972
[17:48:28] warmStart (decay=exponential) 33% (386/1161) regret=0.107236 ape=0.5972
[17:48:29] warmStart (decay=exponential) 33% (387/1161) regret=0.107250 ape=0.5972
[17:48:29] warmStart (decay=exponential) 33% (388/1161) regret=0.107235 ape=0.5963
[17:48:29] warmStart (decay=exponential) 33% (389/1161) regret=0.107253 ape=0.5972
[17:48:29] warmStart (decay=exponential) 33% (390/1161) regret=0.107253 ape=0.5972
[17:48:29] warmStart (decay=exponential) 33% (391/1161) regret=0.107253 ape=0.5972
[17:48:29] warmStart (decay=exponential) 33% (392/1161) regret=0.107253 ape=0.5972
[17:48:30] warmStart (decay=exponential) 33% (393/1161) regret=0.107253 ape=0.5972
[17:48:30] warmStart (decay=exponential) 33% (394/1161) regret=0.107253 ape=0.5972
[17:48:30] warmStart (decay=exponential) 34% (395/1161) regret=0.107253 ape=0.5972
[17:48:30] warmStart (decay=exponential) 34% (396/1161) regret=0.107253 ape=0.5972
[17:48:30] warmStart (decay=exponential) 34% (397/1161) regret=0.107253 ape=0.5972
[17:48:30] warmStart (decay=exponential) 34% (398/1161) regret=0.107253 ape=0.5972
[17:48:30] warmStart (decay=exponential) 34% (399/1161) regret=0.107253 ape=0.5972
[17:48:31] warmStart (decay=exponential) 34% (400/1161) regret=0.107253 ape=0.5972
[17:48:31] warmStart (decay=exponential) 34% (401/1161) regret=0.107253 ape=0.5972
[17:48:31] warmStart (decay=exponential) 34% (402/1161) regret=0.107253 ape=0.5972
[17:48:31] warmStart (decay=exponential) 34% (403/1161) regret=0.107253 ape=0.5972
[17:48:31] warmStart (decay=exponential) 34% (404/1161) regret=0.107253 ape=0.5972
[17:48:31] warmStart (decay=exponential) 34% (405/1161) regret=0.107253 ape=0.5972
[17:48:32] warmStart (decay=exponential) 34% (406/1161) regret=0.107183 ape=0.5972
[17:48:32] warmStart (decay=exponential) 35% (407/1161) regret=0.107183 ape=0.5972
[17:48:32] warmStart (decay=exponential) 35% (408/1161) regret=0.107183 ape=0.5972
[17:48:32] warmStart (decay=exponential) 35% (409/1161) regret=0.107183 ape=0.5972
[17:48:32] warmStart (decay=exponential) 35% (410/1161) regret=0.107183 ape=0.5972
[17:48:32] warmStart (decay=exponential) 35% (411/1161) regret=0.107183 ape=0.5972
[17:48:33] warmStart (decay=exponential) 35% (412/1161) regret=0.107183 ape=0.5972
[17:48:33] warmStart (decay=exponential) 35% (413/1161) regret=0.107183 ape=0.5972
[17:48:33] warmStart (decay=exponential) 35% (414/1161) regret=0.107183 ape=0.5972
[17:48:33] warmStart (decay=exponential) 35% (415/1161) regret=0.107183 ape=0.5972
[17:48:33] warmStart (decay=exponential) 35% (416/1161) regret=0.107183 ape=0.5972
[17:48:33] warmStart (decay=exponential) 35% (417/1161) regret=0.107183 ape=0.5972
[17:48:33] warmStart (decay=exponential) 36% (418/1161) regret=0.107211 ape=0.5982
[17:48:34] warmStart (decay=exponential) 36% (419/1161) regret=0.107681 ape=0.5982
[17:48:34] warmStart (decay=exponential) 36% (420/1161) regret=0.107211 ape=0.5982
[17:48:34] warmStart (decay=exponential) 36% (421/1161) regret=0.107211 ape=0.5982
[17:48:34] warmStart (decay=exponential) 36% (422/1161) regret=0.107211 ape=0.5982
[17:48:34] warmStart (decay=exponential) 36% (423/1161) regret=0.107211 ape=0.5982
[17:48:35] warmStart (decay=exponential) 36% (424/1161) regret=0.107211 ape=0.5982
[17:48:35] warmStart (decay=exponential) 36% (425/1161) regret=0.107211 ape=0.5982
[17:48:35] warmStart (decay=exponential) 36% (426/1161) regret=0.107211 ape=0.5982
[17:48:35] warmStart (decay=exponential) 36% (427/1161) regret=0.107211 ape=0.5982
[17:48:35] warmStart (decay=exponential) 36% (428/1161) regret=0.107211 ape=0.5982
[17:48:35] warmStart (decay=exponential) 36% (429/1161) regret=0.107211 ape=0.5982
[17:48:36] warmStart (decay=exponential) 37% (430/1161) regret=0.107211 ape=0.5982
[17:48:36] warmStart (decay=exponential) 37% (431/1161) regret=0.107211 ape=0.5982
[17:48:36] warmStart (decay=exponential) 37% (432/1161) regret=0.107211 ape=0.5982
[17:48:36] warmStart (decay=exponential) 37% (433/1161) regret=0.107211 ape=0.5982
[17:48:36] warmStart (decay=exponential) 37% (434/1161) regret=0.107211 ape=0.5982
[17:48:36] warmStart (decay=exponential) 37% (435/1161) regret=0.107211 ape=0.5982
[17:48:37] warmStart (decay=exponential) 37% (436/1161) regret=0.107211 ape=0.5982
[17:48:37] warmStart (decay=exponential) 37% (437/1161) regret=0.107211 ape=0.5982
[17:48:37] warmStart (decay=exponential) 37% (438/1161) regret=0.107211 ape=0.5982
[17:48:37] warmStart (decay=exponential) 37% (439/1161) regret=0.107211 ape=0.5982
[17:48:37] warmStart (decay=exponential) 37% (440/1161) regret=0.107211 ape=0.5982
[17:48:38] warmStart (decay=exponential) 37% (441/1161) regret=0.107211 ape=0.5982
[17:48:38] warmStart (decay=exponential) 38% (442/1161) regret=0.107211 ape=0.5982
[17:48:38] warmStart (decay=exponential) 38% (443/1161) regret=0.107211 ape=0.5982
[17:48:38] warmStart (decay=exponential) 38% (444/1161) regret=0.107211 ape=0.5982
[17:48:38] warmStart (decay=exponential) 38% (445/1161) regret=0.107211 ape=0.5982
[17:48:38] warmStart (decay=exponential) 38% (446/1161) regret=0.107211 ape=0.5982
[17:48:39] warmStart (decay=exponential) 38% (447/1161) regret=0.107211 ape=0.5982
[17:48:39] warmStart (decay=exponential) 38% (448/1161) regret=0.107211 ape=0.5982
[17:48:39] warmStart (decay=exponential) 38% (449/1161) regret=0.107211 ape=0.5982
[17:48:39] warmStart (decay=exponential) 38% (450/1161) regret=0.107211 ape=0.5982
[17:48:39] warmStart (decay=exponential) 38% (451/1161) regret=0.107211 ape=0.5982
[17:48:39] warmStart (decay=exponential) 38% (452/1161) regret=0.107211 ape=0.5982
[17:48:40] warmStart (decay=exponential) 39% (453/1161) regret=0.107211 ape=0.5982
[17:48:40] warmStart (decay=exponential) 39% (454/1161) regret=0.107211 ape=0.5982
[17:48:40] warmStart (decay=exponential) 39% (455/1161) regret=0.107211 ape=0.5982
[17:48:40] warmStart (decay=exponential) 39% (456/1161) regret=0.107211 ape=0.5982
[17:48:40] warmStart (decay=exponential) 39% (457/1161) regret=0.107211 ape=0.5982
[17:48:40] warmStart (decay=exponential) 39% (458/1161) regret=0.107211 ape=0.5982
[17:48:41] warmStart (decay=exponential) 39% (459/1161) regret=0.107211 ape=0.5982
[17:48:41] warmStart (decay=exponential) 39% (460/1161) regret=0.107211 ape=0.5982
[17:48:41] warmStart (decay=exponential) 39% (461/1161) regret=0.107211 ape=0.5982
[17:48:41] warmStart (decay=exponential) 39% (462/1161) regret=0.107211 ape=0.5982
[17:48:41] warmStart (decay=exponential) 39% (463/1161) regret=0.107211 ape=0.5982
[17:48:41] warmStart (decay=exponential) 39% (464/1161) regret=0.107211 ape=0.5982
[17:48:42] warmStart (decay=exponential) 40% (465/1161) regret=0.107211 ape=0.5982
[17:48:42] warmStart (decay=exponential) 40% (466/1161) regret=0.108050 ape=0.5991
[17:48:42] warmStart (decay=exponential) 40% (467/1161) regret=0.107230 ape=0.5991
[17:48:42] warmStart (decay=exponential) 40% (468/1161) regret=0.107230 ape=0.5991
[17:48:42] warmStart (decay=exponential) 40% (469/1161) regret=0.107230 ape=0.5991
[17:48:42] warmStart (decay=exponential) 40% (470/1161) regret=0.107226 ape=0.5982
[17:48:43] warmStart (decay=exponential) 40% (471/1161) regret=0.107226 ape=0.5982
[17:48:43] warmStart (decay=exponential) 40% (472/1161) regret=0.107226 ape=0.5982
[17:48:43] warmStart (decay=exponential) 40% (473/1161) regret=0.107226 ape=0.5982
[17:48:43] warmStart (decay=exponential) 40% (474/1161) regret=0.107226 ape=0.5982
[17:48:43] warmStart (decay=exponential) 40% (475/1161) regret=0.107226 ape=0.5982
[17:48:43] warmStart (decay=exponential) 40% (476/1161) regret=0.107226 ape=0.5982
[17:48:44] warmStart (decay=exponential) 41% (477/1161) regret=0.107226 ape=0.5982
[17:48:44] warmStart (decay=exponential) 41% (478/1161) regret=0.107226 ape=0.5982
[17:48:44] warmStart (decay=exponential) 41% (479/1161) regret=0.107226 ape=0.5982
[17:48:44] warmStart (decay=exponential) 41% (480/1161) regret=0.107226 ape=0.5982
[17:48:44] warmStart (decay=exponential) 41% (481/1161) regret=0.107226 ape=0.5982
[17:48:44] warmStart (decay=exponential) 41% (482/1161) regret=0.107226 ape=0.5982
[17:48:45] warmStart (decay=exponential) 41% (483/1161) regret=0.107226 ape=0.5982
[17:48:45] warmStart (decay=exponential) 41% (484/1161) regret=0.107226 ape=0.5982
[17:48:45] warmStart (decay=exponential) 41% (485/1161) regret=0.107226 ape=0.5982
[17:48:45] warmStart (decay=exponential) 41% (486/1161) regret=0.107226 ape=0.5982
[17:48:45] warmStart (decay=exponential) 41% (487/1161) regret=0.107226 ape=0.5982
[17:48:45] warmStart (decay=exponential) 42% (488/1161) regret=0.107226 ape=0.5982
[17:48:46] warmStart (decay=exponential) 42% (489/1161) regret=0.107226 ape=0.5982
[17:48:46] warmStart (decay=exponential) 42% (490/1161) regret=0.107226 ape=0.5982
[17:48:46] warmStart (decay=exponential) 42% (491/1161) regret=0.107226 ape=0.5982
[17:48:46] warmStart (decay=exponential) 42% (492/1161) regret=0.107226 ape=0.5982
[17:48:46] warmStart (decay=exponential) 42% (493/1161) regret=0.107226 ape=0.5982
[17:48:46] warmStart (decay=exponential) 42% (494/1161) regret=0.107281 ape=0.5982
[17:48:46] warmStart (decay=exponential) 42% (495/1161) regret=0.107143 ape=0.5972
[17:48:47] warmStart (decay=exponential) 42% (496/1161) regret=0.107143 ape=0.5972
[17:48:47] warmStart (decay=exponential) 42% (497/1161) regret=0.107299 ape=0.5982
[17:48:47] warmStart (decay=exponential) 42% (498/1161) regret=0.107143 ape=0.5972
[17:48:47] warmStart (decay=exponential) 42% (499/1161) regret=0.107143 ape=0.5972
[17:48:47] warmStart (decay=exponential) 43% (500/1161) regret=0.107143 ape=0.5972
[17:48:47] warmStart (decay=exponential) 43% (501/1161) regret=0.107143 ape=0.5972
[17:48:48] warmStart (decay=exponential) 43% (502/1161) regret=0.107143 ape=0.5972
[17:48:48] warmStart (decay=exponential) 43% (503/1161) regret=0.107143 ape=0.5972
[17:48:48] warmStart (decay=exponential) 43% (504/1161) regret=0.107143 ape=0.5972
[17:48:48] warmStart (decay=exponential) 43% (505/1161) regret=0.107143 ape=0.5972
[17:48:48] warmStart (decay=exponential) 43% (506/1161) regret=0.107143 ape=0.5972
[17:48:48] warmStart (decay=exponential) 43% (507/1161) regret=0.107143 ape=0.5972
[17:48:49] warmStart (decay=exponential) 43% (508/1161) regret=0.107143 ape=0.5972
[17:48:49] warmStart (decay=exponential) 43% (509/1161) regret=0.107143 ape=0.5972
[17:48:49] warmStart (decay=exponential) 43% (510/1161) regret=0.107143 ape=0.5972
[17:48:49] warmStart (decay=exponential) 44% (511/1161) regret=0.107143 ape=0.5972
[17:48:49] warmStart (decay=exponential) 44% (512/1161) regret=0.107143 ape=0.5972
[17:48:49] warmStart (decay=exponential) 44% (513/1161) regret=0.107143 ape=0.5972
[17:48:50] warmStart (decay=exponential) 44% (514/1161) regret=0.107143 ape=0.5972
[17:48:50] warmStart (decay=exponential) 44% (515/1161) regret=0.107143 ape=0.5972
[17:48:50] warmStart (decay=exponential) 44% (516/1161) regret=0.107143 ape=0.5972
[17:48:50] warmStart (decay=exponential) 44% (517/1161) regret=0.107143 ape=0.5972
[17:48:50] warmStart (decay=exponential) 44% (518/1161) regret=0.107143 ape=0.5972
[17:48:51] warmStart (decay=exponential) 44% (519/1161) regret=0.107143 ape=0.5972
[17:48:51] warmStart (decay=exponential) 44% (520/1161) regret=0.107143 ape=0.5972
[17:48:51] warmStart (decay=exponential) 44% (521/1161) regret=0.107143 ape=0.5972
[17:48:51] warmStart (decay=exponential) 44% (522/1161) regret=0.107143 ape=0.5972
[17:48:51] warmStart (decay=exponential) 45% (523/1161) regret=0.107143 ape=0.5972
[17:48:51] warmStart (decay=exponential) 45% (524/1161) regret=0.107143 ape=0.5972
[17:48:52] warmStart (decay=exponential) 45% (525/1161) regret=0.107143 ape=0.5972
[17:48:52] warmStart (decay=exponential) 45% (526/1161) regret=0.107143 ape=0.5972
[17:48:52] warmStart (decay=exponential) 45% (527/1161) regret=0.107143 ape=0.5972
[17:48:52] warmStart (decay=exponential) 45% (528/1161) regret=0.107143 ape=0.5972
[17:48:52] warmStart (decay=exponential) 45% (529/1161) regret=0.107143 ape=0.5972
[17:48:53] warmStart (decay=exponential) 45% (530/1161) regret=0.107143 ape=0.5972
[17:48:53] warmStart (decay=exponential) 45% (531/1161) regret=0.107143 ape=0.5972
[17:48:53] warmStart (decay=exponential) 45% (532/1161) regret=0.107143 ape=0.5972
[17:48:53] warmStart (decay=exponential) 45% (533/1161) regret=0.107143 ape=0.5972
[17:48:53] warmStart (decay=exponential) 45% (534/1161) regret=0.107143 ape=0.5972
[17:48:53] warmStart (decay=exponential) 46% (535/1161) regret=0.107143 ape=0.5972
[17:48:54] warmStart (decay=exponential) 46% (536/1161) regret=0.107143 ape=0.5972
[17:48:54] warmStart (decay=exponential) 46% (537/1161) regret=0.107143 ape=0.5972
[17:48:54] warmStart (decay=exponential) 46% (538/1161) regret=0.107143 ape=0.5972
[17:48:54] warmStart (decay=exponential) 46% (539/1161) regret=0.107143 ape=0.5972
[17:48:54] warmStart (decay=exponential) 46% (540/1161) regret=0.107143 ape=0.5972
[17:48:54] warmStart (decay=exponential) 46% (541/1161) regret=0.107143 ape=0.5972
[17:48:55] warmStart (decay=exponential) 46% (542/1161) regret=0.107143 ape=0.5972
[17:48:55] warmStart (decay=exponential) 46% (543/1161) regret=0.107143 ape=0.5972
[17:48:55] warmStart (decay=exponential) 46% (544/1161) regret=0.107143 ape=0.5972
[17:48:55] warmStart (decay=exponential) 46% (545/1161) regret=0.107143 ape=0.5972
[17:48:55] warmStart (decay=exponential) 47% (546/1161) regret=0.107143 ape=0.5972
[17:48:55] warmStart (decay=exponential) 47% (547/1161) regret=0.107143 ape=0.5972
[17:48:56] warmStart (decay=exponential) 47% (548/1161) regret=0.107143 ape=0.5972
[17:48:56] warmStart (decay=exponential) 47% (549/1161) regret=0.107198 ape=0.5972
[17:48:56] warmStart (decay=exponential) 47% (550/1161) regret=0.107198 ape=0.5972
[17:48:56] warmStart (decay=exponential) 47% (551/1161) regret=0.107198 ape=0.5972
[17:48:56] warmStart (decay=exponential) 47% (552/1161) regret=0.107134 ape=0.5972
[17:48:56] warmStart (decay=exponential) 47% (553/1161) regret=0.107134 ape=0.5972
[17:48:57] warmStart (decay=exponential) 47% (554/1161) regret=0.107198 ape=0.5972
[17:48:57] warmStart (decay=exponential) 47% (555/1161) regret=0.107115 ape=0.5972
[17:48:57] warmStart (decay=exponential) 47% (556/1161) regret=0.107198 ape=0.5972
[17:48:57] warmStart (decay=exponential) 47% (557/1161) regret=0.107134 ape=0.5972
[17:48:57] warmStart (decay=exponential) 48% (558/1161) regret=0.107184 ape=0.5972
[17:48:57] warmStart (decay=exponential) 48% (559/1161) regret=0.107180 ape=0.5972
[17:48:58] warmStart (decay=exponential) 48% (560/1161) regret=0.107180 ape=0.5972
[17:48:58] warmStart (decay=exponential) 48% (561/1161) regret=0.107180 ape=0.5972
[17:48:58] warmStart (decay=exponential) 48% (562/1161) regret=0.107180 ape=0.5972
[17:48:58] warmStart (decay=exponential) 48% (563/1161) regret=0.107147 ape=0.5972
[17:48:58] warmStart (decay=exponential) 48% (564/1161) regret=0.107147 ape=0.5972
[17:48:59] warmStart (decay=exponential) 48% (565/1161) regret=0.107147 ape=0.5972
[17:48:59] warmStart (decay=exponential) 48% (566/1161) regret=0.107147 ape=0.5972
[17:48:59] warmStart (decay=exponential) 48% (567/1161) regret=0.107147 ape=0.5972
[17:48:59] warmStart (decay=exponential) 48% (568/1161) regret=0.107147 ape=0.5972
[17:48:59] warmStart (decay=exponential) 49% (569/1161) regret=0.107147 ape=0.5972
[17:49:00] warmStart (decay=exponential) 49% (570/1161) regret=0.107147 ape=0.5972
[17:49:00] warmStart (decay=exponential) 49% (571/1161) regret=0.107147 ape=0.5972
[17:49:00] warmStart (decay=exponential) 49% (572/1161) regret=0.107175 ape=0.5972
[17:49:00] warmStart (decay=exponential) 49% (573/1161) regret=0.107175 ape=0.5972
[17:49:00] warmStart (decay=exponential) 49% (574/1161) regret=0.106963 ape=0.5963
[17:49:00] warmStart (decay=exponential) 49% (575/1161) regret=0.106963 ape=0.5963
[17:49:01] warmStart (decay=exponential) 49% (576/1161) regret=0.106963 ape=0.5963
[17:49:01] warmStart (decay=exponential) 49% (577/1161) regret=0.106733 ape=0.5954
[17:49:01] warmStart (decay=exponential) 49% (578/1161) regret=0.106733 ape=0.5954
[17:49:01] warmStart (decay=exponential) 49% (579/1161) regret=0.106733 ape=0.5954
[17:49:01] warmStart (decay=exponential) 49% (580/1161) regret=0.106734 ape=0.5963
[17:49:01] warmStart (decay=exponential) 50% (581/1161) regret=0.106734 ape=0.5963
[17:49:02] warmStart (decay=exponential) 50% (582/1161) regret=0.106734 ape=0.5963
[17:49:02] warmStart (decay=exponential) 50% (583/1161) regret=0.106734 ape=0.5963
[17:49:02] warmStart (decay=exponential) 50% (584/1161) regret=0.106734 ape=0.5963
[17:49:02] warmStart (decay=exponential) 50% (585/1161) regret=0.106734 ape=0.5963
[17:49:02] warmStart (decay=exponential) 50% (586/1161) regret=0.106734 ape=0.5963
[17:49:02] warmStart (decay=exponential) 50% (587/1161) regret=0.106734 ape=0.5963
[17:49:03] warmStart (decay=exponential) 50% (588/1161) regret=0.106734 ape=0.5963
[17:49:03] warmStart (decay=exponential) 50% (589/1161) regret=0.106734 ape=0.5963
[17:49:03] warmStart (decay=exponential) 50% (590/1161) regret=0.106734 ape=0.5963
[17:49:03] warmStart (decay=exponential) 50% (591/1161) regret=0.106734 ape=0.5963
[17:49:03] warmStart (decay=exponential) 50% (592/1161) regret=0.106734 ape=0.5963
[17:49:03] warmStart (decay=exponential) 51% (593/1161) regret=0.106734 ape=0.5963
[17:49:03] warmStart (decay=exponential) 51% (594/1161) regret=0.106734 ape=0.5963
[17:49:04] warmStart (decay=exponential) 51% (595/1161) regret=0.106734 ape=0.5963
[17:49:04] warmStart (decay=exponential) 51% (596/1161) regret=0.106734 ape=0.5963
[17:49:04] warmStart (decay=exponential) 51% (597/1161) regret=0.106734 ape=0.5963
[17:49:04] warmStart (decay=exponential) 51% (598/1161) regret=0.106734 ape=0.5963
[17:49:04] warmStart (decay=exponential) 51% (599/1161) regret=0.106734 ape=0.5963
[17:49:04] warmStart (decay=exponential) 51% (600/1161) regret=0.106734 ape=0.5963
[17:49:05] warmStart (decay=exponential) 51% (601/1161) regret=0.106734 ape=0.5963
[17:49:05] warmStart (decay=exponential) 51% (602/1161) regret=0.106734 ape=0.5963
[17:49:05] warmStart (decay=exponential) 51% (603/1161) regret=0.106734 ape=0.5963
[17:49:05] warmStart (decay=exponential) 52% (604/1161) regret=0.106734 ape=0.5963
[17:49:05] warmStart (decay=exponential) 52% (605/1161) regret=0.106734 ape=0.5963
[17:49:06] warmStart (decay=exponential) 52% (606/1161) regret=0.106734 ape=0.5963
[17:49:06] warmStart (decay=exponential) 52% (607/1161) regret=0.106734 ape=0.5963
[17:49:06] warmStart (decay=exponential) 52% (608/1161) regret=0.106734 ape=0.5963
[17:49:06] warmStart (decay=exponential) 52% (609/1161) regret=0.106734 ape=0.5963
[17:49:06] warmStart (decay=exponential) 52% (610/1161) regret=0.106734 ape=0.5963
[17:49:06] warmStart (decay=exponential) 52% (611/1161) regret=0.106734 ape=0.5963
[17:49:06] warmStart (decay=exponential) 52% (612/1161) regret=0.106734 ape=0.5963
[17:49:07] warmStart (decay=exponential) 52% (613/1161) regret=0.106734 ape=0.5963
[17:49:07] warmStart (decay=exponential) 52% (614/1161) regret=0.106734 ape=0.5963
[17:49:07] warmStart (decay=exponential) 52% (615/1161) regret=0.106734 ape=0.5963
[17:49:07] warmStart (decay=exponential) 53% (616/1161) regret=0.106734 ape=0.5963
[17:49:07] warmStart (decay=exponential) 53% (617/1161) regret=0.106734 ape=0.5963
[17:49:07] warmStart (decay=exponential) 53% (618/1161) regret=0.106734 ape=0.5963
[17:49:08] warmStart (decay=exponential) 53% (619/1161) regret=0.106734 ape=0.5963
[17:49:08] warmStart (decay=exponential) 53% (620/1161) regret=0.106734 ape=0.5963
[17:49:08] warmStart (decay=exponential) 53% (621/1161) regret=0.106734 ape=0.5963
[17:49:08] warmStart (decay=exponential) 53% (622/1161) regret=0.106734 ape=0.5963
[17:49:08] warmStart (decay=exponential) 53% (623/1161) regret=0.106734 ape=0.5963
[17:49:08] warmStart (decay=exponential) 53% (624/1161) regret=0.106734 ape=0.5963
[17:49:09] warmStart (decay=exponential) 53% (625/1161) regret=0.106734 ape=0.5963
[17:49:09] warmStart (decay=exponential) 53% (626/1161) regret=0.106734 ape=0.5963
[17:49:09] warmStart (decay=exponential) 54% (627/1161) regret=0.106734 ape=0.5963
[17:49:09] warmStart (decay=exponential) 54% (628/1161) regret=0.106734 ape=0.5963
[17:49:09] warmStart (decay=exponential) 54% (629/1161) regret=0.106734 ape=0.5963
[17:49:09] warmStart (decay=exponential) 54% (630/1161) regret=0.106734 ape=0.5963
[17:49:10] warmStart (decay=exponential) 54% (631/1161) regret=0.106698 ape=0.5963
[17:49:10] warmStart (decay=exponential) 54% (632/1161) regret=0.106698 ape=0.5963
[17:49:10] warmStart (decay=exponential) 54% (633/1161) regret=0.106698 ape=0.5963
[17:49:10] warmStart (decay=exponential) 54% (634/1161) regret=0.106698 ape=0.5963
[17:49:10] warmStart (decay=exponential) 54% (635/1161) regret=0.106668 ape=0.5954
[17:49:11] warmStart (decay=exponential) 54% (636/1161) regret=0.106668 ape=0.5954
[17:49:11] warmStart (decay=exponential) 54% (637/1161) regret=0.106698 ape=0.5963
[17:49:11] warmStart (decay=exponential) 54% (638/1161) regret=0.106849 ape=0.5963
[17:49:11] warmStart (decay=exponential) 55% (639/1161) regret=0.106733 ape=0.5963
[17:49:11] warmStart (decay=exponential) 55% (640/1161) regret=0.106849 ape=0.5963
[17:49:11] warmStart (decay=exponential) 55% (641/1161) regret=0.106668 ape=0.5954
[17:49:12] warmStart (decay=exponential) 55% (642/1161) regret=0.106668 ape=0.5954
[17:49:12] warmStart (decay=exponential) 55% (643/1161) regret=0.106668 ape=0.5954
[17:49:12] warmStart (decay=exponential) 55% (644/1161) regret=0.106619 ape=0.5954
[17:49:12] warmStart (decay=exponential) 55% (645/1161) regret=0.106668 ape=0.5954
[17:49:12] warmStart (decay=exponential) 55% (646/1161) regret=0.106619 ape=0.5954
[17:49:12] warmStart (decay=exponential) 55% (647/1161) regret=0.106619 ape=0.5954
[17:49:13] warmStart (decay=exponential) 55% (648/1161) regret=0.106619 ape=0.5954
[17:49:13] warmStart (decay=exponential) 55% (649/1161) regret=0.106619 ape=0.5954
[17:49:13] warmStart (decay=exponential) 55% (650/1161) regret=0.106613 ape=0.5954
[17:49:13] warmStart (decay=exponential) 56% (651/1161) regret=0.106613 ape=0.5954
[17:49:13] warmStart (decay=exponential) 56% (652/1161) regret=0.106619 ape=0.5954
[17:49:13] warmStart (decay=exponential) 56% (653/1161) regret=0.106619 ape=0.5954
[17:49:14] warmStart (decay=exponential) 56% (654/1161) regret=0.106619 ape=0.5954
[17:49:14] warmStart (decay=exponential) 56% (655/1161) regret=0.106619 ape=0.5954
[17:49:14] warmStart (decay=exponential) 56% (656/1161) regret=0.106619 ape=0.5954
[17:49:14] warmStart (decay=exponential) 56% (657/1161) regret=0.106619 ape=0.5954
[17:49:14] warmStart (decay=exponential) 56% (658/1161) regret=0.106619 ape=0.5954
[17:49:14] warmStart (decay=exponential) 56% (659/1161) regret=0.106619 ape=0.5954
[17:49:14] warmStart (decay=exponential) 56% (660/1161) regret=0.106619 ape=0.5954
[17:49:15] warmStart (decay=exponential) 56% (661/1161) regret=0.106619 ape=0.5954
[17:49:15] warmStart (decay=exponential) 57% (662/1161) regret=0.106619 ape=0.5954
[17:49:15] warmStart (decay=exponential) 57% (663/1161) regret=0.106619 ape=0.5954
[17:49:15] warmStart (decay=exponential) 57% (664/1161) regret=0.106619 ape=0.5954
[17:49:15] warmStart (decay=exponential) 57% (665/1161) regret=0.106619 ape=0.5954
[17:49:15] warmStart (decay=exponential) 57% (666/1161) regret=0.106619 ape=0.5954
[17:49:16] warmStart (decay=exponential) 57% (667/1161) regret=0.106619 ape=0.5954
[17:49:16] warmStart (decay=exponential) 57% (668/1161) regret=0.106586 ape=0.5954
[17:49:16] warmStart (decay=exponential) 57% (669/1161) regret=0.106628 ape=0.5954
[17:49:16] warmStart (decay=exponential) 57% (670/1161) regret=0.106582 ape=0.5945
[17:49:16] warmStart (decay=exponential) 57% (671/1161) regret=0.106582 ape=0.5945
[17:49:16] warmStart (decay=exponential) 57% (672/1161) regret=0.106582 ape=0.5945
[17:49:17] warmStart (decay=exponential) 57% (673/1161) regret=0.106582 ape=0.5945
[17:49:17] warmStart (decay=exponential) 58% (674/1161) regret=0.106582 ape=0.5945
[17:49:17] warmStart (decay=exponential) 58% (675/1161) regret=0.106582 ape=0.5945
[17:49:17] warmStart (decay=exponential) 58% (676/1161) regret=0.106582 ape=0.5945
[17:49:17] warmStart (decay=exponential) 58% (677/1161) regret=0.106582 ape=0.5945
[17:49:17] warmStart (decay=exponential) 58% (678/1161) regret=0.106582 ape=0.5945
[17:49:18] warmStart (decay=exponential) 58% (679/1161) regret=0.106582 ape=0.5945
[17:49:18] warmStart (decay=exponential) 58% (680/1161) regret=0.106582 ape=0.5945
[17:49:18] warmStart (decay=exponential) 58% (681/1161) regret=0.106582 ape=0.5945
[17:49:18] warmStart (decay=exponential) 58% (682/1161) regret=0.106582 ape=0.5945
[17:49:18] warmStart (decay=exponential) 58% (683/1161) regret=0.106582 ape=0.5945
[17:49:18] warmStart (decay=exponential) 58% (684/1161) regret=0.106582 ape=0.5945
[17:49:19] warmStart (decay=exponential) 59% (685/1161) regret=0.106586 ape=0.5954
[17:49:19] warmStart (decay=exponential) 59% (686/1161) regret=0.106586 ape=0.5954
[17:49:19] warmStart (decay=exponential) 59% (687/1161) regret=0.106586 ape=0.5954
[17:49:19] warmStart (decay=exponential) 59% (688/1161) regret=0.106586 ape=0.5954
[17:49:19] warmStart (decay=exponential) 59% (689/1161) regret=0.106586 ape=0.5954
[17:49:20] warmStart (decay=exponential) 59% (690/1161) regret=0.106586 ape=0.5954
[17:49:20] warmStart (decay=exponential) 59% (691/1161) regret=0.106586 ape=0.5954
[17:49:20] warmStart (decay=exponential) 59% (692/1161) regret=0.106586 ape=0.5954
[17:49:20] warmStart (decay=exponential) 59% (693/1161) regret=0.106411 ape=0.5954
[17:49:20] warmStart (decay=exponential) 59% (694/1161) regret=0.106328 ape=0.5954
[17:49:20] warmStart (decay=exponential) 59% (695/1161) regret=0.106411 ape=0.5954
[17:49:21] warmStart (decay=exponential) 59% (696/1161) regret=0.106043 ape=0.5945
[17:49:21] warmStart (decay=exponential) 60% (697/1161) regret=0.106043 ape=0.5945
[17:49:21] warmStart (decay=exponential) 60% (698/1161) regret=0.106070 ape=0.5945
[17:49:21] warmStart (decay=exponential) 60% (699/1161) regret=0.106043 ape=0.5945
[17:49:21] warmStart (decay=exponential) 60% (700/1161) regret=0.106043 ape=0.5945
[17:49:21] warmStart (decay=exponential) 60% (701/1161) regret=0.106043 ape=0.5945
[17:49:22] warmStart (decay=exponential) 60% (702/1161) regret=0.106043 ape=0.5945
[17:49:22] warmStart (decay=exponential) 60% (703/1161) regret=0.106043 ape=0.5945
[17:49:22] warmStart (decay=exponential) 60% (704/1161) regret=0.106227 ape=0.5945
[17:49:22] warmStart (decay=exponential) 60% (705/1161) regret=0.106024 ape=0.5945
[17:49:22] warmStart (decay=exponential) 60% (706/1161) regret=0.106024 ape=0.5945
[17:49:22] warmStart (decay=exponential) 60% (707/1161) regret=0.106024 ape=0.5945
[17:49:23] warmStart (decay=exponential) 60% (708/1161) regret=0.106043 ape=0.5945
[17:49:23] warmStart (decay=exponential) 61% (709/1161) regret=0.106043 ape=0.5945
[17:49:23] warmStart (decay=exponential) 61% (710/1161) regret=0.106024 ape=0.5945
[17:49:23] warmStart (decay=exponential) 61% (711/1161) regret=0.106024 ape=0.5945
[17:49:23] warmStart (decay=exponential) 61% (712/1161) regret=0.106024 ape=0.5945
[17:49:23] warmStart (decay=exponential) 61% (713/1161) regret=0.106024 ape=0.5945
[17:49:24] warmStart (decay=exponential) 61% (714/1161) regret=0.106080 ape=0.5954
[17:49:24] warmStart (decay=exponential) 61% (715/1161) regret=0.106024 ape=0.5945
[17:49:24] warmStart (decay=exponential) 61% (716/1161) regret=0.106080 ape=0.5954
[17:49:24] warmStart (decay=exponential) 61% (717/1161) regret=0.106762 ape=0.5963
[17:49:24] warmStart (decay=exponential) 61% (718/1161) regret=0.106080 ape=0.5954
[17:49:24] warmStart (decay=exponential) 61% (719/1161) regret=0.106236 ape=0.5963
[17:49:25] warmStart (decay=exponential) 62% (720/1161) regret=0.106080 ape=0.5954
[17:49:25] warmStart (decay=exponential) 62% (721/1161) regret=0.106080 ape=0.5954
[17:49:25] warmStart (decay=exponential) 62% (722/1161) regret=0.106080 ape=0.5954
[17:49:25] warmStart (decay=exponential) 62% (723/1161) regret=0.106080 ape=0.5954
[17:49:25] warmStart (decay=exponential) 62% (724/1161) regret=0.106064 ape=0.5954
[17:49:25] warmStart (decay=exponential) 62% (725/1161) regret=0.106064 ape=0.5954
[17:49:25] warmStart (decay=exponential) 62% (726/1161) regret=0.106043 ape=0.5945
[17:49:26] warmStart (decay=exponential) 62% (727/1161) regret=0.106043 ape=0.5945
[17:49:26] warmStart (decay=exponential) 62% (728/1161) regret=0.106043 ape=0.5945
[17:49:26] warmStart (decay=exponential) 62% (729/1161) regret=0.106043 ape=0.5945
[17:49:26] warmStart (decay=exponential) 62% (730/1161) regret=0.106043 ape=0.5945
[17:49:26] warmStart (decay=exponential) 62% (731/1161) regret=0.106043 ape=0.5945
[17:49:26] warmStart (decay=exponential) 63% (732/1161) regret=0.106043 ape=0.5945
[17:49:27] warmStart (decay=exponential) 63% (733/1161) regret=0.106043 ape=0.5945
[17:49:27] warmStart (decay=exponential) 63% (734/1161) regret=0.106043 ape=0.5945
[17:49:27] warmStart (decay=exponential) 63% (735/1161) regret=0.106043 ape=0.5945
[17:49:27] warmStart (decay=exponential) 63% (736/1161) regret=0.106043 ape=0.5945
[17:49:27] warmStart (decay=exponential) 63% (737/1161) regret=0.106043 ape=0.5945
[17:49:28] warmStart (decay=exponential) 63% (738/1161) regret=0.106043 ape=0.5945
[17:49:28] warmStart (decay=exponential) 63% (739/1161) regret=0.106043 ape=0.5945
[17:49:28] warmStart (decay=exponential) 63% (740/1161) regret=0.106043 ape=0.5945
[17:49:28] warmStart (decay=exponential) 63% (741/1161) regret=0.106043 ape=0.5945
[17:49:28] warmStart (decay=exponential) 63% (742/1161) regret=0.106043 ape=0.5945
[17:49:28] warmStart (decay=exponential) 63% (743/1161) regret=0.106043 ape=0.5945
[17:49:28] warmStart (decay=exponential) 64% (744/1161) regret=0.106043 ape=0.5945
[17:49:29] warmStart (decay=exponential) 64% (745/1161) regret=0.106043 ape=0.5945
[17:49:29] warmStart (decay=exponential) 64% (746/1161) regret=0.106043 ape=0.5945
[17:49:29] warmStart (decay=exponential) 64% (747/1161) regret=0.106043 ape=0.5945
[17:49:29] warmStart (decay=exponential) 64% (748/1161) regret=0.106043 ape=0.5945
[17:49:29] warmStart (decay=exponential) 64% (749/1161) regret=0.106043 ape=0.5945
[17:49:30] warmStart (decay=exponential) 64% (750/1161) regret=0.106043 ape=0.5945
[17:49:30] warmStart (decay=exponential) 64% (751/1161) regret=0.106043 ape=0.5945
[17:49:30] warmStart (decay=exponential) 64% (752/1161) regret=0.106043 ape=0.5945
[17:49:30] warmStart (decay=exponential) 64% (753/1161) regret=0.106043 ape=0.5945
[17:49:30] warmStart (decay=exponential) 64% (754/1161) regret=0.106043 ape=0.5945
[17:49:30] warmStart (decay=exponential) 65% (755/1161) regret=0.106043 ape=0.5945
[17:49:31] warmStart (decay=exponential) 65% (756/1161) regret=0.106043 ape=0.5945
[17:49:31] warmStart (decay=exponential) 65% (757/1161) regret=0.106043 ape=0.5945
[17:49:31] warmStart (decay=exponential) 65% (758/1161) regret=0.106043 ape=0.5945
[17:49:31] warmStart (decay=exponential) 65% (759/1161) regret=0.106043 ape=0.5945
[17:49:31] warmStart (decay=exponential) 65% (760/1161) regret=0.106043 ape=0.5945
[17:49:31] warmStart (decay=exponential) 65% (761/1161) regret=0.106043 ape=0.5945
[17:49:32] warmStart (decay=exponential) 65% (762/1161) regret=0.106043 ape=0.5945
[17:49:32] warmStart (decay=exponential) 65% (763/1161) regret=0.106043 ape=0.5945
[17:49:32] warmStart (decay=exponential) 65% (764/1161) regret=0.106043 ape=0.5945
[17:49:32] warmStart (decay=exponential) 65% (765/1161) regret=0.106043 ape=0.5945
[17:49:32] warmStart (decay=exponential) 65% (766/1161) regret=0.106043 ape=0.5945
[17:49:33] warmStart (decay=exponential) 66% (767/1161) regret=0.106043 ape=0.5945
[17:49:33] warmStart (decay=exponential) 66% (768/1161) regret=0.106043 ape=0.5945
[17:49:33] warmStart (decay=exponential) 66% (769/1161) regret=0.106043 ape=0.5945
[17:49:33] warmStart (decay=exponential) 66% (770/1161) regret=0.106043 ape=0.5945
[17:49:33] warmStart (decay=exponential) 66% (771/1161) regret=0.106025 ape=0.5945
[17:49:33] warmStart (decay=exponential) 66% (772/1161) regret=0.105960 ape=0.5945
[17:49:34] warmStart (decay=exponential) 66% (773/1161) regret=0.106043 ape=0.5945
[17:49:34] warmStart (decay=exponential) 66% (774/1161) regret=0.106043 ape=0.5945
[17:49:34] warmStart (decay=exponential) 66% (775/1161) regret=0.106043 ape=0.5945
[17:49:34] warmStart (decay=exponential) 66% (776/1161) regret=0.105960 ape=0.5945
[17:49:34] warmStart (decay=exponential) 66% (777/1161) regret=0.105960 ape=0.5945
[17:49:34] warmStart (decay=exponential) 67% (778/1161) regret=0.105960 ape=0.5945
[17:49:35] warmStart (decay=exponential) 67% (779/1161) regret=0.105960 ape=0.5945
[17:49:35] warmStart (decay=exponential) 67% (780/1161) regret=0.106062 ape=0.5954
[17:49:35] warmStart (decay=exponential) 67% (781/1161) regret=0.106053 ape=0.5954
[17:49:35] warmStart (decay=exponential) 67% (782/1161) regret=0.106007 ape=0.5954
[17:49:35] warmStart (decay=exponential) 67% (783/1161) regret=0.106007 ape=0.5954
[17:49:36] warmStart (decay=exponential) 67% (784/1161) regret=0.106007 ape=0.5954
[17:49:36] warmStart (decay=exponential) 67% (785/1161) regret=0.106007 ape=0.5954
[17:49:36] warmStart (decay=exponential) 67% (786/1161) regret=0.106007 ape=0.5954
[17:49:36] warmStart (decay=exponential) 67% (787/1161) regret=0.106007 ape=0.5954
[17:49:36] warmStart (decay=exponential) 67% (788/1161) regret=0.106007 ape=0.5954
[17:49:36] warmStart (decay=exponential) 67% (789/1161) regret=0.106007 ape=0.5954
[17:49:36] warmStart (decay=exponential) 68% (790/1161) regret=0.106007 ape=0.5954
[17:49:37] warmStart (decay=exponential) 68% (791/1161) regret=0.106007 ape=0.5954
[17:49:37] warmStart (decay=exponential) 68% (792/1161) regret=0.106007 ape=0.5954
[17:49:37] warmStart (decay=exponential) 68% (793/1161) regret=0.106007 ape=0.5954
[17:49:37] warmStart (decay=exponential) 68% (794/1161) regret=0.106007 ape=0.5954
[17:49:37] warmStart (decay=exponential) 68% (795/1161) regret=0.106007 ape=0.5954
[17:49:37] warmStart (decay=exponential) 68% (796/1161) regret=0.106007 ape=0.5954
[17:49:38] warmStart (decay=exponential) 68% (797/1161) regret=0.106007 ape=0.5954
[17:49:38] warmStart (decay=exponential) 68% (798/1161) regret=0.106007 ape=0.5954
[17:49:38] warmStart (decay=exponential) 68% (799/1161) regret=0.106007 ape=0.5954
[17:49:38] warmStart (decay=exponential) 68% (800/1161) regret=0.106007 ape=0.5954
[17:49:38] warmStart (decay=exponential) 68% (801/1161) regret=0.106007 ape=0.5954
[17:49:39] warmStart (decay=exponential) 69% (802/1161) regret=0.106007 ape=0.5954
[17:49:39] warmStart (decay=exponential) 69% (803/1161) regret=0.106007 ape=0.5954
[17:49:39] warmStart (decay=exponential) 69% (804/1161) regret=0.106007 ape=0.5954
[17:49:39] warmStart (decay=exponential) 69% (805/1161) regret=0.106007 ape=0.5954
[17:49:39] warmStart (decay=exponential) 69% (806/1161) regret=0.106007 ape=0.5954
[17:49:39] warmStart (decay=exponential) 69% (807/1161) regret=0.106007 ape=0.5954
[17:49:40] warmStart (decay=exponential) 69% (808/1161) regret=0.106007 ape=0.5954
[17:49:40] warmStart (decay=exponential) 69% (809/1161) regret=0.106007 ape=0.5954
[17:49:40] warmStart (decay=exponential) 69% (810/1161) regret=0.106007 ape=0.5954
[17:49:40] warmStart (decay=exponential) 69% (811/1161) regret=0.106007 ape=0.5954
[17:49:40] warmStart (decay=exponential) 69% (812/1161) regret=0.106007 ape=0.5954
[17:49:40] warmStart (decay=exponential) 70% (813/1161) regret=0.106007 ape=0.5954
[17:49:41] warmStart (decay=exponential) 70% (814/1161) regret=0.106007 ape=0.5954
[17:49:41] warmStart (decay=exponential) 70% (815/1161) regret=0.106007 ape=0.5954
[17:49:41] warmStart (decay=exponential) 70% (816/1161) regret=0.106007 ape=0.5954
[17:49:41] warmStart (decay=exponential) 70% (817/1161) regret=0.106007 ape=0.5954
[17:49:41] warmStart (decay=exponential) 70% (818/1161) regret=0.106007 ape=0.5954
[17:49:42] warmStart (decay=exponential) 70% (819/1161) regret=0.106007 ape=0.5954
[17:49:42] warmStart (decay=exponential) 70% (820/1161) regret=0.106007 ape=0.5954
[17:49:42] warmStart (decay=exponential) 70% (821/1161) regret=0.106007 ape=0.5954
[17:49:42] warmStart (decay=exponential) 70% (822/1161) regret=0.106007 ape=0.5954
[17:49:42] warmStart (decay=exponential) 70% (823/1161) regret=0.106007 ape=0.5954
[17:49:42] warmStart (decay=exponential) 70% (824/1161) regret=0.106007 ape=0.5954
[17:49:43] warmStart (decay=exponential) 71% (825/1161) regret=0.106007 ape=0.5954
[17:49:43] warmStart (decay=exponential) 71% (826/1161) regret=0.106007 ape=0.5954
[17:49:43] warmStart (decay=exponential) 71% (827/1161) regret=0.106007 ape=0.5954
[17:49:43] warmStart (decay=exponential) 71% (828/1161) regret=0.106007 ape=0.5954
[17:49:43] warmStart (decay=exponential) 71% (829/1161) regret=0.106007 ape=0.5954
[17:49:43] warmStart (decay=exponential) 71% (830/1161) regret=0.106007 ape=0.5954
[17:49:44] warmStart (decay=exponential) 71% (831/1161) regret=0.106007 ape=0.5954
[17:49:44] warmStart (decay=exponential) 71% (832/1161) regret=0.106007 ape=0.5954
[17:49:44] warmStart (decay=exponential) 71% (833/1161) regret=0.106463 ape=0.5963
[17:49:44] warmStart (decay=exponential) 71% (834/1161) regret=0.106472 ape=0.5963
[17:49:44] warmStart (decay=exponential) 71% (835/1161) regret=0.106062 ape=0.5963
[17:49:44] warmStart (decay=exponential) 72% (836/1161) regret=0.106007 ape=0.5954
[17:49:45] warmStart (decay=exponential) 72% (837/1161) regret=0.106007 ape=0.5954
[17:49:45] warmStart (decay=exponential) 72% (838/1161) regret=0.106007 ape=0.5954
[17:49:45] warmStart (decay=exponential) 72% (839/1161) regret=0.106007 ape=0.5954
[17:49:45] warmStart (decay=exponential) 72% (840/1161) regret=0.106074 ape=0.5954
[17:49:45] warmStart (decay=exponential) 72% (841/1161) regret=0.106019 ape=0.5954
[17:49:46] warmStart (decay=exponential) 72% (842/1161) regret=0.106019 ape=0.5954
[17:49:46] warmStart (decay=exponential) 72% (843/1161) regret=0.106019 ape=0.5954
[17:49:46] warmStart (decay=exponential) 72% (844/1161) regret=0.106019 ape=0.5954
[17:49:46] warmStart (decay=exponential) 72% (845/1161) regret=0.106000 ape=0.5945
[17:49:46] warmStart (decay=exponential) 72% (846/1161) regret=0.106019 ape=0.5954
[17:49:46] warmStart (decay=exponential) 72% (847/1161) regret=0.106017 ape=0.5954
[17:49:47] warmStart (decay=exponential) 73% (848/1161) regret=0.106019 ape=0.5954
[17:49:47] warmStart (decay=exponential) 73% (849/1161) regret=0.106017 ape=0.5954
[17:49:47] warmStart (decay=exponential) 73% (850/1161) regret=0.106019 ape=0.5954
[17:49:47] warmStart (decay=exponential) 73% (851/1161) regret=0.106017 ape=0.5954
[17:49:47] warmStart (decay=exponential) 73% (852/1161) regret=0.106007 ape=0.5954
[17:49:48] warmStart (decay=exponential) 73% (853/1161) regret=0.106495 ape=0.5963
[17:49:48] warmStart (decay=exponential) 73% (854/1161) regret=0.106407 ape=0.5963
[17:49:48] warmStart (decay=exponential) 73% (855/1161) regret=0.106007 ape=0.5954
[17:49:48] warmStart (decay=exponential) 73% (856/1161) regret=0.106007 ape=0.5954
[17:49:48] warmStart (decay=exponential) 73% (857/1161) regret=0.106007 ape=0.5954
[17:49:49] warmStart (decay=exponential) 73% (858/1161) regret=0.106007 ape=0.5954
[17:49:49] warmStart (decay=exponential) 73% (859/1161) regret=0.106200 ape=0.5963
[17:49:49] warmStart (decay=exponential) 74% (860/1161) regret=0.106007 ape=0.5954
[17:49:49] warmStart (decay=exponential) 74% (861/1161) regret=0.106007 ape=0.5954
[17:49:49] warmStart (decay=exponential) 74% (862/1161) regret=0.106007 ape=0.5954
[17:49:49] warmStart (decay=exponential) 74% (863/1161) regret=0.106007 ape=0.5954
[17:49:50] warmStart (decay=exponential) 74% (864/1161) regret=0.106094 ape=0.5963
[17:49:50] warmStart (decay=exponential) 74% (865/1161) regret=0.106007 ape=0.5954
[17:49:50] warmStart (decay=exponential) 74% (866/1161) regret=0.106007 ape=0.5954
[17:49:50] warmStart (decay=exponential) 74% (867/1161) regret=0.106007 ape=0.5954
[17:49:50] warmStart (decay=exponential) 74% (868/1161) regret=0.106007 ape=0.5954
[17:49:51] warmStart (decay=exponential) 74% (869/1161) regret=0.106007 ape=0.5954
[17:49:51] warmStart (decay=exponential) 74% (870/1161) regret=0.106007 ape=0.5954
[17:49:51] warmStart (decay=exponential) 75% (871/1161) regret=0.106094 ape=0.5963
[17:49:51] warmStart (decay=exponential) 75% (872/1161) regret=0.106007 ape=0.5954
[17:49:51] warmStart (decay=exponential) 75% (873/1161) regret=0.106007 ape=0.5954
[17:49:52] warmStart (decay=exponential) 75% (874/1161) regret=0.106007 ape=0.5954
[17:49:52] warmStart (decay=exponential) 75% (875/1161) regret=0.106094 ape=0.5963
[17:49:52] warmStart (decay=exponential) 75% (876/1161) regret=0.106094 ape=0.5963
[17:49:52] warmStart (decay=exponential) 75% (877/1161) regret=0.106094 ape=0.5963
[17:49:52] warmStart (decay=exponential) 75% (878/1161) regret=0.106094 ape=0.5963
[17:49:52] warmStart (decay=exponential) 75% (879/1161) regret=0.106094 ape=0.5963
[17:49:53] warmStart (decay=exponential) 75% (880/1161) regret=0.106094 ape=0.5963
[17:49:53] warmStart (decay=exponential) 75% (881/1161) regret=0.106094 ape=0.5963
[17:49:53] warmStart (decay=exponential) 75% (882/1161) regret=0.106094 ape=0.5963
[17:49:53] warmStart (decay=exponential) 76% (883/1161) regret=0.106094 ape=0.5963
[17:49:53] warmStart (decay=exponential) 76% (884/1161) regret=0.106094 ape=0.5963
[17:49:53] warmStart (decay=exponential) 76% (885/1161) regret=0.106094 ape=0.5963
[17:49:54] warmStart (decay=exponential) 76% (886/1161) regret=0.106094 ape=0.5963
[17:49:54] warmStart (decay=exponential) 76% (887/1161) regret=0.106094 ape=0.5963
[17:49:54] warmStart (decay=exponential) 76% (888/1161) regret=0.106094 ape=0.5963
[17:49:54] warmStart (decay=exponential) 76% (889/1161) regret=0.106094 ape=0.5963
[17:49:54] warmStart (decay=exponential) 76% (890/1161) regret=0.106094 ape=0.5963
[17:49:54] warmStart (decay=exponential) 76% (891/1161) regret=0.106094 ape=0.5963
[17:49:55] warmStart (decay=exponential) 76% (892/1161) regret=0.106094 ape=0.5963
[17:49:55] warmStart (decay=exponential) 76% (893/1161) regret=0.106094 ape=0.5963
[17:49:55] warmStart (decay=exponential) 77% (894/1161) regret=0.106094 ape=0.5963
[17:49:55] warmStart (decay=exponential) 77% (895/1161) regret=0.106094 ape=0.5963
[17:49:55] warmStart (decay=exponential) 77% (896/1161) regret=0.106094 ape=0.5963
[17:49:55] warmStart (decay=exponential) 77% (897/1161) regret=0.106094 ape=0.5963
[17:49:55] warmStart (decay=exponential) 77% (898/1161) regret=0.106094 ape=0.5963
[17:49:56] warmStart (decay=exponential) 77% (899/1161) regret=0.106094 ape=0.5963
[17:49:56] warmStart (decay=exponential) 77% (900/1161) regret=0.106398 ape=0.5963
[17:49:56] warmStart (decay=exponential) 77% (901/1161) regret=0.105951 ape=0.5954
[17:49:56] warmStart (decay=exponential) 77% (902/1161) regret=0.105951 ape=0.5954
[17:49:56] warmStart (decay=exponential) 77% (903/1161) regret=0.105951 ape=0.5954
[17:49:56] warmStart (decay=exponential) 77% (904/1161) regret=0.105951 ape=0.5954
[17:49:57] warmStart (decay=exponential) 77% (905/1161) regret=0.105850 ape=0.5954
[17:49:57] warmStart (decay=exponential) 78% (906/1161) regret=0.105850 ape=0.5954
[17:49:57] warmStart (decay=exponential) 78% (907/1161) regret=0.105850 ape=0.5954
[17:49:57] warmStart (decay=exponential) 78% (908/1161) regret=0.105850 ape=0.5954
[17:49:57] warmStart (decay=exponential) 78% (909/1161) regret=0.105850 ape=0.5954
[17:49:57] warmStart (decay=exponential) 78% (910/1161) regret=0.105850 ape=0.5954
[17:49:58] warmStart (decay=exponential) 78% (911/1161) regret=0.105924 ape=0.5954
[17:49:58] warmStart (decay=exponential) 78% (912/1161) regret=0.105924 ape=0.5954
[17:49:58] warmStart (decay=exponential) 78% (913/1161) regret=0.105850 ape=0.5954
[17:49:58] warmStart (decay=exponential) 78% (914/1161) regret=0.105866 ape=0.5963
[17:49:58] warmStart (decay=exponential) 78% (915/1161) regret=0.105866 ape=0.5963
[17:49:58] warmStart (decay=exponential) 78% (916/1161) regret=0.105894 ape=0.5963
[17:49:59] warmStart (decay=exponential) 78% (917/1161) regret=0.105894 ape=0.5963
[17:49:59] warmStart (decay=exponential) 79% (918/1161) regret=0.105894 ape=0.5963
[17:49:59] warmStart (decay=exponential) 79% (919/1161) regret=0.105864 ape=0.5963
[17:49:59] warmStart (decay=exponential) 79% (920/1161) regret=0.105894 ape=0.5963
[17:49:59] warmStart (decay=exponential) 79% (921/1161) regret=0.105868 ape=0.5963
[17:49:59] warmStart (decay=exponential) 79% (922/1161) regret=0.105850 ape=0.5954
[17:50:00] warmStart (decay=exponential) 79% (923/1161) regret=0.105850 ape=0.5954
[17:50:00] warmStart (decay=exponential) 79% (924/1161) regret=0.105850 ape=0.5954
[17:50:00] warmStart (decay=exponential) 79% (925/1161) regret=0.105850 ape=0.5954
[17:50:00] warmStart (decay=exponential) 79% (926/1161) regret=0.105850 ape=0.5954
[17:50:00] warmStart (decay=exponential) 79% (927/1161) regret=0.105850 ape=0.5954
[17:50:01] warmStart (decay=exponential) 79% (928/1161) regret=0.105850 ape=0.5954
[17:50:01] warmStart (decay=exponential) 80% (929/1161) regret=0.105850 ape=0.5954
[17:50:01] warmStart (decay=exponential) 80% (930/1161) regret=0.105850 ape=0.5954
[17:50:01] warmStart (decay=exponential) 80% (931/1161) regret=0.105850 ape=0.5954
[17:50:01] warmStart (decay=exponential) 80% (932/1161) regret=0.105850 ape=0.5954
[17:50:01] warmStart (decay=exponential) 80% (933/1161) regret=0.105850 ape=0.5954
[17:50:02] warmStart (decay=exponential) 80% (934/1161) regret=0.105850 ape=0.5954
[17:50:02] warmStart (decay=exponential) 80% (935/1161) regret=0.105850 ape=0.5954
[17:50:02] warmStart (decay=exponential) 80% (936/1161) regret=0.105850 ape=0.5954
[17:50:02] warmStart (decay=exponential) 80% (937/1161) regret=0.105850 ape=0.5954
[17:50:02] warmStart (decay=exponential) 80% (938/1161) regret=0.105850 ape=0.5954
[17:50:02] warmStart (decay=exponential) 80% (939/1161) regret=0.105850 ape=0.5954
[17:50:02] warmStart (decay=exponential) 80% (940/1161) regret=0.105850 ape=0.5954
[17:50:03] warmStart (decay=exponential) 81% (941/1161) regret=0.105850 ape=0.5954
[17:50:03] warmStart (decay=exponential) 81% (942/1161) regret=0.105850 ape=0.5954
[17:50:03] warmStart (decay=exponential) 81% (943/1161) regret=0.105850 ape=0.5954
[17:50:03] warmStart (decay=exponential) 81% (944/1161) regret=0.105850 ape=0.5954
[17:50:03] warmStart (decay=exponential) 81% (945/1161) regret=0.105850 ape=0.5954
[17:50:03] warmStart (decay=exponential) 81% (946/1161) regret=0.105850 ape=0.5954
[17:50:04] warmStart (decay=exponential) 81% (947/1161) regret=0.105850 ape=0.5954
[17:50:04] warmStart (decay=exponential) 81% (948/1161) regret=0.105850 ape=0.5954
[17:50:04] warmStart (decay=exponential) 81% (949/1161) regret=0.105850 ape=0.5954
[17:50:04] warmStart (decay=exponential) 81% (950/1161) regret=0.105850 ape=0.5954
[17:50:04] warmStart (decay=exponential) 81% (951/1161) regret=0.106062 ape=0.5954
[17:50:04] warmStart (decay=exponential) 81% (952/1161) regret=0.105850 ape=0.5954
[17:50:04] warmStart (decay=exponential) 82% (953/1161) regret=0.105850 ape=0.5954
[17:50:05] warmStart (decay=exponential) 82% (954/1161) regret=0.105850 ape=0.5954
[17:50:05] warmStart (decay=exponential) 82% (955/1161) regret=0.105850 ape=0.5954
[17:50:05] warmStart (decay=exponential) 82% (956/1161) regret=0.105850 ape=0.5954
[17:50:05] warmStart (decay=exponential) 82% (957/1161) regret=0.105850 ape=0.5954
[17:50:05] warmStart (decay=exponential) 82% (958/1161) regret=0.105850 ape=0.5954
[17:50:05] warmStart (decay=exponential) 82% (959/1161) regret=0.105850 ape=0.5954
[17:50:06] warmStart (decay=exponential) 82% (960/1161) regret=0.105850 ape=0.5954
[17:50:06] warmStart (decay=exponential) 82% (961/1161) regret=0.105850 ape=0.5954
[17:50:06] warmStart (decay=exponential) 82% (962/1161) regret=0.105850 ape=0.5954
[17:50:06] warmStart (decay=exponential) 82% (963/1161) regret=0.105850 ape=0.5954
[17:50:06] warmStart (decay=exponential) 83% (964/1161) regret=0.105850 ape=0.5954
[17:50:07] warmStart (decay=exponential) 83% (965/1161) regret=0.105850 ape=0.5954
[17:50:07] warmStart (decay=exponential) 83% (966/1161) regret=0.105850 ape=0.5954
[17:50:07] warmStart (decay=exponential) 83% (967/1161) regret=0.105850 ape=0.5954
[17:50:07] warmStart (decay=exponential) 83% (968/1161) regret=0.105850 ape=0.5954
[17:50:07] warmStart (decay=exponential) 83% (969/1161) regret=0.105850 ape=0.5954
[17:50:07] warmStart (decay=exponential) 83% (970/1161) regret=0.105850 ape=0.5954
[17:50:07] warmStart (decay=exponential) 83% (971/1161) regret=0.105850 ape=0.5954
[17:50:08] warmStart (decay=exponential) 83% (972/1161) regret=0.105850 ape=0.5954
[17:50:08] warmStart (decay=exponential) 83% (973/1161) regret=0.105850 ape=0.5954
[17:50:08] warmStart (decay=exponential) 83% (974/1161) regret=0.105850 ape=0.5954
[17:50:08] warmStart (decay=exponential) 83% (975/1161) regret=0.105850 ape=0.5954
[17:50:08] warmStart (decay=exponential) 84% (976/1161) regret=0.105850 ape=0.5954
[17:50:09] warmStart (decay=exponential) 84% (977/1161) regret=0.105850 ape=0.5954
[17:50:09] warmStart (decay=exponential) 84% (978/1161) regret=0.105850 ape=0.5954
[17:50:09] warmStart (decay=exponential) 84% (979/1161) regret=0.105850 ape=0.5954
[17:50:09] warmStart (decay=exponential) 84% (980/1161) regret=0.105850 ape=0.5954
[17:50:09] warmStart (decay=exponential) 84% (981/1161) regret=0.105850 ape=0.5954
[17:50:09] warmStart (decay=exponential) 84% (982/1161) regret=0.105850 ape=0.5954
[17:50:10] warmStart (decay=exponential) 84% (983/1161) regret=0.105850 ape=0.5954
[17:50:10] warmStart (decay=exponential) 84% (984/1161) regret=0.105850 ape=0.5954
[17:50:10] warmStart (decay=exponential) 84% (985/1161) regret=0.105850 ape=0.5954
[17:50:10] warmStart (decay=exponential) 84% (986/1161) regret=0.105850 ape=0.5954
[17:50:10] warmStart (decay=exponential) 85% (987/1161) regret=0.105850 ape=0.5954
[17:50:10] warmStart (decay=exponential) 85% (988/1161) regret=0.105850 ape=0.5954
[17:50:10] warmStart (decay=exponential) 85% (989/1161) regret=0.105850 ape=0.5954
[17:50:11] warmStart (decay=exponential) 85% (990/1161) regret=0.105850 ape=0.5954
[17:50:11] warmStart (decay=exponential) 85% (991/1161) regret=0.105850 ape=0.5954
[17:50:11] warmStart (decay=exponential) 85% (992/1161) regret=0.105850 ape=0.5954
[17:50:11] warmStart (decay=exponential) 85% (993/1161) regret=0.105850 ape=0.5954
[17:50:11] warmStart (decay=exponential) 85% (994/1161) regret=0.105850 ape=0.5954
[17:50:12] warmStart (decay=exponential) 85% (995/1161) regret=0.105850 ape=0.5954
[17:50:12] warmStart (decay=exponential) 85% (996/1161) regret=0.105850 ape=0.5954
[17:50:12] warmStart (decay=exponential) 85% (997/1161) regret=0.105850 ape=0.5954
[17:50:12] warmStart (decay=exponential) 85% (998/1161) regret=0.105850 ape=0.5954
[17:50:12] warmStart (decay=exponential) 86% (999/1161) regret=0.105850 ape=0.5954
[17:50:12] warmStart (decay=exponential) 86% (1000/1161) regret=0.105850 ape=0.5954
[17:50:12] warmStart (decay=exponential) 86% (1001/1161) regret=0.105850 ape=0.5954
[17:50:13] warmStart (decay=exponential) 86% (1002/1161) regret=0.105850 ape=0.5954
[17:50:13] warmStart (decay=exponential) 86% (1003/1161) regret=0.105850 ape=0.5954
[17:50:13] warmStart (decay=exponential) 86% (1004/1161) regret=0.105850 ape=0.5954
[17:50:13] warmStart (decay=exponential) 86% (1005/1161) regret=0.105850 ape=0.5954
[17:50:13] warmStart (decay=exponential) 86% (1006/1161) regret=0.105850 ape=0.5954
[17:50:14] warmStart (decay=exponential) 86% (1007/1161) regret=0.105850 ape=0.5954
[17:50:14] warmStart (decay=exponential) 86% (1008/1161) regret=0.105850 ape=0.5954
[17:50:14] warmStart (decay=exponential) 86% (1009/1161) regret=0.105850 ape=0.5954
[17:50:14] warmStart (decay=exponential) 86% (1010/1161) regret=0.105850 ape=0.5954
[17:50:14] warmStart (decay=exponential) 87% (1011/1161) regret=0.105850 ape=0.5954
[17:50:14] warmStart (decay=exponential) 87% (1012/1161) regret=0.105850 ape=0.5954
[17:50:15] warmStart (decay=exponential) 87% (1013/1161) regret=0.105850 ape=0.5954
[17:50:15] warmStart (decay=exponential) 87% (1014/1161) regret=0.105850 ape=0.5954
[17:50:15] warmStart (decay=exponential) 87% (1015/1161) regret=0.105850 ape=0.5954
[17:50:15] warmStart (decay=exponential) 87% (1016/1161) regret=0.105850 ape=0.5954
[17:50:15] warmStart (decay=exponential) 87% (1017/1161) regret=0.105850 ape=0.5954
[17:50:15] warmStart (decay=exponential) 87% (1018/1161) regret=0.105850 ape=0.5954
[17:50:16] warmStart (decay=exponential) 87% (1019/1161) regret=0.105850 ape=0.5954
[17:50:16] warmStart (decay=exponential) 87% (1020/1161) regret=0.105850 ape=0.5954
[17:50:16] warmStart (decay=exponential) 87% (1021/1161) regret=0.105850 ape=0.5954
[17:50:16] warmStart (decay=exponential) 88% (1022/1161) regret=0.105850 ape=0.5954
[17:50:16] warmStart (decay=exponential) 88% (1023/1161) regret=0.105850 ape=0.5954
[17:50:16] warmStart (decay=exponential) 88% (1024/1161) regret=0.105850 ape=0.5954
[17:50:17] warmStart (decay=exponential) 88% (1025/1161) regret=0.105850 ape=0.5954
[17:50:17] warmStart (decay=exponential) 88% (1026/1161) regret=0.105850 ape=0.5954
[17:50:17] warmStart (decay=exponential) 88% (1027/1161) regret=0.105850 ape=0.5954
[17:50:17] warmStart (decay=exponential) 88% (1028/1161) regret=0.105850 ape=0.5954
[17:50:17] warmStart (decay=exponential) 88% (1029/1161) regret=0.105850 ape=0.5954
[17:50:17] warmStart (decay=exponential) 88% (1030/1161) regret=0.105850 ape=0.5954
[17:50:18] warmStart (decay=exponential) 88% (1031/1161) regret=0.105850 ape=0.5954
[17:50:18] warmStart (decay=exponential) 88% (1032/1161) regret=0.105850 ape=0.5954
[17:50:18] warmStart (decay=exponential) 88% (1033/1161) regret=0.105850 ape=0.5954
[17:50:18] warmStart (decay=exponential) 89% (1034/1161) regret=0.105850 ape=0.5954
[17:50:18] warmStart (decay=exponential) 89% (1035/1161) regret=0.105850 ape=0.5954
[17:50:18] warmStart (decay=exponential) 89% (1036/1161) regret=0.105850 ape=0.5954
[17:50:19] warmStart (decay=exponential) 89% (1037/1161) regret=0.106320 ape=0.5963
[17:50:19] warmStart (decay=exponential) 89% (1038/1161) regret=0.105850 ape=0.5954
[17:50:19] warmStart (decay=exponential) 89% (1039/1161) regret=0.105850 ape=0.5954
[17:50:19] warmStart (decay=exponential) 89% (1040/1161) regret=0.105850 ape=0.5954
[17:50:19] warmStart (decay=exponential) 89% (1041/1161) regret=0.105850 ape=0.5954
[17:50:19] warmStart (decay=exponential) 89% (1042/1161) regret=0.105850 ape=0.5954
[17:50:19] warmStart (decay=exponential) 89% (1043/1161) regret=0.105850 ape=0.5954
[17:50:20] warmStart (decay=exponential) 89% (1044/1161) regret=0.105850 ape=0.5954
[17:50:20] warmStart (decay=exponential) 90% (1045/1161) regret=0.105850 ape=0.5954
[17:50:20] warmStart (decay=exponential) 90% (1046/1161) regret=0.105850 ape=0.5954
[17:50:20] warmStart (decay=exponential) 90% (1047/1161) regret=0.105850 ape=0.5954
[17:50:20] warmStart (decay=exponential) 90% (1048/1161) regret=0.105850 ape=0.5954
[17:50:20] warmStart (decay=exponential) 90% (1049/1161) regret=0.105850 ape=0.5954
[17:50:21] warmStart (decay=exponential) 90% (1050/1161) regret=0.105850 ape=0.5954
[17:50:21] warmStart (decay=exponential) 90% (1051/1161) regret=0.105850 ape=0.5954
[17:50:21] warmStart (decay=exponential) 90% (1052/1161) regret=0.105850 ape=0.5954
[17:50:21] warmStart (decay=exponential) 90% (1053/1161) regret=0.105850 ape=0.5954
[17:50:21] warmStart (decay=exponential) 90% (1054/1161) regret=0.105850 ape=0.5954
[17:50:21] warmStart (decay=exponential) 90% (1055/1161) regret=0.105850 ape=0.5954
[17:50:21] warmStart (decay=exponential) 90% (1056/1161) regret=0.105850 ape=0.5954
[17:50:22] warmStart (decay=exponential) 91% (1057/1161) regret=0.105850 ape=0.5954
[17:50:22] warmStart (decay=exponential) 91% (1058/1161) regret=0.105850 ape=0.5954
[17:50:22] warmStart (decay=exponential) 91% (1059/1161) regret=0.105850 ape=0.5954
[17:50:22] warmStart (decay=exponential) 91% (1060/1161) regret=0.105850 ape=0.5954
[17:50:22] warmStart (decay=exponential) 91% (1061/1161) regret=0.105850 ape=0.5954
[17:50:22] warmStart (decay=exponential) 91% (1062/1161) regret=0.105960 ape=0.5963
[17:50:23] warmStart (decay=exponential) 91% (1063/1161) regret=0.105942 ape=0.5963
[17:50:23] warmStart (decay=exponential) 91% (1064/1161) regret=0.105942 ape=0.5963
[17:50:23] warmStart (decay=exponential) 91% (1065/1161) regret=0.105942 ape=0.5963
[17:50:23] warmStart (decay=exponential) 91% (1066/1161) regret=0.105942 ape=0.5963
[17:50:23] warmStart (decay=exponential) 91% (1067/1161) regret=0.105951 ape=0.5963
[17:50:23] warmStart (decay=exponential) 91% (1068/1161) regret=0.105951 ape=0.5963
[17:50:24] warmStart (decay=exponential) 92% (1069/1161) regret=0.105951 ape=0.5963
[17:50:24] warmStart (decay=exponential) 92% (1070/1161) regret=0.105951 ape=0.5963
[17:50:24] warmStart (decay=exponential) 92% (1071/1161) regret=0.105951 ape=0.5963
[17:50:24] warmStart (decay=exponential) 92% (1072/1161) regret=0.106048 ape=0.5972
[17:50:24] warmStart (decay=exponential) 92% (1073/1161) regret=0.105956 ape=0.5972
[17:50:25] warmStart (decay=exponential) 92% (1074/1161) regret=0.105956 ape=0.5972
[17:50:25] warmStart (decay=exponential) 92% (1075/1161) regret=0.105956 ape=0.5972
[17:50:25] warmStart (decay=exponential) 92% (1076/1161) regret=0.105956 ape=0.5972
[17:50:25] warmStart (decay=exponential) 92% (1077/1161) regret=0.105951 ape=0.5963
[17:50:25] warmStart (decay=exponential) 92% (1078/1161) regret=0.105956 ape=0.5972
[17:50:26] warmStart (decay=exponential) 92% (1079/1161) regret=0.105956 ape=0.5972
[17:50:26] warmStart (decay=exponential) 93% (1080/1161) regret=0.105956 ape=0.5972
[17:50:26] warmStart (decay=exponential) 93% (1081/1161) regret=0.105956 ape=0.5972
[17:50:26] warmStart (decay=exponential) 93% (1082/1161) regret=0.105956 ape=0.5972
[17:50:26] warmStart (decay=exponential) 93% (1083/1161) regret=0.105956 ape=0.5972
[17:50:27] warmStart (decay=exponential) 93% (1084/1161) regret=0.105956 ape=0.5972
[17:50:27] warmStart (decay=exponential) 93% (1085/1161) regret=0.106020 ape=0.5972
[17:50:27] warmStart (decay=exponential) 93% (1086/1161) regret=0.106007 ape=0.5972
[17:50:27] warmStart (decay=exponential) 93% (1087/1161) regret=0.105984 ape=0.5972
[17:50:27] warmStart (decay=exponential) 93% (1088/1161) regret=0.105984 ape=0.5972
[17:50:27] warmStart (decay=exponential) 93% (1089/1161) regret=0.105984 ape=0.5972
[17:50:28] warmStart (decay=exponential) 93% (1090/1161) regret=0.105960 ape=0.5972
[17:50:28] warmStart (decay=exponential) 93% (1091/1161) regret=0.105960 ape=0.5972
[17:50:28] warmStart (decay=exponential) 94% (1092/1161) regret=0.105960 ape=0.5972
[17:50:28] warmStart (decay=exponential) 94% (1093/1161) regret=0.105960 ape=0.5972
[17:50:28] warmStart (decay=exponential) 94% (1094/1161) regret=0.105960 ape=0.5972
[17:50:29] warmStart (decay=exponential) 94% (1095/1161) regret=0.105960 ape=0.5972
[17:50:29] warmStart (decay=exponential) 94% (1096/1161) regret=0.105960 ape=0.5972
[17:50:29] warmStart (decay=exponential) 94% (1097/1161) regret=0.105960 ape=0.5972
[17:50:29] warmStart (decay=exponential) 94% (1098/1161) regret=0.105960 ape=0.5972
[17:50:29] warmStart (decay=exponential) 94% (1099/1161) regret=0.105960 ape=0.5972
[17:50:30] warmStart (decay=exponential) 94% (1100/1161) regret=0.105960 ape=0.5972
[17:50:30] warmStart (decay=exponential) 94% (1101/1161) regret=0.105960 ape=0.5972
[17:50:30] warmStart (decay=exponential) 94% (1102/1161) regret=0.105960 ape=0.5972
[17:50:30] warmStart (decay=exponential) 95% (1103/1161) regret=0.105960 ape=0.5972
[17:50:30] warmStart (decay=exponential) 95% (1104/1161) regret=0.105960 ape=0.5972
[17:50:31] warmStart (decay=exponential) 95% (1105/1161) regret=0.105960 ape=0.5972
[17:50:31] warmStart (decay=exponential) 95% (1106/1161) regret=0.105960 ape=0.5972
[17:50:31] warmStart (decay=exponential) 95% (1107/1161) regret=0.105960 ape=0.5972
[17:50:31] warmStart (decay=exponential) 95% (1108/1161) regret=0.105960 ape=0.5972
[17:50:31] warmStart (decay=exponential) 95% (1109/1161) regret=0.105960 ape=0.5972
[17:50:31] warmStart (decay=exponential) 95% (1110/1161) regret=0.105960 ape=0.5972
[17:50:32] warmStart (decay=exponential) 95% (1111/1161) regret=0.105960 ape=0.5972
[17:50:32] warmStart (decay=exponential) 95% (1112/1161) regret=0.105960 ape=0.5972
[17:50:32] warmStart (decay=exponential) 95% (1113/1161) regret=0.105960 ape=0.5972
[17:50:32] warmStart (decay=exponential) 95% (1114/1161) regret=0.105960 ape=0.5972
[17:50:32] warmStart (decay=exponential) 96% (1115/1161) regret=0.105960 ape=0.5972
[17:50:33] warmStart (decay=exponential) 96% (1116/1161) regret=0.105960 ape=0.5972
[17:50:33] warmStart (decay=exponential) 96% (1117/1161) regret=0.105960 ape=0.5972
[17:50:33] warmStart (decay=exponential) 96% (1118/1161) regret=0.105960 ape=0.5972
[17:50:33] warmStart (decay=exponential) 96% (1119/1161) regret=0.105960 ape=0.5972
[17:50:33] warmStart (decay=exponential) 96% (1120/1161) regret=0.105960 ape=0.5972
[17:50:33] warmStart (decay=exponential) 96% (1121/1161) regret=0.105960 ape=0.5972
[17:50:34] warmStart (decay=exponential) 96% (1122/1161) regret=0.105960 ape=0.5972
[17:50:34] warmStart (decay=exponential) 96% (1123/1161) regret=0.106016 ape=0.5982
[17:50:34] warmStart (decay=exponential) 96% (1124/1161) regret=0.105960 ape=0.5972
[17:50:34] warmStart (decay=exponential) 96% (1125/1161) regret=0.105960 ape=0.5972
[17:50:34] warmStart (decay=exponential) 96% (1126/1161) regret=0.105960 ape=0.5972
[17:50:35] warmStart (decay=exponential) 97% (1127/1161) regret=0.105960 ape=0.5972
[17:50:35] warmStart (decay=exponential) 97% (1128/1161) regret=0.105960 ape=0.5972
[17:50:35] warmStart (decay=exponential) 97% (1129/1161) regret=0.105960 ape=0.5972
[17:50:35] warmStart (decay=exponential) 97% (1130/1161) regret=0.105960 ape=0.5972
[17:50:35] warmStart (decay=exponential) 97% (1131/1161) regret=0.105960 ape=0.5972
[17:50:35] warmStart (decay=exponential) 97% (1132/1161) regret=0.105960 ape=0.5972
[17:50:36] warmStart (decay=exponential) 97% (1133/1161) regret=0.105960 ape=0.5972
[17:50:36] warmStart (decay=exponential) 97% (1134/1161) regret=0.105960 ape=0.5972
[17:50:36] warmStart (decay=exponential) 97% (1135/1161) regret=0.105960 ape=0.5972
[17:50:36] warmStart (decay=exponential) 97% (1136/1161) regret=0.105960 ape=0.5972
[17:50:36] warmStart (decay=exponential) 97% (1137/1161) regret=0.105960 ape=0.5972
[17:50:36] warmStart (decay=exponential) 98% (1138/1161) regret=0.105960 ape=0.5972
[17:50:37] warmStart (decay=exponential) 98% (1139/1161) regret=0.105960 ape=0.5972
[17:50:37] warmStart (decay=exponential) 98% (1140/1161) regret=0.105960 ape=0.5972
[17:50:37] warmStart (decay=exponential) 98% (1141/1161) regret=0.105960 ape=0.5972
[17:50:37] warmStart (decay=exponential) 98% (1142/1161) regret=0.105960 ape=0.5972
[17:50:37] warmStart (decay=exponential) 98% (1143/1161) regret=0.105960 ape=0.5972
[17:50:37] warmStart (decay=exponential) 98% (1144/1161) regret=0.105960 ape=0.5972
[17:50:38] warmStart (decay=exponential) 98% (1145/1161) regret=0.105960 ape=0.5972
[17:50:38] warmStart (decay=exponential) 98% (1146/1161) regret=0.105960 ape=0.5972
[17:50:38] warmStart (decay=exponential) 98% (1147/1161) regret=0.105960 ape=0.5972
[17:50:38] warmStart (decay=exponential) 98% (1148/1161) regret=0.105960 ape=0.5972
[17:50:38] warmStart (decay=exponential) 98% (1149/1161) regret=0.105960 ape=0.5972
[17:50:38] warmStart (decay=exponential) 99% (1150/1161) regret=0.105960 ape=0.5972
[17:50:39] warmStart (decay=exponential) 99% (1151/1161) regret=0.105960 ape=0.5972
[17:50:39] warmStart (decay=exponential) 99% (1152/1161) regret=0.105960 ape=0.5972
[17:50:39] warmStart (decay=exponential) 99% (1153/1161) regret=0.105960 ape=0.5972
[17:50:39] warmStart (decay=exponential) 99% (1154/1161) regret=0.105960 ape=0.5972
[17:50:39] warmStart (decay=exponential) 99% (1155/1161) regret=0.105960 ape=0.5972
[17:50:39] warmStart (decay=exponential) 99% (1156/1161) regret=0.105960 ape=0.5972
[17:50:40] warmStart (decay=exponential) 99% (1157/1161) regret=0.105960 ape=0.5972
[17:50:40] warmStart (decay=exponential) 99% (1158/1161) regret=0.105960 ape=0.5972
[17:50:40] warmStart (decay=exponential) 99% (1159/1161) regret=0.105960 ape=0.5972
[17:50:40] warmStart (decay=exponential) 99% (1160/1161) regret=0.105960 ape=0.5972
[17:50:40] warmStart (decay=exponential) 100% (1161/1161) regret=0.105960 ape=0.5972
Warm w=50 finished: 1161 points, 201.88s wall time
  Final: regret=0.105960, ape=0.5972

Saved: /home/users/g/s/gsavary/LudiiMCTSVariations/slurm_sweep_full_dataset/output_decay/warm_50_decay_exponential_0_90/seed_3/sweep_decay_warm_50_exponential_0.9_3_20260426_175040.json

Generating plots...
Saved: /home/users/g/s/gsavary/LudiiMCTSVariations/slurm_sweep_full_dataset/output_decay/warm_50_decay_exponential_0_90/seed_3/sweep_decay_warm_50_exponential_0.9_3_20260426_175040_regret.png
Saved: /home/users/g/s/gsavary/LudiiMCTSVariations/slurm_sweep_full_dataset/output_decay/warm_50_decay_exponential_0_90/seed_3/sweep_decay_warm_50_exponential_0.9_3_20260426_175040_ape.png

================================================================================
Experiment complete!
================================================================================
Done. Results in: /home/users/g/s/gsavary/LudiiMCTSVariations/slurm_sweep_full_dataset/output_decay/warm_50_decay_exponential_0_90/seed_3
