============================================================
Decay sweep experiment
Method:      warm:200
Decay mode:  exponential
Decay param: 0.50
Seed:        4
Output:      /home/users/g/s/gsavary/LudiiMCTSVariations/slurm_sweep_full_dataset/output_decay/warm_200_decay_exponential_0_50/seed_4
============================================================

================================================================================
SLURM Sweep Experiment with Synthetic Data Decay
================================================================================
Method: warm:200
Decay: exponential (param=0.5)
Time limit: 3600.0s, Seed: 4, Batch size: 20
Output directory: /home/users/g/s/gsavary/LudiiMCTSVariations/slurm_sweep_full_dataset/output_decay/warm_200_decay_exponential_0_50/seed_4

Loading Ludii dataset...
Loaded 1085 games
Using 1085 games (full dataset)

Running timing probe (100 pulls)...
  Estimated secs/pull: 0.022659

Time budget: 3600.0s → ~158875 total pulls
Per-method budget: 22696 pulls (~514.3s)

Computing predictor-only performance...
  Predictions loaded: 23675 agent predictions
  Predictor-only: regret=0.104318, ape=0.4894

Running WARM-START (w=200, decay=exponential param=0.5)...
[17:55:54] warmStart (decay=exponential) 0% (1/1135) regret=0.100827 ape=0.5530
[17:55:55] warmStart (decay=exponential) 0% (2/1135) regret=0.100827 ape=0.5530
[17:55:55] warmStart (decay=exponential) 0% (3/1135) regret=0.100827 ape=0.5530
[17:55:55] warmStart (decay=exponential) 0% (4/1135) regret=0.100827 ape=0.5530
[17:55:55] warmStart (decay=exponential) 0% (5/1135) regret=0.100827 ape=0.5530
[17:55:55] warmStart (decay=exponential) 0% (6/1135) regret=0.100827 ape=0.5530
[17:55:56] warmStart (decay=exponential) 0% (7/1135) regret=0.100827 ape=0.5530
[17:55:56] warmStart (decay=exponential) 0% (8/1135) regret=0.100827 ape=0.5530
[17:55:56] warmStart (decay=exponential) 0% (9/1135) regret=0.100827 ape=0.5530
[17:55:56] warmStart (decay=exponential) 0% (10/1135) regret=0.100827 ape=0.5530
[17:55:56] warmStart (decay=exponential) 0% (11/1135) regret=0.100827 ape=0.5530
[17:55:56] warmStart (decay=exponential) 1% (12/1135) regret=0.100827 ape=0.5530
[17:55:57] warmStart (decay=exponential) 1% (13/1135) regret=0.100827 ape=0.5530
[17:55:57] warmStart (decay=exponential) 1% (14/1135) regret=0.100827 ape=0.5530
[17:55:57] warmStart (decay=exponential) 1% (15/1135) regret=0.100827 ape=0.5530
[17:55:57] warmStart (decay=exponential) 1% (16/1135) regret=0.100827 ape=0.5530
[17:55:57] warmStart (decay=exponential) 1% (17/1135) regret=0.100827 ape=0.5530
[17:55:58] warmStart (decay=exponential) 1% (18/1135) regret=0.100827 ape=0.5530
[17:55:58] warmStart (decay=exponential) 1% (19/1135) regret=0.100827 ape=0.5530
[17:55:58] warmStart (decay=exponential) 1% (20/1135) regret=0.100827 ape=0.5530
[17:55:58] warmStart (decay=exponential) 1% (21/1135) regret=0.100827 ape=0.5530
[17:55:58] warmStart (decay=exponential) 1% (22/1135) regret=0.100827 ape=0.5530
[17:55:58] warmStart (decay=exponential) 2% (23/1135) regret=0.100827 ape=0.5530
[17:55:59] warmStart (decay=exponential) 2% (24/1135) regret=0.100827 ape=0.5530
[17:55:59] warmStart (decay=exponential) 2% (25/1135) regret=0.100827 ape=0.5530
[17:55:59] warmStart (decay=exponential) 2% (26/1135) regret=0.100827 ape=0.5530
[17:55:59] warmStart (decay=exponential) 2% (27/1135) regret=0.100827 ape=0.5530
[17:55:59] warmStart (decay=exponential) 2% (28/1135) regret=0.100827 ape=0.5530
[17:55:59] warmStart (decay=exponential) 2% (29/1135) regret=0.100827 ape=0.5530
[17:56:00] warmStart (decay=exponential) 2% (30/1135) regret=0.100827 ape=0.5530
[17:56:00] warmStart (decay=exponential) 2% (31/1135) regret=0.100827 ape=0.5530
[17:56:00] warmStart (decay=exponential) 2% (32/1135) regret=0.100827 ape=0.5530
[17:56:00] warmStart (decay=exponential) 2% (33/1135) regret=0.100827 ape=0.5530
[17:56:00] warmStart (decay=exponential) 2% (34/1135) regret=0.100827 ape=0.5530
[17:56:01] warmStart (decay=exponential) 3% (35/1135) regret=0.100827 ape=0.5530
[17:56:01] warmStart (decay=exponential) 3% (36/1135) regret=0.100827 ape=0.5530
[17:56:01] warmStart (decay=exponential) 3% (37/1135) regret=0.100827 ape=0.5530
[17:56:01] warmStart (decay=exponential) 3% (38/1135) regret=0.100827 ape=0.5530
[17:56:01] warmStart (decay=exponential) 3% (39/1135) regret=0.100827 ape=0.5530
[17:56:01] warmStart (decay=exponential) 3% (40/1135) regret=0.100827 ape=0.5530
[17:56:02] warmStart (decay=exponential) 3% (41/1135) regret=0.100827 ape=0.5530
[17:56:02] warmStart (decay=exponential) 3% (42/1135) regret=0.100827 ape=0.5530
[17:56:02] warmStart (decay=exponential) 3% (43/1135) regret=0.100827 ape=0.5530
[17:56:02] warmStart (decay=exponential) 3% (44/1135) regret=0.100827 ape=0.5530
[17:56:02] warmStart (decay=exponential) 3% (45/1135) regret=0.100827 ape=0.5530
[17:56:02] warmStart (decay=exponential) 4% (46/1135) regret=0.100827 ape=0.5530
[17:56:03] warmStart (decay=exponential) 4% (47/1135) regret=0.100827 ape=0.5530
[17:56:03] warmStart (decay=exponential) 4% (48/1135) regret=0.100827 ape=0.5530
[17:56:03] warmStart (decay=exponential) 4% (49/1135) regret=0.100827 ape=0.5530
[17:56:03] warmStart (decay=exponential) 4% (50/1135) regret=0.100827 ape=0.5530
[17:56:03] warmStart (decay=exponential) 4% (51/1135) regret=0.100827 ape=0.5530
[17:56:04] warmStart (decay=exponential) 4% (52/1135) regret=0.100827 ape=0.5530
[17:56:04] warmStart (decay=exponential) 4% (53/1135) regret=0.100827 ape=0.5530
[17:56:04] warmStart (decay=exponential) 4% (54/1135) regret=0.100827 ape=0.5530
[17:56:04] warmStart (decay=exponential) 4% (55/1135) regret=0.100827 ape=0.5530
[17:56:04] warmStart (decay=exponential) 4% (56/1135) regret=0.100827 ape=0.5530
[17:56:05] warmStart (decay=exponential) 5% (57/1135) regret=0.100827 ape=0.5530
[17:56:05] warmStart (decay=exponential) 5% (58/1135) regret=0.100827 ape=0.5530
[17:56:05] warmStart (decay=exponential) 5% (59/1135) regret=0.100827 ape=0.5530
[17:56:05] warmStart (decay=exponential) 5% (60/1135) regret=0.100827 ape=0.5530
[17:56:05] warmStart (decay=exponential) 5% (61/1135) regret=0.100827 ape=0.5530
[17:56:05] warmStart (decay=exponential) 5% (62/1135) regret=0.100827 ape=0.5530
[17:56:06] warmStart (decay=exponential) 5% (63/1135) regret=0.100827 ape=0.5530
[17:56:06] warmStart (decay=exponential) 5% (64/1135) regret=0.100827 ape=0.5530
[17:56:06] warmStart (decay=exponential) 5% (65/1135) regret=0.100827 ape=0.5530
[17:56:06] warmStart (decay=exponential) 5% (66/1135) regret=0.100827 ape=0.5530
[17:56:06] warmStart (decay=exponential) 5% (67/1135) regret=0.100827 ape=0.5530
[17:56:07] warmStart (decay=exponential) 5% (68/1135) regret=0.100827 ape=0.5530
[17:56:07] warmStart (decay=exponential) 6% (69/1135) regret=0.100827 ape=0.5530
[17:56:07] warmStart (decay=exponential) 6% (70/1135) regret=0.100827 ape=0.5530
[17:56:07] warmStart (decay=exponential) 6% (71/1135) regret=0.100827 ape=0.5530
[17:56:07] warmStart (decay=exponential) 6% (72/1135) regret=0.100827 ape=0.5530
[17:56:07] warmStart (decay=exponential) 6% (73/1135) regret=0.100827 ape=0.5530
[17:56:08] warmStart (decay=exponential) 6% (74/1135) regret=0.100827 ape=0.5530
[17:56:08] warmStart (decay=exponential) 6% (75/1135) regret=0.100827 ape=0.5530
[17:56:08] warmStart (decay=exponential) 6% (76/1135) regret=0.100827 ape=0.5530
[17:56:08] warmStart (decay=exponential) 6% (77/1135) regret=0.100827 ape=0.5530
[17:56:08] warmStart (decay=exponential) 6% (78/1135) regret=0.100827 ape=0.5530
[17:56:09] warmStart (decay=exponential) 6% (79/1135) regret=0.100827 ape=0.5530
[17:56:09] warmStart (decay=exponential) 7% (80/1135) regret=0.100827 ape=0.5530
[17:56:09] warmStart (decay=exponential) 7% (81/1135) regret=0.100827 ape=0.5530
[17:56:09] warmStart (decay=exponential) 7% (82/1135) regret=0.100827 ape=0.5530
[17:56:09] warmStart (decay=exponential) 7% (83/1135) regret=0.100827 ape=0.5530
[17:56:09] warmStart (decay=exponential) 7% (84/1135) regret=0.100827 ape=0.5530
[17:56:10] warmStart (decay=exponential) 7% (85/1135) regret=0.100827 ape=0.5530
[17:56:10] warmStart (decay=exponential) 7% (86/1135) regret=0.100827 ape=0.5530
[17:56:10] warmStart (decay=exponential) 7% (87/1135) regret=0.100827 ape=0.5530
[17:56:10] warmStart (decay=exponential) 7% (88/1135) regret=0.100827 ape=0.5530
[17:56:10] warmStart (decay=exponential) 7% (89/1135) regret=0.100827 ape=0.5530
[17:56:11] warmStart (decay=exponential) 7% (90/1135) regret=0.100827 ape=0.5530
[17:56:11] warmStart (decay=exponential) 8% (91/1135) regret=0.100827 ape=0.5530
[17:56:11] warmStart (decay=exponential) 8% (92/1135) regret=0.100827 ape=0.5530
[17:56:11] warmStart (decay=exponential) 8% (93/1135) regret=0.100827 ape=0.5530
[17:56:11] warmStart (decay=exponential) 8% (94/1135) regret=0.100827 ape=0.5530
[17:56:12] warmStart (decay=exponential) 8% (95/1135) regret=0.100827 ape=0.5530
[17:56:12] warmStart (decay=exponential) 8% (96/1135) regret=0.100827 ape=0.5530
[17:56:12] warmStart (decay=exponential) 8% (97/1135) regret=0.100827 ape=0.5530
[17:56:12] warmStart (decay=exponential) 8% (98/1135) regret=0.100827 ape=0.5530
[17:56:12] warmStart (decay=exponential) 8% (99/1135) regret=0.100827 ape=0.5530
[17:56:12] warmStart (decay=exponential) 8% (100/1135) regret=0.100827 ape=0.5530
[17:56:13] warmStart (decay=exponential) 8% (101/1135) regret=0.100827 ape=0.5530
[17:56:13] warmStart (decay=exponential) 8% (102/1135) regret=0.100827 ape=0.5530
[17:56:13] warmStart (decay=exponential) 9% (103/1135) regret=0.100827 ape=0.5530
[17:56:13] warmStart (decay=exponential) 9% (104/1135) regret=0.100827 ape=0.5530
[17:56:13] warmStart (decay=exponential) 9% (105/1135) regret=0.100827 ape=0.5530
[17:56:14] warmStart (decay=exponential) 9% (106/1135) regret=0.100827 ape=0.5530
[17:56:14] warmStart (decay=exponential) 9% (107/1135) regret=0.100827 ape=0.5530
[17:56:14] warmStart (decay=exponential) 9% (108/1135) regret=0.100827 ape=0.5530
[17:56:14] warmStart (decay=exponential) 9% (109/1135) regret=0.100827 ape=0.5530
[17:56:14] warmStart (decay=exponential) 9% (110/1135) regret=0.100827 ape=0.5530
[17:56:14] warmStart (decay=exponential) 9% (111/1135) regret=0.100827 ape=0.5530
[17:56:15] warmStart (decay=exponential) 9% (112/1135) regret=0.100827 ape=0.5530
[17:56:15] warmStart (decay=exponential) 9% (113/1135) regret=0.100827 ape=0.5530
[17:56:15] warmStart (decay=exponential) 10% (114/1135) regret=0.100827 ape=0.5530
[17:56:15] warmStart (decay=exponential) 10% (115/1135) regret=0.100827 ape=0.5530
[17:56:15] warmStart (decay=exponential) 10% (116/1135) regret=0.100827 ape=0.5530
[17:56:16] warmStart (decay=exponential) 10% (117/1135) regret=0.100827 ape=0.5530
[17:56:16] warmStart (decay=exponential) 10% (118/1135) regret=0.100827 ape=0.5530
[17:56:16] warmStart (decay=exponential) 10% (119/1135) regret=0.100827 ape=0.5530
[17:56:16] warmStart (decay=exponential) 10% (120/1135) regret=0.100827 ape=0.5530
[17:56:16] warmStart (decay=exponential) 10% (121/1135) regret=0.100827 ape=0.5530
[17:56:16] warmStart (decay=exponential) 10% (122/1135) regret=0.100827 ape=0.5530
[17:56:17] warmStart (decay=exponential) 10% (123/1135) regret=0.100827 ape=0.5530
[17:56:17] warmStart (decay=exponential) 10% (124/1135) regret=0.100827 ape=0.5530
[17:56:17] warmStart (decay=exponential) 11% (125/1135) regret=0.100827 ape=0.5530
[17:56:17] warmStart (decay=exponential) 11% (126/1135) regret=0.100827 ape=0.5530
[17:56:17] warmStart (decay=exponential) 11% (127/1135) regret=0.100827 ape=0.5530
[17:56:18] warmStart (decay=exponential) 11% (128/1135) regret=0.100827 ape=0.5530
[17:56:18] warmStart (decay=exponential) 11% (129/1135) regret=0.100827 ape=0.5530
[17:56:18] warmStart (decay=exponential) 11% (130/1135) regret=0.100827 ape=0.5530
[17:56:18] warmStart (decay=exponential) 11% (131/1135) regret=0.100827 ape=0.5530
[17:56:18] warmStart (decay=exponential) 11% (132/1135) regret=0.100827 ape=0.5530
[17:56:18] warmStart (decay=exponential) 11% (133/1135) regret=0.100827 ape=0.5530
[17:56:19] warmStart (decay=exponential) 11% (134/1135) regret=0.100827 ape=0.5530
[17:56:19] warmStart (decay=exponential) 11% (135/1135) regret=0.100827 ape=0.5530
[17:56:19] warmStart (decay=exponential) 11% (136/1135) regret=0.100827 ape=0.5530
[17:56:19] warmStart (decay=exponential) 12% (137/1135) regret=0.100827 ape=0.5530
[17:56:19] warmStart (decay=exponential) 12% (138/1135) regret=0.100827 ape=0.5530
[17:56:20] warmStart (decay=exponential) 12% (139/1135) regret=0.100827 ape=0.5530
[17:56:20] warmStart (decay=exponential) 12% (140/1135) regret=0.100827 ape=0.5530
[17:56:20] warmStart (decay=exponential) 12% (141/1135) regret=0.100827 ape=0.5530
[17:56:20] warmStart (decay=exponential) 12% (142/1135) regret=0.100827 ape=0.5530
[17:56:20] warmStart (decay=exponential) 12% (143/1135) regret=0.100827 ape=0.5530
[17:56:20] warmStart (decay=exponential) 12% (144/1135) regret=0.100827 ape=0.5530
[17:56:21] warmStart (decay=exponential) 12% (145/1135) regret=0.100827 ape=0.5530
[17:56:21] warmStart (decay=exponential) 12% (146/1135) regret=0.100827 ape=0.5530
[17:56:21] warmStart (decay=exponential) 12% (147/1135) regret=0.100827 ape=0.5530
[17:56:21] warmStart (decay=exponential) 13% (148/1135) regret=0.100827 ape=0.5530
[17:56:21] warmStart (decay=exponential) 13% (149/1135) regret=0.100827 ape=0.5530
[17:56:21] warmStart (decay=exponential) 13% (150/1135) regret=0.100827 ape=0.5530
[17:56:22] warmStart (decay=exponential) 13% (151/1135) regret=0.100827 ape=0.5530
[17:56:22] warmStart (decay=exponential) 13% (152/1135) regret=0.100827 ape=0.5530
[17:56:22] warmStart (decay=exponential) 13% (153/1135) regret=0.100827 ape=0.5530
[17:56:22] warmStart (decay=exponential) 13% (154/1135) regret=0.100827 ape=0.5530
[17:56:22] warmStart (decay=exponential) 13% (155/1135) regret=0.100827 ape=0.5530
[17:56:23] warmStart (decay=exponential) 13% (156/1135) regret=0.100827 ape=0.5530
[17:56:23] warmStart (decay=exponential) 13% (157/1135) regret=0.100827 ape=0.5530
[17:56:23] warmStart (decay=exponential) 13% (158/1135) regret=0.100827 ape=0.5530
[17:56:23] warmStart (decay=exponential) 14% (159/1135) regret=0.100827 ape=0.5530
[17:56:23] warmStart (decay=exponential) 14% (160/1135) regret=0.100827 ape=0.5530
[17:56:24] warmStart (decay=exponential) 14% (161/1135) regret=0.100827 ape=0.5530
[17:56:24] warmStart (decay=exponential) 14% (162/1135) regret=0.100827 ape=0.5530
[17:56:24] warmStart (decay=exponential) 14% (163/1135) regret=0.100827 ape=0.5530
[17:56:24] warmStart (decay=exponential) 14% (164/1135) regret=0.100827 ape=0.5530
[17:56:24] warmStart (decay=exponential) 14% (165/1135) regret=0.100827 ape=0.5530
[17:56:24] warmStart (decay=exponential) 14% (166/1135) regret=0.100827 ape=0.5530
[17:56:25] warmStart (decay=exponential) 14% (167/1135) regret=0.100827 ape=0.5530
[17:56:25] warmStart (decay=exponential) 14% (168/1135) regret=0.100827 ape=0.5530
[17:56:25] warmStart (decay=exponential) 14% (169/1135) regret=0.101002 ape=0.5539
[17:56:25] warmStart (decay=exponential) 14% (170/1135) regret=0.100827 ape=0.5530
[17:56:25] warmStart (decay=exponential) 15% (171/1135) regret=0.100952 ape=0.5539
[17:56:26] warmStart (decay=exponential) 15% (172/1135) regret=0.100827 ape=0.5530
[17:56:26] warmStart (decay=exponential) 15% (173/1135) regret=0.100827 ape=0.5530
[17:56:26] warmStart (decay=exponential) 15% (174/1135) regret=0.100947 ape=0.5539
[17:56:26] warmStart (decay=exponential) 15% (175/1135) regret=0.100947 ape=0.5539
[17:56:26] warmStart (decay=exponential) 15% (176/1135) regret=0.100947 ape=0.5539
[17:56:26] warmStart (decay=exponential) 15% (177/1135) regret=0.100947 ape=0.5539
[17:56:27] warmStart (decay=exponential) 15% (178/1135) regret=0.100947 ape=0.5539
[17:56:27] warmStart (decay=exponential) 15% (179/1135) regret=0.100827 ape=0.5530
[17:56:27] warmStart (decay=exponential) 15% (180/1135) regret=0.100827 ape=0.5530
[17:56:27] warmStart (decay=exponential) 15% (181/1135) regret=0.100827 ape=0.5530
[17:56:27] warmStart (decay=exponential) 16% (182/1135) regret=0.100827 ape=0.5530
[17:56:27] warmStart (decay=exponential) 16% (183/1135) regret=0.100827 ape=0.5530
[17:56:28] warmStart (decay=exponential) 16% (184/1135) regret=0.100827 ape=0.5530
[17:56:28] warmStart (decay=exponential) 16% (185/1135) regret=0.100827 ape=0.5530
[17:56:28] warmStart (decay=exponential) 16% (186/1135) regret=0.100827 ape=0.5530
[17:56:28] warmStart (decay=exponential) 16% (187/1135) regret=0.100827 ape=0.5530
[17:56:28] warmStart (decay=exponential) 16% (188/1135) regret=0.100827 ape=0.5530
[17:56:28] warmStart (decay=exponential) 16% (189/1135) regret=0.100827 ape=0.5530
[17:56:29] warmStart (decay=exponential) 16% (190/1135) regret=0.100827 ape=0.5530
[17:56:29] warmStart (decay=exponential) 16% (191/1135) regret=0.100827 ape=0.5530
[17:56:29] warmStart (decay=exponential) 16% (192/1135) regret=0.100838 ape=0.5530
[17:56:29] warmStart (decay=exponential) 17% (193/1135) regret=0.100826 ape=0.5530
[17:56:29] warmStart (decay=exponential) 17% (194/1135) regret=0.100826 ape=0.5530
[17:56:29] warmStart (decay=exponential) 17% (195/1135) regret=0.100826 ape=0.5530
[17:56:30] warmStart (decay=exponential) 17% (196/1135) regret=0.100826 ape=0.5530
[17:56:30] warmStart (decay=exponential) 17% (197/1135) regret=0.100765 ape=0.5530
[17:56:30] warmStart (decay=exponential) 17% (198/1135) regret=0.100765 ape=0.5530
[17:56:30] warmStart (decay=exponential) 17% (199/1135) regret=0.100765 ape=0.5530
[17:56:30] warmStart (decay=exponential) 17% (200/1135) regret=0.100765 ape=0.5530
[17:56:31] warmStart (decay=exponential) 17% (201/1135) regret=0.100765 ape=0.5530
[17:56:31] warmStart (decay=exponential) 17% (202/1135) regret=0.100765 ape=0.5530
[17:56:31] warmStart (decay=exponential) 17% (203/1135) regret=0.100765 ape=0.5530
[17:56:31] warmStart (decay=exponential) 17% (204/1135) regret=0.100765 ape=0.5530
[17:56:31] warmStart (decay=exponential) 18% (205/1135) regret=0.100765 ape=0.5530
[17:56:32] warmStart (decay=exponential) 18% (206/1135) regret=0.100765 ape=0.5530
[17:56:32] warmStart (decay=exponential) 18% (207/1135) regret=0.100765 ape=0.5530
[17:56:32] warmStart (decay=exponential) 18% (208/1135) regret=0.100765 ape=0.5530
[17:56:32] warmStart (decay=exponential) 18% (209/1135) regret=0.100765 ape=0.5530
[17:56:32] warmStart (decay=exponential) 18% (210/1135) regret=0.100765 ape=0.5530
[17:56:32] warmStart (decay=exponential) 18% (211/1135) regret=0.100749 ape=0.5530
[17:56:33] warmStart (decay=exponential) 18% (212/1135) regret=0.100749 ape=0.5530
[17:56:33] warmStart (decay=exponential) 18% (213/1135) regret=0.100749 ape=0.5530
[17:56:33] warmStart (decay=exponential) 18% (214/1135) regret=0.100749 ape=0.5530
[17:56:33] warmStart (decay=exponential) 18% (215/1135) regret=0.100749 ape=0.5530
[17:56:33] warmStart (decay=exponential) 19% (216/1135) regret=0.100749 ape=0.5530
[17:56:34] warmStart (decay=exponential) 19% (217/1135) regret=0.100749 ape=0.5530
[17:56:34] warmStart (decay=exponential) 19% (218/1135) regret=0.100749 ape=0.5530
[17:56:34] warmStart (decay=exponential) 19% (219/1135) regret=0.100749 ape=0.5530
[17:56:34] warmStart (decay=exponential) 19% (220/1135) regret=0.100749 ape=0.5530
[17:56:34] warmStart (decay=exponential) 19% (221/1135) regret=0.100749 ape=0.5530
[17:56:35] warmStart (decay=exponential) 19% (222/1135) regret=0.100749 ape=0.5530
[17:56:35] warmStart (decay=exponential) 19% (223/1135) regret=0.100749 ape=0.5530
[17:56:35] warmStart (decay=exponential) 19% (224/1135) regret=0.100749 ape=0.5530
[17:56:35] warmStart (decay=exponential) 19% (225/1135) regret=0.100749 ape=0.5530
[17:56:35] warmStart (decay=exponential) 19% (226/1135) regret=0.100749 ape=0.5530
[17:56:36] warmStart (decay=exponential) 20% (227/1135) regret=0.100698 ape=0.5521
[17:56:36] warmStart (decay=exponential) 20% (228/1135) regret=0.100749 ape=0.5530
[17:56:36] warmStart (decay=exponential) 20% (229/1135) regret=0.100749 ape=0.5530
[17:56:36] warmStart (decay=exponential) 20% (230/1135) regret=0.100749 ape=0.5530
[17:56:36] warmStart (decay=exponential) 20% (231/1135) regret=0.100749 ape=0.5530
[17:56:37] warmStart (decay=exponential) 20% (232/1135) regret=0.100749 ape=0.5530
[17:56:37] warmStart (decay=exponential) 20% (233/1135) regret=0.100749 ape=0.5530
[17:56:37] warmStart (decay=exponential) 20% (234/1135) regret=0.100698 ape=0.5521
[17:56:37] warmStart (decay=exponential) 20% (235/1135) regret=0.100698 ape=0.5521
[17:56:37] warmStart (decay=exponential) 20% (236/1135) regret=0.100698 ape=0.5521
[17:56:38] warmStart (decay=exponential) 20% (237/1135) regret=0.100698 ape=0.5521
[17:56:38] warmStart (decay=exponential) 20% (238/1135) regret=0.100698 ape=0.5521
[17:56:38] warmStart (decay=exponential) 21% (239/1135) regret=0.100698 ape=0.5521
[17:56:38] warmStart (decay=exponential) 21% (240/1135) regret=0.100698 ape=0.5521
[17:56:38] warmStart (decay=exponential) 21% (241/1135) regret=0.100698 ape=0.5521
[17:56:39] warmStart (decay=exponential) 21% (242/1135) regret=0.100698 ape=0.5521
[17:56:39] warmStart (decay=exponential) 21% (243/1135) regret=0.100698 ape=0.5521
[17:56:39] warmStart (decay=exponential) 21% (244/1135) regret=0.100698 ape=0.5521
[17:56:39] warmStart (decay=exponential) 21% (245/1135) regret=0.100698 ape=0.5521
[17:56:39] warmStart (decay=exponential) 21% (246/1135) regret=0.100698 ape=0.5521
[17:56:39] warmStart (decay=exponential) 21% (247/1135) regret=0.100698 ape=0.5521
[17:56:40] warmStart (decay=exponential) 21% (248/1135) regret=0.100698 ape=0.5521
[17:56:40] warmStart (decay=exponential) 21% (249/1135) regret=0.100698 ape=0.5521
[17:56:40] warmStart (decay=exponential) 22% (250/1135) regret=0.100698 ape=0.5521
[17:56:40] warmStart (decay=exponential) 22% (251/1135) regret=0.100698 ape=0.5521
[17:56:40] warmStart (decay=exponential) 22% (252/1135) regret=0.100698 ape=0.5521
[17:56:40] warmStart (decay=exponential) 22% (253/1135) regret=0.100698 ape=0.5521
[17:56:41] warmStart (decay=exponential) 22% (254/1135) regret=0.100698 ape=0.5521
[17:56:41] warmStart (decay=exponential) 22% (255/1135) regret=0.100698 ape=0.5521
[17:56:41] warmStart (decay=exponential) 22% (256/1135) regret=0.100698 ape=0.5521
[17:56:41] warmStart (decay=exponential) 22% (257/1135) regret=0.100698 ape=0.5521
[17:56:41] warmStart (decay=exponential) 22% (258/1135) regret=0.100698 ape=0.5521
[17:56:42] warmStart (decay=exponential) 22% (259/1135) regret=0.100698 ape=0.5521
[17:56:42] warmStart (decay=exponential) 22% (260/1135) regret=0.100698 ape=0.5521
[17:56:42] warmStart (decay=exponential) 22% (261/1135) regret=0.100698 ape=0.5521
[17:56:42] warmStart (decay=exponential) 23% (262/1135) regret=0.100698 ape=0.5521
[17:56:42] warmStart (decay=exponential) 23% (263/1135) regret=0.100698 ape=0.5521
[17:56:42] warmStart (decay=exponential) 23% (264/1135) regret=0.100698 ape=0.5521
[17:56:43] warmStart (decay=exponential) 23% (265/1135) regret=0.100698 ape=0.5521
[17:56:43] warmStart (decay=exponential) 23% (266/1135) regret=0.100698 ape=0.5521
[17:56:43] warmStart (decay=exponential) 23% (267/1135) regret=0.100698 ape=0.5521
[17:56:43] warmStart (decay=exponential) 23% (268/1135) regret=0.100698 ape=0.5521
[17:56:43] warmStart (decay=exponential) 23% (269/1135) regret=0.100698 ape=0.5521
[17:56:43] warmStart (decay=exponential) 23% (270/1135) regret=0.100698 ape=0.5521
[17:56:44] warmStart (decay=exponential) 23% (271/1135) regret=0.100698 ape=0.5521
[17:56:44] warmStart (decay=exponential) 23% (272/1135) regret=0.100698 ape=0.5521
[17:56:44] warmStart (decay=exponential) 24% (273/1135) regret=0.100698 ape=0.5521
[17:56:44] warmStart (decay=exponential) 24% (274/1135) regret=0.100698 ape=0.5521
[17:56:44] warmStart (decay=exponential) 24% (275/1135) regret=0.100698 ape=0.5521
[17:56:45] warmStart (decay=exponential) 24% (276/1135) regret=0.100698 ape=0.5521
[17:56:45] warmStart (decay=exponential) 24% (277/1135) regret=0.100698 ape=0.5521
[17:56:45] warmStart (decay=exponential) 24% (278/1135) regret=0.100698 ape=0.5521
[17:56:45] warmStart (decay=exponential) 24% (279/1135) regret=0.100698 ape=0.5521
[17:56:45] warmStart (decay=exponential) 24% (280/1135) regret=0.100698 ape=0.5521
[17:56:45] warmStart (decay=exponential) 24% (281/1135) regret=0.100698 ape=0.5521
[17:56:46] warmStart (decay=exponential) 24% (282/1135) regret=0.100698 ape=0.5521
[17:56:46] warmStart (decay=exponential) 24% (283/1135) regret=0.100698 ape=0.5521
[17:56:46] warmStart (decay=exponential) 25% (284/1135) regret=0.100698 ape=0.5521
[17:56:46] warmStart (decay=exponential) 25% (285/1135) regret=0.100698 ape=0.5521
[17:56:46] warmStart (decay=exponential) 25% (286/1135) regret=0.100698 ape=0.5521
[17:56:47] warmStart (decay=exponential) 25% (287/1135) regret=0.100698 ape=0.5521
[17:56:47] warmStart (decay=exponential) 25% (288/1135) regret=0.100698 ape=0.5521
[17:56:47] warmStart (decay=exponential) 25% (289/1135) regret=0.100698 ape=0.5521
[17:56:47] warmStart (decay=exponential) 25% (290/1135) regret=0.100698 ape=0.5521
[17:56:47] warmStart (decay=exponential) 25% (291/1135) regret=0.100698 ape=0.5521
[17:56:47] warmStart (decay=exponential) 25% (292/1135) regret=0.100698 ape=0.5521
[17:56:48] warmStart (decay=exponential) 25% (293/1135) regret=0.100698 ape=0.5521
[17:56:48] warmStart (decay=exponential) 25% (294/1135) regret=0.100698 ape=0.5521
[17:56:48] warmStart (decay=exponential) 25% (295/1135) regret=0.100698 ape=0.5521
[17:56:48] warmStart (decay=exponential) 26% (296/1135) regret=0.100698 ape=0.5521
[17:56:48] warmStart (decay=exponential) 26% (297/1135) regret=0.100698 ape=0.5521
[17:56:48] warmStart (decay=exponential) 26% (298/1135) regret=0.100698 ape=0.5521
[17:56:49] warmStart (decay=exponential) 26% (299/1135) regret=0.100698 ape=0.5521
[17:56:49] warmStart (decay=exponential) 26% (300/1135) regret=0.100698 ape=0.5521
[17:56:49] warmStart (decay=exponential) 26% (301/1135) regret=0.100698 ape=0.5521
[17:56:49] warmStart (decay=exponential) 26% (302/1135) regret=0.100698 ape=0.5521
[17:56:49] warmStart (decay=exponential) 26% (303/1135) regret=0.100698 ape=0.5521
[17:56:50] warmStart (decay=exponential) 26% (304/1135) regret=0.100698 ape=0.5521
[17:56:50] warmStart (decay=exponential) 26% (305/1135) regret=0.100698 ape=0.5521
[17:56:50] warmStart (decay=exponential) 26% (306/1135) regret=0.100698 ape=0.5521
[17:56:50] warmStart (decay=exponential) 27% (307/1135) regret=0.100698 ape=0.5521
[17:56:50] warmStart (decay=exponential) 27% (308/1135) regret=0.100698 ape=0.5521
[17:56:50] warmStart (decay=exponential) 27% (309/1135) regret=0.100698 ape=0.5521
[17:56:51] warmStart (decay=exponential) 27% (310/1135) regret=0.100698 ape=0.5521
[17:56:51] warmStart (decay=exponential) 27% (311/1135) regret=0.100698 ape=0.5521
[17:56:51] warmStart (decay=exponential) 27% (312/1135) regret=0.100698 ape=0.5521
[17:56:51] warmStart (decay=exponential) 27% (313/1135) regret=0.100698 ape=0.5521
[17:56:51] warmStart (decay=exponential) 27% (314/1135) regret=0.100698 ape=0.5521
[17:56:52] warmStart (decay=exponential) 27% (315/1135) regret=0.100698 ape=0.5521
[17:56:52] warmStart (decay=exponential) 27% (316/1135) regret=0.100698 ape=0.5521
[17:56:52] warmStart (decay=exponential) 27% (317/1135) regret=0.100698 ape=0.5521
[17:56:52] warmStart (decay=exponential) 28% (318/1135) regret=0.100698 ape=0.5521
[17:56:52] warmStart (decay=exponential) 28% (319/1135) regret=0.100698 ape=0.5521
[17:56:52] warmStart (decay=exponential) 28% (320/1135) regret=0.100698 ape=0.5521
[17:56:53] warmStart (decay=exponential) 28% (321/1135) regret=0.100698 ape=0.5521
[17:56:53] warmStart (decay=exponential) 28% (322/1135) regret=0.100698 ape=0.5521
[17:56:53] warmStart (decay=exponential) 28% (323/1135) regret=0.100698 ape=0.5521
[17:56:53] warmStart (decay=exponential) 28% (324/1135) regret=0.100698 ape=0.5521
[17:56:53] warmStart (decay=exponential) 28% (325/1135) regret=0.100698 ape=0.5521
[17:56:54] warmStart (decay=exponential) 28% (326/1135) regret=0.100698 ape=0.5521
[17:56:54] warmStart (decay=exponential) 28% (327/1135) regret=0.100698 ape=0.5521
[17:56:54] warmStart (decay=exponential) 28% (328/1135) regret=0.100698 ape=0.5521
[17:56:54] warmStart (decay=exponential) 28% (329/1135) regret=0.100698 ape=0.5521
[17:56:54] warmStart (decay=exponential) 29% (330/1135) regret=0.100698 ape=0.5521
[17:56:54] warmStart (decay=exponential) 29% (331/1135) regret=0.100698 ape=0.5521
[17:56:55] warmStart (decay=exponential) 29% (332/1135) regret=0.100698 ape=0.5521
[17:56:55] warmStart (decay=exponential) 29% (333/1135) regret=0.100698 ape=0.5521
[17:56:55] warmStart (decay=exponential) 29% (334/1135) regret=0.100698 ape=0.5521
[17:56:55] warmStart (decay=exponential) 29% (335/1135) regret=0.100698 ape=0.5521
[17:56:55] warmStart (decay=exponential) 29% (336/1135) regret=0.100698 ape=0.5521
[17:56:56] warmStart (decay=exponential) 29% (337/1135) regret=0.100698 ape=0.5521
[17:56:56] warmStart (decay=exponential) 29% (338/1135) regret=0.100698 ape=0.5521
[17:56:56] warmStart (decay=exponential) 29% (339/1135) regret=0.100698 ape=0.5521
[17:56:56] warmStart (decay=exponential) 29% (340/1135) regret=0.100698 ape=0.5521
[17:56:56] warmStart (decay=exponential) 30% (341/1135) regret=0.100698 ape=0.5521
[17:56:56] warmStart (decay=exponential) 30% (342/1135) regret=0.100698 ape=0.5521
[17:56:57] warmStart (decay=exponential) 30% (343/1135) regret=0.100698 ape=0.5521
[17:56:57] warmStart (decay=exponential) 30% (344/1135) regret=0.100698 ape=0.5521
[17:56:57] warmStart (decay=exponential) 30% (345/1135) regret=0.100698 ape=0.5521
[17:56:57] warmStart (decay=exponential) 30% (346/1135) regret=0.100698 ape=0.5521
[17:56:57] warmStart (decay=exponential) 30% (347/1135) regret=0.100698 ape=0.5521
[17:56:57] warmStart (decay=exponential) 30% (348/1135) regret=0.100698 ape=0.5521
[17:56:58] warmStart (decay=exponential) 30% (349/1135) regret=0.100698 ape=0.5521
[17:56:58] warmStart (decay=exponential) 30% (350/1135) regret=0.100698 ape=0.5521
[17:56:58] warmStart (decay=exponential) 30% (351/1135) regret=0.100698 ape=0.5521
[17:56:58] warmStart (decay=exponential) 31% (352/1135) regret=0.100698 ape=0.5521
[17:56:58] warmStart (decay=exponential) 31% (353/1135) regret=0.100698 ape=0.5521
[17:56:59] warmStart (decay=exponential) 31% (354/1135) regret=0.100698 ape=0.5521
[17:56:59] warmStart (decay=exponential) 31% (355/1135) regret=0.100698 ape=0.5521
[17:56:59] warmStart (decay=exponential) 31% (356/1135) regret=0.100698 ape=0.5521
[17:56:59] warmStart (decay=exponential) 31% (357/1135) regret=0.100698 ape=0.5521
[17:56:59] warmStart (decay=exponential) 31% (358/1135) regret=0.100698 ape=0.5521
[17:57:00] warmStart (decay=exponential) 31% (359/1135) regret=0.100698 ape=0.5521
[17:57:00] warmStart (decay=exponential) 31% (360/1135) regret=0.100698 ape=0.5521
[17:57:00] warmStart (decay=exponential) 31% (361/1135) regret=0.100698 ape=0.5521
[17:57:00] warmStart (decay=exponential) 31% (362/1135) regret=0.100698 ape=0.5521
[17:57:00] warmStart (decay=exponential) 31% (363/1135) regret=0.100698 ape=0.5521
[17:57:00] warmStart (decay=exponential) 32% (364/1135) regret=0.100698 ape=0.5521
[17:57:01] warmStart (decay=exponential) 32% (365/1135) regret=0.100698 ape=0.5521
[17:57:01] warmStart (decay=exponential) 32% (366/1135) regret=0.100698 ape=0.5521
[17:57:01] warmStart (decay=exponential) 32% (367/1135) regret=0.100698 ape=0.5521
[17:57:01] warmStart (decay=exponential) 32% (368/1135) regret=0.100698 ape=0.5521
[17:57:01] warmStart (decay=exponential) 32% (369/1135) regret=0.100698 ape=0.5521
[17:57:02] warmStart (decay=exponential) 32% (370/1135) regret=0.100698 ape=0.5521
[17:57:02] warmStart (decay=exponential) 32% (371/1135) regret=0.100698 ape=0.5521
[17:57:02] warmStart (decay=exponential) 32% (372/1135) regret=0.100698 ape=0.5521
[17:57:02] warmStart (decay=exponential) 32% (373/1135) regret=0.100698 ape=0.5521
[17:57:02] warmStart (decay=exponential) 32% (374/1135) regret=0.100698 ape=0.5521
[17:57:02] warmStart (decay=exponential) 33% (375/1135) regret=0.100698 ape=0.5521
[17:57:03] warmStart (decay=exponential) 33% (376/1135) regret=0.100698 ape=0.5521
[17:57:03] warmStart (decay=exponential) 33% (377/1135) regret=0.100698 ape=0.5521
[17:57:03] warmStart (decay=exponential) 33% (378/1135) regret=0.100698 ape=0.5521
[17:57:03] warmStart (decay=exponential) 33% (379/1135) regret=0.100698 ape=0.5521
[17:57:03] warmStart (decay=exponential) 33% (380/1135) regret=0.100698 ape=0.5521
[17:57:04] warmStart (decay=exponential) 33% (381/1135) regret=0.100698 ape=0.5521
[17:57:04] warmStart (decay=exponential) 33% (382/1135) regret=0.100698 ape=0.5521
[17:57:04] warmStart (decay=exponential) 33% (383/1135) regret=0.100698 ape=0.5521
[17:57:04] warmStart (decay=exponential) 33% (384/1135) regret=0.100698 ape=0.5521
[17:57:04] warmStart (decay=exponential) 33% (385/1135) regret=0.100698 ape=0.5521
[17:57:04] warmStart (decay=exponential) 34% (386/1135) regret=0.100698 ape=0.5521
[17:57:05] warmStart (decay=exponential) 34% (387/1135) regret=0.100698 ape=0.5521
[17:57:05] warmStart (decay=exponential) 34% (388/1135) regret=0.100698 ape=0.5521
[17:57:05] warmStart (decay=exponential) 34% (389/1135) regret=0.100698 ape=0.5521
[17:57:05] warmStart (decay=exponential) 34% (390/1135) regret=0.100698 ape=0.5521
[17:57:05] warmStart (decay=exponential) 34% (391/1135) regret=0.100698 ape=0.5521
[17:57:06] warmStart (decay=exponential) 34% (392/1135) regret=0.100698 ape=0.5521
[17:57:06] warmStart (decay=exponential) 34% (393/1135) regret=0.100698 ape=0.5521
[17:57:06] warmStart (decay=exponential) 34% (394/1135) regret=0.100698 ape=0.5521
[17:57:06] warmStart (decay=exponential) 34% (395/1135) regret=0.100698 ape=0.5521
[17:57:06] warmStart (decay=exponential) 34% (396/1135) regret=0.100698 ape=0.5521
[17:57:07] warmStart (decay=exponential) 34% (397/1135) regret=0.100698 ape=0.5521
[17:57:07] warmStart (decay=exponential) 35% (398/1135) regret=0.100698 ape=0.5521
[17:57:07] warmStart (decay=exponential) 35% (399/1135) regret=0.100698 ape=0.5521
[17:57:07] warmStart (decay=exponential) 35% (400/1135) regret=0.100698 ape=0.5521
[17:57:07] warmStart (decay=exponential) 35% (401/1135) regret=0.100698 ape=0.5521
[17:57:08] warmStart (decay=exponential) 35% (402/1135) regret=0.100698 ape=0.5521
[17:57:08] warmStart (decay=exponential) 35% (403/1135) regret=0.100698 ape=0.5521
[17:57:08] warmStart (decay=exponential) 35% (404/1135) regret=0.100698 ape=0.5521
[17:57:08] warmStart (decay=exponential) 35% (405/1135) regret=0.100698 ape=0.5521
[17:57:08] warmStart (decay=exponential) 35% (406/1135) regret=0.100698 ape=0.5521
[17:57:08] warmStart (decay=exponential) 35% (407/1135) regret=0.100698 ape=0.5521
[17:57:09] warmStart (decay=exponential) 35% (408/1135) regret=0.100698 ape=0.5521
[17:57:09] warmStart (decay=exponential) 36% (409/1135) regret=0.100698 ape=0.5521
[17:57:09] warmStart (decay=exponential) 36% (410/1135) regret=0.100698 ape=0.5521
[17:57:09] warmStart (decay=exponential) 36% (411/1135) regret=0.100698 ape=0.5521
[17:57:09] warmStart (decay=exponential) 36% (412/1135) regret=0.100698 ape=0.5521
[17:57:10] warmStart (decay=exponential) 36% (413/1135) regret=0.100698 ape=0.5521
[17:57:10] warmStart (decay=exponential) 36% (414/1135) regret=0.100698 ape=0.5521
[17:57:10] warmStart (decay=exponential) 36% (415/1135) regret=0.100698 ape=0.5521
[17:57:10] warmStart (decay=exponential) 36% (416/1135) regret=0.100698 ape=0.5521
[17:57:10] warmStart (decay=exponential) 36% (417/1135) regret=0.100698 ape=0.5521
[17:57:10] warmStart (decay=exponential) 36% (418/1135) regret=0.100698 ape=0.5521
[17:57:11] warmStart (decay=exponential) 36% (419/1135) regret=0.100698 ape=0.5521
[17:57:11] warmStart (decay=exponential) 37% (420/1135) regret=0.100698 ape=0.5521
[17:57:11] warmStart (decay=exponential) 37% (421/1135) regret=0.100698 ape=0.5521
[17:57:11] warmStart (decay=exponential) 37% (422/1135) regret=0.100698 ape=0.5521
[17:57:11] warmStart (decay=exponential) 37% (423/1135) regret=0.100698 ape=0.5521
[17:57:12] warmStart (decay=exponential) 37% (424/1135) regret=0.100698 ape=0.5521
[17:57:12] warmStart (decay=exponential) 37% (425/1135) regret=0.100698 ape=0.5521
[17:57:12] warmStart (decay=exponential) 37% (426/1135) regret=0.100698 ape=0.5521
[17:57:12] warmStart (decay=exponential) 37% (427/1135) regret=0.100698 ape=0.5521
[17:57:12] warmStart (decay=exponential) 37% (428/1135) regret=0.100620 ape=0.5512
[17:57:13] warmStart (decay=exponential) 37% (429/1135) regret=0.100620 ape=0.5512
[17:57:13] warmStart (decay=exponential) 37% (430/1135) regret=0.100620 ape=0.5512
[17:57:13] warmStart (decay=exponential) 37% (431/1135) regret=0.100620 ape=0.5512
[17:57:13] warmStart (decay=exponential) 38% (432/1135) regret=0.100620 ape=0.5512
[17:57:13] warmStart (decay=exponential) 38% (433/1135) regret=0.100620 ape=0.5512
[17:57:14] warmStart (decay=exponential) 38% (434/1135) regret=0.100620 ape=0.5512
[17:57:14] warmStart (decay=exponential) 38% (435/1135) regret=0.100620 ape=0.5512
[17:57:14] warmStart (decay=exponential) 38% (436/1135) regret=0.100620 ape=0.5512
[17:57:14] warmStart (decay=exponential) 38% (437/1135) regret=0.100620 ape=0.5512
[17:57:14] warmStart (decay=exponential) 38% (438/1135) regret=0.100620 ape=0.5512
[17:57:15] warmStart (decay=exponential) 38% (439/1135) regret=0.100620 ape=0.5512
[17:57:15] warmStart (decay=exponential) 38% (440/1135) regret=0.100620 ape=0.5512
[17:57:15] warmStart (decay=exponential) 38% (441/1135) regret=0.100620 ape=0.5512
[17:57:15] warmStart (decay=exponential) 38% (442/1135) regret=0.100620 ape=0.5512
[17:57:15] warmStart (decay=exponential) 39% (443/1135) regret=0.100620 ape=0.5512
[17:57:15] warmStart (decay=exponential) 39% (444/1135) regret=0.100620 ape=0.5512
[17:57:16] warmStart (decay=exponential) 39% (445/1135) regret=0.100620 ape=0.5512
[17:57:16] warmStart (decay=exponential) 39% (446/1135) regret=0.100620 ape=0.5512
[17:57:16] warmStart (decay=exponential) 39% (447/1135) regret=0.100620 ape=0.5512
[17:57:16] warmStart (decay=exponential) 39% (448/1135) regret=0.100620 ape=0.5512
[17:57:16] warmStart (decay=exponential) 39% (449/1135) regret=0.100620 ape=0.5512
[17:57:17] warmStart (decay=exponential) 39% (450/1135) regret=0.100620 ape=0.5512
[17:57:17] warmStart (decay=exponential) 39% (451/1135) regret=0.100620 ape=0.5512
[17:57:17] warmStart (decay=exponential) 39% (452/1135) regret=0.100620 ape=0.5512
[17:57:17] warmStart (decay=exponential) 39% (453/1135) regret=0.100620 ape=0.5512
[17:57:17] warmStart (decay=exponential) 40% (454/1135) regret=0.100620 ape=0.5512
[17:57:18] warmStart (decay=exponential) 40% (455/1135) regret=0.100620 ape=0.5512
[17:57:18] warmStart (decay=exponential) 40% (456/1135) regret=0.100620 ape=0.5512
[17:57:18] warmStart (decay=exponential) 40% (457/1135) regret=0.100620 ape=0.5512
[17:57:18] warmStart (decay=exponential) 40% (458/1135) regret=0.100627 ape=0.5521
[17:57:18] warmStart (decay=exponential) 40% (459/1135) regret=0.100627 ape=0.5521
[17:57:18] warmStart (decay=exponential) 40% (460/1135) regret=0.100626 ape=0.5521
[17:57:19] warmStart (decay=exponential) 40% (461/1135) regret=0.100626 ape=0.5521
[17:57:19] warmStart (decay=exponential) 40% (462/1135) regret=0.100626 ape=0.5521
[17:57:19] warmStart (decay=exponential) 40% (463/1135) regret=0.100626 ape=0.5521
[17:57:19] warmStart (decay=exponential) 40% (464/1135) regret=0.100626 ape=0.5521
[17:57:19] warmStart (decay=exponential) 40% (465/1135) regret=0.100626 ape=0.5521
[17:57:19] warmStart (decay=exponential) 41% (466/1135) regret=0.100626 ape=0.5521
[17:57:20] warmStart (decay=exponential) 41% (467/1135) regret=0.100626 ape=0.5521
[17:57:20] warmStart (decay=exponential) 41% (468/1135) regret=0.100626 ape=0.5521
[17:57:20] warmStart (decay=exponential) 41% (469/1135) regret=0.100626 ape=0.5521
[17:57:20] warmStart (decay=exponential) 41% (470/1135) regret=0.100626 ape=0.5521
[17:57:20] warmStart (decay=exponential) 41% (471/1135) regret=0.100626 ape=0.5521
[17:57:20] warmStart (decay=exponential) 41% (472/1135) regret=0.100626 ape=0.5521
[17:57:21] warmStart (decay=exponential) 41% (473/1135) regret=0.100626 ape=0.5521
[17:57:21] warmStart (decay=exponential) 41% (474/1135) regret=0.100626 ape=0.5521
[17:57:21] warmStart (decay=exponential) 41% (475/1135) regret=0.100626 ape=0.5521
[17:57:21] warmStart (decay=exponential) 41% (476/1135) regret=0.100627 ape=0.5521
[17:57:21] warmStart (decay=exponential) 42% (477/1135) regret=0.100626 ape=0.5521
[17:57:21] warmStart (decay=exponential) 42% (478/1135) regret=0.100626 ape=0.5521
[17:57:22] warmStart (decay=exponential) 42% (479/1135) regret=0.100626 ape=0.5521
[17:57:22] warmStart (decay=exponential) 42% (480/1135) regret=0.100626 ape=0.5521
[17:57:22] warmStart (decay=exponential) 42% (481/1135) regret=0.100626 ape=0.5521
[17:57:22] warmStart (decay=exponential) 42% (482/1135) regret=0.100626 ape=0.5521
[17:57:22] warmStart (decay=exponential) 42% (483/1135) regret=0.100626 ape=0.5521
[17:57:22] warmStart (decay=exponential) 42% (484/1135) regret=0.100626 ape=0.5521
[17:57:23] warmStart (decay=exponential) 42% (485/1135) regret=0.100626 ape=0.5521
[17:57:23] warmStart (decay=exponential) 42% (486/1135) regret=0.100626 ape=0.5521
[17:57:23] warmStart (decay=exponential) 42% (487/1135) regret=0.100626 ape=0.5521
[17:57:23] warmStart (decay=exponential) 42% (488/1135) regret=0.100626 ape=0.5521
[17:57:23] warmStart (decay=exponential) 43% (489/1135) regret=0.100626 ape=0.5521
[17:57:23] warmStart (decay=exponential) 43% (490/1135) regret=0.100626 ape=0.5521
[17:57:23] warmStart (decay=exponential) 43% (491/1135) regret=0.100626 ape=0.5521
[17:57:24] warmStart (decay=exponential) 43% (492/1135) regret=0.100626 ape=0.5521
[17:57:24] warmStart (decay=exponential) 43% (493/1135) regret=0.100626 ape=0.5521
[17:57:24] warmStart (decay=exponential) 43% (494/1135) regret=0.100626 ape=0.5521
[17:57:24] warmStart (decay=exponential) 43% (495/1135) regret=0.100626 ape=0.5521
[17:57:24] warmStart (decay=exponential) 43% (496/1135) regret=0.100626 ape=0.5521
[17:57:24] warmStart (decay=exponential) 43% (497/1135) regret=0.100626 ape=0.5521
[17:57:25] warmStart (decay=exponential) 43% (498/1135) regret=0.100626 ape=0.5521
[17:57:25] warmStart (decay=exponential) 43% (499/1135) regret=0.100626 ape=0.5521
[17:57:25] warmStart (decay=exponential) 44% (500/1135) regret=0.100626 ape=0.5521
[17:57:25] warmStart (decay=exponential) 44% (501/1135) regret=0.100626 ape=0.5521
[17:57:25] warmStart (decay=exponential) 44% (502/1135) regret=0.100626 ape=0.5521
[17:57:25] warmStart (decay=exponential) 44% (503/1135) regret=0.100626 ape=0.5521
[17:57:26] warmStart (decay=exponential) 44% (504/1135) regret=0.100626 ape=0.5521
[17:57:26] warmStart (decay=exponential) 44% (505/1135) regret=0.100626 ape=0.5521
[17:57:26] warmStart (decay=exponential) 44% (506/1135) regret=0.100626 ape=0.5521
[17:57:26] warmStart (decay=exponential) 44% (507/1135) regret=0.100626 ape=0.5521
[17:57:26] warmStart (decay=exponential) 44% (508/1135) regret=0.100626 ape=0.5521
[17:57:26] warmStart (decay=exponential) 44% (509/1135) regret=0.100626 ape=0.5521
[17:57:27] warmStart (decay=exponential) 44% (510/1135) regret=0.100626 ape=0.5521
[17:57:27] warmStart (decay=exponential) 45% (511/1135) regret=0.100626 ape=0.5521
[17:57:27] warmStart (decay=exponential) 45% (512/1135) regret=0.100626 ape=0.5521
[17:57:27] warmStart (decay=exponential) 45% (513/1135) regret=0.100626 ape=0.5521
[17:57:27] warmStart (decay=exponential) 45% (514/1135) regret=0.100626 ape=0.5521
[17:57:27] warmStart (decay=exponential) 45% (515/1135) regret=0.100626 ape=0.5521
[17:57:28] warmStart (decay=exponential) 45% (516/1135) regret=0.100626 ape=0.5521
[17:57:28] warmStart (decay=exponential) 45% (517/1135) regret=0.100626 ape=0.5521
[17:57:28] warmStart (decay=exponential) 45% (518/1135) regret=0.100626 ape=0.5521
[17:57:28] warmStart (decay=exponential) 45% (519/1135) regret=0.100626 ape=0.5521
[17:57:28] warmStart (decay=exponential) 45% (520/1135) regret=0.100626 ape=0.5521
[17:57:28] warmStart (decay=exponential) 45% (521/1135) regret=0.100626 ape=0.5521
[17:57:29] warmStart (decay=exponential) 45% (522/1135) regret=0.100626 ape=0.5521
[17:57:29] warmStart (decay=exponential) 46% (523/1135) regret=0.100626 ape=0.5521
[17:57:29] warmStart (decay=exponential) 46% (524/1135) regret=0.100626 ape=0.5521
[17:57:29] warmStart (decay=exponential) 46% (525/1135) regret=0.100626 ape=0.5521
[17:57:29] warmStart (decay=exponential) 46% (526/1135) regret=0.100626 ape=0.5521
[17:57:29] warmStart (decay=exponential) 46% (527/1135) regret=0.100626 ape=0.5521
[17:57:30] warmStart (decay=exponential) 46% (528/1135) regret=0.100626 ape=0.5521
[17:57:30] warmStart (decay=exponential) 46% (529/1135) regret=0.100626 ape=0.5521
[17:57:30] warmStart (decay=exponential) 46% (530/1135) regret=0.100626 ape=0.5521
[17:57:30] warmStart (decay=exponential) 46% (531/1135) regret=0.100626 ape=0.5521
[17:57:30] warmStart (decay=exponential) 46% (532/1135) regret=0.100626 ape=0.5521
[17:57:30] warmStart (decay=exponential) 46% (533/1135) regret=0.100626 ape=0.5521
[17:57:31] warmStart (decay=exponential) 47% (534/1135) regret=0.100626 ape=0.5521
[17:57:31] warmStart (decay=exponential) 47% (535/1135) regret=0.100626 ape=0.5521
[17:57:31] warmStart (decay=exponential) 47% (536/1135) regret=0.100626 ape=0.5521
[17:57:31] warmStart (decay=exponential) 47% (537/1135) regret=0.100626 ape=0.5521
[17:57:31] warmStart (decay=exponential) 47% (538/1135) regret=0.100626 ape=0.5521
[17:57:31] warmStart (decay=exponential) 47% (539/1135) regret=0.100626 ape=0.5521
[17:57:32] warmStart (decay=exponential) 47% (540/1135) regret=0.100626 ape=0.5521
[17:57:32] warmStart (decay=exponential) 47% (541/1135) regret=0.100626 ape=0.5521
[17:57:32] warmStart (decay=exponential) 47% (542/1135) regret=0.100626 ape=0.5521
[17:57:32] warmStart (decay=exponential) 47% (543/1135) regret=0.100626 ape=0.5521
[17:57:32] warmStart (decay=exponential) 47% (544/1135) regret=0.100626 ape=0.5521
[17:57:32] warmStart (decay=exponential) 48% (545/1135) regret=0.100626 ape=0.5521
[17:57:33] warmStart (decay=exponential) 48% (546/1135) regret=0.100626 ape=0.5521
[17:57:33] warmStart (decay=exponential) 48% (547/1135) regret=0.100626 ape=0.5521
[17:57:33] warmStart (decay=exponential) 48% (548/1135) regret=0.100626 ape=0.5521
[17:57:33] warmStart (decay=exponential) 48% (549/1135) regret=0.100626 ape=0.5521
[17:57:33] warmStart (decay=exponential) 48% (550/1135) regret=0.100626 ape=0.5521
[17:57:33] warmStart (decay=exponential) 48% (551/1135) regret=0.100626 ape=0.5521
[17:57:34] warmStart (decay=exponential) 48% (552/1135) regret=0.100626 ape=0.5521
[17:57:34] warmStart (decay=exponential) 48% (553/1135) regret=0.100626 ape=0.5521
[17:57:34] warmStart (decay=exponential) 48% (554/1135) regret=0.100626 ape=0.5521
[17:57:34] warmStart (decay=exponential) 48% (555/1135) regret=0.100626 ape=0.5521
[17:57:34] warmStart (decay=exponential) 48% (556/1135) regret=0.100626 ape=0.5521
[17:57:35] warmStart (decay=exponential) 49% (557/1135) regret=0.100626 ape=0.5521
[17:57:35] warmStart (decay=exponential) 49% (558/1135) regret=0.100626 ape=0.5521
[17:57:35] warmStart (decay=exponential) 49% (559/1135) regret=0.100626 ape=0.5521
[17:57:35] warmStart (decay=exponential) 49% (560/1135) regret=0.100626 ape=0.5521
[17:57:35] warmStart (decay=exponential) 49% (561/1135) regret=0.100626 ape=0.5521
[17:57:35] warmStart (decay=exponential) 49% (562/1135) regret=0.100626 ape=0.5521
[17:57:35] warmStart (decay=exponential) 49% (563/1135) regret=0.100626 ape=0.5521
[17:57:36] warmStart (decay=exponential) 49% (564/1135) regret=0.100626 ape=0.5521
[17:57:36] warmStart (decay=exponential) 49% (565/1135) regret=0.100626 ape=0.5521
[17:57:36] warmStart (decay=exponential) 49% (566/1135) regret=0.100626 ape=0.5521
[17:57:36] warmStart (decay=exponential) 49% (567/1135) regret=0.100626 ape=0.5521
[17:57:36] warmStart (decay=exponential) 50% (568/1135) regret=0.100626 ape=0.5521
[17:57:36] warmStart (decay=exponential) 50% (569/1135) regret=0.100626 ape=0.5521
[17:57:37] warmStart (decay=exponential) 50% (570/1135) regret=0.100626 ape=0.5521
[17:57:37] warmStart (decay=exponential) 50% (571/1135) regret=0.100626 ape=0.5521
[17:57:37] warmStart (decay=exponential) 50% (572/1135) regret=0.100626 ape=0.5521
[17:57:37] warmStart (decay=exponential) 50% (573/1135) regret=0.100626 ape=0.5521
[17:57:37] warmStart (decay=exponential) 50% (574/1135) regret=0.100626 ape=0.5521
[17:57:37] warmStart (decay=exponential) 50% (575/1135) regret=0.100626 ape=0.5521
[17:57:38] warmStart (decay=exponential) 50% (576/1135) regret=0.100626 ape=0.5521
[17:57:38] warmStart (decay=exponential) 50% (577/1135) regret=0.100626 ape=0.5521
[17:57:38] warmStart (decay=exponential) 50% (578/1135) regret=0.100626 ape=0.5521
[17:57:38] warmStart (decay=exponential) 51% (579/1135) regret=0.100626 ape=0.5521
[17:57:38] warmStart (decay=exponential) 51% (580/1135) regret=0.100626 ape=0.5521
[17:57:38] warmStart (decay=exponential) 51% (581/1135) regret=0.100626 ape=0.5521
[17:57:39] warmStart (decay=exponential) 51% (582/1135) regret=0.100626 ape=0.5521
[17:57:39] warmStart (decay=exponential) 51% (583/1135) regret=0.100626 ape=0.5521
[17:57:39] warmStart (decay=exponential) 51% (584/1135) regret=0.100626 ape=0.5521
[17:57:39] warmStart (decay=exponential) 51% (585/1135) regret=0.100626 ape=0.5521
[17:57:39] warmStart (decay=exponential) 51% (586/1135) regret=0.100626 ape=0.5521
[17:57:40] warmStart (decay=exponential) 51% (587/1135) regret=0.100626 ape=0.5521
[17:57:40] warmStart (decay=exponential) 51% (588/1135) regret=0.100626 ape=0.5521
[17:57:40] warmStart (decay=exponential) 51% (589/1135) regret=0.100626 ape=0.5521
[17:57:40] warmStart (decay=exponential) 51% (590/1135) regret=0.100626 ape=0.5521
[17:57:40] warmStart (decay=exponential) 52% (591/1135) regret=0.100626 ape=0.5521
[17:57:40] warmStart (decay=exponential) 52% (592/1135) regret=0.100626 ape=0.5521
[17:57:41] warmStart (decay=exponential) 52% (593/1135) regret=0.100626 ape=0.5521
[17:57:41] warmStart (decay=exponential) 52% (594/1135) regret=0.100626 ape=0.5521
[17:57:41] warmStart (decay=exponential) 52% (595/1135) regret=0.100626 ape=0.5521
[17:57:41] warmStart (decay=exponential) 52% (596/1135) regret=0.100626 ape=0.5521
[17:57:41] warmStart (decay=exponential) 52% (597/1135) regret=0.100626 ape=0.5521
[17:57:41] warmStart (decay=exponential) 52% (598/1135) regret=0.100626 ape=0.5521
[17:57:42] warmStart (decay=exponential) 52% (599/1135) regret=0.100626 ape=0.5521
[17:57:42] warmStart (decay=exponential) 52% (600/1135) regret=0.100626 ape=0.5521
[17:57:42] warmStart (decay=exponential) 52% (601/1135) regret=0.100626 ape=0.5521
[17:57:42] warmStart (decay=exponential) 53% (602/1135) regret=0.100626 ape=0.5521
[17:57:42] warmStart (decay=exponential) 53% (603/1135) regret=0.100626 ape=0.5521
[17:57:42] warmStart (decay=exponential) 53% (604/1135) regret=0.100626 ape=0.5521
[17:57:43] warmStart (decay=exponential) 53% (605/1135) regret=0.100626 ape=0.5521
[17:57:43] warmStart (decay=exponential) 53% (606/1135) regret=0.100626 ape=0.5521
[17:57:43] warmStart (decay=exponential) 53% (607/1135) regret=0.100626 ape=0.5521
[17:57:43] warmStart (decay=exponential) 53% (608/1135) regret=0.100626 ape=0.5521
[17:57:43] warmStart (decay=exponential) 53% (609/1135) regret=0.100626 ape=0.5521
[17:57:43] warmStart (decay=exponential) 53% (610/1135) regret=0.100626 ape=0.5521
[17:57:44] warmStart (decay=exponential) 53% (611/1135) regret=0.100626 ape=0.5521
[17:57:44] warmStart (decay=exponential) 53% (612/1135) regret=0.100626 ape=0.5521
[17:57:44] warmStart (decay=exponential) 54% (613/1135) regret=0.100626 ape=0.5521
[17:57:44] warmStart (decay=exponential) 54% (614/1135) regret=0.100626 ape=0.5521
[17:57:44] warmStart (decay=exponential) 54% (615/1135) regret=0.100626 ape=0.5521
[17:57:44] warmStart (decay=exponential) 54% (616/1135) regret=0.100626 ape=0.5521
[17:57:45] warmStart (decay=exponential) 54% (617/1135) regret=0.100626 ape=0.5521
[17:57:45] warmStart (decay=exponential) 54% (618/1135) regret=0.100626 ape=0.5521
[17:57:45] warmStart (decay=exponential) 54% (619/1135) regret=0.100626 ape=0.5521
[17:57:45] warmStart (decay=exponential) 54% (620/1135) regret=0.100626 ape=0.5521
[17:57:45] warmStart (decay=exponential) 54% (621/1135) regret=0.100626 ape=0.5521
[17:57:45] warmStart (decay=exponential) 54% (622/1135) regret=0.100626 ape=0.5521
[17:57:46] warmStart (decay=exponential) 54% (623/1135) regret=0.100626 ape=0.5521
[17:57:46] warmStart (decay=exponential) 54% (624/1135) regret=0.100626 ape=0.5521
[17:57:46] warmStart (decay=exponential) 55% (625/1135) regret=0.100626 ape=0.5521
[17:57:46] warmStart (decay=exponential) 55% (626/1135) regret=0.100626 ape=0.5521
[17:57:46] warmStart (decay=exponential) 55% (627/1135) regret=0.100626 ape=0.5521
[17:57:46] warmStart (decay=exponential) 55% (628/1135) regret=0.100626 ape=0.5521
[17:57:47] warmStart (decay=exponential) 55% (629/1135) regret=0.100626 ape=0.5521
[17:57:47] warmStart (decay=exponential) 55% (630/1135) regret=0.100626 ape=0.5521
[17:57:47] warmStart (decay=exponential) 55% (631/1135) regret=0.100626 ape=0.5521
[17:57:47] warmStart (decay=exponential) 55% (632/1135) regret=0.100626 ape=0.5521
[17:57:47] warmStart (decay=exponential) 55% (633/1135) regret=0.100626 ape=0.5521
[17:57:48] warmStart (decay=exponential) 55% (634/1135) regret=0.100626 ape=0.5521
[17:57:48] warmStart (decay=exponential) 55% (635/1135) regret=0.100626 ape=0.5521
[17:57:48] warmStart (decay=exponential) 56% (636/1135) regret=0.100626 ape=0.5521
[17:57:48] warmStart (decay=exponential) 56% (637/1135) regret=0.100626 ape=0.5521
[17:57:48] warmStart (decay=exponential) 56% (638/1135) regret=0.100626 ape=0.5521
[17:57:48] warmStart (decay=exponential) 56% (639/1135) regret=0.100626 ape=0.5521
[17:57:49] warmStart (decay=exponential) 56% (640/1135) regret=0.100626 ape=0.5521
[17:57:49] warmStart (decay=exponential) 56% (641/1135) regret=0.100626 ape=0.5521
[17:57:49] warmStart (decay=exponential) 56% (642/1135) regret=0.100626 ape=0.5521
[17:57:49] warmStart (decay=exponential) 56% (643/1135) regret=0.100626 ape=0.5521
[17:57:49] warmStart (decay=exponential) 56% (644/1135) regret=0.100626 ape=0.5521
[17:57:49] warmStart (decay=exponential) 56% (645/1135) regret=0.100626 ape=0.5521
[17:57:50] warmStart (decay=exponential) 56% (646/1135) regret=0.100626 ape=0.5521
[17:57:50] warmStart (decay=exponential) 57% (647/1135) regret=0.100626 ape=0.5521
[17:57:50] warmStart (decay=exponential) 57% (648/1135) regret=0.100626 ape=0.5521
[17:57:50] warmStart (decay=exponential) 57% (649/1135) regret=0.100626 ape=0.5521
[17:57:50] warmStart (decay=exponential) 57% (650/1135) regret=0.100626 ape=0.5521
[17:57:50] warmStart (decay=exponential) 57% (651/1135) regret=0.100626 ape=0.5521
[17:57:51] warmStart (decay=exponential) 57% (652/1135) regret=0.100626 ape=0.5521
[17:57:51] warmStart (decay=exponential) 57% (653/1135) regret=0.100626 ape=0.5521
[17:57:51] warmStart (decay=exponential) 57% (654/1135) regret=0.100626 ape=0.5521
[17:57:51] warmStart (decay=exponential) 57% (655/1135) regret=0.100626 ape=0.5521
[17:57:51] warmStart (decay=exponential) 57% (656/1135) regret=0.100626 ape=0.5521
[17:57:51] warmStart (decay=exponential) 57% (657/1135) regret=0.100626 ape=0.5521
[17:57:52] warmStart (decay=exponential) 57% (658/1135) regret=0.100626 ape=0.5521
[17:57:52] warmStart (decay=exponential) 58% (659/1135) regret=0.100626 ape=0.5521
[17:57:52] warmStart (decay=exponential) 58% (660/1135) regret=0.100626 ape=0.5521
[17:57:52] warmStart (decay=exponential) 58% (661/1135) regret=0.100626 ape=0.5521
[17:57:52] warmStart (decay=exponential) 58% (662/1135) regret=0.100626 ape=0.5521
[17:57:52] warmStart (decay=exponential) 58% (663/1135) regret=0.100626 ape=0.5521
[17:57:53] warmStart (decay=exponential) 58% (664/1135) regret=0.100626 ape=0.5521
[17:57:53] warmStart (decay=exponential) 58% (665/1135) regret=0.100626 ape=0.5521
[17:57:53] warmStart (decay=exponential) 58% (666/1135) regret=0.100626 ape=0.5521
[17:57:53] warmStart (decay=exponential) 58% (667/1135) regret=0.100626 ape=0.5521
[17:57:53] warmStart (decay=exponential) 58% (668/1135) regret=0.100626 ape=0.5521
[17:57:53] warmStart (decay=exponential) 58% (669/1135) regret=0.100626 ape=0.5521
[17:57:54] warmStart (decay=exponential) 59% (670/1135) regret=0.100626 ape=0.5521
[17:57:54] warmStart (decay=exponential) 59% (671/1135) regret=0.100626 ape=0.5521
[17:57:54] warmStart (decay=exponential) 59% (672/1135) regret=0.100626 ape=0.5521
[17:57:54] warmStart (decay=exponential) 59% (673/1135) regret=0.100626 ape=0.5521
[17:57:54] warmStart (decay=exponential) 59% (674/1135) regret=0.100626 ape=0.5521
[17:57:54] warmStart (decay=exponential) 59% (675/1135) regret=0.100626 ape=0.5521
[17:57:55] warmStart (decay=exponential) 59% (676/1135) regret=0.100626 ape=0.5521
[17:57:55] warmStart (decay=exponential) 59% (677/1135) regret=0.100626 ape=0.5521
[17:57:55] warmStart (decay=exponential) 59% (678/1135) regret=0.100626 ape=0.5521
[17:57:55] warmStart (decay=exponential) 59% (679/1135) regret=0.100626 ape=0.5521
[17:57:55] warmStart (decay=exponential) 59% (680/1135) regret=0.100626 ape=0.5521
[17:57:55] warmStart (decay=exponential) 60% (681/1135) regret=0.100626 ape=0.5521
[17:57:56] warmStart (decay=exponential) 60% (682/1135) regret=0.100626 ape=0.5521
[17:57:56] warmStart (decay=exponential) 60% (683/1135) regret=0.100626 ape=0.5521
[17:57:56] warmStart (decay=exponential) 60% (684/1135) regret=0.100626 ape=0.5521
[17:57:56] warmStart (decay=exponential) 60% (685/1135) regret=0.100626 ape=0.5521
[17:57:56] warmStart (decay=exponential) 60% (686/1135) regret=0.100626 ape=0.5521
[17:57:56] warmStart (decay=exponential) 60% (687/1135) regret=0.100626 ape=0.5521
[17:57:57] warmStart (decay=exponential) 60% (688/1135) regret=0.100626 ape=0.5521
[17:57:57] warmStart (decay=exponential) 60% (689/1135) regret=0.100626 ape=0.5521
[17:57:57] warmStart (decay=exponential) 60% (690/1135) regret=0.100626 ape=0.5521
[17:57:57] warmStart (decay=exponential) 60% (691/1135) regret=0.100626 ape=0.5521
[17:57:57] warmStart (decay=exponential) 60% (692/1135) regret=0.100626 ape=0.5521
[17:57:57] warmStart (decay=exponential) 61% (693/1135) regret=0.100626 ape=0.5521
[17:57:58] warmStart (decay=exponential) 61% (694/1135) regret=0.100626 ape=0.5521
[17:57:58] warmStart (decay=exponential) 61% (695/1135) regret=0.100626 ape=0.5521
[17:57:58] warmStart (decay=exponential) 61% (696/1135) regret=0.100626 ape=0.5521
[17:57:58] warmStart (decay=exponential) 61% (697/1135) regret=0.100626 ape=0.5521
[17:57:58] warmStart (decay=exponential) 61% (698/1135) regret=0.100626 ape=0.5521
[17:57:59] warmStart (decay=exponential) 61% (699/1135) regret=0.100626 ape=0.5521
[17:57:59] warmStart (decay=exponential) 61% (700/1135) regret=0.100626 ape=0.5521
[17:57:59] warmStart (decay=exponential) 61% (701/1135) regret=0.100626 ape=0.5521
[17:57:59] warmStart (decay=exponential) 61% (702/1135) regret=0.100626 ape=0.5521
[17:57:59] warmStart (decay=exponential) 61% (703/1135) regret=0.100626 ape=0.5521
[17:57:59] warmStart (decay=exponential) 62% (704/1135) regret=0.100626 ape=0.5521
[17:58:00] warmStart (decay=exponential) 62% (705/1135) regret=0.100626 ape=0.5521
[17:58:00] warmStart (decay=exponential) 62% (706/1135) regret=0.100626 ape=0.5521
[17:58:00] warmStart (decay=exponential) 62% (707/1135) regret=0.100626 ape=0.5521
[17:58:00] warmStart (decay=exponential) 62% (708/1135) regret=0.100626 ape=0.5521
[17:58:00] warmStart (decay=exponential) 62% (709/1135) regret=0.100626 ape=0.5521
[17:58:00] warmStart (decay=exponential) 62% (710/1135) regret=0.100626 ape=0.5521
[17:58:01] warmStart (decay=exponential) 62% (711/1135) regret=0.100626 ape=0.5521
[17:58:01] warmStart (decay=exponential) 62% (712/1135) regret=0.100626 ape=0.5521
[17:58:01] warmStart (decay=exponential) 62% (713/1135) regret=0.100626 ape=0.5521
[17:58:01] warmStart (decay=exponential) 62% (714/1135) regret=0.100626 ape=0.5521
[17:58:01] warmStart (decay=exponential) 62% (715/1135) regret=0.100626 ape=0.5521
[17:58:02] warmStart (decay=exponential) 63% (716/1135) regret=0.100626 ape=0.5521
[17:58:02] warmStart (decay=exponential) 63% (717/1135) regret=0.100626 ape=0.5521
[17:58:02] warmStart (decay=exponential) 63% (718/1135) regret=0.100626 ape=0.5521
[17:58:02] warmStart (decay=exponential) 63% (719/1135) regret=0.100626 ape=0.5521
[17:58:02] warmStart (decay=exponential) 63% (720/1135) regret=0.100626 ape=0.5521
[17:58:03] warmStart (decay=exponential) 63% (721/1135) regret=0.100626 ape=0.5521
[17:58:03] warmStart (decay=exponential) 63% (722/1135) regret=0.100626 ape=0.5521
[17:58:03] warmStart (decay=exponential) 63% (723/1135) regret=0.100626 ape=0.5521
[17:58:03] warmStart (decay=exponential) 63% (724/1135) regret=0.100626 ape=0.5521
[17:58:03] warmStart (decay=exponential) 63% (725/1135) regret=0.100626 ape=0.5521
[17:58:03] warmStart (decay=exponential) 63% (726/1135) regret=0.100626 ape=0.5521
[17:58:04] warmStart (decay=exponential) 64% (727/1135) regret=0.100626 ape=0.5521
[17:58:04] warmStart (decay=exponential) 64% (728/1135) regret=0.100626 ape=0.5521
[17:58:04] warmStart (decay=exponential) 64% (729/1135) regret=0.100626 ape=0.5521
[17:58:04] warmStart (decay=exponential) 64% (730/1135) regret=0.100626 ape=0.5521
[17:58:04] warmStart (decay=exponential) 64% (731/1135) regret=0.100626 ape=0.5521
[17:58:04] warmStart (decay=exponential) 64% (732/1135) regret=0.100626 ape=0.5521
[17:58:05] warmStart (decay=exponential) 64% (733/1135) regret=0.100626 ape=0.5521
[17:58:05] warmStart (decay=exponential) 64% (734/1135) regret=0.100626 ape=0.5521
[17:58:05] warmStart (decay=exponential) 64% (735/1135) regret=0.100626 ape=0.5521
[17:58:05] warmStart (decay=exponential) 64% (736/1135) regret=0.100626 ape=0.5521
[17:58:05] warmStart (decay=exponential) 64% (737/1135) regret=0.100626 ape=0.5521
[17:58:05] warmStart (decay=exponential) 65% (738/1135) regret=0.100626 ape=0.5521
[17:58:06] warmStart (decay=exponential) 65% (739/1135) regret=0.100626 ape=0.5521
[17:58:06] warmStart (decay=exponential) 65% (740/1135) regret=0.100626 ape=0.5521
[17:58:06] warmStart (decay=exponential) 65% (741/1135) regret=0.100626 ape=0.5521
[17:58:06] warmStart (decay=exponential) 65% (742/1135) regret=0.100626 ape=0.5521
[17:58:06] warmStart (decay=exponential) 65% (743/1135) regret=0.100626 ape=0.5521
[17:58:07] warmStart (decay=exponential) 65% (744/1135) regret=0.100626 ape=0.5521
[17:58:07] warmStart (decay=exponential) 65% (745/1135) regret=0.100626 ape=0.5521
[17:58:07] warmStart (decay=exponential) 65% (746/1135) regret=0.100626 ape=0.5521
[17:58:07] warmStart (decay=exponential) 65% (747/1135) regret=0.100626 ape=0.5521
[17:58:07] warmStart (decay=exponential) 65% (748/1135) regret=0.100626 ape=0.5521
[17:58:08] warmStart (decay=exponential) 65% (749/1135) regret=0.100626 ape=0.5521
[17:58:08] warmStart (decay=exponential) 66% (750/1135) regret=0.100626 ape=0.5521
[17:58:08] warmStart (decay=exponential) 66% (751/1135) regret=0.100626 ape=0.5521
[17:58:08] warmStart (decay=exponential) 66% (752/1135) regret=0.100626 ape=0.5521
[17:58:08] warmStart (decay=exponential) 66% (753/1135) regret=0.100626 ape=0.5521
[17:58:08] warmStart (decay=exponential) 66% (754/1135) regret=0.100626 ape=0.5521
[17:58:09] warmStart (decay=exponential) 66% (755/1135) regret=0.100626 ape=0.5521
[17:58:09] warmStart (decay=exponential) 66% (756/1135) regret=0.100626 ape=0.5521
[17:58:09] warmStart (decay=exponential) 66% (757/1135) regret=0.100626 ape=0.5521
[17:58:09] warmStart (decay=exponential) 66% (758/1135) regret=0.100626 ape=0.5521
[17:58:09] warmStart (decay=exponential) 66% (759/1135) regret=0.100626 ape=0.5521
[17:58:09] warmStart (decay=exponential) 66% (760/1135) regret=0.100626 ape=0.5521
[17:58:10] warmStart (decay=exponential) 67% (761/1135) regret=0.100626 ape=0.5521
[17:58:10] warmStart (decay=exponential) 67% (762/1135) regret=0.100626 ape=0.5521
[17:58:10] warmStart (decay=exponential) 67% (763/1135) regret=0.100626 ape=0.5521
[17:58:10] warmStart (decay=exponential) 67% (764/1135) regret=0.100626 ape=0.5521
[17:58:10] warmStart (decay=exponential) 67% (765/1135) regret=0.100626 ape=0.5521
[17:58:11] warmStart (decay=exponential) 67% (766/1135) regret=0.100626 ape=0.5521
[17:58:11] warmStart (decay=exponential) 67% (767/1135) regret=0.100626 ape=0.5521
[17:58:11] warmStart (decay=exponential) 67% (768/1135) regret=0.100626 ape=0.5521
[17:58:11] warmStart (decay=exponential) 67% (769/1135) regret=0.100626 ape=0.5521
[17:58:11] warmStart (decay=exponential) 67% (770/1135) regret=0.100626 ape=0.5521
[17:58:12] warmStart (decay=exponential) 67% (771/1135) regret=0.100626 ape=0.5521
[17:58:12] warmStart (decay=exponential) 68% (772/1135) regret=0.100626 ape=0.5521
[17:58:12] warmStart (decay=exponential) 68% (773/1135) regret=0.100626 ape=0.5521
[17:58:12] warmStart (decay=exponential) 68% (774/1135) regret=0.100626 ape=0.5521
[17:58:12] warmStart (decay=exponential) 68% (775/1135) regret=0.100626 ape=0.5521
[17:58:13] warmStart (decay=exponential) 68% (776/1135) regret=0.100626 ape=0.5521
[17:58:13] warmStart (decay=exponential) 68% (777/1135) regret=0.100626 ape=0.5521
[17:58:13] warmStart (decay=exponential) 68% (778/1135) regret=0.100626 ape=0.5521
[17:58:13] warmStart (decay=exponential) 68% (779/1135) regret=0.100626 ape=0.5521
[17:58:13] warmStart (decay=exponential) 68% (780/1135) regret=0.100626 ape=0.5521
[17:58:14] warmStart (decay=exponential) 68% (781/1135) regret=0.100626 ape=0.5521
[17:58:14] warmStart (decay=exponential) 68% (782/1135) regret=0.100626 ape=0.5521
[17:58:14] warmStart (decay=exponential) 68% (783/1135) regret=0.100626 ape=0.5521
[17:58:14] warmStart (decay=exponential) 69% (784/1135) regret=0.100626 ape=0.5521
[17:58:14] warmStart (decay=exponential) 69% (785/1135) regret=0.100626 ape=0.5521
[17:58:15] warmStart (decay=exponential) 69% (786/1135) regret=0.100626 ape=0.5521
[17:58:15] warmStart (decay=exponential) 69% (787/1135) regret=0.100626 ape=0.5521
[17:58:15] warmStart (decay=exponential) 69% (788/1135) regret=0.100626 ape=0.5521
[17:58:15] warmStart (decay=exponential) 69% (789/1135) regret=0.100626 ape=0.5521
[17:58:15] warmStart (decay=exponential) 69% (790/1135) regret=0.100626 ape=0.5521
[17:58:16] warmStart (decay=exponential) 69% (791/1135) regret=0.100626 ape=0.5521
[17:58:16] warmStart (decay=exponential) 69% (792/1135) regret=0.100626 ape=0.5521
[17:58:16] warmStart (decay=exponential) 69% (793/1135) regret=0.100626 ape=0.5521
[17:58:16] warmStart (decay=exponential) 69% (794/1135) regret=0.100626 ape=0.5521
[17:58:16] warmStart (decay=exponential) 70% (795/1135) regret=0.100626 ape=0.5521
[17:58:17] warmStart (decay=exponential) 70% (796/1135) regret=0.100626 ape=0.5521
[17:58:17] warmStart (decay=exponential) 70% (797/1135) regret=0.100626 ape=0.5521
[17:58:17] warmStart (decay=exponential) 70% (798/1135) regret=0.100626 ape=0.5521
[17:58:17] warmStart (decay=exponential) 70% (799/1135) regret=0.100626 ape=0.5521
[17:58:17] warmStart (decay=exponential) 70% (800/1135) regret=0.100626 ape=0.5521
[17:58:18] warmStart (decay=exponential) 70% (801/1135) regret=0.100626 ape=0.5521
[17:58:18] warmStart (decay=exponential) 70% (802/1135) regret=0.100626 ape=0.5521
[17:58:18] warmStart (decay=exponential) 70% (803/1135) regret=0.100626 ape=0.5521
[17:58:18] warmStart (decay=exponential) 70% (804/1135) regret=0.100626 ape=0.5521
[17:58:18] warmStart (decay=exponential) 70% (805/1135) regret=0.100626 ape=0.5521
[17:58:19] warmStart (decay=exponential) 71% (806/1135) regret=0.100626 ape=0.5521
[17:58:19] warmStart (decay=exponential) 71% (807/1135) regret=0.100626 ape=0.5521
[17:58:19] warmStart (decay=exponential) 71% (808/1135) regret=0.100626 ape=0.5521
[17:58:19] warmStart (decay=exponential) 71% (809/1135) regret=0.100626 ape=0.5521
[17:58:19] warmStart (decay=exponential) 71% (810/1135) regret=0.100626 ape=0.5521
[17:58:20] warmStart (decay=exponential) 71% (811/1135) regret=0.100626 ape=0.5521
[17:58:20] warmStart (decay=exponential) 71% (812/1135) regret=0.100626 ape=0.5521
[17:58:20] warmStart (decay=exponential) 71% (813/1135) regret=0.100626 ape=0.5521
[17:58:20] warmStart (decay=exponential) 71% (814/1135) regret=0.100626 ape=0.5521
[17:58:20] warmStart (decay=exponential) 71% (815/1135) regret=0.100626 ape=0.5521
[17:58:21] warmStart (decay=exponential) 71% (816/1135) regret=0.100626 ape=0.5521
[17:58:21] warmStart (decay=exponential) 71% (817/1135) regret=0.100626 ape=0.5521
[17:58:21] warmStart (decay=exponential) 72% (818/1135) regret=0.100626 ape=0.5521
[17:58:21] warmStart (decay=exponential) 72% (819/1135) regret=0.100626 ape=0.5521
[17:58:21] warmStart (decay=exponential) 72% (820/1135) regret=0.100626 ape=0.5521
[17:58:22] warmStart (decay=exponential) 72% (821/1135) regret=0.100626 ape=0.5521
[17:58:22] warmStart (decay=exponential) 72% (822/1135) regret=0.100626 ape=0.5521
[17:58:22] warmStart (decay=exponential) 72% (823/1135) regret=0.100626 ape=0.5521
[17:58:22] warmStart (decay=exponential) 72% (824/1135) regret=0.100626 ape=0.5521
[17:58:22] warmStart (decay=exponential) 72% (825/1135) regret=0.100626 ape=0.5521
[17:58:22] warmStart (decay=exponential) 72% (826/1135) regret=0.100626 ape=0.5521
[17:58:23] warmStart (decay=exponential) 72% (827/1135) regret=0.100626 ape=0.5521
[17:58:23] warmStart (decay=exponential) 72% (828/1135) regret=0.100626 ape=0.5521
[17:58:23] warmStart (decay=exponential) 73% (829/1135) regret=0.100626 ape=0.5521
[17:58:23] warmStart (decay=exponential) 73% (830/1135) regret=0.100626 ape=0.5521
[17:58:24] warmStart (decay=exponential) 73% (831/1135) regret=0.100626 ape=0.5521
[17:58:24] warmStart (decay=exponential) 73% (832/1135) regret=0.100626 ape=0.5521
[17:58:24] warmStart (decay=exponential) 73% (833/1135) regret=0.100626 ape=0.5521
[17:58:24] warmStart (decay=exponential) 73% (834/1135) regret=0.100626 ape=0.5521
[17:58:24] warmStart (decay=exponential) 73% (835/1135) regret=0.100626 ape=0.5521
[17:58:25] warmStart (decay=exponential) 73% (836/1135) regret=0.100626 ape=0.5521
[17:58:25] warmStart (decay=exponential) 73% (837/1135) regret=0.100626 ape=0.5521
[17:58:25] warmStart (decay=exponential) 73% (838/1135) regret=0.100626 ape=0.5521
[17:58:25] warmStart (decay=exponential) 73% (839/1135) regret=0.100626 ape=0.5521
[17:58:25] warmStart (decay=exponential) 74% (840/1135) regret=0.100626 ape=0.5521
[17:58:26] warmStart (decay=exponential) 74% (841/1135) regret=0.100626 ape=0.5521
[17:58:26] warmStart (decay=exponential) 74% (842/1135) regret=0.100626 ape=0.5521
[17:58:26] warmStart (decay=exponential) 74% (843/1135) regret=0.100626 ape=0.5521
[17:58:26] warmStart (decay=exponential) 74% (844/1135) regret=0.100626 ape=0.5521
[17:58:26] warmStart (decay=exponential) 74% (845/1135) regret=0.100626 ape=0.5521
[17:58:27] warmStart (decay=exponential) 74% (846/1135) regret=0.100626 ape=0.5521
[17:58:27] warmStart (decay=exponential) 74% (847/1135) regret=0.100626 ape=0.5521
[17:58:27] warmStart (decay=exponential) 74% (848/1135) regret=0.100626 ape=0.5521
[17:58:27] warmStart (decay=exponential) 74% (849/1135) regret=0.100626 ape=0.5521
[17:58:27] warmStart (decay=exponential) 74% (850/1135) regret=0.100626 ape=0.5521
[17:58:28] warmStart (decay=exponential) 74% (851/1135) regret=0.100626 ape=0.5521
[17:58:28] warmStart (decay=exponential) 75% (852/1135) regret=0.100626 ape=0.5521
[17:58:28] warmStart (decay=exponential) 75% (853/1135) regret=0.100626 ape=0.5521
[17:58:28] warmStart (decay=exponential) 75% (854/1135) regret=0.100626 ape=0.5521
[17:58:28] warmStart (decay=exponential) 75% (855/1135) regret=0.100626 ape=0.5521
[17:58:29] warmStart (decay=exponential) 75% (856/1135) regret=0.100626 ape=0.5521
[17:58:29] warmStart (decay=exponential) 75% (857/1135) regret=0.100626 ape=0.5521
[17:58:29] warmStart (decay=exponential) 75% (858/1135) regret=0.100626 ape=0.5521
[17:58:29] warmStart (decay=exponential) 75% (859/1135) regret=0.100626 ape=0.5521
[17:58:29] warmStart (decay=exponential) 75% (860/1135) regret=0.100626 ape=0.5521
[17:58:30] warmStart (decay=exponential) 75% (861/1135) regret=0.100626 ape=0.5521
[17:58:30] warmStart (decay=exponential) 75% (862/1135) regret=0.100626 ape=0.5521
[17:58:30] warmStart (decay=exponential) 76% (863/1135) regret=0.100626 ape=0.5521
[17:58:30] warmStart (decay=exponential) 76% (864/1135) regret=0.100626 ape=0.5521
[17:58:30] warmStart (decay=exponential) 76% (865/1135) regret=0.100626 ape=0.5521
[17:58:31] warmStart (decay=exponential) 76% (866/1135) regret=0.100626 ape=0.5521
[17:58:31] warmStart (decay=exponential) 76% (867/1135) regret=0.100626 ape=0.5521
[17:58:31] warmStart (decay=exponential) 76% (868/1135) regret=0.100626 ape=0.5521
[17:58:31] warmStart (decay=exponential) 76% (869/1135) regret=0.100626 ape=0.5521
[17:58:31] warmStart (decay=exponential) 76% (870/1135) regret=0.100626 ape=0.5521
[17:58:32] warmStart (decay=exponential) 76% (871/1135) regret=0.100626 ape=0.5521
[17:58:32] warmStart (decay=exponential) 76% (872/1135) regret=0.100626 ape=0.5521
[17:58:32] warmStart (decay=exponential) 76% (873/1135) regret=0.100626 ape=0.5521
[17:58:32] warmStart (decay=exponential) 77% (874/1135) regret=0.100626 ape=0.5521
[17:58:32] warmStart (decay=exponential) 77% (875/1135) regret=0.100626 ape=0.5521
[17:58:33] warmStart (decay=exponential) 77% (876/1135) regret=0.100626 ape=0.5521
[17:58:33] warmStart (decay=exponential) 77% (877/1135) regret=0.100626 ape=0.5521
[17:58:33] warmStart (decay=exponential) 77% (878/1135) regret=0.100626 ape=0.5521
[17:58:33] warmStart (decay=exponential) 77% (879/1135) regret=0.100626 ape=0.5521
[17:58:33] warmStart (decay=exponential) 77% (880/1135) regret=0.100626 ape=0.5521
[17:58:34] warmStart (decay=exponential) 77% (881/1135) regret=0.100626 ape=0.5521
[17:58:34] warmStart (decay=exponential) 77% (882/1135) regret=0.100626 ape=0.5521
[17:58:34] warmStart (decay=exponential) 77% (883/1135) regret=0.100626 ape=0.5521
[17:58:34] warmStart (decay=exponential) 77% (884/1135) regret=0.100626 ape=0.5521
[17:58:34] warmStart (decay=exponential) 77% (885/1135) regret=0.100626 ape=0.5521
[17:58:35] warmStart (decay=exponential) 78% (886/1135) regret=0.100626 ape=0.5521
[17:58:35] warmStart (decay=exponential) 78% (887/1135) regret=0.100626 ape=0.5521
[17:58:35] warmStart (decay=exponential) 78% (888/1135) regret=0.100626 ape=0.5521
[17:58:35] warmStart (decay=exponential) 78% (889/1135) regret=0.100626 ape=0.5521
[17:58:35] warmStart (decay=exponential) 78% (890/1135) regret=0.100626 ape=0.5521
[17:58:36] warmStart (decay=exponential) 78% (891/1135) regret=0.100626 ape=0.5521
[17:58:36] warmStart (decay=exponential) 78% (892/1135) regret=0.100626 ape=0.5521
[17:58:36] warmStart (decay=exponential) 78% (893/1135) regret=0.100626 ape=0.5521
[17:58:36] warmStart (decay=exponential) 78% (894/1135) regret=0.100626 ape=0.5521
[17:58:36] warmStart (decay=exponential) 78% (895/1135) regret=0.100626 ape=0.5521
[17:58:37] warmStart (decay=exponential) 78% (896/1135) regret=0.100626 ape=0.5521
[17:58:37] warmStart (decay=exponential) 79% (897/1135) regret=0.100626 ape=0.5521
[17:58:37] warmStart (decay=exponential) 79% (898/1135) regret=0.100626 ape=0.5521
[17:58:37] warmStart (decay=exponential) 79% (899/1135) regret=0.100626 ape=0.5521
[17:58:37] warmStart (decay=exponential) 79% (900/1135) regret=0.100626 ape=0.5521
[17:58:38] warmStart (decay=exponential) 79% (901/1135) regret=0.100626 ape=0.5521
[17:58:38] warmStart (decay=exponential) 79% (902/1135) regret=0.100626 ape=0.5521
[17:58:38] warmStart (decay=exponential) 79% (903/1135) regret=0.100626 ape=0.5521
[17:58:38] warmStart (decay=exponential) 79% (904/1135) regret=0.100626 ape=0.5521
[17:58:39] warmStart (decay=exponential) 79% (905/1135) regret=0.100626 ape=0.5521
[17:58:39] warmStart (decay=exponential) 79% (906/1135) regret=0.100626 ape=0.5521
[17:58:39] warmStart (decay=exponential) 79% (907/1135) regret=0.100626 ape=0.5521
[17:58:39] warmStart (decay=exponential) 80% (908/1135) regret=0.100626 ape=0.5521
[17:58:39] warmStart (decay=exponential) 80% (909/1135) regret=0.100626 ape=0.5521
[17:58:40] warmStart (decay=exponential) 80% (910/1135) regret=0.100626 ape=0.5521
[17:58:40] warmStart (decay=exponential) 80% (911/1135) regret=0.100626 ape=0.5521
[17:58:40] warmStart (decay=exponential) 80% (912/1135) regret=0.100626 ape=0.5521
[17:58:40] warmStart (decay=exponential) 80% (913/1135) regret=0.100626 ape=0.5521
[17:58:40] warmStart (decay=exponential) 80% (914/1135) regret=0.100626 ape=0.5521
[17:58:41] warmStart (decay=exponential) 80% (915/1135) regret=0.100626 ape=0.5521
[17:58:41] warmStart (decay=exponential) 80% (916/1135) regret=0.100626 ape=0.5521
[17:58:41] warmStart (decay=exponential) 80% (917/1135) regret=0.100626 ape=0.5521
[17:58:41] warmStart (decay=exponential) 80% (918/1135) regret=0.100626 ape=0.5521
[17:58:41] warmStart (decay=exponential) 80% (919/1135) regret=0.100626 ape=0.5521
[17:58:42] warmStart (decay=exponential) 81% (920/1135) regret=0.100626 ape=0.5521
[17:58:42] warmStart (decay=exponential) 81% (921/1135) regret=0.100626 ape=0.5521
[17:58:42] warmStart (decay=exponential) 81% (922/1135) regret=0.100626 ape=0.5521
[17:58:42] warmStart (decay=exponential) 81% (923/1135) regret=0.100626 ape=0.5521
[17:58:42] warmStart (decay=exponential) 81% (924/1135) regret=0.100626 ape=0.5521
[17:58:43] warmStart (decay=exponential) 81% (925/1135) regret=0.100626 ape=0.5521
[17:58:43] warmStart (decay=exponential) 81% (926/1135) regret=0.100626 ape=0.5521
[17:58:43] warmStart (decay=exponential) 81% (927/1135) regret=0.100626 ape=0.5521
[17:58:43] warmStart (decay=exponential) 81% (928/1135) regret=0.100626 ape=0.5521
[17:58:43] warmStart (decay=exponential) 81% (929/1135) regret=0.100626 ape=0.5521
[17:58:44] warmStart (decay=exponential) 81% (930/1135) regret=0.100626 ape=0.5521
[17:58:44] warmStart (decay=exponential) 82% (931/1135) regret=0.100626 ape=0.5521
[17:58:44] warmStart (decay=exponential) 82% (932/1135) regret=0.100626 ape=0.5521
[17:58:44] warmStart (decay=exponential) 82% (933/1135) regret=0.100626 ape=0.5521
[17:58:45] warmStart (decay=exponential) 82% (934/1135) regret=0.100626 ape=0.5521
[17:58:45] warmStart (decay=exponential) 82% (935/1135) regret=0.100626 ape=0.5521
[17:58:45] warmStart (decay=exponential) 82% (936/1135) regret=0.100626 ape=0.5521
[17:58:45] warmStart (decay=exponential) 82% (937/1135) regret=0.100626 ape=0.5521
[17:58:45] warmStart (decay=exponential) 82% (938/1135) regret=0.100626 ape=0.5521
[17:58:46] warmStart (decay=exponential) 82% (939/1135) regret=0.100626 ape=0.5521
[17:58:46] warmStart (decay=exponential) 82% (940/1135) regret=0.100626 ape=0.5521
[17:58:46] warmStart (decay=exponential) 82% (941/1135) regret=0.100626 ape=0.5521
[17:58:46] warmStart (decay=exponential) 82% (942/1135) regret=0.100626 ape=0.5521
[17:58:46] warmStart (decay=exponential) 83% (943/1135) regret=0.100626 ape=0.5521
[17:58:47] warmStart (decay=exponential) 83% (944/1135) regret=0.100626 ape=0.5521
[17:58:47] warmStart (decay=exponential) 83% (945/1135) regret=0.100626 ape=0.5521
[17:58:47] warmStart (decay=exponential) 83% (946/1135) regret=0.100626 ape=0.5521
[17:58:47] warmStart (decay=exponential) 83% (947/1135) regret=0.100626 ape=0.5521
[17:58:47] warmStart (decay=exponential) 83% (948/1135) regret=0.100626 ape=0.5521
[17:58:48] warmStart (decay=exponential) 83% (949/1135) regret=0.100626 ape=0.5521
[17:58:48] warmStart (decay=exponential) 83% (950/1135) regret=0.100626 ape=0.5521
[17:58:48] warmStart (decay=exponential) 83% (951/1135) regret=0.100626 ape=0.5521
[17:58:48] warmStart (decay=exponential) 83% (952/1135) regret=0.100626 ape=0.5521
[17:58:48] warmStart (decay=exponential) 83% (953/1135) regret=0.100626 ape=0.5521
[17:58:49] warmStart (decay=exponential) 84% (954/1135) regret=0.100626 ape=0.5521
[17:58:49] warmStart (decay=exponential) 84% (955/1135) regret=0.100626 ape=0.5521
[17:58:49] warmStart (decay=exponential) 84% (956/1135) regret=0.100626 ape=0.5521
[17:58:49] warmStart (decay=exponential) 84% (957/1135) regret=0.100626 ape=0.5521
[17:58:49] warmStart (decay=exponential) 84% (958/1135) regret=0.100626 ape=0.5521
[17:58:50] warmStart (decay=exponential) 84% (959/1135) regret=0.100626 ape=0.5521
[17:58:50] warmStart (decay=exponential) 84% (960/1135) regret=0.100626 ape=0.5521
[17:58:50] warmStart (decay=exponential) 84% (961/1135) regret=0.100626 ape=0.5521
[17:58:50] warmStart (decay=exponential) 84% (962/1135) regret=0.100626 ape=0.5521
[17:58:50] warmStart (decay=exponential) 84% (963/1135) regret=0.100626 ape=0.5521
[17:58:51] warmStart (decay=exponential) 84% (964/1135) regret=0.100626 ape=0.5521
[17:58:51] warmStart (decay=exponential) 85% (965/1135) regret=0.100626 ape=0.5521
[17:58:51] warmStart (decay=exponential) 85% (966/1135) regret=0.100626 ape=0.5521
[17:58:51] warmStart (decay=exponential) 85% (967/1135) regret=0.100626 ape=0.5521
[17:58:52] warmStart (decay=exponential) 85% (968/1135) regret=0.100626 ape=0.5521
[17:58:52] warmStart (decay=exponential) 85% (969/1135) regret=0.100626 ape=0.5521
[17:58:52] warmStart (decay=exponential) 85% (970/1135) regret=0.100626 ape=0.5521
[17:58:52] warmStart (decay=exponential) 85% (971/1135) regret=0.100626 ape=0.5521
[17:58:52] warmStart (decay=exponential) 85% (972/1135) regret=0.100626 ape=0.5521
[17:58:53] warmStart (decay=exponential) 85% (973/1135) regret=0.100626 ape=0.5521
[17:58:53] warmStart (decay=exponential) 85% (974/1135) regret=0.100626 ape=0.5521
[17:58:53] warmStart (decay=exponential) 85% (975/1135) regret=0.100626 ape=0.5521
[17:58:53] warmStart (decay=exponential) 85% (976/1135) regret=0.100626 ape=0.5521
[17:58:53] warmStart (decay=exponential) 86% (977/1135) regret=0.100626 ape=0.5521
[17:58:54] warmStart (decay=exponential) 86% (978/1135) regret=0.100626 ape=0.5521
[17:58:54] warmStart (decay=exponential) 86% (979/1135) regret=0.100626 ape=0.5521
[17:58:54] warmStart (decay=exponential) 86% (980/1135) regret=0.100626 ape=0.5521
[17:58:54] warmStart (decay=exponential) 86% (981/1135) regret=0.100626 ape=0.5521
[17:58:54] warmStart (decay=exponential) 86% (982/1135) regret=0.100626 ape=0.5521
[17:58:55] warmStart (decay=exponential) 86% (983/1135) regret=0.100626 ape=0.5521
[17:58:55] warmStart (decay=exponential) 86% (984/1135) regret=0.100626 ape=0.5521
[17:58:55] warmStart (decay=exponential) 86% (985/1135) regret=0.100626 ape=0.5521
[17:58:55] warmStart (decay=exponential) 86% (986/1135) regret=0.100626 ape=0.5521
[17:58:56] warmStart (decay=exponential) 86% (987/1135) regret=0.100626 ape=0.5521
[17:58:56] warmStart (decay=exponential) 87% (988/1135) regret=0.100626 ape=0.5521
[17:58:56] warmStart (decay=exponential) 87% (989/1135) regret=0.100626 ape=0.5521
[17:58:56] warmStart (decay=exponential) 87% (990/1135) regret=0.100626 ape=0.5521
[17:58:56] warmStart (decay=exponential) 87% (991/1135) regret=0.100626 ape=0.5521
[17:58:57] warmStart (decay=exponential) 87% (992/1135) regret=0.100626 ape=0.5521
[17:58:57] warmStart (decay=exponential) 87% (993/1135) regret=0.100626 ape=0.5521
[17:58:57] warmStart (decay=exponential) 87% (994/1135) regret=0.100626 ape=0.5521
[17:58:57] warmStart (decay=exponential) 87% (995/1135) regret=0.100626 ape=0.5521
[17:58:57] warmStart (decay=exponential) 87% (996/1135) regret=0.100626 ape=0.5521
[17:58:58] warmStart (decay=exponential) 87% (997/1135) regret=0.100626 ape=0.5521
[17:58:58] warmStart (decay=exponential) 87% (998/1135) regret=0.100626 ape=0.5521
[17:58:58] warmStart (decay=exponential) 88% (999/1135) regret=0.100626 ape=0.5521
[17:58:58] warmStart (decay=exponential) 88% (1000/1135) regret=0.100626 ape=0.5521
[17:58:58] warmStart (decay=exponential) 88% (1001/1135) regret=0.100626 ape=0.5521
[17:58:59] warmStart (decay=exponential) 88% (1002/1135) regret=0.100626 ape=0.5521
[17:58:59] warmStart (decay=exponential) 88% (1003/1135) regret=0.100626 ape=0.5521
[17:58:59] warmStart (decay=exponential) 88% (1004/1135) regret=0.100626 ape=0.5521
[17:58:59] warmStart (decay=exponential) 88% (1005/1135) regret=0.100626 ape=0.5521
[17:58:59] warmStart (decay=exponential) 88% (1006/1135) regret=0.100626 ape=0.5521
[17:59:00] warmStart (decay=exponential) 88% (1007/1135) regret=0.100626 ape=0.5521
[17:59:00] warmStart (decay=exponential) 88% (1008/1135) regret=0.100626 ape=0.5521
[17:59:00] warmStart (decay=exponential) 88% (1009/1135) regret=0.100626 ape=0.5521
[17:59:00] warmStart (decay=exponential) 88% (1010/1135) regret=0.100626 ape=0.5521
[17:59:00] warmStart (decay=exponential) 89% (1011/1135) regret=0.100626 ape=0.5521
[17:59:01] warmStart (decay=exponential) 89% (1012/1135) regret=0.100626 ape=0.5521
[17:59:01] warmStart (decay=exponential) 89% (1013/1135) regret=0.100626 ape=0.5521
[17:59:01] warmStart (decay=exponential) 89% (1014/1135) regret=0.100626 ape=0.5521
[17:59:01] warmStart (decay=exponential) 89% (1015/1135) regret=0.100626 ape=0.5521
[17:59:01] warmStart (decay=exponential) 89% (1016/1135) regret=0.100626 ape=0.5521
[17:59:02] warmStart (decay=exponential) 89% (1017/1135) regret=0.100626 ape=0.5521
[17:59:02] warmStart (decay=exponential) 89% (1018/1135) regret=0.100626 ape=0.5521
[17:59:02] warmStart (decay=exponential) 89% (1019/1135) regret=0.100626 ape=0.5521
[17:59:02] warmStart (decay=exponential) 89% (1020/1135) regret=0.100626 ape=0.5521
[17:59:02] warmStart (decay=exponential) 89% (1021/1135) regret=0.100626 ape=0.5521
[17:59:03] warmStart (decay=exponential) 90% (1022/1135) regret=0.100626 ape=0.5521
[17:59:03] warmStart (decay=exponential) 90% (1023/1135) regret=0.100626 ape=0.5521
[17:59:03] warmStart (decay=exponential) 90% (1024/1135) regret=0.100626 ape=0.5521
[17:59:03] warmStart (decay=exponential) 90% (1025/1135) regret=0.100626 ape=0.5521
[17:59:04] warmStart (decay=exponential) 90% (1026/1135) regret=0.100626 ape=0.5521
[17:59:04] warmStart (decay=exponential) 90% (1027/1135) regret=0.100626 ape=0.5521
[17:59:04] warmStart (decay=exponential) 90% (1028/1135) regret=0.100626 ape=0.5521
[17:59:04] warmStart (decay=exponential) 90% (1029/1135) regret=0.100626 ape=0.5521
[17:59:04] warmStart (decay=exponential) 90% (1030/1135) regret=0.100626 ape=0.5521
[17:59:05] warmStart (decay=exponential) 90% (1031/1135) regret=0.100626 ape=0.5521
[17:59:05] warmStart (decay=exponential) 90% (1032/1135) regret=0.100626 ape=0.5521
[17:59:05] warmStart (decay=exponential) 91% (1033/1135) regret=0.100626 ape=0.5521
[17:59:05] warmStart (decay=exponential) 91% (1034/1135) regret=0.100626 ape=0.5521
[17:59:05] warmStart (decay=exponential) 91% (1035/1135) regret=0.100626 ape=0.5521
[17:59:06] warmStart (decay=exponential) 91% (1036/1135) regret=0.100626 ape=0.5521
[17:59:06] warmStart (decay=exponential) 91% (1037/1135) regret=0.100626 ape=0.5521
[17:59:06] warmStart (decay=exponential) 91% (1038/1135) regret=0.100626 ape=0.5521
[17:59:06] warmStart (decay=exponential) 91% (1039/1135) regret=0.100626 ape=0.5521
[17:59:06] warmStart (decay=exponential) 91% (1040/1135) regret=0.100626 ape=0.5521
[17:59:07] warmStart (decay=exponential) 91% (1041/1135) regret=0.100626 ape=0.5521
[17:59:07] warmStart (decay=exponential) 91% (1042/1135) regret=0.100626 ape=0.5521
[17:59:07] warmStart (decay=exponential) 91% (1043/1135) regret=0.100626 ape=0.5521
[17:59:07] warmStart (decay=exponential) 91% (1044/1135) regret=0.100626 ape=0.5521
[17:59:07] warmStart (decay=exponential) 92% (1045/1135) regret=0.100626 ape=0.5521
[17:59:08] warmStart (decay=exponential) 92% (1046/1135) regret=0.100626 ape=0.5521
[17:59:08] warmStart (decay=exponential) 92% (1047/1135) regret=0.100626 ape=0.5521
[17:59:08] warmStart (decay=exponential) 92% (1048/1135) regret=0.100810 ape=0.5521
[17:59:08] warmStart (decay=exponential) 92% (1049/1135) regret=0.100621 ape=0.5521
[17:59:08] warmStart (decay=exponential) 92% (1050/1135) regret=0.100621 ape=0.5521
[17:59:09] warmStart (decay=exponential) 92% (1051/1135) regret=0.100621 ape=0.5521
[17:59:09] warmStart (decay=exponential) 92% (1052/1135) regret=0.100621 ape=0.5521
[17:59:09] warmStart (decay=exponential) 92% (1053/1135) regret=0.100621 ape=0.5521
[17:59:09] warmStart (decay=exponential) 92% (1054/1135) regret=0.100621 ape=0.5521
[17:59:09] warmStart (decay=exponential) 92% (1055/1135) regret=0.100571 ape=0.5512
[17:59:09] warmStart (decay=exponential) 93% (1056/1135) regret=0.100571 ape=0.5512
[17:59:10] warmStart (decay=exponential) 93% (1057/1135) regret=0.100621 ape=0.5521
[17:59:10] warmStart (decay=exponential) 93% (1058/1135) regret=0.100621 ape=0.5521
[17:59:10] warmStart (decay=exponential) 93% (1059/1135) regret=0.100621 ape=0.5521
[17:59:10] warmStart (decay=exponential) 93% (1060/1135) regret=0.100621 ape=0.5521
[17:59:10] warmStart (decay=exponential) 93% (1061/1135) regret=0.100571 ape=0.5512
[17:59:11] warmStart (decay=exponential) 93% (1062/1135) regret=0.100571 ape=0.5512
[17:59:11] warmStart (decay=exponential) 93% (1063/1135) regret=0.100571 ape=0.5512
[17:59:11] warmStart (decay=exponential) 93% (1064/1135) regret=0.100571 ape=0.5512
[17:59:11] warmStart (decay=exponential) 93% (1065/1135) regret=0.100571 ape=0.5512
[17:59:11] warmStart (decay=exponential) 93% (1066/1135) regret=0.100571 ape=0.5512
[17:59:12] warmStart (decay=exponential) 94% (1067/1135) regret=0.100571 ape=0.5512
[17:59:12] warmStart (decay=exponential) 94% (1068/1135) regret=0.100571 ape=0.5512
[17:59:12] warmStart (decay=exponential) 94% (1069/1135) regret=0.100571 ape=0.5512
[17:59:12] warmStart (decay=exponential) 94% (1070/1135) regret=0.100571 ape=0.5512
[17:59:12] warmStart (decay=exponential) 94% (1071/1135) regret=0.100571 ape=0.5512
[17:59:13] warmStart (decay=exponential) 94% (1072/1135) regret=0.100571 ape=0.5512
[17:59:13] warmStart (decay=exponential) 94% (1073/1135) regret=0.100571 ape=0.5512
[17:59:13] warmStart (decay=exponential) 94% (1074/1135) regret=0.100571 ape=0.5512
[17:59:13] warmStart (decay=exponential) 94% (1075/1135) regret=0.100571 ape=0.5512
[17:59:13] warmStart (decay=exponential) 94% (1076/1135) regret=0.100571 ape=0.5512
[17:59:14] warmStart (decay=exponential) 94% (1077/1135) regret=0.100571 ape=0.5512
[17:59:14] warmStart (decay=exponential) 94% (1078/1135) regret=0.100571 ape=0.5512
[17:59:14] warmStart (decay=exponential) 95% (1079/1135) regret=0.100571 ape=0.5512
[17:59:14] warmStart (decay=exponential) 95% (1080/1135) regret=0.100571 ape=0.5512
[17:59:14] warmStart (decay=exponential) 95% (1081/1135) regret=0.100571 ape=0.5512
[17:59:14] warmStart (decay=exponential) 95% (1082/1135) regret=0.100571 ape=0.5512
[17:59:15] warmStart (decay=exponential) 95% (1083/1135) regret=0.100571 ape=0.5512
[17:59:15] warmStart (decay=exponential) 95% (1084/1135) regret=0.100571 ape=0.5512
[17:59:15] warmStart (decay=exponential) 95% (1085/1135) regret=0.100571 ape=0.5512
[17:59:15] warmStart (decay=exponential) 95% (1086/1135) regret=0.100571 ape=0.5512
[17:59:15] warmStart (decay=exponential) 95% (1087/1135) regret=0.100571 ape=0.5512
[17:59:16] warmStart (decay=exponential) 95% (1088/1135) regret=0.100572 ape=0.5512
[17:59:16] warmStart (decay=exponential) 95% (1089/1135) regret=0.100572 ape=0.5512
[17:59:16] warmStart (decay=exponential) 96% (1090/1135) regret=0.100571 ape=0.5512
[17:59:16] warmStart (decay=exponential) 96% (1091/1135) regret=0.100571 ape=0.5512
[17:59:16] warmStart (decay=exponential) 96% (1092/1135) regret=0.100571 ape=0.5512
[17:59:17] warmStart (decay=exponential) 96% (1093/1135) regret=0.100571 ape=0.5512
[17:59:17] warmStart (decay=exponential) 96% (1094/1135) regret=0.100571 ape=0.5512
[17:59:17] warmStart (decay=exponential) 96% (1095/1135) regret=0.100571 ape=0.5512
[17:59:17] warmStart (decay=exponential) 96% (1096/1135) regret=0.100571 ape=0.5512
[17:59:17] warmStart (decay=exponential) 96% (1097/1135) regret=0.100571 ape=0.5512
[17:59:17] warmStart (decay=exponential) 96% (1098/1135) regret=0.100571 ape=0.5512
[17:59:17] warmStart (decay=exponential) 96% (1099/1135) regret=0.100571 ape=0.5512
[17:59:18] warmStart (decay=exponential) 96% (1100/1135) regret=0.100571 ape=0.5512
[17:59:18] warmStart (decay=exponential) 97% (1101/1135) regret=0.100571 ape=0.5512
[17:59:18] warmStart (decay=exponential) 97% (1102/1135) regret=0.100571 ape=0.5512
[17:59:18] warmStart (decay=exponential) 97% (1103/1135) regret=0.100571 ape=0.5512
[17:59:18] warmStart (decay=exponential) 97% (1104/1135) regret=0.100571 ape=0.5512
[17:59:18] warmStart (decay=exponential) 97% (1105/1135) regret=0.100571 ape=0.5512
[17:59:19] warmStart (decay=exponential) 97% (1106/1135) regret=0.100571 ape=0.5512
[17:59:19] warmStart (decay=exponential) 97% (1107/1135) regret=0.100571 ape=0.5512
[17:59:19] warmStart (decay=exponential) 97% (1108/1135) regret=0.100571 ape=0.5512
[17:59:19] warmStart (decay=exponential) 97% (1109/1135) regret=0.100571 ape=0.5512
[17:59:19] warmStart (decay=exponential) 97% (1110/1135) regret=0.100571 ape=0.5512
[17:59:19] warmStart (decay=exponential) 97% (1111/1135) regret=0.100571 ape=0.5512
[17:59:20] warmStart (decay=exponential) 97% (1112/1135) regret=0.100571 ape=0.5512
[17:59:20] warmStart (decay=exponential) 98% (1113/1135) regret=0.100571 ape=0.5512
[17:59:20] warmStart (decay=exponential) 98% (1114/1135) regret=0.100571 ape=0.5512
[17:59:20] warmStart (decay=exponential) 98% (1115/1135) regret=0.100571 ape=0.5512
[17:59:20] warmStart (decay=exponential) 98% (1116/1135) regret=0.100571 ape=0.5512
[17:59:20] warmStart (decay=exponential) 98% (1117/1135) regret=0.100571 ape=0.5512
[17:59:21] warmStart (decay=exponential) 98% (1118/1135) regret=0.100571 ape=0.5512
[17:59:21] warmStart (decay=exponential) 98% (1119/1135) regret=0.100571 ape=0.5512
[17:59:21] warmStart (decay=exponential) 98% (1120/1135) regret=0.100571 ape=0.5512
[17:59:21] warmStart (decay=exponential) 98% (1121/1135) regret=0.100571 ape=0.5512
[17:59:21] warmStart (decay=exponential) 98% (1122/1135) regret=0.100571 ape=0.5512
[17:59:21] warmStart (decay=exponential) 98% (1123/1135) regret=0.100571 ape=0.5512
[17:59:22] warmStart (decay=exponential) 99% (1124/1135) regret=0.100571 ape=0.5512
[17:59:22] warmStart (decay=exponential) 99% (1125/1135) regret=0.100571 ape=0.5512
[17:59:22] warmStart (decay=exponential) 99% (1126/1135) regret=0.100571 ape=0.5512
[17:59:22] warmStart (decay=exponential) 99% (1127/1135) regret=0.100571 ape=0.5512
[17:59:22] warmStart (decay=exponential) 99% (1128/1135) regret=0.100571 ape=0.5512
[17:59:22] warmStart (decay=exponential) 99% (1129/1135) regret=0.100571 ape=0.5512
[17:59:23] warmStart (decay=exponential) 99% (1130/1135) regret=0.100571 ape=0.5512
[17:59:23] warmStart (decay=exponential) 99% (1131/1135) regret=0.100571 ape=0.5512
[17:59:23] warmStart (decay=exponential) 99% (1132/1135) regret=0.100571 ape=0.5512
[17:59:23] warmStart (decay=exponential) 99% (1133/1135) regret=0.100571 ape=0.5512
[17:59:23] warmStart (decay=exponential) 99% (1134/1135) regret=0.100571 ape=0.5512
Warm w=200 finished: 1134 points, 213.72s wall time
  Final: regret=0.100571, ape=0.5512

Saved: /home/users/g/s/gsavary/LudiiMCTSVariations/slurm_sweep_full_dataset/output_decay/warm_200_decay_exponential_0_50/seed_4/sweep_decay_warm_200_exponential_0.5_4_20260426_175923.json

Generating plots...
Saved: /home/users/g/s/gsavary/LudiiMCTSVariations/slurm_sweep_full_dataset/output_decay/warm_200_decay_exponential_0_50/seed_4/sweep_decay_warm_200_exponential_0.5_4_20260426_175923_regret.png
Saved: /home/users/g/s/gsavary/LudiiMCTSVariations/slurm_sweep_full_dataset/output_decay/warm_200_decay_exponential_0_50/seed_4/sweep_decay_warm_200_exponential_0.5_4_20260426_175923_ape.png

================================================================================
Experiment complete!
================================================================================
Done. Results in: /home/users/g/s/gsavary/LudiiMCTSVariations/slurm_sweep_full_dataset/output_decay/warm_200_decay_exponential_0_50/seed_4
