============================================================
Decay sweep experiment
Method:      warm:200
Decay mode:  exponential
Decay param: 0.90
Seed:        1
Output:      /home/users/g/s/gsavary/LudiiMCTSVariations/slurm_sweep_full_dataset/output_decay/warm_200_decay_exponential_0_90/seed_1
============================================================

================================================================================
SLURM Sweep Experiment with Synthetic Data Decay
================================================================================
Method: warm:200
Decay: exponential (param=0.9)
Time limit: 3600.0s, Seed: 1, Batch size: 20
Output directory: /home/users/g/s/gsavary/LudiiMCTSVariations/slurm_sweep_full_dataset/output_decay/warm_200_decay_exponential_0_90/seed_1

Loading Ludii dataset...
Loaded 1085 games
Using 1085 games (full dataset)

Running timing probe (100 pulls)...
  Estimated secs/pull: 0.022383

Time budget: 3600.0s → ~160833 total pulls
Per-method budget: 22976 pulls (~514.3s)

Computing predictor-only performance...
  Predictions loaded: 23675 agent predictions
  Predictor-only: regret=0.104318, ape=0.4894

Running WARM-START (w=200, decay=exponential param=0.9)...
[17:55:56] warmStart (decay=exponential) 0% (1/1149) regret=0.103601 ape=0.5659
[17:55:56] warmStart (decay=exponential) 0% (2/1149) regret=0.103601 ape=0.5659
[17:55:57] warmStart (decay=exponential) 0% (3/1149) regret=0.103601 ape=0.5659
[17:55:57] warmStart (decay=exponential) 0% (4/1149) regret=0.103601 ape=0.5659
[17:55:57] warmStart (decay=exponential) 0% (5/1149) regret=0.103601 ape=0.5659
[17:55:57] warmStart (decay=exponential) 0% (6/1149) regret=0.103601 ape=0.5659
[17:55:57] warmStart (decay=exponential) 0% (7/1149) regret=0.103601 ape=0.5659
[17:55:57] warmStart (decay=exponential) 0% (8/1149) regret=0.103601 ape=0.5659
[17:55:58] warmStart (decay=exponential) 0% (9/1149) regret=0.103601 ape=0.5659
[17:55:58] warmStart (decay=exponential) 0% (10/1149) regret=0.103601 ape=0.5659
[17:55:58] warmStart (decay=exponential) 0% (11/1149) regret=0.103601 ape=0.5659
[17:55:58] warmStart (decay=exponential) 1% (12/1149) regret=0.103601 ape=0.5659
[17:55:58] warmStart (decay=exponential) 1% (13/1149) regret=0.103601 ape=0.5659
[17:55:58] warmStart (decay=exponential) 1% (14/1149) regret=0.103601 ape=0.5659
[17:55:59] warmStart (decay=exponential) 1% (15/1149) regret=0.103601 ape=0.5659
[17:55:59] warmStart (decay=exponential) 1% (16/1149) regret=0.103601 ape=0.5659
[17:55:59] warmStart (decay=exponential) 1% (17/1149) regret=0.103601 ape=0.5659
[17:55:59] warmStart (decay=exponential) 1% (18/1149) regret=0.103601 ape=0.5659
[17:55:59] warmStart (decay=exponential) 1% (19/1149) regret=0.103601 ape=0.5659
[17:55:59] warmStart (decay=exponential) 1% (20/1149) regret=0.103601 ape=0.5659
[17:56:00] warmStart (decay=exponential) 1% (21/1149) regret=0.103601 ape=0.5659
[17:56:00] warmStart (decay=exponential) 1% (22/1149) regret=0.103601 ape=0.5659
[17:56:00] warmStart (decay=exponential) 2% (23/1149) regret=0.103601 ape=0.5659
[17:56:00] warmStart (decay=exponential) 2% (24/1149) regret=0.103601 ape=0.5659
[17:56:00] warmStart (decay=exponential) 2% (25/1149) regret=0.103601 ape=0.5659
[17:56:01] warmStart (decay=exponential) 2% (26/1149) regret=0.103601 ape=0.5659
[17:56:01] warmStart (decay=exponential) 2% (27/1149) regret=0.103601 ape=0.5659
[17:56:01] warmStart (decay=exponential) 2% (28/1149) regret=0.103601 ape=0.5659
[17:56:01] warmStart (decay=exponential) 2% (29/1149) regret=0.103601 ape=0.5659
[17:56:01] warmStart (decay=exponential) 2% (30/1149) regret=0.103601 ape=0.5659
[17:56:01] warmStart (decay=exponential) 2% (31/1149) regret=0.103601 ape=0.5659
[17:56:02] warmStart (decay=exponential) 2% (32/1149) regret=0.103601 ape=0.5659
[17:56:02] warmStart (decay=exponential) 2% (33/1149) regret=0.103601 ape=0.5659
[17:56:02] warmStart (decay=exponential) 2% (34/1149) regret=0.103601 ape=0.5659
[17:56:02] warmStart (decay=exponential) 3% (35/1149) regret=0.103601 ape=0.5659
[17:56:02] warmStart (decay=exponential) 3% (36/1149) regret=0.103601 ape=0.5659
[17:56:02] warmStart (decay=exponential) 3% (37/1149) regret=0.103601 ape=0.5659
[17:56:03] warmStart (decay=exponential) 3% (38/1149) regret=0.103601 ape=0.5659
[17:56:03] warmStart (decay=exponential) 3% (39/1149) regret=0.103601 ape=0.5659
[17:56:03] warmStart (decay=exponential) 3% (40/1149) regret=0.103601 ape=0.5659
[17:56:03] warmStart (decay=exponential) 3% (41/1149) regret=0.103601 ape=0.5659
[17:56:03] warmStart (decay=exponential) 3% (42/1149) regret=0.103601 ape=0.5659
[17:56:03] warmStart (decay=exponential) 3% (43/1149) regret=0.103601 ape=0.5659
[17:56:04] warmStart (decay=exponential) 3% (44/1149) regret=0.103601 ape=0.5659
[17:56:04] warmStart (decay=exponential) 3% (45/1149) regret=0.103601 ape=0.5659
[17:56:04] warmStart (decay=exponential) 4% (46/1149) regret=0.103601 ape=0.5659
[17:56:04] warmStart (decay=exponential) 4% (47/1149) regret=0.103601 ape=0.5659
[17:56:04] warmStart (decay=exponential) 4% (48/1149) regret=0.103601 ape=0.5659
[17:56:05] warmStart (decay=exponential) 4% (49/1149) regret=0.103601 ape=0.5659
[17:56:05] warmStart (decay=exponential) 4% (50/1149) regret=0.103601 ape=0.5659
[17:56:05] warmStart (decay=exponential) 4% (51/1149) regret=0.103601 ape=0.5659
[17:56:05] warmStart (decay=exponential) 4% (52/1149) regret=0.103601 ape=0.5659
[17:56:05] warmStart (decay=exponential) 4% (53/1149) regret=0.103601 ape=0.5659
[17:56:05] warmStart (decay=exponential) 4% (54/1149) regret=0.103601 ape=0.5659
[17:56:06] warmStart (decay=exponential) 4% (55/1149) regret=0.103601 ape=0.5659
[17:56:06] warmStart (decay=exponential) 4% (56/1149) regret=0.103601 ape=0.5659
[17:56:06] warmStart (decay=exponential) 4% (57/1149) regret=0.103601 ape=0.5659
[17:56:06] warmStart (decay=exponential) 5% (58/1149) regret=0.103601 ape=0.5659
[17:56:06] warmStart (decay=exponential) 5% (59/1149) regret=0.103601 ape=0.5659
[17:56:06] warmStart (decay=exponential) 5% (60/1149) regret=0.103601 ape=0.5659
[17:56:07] warmStart (decay=exponential) 5% (61/1149) regret=0.103601 ape=0.5659
[17:56:07] warmStart (decay=exponential) 5% (62/1149) regret=0.103601 ape=0.5659
[17:56:07] warmStart (decay=exponential) 5% (63/1149) regret=0.103601 ape=0.5659
[17:56:07] warmStart (decay=exponential) 5% (64/1149) regret=0.103601 ape=0.5659
[17:56:07] warmStart (decay=exponential) 5% (65/1149) regret=0.103601 ape=0.5659
[17:56:07] warmStart (decay=exponential) 5% (66/1149) regret=0.103601 ape=0.5659
[17:56:08] warmStart (decay=exponential) 5% (67/1149) regret=0.103601 ape=0.5659
[17:56:08] warmStart (decay=exponential) 5% (68/1149) regret=0.103601 ape=0.5659
[17:56:08] warmStart (decay=exponential) 6% (69/1149) regret=0.103601 ape=0.5659
[17:56:08] warmStart (decay=exponential) 6% (70/1149) regret=0.103601 ape=0.5659
[17:56:08] warmStart (decay=exponential) 6% (71/1149) regret=0.103601 ape=0.5659
[17:56:09] warmStart (decay=exponential) 6% (72/1149) regret=0.103601 ape=0.5659
[17:56:09] warmStart (decay=exponential) 6% (73/1149) regret=0.103601 ape=0.5659
[17:56:09] warmStart (decay=exponential) 6% (74/1149) regret=0.103601 ape=0.5659
[17:56:09] warmStart (decay=exponential) 6% (75/1149) regret=0.103601 ape=0.5659
[17:56:09] warmStart (decay=exponential) 6% (76/1149) regret=0.103601 ape=0.5659
[17:56:09] warmStart (decay=exponential) 6% (77/1149) regret=0.103601 ape=0.5659
[17:56:10] warmStart (decay=exponential) 6% (78/1149) regret=0.103601 ape=0.5659
[17:56:10] warmStart (decay=exponential) 6% (79/1149) regret=0.103601 ape=0.5659
[17:56:10] warmStart (decay=exponential) 6% (80/1149) regret=0.103601 ape=0.5659
[17:56:10] warmStart (decay=exponential) 7% (81/1149) regret=0.103601 ape=0.5659
[17:56:10] warmStart (decay=exponential) 7% (82/1149) regret=0.103601 ape=0.5659
[17:56:10] warmStart (decay=exponential) 7% (83/1149) regret=0.103601 ape=0.5659
[17:56:11] warmStart (decay=exponential) 7% (84/1149) regret=0.103601 ape=0.5659
[17:56:11] warmStart (decay=exponential) 7% (85/1149) regret=0.103601 ape=0.5659
[17:56:11] warmStart (decay=exponential) 7% (86/1149) regret=0.103601 ape=0.5659
[17:56:11] warmStart (decay=exponential) 7% (87/1149) regret=0.103601 ape=0.5659
[17:56:11] warmStart (decay=exponential) 7% (88/1149) regret=0.103601 ape=0.5659
[17:56:12] warmStart (decay=exponential) 7% (89/1149) regret=0.103601 ape=0.5659
[17:56:12] warmStart (decay=exponential) 7% (90/1149) regret=0.103601 ape=0.5659
[17:56:12] warmStart (decay=exponential) 7% (91/1149) regret=0.103601 ape=0.5659
[17:56:12] warmStart (decay=exponential) 8% (92/1149) regret=0.103601 ape=0.5659
[17:56:12] warmStart (decay=exponential) 8% (93/1149) regret=0.103601 ape=0.5659
[17:56:12] warmStart (decay=exponential) 8% (94/1149) regret=0.103601 ape=0.5659
[17:56:13] warmStart (decay=exponential) 8% (95/1149) regret=0.103601 ape=0.5659
[17:56:13] warmStart (decay=exponential) 8% (96/1149) regret=0.103601 ape=0.5659
[17:56:13] warmStart (decay=exponential) 8% (97/1149) regret=0.103601 ape=0.5659
[17:56:13] warmStart (decay=exponential) 8% (98/1149) regret=0.103601 ape=0.5659
[17:56:13] warmStart (decay=exponential) 8% (99/1149) regret=0.103601 ape=0.5659
[17:56:13] warmStart (decay=exponential) 8% (100/1149) regret=0.103601 ape=0.5659
[17:56:14] warmStart (decay=exponential) 8% (101/1149) regret=0.103601 ape=0.5659
[17:56:14] warmStart (decay=exponential) 8% (102/1149) regret=0.103601 ape=0.5659
[17:56:14] warmStart (decay=exponential) 8% (103/1149) regret=0.103601 ape=0.5659
[17:56:14] warmStart (decay=exponential) 9% (104/1149) regret=0.103601 ape=0.5659
[17:56:14] warmStart (decay=exponential) 9% (105/1149) regret=0.103601 ape=0.5659
[17:56:15] warmStart (decay=exponential) 9% (106/1149) regret=0.103601 ape=0.5659
[17:56:15] warmStart (decay=exponential) 9% (107/1149) regret=0.103601 ape=0.5659
[17:56:15] warmStart (decay=exponential) 9% (108/1149) regret=0.103601 ape=0.5659
[17:56:15] warmStart (decay=exponential) 9% (109/1149) regret=0.103601 ape=0.5659
[17:56:15] warmStart (decay=exponential) 9% (110/1149) regret=0.103601 ape=0.5659
[17:56:15] warmStart (decay=exponential) 9% (111/1149) regret=0.103601 ape=0.5659
[17:56:16] warmStart (decay=exponential) 9% (112/1149) regret=0.103601 ape=0.5659
[17:56:16] warmStart (decay=exponential) 9% (113/1149) regret=0.103601 ape=0.5659
[17:56:16] warmStart (decay=exponential) 9% (114/1149) regret=0.103601 ape=0.5659
[17:56:16] warmStart (decay=exponential) 10% (115/1149) regret=0.103601 ape=0.5659
[17:56:16] warmStart (decay=exponential) 10% (116/1149) regret=0.103601 ape=0.5659
[17:56:16] warmStart (decay=exponential) 10% (117/1149) regret=0.103601 ape=0.5659
[17:56:17] warmStart (decay=exponential) 10% (118/1149) regret=0.103601 ape=0.5659
[17:56:17] warmStart (decay=exponential) 10% (119/1149) regret=0.103601 ape=0.5659
[17:56:17] warmStart (decay=exponential) 10% (120/1149) regret=0.103601 ape=0.5659
[17:56:17] warmStart (decay=exponential) 10% (121/1149) regret=0.103601 ape=0.5659
[17:56:17] warmStart (decay=exponential) 10% (122/1149) regret=0.103601 ape=0.5659
[17:56:18] warmStart (decay=exponential) 10% (123/1149) regret=0.103601 ape=0.5659
[17:56:18] warmStart (decay=exponential) 10% (124/1149) regret=0.103601 ape=0.5659
[17:56:18] warmStart (decay=exponential) 10% (125/1149) regret=0.103601 ape=0.5659
[17:56:18] warmStart (decay=exponential) 10% (126/1149) regret=0.103601 ape=0.5659
[17:56:18] warmStart (decay=exponential) 11% (127/1149) regret=0.103601 ape=0.5659
[17:56:18] warmStart (decay=exponential) 11% (128/1149) regret=0.103601 ape=0.5659
[17:56:19] warmStart (decay=exponential) 11% (129/1149) regret=0.103601 ape=0.5659
[17:56:19] warmStart (decay=exponential) 11% (130/1149) regret=0.103601 ape=0.5659
[17:56:19] warmStart (decay=exponential) 11% (131/1149) regret=0.103601 ape=0.5659
[17:56:19] warmStart (decay=exponential) 11% (132/1149) regret=0.103601 ape=0.5659
[17:56:19] warmStart (decay=exponential) 11% (133/1149) regret=0.103601 ape=0.5659
[17:56:20] warmStart (decay=exponential) 11% (134/1149) regret=0.103601 ape=0.5659
[17:56:20] warmStart (decay=exponential) 11% (135/1149) regret=0.103601 ape=0.5659
[17:56:20] warmStart (decay=exponential) 11% (136/1149) regret=0.103601 ape=0.5659
[17:56:20] warmStart (decay=exponential) 11% (137/1149) regret=0.103601 ape=0.5659
[17:56:20] warmStart (decay=exponential) 12% (138/1149) regret=0.103601 ape=0.5659
[17:56:20] warmStart (decay=exponential) 12% (139/1149) regret=0.103601 ape=0.5659
[17:56:21] warmStart (decay=exponential) 12% (140/1149) regret=0.103601 ape=0.5659
[17:56:21] warmStart (decay=exponential) 12% (141/1149) regret=0.103601 ape=0.5659
[17:56:21] warmStart (decay=exponential) 12% (142/1149) regret=0.103601 ape=0.5659
[17:56:21] warmStart (decay=exponential) 12% (143/1149) regret=0.103601 ape=0.5659
[17:56:21] warmStart (decay=exponential) 12% (144/1149) regret=0.103601 ape=0.5659
[17:56:21] warmStart (decay=exponential) 12% (145/1149) regret=0.103601 ape=0.5659
[17:56:22] warmStart (decay=exponential) 12% (146/1149) regret=0.103601 ape=0.5659
[17:56:22] warmStart (decay=exponential) 12% (147/1149) regret=0.103601 ape=0.5659
[17:56:22] warmStart (decay=exponential) 12% (148/1149) regret=0.103601 ape=0.5659
[17:56:22] warmStart (decay=exponential) 12% (149/1149) regret=0.103601 ape=0.5659
[17:56:22] warmStart (decay=exponential) 13% (150/1149) regret=0.103601 ape=0.5659
[17:56:23] warmStart (decay=exponential) 13% (151/1149) regret=0.103601 ape=0.5659
[17:56:23] warmStart (decay=exponential) 13% (152/1149) regret=0.103601 ape=0.5659
[17:56:23] warmStart (decay=exponential) 13% (153/1149) regret=0.103601 ape=0.5659
[17:56:23] warmStart (decay=exponential) 13% (154/1149) regret=0.103601 ape=0.5659
[17:56:23] warmStart (decay=exponential) 13% (155/1149) regret=0.103601 ape=0.5659
[17:56:23] warmStart (decay=exponential) 13% (156/1149) regret=0.103601 ape=0.5659
[17:56:24] warmStart (decay=exponential) 13% (157/1149) regret=0.103601 ape=0.5659
[17:56:24] warmStart (decay=exponential) 13% (158/1149) regret=0.103601 ape=0.5659
[17:56:24] warmStart (decay=exponential) 13% (159/1149) regret=0.103601 ape=0.5659
[17:56:24] warmStart (decay=exponential) 13% (160/1149) regret=0.103601 ape=0.5659
[17:56:24] warmStart (decay=exponential) 14% (161/1149) regret=0.103601 ape=0.5659
[17:56:25] warmStart (decay=exponential) 14% (162/1149) regret=0.103601 ape=0.5659
[17:56:25] warmStart (decay=exponential) 14% (163/1149) regret=0.103601 ape=0.5659
[17:56:25] warmStart (decay=exponential) 14% (164/1149) regret=0.103601 ape=0.5659
[17:56:25] warmStart (decay=exponential) 14% (165/1149) regret=0.103601 ape=0.5659
[17:56:25] warmStart (decay=exponential) 14% (166/1149) regret=0.103601 ape=0.5659
[17:56:25] warmStart (decay=exponential) 14% (167/1149) regret=0.103601 ape=0.5659
[17:56:26] warmStart (decay=exponential) 14% (168/1149) regret=0.103601 ape=0.5659
[17:56:26] warmStart (decay=exponential) 14% (169/1149) regret=0.103601 ape=0.5659
[17:56:26] warmStart (decay=exponential) 14% (170/1149) regret=0.103601 ape=0.5659
[17:56:26] warmStart (decay=exponential) 14% (171/1149) regret=0.103601 ape=0.5659
[17:56:26] warmStart (decay=exponential) 14% (172/1149) regret=0.103601 ape=0.5659
[17:56:27] warmStart (decay=exponential) 15% (173/1149) regret=0.103601 ape=0.5659
[17:56:27] warmStart (decay=exponential) 15% (174/1149) regret=0.103601 ape=0.5659
[17:56:27] warmStart (decay=exponential) 15% (175/1149) regret=0.103601 ape=0.5659
[17:56:27] warmStart (decay=exponential) 15% (176/1149) regret=0.103601 ape=0.5659
[17:56:27] warmStart (decay=exponential) 15% (177/1149) regret=0.103601 ape=0.5659
[17:56:28] warmStart (decay=exponential) 15% (178/1149) regret=0.103601 ape=0.5659
[17:56:28] warmStart (decay=exponential) 15% (179/1149) regret=0.103601 ape=0.5659
[17:56:28] warmStart (decay=exponential) 15% (180/1149) regret=0.103601 ape=0.5659
[17:56:28] warmStart (decay=exponential) 15% (181/1149) regret=0.103601 ape=0.5659
[17:56:28] warmStart (decay=exponential) 15% (182/1149) regret=0.103601 ape=0.5659
[17:56:29] warmStart (decay=exponential) 15% (183/1149) regret=0.103601 ape=0.5659
[17:56:29] warmStart (decay=exponential) 16% (184/1149) regret=0.103601 ape=0.5659
[17:56:29] warmStart (decay=exponential) 16% (185/1149) regret=0.103601 ape=0.5659
[17:56:29] warmStart (decay=exponential) 16% (186/1149) regret=0.103601 ape=0.5659
[17:56:29] warmStart (decay=exponential) 16% (187/1149) regret=0.103601 ape=0.5659
[17:56:30] warmStart (decay=exponential) 16% (188/1149) regret=0.103601 ape=0.5659
[17:56:30] warmStart (decay=exponential) 16% (189/1149) regret=0.103601 ape=0.5659
[17:56:30] warmStart (decay=exponential) 16% (190/1149) regret=0.103601 ape=0.5659
[17:56:30] warmStart (decay=exponential) 16% (191/1149) regret=0.103601 ape=0.5659
[17:56:30] warmStart (decay=exponential) 16% (192/1149) regret=0.103601 ape=0.5659
[17:56:31] warmStart (decay=exponential) 16% (193/1149) regret=0.103601 ape=0.5659
[17:56:31] warmStart (decay=exponential) 16% (194/1149) regret=0.103601 ape=0.5659
[17:56:31] warmStart (decay=exponential) 16% (195/1149) regret=0.103601 ape=0.5659
[17:56:31] warmStart (decay=exponential) 17% (196/1149) regret=0.103601 ape=0.5659
[17:56:31] warmStart (decay=exponential) 17% (197/1149) regret=0.103601 ape=0.5659
[17:56:32] warmStart (decay=exponential) 17% (198/1149) regret=0.103601 ape=0.5659
[17:56:32] warmStart (decay=exponential) 17% (199/1149) regret=0.103601 ape=0.5659
[17:56:32] warmStart (decay=exponential) 17% (200/1149) regret=0.103601 ape=0.5659
[17:56:32] warmStart (decay=exponential) 17% (201/1149) regret=0.103601 ape=0.5659
[17:56:32] warmStart (decay=exponential) 17% (202/1149) regret=0.103601 ape=0.5659
[17:56:33] warmStart (decay=exponential) 17% (203/1149) regret=0.103601 ape=0.5659
[17:56:33] warmStart (decay=exponential) 17% (204/1149) regret=0.103601 ape=0.5659
[17:56:33] warmStart (decay=exponential) 17% (205/1149) regret=0.103601 ape=0.5659
[17:56:33] warmStart (decay=exponential) 17% (206/1149) regret=0.103601 ape=0.5659
[17:56:33] warmStart (decay=exponential) 18% (207/1149) regret=0.103601 ape=0.5659
[17:56:34] warmStart (decay=exponential) 18% (208/1149) regret=0.103601 ape=0.5659
[17:56:34] warmStart (decay=exponential) 18% (209/1149) regret=0.103601 ape=0.5659
[17:56:34] warmStart (decay=exponential) 18% (210/1149) regret=0.103601 ape=0.5659
[17:56:34] warmStart (decay=exponential) 18% (211/1149) regret=0.103601 ape=0.5659
[17:56:34] warmStart (decay=exponential) 18% (212/1149) regret=0.103601 ape=0.5659
[17:56:35] warmStart (decay=exponential) 18% (213/1149) regret=0.103601 ape=0.5659
[17:56:35] warmStart (decay=exponential) 18% (214/1149) regret=0.103601 ape=0.5659
[17:56:35] warmStart (decay=exponential) 18% (215/1149) regret=0.103601 ape=0.5659
[17:56:35] warmStart (decay=exponential) 18% (216/1149) regret=0.103601 ape=0.5659
[17:56:35] warmStart (decay=exponential) 18% (217/1149) regret=0.103601 ape=0.5659
[17:56:36] warmStart (decay=exponential) 18% (218/1149) regret=0.103601 ape=0.5659
[17:56:36] warmStart (decay=exponential) 19% (219/1149) regret=0.103601 ape=0.5659
[17:56:36] warmStart (decay=exponential) 19% (220/1149) regret=0.103601 ape=0.5659
[17:56:36] warmStart (decay=exponential) 19% (221/1149) regret=0.103601 ape=0.5659
[17:56:36] warmStart (decay=exponential) 19% (222/1149) regret=0.103601 ape=0.5659
[17:56:37] warmStart (decay=exponential) 19% (223/1149) regret=0.103601 ape=0.5659
[17:56:37] warmStart (decay=exponential) 19% (224/1149) regret=0.103601 ape=0.5659
[17:56:37] warmStart (decay=exponential) 19% (225/1149) regret=0.103601 ape=0.5659
[17:56:37] warmStart (decay=exponential) 19% (226/1149) regret=0.103601 ape=0.5659
[17:56:37] warmStart (decay=exponential) 19% (227/1149) regret=0.103601 ape=0.5659
[17:56:38] warmStart (decay=exponential) 19% (228/1149) regret=0.103601 ape=0.5659
[17:56:38] warmStart (decay=exponential) 19% (229/1149) regret=0.103601 ape=0.5659
[17:56:38] warmStart (decay=exponential) 20% (230/1149) regret=0.103601 ape=0.5659
[17:56:38] warmStart (decay=exponential) 20% (231/1149) regret=0.103601 ape=0.5659
[17:56:38] warmStart (decay=exponential) 20% (232/1149) regret=0.103601 ape=0.5659
[17:56:39] warmStart (decay=exponential) 20% (233/1149) regret=0.103601 ape=0.5659
[17:56:39] warmStart (decay=exponential) 20% (234/1149) regret=0.103601 ape=0.5659
[17:56:39] warmStart (decay=exponential) 20% (235/1149) regret=0.103601 ape=0.5659
[17:56:39] warmStart (decay=exponential) 20% (236/1149) regret=0.103601 ape=0.5659
[17:56:39] warmStart (decay=exponential) 20% (237/1149) regret=0.103601 ape=0.5659
[17:56:40] warmStart (decay=exponential) 20% (238/1149) regret=0.103601 ape=0.5659
[17:56:40] warmStart (decay=exponential) 20% (239/1149) regret=0.103601 ape=0.5659
[17:56:40] warmStart (decay=exponential) 20% (240/1149) regret=0.103601 ape=0.5659
[17:56:40] warmStart (decay=exponential) 20% (241/1149) regret=0.103601 ape=0.5659
[17:56:40] warmStart (decay=exponential) 21% (242/1149) regret=0.103601 ape=0.5659
[17:56:41] warmStart (decay=exponential) 21% (243/1149) regret=0.103601 ape=0.5659
[17:56:41] warmStart (decay=exponential) 21% (244/1149) regret=0.103601 ape=0.5659
[17:56:41] warmStart (decay=exponential) 21% (245/1149) regret=0.103601 ape=0.5659
[17:56:41] warmStart (decay=exponential) 21% (246/1149) regret=0.103601 ape=0.5659
[17:56:41] warmStart (decay=exponential) 21% (247/1149) regret=0.103601 ape=0.5659
[17:56:42] warmStart (decay=exponential) 21% (248/1149) regret=0.103601 ape=0.5659
[17:56:42] warmStart (decay=exponential) 21% (249/1149) regret=0.103601 ape=0.5659
[17:56:42] warmStart (decay=exponential) 21% (250/1149) regret=0.103601 ape=0.5659
[17:56:42] warmStart (decay=exponential) 21% (251/1149) regret=0.103601 ape=0.5659
[17:56:42] warmStart (decay=exponential) 21% (252/1149) regret=0.103601 ape=0.5659
[17:56:43] warmStart (decay=exponential) 22% (253/1149) regret=0.103601 ape=0.5659
[17:56:43] warmStart (decay=exponential) 22% (254/1149) regret=0.103601 ape=0.5659
[17:56:43] warmStart (decay=exponential) 22% (255/1149) regret=0.103601 ape=0.5659
[17:56:43] warmStart (decay=exponential) 22% (256/1149) regret=0.103601 ape=0.5659
[17:56:43] warmStart (decay=exponential) 22% (257/1149) regret=0.103601 ape=0.5659
[17:56:44] warmStart (decay=exponential) 22% (258/1149) regret=0.103601 ape=0.5659
[17:56:44] warmStart (decay=exponential) 22% (259/1149) regret=0.103601 ape=0.5659
[17:56:44] warmStart (decay=exponential) 22% (260/1149) regret=0.103601 ape=0.5659
[17:56:44] warmStart (decay=exponential) 22% (261/1149) regret=0.103601 ape=0.5659
[17:56:44] warmStart (decay=exponential) 22% (262/1149) regret=0.103601 ape=0.5659
[17:56:45] warmStart (decay=exponential) 22% (263/1149) regret=0.103601 ape=0.5659
[17:56:45] warmStart (decay=exponential) 22% (264/1149) regret=0.103601 ape=0.5659
[17:56:45] warmStart (decay=exponential) 23% (265/1149) regret=0.103601 ape=0.5659
[17:56:45] warmStart (decay=exponential) 23% (266/1149) regret=0.103601 ape=0.5659
[17:56:45] warmStart (decay=exponential) 23% (267/1149) regret=0.103601 ape=0.5659
[17:56:46] warmStart (decay=exponential) 23% (268/1149) regret=0.103601 ape=0.5659
[17:56:46] warmStart (decay=exponential) 23% (269/1149) regret=0.103601 ape=0.5659
[17:56:46] warmStart (decay=exponential) 23% (270/1149) regret=0.103601 ape=0.5659
[17:56:46] warmStart (decay=exponential) 23% (271/1149) regret=0.103601 ape=0.5659
[17:56:46] warmStart (decay=exponential) 23% (272/1149) regret=0.103601 ape=0.5659
[17:56:47] warmStart (decay=exponential) 23% (273/1149) regret=0.103601 ape=0.5659
[17:56:47] warmStart (decay=exponential) 23% (274/1149) regret=0.103601 ape=0.5659
[17:56:47] warmStart (decay=exponential) 23% (275/1149) regret=0.103601 ape=0.5659
[17:56:47] warmStart (decay=exponential) 24% (276/1149) regret=0.103601 ape=0.5659
[17:56:47] warmStart (decay=exponential) 24% (277/1149) regret=0.103601 ape=0.5659
[17:56:48] warmStart (decay=exponential) 24% (278/1149) regret=0.103601 ape=0.5659
[17:56:48] warmStart (decay=exponential) 24% (279/1149) regret=0.103601 ape=0.5659
[17:56:48] warmStart (decay=exponential) 24% (280/1149) regret=0.103601 ape=0.5659
[17:56:48] warmStart (decay=exponential) 24% (281/1149) regret=0.103601 ape=0.5659
[17:56:49] warmStart (decay=exponential) 24% (282/1149) regret=0.103601 ape=0.5659
[17:56:49] warmStart (decay=exponential) 24% (283/1149) regret=0.103601 ape=0.5659
[17:56:49] warmStart (decay=exponential) 24% (284/1149) regret=0.103601 ape=0.5659
[17:56:49] warmStart (decay=exponential) 24% (285/1149) regret=0.103601 ape=0.5659
[17:56:49] warmStart (decay=exponential) 24% (286/1149) regret=0.103601 ape=0.5659
[17:56:50] warmStart (decay=exponential) 24% (287/1149) regret=0.103601 ape=0.5659
[17:56:50] warmStart (decay=exponential) 25% (288/1149) regret=0.103601 ape=0.5659
[17:56:50] warmStart (decay=exponential) 25% (289/1149) regret=0.103601 ape=0.5659
[17:56:50] warmStart (decay=exponential) 25% (290/1149) regret=0.103601 ape=0.5659
[17:56:50] warmStart (decay=exponential) 25% (291/1149) regret=0.103601 ape=0.5659
[17:56:50] warmStart (decay=exponential) 25% (292/1149) regret=0.103601 ape=0.5659
[17:56:51] warmStart (decay=exponential) 25% (293/1149) regret=0.103601 ape=0.5659
[17:56:51] warmStart (decay=exponential) 25% (294/1149) regret=0.103601 ape=0.5659
[17:56:51] warmStart (decay=exponential) 25% (295/1149) regret=0.103601 ape=0.5659
[17:56:51] warmStart (decay=exponential) 25% (296/1149) regret=0.103601 ape=0.5659
[17:56:51] warmStart (decay=exponential) 25% (297/1149) regret=0.103601 ape=0.5659
[17:56:51] warmStart (decay=exponential) 25% (298/1149) regret=0.103601 ape=0.5659
[17:56:52] warmStart (decay=exponential) 26% (299/1149) regret=0.103601 ape=0.5659
[17:56:52] warmStart (decay=exponential) 26% (300/1149) regret=0.103601 ape=0.5659
[17:56:52] warmStart (decay=exponential) 26% (301/1149) regret=0.103601 ape=0.5659
[17:56:52] warmStart (decay=exponential) 26% (302/1149) regret=0.103601 ape=0.5659
[17:56:52] warmStart (decay=exponential) 26% (303/1149) regret=0.103601 ape=0.5659
[17:56:53] warmStart (decay=exponential) 26% (304/1149) regret=0.103601 ape=0.5659
[17:56:53] warmStart (decay=exponential) 26% (305/1149) regret=0.103601 ape=0.5659
[17:56:53] warmStart (decay=exponential) 26% (306/1149) regret=0.103601 ape=0.5659
[17:56:53] warmStart (decay=exponential) 26% (307/1149) regret=0.103601 ape=0.5659
[17:56:53] warmStart (decay=exponential) 26% (308/1149) regret=0.103601 ape=0.5659
[17:56:53] warmStart (decay=exponential) 26% (309/1149) regret=0.103601 ape=0.5659
[17:56:54] warmStart (decay=exponential) 26% (310/1149) regret=0.103601 ape=0.5659
[17:56:54] warmStart (decay=exponential) 27% (311/1149) regret=0.103601 ape=0.5659
[17:56:54] warmStart (decay=exponential) 27% (312/1149) regret=0.103601 ape=0.5659
[17:56:54] warmStart (decay=exponential) 27% (313/1149) regret=0.103601 ape=0.5659
[17:56:54] warmStart (decay=exponential) 27% (314/1149) regret=0.103601 ape=0.5659
[17:56:54] warmStart (decay=exponential) 27% (315/1149) regret=0.103601 ape=0.5659
[17:56:55] warmStart (decay=exponential) 27% (316/1149) regret=0.103601 ape=0.5659
[17:56:55] warmStart (decay=exponential) 27% (317/1149) regret=0.103601 ape=0.5659
[17:56:55] warmStart (decay=exponential) 27% (318/1149) regret=0.103601 ape=0.5659
[17:56:55] warmStart (decay=exponential) 27% (319/1149) regret=0.103601 ape=0.5659
[17:56:55] warmStart (decay=exponential) 27% (320/1149) regret=0.103601 ape=0.5659
[17:56:55] warmStart (decay=exponential) 27% (321/1149) regret=0.103601 ape=0.5659
[17:56:56] warmStart (decay=exponential) 28% (322/1149) regret=0.103601 ape=0.5659
[17:56:56] warmStart (decay=exponential) 28% (323/1149) regret=0.103601 ape=0.5659
[17:56:56] warmStart (decay=exponential) 28% (324/1149) regret=0.103601 ape=0.5659
[17:56:56] warmStart (decay=exponential) 28% (325/1149) regret=0.103601 ape=0.5659
[17:56:56] warmStart (decay=exponential) 28% (326/1149) regret=0.103601 ape=0.5659
[17:56:57] warmStart (decay=exponential) 28% (327/1149) regret=0.103601 ape=0.5659
[17:56:57] warmStart (decay=exponential) 28% (328/1149) regret=0.103601 ape=0.5659
[17:56:57] warmStart (decay=exponential) 28% (329/1149) regret=0.103601 ape=0.5659
[17:56:57] warmStart (decay=exponential) 28% (330/1149) regret=0.103601 ape=0.5659
[17:56:57] warmStart (decay=exponential) 28% (331/1149) regret=0.103601 ape=0.5659
[17:56:57] warmStart (decay=exponential) 28% (332/1149) regret=0.103601 ape=0.5659
[17:56:58] warmStart (decay=exponential) 28% (333/1149) regret=0.103601 ape=0.5659
[17:56:58] warmStart (decay=exponential) 29% (334/1149) regret=0.103601 ape=0.5659
[17:56:58] warmStart (decay=exponential) 29% (335/1149) regret=0.103601 ape=0.5659
[17:56:58] warmStart (decay=exponential) 29% (336/1149) regret=0.103601 ape=0.5659
[17:56:58] warmStart (decay=exponential) 29% (337/1149) regret=0.103601 ape=0.5659
[17:56:58] warmStart (decay=exponential) 29% (338/1149) regret=0.103601 ape=0.5659
[17:56:59] warmStart (decay=exponential) 29% (339/1149) regret=0.103601 ape=0.5659
[17:56:59] warmStart (decay=exponential) 29% (340/1149) regret=0.103601 ape=0.5659
[17:56:59] warmStart (decay=exponential) 29% (341/1149) regret=0.103601 ape=0.5659
[17:56:59] warmStart (decay=exponential) 29% (342/1149) regret=0.103601 ape=0.5659
[17:56:59] warmStart (decay=exponential) 29% (343/1149) regret=0.103601 ape=0.5659
[17:57:00] warmStart (decay=exponential) 29% (344/1149) regret=0.103601 ape=0.5659
[17:57:00] warmStart (decay=exponential) 30% (345/1149) regret=0.103601 ape=0.5659
[17:57:00] warmStart (decay=exponential) 30% (346/1149) regret=0.103601 ape=0.5659
[17:57:00] warmStart (decay=exponential) 30% (347/1149) regret=0.103601 ape=0.5659
[17:57:00] warmStart (decay=exponential) 30% (348/1149) regret=0.103601 ape=0.5659
[17:57:00] warmStart (decay=exponential) 30% (349/1149) regret=0.103601 ape=0.5659
[17:57:01] warmStart (decay=exponential) 30% (350/1149) regret=0.103601 ape=0.5659
[17:57:01] warmStart (decay=exponential) 30% (351/1149) regret=0.103601 ape=0.5659
[17:57:01] warmStart (decay=exponential) 30% (352/1149) regret=0.103601 ape=0.5659
[17:57:01] warmStart (decay=exponential) 30% (353/1149) regret=0.103601 ape=0.5659
[17:57:01] warmStart (decay=exponential) 30% (354/1149) regret=0.103601 ape=0.5659
[17:57:01] warmStart (decay=exponential) 30% (355/1149) regret=0.103601 ape=0.5659
[17:57:02] warmStart (decay=exponential) 30% (356/1149) regret=0.103601 ape=0.5659
[17:57:02] warmStart (decay=exponential) 31% (357/1149) regret=0.103601 ape=0.5659
[17:57:02] warmStart (decay=exponential) 31% (358/1149) regret=0.103601 ape=0.5659
[17:57:02] warmStart (decay=exponential) 31% (359/1149) regret=0.103601 ape=0.5659
[17:57:02] warmStart (decay=exponential) 31% (360/1149) regret=0.103601 ape=0.5659
[17:57:03] warmStart (decay=exponential) 31% (361/1149) regret=0.103601 ape=0.5659
[17:57:03] warmStart (decay=exponential) 31% (362/1149) regret=0.103601 ape=0.5659
[17:57:03] warmStart (decay=exponential) 31% (363/1149) regret=0.103601 ape=0.5659
[17:57:03] warmStart (decay=exponential) 31% (364/1149) regret=0.103601 ape=0.5659
[17:57:03] warmStart (decay=exponential) 31% (365/1149) regret=0.103601 ape=0.5659
[17:57:03] warmStart (decay=exponential) 31% (366/1149) regret=0.103601 ape=0.5659
[17:57:04] warmStart (decay=exponential) 31% (367/1149) regret=0.103601 ape=0.5659
[17:57:04] warmStart (decay=exponential) 32% (368/1149) regret=0.103601 ape=0.5659
[17:57:04] warmStart (decay=exponential) 32% (369/1149) regret=0.103601 ape=0.5659
[17:57:04] warmStart (decay=exponential) 32% (370/1149) regret=0.103601 ape=0.5659
[17:57:04] warmStart (decay=exponential) 32% (371/1149) regret=0.103601 ape=0.5659
[17:57:05] warmStart (decay=exponential) 32% (372/1149) regret=0.103601 ape=0.5659
[17:57:05] warmStart (decay=exponential) 32% (373/1149) regret=0.103601 ape=0.5659
[17:57:05] warmStart (decay=exponential) 32% (374/1149) regret=0.103601 ape=0.5659
[17:57:05] warmStart (decay=exponential) 32% (375/1149) regret=0.103601 ape=0.5659
[17:57:05] warmStart (decay=exponential) 32% (376/1149) regret=0.103601 ape=0.5659
[17:57:05] warmStart (decay=exponential) 32% (377/1149) regret=0.103601 ape=0.5659
[17:57:06] warmStart (decay=exponential) 32% (378/1149) regret=0.103601 ape=0.5659
[17:57:06] warmStart (decay=exponential) 32% (379/1149) regret=0.103601 ape=0.5659
[17:57:06] warmStart (decay=exponential) 33% (380/1149) regret=0.103601 ape=0.5659
[17:57:06] warmStart (decay=exponential) 33% (381/1149) regret=0.103601 ape=0.5659
[17:57:06] warmStart (decay=exponential) 33% (382/1149) regret=0.103601 ape=0.5659
[17:57:06] warmStart (decay=exponential) 33% (383/1149) regret=0.103601 ape=0.5659
[17:57:07] warmStart (decay=exponential) 33% (384/1149) regret=0.103601 ape=0.5659
[17:57:07] warmStart (decay=exponential) 33% (385/1149) regret=0.103601 ape=0.5659
[17:57:07] warmStart (decay=exponential) 33% (386/1149) regret=0.103601 ape=0.5659
[17:57:07] warmStart (decay=exponential) 33% (387/1149) regret=0.103601 ape=0.5659
[17:57:07] warmStart (decay=exponential) 33% (388/1149) regret=0.103601 ape=0.5659
[17:57:08] warmStart (decay=exponential) 33% (389/1149) regret=0.103601 ape=0.5659
[17:57:08] warmStart (decay=exponential) 33% (390/1149) regret=0.103601 ape=0.5659
[17:57:08] warmStart (decay=exponential) 34% (391/1149) regret=0.103601 ape=0.5659
[17:57:08] warmStart (decay=exponential) 34% (392/1149) regret=0.103601 ape=0.5659
[17:57:08] warmStart (decay=exponential) 34% (393/1149) regret=0.103601 ape=0.5659
[17:57:08] warmStart (decay=exponential) 34% (394/1149) regret=0.103601 ape=0.5659
[17:57:09] warmStart (decay=exponential) 34% (395/1149) regret=0.103601 ape=0.5659
[17:57:09] warmStart (decay=exponential) 34% (396/1149) regret=0.103601 ape=0.5659
[17:57:09] warmStart (decay=exponential) 34% (397/1149) regret=0.103601 ape=0.5659
[17:57:09] warmStart (decay=exponential) 34% (398/1149) regret=0.103601 ape=0.5659
[17:57:09] warmStart (decay=exponential) 34% (399/1149) regret=0.103601 ape=0.5659
[17:57:10] warmStart (decay=exponential) 34% (400/1149) regret=0.103601 ape=0.5659
[17:57:10] warmStart (decay=exponential) 34% (401/1149) regret=0.103601 ape=0.5659
[17:57:10] warmStart (decay=exponential) 34% (402/1149) regret=0.103601 ape=0.5659
[17:57:10] warmStart (decay=exponential) 35% (403/1149) regret=0.103601 ape=0.5659
[17:57:10] warmStart (decay=exponential) 35% (404/1149) regret=0.103601 ape=0.5659
[17:57:10] warmStart (decay=exponential) 35% (405/1149) regret=0.103601 ape=0.5659
[17:57:11] warmStart (decay=exponential) 35% (406/1149) regret=0.103601 ape=0.5659
[17:57:11] warmStart (decay=exponential) 35% (407/1149) regret=0.103601 ape=0.5659
[17:57:11] warmStart (decay=exponential) 35% (408/1149) regret=0.103601 ape=0.5659
[17:57:11] warmStart (decay=exponential) 35% (409/1149) regret=0.103601 ape=0.5659
[17:57:11] warmStart (decay=exponential) 35% (410/1149) regret=0.103601 ape=0.5659
[17:57:12] warmStart (decay=exponential) 35% (411/1149) regret=0.103601 ape=0.5659
[17:57:12] warmStart (decay=exponential) 35% (412/1149) regret=0.103601 ape=0.5659
[17:57:12] warmStart (decay=exponential) 35% (413/1149) regret=0.103601 ape=0.5659
[17:57:12] warmStart (decay=exponential) 36% (414/1149) regret=0.103601 ape=0.5659
[17:57:12] warmStart (decay=exponential) 36% (415/1149) regret=0.103601 ape=0.5659
[17:57:12] warmStart (decay=exponential) 36% (416/1149) regret=0.103601 ape=0.5659
[17:57:13] warmStart (decay=exponential) 36% (417/1149) regret=0.103601 ape=0.5659
[17:57:13] warmStart (decay=exponential) 36% (418/1149) regret=0.103601 ape=0.5659
[17:57:13] warmStart (decay=exponential) 36% (419/1149) regret=0.103601 ape=0.5659
[17:57:13] warmStart (decay=exponential) 36% (420/1149) regret=0.103601 ape=0.5659
[17:57:13] warmStart (decay=exponential) 36% (421/1149) regret=0.103601 ape=0.5659
[17:57:13] warmStart (decay=exponential) 36% (422/1149) regret=0.103601 ape=0.5659
[17:57:14] warmStart (decay=exponential) 36% (423/1149) regret=0.103601 ape=0.5659
[17:57:14] warmStart (decay=exponential) 36% (424/1149) regret=0.103601 ape=0.5659
[17:57:14] warmStart (decay=exponential) 36% (425/1149) regret=0.103601 ape=0.5659
[17:57:14] warmStart (decay=exponential) 37% (426/1149) regret=0.103601 ape=0.5659
[17:57:14] warmStart (decay=exponential) 37% (427/1149) regret=0.103601 ape=0.5659
[17:57:15] warmStart (decay=exponential) 37% (428/1149) regret=0.103601 ape=0.5659
[17:57:15] warmStart (decay=exponential) 37% (429/1149) regret=0.103601 ape=0.5659
[17:57:15] warmStart (decay=exponential) 37% (430/1149) regret=0.103601 ape=0.5659
[17:57:15] warmStart (decay=exponential) 37% (431/1149) regret=0.103601 ape=0.5659
[17:57:15] warmStart (decay=exponential) 37% (432/1149) regret=0.103601 ape=0.5659
[17:57:15] warmStart (decay=exponential) 37% (433/1149) regret=0.103601 ape=0.5659
[17:57:16] warmStart (decay=exponential) 37% (434/1149) regret=0.103601 ape=0.5659
[17:57:16] warmStart (decay=exponential) 37% (435/1149) regret=0.103601 ape=0.5659
[17:57:16] warmStart (decay=exponential) 37% (436/1149) regret=0.103601 ape=0.5659
[17:57:16] warmStart (decay=exponential) 38% (437/1149) regret=0.103601 ape=0.5659
[17:57:16] warmStart (decay=exponential) 38% (438/1149) regret=0.103601 ape=0.5659
[17:57:17] warmStart (decay=exponential) 38% (439/1149) regret=0.103601 ape=0.5659
[17:57:17] warmStart (decay=exponential) 38% (440/1149) regret=0.103601 ape=0.5659
[17:57:17] warmStart (decay=exponential) 38% (441/1149) regret=0.103601 ape=0.5659
[17:57:17] warmStart (decay=exponential) 38% (442/1149) regret=0.103601 ape=0.5659
[17:57:17] warmStart (decay=exponential) 38% (443/1149) regret=0.103601 ape=0.5659
[17:57:18] warmStart (decay=exponential) 38% (444/1149) regret=0.103601 ape=0.5659
[17:57:18] warmStart (decay=exponential) 38% (445/1149) regret=0.103601 ape=0.5659
[17:57:18] warmStart (decay=exponential) 38% (446/1149) regret=0.103601 ape=0.5659
[17:57:18] warmStart (decay=exponential) 38% (447/1149) regret=0.103601 ape=0.5659
[17:57:18] warmStart (decay=exponential) 38% (448/1149) regret=0.103601 ape=0.5659
[17:57:18] warmStart (decay=exponential) 39% (449/1149) regret=0.103601 ape=0.5659
[17:57:19] warmStart (decay=exponential) 39% (450/1149) regret=0.103601 ape=0.5659
[17:57:19] warmStart (decay=exponential) 39% (451/1149) regret=0.103601 ape=0.5659
[17:57:19] warmStart (decay=exponential) 39% (452/1149) regret=0.103601 ape=0.5659
[17:57:19] warmStart (decay=exponential) 39% (453/1149) regret=0.103601 ape=0.5659
[17:57:19] warmStart (decay=exponential) 39% (454/1149) regret=0.103601 ape=0.5659
[17:57:20] warmStart (decay=exponential) 39% (455/1149) regret=0.103601 ape=0.5659
[17:57:20] warmStart (decay=exponential) 39% (456/1149) regret=0.103601 ape=0.5659
[17:57:20] warmStart (decay=exponential) 39% (457/1149) regret=0.103601 ape=0.5659
[17:57:20] warmStart (decay=exponential) 39% (458/1149) regret=0.103601 ape=0.5659
[17:57:20] warmStart (decay=exponential) 39% (459/1149) regret=0.103601 ape=0.5659
[17:57:20] warmStart (decay=exponential) 40% (460/1149) regret=0.103601 ape=0.5659
[17:57:20] warmStart (decay=exponential) 40% (461/1149) regret=0.103601 ape=0.5659
[17:57:21] warmStart (decay=exponential) 40% (462/1149) regret=0.103601 ape=0.5659
[17:57:21] warmStart (decay=exponential) 40% (463/1149) regret=0.103601 ape=0.5659
[17:57:21] warmStart (decay=exponential) 40% (464/1149) regret=0.103601 ape=0.5659
[17:57:21] warmStart (decay=exponential) 40% (465/1149) regret=0.103601 ape=0.5659
[17:57:21] warmStart (decay=exponential) 40% (466/1149) regret=0.103601 ape=0.5659
[17:57:21] warmStart (decay=exponential) 40% (467/1149) regret=0.103601 ape=0.5659
[17:57:22] warmStart (decay=exponential) 40% (468/1149) regret=0.103601 ape=0.5659
[17:57:22] warmStart (decay=exponential) 40% (469/1149) regret=0.103601 ape=0.5659
[17:57:22] warmStart (decay=exponential) 40% (470/1149) regret=0.103601 ape=0.5659
[17:57:22] warmStart (decay=exponential) 40% (471/1149) regret=0.103601 ape=0.5659
[17:57:22] warmStart (decay=exponential) 41% (472/1149) regret=0.103601 ape=0.5659
[17:57:22] warmStart (decay=exponential) 41% (473/1149) regret=0.103601 ape=0.5659
[17:57:22] warmStart (decay=exponential) 41% (474/1149) regret=0.103601 ape=0.5659
[17:57:23] warmStart (decay=exponential) 41% (475/1149) regret=0.103601 ape=0.5659
[17:57:23] warmStart (decay=exponential) 41% (476/1149) regret=0.103601 ape=0.5659
[17:57:23] warmStart (decay=exponential) 41% (477/1149) regret=0.103601 ape=0.5659
[17:57:23] warmStart (decay=exponential) 41% (478/1149) regret=0.103601 ape=0.5659
[17:57:23] warmStart (decay=exponential) 41% (479/1149) regret=0.103601 ape=0.5659
[17:57:23] warmStart (decay=exponential) 41% (480/1149) regret=0.103601 ape=0.5659
[17:57:24] warmStart (decay=exponential) 41% (481/1149) regret=0.103601 ape=0.5659
[17:57:24] warmStart (decay=exponential) 41% (482/1149) regret=0.103601 ape=0.5659
[17:57:24] warmStart (decay=exponential) 42% (483/1149) regret=0.103601 ape=0.5659
[17:57:24] warmStart (decay=exponential) 42% (484/1149) regret=0.103601 ape=0.5659
[17:57:24] warmStart (decay=exponential) 42% (485/1149) regret=0.103601 ape=0.5659
[17:57:24] warmStart (decay=exponential) 42% (486/1149) regret=0.103601 ape=0.5659
[17:57:24] warmStart (decay=exponential) 42% (487/1149) regret=0.103601 ape=0.5659
[17:57:25] warmStart (decay=exponential) 42% (488/1149) regret=0.103601 ape=0.5659
[17:57:25] warmStart (decay=exponential) 42% (489/1149) regret=0.103601 ape=0.5659
[17:57:25] warmStart (decay=exponential) 42% (490/1149) regret=0.103601 ape=0.5659
[17:57:25] warmStart (decay=exponential) 42% (491/1149) regret=0.103601 ape=0.5659
[17:57:25] warmStart (decay=exponential) 42% (492/1149) regret=0.103601 ape=0.5659
[17:57:25] warmStart (decay=exponential) 42% (493/1149) regret=0.103601 ape=0.5659
[17:57:26] warmStart (decay=exponential) 42% (494/1149) regret=0.103601 ape=0.5659
[17:57:26] warmStart (decay=exponential) 43% (495/1149) regret=0.103601 ape=0.5659
[17:57:26] warmStart (decay=exponential) 43% (496/1149) regret=0.103601 ape=0.5659
[17:57:26] warmStart (decay=exponential) 43% (497/1149) regret=0.103601 ape=0.5659
[17:57:26] warmStart (decay=exponential) 43% (498/1149) regret=0.103601 ape=0.5659
[17:57:26] warmStart (decay=exponential) 43% (499/1149) regret=0.103601 ape=0.5659
[17:57:26] warmStart (decay=exponential) 43% (500/1149) regret=0.103601 ape=0.5659
[17:57:27] warmStart (decay=exponential) 43% (501/1149) regret=0.103601 ape=0.5659
[17:57:27] warmStart (decay=exponential) 43% (502/1149) regret=0.103601 ape=0.5659
[17:57:27] warmStart (decay=exponential) 43% (503/1149) regret=0.103601 ape=0.5659
[17:57:27] warmStart (decay=exponential) 43% (504/1149) regret=0.103601 ape=0.5659
[17:57:27] warmStart (decay=exponential) 43% (505/1149) regret=0.103601 ape=0.5659
[17:57:27] warmStart (decay=exponential) 44% (506/1149) regret=0.103601 ape=0.5659
[17:57:28] warmStart (decay=exponential) 44% (507/1149) regret=0.103601 ape=0.5659
[17:57:28] warmStart (decay=exponential) 44% (508/1149) regret=0.103601 ape=0.5659
[17:57:28] warmStart (decay=exponential) 44% (509/1149) regret=0.103601 ape=0.5659
[17:57:28] warmStart (decay=exponential) 44% (510/1149) regret=0.103601 ape=0.5659
[17:57:28] warmStart (decay=exponential) 44% (511/1149) regret=0.103601 ape=0.5659
[17:57:28] warmStart (decay=exponential) 44% (512/1149) regret=0.103601 ape=0.5659
[17:57:28] warmStart (decay=exponential) 44% (513/1149) regret=0.103601 ape=0.5659
[17:57:29] warmStart (decay=exponential) 44% (514/1149) regret=0.103601 ape=0.5659
[17:57:29] warmStart (decay=exponential) 44% (515/1149) regret=0.103601 ape=0.5659
[17:57:29] warmStart (decay=exponential) 44% (516/1149) regret=0.103601 ape=0.5659
[17:57:29] warmStart (decay=exponential) 44% (517/1149) regret=0.103601 ape=0.5659
[17:57:29] warmStart (decay=exponential) 45% (518/1149) regret=0.103601 ape=0.5659
[17:57:29] warmStart (decay=exponential) 45% (519/1149) regret=0.103601 ape=0.5659
[17:57:30] warmStart (decay=exponential) 45% (520/1149) regret=0.103601 ape=0.5659
[17:57:30] warmStart (decay=exponential) 45% (521/1149) regret=0.103601 ape=0.5659
[17:57:30] warmStart (decay=exponential) 45% (522/1149) regret=0.103601 ape=0.5659
[17:57:30] warmStart (decay=exponential) 45% (523/1149) regret=0.103601 ape=0.5659
[17:57:30] warmStart (decay=exponential) 45% (524/1149) regret=0.103840 ape=0.5668
[17:57:30] warmStart (decay=exponential) 45% (525/1149) regret=0.103633 ape=0.5668
[17:57:31] warmStart (decay=exponential) 45% (526/1149) regret=0.103633 ape=0.5668
[17:57:31] warmStart (decay=exponential) 45% (527/1149) regret=0.103656 ape=0.5668
[17:57:31] warmStart (decay=exponential) 45% (528/1149) regret=0.103656 ape=0.5668
[17:57:31] warmStart (decay=exponential) 46% (529/1149) regret=0.103656 ape=0.5668
[17:57:31] warmStart (decay=exponential) 46% (530/1149) regret=0.103656 ape=0.5668
[17:57:32] warmStart (decay=exponential) 46% (531/1149) regret=0.103656 ape=0.5668
[17:57:32] warmStart (decay=exponential) 46% (532/1149) regret=0.103656 ape=0.5668
[17:57:32] warmStart (decay=exponential) 46% (533/1149) regret=0.103656 ape=0.5668
[17:57:32] warmStart (decay=exponential) 46% (534/1149) regret=0.103656 ape=0.5668
[17:57:32] warmStart (decay=exponential) 46% (535/1149) regret=0.103656 ape=0.5668
[17:57:33] warmStart (decay=exponential) 46% (536/1149) regret=0.103656 ape=0.5668
[17:57:33] warmStart (decay=exponential) 46% (537/1149) regret=0.103656 ape=0.5668
[17:57:33] warmStart (decay=exponential) 46% (538/1149) regret=0.103656 ape=0.5668
[17:57:33] warmStart (decay=exponential) 46% (539/1149) regret=0.103656 ape=0.5668
[17:57:33] warmStart (decay=exponential) 46% (540/1149) regret=0.103656 ape=0.5668
[17:57:33] warmStart (decay=exponential) 47% (541/1149) regret=0.103656 ape=0.5668
[17:57:34] warmStart (decay=exponential) 47% (542/1149) regret=0.103656 ape=0.5668
[17:57:34] warmStart (decay=exponential) 47% (543/1149) regret=0.103656 ape=0.5668
[17:57:34] warmStart (decay=exponential) 47% (544/1149) regret=0.103656 ape=0.5668
[17:57:34] warmStart (decay=exponential) 47% (545/1149) regret=0.103633 ape=0.5668
[17:57:34] warmStart (decay=exponential) 47% (546/1149) regret=0.103633 ape=0.5668
[17:57:35] warmStart (decay=exponential) 47% (547/1149) regret=0.103633 ape=0.5668
[17:57:35] warmStart (decay=exponential) 47% (548/1149) regret=0.103633 ape=0.5668
[17:57:35] warmStart (decay=exponential) 47% (549/1149) regret=0.103656 ape=0.5668
[17:57:35] warmStart (decay=exponential) 47% (550/1149) regret=0.103656 ape=0.5668
[17:57:35] warmStart (decay=exponential) 47% (551/1149) regret=0.103656 ape=0.5668
[17:57:36] warmStart (decay=exponential) 48% (552/1149) regret=0.103656 ape=0.5668
[17:57:36] warmStart (decay=exponential) 48% (553/1149) regret=0.103656 ape=0.5668
[17:57:36] warmStart (decay=exponential) 48% (554/1149) regret=0.103633 ape=0.5668
[17:57:36] warmStart (decay=exponential) 48% (555/1149) regret=0.103633 ape=0.5668
[17:57:36] warmStart (decay=exponential) 48% (556/1149) regret=0.103633 ape=0.5668
[17:57:37] warmStart (decay=exponential) 48% (557/1149) regret=0.103633 ape=0.5668
[17:57:37] warmStart (decay=exponential) 48% (558/1149) regret=0.103633 ape=0.5668
[17:57:37] warmStart (decay=exponential) 48% (559/1149) regret=0.103633 ape=0.5668
[17:57:37] warmStart (decay=exponential) 48% (560/1149) regret=0.103633 ape=0.5668
[17:57:37] warmStart (decay=exponential) 48% (561/1149) regret=0.103633 ape=0.5668
[17:57:38] warmStart (decay=exponential) 48% (562/1149) regret=0.103633 ape=0.5668
[17:57:38] warmStart (decay=exponential) 48% (563/1149) regret=0.103633 ape=0.5668
[17:57:38] warmStart (decay=exponential) 49% (564/1149) regret=0.103633 ape=0.5668
[17:57:38] warmStart (decay=exponential) 49% (565/1149) regret=0.103633 ape=0.5668
[17:57:38] warmStart (decay=exponential) 49% (566/1149) regret=0.103633 ape=0.5668
[17:57:39] warmStart (decay=exponential) 49% (567/1149) regret=0.103633 ape=0.5668
[17:57:39] warmStart (decay=exponential) 49% (568/1149) regret=0.103633 ape=0.5668
[17:57:39] warmStart (decay=exponential) 49% (569/1149) regret=0.103633 ape=0.5668
[17:57:39] warmStart (decay=exponential) 49% (570/1149) regret=0.103633 ape=0.5668
[17:57:39] warmStart (decay=exponential) 49% (571/1149) regret=0.103633 ape=0.5668
[17:57:40] warmStart (decay=exponential) 49% (572/1149) regret=0.103633 ape=0.5668
[17:57:40] warmStart (decay=exponential) 49% (573/1149) regret=0.103633 ape=0.5668
[17:57:40] warmStart (decay=exponential) 49% (574/1149) regret=0.103633 ape=0.5668
[17:57:40] warmStart (decay=exponential) 50% (575/1149) regret=0.103633 ape=0.5668
[17:57:40] warmStart (decay=exponential) 50% (576/1149) regret=0.103633 ape=0.5668
[17:57:41] warmStart (decay=exponential) 50% (577/1149) regret=0.103633 ape=0.5668
[17:57:41] warmStart (decay=exponential) 50% (578/1149) regret=0.103656 ape=0.5668
[17:57:41] warmStart (decay=exponential) 50% (579/1149) regret=0.103633 ape=0.5668
[17:57:41] warmStart (decay=exponential) 50% (580/1149) regret=0.103633 ape=0.5668
[17:57:41] warmStart (decay=exponential) 50% (581/1149) regret=0.103633 ape=0.5668
[17:57:42] warmStart (decay=exponential) 50% (582/1149) regret=0.103601 ape=0.5659
[17:57:42] warmStart (decay=exponential) 50% (583/1149) regret=0.103582 ape=0.5659
[17:57:42] warmStart (decay=exponential) 50% (584/1149) regret=0.103582 ape=0.5659
[17:57:42] warmStart (decay=exponential) 50% (585/1149) regret=0.103582 ape=0.5659
[17:57:42] warmStart (decay=exponential) 51% (586/1149) regret=0.103665 ape=0.5659
[17:57:42] warmStart (decay=exponential) 51% (587/1149) regret=0.103582 ape=0.5659
[17:57:43] warmStart (decay=exponential) 51% (588/1149) regret=0.103638 ape=0.5659
[17:57:43] warmStart (decay=exponential) 51% (589/1149) regret=0.103638 ape=0.5659
[17:57:43] warmStart (decay=exponential) 51% (590/1149) regret=0.103610 ape=0.5659
[17:57:43] warmStart (decay=exponential) 51% (591/1149) regret=0.103601 ape=0.5659
[17:57:43] warmStart (decay=exponential) 51% (592/1149) regret=0.103610 ape=0.5659
[17:57:43] warmStart (decay=exponential) 51% (593/1149) regret=0.103702 ape=0.5659
[17:57:44] warmStart (decay=exponential) 51% (594/1149) regret=0.103610 ape=0.5659
[17:57:44] warmStart (decay=exponential) 51% (595/1149) regret=0.103601 ape=0.5659
[17:57:44] warmStart (decay=exponential) 51% (596/1149) regret=0.103675 ape=0.5659
[17:57:44] warmStart (decay=exponential) 51% (597/1149) regret=0.103601 ape=0.5659
[17:57:44] warmStart (decay=exponential) 52% (598/1149) regret=0.103601 ape=0.5659
[17:57:44] warmStart (decay=exponential) 52% (599/1149) regret=0.103601 ape=0.5659
[17:57:44] warmStart (decay=exponential) 52% (600/1149) regret=0.103582 ape=0.5659
[17:57:45] warmStart (decay=exponential) 52% (601/1149) regret=0.103601 ape=0.5659
[17:57:45] warmStart (decay=exponential) 52% (602/1149) regret=0.103601 ape=0.5659
[17:57:45] warmStart (decay=exponential) 52% (603/1149) regret=0.103555 ape=0.5650
[17:57:45] warmStart (decay=exponential) 52% (604/1149) regret=0.103555 ape=0.5650
[17:57:45] warmStart (decay=exponential) 52% (605/1149) regret=0.103555 ape=0.5650
[17:57:45] warmStart (decay=exponential) 52% (606/1149) regret=0.103555 ape=0.5650
[17:57:46] warmStart (decay=exponential) 52% (607/1149) regret=0.103555 ape=0.5650
[17:57:46] warmStart (decay=exponential) 52% (608/1149) regret=0.103555 ape=0.5650
[17:57:46] warmStart (decay=exponential) 53% (609/1149) regret=0.103555 ape=0.5650
[17:57:46] warmStart (decay=exponential) 53% (610/1149) regret=0.103555 ape=0.5650
[17:57:46] warmStart (decay=exponential) 53% (611/1149) regret=0.103518 ape=0.5641
[17:57:46] warmStart (decay=exponential) 53% (612/1149) regret=0.103557 ape=0.5650
[17:57:47] warmStart (decay=exponential) 53% (613/1149) regret=0.103557 ape=0.5650
[17:57:47] warmStart (decay=exponential) 53% (614/1149) regret=0.103547 ape=0.5650
[17:57:47] warmStart (decay=exponential) 53% (615/1149) regret=0.103547 ape=0.5650
[17:57:47] warmStart (decay=exponential) 53% (616/1149) regret=0.103547 ape=0.5650
[17:57:47] warmStart (decay=exponential) 53% (617/1149) regret=0.103547 ape=0.5650
[17:57:47] warmStart (decay=exponential) 53% (618/1149) regret=0.103547 ape=0.5650
[17:57:47] warmStart (decay=exponential) 53% (619/1149) regret=0.103547 ape=0.5650
[17:57:48] warmStart (decay=exponential) 53% (620/1149) regret=0.103547 ape=0.5650
[17:57:48] warmStart (decay=exponential) 54% (621/1149) regret=0.103547 ape=0.5650
[17:57:48] warmStart (decay=exponential) 54% (622/1149) regret=0.103547 ape=0.5650
[17:57:48] warmStart (decay=exponential) 54% (623/1149) regret=0.103518 ape=0.5641
[17:57:48] warmStart (decay=exponential) 54% (624/1149) regret=0.103518 ape=0.5641
[17:57:48] warmStart (decay=exponential) 54% (625/1149) regret=0.103518 ape=0.5641
[17:57:48] warmStart (decay=exponential) 54% (626/1149) regret=0.103518 ape=0.5641
[17:57:49] warmStart (decay=exponential) 54% (627/1149) regret=0.103518 ape=0.5641
[17:57:49] warmStart (decay=exponential) 54% (628/1149) regret=0.103518 ape=0.5641
[17:57:49] warmStart (decay=exponential) 54% (629/1149) regret=0.103518 ape=0.5641
[17:57:49] warmStart (decay=exponential) 54% (630/1149) regret=0.103518 ape=0.5641
[17:57:49] warmStart (decay=exponential) 54% (631/1149) regret=0.103518 ape=0.5641
[17:57:49] warmStart (decay=exponential) 55% (632/1149) regret=0.103518 ape=0.5641
[17:57:49] warmStart (decay=exponential) 55% (633/1149) regret=0.103518 ape=0.5641
[17:57:50] warmStart (decay=exponential) 55% (634/1149) regret=0.103518 ape=0.5641
[17:57:50] warmStart (decay=exponential) 55% (635/1149) regret=0.103518 ape=0.5641
[17:57:50] warmStart (decay=exponential) 55% (636/1149) regret=0.103518 ape=0.5641
[17:57:50] warmStart (decay=exponential) 55% (637/1149) regret=0.103518 ape=0.5641
[17:57:50] warmStart (decay=exponential) 55% (638/1149) regret=0.103518 ape=0.5641
[17:57:50] warmStart (decay=exponential) 55% (639/1149) regret=0.103518 ape=0.5641
[17:57:50] warmStart (decay=exponential) 55% (640/1149) regret=0.103518 ape=0.5641
[17:57:51] warmStart (decay=exponential) 55% (641/1149) regret=0.103518 ape=0.5641
[17:57:51] warmStart (decay=exponential) 55% (642/1149) regret=0.103518 ape=0.5641
[17:57:51] warmStart (decay=exponential) 55% (643/1149) regret=0.103518 ape=0.5641
[17:57:51] warmStart (decay=exponential) 56% (644/1149) regret=0.103518 ape=0.5641
[17:57:51] warmStart (decay=exponential) 56% (645/1149) regret=0.103518 ape=0.5641
[17:57:51] warmStart (decay=exponential) 56% (646/1149) regret=0.103518 ape=0.5641
[17:57:51] warmStart (decay=exponential) 56% (647/1149) regret=0.103518 ape=0.5641
[17:57:52] warmStart (decay=exponential) 56% (648/1149) regret=0.103518 ape=0.5641
[17:57:52] warmStart (decay=exponential) 56% (649/1149) regret=0.103518 ape=0.5641
[17:57:52] warmStart (decay=exponential) 56% (650/1149) regret=0.103516 ape=0.5641
[17:57:52] warmStart (decay=exponential) 56% (651/1149) regret=0.103518 ape=0.5641
[17:57:52] warmStart (decay=exponential) 56% (652/1149) regret=0.103518 ape=0.5641
[17:57:52] warmStart (decay=exponential) 56% (653/1149) regret=0.103518 ape=0.5641
[17:57:53] warmStart (decay=exponential) 56% (654/1149) regret=0.103502 ape=0.5641
[17:57:53] warmStart (decay=exponential) 57% (655/1149) regret=0.103502 ape=0.5641
[17:57:53] warmStart (decay=exponential) 57% (656/1149) regret=0.103502 ape=0.5641
[17:57:53] warmStart (decay=exponential) 57% (657/1149) regret=0.103502 ape=0.5641
[17:57:53] warmStart (decay=exponential) 57% (658/1149) regret=0.103502 ape=0.5641
[17:57:53] warmStart (decay=exponential) 57% (659/1149) regret=0.103496 ape=0.5641
[17:57:53] warmStart (decay=exponential) 57% (660/1149) regret=0.103496 ape=0.5641
[17:57:54] warmStart (decay=exponential) 57% (661/1149) regret=0.103496 ape=0.5641
[17:57:54] warmStart (decay=exponential) 57% (662/1149) regret=0.103496 ape=0.5641
[17:57:54] warmStart (decay=exponential) 57% (663/1149) regret=0.103496 ape=0.5641
[17:57:54] warmStart (decay=exponential) 57% (664/1149) regret=0.103496 ape=0.5641
[17:57:54] warmStart (decay=exponential) 57% (665/1149) regret=0.103496 ape=0.5641
[17:57:54] warmStart (decay=exponential) 57% (666/1149) regret=0.103496 ape=0.5641
[17:57:55] warmStart (decay=exponential) 58% (667/1149) regret=0.103486 ape=0.5631
[17:57:55] warmStart (decay=exponential) 58% (668/1149) regret=0.103496 ape=0.5641
[17:57:55] warmStart (decay=exponential) 58% (669/1149) regret=0.103486 ape=0.5631
[17:57:55] warmStart (decay=exponential) 58% (670/1149) regret=0.103486 ape=0.5631
[17:57:55] warmStart (decay=exponential) 58% (671/1149) regret=0.103486 ape=0.5631
[17:57:55] warmStart (decay=exponential) 58% (672/1149) regret=0.103486 ape=0.5631
[17:57:55] warmStart (decay=exponential) 58% (673/1149) regret=0.103486 ape=0.5631
[17:57:56] warmStart (decay=exponential) 58% (674/1149) regret=0.103486 ape=0.5631
[17:57:56] warmStart (decay=exponential) 58% (675/1149) regret=0.103486 ape=0.5631
[17:57:56] warmStart (decay=exponential) 58% (676/1149) regret=0.103486 ape=0.5631
[17:57:56] warmStart (decay=exponential) 58% (677/1149) regret=0.103486 ape=0.5631
[17:57:56] warmStart (decay=exponential) 59% (678/1149) regret=0.103486 ape=0.5631
[17:57:56] warmStart (decay=exponential) 59% (679/1149) regret=0.103486 ape=0.5631
[17:57:56] warmStart (decay=exponential) 59% (680/1149) regret=0.103486 ape=0.5631
[17:57:57] warmStart (decay=exponential) 59% (681/1149) regret=0.103486 ape=0.5631
[17:57:57] warmStart (decay=exponential) 59% (682/1149) regret=0.103486 ape=0.5631
[17:57:57] warmStart (decay=exponential) 59% (683/1149) regret=0.103486 ape=0.5631
[17:57:57] warmStart (decay=exponential) 59% (684/1149) regret=0.103486 ape=0.5631
[17:57:57] warmStart (decay=exponential) 59% (685/1149) regret=0.103486 ape=0.5631
[17:57:57] warmStart (decay=exponential) 59% (686/1149) regret=0.103502 ape=0.5641
[17:57:58] warmStart (decay=exponential) 59% (687/1149) regret=0.103502 ape=0.5641
[17:57:58] warmStart (decay=exponential) 59% (688/1149) regret=0.103502 ape=0.5641
[17:57:58] warmStart (decay=exponential) 59% (689/1149) regret=0.103502 ape=0.5641
[17:57:58] warmStart (decay=exponential) 60% (690/1149) regret=0.103502 ape=0.5641
[17:57:58] warmStart (decay=exponential) 60% (691/1149) regret=0.103502 ape=0.5641
[17:57:58] warmStart (decay=exponential) 60% (692/1149) regret=0.103502 ape=0.5641
[17:57:58] warmStart (decay=exponential) 60% (693/1149) regret=0.103502 ape=0.5641
[17:57:59] warmStart (decay=exponential) 60% (694/1149) regret=0.103502 ape=0.5641
[17:57:59] warmStart (decay=exponential) 60% (695/1149) regret=0.103502 ape=0.5641
[17:57:59] warmStart (decay=exponential) 60% (696/1149) regret=0.103486 ape=0.5631
[17:57:59] warmStart (decay=exponential) 60% (697/1149) regret=0.103486 ape=0.5631
[17:57:59] warmStart (decay=exponential) 60% (698/1149) regret=0.103486 ape=0.5631
[17:57:59] warmStart (decay=exponential) 60% (699/1149) regret=0.103486 ape=0.5631
[17:58:00] warmStart (decay=exponential) 60% (700/1149) regret=0.103486 ape=0.5631
[17:58:00] warmStart (decay=exponential) 61% (701/1149) regret=0.103486 ape=0.5631
[17:58:00] warmStart (decay=exponential) 61% (702/1149) regret=0.103486 ape=0.5631
[17:58:00] warmStart (decay=exponential) 61% (703/1149) regret=0.103486 ape=0.5631
[17:58:00] warmStart (decay=exponential) 61% (704/1149) regret=0.103486 ape=0.5631
[17:58:00] warmStart (decay=exponential) 61% (705/1149) regret=0.103486 ape=0.5631
[17:58:00] warmStart (decay=exponential) 61% (706/1149) regret=0.103486 ape=0.5631
[17:58:01] warmStart (decay=exponential) 61% (707/1149) regret=0.103486 ape=0.5631
[17:58:01] warmStart (decay=exponential) 61% (708/1149) regret=0.103486 ape=0.5631
[17:58:01] warmStart (decay=exponential) 61% (709/1149) regret=0.103486 ape=0.5631
[17:58:01] warmStart (decay=exponential) 61% (710/1149) regret=0.103486 ape=0.5631
[17:58:01] warmStart (decay=exponential) 61% (711/1149) regret=0.103486 ape=0.5631
[17:58:01] warmStart (decay=exponential) 61% (712/1149) regret=0.103486 ape=0.5631
[17:58:02] warmStart (decay=exponential) 62% (713/1149) regret=0.103486 ape=0.5631
[17:58:02] warmStart (decay=exponential) 62% (714/1149) regret=0.103486 ape=0.5631
[17:58:02] warmStart (decay=exponential) 62% (715/1149) regret=0.103486 ape=0.5631
[17:58:02] warmStart (decay=exponential) 62% (716/1149) regret=0.103486 ape=0.5631
[17:58:02] warmStart (decay=exponential) 62% (717/1149) regret=0.103486 ape=0.5631
[17:58:02] warmStart (decay=exponential) 62% (718/1149) regret=0.103486 ape=0.5631
[17:58:03] warmStart (decay=exponential) 62% (719/1149) regret=0.103486 ape=0.5631
[17:58:03] warmStart (decay=exponential) 62% (720/1149) regret=0.103486 ape=0.5631
[17:58:03] warmStart (decay=exponential) 62% (721/1149) regret=0.103486 ape=0.5631
[17:58:03] warmStart (decay=exponential) 62% (722/1149) regret=0.103486 ape=0.5631
[17:58:03] warmStart (decay=exponential) 62% (723/1149) regret=0.103486 ape=0.5631
[17:58:03] warmStart (decay=exponential) 63% (724/1149) regret=0.103486 ape=0.5631
[17:58:03] warmStart (decay=exponential) 63% (725/1149) regret=0.103486 ape=0.5631
[17:58:04] warmStart (decay=exponential) 63% (726/1149) regret=0.103486 ape=0.5631
[17:58:04] warmStart (decay=exponential) 63% (727/1149) regret=0.103486 ape=0.5631
[17:58:04] warmStart (decay=exponential) 63% (728/1149) regret=0.103486 ape=0.5631
[17:58:04] warmStart (decay=exponential) 63% (729/1149) regret=0.103486 ape=0.5631
[17:58:04] warmStart (decay=exponential) 63% (730/1149) regret=0.103486 ape=0.5631
[17:58:04] warmStart (decay=exponential) 63% (731/1149) regret=0.103486 ape=0.5631
[17:58:05] warmStart (decay=exponential) 63% (732/1149) regret=0.103486 ape=0.5631
[17:58:05] warmStart (decay=exponential) 63% (733/1149) regret=0.103435 ape=0.5631
[17:58:05] warmStart (decay=exponential) 63% (734/1149) regret=0.103447 ape=0.5631
[17:58:05] warmStart (decay=exponential) 63% (735/1149) regret=0.103436 ape=0.5631
[17:58:05] warmStart (decay=exponential) 64% (736/1149) regret=0.103436 ape=0.5631
[17:58:05] warmStart (decay=exponential) 64% (737/1149) regret=0.103436 ape=0.5631
[17:58:05] warmStart (decay=exponential) 64% (738/1149) regret=0.103433 ape=0.5631
[17:58:06] warmStart (decay=exponential) 64% (739/1149) regret=0.103433 ape=0.5631
[17:58:06] warmStart (decay=exponential) 64% (740/1149) regret=0.103433 ape=0.5631
[17:58:06] warmStart (decay=exponential) 64% (741/1149) regret=0.103433 ape=0.5631
[17:58:06] warmStart (decay=exponential) 64% (742/1149) regret=0.103433 ape=0.5631
[17:58:06] warmStart (decay=exponential) 64% (743/1149) regret=0.103433 ape=0.5631
[17:58:06] warmStart (decay=exponential) 64% (744/1149) regret=0.103433 ape=0.5631
[17:58:07] warmStart (decay=exponential) 64% (745/1149) regret=0.103433 ape=0.5631
[17:58:07] warmStart (decay=exponential) 64% (746/1149) regret=0.103433 ape=0.5631
[17:58:07] warmStart (decay=exponential) 65% (747/1149) regret=0.103433 ape=0.5631
[17:58:07] warmStart (decay=exponential) 65% (748/1149) regret=0.103433 ape=0.5631
[17:58:07] warmStart (decay=exponential) 65% (749/1149) regret=0.103433 ape=0.5631
[17:58:07] warmStart (decay=exponential) 65% (750/1149) regret=0.103433 ape=0.5631
[17:58:07] warmStart (decay=exponential) 65% (751/1149) regret=0.103433 ape=0.5631
[17:58:08] warmStart (decay=exponential) 65% (752/1149) regret=0.103433 ape=0.5631
[17:58:08] warmStart (decay=exponential) 65% (753/1149) regret=0.103433 ape=0.5631
[17:58:08] warmStart (decay=exponential) 65% (754/1149) regret=0.103433 ape=0.5631
[17:58:08] warmStart (decay=exponential) 65% (755/1149) regret=0.103433 ape=0.5631
[17:58:08] warmStart (decay=exponential) 65% (756/1149) regret=0.103433 ape=0.5631
[17:58:08] warmStart (decay=exponential) 65% (757/1149) regret=0.103433 ape=0.5631
[17:58:09] warmStart (decay=exponential) 65% (758/1149) regret=0.103433 ape=0.5631
[17:58:09] warmStart (decay=exponential) 66% (759/1149) regret=0.103433 ape=0.5631
[17:58:09] warmStart (decay=exponential) 66% (760/1149) regret=0.103433 ape=0.5631
[17:58:09] warmStart (decay=exponential) 66% (761/1149) regret=0.103433 ape=0.5631
[17:58:09] warmStart (decay=exponential) 66% (762/1149) regret=0.103433 ape=0.5631
[17:58:09] warmStart (decay=exponential) 66% (763/1149) regret=0.103436 ape=0.5631
[17:58:09] warmStart (decay=exponential) 66% (764/1149) regret=0.103436 ape=0.5631
[17:58:10] warmStart (decay=exponential) 66% (765/1149) regret=0.103435 ape=0.5631
[17:58:10] warmStart (decay=exponential) 66% (766/1149) regret=0.103435 ape=0.5631
[17:58:10] warmStart (decay=exponential) 66% (767/1149) regret=0.103435 ape=0.5631
[17:58:10] warmStart (decay=exponential) 66% (768/1149) regret=0.103441 ape=0.5631
[17:58:10] warmStart (decay=exponential) 66% (769/1149) regret=0.103441 ape=0.5631
[17:58:10] warmStart (decay=exponential) 67% (770/1149) regret=0.103441 ape=0.5631
[17:58:11] warmStart (decay=exponential) 67% (771/1149) regret=0.103441 ape=0.5631
[17:58:11] warmStart (decay=exponential) 67% (772/1149) regret=0.103441 ape=0.5631
[17:58:11] warmStart (decay=exponential) 67% (773/1149) regret=0.103441 ape=0.5631
[17:58:11] warmStart (decay=exponential) 67% (774/1149) regret=0.103433 ape=0.5631
[17:58:11] warmStart (decay=exponential) 67% (775/1149) regret=0.103426 ape=0.5622
[17:58:11] warmStart (decay=exponential) 67% (776/1149) regret=0.103426 ape=0.5622
[17:58:11] warmStart (decay=exponential) 67% (777/1149) regret=0.103426 ape=0.5622
[17:58:12] warmStart (decay=exponential) 67% (778/1149) regret=0.103426 ape=0.5622
[17:58:12] warmStart (decay=exponential) 67% (779/1149) regret=0.103426 ape=0.5622
[17:58:12] warmStart (decay=exponential) 67% (780/1149) regret=0.103426 ape=0.5622
[17:58:12] warmStart (decay=exponential) 67% (781/1149) regret=0.103426 ape=0.5622
[17:58:12] warmStart (decay=exponential) 68% (782/1149) regret=0.103426 ape=0.5622
[17:58:12] warmStart (decay=exponential) 68% (783/1149) regret=0.103426 ape=0.5622
[17:58:13] warmStart (decay=exponential) 68% (784/1149) regret=0.103426 ape=0.5622
[17:58:13] warmStart (decay=exponential) 68% (785/1149) regret=0.103426 ape=0.5622
[17:58:13] warmStart (decay=exponential) 68% (786/1149) regret=0.103426 ape=0.5622
[17:58:13] warmStart (decay=exponential) 68% (787/1149) regret=0.103426 ape=0.5622
[17:58:13] warmStart (decay=exponential) 68% (788/1149) regret=0.103426 ape=0.5622
[17:58:13] warmStart (decay=exponential) 68% (789/1149) regret=0.103426 ape=0.5622
[17:58:13] warmStart (decay=exponential) 68% (790/1149) regret=0.103426 ape=0.5622
[17:58:14] warmStart (decay=exponential) 68% (791/1149) regret=0.103426 ape=0.5622
[17:58:14] warmStart (decay=exponential) 68% (792/1149) regret=0.103426 ape=0.5622
[17:58:14] warmStart (decay=exponential) 69% (793/1149) regret=0.103426 ape=0.5622
[17:58:14] warmStart (decay=exponential) 69% (794/1149) regret=0.103426 ape=0.5622
[17:58:14] warmStart (decay=exponential) 69% (795/1149) regret=0.103426 ape=0.5622
[17:58:14] warmStart (decay=exponential) 69% (796/1149) regret=0.103426 ape=0.5622
[17:58:15] warmStart (decay=exponential) 69% (797/1149) regret=0.103426 ape=0.5622
[17:58:15] warmStart (decay=exponential) 69% (798/1149) regret=0.103426 ape=0.5622
[17:58:15] warmStart (decay=exponential) 69% (799/1149) regret=0.103426 ape=0.5622
[17:58:15] warmStart (decay=exponential) 69% (800/1149) regret=0.103426 ape=0.5622
[17:58:15] warmStart (decay=exponential) 69% (801/1149) regret=0.103426 ape=0.5622
[17:58:15] warmStart (decay=exponential) 69% (802/1149) regret=0.103426 ape=0.5622
[17:58:15] warmStart (decay=exponential) 69% (803/1149) regret=0.103426 ape=0.5622
[17:58:16] warmStart (decay=exponential) 69% (804/1149) regret=0.103426 ape=0.5622
[17:58:16] warmStart (decay=exponential) 70% (805/1149) regret=0.103426 ape=0.5622
[17:58:16] warmStart (decay=exponential) 70% (806/1149) regret=0.103426 ape=0.5622
[17:58:16] warmStart (decay=exponential) 70% (807/1149) regret=0.103426 ape=0.5622
[17:58:16] warmStart (decay=exponential) 70% (808/1149) regret=0.103426 ape=0.5622
[17:58:16] warmStart (decay=exponential) 70% (809/1149) regret=0.103426 ape=0.5622
[17:58:17] warmStart (decay=exponential) 70% (810/1149) regret=0.103426 ape=0.5622
[17:58:17] warmStart (decay=exponential) 70% (811/1149) regret=0.103426 ape=0.5622
[17:58:17] warmStart (decay=exponential) 70% (812/1149) regret=0.103426 ape=0.5622
[17:58:17] warmStart (decay=exponential) 70% (813/1149) regret=0.103426 ape=0.5622
[17:58:17] warmStart (decay=exponential) 70% (814/1149) regret=0.103426 ape=0.5622
[17:58:17] warmStart (decay=exponential) 70% (815/1149) regret=0.103426 ape=0.5622
[17:58:17] warmStart (decay=exponential) 71% (816/1149) regret=0.103426 ape=0.5622
[17:58:18] warmStart (decay=exponential) 71% (817/1149) regret=0.103426 ape=0.5622
[17:58:18] warmStart (decay=exponential) 71% (818/1149) regret=0.103426 ape=0.5622
[17:58:18] warmStart (decay=exponential) 71% (819/1149) regret=0.103426 ape=0.5622
[17:58:18] warmStart (decay=exponential) 71% (820/1149) regret=0.103426 ape=0.5622
[17:58:18] warmStart (decay=exponential) 71% (821/1149) regret=0.103426 ape=0.5622
[17:58:18] warmStart (decay=exponential) 71% (822/1149) regret=0.103426 ape=0.5622
[17:58:19] warmStart (decay=exponential) 71% (823/1149) regret=0.103426 ape=0.5622
[17:58:19] warmStart (decay=exponential) 71% (824/1149) regret=0.103426 ape=0.5622
[17:58:19] warmStart (decay=exponential) 71% (825/1149) regret=0.103426 ape=0.5622
[17:58:19] warmStart (decay=exponential) 71% (826/1149) regret=0.103426 ape=0.5622
[17:58:19] warmStart (decay=exponential) 71% (827/1149) regret=0.103426 ape=0.5622
[17:58:19] warmStart (decay=exponential) 72% (828/1149) regret=0.103410 ape=0.5622
[17:58:19] warmStart (decay=exponential) 72% (829/1149) regret=0.103410 ape=0.5622
[17:58:20] warmStart (decay=exponential) 72% (830/1149) regret=0.103410 ape=0.5622
[17:58:20] warmStart (decay=exponential) 72% (831/1149) regret=0.103410 ape=0.5622
[17:58:20] warmStart (decay=exponential) 72% (832/1149) regret=0.103406 ape=0.5622
[17:58:20] warmStart (decay=exponential) 72% (833/1149) regret=0.103406 ape=0.5622
[17:58:20] warmStart (decay=exponential) 72% (834/1149) regret=0.103390 ape=0.5613
[17:58:20] warmStart (decay=exponential) 72% (835/1149) regret=0.103410 ape=0.5622
[17:58:20] warmStart (decay=exponential) 72% (836/1149) regret=0.103410 ape=0.5622
[17:58:21] warmStart (decay=exponential) 72% (837/1149) regret=0.103410 ape=0.5622
[17:58:21] warmStart (decay=exponential) 72% (838/1149) regret=0.103410 ape=0.5622
[17:58:21] warmStart (decay=exponential) 73% (839/1149) regret=0.103410 ape=0.5622
[17:58:21] warmStart (decay=exponential) 73% (840/1149) regret=0.103410 ape=0.5622
[17:58:21] warmStart (decay=exponential) 73% (841/1149) regret=0.103410 ape=0.5622
[17:58:21] warmStart (decay=exponential) 73% (842/1149) regret=0.103410 ape=0.5622
[17:58:21] warmStart (decay=exponential) 73% (843/1149) regret=0.103410 ape=0.5622
[17:58:22] warmStart (decay=exponential) 73% (844/1149) regret=0.103410 ape=0.5622
[17:58:22] warmStart (decay=exponential) 73% (845/1149) regret=0.103410 ape=0.5622
[17:58:22] warmStart (decay=exponential) 73% (846/1149) regret=0.103410 ape=0.5622
[17:58:22] warmStart (decay=exponential) 73% (847/1149) regret=0.103410 ape=0.5622
[17:58:22] warmStart (decay=exponential) 73% (848/1149) regret=0.103410 ape=0.5622
[17:58:22] warmStart (decay=exponential) 73% (849/1149) regret=0.103410 ape=0.5622
[17:58:23] warmStart (decay=exponential) 73% (850/1149) regret=0.103410 ape=0.5622
[17:58:23] warmStart (decay=exponential) 74% (851/1149) regret=0.103410 ape=0.5622
[17:58:23] warmStart (decay=exponential) 74% (852/1149) regret=0.103410 ape=0.5622
[17:58:23] warmStart (decay=exponential) 74% (853/1149) regret=0.103410 ape=0.5622
[17:58:23] warmStart (decay=exponential) 74% (854/1149) regret=0.103410 ape=0.5622
[17:58:23] warmStart (decay=exponential) 74% (855/1149) regret=0.103410 ape=0.5622
[17:58:23] warmStart (decay=exponential) 74% (856/1149) regret=0.103410 ape=0.5622
[17:58:24] warmStart (decay=exponential) 74% (857/1149) regret=0.103410 ape=0.5622
[17:58:24] warmStart (decay=exponential) 74% (858/1149) regret=0.103410 ape=0.5622
[17:58:24] warmStart (decay=exponential) 74% (859/1149) regret=0.103410 ape=0.5622
[17:58:24] warmStart (decay=exponential) 74% (860/1149) regret=0.103410 ape=0.5622
[17:58:24] warmStart (decay=exponential) 74% (861/1149) regret=0.103410 ape=0.5622
[17:58:24] warmStart (decay=exponential) 75% (862/1149) regret=0.103410 ape=0.5622
[17:58:25] warmStart (decay=exponential) 75% (863/1149) regret=0.103410 ape=0.5622
[17:58:25] warmStart (decay=exponential) 75% (864/1149) regret=0.103410 ape=0.5622
[17:58:25] warmStart (decay=exponential) 75% (865/1149) regret=0.103410 ape=0.5622
[17:58:25] warmStart (decay=exponential) 75% (866/1149) regret=0.103585 ape=0.5631
[17:58:25] warmStart (decay=exponential) 75% (867/1149) regret=0.103410 ape=0.5622
[17:58:25] warmStart (decay=exponential) 75% (868/1149) regret=0.103410 ape=0.5622
[17:58:25] warmStart (decay=exponential) 75% (869/1149) regret=0.103410 ape=0.5622
[17:58:26] warmStart (decay=exponential) 75% (870/1149) regret=0.103410 ape=0.5622
[17:58:26] warmStart (decay=exponential) 75% (871/1149) regret=0.103410 ape=0.5622
[17:58:26] warmStart (decay=exponential) 75% (872/1149) regret=0.103410 ape=0.5622
[17:58:26] warmStart (decay=exponential) 75% (873/1149) regret=0.103410 ape=0.5622
[17:58:26] warmStart (decay=exponential) 76% (874/1149) regret=0.103410 ape=0.5622
[17:58:26] warmStart (decay=exponential) 76% (875/1149) regret=0.103410 ape=0.5622
[17:58:26] warmStart (decay=exponential) 76% (876/1149) regret=0.103410 ape=0.5622
[17:58:27] warmStart (decay=exponential) 76% (877/1149) regret=0.103410 ape=0.5622
[17:58:27] warmStart (decay=exponential) 76% (878/1149) regret=0.103410 ape=0.5622
[17:58:27] warmStart (decay=exponential) 76% (879/1149) regret=0.103410 ape=0.5622
[17:58:27] warmStart (decay=exponential) 76% (880/1149) regret=0.103410 ape=0.5622
[17:58:27] warmStart (decay=exponential) 76% (881/1149) regret=0.103410 ape=0.5622
[17:58:28] warmStart (decay=exponential) 76% (882/1149) regret=0.103410 ape=0.5622
[17:58:28] warmStart (decay=exponential) 76% (883/1149) regret=0.103410 ape=0.5622
[17:58:28] warmStart (decay=exponential) 76% (884/1149) regret=0.103410 ape=0.5622
[17:58:28] warmStart (decay=exponential) 77% (885/1149) regret=0.103410 ape=0.5622
[17:58:28] warmStart (decay=exponential) 77% (886/1149) regret=0.103410 ape=0.5622
[17:58:28] warmStart (decay=exponential) 77% (887/1149) regret=0.103410 ape=0.5622
[17:58:29] warmStart (decay=exponential) 77% (888/1149) regret=0.103410 ape=0.5622
[17:58:29] warmStart (decay=exponential) 77% (889/1149) regret=0.103410 ape=0.5622
[17:58:29] warmStart (decay=exponential) 77% (890/1149) regret=0.103410 ape=0.5622
[17:58:29] warmStart (decay=exponential) 77% (891/1149) regret=0.103410 ape=0.5622
[17:58:29] warmStart (decay=exponential) 77% (892/1149) regret=0.103410 ape=0.5622
[17:58:30] warmStart (decay=exponential) 77% (893/1149) regret=0.103410 ape=0.5622
[17:58:30] warmStart (decay=exponential) 77% (894/1149) regret=0.103410 ape=0.5622
[17:58:30] warmStart (decay=exponential) 77% (895/1149) regret=0.103410 ape=0.5622
[17:58:30] warmStart (decay=exponential) 77% (896/1149) regret=0.103410 ape=0.5622
[17:58:30] warmStart (decay=exponential) 78% (897/1149) regret=0.103410 ape=0.5622
[17:58:31] warmStart (decay=exponential) 78% (898/1149) regret=0.103410 ape=0.5622
[17:58:31] warmStart (decay=exponential) 78% (899/1149) regret=0.103410 ape=0.5622
[17:58:31] warmStart (decay=exponential) 78% (900/1149) regret=0.103410 ape=0.5622
[17:58:31] warmStart (decay=exponential) 78% (901/1149) regret=0.103410 ape=0.5622
[17:58:31] warmStart (decay=exponential) 78% (902/1149) regret=0.103410 ape=0.5622
[17:58:31] warmStart (decay=exponential) 78% (903/1149) regret=0.103410 ape=0.5622
[17:58:32] warmStart (decay=exponential) 78% (904/1149) regret=0.103410 ape=0.5622
[17:58:32] warmStart (decay=exponential) 78% (905/1149) regret=0.103410 ape=0.5622
[17:58:32] warmStart (decay=exponential) 78% (906/1149) regret=0.103410 ape=0.5622
[17:58:32] warmStart (decay=exponential) 78% (907/1149) regret=0.103410 ape=0.5622
[17:58:32] warmStart (decay=exponential) 79% (908/1149) regret=0.103410 ape=0.5622
[17:58:33] warmStart (decay=exponential) 79% (909/1149) regret=0.103410 ape=0.5622
[17:58:33] warmStart (decay=exponential) 79% (910/1149) regret=0.103410 ape=0.5622
[17:58:33] warmStart (decay=exponential) 79% (911/1149) regret=0.103410 ape=0.5622
[17:58:33] warmStart (decay=exponential) 79% (912/1149) regret=0.103410 ape=0.5622
[17:58:33] warmStart (decay=exponential) 79% (913/1149) regret=0.103410 ape=0.5622
[17:58:34] warmStart (decay=exponential) 79% (914/1149) regret=0.103410 ape=0.5622
[17:58:34] warmStart (decay=exponential) 79% (915/1149) regret=0.103410 ape=0.5622
[17:58:34] warmStart (decay=exponential) 79% (916/1149) regret=0.103410 ape=0.5622
[17:58:34] warmStart (decay=exponential) 79% (917/1149) regret=0.103410 ape=0.5622
[17:58:34] warmStart (decay=exponential) 79% (918/1149) regret=0.103410 ape=0.5622
[17:58:34] warmStart (decay=exponential) 79% (919/1149) regret=0.103410 ape=0.5622
[17:58:35] warmStart (decay=exponential) 80% (920/1149) regret=0.103410 ape=0.5622
[17:58:35] warmStart (decay=exponential) 80% (921/1149) regret=0.103410 ape=0.5622
[17:58:35] warmStart (decay=exponential) 80% (922/1149) regret=0.103410 ape=0.5622
[17:58:35] warmStart (decay=exponential) 80% (923/1149) regret=0.103410 ape=0.5622
[17:58:35] warmStart (decay=exponential) 80% (924/1149) regret=0.103410 ape=0.5622
[17:58:36] warmStart (decay=exponential) 80% (925/1149) regret=0.103410 ape=0.5622
[17:58:36] warmStart (decay=exponential) 80% (926/1149) regret=0.103410 ape=0.5622
[17:58:36] warmStart (decay=exponential) 80% (927/1149) regret=0.103410 ape=0.5622
[17:58:36] warmStart (decay=exponential) 80% (928/1149) regret=0.103410 ape=0.5622
[17:58:36] warmStart (decay=exponential) 80% (929/1149) regret=0.103410 ape=0.5622
[17:58:37] warmStart (decay=exponential) 80% (930/1149) regret=0.103410 ape=0.5622
[17:58:37] warmStart (decay=exponential) 81% (931/1149) regret=0.103410 ape=0.5622
[17:58:37] warmStart (decay=exponential) 81% (932/1149) regret=0.103410 ape=0.5622
[17:58:37] warmStart (decay=exponential) 81% (933/1149) regret=0.103410 ape=0.5622
[17:58:37] warmStart (decay=exponential) 81% (934/1149) regret=0.103410 ape=0.5622
[17:58:38] warmStart (decay=exponential) 81% (935/1149) regret=0.103410 ape=0.5622
[17:58:38] warmStart (decay=exponential) 81% (936/1149) regret=0.103410 ape=0.5622
[17:58:38] warmStart (decay=exponential) 81% (937/1149) regret=0.103410 ape=0.5622
[17:58:38] warmStart (decay=exponential) 81% (938/1149) regret=0.103410 ape=0.5622
[17:58:38] warmStart (decay=exponential) 81% (939/1149) regret=0.103410 ape=0.5622
[17:58:39] warmStart (decay=exponential) 81% (940/1149) regret=0.103410 ape=0.5622
[17:58:39] warmStart (decay=exponential) 81% (941/1149) regret=0.103410 ape=0.5622
[17:58:39] warmStart (decay=exponential) 81% (942/1149) regret=0.103410 ape=0.5622
[17:58:39] warmStart (decay=exponential) 82% (943/1149) regret=0.103410 ape=0.5622
[17:58:39] warmStart (decay=exponential) 82% (944/1149) regret=0.103410 ape=0.5622
[17:58:39] warmStart (decay=exponential) 82% (945/1149) regret=0.103410 ape=0.5622
[17:58:40] warmStart (decay=exponential) 82% (946/1149) regret=0.103410 ape=0.5622
[17:58:40] warmStart (decay=exponential) 82% (947/1149) regret=0.103410 ape=0.5622
[17:58:40] warmStart (decay=exponential) 82% (948/1149) regret=0.103410 ape=0.5622
[17:58:40] warmStart (decay=exponential) 82% (949/1149) regret=0.103410 ape=0.5622
[17:58:40] warmStart (decay=exponential) 82% (950/1149) regret=0.103410 ape=0.5622
[17:58:41] warmStart (decay=exponential) 82% (951/1149) regret=0.103410 ape=0.5622
[17:58:41] warmStart (decay=exponential) 82% (952/1149) regret=0.103410 ape=0.5622
[17:58:41] warmStart (decay=exponential) 82% (953/1149) regret=0.103410 ape=0.5622
[17:58:41] warmStart (decay=exponential) 83% (954/1149) regret=0.103410 ape=0.5622
[17:58:41] warmStart (decay=exponential) 83% (955/1149) regret=0.103410 ape=0.5622
[17:58:42] warmStart (decay=exponential) 83% (956/1149) regret=0.103410 ape=0.5622
[17:58:42] warmStart (decay=exponential) 83% (957/1149) regret=0.103410 ape=0.5622
[17:58:42] warmStart (decay=exponential) 83% (958/1149) regret=0.103410 ape=0.5622
[17:58:42] warmStart (decay=exponential) 83% (959/1149) regret=0.103410 ape=0.5622
[17:58:42] warmStart (decay=exponential) 83% (960/1149) regret=0.103410 ape=0.5622
[17:58:43] warmStart (decay=exponential) 83% (961/1149) regret=0.103410 ape=0.5622
[17:58:43] warmStart (decay=exponential) 83% (962/1149) regret=0.103410 ape=0.5622
[17:58:43] warmStart (decay=exponential) 83% (963/1149) regret=0.103410 ape=0.5622
[17:58:43] warmStart (decay=exponential) 83% (964/1149) regret=0.103410 ape=0.5622
[17:58:43] warmStart (decay=exponential) 83% (965/1149) regret=0.103410 ape=0.5622
[17:58:44] warmStart (decay=exponential) 84% (966/1149) regret=0.103410 ape=0.5622
[17:58:44] warmStart (decay=exponential) 84% (967/1149) regret=0.103410 ape=0.5622
[17:58:44] warmStart (decay=exponential) 84% (968/1149) regret=0.103410 ape=0.5622
[17:58:44] warmStart (decay=exponential) 84% (969/1149) regret=0.103410 ape=0.5622
[17:58:44] warmStart (decay=exponential) 84% (970/1149) regret=0.103410 ape=0.5622
[17:58:45] warmStart (decay=exponential) 84% (971/1149) regret=0.103410 ape=0.5622
[17:58:45] warmStart (decay=exponential) 84% (972/1149) regret=0.103410 ape=0.5622
[17:58:45] warmStart (decay=exponential) 84% (973/1149) regret=0.103410 ape=0.5622
[17:58:45] warmStart (decay=exponential) 84% (974/1149) regret=0.103410 ape=0.5622
[17:58:45] warmStart (decay=exponential) 84% (975/1149) regret=0.103410 ape=0.5622
[17:58:46] warmStart (decay=exponential) 84% (976/1149) regret=0.103410 ape=0.5622
[17:58:46] warmStart (decay=exponential) 85% (977/1149) regret=0.103410 ape=0.5622
[17:58:46] warmStart (decay=exponential) 85% (978/1149) regret=0.103410 ape=0.5622
[17:58:46] warmStart (decay=exponential) 85% (979/1149) regret=0.103410 ape=0.5622
[17:58:46] warmStart (decay=exponential) 85% (980/1149) regret=0.103410 ape=0.5622
[17:58:47] warmStart (decay=exponential) 85% (981/1149) regret=0.103410 ape=0.5622
[17:58:47] warmStart (decay=exponential) 85% (982/1149) regret=0.103410 ape=0.5622
[17:58:47] warmStart (decay=exponential) 85% (983/1149) regret=0.103410 ape=0.5622
[17:58:47] warmStart (decay=exponential) 85% (984/1149) regret=0.103410 ape=0.5622
[17:58:47] warmStart (decay=exponential) 85% (985/1149) regret=0.103410 ape=0.5622
[17:58:48] warmStart (decay=exponential) 85% (986/1149) regret=0.103410 ape=0.5622
[17:58:48] warmStart (decay=exponential) 85% (987/1149) regret=0.103410 ape=0.5622
[17:58:48] warmStart (decay=exponential) 85% (988/1149) regret=0.103410 ape=0.5622
[17:58:48] warmStart (decay=exponential) 86% (989/1149) regret=0.103410 ape=0.5622
[17:58:48] warmStart (decay=exponential) 86% (990/1149) regret=0.103410 ape=0.5622
[17:58:49] warmStart (decay=exponential) 86% (991/1149) regret=0.103410 ape=0.5622
[17:58:49] warmStart (decay=exponential) 86% (992/1149) regret=0.103410 ape=0.5622
[17:58:49] warmStart (decay=exponential) 86% (993/1149) regret=0.103410 ape=0.5622
[17:58:49] warmStart (decay=exponential) 86% (994/1149) regret=0.103410 ape=0.5622
[17:58:49] warmStart (decay=exponential) 86% (995/1149) regret=0.103410 ape=0.5622
[17:58:49] warmStart (decay=exponential) 86% (996/1149) regret=0.103410 ape=0.5622
[17:58:50] warmStart (decay=exponential) 86% (997/1149) regret=0.103410 ape=0.5622
[17:58:50] warmStart (decay=exponential) 86% (998/1149) regret=0.103410 ape=0.5622
[17:58:50] warmStart (decay=exponential) 86% (999/1149) regret=0.103410 ape=0.5622
[17:58:50] warmStart (decay=exponential) 87% (1000/1149) regret=0.103410 ape=0.5622
[17:58:50] warmStart (decay=exponential) 87% (1001/1149) regret=0.103410 ape=0.5622
[17:58:51] warmStart (decay=exponential) 87% (1002/1149) regret=0.103410 ape=0.5622
[17:58:51] warmStart (decay=exponential) 87% (1003/1149) regret=0.103410 ape=0.5622
[17:58:51] warmStart (decay=exponential) 87% (1004/1149) regret=0.103410 ape=0.5622
[17:58:51] warmStart (decay=exponential) 87% (1005/1149) regret=0.103410 ape=0.5622
[17:58:51] warmStart (decay=exponential) 87% (1006/1149) regret=0.103410 ape=0.5622
[17:58:52] warmStart (decay=exponential) 87% (1007/1149) regret=0.103410 ape=0.5622
[17:58:52] warmStart (decay=exponential) 87% (1008/1149) regret=0.103410 ape=0.5622
[17:58:52] warmStart (decay=exponential) 87% (1009/1149) regret=0.103410 ape=0.5622
[17:58:52] warmStart (decay=exponential) 87% (1010/1149) regret=0.103410 ape=0.5622
[17:58:52] warmStart (decay=exponential) 87% (1011/1149) regret=0.103410 ape=0.5622
[17:58:53] warmStart (decay=exponential) 88% (1012/1149) regret=0.103410 ape=0.5622
[17:58:53] warmStart (decay=exponential) 88% (1013/1149) regret=0.103410 ape=0.5622
[17:58:53] warmStart (decay=exponential) 88% (1014/1149) regret=0.103410 ape=0.5622
[17:58:53] warmStart (decay=exponential) 88% (1015/1149) regret=0.103410 ape=0.5622
[17:58:53] warmStart (decay=exponential) 88% (1016/1149) regret=0.103410 ape=0.5622
[17:58:54] warmStart (decay=exponential) 88% (1017/1149) regret=0.103410 ape=0.5622
[17:58:54] warmStart (decay=exponential) 88% (1018/1149) regret=0.103410 ape=0.5622
[17:58:54] warmStart (decay=exponential) 88% (1019/1149) regret=0.103410 ape=0.5622
[17:58:54] warmStart (decay=exponential) 88% (1020/1149) regret=0.103410 ape=0.5622
[17:58:54] warmStart (decay=exponential) 88% (1021/1149) regret=0.103410 ape=0.5622
[17:58:55] warmStart (decay=exponential) 88% (1022/1149) regret=0.103410 ape=0.5622
[17:58:55] warmStart (decay=exponential) 89% (1023/1149) regret=0.103410 ape=0.5622
[17:58:55] warmStart (decay=exponential) 89% (1024/1149) regret=0.103410 ape=0.5622
[17:58:55] warmStart (decay=exponential) 89% (1025/1149) regret=0.103410 ape=0.5622
[17:58:55] warmStart (decay=exponential) 89% (1026/1149) regret=0.103410 ape=0.5622
[17:58:56] warmStart (decay=exponential) 89% (1027/1149) regret=0.103410 ape=0.5622
[17:58:56] warmStart (decay=exponential) 89% (1028/1149) regret=0.103410 ape=0.5622
[17:58:56] warmStart (decay=exponential) 89% (1029/1149) regret=0.103410 ape=0.5622
[17:58:56] warmStart (decay=exponential) 89% (1030/1149) regret=0.103410 ape=0.5622
[17:58:56] warmStart (decay=exponential) 89% (1031/1149) regret=0.103410 ape=0.5622
[17:58:57] warmStart (decay=exponential) 89% (1032/1149) regret=0.103410 ape=0.5622
[17:58:57] warmStart (decay=exponential) 89% (1033/1149) regret=0.103410 ape=0.5622
[17:58:57] warmStart (decay=exponential) 89% (1034/1149) regret=0.103410 ape=0.5622
[17:58:57] warmStart (decay=exponential) 90% (1035/1149) regret=0.103410 ape=0.5622
[17:58:57] warmStart (decay=exponential) 90% (1036/1149) regret=0.103410 ape=0.5622
[17:58:58] warmStart (decay=exponential) 90% (1037/1149) regret=0.103410 ape=0.5622
[17:58:58] warmStart (decay=exponential) 90% (1038/1149) regret=0.103410 ape=0.5622
[17:58:58] warmStart (decay=exponential) 90% (1039/1149) regret=0.103410 ape=0.5622
[17:58:58] warmStart (decay=exponential) 90% (1040/1149) regret=0.103410 ape=0.5622
[17:58:58] warmStart (decay=exponential) 90% (1041/1149) regret=0.103410 ape=0.5622
[17:58:59] warmStart (decay=exponential) 90% (1042/1149) regret=0.103410 ape=0.5622
[17:58:59] warmStart (decay=exponential) 90% (1043/1149) regret=0.103410 ape=0.5622
[17:58:59] warmStart (decay=exponential) 90% (1044/1149) regret=0.103410 ape=0.5622
[17:58:59] warmStart (decay=exponential) 90% (1045/1149) regret=0.103410 ape=0.5622
[17:58:59] warmStart (decay=exponential) 91% (1046/1149) regret=0.103410 ape=0.5622
[17:58:59] warmStart (decay=exponential) 91% (1047/1149) regret=0.103410 ape=0.5622
[17:59:00] warmStart (decay=exponential) 91% (1048/1149) regret=0.103410 ape=0.5622
[17:59:00] warmStart (decay=exponential) 91% (1049/1149) regret=0.103410 ape=0.5622
[17:59:00] warmStart (decay=exponential) 91% (1050/1149) regret=0.103410 ape=0.5622
[17:59:00] warmStart (decay=exponential) 91% (1051/1149) regret=0.103410 ape=0.5622
[17:59:00] warmStart (decay=exponential) 91% (1052/1149) regret=0.103410 ape=0.5622
[17:59:01] warmStart (decay=exponential) 91% (1053/1149) regret=0.103410 ape=0.5622
[17:59:01] warmStart (decay=exponential) 91% (1054/1149) regret=0.103410 ape=0.5622
[17:59:01] warmStart (decay=exponential) 91% (1055/1149) regret=0.103410 ape=0.5622
[17:59:01] warmStart (decay=exponential) 91% (1056/1149) regret=0.103410 ape=0.5622
[17:59:01] warmStart (decay=exponential) 91% (1057/1149) regret=0.103410 ape=0.5622
[17:59:01] warmStart (decay=exponential) 92% (1058/1149) regret=0.103410 ape=0.5622
[17:59:02] warmStart (decay=exponential) 92% (1059/1149) regret=0.103410 ape=0.5622
[17:59:02] warmStart (decay=exponential) 92% (1060/1149) regret=0.103410 ape=0.5622
[17:59:02] warmStart (decay=exponential) 92% (1061/1149) regret=0.103410 ape=0.5622
[17:59:02] warmStart (decay=exponential) 92% (1062/1149) regret=0.103410 ape=0.5622
[17:59:02] warmStart (decay=exponential) 92% (1063/1149) regret=0.103410 ape=0.5622
[17:59:03] warmStart (decay=exponential) 92% (1064/1149) regret=0.103410 ape=0.5622
[17:59:03] warmStart (decay=exponential) 92% (1065/1149) regret=0.103410 ape=0.5622
[17:59:03] warmStart (decay=exponential) 92% (1066/1149) regret=0.103410 ape=0.5622
[17:59:03] warmStart (decay=exponential) 92% (1067/1149) regret=0.103410 ape=0.5622
[17:59:03] warmStart (decay=exponential) 92% (1068/1149) regret=0.103410 ape=0.5622
[17:59:03] warmStart (decay=exponential) 93% (1069/1149) regret=0.103410 ape=0.5622
[17:59:04] warmStart (decay=exponential) 93% (1070/1149) regret=0.103410 ape=0.5622
[17:59:04] warmStart (decay=exponential) 93% (1071/1149) regret=0.103410 ape=0.5622
[17:59:04] warmStart (decay=exponential) 93% (1072/1149) regret=0.103410 ape=0.5622
[17:59:04] warmStart (decay=exponential) 93% (1073/1149) regret=0.103410 ape=0.5622
[17:59:04] warmStart (decay=exponential) 93% (1074/1149) regret=0.103410 ape=0.5622
[17:59:05] warmStart (decay=exponential) 93% (1075/1149) regret=0.103410 ape=0.5622
[17:59:05] warmStart (decay=exponential) 93% (1076/1149) regret=0.103410 ape=0.5622
[17:59:05] warmStart (decay=exponential) 93% (1077/1149) regret=0.103410 ape=0.5622
[17:59:05] warmStart (decay=exponential) 93% (1078/1149) regret=0.103410 ape=0.5622
[17:59:05] warmStart (decay=exponential) 93% (1079/1149) regret=0.103410 ape=0.5622
[17:59:06] warmStart (decay=exponential) 93% (1080/1149) regret=0.103410 ape=0.5622
[17:59:06] warmStart (decay=exponential) 94% (1081/1149) regret=0.103410 ape=0.5622
[17:59:06] warmStart (decay=exponential) 94% (1082/1149) regret=0.103410 ape=0.5622
[17:59:06] warmStart (decay=exponential) 94% (1083/1149) regret=0.103410 ape=0.5622
[17:59:06] warmStart (decay=exponential) 94% (1084/1149) regret=0.103410 ape=0.5622
[17:59:06] warmStart (decay=exponential) 94% (1085/1149) regret=0.103410 ape=0.5622
[17:59:07] warmStart (decay=exponential) 94% (1086/1149) regret=0.103410 ape=0.5622
[17:59:07] warmStart (decay=exponential) 94% (1087/1149) regret=0.103410 ape=0.5622
[17:59:07] warmStart (decay=exponential) 94% (1088/1149) regret=0.103410 ape=0.5622
[17:59:07] warmStart (decay=exponential) 94% (1089/1149) regret=0.103410 ape=0.5622
[17:59:07] warmStart (decay=exponential) 94% (1090/1149) regret=0.103410 ape=0.5622
[17:59:08] warmStart (decay=exponential) 94% (1091/1149) regret=0.103410 ape=0.5622
[17:59:08] warmStart (decay=exponential) 95% (1092/1149) regret=0.103410 ape=0.5622
[17:59:08] warmStart (decay=exponential) 95% (1093/1149) regret=0.103410 ape=0.5622
[17:59:08] warmStart (decay=exponential) 95% (1094/1149) regret=0.103410 ape=0.5622
[17:59:08] warmStart (decay=exponential) 95% (1095/1149) regret=0.103410 ape=0.5622
[17:59:08] warmStart (decay=exponential) 95% (1096/1149) regret=0.103410 ape=0.5622
[17:59:09] warmStart (decay=exponential) 95% (1097/1149) regret=0.103410 ape=0.5622
[17:59:09] warmStart (decay=exponential) 95% (1098/1149) regret=0.103410 ape=0.5622
[17:59:09] warmStart (decay=exponential) 95% (1099/1149) regret=0.103410 ape=0.5622
[17:59:09] warmStart (decay=exponential) 95% (1100/1149) regret=0.103410 ape=0.5622
[17:59:09] warmStart (decay=exponential) 95% (1101/1149) regret=0.103410 ape=0.5622
[17:59:10] warmStart (decay=exponential) 95% (1102/1149) regret=0.103410 ape=0.5622
[17:59:10] warmStart (decay=exponential) 95% (1103/1149) regret=0.103410 ape=0.5622
[17:59:10] warmStart (decay=exponential) 96% (1104/1149) regret=0.103410 ape=0.5622
[17:59:10] warmStart (decay=exponential) 96% (1105/1149) regret=0.103410 ape=0.5622
[17:59:10] warmStart (decay=exponential) 96% (1106/1149) regret=0.103410 ape=0.5622
[17:59:10] warmStart (decay=exponential) 96% (1107/1149) regret=0.103410 ape=0.5622
[17:59:11] warmStart (decay=exponential) 96% (1108/1149) regret=0.103410 ape=0.5622
[17:59:11] warmStart (decay=exponential) 96% (1109/1149) regret=0.103410 ape=0.5622
[17:59:11] warmStart (decay=exponential) 96% (1110/1149) regret=0.103410 ape=0.5622
[17:59:11] warmStart (decay=exponential) 96% (1111/1149) regret=0.103410 ape=0.5622
[17:59:11] warmStart (decay=exponential) 96% (1112/1149) regret=0.103410 ape=0.5622
[17:59:12] warmStart (decay=exponential) 96% (1113/1149) regret=0.103410 ape=0.5622
[17:59:12] warmStart (decay=exponential) 96% (1114/1149) regret=0.103410 ape=0.5622
[17:59:12] warmStart (decay=exponential) 97% (1115/1149) regret=0.103410 ape=0.5622
[17:59:12] warmStart (decay=exponential) 97% (1116/1149) regret=0.103410 ape=0.5622
[17:59:12] warmStart (decay=exponential) 97% (1117/1149) regret=0.103410 ape=0.5622
[17:59:13] warmStart (decay=exponential) 97% (1118/1149) regret=0.103410 ape=0.5622
[17:59:13] warmStart (decay=exponential) 97% (1119/1149) regret=0.103410 ape=0.5622
[17:59:13] warmStart (decay=exponential) 97% (1120/1149) regret=0.103410 ape=0.5622
[17:59:13] warmStart (decay=exponential) 97% (1121/1149) regret=0.103410 ape=0.5622
[17:59:13] warmStart (decay=exponential) 97% (1122/1149) regret=0.103410 ape=0.5622
[17:59:13] warmStart (decay=exponential) 97% (1123/1149) regret=0.103410 ape=0.5622
[17:59:14] warmStart (decay=exponential) 97% (1124/1149) regret=0.103410 ape=0.5622
[17:59:14] warmStart (decay=exponential) 97% (1125/1149) regret=0.103410 ape=0.5622
[17:59:14] warmStart (decay=exponential) 97% (1126/1149) regret=0.103410 ape=0.5622
[17:59:14] warmStart (decay=exponential) 98% (1127/1149) regret=0.103410 ape=0.5622
[17:59:14] warmStart (decay=exponential) 98% (1128/1149) regret=0.103410 ape=0.5622
[17:59:15] warmStart (decay=exponential) 98% (1129/1149) regret=0.103410 ape=0.5622
[17:59:15] warmStart (decay=exponential) 98% (1130/1149) regret=0.103410 ape=0.5622
[17:59:15] warmStart (decay=exponential) 98% (1131/1149) regret=0.103410 ape=0.5622
[17:59:15] warmStart (decay=exponential) 98% (1132/1149) regret=0.103410 ape=0.5622
[17:59:15] warmStart (decay=exponential) 98% (1133/1149) regret=0.103410 ape=0.5622
[17:59:15] warmStart (decay=exponential) 98% (1134/1149) regret=0.103410 ape=0.5622
[17:59:16] warmStart (decay=exponential) 98% (1135/1149) regret=0.103410 ape=0.5622
[17:59:16] warmStart (decay=exponential) 98% (1136/1149) regret=0.103410 ape=0.5622
[17:59:16] warmStart (decay=exponential) 98% (1137/1149) regret=0.103410 ape=0.5622
[17:59:16] warmStart (decay=exponential) 99% (1138/1149) regret=0.103410 ape=0.5622
[17:59:16] warmStart (decay=exponential) 99% (1139/1149) regret=0.103410 ape=0.5622
[17:59:17] warmStart (decay=exponential) 99% (1140/1149) regret=0.103410 ape=0.5622
[17:59:17] warmStart (decay=exponential) 99% (1141/1149) regret=0.103410 ape=0.5622
[17:59:17] warmStart (decay=exponential) 99% (1142/1149) regret=0.103410 ape=0.5622
[17:59:17] warmStart (decay=exponential) 99% (1143/1149) regret=0.103410 ape=0.5622
[17:59:17] warmStart (decay=exponential) 99% (1144/1149) regret=0.103410 ape=0.5622
[17:59:18] warmStart (decay=exponential) 99% (1145/1149) regret=0.103410 ape=0.5622
[17:59:18] warmStart (decay=exponential) 99% (1146/1149) regret=0.103410 ape=0.5622
[17:59:18] warmStart (decay=exponential) 99% (1147/1149) regret=0.103410 ape=0.5622
[17:59:18] warmStart (decay=exponential) 99% (1148/1149) regret=0.103410 ape=0.5622
Warm w=200 finished: 1148 points, 206.82s wall time
  Final: regret=0.103410, ape=0.5622

Saved: /home/users/g/s/gsavary/LudiiMCTSVariations/slurm_sweep_full_dataset/output_decay/warm_200_decay_exponential_0_90/seed_1/sweep_decay_warm_200_exponential_0.9_1_20260426_175918.json

Generating plots...
Saved: /home/users/g/s/gsavary/LudiiMCTSVariations/slurm_sweep_full_dataset/output_decay/warm_200_decay_exponential_0_90/seed_1/sweep_decay_warm_200_exponential_0.9_1_20260426_175918_regret.png
Saved: /home/users/g/s/gsavary/LudiiMCTSVariations/slurm_sweep_full_dataset/output_decay/warm_200_decay_exponential_0_90/seed_1/sweep_decay_warm_200_exponential_0.9_1_20260426_175918_ape.png

================================================================================
Experiment complete!
================================================================================
Done. Results in: /home/users/g/s/gsavary/LudiiMCTSVariations/slurm_sweep_full_dataset/output_decay/warm_200_decay_exponential_0_90/seed_1
