============================================================
Decay sweep experiment
Method:      warm:200
Decay mode:  exponential
Decay param: 0.15
Seed:        0
Output:      /home/users/g/s/gsavary/LudiiMCTSVariations/slurm_sweep_full_dataset/output_decay/warm_200_decay_exponential_0_15/seed_0
============================================================

================================================================================
SLURM Sweep Experiment with Synthetic Data Decay
================================================================================
Method: warm:200
Decay: exponential (param=0.15)
Time limit: 3600.0s, Seed: 0, Batch size: 20
Output directory: /home/users/g/s/gsavary/LudiiMCTSVariations/slurm_sweep_full_dataset/output_decay/warm_200_decay_exponential_0_15/seed_0

Loading Ludii dataset...
Loaded 1085 games
Using 1085 games (full dataset)

Running timing probe (100 pulls)...
  Estimated secs/pull: 0.021929

Time budget: 3600.0s → ~164162 total pulls
Per-method budget: 23451 pulls (~514.3s)

Computing predictor-only performance...
  Predictions loaded: 23675 agent predictions
  Predictor-only: regret=0.104318, ape=0.4894

Running WARM-START (w=200, decay=exponential param=0.15)...
[17:51:54] warmStart (decay=exponential) 0% (1/1173) regret=0.103143 ape=0.5594
[17:51:54] warmStart (decay=exponential) 0% (2/1173) regret=0.103143 ape=0.5594
[17:51:54] warmStart (decay=exponential) 0% (3/1173) regret=0.103143 ape=0.5594
[17:51:54] warmStart (decay=exponential) 0% (4/1173) regret=0.103143 ape=0.5594
[17:51:55] warmStart (decay=exponential) 0% (5/1173) regret=0.103143 ape=0.5594
[17:51:55] warmStart (decay=exponential) 0% (6/1173) regret=0.103143 ape=0.5594
[17:51:55] warmStart (decay=exponential) 0% (7/1173) regret=0.103143 ape=0.5594
[17:51:55] warmStart (decay=exponential) 0% (8/1173) regret=0.103143 ape=0.5594
[17:51:55] warmStart (decay=exponential) 0% (9/1173) regret=0.103143 ape=0.5594
[17:51:55] warmStart (decay=exponential) 0% (10/1173) regret=0.103143 ape=0.5594
[17:51:56] warmStart (decay=exponential) 0% (11/1173) regret=0.103143 ape=0.5594
[17:51:56] warmStart (decay=exponential) 1% (12/1173) regret=0.103143 ape=0.5594
[17:51:56] warmStart (decay=exponential) 1% (13/1173) regret=0.103143 ape=0.5594
[17:51:56] warmStart (decay=exponential) 1% (14/1173) regret=0.103143 ape=0.5594
[17:51:56] warmStart (decay=exponential) 1% (15/1173) regret=0.103143 ape=0.5594
[17:51:56] warmStart (decay=exponential) 1% (16/1173) regret=0.103143 ape=0.5594
[17:51:57] warmStart (decay=exponential) 1% (17/1173) regret=0.103143 ape=0.5594
[17:51:57] warmStart (decay=exponential) 1% (18/1173) regret=0.103143 ape=0.5594
[17:51:57] warmStart (decay=exponential) 1% (19/1173) regret=0.103143 ape=0.5594
[17:51:57] warmStart (decay=exponential) 1% (20/1173) regret=0.103009 ape=0.5585
[17:51:57] warmStart (decay=exponential) 1% (21/1173) regret=0.103009 ape=0.5585
[17:51:57] warmStart (decay=exponential) 1% (22/1173) regret=0.103009 ape=0.5585
[17:51:58] warmStart (decay=exponential) 1% (23/1173) regret=0.103009 ape=0.5585
[17:51:58] warmStart (decay=exponential) 2% (24/1173) regret=0.103009 ape=0.5585
[17:51:58] warmStart (decay=exponential) 2% (25/1173) regret=0.103009 ape=0.5585
[17:51:58] warmStart (decay=exponential) 2% (26/1173) regret=0.103009 ape=0.5585
[17:51:58] warmStart (decay=exponential) 2% (27/1173) regret=0.103009 ape=0.5585
[17:51:58] warmStart (decay=exponential) 2% (28/1173) regret=0.103009 ape=0.5585
[17:51:58] warmStart (decay=exponential) 2% (29/1173) regret=0.103009 ape=0.5585
[17:51:59] warmStart (decay=exponential) 2% (30/1173) regret=0.103014 ape=0.5594
[17:51:59] warmStart (decay=exponential) 2% (31/1173) regret=0.103014 ape=0.5594
[17:51:59] warmStart (decay=exponential) 2% (32/1173) regret=0.103014 ape=0.5594
[17:51:59] warmStart (decay=exponential) 2% (33/1173) regret=0.103014 ape=0.5594
[17:51:59] warmStart (decay=exponential) 2% (34/1173) regret=0.103014 ape=0.5594
[17:52:00] warmStart (decay=exponential) 2% (35/1173) regret=0.103014 ape=0.5594
[17:52:00] warmStart (decay=exponential) 3% (36/1173) regret=0.103014 ape=0.5594
[17:52:00] warmStart (decay=exponential) 3% (37/1173) regret=0.103014 ape=0.5594
[17:52:00] warmStart (decay=exponential) 3% (38/1173) regret=0.103106 ape=0.5594
[17:52:00] warmStart (decay=exponential) 3% (39/1173) regret=0.103106 ape=0.5594
[17:52:01] warmStart (decay=exponential) 3% (40/1173) regret=0.103106 ape=0.5594
[17:52:01] warmStart (decay=exponential) 3% (41/1173) regret=0.103106 ape=0.5594
[17:52:01] warmStart (decay=exponential) 3% (42/1173) regret=0.103106 ape=0.5594
[17:52:01] warmStart (decay=exponential) 3% (43/1173) regret=0.103106 ape=0.5594
[17:52:01] warmStart (decay=exponential) 3% (44/1173) regret=0.103106 ape=0.5594
[17:52:02] warmStart (decay=exponential) 3% (45/1173) regret=0.103106 ape=0.5594
[17:52:02] warmStart (decay=exponential) 3% (46/1173) regret=0.103106 ape=0.5594
[17:52:02] warmStart (decay=exponential) 4% (47/1173) regret=0.103106 ape=0.5594
[17:52:02] warmStart (decay=exponential) 4% (48/1173) regret=0.103106 ape=0.5594
[17:52:02] warmStart (decay=exponential) 4% (49/1173) regret=0.103106 ape=0.5594
[17:52:02] warmStart (decay=exponential) 4% (50/1173) regret=0.103009 ape=0.5585
[17:52:03] warmStart (decay=exponential) 4% (51/1173) regret=0.103009 ape=0.5585
[17:52:03] warmStart (decay=exponential) 4% (52/1173) regret=0.103014 ape=0.5594
[17:52:03] warmStart (decay=exponential) 4% (53/1173) regret=0.103009 ape=0.5585
[17:52:03] warmStart (decay=exponential) 4% (54/1173) regret=0.103014 ape=0.5594
[17:52:03] warmStart (decay=exponential) 4% (55/1173) regret=0.103014 ape=0.5594
[17:52:04] warmStart (decay=exponential) 4% (56/1173) regret=0.103014 ape=0.5594
[17:52:04] warmStart (decay=exponential) 4% (57/1173) regret=0.103014 ape=0.5594
[17:52:04] warmStart (decay=exponential) 4% (58/1173) regret=0.103014 ape=0.5594
[17:52:04] warmStart (decay=exponential) 5% (59/1173) regret=0.103014 ape=0.5594
[17:52:04] warmStart (decay=exponential) 5% (60/1173) regret=0.103014 ape=0.5594
[17:52:05] warmStart (decay=exponential) 5% (61/1173) regret=0.103014 ape=0.5594
[17:52:05] warmStart (decay=exponential) 5% (62/1173) regret=0.103014 ape=0.5594
[17:52:05] warmStart (decay=exponential) 5% (63/1173) regret=0.103014 ape=0.5594
[17:52:05] warmStart (decay=exponential) 5% (64/1173) regret=0.103014 ape=0.5594
[17:52:05] warmStart (decay=exponential) 5% (65/1173) regret=0.103014 ape=0.5594
[17:52:06] warmStart (decay=exponential) 5% (66/1173) regret=0.103014 ape=0.5594
[17:52:06] warmStart (decay=exponential) 5% (67/1173) regret=0.103014 ape=0.5594
[17:52:06] warmStart (decay=exponential) 5% (68/1173) regret=0.103009 ape=0.5585
[17:52:06] warmStart (decay=exponential) 5% (69/1173) regret=0.103014 ape=0.5594
[17:52:06] warmStart (decay=exponential) 5% (70/1173) regret=0.103014 ape=0.5594
[17:52:07] warmStart (decay=exponential) 6% (71/1173) regret=0.103014 ape=0.5594
[17:52:07] warmStart (decay=exponential) 6% (72/1173) regret=0.103014 ape=0.5594
[17:52:07] warmStart (decay=exponential) 6% (73/1173) regret=0.103014 ape=0.5594
[17:52:07] warmStart (decay=exponential) 6% (74/1173) regret=0.103014 ape=0.5594
[17:52:07] warmStart (decay=exponential) 6% (75/1173) regret=0.103014 ape=0.5594
[17:52:07] warmStart (decay=exponential) 6% (76/1173) regret=0.103014 ape=0.5594
[17:52:08] warmStart (decay=exponential) 6% (77/1173) regret=0.103014 ape=0.5594
[17:52:08] warmStart (decay=exponential) 6% (78/1173) regret=0.103014 ape=0.5594
[17:52:08] warmStart (decay=exponential) 6% (79/1173) regret=0.103014 ape=0.5594
[17:52:08] warmStart (decay=exponential) 6% (80/1173) regret=0.103014 ape=0.5594
[17:52:08] warmStart (decay=exponential) 6% (81/1173) regret=0.103014 ape=0.5594
[17:52:08] warmStart (decay=exponential) 6% (82/1173) regret=0.103014 ape=0.5594
[17:52:09] warmStart (decay=exponential) 7% (83/1173) regret=0.103014 ape=0.5594
[17:52:09] warmStart (decay=exponential) 7% (84/1173) regret=0.103014 ape=0.5594
[17:52:09] warmStart (decay=exponential) 7% (85/1173) regret=0.103014 ape=0.5594
[17:52:09] warmStart (decay=exponential) 7% (86/1173) regret=0.103014 ape=0.5594
[17:52:09] warmStart (decay=exponential) 7% (87/1173) regret=0.103014 ape=0.5594
[17:52:09] warmStart (decay=exponential) 7% (88/1173) regret=0.103014 ape=0.5594
[17:52:10] warmStart (decay=exponential) 7% (89/1173) regret=0.103014 ape=0.5594
[17:52:10] warmStart (decay=exponential) 7% (90/1173) regret=0.103014 ape=0.5594
[17:52:10] warmStart (decay=exponential) 7% (91/1173) regret=0.103014 ape=0.5594
[17:52:10] warmStart (decay=exponential) 7% (92/1173) regret=0.103014 ape=0.5594
[17:52:10] warmStart (decay=exponential) 7% (93/1173) regret=0.103014 ape=0.5594
[17:52:10] warmStart (decay=exponential) 8% (94/1173) regret=0.103014 ape=0.5594
[17:52:11] warmStart (decay=exponential) 8% (95/1173) regret=0.103014 ape=0.5594
[17:52:11] warmStart (decay=exponential) 8% (96/1173) regret=0.103014 ape=0.5594
[17:52:11] warmStart (decay=exponential) 8% (97/1173) regret=0.103014 ape=0.5594
[17:52:11] warmStart (decay=exponential) 8% (98/1173) regret=0.103014 ape=0.5594
[17:52:11] warmStart (decay=exponential) 8% (99/1173) regret=0.103014 ape=0.5594
[17:52:11] warmStart (decay=exponential) 8% (100/1173) regret=0.103014 ape=0.5594
[17:52:12] warmStart (decay=exponential) 8% (101/1173) regret=0.103014 ape=0.5594
[17:52:12] warmStart (decay=exponential) 8% (102/1173) regret=0.103014 ape=0.5594
[17:52:12] warmStart (decay=exponential) 8% (103/1173) regret=0.103014 ape=0.5594
[17:52:12] warmStart (decay=exponential) 8% (104/1173) regret=0.103014 ape=0.5594
[17:52:12] warmStart (decay=exponential) 8% (105/1173) regret=0.103014 ape=0.5594
[17:52:12] warmStart (decay=exponential) 9% (106/1173) regret=0.103014 ape=0.5594
[17:52:13] warmStart (decay=exponential) 9% (107/1173) regret=0.103014 ape=0.5594
[17:52:13] warmStart (decay=exponential) 9% (108/1173) regret=0.103014 ape=0.5594
[17:52:13] warmStart (decay=exponential) 9% (109/1173) regret=0.103014 ape=0.5594
[17:52:13] warmStart (decay=exponential) 9% (110/1173) regret=0.103014 ape=0.5594
[17:52:13] warmStart (decay=exponential) 9% (111/1173) regret=0.103014 ape=0.5594
[17:52:13] warmStart (decay=exponential) 9% (112/1173) regret=0.103014 ape=0.5594
[17:52:14] warmStart (decay=exponential) 9% (113/1173) regret=0.103014 ape=0.5594
[17:52:14] warmStart (decay=exponential) 9% (114/1173) regret=0.103014 ape=0.5594
[17:52:14] warmStart (decay=exponential) 9% (115/1173) regret=0.103014 ape=0.5594
[17:52:14] warmStart (decay=exponential) 9% (116/1173) regret=0.103014 ape=0.5594
[17:52:14] warmStart (decay=exponential) 9% (117/1173) regret=0.103014 ape=0.5594
[17:52:14] warmStart (decay=exponential) 10% (118/1173) regret=0.103014 ape=0.5594
[17:52:15] warmStart (decay=exponential) 10% (119/1173) regret=0.103014 ape=0.5594
[17:52:15] warmStart (decay=exponential) 10% (120/1173) regret=0.103014 ape=0.5594
[17:52:15] warmStart (decay=exponential) 10% (121/1173) regret=0.103014 ape=0.5594
[17:52:15] warmStart (decay=exponential) 10% (122/1173) regret=0.103014 ape=0.5594
[17:52:15] warmStart (decay=exponential) 10% (123/1173) regret=0.103014 ape=0.5594
[17:52:15] warmStart (decay=exponential) 10% (124/1173) regret=0.103014 ape=0.5594
[17:52:16] warmStart (decay=exponential) 10% (125/1173) regret=0.103014 ape=0.5594
[17:52:16] warmStart (decay=exponential) 10% (126/1173) regret=0.103014 ape=0.5594
[17:52:16] warmStart (decay=exponential) 10% (127/1173) regret=0.103014 ape=0.5594
[17:52:16] warmStart (decay=exponential) 10% (128/1173) regret=0.103014 ape=0.5594
[17:52:16] warmStart (decay=exponential) 10% (129/1173) regret=0.103014 ape=0.5594
[17:52:16] warmStart (decay=exponential) 11% (130/1173) regret=0.103014 ape=0.5594
[17:52:17] warmStart (decay=exponential) 11% (131/1173) regret=0.103014 ape=0.5594
[17:52:17] warmStart (decay=exponential) 11% (132/1173) regret=0.103014 ape=0.5594
[17:52:17] warmStart (decay=exponential) 11% (133/1173) regret=0.103014 ape=0.5594
[17:52:17] warmStart (decay=exponential) 11% (134/1173) regret=0.103014 ape=0.5594
[17:52:17] warmStart (decay=exponential) 11% (135/1173) regret=0.103014 ape=0.5594
[17:52:18] warmStart (decay=exponential) 11% (136/1173) regret=0.103014 ape=0.5594
[17:52:18] warmStart (decay=exponential) 11% (137/1173) regret=0.103014 ape=0.5594
[17:52:18] warmStart (decay=exponential) 11% (138/1173) regret=0.103014 ape=0.5594
[17:52:18] warmStart (decay=exponential) 11% (139/1173) regret=0.103014 ape=0.5594
[17:52:18] warmStart (decay=exponential) 11% (140/1173) regret=0.103014 ape=0.5594
[17:52:18] warmStart (decay=exponential) 12% (141/1173) regret=0.103014 ape=0.5594
[17:52:19] warmStart (decay=exponential) 12% (142/1173) regret=0.103014 ape=0.5594
[17:52:19] warmStart (decay=exponential) 12% (143/1173) regret=0.103014 ape=0.5594
[17:52:19] warmStart (decay=exponential) 12% (144/1173) regret=0.103014 ape=0.5594
[17:52:19] warmStart (decay=exponential) 12% (145/1173) regret=0.103014 ape=0.5594
[17:52:19] warmStart (decay=exponential) 12% (146/1173) regret=0.103014 ape=0.5594
[17:52:19] warmStart (decay=exponential) 12% (147/1173) regret=0.103014 ape=0.5594
[17:52:20] warmStart (decay=exponential) 12% (148/1173) regret=0.103014 ape=0.5594
[17:52:20] warmStart (decay=exponential) 12% (149/1173) regret=0.103014 ape=0.5594
[17:52:20] warmStart (decay=exponential) 12% (150/1173) regret=0.103014 ape=0.5594
[17:52:20] warmStart (decay=exponential) 12% (151/1173) regret=0.103014 ape=0.5594
[17:52:20] warmStart (decay=exponential) 12% (152/1173) regret=0.103014 ape=0.5594
[17:52:20] warmStart (decay=exponential) 13% (153/1173) regret=0.103014 ape=0.5594
[17:52:21] warmStart (decay=exponential) 13% (154/1173) regret=0.103014 ape=0.5594
[17:52:21] warmStart (decay=exponential) 13% (155/1173) regret=0.103014 ape=0.5594
[17:52:21] warmStart (decay=exponential) 13% (156/1173) regret=0.103014 ape=0.5594
[17:52:21] warmStart (decay=exponential) 13% (157/1173) regret=0.103014 ape=0.5594
[17:52:21] warmStart (decay=exponential) 13% (158/1173) regret=0.103014 ape=0.5594
[17:52:21] warmStart (decay=exponential) 13% (159/1173) regret=0.103014 ape=0.5594
[17:52:22] warmStart (decay=exponential) 13% (160/1173) regret=0.103014 ape=0.5594
[17:52:22] warmStart (decay=exponential) 13% (161/1173) regret=0.103014 ape=0.5594
[17:52:22] warmStart (decay=exponential) 13% (162/1173) regret=0.103014 ape=0.5594
[17:52:22] warmStart (decay=exponential) 13% (163/1173) regret=0.103014 ape=0.5594
[17:52:22] warmStart (decay=exponential) 13% (164/1173) regret=0.103014 ape=0.5594
[17:52:22] warmStart (decay=exponential) 14% (165/1173) regret=0.103014 ape=0.5594
[17:52:23] warmStart (decay=exponential) 14% (166/1173) regret=0.103014 ape=0.5594
[17:52:23] warmStart (decay=exponential) 14% (167/1173) regret=0.103014 ape=0.5594
[17:52:23] warmStart (decay=exponential) 14% (168/1173) regret=0.103014 ape=0.5594
[17:52:23] warmStart (decay=exponential) 14% (169/1173) regret=0.103014 ape=0.5594
[17:52:23] warmStart (decay=exponential) 14% (170/1173) regret=0.103014 ape=0.5594
[17:52:24] warmStart (decay=exponential) 14% (171/1173) regret=0.103014 ape=0.5594
[17:52:24] warmStart (decay=exponential) 14% (172/1173) regret=0.103014 ape=0.5594
[17:52:24] warmStart (decay=exponential) 14% (173/1173) regret=0.103014 ape=0.5594
[17:52:24] warmStart (decay=exponential) 14% (174/1173) regret=0.103014 ape=0.5594
[17:52:24] warmStart (decay=exponential) 14% (175/1173) regret=0.103014 ape=0.5594
[17:52:24] warmStart (decay=exponential) 15% (176/1173) regret=0.103014 ape=0.5594
[17:52:25] warmStart (decay=exponential) 15% (177/1173) regret=0.103014 ape=0.5594
[17:52:25] warmStart (decay=exponential) 15% (178/1173) regret=0.103014 ape=0.5594
[17:52:25] warmStart (decay=exponential) 15% (179/1173) regret=0.103014 ape=0.5594
[17:52:25] warmStart (decay=exponential) 15% (180/1173) regret=0.103014 ape=0.5594
[17:52:25] warmStart (decay=exponential) 15% (181/1173) regret=0.103014 ape=0.5594
[17:52:25] warmStart (decay=exponential) 15% (182/1173) regret=0.103014 ape=0.5594
[17:52:26] warmStart (decay=exponential) 15% (183/1173) regret=0.103014 ape=0.5594
[17:52:26] warmStart (decay=exponential) 15% (184/1173) regret=0.103014 ape=0.5594
[17:52:26] warmStart (decay=exponential) 15% (185/1173) regret=0.103014 ape=0.5594
[17:52:26] warmStart (decay=exponential) 15% (186/1173) regret=0.103014 ape=0.5594
[17:52:26] warmStart (decay=exponential) 15% (187/1173) regret=0.103014 ape=0.5594
[17:52:26] warmStart (decay=exponential) 16% (188/1173) regret=0.103014 ape=0.5594
[17:52:27] warmStart (decay=exponential) 16% (189/1173) regret=0.103014 ape=0.5594
[17:52:27] warmStart (decay=exponential) 16% (190/1173) regret=0.103014 ape=0.5594
[17:52:27] warmStart (decay=exponential) 16% (191/1173) regret=0.103014 ape=0.5594
[17:52:27] warmStart (decay=exponential) 16% (192/1173) regret=0.103014 ape=0.5594
[17:52:27] warmStart (decay=exponential) 16% (193/1173) regret=0.103014 ape=0.5594
[17:52:27] warmStart (decay=exponential) 16% (194/1173) regret=0.103014 ape=0.5594
[17:52:28] warmStart (decay=exponential) 16% (195/1173) regret=0.103014 ape=0.5594
[17:52:28] warmStart (decay=exponential) 16% (196/1173) regret=0.103014 ape=0.5594
[17:52:28] warmStart (decay=exponential) 16% (197/1173) regret=0.103014 ape=0.5594
[17:52:28] warmStart (decay=exponential) 16% (198/1173) regret=0.103014 ape=0.5594
[17:52:28] warmStart (decay=exponential) 16% (199/1173) regret=0.103014 ape=0.5594
[17:52:29] warmStart (decay=exponential) 17% (200/1173) regret=0.103014 ape=0.5594
[17:52:29] warmStart (decay=exponential) 17% (201/1173) regret=0.103014 ape=0.5594
[17:52:29] warmStart (decay=exponential) 17% (202/1173) regret=0.103014 ape=0.5594
[17:52:29] warmStart (decay=exponential) 17% (203/1173) regret=0.103014 ape=0.5594
[17:52:29] warmStart (decay=exponential) 17% (204/1173) regret=0.103014 ape=0.5594
[17:52:29] warmStart (decay=exponential) 17% (205/1173) regret=0.103014 ape=0.5594
[17:52:30] warmStart (decay=exponential) 17% (206/1173) regret=0.103014 ape=0.5594
[17:52:30] warmStart (decay=exponential) 17% (207/1173) regret=0.103014 ape=0.5594
[17:52:30] warmStart (decay=exponential) 17% (208/1173) regret=0.103014 ape=0.5594
[17:52:30] warmStart (decay=exponential) 17% (209/1173) regret=0.103014 ape=0.5594
[17:52:30] warmStart (decay=exponential) 17% (210/1173) regret=0.103014 ape=0.5594
[17:52:30] warmStart (decay=exponential) 17% (211/1173) regret=0.103014 ape=0.5594
[17:52:31] warmStart (decay=exponential) 18% (212/1173) regret=0.103014 ape=0.5594
[17:52:31] warmStart (decay=exponential) 18% (213/1173) regret=0.103014 ape=0.5594
[17:52:31] warmStart (decay=exponential) 18% (214/1173) regret=0.103014 ape=0.5594
[17:52:31] warmStart (decay=exponential) 18% (215/1173) regret=0.103014 ape=0.5594
[17:52:31] warmStart (decay=exponential) 18% (216/1173) regret=0.103014 ape=0.5594
[17:52:32] warmStart (decay=exponential) 18% (217/1173) regret=0.103014 ape=0.5594
[17:52:32] warmStart (decay=exponential) 18% (218/1173) regret=0.103014 ape=0.5594
[17:52:32] warmStart (decay=exponential) 18% (219/1173) regret=0.103014 ape=0.5594
[17:52:32] warmStart (decay=exponential) 18% (220/1173) regret=0.103014 ape=0.5594
[17:52:32] warmStart (decay=exponential) 18% (221/1173) regret=0.103014 ape=0.5594
[17:52:32] warmStart (decay=exponential) 18% (222/1173) regret=0.103014 ape=0.5594
[17:52:33] warmStart (decay=exponential) 19% (223/1173) regret=0.103014 ape=0.5594
[17:52:33] warmStart (decay=exponential) 19% (224/1173) regret=0.103014 ape=0.5594
[17:52:33] warmStart (decay=exponential) 19% (225/1173) regret=0.103014 ape=0.5594
[17:52:33] warmStart (decay=exponential) 19% (226/1173) regret=0.103014 ape=0.5594
[17:52:33] warmStart (decay=exponential) 19% (227/1173) regret=0.103014 ape=0.5594
[17:52:33] warmStart (decay=exponential) 19% (228/1173) regret=0.103014 ape=0.5594
[17:52:34] warmStart (decay=exponential) 19% (229/1173) regret=0.103014 ape=0.5594
[17:52:34] warmStart (decay=exponential) 19% (230/1173) regret=0.103014 ape=0.5594
[17:52:34] warmStart (decay=exponential) 19% (231/1173) regret=0.103014 ape=0.5594
[17:52:34] warmStart (decay=exponential) 19% (232/1173) regret=0.103014 ape=0.5594
[17:52:34] warmStart (decay=exponential) 19% (233/1173) regret=0.103014 ape=0.5594
[17:52:35] warmStart (decay=exponential) 19% (234/1173) regret=0.103014 ape=0.5594
[17:52:35] warmStart (decay=exponential) 20% (235/1173) regret=0.103014 ape=0.5594
[17:52:35] warmStart (decay=exponential) 20% (236/1173) regret=0.103014 ape=0.5594
[17:52:35] warmStart (decay=exponential) 20% (237/1173) regret=0.103014 ape=0.5594
[17:52:35] warmStart (decay=exponential) 20% (238/1173) regret=0.103014 ape=0.5594
[17:52:35] warmStart (decay=exponential) 20% (239/1173) regret=0.103014 ape=0.5594
[17:52:36] warmStart (decay=exponential) 20% (240/1173) regret=0.103014 ape=0.5594
[17:52:36] warmStart (decay=exponential) 20% (241/1173) regret=0.102194 ape=0.5585
[17:52:36] warmStart (decay=exponential) 20% (242/1173) regret=0.102194 ape=0.5585
[17:52:36] warmStart (decay=exponential) 20% (243/1173) regret=0.102194 ape=0.5585
[17:52:36] warmStart (decay=exponential) 20% (244/1173) regret=0.102194 ape=0.5585
[17:52:36] warmStart (decay=exponential) 20% (245/1173) regret=0.102194 ape=0.5585
[17:52:37] warmStart (decay=exponential) 20% (246/1173) regret=0.102194 ape=0.5585
[17:52:37] warmStart (decay=exponential) 21% (247/1173) regret=0.102194 ape=0.5585
[17:52:37] warmStart (decay=exponential) 21% (248/1173) regret=0.102194 ape=0.5585
[17:52:37] warmStart (decay=exponential) 21% (249/1173) regret=0.102194 ape=0.5585
[17:52:37] warmStart (decay=exponential) 21% (250/1173) regret=0.102194 ape=0.5585
[17:52:37] warmStart (decay=exponential) 21% (251/1173) regret=0.102194 ape=0.5585
[17:52:38] warmStart (decay=exponential) 21% (252/1173) regret=0.102194 ape=0.5585
[17:52:38] warmStart (decay=exponential) 21% (253/1173) regret=0.102194 ape=0.5585
[17:52:38] warmStart (decay=exponential) 21% (254/1173) regret=0.102194 ape=0.5585
[17:52:38] warmStart (decay=exponential) 21% (255/1173) regret=0.102194 ape=0.5585
[17:52:38] warmStart (decay=exponential) 21% (256/1173) regret=0.102194 ape=0.5585
[17:52:38] warmStart (decay=exponential) 21% (257/1173) regret=0.102194 ape=0.5585
[17:52:39] warmStart (decay=exponential) 21% (258/1173) regret=0.102194 ape=0.5585
[17:52:39] warmStart (decay=exponential) 22% (259/1173) regret=0.102194 ape=0.5585
[17:52:39] warmStart (decay=exponential) 22% (260/1173) regret=0.102194 ape=0.5585
[17:52:39] warmStart (decay=exponential) 22% (261/1173) regret=0.102194 ape=0.5585
[17:52:39] warmStart (decay=exponential) 22% (262/1173) regret=0.102194 ape=0.5585
[17:52:39] warmStart (decay=exponential) 22% (263/1173) regret=0.102194 ape=0.5585
[17:52:40] warmStart (decay=exponential) 22% (264/1173) regret=0.102194 ape=0.5585
[17:52:40] warmStart (decay=exponential) 22% (265/1173) regret=0.102194 ape=0.5585
[17:52:40] warmStart (decay=exponential) 22% (266/1173) regret=0.102194 ape=0.5585
[17:52:40] warmStart (decay=exponential) 22% (267/1173) regret=0.102194 ape=0.5585
[17:52:40] warmStart (decay=exponential) 22% (268/1173) regret=0.102194 ape=0.5585
[17:52:40] warmStart (decay=exponential) 22% (269/1173) regret=0.102194 ape=0.5585
[17:52:41] warmStart (decay=exponential) 23% (270/1173) regret=0.102194 ape=0.5585
[17:52:41] warmStart (decay=exponential) 23% (271/1173) regret=0.102194 ape=0.5585
[17:52:41] warmStart (decay=exponential) 23% (272/1173) regret=0.102194 ape=0.5585
[17:52:41] warmStart (decay=exponential) 23% (273/1173) regret=0.102194 ape=0.5585
[17:52:41] warmStart (decay=exponential) 23% (274/1173) regret=0.102194 ape=0.5585
[17:52:41] warmStart (decay=exponential) 23% (275/1173) regret=0.102194 ape=0.5585
[17:52:42] warmStart (decay=exponential) 23% (276/1173) regret=0.102194 ape=0.5585
[17:52:42] warmStart (decay=exponential) 23% (277/1173) regret=0.102194 ape=0.5585
[17:52:42] warmStart (decay=exponential) 23% (278/1173) regret=0.102194 ape=0.5585
[17:52:42] warmStart (decay=exponential) 23% (279/1173) regret=0.102194 ape=0.5585
[17:52:42] warmStart (decay=exponential) 23% (280/1173) regret=0.102194 ape=0.5585
[17:52:43] warmStart (decay=exponential) 23% (281/1173) regret=0.102194 ape=0.5585
[17:52:43] warmStart (decay=exponential) 24% (282/1173) regret=0.102194 ape=0.5585
[17:52:43] warmStart (decay=exponential) 24% (283/1173) regret=0.102194 ape=0.5585
[17:52:43] warmStart (decay=exponential) 24% (284/1173) regret=0.102194 ape=0.5585
[17:52:43] warmStart (decay=exponential) 24% (285/1173) regret=0.102194 ape=0.5585
[17:52:43] warmStart (decay=exponential) 24% (286/1173) regret=0.102194 ape=0.5585
[17:52:44] warmStart (decay=exponential) 24% (287/1173) regret=0.102194 ape=0.5585
[17:52:44] warmStart (decay=exponential) 24% (288/1173) regret=0.102194 ape=0.5585
[17:52:44] warmStart (decay=exponential) 24% (289/1173) regret=0.102194 ape=0.5585
[17:52:44] warmStart (decay=exponential) 24% (290/1173) regret=0.102194 ape=0.5585
[17:52:44] warmStart (decay=exponential) 24% (291/1173) regret=0.102194 ape=0.5585
[17:52:44] warmStart (decay=exponential) 24% (292/1173) regret=0.102194 ape=0.5585
[17:52:45] warmStart (decay=exponential) 24% (293/1173) regret=0.102194 ape=0.5585
[17:52:45] warmStart (decay=exponential) 25% (294/1173) regret=0.102194 ape=0.5585
[17:52:45] warmStart (decay=exponential) 25% (295/1173) regret=0.102194 ape=0.5585
[17:52:45] warmStart (decay=exponential) 25% (296/1173) regret=0.102194 ape=0.5585
[17:52:45] warmStart (decay=exponential) 25% (297/1173) regret=0.102194 ape=0.5585
[17:52:45] warmStart (decay=exponential) 25% (298/1173) regret=0.102194 ape=0.5585
[17:52:46] warmStart (decay=exponential) 25% (299/1173) regret=0.102194 ape=0.5585
[17:52:46] warmStart (decay=exponential) 25% (300/1173) regret=0.102194 ape=0.5585
[17:52:46] warmStart (decay=exponential) 25% (301/1173) regret=0.102194 ape=0.5585
[17:52:46] warmStart (decay=exponential) 25% (302/1173) regret=0.102194 ape=0.5585
[17:52:46] warmStart (decay=exponential) 25% (303/1173) regret=0.102194 ape=0.5585
[17:52:46] warmStart (decay=exponential) 25% (304/1173) regret=0.102194 ape=0.5585
[17:52:47] warmStart (decay=exponential) 26% (305/1173) regret=0.102194 ape=0.5585
[17:52:47] warmStart (decay=exponential) 26% (306/1173) regret=0.102194 ape=0.5585
[17:52:47] warmStart (decay=exponential) 26% (307/1173) regret=0.102194 ape=0.5585
[17:52:47] warmStart (decay=exponential) 26% (308/1173) regret=0.102194 ape=0.5585
[17:52:47] warmStart (decay=exponential) 26% (309/1173) regret=0.102194 ape=0.5585
[17:52:48] warmStart (decay=exponential) 26% (310/1173) regret=0.102194 ape=0.5585
[17:52:48] warmStart (decay=exponential) 26% (311/1173) regret=0.102194 ape=0.5585
[17:52:48] warmStart (decay=exponential) 26% (312/1173) regret=0.102194 ape=0.5585
[17:52:48] warmStart (decay=exponential) 26% (313/1173) regret=0.102194 ape=0.5585
[17:52:48] warmStart (decay=exponential) 26% (314/1173) regret=0.102194 ape=0.5585
[17:52:48] warmStart (decay=exponential) 26% (315/1173) regret=0.102194 ape=0.5585
[17:52:49] warmStart (decay=exponential) 26% (316/1173) regret=0.102194 ape=0.5585
[17:52:49] warmStart (decay=exponential) 27% (317/1173) regret=0.102194 ape=0.5585
[17:52:49] warmStart (decay=exponential) 27% (318/1173) regret=0.102194 ape=0.5585
[17:52:49] warmStart (decay=exponential) 27% (319/1173) regret=0.102194 ape=0.5585
[17:52:49] warmStart (decay=exponential) 27% (320/1173) regret=0.102194 ape=0.5585
[17:52:49] warmStart (decay=exponential) 27% (321/1173) regret=0.102194 ape=0.5585
[17:52:50] warmStart (decay=exponential) 27% (322/1173) regret=0.102194 ape=0.5585
[17:52:50] warmStart (decay=exponential) 27% (323/1173) regret=0.102194 ape=0.5585
[17:52:50] warmStart (decay=exponential) 27% (324/1173) regret=0.102194 ape=0.5585
[17:52:50] warmStart (decay=exponential) 27% (325/1173) regret=0.102194 ape=0.5585
[17:52:50] warmStart (decay=exponential) 27% (326/1173) regret=0.102194 ape=0.5585
[17:52:50] warmStart (decay=exponential) 27% (327/1173) regret=0.102194 ape=0.5585
[17:52:51] warmStart (decay=exponential) 27% (328/1173) regret=0.102194 ape=0.5585
[17:52:51] warmStart (decay=exponential) 28% (329/1173) regret=0.102194 ape=0.5585
[17:52:51] warmStart (decay=exponential) 28% (330/1173) regret=0.102194 ape=0.5585
[17:52:51] warmStart (decay=exponential) 28% (331/1173) regret=0.102194 ape=0.5585
[17:52:51] warmStart (decay=exponential) 28% (332/1173) regret=0.102194 ape=0.5585
[17:52:51] warmStart (decay=exponential) 28% (333/1173) regret=0.102194 ape=0.5585
[17:52:52] warmStart (decay=exponential) 28% (334/1173) regret=0.102194 ape=0.5585
[17:52:52] warmStart (decay=exponential) 28% (335/1173) regret=0.102194 ape=0.5585
[17:52:52] warmStart (decay=exponential) 28% (336/1173) regret=0.102194 ape=0.5585
[17:52:52] warmStart (decay=exponential) 28% (337/1173) regret=0.102194 ape=0.5585
[17:52:52] warmStart (decay=exponential) 28% (338/1173) regret=0.102194 ape=0.5585
[17:52:52] warmStart (decay=exponential) 28% (339/1173) regret=0.102194 ape=0.5585
[17:52:53] warmStart (decay=exponential) 28% (340/1173) regret=0.102194 ape=0.5585
[17:52:53] warmStart (decay=exponential) 29% (341/1173) regret=0.102194 ape=0.5585
[17:52:53] warmStart (decay=exponential) 29% (342/1173) regret=0.102194 ape=0.5585
[17:52:53] warmStart (decay=exponential) 29% (343/1173) regret=0.102194 ape=0.5585
[17:52:53] warmStart (decay=exponential) 29% (344/1173) regret=0.102194 ape=0.5585
[17:52:53] warmStart (decay=exponential) 29% (345/1173) regret=0.102194 ape=0.5585
[17:52:54] warmStart (decay=exponential) 29% (346/1173) regret=0.102194 ape=0.5585
[17:52:54] warmStart (decay=exponential) 29% (347/1173) regret=0.102194 ape=0.5585
[17:52:54] warmStart (decay=exponential) 29% (348/1173) regret=0.102194 ape=0.5585
[17:52:54] warmStart (decay=exponential) 29% (349/1173) regret=0.102194 ape=0.5585
[17:52:54] warmStart (decay=exponential) 29% (350/1173) regret=0.102194 ape=0.5585
[17:52:54] warmStart (decay=exponential) 29% (351/1173) regret=0.102194 ape=0.5585
[17:52:55] warmStart (decay=exponential) 30% (352/1173) regret=0.102194 ape=0.5585
[17:52:55] warmStart (decay=exponential) 30% (353/1173) regret=0.102194 ape=0.5585
[17:52:55] warmStart (decay=exponential) 30% (354/1173) regret=0.102194 ape=0.5585
[17:52:55] warmStart (decay=exponential) 30% (355/1173) regret=0.102194 ape=0.5585
[17:52:55] warmStart (decay=exponential) 30% (356/1173) regret=0.102194 ape=0.5585
[17:52:55] warmStart (decay=exponential) 30% (357/1173) regret=0.102194 ape=0.5585
[17:52:56] warmStart (decay=exponential) 30% (358/1173) regret=0.102194 ape=0.5585
[17:52:56] warmStart (decay=exponential) 30% (359/1173) regret=0.102194 ape=0.5585
[17:52:56] warmStart (decay=exponential) 30% (360/1173) regret=0.102194 ape=0.5585
[17:52:56] warmStart (decay=exponential) 30% (361/1173) regret=0.102194 ape=0.5585
[17:52:56] warmStart (decay=exponential) 30% (362/1173) regret=0.102194 ape=0.5585
[17:52:56] warmStart (decay=exponential) 30% (363/1173) regret=0.102194 ape=0.5585
[17:52:57] warmStart (decay=exponential) 31% (364/1173) regret=0.102194 ape=0.5585
[17:52:57] warmStart (decay=exponential) 31% (365/1173) regret=0.102194 ape=0.5585
[17:52:57] warmStart (decay=exponential) 31% (366/1173) regret=0.102194 ape=0.5585
[17:52:57] warmStart (decay=exponential) 31% (367/1173) regret=0.102194 ape=0.5585
[17:52:57] warmStart (decay=exponential) 31% (368/1173) regret=0.102194 ape=0.5585
[17:52:57] warmStart (decay=exponential) 31% (369/1173) regret=0.102194 ape=0.5585
[17:52:58] warmStart (decay=exponential) 31% (370/1173) regret=0.102194 ape=0.5585
[17:52:58] warmStart (decay=exponential) 31% (371/1173) regret=0.102194 ape=0.5585
[17:52:58] warmStart (decay=exponential) 31% (372/1173) regret=0.102194 ape=0.5585
[17:52:58] warmStart (decay=exponential) 31% (373/1173) regret=0.102194 ape=0.5585
[17:52:58] warmStart (decay=exponential) 31% (374/1173) regret=0.102194 ape=0.5585
[17:52:58] warmStart (decay=exponential) 31% (375/1173) regret=0.102194 ape=0.5585
[17:52:59] warmStart (decay=exponential) 32% (376/1173) regret=0.102194 ape=0.5585
[17:52:59] warmStart (decay=exponential) 32% (377/1173) regret=0.102194 ape=0.5585
[17:52:59] warmStart (decay=exponential) 32% (378/1173) regret=0.102194 ape=0.5585
[17:52:59] warmStart (decay=exponential) 32% (379/1173) regret=0.102194 ape=0.5585
[17:52:59] warmStart (decay=exponential) 32% (380/1173) regret=0.102194 ape=0.5585
[17:52:59] warmStart (decay=exponential) 32% (381/1173) regret=0.102194 ape=0.5585
[17:53:00] warmStart (decay=exponential) 32% (382/1173) regret=0.102194 ape=0.5585
[17:53:00] warmStart (decay=exponential) 32% (383/1173) regret=0.102194 ape=0.5585
[17:53:00] warmStart (decay=exponential) 32% (384/1173) regret=0.102194 ape=0.5585
[17:53:00] warmStart (decay=exponential) 32% (385/1173) regret=0.102194 ape=0.5585
[17:53:00] warmStart (decay=exponential) 32% (386/1173) regret=0.102194 ape=0.5585
[17:53:00] warmStart (decay=exponential) 32% (387/1173) regret=0.102194 ape=0.5585
[17:53:01] warmStart (decay=exponential) 33% (388/1173) regret=0.102194 ape=0.5585
[17:53:01] warmStart (decay=exponential) 33% (389/1173) regret=0.102194 ape=0.5585
[17:53:01] warmStart (decay=exponential) 33% (390/1173) regret=0.102194 ape=0.5585
[17:53:01] warmStart (decay=exponential) 33% (391/1173) regret=0.102194 ape=0.5585
[17:53:01] warmStart (decay=exponential) 33% (392/1173) regret=0.102194 ape=0.5585
[17:53:01] warmStart (decay=exponential) 33% (393/1173) regret=0.102194 ape=0.5585
[17:53:02] warmStart (decay=exponential) 33% (394/1173) regret=0.102194 ape=0.5585
[17:53:02] warmStart (decay=exponential) 33% (395/1173) regret=0.102194 ape=0.5585
[17:53:02] warmStart (decay=exponential) 33% (396/1173) regret=0.102194 ape=0.5585
[17:53:02] warmStart (decay=exponential) 33% (397/1173) regret=0.102194 ape=0.5585
[17:53:02] warmStart (decay=exponential) 33% (398/1173) regret=0.102194 ape=0.5585
[17:53:02] warmStart (decay=exponential) 34% (399/1173) regret=0.102194 ape=0.5585
[17:53:03] warmStart (decay=exponential) 34% (400/1173) regret=0.102194 ape=0.5585
[17:53:03] warmStart (decay=exponential) 34% (401/1173) regret=0.102194 ape=0.5585
[17:53:03] warmStart (decay=exponential) 34% (402/1173) regret=0.102194 ape=0.5585
[17:53:03] warmStart (decay=exponential) 34% (403/1173) regret=0.102194 ape=0.5585
[17:53:03] warmStart (decay=exponential) 34% (404/1173) regret=0.102194 ape=0.5585
[17:53:03] warmStart (decay=exponential) 34% (405/1173) regret=0.102189 ape=0.5576
[17:53:04] warmStart (decay=exponential) 34% (406/1173) regret=0.102194 ape=0.5585
[17:53:04] warmStart (decay=exponential) 34% (407/1173) regret=0.102194 ape=0.5585
[17:53:04] warmStart (decay=exponential) 34% (408/1173) regret=0.102194 ape=0.5585
[17:53:04] warmStart (decay=exponential) 34% (409/1173) regret=0.102194 ape=0.5585
[17:53:04] warmStart (decay=exponential) 34% (410/1173) regret=0.102194 ape=0.5585
[17:53:04] warmStart (decay=exponential) 35% (411/1173) regret=0.102194 ape=0.5585
[17:53:05] warmStart (decay=exponential) 35% (412/1173) regret=0.102194 ape=0.5585
[17:53:05] warmStart (decay=exponential) 35% (413/1173) regret=0.102194 ape=0.5585
[17:53:05] warmStart (decay=exponential) 35% (414/1173) regret=0.102194 ape=0.5585
[17:53:05] warmStart (decay=exponential) 35% (415/1173) regret=0.102194 ape=0.5585
[17:53:05] warmStart (decay=exponential) 35% (416/1173) regret=0.102194 ape=0.5585
[17:53:05] warmStart (decay=exponential) 35% (417/1173) regret=0.102194 ape=0.5585
[17:53:06] warmStart (decay=exponential) 35% (418/1173) regret=0.102194 ape=0.5585
[17:53:06] warmStart (decay=exponential) 35% (419/1173) regret=0.102231 ape=0.5585
[17:53:06] warmStart (decay=exponential) 35% (420/1173) regret=0.102102 ape=0.5576
[17:53:06] warmStart (decay=exponential) 35% (421/1173) regret=0.102138 ape=0.5585
[17:53:06] warmStart (decay=exponential) 35% (422/1173) regret=0.102175 ape=0.5585
[17:53:06] warmStart (decay=exponential) 36% (423/1173) regret=0.102175 ape=0.5585
[17:53:07] warmStart (decay=exponential) 36% (424/1173) regret=0.102175 ape=0.5585
[17:53:07] warmStart (decay=exponential) 36% (425/1173) regret=0.102175 ape=0.5585
[17:53:07] warmStart (decay=exponential) 36% (426/1173) regret=0.102175 ape=0.5585
[17:53:07] warmStart (decay=exponential) 36% (427/1173) regret=0.102175 ape=0.5585
[17:53:07] warmStart (decay=exponential) 36% (428/1173) regret=0.102175 ape=0.5585
[17:53:07] warmStart (decay=exponential) 36% (429/1173) regret=0.102102 ape=0.5576
[17:53:08] warmStart (decay=exponential) 36% (430/1173) regret=0.102175 ape=0.5585
[17:53:08] warmStart (decay=exponential) 36% (431/1173) regret=0.102175 ape=0.5585
[17:53:08] warmStart (decay=exponential) 36% (432/1173) regret=0.102175 ape=0.5585
[17:53:08] warmStart (decay=exponential) 36% (433/1173) regret=0.102175 ape=0.5585
[17:53:08] warmStart (decay=exponential) 36% (434/1173) regret=0.102175 ape=0.5585
[17:53:08] warmStart (decay=exponential) 37% (435/1173) regret=0.102166 ape=0.5585
[17:53:09] warmStart (decay=exponential) 37% (436/1173) regret=0.102175 ape=0.5585
[17:53:09] warmStart (decay=exponential) 37% (437/1173) regret=0.102166 ape=0.5585
[17:53:09] warmStart (decay=exponential) 37% (438/1173) regret=0.102231 ape=0.5585
[17:53:09] warmStart (decay=exponential) 37% (439/1173) regret=0.102166 ape=0.5585
[17:53:09] warmStart (decay=exponential) 37% (440/1173) regret=0.102138 ape=0.5585
[17:53:09] warmStart (decay=exponential) 37% (441/1173) regret=0.102138 ape=0.5585
[17:53:10] warmStart (decay=exponential) 37% (442/1173) regret=0.102138 ape=0.5585
[17:53:10] warmStart (decay=exponential) 37% (443/1173) regret=0.102138 ape=0.5585
[17:53:10] warmStart (decay=exponential) 37% (444/1173) regret=0.102138 ape=0.5585
[17:53:10] warmStart (decay=exponential) 37% (445/1173) regret=0.102138 ape=0.5585
[17:53:10] warmStart (decay=exponential) 38% (446/1173) regret=0.102138 ape=0.5585
[17:53:10] warmStart (decay=exponential) 38% (447/1173) regret=0.102138 ape=0.5585
[17:53:11] warmStart (decay=exponential) 38% (448/1173) regret=0.102138 ape=0.5585
[17:53:11] warmStart (decay=exponential) 38% (449/1173) regret=0.102138 ape=0.5585
[17:53:11] warmStart (decay=exponential) 38% (450/1173) regret=0.102138 ape=0.5585
[17:53:11] warmStart (decay=exponential) 38% (451/1173) regret=0.102138 ape=0.5585
[17:53:11] warmStart (decay=exponential) 38% (452/1173) regret=0.102138 ape=0.5585
[17:53:11] warmStart (decay=exponential) 38% (453/1173) regret=0.102138 ape=0.5585
[17:53:11] warmStart (decay=exponential) 38% (454/1173) regret=0.102138 ape=0.5585
[17:53:12] warmStart (decay=exponential) 38% (455/1173) regret=0.102138 ape=0.5585
[17:53:12] warmStart (decay=exponential) 38% (456/1173) regret=0.102138 ape=0.5585
[17:53:12] warmStart (decay=exponential) 38% (457/1173) regret=0.102138 ape=0.5585
[17:53:12] warmStart (decay=exponential) 39% (458/1173) regret=0.102138 ape=0.5585
[17:53:12] warmStart (decay=exponential) 39% (459/1173) regret=0.102138 ape=0.5585
[17:53:12] warmStart (decay=exponential) 39% (460/1173) regret=0.102138 ape=0.5585
[17:53:13] warmStart (decay=exponential) 39% (461/1173) regret=0.102138 ape=0.5585
[17:53:13] warmStart (decay=exponential) 39% (462/1173) regret=0.102138 ape=0.5585
[17:53:13] warmStart (decay=exponential) 39% (463/1173) regret=0.102138 ape=0.5585
[17:53:13] warmStart (decay=exponential) 39% (464/1173) regret=0.102138 ape=0.5585
[17:53:13] warmStart (decay=exponential) 39% (465/1173) regret=0.102152 ape=0.5594
[17:53:13] warmStart (decay=exponential) 39% (466/1173) regret=0.102152 ape=0.5594
[17:53:14] warmStart (decay=exponential) 39% (467/1173) regret=0.102152 ape=0.5594
[17:53:14] warmStart (decay=exponential) 39% (468/1173) regret=0.102152 ape=0.5594
[17:53:14] warmStart (decay=exponential) 39% (469/1173) regret=0.102152 ape=0.5594
[17:53:14] warmStart (decay=exponential) 40% (470/1173) regret=0.102152 ape=0.5594
[17:53:14] warmStart (decay=exponential) 40% (471/1173) regret=0.102152 ape=0.5594
[17:53:14] warmStart (decay=exponential) 40% (472/1173) regret=0.102152 ape=0.5594
[17:53:15] warmStart (decay=exponential) 40% (473/1173) regret=0.102152 ape=0.5594
[17:53:15] warmStart (decay=exponential) 40% (474/1173) regret=0.102152 ape=0.5594
[17:53:15] warmStart (decay=exponential) 40% (475/1173) regret=0.102152 ape=0.5594
[17:53:15] warmStart (decay=exponential) 40% (476/1173) regret=0.102152 ape=0.5594
[17:53:15] warmStart (decay=exponential) 40% (477/1173) regret=0.102152 ape=0.5594
[17:53:15] warmStart (decay=exponential) 40% (478/1173) regret=0.102138 ape=0.5585
[17:53:15] warmStart (decay=exponential) 40% (479/1173) regret=0.102152 ape=0.5594
[17:53:16] warmStart (decay=exponential) 40% (480/1173) regret=0.102152 ape=0.5594
[17:53:16] warmStart (decay=exponential) 41% (481/1173) regret=0.102152 ape=0.5594
[17:53:16] warmStart (decay=exponential) 41% (482/1173) regret=0.102159 ape=0.5594
[17:53:16] warmStart (decay=exponential) 41% (483/1173) regret=0.102159 ape=0.5594
[17:53:16] warmStart (decay=exponential) 41% (484/1173) regret=0.102138 ape=0.5585
[17:53:16] warmStart (decay=exponential) 41% (485/1173) regret=0.102138 ape=0.5585
[17:53:17] warmStart (decay=exponential) 41% (486/1173) regret=0.102138 ape=0.5585
[17:53:17] warmStart (decay=exponential) 41% (487/1173) regret=0.102152 ape=0.5594
[17:53:17] warmStart (decay=exponential) 41% (488/1173) regret=0.102152 ape=0.5594
[17:53:17] warmStart (decay=exponential) 41% (489/1173) regret=0.102152 ape=0.5594
[17:53:17] warmStart (decay=exponential) 41% (490/1173) regret=0.102152 ape=0.5594
[17:53:17] warmStart (decay=exponential) 41% (491/1173) regret=0.102152 ape=0.5594
[17:53:17] warmStart (decay=exponential) 41% (492/1173) regret=0.102152 ape=0.5594
[17:53:18] warmStart (decay=exponential) 42% (493/1173) regret=0.102152 ape=0.5594
[17:53:18] warmStart (decay=exponential) 42% (494/1173) regret=0.102152 ape=0.5594
[17:53:18] warmStart (decay=exponential) 42% (495/1173) regret=0.102152 ape=0.5594
[17:53:18] warmStart (decay=exponential) 42% (496/1173) regret=0.102175 ape=0.5604
[17:53:18] warmStart (decay=exponential) 42% (497/1173) regret=0.102198 ape=0.5604
[17:53:18] warmStart (decay=exponential) 42% (498/1173) regret=0.102175 ape=0.5604
[17:53:19] warmStart (decay=exponential) 42% (499/1173) regret=0.102175 ape=0.5604
[17:53:19] warmStart (decay=exponential) 42% (500/1173) regret=0.102175 ape=0.5604
[17:53:19] warmStart (decay=exponential) 42% (501/1173) regret=0.102175 ape=0.5604
[17:53:19] warmStart (decay=exponential) 42% (502/1173) regret=0.102175 ape=0.5604
[17:53:19] warmStart (decay=exponential) 42% (503/1173) regret=0.102175 ape=0.5604
[17:53:19] warmStart (decay=exponential) 42% (504/1173) regret=0.102175 ape=0.5604
[17:53:20] warmStart (decay=exponential) 43% (505/1173) regret=0.102175 ape=0.5604
[17:53:20] warmStart (decay=exponential) 43% (506/1173) regret=0.102175 ape=0.5604
[17:53:20] warmStart (decay=exponential) 43% (507/1173) regret=0.102175 ape=0.5604
[17:53:20] warmStart (decay=exponential) 43% (508/1173) regret=0.102175 ape=0.5604
[17:53:20] warmStart (decay=exponential) 43% (509/1173) regret=0.102175 ape=0.5604
[17:53:20] warmStart (decay=exponential) 43% (510/1173) regret=0.102175 ape=0.5604
[17:53:21] warmStart (decay=exponential) 43% (511/1173) regret=0.102175 ape=0.5604
[17:53:21] warmStart (decay=exponential) 43% (512/1173) regret=0.102175 ape=0.5604
[17:53:21] warmStart (decay=exponential) 43% (513/1173) regret=0.102175 ape=0.5604
[17:53:21] warmStart (decay=exponential) 43% (514/1173) regret=0.102175 ape=0.5604
[17:53:21] warmStart (decay=exponential) 43% (515/1173) regret=0.102175 ape=0.5604
[17:53:21] warmStart (decay=exponential) 43% (516/1173) regret=0.102175 ape=0.5604
[17:53:21] warmStart (decay=exponential) 44% (517/1173) regret=0.102175 ape=0.5604
[17:53:22] warmStart (decay=exponential) 44% (518/1173) regret=0.102175 ape=0.5604
[17:53:22] warmStart (decay=exponential) 44% (519/1173) regret=0.102175 ape=0.5604
[17:53:22] warmStart (decay=exponential) 44% (520/1173) regret=0.102175 ape=0.5604
[17:53:22] warmStart (decay=exponential) 44% (521/1173) regret=0.102175 ape=0.5604
[17:53:22] warmStart (decay=exponential) 44% (522/1173) regret=0.102175 ape=0.5604
[17:53:22] warmStart (decay=exponential) 44% (523/1173) regret=0.102175 ape=0.5604
[17:53:23] warmStart (decay=exponential) 44% (524/1173) regret=0.102175 ape=0.5604
[17:53:23] warmStart (decay=exponential) 44% (525/1173) regret=0.102175 ape=0.5604
[17:53:23] warmStart (decay=exponential) 44% (526/1173) regret=0.102175 ape=0.5604
[17:53:23] warmStart (decay=exponential) 44% (527/1173) regret=0.102175 ape=0.5604
[17:53:23] warmStart (decay=exponential) 45% (528/1173) regret=0.102175 ape=0.5604
[17:53:23] warmStart (decay=exponential) 45% (529/1173) regret=0.102157 ape=0.5604
[17:53:24] warmStart (decay=exponential) 45% (530/1173) regret=0.102157 ape=0.5604
[17:53:24] warmStart (decay=exponential) 45% (531/1173) regret=0.102157 ape=0.5604
[17:53:24] warmStart (decay=exponential) 45% (532/1173) regret=0.102157 ape=0.5604
[17:53:24] warmStart (decay=exponential) 45% (533/1173) regret=0.102157 ape=0.5604
[17:53:24] warmStart (decay=exponential) 45% (534/1173) regret=0.102157 ape=0.5604
[17:53:24] warmStart (decay=exponential) 45% (535/1173) regret=0.102157 ape=0.5604
[17:53:25] warmStart (decay=exponential) 45% (536/1173) regret=0.102157 ape=0.5604
[17:53:25] warmStart (decay=exponential) 45% (537/1173) regret=0.102157 ape=0.5604
[17:53:25] warmStart (decay=exponential) 45% (538/1173) regret=0.102157 ape=0.5604
[17:53:25] warmStart (decay=exponential) 45% (539/1173) regret=0.102157 ape=0.5604
[17:53:25] warmStart (decay=exponential) 46% (540/1173) regret=0.102157 ape=0.5604
[17:53:25] warmStart (decay=exponential) 46% (541/1173) regret=0.102157 ape=0.5604
[17:53:25] warmStart (decay=exponential) 46% (542/1173) regret=0.102157 ape=0.5604
[17:53:26] warmStart (decay=exponential) 46% (543/1173) regret=0.102157 ape=0.5604
[17:53:26] warmStart (decay=exponential) 46% (544/1173) regret=0.102157 ape=0.5604
[17:53:26] warmStart (decay=exponential) 46% (545/1173) regret=0.102157 ape=0.5604
[17:53:26] warmStart (decay=exponential) 46% (546/1173) regret=0.102157 ape=0.5604
[17:53:26] warmStart (decay=exponential) 46% (547/1173) regret=0.102157 ape=0.5604
[17:53:26] warmStart (decay=exponential) 46% (548/1173) regret=0.102157 ape=0.5604
[17:53:27] warmStart (decay=exponential) 46% (549/1173) regret=0.102157 ape=0.5604
[17:53:27] warmStart (decay=exponential) 46% (550/1173) regret=0.102157 ape=0.5604
[17:53:27] warmStart (decay=exponential) 46% (551/1173) regret=0.102157 ape=0.5604
[17:53:27] warmStart (decay=exponential) 47% (552/1173) regret=0.102157 ape=0.5604
[17:53:27] warmStart (decay=exponential) 47% (553/1173) regret=0.102157 ape=0.5604
[17:53:27] warmStart (decay=exponential) 47% (554/1173) regret=0.102157 ape=0.5604
[17:53:28] warmStart (decay=exponential) 47% (555/1173) regret=0.102157 ape=0.5604
[17:53:28] warmStart (decay=exponential) 47% (556/1173) regret=0.102157 ape=0.5604
[17:53:28] warmStart (decay=exponential) 47% (557/1173) regret=0.102152 ape=0.5594
[17:53:28] warmStart (decay=exponential) 47% (558/1173) regret=0.102152 ape=0.5594
[17:53:28] warmStart (decay=exponential) 47% (559/1173) regret=0.102152 ape=0.5594
[17:53:28] warmStart (decay=exponential) 47% (560/1173) regret=0.102152 ape=0.5594
[17:53:29] warmStart (decay=exponential) 47% (561/1173) regret=0.102152 ape=0.5594
[17:53:29] warmStart (decay=exponential) 47% (562/1173) regret=0.102152 ape=0.5594
[17:53:29] warmStart (decay=exponential) 47% (563/1173) regret=0.102152 ape=0.5594
[17:53:29] warmStart (decay=exponential) 48% (564/1173) regret=0.102152 ape=0.5594
[17:53:29] warmStart (decay=exponential) 48% (565/1173) regret=0.102152 ape=0.5594
[17:53:29] warmStart (decay=exponential) 48% (566/1173) regret=0.102549 ape=0.5594
[17:53:30] warmStart (decay=exponential) 48% (567/1173) regret=0.102171 ape=0.5594
[17:53:30] warmStart (decay=exponential) 48% (568/1173) regret=0.102171 ape=0.5594
[17:53:30] warmStart (decay=exponential) 48% (569/1173) regret=0.102171 ape=0.5594
[17:53:30] warmStart (decay=exponential) 48% (570/1173) regret=0.102171 ape=0.5594
[17:53:30] warmStart (decay=exponential) 48% (571/1173) regret=0.102134 ape=0.5585
[17:53:30] warmStart (decay=exponential) 48% (572/1173) regret=0.102134 ape=0.5585
[17:53:31] warmStart (decay=exponential) 48% (573/1173) regret=0.102134 ape=0.5585
[17:53:31] warmStart (decay=exponential) 48% (574/1173) regret=0.102134 ape=0.5585
[17:53:31] warmStart (decay=exponential) 49% (575/1173) regret=0.102134 ape=0.5585
[17:53:31] warmStart (decay=exponential) 49% (576/1173) regret=0.102171 ape=0.5594
[17:53:31] warmStart (decay=exponential) 49% (577/1173) regret=0.102152 ape=0.5594
[17:53:32] warmStart (decay=exponential) 49% (578/1173) regret=0.102152 ape=0.5594
[17:53:32] warmStart (decay=exponential) 49% (579/1173) regret=0.102152 ape=0.5594
[17:53:32] warmStart (decay=exponential) 49% (580/1173) regret=0.102171 ape=0.5594
[17:53:32] warmStart (decay=exponential) 49% (581/1173) regret=0.102171 ape=0.5594
[17:53:32] warmStart (decay=exponential) 49% (582/1173) regret=0.102171 ape=0.5594
[17:53:33] warmStart (decay=exponential) 49% (583/1173) regret=0.102171 ape=0.5594
[17:53:33] warmStart (decay=exponential) 49% (584/1173) regret=0.102171 ape=0.5594
[17:53:33] warmStart (decay=exponential) 49% (585/1173) regret=0.102134 ape=0.5585
[17:53:33] warmStart (decay=exponential) 49% (586/1173) regret=0.102134 ape=0.5585
[17:53:33] warmStart (decay=exponential) 50% (587/1173) regret=0.102134 ape=0.5585
[17:53:34] warmStart (decay=exponential) 50% (588/1173) regret=0.102134 ape=0.5585
[17:53:34] warmStart (decay=exponential) 50% (589/1173) regret=0.102134 ape=0.5585
[17:53:34] warmStart (decay=exponential) 50% (590/1173) regret=0.102134 ape=0.5585
[17:53:34] warmStart (decay=exponential) 50% (591/1173) regret=0.102134 ape=0.5585
[17:53:34] warmStart (decay=exponential) 50% (592/1173) regret=0.102134 ape=0.5585
[17:53:34] warmStart (decay=exponential) 50% (593/1173) regret=0.102134 ape=0.5585
[17:53:35] warmStart (decay=exponential) 50% (594/1173) regret=0.102134 ape=0.5585
[17:53:35] warmStart (decay=exponential) 50% (595/1173) regret=0.102134 ape=0.5585
[17:53:35] warmStart (decay=exponential) 50% (596/1173) regret=0.102134 ape=0.5585
[17:53:35] warmStart (decay=exponential) 50% (597/1173) regret=0.102134 ape=0.5585
[17:53:35] warmStart (decay=exponential) 50% (598/1173) regret=0.102134 ape=0.5585
[17:53:36] warmStart (decay=exponential) 51% (599/1173) regret=0.102134 ape=0.5585
[17:53:36] warmStart (decay=exponential) 51% (600/1173) regret=0.102134 ape=0.5585
[17:53:36] warmStart (decay=exponential) 51% (601/1173) regret=0.102134 ape=0.5585
[17:53:36] warmStart (decay=exponential) 51% (602/1173) regret=0.102134 ape=0.5585
[17:53:36] warmStart (decay=exponential) 51% (603/1173) regret=0.102134 ape=0.5585
[17:53:36] warmStart (decay=exponential) 51% (604/1173) regret=0.102134 ape=0.5585
[17:53:37] warmStart (decay=exponential) 51% (605/1173) regret=0.102134 ape=0.5585
[17:53:37] warmStart (decay=exponential) 51% (606/1173) regret=0.102134 ape=0.5585
[17:53:37] warmStart (decay=exponential) 51% (607/1173) regret=0.102134 ape=0.5585
[17:53:37] warmStart (decay=exponential) 51% (608/1173) regret=0.102134 ape=0.5585
[17:53:37] warmStart (decay=exponential) 51% (609/1173) regret=0.102134 ape=0.5585
[17:53:37] warmStart (decay=exponential) 52% (610/1173) regret=0.102134 ape=0.5585
[17:53:37] warmStart (decay=exponential) 52% (611/1173) regret=0.102134 ape=0.5585
[17:53:38] warmStart (decay=exponential) 52% (612/1173) regret=0.102134 ape=0.5585
[17:53:38] warmStart (decay=exponential) 52% (613/1173) regret=0.102134 ape=0.5585
[17:53:38] warmStart (decay=exponential) 52% (614/1173) regret=0.102134 ape=0.5585
[17:53:38] warmStart (decay=exponential) 52% (615/1173) regret=0.102134 ape=0.5585
[17:53:38] warmStart (decay=exponential) 52% (616/1173) regret=0.102134 ape=0.5585
[17:53:38] warmStart (decay=exponential) 52% (617/1173) regret=0.102134 ape=0.5585
[17:53:39] warmStart (decay=exponential) 52% (618/1173) regret=0.102134 ape=0.5585
[17:53:39] warmStart (decay=exponential) 52% (619/1173) regret=0.102134 ape=0.5585
[17:53:39] warmStart (decay=exponential) 52% (620/1173) regret=0.102134 ape=0.5585
[17:53:39] warmStart (decay=exponential) 52% (621/1173) regret=0.102134 ape=0.5585
[17:53:39] warmStart (decay=exponential) 53% (622/1173) regret=0.102134 ape=0.5585
[17:53:39] warmStart (decay=exponential) 53% (623/1173) regret=0.102134 ape=0.5585
[17:53:39] warmStart (decay=exponential) 53% (624/1173) regret=0.102134 ape=0.5585
[17:53:40] warmStart (decay=exponential) 53% (625/1173) regret=0.102134 ape=0.5585
[17:53:40] warmStart (decay=exponential) 53% (626/1173) regret=0.102134 ape=0.5585
[17:53:40] warmStart (decay=exponential) 53% (627/1173) regret=0.102134 ape=0.5585
[17:53:40] warmStart (decay=exponential) 53% (628/1173) regret=0.102134 ape=0.5585
[17:53:40] warmStart (decay=exponential) 53% (629/1173) regret=0.102134 ape=0.5585
[17:53:40] warmStart (decay=exponential) 53% (630/1173) regret=0.102134 ape=0.5585
[17:53:40] warmStart (decay=exponential) 53% (631/1173) regret=0.102134 ape=0.5585
[17:53:41] warmStart (decay=exponential) 53% (632/1173) regret=0.102134 ape=0.5585
[17:53:41] warmStart (decay=exponential) 53% (633/1173) regret=0.102134 ape=0.5585
[17:53:41] warmStart (decay=exponential) 54% (634/1173) regret=0.102134 ape=0.5585
[17:53:41] warmStart (decay=exponential) 54% (635/1173) regret=0.102134 ape=0.5585
[17:53:41] warmStart (decay=exponential) 54% (636/1173) regret=0.102134 ape=0.5585
[17:53:41] warmStart (decay=exponential) 54% (637/1173) regret=0.102134 ape=0.5585
[17:53:41] warmStart (decay=exponential) 54% (638/1173) regret=0.102134 ape=0.5585
[17:53:42] warmStart (decay=exponential) 54% (639/1173) regret=0.102134 ape=0.5585
[17:53:42] warmStart (decay=exponential) 54% (640/1173) regret=0.102134 ape=0.5585
[17:53:42] warmStart (decay=exponential) 54% (641/1173) regret=0.102134 ape=0.5585
[17:53:42] warmStart (decay=exponential) 54% (642/1173) regret=0.102134 ape=0.5585
[17:53:42] warmStart (decay=exponential) 54% (643/1173) regret=0.102134 ape=0.5585
[17:53:42] warmStart (decay=exponential) 54% (644/1173) regret=0.102134 ape=0.5585
[17:53:43] warmStart (decay=exponential) 54% (645/1173) regret=0.102134 ape=0.5585
[17:53:43] warmStart (decay=exponential) 55% (646/1173) regret=0.102134 ape=0.5585
[17:53:43] warmStart (decay=exponential) 55% (647/1173) regret=0.102134 ape=0.5585
[17:53:43] warmStart (decay=exponential) 55% (648/1173) regret=0.102134 ape=0.5585
[17:53:43] warmStart (decay=exponential) 55% (649/1173) regret=0.102134 ape=0.5585
[17:53:43] warmStart (decay=exponential) 55% (650/1173) regret=0.102134 ape=0.5585
[17:53:43] warmStart (decay=exponential) 55% (651/1173) regret=0.102134 ape=0.5585
[17:53:44] warmStart (decay=exponential) 55% (652/1173) regret=0.102134 ape=0.5585
[17:53:44] warmStart (decay=exponential) 55% (653/1173) regret=0.102134 ape=0.5585
[17:53:44] warmStart (decay=exponential) 55% (654/1173) regret=0.102134 ape=0.5585
[17:53:44] warmStart (decay=exponential) 55% (655/1173) regret=0.102134 ape=0.5585
[17:53:44] warmStart (decay=exponential) 55% (656/1173) regret=0.102134 ape=0.5585
[17:53:44] warmStart (decay=exponential) 56% (657/1173) regret=0.102134 ape=0.5585
[17:53:44] warmStart (decay=exponential) 56% (658/1173) regret=0.102134 ape=0.5585
[17:53:45] warmStart (decay=exponential) 56% (659/1173) regret=0.102134 ape=0.5585
[17:53:45] warmStart (decay=exponential) 56% (660/1173) regret=0.102134 ape=0.5585
[17:53:45] warmStart (decay=exponential) 56% (661/1173) regret=0.102134 ape=0.5585
[17:53:45] warmStart (decay=exponential) 56% (662/1173) regret=0.102134 ape=0.5585
[17:53:45] warmStart (decay=exponential) 56% (663/1173) regret=0.102134 ape=0.5585
[17:53:45] warmStart (decay=exponential) 56% (664/1173) regret=0.102134 ape=0.5585
[17:53:46] warmStart (decay=exponential) 56% (665/1173) regret=0.102134 ape=0.5585
[17:53:46] warmStart (decay=exponential) 56% (666/1173) regret=0.102134 ape=0.5585
[17:53:46] warmStart (decay=exponential) 56% (667/1173) regret=0.102134 ape=0.5585
[17:53:46] warmStart (decay=exponential) 56% (668/1173) regret=0.102134 ape=0.5585
[17:53:46] warmStart (decay=exponential) 57% (669/1173) regret=0.102134 ape=0.5585
[17:53:46] warmStart (decay=exponential) 57% (670/1173) regret=0.102134 ape=0.5585
[17:53:46] warmStart (decay=exponential) 57% (671/1173) regret=0.102134 ape=0.5585
[17:53:47] warmStart (decay=exponential) 57% (672/1173) regret=0.102134 ape=0.5585
[17:53:47] warmStart (decay=exponential) 57% (673/1173) regret=0.102134 ape=0.5585
[17:53:47] warmStart (decay=exponential) 57% (674/1173) regret=0.102134 ape=0.5585
[17:53:47] warmStart (decay=exponential) 57% (675/1173) regret=0.102134 ape=0.5585
[17:53:47] warmStart (decay=exponential) 57% (676/1173) regret=0.102134 ape=0.5585
[17:53:47] warmStart (decay=exponential) 57% (677/1173) regret=0.102134 ape=0.5585
[17:53:47] warmStart (decay=exponential) 57% (678/1173) regret=0.102134 ape=0.5585
[17:53:48] warmStart (decay=exponential) 57% (679/1173) regret=0.102134 ape=0.5585
[17:53:48] warmStart (decay=exponential) 57% (680/1173) regret=0.102134 ape=0.5585
[17:53:48] warmStart (decay=exponential) 58% (681/1173) regret=0.102134 ape=0.5585
[17:53:48] warmStart (decay=exponential) 58% (682/1173) regret=0.102134 ape=0.5585
[17:53:48] warmStart (decay=exponential) 58% (683/1173) regret=0.102134 ape=0.5585
[17:53:48] warmStart (decay=exponential) 58% (684/1173) regret=0.102134 ape=0.5585
[17:53:49] warmStart (decay=exponential) 58% (685/1173) regret=0.102134 ape=0.5585
[17:53:49] warmStart (decay=exponential) 58% (686/1173) regret=0.102134 ape=0.5585
[17:53:49] warmStart (decay=exponential) 58% (687/1173) regret=0.102134 ape=0.5585
[17:53:49] warmStart (decay=exponential) 58% (688/1173) regret=0.102134 ape=0.5585
[17:53:49] warmStart (decay=exponential) 58% (689/1173) regret=0.102134 ape=0.5585
[17:53:49] warmStart (decay=exponential) 58% (690/1173) regret=0.102134 ape=0.5585
[17:53:49] warmStart (decay=exponential) 58% (691/1173) regret=0.102134 ape=0.5585
[17:53:50] warmStart (decay=exponential) 58% (692/1173) regret=0.102134 ape=0.5585
[17:53:50] warmStart (decay=exponential) 59% (693/1173) regret=0.102134 ape=0.5585
[17:53:50] warmStart (decay=exponential) 59% (694/1173) regret=0.102134 ape=0.5585
[17:53:50] warmStart (decay=exponential) 59% (695/1173) regret=0.102134 ape=0.5585
[17:53:50] warmStart (decay=exponential) 59% (696/1173) regret=0.102134 ape=0.5585
[17:53:50] warmStart (decay=exponential) 59% (697/1173) regret=0.102134 ape=0.5585
[17:53:51] warmStart (decay=exponential) 59% (698/1173) regret=0.102134 ape=0.5585
[17:53:51] warmStart (decay=exponential) 59% (699/1173) regret=0.102134 ape=0.5585
[17:53:51] warmStart (decay=exponential) 59% (700/1173) regret=0.102134 ape=0.5585
[17:53:51] warmStart (decay=exponential) 59% (701/1173) regret=0.102134 ape=0.5585
[17:53:51] warmStart (decay=exponential) 59% (702/1173) regret=0.102134 ape=0.5585
[17:53:51] warmStart (decay=exponential) 59% (703/1173) regret=0.102134 ape=0.5585
[17:53:51] warmStart (decay=exponential) 60% (704/1173) regret=0.102134 ape=0.5585
[17:53:52] warmStart (decay=exponential) 60% (705/1173) regret=0.102134 ape=0.5585
[17:53:52] warmStart (decay=exponential) 60% (706/1173) regret=0.102134 ape=0.5585
[17:53:52] warmStart (decay=exponential) 60% (707/1173) regret=0.102134 ape=0.5585
[17:53:52] warmStart (decay=exponential) 60% (708/1173) regret=0.102134 ape=0.5585
[17:53:52] warmStart (decay=exponential) 60% (709/1173) regret=0.102134 ape=0.5585
[17:53:52] warmStart (decay=exponential) 60% (710/1173) regret=0.102134 ape=0.5585
[17:53:53] warmStart (decay=exponential) 60% (711/1173) regret=0.102180 ape=0.5585
[17:53:53] warmStart (decay=exponential) 60% (712/1173) regret=0.102180 ape=0.5585
[17:53:53] warmStart (decay=exponential) 60% (713/1173) regret=0.102203 ape=0.5585
[17:53:53] warmStart (decay=exponential) 60% (714/1173) regret=0.102184 ape=0.5585
[17:53:53] warmStart (decay=exponential) 60% (715/1173) regret=0.102115 ape=0.5585
[17:53:53] warmStart (decay=exponential) 61% (716/1173) regret=0.102115 ape=0.5585
[17:53:54] warmStart (decay=exponential) 61% (717/1173) regret=0.102115 ape=0.5585
[17:53:54] warmStart (decay=exponential) 61% (718/1173) regret=0.102046 ape=0.5576
[17:53:54] warmStart (decay=exponential) 61% (719/1173) regret=0.102046 ape=0.5576
[17:53:54] warmStart (decay=exponential) 61% (720/1173) regret=0.102046 ape=0.5576
[17:53:54] warmStart (decay=exponential) 61% (721/1173) regret=0.102046 ape=0.5576
[17:53:54] warmStart (decay=exponential) 61% (722/1173) regret=0.102046 ape=0.5576
[17:53:55] warmStart (decay=exponential) 61% (723/1173) regret=0.102046 ape=0.5576
[17:53:55] warmStart (decay=exponential) 61% (724/1173) regret=0.102046 ape=0.5576
[17:53:55] warmStart (decay=exponential) 61% (725/1173) regret=0.102046 ape=0.5576
[17:53:55] warmStart (decay=exponential) 61% (726/1173) regret=0.102046 ape=0.5576
[17:53:55] warmStart (decay=exponential) 61% (727/1173) regret=0.102046 ape=0.5576
[17:53:56] warmStart (decay=exponential) 62% (728/1173) regret=0.102046 ape=0.5576
[17:53:56] warmStart (decay=exponential) 62% (729/1173) regret=0.102046 ape=0.5576
[17:53:56] warmStart (decay=exponential) 62% (730/1173) regret=0.102046 ape=0.5576
[17:53:56] warmStart (decay=exponential) 62% (731/1173) regret=0.102046 ape=0.5576
[17:53:56] warmStart (decay=exponential) 62% (732/1173) regret=0.102046 ape=0.5576
[17:53:56] warmStart (decay=exponential) 62% (733/1173) regret=0.102046 ape=0.5576
[17:53:57] warmStart (decay=exponential) 62% (734/1173) regret=0.102046 ape=0.5576
[17:53:57] warmStart (decay=exponential) 62% (735/1173) regret=0.102046 ape=0.5576
[17:53:57] warmStart (decay=exponential) 62% (736/1173) regret=0.102046 ape=0.5576
[17:53:57] warmStart (decay=exponential) 62% (737/1173) regret=0.102046 ape=0.5576
[17:53:57] warmStart (decay=exponential) 62% (738/1173) regret=0.102046 ape=0.5576
[17:53:57] warmStart (decay=exponential) 63% (739/1173) regret=0.102046 ape=0.5576
[17:53:58] warmStart (decay=exponential) 63% (740/1173) regret=0.102046 ape=0.5576
[17:53:58] warmStart (decay=exponential) 63% (741/1173) regret=0.102046 ape=0.5576
[17:53:58] warmStart (decay=exponential) 63% (742/1173) regret=0.102046 ape=0.5576
[17:53:58] warmStart (decay=exponential) 63% (743/1173) regret=0.102046 ape=0.5576
[17:53:58] warmStart (decay=exponential) 63% (744/1173) regret=0.102046 ape=0.5576
[17:53:59] warmStart (decay=exponential) 63% (745/1173) regret=0.102046 ape=0.5576
[17:53:59] warmStart (decay=exponential) 63% (746/1173) regret=0.102046 ape=0.5576
[17:53:59] warmStart (decay=exponential) 63% (747/1173) regret=0.102046 ape=0.5576
[17:53:59] warmStart (decay=exponential) 63% (748/1173) regret=0.102182 ape=0.5585
[17:53:59] warmStart (decay=exponential) 63% (749/1173) regret=0.102046 ape=0.5576
[17:53:59] warmStart (decay=exponential) 63% (750/1173) regret=0.102046 ape=0.5576
[17:54:00] warmStart (decay=exponential) 64% (751/1173) regret=0.102046 ape=0.5576
[17:54:00] warmStart (decay=exponential) 64% (752/1173) regret=0.102046 ape=0.5576
[17:54:00] warmStart (decay=exponential) 64% (753/1173) regret=0.102046 ape=0.5576
[17:54:00] warmStart (decay=exponential) 64% (754/1173) regret=0.102046 ape=0.5576
[17:54:00] warmStart (decay=exponential) 64% (755/1173) regret=0.102046 ape=0.5576
[17:54:00] warmStart (decay=exponential) 64% (756/1173) regret=0.102046 ape=0.5576
[17:54:00] warmStart (decay=exponential) 64% (757/1173) regret=0.102046 ape=0.5576
[17:54:01] warmStart (decay=exponential) 64% (758/1173) regret=0.102046 ape=0.5576
[17:54:01] warmStart (decay=exponential) 64% (759/1173) regret=0.102046 ape=0.5576
[17:54:01] warmStart (decay=exponential) 64% (760/1173) regret=0.102046 ape=0.5576
[17:54:01] warmStart (decay=exponential) 64% (761/1173) regret=0.102046 ape=0.5576
[17:54:01] warmStart (decay=exponential) 64% (762/1173) regret=0.102046 ape=0.5576
[17:54:01] warmStart (decay=exponential) 65% (763/1173) regret=0.102046 ape=0.5576
[17:54:02] warmStart (decay=exponential) 65% (764/1173) regret=0.102046 ape=0.5576
[17:54:02] warmStart (decay=exponential) 65% (765/1173) regret=0.102046 ape=0.5576
[17:54:02] warmStart (decay=exponential) 65% (766/1173) regret=0.102046 ape=0.5576
[17:54:02] warmStart (decay=exponential) 65% (767/1173) regret=0.102046 ape=0.5576
[17:54:02] warmStart (decay=exponential) 65% (768/1173) regret=0.102046 ape=0.5576
[17:54:02] warmStart (decay=exponential) 65% (769/1173) regret=0.102046 ape=0.5576
[17:54:03] warmStart (decay=exponential) 65% (770/1173) regret=0.102046 ape=0.5576
[17:54:03] warmStart (decay=exponential) 65% (771/1173) regret=0.102046 ape=0.5576
[17:54:03] warmStart (decay=exponential) 65% (772/1173) regret=0.102046 ape=0.5576
[17:54:03] warmStart (decay=exponential) 65% (773/1173) regret=0.102046 ape=0.5576
[17:54:03] warmStart (decay=exponential) 65% (774/1173) regret=0.102046 ape=0.5576
[17:54:03] warmStart (decay=exponential) 66% (775/1173) regret=0.102046 ape=0.5576
[17:54:04] warmStart (decay=exponential) 66% (776/1173) regret=0.102046 ape=0.5576
[17:54:04] warmStart (decay=exponential) 66% (777/1173) regret=0.102046 ape=0.5576
[17:54:04] warmStart (decay=exponential) 66% (778/1173) regret=0.102046 ape=0.5576
[17:54:04] warmStart (decay=exponential) 66% (779/1173) regret=0.102046 ape=0.5576
[17:54:04] warmStart (decay=exponential) 66% (780/1173) regret=0.102046 ape=0.5576
[17:54:04] warmStart (decay=exponential) 66% (781/1173) regret=0.102046 ape=0.5576
[17:54:05] warmStart (decay=exponential) 66% (782/1173) regret=0.102046 ape=0.5576
[17:54:05] warmStart (decay=exponential) 66% (783/1173) regret=0.102046 ape=0.5576
[17:54:05] warmStart (decay=exponential) 66% (784/1173) regret=0.102046 ape=0.5576
[17:54:05] warmStart (decay=exponential) 66% (785/1173) regret=0.102046 ape=0.5576
[17:54:05] warmStart (decay=exponential) 67% (786/1173) regret=0.102046 ape=0.5576
[17:54:05] warmStart (decay=exponential) 67% (787/1173) regret=0.102046 ape=0.5576
[17:54:06] warmStart (decay=exponential) 67% (788/1173) regret=0.102046 ape=0.5576
[17:54:06] warmStart (decay=exponential) 67% (789/1173) regret=0.102046 ape=0.5576
[17:54:06] warmStart (decay=exponential) 67% (790/1173) regret=0.102046 ape=0.5576
[17:54:06] warmStart (decay=exponential) 67% (791/1173) regret=0.102046 ape=0.5576
[17:54:06] warmStart (decay=exponential) 67% (792/1173) regret=0.102046 ape=0.5576
[17:54:06] warmStart (decay=exponential) 67% (793/1173) regret=0.102046 ape=0.5576
[17:54:07] warmStart (decay=exponential) 67% (794/1173) regret=0.102046 ape=0.5576
[17:54:07] warmStart (decay=exponential) 67% (795/1173) regret=0.102046 ape=0.5576
[17:54:07] warmStart (decay=exponential) 67% (796/1173) regret=0.102046 ape=0.5576
[17:54:07] warmStart (decay=exponential) 67% (797/1173) regret=0.102046 ape=0.5576
[17:54:07] warmStart (decay=exponential) 68% (798/1173) regret=0.102046 ape=0.5576
[17:54:07] warmStart (decay=exponential) 68% (799/1173) regret=0.102046 ape=0.5576
[17:54:08] warmStart (decay=exponential) 68% (800/1173) regret=0.102046 ape=0.5576
[17:54:08] warmStart (decay=exponential) 68% (801/1173) regret=0.102046 ape=0.5576
[17:54:08] warmStart (decay=exponential) 68% (802/1173) regret=0.102046 ape=0.5576
[17:54:08] warmStart (decay=exponential) 68% (803/1173) regret=0.102046 ape=0.5576
[17:54:08] warmStart (decay=exponential) 68% (804/1173) regret=0.102046 ape=0.5576
[17:54:08] warmStart (decay=exponential) 68% (805/1173) regret=0.102046 ape=0.5576
[17:54:09] warmStart (decay=exponential) 68% (806/1173) regret=0.102203 ape=0.5576
[17:54:09] warmStart (decay=exponential) 68% (807/1173) regret=0.102046 ape=0.5576
[17:54:09] warmStart (decay=exponential) 68% (808/1173) regret=0.102046 ape=0.5576
[17:54:09] warmStart (decay=exponential) 68% (809/1173) regret=0.102023 ape=0.5576
[17:54:09] warmStart (decay=exponential) 69% (810/1173) regret=0.102023 ape=0.5576
[17:54:09] warmStart (decay=exponential) 69% (811/1173) regret=0.101991 ape=0.5567
[17:54:10] warmStart (decay=exponential) 69% (812/1173) regret=0.102194 ape=0.5576
[17:54:10] warmStart (decay=exponential) 69% (813/1173) regret=0.102194 ape=0.5576
[17:54:10] warmStart (decay=exponential) 69% (814/1173) regret=0.102023 ape=0.5576
[17:54:10] warmStart (decay=exponential) 69% (815/1173) regret=0.102023 ape=0.5576
[17:54:10] warmStart (decay=exponential) 69% (816/1173) regret=0.102023 ape=0.5576
[17:54:10] warmStart (decay=exponential) 69% (817/1173) regret=0.102042 ape=0.5576
[17:54:11] warmStart (decay=exponential) 69% (818/1173) regret=0.102042 ape=0.5576
[17:54:11] warmStart (decay=exponential) 69% (819/1173) regret=0.102023 ape=0.5576
[17:54:11] warmStart (decay=exponential) 69% (820/1173) regret=0.102023 ape=0.5576
[17:54:11] warmStart (decay=exponential) 69% (821/1173) regret=0.102023 ape=0.5576
[17:54:11] warmStart (decay=exponential) 70% (822/1173) regret=0.102023 ape=0.5576
[17:54:12] warmStart (decay=exponential) 70% (823/1173) regret=0.102023 ape=0.5576
[17:54:12] warmStart (decay=exponential) 70% (824/1173) regret=0.102023 ape=0.5576
[17:54:12] warmStart (decay=exponential) 70% (825/1173) regret=0.102023 ape=0.5576
[17:54:12] warmStart (decay=exponential) 70% (826/1173) regret=0.101991 ape=0.5567
[17:54:12] warmStart (decay=exponential) 70% (827/1173) regret=0.101991 ape=0.5567
[17:54:12] warmStart (decay=exponential) 70% (828/1173) regret=0.101991 ape=0.5567
[17:54:13] warmStart (decay=exponential) 70% (829/1173) regret=0.101991 ape=0.5567
[17:54:13] warmStart (decay=exponential) 70% (830/1173) regret=0.101991 ape=0.5567
[17:54:13] warmStart (decay=exponential) 70% (831/1173) regret=0.101991 ape=0.5567
[17:54:13] warmStart (decay=exponential) 70% (832/1173) regret=0.101991 ape=0.5567
[17:54:13] warmStart (decay=exponential) 71% (833/1173) regret=0.101991 ape=0.5567
[17:54:13] warmStart (decay=exponential) 71% (834/1173) regret=0.101991 ape=0.5567
[17:54:14] warmStart (decay=exponential) 71% (835/1173) regret=0.101991 ape=0.5567
[17:54:14] warmStart (decay=exponential) 71% (836/1173) regret=0.101991 ape=0.5567
[17:54:14] warmStart (decay=exponential) 71% (837/1173) regret=0.101991 ape=0.5567
[17:54:14] warmStart (decay=exponential) 71% (838/1173) regret=0.101991 ape=0.5567
[17:54:14] warmStart (decay=exponential) 71% (839/1173) regret=0.101991 ape=0.5567
[17:54:14] warmStart (decay=exponential) 71% (840/1173) regret=0.101991 ape=0.5567
[17:54:15] warmStart (decay=exponential) 71% (841/1173) regret=0.101991 ape=0.5567
[17:54:15] warmStart (decay=exponential) 71% (842/1173) regret=0.101991 ape=0.5567
[17:54:15] warmStart (decay=exponential) 71% (843/1173) regret=0.101991 ape=0.5567
[17:54:15] warmStart (decay=exponential) 71% (844/1173) regret=0.101991 ape=0.5567
[17:54:15] warmStart (decay=exponential) 72% (845/1173) regret=0.101991 ape=0.5567
[17:54:15] warmStart (decay=exponential) 72% (846/1173) regret=0.101991 ape=0.5567
[17:54:16] warmStart (decay=exponential) 72% (847/1173) regret=0.101991 ape=0.5567
[17:54:16] warmStart (decay=exponential) 72% (848/1173) regret=0.101991 ape=0.5567
[17:54:16] warmStart (decay=exponential) 72% (849/1173) regret=0.101991 ape=0.5567
[17:54:16] warmStart (decay=exponential) 72% (850/1173) regret=0.101991 ape=0.5567
[17:54:16] warmStart (decay=exponential) 72% (851/1173) regret=0.101991 ape=0.5567
[17:54:16] warmStart (decay=exponential) 72% (852/1173) regret=0.101991 ape=0.5567
[17:54:16] warmStart (decay=exponential) 72% (853/1173) regret=0.101991 ape=0.5567
[17:54:17] warmStart (decay=exponential) 72% (854/1173) regret=0.101991 ape=0.5567
[17:54:17] warmStart (decay=exponential) 72% (855/1173) regret=0.101991 ape=0.5567
[17:54:17] warmStart (decay=exponential) 72% (856/1173) regret=0.101991 ape=0.5567
[17:54:17] warmStart (decay=exponential) 73% (857/1173) regret=0.101991 ape=0.5567
[17:54:17] warmStart (decay=exponential) 73% (858/1173) regret=0.101991 ape=0.5567
[17:54:17] warmStart (decay=exponential) 73% (859/1173) regret=0.101991 ape=0.5567
[17:54:18] warmStart (decay=exponential) 73% (860/1173) regret=0.101991 ape=0.5567
[17:54:18] warmStart (decay=exponential) 73% (861/1173) regret=0.101991 ape=0.5567
[17:54:18] warmStart (decay=exponential) 73% (862/1173) regret=0.101991 ape=0.5567
[17:54:18] warmStart (decay=exponential) 73% (863/1173) regret=0.101991 ape=0.5567
[17:54:18] warmStart (decay=exponential) 73% (864/1173) regret=0.101991 ape=0.5567
[17:54:18] warmStart (decay=exponential) 73% (865/1173) regret=0.101991 ape=0.5567
[17:54:18] warmStart (decay=exponential) 73% (866/1173) regret=0.101991 ape=0.5567
[17:54:19] warmStart (decay=exponential) 73% (867/1173) regret=0.101991 ape=0.5567
[17:54:19] warmStart (decay=exponential) 73% (868/1173) regret=0.101991 ape=0.5567
[17:54:19] warmStart (decay=exponential) 74% (869/1173) regret=0.101991 ape=0.5567
[17:54:19] warmStart (decay=exponential) 74% (870/1173) regret=0.101991 ape=0.5567
[17:54:19] warmStart (decay=exponential) 74% (871/1173) regret=0.101991 ape=0.5567
[17:54:19] warmStart (decay=exponential) 74% (872/1173) regret=0.101991 ape=0.5567
[17:54:20] warmStart (decay=exponential) 74% (873/1173) regret=0.101991 ape=0.5567
[17:54:20] warmStart (decay=exponential) 74% (874/1173) regret=0.101991 ape=0.5567
[17:54:20] warmStart (decay=exponential) 74% (875/1173) regret=0.101991 ape=0.5567
[17:54:20] warmStart (decay=exponential) 74% (876/1173) regret=0.101991 ape=0.5567
[17:54:20] warmStart (decay=exponential) 74% (877/1173) regret=0.101991 ape=0.5567
[17:54:20] warmStart (decay=exponential) 74% (878/1173) regret=0.101991 ape=0.5567
[17:54:21] warmStart (decay=exponential) 74% (879/1173) regret=0.101991 ape=0.5567
[17:54:21] warmStart (decay=exponential) 75% (880/1173) regret=0.101991 ape=0.5567
[17:54:21] warmStart (decay=exponential) 75% (881/1173) regret=0.101991 ape=0.5567
[17:54:21] warmStart (decay=exponential) 75% (882/1173) regret=0.101991 ape=0.5567
[17:54:21] warmStart (decay=exponential) 75% (883/1173) regret=0.101991 ape=0.5567
[17:54:21] warmStart (decay=exponential) 75% (884/1173) regret=0.101991 ape=0.5567
[17:54:21] warmStart (decay=exponential) 75% (885/1173) regret=0.101991 ape=0.5567
[17:54:22] warmStart (decay=exponential) 75% (886/1173) regret=0.101991 ape=0.5567
[17:54:22] warmStart (decay=exponential) 75% (887/1173) regret=0.101991 ape=0.5567
[17:54:22] warmStart (decay=exponential) 75% (888/1173) regret=0.101991 ape=0.5567
[17:54:22] warmStart (decay=exponential) 75% (889/1173) regret=0.101991 ape=0.5567
[17:54:22] warmStart (decay=exponential) 75% (890/1173) regret=0.101991 ape=0.5567
[17:54:22] warmStart (decay=exponential) 75% (891/1173) regret=0.101991 ape=0.5567
[17:54:23] warmStart (decay=exponential) 76% (892/1173) regret=0.101991 ape=0.5567
[17:54:23] warmStart (decay=exponential) 76% (893/1173) regret=0.101991 ape=0.5567
[17:54:23] warmStart (decay=exponential) 76% (894/1173) regret=0.101991 ape=0.5567
[17:54:23] warmStart (decay=exponential) 76% (895/1173) regret=0.101991 ape=0.5567
[17:54:23] warmStart (decay=exponential) 76% (896/1173) regret=0.101991 ape=0.5567
[17:54:23] warmStart (decay=exponential) 76% (897/1173) regret=0.101991 ape=0.5567
[17:54:24] warmStart (decay=exponential) 76% (898/1173) regret=0.101991 ape=0.5567
[17:54:24] warmStart (decay=exponential) 76% (899/1173) regret=0.101991 ape=0.5567
[17:54:24] warmStart (decay=exponential) 76% (900/1173) regret=0.101991 ape=0.5567
[17:54:24] warmStart (decay=exponential) 76% (901/1173) regret=0.101991 ape=0.5567
[17:54:24] warmStart (decay=exponential) 76% (902/1173) regret=0.101991 ape=0.5567
[17:54:24] warmStart (decay=exponential) 76% (903/1173) regret=0.101991 ape=0.5567
[17:54:24] warmStart (decay=exponential) 77% (904/1173) regret=0.101991 ape=0.5567
[17:54:25] warmStart (decay=exponential) 77% (905/1173) regret=0.101991 ape=0.5567
[17:54:25] warmStart (decay=exponential) 77% (906/1173) regret=0.101991 ape=0.5567
[17:54:25] warmStart (decay=exponential) 77% (907/1173) regret=0.101991 ape=0.5567
[17:54:25] warmStart (decay=exponential) 77% (908/1173) regret=0.101991 ape=0.5567
[17:54:25] warmStart (decay=exponential) 77% (909/1173) regret=0.101991 ape=0.5567
[17:54:25] warmStart (decay=exponential) 77% (910/1173) regret=0.101991 ape=0.5567
[17:54:26] warmStart (decay=exponential) 77% (911/1173) regret=0.101991 ape=0.5567
[17:54:26] warmStart (decay=exponential) 77% (912/1173) regret=0.101991 ape=0.5567
[17:54:26] warmStart (decay=exponential) 77% (913/1173) regret=0.101991 ape=0.5567
[17:54:26] warmStart (decay=exponential) 77% (914/1173) regret=0.101991 ape=0.5567
[17:54:26] warmStart (decay=exponential) 78% (915/1173) regret=0.101991 ape=0.5567
[17:54:26] warmStart (decay=exponential) 78% (916/1173) regret=0.101991 ape=0.5567
[17:54:27] warmStart (decay=exponential) 78% (917/1173) regret=0.101991 ape=0.5567
[17:54:27] warmStart (decay=exponential) 78% (918/1173) regret=0.101991 ape=0.5567
[17:54:27] warmStart (decay=exponential) 78% (919/1173) regret=0.101991 ape=0.5567
[17:54:27] warmStart (decay=exponential) 78% (920/1173) regret=0.101991 ape=0.5567
[17:54:27] warmStart (decay=exponential) 78% (921/1173) regret=0.101991 ape=0.5567
[17:54:27] warmStart (decay=exponential) 78% (922/1173) regret=0.101991 ape=0.5567
[17:54:27] warmStart (decay=exponential) 78% (923/1173) regret=0.101991 ape=0.5567
[17:54:28] warmStart (decay=exponential) 78% (924/1173) regret=0.101991 ape=0.5567
[17:54:28] warmStart (decay=exponential) 78% (925/1173) regret=0.101991 ape=0.5567
[17:54:28] warmStart (decay=exponential) 78% (926/1173) regret=0.101991 ape=0.5567
[17:54:28] warmStart (decay=exponential) 79% (927/1173) regret=0.101991 ape=0.5567
[17:54:28] warmStart (decay=exponential) 79% (928/1173) regret=0.101991 ape=0.5567
[17:54:28] warmStart (decay=exponential) 79% (929/1173) regret=0.101991 ape=0.5567
[17:54:29] warmStart (decay=exponential) 79% (930/1173) regret=0.101991 ape=0.5567
[17:54:29] warmStart (decay=exponential) 79% (931/1173) regret=0.101991 ape=0.5567
[17:54:29] warmStart (decay=exponential) 79% (932/1173) regret=0.101991 ape=0.5567
[17:54:29] warmStart (decay=exponential) 79% (933/1173) regret=0.101991 ape=0.5567
[17:54:29] warmStart (decay=exponential) 79% (934/1173) regret=0.101991 ape=0.5567
[17:54:29] warmStart (decay=exponential) 79% (935/1173) regret=0.101991 ape=0.5567
[17:54:30] warmStart (decay=exponential) 79% (936/1173) regret=0.101991 ape=0.5567
[17:54:30] warmStart (decay=exponential) 79% (937/1173) regret=0.101991 ape=0.5567
[17:54:30] warmStart (decay=exponential) 79% (938/1173) regret=0.101991 ape=0.5567
[17:54:30] warmStart (decay=exponential) 80% (939/1173) regret=0.101991 ape=0.5567
[17:54:30] warmStart (decay=exponential) 80% (940/1173) regret=0.101991 ape=0.5567
[17:54:30] warmStart (decay=exponential) 80% (941/1173) regret=0.101991 ape=0.5567
[17:54:30] warmStart (decay=exponential) 80% (942/1173) regret=0.101991 ape=0.5567
[17:54:31] warmStart (decay=exponential) 80% (943/1173) regret=0.101991 ape=0.5567
[17:54:31] warmStart (decay=exponential) 80% (944/1173) regret=0.101991 ape=0.5567
[17:54:31] warmStart (decay=exponential) 80% (945/1173) regret=0.101991 ape=0.5567
[17:54:31] warmStart (decay=exponential) 80% (946/1173) regret=0.101991 ape=0.5567
[17:54:31] warmStart (decay=exponential) 80% (947/1173) regret=0.101991 ape=0.5567
[17:54:31] warmStart (decay=exponential) 80% (948/1173) regret=0.101991 ape=0.5567
[17:54:32] warmStart (decay=exponential) 80% (949/1173) regret=0.101991 ape=0.5567
[17:54:32] warmStart (decay=exponential) 80% (950/1173) regret=0.101991 ape=0.5567
[17:54:32] warmStart (decay=exponential) 81% (951/1173) regret=0.101991 ape=0.5567
[17:54:32] warmStart (decay=exponential) 81% (952/1173) regret=0.101991 ape=0.5567
[17:54:32] warmStart (decay=exponential) 81% (953/1173) regret=0.101991 ape=0.5567
[17:54:32] warmStart (decay=exponential) 81% (954/1173) regret=0.101991 ape=0.5567
[17:54:33] warmStart (decay=exponential) 81% (955/1173) regret=0.101991 ape=0.5567
[17:54:33] warmStart (decay=exponential) 81% (956/1173) regret=0.101991 ape=0.5567
[17:54:33] warmStart (decay=exponential) 81% (957/1173) regret=0.101991 ape=0.5567
[17:54:33] warmStart (decay=exponential) 81% (958/1173) regret=0.101991 ape=0.5567
[17:54:33] warmStart (decay=exponential) 81% (959/1173) regret=0.101991 ape=0.5567
[17:54:33] warmStart (decay=exponential) 81% (960/1173) regret=0.101991 ape=0.5567
[17:54:34] warmStart (decay=exponential) 81% (961/1173) regret=0.101991 ape=0.5567
[17:54:34] warmStart (decay=exponential) 82% (962/1173) regret=0.101991 ape=0.5567
[17:54:34] warmStart (decay=exponential) 82% (963/1173) regret=0.101991 ape=0.5567
[17:54:34] warmStart (decay=exponential) 82% (964/1173) regret=0.101991 ape=0.5567
[17:54:34] warmStart (decay=exponential) 82% (965/1173) regret=0.101991 ape=0.5567
[17:54:34] warmStart (decay=exponential) 82% (966/1173) regret=0.101991 ape=0.5567
[17:54:35] warmStart (decay=exponential) 82% (967/1173) regret=0.101991 ape=0.5567
[17:54:35] warmStart (decay=exponential) 82% (968/1173) regret=0.101991 ape=0.5567
[17:54:35] warmStart (decay=exponential) 82% (969/1173) regret=0.101991 ape=0.5567
[17:54:35] warmStart (decay=exponential) 82% (970/1173) regret=0.101991 ape=0.5567
[17:54:35] warmStart (decay=exponential) 82% (971/1173) regret=0.101991 ape=0.5567
[17:54:35] warmStart (decay=exponential) 82% (972/1173) regret=0.101991 ape=0.5567
[17:54:35] warmStart (decay=exponential) 82% (973/1173) regret=0.101991 ape=0.5567
[17:54:36] warmStart (decay=exponential) 83% (974/1173) regret=0.101991 ape=0.5567
[17:54:36] warmStart (decay=exponential) 83% (975/1173) regret=0.101991 ape=0.5567
[17:54:36] warmStart (decay=exponential) 83% (976/1173) regret=0.101991 ape=0.5567
[17:54:36] warmStart (decay=exponential) 83% (977/1173) regret=0.101991 ape=0.5567
[17:54:36] warmStart (decay=exponential) 83% (978/1173) regret=0.101991 ape=0.5567
[17:54:36] warmStart (decay=exponential) 83% (979/1173) regret=0.101991 ape=0.5567
[17:54:37] warmStart (decay=exponential) 83% (980/1173) regret=0.101991 ape=0.5567
[17:54:37] warmStart (decay=exponential) 83% (981/1173) regret=0.101991 ape=0.5567
[17:54:37] warmStart (decay=exponential) 83% (982/1173) regret=0.101991 ape=0.5567
[17:54:37] warmStart (decay=exponential) 83% (983/1173) regret=0.101991 ape=0.5567
[17:54:37] warmStart (decay=exponential) 83% (984/1173) regret=0.101991 ape=0.5567
[17:54:37] warmStart (decay=exponential) 83% (985/1173) regret=0.101991 ape=0.5567
[17:54:38] warmStart (decay=exponential) 84% (986/1173) regret=0.101991 ape=0.5567
[17:54:38] warmStart (decay=exponential) 84% (987/1173) regret=0.101991 ape=0.5567
[17:54:38] warmStart (decay=exponential) 84% (988/1173) regret=0.101991 ape=0.5567
[17:54:38] warmStart (decay=exponential) 84% (989/1173) regret=0.101991 ape=0.5567
[17:54:38] warmStart (decay=exponential) 84% (990/1173) regret=0.101991 ape=0.5567
[17:54:38] warmStart (decay=exponential) 84% (991/1173) regret=0.101991 ape=0.5567
[17:54:39] warmStart (decay=exponential) 84% (992/1173) regret=0.101991 ape=0.5567
[17:54:39] warmStart (decay=exponential) 84% (993/1173) regret=0.101991 ape=0.5567
[17:54:39] warmStart (decay=exponential) 84% (994/1173) regret=0.101991 ape=0.5567
[17:54:39] warmStart (decay=exponential) 84% (995/1173) regret=0.101991 ape=0.5567
[17:54:39] warmStart (decay=exponential) 84% (996/1173) regret=0.101991 ape=0.5567
[17:54:39] warmStart (decay=exponential) 84% (997/1173) regret=0.101991 ape=0.5567
[17:54:40] warmStart (decay=exponential) 85% (998/1173) regret=0.101991 ape=0.5567
[17:54:40] warmStart (decay=exponential) 85% (999/1173) regret=0.101991 ape=0.5567
[17:54:40] warmStart (decay=exponential) 85% (1000/1173) regret=0.101991 ape=0.5567
[17:54:40] warmStart (decay=exponential) 85% (1001/1173) regret=0.101991 ape=0.5567
[17:54:40] warmStart (decay=exponential) 85% (1002/1173) regret=0.101991 ape=0.5567
[17:54:40] warmStart (decay=exponential) 85% (1003/1173) regret=0.101991 ape=0.5567
[17:54:40] warmStart (decay=exponential) 85% (1004/1173) regret=0.101991 ape=0.5567
[17:54:41] warmStart (decay=exponential) 85% (1005/1173) regret=0.101991 ape=0.5567
[17:54:41] warmStart (decay=exponential) 85% (1006/1173) regret=0.101991 ape=0.5567
[17:54:41] warmStart (decay=exponential) 85% (1007/1173) regret=0.101991 ape=0.5567
[17:54:41] warmStart (decay=exponential) 85% (1008/1173) regret=0.101991 ape=0.5567
[17:54:41] warmStart (decay=exponential) 86% (1009/1173) regret=0.102000 ape=0.5567
[17:54:41] warmStart (decay=exponential) 86% (1010/1173) regret=0.102000 ape=0.5567
[17:54:42] warmStart (decay=exponential) 86% (1011/1173) regret=0.102000 ape=0.5567
[17:54:42] warmStart (decay=exponential) 86% (1012/1173) regret=0.102005 ape=0.5567
[17:54:42] warmStart (decay=exponential) 86% (1013/1173) regret=0.102005 ape=0.5567
[17:54:42] warmStart (decay=exponential) 86% (1014/1173) regret=0.102000 ape=0.5567
[17:54:42] warmStart (decay=exponential) 86% (1015/1173) regret=0.102000 ape=0.5567
[17:54:43] warmStart (decay=exponential) 86% (1016/1173) regret=0.102000 ape=0.5567
[17:54:43] warmStart (decay=exponential) 86% (1017/1173) regret=0.102000 ape=0.5567
[17:54:43] warmStart (decay=exponential) 86% (1018/1173) regret=0.102000 ape=0.5567
[17:54:43] warmStart (decay=exponential) 86% (1019/1173) regret=0.101949 ape=0.5558
[17:54:43] warmStart (decay=exponential) 86% (1020/1173) regret=0.101949 ape=0.5558
[17:54:43] warmStart (decay=exponential) 87% (1021/1173) regret=0.102000 ape=0.5567
[17:54:44] warmStart (decay=exponential) 87% (1022/1173) regret=0.102000 ape=0.5567
[17:54:44] warmStart (decay=exponential) 87% (1023/1173) regret=0.102000 ape=0.5567
[17:54:44] warmStart (decay=exponential) 87% (1024/1173) regret=0.102000 ape=0.5567
[17:54:44] warmStart (decay=exponential) 87% (1025/1173) regret=0.102000 ape=0.5567
[17:54:44] warmStart (decay=exponential) 87% (1026/1173) regret=0.102000 ape=0.5567
[17:54:44] warmStart (decay=exponential) 87% (1027/1173) regret=0.101567 ape=0.5558
[17:54:45] warmStart (decay=exponential) 87% (1028/1173) regret=0.101567 ape=0.5558
[17:54:45] warmStart (decay=exponential) 87% (1029/1173) regret=0.102065 ape=0.5567
[17:54:45] warmStart (decay=exponential) 87% (1030/1173) regret=0.101567 ape=0.5558
[17:54:45] warmStart (decay=exponential) 87% (1031/1173) regret=0.101567 ape=0.5558
[17:54:45] warmStart (decay=exponential) 87% (1032/1173) regret=0.101567 ape=0.5558
[17:54:45] warmStart (decay=exponential) 88% (1033/1173) regret=0.101567 ape=0.5558
[17:54:46] warmStart (decay=exponential) 88% (1034/1173) regret=0.101567 ape=0.5558
[17:54:46] warmStart (decay=exponential) 88% (1035/1173) regret=0.101567 ape=0.5558
[17:54:46] warmStart (decay=exponential) 88% (1036/1173) regret=0.101567 ape=0.5558
[17:54:46] warmStart (decay=exponential) 88% (1037/1173) regret=0.101567 ape=0.5558
[17:54:46] warmStart (decay=exponential) 88% (1038/1173) regret=0.101567 ape=0.5558
[17:54:46] warmStart (decay=exponential) 88% (1039/1173) regret=0.101567 ape=0.5558
[17:54:47] warmStart (decay=exponential) 88% (1040/1173) regret=0.101567 ape=0.5558
[17:54:47] warmStart (decay=exponential) 88% (1041/1173) regret=0.101567 ape=0.5558
[17:54:47] warmStart (decay=exponential) 88% (1042/1173) regret=0.101567 ape=0.5558
[17:54:47] warmStart (decay=exponential) 88% (1043/1173) regret=0.101567 ape=0.5558
[17:54:47] warmStart (decay=exponential) 89% (1044/1173) regret=0.101567 ape=0.5558
[17:54:47] warmStart (decay=exponential) 89% (1045/1173) regret=0.101567 ape=0.5558
[17:54:47] warmStart (decay=exponential) 89% (1046/1173) regret=0.101567 ape=0.5558
[17:54:48] warmStart (decay=exponential) 89% (1047/1173) regret=0.101567 ape=0.5558
[17:54:48] warmStart (decay=exponential) 89% (1048/1173) regret=0.101567 ape=0.5558
[17:54:48] warmStart (decay=exponential) 89% (1049/1173) regret=0.101567 ape=0.5558
[17:54:48] warmStart (decay=exponential) 89% (1050/1173) regret=0.101567 ape=0.5558
[17:54:48] warmStart (decay=exponential) 89% (1051/1173) regret=0.101567 ape=0.5558
[17:54:48] warmStart (decay=exponential) 89% (1052/1173) regret=0.101567 ape=0.5558
[17:54:49] warmStart (decay=exponential) 89% (1053/1173) regret=0.101567 ape=0.5558
[17:54:49] warmStart (decay=exponential) 89% (1054/1173) regret=0.101567 ape=0.5558
[17:54:49] warmStart (decay=exponential) 89% (1055/1173) regret=0.101567 ape=0.5558
[17:54:49] warmStart (decay=exponential) 90% (1056/1173) regret=0.101567 ape=0.5558
[17:54:49] warmStart (decay=exponential) 90% (1057/1173) regret=0.101567 ape=0.5558
[17:54:49] warmStart (decay=exponential) 90% (1058/1173) regret=0.101567 ape=0.5558
[17:54:50] warmStart (decay=exponential) 90% (1059/1173) regret=0.101567 ape=0.5558
[17:54:50] warmStart (decay=exponential) 90% (1060/1173) regret=0.101567 ape=0.5558
[17:54:50] warmStart (decay=exponential) 90% (1061/1173) regret=0.101567 ape=0.5558
[17:54:50] warmStart (decay=exponential) 90% (1062/1173) regret=0.101567 ape=0.5558
[17:54:50] warmStart (decay=exponential) 90% (1063/1173) regret=0.101567 ape=0.5558
[17:54:50] warmStart (decay=exponential) 90% (1064/1173) regret=0.101567 ape=0.5558
[17:54:50] warmStart (decay=exponential) 90% (1065/1173) regret=0.101567 ape=0.5558
[17:54:51] warmStart (decay=exponential) 90% (1066/1173) regret=0.101567 ape=0.5558
[17:54:51] warmStart (decay=exponential) 90% (1067/1173) regret=0.101567 ape=0.5558
[17:54:51] warmStart (decay=exponential) 91% (1068/1173) regret=0.101567 ape=0.5558
[17:54:51] warmStart (decay=exponential) 91% (1069/1173) regret=0.101567 ape=0.5558
[17:54:51] warmStart (decay=exponential) 91% (1070/1173) regret=0.101567 ape=0.5558
[17:54:51] warmStart (decay=exponential) 91% (1071/1173) regret=0.101567 ape=0.5558
[17:54:52] warmStart (decay=exponential) 91% (1072/1173) regret=0.101567 ape=0.5558
[17:54:52] warmStart (decay=exponential) 91% (1073/1173) regret=0.101567 ape=0.5558
[17:54:52] warmStart (decay=exponential) 91% (1074/1173) regret=0.101567 ape=0.5558
[17:54:52] warmStart (decay=exponential) 91% (1075/1173) regret=0.101567 ape=0.5558
[17:54:52] warmStart (decay=exponential) 91% (1076/1173) regret=0.101567 ape=0.5558
[17:54:52] warmStart (decay=exponential) 91% (1077/1173) regret=0.101567 ape=0.5558
[17:54:52] warmStart (decay=exponential) 91% (1078/1173) regret=0.101567 ape=0.5558
[17:54:53] warmStart (decay=exponential) 91% (1079/1173) regret=0.101567 ape=0.5558
[17:54:53] warmStart (decay=exponential) 92% (1080/1173) regret=0.101567 ape=0.5558
[17:54:53] warmStart (decay=exponential) 92% (1081/1173) regret=0.101751 ape=0.5567
[17:54:53] warmStart (decay=exponential) 92% (1082/1173) regret=0.101751 ape=0.5567
[17:54:53] warmStart (decay=exponential) 92% (1083/1173) regret=0.101567 ape=0.5558
[17:54:53] warmStart (decay=exponential) 92% (1084/1173) regret=0.101567 ape=0.5558
[17:54:54] warmStart (decay=exponential) 92% (1085/1173) regret=0.101567 ape=0.5558
[17:54:54] warmStart (decay=exponential) 92% (1086/1173) regret=0.101567 ape=0.5558
[17:54:54] warmStart (decay=exponential) 92% (1087/1173) regret=0.101567 ape=0.5558
[17:54:54] warmStart (decay=exponential) 92% (1088/1173) regret=0.101567 ape=0.5558
[17:54:54] warmStart (decay=exponential) 92% (1089/1173) regret=0.101567 ape=0.5558
[17:54:54] warmStart (decay=exponential) 92% (1090/1173) regret=0.101567 ape=0.5558
[17:54:54] warmStart (decay=exponential) 93% (1091/1173) regret=0.101567 ape=0.5558
[17:54:55] warmStart (decay=exponential) 93% (1092/1173) regret=0.101567 ape=0.5558
[17:54:55] warmStart (decay=exponential) 93% (1093/1173) regret=0.101632 ape=0.5558
[17:54:55] warmStart (decay=exponential) 93% (1094/1173) regret=0.101585 ape=0.5558
[17:54:55] warmStart (decay=exponential) 93% (1095/1173) regret=0.101632 ape=0.5558
[17:54:55] warmStart (decay=exponential) 93% (1096/1173) regret=0.101604 ape=0.5558
[17:54:55] warmStart (decay=exponential) 93% (1097/1173) regret=0.101585 ape=0.5558
[17:54:56] warmStart (decay=exponential) 93% (1098/1173) regret=0.101567 ape=0.5558
[17:54:56] warmStart (decay=exponential) 93% (1099/1173) regret=0.101632 ape=0.5558
[17:54:56] warmStart (decay=exponential) 93% (1100/1173) regret=0.101549 ape=0.5558
[17:54:56] warmStart (decay=exponential) 93% (1101/1173) regret=0.101632 ape=0.5558
[17:54:56] warmStart (decay=exponential) 93% (1102/1173) regret=0.101650 ape=0.5558
[17:54:56] warmStart (decay=exponential) 94% (1103/1173) regret=0.101632 ape=0.5558
[17:54:56] warmStart (decay=exponential) 94% (1104/1173) regret=0.101585 ape=0.5558
[17:54:57] warmStart (decay=exponential) 94% (1105/1173) regret=0.101632 ape=0.5558
[17:54:57] warmStart (decay=exponential) 94% (1106/1173) regret=0.101549 ape=0.5558
[17:54:57] warmStart (decay=exponential) 94% (1107/1173) regret=0.101632 ape=0.5558
[17:54:57] warmStart (decay=exponential) 94% (1108/1173) regret=0.101549 ape=0.5558
[17:54:57] warmStart (decay=exponential) 94% (1109/1173) regret=0.101549 ape=0.5558
[17:54:57] warmStart (decay=exponential) 94% (1110/1173) regret=0.101549 ape=0.5558
[17:54:57] warmStart (decay=exponential) 94% (1111/1173) regret=0.101549 ape=0.5558
[17:54:58] warmStart (decay=exponential) 94% (1112/1173) regret=0.101549 ape=0.5558
[17:54:58] warmStart (decay=exponential) 94% (1113/1173) regret=0.101549 ape=0.5558
[17:54:58] warmStart (decay=exponential) 94% (1114/1173) regret=0.101622 ape=0.5558
[17:54:58] warmStart (decay=exponential) 95% (1115/1173) regret=0.101622 ape=0.5558
[17:54:58] warmStart (decay=exponential) 95% (1116/1173) regret=0.101622 ape=0.5558
[17:54:58] warmStart (decay=exponential) 95% (1117/1173) regret=0.101622 ape=0.5558
[17:54:59] warmStart (decay=exponential) 95% (1118/1173) regret=0.101622 ape=0.5558
[17:54:59] warmStart (decay=exponential) 95% (1119/1173) regret=0.101622 ape=0.5558
[17:54:59] warmStart (decay=exponential) 95% (1120/1173) regret=0.101622 ape=0.5558
[17:54:59] warmStart (decay=exponential) 95% (1121/1173) regret=0.101622 ape=0.5558
[17:54:59] warmStart (decay=exponential) 95% (1122/1173) regret=0.101512 ape=0.5548
[17:54:59] warmStart (decay=exponential) 95% (1123/1173) regret=0.101512 ape=0.5548
[17:54:59] warmStart (decay=exponential) 95% (1124/1173) regret=0.101512 ape=0.5548
[17:55:00] warmStart (decay=exponential) 95% (1125/1173) regret=0.101512 ape=0.5548
[17:55:00] warmStart (decay=exponential) 95% (1126/1173) regret=0.101512 ape=0.5548
[17:55:00] warmStart (decay=exponential) 96% (1127/1173) regret=0.101512 ape=0.5548
[17:55:00] warmStart (decay=exponential) 96% (1128/1173) regret=0.101512 ape=0.5548
[17:55:00] warmStart (decay=exponential) 96% (1129/1173) regret=0.101512 ape=0.5548
[17:55:00] warmStart (decay=exponential) 96% (1130/1173) regret=0.101500 ape=0.5539
[17:55:01] warmStart (decay=exponential) 96% (1131/1173) regret=0.101512 ape=0.5548
[17:55:01] warmStart (decay=exponential) 96% (1132/1173) regret=0.101512 ape=0.5548
[17:55:01] warmStart (decay=exponential) 96% (1133/1173) regret=0.101500 ape=0.5539
[17:55:01] warmStart (decay=exponential) 96% (1134/1173) regret=0.101500 ape=0.5539
[17:55:01] warmStart (decay=exponential) 96% (1135/1173) regret=0.101500 ape=0.5539
[17:55:01] warmStart (decay=exponential) 96% (1136/1173) regret=0.101500 ape=0.5539
[17:55:01] warmStart (decay=exponential) 96% (1137/1173) regret=0.101500 ape=0.5539
[17:55:02] warmStart (decay=exponential) 97% (1138/1173) regret=0.101500 ape=0.5539
[17:55:02] warmStart (decay=exponential) 97% (1139/1173) regret=0.101500 ape=0.5539
[17:55:02] warmStart (decay=exponential) 97% (1140/1173) regret=0.101500 ape=0.5539
[17:55:02] warmStart (decay=exponential) 97% (1141/1173) regret=0.101500 ape=0.5539
[17:55:02] warmStart (decay=exponential) 97% (1142/1173) regret=0.101500 ape=0.5539
[17:55:02] warmStart (decay=exponential) 97% (1143/1173) regret=0.101500 ape=0.5539
[17:55:02] warmStart (decay=exponential) 97% (1144/1173) regret=0.101500 ape=0.5539
[17:55:03] warmStart (decay=exponential) 97% (1145/1173) regret=0.101500 ape=0.5539
[17:55:03] warmStart (decay=exponential) 97% (1146/1173) regret=0.101500 ape=0.5539
[17:55:03] warmStart (decay=exponential) 97% (1147/1173) regret=0.101500 ape=0.5539
[17:55:03] warmStart (decay=exponential) 97% (1148/1173) regret=0.101500 ape=0.5539
[17:55:03] warmStart (decay=exponential) 97% (1149/1173) regret=0.101500 ape=0.5539
[17:55:03] warmStart (decay=exponential) 98% (1150/1173) regret=0.101500 ape=0.5539
[17:55:03] warmStart (decay=exponential) 98% (1151/1173) regret=0.101500 ape=0.5539
[17:55:04] warmStart (decay=exponential) 98% (1152/1173) regret=0.101500 ape=0.5539
[17:55:04] warmStart (decay=exponential) 98% (1153/1173) regret=0.101500 ape=0.5539
[17:55:04] warmStart (decay=exponential) 98% (1154/1173) regret=0.101500 ape=0.5539
[17:55:04] warmStart (decay=exponential) 98% (1155/1173) regret=0.101500 ape=0.5539
[17:55:04] warmStart (decay=exponential) 98% (1156/1173) regret=0.101500 ape=0.5539
[17:55:04] warmStart (decay=exponential) 98% (1157/1173) regret=0.101500 ape=0.5539
[17:55:04] warmStart (decay=exponential) 98% (1158/1173) regret=0.101500 ape=0.5539
[17:55:05] warmStart (decay=exponential) 98% (1159/1173) regret=0.101500 ape=0.5539
[17:55:05] warmStart (decay=exponential) 98% (1160/1173) regret=0.101500 ape=0.5539
[17:55:05] warmStart (decay=exponential) 98% (1161/1173) regret=0.101500 ape=0.5539
[17:55:05] warmStart (decay=exponential) 99% (1162/1173) regret=0.101500 ape=0.5539
[17:55:05] warmStart (decay=exponential) 99% (1163/1173) regret=0.101500 ape=0.5539
[17:55:05] warmStart (decay=exponential) 99% (1164/1173) regret=0.101500 ape=0.5539
[17:55:05] warmStart (decay=exponential) 99% (1165/1173) regret=0.101500 ape=0.5539
[17:55:06] warmStart (decay=exponential) 99% (1166/1173) regret=0.101500 ape=0.5539
[17:55:06] warmStart (decay=exponential) 99% (1167/1173) regret=0.101500 ape=0.5539
[17:55:06] warmStart (decay=exponential) 99% (1168/1173) regret=0.101500 ape=0.5539
[17:55:06] warmStart (decay=exponential) 99% (1169/1173) regret=0.101500 ape=0.5539
[17:55:06] warmStart (decay=exponential) 99% (1170/1173) regret=0.101500 ape=0.5539
[17:55:06] warmStart (decay=exponential) 99% (1171/1173) regret=0.101500 ape=0.5539
[17:55:06] warmStart (decay=exponential) 99% (1172/1173) regret=0.101500 ape=0.5539
Warm w=200 finished: 1172 points, 197.42s wall time
  Final: regret=0.101500, ape=0.5539

Saved: /home/users/g/s/gsavary/LudiiMCTSVariations/slurm_sweep_full_dataset/output_decay/warm_200_decay_exponential_0_15/seed_0/sweep_decay_warm_200_exponential_0.15_0_20260426_175507.json

Generating plots...
Saved: /home/users/g/s/gsavary/LudiiMCTSVariations/slurm_sweep_full_dataset/output_decay/warm_200_decay_exponential_0_15/seed_0/sweep_decay_warm_200_exponential_0.15_0_20260426_175507_regret.png
Saved: /home/users/g/s/gsavary/LudiiMCTSVariations/slurm_sweep_full_dataset/output_decay/warm_200_decay_exponential_0_15/seed_0/sweep_decay_warm_200_exponential_0.15_0_20260426_175507_ape.png

================================================================================
Experiment complete!
================================================================================
Done. Results in: /home/users/g/s/gsavary/LudiiMCTSVariations/slurm_sweep_full_dataset/output_decay/warm_200_decay_exponential_0_15/seed_0
