============================================================
Decay sweep experiment
Method:      warm:50
Decay mode:  exponential
Decay param: 0.10
Seed:        4
Output:      /home/users/g/s/gsavary/LudiiMCTSVariations/slurm_sweep_full_dataset/output_decay/warm_50_decay_exponential_0_10/seed_4
============================================================

================================================================================
SLURM Sweep Experiment with Synthetic Data Decay
================================================================================
Method: warm:50
Decay: exponential (param=0.1)
Time limit: 3600.0s, Seed: 4, Batch size: 20
Output directory: /home/users/g/s/gsavary/LudiiMCTSVariations/slurm_sweep_full_dataset/output_decay/warm_50_decay_exponential_0_10/seed_4

Loading Ludii dataset...
Loaded 1085 games
Using 1085 games (full dataset)

Running timing probe (100 pulls)...
  Estimated secs/pull: 0.023707

Time budget: 3600.0s → ~151850 total pulls
Per-method budget: 21692 pulls (~514.3s)

Computing predictor-only performance...
  Predictions loaded: 23675 agent predictions
  Predictor-only: regret=0.104318, ape=0.4894

Running WARM-START (w=50, decay=exponential param=0.1)...
[17:45:52] warmStart (decay=exponential) 0% (1/1085) regret=0.113570 ape=0.6018
[17:45:53] warmStart (decay=exponential) 0% (2/1085) regret=0.113570 ape=0.6018
[17:45:53] warmStart (decay=exponential) 0% (3/1085) regret=0.113570 ape=0.6018
[17:45:53] warmStart (decay=exponential) 0% (4/1085) regret=0.113165 ape=0.6009
[17:45:53] warmStart (decay=exponential) 0% (5/1085) regret=0.113070 ape=0.6009
[17:45:53] warmStart (decay=exponential) 0% (6/1085) regret=0.113070 ape=0.6009
[17:45:54] warmStart (decay=exponential) 0% (7/1085) regret=0.113070 ape=0.6009
[17:45:54] warmStart (decay=exponential) 0% (8/1085) regret=0.113165 ape=0.6009
[17:45:54] warmStart (decay=exponential) 0% (9/1085) regret=0.113165 ape=0.6009
[17:45:54] warmStart (decay=exponential) 0% (10/1085) regret=0.113165 ape=0.6009
[17:45:54] warmStart (decay=exponential) 1% (11/1085) regret=0.113165 ape=0.6009
[17:45:55] warmStart (decay=exponential) 1% (12/1085) regret=0.113165 ape=0.6009
[17:45:55] warmStart (decay=exponential) 1% (13/1085) regret=0.113165 ape=0.6009
[17:45:55] warmStart (decay=exponential) 1% (14/1085) regret=0.113165 ape=0.6009
[17:45:55] warmStart (decay=exponential) 1% (15/1085) regret=0.113165 ape=0.6009
[17:45:55] warmStart (decay=exponential) 1% (16/1085) regret=0.113165 ape=0.6009
[17:45:55] warmStart (decay=exponential) 1% (17/1085) regret=0.113165 ape=0.6009
[17:45:56] warmStart (decay=exponential) 1% (18/1085) regret=0.113165 ape=0.6009
[17:45:56] warmStart (decay=exponential) 1% (19/1085) regret=0.113165 ape=0.6009
[17:45:56] warmStart (decay=exponential) 1% (20/1085) regret=0.113165 ape=0.6009
[17:45:56] warmStart (decay=exponential) 1% (21/1085) regret=0.113165 ape=0.6009
[17:45:56] warmStart (decay=exponential) 2% (22/1085) regret=0.113165 ape=0.6009
[17:45:57] warmStart (decay=exponential) 2% (23/1085) regret=0.113165 ape=0.6009
[17:45:57] warmStart (decay=exponential) 2% (24/1085) regret=0.113165 ape=0.6009
[17:45:57] warmStart (decay=exponential) 2% (25/1085) regret=0.113165 ape=0.6009
[17:45:57] warmStart (decay=exponential) 2% (26/1085) regret=0.113165 ape=0.6009
[17:45:57] warmStart (decay=exponential) 2% (27/1085) regret=0.113165 ape=0.6009
[17:45:58] warmStart (decay=exponential) 2% (28/1085) regret=0.113165 ape=0.6009
[17:45:58] warmStart (decay=exponential) 2% (29/1085) regret=0.113165 ape=0.6009
[17:45:58] warmStart (decay=exponential) 2% (30/1085) regret=0.113165 ape=0.6009
[17:45:58] warmStart (decay=exponential) 2% (31/1085) regret=0.113165 ape=0.6009
[17:45:58] warmStart (decay=exponential) 2% (32/1085) regret=0.113165 ape=0.6009
[17:45:58] warmStart (decay=exponential) 3% (33/1085) regret=0.113165 ape=0.6009
[17:45:59] warmStart (decay=exponential) 3% (34/1085) regret=0.113165 ape=0.6009
[17:45:59] warmStart (decay=exponential) 3% (35/1085) regret=0.113165 ape=0.6009
[17:45:59] warmStart (decay=exponential) 3% (36/1085) regret=0.113165 ape=0.6009
[17:45:59] warmStart (decay=exponential) 3% (37/1085) regret=0.113165 ape=0.6009
[17:45:59] warmStart (decay=exponential) 3% (38/1085) regret=0.113165 ape=0.6009
[17:45:59] warmStart (decay=exponential) 3% (39/1085) regret=0.113175 ape=0.6009
[17:46:00] warmStart (decay=exponential) 3% (40/1085) regret=0.113175 ape=0.6009
[17:46:00] warmStart (decay=exponential) 3% (41/1085) regret=0.113165 ape=0.6009
[17:46:00] warmStart (decay=exponential) 3% (42/1085) regret=0.113111 ape=0.6009
[17:46:00] warmStart (decay=exponential) 3% (43/1085) regret=0.113111 ape=0.6009
[17:46:00] warmStart (decay=exponential) 4% (44/1085) regret=0.113099 ape=0.6000
[17:46:01] warmStart (decay=exponential) 4% (45/1085) regret=0.113099 ape=0.6000
[17:46:01] warmStart (decay=exponential) 4% (46/1085) regret=0.113111 ape=0.6009
[17:46:01] warmStart (decay=exponential) 4% (47/1085) regret=0.113165 ape=0.6009
[17:46:01] warmStart (decay=exponential) 4% (48/1085) regret=0.113165 ape=0.6009
[17:46:01] warmStart (decay=exponential) 4% (49/1085) regret=0.113099 ape=0.6000
[17:46:01] warmStart (decay=exponential) 4% (50/1085) regret=0.113099 ape=0.6000
[17:46:02] warmStart (decay=exponential) 4% (51/1085) regret=0.113099 ape=0.6000
[17:46:02] warmStart (decay=exponential) 4% (52/1085) regret=0.113099 ape=0.6000
[17:46:02] warmStart (decay=exponential) 4% (53/1085) regret=0.113099 ape=0.6000
[17:46:02] warmStart (decay=exponential) 4% (54/1085) regret=0.113099 ape=0.6000
[17:46:02] warmStart (decay=exponential) 5% (55/1085) regret=0.113099 ape=0.6000
[17:46:03] warmStart (decay=exponential) 5% (56/1085) regret=0.113099 ape=0.6000
[17:46:03] warmStart (decay=exponential) 5% (57/1085) regret=0.112952 ape=0.5991
[17:46:03] warmStart (decay=exponential) 5% (58/1085) regret=0.112970 ape=0.5991
[17:46:03] warmStart (decay=exponential) 5% (59/1085) regret=0.112970 ape=0.5991
[17:46:03] warmStart (decay=exponential) 5% (60/1085) regret=0.112523 ape=0.5991
[17:46:04] warmStart (decay=exponential) 5% (61/1085) regret=0.112726 ape=0.5991
[17:46:04] warmStart (decay=exponential) 5% (62/1085) regret=0.112749 ape=0.5991
[17:46:04] warmStart (decay=exponential) 5% (63/1085) regret=0.112749 ape=0.5991
[17:46:04] warmStart (decay=exponential) 5% (64/1085) regret=0.112698 ape=0.5991
[17:46:04] warmStart (decay=exponential) 5% (65/1085) regret=0.112698 ape=0.5991
[17:46:05] warmStart (decay=exponential) 6% (66/1085) regret=0.112496 ape=0.5991
[17:46:05] warmStart (decay=exponential) 6% (67/1085) regret=0.112496 ape=0.5991
[17:46:05] warmStart (decay=exponential) 6% (68/1085) regret=0.112496 ape=0.5991
[17:46:05] warmStart (decay=exponential) 6% (69/1085) regret=0.112496 ape=0.5991
[17:46:05] warmStart (decay=exponential) 6% (70/1085) regret=0.112445 ape=0.5982
[17:46:06] warmStart (decay=exponential) 6% (71/1085) regret=0.112445 ape=0.5982
[17:46:06] warmStart (decay=exponential) 6% (72/1085) regret=0.112496 ape=0.5991
[17:46:06] warmStart (decay=exponential) 6% (73/1085) regret=0.112496 ape=0.5991
[17:46:06] warmStart (decay=exponential) 6% (74/1085) regret=0.112496 ape=0.5991
[17:46:06] warmStart (decay=exponential) 6% (75/1085) regret=0.112445 ape=0.5982
[17:46:07] warmStart (decay=exponential) 7% (76/1085) regret=0.112445 ape=0.5982
[17:46:07] warmStart (decay=exponential) 7% (77/1085) regret=0.112445 ape=0.5982
[17:46:07] warmStart (decay=exponential) 7% (78/1085) regret=0.112437 ape=0.5972
[17:46:07] warmStart (decay=exponential) 7% (79/1085) regret=0.112445 ape=0.5982
[17:46:07] warmStart (decay=exponential) 7% (80/1085) regret=0.112445 ape=0.5982
[17:46:08] warmStart (decay=exponential) 7% (81/1085) regret=0.112444 ape=0.5982
[17:46:08] warmStart (decay=exponential) 7% (82/1085) regret=0.112444 ape=0.5982
[17:46:08] warmStart (decay=exponential) 7% (83/1085) regret=0.112445 ape=0.5982
[17:46:08] warmStart (decay=exponential) 7% (84/1085) regret=0.112446 ape=0.5982
[17:46:08] warmStart (decay=exponential) 7% (85/1085) regret=0.112446 ape=0.5982
[17:46:08] warmStart (decay=exponential) 7% (86/1085) regret=0.112446 ape=0.5982
[17:46:09] warmStart (decay=exponential) 8% (87/1085) regret=0.112446 ape=0.5982
[17:46:09] warmStart (decay=exponential) 8% (88/1085) regret=0.112446 ape=0.5982
[17:46:09] warmStart (decay=exponential) 8% (89/1085) regret=0.112446 ape=0.5982
[17:46:09] warmStart (decay=exponential) 8% (90/1085) regret=0.112446 ape=0.5982
[17:46:09] warmStart (decay=exponential) 8% (91/1085) regret=0.112446 ape=0.5982
[17:46:10] warmStart (decay=exponential) 8% (92/1085) regret=0.112437 ape=0.5972
[17:46:10] warmStart (decay=exponential) 8% (93/1085) regret=0.112437 ape=0.5972
[17:46:10] warmStart (decay=exponential) 8% (94/1085) regret=0.112437 ape=0.5972
[17:46:10] warmStart (decay=exponential) 8% (95/1085) regret=0.112437 ape=0.5972
[17:46:10] warmStart (decay=exponential) 8% (96/1085) regret=0.112437 ape=0.5972
[17:46:11] warmStart (decay=exponential) 8% (97/1085) regret=0.112437 ape=0.5972
[17:46:11] warmStart (decay=exponential) 9% (98/1085) regret=0.112437 ape=0.5972
[17:46:11] warmStart (decay=exponential) 9% (99/1085) regret=0.112437 ape=0.5972
[17:46:11] warmStart (decay=exponential) 9% (100/1085) regret=0.112440 ape=0.5982
[17:46:11] warmStart (decay=exponential) 9% (101/1085) regret=0.112437 ape=0.5972
[17:46:11] warmStart (decay=exponential) 9% (102/1085) regret=0.112437 ape=0.5972
[17:46:12] warmStart (decay=exponential) 9% (103/1085) regret=0.112437 ape=0.5972
[17:46:12] warmStart (decay=exponential) 9% (104/1085) regret=0.112437 ape=0.5972
[17:46:12] warmStart (decay=exponential) 9% (105/1085) regret=0.112437 ape=0.5972
[17:46:12] warmStart (decay=exponential) 9% (106/1085) regret=0.112437 ape=0.5972
[17:46:12] warmStart (decay=exponential) 9% (107/1085) regret=0.112437 ape=0.5972
[17:46:13] warmStart (decay=exponential) 9% (108/1085) regret=0.112437 ape=0.5972
[17:46:13] warmStart (decay=exponential) 10% (109/1085) regret=0.112437 ape=0.5972
[17:46:13] warmStart (decay=exponential) 10% (110/1085) regret=0.112437 ape=0.5972
[17:46:13] warmStart (decay=exponential) 10% (111/1085) regret=0.112437 ape=0.5972
[17:46:14] warmStart (decay=exponential) 10% (112/1085) regret=0.112437 ape=0.5972
[17:46:14] warmStart (decay=exponential) 10% (113/1085) regret=0.112437 ape=0.5972
[17:46:14] warmStart (decay=exponential) 10% (114/1085) regret=0.112437 ape=0.5972
[17:46:14] warmStart (decay=exponential) 10% (115/1085) regret=0.112437 ape=0.5972
[17:46:14] warmStart (decay=exponential) 10% (116/1085) regret=0.112437 ape=0.5972
[17:46:15] warmStart (decay=exponential) 10% (117/1085) regret=0.112437 ape=0.5972
[17:46:15] warmStart (decay=exponential) 10% (118/1085) regret=0.112437 ape=0.5972
[17:46:15] warmStart (decay=exponential) 10% (119/1085) regret=0.112437 ape=0.5972
[17:46:15] warmStart (decay=exponential) 11% (120/1085) regret=0.112437 ape=0.5972
[17:46:16] warmStart (decay=exponential) 11% (121/1085) regret=0.112437 ape=0.5972
[17:46:16] warmStart (decay=exponential) 11% (122/1085) regret=0.112437 ape=0.5972
[17:46:16] warmStart (decay=exponential) 11% (123/1085) regret=0.112437 ape=0.5972
[17:46:16] warmStart (decay=exponential) 11% (124/1085) regret=0.112437 ape=0.5972
[17:46:16] warmStart (decay=exponential) 11% (125/1085) regret=0.112437 ape=0.5972
[17:46:17] warmStart (decay=exponential) 11% (126/1085) regret=0.112437 ape=0.5972
[17:46:17] warmStart (decay=exponential) 11% (127/1085) regret=0.112437 ape=0.5972
[17:46:17] warmStart (decay=exponential) 11% (128/1085) regret=0.112437 ape=0.5972
[17:46:17] warmStart (decay=exponential) 11% (129/1085) regret=0.112437 ape=0.5972
[17:46:17] warmStart (decay=exponential) 11% (130/1085) regret=0.112437 ape=0.5972
[17:46:18] warmStart (decay=exponential) 12% (131/1085) regret=0.112437 ape=0.5972
[17:46:18] warmStart (decay=exponential) 12% (132/1085) regret=0.112437 ape=0.5972
[17:46:18] warmStart (decay=exponential) 12% (133/1085) regret=0.112437 ape=0.5972
[17:46:18] warmStart (decay=exponential) 12% (134/1085) regret=0.112437 ape=0.5972
[17:46:18] warmStart (decay=exponential) 12% (135/1085) regret=0.112437 ape=0.5972
[17:46:19] warmStart (decay=exponential) 12% (136/1085) regret=0.112437 ape=0.5972
[17:46:19] warmStart (decay=exponential) 12% (137/1085) regret=0.112437 ape=0.5972
[17:46:19] warmStart (decay=exponential) 12% (138/1085) regret=0.112437 ape=0.5972
[17:46:19] warmStart (decay=exponential) 12% (139/1085) regret=0.112437 ape=0.5972
[17:46:20] warmStart (decay=exponential) 12% (140/1085) regret=0.112437 ape=0.5972
[17:46:20] warmStart (decay=exponential) 12% (141/1085) regret=0.112437 ape=0.5972
[17:46:20] warmStart (decay=exponential) 13% (142/1085) regret=0.112437 ape=0.5972
[17:46:20] warmStart (decay=exponential) 13% (143/1085) regret=0.112437 ape=0.5972
[17:46:20] warmStart (decay=exponential) 13% (144/1085) regret=0.112437 ape=0.5972
[17:46:21] warmStart (decay=exponential) 13% (145/1085) regret=0.112437 ape=0.5972
[17:46:21] warmStart (decay=exponential) 13% (146/1085) regret=0.112437 ape=0.5972
[17:46:21] warmStart (decay=exponential) 13% (147/1085) regret=0.112437 ape=0.5972
[17:46:21] warmStart (decay=exponential) 13% (148/1085) regret=0.112437 ape=0.5972
[17:46:21] warmStart (decay=exponential) 13% (149/1085) regret=0.112437 ape=0.5972
[17:46:22] warmStart (decay=exponential) 13% (150/1085) regret=0.112437 ape=0.5972
[17:46:22] warmStart (decay=exponential) 13% (151/1085) regret=0.112437 ape=0.5972
[17:46:22] warmStart (decay=exponential) 14% (152/1085) regret=0.112437 ape=0.5972
[17:46:22] warmStart (decay=exponential) 14% (153/1085) regret=0.112437 ape=0.5972
[17:46:23] warmStart (decay=exponential) 14% (154/1085) regret=0.112437 ape=0.5972
[17:46:23] warmStart (decay=exponential) 14% (155/1085) regret=0.112437 ape=0.5972
[17:46:23] warmStart (decay=exponential) 14% (156/1085) regret=0.112437 ape=0.5972
[17:46:23] warmStart (decay=exponential) 14% (157/1085) regret=0.112437 ape=0.5972
[17:46:23] warmStart (decay=exponential) 14% (158/1085) regret=0.112437 ape=0.5972
[17:46:24] warmStart (decay=exponential) 14% (159/1085) regret=0.112437 ape=0.5972
[17:46:24] warmStart (decay=exponential) 14% (160/1085) regret=0.112437 ape=0.5972
[17:46:24] warmStart (decay=exponential) 14% (161/1085) regret=0.112437 ape=0.5972
[17:46:24] warmStart (decay=exponential) 14% (162/1085) regret=0.112437 ape=0.5972
[17:46:24] warmStart (decay=exponential) 15% (163/1085) regret=0.112437 ape=0.5972
[17:46:25] warmStart (decay=exponential) 15% (164/1085) regret=0.112437 ape=0.5972
[17:46:25] warmStart (decay=exponential) 15% (165/1085) regret=0.112437 ape=0.5972
[17:46:25] warmStart (decay=exponential) 15% (166/1085) regret=0.112437 ape=0.5972
[17:46:25] warmStart (decay=exponential) 15% (167/1085) regret=0.112437 ape=0.5972
[17:46:26] warmStart (decay=exponential) 15% (168/1085) regret=0.112437 ape=0.5972
[17:46:26] warmStart (decay=exponential) 15% (169/1085) regret=0.112437 ape=0.5972
[17:46:26] warmStart (decay=exponential) 15% (170/1085) regret=0.112437 ape=0.5972
[17:46:26] warmStart (decay=exponential) 15% (171/1085) regret=0.112437 ape=0.5972
[17:46:26] warmStart (decay=exponential) 15% (172/1085) regret=0.112437 ape=0.5972
[17:46:27] warmStart (decay=exponential) 15% (173/1085) regret=0.112437 ape=0.5972
[17:46:27] warmStart (decay=exponential) 16% (174/1085) regret=0.112437 ape=0.5972
[17:46:27] warmStart (decay=exponential) 16% (175/1085) regret=0.112445 ape=0.5982
[17:46:27] warmStart (decay=exponential) 16% (176/1085) regret=0.112445 ape=0.5982
[17:46:27] warmStart (decay=exponential) 16% (177/1085) regret=0.112445 ape=0.5982
[17:46:28] warmStart (decay=exponential) 16% (178/1085) regret=0.112445 ape=0.5982
[17:46:28] warmStart (decay=exponential) 16% (179/1085) regret=0.112443 ape=0.5982
[17:46:28] warmStart (decay=exponential) 16% (180/1085) regret=0.112445 ape=0.5982
[17:46:28] warmStart (decay=exponential) 16% (181/1085) regret=0.112445 ape=0.5982
[17:46:28] warmStart (decay=exponential) 16% (182/1085) regret=0.112445 ape=0.5982
[17:46:28] warmStart (decay=exponential) 16% (183/1085) regret=0.112445 ape=0.5982
[17:46:29] warmStart (decay=exponential) 16% (184/1085) regret=0.112443 ape=0.5982
[17:46:29] warmStart (decay=exponential) 17% (185/1085) regret=0.112443 ape=0.5982
[17:46:29] warmStart (decay=exponential) 17% (186/1085) regret=0.112443 ape=0.5982
[17:46:29] warmStart (decay=exponential) 17% (187/1085) regret=0.112443 ape=0.5982
[17:46:29] warmStart (decay=exponential) 17% (188/1085) regret=0.112443 ape=0.5982
[17:46:30] warmStart (decay=exponential) 17% (189/1085) regret=0.112443 ape=0.5982
[17:46:30] warmStart (decay=exponential) 17% (190/1085) regret=0.112443 ape=0.5982
[17:46:30] warmStart (decay=exponential) 17% (191/1085) regret=0.112443 ape=0.5982
[17:46:30] warmStart (decay=exponential) 17% (192/1085) regret=0.112443 ape=0.5982
[17:46:30] warmStart (decay=exponential) 17% (193/1085) regret=0.112443 ape=0.5982
[17:46:30] warmStart (decay=exponential) 17% (194/1085) regret=0.112443 ape=0.5982
[17:46:31] warmStart (decay=exponential) 17% (195/1085) regret=0.112443 ape=0.5982
[17:46:31] warmStart (decay=exponential) 18% (196/1085) regret=0.112443 ape=0.5982
[17:46:31] warmStart (decay=exponential) 18% (197/1085) regret=0.112443 ape=0.5982
[17:46:31] warmStart (decay=exponential) 18% (198/1085) regret=0.112443 ape=0.5982
[17:46:31] warmStart (decay=exponential) 18% (199/1085) regret=0.112443 ape=0.5982
[17:46:32] warmStart (decay=exponential) 18% (200/1085) regret=0.112443 ape=0.5982
[17:46:32] warmStart (decay=exponential) 18% (201/1085) regret=0.112443 ape=0.5982
[17:46:32] warmStart (decay=exponential) 18% (202/1085) regret=0.112443 ape=0.5982
[17:46:32] warmStart (decay=exponential) 18% (203/1085) regret=0.112443 ape=0.5982
[17:46:32] warmStart (decay=exponential) 18% (204/1085) regret=0.112443 ape=0.5982
[17:46:33] warmStart (decay=exponential) 18% (205/1085) regret=0.112443 ape=0.5982
[17:46:33] warmStart (decay=exponential) 18% (206/1085) regret=0.112443 ape=0.5982
[17:46:33] warmStart (decay=exponential) 19% (207/1085) regret=0.112443 ape=0.5982
[17:46:33] warmStart (decay=exponential) 19% (208/1085) regret=0.112443 ape=0.5982
[17:46:33] warmStart (decay=exponential) 19% (209/1085) regret=0.112443 ape=0.5982
[17:46:34] warmStart (decay=exponential) 19% (210/1085) regret=0.112443 ape=0.5982
[17:46:34] warmStart (decay=exponential) 19% (211/1085) regret=0.112443 ape=0.5982
[17:46:34] warmStart (decay=exponential) 19% (212/1085) regret=0.112443 ape=0.5982
[17:46:34] warmStart (decay=exponential) 19% (213/1085) regret=0.112443 ape=0.5982
[17:46:34] warmStart (decay=exponential) 19% (214/1085) regret=0.112443 ape=0.5982
[17:46:35] warmStart (decay=exponential) 19% (215/1085) regret=0.112443 ape=0.5982
[17:46:35] warmStart (decay=exponential) 19% (216/1085) regret=0.112443 ape=0.5982
[17:46:35] warmStart (decay=exponential) 20% (217/1085) regret=0.112443 ape=0.5982
[17:46:35] warmStart (decay=exponential) 20% (218/1085) regret=0.112443 ape=0.5982
[17:46:35] warmStart (decay=exponential) 20% (219/1085) regret=0.112443 ape=0.5982
[17:46:36] warmStart (decay=exponential) 20% (220/1085) regret=0.112443 ape=0.5982
[17:46:36] warmStart (decay=exponential) 20% (221/1085) regret=0.112443 ape=0.5982
[17:46:36] warmStart (decay=exponential) 20% (222/1085) regret=0.112443 ape=0.5982
[17:46:36] warmStart (decay=exponential) 20% (223/1085) regret=0.112443 ape=0.5982
[17:46:36] warmStart (decay=exponential) 20% (224/1085) regret=0.112443 ape=0.5982
[17:46:37] warmStart (decay=exponential) 20% (225/1085) regret=0.112443 ape=0.5982
[17:46:37] warmStart (decay=exponential) 20% (226/1085) regret=0.112443 ape=0.5982
[17:46:37] warmStart (decay=exponential) 20% (227/1085) regret=0.112443 ape=0.5982
[17:46:37] warmStart (decay=exponential) 21% (228/1085) regret=0.112443 ape=0.5982
[17:46:37] warmStart (decay=exponential) 21% (229/1085) regret=0.112443 ape=0.5982
[17:46:38] warmStart (decay=exponential) 21% (230/1085) regret=0.112443 ape=0.5982
[17:46:38] warmStart (decay=exponential) 21% (231/1085) regret=0.112443 ape=0.5982
[17:46:38] warmStart (decay=exponential) 21% (232/1085) regret=0.112443 ape=0.5982
[17:46:38] warmStart (decay=exponential) 21% (233/1085) regret=0.112443 ape=0.5982
[17:46:38] warmStart (decay=exponential) 21% (234/1085) regret=0.112443 ape=0.5982
[17:46:39] warmStart (decay=exponential) 21% (235/1085) regret=0.112443 ape=0.5982
[17:46:39] warmStart (decay=exponential) 21% (236/1085) regret=0.112443 ape=0.5982
[17:46:39] warmStart (decay=exponential) 21% (237/1085) regret=0.112443 ape=0.5982
[17:46:39] warmStart (decay=exponential) 21% (238/1085) regret=0.112443 ape=0.5982
[17:46:39] warmStart (decay=exponential) 22% (239/1085) regret=0.112443 ape=0.5982
[17:46:40] warmStart (decay=exponential) 22% (240/1085) regret=0.112443 ape=0.5982
[17:46:40] warmStart (decay=exponential) 22% (241/1085) regret=0.112443 ape=0.5982
[17:46:40] warmStart (decay=exponential) 22% (242/1085) regret=0.112443 ape=0.5982
[17:46:40] warmStart (decay=exponential) 22% (243/1085) regret=0.112443 ape=0.5982
[17:46:40] warmStart (decay=exponential) 22% (244/1085) regret=0.112443 ape=0.5982
[17:46:40] warmStart (decay=exponential) 22% (245/1085) regret=0.112443 ape=0.5982
[17:46:41] warmStart (decay=exponential) 22% (246/1085) regret=0.112443 ape=0.5982
[17:46:41] warmStart (decay=exponential) 22% (247/1085) regret=0.112443 ape=0.5982
[17:46:41] warmStart (decay=exponential) 22% (248/1085) regret=0.112443 ape=0.5982
[17:46:41] warmStart (decay=exponential) 22% (249/1085) regret=0.112443 ape=0.5982
[17:46:41] warmStart (decay=exponential) 23% (250/1085) regret=0.112443 ape=0.5982
[17:46:42] warmStart (decay=exponential) 23% (251/1085) regret=0.112443 ape=0.5982
[17:46:42] warmStart (decay=exponential) 23% (252/1085) regret=0.112443 ape=0.5982
[17:46:42] warmStart (decay=exponential) 23% (253/1085) regret=0.112443 ape=0.5982
[17:46:42] warmStart (decay=exponential) 23% (254/1085) regret=0.112443 ape=0.5982
[17:46:42] warmStart (decay=exponential) 23% (255/1085) regret=0.112443 ape=0.5982
[17:46:43] warmStart (decay=exponential) 23% (256/1085) regret=0.112443 ape=0.5982
[17:46:43] warmStart (decay=exponential) 23% (257/1085) regret=0.112443 ape=0.5982
[17:46:43] warmStart (decay=exponential) 23% (258/1085) regret=0.112443 ape=0.5982
[17:46:43] warmStart (decay=exponential) 23% (259/1085) regret=0.112443 ape=0.5982
[17:46:43] warmStart (decay=exponential) 23% (260/1085) regret=0.112443 ape=0.5982
[17:46:44] warmStart (decay=exponential) 24% (261/1085) regret=0.112443 ape=0.5982
[17:46:44] warmStart (decay=exponential) 24% (262/1085) regret=0.112443 ape=0.5982
[17:46:44] warmStart (decay=exponential) 24% (263/1085) regret=0.112443 ape=0.5982
[17:46:44] warmStart (decay=exponential) 24% (264/1085) regret=0.112443 ape=0.5982
[17:46:44] warmStart (decay=exponential) 24% (265/1085) regret=0.112443 ape=0.5982
[17:46:45] warmStart (decay=exponential) 24% (266/1085) regret=0.112443 ape=0.5982
[17:46:45] warmStart (decay=exponential) 24% (267/1085) regret=0.112443 ape=0.5982
[17:46:45] warmStart (decay=exponential) 24% (268/1085) regret=0.112443 ape=0.5982
[17:46:45] warmStart (decay=exponential) 24% (269/1085) regret=0.112443 ape=0.5982
[17:46:45] warmStart (decay=exponential) 24% (270/1085) regret=0.112443 ape=0.5982
[17:46:45] warmStart (decay=exponential) 24% (271/1085) regret=0.112443 ape=0.5982
[17:46:46] warmStart (decay=exponential) 25% (272/1085) regret=0.112443 ape=0.5982
[17:46:46] warmStart (decay=exponential) 25% (273/1085) regret=0.112443 ape=0.5982
[17:46:46] warmStart (decay=exponential) 25% (274/1085) regret=0.112443 ape=0.5982
[17:46:46] warmStart (decay=exponential) 25% (275/1085) regret=0.112443 ape=0.5982
[17:46:46] warmStart (decay=exponential) 25% (276/1085) regret=0.112443 ape=0.5982
[17:46:47] warmStart (decay=exponential) 25% (277/1085) regret=0.112443 ape=0.5982
[17:46:47] warmStart (decay=exponential) 25% (278/1085) regret=0.112443 ape=0.5982
[17:46:47] warmStart (decay=exponential) 25% (279/1085) regret=0.112443 ape=0.5982
[17:46:47] warmStart (decay=exponential) 25% (280/1085) regret=0.112443 ape=0.5982
[17:46:47] warmStart (decay=exponential) 25% (281/1085) regret=0.112443 ape=0.5982
[17:46:48] warmStart (decay=exponential) 25% (282/1085) regret=0.112443 ape=0.5982
[17:46:48] warmStart (decay=exponential) 26% (283/1085) regret=0.112443 ape=0.5982
[17:46:48] warmStart (decay=exponential) 26% (284/1085) regret=0.112443 ape=0.5982
[17:46:48] warmStart (decay=exponential) 26% (285/1085) regret=0.112443 ape=0.5982
[17:46:48] warmStart (decay=exponential) 26% (286/1085) regret=0.112443 ape=0.5982
[17:46:48] warmStart (decay=exponential) 26% (287/1085) regret=0.112443 ape=0.5982
[17:46:49] warmStart (decay=exponential) 26% (288/1085) regret=0.112443 ape=0.5982
[17:46:49] warmStart (decay=exponential) 26% (289/1085) regret=0.112443 ape=0.5982
[17:46:49] warmStart (decay=exponential) 26% (290/1085) regret=0.112443 ape=0.5982
[17:46:49] warmStart (decay=exponential) 26% (291/1085) regret=0.112443 ape=0.5982
[17:46:49] warmStart (decay=exponential) 26% (292/1085) regret=0.112443 ape=0.5982
[17:46:50] warmStart (decay=exponential) 27% (293/1085) regret=0.112443 ape=0.5982
[17:46:50] warmStart (decay=exponential) 27% (294/1085) regret=0.112443 ape=0.5982
[17:46:50] warmStart (decay=exponential) 27% (295/1085) regret=0.112443 ape=0.5982
[17:46:50] warmStart (decay=exponential) 27% (296/1085) regret=0.112443 ape=0.5982
[17:46:50] warmStart (decay=exponential) 27% (297/1085) regret=0.112443 ape=0.5982
[17:46:51] warmStart (decay=exponential) 27% (298/1085) regret=0.112443 ape=0.5982
[17:46:51] warmStart (decay=exponential) 27% (299/1085) regret=0.112443 ape=0.5982
[17:46:51] warmStart (decay=exponential) 27% (300/1085) regret=0.112443 ape=0.5982
[17:46:51] warmStart (decay=exponential) 27% (301/1085) regret=0.112443 ape=0.5982
[17:46:51] warmStart (decay=exponential) 27% (302/1085) regret=0.112443 ape=0.5982
[17:46:52] warmStart (decay=exponential) 27% (303/1085) regret=0.112443 ape=0.5982
[17:46:52] warmStart (decay=exponential) 28% (304/1085) regret=0.112443 ape=0.5982
[17:46:52] warmStart (decay=exponential) 28% (305/1085) regret=0.112443 ape=0.5982
[17:46:52] warmStart (decay=exponential) 28% (306/1085) regret=0.112443 ape=0.5982
[17:46:52] warmStart (decay=exponential) 28% (307/1085) regret=0.112443 ape=0.5982
[17:46:53] warmStart (decay=exponential) 28% (308/1085) regret=0.112443 ape=0.5982
[17:46:53] warmStart (decay=exponential) 28% (309/1085) regret=0.112443 ape=0.5982
[17:46:53] warmStart (decay=exponential) 28% (310/1085) regret=0.112443 ape=0.5982
[17:46:53] warmStart (decay=exponential) 28% (311/1085) regret=0.112443 ape=0.5982
[17:46:53] warmStart (decay=exponential) 28% (312/1085) regret=0.112443 ape=0.5982
[17:46:54] warmStart (decay=exponential) 28% (313/1085) regret=0.112443 ape=0.5982
[17:46:54] warmStart (decay=exponential) 28% (314/1085) regret=0.112443 ape=0.5982
[17:46:54] warmStart (decay=exponential) 29% (315/1085) regret=0.112443 ape=0.5982
[17:46:54] warmStart (decay=exponential) 29% (316/1085) regret=0.112443 ape=0.5982
[17:46:54] warmStart (decay=exponential) 29% (317/1085) regret=0.112443 ape=0.5982
[17:46:55] warmStart (decay=exponential) 29% (318/1085) regret=0.112443 ape=0.5982
[17:46:55] warmStart (decay=exponential) 29% (319/1085) regret=0.112443 ape=0.5982
[17:46:55] warmStart (decay=exponential) 29% (320/1085) regret=0.112443 ape=0.5982
[17:46:55] warmStart (decay=exponential) 29% (321/1085) regret=0.112443 ape=0.5982
[17:46:55] warmStart (decay=exponential) 29% (322/1085) regret=0.112443 ape=0.5982
[17:46:55] warmStart (decay=exponential) 29% (323/1085) regret=0.112443 ape=0.5982
[17:46:56] warmStart (decay=exponential) 29% (324/1085) regret=0.112443 ape=0.5982
[17:46:56] warmStart (decay=exponential) 29% (325/1085) regret=0.112310 ape=0.5972
[17:46:56] warmStart (decay=exponential) 30% (326/1085) regret=0.112310 ape=0.5972
[17:46:56] warmStart (decay=exponential) 30% (327/1085) regret=0.112310 ape=0.5972
[17:46:56] warmStart (decay=exponential) 30% (328/1085) regret=0.112494 ape=0.5982
[17:46:57] warmStart (decay=exponential) 30% (329/1085) regret=0.112310 ape=0.5972
[17:46:57] warmStart (decay=exponential) 30% (330/1085) regret=0.112310 ape=0.5972
[17:46:57] warmStart (decay=exponential) 30% (331/1085) regret=0.112317 ape=0.5972
[17:46:57] warmStart (decay=exponential) 30% (332/1085) regret=0.112317 ape=0.5972
[17:46:57] warmStart (decay=exponential) 30% (333/1085) regret=0.112317 ape=0.5972
[17:46:57] warmStart (decay=exponential) 30% (334/1085) regret=0.112300 ape=0.5972
[17:46:58] warmStart (decay=exponential) 30% (335/1085) regret=0.112300 ape=0.5972
[17:46:58] warmStart (decay=exponential) 30% (336/1085) regret=0.112300 ape=0.5972
[17:46:58] warmStart (decay=exponential) 31% (337/1085) regret=0.112310 ape=0.5972
[17:46:58] warmStart (decay=exponential) 31% (338/1085) regret=0.112310 ape=0.5972
[17:46:58] warmStart (decay=exponential) 31% (339/1085) regret=0.112310 ape=0.5972
[17:46:59] warmStart (decay=exponential) 31% (340/1085) regret=0.112310 ape=0.5972
[17:46:59] warmStart (decay=exponential) 31% (341/1085) regret=0.112310 ape=0.5972
[17:46:59] warmStart (decay=exponential) 31% (342/1085) regret=0.112308 ape=0.5972
[17:46:59] warmStart (decay=exponential) 31% (343/1085) regret=0.112271 ape=0.5963
[17:46:59] warmStart (decay=exponential) 31% (344/1085) regret=0.112266 ape=0.5963
[17:46:59] warmStart (decay=exponential) 31% (345/1085) regret=0.112264 ape=0.5963
[17:47:00] warmStart (decay=exponential) 31% (346/1085) regret=0.112269 ape=0.5963
[17:47:00] warmStart (decay=exponential) 31% (347/1085) regret=0.112266 ape=0.5963
[17:47:00] warmStart (decay=exponential) 32% (348/1085) regret=0.112269 ape=0.5963
[17:47:00] warmStart (decay=exponential) 32% (349/1085) regret=0.112269 ape=0.5963
[17:47:00] warmStart (decay=exponential) 32% (350/1085) regret=0.112269 ape=0.5963
[17:47:00] warmStart (decay=exponential) 32% (351/1085) regret=0.112269 ape=0.5963
[17:47:01] warmStart (decay=exponential) 32% (352/1085) regret=0.112269 ape=0.5963
[17:47:01] warmStart (decay=exponential) 32% (353/1085) regret=0.112264 ape=0.5963
[17:47:01] warmStart (decay=exponential) 32% (354/1085) regret=0.112271 ape=0.5963
[17:47:01] warmStart (decay=exponential) 32% (355/1085) regret=0.112271 ape=0.5963
[17:47:01] warmStart (decay=exponential) 32% (356/1085) regret=0.112271 ape=0.5963
[17:47:01] warmStart (decay=exponential) 32% (357/1085) regret=0.112271 ape=0.5963
[17:47:02] warmStart (decay=exponential) 32% (358/1085) regret=0.112271 ape=0.5963
[17:47:02] warmStart (decay=exponential) 33% (359/1085) regret=0.112271 ape=0.5963
[17:47:02] warmStart (decay=exponential) 33% (360/1085) regret=0.112271 ape=0.5963
[17:47:02] warmStart (decay=exponential) 33% (361/1085) regret=0.112271 ape=0.5963
[17:47:02] warmStart (decay=exponential) 33% (362/1085) regret=0.112271 ape=0.5963
[17:47:03] warmStart (decay=exponential) 33% (363/1085) regret=0.112275 ape=0.5963
[17:47:03] warmStart (decay=exponential) 33% (364/1085) regret=0.112296 ape=0.5963
[17:47:03] warmStart (decay=exponential) 33% (365/1085) regret=0.112374 ape=0.5963
[17:47:03] warmStart (decay=exponential) 33% (366/1085) regret=0.112374 ape=0.5963
[17:47:03] warmStart (decay=exponential) 33% (367/1085) regret=0.112351 ape=0.5963
[17:47:04] warmStart (decay=exponential) 33% (368/1085) regret=0.112319 ape=0.5963
[17:47:04] warmStart (decay=exponential) 34% (369/1085) regret=0.112319 ape=0.5963
[17:47:04] warmStart (decay=exponential) 34% (370/1085) regret=0.112319 ape=0.5963
[17:47:04] warmStart (decay=exponential) 34% (371/1085) regret=0.112319 ape=0.5963
[17:47:04] warmStart (decay=exponential) 34% (372/1085) regret=0.112319 ape=0.5963
[17:47:05] warmStart (decay=exponential) 34% (373/1085) regret=0.112319 ape=0.5963
[17:47:05] warmStart (decay=exponential) 34% (374/1085) regret=0.112319 ape=0.5963
[17:47:05] warmStart (decay=exponential) 34% (375/1085) regret=0.112319 ape=0.5963
[17:47:05] warmStart (decay=exponential) 34% (376/1085) regret=0.112319 ape=0.5963
[17:47:05] warmStart (decay=exponential) 34% (377/1085) regret=0.112319 ape=0.5963
[17:47:06] warmStart (decay=exponential) 34% (378/1085) regret=0.112319 ape=0.5963
[17:47:06] warmStart (decay=exponential) 34% (379/1085) regret=0.112319 ape=0.5963
[17:47:06] warmStart (decay=exponential) 35% (380/1085) regret=0.112319 ape=0.5963
[17:47:06] warmStart (decay=exponential) 35% (381/1085) regret=0.112319 ape=0.5963
[17:47:06] warmStart (decay=exponential) 35% (382/1085) regret=0.112319 ape=0.5963
[17:47:07] warmStart (decay=exponential) 35% (383/1085) regret=0.112319 ape=0.5963
[17:47:07] warmStart (decay=exponential) 35% (384/1085) regret=0.112318 ape=0.5954
[17:47:07] warmStart (decay=exponential) 35% (385/1085) regret=0.112318 ape=0.5954
[17:47:07] warmStart (decay=exponential) 35% (386/1085) regret=0.112318 ape=0.5954
[17:47:07] warmStart (decay=exponential) 35% (387/1085) regret=0.112318 ape=0.5954
[17:47:07] warmStart (decay=exponential) 35% (388/1085) regret=0.112318 ape=0.5954
[17:47:08] warmStart (decay=exponential) 35% (389/1085) regret=0.112318 ape=0.5954
[17:47:08] warmStart (decay=exponential) 35% (390/1085) regret=0.112318 ape=0.5954
[17:47:08] warmStart (decay=exponential) 36% (391/1085) regret=0.112318 ape=0.5954
[17:47:08] warmStart (decay=exponential) 36% (392/1085) regret=0.112318 ape=0.5954
[17:47:08] warmStart (decay=exponential) 36% (393/1085) regret=0.112318 ape=0.5954
[17:47:09] warmStart (decay=exponential) 36% (394/1085) regret=0.112335 ape=0.5963
[17:47:09] warmStart (decay=exponential) 36% (395/1085) regret=0.112335 ape=0.5963
[17:47:09] warmStart (decay=exponential) 36% (396/1085) regret=0.112335 ape=0.5963
[17:47:09] warmStart (decay=exponential) 36% (397/1085) regret=0.112335 ape=0.5963
[17:47:09] warmStart (decay=exponential) 36% (398/1085) regret=0.112335 ape=0.5963
[17:47:09] warmStart (decay=exponential) 36% (399/1085) regret=0.112335 ape=0.5963
[17:47:10] warmStart (decay=exponential) 36% (400/1085) regret=0.112335 ape=0.5963
[17:47:10] warmStart (decay=exponential) 36% (401/1085) regret=0.112318 ape=0.5954
[17:47:10] warmStart (decay=exponential) 37% (402/1085) regret=0.112318 ape=0.5954
[17:47:10] warmStart (decay=exponential) 37% (403/1085) regret=0.112359 ape=0.5963
[17:47:10] warmStart (decay=exponential) 37% (404/1085) regret=0.112359 ape=0.5963
[17:47:11] warmStart (decay=exponential) 37% (405/1085) regret=0.112359 ape=0.5963
[17:47:11] warmStart (decay=exponential) 37% (406/1085) regret=0.112350 ape=0.5963
[17:47:11] warmStart (decay=exponential) 37% (407/1085) regret=0.112350 ape=0.5963
[17:47:11] warmStart (decay=exponential) 37% (408/1085) regret=0.112350 ape=0.5963
[17:47:12] warmStart (decay=exponential) 37% (409/1085) regret=0.112350 ape=0.5963
[17:47:12] warmStart (decay=exponential) 37% (410/1085) regret=0.112350 ape=0.5963
[17:47:12] warmStart (decay=exponential) 37% (411/1085) regret=0.112350 ape=0.5963
[17:47:12] warmStart (decay=exponential) 37% (412/1085) regret=0.112350 ape=0.5963
[17:47:12] warmStart (decay=exponential) 38% (413/1085) regret=0.112350 ape=0.5963
[17:47:13] warmStart (decay=exponential) 38% (414/1085) regret=0.112350 ape=0.5963
[17:47:13] warmStart (decay=exponential) 38% (415/1085) regret=0.112350 ape=0.5963
[17:47:13] warmStart (decay=exponential) 38% (416/1085) regret=0.112350 ape=0.5963
[17:47:13] warmStart (decay=exponential) 38% (417/1085) regret=0.112350 ape=0.5963
[17:47:13] warmStart (decay=exponential) 38% (418/1085) regret=0.112350 ape=0.5963
[17:47:14] warmStart (decay=exponential) 38% (419/1085) regret=0.112350 ape=0.5963
[17:47:14] warmStart (decay=exponential) 38% (420/1085) regret=0.112357 ape=0.5963
[17:47:14] warmStart (decay=exponential) 38% (421/1085) regret=0.112328 ape=0.5963
[17:47:14] warmStart (decay=exponential) 38% (422/1085) regret=0.112402 ape=0.5963
[17:47:15] warmStart (decay=exponential) 38% (423/1085) regret=0.112402 ape=0.5963
[17:47:15] warmStart (decay=exponential) 39% (424/1085) regret=0.112339 ape=0.5963
[17:47:15] warmStart (decay=exponential) 39% (425/1085) regret=0.112339 ape=0.5963
[17:47:15] warmStart (decay=exponential) 39% (426/1085) regret=0.112339 ape=0.5963
[17:47:15] warmStart (decay=exponential) 39% (427/1085) regret=0.112339 ape=0.5963
[17:47:16] warmStart (decay=exponential) 39% (428/1085) regret=0.112339 ape=0.5963
[17:47:16] warmStart (decay=exponential) 39% (429/1085) regret=0.112339 ape=0.5963
[17:47:16] warmStart (decay=exponential) 39% (430/1085) regret=0.112339 ape=0.5963
[17:47:16] warmStart (decay=exponential) 39% (431/1085) regret=0.112339 ape=0.5963
[17:47:16] warmStart (decay=exponential) 39% (432/1085) regret=0.112339 ape=0.5963
[17:47:17] warmStart (decay=exponential) 39% (433/1085) regret=0.112339 ape=0.5963
[17:47:17] warmStart (decay=exponential) 40% (434/1085) regret=0.112339 ape=0.5963
[17:47:17] warmStart (decay=exponential) 40% (435/1085) regret=0.112339 ape=0.5963
[17:47:17] warmStart (decay=exponential) 40% (436/1085) regret=0.112339 ape=0.5963
[17:47:18] warmStart (decay=exponential) 40% (437/1085) regret=0.112339 ape=0.5963
[17:47:18] warmStart (decay=exponential) 40% (438/1085) regret=0.112339 ape=0.5963
[17:47:18] warmStart (decay=exponential) 40% (439/1085) regret=0.112339 ape=0.5963
[17:47:18] warmStart (decay=exponential) 40% (440/1085) regret=0.112339 ape=0.5963
[17:47:18] warmStart (decay=exponential) 40% (441/1085) regret=0.112339 ape=0.5963
[17:47:19] warmStart (decay=exponential) 40% (442/1085) regret=0.112315 ape=0.5954
[17:47:19] warmStart (decay=exponential) 40% (443/1085) regret=0.112315 ape=0.5954
[17:47:19] warmStart (decay=exponential) 40% (444/1085) regret=0.112329 ape=0.5963
[17:47:19] warmStart (decay=exponential) 41% (445/1085) regret=0.112329 ape=0.5963
[17:47:19] warmStart (decay=exponential) 41% (446/1085) regret=0.112315 ape=0.5954
[17:47:20] warmStart (decay=exponential) 41% (447/1085) regret=0.112776 ape=0.5963
[17:47:20] warmStart (decay=exponential) 41% (448/1085) regret=0.112315 ape=0.5954
[17:47:20] warmStart (decay=exponential) 41% (449/1085) regret=0.112297 ape=0.5954
[17:47:20] warmStart (decay=exponential) 41% (450/1085) regret=0.112306 ape=0.5954
[17:47:20] warmStart (decay=exponential) 41% (451/1085) regret=0.112306 ape=0.5954
[17:47:21] warmStart (decay=exponential) 41% (452/1085) regret=0.111974 ape=0.5954
[17:47:21] warmStart (decay=exponential) 41% (453/1085) regret=0.111960 ape=0.5954
[17:47:21] warmStart (decay=exponential) 41% (454/1085) regret=0.111868 ape=0.5945
[17:47:21] warmStart (decay=exponential) 41% (455/1085) regret=0.111868 ape=0.5945
[17:47:21] warmStart (decay=exponential) 42% (456/1085) regret=0.111868 ape=0.5945
[17:47:22] warmStart (decay=exponential) 42% (457/1085) regret=0.111168 ape=0.5945
[17:47:22] warmStart (decay=exponential) 42% (458/1085) regret=0.111168 ape=0.5945
[17:47:22] warmStart (decay=exponential) 42% (459/1085) regret=0.111149 ape=0.5935
[17:47:22] warmStart (decay=exponential) 42% (460/1085) regret=0.111149 ape=0.5935
[17:47:22] warmStart (decay=exponential) 42% (461/1085) regret=0.111094 ape=0.5926
[17:47:23] warmStart (decay=exponential) 42% (462/1085) regret=0.111260 ape=0.5935
[17:47:23] warmStart (decay=exponential) 42% (463/1085) regret=0.111094 ape=0.5926
[17:47:23] warmStart (decay=exponential) 42% (464/1085) regret=0.111205 ape=0.5935
[17:47:23] warmStart (decay=exponential) 42% (465/1085) regret=0.111094 ape=0.5926
[17:47:23] warmStart (decay=exponential) 42% (466/1085) regret=0.111094 ape=0.5926
[17:47:23] warmStart (decay=exponential) 43% (467/1085) regret=0.111149 ape=0.5935
[17:47:24] warmStart (decay=exponential) 43% (468/1085) regret=0.111099 ape=0.5935
[17:47:24] warmStart (decay=exponential) 43% (469/1085) regret=0.111099 ape=0.5935
[17:47:24] warmStart (decay=exponential) 43% (470/1085) regret=0.111106 ape=0.5935
[17:47:24] warmStart (decay=exponential) 43% (471/1085) regret=0.111106 ape=0.5935
[17:47:24] warmStart (decay=exponential) 43% (472/1085) regret=0.111106 ape=0.5935
[17:47:24] warmStart (decay=exponential) 43% (473/1085) regret=0.111106 ape=0.5935
[17:47:25] warmStart (decay=exponential) 43% (474/1085) regret=0.111106 ape=0.5935
[17:47:25] warmStart (decay=exponential) 43% (475/1085) regret=0.111106 ape=0.5935
[17:47:25] warmStart (decay=exponential) 43% (476/1085) regret=0.111080 ape=0.5926
[17:47:25] warmStart (decay=exponential) 43% (477/1085) regret=0.111106 ape=0.5935
[17:47:25] warmStart (decay=exponential) 44% (478/1085) regret=0.111106 ape=0.5935
[17:47:25] warmStart (decay=exponential) 44% (479/1085) regret=0.111106 ape=0.5935
[17:47:26] warmStart (decay=exponential) 44% (480/1085) regret=0.111108 ape=0.5935
[17:47:26] warmStart (decay=exponential) 44% (481/1085) regret=0.111108 ape=0.5935
[17:47:26] warmStart (decay=exponential) 44% (482/1085) regret=0.111108 ape=0.5935
[17:47:26] warmStart (decay=exponential) 44% (483/1085) regret=0.111108 ape=0.5935
[17:47:26] warmStart (decay=exponential) 44% (484/1085) regret=0.111108 ape=0.5935
[17:47:27] warmStart (decay=exponential) 44% (485/1085) regret=0.111112 ape=0.5935
[17:47:27] warmStart (decay=exponential) 44% (486/1085) regret=0.111112 ape=0.5935
[17:47:27] warmStart (decay=exponential) 44% (487/1085) regret=0.111112 ape=0.5935
[17:47:27] warmStart (decay=exponential) 44% (488/1085) regret=0.111112 ape=0.5935
[17:47:27] warmStart (decay=exponential) 45% (489/1085) regret=0.111112 ape=0.5935
[17:47:28] warmStart (decay=exponential) 45% (490/1085) regret=0.111112 ape=0.5935
[17:47:28] warmStart (decay=exponential) 45% (491/1085) regret=0.111112 ape=0.5935
[17:47:28] warmStart (decay=exponential) 45% (492/1085) regret=0.111112 ape=0.5935
[17:47:28] warmStart (decay=exponential) 45% (493/1085) regret=0.111112 ape=0.5935
[17:47:28] warmStart (decay=exponential) 45% (494/1085) regret=0.111108 ape=0.5935
[17:47:29] warmStart (decay=exponential) 45% (495/1085) regret=0.111108 ape=0.5935
[17:47:29] warmStart (decay=exponential) 45% (496/1085) regret=0.111108 ape=0.5935
[17:47:29] warmStart (decay=exponential) 45% (497/1085) regret=0.111108 ape=0.5935
[17:47:29] warmStart (decay=exponential) 45% (498/1085) regret=0.111108 ape=0.5935
[17:47:29] warmStart (decay=exponential) 45% (499/1085) regret=0.111108 ape=0.5935
[17:47:30] warmStart (decay=exponential) 46% (500/1085) regret=0.111108 ape=0.5935
[17:47:30] warmStart (decay=exponential) 46% (501/1085) regret=0.111108 ape=0.5935
[17:47:30] warmStart (decay=exponential) 46% (502/1085) regret=0.111108 ape=0.5935
[17:47:30] warmStart (decay=exponential) 46% (503/1085) regret=0.111108 ape=0.5935
[17:47:30] warmStart (decay=exponential) 46% (504/1085) regret=0.111108 ape=0.5935
[17:47:31] warmStart (decay=exponential) 46% (505/1085) regret=0.111108 ape=0.5935
[17:47:31] warmStart (decay=exponential) 46% (506/1085) regret=0.111108 ape=0.5935
[17:47:31] warmStart (decay=exponential) 46% (507/1085) regret=0.111108 ape=0.5935
[17:47:31] warmStart (decay=exponential) 46% (508/1085) regret=0.111108 ape=0.5935
[17:47:31] warmStart (decay=exponential) 46% (509/1085) regret=0.111108 ape=0.5935
[17:47:32] warmStart (decay=exponential) 47% (510/1085) regret=0.111108 ape=0.5935
[17:47:32] warmStart (decay=exponential) 47% (511/1085) regret=0.111108 ape=0.5935
[17:47:32] warmStart (decay=exponential) 47% (512/1085) regret=0.111108 ape=0.5935
[17:47:32] warmStart (decay=exponential) 47% (513/1085) regret=0.111108 ape=0.5935
[17:47:32] warmStart (decay=exponential) 47% (514/1085) regret=0.111108 ape=0.5935
[17:47:33] warmStart (decay=exponential) 47% (515/1085) regret=0.111108 ape=0.5935
[17:47:33] warmStart (decay=exponential) 47% (516/1085) regret=0.111108 ape=0.5935
[17:47:33] warmStart (decay=exponential) 47% (517/1085) regret=0.111108 ape=0.5935
[17:47:33] warmStart (decay=exponential) 47% (518/1085) regret=0.111108 ape=0.5935
[17:47:33] warmStart (decay=exponential) 47% (519/1085) regret=0.111108 ape=0.5935
[17:47:33] warmStart (decay=exponential) 47% (520/1085) regret=0.111108 ape=0.5935
[17:47:34] warmStart (decay=exponential) 48% (521/1085) regret=0.111108 ape=0.5935
[17:47:34] warmStart (decay=exponential) 48% (522/1085) regret=0.110260 ape=0.5926
[17:47:34] warmStart (decay=exponential) 48% (523/1085) regret=0.110260 ape=0.5926
[17:47:34] warmStart (decay=exponential) 48% (524/1085) regret=0.110467 ape=0.5935
[17:47:34] warmStart (decay=exponential) 48% (525/1085) regret=0.110260 ape=0.5926
[17:47:35] warmStart (decay=exponential) 48% (526/1085) regret=0.110260 ape=0.5926
[17:47:35] warmStart (decay=exponential) 48% (527/1085) regret=0.110260 ape=0.5926
[17:47:35] warmStart (decay=exponential) 48% (528/1085) regret=0.110260 ape=0.5926
[17:47:35] warmStart (decay=exponential) 48% (529/1085) regret=0.110260 ape=0.5926
[17:47:36] warmStart (decay=exponential) 48% (530/1085) regret=0.110260 ape=0.5926
[17:47:36] warmStart (decay=exponential) 48% (531/1085) regret=0.110260 ape=0.5926
[17:47:36] warmStart (decay=exponential) 49% (532/1085) regret=0.110260 ape=0.5926
[17:47:36] warmStart (decay=exponential) 49% (533/1085) regret=0.110260 ape=0.5926
[17:47:36] warmStart (decay=exponential) 49% (534/1085) regret=0.110288 ape=0.5935
[17:47:37] warmStart (decay=exponential) 49% (535/1085) regret=0.110288 ape=0.5935
[17:47:37] warmStart (decay=exponential) 49% (536/1085) regret=0.110288 ape=0.5935
[17:47:37] warmStart (decay=exponential) 49% (537/1085) regret=0.110288 ape=0.5935
[17:47:37] warmStart (decay=exponential) 49% (538/1085) regret=0.110260 ape=0.5926
[17:47:37] warmStart (decay=exponential) 49% (539/1085) regret=0.110260 ape=0.5926
[17:47:38] warmStart (decay=exponential) 49% (540/1085) regret=0.110288 ape=0.5935
[17:47:38] warmStart (decay=exponential) 49% (541/1085) regret=0.110260 ape=0.5926
[17:47:38] warmStart (decay=exponential) 49% (542/1085) regret=0.110298 ape=0.5926
[17:47:38] warmStart (decay=exponential) 50% (543/1085) regret=0.110308 ape=0.5926
[17:47:38] warmStart (decay=exponential) 50% (544/1085) regret=0.110298 ape=0.5926
[17:47:39] warmStart (decay=exponential) 50% (545/1085) regret=0.110298 ape=0.5926
[17:47:39] warmStart (decay=exponential) 50% (546/1085) regret=0.110298 ape=0.5926
[17:47:39] warmStart (decay=exponential) 50% (547/1085) regret=0.110265 ape=0.5926
[17:47:39] warmStart (decay=exponential) 50% (548/1085) regret=0.110265 ape=0.5926
[17:47:39] warmStart (decay=exponential) 50% (549/1085) regret=0.110294 ape=0.5926
[17:47:40] warmStart (decay=exponential) 50% (550/1085) regret=0.110294 ape=0.5926
[17:47:40] warmStart (decay=exponential) 50% (551/1085) regret=0.110265 ape=0.5926
[17:47:40] warmStart (decay=exponential) 50% (552/1085) regret=0.110265 ape=0.5926
[17:47:40] warmStart (decay=exponential) 50% (553/1085) regret=0.110294 ape=0.5926
[17:47:40] warmStart (decay=exponential) 51% (554/1085) regret=0.110294 ape=0.5926
[17:47:41] warmStart (decay=exponential) 51% (555/1085) regret=0.110294 ape=0.5926
[17:47:41] warmStart (decay=exponential) 51% (556/1085) regret=0.110294 ape=0.5926
[17:47:41] warmStart (decay=exponential) 51% (557/1085) regret=0.110294 ape=0.5926
[17:47:41] warmStart (decay=exponential) 51% (558/1085) regret=0.110294 ape=0.5926
[17:47:41] warmStart (decay=exponential) 51% (559/1085) regret=0.110260 ape=0.5926
[17:47:42] warmStart (decay=exponential) 51% (560/1085) regret=0.110260 ape=0.5926
[17:47:42] warmStart (decay=exponential) 51% (561/1085) regret=0.110260 ape=0.5926
[17:47:42] warmStart (decay=exponential) 51% (562/1085) regret=0.110260 ape=0.5926
[17:47:42] warmStart (decay=exponential) 51% (563/1085) regret=0.110260 ape=0.5926
[17:47:42] warmStart (decay=exponential) 51% (564/1085) regret=0.110260 ape=0.5926
[17:47:43] warmStart (decay=exponential) 52% (565/1085) regret=0.110260 ape=0.5926
[17:47:43] warmStart (decay=exponential) 52% (566/1085) regret=0.110260 ape=0.5926
[17:47:43] warmStart (decay=exponential) 52% (567/1085) regret=0.110260 ape=0.5926
[17:47:43] warmStart (decay=exponential) 52% (568/1085) regret=0.110260 ape=0.5926
[17:47:43] warmStart (decay=exponential) 52% (569/1085) regret=0.110260 ape=0.5926
[17:47:43] warmStart (decay=exponential) 52% (570/1085) regret=0.110260 ape=0.5926
[17:47:44] warmStart (decay=exponential) 52% (571/1085) regret=0.110260 ape=0.5926
[17:47:44] warmStart (decay=exponential) 52% (572/1085) regret=0.110260 ape=0.5926
[17:47:44] warmStart (decay=exponential) 52% (573/1085) regret=0.110260 ape=0.5926
[17:47:44] warmStart (decay=exponential) 52% (574/1085) regret=0.110260 ape=0.5926
[17:47:44] warmStart (decay=exponential) 52% (575/1085) regret=0.110260 ape=0.5926
[17:47:44] warmStart (decay=exponential) 53% (576/1085) regret=0.110260 ape=0.5926
[17:47:45] warmStart (decay=exponential) 53% (577/1085) regret=0.110260 ape=0.5926
[17:47:45] warmStart (decay=exponential) 53% (578/1085) regret=0.110260 ape=0.5926
[17:47:45] warmStart (decay=exponential) 53% (579/1085) regret=0.110260 ape=0.5926
[17:47:45] warmStart (decay=exponential) 53% (580/1085) regret=0.110260 ape=0.5926
[17:47:45] warmStart (decay=exponential) 53% (581/1085) regret=0.110260 ape=0.5926
[17:47:46] warmStart (decay=exponential) 53% (582/1085) regret=0.110260 ape=0.5926
[17:47:46] warmStart (decay=exponential) 53% (583/1085) regret=0.110260 ape=0.5926
[17:47:46] warmStart (decay=exponential) 53% (584/1085) regret=0.110260 ape=0.5926
[17:47:46] warmStart (decay=exponential) 53% (585/1085) regret=0.110260 ape=0.5926
[17:47:46] warmStart (decay=exponential) 54% (586/1085) regret=0.110260 ape=0.5926
[17:47:46] warmStart (decay=exponential) 54% (587/1085) regret=0.110260 ape=0.5926
[17:47:47] warmStart (decay=exponential) 54% (588/1085) regret=0.110260 ape=0.5926
[17:47:47] warmStart (decay=exponential) 54% (589/1085) regret=0.110260 ape=0.5926
[17:47:47] warmStart (decay=exponential) 54% (590/1085) regret=0.110260 ape=0.5926
[17:47:47] warmStart (decay=exponential) 54% (591/1085) regret=0.110260 ape=0.5926
[17:47:47] warmStart (decay=exponential) 54% (592/1085) regret=0.110260 ape=0.5926
[17:47:48] warmStart (decay=exponential) 54% (593/1085) regret=0.110195 ape=0.5917
[17:47:48] warmStart (decay=exponential) 54% (594/1085) regret=0.110195 ape=0.5917
[17:47:48] warmStart (decay=exponential) 54% (595/1085) regret=0.110195 ape=0.5917
[17:47:48] warmStart (decay=exponential) 54% (596/1085) regret=0.110195 ape=0.5917
[17:47:48] warmStart (decay=exponential) 55% (597/1085) regret=0.110195 ape=0.5917
[17:47:49] warmStart (decay=exponential) 55% (598/1085) regret=0.110195 ape=0.5917
[17:47:49] warmStart (decay=exponential) 55% (599/1085) regret=0.110195 ape=0.5917
[17:47:49] warmStart (decay=exponential) 55% (600/1085) regret=0.110195 ape=0.5917
[17:47:49] warmStart (decay=exponential) 55% (601/1085) regret=0.110195 ape=0.5917
[17:47:49] warmStart (decay=exponential) 55% (602/1085) regret=0.110195 ape=0.5917
[17:47:49] warmStart (decay=exponential) 55% (603/1085) regret=0.110195 ape=0.5917
[17:47:50] warmStart (decay=exponential) 55% (604/1085) regret=0.110195 ape=0.5917
[17:47:50] warmStart (decay=exponential) 55% (605/1085) regret=0.110195 ape=0.5917
[17:47:50] warmStart (decay=exponential) 55% (606/1085) regret=0.110195 ape=0.5917
[17:47:50] warmStart (decay=exponential) 55% (607/1085) regret=0.110195 ape=0.5917
[17:47:50] warmStart (decay=exponential) 56% (608/1085) regret=0.110195 ape=0.5917
[17:47:51] warmStart (decay=exponential) 56% (609/1085) regret=0.110195 ape=0.5917
[17:47:51] warmStart (decay=exponential) 56% (610/1085) regret=0.110195 ape=0.5917
[17:47:51] warmStart (decay=exponential) 56% (611/1085) regret=0.110195 ape=0.5917
[17:47:51] warmStart (decay=exponential) 56% (612/1085) regret=0.110195 ape=0.5917
[17:47:51] warmStart (decay=exponential) 56% (613/1085) regret=0.110195 ape=0.5917
[17:47:51] warmStart (decay=exponential) 56% (614/1085) regret=0.110195 ape=0.5917
[17:47:52] warmStart (decay=exponential) 56% (615/1085) regret=0.110195 ape=0.5917
[17:47:52] warmStart (decay=exponential) 56% (616/1085) regret=0.110195 ape=0.5917
[17:47:52] warmStart (decay=exponential) 56% (617/1085) regret=0.110195 ape=0.5917
[17:47:52] warmStart (decay=exponential) 56% (618/1085) regret=0.110195 ape=0.5917
[17:47:52] warmStart (decay=exponential) 57% (619/1085) regret=0.110195 ape=0.5917
[17:47:53] warmStart (decay=exponential) 57% (620/1085) regret=0.110195 ape=0.5917
[17:47:53] warmStart (decay=exponential) 57% (621/1085) regret=0.110195 ape=0.5917
[17:47:53] warmStart (decay=exponential) 57% (622/1085) regret=0.110195 ape=0.5917
[17:47:53] warmStart (decay=exponential) 57% (623/1085) regret=0.110195 ape=0.5917
[17:47:53] warmStart (decay=exponential) 57% (624/1085) regret=0.110195 ape=0.5917
[17:47:53] warmStart (decay=exponential) 57% (625/1085) regret=0.110195 ape=0.5917
[17:47:54] warmStart (decay=exponential) 57% (626/1085) regret=0.110195 ape=0.5917
[17:47:54] warmStart (decay=exponential) 57% (627/1085) regret=0.110195 ape=0.5917
[17:47:54] warmStart (decay=exponential) 57% (628/1085) regret=0.110195 ape=0.5917
[17:47:54] warmStart (decay=exponential) 57% (629/1085) regret=0.110195 ape=0.5917
[17:47:54] warmStart (decay=exponential) 58% (630/1085) regret=0.110195 ape=0.5917
[17:47:55] warmStart (decay=exponential) 58% (631/1085) regret=0.110195 ape=0.5917
[17:47:55] warmStart (decay=exponential) 58% (632/1085) regret=0.110195 ape=0.5917
[17:47:55] warmStart (decay=exponential) 58% (633/1085) regret=0.110195 ape=0.5917
[17:47:55] warmStart (decay=exponential) 58% (634/1085) regret=0.110195 ape=0.5917
[17:47:55] warmStart (decay=exponential) 58% (635/1085) regret=0.110195 ape=0.5917
[17:47:56] warmStart (decay=exponential) 58% (636/1085) regret=0.110232 ape=0.5917
[17:47:56] warmStart (decay=exponential) 58% (637/1085) regret=0.110251 ape=0.5917
[17:47:56] warmStart (decay=exponential) 58% (638/1085) regret=0.110251 ape=0.5917
[17:47:56] warmStart (decay=exponential) 58% (639/1085) regret=0.110195 ape=0.5917
[17:47:56] warmStart (decay=exponential) 58% (640/1085) regret=0.110251 ape=0.5917
[17:47:56] warmStart (decay=exponential) 59% (641/1085) regret=0.110251 ape=0.5917
[17:47:57] warmStart (decay=exponential) 59% (642/1085) regret=0.110232 ape=0.5917
[17:47:57] warmStart (decay=exponential) 59% (643/1085) regret=0.110251 ape=0.5917
[17:47:57] warmStart (decay=exponential) 59% (644/1085) regret=0.110251 ape=0.5917
[17:47:57] warmStart (decay=exponential) 59% (645/1085) regret=0.110241 ape=0.5908
[17:47:57] warmStart (decay=exponential) 59% (646/1085) regret=0.110241 ape=0.5908
[17:47:58] warmStart (decay=exponential) 59% (647/1085) regret=0.110241 ape=0.5908
[17:47:58] warmStart (decay=exponential) 59% (648/1085) regret=0.110241 ape=0.5908
[17:47:58] warmStart (decay=exponential) 59% (649/1085) regret=0.110241 ape=0.5908
[17:47:58] warmStart (decay=exponential) 59% (650/1085) regret=0.110241 ape=0.5908
[17:47:58] warmStart (decay=exponential) 60% (651/1085) regret=0.110241 ape=0.5908
[17:47:59] warmStart (decay=exponential) 60% (652/1085) regret=0.110241 ape=0.5908
[17:47:59] warmStart (decay=exponential) 60% (653/1085) regret=0.110241 ape=0.5908
[17:47:59] warmStart (decay=exponential) 60% (654/1085) regret=0.110241 ape=0.5908
[17:47:59] warmStart (decay=exponential) 60% (655/1085) regret=0.110241 ape=0.5908
[17:47:59] warmStart (decay=exponential) 60% (656/1085) regret=0.110241 ape=0.5908
[17:47:59] warmStart (decay=exponential) 60% (657/1085) regret=0.110241 ape=0.5908
[17:48:00] warmStart (decay=exponential) 60% (658/1085) regret=0.110241 ape=0.5908
[17:48:00] warmStart (decay=exponential) 60% (659/1085) regret=0.110241 ape=0.5908
[17:48:00] warmStart (decay=exponential) 60% (660/1085) regret=0.110241 ape=0.5908
[17:48:00] warmStart (decay=exponential) 60% (661/1085) regret=0.110241 ape=0.5908
[17:48:00] warmStart (decay=exponential) 61% (662/1085) regret=0.110241 ape=0.5908
[17:48:01] warmStart (decay=exponential) 61% (663/1085) regret=0.110241 ape=0.5908
[17:48:01] warmStart (decay=exponential) 61% (664/1085) regret=0.110241 ape=0.5908
[17:48:01] warmStart (decay=exponential) 61% (665/1085) regret=0.110241 ape=0.5908
[17:48:01] warmStart (decay=exponential) 61% (666/1085) regret=0.110241 ape=0.5908
[17:48:01] warmStart (decay=exponential) 61% (667/1085) regret=0.110241 ape=0.5908
[17:48:02] warmStart (decay=exponential) 61% (668/1085) regret=0.110241 ape=0.5908
[17:48:02] warmStart (decay=exponential) 61% (669/1085) regret=0.110241 ape=0.5908
[17:48:02] warmStart (decay=exponential) 61% (670/1085) regret=0.110241 ape=0.5908
[17:48:02] warmStart (decay=exponential) 61% (671/1085) regret=0.110241 ape=0.5908
[17:48:02] warmStart (decay=exponential) 61% (672/1085) regret=0.110241 ape=0.5908
[17:48:03] warmStart (decay=exponential) 62% (673/1085) regret=0.110241 ape=0.5908
[17:48:03] warmStart (decay=exponential) 62% (674/1085) regret=0.110241 ape=0.5908
[17:48:03] warmStart (decay=exponential) 62% (675/1085) regret=0.110241 ape=0.5908
[17:48:03] warmStart (decay=exponential) 62% (676/1085) regret=0.110241 ape=0.5908
[17:48:03] warmStart (decay=exponential) 62% (677/1085) regret=0.110241 ape=0.5908
[17:48:04] warmStart (decay=exponential) 62% (678/1085) regret=0.110241 ape=0.5908
[17:48:04] warmStart (decay=exponential) 62% (679/1085) regret=0.110241 ape=0.5908
[17:48:04] warmStart (decay=exponential) 62% (680/1085) regret=0.110241 ape=0.5908
[17:48:04] warmStart (decay=exponential) 62% (681/1085) regret=0.110241 ape=0.5908
[17:48:04] warmStart (decay=exponential) 62% (682/1085) regret=0.110241 ape=0.5908
[17:48:04] warmStart (decay=exponential) 62% (683/1085) regret=0.110241 ape=0.5908
[17:48:05] warmStart (decay=exponential) 63% (684/1085) regret=0.110241 ape=0.5908
[17:48:05] warmStart (decay=exponential) 63% (685/1085) regret=0.110241 ape=0.5908
[17:48:05] warmStart (decay=exponential) 63% (686/1085) regret=0.110241 ape=0.5908
[17:48:05] warmStart (decay=exponential) 63% (687/1085) regret=0.110241 ape=0.5908
[17:48:05] warmStart (decay=exponential) 63% (688/1085) regret=0.110241 ape=0.5908
[17:48:06] warmStart (decay=exponential) 63% (689/1085) regret=0.110241 ape=0.5908
[17:48:06] warmStart (decay=exponential) 63% (690/1085) regret=0.110241 ape=0.5908
[17:48:06] warmStart (decay=exponential) 63% (691/1085) regret=0.110241 ape=0.5908
[17:48:06] warmStart (decay=exponential) 63% (692/1085) regret=0.110241 ape=0.5908
[17:48:06] warmStart (decay=exponential) 63% (693/1085) regret=0.110241 ape=0.5908
[17:48:07] warmStart (decay=exponential) 63% (694/1085) regret=0.110241 ape=0.5908
[17:48:07] warmStart (decay=exponential) 64% (695/1085) regret=0.110241 ape=0.5908
[17:48:07] warmStart (decay=exponential) 64% (696/1085) regret=0.110241 ape=0.5908
[17:48:07] warmStart (decay=exponential) 64% (697/1085) regret=0.110241 ape=0.5908
[17:48:07] warmStart (decay=exponential) 64% (698/1085) regret=0.110241 ape=0.5908
[17:48:07] warmStart (decay=exponential) 64% (699/1085) regret=0.110241 ape=0.5908
[17:48:08] warmStart (decay=exponential) 64% (700/1085) regret=0.110241 ape=0.5908
[17:48:08] warmStart (decay=exponential) 64% (701/1085) regret=0.110241 ape=0.5908
[17:48:08] warmStart (decay=exponential) 64% (702/1085) regret=0.110241 ape=0.5908
[17:48:08] warmStart (decay=exponential) 64% (703/1085) regret=0.110241 ape=0.5908
[17:48:08] warmStart (decay=exponential) 64% (704/1085) regret=0.110241 ape=0.5908
[17:48:09] warmStart (decay=exponential) 64% (705/1085) regret=0.110241 ape=0.5908
[17:48:09] warmStart (decay=exponential) 65% (706/1085) regret=0.110241 ape=0.5908
[17:48:09] warmStart (decay=exponential) 65% (707/1085) regret=0.110241 ape=0.5908
[17:48:09] warmStart (decay=exponential) 65% (708/1085) regret=0.110241 ape=0.5908
[17:48:09] warmStart (decay=exponential) 65% (709/1085) regret=0.110241 ape=0.5908
[17:48:10] warmStart (decay=exponential) 65% (710/1085) regret=0.110241 ape=0.5908
[17:48:10] warmStart (decay=exponential) 65% (711/1085) regret=0.110241 ape=0.5908
[17:48:10] warmStart (decay=exponential) 65% (712/1085) regret=0.110241 ape=0.5908
[17:48:10] warmStart (decay=exponential) 65% (713/1085) regret=0.110241 ape=0.5908
[17:48:10] warmStart (decay=exponential) 65% (714/1085) regret=0.110241 ape=0.5908
[17:48:10] warmStart (decay=exponential) 65% (715/1085) regret=0.110241 ape=0.5908
[17:48:11] warmStart (decay=exponential) 65% (716/1085) regret=0.110241 ape=0.5908
[17:48:11] warmStart (decay=exponential) 66% (717/1085) regret=0.110241 ape=0.5908
[17:48:11] warmStart (decay=exponential) 66% (718/1085) regret=0.110241 ape=0.5908
[17:48:11] warmStart (decay=exponential) 66% (719/1085) regret=0.110241 ape=0.5908
[17:48:11] warmStart (decay=exponential) 66% (720/1085) regret=0.110241 ape=0.5908
[17:48:12] warmStart (decay=exponential) 66% (721/1085) regret=0.110241 ape=0.5908
[17:48:12] warmStart (decay=exponential) 66% (722/1085) regret=0.110241 ape=0.5908
[17:48:12] warmStart (decay=exponential) 66% (723/1085) regret=0.110241 ape=0.5908
[17:48:12] warmStart (decay=exponential) 66% (724/1085) regret=0.110241 ape=0.5908
[17:48:12] warmStart (decay=exponential) 66% (725/1085) regret=0.110241 ape=0.5908
[17:48:12] warmStart (decay=exponential) 66% (726/1085) regret=0.110241 ape=0.5908
[17:48:13] warmStart (decay=exponential) 67% (727/1085) regret=0.110241 ape=0.5908
[17:48:13] warmStart (decay=exponential) 67% (728/1085) regret=0.110241 ape=0.5908
[17:48:13] warmStart (decay=exponential) 67% (729/1085) regret=0.110241 ape=0.5908
[17:48:13] warmStart (decay=exponential) 67% (730/1085) regret=0.110241 ape=0.5908
[17:48:13] warmStart (decay=exponential) 67% (731/1085) regret=0.110241 ape=0.5908
[17:48:14] warmStart (decay=exponential) 67% (732/1085) regret=0.110241 ape=0.5908
[17:48:14] warmStart (decay=exponential) 67% (733/1085) regret=0.110241 ape=0.5908
[17:48:14] warmStart (decay=exponential) 67% (734/1085) regret=0.110241 ape=0.5908
[17:48:14] warmStart (decay=exponential) 67% (735/1085) regret=0.110241 ape=0.5908
[17:48:14] warmStart (decay=exponential) 67% (736/1085) regret=0.110241 ape=0.5908
[17:48:14] warmStart (decay=exponential) 67% (737/1085) regret=0.110241 ape=0.5908
[17:48:15] warmStart (decay=exponential) 68% (738/1085) regret=0.110241 ape=0.5908
[17:48:15] warmStart (decay=exponential) 68% (739/1085) regret=0.110241 ape=0.5908
[17:48:15] warmStart (decay=exponential) 68% (740/1085) regret=0.110241 ape=0.5908
[17:48:15] warmStart (decay=exponential) 68% (741/1085) regret=0.110241 ape=0.5908
[17:48:15] warmStart (decay=exponential) 68% (742/1085) regret=0.110241 ape=0.5908
[17:48:16] warmStart (decay=exponential) 68% (743/1085) regret=0.110241 ape=0.5908
[17:48:16] warmStart (decay=exponential) 68% (744/1085) regret=0.110241 ape=0.5908
[17:48:16] warmStart (decay=exponential) 68% (745/1085) regret=0.110241 ape=0.5908
[17:48:16] warmStart (decay=exponential) 68% (746/1085) regret=0.110241 ape=0.5908
[17:48:16] warmStart (decay=exponential) 68% (747/1085) regret=0.110241 ape=0.5908
[17:48:17] warmStart (decay=exponential) 68% (748/1085) regret=0.110209 ape=0.5899
[17:48:17] warmStart (decay=exponential) 69% (749/1085) regret=0.110209 ape=0.5899
[17:48:17] warmStart (decay=exponential) 69% (750/1085) regret=0.110209 ape=0.5899
[17:48:17] warmStart (decay=exponential) 69% (751/1085) regret=0.110209 ape=0.5899
[17:48:17] warmStart (decay=exponential) 69% (752/1085) regret=0.110203 ape=0.5889
[17:48:18] warmStart (decay=exponential) 69% (753/1085) regret=0.110203 ape=0.5889
[17:48:18] warmStart (decay=exponential) 69% (754/1085) regret=0.110203 ape=0.5889
[17:48:18] warmStart (decay=exponential) 69% (755/1085) regret=0.110203 ape=0.5889
[17:48:18] warmStart (decay=exponential) 69% (756/1085) regret=0.110203 ape=0.5889
[17:48:18] warmStart (decay=exponential) 69% (757/1085) regret=0.110203 ape=0.5889
[17:48:19] warmStart (decay=exponential) 69% (758/1085) regret=0.110203 ape=0.5889
[17:48:19] warmStart (decay=exponential) 69% (759/1085) regret=0.110203 ape=0.5889
[17:48:19] warmStart (decay=exponential) 70% (760/1085) regret=0.110203 ape=0.5889
[17:48:19] warmStart (decay=exponential) 70% (761/1085) regret=0.110281 ape=0.5899
[17:48:19] warmStart (decay=exponential) 70% (762/1085) regret=0.110203 ape=0.5889
[17:48:20] warmStart (decay=exponential) 70% (763/1085) regret=0.110203 ape=0.5889
[17:48:20] warmStart (decay=exponential) 70% (764/1085) regret=0.110203 ape=0.5889
[17:48:20] warmStart (decay=exponential) 70% (765/1085) regret=0.110203 ape=0.5889
[17:48:20] warmStart (decay=exponential) 70% (766/1085) regret=0.110203 ape=0.5889
[17:48:20] warmStart (decay=exponential) 70% (767/1085) regret=0.110203 ape=0.5889
[17:48:21] warmStart (decay=exponential) 70% (768/1085) regret=0.110203 ape=0.5889
[17:48:21] warmStart (decay=exponential) 70% (769/1085) regret=0.110203 ape=0.5889
[17:48:21] warmStart (decay=exponential) 70% (770/1085) regret=0.110203 ape=0.5889
[17:48:21] warmStart (decay=exponential) 71% (771/1085) regret=0.110203 ape=0.5889
[17:48:21] warmStart (decay=exponential) 71% (772/1085) regret=0.110203 ape=0.5889
[17:48:22] warmStart (decay=exponential) 71% (773/1085) regret=0.110203 ape=0.5889
[17:48:22] warmStart (decay=exponential) 71% (774/1085) regret=0.110203 ape=0.5889
[17:48:22] warmStart (decay=exponential) 71% (775/1085) regret=0.110203 ape=0.5889
[17:48:22] warmStart (decay=exponential) 71% (776/1085) regret=0.110203 ape=0.5889
[17:48:22] warmStart (decay=exponential) 71% (777/1085) regret=0.110203 ape=0.5889
[17:48:23] warmStart (decay=exponential) 71% (778/1085) regret=0.110203 ape=0.5889
[17:48:23] warmStart (decay=exponential) 71% (779/1085) regret=0.110203 ape=0.5889
[17:48:23] warmStart (decay=exponential) 71% (780/1085) regret=0.110203 ape=0.5889
[17:48:23] warmStart (decay=exponential) 71% (781/1085) regret=0.110203 ape=0.5889
[17:48:23] warmStart (decay=exponential) 72% (782/1085) regret=0.110203 ape=0.5889
[17:48:24] warmStart (decay=exponential) 72% (783/1085) regret=0.110203 ape=0.5889
[17:48:24] warmStart (decay=exponential) 72% (784/1085) regret=0.110203 ape=0.5889
[17:48:24] warmStart (decay=exponential) 72% (785/1085) regret=0.110203 ape=0.5889
[17:48:24] warmStart (decay=exponential) 72% (786/1085) regret=0.110203 ape=0.5889
[17:48:24] warmStart (decay=exponential) 72% (787/1085) regret=0.110203 ape=0.5889
[17:48:25] warmStart (decay=exponential) 72% (788/1085) regret=0.110203 ape=0.5889
[17:48:25] warmStart (decay=exponential) 72% (789/1085) regret=0.110203 ape=0.5889
[17:48:25] warmStart (decay=exponential) 72% (790/1085) regret=0.110203 ape=0.5889
[17:48:25] warmStart (decay=exponential) 72% (791/1085) regret=0.110203 ape=0.5889
[17:48:25] warmStart (decay=exponential) 72% (792/1085) regret=0.110203 ape=0.5889
[17:48:26] warmStart (decay=exponential) 73% (793/1085) regret=0.110203 ape=0.5889
[17:48:26] warmStart (decay=exponential) 73% (794/1085) regret=0.110203 ape=0.5889
[17:48:26] warmStart (decay=exponential) 73% (795/1085) regret=0.110203 ape=0.5889
[17:48:26] warmStart (decay=exponential) 73% (796/1085) regret=0.110203 ape=0.5889
[17:48:27] warmStart (decay=exponential) 73% (797/1085) regret=0.110203 ape=0.5889
[17:48:27] warmStart (decay=exponential) 73% (798/1085) regret=0.110203 ape=0.5889
[17:48:27] warmStart (decay=exponential) 73% (799/1085) regret=0.110203 ape=0.5889
[17:48:27] warmStart (decay=exponential) 73% (800/1085) regret=0.110203 ape=0.5889
[17:48:27] warmStart (decay=exponential) 73% (801/1085) regret=0.110203 ape=0.5889
[17:48:28] warmStart (decay=exponential) 73% (802/1085) regret=0.110203 ape=0.5889
[17:48:28] warmStart (decay=exponential) 74% (803/1085) regret=0.110203 ape=0.5889
[17:48:28] warmStart (decay=exponential) 74% (804/1085) regret=0.110203 ape=0.5889
[17:48:28] warmStart (decay=exponential) 74% (805/1085) regret=0.110203 ape=0.5889
[17:48:28] warmStart (decay=exponential) 74% (806/1085) regret=0.110203 ape=0.5889
[17:48:29] warmStart (decay=exponential) 74% (807/1085) regret=0.110203 ape=0.5889
[17:48:29] warmStart (decay=exponential) 74% (808/1085) regret=0.110203 ape=0.5889
[17:48:29] warmStart (decay=exponential) 74% (809/1085) regret=0.110203 ape=0.5889
[17:48:29] warmStart (decay=exponential) 74% (810/1085) regret=0.110203 ape=0.5889
[17:48:29] warmStart (decay=exponential) 74% (811/1085) regret=0.110203 ape=0.5889
[17:48:30] warmStart (decay=exponential) 74% (812/1085) regret=0.110203 ape=0.5889
[17:48:30] warmStart (decay=exponential) 74% (813/1085) regret=0.110203 ape=0.5889
[17:48:30] warmStart (decay=exponential) 75% (814/1085) regret=0.110203 ape=0.5889
[17:48:30] warmStart (decay=exponential) 75% (815/1085) regret=0.110203 ape=0.5889
[17:48:30] warmStart (decay=exponential) 75% (816/1085) regret=0.110203 ape=0.5889
[17:48:31] warmStart (decay=exponential) 75% (817/1085) regret=0.110203 ape=0.5889
[17:48:31] warmStart (decay=exponential) 75% (818/1085) regret=0.110203 ape=0.5889
[17:48:31] warmStart (decay=exponential) 75% (819/1085) regret=0.110203 ape=0.5889
[17:48:31] warmStart (decay=exponential) 75% (820/1085) regret=0.110203 ape=0.5889
[17:48:31] warmStart (decay=exponential) 75% (821/1085) regret=0.110203 ape=0.5889
[17:48:32] warmStart (decay=exponential) 75% (822/1085) regret=0.110203 ape=0.5889
[17:48:32] warmStart (decay=exponential) 75% (823/1085) regret=0.110203 ape=0.5889
[17:48:32] warmStart (decay=exponential) 75% (824/1085) regret=0.110203 ape=0.5889
[17:48:32] warmStart (decay=exponential) 76% (825/1085) regret=0.110203 ape=0.5889
[17:48:33] warmStart (decay=exponential) 76% (826/1085) regret=0.110203 ape=0.5889
[17:48:33] warmStart (decay=exponential) 76% (827/1085) regret=0.110203 ape=0.5889
[17:48:33] warmStart (decay=exponential) 76% (828/1085) regret=0.110203 ape=0.5889
[17:48:33] warmStart (decay=exponential) 76% (829/1085) regret=0.110203 ape=0.5889
[17:48:33] warmStart (decay=exponential) 76% (830/1085) regret=0.110203 ape=0.5889
[17:48:34] warmStart (decay=exponential) 76% (831/1085) regret=0.110203 ape=0.5889
[17:48:34] warmStart (decay=exponential) 76% (832/1085) regret=0.110203 ape=0.5889
[17:48:34] warmStart (decay=exponential) 76% (833/1085) regret=0.110203 ape=0.5889
[17:48:34] warmStart (decay=exponential) 76% (834/1085) regret=0.110203 ape=0.5889
[17:48:34] warmStart (decay=exponential) 76% (835/1085) regret=0.110203 ape=0.5889
[17:48:35] warmStart (decay=exponential) 77% (836/1085) regret=0.110203 ape=0.5889
[17:48:35] warmStart (decay=exponential) 77% (837/1085) regret=0.110203 ape=0.5889
[17:48:35] warmStart (decay=exponential) 77% (838/1085) regret=0.110203 ape=0.5889
[17:48:35] warmStart (decay=exponential) 77% (839/1085) regret=0.110203 ape=0.5889
[17:48:35] warmStart (decay=exponential) 77% (840/1085) regret=0.110203 ape=0.5889
[17:48:36] warmStart (decay=exponential) 77% (841/1085) regret=0.110203 ape=0.5889
[17:48:36] warmStart (decay=exponential) 77% (842/1085) regret=0.110203 ape=0.5889
[17:48:36] warmStart (decay=exponential) 77% (843/1085) regret=0.110203 ape=0.5889
[17:48:36] warmStart (decay=exponential) 77% (844/1085) regret=0.110203 ape=0.5889
[17:48:37] warmStart (decay=exponential) 77% (845/1085) regret=0.110268 ape=0.5889
[17:48:37] warmStart (decay=exponential) 77% (846/1085) regret=0.110268 ape=0.5889
[17:48:37] warmStart (decay=exponential) 78% (847/1085) regret=0.110268 ape=0.5889
[17:48:37] warmStart (decay=exponential) 78% (848/1085) regret=0.110268 ape=0.5889
[17:48:37] warmStart (decay=exponential) 78% (849/1085) regret=0.110212 ape=0.5889
[17:48:37] warmStart (decay=exponential) 78% (850/1085) regret=0.110194 ape=0.5889
[17:48:38] warmStart (decay=exponential) 78% (851/1085) regret=0.110194 ape=0.5889
[17:48:38] warmStart (decay=exponential) 78% (852/1085) regret=0.110194 ape=0.5889
[17:48:38] warmStart (decay=exponential) 78% (853/1085) regret=0.110194 ape=0.5889
[17:48:38] warmStart (decay=exponential) 78% (854/1085) regret=0.110194 ape=0.5889
[17:48:38] warmStart (decay=exponential) 78% (855/1085) regret=0.110194 ape=0.5889
[17:48:39] warmStart (decay=exponential) 78% (856/1085) regret=0.110194 ape=0.5889
[17:48:39] warmStart (decay=exponential) 78% (857/1085) regret=0.110194 ape=0.5889
[17:48:39] warmStart (decay=exponential) 79% (858/1085) regret=0.110194 ape=0.5889
[17:48:39] warmStart (decay=exponential) 79% (859/1085) regret=0.110194 ape=0.5889
[17:48:39] warmStart (decay=exponential) 79% (860/1085) regret=0.110194 ape=0.5889
[17:48:40] warmStart (decay=exponential) 79% (861/1085) regret=0.110194 ape=0.5889
[17:48:40] warmStart (decay=exponential) 79% (862/1085) regret=0.110194 ape=0.5889
[17:48:40] warmStart (decay=exponential) 79% (863/1085) regret=0.110194 ape=0.5889
[17:48:40] warmStart (decay=exponential) 79% (864/1085) regret=0.110194 ape=0.5889
[17:48:41] warmStart (decay=exponential) 79% (865/1085) regret=0.110194 ape=0.5889
[17:48:41] warmStart (decay=exponential) 79% (866/1085) regret=0.110194 ape=0.5889
[17:48:41] warmStart (decay=exponential) 79% (867/1085) regret=0.110194 ape=0.5889
[17:48:41] warmStart (decay=exponential) 80% (868/1085) regret=0.110194 ape=0.5889
[17:48:41] warmStart (decay=exponential) 80% (869/1085) regret=0.110194 ape=0.5889
[17:48:42] warmStart (decay=exponential) 80% (870/1085) regret=0.110194 ape=0.5889
[17:48:42] warmStart (decay=exponential) 80% (871/1085) regret=0.110194 ape=0.5889
[17:48:42] warmStart (decay=exponential) 80% (872/1085) regret=0.110194 ape=0.5889
[17:48:42] warmStart (decay=exponential) 80% (873/1085) regret=0.110194 ape=0.5889
[17:48:42] warmStart (decay=exponential) 80% (874/1085) regret=0.110194 ape=0.5889
[17:48:43] warmStart (decay=exponential) 80% (875/1085) regret=0.110194 ape=0.5889
[17:48:43] warmStart (decay=exponential) 80% (876/1085) regret=0.110194 ape=0.5889
[17:48:43] warmStart (decay=exponential) 80% (877/1085) regret=0.110194 ape=0.5889
[17:48:43] warmStart (decay=exponential) 80% (878/1085) regret=0.110194 ape=0.5889
[17:48:43] warmStart (decay=exponential) 81% (879/1085) regret=0.110194 ape=0.5889
[17:48:44] warmStart (decay=exponential) 81% (880/1085) regret=0.110194 ape=0.5889
[17:48:44] warmStart (decay=exponential) 81% (881/1085) regret=0.110194 ape=0.5889
[17:48:44] warmStart (decay=exponential) 81% (882/1085) regret=0.110194 ape=0.5889
[17:48:44] warmStart (decay=exponential) 81% (883/1085) regret=0.110194 ape=0.5889
[17:48:45] warmStart (decay=exponential) 81% (884/1085) regret=0.110194 ape=0.5889
[17:48:45] warmStart (decay=exponential) 81% (885/1085) regret=0.110194 ape=0.5889
[17:48:45] warmStart (decay=exponential) 81% (886/1085) regret=0.110194 ape=0.5889
[17:48:45] warmStart (decay=exponential) 81% (887/1085) regret=0.110194 ape=0.5889
[17:48:45] warmStart (decay=exponential) 81% (888/1085) regret=0.110194 ape=0.5889
[17:48:46] warmStart (decay=exponential) 81% (889/1085) regret=0.110194 ape=0.5889
[17:48:46] warmStart (decay=exponential) 82% (890/1085) regret=0.110194 ape=0.5889
[17:48:46] warmStart (decay=exponential) 82% (891/1085) regret=0.110194 ape=0.5889
[17:48:46] warmStart (decay=exponential) 82% (892/1085) regret=0.110194 ape=0.5889
[17:48:46] warmStart (decay=exponential) 82% (893/1085) regret=0.110194 ape=0.5889
[17:48:47] warmStart (decay=exponential) 82% (894/1085) regret=0.110194 ape=0.5889
[17:48:47] warmStart (decay=exponential) 82% (895/1085) regret=0.110194 ape=0.5889
[17:48:47] warmStart (decay=exponential) 82% (896/1085) regret=0.110194 ape=0.5889
[17:48:47] warmStart (decay=exponential) 82% (897/1085) regret=0.110194 ape=0.5889
[17:48:47] warmStart (decay=exponential) 82% (898/1085) regret=0.110194 ape=0.5889
[17:48:48] warmStart (decay=exponential) 82% (899/1085) regret=0.110194 ape=0.5889
[17:48:48] warmStart (decay=exponential) 82% (900/1085) regret=0.110194 ape=0.5889
[17:48:48] warmStart (decay=exponential) 83% (901/1085) regret=0.110194 ape=0.5889
[17:48:48] warmStart (decay=exponential) 83% (902/1085) regret=0.110194 ape=0.5889
[17:48:49] warmStart (decay=exponential) 83% (903/1085) regret=0.110194 ape=0.5889
[17:48:49] warmStart (decay=exponential) 83% (904/1085) regret=0.110194 ape=0.5889
[17:48:49] warmStart (decay=exponential) 83% (905/1085) regret=0.110194 ape=0.5889
[17:48:49] warmStart (decay=exponential) 83% (906/1085) regret=0.110194 ape=0.5889
[17:48:49] warmStart (decay=exponential) 83% (907/1085) regret=0.110194 ape=0.5889
[17:48:50] warmStart (decay=exponential) 83% (908/1085) regret=0.110194 ape=0.5889
[17:48:50] warmStart (decay=exponential) 83% (909/1085) regret=0.110194 ape=0.5889
[17:48:50] warmStart (decay=exponential) 83% (910/1085) regret=0.110194 ape=0.5889
[17:48:50] warmStart (decay=exponential) 83% (911/1085) regret=0.110194 ape=0.5889
[17:48:50] warmStart (decay=exponential) 84% (912/1085) regret=0.110194 ape=0.5889
[17:48:51] warmStart (decay=exponential) 84% (913/1085) regret=0.110194 ape=0.5889
[17:48:51] warmStart (decay=exponential) 84% (914/1085) regret=0.110194 ape=0.5889
[17:48:51] warmStart (decay=exponential) 84% (915/1085) regret=0.110194 ape=0.5889
[17:48:51] warmStart (decay=exponential) 84% (916/1085) regret=0.110194 ape=0.5889
[17:48:52] warmStart (decay=exponential) 84% (917/1085) regret=0.110194 ape=0.5889
[17:48:52] warmStart (decay=exponential) 84% (918/1085) regret=0.110194 ape=0.5889
[17:48:52] warmStart (decay=exponential) 84% (919/1085) regret=0.110194 ape=0.5889
[17:48:52] warmStart (decay=exponential) 84% (920/1085) regret=0.110194 ape=0.5889
[17:48:52] warmStart (decay=exponential) 84% (921/1085) regret=0.110194 ape=0.5889
[17:48:53] warmStart (decay=exponential) 84% (922/1085) regret=0.110194 ape=0.5889
[17:48:53] warmStart (decay=exponential) 85% (923/1085) regret=0.110194 ape=0.5889
[17:48:53] warmStart (decay=exponential) 85% (924/1085) regret=0.110197 ape=0.5889
[17:48:53] warmStart (decay=exponential) 85% (925/1085) regret=0.110194 ape=0.5889
[17:48:53] warmStart (decay=exponential) 85% (926/1085) regret=0.110196 ape=0.5889
[17:48:54] warmStart (decay=exponential) 85% (927/1085) regret=0.110194 ape=0.5889
[17:48:54] warmStart (decay=exponential) 85% (928/1085) regret=0.110196 ape=0.5889
[17:48:54] warmStart (decay=exponential) 85% (929/1085) regret=0.110192 ape=0.5880
[17:48:54] warmStart (decay=exponential) 85% (930/1085) regret=0.110196 ape=0.5889
[17:48:54] warmStart (decay=exponential) 85% (931/1085) regret=0.110192 ape=0.5880
[17:48:54] warmStart (decay=exponential) 85% (932/1085) regret=0.110194 ape=0.5889
[17:48:55] warmStart (decay=exponential) 85% (933/1085) regret=0.110194 ape=0.5889
[17:48:55] warmStart (decay=exponential) 86% (934/1085) regret=0.110192 ape=0.5880
[17:48:55] warmStart (decay=exponential) 86% (935/1085) regret=0.110192 ape=0.5880
[17:48:55] warmStart (decay=exponential) 86% (936/1085) regret=0.110192 ape=0.5880
[17:48:55] warmStart (decay=exponential) 86% (937/1085) regret=0.110192 ape=0.5880
[17:48:56] warmStart (decay=exponential) 86% (938/1085) regret=0.110192 ape=0.5880
[17:48:56] warmStart (decay=exponential) 86% (939/1085) regret=0.110192 ape=0.5880
[17:48:56] warmStart (decay=exponential) 86% (940/1085) regret=0.110192 ape=0.5880
[17:48:56] warmStart (decay=exponential) 86% (941/1085) regret=0.110192 ape=0.5880
[17:48:56] warmStart (decay=exponential) 86% (942/1085) regret=0.110192 ape=0.5880
[17:48:56] warmStart (decay=exponential) 86% (943/1085) regret=0.110192 ape=0.5880
[17:48:57] warmStart (decay=exponential) 87% (944/1085) regret=0.110192 ape=0.5880
[17:48:57] warmStart (decay=exponential) 87% (945/1085) regret=0.110192 ape=0.5880
[17:48:57] warmStart (decay=exponential) 87% (946/1085) regret=0.110192 ape=0.5880
[17:48:57] warmStart (decay=exponential) 87% (947/1085) regret=0.110192 ape=0.5880
[17:48:57] warmStart (decay=exponential) 87% (948/1085) regret=0.110192 ape=0.5880
[17:48:57] warmStart (decay=exponential) 87% (949/1085) regret=0.110192 ape=0.5880
[17:48:58] warmStart (decay=exponential) 87% (950/1085) regret=0.110192 ape=0.5880
[17:48:58] warmStart (decay=exponential) 87% (951/1085) regret=0.110192 ape=0.5880
[17:48:58] warmStart (decay=exponential) 87% (952/1085) regret=0.110202 ape=0.5880
[17:48:58] warmStart (decay=exponential) 87% (953/1085) regret=0.110202 ape=0.5880
[17:48:58] warmStart (decay=exponential) 87% (954/1085) regret=0.110192 ape=0.5880
[17:48:59] warmStart (decay=exponential) 88% (955/1085) regret=0.110192 ape=0.5880
[17:48:59] warmStart (decay=exponential) 88% (956/1085) regret=0.110192 ape=0.5880
[17:48:59] warmStart (decay=exponential) 88% (957/1085) regret=0.110192 ape=0.5880
[17:48:59] warmStart (decay=exponential) 88% (958/1085) regret=0.110192 ape=0.5880
[17:48:59] warmStart (decay=exponential) 88% (959/1085) regret=0.110192 ape=0.5880
[17:49:00] warmStart (decay=exponential) 88% (960/1085) regret=0.110192 ape=0.5880
[17:49:00] warmStart (decay=exponential) 88% (961/1085) regret=0.110192 ape=0.5880
[17:49:00] warmStart (decay=exponential) 88% (962/1085) regret=0.110192 ape=0.5880
[17:49:00] warmStart (decay=exponential) 88% (963/1085) regret=0.110192 ape=0.5880
[17:49:00] warmStart (decay=exponential) 88% (964/1085) regret=0.110202 ape=0.5880
[17:49:01] warmStart (decay=exponential) 88% (965/1085) regret=0.110202 ape=0.5880
[17:49:01] warmStart (decay=exponential) 89% (966/1085) regret=0.110202 ape=0.5880
[17:49:01] warmStart (decay=exponential) 89% (967/1085) regret=0.110202 ape=0.5880
[17:49:01] warmStart (decay=exponential) 89% (968/1085) regret=0.110188 ape=0.5871
[17:49:01] warmStart (decay=exponential) 89% (969/1085) regret=0.110188 ape=0.5871
[17:49:01] warmStart (decay=exponential) 89% (970/1085) regret=0.110188 ape=0.5871
[17:49:02] warmStart (decay=exponential) 89% (971/1085) regret=0.110188 ape=0.5871
[17:49:02] warmStart (decay=exponential) 89% (972/1085) regret=0.110188 ape=0.5871
[17:49:02] warmStart (decay=exponential) 89% (973/1085) regret=0.110188 ape=0.5871
[17:49:02] warmStart (decay=exponential) 89% (974/1085) regret=0.110188 ape=0.5871
[17:49:02] warmStart (decay=exponential) 89% (975/1085) regret=0.110188 ape=0.5871
[17:49:03] warmStart (decay=exponential) 89% (976/1085) regret=0.110188 ape=0.5871
[17:49:03] warmStart (decay=exponential) 90% (977/1085) regret=0.110188 ape=0.5871
[17:49:03] warmStart (decay=exponential) 90% (978/1085) regret=0.110188 ape=0.5871
[17:49:03] warmStart (decay=exponential) 90% (979/1085) regret=0.110188 ape=0.5871
[17:49:03] warmStart (decay=exponential) 90% (980/1085) regret=0.110188 ape=0.5871
[17:49:04] warmStart (decay=exponential) 90% (981/1085) regret=0.110188 ape=0.5871
[17:49:04] warmStart (decay=exponential) 90% (982/1085) regret=0.110188 ape=0.5871
[17:49:04] warmStart (decay=exponential) 90% (983/1085) regret=0.110188 ape=0.5871
[17:49:04] warmStart (decay=exponential) 90% (984/1085) regret=0.110206 ape=0.5871
[17:49:04] warmStart (decay=exponential) 90% (985/1085) regret=0.110190 ape=0.5871
[17:49:05] warmStart (decay=exponential) 90% (986/1085) regret=0.110194 ape=0.5871
[17:49:05] warmStart (decay=exponential) 90% (987/1085) regret=0.110194 ape=0.5871
[17:49:05] warmStart (decay=exponential) 91% (988/1085) regret=0.110194 ape=0.5871
[17:49:05] warmStart (decay=exponential) 91% (989/1085) regret=0.110189 ape=0.5871
[17:49:05] warmStart (decay=exponential) 91% (990/1085) regret=0.110194 ape=0.5871
[17:49:06] warmStart (decay=exponential) 91% (991/1085) regret=0.110194 ape=0.5871
[17:49:06] warmStart (decay=exponential) 91% (992/1085) regret=0.110194 ape=0.5871
[17:49:06] warmStart (decay=exponential) 91% (993/1085) regret=0.110194 ape=0.5871
[17:49:06] warmStart (decay=exponential) 91% (994/1085) regret=0.110194 ape=0.5871
[17:49:06] warmStart (decay=exponential) 91% (995/1085) regret=0.110194 ape=0.5871
[17:49:06] warmStart (decay=exponential) 91% (996/1085) regret=0.110194 ape=0.5871
[17:49:07] warmStart (decay=exponential) 91% (997/1085) regret=0.110194 ape=0.5871
[17:49:07] warmStart (decay=exponential) 91% (998/1085) regret=0.110194 ape=0.5871
[17:49:07] warmStart (decay=exponential) 92% (999/1085) regret=0.110194 ape=0.5871
[17:49:07] warmStart (decay=exponential) 92% (1000/1085) regret=0.110194 ape=0.5871
[17:49:07] warmStart (decay=exponential) 92% (1001/1085) regret=0.110194 ape=0.5871
[17:49:08] warmStart (decay=exponential) 92% (1002/1085) regret=0.110194 ape=0.5871
[17:49:08] warmStart (decay=exponential) 92% (1003/1085) regret=0.110194 ape=0.5871
[17:49:08] warmStart (decay=exponential) 92% (1004/1085) regret=0.110194 ape=0.5871
[17:49:08] warmStart (decay=exponential) 92% (1005/1085) regret=0.110194 ape=0.5871
[17:49:08] warmStart (decay=exponential) 92% (1006/1085) regret=0.110194 ape=0.5871
[17:49:09] warmStart (decay=exponential) 92% (1007/1085) regret=0.110194 ape=0.5871
[17:49:09] warmStart (decay=exponential) 92% (1008/1085) regret=0.110194 ape=0.5871
[17:49:09] warmStart (decay=exponential) 92% (1009/1085) regret=0.110194 ape=0.5871
[17:49:09] warmStart (decay=exponential) 93% (1010/1085) regret=0.110194 ape=0.5871
[17:49:09] warmStart (decay=exponential) 93% (1011/1085) regret=0.110194 ape=0.5871
[17:49:10] warmStart (decay=exponential) 93% (1012/1085) regret=0.110194 ape=0.5871
[17:49:10] warmStart (decay=exponential) 93% (1013/1085) regret=0.110194 ape=0.5871
[17:49:10] warmStart (decay=exponential) 93% (1014/1085) regret=0.110194 ape=0.5871
[17:49:10] warmStart (decay=exponential) 93% (1015/1085) regret=0.110194 ape=0.5871
[17:49:10] warmStart (decay=exponential) 93% (1016/1085) regret=0.110194 ape=0.5871
[17:49:10] warmStart (decay=exponential) 93% (1017/1085) regret=0.110194 ape=0.5871
[17:49:11] warmStart (decay=exponential) 93% (1018/1085) regret=0.110194 ape=0.5871
[17:49:11] warmStart (decay=exponential) 93% (1019/1085) regret=0.110194 ape=0.5871
[17:49:11] warmStart (decay=exponential) 94% (1020/1085) regret=0.110194 ape=0.5871
[17:49:11] warmStart (decay=exponential) 94% (1021/1085) regret=0.110194 ape=0.5871
[17:49:11] warmStart (decay=exponential) 94% (1022/1085) regret=0.110194 ape=0.5871
[17:49:12] warmStart (decay=exponential) 94% (1023/1085) regret=0.110194 ape=0.5871
[17:49:12] warmStart (decay=exponential) 94% (1024/1085) regret=0.110051 ape=0.5862
[17:49:12] warmStart (decay=exponential) 94% (1025/1085) regret=0.110051 ape=0.5862
[17:49:12] warmStart (decay=exponential) 94% (1026/1085) regret=0.110051 ape=0.5862
[17:49:12] warmStart (decay=exponential) 94% (1027/1085) regret=0.110162 ape=0.5871
[17:49:13] warmStart (decay=exponential) 94% (1028/1085) regret=0.110134 ape=0.5871
[17:49:13] warmStart (decay=exponential) 94% (1029/1085) regret=0.110162 ape=0.5871
[17:49:13] warmStart (decay=exponential) 94% (1030/1085) regret=0.110060 ape=0.5871
[17:49:13] warmStart (decay=exponential) 95% (1031/1085) regret=0.110162 ape=0.5871
[17:49:13] warmStart (decay=exponential) 95% (1032/1085) regret=0.110162 ape=0.5871
[17:49:14] warmStart (decay=exponential) 95% (1033/1085) regret=0.110106 ape=0.5871
[17:49:14] warmStart (decay=exponential) 95% (1034/1085) regret=0.110143 ape=0.5871
[17:49:14] warmStart (decay=exponential) 95% (1035/1085) regret=0.110143 ape=0.5871
[17:49:14] warmStart (decay=exponential) 95% (1036/1085) regret=0.110143 ape=0.5871
[17:49:14] warmStart (decay=exponential) 95% (1037/1085) regret=0.110143 ape=0.5871
[17:49:14] warmStart (decay=exponential) 95% (1038/1085) regret=0.110145 ape=0.5880
[17:49:15] warmStart (decay=exponential) 95% (1039/1085) regret=0.110145 ape=0.5880
[17:49:15] warmStart (decay=exponential) 95% (1040/1085) regret=0.110146 ape=0.5880
[17:49:15] warmStart (decay=exponential) 95% (1041/1085) regret=0.110143 ape=0.5871
[17:49:15] warmStart (decay=exponential) 96% (1042/1085) regret=0.110143 ape=0.5871
[17:49:15] warmStart (decay=exponential) 96% (1043/1085) regret=0.110146 ape=0.5880
[17:49:16] warmStart (decay=exponential) 96% (1044/1085) regret=0.110146 ape=0.5880
[17:49:16] warmStart (decay=exponential) 96% (1045/1085) regret=0.110146 ape=0.5880
[17:49:16] warmStart (decay=exponential) 96% (1046/1085) regret=0.110146 ape=0.5880
[17:49:16] warmStart (decay=exponential) 96% (1047/1085) regret=0.110146 ape=0.5880
[17:49:16] warmStart (decay=exponential) 96% (1048/1085) regret=0.110146 ape=0.5880
[17:49:16] warmStart (decay=exponential) 96% (1049/1085) regret=0.110146 ape=0.5880
[17:49:17] warmStart (decay=exponential) 96% (1050/1085) regret=0.110146 ape=0.5880
[17:49:17] warmStart (decay=exponential) 96% (1051/1085) regret=0.110146 ape=0.5880
[17:49:17] warmStart (decay=exponential) 96% (1052/1085) regret=0.110146 ape=0.5880
[17:49:17] warmStart (decay=exponential) 97% (1053/1085) regret=0.110146 ape=0.5880
[17:49:17] warmStart (decay=exponential) 97% (1054/1085) regret=0.110146 ape=0.5880
[17:49:17] warmStart (decay=exponential) 97% (1055/1085) regret=0.110146 ape=0.5880
[17:49:18] warmStart (decay=exponential) 97% (1056/1085) regret=0.110146 ape=0.5880
[17:49:18] warmStart (decay=exponential) 97% (1057/1085) regret=0.110146 ape=0.5880
[17:49:18] warmStart (decay=exponential) 97% (1058/1085) regret=0.110146 ape=0.5880
[17:49:18] warmStart (decay=exponential) 97% (1059/1085) regret=0.110146 ape=0.5880
[17:49:18] warmStart (decay=exponential) 97% (1060/1085) regret=0.110146 ape=0.5880
[17:49:19] warmStart (decay=exponential) 97% (1061/1085) regret=0.110146 ape=0.5880
[17:49:19] warmStart (decay=exponential) 97% (1062/1085) regret=0.110146 ape=0.5880
[17:49:19] warmStart (decay=exponential) 97% (1063/1085) regret=0.110146 ape=0.5880
[17:49:19] warmStart (decay=exponential) 98% (1064/1085) regret=0.110146 ape=0.5880
[17:49:19] warmStart (decay=exponential) 98% (1065/1085) regret=0.110146 ape=0.5880
[17:49:20] warmStart (decay=exponential) 98% (1066/1085) regret=0.110146 ape=0.5880
[17:49:20] warmStart (decay=exponential) 98% (1067/1085) regret=0.110146 ape=0.5880
[17:49:20] warmStart (decay=exponential) 98% (1068/1085) regret=0.110146 ape=0.5880
[17:49:20] warmStart (decay=exponential) 98% (1069/1085) regret=0.110146 ape=0.5880
[17:49:20] warmStart (decay=exponential) 98% (1070/1085) regret=0.110146 ape=0.5880
[17:49:20] warmStart (decay=exponential) 98% (1071/1085) regret=0.110146 ape=0.5880
[17:49:21] warmStart (decay=exponential) 98% (1072/1085) regret=0.110146 ape=0.5880
[17:49:21] warmStart (decay=exponential) 98% (1073/1085) regret=0.110146 ape=0.5880
[17:49:21] warmStart (decay=exponential) 98% (1074/1085) regret=0.110146 ape=0.5880
[17:49:21] warmStart (decay=exponential) 99% (1075/1085) regret=0.110146 ape=0.5880
[17:49:21] warmStart (decay=exponential) 99% (1076/1085) regret=0.110146 ape=0.5880
[17:49:22] warmStart (decay=exponential) 99% (1077/1085) regret=0.110146 ape=0.5880
[17:49:22] warmStart (decay=exponential) 99% (1078/1085) regret=0.110146 ape=0.5880
[17:49:22] warmStart (decay=exponential) 99% (1079/1085) regret=0.110146 ape=0.5880
[17:49:22] warmStart (decay=exponential) 99% (1080/1085) regret=0.110146 ape=0.5880
[17:49:22] warmStart (decay=exponential) 99% (1081/1085) regret=0.110146 ape=0.5880
[17:49:23] warmStart (decay=exponential) 99% (1082/1085) regret=0.110146 ape=0.5880
[17:49:23] warmStart (decay=exponential) 99% (1083/1085) regret=0.110146 ape=0.5880
[17:49:23] warmStart (decay=exponential) 99% (1084/1085) regret=0.110146 ape=0.5880
Warm w=50 finished: 1084 points, 213.38s wall time
  Final: regret=0.110146, ape=0.5880

Saved: /home/users/g/s/gsavary/LudiiMCTSVariations/slurm_sweep_full_dataset/output_decay/warm_50_decay_exponential_0_10/seed_4/sweep_decay_warm_50_exponential_0.1_4_20260426_174923.json

Generating plots...
Saved: /home/users/g/s/gsavary/LudiiMCTSVariations/slurm_sweep_full_dataset/output_decay/warm_50_decay_exponential_0_10/seed_4/sweep_decay_warm_50_exponential_0.1_4_20260426_174923_regret.png
Saved: /home/users/g/s/gsavary/LudiiMCTSVariations/slurm_sweep_full_dataset/output_decay/warm_50_decay_exponential_0_10/seed_4/sweep_decay_warm_50_exponential_0.1_4_20260426_174923_ape.png

================================================================================
Experiment complete!
================================================================================
Done. Results in: /home/users/g/s/gsavary/LudiiMCTSVariations/slurm_sweep_full_dataset/output_decay/warm_50_decay_exponential_0_10/seed_4
