============================================================
Decay sweep experiment
Method:      warm:200
Decay mode:  exponential
Decay param: 0.025
Seed:        0
Output:      /home/users/g/s/gsavary/LudiiMCTSVariations/slurm_sweep_full_dataset/output_decay/warm_200_decay_exponential_0_025/seed_0
============================================================

================================================================================
SLURM Sweep Experiment with Synthetic Data Decay
================================================================================
Method: warm:200
Decay: exponential (param=0.025)
Time limit: 3600.0s, Seed: 0, Batch size: 20
Output directory: /home/users/g/s/gsavary/LudiiMCTSVariations/slurm_sweep_full_dataset/output_decay/warm_200_decay_exponential_0_025/seed_0

Loading Ludii dataset...
Loaded 1085 games
Using 1085 games (full dataset)

Running timing probe (100 pulls)...
  Estimated secs/pull: 0.027485

Time budget: 3600.0s → ~130981 total pulls
Per-method budget: 18711 pulls (~514.3s)

Computing predictor-only performance...
  Predictions loaded: 23675 agent predictions
  Predictor-only: regret=0.104318, ape=0.4894

Running WARM-START (w=200, decay=exponential param=0.025)...
[17:48:02] warmStart (decay=exponential) 0% (1/936) regret=0.103143 ape=0.5594
[17:48:02] warmStart (decay=exponential) 0% (2/936) regret=0.103143 ape=0.5594
[17:48:03] warmStart (decay=exponential) 0% (3/936) regret=0.103088 ape=0.5594
[17:48:03] warmStart (decay=exponential) 0% (4/936) regret=0.103088 ape=0.5594
[17:48:03] warmStart (decay=exponential) 0% (5/936) regret=0.103143 ape=0.5594
[17:48:04] warmStart (decay=exponential) 0% (6/936) regret=0.103143 ape=0.5594
[17:48:04] warmStart (decay=exponential) 0% (7/936) regret=0.103143 ape=0.5594
[17:48:04] warmStart (decay=exponential) 0% (8/936) regret=0.103143 ape=0.5594
[17:48:04] warmStart (decay=exponential) 0% (9/936) regret=0.103143 ape=0.5594
[17:48:05] warmStart (decay=exponential) 1% (10/936) regret=0.103166 ape=0.5604
[17:48:05] warmStart (decay=exponential) 1% (11/936) regret=0.103166 ape=0.5604
[17:48:05] warmStart (decay=exponential) 1% (12/936) regret=0.103166 ape=0.5604
[17:48:06] warmStart (decay=exponential) 1% (13/936) regret=0.103166 ape=0.5604
[17:48:06] warmStart (decay=exponential) 1% (14/936) regret=0.103166 ape=0.5604
[17:48:06] warmStart (decay=exponential) 1% (15/936) regret=0.103166 ape=0.5604
[17:48:06] warmStart (decay=exponential) 1% (16/936) regret=0.103166 ape=0.5604
[17:48:07] warmStart (decay=exponential) 1% (17/936) regret=0.103166 ape=0.5604
[17:48:07] warmStart (decay=exponential) 1% (18/936) regret=0.103166 ape=0.5604
[17:48:07] warmStart (decay=exponential) 2% (19/936) regret=0.103166 ape=0.5604
[17:48:08] warmStart (decay=exponential) 2% (20/936) regret=0.103166 ape=0.5604
[17:48:08] warmStart (decay=exponential) 2% (21/936) regret=0.103194 ape=0.5604
[17:48:08] warmStart (decay=exponential) 2% (22/936) regret=0.103194 ape=0.5604
[17:48:08] warmStart (decay=exponential) 2% (23/936) regret=0.103194 ape=0.5604
[17:48:09] warmStart (decay=exponential) 2% (24/936) regret=0.103166 ape=0.5604
[17:48:09] warmStart (decay=exponential) 2% (25/936) regret=0.103166 ape=0.5604
[17:48:09] warmStart (decay=exponential) 2% (26/936) regret=0.103166 ape=0.5604
[17:48:10] warmStart (decay=exponential) 2% (27/936) regret=0.103166 ape=0.5604
[17:48:10] warmStart (decay=exponential) 2% (28/936) regret=0.103166 ape=0.5604
[17:48:10] warmStart (decay=exponential) 3% (29/936) regret=0.103166 ape=0.5604
[17:48:10] warmStart (decay=exponential) 3% (30/936) regret=0.103166 ape=0.5604
[17:48:11] warmStart (decay=exponential) 3% (31/936) regret=0.103166 ape=0.5604
[17:48:11] warmStart (decay=exponential) 3% (32/936) regret=0.103166 ape=0.5604
[17:48:11] warmStart (decay=exponential) 3% (33/936) regret=0.103166 ape=0.5604
[17:48:11] warmStart (decay=exponential) 3% (34/936) regret=0.103166 ape=0.5604
[17:48:12] warmStart (decay=exponential) 3% (35/936) regret=0.103166 ape=0.5604
[17:48:12] warmStart (decay=exponential) 3% (36/936) regret=0.103166 ape=0.5604
[17:48:12] warmStart (decay=exponential) 3% (37/936) regret=0.103166 ape=0.5604
[17:48:12] warmStart (decay=exponential) 4% (38/936) regret=0.103166 ape=0.5604
[17:48:13] warmStart (decay=exponential) 4% (39/936) regret=0.103111 ape=0.5594
[17:48:13] warmStart (decay=exponential) 4% (40/936) regret=0.103166 ape=0.5604
[17:48:13] warmStart (decay=exponential) 4% (41/936) regret=0.103166 ape=0.5604
[17:48:14] warmStart (decay=exponential) 4% (42/936) regret=0.103111 ape=0.5594
[17:48:14] warmStart (decay=exponential) 4% (43/936) regret=0.103166 ape=0.5604
[17:48:14] warmStart (decay=exponential) 4% (44/936) regret=0.103111 ape=0.5594
[17:48:15] warmStart (decay=exponential) 4% (45/936) regret=0.103111 ape=0.5594
[17:48:15] warmStart (decay=exponential) 4% (46/936) regret=0.103111 ape=0.5594
[17:48:15] warmStart (decay=exponential) 5% (47/936) regret=0.103161 ape=0.5604
[17:48:16] warmStart (decay=exponential) 5% (48/936) regret=0.103161 ape=0.5604
[17:48:16] warmStart (decay=exponential) 5% (49/936) regret=0.103111 ape=0.5594
[17:48:16] warmStart (decay=exponential) 5% (50/936) regret=0.103111 ape=0.5594
[17:48:17] warmStart (decay=exponential) 5% (51/936) regret=0.103111 ape=0.5594
[17:48:17] warmStart (decay=exponential) 5% (52/936) regret=0.103111 ape=0.5594
[17:48:17] warmStart (decay=exponential) 5% (53/936) regret=0.103111 ape=0.5594
[17:48:18] warmStart (decay=exponential) 5% (54/936) regret=0.103111 ape=0.5594
[17:48:18] warmStart (decay=exponential) 5% (55/936) regret=0.103111 ape=0.5594
[17:48:18] warmStart (decay=exponential) 5% (56/936) regret=0.103111 ape=0.5594
[17:48:18] warmStart (decay=exponential) 6% (57/936) regret=0.103111 ape=0.5594
[17:48:19] warmStart (decay=exponential) 6% (58/936) regret=0.103111 ape=0.5594
[17:48:19] warmStart (decay=exponential) 6% (59/936) regret=0.103111 ape=0.5594
[17:48:19] warmStart (decay=exponential) 6% (60/936) regret=0.103111 ape=0.5594
[17:48:19] warmStart (decay=exponential) 6% (61/936) regret=0.103111 ape=0.5594
[17:48:20] warmStart (decay=exponential) 6% (62/936) regret=0.103111 ape=0.5594
[17:48:20] warmStart (decay=exponential) 6% (63/936) regret=0.103111 ape=0.5594
[17:48:20] warmStart (decay=exponential) 6% (64/936) regret=0.103111 ape=0.5594
[17:48:21] warmStart (decay=exponential) 6% (65/936) regret=0.103111 ape=0.5594
[17:48:21] warmStart (decay=exponential) 7% (66/936) regret=0.103111 ape=0.5594
[17:48:21] warmStart (decay=exponential) 7% (67/936) regret=0.103111 ape=0.5594
[17:48:21] warmStart (decay=exponential) 7% (68/936) regret=0.103111 ape=0.5594
[17:48:22] warmStart (decay=exponential) 7% (69/936) regret=0.103111 ape=0.5594
[17:48:22] warmStart (decay=exponential) 7% (70/936) regret=0.103111 ape=0.5594
[17:48:22] warmStart (decay=exponential) 7% (71/936) regret=0.103111 ape=0.5594
[17:48:22] warmStart (decay=exponential) 7% (72/936) regret=0.103111 ape=0.5594
[17:48:23] warmStart (decay=exponential) 7% (73/936) regret=0.103111 ape=0.5594
[17:48:23] warmStart (decay=exponential) 7% (74/936) regret=0.103111 ape=0.5594
[17:48:23] warmStart (decay=exponential) 8% (75/936) regret=0.103111 ape=0.5594
[17:48:24] warmStart (decay=exponential) 8% (76/936) regret=0.103111 ape=0.5594
[17:48:24] warmStart (decay=exponential) 8% (77/936) regret=0.103111 ape=0.5594
[17:48:24] warmStart (decay=exponential) 8% (78/936) regret=0.103111 ape=0.5594
[17:48:25] warmStart (decay=exponential) 8% (79/936) regret=0.103111 ape=0.5594
[17:48:25] warmStart (decay=exponential) 8% (80/936) regret=0.103111 ape=0.5594
[17:48:25] warmStart (decay=exponential) 8% (81/936) regret=0.103111 ape=0.5594
[17:48:25] warmStart (decay=exponential) 8% (82/936) regret=0.103111 ape=0.5594
[17:48:26] warmStart (decay=exponential) 8% (83/936) regret=0.103111 ape=0.5594
[17:48:26] warmStart (decay=exponential) 8% (84/936) regret=0.103111 ape=0.5594
[17:48:26] warmStart (decay=exponential) 9% (85/936) regret=0.103111 ape=0.5594
[17:48:27] warmStart (decay=exponential) 9% (86/936) regret=0.103111 ape=0.5594
[17:48:27] warmStart (decay=exponential) 9% (87/936) regret=0.103111 ape=0.5594
[17:48:27] warmStart (decay=exponential) 9% (88/936) regret=0.103111 ape=0.5594
[17:48:27] warmStart (decay=exponential) 9% (89/936) regret=0.103111 ape=0.5594
[17:48:28] warmStart (decay=exponential) 9% (90/936) regret=0.103111 ape=0.5594
[17:48:28] warmStart (decay=exponential) 9% (91/936) regret=0.103111 ape=0.5594
[17:48:28] warmStart (decay=exponential) 9% (92/936) regret=0.103111 ape=0.5594
[17:48:28] warmStart (decay=exponential) 9% (93/936) regret=0.103111 ape=0.5594
[17:48:29] warmStart (decay=exponential) 10% (94/936) regret=0.103111 ape=0.5594
[17:48:29] warmStart (decay=exponential) 10% (95/936) regret=0.103111 ape=0.5594
[17:48:29] warmStart (decay=exponential) 10% (96/936) regret=0.103111 ape=0.5594
[17:48:30] warmStart (decay=exponential) 10% (97/936) regret=0.103111 ape=0.5594
[17:48:30] warmStart (decay=exponential) 10% (98/936) regret=0.103111 ape=0.5594
[17:48:30] warmStart (decay=exponential) 10% (99/936) regret=0.103111 ape=0.5594
[17:48:30] warmStart (decay=exponential) 10% (100/936) regret=0.103111 ape=0.5594
[17:48:31] warmStart (decay=exponential) 10% (101/936) regret=0.103111 ape=0.5594
[17:48:31] warmStart (decay=exponential) 10% (102/936) regret=0.103111 ape=0.5594
[17:48:31] warmStart (decay=exponential) 11% (103/936) regret=0.103111 ape=0.5594
[17:48:31] warmStart (decay=exponential) 11% (104/936) regret=0.103111 ape=0.5594
[17:48:32] warmStart (decay=exponential) 11% (105/936) regret=0.103111 ape=0.5594
[17:48:32] warmStart (decay=exponential) 11% (106/936) regret=0.103111 ape=0.5594
[17:48:32] warmStart (decay=exponential) 11% (107/936) regret=0.103111 ape=0.5594
[17:48:32] warmStart (decay=exponential) 11% (108/936) regret=0.103111 ape=0.5594
[17:48:33] warmStart (decay=exponential) 11% (109/936) regret=0.103111 ape=0.5594
[17:48:33] warmStart (decay=exponential) 11% (110/936) regret=0.103111 ape=0.5594
[17:48:33] warmStart (decay=exponential) 11% (111/936) regret=0.103111 ape=0.5594
[17:48:34] warmStart (decay=exponential) 11% (112/936) regret=0.103111 ape=0.5594
[17:48:34] warmStart (decay=exponential) 12% (113/936) regret=0.103111 ape=0.5594
[17:48:34] warmStart (decay=exponential) 12% (114/936) regret=0.103111 ape=0.5594
[17:48:34] warmStart (decay=exponential) 12% (115/936) regret=0.103111 ape=0.5594
[17:48:35] warmStart (decay=exponential) 12% (116/936) regret=0.103111 ape=0.5594
[17:48:35] warmStart (decay=exponential) 12% (117/936) regret=0.103111 ape=0.5594
[17:48:35] warmStart (decay=exponential) 12% (118/936) regret=0.103111 ape=0.5594
[17:48:36] warmStart (decay=exponential) 12% (119/936) regret=0.103111 ape=0.5594
[17:48:36] warmStart (decay=exponential) 12% (120/936) regret=0.103111 ape=0.5594
[17:48:36] warmStart (decay=exponential) 12% (121/936) regret=0.103111 ape=0.5594
[17:48:36] warmStart (decay=exponential) 13% (122/936) regret=0.103111 ape=0.5594
[17:48:37] warmStart (decay=exponential) 13% (123/936) regret=0.103111 ape=0.5594
[17:48:37] warmStart (decay=exponential) 13% (124/936) regret=0.103111 ape=0.5594
[17:48:37] warmStart (decay=exponential) 13% (125/936) regret=0.103111 ape=0.5594
[17:48:37] warmStart (decay=exponential) 13% (126/936) regret=0.103111 ape=0.5594
[17:48:38] warmStart (decay=exponential) 13% (127/936) regret=0.103111 ape=0.5594
[17:48:38] warmStart (decay=exponential) 13% (128/936) regret=0.103111 ape=0.5594
[17:48:38] warmStart (decay=exponential) 13% (129/936) regret=0.103111 ape=0.5594
[17:48:38] warmStart (decay=exponential) 13% (130/936) regret=0.103111 ape=0.5594
[17:48:39] warmStart (decay=exponential) 13% (131/936) regret=0.103111 ape=0.5594
[17:48:39] warmStart (decay=exponential) 14% (132/936) regret=0.103111 ape=0.5594
[17:48:39] warmStart (decay=exponential) 14% (133/936) regret=0.103111 ape=0.5594
[17:48:39] warmStart (decay=exponential) 14% (134/936) regret=0.103111 ape=0.5594
[17:48:40] warmStart (decay=exponential) 14% (135/936) regret=0.103111 ape=0.5594
[17:48:40] warmStart (decay=exponential) 14% (136/936) regret=0.103111 ape=0.5594
[17:48:40] warmStart (decay=exponential) 14% (137/936) regret=0.103111 ape=0.5594
[17:48:40] warmStart (decay=exponential) 14% (138/936) regret=0.103111 ape=0.5594
[17:48:41] warmStart (decay=exponential) 14% (139/936) regret=0.103111 ape=0.5594
[17:48:41] warmStart (decay=exponential) 14% (140/936) regret=0.103111 ape=0.5594
[17:48:41] warmStart (decay=exponential) 15% (141/936) regret=0.103111 ape=0.5594
[17:48:42] warmStart (decay=exponential) 15% (142/936) regret=0.103111 ape=0.5594
[17:48:42] warmStart (decay=exponential) 15% (143/936) regret=0.103111 ape=0.5594
[17:48:42] warmStart (decay=exponential) 15% (144/936) regret=0.103111 ape=0.5594
[17:48:42] warmStart (decay=exponential) 15% (145/936) regret=0.103111 ape=0.5594
[17:48:43] warmStart (decay=exponential) 15% (146/936) regret=0.103111 ape=0.5594
[17:48:43] warmStart (decay=exponential) 15% (147/936) regret=0.103111 ape=0.5594
[17:48:43] warmStart (decay=exponential) 15% (148/936) regret=0.103111 ape=0.5594
[17:48:44] warmStart (decay=exponential) 15% (149/936) regret=0.103111 ape=0.5594
[17:48:44] warmStart (decay=exponential) 16% (150/936) regret=0.103111 ape=0.5594
[17:48:44] warmStart (decay=exponential) 16% (151/936) regret=0.103111 ape=0.5594
[17:48:44] warmStart (decay=exponential) 16% (152/936) regret=0.103111 ape=0.5594
[17:48:45] warmStart (decay=exponential) 16% (153/936) regret=0.103111 ape=0.5594
[17:48:45] warmStart (decay=exponential) 16% (154/936) regret=0.103111 ape=0.5594
[17:48:45] warmStart (decay=exponential) 16% (155/936) regret=0.103111 ape=0.5594
[17:48:46] warmStart (decay=exponential) 16% (156/936) regret=0.103111 ape=0.5594
[17:48:46] warmStart (decay=exponential) 16% (157/936) regret=0.103111 ape=0.5594
[17:48:46] warmStart (decay=exponential) 16% (158/936) regret=0.103111 ape=0.5594
[17:48:47] warmStart (decay=exponential) 16% (159/936) regret=0.103111 ape=0.5594
[17:48:47] warmStart (decay=exponential) 17% (160/936) regret=0.103111 ape=0.5594
[17:48:47] warmStart (decay=exponential) 17% (161/936) regret=0.103111 ape=0.5594
[17:48:47] warmStart (decay=exponential) 17% (162/936) regret=0.103111 ape=0.5594
[17:48:48] warmStart (decay=exponential) 17% (163/936) regret=0.103111 ape=0.5594
[17:48:48] warmStart (decay=exponential) 17% (164/936) regret=0.103111 ape=0.5594
[17:48:48] warmStart (decay=exponential) 17% (165/936) regret=0.103111 ape=0.5594
[17:48:49] warmStart (decay=exponential) 17% (166/936) regret=0.103111 ape=0.5594
[17:48:49] warmStart (decay=exponential) 17% (167/936) regret=0.103111 ape=0.5594
[17:48:49] warmStart (decay=exponential) 17% (168/936) regret=0.103111 ape=0.5594
[17:48:49] warmStart (decay=exponential) 18% (169/936) regret=0.103111 ape=0.5594
[17:48:50] warmStart (decay=exponential) 18% (170/936) regret=0.103111 ape=0.5594
[17:48:50] warmStart (decay=exponential) 18% (171/936) regret=0.103111 ape=0.5594
[17:48:50] warmStart (decay=exponential) 18% (172/936) regret=0.103111 ape=0.5594
[17:48:51] warmStart (decay=exponential) 18% (173/936) regret=0.103111 ape=0.5594
[17:48:51] warmStart (decay=exponential) 18% (174/936) regret=0.103111 ape=0.5594
[17:48:51] warmStart (decay=exponential) 18% (175/936) regret=0.103111 ape=0.5594
[17:48:51] warmStart (decay=exponential) 18% (176/936) regret=0.103111 ape=0.5594
[17:48:52] warmStart (decay=exponential) 18% (177/936) regret=0.103111 ape=0.5594
[17:48:52] warmStart (decay=exponential) 19% (178/936) regret=0.103111 ape=0.5594
[17:48:52] warmStart (decay=exponential) 19% (179/936) regret=0.103111 ape=0.5594
[17:48:53] warmStart (decay=exponential) 19% (180/936) regret=0.103111 ape=0.5594
[17:48:53] warmStart (decay=exponential) 19% (181/936) regret=0.103111 ape=0.5594
[17:48:53] warmStart (decay=exponential) 19% (182/936) regret=0.103111 ape=0.5594
[17:48:53] warmStart (decay=exponential) 19% (183/936) regret=0.103111 ape=0.5594
[17:48:54] warmStart (decay=exponential) 19% (184/936) regret=0.103111 ape=0.5594
[17:48:54] warmStart (decay=exponential) 19% (185/936) regret=0.103111 ape=0.5594
[17:48:54] warmStart (decay=exponential) 19% (186/936) regret=0.103111 ape=0.5594
[17:48:55] warmStart (decay=exponential) 19% (187/936) regret=0.103111 ape=0.5594
[17:48:55] warmStart (decay=exponential) 20% (188/936) regret=0.103111 ape=0.5594
[17:48:55] warmStart (decay=exponential) 20% (189/936) regret=0.103111 ape=0.5594
[17:48:55] warmStart (decay=exponential) 20% (190/936) regret=0.103111 ape=0.5594
[17:48:56] warmStart (decay=exponential) 20% (191/936) regret=0.103111 ape=0.5594
[17:48:56] warmStart (decay=exponential) 20% (192/936) regret=0.103111 ape=0.5594
[17:48:56] warmStart (decay=exponential) 20% (193/936) regret=0.103120 ape=0.5594
[17:48:56] warmStart (decay=exponential) 20% (194/936) regret=0.103111 ape=0.5594
[17:48:57] warmStart (decay=exponential) 20% (195/936) regret=0.103111 ape=0.5594
[17:48:57] warmStart (decay=exponential) 20% (196/936) regret=0.103355 ape=0.5594
[17:48:57] warmStart (decay=exponential) 21% (197/936) regret=0.103111 ape=0.5594
[17:48:58] warmStart (decay=exponential) 21% (198/936) regret=0.103120 ape=0.5594
[17:48:58] warmStart (decay=exponential) 21% (199/936) regret=0.103125 ape=0.5594
[17:48:58] warmStart (decay=exponential) 21% (200/936) regret=0.103125 ape=0.5594
[17:48:58] warmStart (decay=exponential) 21% (201/936) regret=0.103125 ape=0.5594
[17:48:59] warmStart (decay=exponential) 21% (202/936) regret=0.103125 ape=0.5594
[17:48:59] warmStart (decay=exponential) 21% (203/936) regret=0.103125 ape=0.5594
[17:48:59] warmStart (decay=exponential) 21% (204/936) regret=0.103125 ape=0.5594
[17:49:00] warmStart (decay=exponential) 21% (205/936) regret=0.103125 ape=0.5594
[17:49:00] warmStart (decay=exponential) 22% (206/936) regret=0.103125 ape=0.5594
[17:49:00] warmStart (decay=exponential) 22% (207/936) regret=0.103125 ape=0.5594
[17:49:01] warmStart (decay=exponential) 22% (208/936) regret=0.103125 ape=0.5594
[17:49:01] warmStart (decay=exponential) 22% (209/936) regret=0.103120 ape=0.5594
[17:49:01] warmStart (decay=exponential) 22% (210/936) regret=0.103120 ape=0.5594
[17:49:01] warmStart (decay=exponential) 22% (211/936) regret=0.103120 ape=0.5594
[17:49:02] warmStart (decay=exponential) 22% (212/936) regret=0.103120 ape=0.5594
[17:49:02] warmStart (decay=exponential) 22% (213/936) regret=0.103120 ape=0.5594
[17:49:02] warmStart (decay=exponential) 22% (214/936) regret=0.103120 ape=0.5594
[17:49:03] warmStart (decay=exponential) 22% (215/936) regret=0.103120 ape=0.5594
[17:49:03] warmStart (decay=exponential) 23% (216/936) regret=0.103120 ape=0.5594
[17:49:03] warmStart (decay=exponential) 23% (217/936) regret=0.103120 ape=0.5594
[17:49:03] warmStart (decay=exponential) 23% (218/936) regret=0.103120 ape=0.5594
[17:49:04] warmStart (decay=exponential) 23% (219/936) regret=0.103120 ape=0.5594
[17:49:04] warmStart (decay=exponential) 23% (220/936) regret=0.103120 ape=0.5594
[17:49:04] warmStart (decay=exponential) 23% (221/936) regret=0.103120 ape=0.5594
[17:49:04] warmStart (decay=exponential) 23% (222/936) regret=0.103120 ape=0.5594
[17:49:05] warmStart (decay=exponential) 23% (223/936) regret=0.103120 ape=0.5594
[17:49:05] warmStart (decay=exponential) 23% (224/936) regret=0.103120 ape=0.5594
[17:49:05] warmStart (decay=exponential) 24% (225/936) regret=0.103120 ape=0.5594
[17:49:06] warmStart (decay=exponential) 24% (226/936) regret=0.103120 ape=0.5594
[17:49:06] warmStart (decay=exponential) 24% (227/936) regret=0.103120 ape=0.5594
[17:49:06] warmStart (decay=exponential) 24% (228/936) regret=0.103120 ape=0.5594
[17:49:06] warmStart (decay=exponential) 24% (229/936) regret=0.103120 ape=0.5594
[17:49:07] warmStart (decay=exponential) 24% (230/936) regret=0.103120 ape=0.5594
[17:49:07] warmStart (decay=exponential) 24% (231/936) regret=0.103120 ape=0.5594
[17:49:07] warmStart (decay=exponential) 24% (232/936) regret=0.103120 ape=0.5594
[17:49:07] warmStart (decay=exponential) 24% (233/936) regret=0.103120 ape=0.5594
[17:49:08] warmStart (decay=exponential) 25% (234/936) regret=0.103120 ape=0.5594
[17:49:08] warmStart (decay=exponential) 25% (235/936) regret=0.103120 ape=0.5594
[17:49:08] warmStart (decay=exponential) 25% (236/936) regret=0.103120 ape=0.5594
[17:49:08] warmStart (decay=exponential) 25% (237/936) regret=0.103120 ape=0.5594
[17:49:09] warmStart (decay=exponential) 25% (238/936) regret=0.103120 ape=0.5594
[17:49:09] warmStart (decay=exponential) 25% (239/936) regret=0.103120 ape=0.5594
[17:49:09] warmStart (decay=exponential) 25% (240/936) regret=0.103120 ape=0.5594
[17:49:09] warmStart (decay=exponential) 25% (241/936) regret=0.103120 ape=0.5594
[17:49:10] warmStart (decay=exponential) 25% (242/936) regret=0.103120 ape=0.5594
[17:49:10] warmStart (decay=exponential) 25% (243/936) regret=0.103120 ape=0.5594
[17:49:10] warmStart (decay=exponential) 26% (244/936) regret=0.103120 ape=0.5594
[17:49:11] warmStart (decay=exponential) 26% (245/936) regret=0.103120 ape=0.5594
[17:49:11] warmStart (decay=exponential) 26% (246/936) regret=0.103120 ape=0.5594
[17:49:11] warmStart (decay=exponential) 26% (247/936) regret=0.103120 ape=0.5594
[17:49:11] warmStart (decay=exponential) 26% (248/936) regret=0.103120 ape=0.5594
[17:49:12] warmStart (decay=exponential) 26% (249/936) regret=0.103120 ape=0.5594
[17:49:12] warmStart (decay=exponential) 26% (250/936) regret=0.103120 ape=0.5594
[17:49:12] warmStart (decay=exponential) 26% (251/936) regret=0.103120 ape=0.5594
[17:49:12] warmStart (decay=exponential) 26% (252/936) regret=0.103120 ape=0.5594
[17:49:13] warmStart (decay=exponential) 27% (253/936) regret=0.103120 ape=0.5594
[17:49:13] warmStart (decay=exponential) 27% (254/936) regret=0.103120 ape=0.5594
[17:49:13] warmStart (decay=exponential) 27% (255/936) regret=0.103120 ape=0.5594
[17:49:14] warmStart (decay=exponential) 27% (256/936) regret=0.103120 ape=0.5594
[17:49:14] warmStart (decay=exponential) 27% (257/936) regret=0.103120 ape=0.5594
[17:49:14] warmStart (decay=exponential) 27% (258/936) regret=0.103120 ape=0.5594
[17:49:14] warmStart (decay=exponential) 27% (259/936) regret=0.103120 ape=0.5594
[17:49:15] warmStart (decay=exponential) 27% (260/936) regret=0.103120 ape=0.5594
[17:49:15] warmStart (decay=exponential) 27% (261/936) regret=0.103120 ape=0.5594
[17:49:15] warmStart (decay=exponential) 27% (262/936) regret=0.103120 ape=0.5594
[17:49:16] warmStart (decay=exponential) 28% (263/936) regret=0.103120 ape=0.5594
[17:49:16] warmStart (decay=exponential) 28% (264/936) regret=0.103120 ape=0.5594
[17:49:16] warmStart (decay=exponential) 28% (265/936) regret=0.103120 ape=0.5594
[17:49:16] warmStart (decay=exponential) 28% (266/936) regret=0.103120 ape=0.5594
[17:49:17] warmStart (decay=exponential) 28% (267/936) regret=0.103120 ape=0.5594
[17:49:17] warmStart (decay=exponential) 28% (268/936) regret=0.103120 ape=0.5594
[17:49:17] warmStart (decay=exponential) 28% (269/936) regret=0.103120 ape=0.5594
[17:49:17] warmStart (decay=exponential) 28% (270/936) regret=0.103120 ape=0.5594
[17:49:18] warmStart (decay=exponential) 28% (271/936) regret=0.103120 ape=0.5594
[17:49:18] warmStart (decay=exponential) 29% (272/936) regret=0.103120 ape=0.5594
[17:49:18] warmStart (decay=exponential) 29% (273/936) regret=0.103120 ape=0.5594
[17:49:18] warmStart (decay=exponential) 29% (274/936) regret=0.103120 ape=0.5594
[17:49:19] warmStart (decay=exponential) 29% (275/936) regret=0.103120 ape=0.5594
[17:49:19] warmStart (decay=exponential) 29% (276/936) regret=0.103120 ape=0.5594
[17:49:19] warmStart (decay=exponential) 29% (277/936) regret=0.103120 ape=0.5594
[17:49:19] warmStart (decay=exponential) 29% (278/936) regret=0.103120 ape=0.5594
[17:49:20] warmStart (decay=exponential) 29% (279/936) regret=0.103120 ape=0.5594
[17:49:20] warmStart (decay=exponential) 29% (280/936) regret=0.103120 ape=0.5594
[17:49:20] warmStart (decay=exponential) 30% (281/936) regret=0.103120 ape=0.5594
[17:49:21] warmStart (decay=exponential) 30% (282/936) regret=0.103120 ape=0.5594
[17:49:21] warmStart (decay=exponential) 30% (283/936) regret=0.103120 ape=0.5594
[17:49:21] warmStart (decay=exponential) 30% (284/936) regret=0.103120 ape=0.5594
[17:49:21] warmStart (decay=exponential) 30% (285/936) regret=0.103120 ape=0.5594
[17:49:22] warmStart (decay=exponential) 30% (286/936) regret=0.103120 ape=0.5594
[17:49:22] warmStart (decay=exponential) 30% (287/936) regret=0.103120 ape=0.5594
[17:49:22] warmStart (decay=exponential) 30% (288/936) regret=0.103120 ape=0.5594
[17:49:22] warmStart (decay=exponential) 30% (289/936) regret=0.103120 ape=0.5594
[17:49:23] warmStart (decay=exponential) 30% (290/936) regret=0.103120 ape=0.5594
[17:49:23] warmStart (decay=exponential) 31% (291/936) regret=0.103120 ape=0.5594
[17:49:23] warmStart (decay=exponential) 31% (292/936) regret=0.103120 ape=0.5594
[17:49:24] warmStart (decay=exponential) 31% (293/936) regret=0.103120 ape=0.5594
[17:49:24] warmStart (decay=exponential) 31% (294/936) regret=0.103120 ape=0.5594
[17:49:24] warmStart (decay=exponential) 31% (295/936) regret=0.103120 ape=0.5594
[17:49:24] warmStart (decay=exponential) 31% (296/936) regret=0.103120 ape=0.5594
[17:49:25] warmStart (decay=exponential) 31% (297/936) regret=0.103120 ape=0.5594
[17:49:25] warmStart (decay=exponential) 31% (298/936) regret=0.103120 ape=0.5594
[17:49:25] warmStart (decay=exponential) 31% (299/936) regret=0.103120 ape=0.5594
[17:49:25] warmStart (decay=exponential) 32% (300/936) regret=0.103120 ape=0.5594
[17:49:26] warmStart (decay=exponential) 32% (301/936) regret=0.103120 ape=0.5594
[17:49:26] warmStart (decay=exponential) 32% (302/936) regret=0.103120 ape=0.5594
[17:49:26] warmStart (decay=exponential) 32% (303/936) regret=0.103120 ape=0.5594
[17:49:27] warmStart (decay=exponential) 32% (304/936) regret=0.103120 ape=0.5594
[17:49:27] warmStart (decay=exponential) 32% (305/936) regret=0.103120 ape=0.5594
[17:49:27] warmStart (decay=exponential) 32% (306/936) regret=0.103120 ape=0.5594
[17:49:27] warmStart (decay=exponential) 32% (307/936) regret=0.103120 ape=0.5594
[17:49:28] warmStart (decay=exponential) 32% (308/936) regret=0.103120 ape=0.5594
[17:49:28] warmStart (decay=exponential) 33% (309/936) regret=0.103120 ape=0.5594
[17:49:28] warmStart (decay=exponential) 33% (310/936) regret=0.103120 ape=0.5594
[17:49:29] warmStart (decay=exponential) 33% (311/936) regret=0.103120 ape=0.5594
[17:49:29] warmStart (decay=exponential) 33% (312/936) regret=0.103120 ape=0.5594
[17:49:29] warmStart (decay=exponential) 33% (313/936) regret=0.103120 ape=0.5594
[17:49:29] warmStart (decay=exponential) 33% (314/936) regret=0.103120 ape=0.5594
[17:49:30] warmStart (decay=exponential) 33% (315/936) regret=0.103120 ape=0.5594
[17:49:30] warmStart (decay=exponential) 33% (316/936) regret=0.103120 ape=0.5594
[17:49:30] warmStart (decay=exponential) 33% (317/936) regret=0.103120 ape=0.5594
[17:49:31] warmStart (decay=exponential) 33% (318/936) regret=0.103120 ape=0.5594
[17:49:31] warmStart (decay=exponential) 34% (319/936) regret=0.103120 ape=0.5594
[17:49:31] warmStart (decay=exponential) 34% (320/936) regret=0.103120 ape=0.5594
[17:49:31] warmStart (decay=exponential) 34% (321/936) regret=0.103120 ape=0.5594
[17:49:32] warmStart (decay=exponential) 34% (322/936) regret=0.103120 ape=0.5594
[17:49:32] warmStart (decay=exponential) 34% (323/936) regret=0.103120 ape=0.5594
[17:49:32] warmStart (decay=exponential) 34% (324/936) regret=0.103120 ape=0.5594
[17:49:33] warmStart (decay=exponential) 34% (325/936) regret=0.103120 ape=0.5594
[17:49:33] warmStart (decay=exponential) 34% (326/936) regret=0.103120 ape=0.5594
[17:49:33] warmStart (decay=exponential) 34% (327/936) regret=0.103120 ape=0.5594
[17:49:33] warmStart (decay=exponential) 35% (328/936) regret=0.103120 ape=0.5594
[17:49:34] warmStart (decay=exponential) 35% (329/936) regret=0.103120 ape=0.5594
[17:49:34] warmStart (decay=exponential) 35% (330/936) regret=0.103120 ape=0.5594
[17:49:34] warmStart (decay=exponential) 35% (331/936) regret=0.103120 ape=0.5594
[17:49:35] warmStart (decay=exponential) 35% (332/936) regret=0.103120 ape=0.5594
[17:49:35] warmStart (decay=exponential) 35% (333/936) regret=0.103120 ape=0.5594
[17:49:35] warmStart (decay=exponential) 35% (334/936) regret=0.103120 ape=0.5594
[17:49:35] warmStart (decay=exponential) 35% (335/936) regret=0.103120 ape=0.5594
[17:49:36] warmStart (decay=exponential) 35% (336/936) regret=0.103120 ape=0.5594
[17:49:36] warmStart (decay=exponential) 36% (337/936) regret=0.103120 ape=0.5594
[17:49:36] warmStart (decay=exponential) 36% (338/936) regret=0.103120 ape=0.5594
[17:49:36] warmStart (decay=exponential) 36% (339/936) regret=0.103120 ape=0.5594
[17:49:37] warmStart (decay=exponential) 36% (340/936) regret=0.103120 ape=0.5594
[17:49:37] warmStart (decay=exponential) 36% (341/936) regret=0.103120 ape=0.5594
[17:49:37] warmStart (decay=exponential) 36% (342/936) regret=0.103120 ape=0.5594
[17:49:38] warmStart (decay=exponential) 36% (343/936) regret=0.103120 ape=0.5594
[17:49:38] warmStart (decay=exponential) 36% (344/936) regret=0.103120 ape=0.5594
[17:49:38] warmStart (decay=exponential) 36% (345/936) regret=0.103120 ape=0.5594
[17:49:39] warmStart (decay=exponential) 36% (346/936) regret=0.103120 ape=0.5594
[17:49:39] warmStart (decay=exponential) 37% (347/936) regret=0.103120 ape=0.5594
[17:49:39] warmStart (decay=exponential) 37% (348/936) regret=0.103120 ape=0.5594
[17:49:39] warmStart (decay=exponential) 37% (349/936) regret=0.103120 ape=0.5594
[17:49:40] warmStart (decay=exponential) 37% (350/936) regret=0.103120 ape=0.5594
[17:49:40] warmStart (decay=exponential) 37% (351/936) regret=0.103120 ape=0.5594
[17:49:40] warmStart (decay=exponential) 37% (352/936) regret=0.103120 ape=0.5594
[17:49:40] warmStart (decay=exponential) 37% (353/936) regret=0.103120 ape=0.5594
[17:49:41] warmStart (decay=exponential) 37% (354/936) regret=0.103120 ape=0.5594
[17:49:41] warmStart (decay=exponential) 37% (355/936) regret=0.103120 ape=0.5594
[17:49:41] warmStart (decay=exponential) 38% (356/936) regret=0.103120 ape=0.5594
[17:49:42] warmStart (decay=exponential) 38% (357/936) regret=0.103120 ape=0.5594
[17:49:42] warmStart (decay=exponential) 38% (358/936) regret=0.103120 ape=0.5594
[17:49:42] warmStart (decay=exponential) 38% (359/936) regret=0.103120 ape=0.5594
[17:49:42] warmStart (decay=exponential) 38% (360/936) regret=0.103120 ape=0.5594
[17:49:43] warmStart (decay=exponential) 38% (361/936) regret=0.103120 ape=0.5594
[17:49:43] warmStart (decay=exponential) 38% (362/936) regret=0.103120 ape=0.5594
[17:49:43] warmStart (decay=exponential) 38% (363/936) regret=0.103120 ape=0.5594
[17:49:43] warmStart (decay=exponential) 38% (364/936) regret=0.103120 ape=0.5594
[17:49:44] warmStart (decay=exponential) 38% (365/936) regret=0.103120 ape=0.5594
[17:49:44] warmStart (decay=exponential) 39% (366/936) regret=0.103120 ape=0.5594
[17:49:44] warmStart (decay=exponential) 39% (367/936) regret=0.103120 ape=0.5594
[17:49:45] warmStart (decay=exponential) 39% (368/936) regret=0.103120 ape=0.5594
[17:49:45] warmStart (decay=exponential) 39% (369/936) regret=0.103120 ape=0.5594
[17:49:45] warmStart (decay=exponential) 39% (370/936) regret=0.103120 ape=0.5594
[17:49:45] warmStart (decay=exponential) 39% (371/936) regret=0.103120 ape=0.5594
[17:49:46] warmStart (decay=exponential) 39% (372/936) regret=0.103120 ape=0.5594
[17:49:46] warmStart (decay=exponential) 39% (373/936) regret=0.103120 ape=0.5594
[17:49:46] warmStart (decay=exponential) 39% (374/936) regret=0.103120 ape=0.5594
[17:49:46] warmStart (decay=exponential) 40% (375/936) regret=0.103120 ape=0.5594
[17:49:47] warmStart (decay=exponential) 40% (376/936) regret=0.103120 ape=0.5594
[17:49:47] warmStart (decay=exponential) 40% (377/936) regret=0.103120 ape=0.5594
[17:49:47] warmStart (decay=exponential) 40% (378/936) regret=0.103120 ape=0.5594
[17:49:47] warmStart (decay=exponential) 40% (379/936) regret=0.103120 ape=0.5594
[17:49:48] warmStart (decay=exponential) 40% (380/936) regret=0.103120 ape=0.5594
[17:49:48] warmStart (decay=exponential) 40% (381/936) regret=0.103120 ape=0.5594
[17:49:48] warmStart (decay=exponential) 40% (382/936) regret=0.102687 ape=0.5585
[17:49:48] warmStart (decay=exponential) 40% (383/936) regret=0.102687 ape=0.5585
[17:49:49] warmStart (decay=exponential) 41% (384/936) regret=0.102687 ape=0.5585
[17:49:49] warmStart (decay=exponential) 41% (385/936) regret=0.102687 ape=0.5585
[17:49:49] warmStart (decay=exponential) 41% (386/936) regret=0.102687 ape=0.5585
[17:49:50] warmStart (decay=exponential) 41% (387/936) regret=0.102687 ape=0.5585
[17:49:50] warmStart (decay=exponential) 41% (388/936) regret=0.102687 ape=0.5585
[17:49:50] warmStart (decay=exponential) 41% (389/936) regret=0.102687 ape=0.5585
[17:49:50] warmStart (decay=exponential) 41% (390/936) regret=0.102687 ape=0.5585
[17:49:51] warmStart (decay=exponential) 41% (391/936) regret=0.102687 ape=0.5585
[17:49:51] warmStart (decay=exponential) 41% (392/936) regret=0.102687 ape=0.5585
[17:49:51] warmStart (decay=exponential) 41% (393/936) regret=0.102687 ape=0.5585
[17:49:51] warmStart (decay=exponential) 42% (394/936) regret=0.102908 ape=0.5594
[17:49:52] warmStart (decay=exponential) 42% (395/936) regret=0.102687 ape=0.5585
[17:49:52] warmStart (decay=exponential) 42% (396/936) regret=0.102687 ape=0.5585
[17:49:52] warmStart (decay=exponential) 42% (397/936) regret=0.102687 ape=0.5585
[17:49:53] warmStart (decay=exponential) 42% (398/936) regret=0.102687 ape=0.5585
[17:49:53] warmStart (decay=exponential) 42% (399/936) regret=0.102687 ape=0.5585
[17:49:53] warmStart (decay=exponential) 42% (400/936) regret=0.102687 ape=0.5585
[17:49:53] warmStart (decay=exponential) 42% (401/936) regret=0.102687 ape=0.5585
[17:49:54] warmStart (decay=exponential) 42% (402/936) regret=0.102687 ape=0.5585
[17:49:54] warmStart (decay=exponential) 43% (403/936) regret=0.102687 ape=0.5585
[17:49:54] warmStart (decay=exponential) 43% (404/936) regret=0.102687 ape=0.5585
[17:49:54] warmStart (decay=exponential) 43% (405/936) regret=0.102687 ape=0.5585
[17:49:55] warmStart (decay=exponential) 43% (406/936) regret=0.102687 ape=0.5585
[17:49:55] warmStart (decay=exponential) 43% (407/936) regret=0.102687 ape=0.5585
[17:49:55] warmStart (decay=exponential) 43% (408/936) regret=0.102687 ape=0.5585
[17:49:55] warmStart (decay=exponential) 43% (409/936) regret=0.102687 ape=0.5585
[17:49:56] warmStart (decay=exponential) 43% (410/936) regret=0.102687 ape=0.5585
[17:49:56] warmStart (decay=exponential) 43% (411/936) regret=0.102687 ape=0.5585
[17:49:56] warmStart (decay=exponential) 44% (412/936) regret=0.102687 ape=0.5585
[17:49:56] warmStart (decay=exponential) 44% (413/936) regret=0.102687 ape=0.5585
[17:49:57] warmStart (decay=exponential) 44% (414/936) regret=0.102687 ape=0.5585
[17:49:57] warmStart (decay=exponential) 44% (415/936) regret=0.102687 ape=0.5585
[17:49:57] warmStart (decay=exponential) 44% (416/936) regret=0.102687 ape=0.5585
[17:49:58] warmStart (decay=exponential) 44% (417/936) regret=0.102871 ape=0.5594
[17:49:58] warmStart (decay=exponential) 44% (418/936) regret=0.102687 ape=0.5585
[17:49:58] warmStart (decay=exponential) 44% (419/936) regret=0.102687 ape=0.5585
[17:49:58] warmStart (decay=exponential) 44% (420/936) regret=0.102687 ape=0.5585
[17:49:59] warmStart (decay=exponential) 44% (421/936) regret=0.102687 ape=0.5585
[17:49:59] warmStart (decay=exponential) 45% (422/936) regret=0.102687 ape=0.5585
[17:49:59] warmStart (decay=exponential) 45% (423/936) regret=0.102687 ape=0.5585
[17:49:59] warmStart (decay=exponential) 45% (424/936) regret=0.102687 ape=0.5585
[17:50:00] warmStart (decay=exponential) 45% (425/936) regret=0.102687 ape=0.5585
[17:50:00] warmStart (decay=exponential) 45% (426/936) regret=0.102687 ape=0.5585
[17:50:00] warmStart (decay=exponential) 45% (427/936) regret=0.102687 ape=0.5585
[17:50:00] warmStart (decay=exponential) 45% (428/936) regret=0.102687 ape=0.5585
[17:50:01] warmStart (decay=exponential) 45% (429/936) regret=0.102687 ape=0.5585
[17:50:01] warmStart (decay=exponential) 45% (430/936) regret=0.102705 ape=0.5585
[17:50:01] warmStart (decay=exponential) 46% (431/936) regret=0.102724 ape=0.5585
[17:50:01] warmStart (decay=exponential) 46% (432/936) regret=0.102668 ape=0.5585
[17:50:01] warmStart (decay=exponential) 46% (433/936) regret=0.102668 ape=0.5585
[17:50:02] warmStart (decay=exponential) 46% (434/936) regret=0.102668 ape=0.5585
[17:50:02] warmStart (decay=exponential) 46% (435/936) regret=0.102632 ape=0.5576
[17:50:02] warmStart (decay=exponential) 46% (436/936) regret=0.102632 ape=0.5576
[17:50:02] warmStart (decay=exponential) 46% (437/936) regret=0.102668 ape=0.5585
[17:50:03] warmStart (decay=exponential) 46% (438/936) regret=0.102632 ape=0.5576
[17:50:03] warmStart (decay=exponential) 46% (439/936) regret=0.102632 ape=0.5576
[17:50:03] warmStart (decay=exponential) 47% (440/936) regret=0.102724 ape=0.5585
[17:50:03] warmStart (decay=exponential) 47% (441/936) regret=0.102724 ape=0.5585
[17:50:04] warmStart (decay=exponential) 47% (442/936) regret=0.102632 ape=0.5576
[17:50:04] warmStart (decay=exponential) 47% (443/936) regret=0.102632 ape=0.5576
[17:50:04] warmStart (decay=exponential) 47% (444/936) regret=0.102632 ape=0.5576
[17:50:04] warmStart (decay=exponential) 47% (445/936) regret=0.102770 ape=0.5585
[17:50:05] warmStart (decay=exponential) 47% (446/936) regret=0.102632 ape=0.5576
[17:50:05] warmStart (decay=exponential) 47% (447/936) regret=0.102632 ape=0.5576
[17:50:05] warmStart (decay=exponential) 47% (448/936) regret=0.102632 ape=0.5576
[17:50:05] warmStart (decay=exponential) 47% (449/936) regret=0.102632 ape=0.5576
[17:50:06] warmStart (decay=exponential) 48% (450/936) regret=0.102632 ape=0.5576
[17:50:06] warmStart (decay=exponential) 48% (451/936) regret=0.102668 ape=0.5585
[17:50:06] warmStart (decay=exponential) 48% (452/936) regret=0.102632 ape=0.5576
[17:50:06] warmStart (decay=exponential) 48% (453/936) regret=0.102632 ape=0.5576
[17:50:07] warmStart (decay=exponential) 48% (454/936) regret=0.102632 ape=0.5576
[17:50:07] warmStart (decay=exponential) 48% (455/936) regret=0.102632 ape=0.5576
[17:50:07] warmStart (decay=exponential) 48% (456/936) regret=0.102632 ape=0.5576
[17:50:07] warmStart (decay=exponential) 48% (457/936) regret=0.102632 ape=0.5576
[17:50:08] warmStart (decay=exponential) 48% (458/936) regret=0.102632 ape=0.5576
[17:50:08] warmStart (decay=exponential) 49% (459/936) regret=0.102632 ape=0.5576
[17:50:08] warmStart (decay=exponential) 49% (460/936) regret=0.102635 ape=0.5576
[17:50:08] warmStart (decay=exponential) 49% (461/936) regret=0.102635 ape=0.5576
[17:50:09] warmStart (decay=exponential) 49% (462/936) regret=0.102620 ape=0.5567
[17:50:09] warmStart (decay=exponential) 49% (463/936) regret=0.102620 ape=0.5567
[17:50:09] warmStart (decay=exponential) 49% (464/936) regret=0.102620 ape=0.5567
[17:50:09] warmStart (decay=exponential) 49% (465/936) regret=0.102620 ape=0.5567
[17:50:10] warmStart (decay=exponential) 49% (466/936) regret=0.102620 ape=0.5567
[17:50:10] warmStart (decay=exponential) 49% (467/936) regret=0.102620 ape=0.5567
[17:50:10] warmStart (decay=exponential) 50% (468/936) regret=0.102620 ape=0.5567
[17:50:10] warmStart (decay=exponential) 50% (469/936) regret=0.102620 ape=0.5567
[17:50:11] warmStart (decay=exponential) 50% (470/936) regret=0.102620 ape=0.5567
[17:50:11] warmStart (decay=exponential) 50% (471/936) regret=0.102620 ape=0.5567
[17:50:11] warmStart (decay=exponential) 50% (472/936) regret=0.102620 ape=0.5567
[17:50:11] warmStart (decay=exponential) 50% (473/936) regret=0.102620 ape=0.5567
[17:50:12] warmStart (decay=exponential) 50% (474/936) regret=0.102632 ape=0.5576
[17:50:12] warmStart (decay=exponential) 50% (475/936) regret=0.102632 ape=0.5576
[17:50:12] warmStart (decay=exponential) 50% (476/936) regret=0.102620 ape=0.5567
[17:50:13] warmStart (decay=exponential) 50% (477/936) regret=0.102620 ape=0.5567
[17:50:13] warmStart (decay=exponential) 51% (478/936) regret=0.102620 ape=0.5567
[17:50:13] warmStart (decay=exponential) 51% (479/936) regret=0.102620 ape=0.5567
[17:50:13] warmStart (decay=exponential) 51% (480/936) regret=0.102620 ape=0.5567
[17:50:13] warmStart (decay=exponential) 51% (481/936) regret=0.102620 ape=0.5567
[17:50:14] warmStart (decay=exponential) 51% (482/936) regret=0.102620 ape=0.5567
[17:50:14] warmStart (decay=exponential) 51% (483/936) regret=0.102620 ape=0.5567
[17:50:14] warmStart (decay=exponential) 51% (484/936) regret=0.102620 ape=0.5567
[17:50:14] warmStart (decay=exponential) 51% (485/936) regret=0.102620 ape=0.5567
[17:50:15] warmStart (decay=exponential) 51% (486/936) regret=0.102620 ape=0.5567
[17:50:15] warmStart (decay=exponential) 52% (487/936) regret=0.102620 ape=0.5567
[17:50:15] warmStart (decay=exponential) 52% (488/936) regret=0.102620 ape=0.5567
[17:50:15] warmStart (decay=exponential) 52% (489/936) regret=0.102620 ape=0.5567
[17:50:16] warmStart (decay=exponential) 52% (490/936) regret=0.102620 ape=0.5567
[17:50:16] warmStart (decay=exponential) 52% (491/936) regret=0.102620 ape=0.5567
[17:50:16] warmStart (decay=exponential) 52% (492/936) regret=0.102620 ape=0.5567
[17:50:16] warmStart (decay=exponential) 52% (493/936) regret=0.102620 ape=0.5567
[17:50:17] warmStart (decay=exponential) 52% (494/936) regret=0.102620 ape=0.5567
[17:50:17] warmStart (decay=exponential) 52% (495/936) regret=0.102620 ape=0.5567
[17:50:17] warmStart (decay=exponential) 52% (496/936) regret=0.102620 ape=0.5567
[17:50:17] warmStart (decay=exponential) 53% (497/936) regret=0.102632 ape=0.5576
[17:50:18] warmStart (decay=exponential) 53% (498/936) regret=0.102632 ape=0.5576
[17:50:18] warmStart (decay=exponential) 53% (499/936) regret=0.102632 ape=0.5576
[17:50:18] warmStart (decay=exponential) 53% (500/936) regret=0.102632 ape=0.5576
[17:50:18] warmStart (decay=exponential) 53% (501/936) regret=0.102632 ape=0.5576
[17:50:19] warmStart (decay=exponential) 53% (502/936) regret=0.102632 ape=0.5576
[17:50:19] warmStart (decay=exponential) 53% (503/936) regret=0.102632 ape=0.5576
[17:50:19] warmStart (decay=exponential) 53% (504/936) regret=0.102632 ape=0.5576
[17:50:19] warmStart (decay=exponential) 53% (505/936) regret=0.102632 ape=0.5576
[17:50:20] warmStart (decay=exponential) 54% (506/936) regret=0.102620 ape=0.5567
[17:50:20] warmStart (decay=exponential) 54% (507/936) regret=0.102620 ape=0.5567
[17:50:20] warmStart (decay=exponential) 54% (508/936) regret=0.102620 ape=0.5567
[17:50:20] warmStart (decay=exponential) 54% (509/936) regret=0.102620 ape=0.5567
[17:50:21] warmStart (decay=exponential) 54% (510/936) regret=0.102632 ape=0.5576
[17:50:21] warmStart (decay=exponential) 54% (511/936) regret=0.102632 ape=0.5576
[17:50:21] warmStart (decay=exponential) 54% (512/936) regret=0.102632 ape=0.5576
[17:50:21] warmStart (decay=exponential) 54% (513/936) regret=0.102632 ape=0.5576
[17:50:22] warmStart (decay=exponential) 54% (514/936) regret=0.102632 ape=0.5576
[17:50:22] warmStart (decay=exponential) 55% (515/936) regret=0.102632 ape=0.5576
[17:50:22] warmStart (decay=exponential) 55% (516/936) regret=0.102632 ape=0.5576
[17:50:22] warmStart (decay=exponential) 55% (517/936) regret=0.102632 ape=0.5576
[17:50:23] warmStart (decay=exponential) 55% (518/936) regret=0.102632 ape=0.5576
[17:50:23] warmStart (decay=exponential) 55% (519/936) regret=0.102632 ape=0.5576
[17:50:23] warmStart (decay=exponential) 55% (520/936) regret=0.102632 ape=0.5576
[17:50:23] warmStart (decay=exponential) 55% (521/936) regret=0.102632 ape=0.5576
[17:50:24] warmStart (decay=exponential) 55% (522/936) regret=0.102632 ape=0.5576
[17:50:24] warmStart (decay=exponential) 55% (523/936) regret=0.102632 ape=0.5576
[17:50:24] warmStart (decay=exponential) 55% (524/936) regret=0.102632 ape=0.5576
[17:50:24] warmStart (decay=exponential) 56% (525/936) regret=0.102650 ape=0.5576
[17:50:25] warmStart (decay=exponential) 56% (526/936) regret=0.102650 ape=0.5576
[17:50:25] warmStart (decay=exponential) 56% (527/936) regret=0.102650 ape=0.5576
[17:50:25] warmStart (decay=exponential) 56% (528/936) regret=0.102650 ape=0.5576
[17:50:26] warmStart (decay=exponential) 56% (529/936) regret=0.102650 ape=0.5576
[17:50:26] warmStart (decay=exponential) 56% (530/936) regret=0.102650 ape=0.5576
[17:50:26] warmStart (decay=exponential) 56% (531/936) regret=0.102650 ape=0.5576
[17:50:27] warmStart (decay=exponential) 56% (532/936) regret=0.102632 ape=0.5576
[17:50:27] warmStart (decay=exponential) 56% (533/936) regret=0.102613 ape=0.5567
[17:50:27] warmStart (decay=exponential) 57% (534/936) regret=0.102613 ape=0.5567
[17:50:28] warmStart (decay=exponential) 57% (535/936) regret=0.102613 ape=0.5567
[17:50:28] warmStart (decay=exponential) 57% (536/936) regret=0.102613 ape=0.5567
[17:50:28] warmStart (decay=exponential) 57% (537/936) regret=0.102613 ape=0.5567
[17:50:28] warmStart (decay=exponential) 57% (538/936) regret=0.102613 ape=0.5567
[17:50:29] warmStart (decay=exponential) 57% (539/936) regret=0.102613 ape=0.5567
[17:50:29] warmStart (decay=exponential) 57% (540/936) regret=0.102613 ape=0.5567
[17:50:29] warmStart (decay=exponential) 57% (541/936) regret=0.102613 ape=0.5567
[17:50:30] warmStart (decay=exponential) 57% (542/936) regret=0.102613 ape=0.5567
[17:50:30] warmStart (decay=exponential) 58% (543/936) regret=0.102613 ape=0.5567
[17:50:30] warmStart (decay=exponential) 58% (544/936) regret=0.102613 ape=0.5567
[17:50:30] warmStart (decay=exponential) 58% (545/936) regret=0.102613 ape=0.5567
[17:50:31] warmStart (decay=exponential) 58% (546/936) regret=0.102613 ape=0.5567
[17:50:31] warmStart (decay=exponential) 58% (547/936) regret=0.102613 ape=0.5567
[17:50:31] warmStart (decay=exponential) 58% (548/936) regret=0.102613 ape=0.5567
[17:50:32] warmStart (decay=exponential) 58% (549/936) regret=0.102613 ape=0.5567
[17:50:32] warmStart (decay=exponential) 58% (550/936) regret=0.102613 ape=0.5567
[17:50:32] warmStart (decay=exponential) 58% (551/936) regret=0.102613 ape=0.5567
[17:50:32] warmStart (decay=exponential) 58% (552/936) regret=0.102613 ape=0.5567
[17:50:33] warmStart (decay=exponential) 59% (553/936) regret=0.102613 ape=0.5567
[17:50:33] warmStart (decay=exponential) 59% (554/936) regret=0.102613 ape=0.5567
[17:50:33] warmStart (decay=exponential) 59% (555/936) regret=0.102613 ape=0.5567
[17:50:34] warmStart (decay=exponential) 59% (556/936) regret=0.102613 ape=0.5567
[17:50:34] warmStart (decay=exponential) 59% (557/936) regret=0.102613 ape=0.5567
[17:50:34] warmStart (decay=exponential) 59% (558/936) regret=0.102479 ape=0.5558
[17:50:35] warmStart (decay=exponential) 59% (559/936) regret=0.102479 ape=0.5558
[17:50:35] warmStart (decay=exponential) 59% (560/936) regret=0.102479 ape=0.5558
[17:50:35] warmStart (decay=exponential) 59% (561/936) regret=0.102479 ape=0.5558
[17:50:35] warmStart (decay=exponential) 60% (562/936) regret=0.102479 ape=0.5558
[17:50:36] warmStart (decay=exponential) 60% (563/936) regret=0.102479 ape=0.5558
[17:50:36] warmStart (decay=exponential) 60% (564/936) regret=0.102479 ape=0.5558
[17:50:36] warmStart (decay=exponential) 60% (565/936) regret=0.102479 ape=0.5558
[17:50:36] warmStart (decay=exponential) 60% (566/936) regret=0.102479 ape=0.5558
[17:50:37] warmStart (decay=exponential) 60% (567/936) regret=0.102479 ape=0.5558
[17:50:37] warmStart (decay=exponential) 60% (568/936) regret=0.102479 ape=0.5558
[17:50:37] warmStart (decay=exponential) 60% (569/936) regret=0.102479 ape=0.5558
[17:50:37] warmStart (decay=exponential) 60% (570/936) regret=0.102479 ape=0.5558
[17:50:38] warmStart (decay=exponential) 61% (571/936) regret=0.102479 ape=0.5558
[17:50:38] warmStart (decay=exponential) 61% (572/936) regret=0.102479 ape=0.5558
[17:50:38] warmStart (decay=exponential) 61% (573/936) regret=0.102479 ape=0.5558
[17:50:38] warmStart (decay=exponential) 61% (574/936) regret=0.102479 ape=0.5558
[17:50:39] warmStart (decay=exponential) 61% (575/936) regret=0.102479 ape=0.5558
[17:50:39] warmStart (decay=exponential) 61% (576/936) regret=0.102479 ape=0.5558
[17:50:39] warmStart (decay=exponential) 61% (577/936) regret=0.102479 ape=0.5558
[17:50:40] warmStart (decay=exponential) 61% (578/936) regret=0.102479 ape=0.5558
[17:50:40] warmStart (decay=exponential) 61% (579/936) regret=0.102479 ape=0.5558
[17:50:40] warmStart (decay=exponential) 61% (580/936) regret=0.102479 ape=0.5558
[17:50:40] warmStart (decay=exponential) 62% (581/936) regret=0.102479 ape=0.5558
[17:50:41] warmStart (decay=exponential) 62% (582/936) regret=0.102479 ape=0.5558
[17:50:41] warmStart (decay=exponential) 62% (583/936) regret=0.102479 ape=0.5558
[17:50:41] warmStart (decay=exponential) 62% (584/936) regret=0.102479 ape=0.5558
[17:50:42] warmStart (decay=exponential) 62% (585/936) regret=0.102479 ape=0.5558
[17:50:42] warmStart (decay=exponential) 62% (586/936) regret=0.102479 ape=0.5558
[17:50:42] warmStart (decay=exponential) 62% (587/936) regret=0.102479 ape=0.5558
[17:50:42] warmStart (decay=exponential) 62% (588/936) regret=0.102479 ape=0.5558
[17:50:43] warmStart (decay=exponential) 62% (589/936) regret=0.102479 ape=0.5558
[17:50:43] warmStart (decay=exponential) 63% (590/936) regret=0.102479 ape=0.5558
[17:50:43] warmStart (decay=exponential) 63% (591/936) regret=0.102479 ape=0.5558
[17:50:44] warmStart (decay=exponential) 63% (592/936) regret=0.102479 ape=0.5558
[17:50:44] warmStart (decay=exponential) 63% (593/936) regret=0.102479 ape=0.5558
[17:50:44] warmStart (decay=exponential) 63% (594/936) regret=0.102479 ape=0.5558
[17:50:44] warmStart (decay=exponential) 63% (595/936) regret=0.102479 ape=0.5558
[17:50:45] warmStart (decay=exponential) 63% (596/936) regret=0.102479 ape=0.5558
[17:50:45] warmStart (decay=exponential) 63% (597/936) regret=0.102479 ape=0.5558
[17:50:45] warmStart (decay=exponential) 63% (598/936) regret=0.102479 ape=0.5558
[17:50:46] warmStart (decay=exponential) 63% (599/936) regret=0.102479 ape=0.5558
[17:50:46] warmStart (decay=exponential) 64% (600/936) regret=0.102479 ape=0.5558
[17:50:46] warmStart (decay=exponential) 64% (601/936) regret=0.102479 ape=0.5558
[17:50:46] warmStart (decay=exponential) 64% (602/936) regret=0.102479 ape=0.5558
[17:50:47] warmStart (decay=exponential) 64% (603/936) regret=0.102512 ape=0.5567
[17:50:47] warmStart (decay=exponential) 64% (604/936) regret=0.102479 ape=0.5558
[17:50:47] warmStart (decay=exponential) 64% (605/936) regret=0.102479 ape=0.5558
[17:50:47] warmStart (decay=exponential) 64% (606/936) regret=0.102479 ape=0.5558
[17:50:48] warmStart (decay=exponential) 64% (607/936) regret=0.102479 ape=0.5558
[17:50:48] warmStart (decay=exponential) 64% (608/936) regret=0.102479 ape=0.5558
[17:50:48] warmStart (decay=exponential) 65% (609/936) regret=0.102479 ape=0.5558
[17:50:48] warmStart (decay=exponential) 65% (610/936) regret=0.102479 ape=0.5558
[17:50:49] warmStart (decay=exponential) 65% (611/936) regret=0.102479 ape=0.5558
[17:50:49] warmStart (decay=exponential) 65% (612/936) regret=0.102479 ape=0.5558
[17:50:49] warmStart (decay=exponential) 65% (613/936) regret=0.102479 ape=0.5558
[17:50:50] warmStart (decay=exponential) 65% (614/936) regret=0.102479 ape=0.5558
[17:50:50] warmStart (decay=exponential) 65% (615/936) regret=0.102479 ape=0.5558
[17:50:50] warmStart (decay=exponential) 65% (616/936) regret=0.102479 ape=0.5558
[17:50:50] warmStart (decay=exponential) 65% (617/936) regret=0.102479 ape=0.5558
[17:50:51] warmStart (decay=exponential) 66% (618/936) regret=0.102479 ape=0.5558
[17:50:51] warmStart (decay=exponential) 66% (619/936) regret=0.102479 ape=0.5558
[17:50:51] warmStart (decay=exponential) 66% (620/936) regret=0.102479 ape=0.5558
[17:50:52] warmStart (decay=exponential) 66% (621/936) regret=0.102479 ape=0.5558
[17:50:52] warmStart (decay=exponential) 66% (622/936) regret=0.102479 ape=0.5558
[17:50:52] warmStart (decay=exponential) 66% (623/936) regret=0.102479 ape=0.5558
[17:50:52] warmStart (decay=exponential) 66% (624/936) regret=0.102479 ape=0.5558
[17:50:53] warmStart (decay=exponential) 66% (625/936) regret=0.102479 ape=0.5558
[17:50:53] warmStart (decay=exponential) 66% (626/936) regret=0.102479 ape=0.5558
[17:50:53] warmStart (decay=exponential) 66% (627/936) regret=0.102479 ape=0.5558
[17:50:53] warmStart (decay=exponential) 67% (628/936) regret=0.102479 ape=0.5558
[17:50:54] warmStart (decay=exponential) 67% (629/936) regret=0.102479 ape=0.5558
[17:50:54] warmStart (decay=exponential) 67% (630/936) regret=0.102479 ape=0.5558
[17:50:54] warmStart (decay=exponential) 67% (631/936) regret=0.102479 ape=0.5558
[17:50:55] warmStart (decay=exponential) 67% (632/936) regret=0.102479 ape=0.5558
[17:50:55] warmStart (decay=exponential) 67% (633/936) regret=0.102479 ape=0.5558
[17:50:55] warmStart (decay=exponential) 67% (634/936) regret=0.102479 ape=0.5558
[17:50:55] warmStart (decay=exponential) 67% (635/936) regret=0.102479 ape=0.5558
[17:50:56] warmStart (decay=exponential) 67% (636/936) regret=0.102479 ape=0.5558
[17:50:56] warmStart (decay=exponential) 68% (637/936) regret=0.102479 ape=0.5558
[17:50:56] warmStart (decay=exponential) 68% (638/936) regret=0.102479 ape=0.5558
[17:50:56] warmStart (decay=exponential) 68% (639/936) regret=0.102479 ape=0.5558
[17:50:57] warmStart (decay=exponential) 68% (640/936) regret=0.102479 ape=0.5558
[17:50:57] warmStart (decay=exponential) 68% (641/936) regret=0.102479 ape=0.5558
[17:50:57] warmStart (decay=exponential) 68% (642/936) regret=0.102479 ape=0.5558
[17:50:58] warmStart (decay=exponential) 68% (643/936) regret=0.102479 ape=0.5558
[17:50:58] warmStart (decay=exponential) 68% (644/936) regret=0.102479 ape=0.5558
[17:50:58] warmStart (decay=exponential) 68% (645/936) regret=0.102479 ape=0.5558
[17:50:58] warmStart (decay=exponential) 69% (646/936) regret=0.102479 ape=0.5558
[17:50:59] warmStart (decay=exponential) 69% (647/936) regret=0.102479 ape=0.5558
[17:50:59] warmStart (decay=exponential) 69% (648/936) regret=0.102479 ape=0.5558
[17:50:59] warmStart (decay=exponential) 69% (649/936) regret=0.102479 ape=0.5558
[17:50:59] warmStart (decay=exponential) 69% (650/936) regret=0.102479 ape=0.5558
[17:51:00] warmStart (decay=exponential) 69% (651/936) regret=0.102479 ape=0.5558
[17:51:00] warmStart (decay=exponential) 69% (652/936) regret=0.102479 ape=0.5558
[17:51:00] warmStart (decay=exponential) 69% (653/936) regret=0.102479 ape=0.5558
[17:51:00] warmStart (decay=exponential) 69% (654/936) regret=0.102479 ape=0.5558
[17:51:01] warmStart (decay=exponential) 69% (655/936) regret=0.102479 ape=0.5558
[17:51:01] warmStart (decay=exponential) 70% (656/936) regret=0.102479 ape=0.5558
[17:51:01] warmStart (decay=exponential) 70% (657/936) regret=0.102479 ape=0.5558
[17:51:01] warmStart (decay=exponential) 70% (658/936) regret=0.102479 ape=0.5558
[17:51:02] warmStart (decay=exponential) 70% (659/936) regret=0.102479 ape=0.5558
[17:51:02] warmStart (decay=exponential) 70% (660/936) regret=0.102479 ape=0.5558
[17:51:02] warmStart (decay=exponential) 70% (661/936) regret=0.102479 ape=0.5558
[17:51:03] warmStart (decay=exponential) 70% (662/936) regret=0.102479 ape=0.5558
[17:51:03] warmStart (decay=exponential) 70% (663/936) regret=0.102479 ape=0.5558
[17:51:03] warmStart (decay=exponential) 70% (664/936) regret=0.102479 ape=0.5558
[17:51:03] warmStart (decay=exponential) 71% (665/936) regret=0.102479 ape=0.5558
[17:51:04] warmStart (decay=exponential) 71% (666/936) regret=0.102479 ape=0.5558
[17:51:04] warmStart (decay=exponential) 71% (667/936) regret=0.102479 ape=0.5558
[17:51:04] warmStart (decay=exponential) 71% (668/936) regret=0.102479 ape=0.5558
[17:51:05] warmStart (decay=exponential) 71% (669/936) regret=0.102479 ape=0.5558
[17:51:05] warmStart (decay=exponential) 71% (670/936) regret=0.102479 ape=0.5558
[17:51:05] warmStart (decay=exponential) 71% (671/936) regret=0.102479 ape=0.5558
[17:51:05] warmStart (decay=exponential) 71% (672/936) regret=0.102479 ape=0.5558
[17:51:06] warmStart (decay=exponential) 71% (673/936) regret=0.102479 ape=0.5558
[17:51:06] warmStart (decay=exponential) 72% (674/936) regret=0.102479 ape=0.5558
[17:51:06] warmStart (decay=exponential) 72% (675/936) regret=0.102479 ape=0.5558
[17:51:07] warmStart (decay=exponential) 72% (676/936) regret=0.102479 ape=0.5558
[17:51:07] warmStart (decay=exponential) 72% (677/936) regret=0.102479 ape=0.5558
[17:51:07] warmStart (decay=exponential) 72% (678/936) regret=0.102479 ape=0.5558
[17:51:07] warmStart (decay=exponential) 72% (679/936) regret=0.102479 ape=0.5558
[17:51:08] warmStart (decay=exponential) 72% (680/936) regret=0.102479 ape=0.5558
[17:51:08] warmStart (decay=exponential) 72% (681/936) regret=0.102479 ape=0.5558
[17:51:08] warmStart (decay=exponential) 72% (682/936) regret=0.102479 ape=0.5558
[17:51:09] warmStart (decay=exponential) 72% (683/936) regret=0.102479 ape=0.5558
[17:51:09] warmStart (decay=exponential) 73% (684/936) regret=0.102479 ape=0.5558
[17:51:09] warmStart (decay=exponential) 73% (685/936) regret=0.102479 ape=0.5558
[17:51:09] warmStart (decay=exponential) 73% (686/936) regret=0.102479 ape=0.5558
[17:51:09] warmStart (decay=exponential) 73% (687/936) regret=0.102479 ape=0.5558
[17:51:10] warmStart (decay=exponential) 73% (688/936) regret=0.102479 ape=0.5558
[17:51:10] warmStart (decay=exponential) 73% (689/936) regret=0.102479 ape=0.5558
[17:51:10] warmStart (decay=exponential) 73% (690/936) regret=0.102479 ape=0.5558
[17:51:10] warmStart (decay=exponential) 73% (691/936) regret=0.102479 ape=0.5558
[17:51:11] warmStart (decay=exponential) 73% (692/936) regret=0.102479 ape=0.5558
[17:51:11] warmStart (decay=exponential) 74% (693/936) regret=0.102479 ape=0.5558
[17:51:11] warmStart (decay=exponential) 74% (694/936) regret=0.102479 ape=0.5558
[17:51:12] warmStart (decay=exponential) 74% (695/936) regret=0.102479 ape=0.5558
[17:51:12] warmStart (decay=exponential) 74% (696/936) regret=0.102479 ape=0.5558
[17:51:12] warmStart (decay=exponential) 74% (697/936) regret=0.102479 ape=0.5558
[17:51:12] warmStart (decay=exponential) 74% (698/936) regret=0.102479 ape=0.5558
[17:51:13] warmStart (decay=exponential) 74% (699/936) regret=0.102479 ape=0.5558
[17:51:13] warmStart (decay=exponential) 74% (700/936) regret=0.102479 ape=0.5558
[17:51:13] warmStart (decay=exponential) 74% (701/936) regret=0.102479 ape=0.5558
[17:51:14] warmStart (decay=exponential) 75% (702/936) regret=0.102479 ape=0.5558
[17:51:14] warmStart (decay=exponential) 75% (703/936) regret=0.102479 ape=0.5558
[17:51:14] warmStart (decay=exponential) 75% (704/936) regret=0.102479 ape=0.5558
[17:51:14] warmStart (decay=exponential) 75% (705/936) regret=0.102479 ape=0.5558
[17:51:15] warmStart (decay=exponential) 75% (706/936) regret=0.102479 ape=0.5558
[17:51:15] warmStart (decay=exponential) 75% (707/936) regret=0.102479 ape=0.5558
[17:51:15] warmStart (decay=exponential) 75% (708/936) regret=0.102479 ape=0.5558
[17:51:15] warmStart (decay=exponential) 75% (709/936) regret=0.102479 ape=0.5558
[17:51:16] warmStart (decay=exponential) 75% (710/936) regret=0.102479 ape=0.5558
[17:51:16] warmStart (decay=exponential) 75% (711/936) regret=0.102479 ape=0.5558
[17:51:16] warmStart (decay=exponential) 76% (712/936) regret=0.102479 ape=0.5558
[17:51:17] warmStart (decay=exponential) 76% (713/936) regret=0.102479 ape=0.5558
[17:51:17] warmStart (decay=exponential) 76% (714/936) regret=0.102479 ape=0.5558
[17:51:17] warmStart (decay=exponential) 76% (715/936) regret=0.102479 ape=0.5558
[17:51:17] warmStart (decay=exponential) 76% (716/936) regret=0.102479 ape=0.5558
[17:51:18] warmStart (decay=exponential) 76% (717/936) regret=0.102479 ape=0.5558
[17:51:18] warmStart (decay=exponential) 76% (718/936) regret=0.102479 ape=0.5558
[17:51:18] warmStart (decay=exponential) 76% (719/936) regret=0.102479 ape=0.5558
[17:51:18] warmStart (decay=exponential) 76% (720/936) regret=0.102479 ape=0.5558
[17:51:19] warmStart (decay=exponential) 77% (721/936) regret=0.102479 ape=0.5558
[17:51:19] warmStart (decay=exponential) 77% (722/936) regret=0.102479 ape=0.5558
[17:51:19] warmStart (decay=exponential) 77% (723/936) regret=0.102479 ape=0.5558
[17:51:20] warmStart (decay=exponential) 77% (724/936) regret=0.102479 ape=0.5558
[17:51:20] warmStart (decay=exponential) 77% (725/936) regret=0.102479 ape=0.5558
[17:51:20] warmStart (decay=exponential) 77% (726/936) regret=0.102479 ape=0.5558
[17:51:20] warmStart (decay=exponential) 77% (727/936) regret=0.102479 ape=0.5558
[17:51:21] warmStart (decay=exponential) 77% (728/936) regret=0.102479 ape=0.5558
[17:51:21] warmStart (decay=exponential) 77% (729/936) regret=0.102479 ape=0.5558
[17:51:21] warmStart (decay=exponential) 77% (730/936) regret=0.102479 ape=0.5558
[17:51:22] warmStart (decay=exponential) 78% (731/936) regret=0.102479 ape=0.5558
[17:51:22] warmStart (decay=exponential) 78% (732/936) regret=0.102479 ape=0.5558
[17:51:22] warmStart (decay=exponential) 78% (733/936) regret=0.102479 ape=0.5558
[17:51:22] warmStart (decay=exponential) 78% (734/936) regret=0.102479 ape=0.5558
[17:51:23] warmStart (decay=exponential) 78% (735/936) regret=0.102479 ape=0.5558
[17:51:23] warmStart (decay=exponential) 78% (736/936) regret=0.102479 ape=0.5558
[17:51:23] warmStart (decay=exponential) 78% (737/936) regret=0.102479 ape=0.5558
[17:51:23] warmStart (decay=exponential) 78% (738/936) regret=0.102479 ape=0.5558
[17:51:24] warmStart (decay=exponential) 78% (739/936) regret=0.102479 ape=0.5558
[17:51:24] warmStart (decay=exponential) 79% (740/936) regret=0.102479 ape=0.5558
[17:51:24] warmStart (decay=exponential) 79% (741/936) regret=0.102479 ape=0.5558
[17:51:25] warmStart (decay=exponential) 79% (742/936) regret=0.102479 ape=0.5558
[17:51:25] warmStart (decay=exponential) 79% (743/936) regret=0.102479 ape=0.5558
[17:51:25] warmStart (decay=exponential) 79% (744/936) regret=0.102479 ape=0.5558
[17:51:25] warmStart (decay=exponential) 79% (745/936) regret=0.102479 ape=0.5558
[17:51:26] warmStart (decay=exponential) 79% (746/936) regret=0.102479 ape=0.5558
[17:51:26] warmStart (decay=exponential) 79% (747/936) regret=0.102479 ape=0.5558
[17:51:26] warmStart (decay=exponential) 79% (748/936) regret=0.102479 ape=0.5558
[17:51:26] warmStart (decay=exponential) 80% (749/936) regret=0.102479 ape=0.5558
[17:51:27] warmStart (decay=exponential) 80% (750/936) regret=0.102479 ape=0.5558
[17:51:27] warmStart (decay=exponential) 80% (751/936) regret=0.102479 ape=0.5558
[17:51:27] warmStart (decay=exponential) 80% (752/936) regret=0.102479 ape=0.5558
[17:51:28] warmStart (decay=exponential) 80% (753/936) regret=0.102479 ape=0.5558
[17:51:28] warmStart (decay=exponential) 80% (754/936) regret=0.102479 ape=0.5558
[17:51:28] warmStart (decay=exponential) 80% (755/936) regret=0.102479 ape=0.5558
[17:51:28] warmStart (decay=exponential) 80% (756/936) regret=0.102479 ape=0.5558
[17:51:29] warmStart (decay=exponential) 80% (757/936) regret=0.102479 ape=0.5558
[17:51:29] warmStart (decay=exponential) 80% (758/936) regret=0.102479 ape=0.5558
[17:51:29] warmStart (decay=exponential) 81% (759/936) regret=0.102479 ape=0.5558
[17:51:30] warmStart (decay=exponential) 81% (760/936) regret=0.102479 ape=0.5558
[17:51:30] warmStart (decay=exponential) 81% (761/936) regret=0.102479 ape=0.5558
[17:51:30] warmStart (decay=exponential) 81% (762/936) regret=0.102479 ape=0.5558
[17:51:30] warmStart (decay=exponential) 81% (763/936) regret=0.102479 ape=0.5558
[17:51:31] warmStart (decay=exponential) 81% (764/936) regret=0.102479 ape=0.5558
[17:51:31] warmStart (decay=exponential) 81% (765/936) regret=0.102479 ape=0.5558
[17:51:31] warmStart (decay=exponential) 81% (766/936) regret=0.102479 ape=0.5558
[17:51:31] warmStart (decay=exponential) 81% (767/936) regret=0.102479 ape=0.5558
[17:51:32] warmStart (decay=exponential) 82% (768/936) regret=0.102479 ape=0.5558
[17:51:32] warmStart (decay=exponential) 82% (769/936) regret=0.102479 ape=0.5558
[17:51:32] warmStart (decay=exponential) 82% (770/936) regret=0.102479 ape=0.5558
[17:51:32] warmStart (decay=exponential) 82% (771/936) regret=0.102479 ape=0.5558
[17:51:33] warmStart (decay=exponential) 82% (772/936) regret=0.102479 ape=0.5558
[17:51:33] warmStart (decay=exponential) 82% (773/936) regret=0.102479 ape=0.5558
[17:51:33] warmStart (decay=exponential) 82% (774/936) regret=0.102479 ape=0.5558
[17:51:34] warmStart (decay=exponential) 82% (775/936) regret=0.102479 ape=0.5558
[17:51:34] warmStart (decay=exponential) 82% (776/936) regret=0.102479 ape=0.5558
[17:51:34] warmStart (decay=exponential) 83% (777/936) regret=0.102479 ape=0.5558
[17:51:34] warmStart (decay=exponential) 83% (778/936) regret=0.102479 ape=0.5558
[17:51:35] warmStart (decay=exponential) 83% (779/936) regret=0.102479 ape=0.5558
[17:51:35] warmStart (decay=exponential) 83% (780/936) regret=0.102479 ape=0.5558
[17:51:35] warmStart (decay=exponential) 83% (781/936) regret=0.102479 ape=0.5558
[17:51:36] warmStart (decay=exponential) 83% (782/936) regret=0.102479 ape=0.5558
[17:51:36] warmStart (decay=exponential) 83% (783/936) regret=0.102479 ape=0.5558
[17:51:36] warmStart (decay=exponential) 83% (784/936) regret=0.102479 ape=0.5558
[17:51:36] warmStart (decay=exponential) 83% (785/936) regret=0.102479 ape=0.5558
[17:51:37] warmStart (decay=exponential) 83% (786/936) regret=0.102479 ape=0.5558
[17:51:37] warmStart (decay=exponential) 84% (787/936) regret=0.102479 ape=0.5558
[17:51:37] warmStart (decay=exponential) 84% (788/936) regret=0.102479 ape=0.5558
[17:51:37] warmStart (decay=exponential) 84% (789/936) regret=0.102479 ape=0.5558
[17:51:38] warmStart (decay=exponential) 84% (790/936) regret=0.102479 ape=0.5558
[17:51:38] warmStart (decay=exponential) 84% (791/936) regret=0.102479 ape=0.5558
[17:51:38] warmStart (decay=exponential) 84% (792/936) regret=0.102479 ape=0.5558
[17:51:38] warmStart (decay=exponential) 84% (793/936) regret=0.102479 ape=0.5558
[17:51:39] warmStart (decay=exponential) 84% (794/936) regret=0.102479 ape=0.5558
[17:51:39] warmStart (decay=exponential) 84% (795/936) regret=0.102479 ape=0.5558
[17:51:39] warmStart (decay=exponential) 85% (796/936) regret=0.102479 ape=0.5558
[17:51:40] warmStart (decay=exponential) 85% (797/936) regret=0.102479 ape=0.5558
[17:51:40] warmStart (decay=exponential) 85% (798/936) regret=0.102479 ape=0.5558
[17:51:40] warmStart (decay=exponential) 85% (799/936) regret=0.102479 ape=0.5558
[17:51:40] warmStart (decay=exponential) 85% (800/936) regret=0.102479 ape=0.5558
[17:51:41] warmStart (decay=exponential) 85% (801/936) regret=0.102479 ape=0.5558
[17:51:41] warmStart (decay=exponential) 85% (802/936) regret=0.102479 ape=0.5558
[17:51:41] warmStart (decay=exponential) 85% (803/936) regret=0.102479 ape=0.5558
[17:51:42] warmStart (decay=exponential) 85% (804/936) regret=0.102479 ape=0.5558
[17:51:42] warmStart (decay=exponential) 86% (805/936) regret=0.102479 ape=0.5558
[17:51:42] warmStart (decay=exponential) 86% (806/936) regret=0.102479 ape=0.5558
[17:51:42] warmStart (decay=exponential) 86% (807/936) regret=0.102479 ape=0.5558
[17:51:43] warmStart (decay=exponential) 86% (808/936) regret=0.102479 ape=0.5558
[17:51:43] warmStart (decay=exponential) 86% (809/936) regret=0.102479 ape=0.5558
[17:51:43] warmStart (decay=exponential) 86% (810/936) regret=0.102479 ape=0.5558
[17:51:44] warmStart (decay=exponential) 86% (811/936) regret=0.102479 ape=0.5558
[17:51:44] warmStart (decay=exponential) 86% (812/936) regret=0.102479 ape=0.5558
[17:51:44] warmStart (decay=exponential) 86% (813/936) regret=0.102479 ape=0.5558
[17:51:44] warmStart (decay=exponential) 86% (814/936) regret=0.102479 ape=0.5558
[17:51:45] warmStart (decay=exponential) 87% (815/936) regret=0.102479 ape=0.5558
[17:51:45] warmStart (decay=exponential) 87% (816/936) regret=0.102479 ape=0.5558
[17:51:45] warmStart (decay=exponential) 87% (817/936) regret=0.102479 ape=0.5558
[17:51:45] warmStart (decay=exponential) 87% (818/936) regret=0.102479 ape=0.5558
[17:51:46] warmStart (decay=exponential) 87% (819/936) regret=0.102479 ape=0.5558
[17:51:46] warmStart (decay=exponential) 87% (820/936) regret=0.102479 ape=0.5558
[17:51:46] warmStart (decay=exponential) 87% (821/936) regret=0.102479 ape=0.5558
[17:51:47] warmStart (decay=exponential) 87% (822/936) regret=0.102479 ape=0.5558
[17:51:47] warmStart (decay=exponential) 87% (823/936) regret=0.102479 ape=0.5558
[17:51:47] warmStart (decay=exponential) 88% (824/936) regret=0.102479 ape=0.5558
[17:51:47] warmStart (decay=exponential) 88% (825/936) regret=0.102479 ape=0.5558
[17:51:48] warmStart (decay=exponential) 88% (826/936) regret=0.102479 ape=0.5558
[17:51:48] warmStart (decay=exponential) 88% (827/936) regret=0.102479 ape=0.5558
[17:51:48] warmStart (decay=exponential) 88% (828/936) regret=0.102479 ape=0.5558
[17:51:49] warmStart (decay=exponential) 88% (829/936) regret=0.102479 ape=0.5558
[17:51:49] warmStart (decay=exponential) 88% (830/936) regret=0.102479 ape=0.5558
[17:51:49] warmStart (decay=exponential) 88% (831/936) regret=0.102479 ape=0.5558
[17:51:49] warmStart (decay=exponential) 88% (832/936) regret=0.102479 ape=0.5558
[17:51:50] warmStart (decay=exponential) 88% (833/936) regret=0.102479 ape=0.5558
[17:51:50] warmStart (decay=exponential) 89% (834/936) regret=0.102490 ape=0.5558
[17:51:50] warmStart (decay=exponential) 89% (835/936) regret=0.102490 ape=0.5558
[17:51:51] warmStart (decay=exponential) 89% (836/936) regret=0.102490 ape=0.5558
[17:51:51] warmStart (decay=exponential) 89% (837/936) regret=0.102473 ape=0.5548
[17:51:51] warmStart (decay=exponential) 89% (838/936) regret=0.102473 ape=0.5548
[17:51:51] warmStart (decay=exponential) 89% (839/936) regret=0.102473 ape=0.5548
[17:51:52] warmStart (decay=exponential) 89% (840/936) regret=0.102473 ape=0.5548
[17:51:52] warmStart (decay=exponential) 89% (841/936) regret=0.102473 ape=0.5548
[17:51:52] warmStart (decay=exponential) 89% (842/936) regret=0.102490 ape=0.5558
[17:51:53] warmStart (decay=exponential) 90% (843/936) regret=0.102490 ape=0.5558
[17:51:53] warmStart (decay=exponential) 90% (844/936) regret=0.102490 ape=0.5558
[17:51:53] warmStart (decay=exponential) 90% (845/936) regret=0.102490 ape=0.5558
[17:51:53] warmStart (decay=exponential) 90% (846/936) regret=0.102490 ape=0.5558
[17:51:54] warmStart (decay=exponential) 90% (847/936) regret=0.102490 ape=0.5558
[17:51:54] warmStart (decay=exponential) 90% (848/936) regret=0.102490 ape=0.5558
[17:51:54] warmStart (decay=exponential) 90% (849/936) regret=0.102490 ape=0.5558
[17:51:54] warmStart (decay=exponential) 90% (850/936) regret=0.102478 ape=0.5558
[17:51:55] warmStart (decay=exponential) 90% (851/936) regret=0.102478 ape=0.5558
[17:51:55] warmStart (decay=exponential) 91% (852/936) regret=0.102478 ape=0.5558
[17:51:55] warmStart (decay=exponential) 91% (853/936) regret=0.102478 ape=0.5558
[17:51:55] warmStart (decay=exponential) 91% (854/936) regret=0.102478 ape=0.5558
[17:51:56] warmStart (decay=exponential) 91% (855/936) regret=0.102478 ape=0.5558
[17:51:56] warmStart (decay=exponential) 91% (856/936) regret=0.102478 ape=0.5558
[17:51:56] warmStart (decay=exponential) 91% (857/936) regret=0.102478 ape=0.5558
[17:51:56] warmStart (decay=exponential) 91% (858/936) regret=0.102478 ape=0.5558
[17:51:57] warmStart (decay=exponential) 91% (859/936) regret=0.102479 ape=0.5558
[17:51:57] warmStart (decay=exponential) 91% (860/936) regret=0.102478 ape=0.5558
[17:51:57] warmStart (decay=exponential) 91% (861/936) regret=0.102478 ape=0.5558
[17:51:58] warmStart (decay=exponential) 92% (862/936) regret=0.102478 ape=0.5558
[17:51:58] warmStart (decay=exponential) 92% (863/936) regret=0.102473 ape=0.5548
[17:51:58] warmStart (decay=exponential) 92% (864/936) regret=0.102473 ape=0.5548
[17:51:59] warmStart (decay=exponential) 92% (865/936) regret=0.102473 ape=0.5548
[17:51:59] warmStart (decay=exponential) 92% (866/936) regret=0.102484 ape=0.5558
[17:51:59] warmStart (decay=exponential) 92% (867/936) regret=0.102473 ape=0.5548
[17:51:59] warmStart (decay=exponential) 92% (868/936) regret=0.102473 ape=0.5548
[17:52:00] warmStart (decay=exponential) 92% (869/936) regret=0.102473 ape=0.5548
[17:52:00] warmStart (decay=exponential) 92% (870/936) regret=0.102473 ape=0.5548
[17:52:00] warmStart (decay=exponential) 93% (871/936) regret=0.102473 ape=0.5548
[17:52:00] warmStart (decay=exponential) 93% (872/936) regret=0.102473 ape=0.5548
[17:52:00] warmStart (decay=exponential) 93% (873/936) regret=0.102473 ape=0.5548
[17:52:01] warmStart (decay=exponential) 93% (874/936) regret=0.102473 ape=0.5548
[17:52:01] warmStart (decay=exponential) 93% (875/936) regret=0.102473 ape=0.5548
[17:52:01] warmStart (decay=exponential) 93% (876/936) regret=0.102473 ape=0.5548
[17:52:02] warmStart (decay=exponential) 93% (877/936) regret=0.102473 ape=0.5548
[17:52:02] warmStart (decay=exponential) 93% (878/936) regret=0.102473 ape=0.5548
[17:52:02] warmStart (decay=exponential) 93% (879/936) regret=0.102473 ape=0.5548
[17:52:02] warmStart (decay=exponential) 94% (880/936) regret=0.102473 ape=0.5548
[17:52:03] warmStart (decay=exponential) 94% (881/936) regret=0.102473 ape=0.5548
[17:52:03] warmStart (decay=exponential) 94% (882/936) regret=0.102473 ape=0.5548
[17:52:03] warmStart (decay=exponential) 94% (883/936) regret=0.102473 ape=0.5548
[17:52:03] warmStart (decay=exponential) 94% (884/936) regret=0.102473 ape=0.5548
[17:52:04] warmStart (decay=exponential) 94% (885/936) regret=0.102473 ape=0.5548
[17:52:04] warmStart (decay=exponential) 94% (886/936) regret=0.102473 ape=0.5548
[17:52:04] warmStart (decay=exponential) 94% (887/936) regret=0.102473 ape=0.5548
[17:52:04] warmStart (decay=exponential) 94% (888/936) regret=0.102473 ape=0.5548
[17:52:05] warmStart (decay=exponential) 94% (889/936) regret=0.102473 ape=0.5548
[17:52:05] warmStart (decay=exponential) 95% (890/936) regret=0.102473 ape=0.5548
[17:52:05] warmStart (decay=exponential) 95% (891/936) regret=0.102473 ape=0.5548
[17:52:05] warmStart (decay=exponential) 95% (892/936) regret=0.102473 ape=0.5548
[17:52:06] warmStart (decay=exponential) 95% (893/936) regret=0.102473 ape=0.5548
[17:52:06] warmStart (decay=exponential) 95% (894/936) regret=0.102473 ape=0.5548
[17:52:06] warmStart (decay=exponential) 95% (895/936) regret=0.102473 ape=0.5548
[17:52:06] warmStart (decay=exponential) 95% (896/936) regret=0.102473 ape=0.5548
[17:52:07] warmStart (decay=exponential) 95% (897/936) regret=0.102473 ape=0.5548
[17:52:07] warmStart (decay=exponential) 95% (898/936) regret=0.102473 ape=0.5548
[17:52:07] warmStart (decay=exponential) 96% (899/936) regret=0.102473 ape=0.5548
[17:52:07] warmStart (decay=exponential) 96% (900/936) regret=0.102473 ape=0.5548
[17:52:08] warmStart (decay=exponential) 96% (901/936) regret=0.102473 ape=0.5548
[17:52:08] warmStart (decay=exponential) 96% (902/936) regret=0.102473 ape=0.5548
[17:52:08] warmStart (decay=exponential) 96% (903/936) regret=0.102473 ape=0.5548
[17:52:08] warmStart (decay=exponential) 96% (904/936) regret=0.102473 ape=0.5548
[17:52:09] warmStart (decay=exponential) 96% (905/936) regret=0.102473 ape=0.5548
[17:52:09] warmStart (decay=exponential) 96% (906/936) regret=0.102473 ape=0.5548
[17:52:09] warmStart (decay=exponential) 96% (907/936) regret=0.102473 ape=0.5548
[17:52:09] warmStart (decay=exponential) 97% (908/936) regret=0.102473 ape=0.5548
[17:52:10] warmStart (decay=exponential) 97% (909/936) regret=0.102473 ape=0.5548
[17:52:10] warmStart (decay=exponential) 97% (910/936) regret=0.102473 ape=0.5548
[17:52:10] warmStart (decay=exponential) 97% (911/936) regret=0.102473 ape=0.5548
[17:52:10] warmStart (decay=exponential) 97% (912/936) regret=0.102473 ape=0.5548
[17:52:11] warmStart (decay=exponential) 97% (913/936) regret=0.102473 ape=0.5548
[17:52:11] warmStart (decay=exponential) 97% (914/936) regret=0.102473 ape=0.5548
[17:52:11] warmStart (decay=exponential) 97% (915/936) regret=0.102473 ape=0.5548
[17:52:12] warmStart (decay=exponential) 97% (916/936) regret=0.102473 ape=0.5548
[17:52:12] warmStart (decay=exponential) 97% (917/936) regret=0.102473 ape=0.5548
[17:52:12] warmStart (decay=exponential) 98% (918/936) regret=0.102473 ape=0.5548
[17:52:12] warmStart (decay=exponential) 98% (919/936) regret=0.102473 ape=0.5548
[17:52:13] warmStart (decay=exponential) 98% (920/936) regret=0.102473 ape=0.5548
[17:52:13] warmStart (decay=exponential) 98% (921/936) regret=0.102473 ape=0.5548
[17:52:13] warmStart (decay=exponential) 98% (922/936) regret=0.102473 ape=0.5548
[17:52:13] warmStart (decay=exponential) 98% (923/936) regret=0.102473 ape=0.5548
[17:52:14] warmStart (decay=exponential) 98% (924/936) regret=0.102473 ape=0.5548
[17:52:14] warmStart (decay=exponential) 98% (925/936) regret=0.102473 ape=0.5548
[17:52:14] warmStart (decay=exponential) 98% (926/936) regret=0.102473 ape=0.5548
[17:52:14] warmStart (decay=exponential) 99% (927/936) regret=0.102473 ape=0.5548
[17:52:15] warmStart (decay=exponential) 99% (928/936) regret=0.102473 ape=0.5548
[17:52:15] warmStart (decay=exponential) 99% (929/936) regret=0.102473 ape=0.5548
[17:52:15] warmStart (decay=exponential) 99% (930/936) regret=0.102648 ape=0.5558
[17:52:15] warmStart (decay=exponential) 99% (931/936) regret=0.102487 ape=0.5558
[17:52:16] warmStart (decay=exponential) 99% (932/936) regret=0.102510 ape=0.5558
[17:52:16] warmStart (decay=exponential) 99% (933/936) regret=0.102510 ape=0.5558
[17:52:16] warmStart (decay=exponential) 99% (934/936) regret=0.102510 ape=0.5558
[17:52:16] warmStart (decay=exponential) 99% (935/936) regret=0.102510 ape=0.5558
Warm w=200 finished: 935 points, 259.44s wall time
  Final: regret=0.102510, ape=0.5558

Saved: /home/users/g/s/gsavary/LudiiMCTSVariations/slurm_sweep_full_dataset/output_decay/warm_200_decay_exponential_0_025/seed_0/sweep_decay_warm_200_exponential_0.025_0_20260426_175217.json

Generating plots...
Saved: /home/users/g/s/gsavary/LudiiMCTSVariations/slurm_sweep_full_dataset/output_decay/warm_200_decay_exponential_0_025/seed_0/sweep_decay_warm_200_exponential_0.025_0_20260426_175217_regret.png
Saved: /home/users/g/s/gsavary/LudiiMCTSVariations/slurm_sweep_full_dataset/output_decay/warm_200_decay_exponential_0_025/seed_0/sweep_decay_warm_200_exponential_0.025_0_20260426_175217_ape.png

================================================================================
Experiment complete!
================================================================================
Done. Results in: /home/users/g/s/gsavary/LudiiMCTSVariations/slurm_sweep_full_dataset/output_decay/warm_200_decay_exponential_0_025/seed_0
