============================================================
Decay sweep experiment
Method:      warm:200
Decay mode:  exponential
Decay param: 0.10
Seed:        3
Output:      /home/users/g/s/gsavary/LudiiMCTSVariations/slurm_sweep_full_dataset/output_decay/warm_200_decay_exponential_0_10/seed_3
============================================================

================================================================================
SLURM Sweep Experiment with Synthetic Data Decay
================================================================================
Method: warm:200
Decay: exponential (param=0.1)
Time limit: 3600.0s, Seed: 3, Batch size: 20
Output directory: /home/users/g/s/gsavary/LudiiMCTSVariations/slurm_sweep_full_dataset/output_decay/warm_200_decay_exponential_0_10/seed_3

Loading Ludii dataset...
Loaded 1085 games
Using 1085 games (full dataset)

Running timing probe (100 pulls)...
  Estimated secs/pull: 0.024635

Time budget: 3600.0s → ~146131 total pulls
Per-method budget: 20875 pulls (~514.3s)

Computing predictor-only performance...
  Predictions loaded: 23675 agent predictions
  Predictor-only: regret=0.104318, ape=0.4894

Running WARM-START (w=200, decay=exponential param=0.1)...
[17:51:54] warmStart (decay=exponential) 0% (1/1044) regret=0.102620 ape=0.5594
[17:51:54] warmStart (decay=exponential) 0% (2/1044) regret=0.102620 ape=0.5594
[17:51:54] warmStart (decay=exponential) 0% (3/1044) regret=0.102620 ape=0.5594
[17:51:55] warmStart (decay=exponential) 0% (4/1044) regret=0.102408 ape=0.5594
[17:51:55] warmStart (decay=exponential) 0% (5/1044) regret=0.102408 ape=0.5594
[17:51:55] warmStart (decay=exponential) 0% (6/1044) regret=0.102408 ape=0.5594
[17:51:55] warmStart (decay=exponential) 0% (7/1044) regret=0.102408 ape=0.5594
[17:51:55] warmStart (decay=exponential) 0% (8/1044) regret=0.102408 ape=0.5594
[17:51:55] warmStart (decay=exponential) 0% (9/1044) regret=0.102408 ape=0.5594
[17:51:56] warmStart (decay=exponential) 0% (10/1044) regret=0.102408 ape=0.5594
[17:51:56] warmStart (decay=exponential) 1% (11/1044) regret=0.102408 ape=0.5594
[17:51:56] warmStart (decay=exponential) 1% (12/1044) regret=0.102408 ape=0.5594
[17:51:56] warmStart (decay=exponential) 1% (13/1044) regret=0.102408 ape=0.5594
[17:51:56] warmStart (decay=exponential) 1% (14/1044) regret=0.102408 ape=0.5594
[17:51:56] warmStart (decay=exponential) 1% (15/1044) regret=0.102362 ape=0.5585
[17:51:57] warmStart (decay=exponential) 1% (16/1044) regret=0.102473 ape=0.5594
[17:51:57] warmStart (decay=exponential) 1% (17/1044) regret=0.102408 ape=0.5594
[17:51:57] warmStart (decay=exponential) 1% (18/1044) regret=0.102408 ape=0.5594
[17:51:57] warmStart (decay=exponential) 1% (19/1044) regret=0.102408 ape=0.5594
[17:51:57] warmStart (decay=exponential) 1% (20/1044) regret=0.102408 ape=0.5594
[17:51:57] warmStart (decay=exponential) 2% (21/1044) regret=0.102408 ape=0.5594
[17:51:58] warmStart (decay=exponential) 2% (22/1044) regret=0.102408 ape=0.5594
[17:51:58] warmStart (decay=exponential) 2% (23/1044) regret=0.102408 ape=0.5594
[17:51:58] warmStart (decay=exponential) 2% (24/1044) regret=0.102408 ape=0.5594
[17:51:58] warmStart (decay=exponential) 2% (25/1044) regret=0.102408 ape=0.5594
[17:51:58] warmStart (decay=exponential) 2% (26/1044) regret=0.102408 ape=0.5594
[17:51:58] warmStart (decay=exponential) 2% (27/1044) regret=0.102408 ape=0.5594
[17:51:59] warmStart (decay=exponential) 2% (28/1044) regret=0.102408 ape=0.5594
[17:51:59] warmStart (decay=exponential) 2% (29/1044) regret=0.102408 ape=0.5594
[17:51:59] warmStart (decay=exponential) 2% (30/1044) regret=0.102408 ape=0.5594
[17:51:59] warmStart (decay=exponential) 2% (31/1044) regret=0.102408 ape=0.5594
[17:51:59] warmStart (decay=exponential) 3% (32/1044) regret=0.102399 ape=0.5594
[17:51:59] warmStart (decay=exponential) 3% (33/1044) regret=0.102408 ape=0.5594
[17:52:00] warmStart (decay=exponential) 3% (34/1044) regret=0.102408 ape=0.5594
[17:52:00] warmStart (decay=exponential) 3% (35/1044) regret=0.102408 ape=0.5594
[17:52:00] warmStart (decay=exponential) 3% (36/1044) regret=0.102408 ape=0.5594
[17:52:00] warmStart (decay=exponential) 3% (37/1044) regret=0.102408 ape=0.5594
[17:52:00] warmStart (decay=exponential) 3% (38/1044) regret=0.102330 ape=0.5585
[17:52:00] warmStart (decay=exponential) 3% (39/1044) regret=0.102330 ape=0.5585
[17:52:01] warmStart (decay=exponential) 3% (40/1044) regret=0.102330 ape=0.5585
[17:52:01] warmStart (decay=exponential) 3% (41/1044) regret=0.102330 ape=0.5585
[17:52:01] warmStart (decay=exponential) 4% (42/1044) regret=0.102330 ape=0.5585
[17:52:01] warmStart (decay=exponential) 4% (43/1044) regret=0.102330 ape=0.5585
[17:52:01] warmStart (decay=exponential) 4% (44/1044) regret=0.102330 ape=0.5585
[17:52:02] warmStart (decay=exponential) 4% (45/1044) regret=0.102330 ape=0.5585
[17:52:02] warmStart (decay=exponential) 4% (46/1044) regret=0.102408 ape=0.5594
[17:52:02] warmStart (decay=exponential) 4% (47/1044) regret=0.102330 ape=0.5585
[17:52:02] warmStart (decay=exponential) 4% (48/1044) regret=0.102330 ape=0.5585
[17:52:02] warmStart (decay=exponential) 4% (49/1044) regret=0.102330 ape=0.5585
[17:52:02] warmStart (decay=exponential) 4% (50/1044) regret=0.102330 ape=0.5585
[17:52:03] warmStart (decay=exponential) 4% (51/1044) regret=0.102330 ape=0.5585
[17:52:03] warmStart (decay=exponential) 4% (52/1044) regret=0.102330 ape=0.5585
[17:52:03] warmStart (decay=exponential) 5% (53/1044) regret=0.102330 ape=0.5585
[17:52:03] warmStart (decay=exponential) 5% (54/1044) regret=0.102330 ape=0.5585
[17:52:03] warmStart (decay=exponential) 5% (55/1044) regret=0.102330 ape=0.5585
[17:52:03] warmStart (decay=exponential) 5% (56/1044) regret=0.102330 ape=0.5585
[17:52:04] warmStart (decay=exponential) 5% (57/1044) regret=0.102330 ape=0.5585
[17:52:04] warmStart (decay=exponential) 5% (58/1044) regret=0.102330 ape=0.5585
[17:52:04] warmStart (decay=exponential) 5% (59/1044) regret=0.102330 ape=0.5585
[17:52:04] warmStart (decay=exponential) 5% (60/1044) regret=0.102330 ape=0.5585
[17:52:04] warmStart (decay=exponential) 5% (61/1044) regret=0.102330 ape=0.5585
[17:52:05] warmStart (decay=exponential) 5% (62/1044) regret=0.102330 ape=0.5585
[17:52:05] warmStart (decay=exponential) 6% (63/1044) regret=0.102330 ape=0.5585
[17:52:05] warmStart (decay=exponential) 6% (64/1044) regret=0.102332 ape=0.5585
[17:52:05] warmStart (decay=exponential) 6% (65/1044) regret=0.102331 ape=0.5585
[17:52:05] warmStart (decay=exponential) 6% (66/1044) regret=0.102330 ape=0.5585
[17:52:05] warmStart (decay=exponential) 6% (67/1044) regret=0.102332 ape=0.5585
[17:52:05] warmStart (decay=exponential) 6% (68/1044) regret=0.102332 ape=0.5585
[17:52:06] warmStart (decay=exponential) 6% (69/1044) regret=0.102332 ape=0.5585
[17:52:06] warmStart (decay=exponential) 6% (70/1044) regret=0.102332 ape=0.5585
[17:52:06] warmStart (decay=exponential) 6% (71/1044) regret=0.102332 ape=0.5585
[17:52:06] warmStart (decay=exponential) 6% (72/1044) regret=0.102332 ape=0.5585
[17:52:06] warmStart (decay=exponential) 6% (73/1044) regret=0.102332 ape=0.5585
[17:52:06] warmStart (decay=exponential) 7% (74/1044) regret=0.102332 ape=0.5585
[17:52:07] warmStart (decay=exponential) 7% (75/1044) regret=0.102332 ape=0.5585
[17:52:07] warmStart (decay=exponential) 7% (76/1044) regret=0.102332 ape=0.5585
[17:52:07] warmStart (decay=exponential) 7% (77/1044) regret=0.102332 ape=0.5585
[17:52:07] warmStart (decay=exponential) 7% (78/1044) regret=0.102332 ape=0.5585
[17:52:07] warmStart (decay=exponential) 7% (79/1044) regret=0.102332 ape=0.5585
[17:52:07] warmStart (decay=exponential) 7% (80/1044) regret=0.102332 ape=0.5585
[17:52:07] warmStart (decay=exponential) 7% (81/1044) regret=0.102332 ape=0.5585
[17:52:08] warmStart (decay=exponential) 7% (82/1044) regret=0.102332 ape=0.5585
[17:52:08] warmStart (decay=exponential) 7% (83/1044) regret=0.102332 ape=0.5585
[17:52:08] warmStart (decay=exponential) 8% (84/1044) regret=0.102332 ape=0.5585
[17:52:08] warmStart (decay=exponential) 8% (85/1044) regret=0.102332 ape=0.5585
[17:52:08] warmStart (decay=exponential) 8% (86/1044) regret=0.102332 ape=0.5585
[17:52:08] warmStart (decay=exponential) 8% (87/1044) regret=0.102332 ape=0.5585
[17:52:09] warmStart (decay=exponential) 8% (88/1044) regret=0.102332 ape=0.5585
[17:52:09] warmStart (decay=exponential) 8% (89/1044) regret=0.102332 ape=0.5585
[17:52:09] warmStart (decay=exponential) 8% (90/1044) regret=0.102332 ape=0.5585
[17:52:09] warmStart (decay=exponential) 8% (91/1044) regret=0.102332 ape=0.5585
[17:52:09] warmStart (decay=exponential) 8% (92/1044) regret=0.102332 ape=0.5585
[17:52:09] warmStart (decay=exponential) 8% (93/1044) regret=0.102332 ape=0.5585
[17:52:09] warmStart (decay=exponential) 9% (94/1044) regret=0.102332 ape=0.5585
[17:52:10] warmStart (decay=exponential) 9% (95/1044) regret=0.102332 ape=0.5585
[17:52:10] warmStart (decay=exponential) 9% (96/1044) regret=0.102332 ape=0.5585
[17:52:10] warmStart (decay=exponential) 9% (97/1044) regret=0.102332 ape=0.5585
[17:52:10] warmStart (decay=exponential) 9% (98/1044) regret=0.102332 ape=0.5585
[17:52:10] warmStart (decay=exponential) 9% (99/1044) regret=0.102332 ape=0.5585
[17:52:10] warmStart (decay=exponential) 9% (100/1044) regret=0.102332 ape=0.5585
[17:52:10] warmStart (decay=exponential) 9% (101/1044) regret=0.102332 ape=0.5585
[17:52:11] warmStart (decay=exponential) 9% (102/1044) regret=0.102327 ape=0.5585
[17:52:11] warmStart (decay=exponential) 9% (103/1044) regret=0.102327 ape=0.5585
[17:52:11] warmStart (decay=exponential) 9% (104/1044) regret=0.102327 ape=0.5585
[17:52:11] warmStart (decay=exponential) 10% (105/1044) regret=0.102327 ape=0.5585
[17:52:11] warmStart (decay=exponential) 10% (106/1044) regret=0.102327 ape=0.5585
[17:52:11] warmStart (decay=exponential) 10% (107/1044) regret=0.102327 ape=0.5585
[17:52:12] warmStart (decay=exponential) 10% (108/1044) regret=0.102327 ape=0.5585
[17:52:12] warmStart (decay=exponential) 10% (109/1044) regret=0.102327 ape=0.5585
[17:52:12] warmStart (decay=exponential) 10% (110/1044) regret=0.102327 ape=0.5585
[17:52:12] warmStart (decay=exponential) 10% (111/1044) regret=0.102327 ape=0.5585
[17:52:12] warmStart (decay=exponential) 10% (112/1044) regret=0.102327 ape=0.5585
[17:52:12] warmStart (decay=exponential) 10% (113/1044) regret=0.102327 ape=0.5585
[17:52:13] warmStart (decay=exponential) 10% (114/1044) regret=0.102327 ape=0.5585
[17:52:13] warmStart (decay=exponential) 11% (115/1044) regret=0.102327 ape=0.5585
[17:52:13] warmStart (decay=exponential) 11% (116/1044) regret=0.102327 ape=0.5585
[17:52:13] warmStart (decay=exponential) 11% (117/1044) regret=0.102327 ape=0.5585
[17:52:13] warmStart (decay=exponential) 11% (118/1044) regret=0.102327 ape=0.5585
[17:52:13] warmStart (decay=exponential) 11% (119/1044) regret=0.102327 ape=0.5585
[17:52:13] warmStart (decay=exponential) 11% (120/1044) regret=0.102327 ape=0.5585
[17:52:14] warmStart (decay=exponential) 11% (121/1044) regret=0.102327 ape=0.5585
[17:52:14] warmStart (decay=exponential) 11% (122/1044) regret=0.102327 ape=0.5585
[17:52:14] warmStart (decay=exponential) 11% (123/1044) regret=0.102327 ape=0.5585
[17:52:14] warmStart (decay=exponential) 11% (124/1044) regret=0.102327 ape=0.5585
[17:52:14] warmStart (decay=exponential) 11% (125/1044) regret=0.102327 ape=0.5585
[17:52:15] warmStart (decay=exponential) 12% (126/1044) regret=0.102327 ape=0.5585
[17:52:15] warmStart (decay=exponential) 12% (127/1044) regret=0.102327 ape=0.5585
[17:52:15] warmStart (decay=exponential) 12% (128/1044) regret=0.102327 ape=0.5585
[17:52:15] warmStart (decay=exponential) 12% (129/1044) regret=0.102327 ape=0.5585
[17:52:15] warmStart (decay=exponential) 12% (130/1044) regret=0.102327 ape=0.5585
[17:52:16] warmStart (decay=exponential) 12% (131/1044) regret=0.102327 ape=0.5585
[17:52:16] warmStart (decay=exponential) 12% (132/1044) regret=0.102327 ape=0.5585
[17:52:16] warmStart (decay=exponential) 12% (133/1044) regret=0.102327 ape=0.5585
[17:52:16] warmStart (decay=exponential) 12% (134/1044) regret=0.102327 ape=0.5585
[17:52:16] warmStart (decay=exponential) 12% (135/1044) regret=0.102327 ape=0.5585
[17:52:17] warmStart (decay=exponential) 13% (136/1044) regret=0.102327 ape=0.5585
[17:52:17] warmStart (decay=exponential) 13% (137/1044) regret=0.102327 ape=0.5585
[17:52:17] warmStart (decay=exponential) 13% (138/1044) regret=0.102327 ape=0.5585
[17:52:17] warmStart (decay=exponential) 13% (139/1044) regret=0.102327 ape=0.5585
[17:52:17] warmStart (decay=exponential) 13% (140/1044) regret=0.102327 ape=0.5585
[17:52:18] warmStart (decay=exponential) 13% (141/1044) regret=0.102327 ape=0.5585
[17:52:18] warmStart (decay=exponential) 13% (142/1044) regret=0.102327 ape=0.5585
[17:52:18] warmStart (decay=exponential) 13% (143/1044) regret=0.102327 ape=0.5585
[17:52:18] warmStart (decay=exponential) 13% (144/1044) regret=0.102327 ape=0.5585
[17:52:18] warmStart (decay=exponential) 13% (145/1044) regret=0.102327 ape=0.5585
[17:52:19] warmStart (decay=exponential) 13% (146/1044) regret=0.102327 ape=0.5585
[17:52:19] warmStart (decay=exponential) 14% (147/1044) regret=0.102327 ape=0.5585
[17:52:19] warmStart (decay=exponential) 14% (148/1044) regret=0.102327 ape=0.5585
[17:52:19] warmStart (decay=exponential) 14% (149/1044) regret=0.102327 ape=0.5585
[17:52:19] warmStart (decay=exponential) 14% (150/1044) regret=0.102327 ape=0.5585
[17:52:20] warmStart (decay=exponential) 14% (151/1044) regret=0.102327 ape=0.5585
[17:52:20] warmStart (decay=exponential) 14% (152/1044) regret=0.102327 ape=0.5585
[17:52:20] warmStart (decay=exponential) 14% (153/1044) regret=0.102327 ape=0.5585
[17:52:20] warmStart (decay=exponential) 14% (154/1044) regret=0.102327 ape=0.5585
[17:52:21] warmStart (decay=exponential) 14% (155/1044) regret=0.102327 ape=0.5585
[17:52:21] warmStart (decay=exponential) 14% (156/1044) regret=0.102327 ape=0.5585
[17:52:21] warmStart (decay=exponential) 15% (157/1044) regret=0.102327 ape=0.5585
[17:52:21] warmStart (decay=exponential) 15% (158/1044) regret=0.102327 ape=0.5585
[17:52:21] warmStart (decay=exponential) 15% (159/1044) regret=0.102327 ape=0.5585
[17:52:22] warmStart (decay=exponential) 15% (160/1044) regret=0.102327 ape=0.5585
[17:52:22] warmStart (decay=exponential) 15% (161/1044) regret=0.102327 ape=0.5585
[17:52:22] warmStart (decay=exponential) 15% (162/1044) regret=0.102327 ape=0.5585
[17:52:22] warmStart (decay=exponential) 15% (163/1044) regret=0.102327 ape=0.5585
[17:52:22] warmStart (decay=exponential) 15% (164/1044) regret=0.102327 ape=0.5585
[17:52:23] warmStart (decay=exponential) 15% (165/1044) regret=0.102327 ape=0.5585
[17:52:23] warmStart (decay=exponential) 15% (166/1044) regret=0.102327 ape=0.5585
[17:52:23] warmStart (decay=exponential) 15% (167/1044) regret=0.102327 ape=0.5585
[17:52:23] warmStart (decay=exponential) 16% (168/1044) regret=0.102327 ape=0.5585
[17:52:24] warmStart (decay=exponential) 16% (169/1044) regret=0.102327 ape=0.5585
[17:52:24] warmStart (decay=exponential) 16% (170/1044) regret=0.102327 ape=0.5585
[17:52:24] warmStart (decay=exponential) 16% (171/1044) regret=0.102327 ape=0.5585
[17:52:24] warmStart (decay=exponential) 16% (172/1044) regret=0.102327 ape=0.5585
[17:52:24] warmStart (decay=exponential) 16% (173/1044) regret=0.102327 ape=0.5585
[17:52:25] warmStart (decay=exponential) 16% (174/1044) regret=0.102327 ape=0.5585
[17:52:25] warmStart (decay=exponential) 16% (175/1044) regret=0.102327 ape=0.5585
[17:52:25] warmStart (decay=exponential) 16% (176/1044) regret=0.102327 ape=0.5585
[17:52:25] warmStart (decay=exponential) 16% (177/1044) regret=0.102327 ape=0.5585
[17:52:25] warmStart (decay=exponential) 17% (178/1044) regret=0.102327 ape=0.5585
[17:52:26] warmStart (decay=exponential) 17% (179/1044) regret=0.102327 ape=0.5585
[17:52:26] warmStart (decay=exponential) 17% (180/1044) regret=0.102327 ape=0.5585
[17:52:26] warmStart (decay=exponential) 17% (181/1044) regret=0.102327 ape=0.5585
[17:52:26] warmStart (decay=exponential) 17% (182/1044) regret=0.102327 ape=0.5585
[17:52:27] warmStart (decay=exponential) 17% (183/1044) regret=0.102327 ape=0.5585
[17:52:27] warmStart (decay=exponential) 17% (184/1044) regret=0.102327 ape=0.5585
[17:52:27] warmStart (decay=exponential) 17% (185/1044) regret=0.102327 ape=0.5585
[17:52:27] warmStart (decay=exponential) 17% (186/1044) regret=0.102327 ape=0.5585
[17:52:27] warmStart (decay=exponential) 17% (187/1044) regret=0.102327 ape=0.5585
[17:52:28] warmStart (decay=exponential) 18% (188/1044) regret=0.102327 ape=0.5585
[17:52:28] warmStart (decay=exponential) 18% (189/1044) regret=0.102327 ape=0.5585
[17:52:28] warmStart (decay=exponential) 18% (190/1044) regret=0.102327 ape=0.5585
[17:52:28] warmStart (decay=exponential) 18% (191/1044) regret=0.102327 ape=0.5585
[17:52:28] warmStart (decay=exponential) 18% (192/1044) regret=0.102327 ape=0.5585
[17:52:29] warmStart (decay=exponential) 18% (193/1044) regret=0.102327 ape=0.5585
[17:52:29] warmStart (decay=exponential) 18% (194/1044) regret=0.102327 ape=0.5585
[17:52:29] warmStart (decay=exponential) 18% (195/1044) regret=0.102327 ape=0.5585
[17:52:29] warmStart (decay=exponential) 18% (196/1044) regret=0.102327 ape=0.5585
[17:52:30] warmStart (decay=exponential) 18% (197/1044) regret=0.102327 ape=0.5585
[17:52:30] warmStart (decay=exponential) 18% (198/1044) regret=0.102327 ape=0.5585
[17:52:30] warmStart (decay=exponential) 19% (199/1044) regret=0.102327 ape=0.5585
[17:52:30] warmStart (decay=exponential) 19% (200/1044) regret=0.102327 ape=0.5585
[17:52:30] warmStart (decay=exponential) 19% (201/1044) regret=0.102327 ape=0.5585
[17:52:31] warmStart (decay=exponential) 19% (202/1044) regret=0.102327 ape=0.5585
[17:52:31] warmStart (decay=exponential) 19% (203/1044) regret=0.102327 ape=0.5585
[17:52:31] warmStart (decay=exponential) 19% (204/1044) regret=0.102327 ape=0.5585
[17:52:31] warmStart (decay=exponential) 19% (205/1044) regret=0.102327 ape=0.5585
[17:52:32] warmStart (decay=exponential) 19% (206/1044) regret=0.102327 ape=0.5585
[17:52:32] warmStart (decay=exponential) 19% (207/1044) regret=0.102327 ape=0.5585
[17:52:32] warmStart (decay=exponential) 19% (208/1044) regret=0.102327 ape=0.5585
[17:52:32] warmStart (decay=exponential) 20% (209/1044) regret=0.102327 ape=0.5585
[17:52:32] warmStart (decay=exponential) 20% (210/1044) regret=0.102327 ape=0.5585
[17:52:33] warmStart (decay=exponential) 20% (211/1044) regret=0.102327 ape=0.5585
[17:52:33] warmStart (decay=exponential) 20% (212/1044) regret=0.102327 ape=0.5585
[17:52:33] warmStart (decay=exponential) 20% (213/1044) regret=0.102327 ape=0.5585
[17:52:33] warmStart (decay=exponential) 20% (214/1044) regret=0.102327 ape=0.5585
[17:52:34] warmStart (decay=exponential) 20% (215/1044) regret=0.102327 ape=0.5585
[17:52:34] warmStart (decay=exponential) 20% (216/1044) regret=0.102327 ape=0.5585
[17:52:34] warmStart (decay=exponential) 20% (217/1044) regret=0.102327 ape=0.5585
[17:52:34] warmStart (decay=exponential) 20% (218/1044) regret=0.102327 ape=0.5585
[17:52:34] warmStart (decay=exponential) 20% (219/1044) regret=0.102327 ape=0.5585
[17:52:35] warmStart (decay=exponential) 21% (220/1044) regret=0.102327 ape=0.5585
[17:52:35] warmStart (decay=exponential) 21% (221/1044) regret=0.102327 ape=0.5585
[17:52:35] warmStart (decay=exponential) 21% (222/1044) regret=0.102327 ape=0.5585
[17:52:35] warmStart (decay=exponential) 21% (223/1044) regret=0.102327 ape=0.5585
[17:52:36] warmStart (decay=exponential) 21% (224/1044) regret=0.102327 ape=0.5585
[17:52:36] warmStart (decay=exponential) 21% (225/1044) regret=0.102327 ape=0.5585
[17:52:36] warmStart (decay=exponential) 21% (226/1044) regret=0.102327 ape=0.5585
[17:52:36] warmStart (decay=exponential) 21% (227/1044) regret=0.102327 ape=0.5585
[17:52:36] warmStart (decay=exponential) 21% (228/1044) regret=0.102327 ape=0.5585
[17:52:37] warmStart (decay=exponential) 21% (229/1044) regret=0.102327 ape=0.5585
[17:52:37] warmStart (decay=exponential) 22% (230/1044) regret=0.102327 ape=0.5585
[17:52:37] warmStart (decay=exponential) 22% (231/1044) regret=0.102327 ape=0.5585
[17:52:37] warmStart (decay=exponential) 22% (232/1044) regret=0.102327 ape=0.5585
[17:52:37] warmStart (decay=exponential) 22% (233/1044) regret=0.102327 ape=0.5585
[17:52:38] warmStart (decay=exponential) 22% (234/1044) regret=0.102327 ape=0.5585
[17:52:38] warmStart (decay=exponential) 22% (235/1044) regret=0.102327 ape=0.5585
[17:52:38] warmStart (decay=exponential) 22% (236/1044) regret=0.102327 ape=0.5585
[17:52:38] warmStart (decay=exponential) 22% (237/1044) regret=0.102327 ape=0.5585
[17:52:39] warmStart (decay=exponential) 22% (238/1044) regret=0.102327 ape=0.5585
[17:52:39] warmStart (decay=exponential) 22% (239/1044) regret=0.102327 ape=0.5585
[17:52:39] warmStart (decay=exponential) 22% (240/1044) regret=0.102327 ape=0.5585
[17:52:39] warmStart (decay=exponential) 23% (241/1044) regret=0.102327 ape=0.5585
[17:52:39] warmStart (decay=exponential) 23% (242/1044) regret=0.102327 ape=0.5585
[17:52:40] warmStart (decay=exponential) 23% (243/1044) regret=0.102327 ape=0.5585
[17:52:40] warmStart (decay=exponential) 23% (244/1044) regret=0.102327 ape=0.5585
[17:52:40] warmStart (decay=exponential) 23% (245/1044) regret=0.102327 ape=0.5585
[17:52:40] warmStart (decay=exponential) 23% (246/1044) regret=0.102327 ape=0.5585
[17:52:41] warmStart (decay=exponential) 23% (247/1044) regret=0.102327 ape=0.5585
[17:52:41] warmStart (decay=exponential) 23% (248/1044) regret=0.102327 ape=0.5585
[17:52:41] warmStart (decay=exponential) 23% (249/1044) regret=0.102327 ape=0.5585
[17:52:41] warmStart (decay=exponential) 23% (250/1044) regret=0.102327 ape=0.5585
[17:52:41] warmStart (decay=exponential) 24% (251/1044) regret=0.102327 ape=0.5585
[17:52:42] warmStart (decay=exponential) 24% (252/1044) regret=0.102327 ape=0.5585
[17:52:42] warmStart (decay=exponential) 24% (253/1044) regret=0.102327 ape=0.5585
[17:52:42] warmStart (decay=exponential) 24% (254/1044) regret=0.102327 ape=0.5585
[17:52:42] warmStart (decay=exponential) 24% (255/1044) regret=0.102327 ape=0.5585
[17:52:43] warmStart (decay=exponential) 24% (256/1044) regret=0.102327 ape=0.5585
[17:52:43] warmStart (decay=exponential) 24% (257/1044) regret=0.102327 ape=0.5585
[17:52:43] warmStart (decay=exponential) 24% (258/1044) regret=0.102327 ape=0.5585
[17:52:43] warmStart (decay=exponential) 24% (259/1044) regret=0.102327 ape=0.5585
[17:52:44] warmStart (decay=exponential) 24% (260/1044) regret=0.102327 ape=0.5585
[17:52:44] warmStart (decay=exponential) 25% (261/1044) regret=0.102327 ape=0.5585
[17:52:44] warmStart (decay=exponential) 25% (262/1044) regret=0.102327 ape=0.5585
[17:52:44] warmStart (decay=exponential) 25% (263/1044) regret=0.102327 ape=0.5585
[17:52:44] warmStart (decay=exponential) 25% (264/1044) regret=0.102327 ape=0.5585
[17:52:45] warmStart (decay=exponential) 25% (265/1044) regret=0.102327 ape=0.5585
[17:52:45] warmStart (decay=exponential) 25% (266/1044) regret=0.102327 ape=0.5585
[17:52:45] warmStart (decay=exponential) 25% (267/1044) regret=0.102327 ape=0.5585
[17:52:45] warmStart (decay=exponential) 25% (268/1044) regret=0.102327 ape=0.5585
[17:52:46] warmStart (decay=exponential) 25% (269/1044) regret=0.102327 ape=0.5585
[17:52:46] warmStart (decay=exponential) 25% (270/1044) regret=0.102327 ape=0.5585
[17:52:46] warmStart (decay=exponential) 25% (271/1044) regret=0.102327 ape=0.5585
[17:52:46] warmStart (decay=exponential) 26% (272/1044) regret=0.102327 ape=0.5585
[17:52:47] warmStart (decay=exponential) 26% (273/1044) regret=0.102327 ape=0.5585
[17:52:47] warmStart (decay=exponential) 26% (274/1044) regret=0.102327 ape=0.5585
[17:52:47] warmStart (decay=exponential) 26% (275/1044) regret=0.102327 ape=0.5585
[17:52:47] warmStart (decay=exponential) 26% (276/1044) regret=0.102327 ape=0.5585
[17:52:47] warmStart (decay=exponential) 26% (277/1044) regret=0.102327 ape=0.5585
[17:52:48] warmStart (decay=exponential) 26% (278/1044) regret=0.102327 ape=0.5585
[17:52:48] warmStart (decay=exponential) 26% (279/1044) regret=0.102327 ape=0.5585
[17:52:48] warmStart (decay=exponential) 26% (280/1044) regret=0.102327 ape=0.5585
[17:52:48] warmStart (decay=exponential) 26% (281/1044) regret=0.102327 ape=0.5585
[17:52:49] warmStart (decay=exponential) 27% (282/1044) regret=0.102327 ape=0.5585
[17:52:49] warmStart (decay=exponential) 27% (283/1044) regret=0.102327 ape=0.5585
[17:52:49] warmStart (decay=exponential) 27% (284/1044) regret=0.102327 ape=0.5585
[17:52:49] warmStart (decay=exponential) 27% (285/1044) regret=0.102327 ape=0.5585
[17:52:50] warmStart (decay=exponential) 27% (286/1044) regret=0.102327 ape=0.5585
[17:52:50] warmStart (decay=exponential) 27% (287/1044) regret=0.102327 ape=0.5585
[17:52:50] warmStart (decay=exponential) 27% (288/1044) regret=0.102327 ape=0.5585
[17:52:50] warmStart (decay=exponential) 27% (289/1044) regret=0.102327 ape=0.5585
[17:52:50] warmStart (decay=exponential) 27% (290/1044) regret=0.102327 ape=0.5585
[17:52:51] warmStart (decay=exponential) 27% (291/1044) regret=0.102327 ape=0.5585
[17:52:51] warmStart (decay=exponential) 27% (292/1044) regret=0.102327 ape=0.5585
[17:52:51] warmStart (decay=exponential) 28% (293/1044) regret=0.102327 ape=0.5585
[17:52:51] warmStart (decay=exponential) 28% (294/1044) regret=0.102327 ape=0.5585
[17:52:52] warmStart (decay=exponential) 28% (295/1044) regret=0.102327 ape=0.5585
[17:52:52] warmStart (decay=exponential) 28% (296/1044) regret=0.102327 ape=0.5585
[17:52:52] warmStart (decay=exponential) 28% (297/1044) regret=0.102327 ape=0.5585
[17:52:52] warmStart (decay=exponential) 28% (298/1044) regret=0.102327 ape=0.5585
[17:52:52] warmStart (decay=exponential) 28% (299/1044) regret=0.102327 ape=0.5585
[17:52:52] warmStart (decay=exponential) 28% (300/1044) regret=0.102327 ape=0.5585
[17:52:53] warmStart (decay=exponential) 28% (301/1044) regret=0.102327 ape=0.5585
[17:52:53] warmStart (decay=exponential) 28% (302/1044) regret=0.102327 ape=0.5585
[17:52:53] warmStart (decay=exponential) 29% (303/1044) regret=0.102327 ape=0.5585
[17:52:53] warmStart (decay=exponential) 29% (304/1044) regret=0.102327 ape=0.5585
[17:52:53] warmStart (decay=exponential) 29% (305/1044) regret=0.102327 ape=0.5585
[17:52:54] warmStart (decay=exponential) 29% (306/1044) regret=0.102327 ape=0.5585
[17:52:54] warmStart (decay=exponential) 29% (307/1044) regret=0.102327 ape=0.5585
[17:52:54] warmStart (decay=exponential) 29% (308/1044) regret=0.102327 ape=0.5585
[17:52:54] warmStart (decay=exponential) 29% (309/1044) regret=0.102327 ape=0.5585
[17:52:54] warmStart (decay=exponential) 29% (310/1044) regret=0.102327 ape=0.5585
[17:52:54] warmStart (decay=exponential) 29% (311/1044) regret=0.102327 ape=0.5585
[17:52:55] warmStart (decay=exponential) 29% (312/1044) regret=0.102327 ape=0.5585
[17:52:55] warmStart (decay=exponential) 29% (313/1044) regret=0.102327 ape=0.5585
[17:52:55] warmStart (decay=exponential) 30% (314/1044) regret=0.102327 ape=0.5585
[17:52:55] warmStart (decay=exponential) 30% (315/1044) regret=0.102327 ape=0.5585
[17:52:55] warmStart (decay=exponential) 30% (316/1044) regret=0.102327 ape=0.5585
[17:52:55] warmStart (decay=exponential) 30% (317/1044) regret=0.102327 ape=0.5585
[17:52:56] warmStart (decay=exponential) 30% (318/1044) regret=0.102327 ape=0.5585
[17:52:56] warmStart (decay=exponential) 30% (319/1044) regret=0.102327 ape=0.5585
[17:52:56] warmStart (decay=exponential) 30% (320/1044) regret=0.102327 ape=0.5585
[17:52:56] warmStart (decay=exponential) 30% (321/1044) regret=0.102327 ape=0.5585
[17:52:56] warmStart (decay=exponential) 30% (322/1044) regret=0.102327 ape=0.5585
[17:52:56] warmStart (decay=exponential) 30% (323/1044) regret=0.102327 ape=0.5585
[17:52:57] warmStart (decay=exponential) 31% (324/1044) regret=0.102327 ape=0.5585
[17:52:57] warmStart (decay=exponential) 31% (325/1044) regret=0.102327 ape=0.5585
[17:52:57] warmStart (decay=exponential) 31% (326/1044) regret=0.102327 ape=0.5585
[17:52:57] warmStart (decay=exponential) 31% (327/1044) regret=0.102327 ape=0.5585
[17:52:57] warmStart (decay=exponential) 31% (328/1044) regret=0.102327 ape=0.5585
[17:52:57] warmStart (decay=exponential) 31% (329/1044) regret=0.102327 ape=0.5585
[17:52:58] warmStart (decay=exponential) 31% (330/1044) regret=0.102327 ape=0.5585
[17:52:58] warmStart (decay=exponential) 31% (331/1044) regret=0.102327 ape=0.5585
[17:52:58] warmStart (decay=exponential) 31% (332/1044) regret=0.102327 ape=0.5585
[17:52:58] warmStart (decay=exponential) 31% (333/1044) regret=0.102327 ape=0.5585
[17:52:58] warmStart (decay=exponential) 31% (334/1044) regret=0.102327 ape=0.5585
[17:52:58] warmStart (decay=exponential) 32% (335/1044) regret=0.102327 ape=0.5585
[17:52:59] warmStart (decay=exponential) 32% (336/1044) regret=0.102327 ape=0.5585
[17:52:59] warmStart (decay=exponential) 32% (337/1044) regret=0.102327 ape=0.5585
[17:52:59] warmStart (decay=exponential) 32% (338/1044) regret=0.102327 ape=0.5585
[17:52:59] warmStart (decay=exponential) 32% (339/1044) regret=0.102327 ape=0.5585
[17:52:59] warmStart (decay=exponential) 32% (340/1044) regret=0.102327 ape=0.5585
[17:52:59] warmStart (decay=exponential) 32% (341/1044) regret=0.102327 ape=0.5585
[17:53:00] warmStart (decay=exponential) 32% (342/1044) regret=0.102327 ape=0.5585
[17:53:00] warmStart (decay=exponential) 32% (343/1044) regret=0.102327 ape=0.5585
[17:53:00] warmStart (decay=exponential) 32% (344/1044) regret=0.102327 ape=0.5585
[17:53:00] warmStart (decay=exponential) 33% (345/1044) regret=0.102327 ape=0.5585
[17:53:00] warmStart (decay=exponential) 33% (346/1044) regret=0.102327 ape=0.5585
[17:53:00] warmStart (decay=exponential) 33% (347/1044) regret=0.102327 ape=0.5585
[17:53:01] warmStart (decay=exponential) 33% (348/1044) regret=0.102327 ape=0.5585
[17:53:01] warmStart (decay=exponential) 33% (349/1044) regret=0.102327 ape=0.5585
[17:53:01] warmStart (decay=exponential) 33% (350/1044) regret=0.102380 ape=0.5585
[17:53:01] warmStart (decay=exponential) 33% (351/1044) regret=0.102384 ape=0.5585
[17:53:01] warmStart (decay=exponential) 33% (352/1044) regret=0.102384 ape=0.5585
[17:53:01] warmStart (decay=exponential) 33% (353/1044) regret=0.102384 ape=0.5585
[17:53:01] warmStart (decay=exponential) 33% (354/1044) regret=0.102315 ape=0.5576
[17:53:02] warmStart (decay=exponential) 34% (355/1044) regret=0.102384 ape=0.5585
[17:53:02] warmStart (decay=exponential) 34% (356/1044) regret=0.102384 ape=0.5585
[17:53:02] warmStart (decay=exponential) 34% (357/1044) regret=0.102315 ape=0.5576
[17:53:02] warmStart (decay=exponential) 34% (358/1044) regret=0.102315 ape=0.5576
[17:53:02] warmStart (decay=exponential) 34% (359/1044) regret=0.102315 ape=0.5576
[17:53:02] warmStart (decay=exponential) 34% (360/1044) regret=0.102315 ape=0.5576
[17:53:03] warmStart (decay=exponential) 34% (361/1044) regret=0.102315 ape=0.5576
[17:53:03] warmStart (decay=exponential) 34% (362/1044) regret=0.102315 ape=0.5576
[17:53:03] warmStart (decay=exponential) 34% (363/1044) regret=0.102315 ape=0.5576
[17:53:03] warmStart (decay=exponential) 34% (364/1044) regret=0.102315 ape=0.5576
[17:53:03] warmStart (decay=exponential) 34% (365/1044) regret=0.102315 ape=0.5576
[17:53:03] warmStart (decay=exponential) 35% (366/1044) regret=0.102315 ape=0.5576
[17:53:03] warmStart (decay=exponential) 35% (367/1044) regret=0.102327 ape=0.5585
[17:53:04] warmStart (decay=exponential) 35% (368/1044) regret=0.102315 ape=0.5576
[17:53:04] warmStart (decay=exponential) 35% (369/1044) regret=0.102315 ape=0.5576
[17:53:04] warmStart (decay=exponential) 35% (370/1044) regret=0.102315 ape=0.5576
[17:53:04] warmStart (decay=exponential) 35% (371/1044) regret=0.102315 ape=0.5576
[17:53:04] warmStart (decay=exponential) 35% (372/1044) regret=0.102315 ape=0.5576
[17:53:04] warmStart (decay=exponential) 35% (373/1044) regret=0.102315 ape=0.5576
[17:53:04] warmStart (decay=exponential) 35% (374/1044) regret=0.102315 ape=0.5576
[17:53:05] warmStart (decay=exponential) 35% (375/1044) regret=0.102315 ape=0.5576
[17:53:05] warmStart (decay=exponential) 36% (376/1044) regret=0.102315 ape=0.5576
[17:53:05] warmStart (decay=exponential) 36% (377/1044) regret=0.102315 ape=0.5576
[17:53:05] warmStart (decay=exponential) 36% (378/1044) regret=0.102315 ape=0.5576
[17:53:05] warmStart (decay=exponential) 36% (379/1044) regret=0.102315 ape=0.5576
[17:53:05] warmStart (decay=exponential) 36% (380/1044) regret=0.102315 ape=0.5576
[17:53:06] warmStart (decay=exponential) 36% (381/1044) regret=0.102315 ape=0.5576
[17:53:06] warmStart (decay=exponential) 36% (382/1044) regret=0.102315 ape=0.5576
[17:53:06] warmStart (decay=exponential) 36% (383/1044) regret=0.102315 ape=0.5576
[17:53:06] warmStart (decay=exponential) 36% (384/1044) regret=0.102315 ape=0.5576
[17:53:06] warmStart (decay=exponential) 36% (385/1044) regret=0.102315 ape=0.5576
[17:53:06] warmStart (decay=exponential) 36% (386/1044) regret=0.102315 ape=0.5576
[17:53:07] warmStart (decay=exponential) 37% (387/1044) regret=0.102315 ape=0.5576
[17:53:07] warmStart (decay=exponential) 37% (388/1044) regret=0.102315 ape=0.5576
[17:53:07] warmStart (decay=exponential) 37% (389/1044) regret=0.102315 ape=0.5576
[17:53:07] warmStart (decay=exponential) 37% (390/1044) regret=0.102315 ape=0.5576
[17:53:07] warmStart (decay=exponential) 37% (391/1044) regret=0.102315 ape=0.5576
[17:53:07] warmStart (decay=exponential) 37% (392/1044) regret=0.102315 ape=0.5576
[17:53:07] warmStart (decay=exponential) 37% (393/1044) regret=0.102315 ape=0.5576
[17:53:08] warmStart (decay=exponential) 37% (394/1044) regret=0.102315 ape=0.5576
[17:53:08] warmStart (decay=exponential) 37% (395/1044) regret=0.102315 ape=0.5576
[17:53:08] warmStart (decay=exponential) 37% (396/1044) regret=0.102315 ape=0.5576
[17:53:08] warmStart (decay=exponential) 38% (397/1044) regret=0.102315 ape=0.5576
[17:53:08] warmStart (decay=exponential) 38% (398/1044) regret=0.102315 ape=0.5576
[17:53:08] warmStart (decay=exponential) 38% (399/1044) regret=0.102315 ape=0.5576
[17:53:09] warmStart (decay=exponential) 38% (400/1044) regret=0.102315 ape=0.5576
[17:53:09] warmStart (decay=exponential) 38% (401/1044) regret=0.102315 ape=0.5576
[17:53:09] warmStart (decay=exponential) 38% (402/1044) regret=0.102315 ape=0.5576
[17:53:09] warmStart (decay=exponential) 38% (403/1044) regret=0.102315 ape=0.5576
[17:53:10] warmStart (decay=exponential) 38% (404/1044) regret=0.102315 ape=0.5576
[17:53:10] warmStart (decay=exponential) 38% (405/1044) regret=0.102315 ape=0.5576
[17:53:10] warmStart (decay=exponential) 38% (406/1044) regret=0.102315 ape=0.5576
[17:53:10] warmStart (decay=exponential) 38% (407/1044) regret=0.102315 ape=0.5576
[17:53:10] warmStart (decay=exponential) 39% (408/1044) regret=0.102315 ape=0.5576
[17:53:11] warmStart (decay=exponential) 39% (409/1044) regret=0.102315 ape=0.5576
[17:53:11] warmStart (decay=exponential) 39% (410/1044) regret=0.102315 ape=0.5576
[17:53:11] warmStart (decay=exponential) 39% (411/1044) regret=0.102315 ape=0.5576
[17:53:11] warmStart (decay=exponential) 39% (412/1044) regret=0.102315 ape=0.5576
[17:53:12] warmStart (decay=exponential) 39% (413/1044) regret=0.102315 ape=0.5576
[17:53:12] warmStart (decay=exponential) 39% (414/1044) regret=0.102315 ape=0.5576
[17:53:12] warmStart (decay=exponential) 39% (415/1044) regret=0.102315 ape=0.5576
[17:53:12] warmStart (decay=exponential) 39% (416/1044) regret=0.102315 ape=0.5576
[17:53:13] warmStart (decay=exponential) 39% (417/1044) regret=0.102467 ape=0.5585
[17:53:13] warmStart (decay=exponential) 40% (418/1044) regret=0.102366 ape=0.5585
[17:53:13] warmStart (decay=exponential) 40% (419/1044) regret=0.102366 ape=0.5585
[17:53:13] warmStart (decay=exponential) 40% (420/1044) regret=0.102366 ape=0.5585
[17:53:14] warmStart (decay=exponential) 40% (421/1044) regret=0.102366 ape=0.5585
[17:53:14] warmStart (decay=exponential) 40% (422/1044) regret=0.102366 ape=0.5585
[17:53:14] warmStart (decay=exponential) 40% (423/1044) regret=0.102366 ape=0.5585
[17:53:14] warmStart (decay=exponential) 40% (424/1044) regret=0.102366 ape=0.5585
[17:53:15] warmStart (decay=exponential) 40% (425/1044) regret=0.102370 ape=0.5585
[17:53:15] warmStart (decay=exponential) 40% (426/1044) regret=0.102315 ape=0.5576
[17:53:15] warmStart (decay=exponential) 40% (427/1044) regret=0.102315 ape=0.5576
[17:53:15] warmStart (decay=exponential) 40% (428/1044) regret=0.102315 ape=0.5576
[17:53:16] warmStart (decay=exponential) 41% (429/1044) regret=0.102315 ape=0.5576
[17:53:16] warmStart (decay=exponential) 41% (430/1044) regret=0.102315 ape=0.5576
[17:53:16] warmStart (decay=exponential) 41% (431/1044) regret=0.102315 ape=0.5576
[17:53:16] warmStart (decay=exponential) 41% (432/1044) regret=0.102315 ape=0.5576
[17:53:17] warmStart (decay=exponential) 41% (433/1044) regret=0.102315 ape=0.5576
[17:53:17] warmStart (decay=exponential) 41% (434/1044) regret=0.102315 ape=0.5576
[17:53:17] warmStart (decay=exponential) 41% (435/1044) regret=0.102315 ape=0.5576
[17:53:17] warmStart (decay=exponential) 41% (436/1044) regret=0.102315 ape=0.5576
[17:53:18] warmStart (decay=exponential) 41% (437/1044) regret=0.102315 ape=0.5576
[17:53:18] warmStart (decay=exponential) 41% (438/1044) regret=0.102315 ape=0.5576
[17:53:18] warmStart (decay=exponential) 42% (439/1044) regret=0.102315 ape=0.5576
[17:53:18] warmStart (decay=exponential) 42% (440/1044) regret=0.102315 ape=0.5576
[17:53:19] warmStart (decay=exponential) 42% (441/1044) regret=0.102315 ape=0.5576
[17:53:19] warmStart (decay=exponential) 42% (442/1044) regret=0.102315 ape=0.5576
[17:53:19] warmStart (decay=exponential) 42% (443/1044) regret=0.102315 ape=0.5576
[17:53:19] warmStart (decay=exponential) 42% (444/1044) regret=0.102315 ape=0.5576
[17:53:20] warmStart (decay=exponential) 42% (445/1044) regret=0.102315 ape=0.5576
[17:53:20] warmStart (decay=exponential) 42% (446/1044) regret=0.102315 ape=0.5576
[17:53:20] warmStart (decay=exponential) 42% (447/1044) regret=0.102315 ape=0.5576
[17:53:21] warmStart (decay=exponential) 42% (448/1044) regret=0.102315 ape=0.5576
[17:53:21] warmStart (decay=exponential) 43% (449/1044) regret=0.102315 ape=0.5576
[17:53:21] warmStart (decay=exponential) 43% (450/1044) regret=0.102315 ape=0.5576
[17:53:21] warmStart (decay=exponential) 43% (451/1044) regret=0.102315 ape=0.5576
[17:53:21] warmStart (decay=exponential) 43% (452/1044) regret=0.102315 ape=0.5576
[17:53:22] warmStart (decay=exponential) 43% (453/1044) regret=0.102315 ape=0.5576
[17:53:22] warmStart (decay=exponential) 43% (454/1044) regret=0.102315 ape=0.5576
[17:53:22] warmStart (decay=exponential) 43% (455/1044) regret=0.102315 ape=0.5576
[17:53:22] warmStart (decay=exponential) 43% (456/1044) regret=0.102315 ape=0.5576
[17:53:23] warmStart (decay=exponential) 43% (457/1044) regret=0.102315 ape=0.5576
[17:53:23] warmStart (decay=exponential) 43% (458/1044) regret=0.102315 ape=0.5576
[17:53:23] warmStart (decay=exponential) 43% (459/1044) regret=0.102315 ape=0.5576
[17:53:23] warmStart (decay=exponential) 44% (460/1044) regret=0.102315 ape=0.5576
[17:53:23] warmStart (decay=exponential) 44% (461/1044) regret=0.102315 ape=0.5576
[17:53:24] warmStart (decay=exponential) 44% (462/1044) regret=0.102315 ape=0.5576
[17:53:24] warmStart (decay=exponential) 44% (463/1044) regret=0.102315 ape=0.5576
[17:53:24] warmStart (decay=exponential) 44% (464/1044) regret=0.102315 ape=0.5576
[17:53:24] warmStart (decay=exponential) 44% (465/1044) regret=0.102315 ape=0.5576
[17:53:25] warmStart (decay=exponential) 44% (466/1044) regret=0.102315 ape=0.5576
[17:53:25] warmStart (decay=exponential) 44% (467/1044) regret=0.102315 ape=0.5576
[17:53:25] warmStart (decay=exponential) 44% (468/1044) regret=0.102315 ape=0.5576
[17:53:25] warmStart (decay=exponential) 44% (469/1044) regret=0.102315 ape=0.5576
[17:53:25] warmStart (decay=exponential) 45% (470/1044) regret=0.102315 ape=0.5576
[17:53:26] warmStart (decay=exponential) 45% (471/1044) regret=0.102315 ape=0.5576
[17:53:26] warmStart (decay=exponential) 45% (472/1044) regret=0.102315 ape=0.5576
[17:53:26] warmStart (decay=exponential) 45% (473/1044) regret=0.102315 ape=0.5576
[17:53:26] warmStart (decay=exponential) 45% (474/1044) regret=0.102315 ape=0.5576
[17:53:27] warmStart (decay=exponential) 45% (475/1044) regret=0.102315 ape=0.5576
[17:53:27] warmStart (decay=exponential) 45% (476/1044) regret=0.102315 ape=0.5576
[17:53:27] warmStart (decay=exponential) 45% (477/1044) regret=0.102315 ape=0.5576
[17:53:27] warmStart (decay=exponential) 45% (478/1044) regret=0.102315 ape=0.5576
[17:53:28] warmStart (decay=exponential) 45% (479/1044) regret=0.102315 ape=0.5576
[17:53:28] warmStart (decay=exponential) 45% (480/1044) regret=0.102315 ape=0.5576
[17:53:28] warmStart (decay=exponential) 46% (481/1044) regret=0.102315 ape=0.5576
[17:53:28] warmStart (decay=exponential) 46% (482/1044) regret=0.102315 ape=0.5576
[17:53:28] warmStart (decay=exponential) 46% (483/1044) regret=0.102315 ape=0.5576
[17:53:29] warmStart (decay=exponential) 46% (484/1044) regret=0.102315 ape=0.5576
[17:53:29] warmStart (decay=exponential) 46% (485/1044) regret=0.102315 ape=0.5576
[17:53:29] warmStart (decay=exponential) 46% (486/1044) regret=0.102315 ape=0.5576
[17:53:29] warmStart (decay=exponential) 46% (487/1044) regret=0.102315 ape=0.5576
[17:53:30] warmStart (decay=exponential) 46% (488/1044) regret=0.102315 ape=0.5576
[17:53:30] warmStart (decay=exponential) 46% (489/1044) regret=0.102315 ape=0.5576
[17:53:30] warmStart (decay=exponential) 46% (490/1044) regret=0.102315 ape=0.5576
[17:53:30] warmStart (decay=exponential) 47% (491/1044) regret=0.102315 ape=0.5576
[17:53:31] warmStart (decay=exponential) 47% (492/1044) regret=0.102315 ape=0.5576
[17:53:31] warmStart (decay=exponential) 47% (493/1044) regret=0.102315 ape=0.5576
[17:53:31] warmStart (decay=exponential) 47% (494/1044) regret=0.102315 ape=0.5576
[17:53:31] warmStart (decay=exponential) 47% (495/1044) regret=0.102315 ape=0.5576
[17:53:32] warmStart (decay=exponential) 47% (496/1044) regret=0.102315 ape=0.5576
[17:53:32] warmStart (decay=exponential) 47% (497/1044) regret=0.102315 ape=0.5576
[17:53:32] warmStart (decay=exponential) 47% (498/1044) regret=0.102315 ape=0.5576
[17:53:32] warmStart (decay=exponential) 47% (499/1044) regret=0.102315 ape=0.5576
[17:53:32] warmStart (decay=exponential) 47% (500/1044) regret=0.102315 ape=0.5576
[17:53:33] warmStart (decay=exponential) 47% (501/1044) regret=0.102315 ape=0.5576
[17:53:33] warmStart (decay=exponential) 48% (502/1044) regret=0.102315 ape=0.5576
[17:53:33] warmStart (decay=exponential) 48% (503/1044) regret=0.102315 ape=0.5576
[17:53:33] warmStart (decay=exponential) 48% (504/1044) regret=0.102315 ape=0.5576
[17:53:34] warmStart (decay=exponential) 48% (505/1044) regret=0.102315 ape=0.5576
[17:53:34] warmStart (decay=exponential) 48% (506/1044) regret=0.102315 ape=0.5576
[17:53:34] warmStart (decay=exponential) 48% (507/1044) regret=0.102315 ape=0.5576
[17:53:34] warmStart (decay=exponential) 48% (508/1044) regret=0.102315 ape=0.5576
[17:53:34] warmStart (decay=exponential) 48% (509/1044) regret=0.102315 ape=0.5576
[17:53:35] warmStart (decay=exponential) 48% (510/1044) regret=0.102315 ape=0.5576
[17:53:35] warmStart (decay=exponential) 48% (511/1044) regret=0.102315 ape=0.5576
[17:53:35] warmStart (decay=exponential) 49% (512/1044) regret=0.102315 ape=0.5576
[17:53:35] warmStart (decay=exponential) 49% (513/1044) regret=0.102315 ape=0.5576
[17:53:36] warmStart (decay=exponential) 49% (514/1044) regret=0.102315 ape=0.5576
[17:53:36] warmStart (decay=exponential) 49% (515/1044) regret=0.102315 ape=0.5576
[17:53:36] warmStart (decay=exponential) 49% (516/1044) regret=0.102315 ape=0.5576
[17:53:36] warmStart (decay=exponential) 49% (517/1044) regret=0.102315 ape=0.5576
[17:53:37] warmStart (decay=exponential) 49% (518/1044) regret=0.102315 ape=0.5576
[17:53:37] warmStart (decay=exponential) 49% (519/1044) regret=0.102315 ape=0.5576
[17:53:37] warmStart (decay=exponential) 49% (520/1044) regret=0.102315 ape=0.5576
[17:53:37] warmStart (decay=exponential) 49% (521/1044) regret=0.102315 ape=0.5576
[17:53:37] warmStart (decay=exponential) 50% (522/1044) regret=0.102315 ape=0.5576
[17:53:38] warmStart (decay=exponential) 50% (523/1044) regret=0.102315 ape=0.5576
[17:53:38] warmStart (decay=exponential) 50% (524/1044) regret=0.102315 ape=0.5576
[17:53:38] warmStart (decay=exponential) 50% (525/1044) regret=0.102315 ape=0.5576
[17:53:38] warmStart (decay=exponential) 50% (526/1044) regret=0.102315 ape=0.5576
[17:53:39] warmStart (decay=exponential) 50% (527/1044) regret=0.102315 ape=0.5576
[17:53:39] warmStart (decay=exponential) 50% (528/1044) regret=0.102315 ape=0.5576
[17:53:39] warmStart (decay=exponential) 50% (529/1044) regret=0.102315 ape=0.5576
[17:53:39] warmStart (decay=exponential) 50% (530/1044) regret=0.102315 ape=0.5576
[17:53:40] warmStart (decay=exponential) 50% (531/1044) regret=0.102315 ape=0.5576
[17:53:40] warmStart (decay=exponential) 50% (532/1044) regret=0.102315 ape=0.5576
[17:53:40] warmStart (decay=exponential) 51% (533/1044) regret=0.102315 ape=0.5576
[17:53:40] warmStart (decay=exponential) 51% (534/1044) regret=0.102315 ape=0.5576
[17:53:41] warmStart (decay=exponential) 51% (535/1044) regret=0.102315 ape=0.5576
[17:53:41] warmStart (decay=exponential) 51% (536/1044) regret=0.102315 ape=0.5576
[17:53:41] warmStart (decay=exponential) 51% (537/1044) regret=0.102315 ape=0.5576
[17:53:41] warmStart (decay=exponential) 51% (538/1044) regret=0.102315 ape=0.5576
[17:53:42] warmStart (decay=exponential) 51% (539/1044) regret=0.102315 ape=0.5576
[17:53:42] warmStart (decay=exponential) 51% (540/1044) regret=0.102315 ape=0.5576
[17:53:42] warmStart (decay=exponential) 51% (541/1044) regret=0.102315 ape=0.5576
[17:53:42] warmStart (decay=exponential) 51% (542/1044) regret=0.102315 ape=0.5576
[17:53:43] warmStart (decay=exponential) 52% (543/1044) regret=0.102315 ape=0.5576
[17:53:43] warmStart (decay=exponential) 52% (544/1044) regret=0.102315 ape=0.5576
[17:53:43] warmStart (decay=exponential) 52% (545/1044) regret=0.102315 ape=0.5576
[17:53:43] warmStart (decay=exponential) 52% (546/1044) regret=0.102315 ape=0.5576
[17:53:44] warmStart (decay=exponential) 52% (547/1044) regret=0.102315 ape=0.5576
[17:53:44] warmStart (decay=exponential) 52% (548/1044) regret=0.102315 ape=0.5576
[17:53:44] warmStart (decay=exponential) 52% (549/1044) regret=0.102315 ape=0.5576
[17:53:44] warmStart (decay=exponential) 52% (550/1044) regret=0.102315 ape=0.5576
[17:53:45] warmStart (decay=exponential) 52% (551/1044) regret=0.102315 ape=0.5576
[17:53:45] warmStart (decay=exponential) 52% (552/1044) regret=0.102315 ape=0.5576
[17:53:45] warmStart (decay=exponential) 52% (553/1044) regret=0.102315 ape=0.5576
[17:53:45] warmStart (decay=exponential) 53% (554/1044) regret=0.102315 ape=0.5576
[17:53:46] warmStart (decay=exponential) 53% (555/1044) regret=0.102315 ape=0.5576
[17:53:46] warmStart (decay=exponential) 53% (556/1044) regret=0.102315 ape=0.5576
[17:53:46] warmStart (decay=exponential) 53% (557/1044) regret=0.102315 ape=0.5576
[17:53:47] warmStart (decay=exponential) 53% (558/1044) regret=0.102315 ape=0.5576
[17:53:47] warmStart (decay=exponential) 53% (559/1044) regret=0.102315 ape=0.5576
[17:53:47] warmStart (decay=exponential) 53% (560/1044) regret=0.102315 ape=0.5576
[17:53:47] warmStart (decay=exponential) 53% (561/1044) regret=0.102315 ape=0.5576
[17:53:48] warmStart (decay=exponential) 53% (562/1044) regret=0.102315 ape=0.5576
[17:53:48] warmStart (decay=exponential) 53% (563/1044) regret=0.102315 ape=0.5576
[17:53:48] warmStart (decay=exponential) 54% (564/1044) regret=0.102315 ape=0.5576
[17:53:48] warmStart (decay=exponential) 54% (565/1044) regret=0.102315 ape=0.5576
[17:53:49] warmStart (decay=exponential) 54% (566/1044) regret=0.102315 ape=0.5576
[17:53:49] warmStart (decay=exponential) 54% (567/1044) regret=0.102315 ape=0.5576
[17:53:49] warmStart (decay=exponential) 54% (568/1044) regret=0.102315 ape=0.5576
[17:53:49] warmStart (decay=exponential) 54% (569/1044) regret=0.102315 ape=0.5576
[17:53:50] warmStart (decay=exponential) 54% (570/1044) regret=0.102315 ape=0.5576
[17:53:50] warmStart (decay=exponential) 54% (571/1044) regret=0.102315 ape=0.5576
[17:53:50] warmStart (decay=exponential) 54% (572/1044) regret=0.102315 ape=0.5576
[17:53:50] warmStart (decay=exponential) 54% (573/1044) regret=0.102315 ape=0.5576
[17:53:51] warmStart (decay=exponential) 54% (574/1044) regret=0.102315 ape=0.5576
[17:53:51] warmStart (decay=exponential) 55% (575/1044) regret=0.102315 ape=0.5576
[17:53:51] warmStart (decay=exponential) 55% (576/1044) regret=0.102315 ape=0.5576
[17:53:51] warmStart (decay=exponential) 55% (577/1044) regret=0.102315 ape=0.5576
[17:53:52] warmStart (decay=exponential) 55% (578/1044) regret=0.102315 ape=0.5576
[17:53:52] warmStart (decay=exponential) 55% (579/1044) regret=0.102315 ape=0.5576
[17:53:52] warmStart (decay=exponential) 55% (580/1044) regret=0.102315 ape=0.5576
[17:53:53] warmStart (decay=exponential) 55% (581/1044) regret=0.102315 ape=0.5576
[17:53:53] warmStart (decay=exponential) 55% (582/1044) regret=0.102315 ape=0.5576
[17:53:53] warmStart (decay=exponential) 55% (583/1044) regret=0.102315 ape=0.5576
[17:53:53] warmStart (decay=exponential) 55% (584/1044) regret=0.102315 ape=0.5576
[17:53:54] warmStart (decay=exponential) 56% (585/1044) regret=0.102315 ape=0.5576
[17:53:54] warmStart (decay=exponential) 56% (586/1044) regret=0.102315 ape=0.5576
[17:53:54] warmStart (decay=exponential) 56% (587/1044) regret=0.102315 ape=0.5576
[17:53:54] warmStart (decay=exponential) 56% (588/1044) regret=0.102315 ape=0.5576
[17:53:55] warmStart (decay=exponential) 56% (589/1044) regret=0.102315 ape=0.5576
[17:53:55] warmStart (decay=exponential) 56% (590/1044) regret=0.102315 ape=0.5576
[17:53:55] warmStart (decay=exponential) 56% (591/1044) regret=0.102315 ape=0.5576
[17:53:55] warmStart (decay=exponential) 56% (592/1044) regret=0.102315 ape=0.5576
[17:53:55] warmStart (decay=exponential) 56% (593/1044) regret=0.102315 ape=0.5576
[17:53:55] warmStart (decay=exponential) 56% (594/1044) regret=0.102315 ape=0.5576
[17:53:56] warmStart (decay=exponential) 56% (595/1044) regret=0.102315 ape=0.5576
[17:53:56] warmStart (decay=exponential) 57% (596/1044) regret=0.102315 ape=0.5576
[17:53:56] warmStart (decay=exponential) 57% (597/1044) regret=0.102315 ape=0.5576
[17:53:56] warmStart (decay=exponential) 57% (598/1044) regret=0.102315 ape=0.5576
[17:53:56] warmStart (decay=exponential) 57% (599/1044) regret=0.102315 ape=0.5576
[17:53:57] warmStart (decay=exponential) 57% (600/1044) regret=0.102315 ape=0.5576
[17:53:57] warmStart (decay=exponential) 57% (601/1044) regret=0.102315 ape=0.5576
[17:53:57] warmStart (decay=exponential) 57% (602/1044) regret=0.102315 ape=0.5576
[17:53:57] warmStart (decay=exponential) 57% (603/1044) regret=0.102315 ape=0.5576
[17:53:57] warmStart (decay=exponential) 57% (604/1044) regret=0.102315 ape=0.5576
[17:53:57] warmStart (decay=exponential) 57% (605/1044) regret=0.102315 ape=0.5576
[17:53:58] warmStart (decay=exponential) 58% (606/1044) regret=0.102315 ape=0.5576
[17:53:58] warmStart (decay=exponential) 58% (607/1044) regret=0.102315 ape=0.5576
[17:53:58] warmStart (decay=exponential) 58% (608/1044) regret=0.102315 ape=0.5576
[17:53:58] warmStart (decay=exponential) 58% (609/1044) regret=0.102315 ape=0.5576
[17:53:58] warmStart (decay=exponential) 58% (610/1044) regret=0.102315 ape=0.5576
[17:53:58] warmStart (decay=exponential) 58% (611/1044) regret=0.102315 ape=0.5576
[17:53:59] warmStart (decay=exponential) 58% (612/1044) regret=0.102315 ape=0.5576
[17:53:59] warmStart (decay=exponential) 58% (613/1044) regret=0.102315 ape=0.5576
[17:53:59] warmStart (decay=exponential) 58% (614/1044) regret=0.102315 ape=0.5576
[17:53:59] warmStart (decay=exponential) 58% (615/1044) regret=0.102315 ape=0.5576
[17:53:59] warmStart (decay=exponential) 59% (616/1044) regret=0.102315 ape=0.5576
[17:54:00] warmStart (decay=exponential) 59% (617/1044) regret=0.102315 ape=0.5576
[17:54:00] warmStart (decay=exponential) 59% (618/1044) regret=0.102315 ape=0.5576
[17:54:00] warmStart (decay=exponential) 59% (619/1044) regret=0.102315 ape=0.5576
[17:54:00] warmStart (decay=exponential) 59% (620/1044) regret=0.102315 ape=0.5576
[17:54:00] warmStart (decay=exponential) 59% (621/1044) regret=0.102315 ape=0.5576
[17:54:00] warmStart (decay=exponential) 59% (622/1044) regret=0.102315 ape=0.5576
[17:54:01] warmStart (decay=exponential) 59% (623/1044) regret=0.102315 ape=0.5576
[17:54:01] warmStart (decay=exponential) 59% (624/1044) regret=0.102315 ape=0.5576
[17:54:01] warmStart (decay=exponential) 59% (625/1044) regret=0.102315 ape=0.5576
[17:54:01] warmStart (decay=exponential) 59% (626/1044) regret=0.102315 ape=0.5576
[17:54:01] warmStart (decay=exponential) 60% (627/1044) regret=0.102315 ape=0.5576
[17:54:02] warmStart (decay=exponential) 60% (628/1044) regret=0.102315 ape=0.5576
[17:54:02] warmStart (decay=exponential) 60% (629/1044) regret=0.102315 ape=0.5576
[17:54:02] warmStart (decay=exponential) 60% (630/1044) regret=0.102315 ape=0.5576
[17:54:02] warmStart (decay=exponential) 60% (631/1044) regret=0.102315 ape=0.5576
[17:54:02] warmStart (decay=exponential) 60% (632/1044) regret=0.102315 ape=0.5576
[17:54:02] warmStart (decay=exponential) 60% (633/1044) regret=0.102315 ape=0.5576
[17:54:03] warmStart (decay=exponential) 60% (634/1044) regret=0.102315 ape=0.5576
[17:54:03] warmStart (decay=exponential) 60% (635/1044) regret=0.102315 ape=0.5576
[17:54:03] warmStart (decay=exponential) 60% (636/1044) regret=0.102315 ape=0.5576
[17:54:03] warmStart (decay=exponential) 61% (637/1044) regret=0.102315 ape=0.5576
[17:54:03] warmStart (decay=exponential) 61% (638/1044) regret=0.102315 ape=0.5576
[17:54:04] warmStart (decay=exponential) 61% (639/1044) regret=0.102315 ape=0.5576
[17:54:04] warmStart (decay=exponential) 61% (640/1044) regret=0.102315 ape=0.5576
[17:54:04] warmStart (decay=exponential) 61% (641/1044) regret=0.102315 ape=0.5576
[17:54:04] warmStart (decay=exponential) 61% (642/1044) regret=0.102315 ape=0.5576
[17:54:04] warmStart (decay=exponential) 61% (643/1044) regret=0.102315 ape=0.5576
[17:54:04] warmStart (decay=exponential) 61% (644/1044) regret=0.102315 ape=0.5576
[17:54:05] warmStart (decay=exponential) 61% (645/1044) regret=0.102315 ape=0.5576
[17:54:05] warmStart (decay=exponential) 61% (646/1044) regret=0.102315 ape=0.5576
[17:54:05] warmStart (decay=exponential) 61% (647/1044) regret=0.102315 ape=0.5576
[17:54:05] warmStart (decay=exponential) 62% (648/1044) regret=0.102315 ape=0.5576
[17:54:05] warmStart (decay=exponential) 62% (649/1044) regret=0.102315 ape=0.5576
[17:54:06] warmStart (decay=exponential) 62% (650/1044) regret=0.102315 ape=0.5576
[17:54:06] warmStart (decay=exponential) 62% (651/1044) regret=0.102315 ape=0.5576
[17:54:06] warmStart (decay=exponential) 62% (652/1044) regret=0.102315 ape=0.5576
[17:54:06] warmStart (decay=exponential) 62% (653/1044) regret=0.102315 ape=0.5576
[17:54:06] warmStart (decay=exponential) 62% (654/1044) regret=0.102315 ape=0.5576
[17:54:06] warmStart (decay=exponential) 62% (655/1044) regret=0.102315 ape=0.5576
[17:54:07] warmStart (decay=exponential) 62% (656/1044) regret=0.102315 ape=0.5576
[17:54:07] warmStart (decay=exponential) 62% (657/1044) regret=0.102315 ape=0.5576
[17:54:07] warmStart (decay=exponential) 63% (658/1044) regret=0.102315 ape=0.5576
[17:54:07] warmStart (decay=exponential) 63% (659/1044) regret=0.102315 ape=0.5576
[17:54:07] warmStart (decay=exponential) 63% (660/1044) regret=0.102315 ape=0.5576
[17:54:08] warmStart (decay=exponential) 63% (661/1044) regret=0.102315 ape=0.5576
[17:54:08] warmStart (decay=exponential) 63% (662/1044) regret=0.102315 ape=0.5576
[17:54:08] warmStart (decay=exponential) 63% (663/1044) regret=0.102315 ape=0.5576
[17:54:08] warmStart (decay=exponential) 63% (664/1044) regret=0.102315 ape=0.5576
[17:54:08] warmStart (decay=exponential) 63% (665/1044) regret=0.102315 ape=0.5576
[17:54:08] warmStart (decay=exponential) 63% (666/1044) regret=0.102315 ape=0.5576
[17:54:09] warmStart (decay=exponential) 63% (667/1044) regret=0.102315 ape=0.5576
[17:54:09] warmStart (decay=exponential) 63% (668/1044) regret=0.102315 ape=0.5576
[17:54:09] warmStart (decay=exponential) 64% (669/1044) regret=0.102315 ape=0.5576
[17:54:09] warmStart (decay=exponential) 64% (670/1044) regret=0.102315 ape=0.5576
[17:54:09] warmStart (decay=exponential) 64% (671/1044) regret=0.102315 ape=0.5576
[17:54:10] warmStart (decay=exponential) 64% (672/1044) regret=0.102315 ape=0.5576
[17:54:10] warmStart (decay=exponential) 64% (673/1044) regret=0.102315 ape=0.5576
[17:54:10] warmStart (decay=exponential) 64% (674/1044) regret=0.102315 ape=0.5576
[17:54:10] warmStart (decay=exponential) 64% (675/1044) regret=0.102315 ape=0.5576
[17:54:10] warmStart (decay=exponential) 64% (676/1044) regret=0.102315 ape=0.5576
[17:54:10] warmStart (decay=exponential) 64% (677/1044) regret=0.102315 ape=0.5576
[17:54:11] warmStart (decay=exponential) 64% (678/1044) regret=0.102315 ape=0.5576
[17:54:11] warmStart (decay=exponential) 65% (679/1044) regret=0.102315 ape=0.5576
[17:54:11] warmStart (decay=exponential) 65% (680/1044) regret=0.102315 ape=0.5576
[17:54:11] warmStart (decay=exponential) 65% (681/1044) regret=0.102315 ape=0.5576
[17:54:11] warmStart (decay=exponential) 65% (682/1044) regret=0.102315 ape=0.5576
[17:54:12] warmStart (decay=exponential) 65% (683/1044) regret=0.102315 ape=0.5576
[17:54:12] warmStart (decay=exponential) 65% (684/1044) regret=0.102315 ape=0.5576
[17:54:12] warmStart (decay=exponential) 65% (685/1044) regret=0.102315 ape=0.5576
[17:54:12] warmStart (decay=exponential) 65% (686/1044) regret=0.102315 ape=0.5576
[17:54:12] warmStart (decay=exponential) 65% (687/1044) regret=0.102315 ape=0.5576
[17:54:12] warmStart (decay=exponential) 65% (688/1044) regret=0.102315 ape=0.5576
[17:54:13] warmStart (decay=exponential) 65% (689/1044) regret=0.102315 ape=0.5576
[17:54:13] warmStart (decay=exponential) 66% (690/1044) regret=0.102315 ape=0.5576
[17:54:13] warmStart (decay=exponential) 66% (691/1044) regret=0.102315 ape=0.5576
[17:54:13] warmStart (decay=exponential) 66% (692/1044) regret=0.102315 ape=0.5576
[17:54:13] warmStart (decay=exponential) 66% (693/1044) regret=0.102315 ape=0.5576
[17:54:14] warmStart (decay=exponential) 66% (694/1044) regret=0.102315 ape=0.5576
[17:54:14] warmStart (decay=exponential) 66% (695/1044) regret=0.102315 ape=0.5576
[17:54:14] warmStart (decay=exponential) 66% (696/1044) regret=0.102315 ape=0.5576
[17:54:14] warmStart (decay=exponential) 66% (697/1044) regret=0.102315 ape=0.5576
[17:54:14] warmStart (decay=exponential) 66% (698/1044) regret=0.102315 ape=0.5576
[17:54:14] warmStart (decay=exponential) 66% (699/1044) regret=0.102315 ape=0.5576
[17:54:15] warmStart (decay=exponential) 67% (700/1044) regret=0.102315 ape=0.5576
[17:54:15] warmStart (decay=exponential) 67% (701/1044) regret=0.102315 ape=0.5576
[17:54:15] warmStart (decay=exponential) 67% (702/1044) regret=0.102315 ape=0.5576
[17:54:15] warmStart (decay=exponential) 67% (703/1044) regret=0.102315 ape=0.5576
[17:54:15] warmStart (decay=exponential) 67% (704/1044) regret=0.102315 ape=0.5576
[17:54:16] warmStart (decay=exponential) 67% (705/1044) regret=0.102315 ape=0.5576
[17:54:16] warmStart (decay=exponential) 67% (706/1044) regret=0.102315 ape=0.5576
[17:54:16] warmStart (decay=exponential) 67% (707/1044) regret=0.102315 ape=0.5576
[17:54:16] warmStart (decay=exponential) 67% (708/1044) regret=0.102315 ape=0.5576
[17:54:16] warmStart (decay=exponential) 67% (709/1044) regret=0.102315 ape=0.5576
[17:54:17] warmStart (decay=exponential) 68% (710/1044) regret=0.102315 ape=0.5576
[17:54:17] warmStart (decay=exponential) 68% (711/1044) regret=0.102315 ape=0.5576
[17:54:17] warmStart (decay=exponential) 68% (712/1044) regret=0.102315 ape=0.5576
[17:54:17] warmStart (decay=exponential) 68% (713/1044) regret=0.102315 ape=0.5576
[17:54:17] warmStart (decay=exponential) 68% (714/1044) regret=0.102315 ape=0.5576
[17:54:17] warmStart (decay=exponential) 68% (715/1044) regret=0.102315 ape=0.5576
[17:54:18] warmStart (decay=exponential) 68% (716/1044) regret=0.102315 ape=0.5576
[17:54:18] warmStart (decay=exponential) 68% (717/1044) regret=0.102315 ape=0.5576
[17:54:18] warmStart (decay=exponential) 68% (718/1044) regret=0.102315 ape=0.5576
[17:54:18] warmStart (decay=exponential) 68% (719/1044) regret=0.102315 ape=0.5576
[17:54:18] warmStart (decay=exponential) 68% (720/1044) regret=0.102315 ape=0.5576
[17:54:19] warmStart (decay=exponential) 69% (721/1044) regret=0.102315 ape=0.5576
[17:54:19] warmStart (decay=exponential) 69% (722/1044) regret=0.102315 ape=0.5576
[17:54:19] warmStart (decay=exponential) 69% (723/1044) regret=0.102315 ape=0.5576
[17:54:19] warmStart (decay=exponential) 69% (724/1044) regret=0.102315 ape=0.5576
[17:54:19] warmStart (decay=exponential) 69% (725/1044) regret=0.102315 ape=0.5576
[17:54:20] warmStart (decay=exponential) 69% (726/1044) regret=0.102315 ape=0.5576
[17:54:20] warmStart (decay=exponential) 69% (727/1044) regret=0.102315 ape=0.5576
[17:54:20] warmStart (decay=exponential) 69% (728/1044) regret=0.102315 ape=0.5576
[17:54:20] warmStart (decay=exponential) 69% (729/1044) regret=0.102315 ape=0.5576
[17:54:21] warmStart (decay=exponential) 69% (730/1044) regret=0.102315 ape=0.5576
[17:54:21] warmStart (decay=exponential) 70% (731/1044) regret=0.102315 ape=0.5576
[17:54:21] warmStart (decay=exponential) 70% (732/1044) regret=0.102315 ape=0.5576
[17:54:21] warmStart (decay=exponential) 70% (733/1044) regret=0.102315 ape=0.5576
[17:54:22] warmStart (decay=exponential) 70% (734/1044) regret=0.102315 ape=0.5576
[17:54:22] warmStart (decay=exponential) 70% (735/1044) regret=0.102315 ape=0.5576
[17:54:22] warmStart (decay=exponential) 70% (736/1044) regret=0.102315 ape=0.5576
[17:54:22] warmStart (decay=exponential) 70% (737/1044) regret=0.102315 ape=0.5576
[17:54:23] warmStart (decay=exponential) 70% (738/1044) regret=0.102315 ape=0.5576
[17:54:23] warmStart (decay=exponential) 70% (739/1044) regret=0.102315 ape=0.5576
[17:54:23] warmStart (decay=exponential) 70% (740/1044) regret=0.102315 ape=0.5576
[17:54:23] warmStart (decay=exponential) 70% (741/1044) regret=0.102315 ape=0.5576
[17:54:24] warmStart (decay=exponential) 71% (742/1044) regret=0.102315 ape=0.5576
[17:54:24] warmStart (decay=exponential) 71% (743/1044) regret=0.102315 ape=0.5576
[17:54:24] warmStart (decay=exponential) 71% (744/1044) regret=0.102315 ape=0.5576
[17:54:24] warmStart (decay=exponential) 71% (745/1044) regret=0.102315 ape=0.5576
[17:54:25] warmStart (decay=exponential) 71% (746/1044) regret=0.102315 ape=0.5576
[17:54:25] warmStart (decay=exponential) 71% (747/1044) regret=0.102315 ape=0.5576
[17:54:25] warmStart (decay=exponential) 71% (748/1044) regret=0.102315 ape=0.5576
[17:54:25] warmStart (decay=exponential) 71% (749/1044) regret=0.102315 ape=0.5576
[17:54:26] warmStart (decay=exponential) 71% (750/1044) regret=0.102315 ape=0.5576
[17:54:26] warmStart (decay=exponential) 71% (751/1044) regret=0.102315 ape=0.5576
[17:54:26] warmStart (decay=exponential) 72% (752/1044) regret=0.102315 ape=0.5576
[17:54:26] warmStart (decay=exponential) 72% (753/1044) regret=0.102315 ape=0.5576
[17:54:27] warmStart (decay=exponential) 72% (754/1044) regret=0.102315 ape=0.5576
[17:54:27] warmStart (decay=exponential) 72% (755/1044) regret=0.102315 ape=0.5576
[17:54:27] warmStart (decay=exponential) 72% (756/1044) regret=0.102315 ape=0.5576
[17:54:27] warmStart (decay=exponential) 72% (757/1044) regret=0.102315 ape=0.5576
[17:54:28] warmStart (decay=exponential) 72% (758/1044) regret=0.102315 ape=0.5576
[17:54:28] warmStart (decay=exponential) 72% (759/1044) regret=0.102315 ape=0.5576
[17:54:28] warmStart (decay=exponential) 72% (760/1044) regret=0.102315 ape=0.5576
[17:54:28] warmStart (decay=exponential) 72% (761/1044) regret=0.102315 ape=0.5576
[17:54:29] warmStart (decay=exponential) 72% (762/1044) regret=0.102315 ape=0.5576
[17:54:29] warmStart (decay=exponential) 73% (763/1044) regret=0.102315 ape=0.5576
[17:54:29] warmStart (decay=exponential) 73% (764/1044) regret=0.102315 ape=0.5576
[17:54:29] warmStart (decay=exponential) 73% (765/1044) regret=0.102315 ape=0.5576
[17:54:30] warmStart (decay=exponential) 73% (766/1044) regret=0.102315 ape=0.5576
[17:54:30] warmStart (decay=exponential) 73% (767/1044) regret=0.102315 ape=0.5576
[17:54:30] warmStart (decay=exponential) 73% (768/1044) regret=0.102315 ape=0.5576
[17:54:30] warmStart (decay=exponential) 73% (769/1044) regret=0.102315 ape=0.5576
[17:54:31] warmStart (decay=exponential) 73% (770/1044) regret=0.102315 ape=0.5576
[17:54:31] warmStart (decay=exponential) 73% (771/1044) regret=0.102315 ape=0.5576
[17:54:31] warmStart (decay=exponential) 73% (772/1044) regret=0.102315 ape=0.5576
[17:54:31] warmStart (decay=exponential) 74% (773/1044) regret=0.102315 ape=0.5576
[17:54:32] warmStart (decay=exponential) 74% (774/1044) regret=0.102315 ape=0.5576
[17:54:32] warmStart (decay=exponential) 74% (775/1044) regret=0.102315 ape=0.5576
[17:54:32] warmStart (decay=exponential) 74% (776/1044) regret=0.102315 ape=0.5576
[17:54:32] warmStart (decay=exponential) 74% (777/1044) regret=0.102315 ape=0.5576
[17:54:33] warmStart (decay=exponential) 74% (778/1044) regret=0.102315 ape=0.5576
[17:54:33] warmStart (decay=exponential) 74% (779/1044) regret=0.102315 ape=0.5576
[17:54:33] warmStart (decay=exponential) 74% (780/1044) regret=0.102315 ape=0.5576
[17:54:33] warmStart (decay=exponential) 74% (781/1044) regret=0.102315 ape=0.5576
[17:54:34] warmStart (decay=exponential) 74% (782/1044) regret=0.102315 ape=0.5576
[17:54:34] warmStart (decay=exponential) 75% (783/1044) regret=0.102315 ape=0.5576
[17:54:34] warmStart (decay=exponential) 75% (784/1044) regret=0.102315 ape=0.5576
[17:54:34] warmStart (decay=exponential) 75% (785/1044) regret=0.102315 ape=0.5576
[17:54:35] warmStart (decay=exponential) 75% (786/1044) regret=0.102315 ape=0.5576
[17:54:35] warmStart (decay=exponential) 75% (787/1044) regret=0.102315 ape=0.5576
[17:54:35] warmStart (decay=exponential) 75% (788/1044) regret=0.102315 ape=0.5576
[17:54:35] warmStart (decay=exponential) 75% (789/1044) regret=0.102315 ape=0.5576
[17:54:36] warmStart (decay=exponential) 75% (790/1044) regret=0.102315 ape=0.5576
[17:54:36] warmStart (decay=exponential) 75% (791/1044) regret=0.102315 ape=0.5576
[17:54:36] warmStart (decay=exponential) 75% (792/1044) regret=0.102315 ape=0.5576
[17:54:37] warmStart (decay=exponential) 75% (793/1044) regret=0.102315 ape=0.5576
[17:54:37] warmStart (decay=exponential) 76% (794/1044) regret=0.102315 ape=0.5576
[17:54:37] warmStart (decay=exponential) 76% (795/1044) regret=0.102315 ape=0.5576
[17:54:37] warmStart (decay=exponential) 76% (796/1044) regret=0.102315 ape=0.5576
[17:54:37] warmStart (decay=exponential) 76% (797/1044) regret=0.102315 ape=0.5576
[17:54:38] warmStart (decay=exponential) 76% (798/1044) regret=0.102315 ape=0.5576
[17:54:38] warmStart (decay=exponential) 76% (799/1044) regret=0.102315 ape=0.5576
[17:54:38] warmStart (decay=exponential) 76% (800/1044) regret=0.102315 ape=0.5576
[17:54:38] warmStart (decay=exponential) 76% (801/1044) regret=0.102315 ape=0.5576
[17:54:39] warmStart (decay=exponential) 76% (802/1044) regret=0.102315 ape=0.5576
[17:54:39] warmStart (decay=exponential) 76% (803/1044) regret=0.102315 ape=0.5576
[17:54:39] warmStart (decay=exponential) 77% (804/1044) regret=0.102315 ape=0.5576
[17:54:39] warmStart (decay=exponential) 77% (805/1044) regret=0.102315 ape=0.5576
[17:54:40] warmStart (decay=exponential) 77% (806/1044) regret=0.102315 ape=0.5576
[17:54:40] warmStart (decay=exponential) 77% (807/1044) regret=0.102315 ape=0.5576
[17:54:40] warmStart (decay=exponential) 77% (808/1044) regret=0.102315 ape=0.5576
[17:54:40] warmStart (decay=exponential) 77% (809/1044) regret=0.102315 ape=0.5576
[17:54:41] warmStart (decay=exponential) 77% (810/1044) regret=0.102315 ape=0.5576
[17:54:41] warmStart (decay=exponential) 77% (811/1044) regret=0.102315 ape=0.5576
[17:54:41] warmStart (decay=exponential) 77% (812/1044) regret=0.102315 ape=0.5576
[17:54:41] warmStart (decay=exponential) 77% (813/1044) regret=0.102315 ape=0.5576
[17:54:42] warmStart (decay=exponential) 77% (814/1044) regret=0.102315 ape=0.5576
[17:54:42] warmStart (decay=exponential) 78% (815/1044) regret=0.102315 ape=0.5576
[17:54:42] warmStart (decay=exponential) 78% (816/1044) regret=0.102315 ape=0.5576
[17:54:42] warmStart (decay=exponential) 78% (817/1044) regret=0.102315 ape=0.5576
[17:54:43] warmStart (decay=exponential) 78% (818/1044) regret=0.102315 ape=0.5576
[17:54:43] warmStart (decay=exponential) 78% (819/1044) regret=0.102315 ape=0.5576
[17:54:43] warmStart (decay=exponential) 78% (820/1044) regret=0.102315 ape=0.5576
[17:54:43] warmStart (decay=exponential) 78% (821/1044) regret=0.102315 ape=0.5576
[17:54:44] warmStart (decay=exponential) 78% (822/1044) regret=0.102315 ape=0.5576
[17:54:44] warmStart (decay=exponential) 78% (823/1044) regret=0.102315 ape=0.5576
[17:54:44] warmStart (decay=exponential) 78% (824/1044) regret=0.102315 ape=0.5576
[17:54:44] warmStart (decay=exponential) 79% (825/1044) regret=0.102315 ape=0.5576
[17:54:45] warmStart (decay=exponential) 79% (826/1044) regret=0.102315 ape=0.5576
[17:54:45] warmStart (decay=exponential) 79% (827/1044) regret=0.102315 ape=0.5576
[17:54:45] warmStart (decay=exponential) 79% (828/1044) regret=0.102315 ape=0.5576
[17:54:45] warmStart (decay=exponential) 79% (829/1044) regret=0.102315 ape=0.5576
[17:54:46] warmStart (decay=exponential) 79% (830/1044) regret=0.102315 ape=0.5576
[17:54:46] warmStart (decay=exponential) 79% (831/1044) regret=0.102315 ape=0.5576
[17:54:46] warmStart (decay=exponential) 79% (832/1044) regret=0.102315 ape=0.5576
[17:54:47] warmStart (decay=exponential) 79% (833/1044) regret=0.102315 ape=0.5576
[17:54:47] warmStart (decay=exponential) 79% (834/1044) regret=0.102315 ape=0.5576
[17:54:47] warmStart (decay=exponential) 79% (835/1044) regret=0.102315 ape=0.5576
[17:54:47] warmStart (decay=exponential) 80% (836/1044) regret=0.102315 ape=0.5576
[17:54:48] warmStart (decay=exponential) 80% (837/1044) regret=0.102315 ape=0.5576
[17:54:48] warmStart (decay=exponential) 80% (838/1044) regret=0.102315 ape=0.5576
[17:54:48] warmStart (decay=exponential) 80% (839/1044) regret=0.102315 ape=0.5576
[17:54:48] warmStart (decay=exponential) 80% (840/1044) regret=0.102315 ape=0.5576
[17:54:49] warmStart (decay=exponential) 80% (841/1044) regret=0.102315 ape=0.5576
[17:54:49] warmStart (decay=exponential) 80% (842/1044) regret=0.102315 ape=0.5576
[17:54:49] warmStart (decay=exponential) 80% (843/1044) regret=0.102315 ape=0.5576
[17:54:49] warmStart (decay=exponential) 80% (844/1044) regret=0.102315 ape=0.5576
[17:54:50] warmStart (decay=exponential) 80% (845/1044) regret=0.102315 ape=0.5576
[17:54:50] warmStart (decay=exponential) 81% (846/1044) regret=0.102315 ape=0.5576
[17:54:50] warmStart (decay=exponential) 81% (847/1044) regret=0.102278 ape=0.5567
[17:54:50] warmStart (decay=exponential) 81% (848/1044) regret=0.102278 ape=0.5567
[17:54:51] warmStart (decay=exponential) 81% (849/1044) regret=0.102278 ape=0.5567
[17:54:51] warmStart (decay=exponential) 81% (850/1044) regret=0.102278 ape=0.5567
[17:54:51] warmStart (decay=exponential) 81% (851/1044) regret=0.102297 ape=0.5576
[17:54:51] warmStart (decay=exponential) 81% (852/1044) regret=0.102297 ape=0.5576
[17:54:52] warmStart (decay=exponential) 81% (853/1044) regret=0.102297 ape=0.5576
[17:54:52] warmStart (decay=exponential) 81% (854/1044) regret=0.102297 ape=0.5576
[17:54:52] warmStart (decay=exponential) 81% (855/1044) regret=0.102297 ape=0.5576
[17:54:52] warmStart (decay=exponential) 81% (856/1044) regret=0.102297 ape=0.5576
[17:54:53] warmStart (decay=exponential) 82% (857/1044) regret=0.102297 ape=0.5576
[17:54:53] warmStart (decay=exponential) 82% (858/1044) regret=0.102297 ape=0.5576
[17:54:53] warmStart (decay=exponential) 82% (859/1044) regret=0.102297 ape=0.5576
[17:54:53] warmStart (decay=exponential) 82% (860/1044) regret=0.102297 ape=0.5576
[17:54:54] warmStart (decay=exponential) 82% (861/1044) regret=0.102297 ape=0.5576
[17:54:54] warmStart (decay=exponential) 82% (862/1044) regret=0.102297 ape=0.5576
[17:54:54] warmStart (decay=exponential) 82% (863/1044) regret=0.102297 ape=0.5576
[17:54:54] warmStart (decay=exponential) 82% (864/1044) regret=0.102297 ape=0.5576
[17:54:55] warmStart (decay=exponential) 82% (865/1044) regret=0.102297 ape=0.5576
[17:54:55] warmStart (decay=exponential) 82% (866/1044) regret=0.102297 ape=0.5576
[17:54:55] warmStart (decay=exponential) 83% (867/1044) regret=0.102297 ape=0.5576
[17:54:55] warmStart (decay=exponential) 83% (868/1044) regret=0.102297 ape=0.5576
[17:54:56] warmStart (decay=exponential) 83% (869/1044) regret=0.102297 ape=0.5576
[17:54:56] warmStart (decay=exponential) 83% (870/1044) regret=0.102297 ape=0.5576
[17:54:56] warmStart (decay=exponential) 83% (871/1044) regret=0.102297 ape=0.5576
[17:54:56] warmStart (decay=exponential) 83% (872/1044) regret=0.102297 ape=0.5576
[17:54:57] warmStart (decay=exponential) 83% (873/1044) regret=0.102297 ape=0.5576
[17:54:57] warmStart (decay=exponential) 83% (874/1044) regret=0.102297 ape=0.5576
[17:54:57] warmStart (decay=exponential) 83% (875/1044) regret=0.102297 ape=0.5576
[17:54:57] warmStart (decay=exponential) 83% (876/1044) regret=0.102297 ape=0.5576
[17:54:58] warmStart (decay=exponential) 84% (877/1044) regret=0.102278 ape=0.5567
[17:54:58] warmStart (decay=exponential) 84% (878/1044) regret=0.102278 ape=0.5567
[17:54:58] warmStart (decay=exponential) 84% (879/1044) regret=0.102278 ape=0.5567
[17:54:59] warmStart (decay=exponential) 84% (880/1044) regret=0.102278 ape=0.5567
[17:54:59] warmStart (decay=exponential) 84% (881/1044) regret=0.102297 ape=0.5576
[17:54:59] warmStart (decay=exponential) 84% (882/1044) regret=0.102297 ape=0.5576
[17:54:59] warmStart (decay=exponential) 84% (883/1044) regret=0.102205 ape=0.5567
[17:54:59] warmStart (decay=exponential) 84% (884/1044) regret=0.102205 ape=0.5567
[17:55:00] warmStart (decay=exponential) 84% (885/1044) regret=0.102205 ape=0.5567
[17:55:00] warmStart (decay=exponential) 84% (886/1044) regret=0.102205 ape=0.5567
[17:55:00] warmStart (decay=exponential) 84% (887/1044) regret=0.102205 ape=0.5567
[17:55:00] warmStart (decay=exponential) 85% (888/1044) regret=0.102205 ape=0.5567
[17:55:01] warmStart (decay=exponential) 85% (889/1044) regret=0.102205 ape=0.5567
[17:55:01] warmStart (decay=exponential) 85% (890/1044) regret=0.102205 ape=0.5567
[17:55:01] warmStart (decay=exponential) 85% (891/1044) regret=0.102205 ape=0.5567
[17:55:01] warmStart (decay=exponential) 85% (892/1044) regret=0.102205 ape=0.5567
[17:55:01] warmStart (decay=exponential) 85% (893/1044) regret=0.102205 ape=0.5567
[17:55:02] warmStart (decay=exponential) 85% (894/1044) regret=0.102205 ape=0.5567
[17:55:02] warmStart (decay=exponential) 85% (895/1044) regret=0.102205 ape=0.5567
[17:55:02] warmStart (decay=exponential) 85% (896/1044) regret=0.102205 ape=0.5567
[17:55:02] warmStart (decay=exponential) 85% (897/1044) regret=0.102205 ape=0.5567
[17:55:02] warmStart (decay=exponential) 86% (898/1044) regret=0.102205 ape=0.5567
[17:55:03] warmStart (decay=exponential) 86% (899/1044) regret=0.102205 ape=0.5567
[17:55:03] warmStart (decay=exponential) 86% (900/1044) regret=0.102205 ape=0.5567
[17:55:03] warmStart (decay=exponential) 86% (901/1044) regret=0.102205 ape=0.5567
[17:55:03] warmStart (decay=exponential) 86% (902/1044) regret=0.102205 ape=0.5567
[17:55:04] warmStart (decay=exponential) 86% (903/1044) regret=0.102205 ape=0.5567
[17:55:04] warmStart (decay=exponential) 86% (904/1044) regret=0.102205 ape=0.5567
[17:55:04] warmStart (decay=exponential) 86% (905/1044) regret=0.102205 ape=0.5567
[17:55:04] warmStart (decay=exponential) 86% (906/1044) regret=0.102205 ape=0.5567
[17:55:04] warmStart (decay=exponential) 86% (907/1044) regret=0.102205 ape=0.5567
[17:55:05] warmStart (decay=exponential) 86% (908/1044) regret=0.102205 ape=0.5567
[17:55:05] warmStart (decay=exponential) 87% (909/1044) regret=0.102205 ape=0.5567
[17:55:05] warmStart (decay=exponential) 87% (910/1044) regret=0.102205 ape=0.5567
[17:55:05] warmStart (decay=exponential) 87% (911/1044) regret=0.102205 ape=0.5567
[17:55:06] warmStart (decay=exponential) 87% (912/1044) regret=0.102205 ape=0.5567
[17:55:06] warmStart (decay=exponential) 87% (913/1044) regret=0.102205 ape=0.5567
[17:55:06] warmStart (decay=exponential) 87% (914/1044) regret=0.102205 ape=0.5567
[17:55:06] warmStart (decay=exponential) 87% (915/1044) regret=0.102205 ape=0.5567
[17:55:06] warmStart (decay=exponential) 87% (916/1044) regret=0.102205 ape=0.5567
[17:55:07] warmStart (decay=exponential) 87% (917/1044) regret=0.102205 ape=0.5567
[17:55:07] warmStart (decay=exponential) 87% (918/1044) regret=0.102205 ape=0.5567
[17:55:07] warmStart (decay=exponential) 88% (919/1044) regret=0.102205 ape=0.5567
[17:55:07] warmStart (decay=exponential) 88% (920/1044) regret=0.102205 ape=0.5567
[17:55:08] warmStart (decay=exponential) 88% (921/1044) regret=0.102205 ape=0.5567
[17:55:08] warmStart (decay=exponential) 88% (922/1044) regret=0.102205 ape=0.5567
[17:55:08] warmStart (decay=exponential) 88% (923/1044) regret=0.102205 ape=0.5567
[17:55:08] warmStart (decay=exponential) 88% (924/1044) regret=0.102205 ape=0.5567
[17:55:08] warmStart (decay=exponential) 88% (925/1044) regret=0.102205 ape=0.5567
[17:55:09] warmStart (decay=exponential) 88% (926/1044) regret=0.102205 ape=0.5567
[17:55:09] warmStart (decay=exponential) 88% (927/1044) regret=0.102205 ape=0.5567
[17:55:09] warmStart (decay=exponential) 88% (928/1044) regret=0.102205 ape=0.5567
[17:55:09] warmStart (decay=exponential) 88% (929/1044) regret=0.102205 ape=0.5567
[17:55:09] warmStart (decay=exponential) 89% (930/1044) regret=0.102205 ape=0.5567
[17:55:10] warmStart (decay=exponential) 89% (931/1044) regret=0.102205 ape=0.5567
[17:55:10] warmStart (decay=exponential) 89% (932/1044) regret=0.102205 ape=0.5567
[17:55:10] warmStart (decay=exponential) 89% (933/1044) regret=0.102205 ape=0.5567
[17:55:10] warmStart (decay=exponential) 89% (934/1044) regret=0.102205 ape=0.5567
[17:55:10] warmStart (decay=exponential) 89% (935/1044) regret=0.102205 ape=0.5567
[17:55:11] warmStart (decay=exponential) 89% (936/1044) regret=0.102205 ape=0.5567
[17:55:11] warmStart (decay=exponential) 89% (937/1044) regret=0.102205 ape=0.5567
[17:55:11] warmStart (decay=exponential) 89% (938/1044) regret=0.102205 ape=0.5567
[17:55:11] warmStart (decay=exponential) 89% (939/1044) regret=0.102205 ape=0.5567
[17:55:11] warmStart (decay=exponential) 90% (940/1044) regret=0.102205 ape=0.5567
[17:55:12] warmStart (decay=exponential) 90% (941/1044) regret=0.102205 ape=0.5567
[17:55:12] warmStart (decay=exponential) 90% (942/1044) regret=0.102205 ape=0.5567
[17:55:12] warmStart (decay=exponential) 90% (943/1044) regret=0.102205 ape=0.5567
[17:55:12] warmStart (decay=exponential) 90% (944/1044) regret=0.102205 ape=0.5567
[17:55:12] warmStart (decay=exponential) 90% (945/1044) regret=0.102205 ape=0.5567
[17:55:13] warmStart (decay=exponential) 90% (946/1044) regret=0.102205 ape=0.5567
[17:55:13] warmStart (decay=exponential) 90% (947/1044) regret=0.102205 ape=0.5567
[17:55:13] warmStart (decay=exponential) 90% (948/1044) regret=0.102205 ape=0.5567
[17:55:13] warmStart (decay=exponential) 90% (949/1044) regret=0.102205 ape=0.5567
[17:55:13] warmStart (decay=exponential) 90% (950/1044) regret=0.102205 ape=0.5567
[17:55:14] warmStart (decay=exponential) 91% (951/1044) regret=0.102205 ape=0.5567
[17:55:14] warmStart (decay=exponential) 91% (952/1044) regret=0.102205 ape=0.5567
[17:55:14] warmStart (decay=exponential) 91% (953/1044) regret=0.102205 ape=0.5567
[17:55:14] warmStart (decay=exponential) 91% (954/1044) regret=0.102205 ape=0.5567
[17:55:14] warmStart (decay=exponential) 91% (955/1044) regret=0.102205 ape=0.5567
[17:55:15] warmStart (decay=exponential) 91% (956/1044) regret=0.102205 ape=0.5567
[17:55:15] warmStart (decay=exponential) 91% (957/1044) regret=0.102205 ape=0.5567
[17:55:15] warmStart (decay=exponential) 91% (958/1044) regret=0.102205 ape=0.5567
[17:55:15] warmStart (decay=exponential) 91% (959/1044) regret=0.102205 ape=0.5567
[17:55:16] warmStart (decay=exponential) 91% (960/1044) regret=0.102205 ape=0.5567
[17:55:16] warmStart (decay=exponential) 92% (961/1044) regret=0.102205 ape=0.5567
[17:55:16] warmStart (decay=exponential) 92% (962/1044) regret=0.102205 ape=0.5567
[17:55:16] warmStart (decay=exponential) 92% (963/1044) regret=0.102205 ape=0.5567
[17:55:16] warmStart (decay=exponential) 92% (964/1044) regret=0.102205 ape=0.5567
[17:55:17] warmStart (decay=exponential) 92% (965/1044) regret=0.102205 ape=0.5567
[17:55:17] warmStart (decay=exponential) 92% (966/1044) regret=0.102205 ape=0.5567
[17:55:17] warmStart (decay=exponential) 92% (967/1044) regret=0.102205 ape=0.5567
[17:55:17] warmStart (decay=exponential) 92% (968/1044) regret=0.102205 ape=0.5567
[17:55:17] warmStart (decay=exponential) 92% (969/1044) regret=0.102205 ape=0.5567
[17:55:18] warmStart (decay=exponential) 92% (970/1044) regret=0.102205 ape=0.5567
[17:55:18] warmStart (decay=exponential) 93% (971/1044) regret=0.102205 ape=0.5567
[17:55:18] warmStart (decay=exponential) 93% (972/1044) regret=0.102205 ape=0.5567
[17:55:18] warmStart (decay=exponential) 93% (973/1044) regret=0.102205 ape=0.5567
[17:55:18] warmStart (decay=exponential) 93% (974/1044) regret=0.102205 ape=0.5567
[17:55:19] warmStart (decay=exponential) 93% (975/1044) regret=0.102205 ape=0.5567
[17:55:19] warmStart (decay=exponential) 93% (976/1044) regret=0.102205 ape=0.5567
[17:55:19] warmStart (decay=exponential) 93% (977/1044) regret=0.102205 ape=0.5567
[17:55:19] warmStart (decay=exponential) 93% (978/1044) regret=0.102205 ape=0.5567
[17:55:19] warmStart (decay=exponential) 93% (979/1044) regret=0.102205 ape=0.5567
[17:55:20] warmStart (decay=exponential) 93% (980/1044) regret=0.102205 ape=0.5567
[17:55:20] warmStart (decay=exponential) 93% (981/1044) regret=0.102205 ape=0.5567
[17:55:20] warmStart (decay=exponential) 94% (982/1044) regret=0.102205 ape=0.5567
[17:55:20] warmStart (decay=exponential) 94% (983/1044) regret=0.102205 ape=0.5567
[17:55:21] warmStart (decay=exponential) 94% (984/1044) regret=0.102205 ape=0.5567
[17:55:21] warmStart (decay=exponential) 94% (985/1044) regret=0.102205 ape=0.5567
[17:55:21] warmStart (decay=exponential) 94% (986/1044) regret=0.102205 ape=0.5567
[17:55:21] warmStart (decay=exponential) 94% (987/1044) regret=0.102205 ape=0.5567
[17:55:21] warmStart (decay=exponential) 94% (988/1044) regret=0.102205 ape=0.5567
[17:55:22] warmStart (decay=exponential) 94% (989/1044) regret=0.102205 ape=0.5567
[17:55:22] warmStart (decay=exponential) 94% (990/1044) regret=0.102205 ape=0.5567
[17:55:22] warmStart (decay=exponential) 94% (991/1044) regret=0.102205 ape=0.5567
[17:55:22] warmStart (decay=exponential) 95% (992/1044) regret=0.102205 ape=0.5567
[17:55:22] warmStart (decay=exponential) 95% (993/1044) regret=0.102205 ape=0.5567
[17:55:23] warmStart (decay=exponential) 95% (994/1044) regret=0.102205 ape=0.5567
[17:55:23] warmStart (decay=exponential) 95% (995/1044) regret=0.102205 ape=0.5567
[17:55:23] warmStart (decay=exponential) 95% (996/1044) regret=0.102205 ape=0.5567
[17:55:23] warmStart (decay=exponential) 95% (997/1044) regret=0.102205 ape=0.5567
[17:55:24] warmStart (decay=exponential) 95% (998/1044) regret=0.102205 ape=0.5567
[17:55:24] warmStart (decay=exponential) 95% (999/1044) regret=0.102205 ape=0.5567
[17:55:24] warmStart (decay=exponential) 95% (1000/1044) regret=0.102205 ape=0.5567
[17:55:24] warmStart (decay=exponential) 95% (1001/1044) regret=0.102205 ape=0.5567
[17:55:24] warmStart (decay=exponential) 95% (1002/1044) regret=0.102205 ape=0.5567
[17:55:25] warmStart (decay=exponential) 96% (1003/1044) regret=0.102205 ape=0.5567
[17:55:25] warmStart (decay=exponential) 96% (1004/1044) regret=0.102205 ape=0.5567
[17:55:25] warmStart (decay=exponential) 96% (1005/1044) regret=0.102205 ape=0.5567
[17:55:25] warmStart (decay=exponential) 96% (1006/1044) regret=0.102205 ape=0.5567
[17:55:25] warmStart (decay=exponential) 96% (1007/1044) regret=0.102205 ape=0.5567
[17:55:26] warmStart (decay=exponential) 96% (1008/1044) regret=0.102205 ape=0.5567
[17:55:26] warmStart (decay=exponential) 96% (1009/1044) regret=0.102205 ape=0.5567
[17:55:26] warmStart (decay=exponential) 96% (1010/1044) regret=0.102205 ape=0.5567
[17:55:26] warmStart (decay=exponential) 96% (1011/1044) regret=0.102205 ape=0.5567
[17:55:26] warmStart (decay=exponential) 96% (1012/1044) regret=0.102205 ape=0.5567
[17:55:27] warmStart (decay=exponential) 97% (1013/1044) regret=0.102205 ape=0.5567
[17:55:27] warmStart (decay=exponential) 97% (1014/1044) regret=0.102205 ape=0.5567
[17:55:27] warmStart (decay=exponential) 97% (1015/1044) regret=0.102205 ape=0.5567
[17:55:27] warmStart (decay=exponential) 97% (1016/1044) regret=0.102205 ape=0.5567
[17:55:28] warmStart (decay=exponential) 97% (1017/1044) regret=0.102205 ape=0.5567
[17:55:28] warmStart (decay=exponential) 97% (1018/1044) regret=0.102205 ape=0.5567
[17:55:28] warmStart (decay=exponential) 97% (1019/1044) regret=0.102205 ape=0.5567
[17:55:28] warmStart (decay=exponential) 97% (1020/1044) regret=0.102205 ape=0.5567
[17:55:28] warmStart (decay=exponential) 97% (1021/1044) regret=0.102205 ape=0.5567
[17:55:29] warmStart (decay=exponential) 97% (1022/1044) regret=0.102205 ape=0.5567
[17:55:29] warmStart (decay=exponential) 97% (1023/1044) regret=0.102205 ape=0.5567
[17:55:29] warmStart (decay=exponential) 98% (1024/1044) regret=0.102205 ape=0.5567
[17:55:29] warmStart (decay=exponential) 98% (1025/1044) regret=0.102205 ape=0.5567
[17:55:30] warmStart (decay=exponential) 98% (1026/1044) regret=0.102205 ape=0.5567
[17:55:30] warmStart (decay=exponential) 98% (1027/1044) regret=0.102205 ape=0.5567
[17:55:30] warmStart (decay=exponential) 98% (1028/1044) regret=0.102205 ape=0.5567
[17:55:30] warmStart (decay=exponential) 98% (1029/1044) regret=0.102260 ape=0.5576
[17:55:30] warmStart (decay=exponential) 98% (1030/1044) regret=0.102205 ape=0.5567
[17:55:31] warmStart (decay=exponential) 98% (1031/1044) regret=0.102205 ape=0.5567
[17:55:31] warmStart (decay=exponential) 98% (1032/1044) regret=0.102205 ape=0.5567
[17:55:31] warmStart (decay=exponential) 98% (1033/1044) regret=0.102205 ape=0.5567
[17:55:31] warmStart (decay=exponential) 99% (1034/1044) regret=0.102205 ape=0.5567
[17:55:31] warmStart (decay=exponential) 99% (1035/1044) regret=0.102205 ape=0.5567
[17:55:32] warmStart (decay=exponential) 99% (1036/1044) regret=0.102232 ape=0.5567
[17:55:32] warmStart (decay=exponential) 99% (1037/1044) regret=0.102131 ape=0.5567
[17:55:32] warmStart (decay=exponential) 99% (1038/1044) regret=0.102131 ape=0.5567
[17:55:32] warmStart (decay=exponential) 99% (1039/1044) regret=0.102214 ape=0.5567
[17:55:33] warmStart (decay=exponential) 99% (1040/1044) regret=0.102214 ape=0.5567
[17:55:33] warmStart (decay=exponential) 99% (1041/1044) regret=0.102214 ape=0.5567
[17:55:33] warmStart (decay=exponential) 99% (1042/1044) regret=0.102131 ape=0.5567
[17:55:33] warmStart (decay=exponential) 99% (1043/1044) regret=0.102131 ape=0.5567
Warm w=200 finished: 1043 points, 224.07s wall time
  Final: regret=0.102131, ape=0.5567

Saved: /home/users/g/s/gsavary/LudiiMCTSVariations/slurm_sweep_full_dataset/output_decay/warm_200_decay_exponential_0_10/seed_3/sweep_decay_warm_200_exponential_0.1_3_20260426_175533.json

Generating plots...
Saved: /home/users/g/s/gsavary/LudiiMCTSVariations/slurm_sweep_full_dataset/output_decay/warm_200_decay_exponential_0_10/seed_3/sweep_decay_warm_200_exponential_0.1_3_20260426_175533_regret.png
Saved: /home/users/g/s/gsavary/LudiiMCTSVariations/slurm_sweep_full_dataset/output_decay/warm_200_decay_exponential_0_10/seed_3/sweep_decay_warm_200_exponential_0.1_3_20260426_175533_ape.png

================================================================================
Experiment complete!
================================================================================
Done. Results in: /home/users/g/s/gsavary/LudiiMCTSVariations/slurm_sweep_full_dataset/output_decay/warm_200_decay_exponential_0_10/seed_3
