============================================================
Fractional warm start experiment
Method: warm
Seed:   1
Output: /home/users/g/s/gsavary/LudiiMCTSVariations/slurm_sweep_full_dataset/output_fractional/warm/seed_1
============================================================

================================================================================
SLURM Sweep Experiment - Single Fractional Sample Warm Start
================================================================================
Method:          warm
Time limit:      3600.0s
Seed:            1
Batch size:      20
Output dir:      /home/users/g/s/gsavary/LudiiMCTSVariations/slurm_sweep_full_dataset/output_fractional/warm/seed_1

Loading Ludii dataset...
Loaded 1085 games
Using 1085 games (full dataset)

Running timing probe (100 pulls)...
  Estimated secs/pull: 0.021872

Time budget: 3600.0s → ~164596 total pulls
Per-method budget: 23513 pulls (~514.3s)

Computing predictor-only performance...
  Predictions loaded: 23675 agent predictions
  Predictor-only: regret=0.104318, ape=0.4894

Running FRACTIONAL WARM START (1 sample per arm = ML predicted probability)...
[22:40:18] warmStart 0% (0/1176) regret=0.104318 ape=0.4894
[22:40:18] warmStart 0% (1/1176) regret=0.104318 ape=0.4894
[22:40:18] warmStart 0% (2/1176) regret=0.104318 ape=0.4894
[22:40:19] warmStart 0% (3/1176) regret=0.104318 ape=0.4894
[22:40:19] warmStart 0% (4/1176) regret=0.104318 ape=0.4894
[22:40:19] warmStart 0% (5/1176) regret=0.104318 ape=0.4894
[22:40:19] warmStart 0% (6/1176) regret=0.104318 ape=0.4894
[22:40:19] warmStart 0% (7/1176) regret=0.104318 ape=0.4894
[22:40:19] warmStart 0% (8/1176) regret=0.104318 ape=0.4894
[22:40:19] warmStart 0% (9/1176) regret=0.104318 ape=0.4894
[22:40:20] warmStart 0% (10/1176) regret=0.104318 ape=0.4894
[22:40:20] warmStart 0% (11/1176) regret=0.104258 ape=0.4876
[22:40:20] warmStart 1% (12/1176) regret=0.104148 ape=0.4876
[22:40:20] warmStart 1% (13/1176) regret=0.104148 ape=0.4876
[22:40:20] warmStart 1% (14/1176) regret=0.104189 ape=0.4894
[22:40:20] warmStart 1% (15/1176) regret=0.104315 ape=0.4903
[22:40:20] warmStart 1% (16/1176) regret=0.103931 ape=0.4894
[22:40:20] warmStart 1% (17/1176) regret=0.103938 ape=0.4894
[22:40:21] warmStart 1% (18/1176) regret=0.104232 ape=0.4903
[22:40:21] warmStart 1% (19/1176) regret=0.104165 ape=0.4885
[22:40:21] warmStart 1% (20/1176) regret=0.104158 ape=0.4876
[22:40:21] warmStart 1% (21/1176) regret=0.104329 ape=0.4885
[22:40:21] warmStart 1% (22/1176) regret=0.104305 ape=0.4894
[22:40:21] warmStart 1% (23/1176) regret=0.104185 ape=0.4894
[22:40:21] warmStart 2% (24/1176) regret=0.104110 ape=0.4903
[22:40:22] warmStart 2% (25/1176) regret=0.104110 ape=0.4903
[22:40:22] warmStart 2% (26/1176) regret=0.104331 ape=0.4903
[22:40:22] warmStart 2% (27/1176) regret=0.104367 ape=0.4903
[22:40:22] warmStart 2% (28/1176) regret=0.103897 ape=0.4894
[22:40:22] warmStart 2% (29/1176) regret=0.103920 ape=0.4903
[22:40:22] warmStart 2% (30/1176) regret=0.103773 ape=0.4894
[22:40:22] warmStart 2% (31/1176) regret=0.103773 ape=0.4894
[22:40:23] warmStart 2% (32/1176) regret=0.103481 ape=0.4922
[22:40:23] warmStart 2% (33/1176) regret=0.103357 ape=0.4968
[22:40:23] warmStart 2% (34/1176) regret=0.101750 ape=0.5005
[22:40:23] warmStart 2% (35/1176) regret=0.101706 ape=0.5005
[22:40:23] warmStart 3% (36/1176) regret=0.101068 ape=0.5014
[22:40:23] warmStart 3% (37/1176) regret=0.100795 ape=0.5023
[22:40:23] warmStart 3% (38/1176) regret=0.100411 ape=0.5014
[22:40:24] warmStart 3% (39/1176) regret=0.100369 ape=0.5060
[22:40:24] warmStart 3% (40/1176) regret=0.100556 ape=0.5060
[22:40:24] warmStart 3% (41/1176) regret=0.100640 ape=0.5069
[22:40:24] warmStart 3% (42/1176) regret=0.100640 ape=0.5069
[22:40:24] warmStart 3% (43/1176) regret=0.100640 ape=0.5069
[22:40:24] warmStart 3% (44/1176) regret=0.100640 ape=0.5069
[22:40:24] warmStart 3% (45/1176) regret=0.100640 ape=0.5069
[22:40:25] warmStart 3% (46/1176) regret=0.100640 ape=0.5069
[22:40:25] warmStart 3% (47/1176) regret=0.100640 ape=0.5069
[22:40:25] warmStart 4% (48/1176) regret=0.099424 ape=0.5069
[22:40:25] warmStart 4% (49/1176) regret=0.097480 ape=0.5051
[22:40:25] warmStart 4% (50/1176) regret=0.095618 ape=0.5041
[22:40:25] warmStart 4% (51/1176) regret=0.094213 ape=0.5032
[22:40:25] warmStart 4% (52/1176) regret=0.093010 ape=0.5032
[22:40:26] warmStart 4% (53/1176) regret=0.093010 ape=0.5032
[22:40:26] warmStart 4% (54/1176) regret=0.093000 ape=0.5032
[22:40:26] warmStart 4% (55/1176) regret=0.093000 ape=0.5032
[22:40:26] warmStart 4% (56/1176) regret=0.093000 ape=0.5032
[22:40:26] warmStart 4% (57/1176) regret=0.093094 ape=0.5032
[22:40:26] warmStart 4% (58/1176) regret=0.093094 ape=0.5032
[22:40:26] warmStart 5% (59/1176) regret=0.092187 ape=0.5032
[22:40:27] warmStart 5% (60/1176) regret=0.090730 ape=0.5014
[22:40:27] warmStart 5% (61/1176) regret=0.087885 ape=0.4968
[22:40:27] warmStart 5% (62/1176) regret=0.082495 ape=0.4931
[22:40:27] warmStart 5% (63/1176) regret=0.080710 ape=0.4903
[22:40:27] warmStart 5% (64/1176) regret=0.079975 ape=0.4903
[22:40:27] warmStart 5% (65/1176) regret=0.077915 ape=0.4885
[22:40:27] warmStart 5% (66/1176) regret=0.076880 ape=0.4885
[22:40:28] warmStart 5% (67/1176) regret=0.074979 ape=0.4866
[22:40:28] warmStart 5% (68/1176) regret=0.067954 ape=0.4829
[22:40:28] warmStart 5% (69/1176) regret=0.067553 ape=0.4829
[22:40:28] warmStart 5% (70/1176) regret=0.066231 ape=0.4839
[22:40:28] warmStart 6% (71/1176) regret=0.066337 ape=0.4848
[22:40:28] warmStart 6% (72/1176) regret=0.066513 ape=0.4857
[22:40:28] warmStart 6% (73/1176) regret=0.064854 ape=0.4839
[22:40:28] warmStart 6% (74/1176) regret=0.065117 ape=0.4848
[22:40:29] warmStart 6% (75/1176) regret=0.065149 ape=0.4866
[22:40:29] warmStart 6% (76/1176) regret=0.066028 ape=0.4876
[22:40:29] warmStart 6% (77/1176) regret=0.066594 ape=0.4903
[22:40:29] warmStart 6% (78/1176) regret=0.066444 ape=0.4894
[22:40:29] warmStart 6% (79/1176) regret=0.066861 ape=0.4903
[22:40:29] warmStart 6% (80/1176) regret=0.066788 ape=0.4903
[22:40:29] warmStart 6% (81/1176) regret=0.065580 ape=0.4903
[22:40:30] warmStart 6% (82/1176) regret=0.065302 ape=0.4903
[22:40:30] warmStart 7% (83/1176) regret=0.065088 ape=0.4894
[22:40:30] warmStart 7% (84/1176) regret=0.064259 ape=0.4876
[22:40:30] warmStart 7% (85/1176) regret=0.063375 ape=0.4876
[22:40:30] warmStart 7% (86/1176) regret=0.063588 ape=0.4876
[22:40:30] warmStart 7% (87/1176) regret=0.063476 ape=0.4866
[22:40:30] warmStart 7% (88/1176) regret=0.063239 ape=0.4885
[22:40:31] warmStart 7% (89/1176) regret=0.062824 ape=0.4866
[22:40:31] warmStart 7% (90/1176) regret=0.062458 ape=0.4866
[22:40:31] warmStart 7% (91/1176) regret=0.062431 ape=0.4866
[22:40:31] warmStart 7% (92/1176) regret=0.062168 ape=0.4866
[22:40:31] warmStart 7% (93/1176) regret=0.062104 ape=0.4857
[22:40:31] warmStart 7% (94/1176) regret=0.062011 ape=0.4857
[22:40:31] warmStart 8% (95/1176) regret=0.062011 ape=0.4857
[22:40:32] warmStart 8% (96/1176) regret=0.062011 ape=0.4857
[22:40:32] warmStart 8% (97/1176) regret=0.061971 ape=0.4866
[22:40:32] warmStart 8% (98/1176) regret=0.061700 ape=0.4857
[22:40:32] warmStart 8% (99/1176) regret=0.061700 ape=0.4857
[22:40:32] warmStart 8% (100/1176) regret=0.061248 ape=0.4848
[22:40:32] warmStart 8% (101/1176) regret=0.058236 ape=0.4820
[22:40:32] warmStart 8% (102/1176) regret=0.057582 ape=0.4811
[22:40:33] warmStart 8% (103/1176) regret=0.057600 ape=0.4802
[22:40:33] warmStart 8% (104/1176) regret=0.057600 ape=0.4802
[22:40:33] warmStart 8% (105/1176) regret=0.057600 ape=0.4802
[22:40:33] warmStart 9% (106/1176) regret=0.058158 ape=0.4811
[22:40:33] warmStart 9% (107/1176) regret=0.059030 ape=0.4820
[22:40:33] warmStart 9% (108/1176) regret=0.059097 ape=0.4820
[22:40:34] warmStart 9% (109/1176) regret=0.059097 ape=0.4820
[22:40:34] warmStart 9% (110/1176) regret=0.058986 ape=0.4820
[22:40:34] warmStart 9% (111/1176) regret=0.059318 ape=0.4820
[22:40:34] warmStart 9% (112/1176) regret=0.059207 ape=0.4811
[22:40:34] warmStart 9% (113/1176) regret=0.059101 ape=0.4811
[22:40:34] warmStart 9% (114/1176) regret=0.059101 ape=0.4811
[22:40:34] warmStart 9% (115/1176) regret=0.059101 ape=0.4811
[22:40:35] warmStart 9% (116/1176) regret=0.059055 ape=0.4811
[22:40:35] warmStart 9% (117/1176) regret=0.059113 ape=0.4820
[22:40:35] warmStart 10% (118/1176) regret=0.059053 ape=0.4820
[22:40:35] warmStart 10% (119/1176) regret=0.057716 ape=0.4802
[22:40:35] warmStart 10% (120/1176) regret=0.058532 ape=0.4802
[22:40:35] warmStart 10% (121/1176) regret=0.058818 ape=0.4811
[22:40:35] warmStart 10% (122/1176) regret=0.058726 ape=0.4811
[22:40:36] warmStart 10% (123/1176) regret=0.058269 ape=0.4820
[22:40:36] warmStart 10% (124/1176) regret=0.057998 ape=0.4811
[22:40:36] warmStart 10% (125/1176) regret=0.057998 ape=0.4811
[22:40:36] warmStart 10% (126/1176) regret=0.056894 ape=0.4783
[22:40:36] warmStart 10% (127/1176) regret=0.057218 ape=0.4793
[22:40:36] warmStart 10% (128/1176) regret=0.057027 ape=0.4783
[22:40:36] warmStart 10% (129/1176) regret=0.057013 ape=0.4783
[22:40:37] warmStart 11% (130/1176) regret=0.057293 ape=0.4783
[22:40:37] warmStart 11% (131/1176) regret=0.058105 ape=0.4793
[22:40:37] warmStart 11% (132/1176) regret=0.058124 ape=0.4793
[22:40:37] warmStart 11% (133/1176) regret=0.057772 ape=0.4783
[22:40:37] warmStart 11% (134/1176) regret=0.057885 ape=0.4793
[22:40:37] warmStart 11% (135/1176) regret=0.057800 ape=0.4783
[22:40:37] warmStart 11% (136/1176) regret=0.058039 ape=0.4774
[22:40:38] warmStart 11% (137/1176) regret=0.057709 ape=0.4783
[22:40:38] warmStart 11% (138/1176) regret=0.057674 ape=0.4783
[22:40:38] warmStart 11% (139/1176) regret=0.057767 ape=0.4783
[22:40:38] warmStart 11% (140/1176) regret=0.057524 ape=0.4783
[22:40:38] warmStart 11% (141/1176) regret=0.057328 ape=0.4774
[22:40:38] warmStart 12% (142/1176) regret=0.057225 ape=0.4774
[22:40:38] warmStart 12% (143/1176) regret=0.057225 ape=0.4774
[22:40:38] warmStart 12% (144/1176) regret=0.057594 ape=0.4783
[22:40:39] warmStart 12% (145/1176) regret=0.057926 ape=0.4783
[22:40:39] warmStart 12% (146/1176) regret=0.057505 ape=0.4765
[22:40:39] warmStart 12% (147/1176) regret=0.057505 ape=0.4765
[22:40:39] warmStart 12% (148/1176) regret=0.057505 ape=0.4765
[22:40:39] warmStart 12% (149/1176) regret=0.057505 ape=0.4765
[22:40:39] warmStart 12% (150/1176) regret=0.057505 ape=0.4765
[22:40:39] warmStart 12% (151/1176) regret=0.057505 ape=0.4765
[22:40:40] warmStart 12% (152/1176) regret=0.057505 ape=0.4765
[22:40:40] warmStart 13% (153/1176) regret=0.057459 ape=0.4765
[22:40:40] warmStart 13% (154/1176) regret=0.057459 ape=0.4765
[22:40:40] warmStart 13% (155/1176) regret=0.057458 ape=0.4765
[22:40:40] warmStart 13% (156/1176) regret=0.057439 ape=0.4765
[22:40:40] warmStart 13% (157/1176) regret=0.057430 ape=0.4756
[22:40:40] warmStart 13% (158/1176) regret=0.057430 ape=0.4756
[22:40:41] warmStart 13% (159/1176) regret=0.057543 ape=0.4765
[22:40:41] warmStart 13% (160/1176) regret=0.057553 ape=0.4783
[22:40:41] warmStart 13% (161/1176) regret=0.057205 ape=0.4774
[22:40:41] warmStart 13% (162/1176) regret=0.057224 ape=0.4774
[22:40:41] warmStart 13% (163/1176) regret=0.057224 ape=0.4774
[22:40:41] warmStart 13% (164/1176) regret=0.057204 ape=0.4774
[22:40:41] warmStart 14% (165/1176) regret=0.056762 ape=0.4756
[22:40:42] warmStart 14% (166/1176) regret=0.056762 ape=0.4756
[22:40:42] warmStart 14% (167/1176) regret=0.056789 ape=0.4756
[22:40:42] warmStart 14% (168/1176) regret=0.057089 ape=0.4774
[22:40:42] warmStart 14% (169/1176) regret=0.057185 ape=0.4783
[22:40:42] warmStart 14% (170/1176) regret=0.057195 ape=0.4793
[22:40:42] warmStart 14% (171/1176) regret=0.057112 ape=0.4793
[22:40:42] warmStart 14% (172/1176) regret=0.057087 ape=0.4793
[22:40:43] warmStart 14% (173/1176) regret=0.057087 ape=0.4793
[22:40:43] warmStart 14% (174/1176) regret=0.057087 ape=0.4793
[22:40:43] warmStart 14% (175/1176) regret=0.056912 ape=0.4793
[22:40:43] warmStart 14% (176/1176) regret=0.057170 ape=0.4802
[22:40:43] warmStart 15% (177/1176) regret=0.057179 ape=0.4802
[22:40:43] warmStart 15% (178/1176) regret=0.057179 ape=0.4802
[22:40:43] warmStart 15% (179/1176) regret=0.057305 ape=0.4802
[22:40:43] warmStart 15% (180/1176) regret=0.057160 ape=0.4793
[22:40:44] warmStart 15% (181/1176) regret=0.057243 ape=0.4802
[22:40:44] warmStart 15% (182/1176) regret=0.058144 ape=0.4811
[22:40:44] warmStart 15% (183/1176) regret=0.058032 ape=0.4811
[22:40:44] warmStart 15% (184/1176) regret=0.058264 ape=0.4820
[22:40:44] warmStart 15% (185/1176) regret=0.058337 ape=0.4820
[22:40:44] warmStart 15% (186/1176) regret=0.058033 ape=0.4820
[22:40:44] warmStart 15% (187/1176) regret=0.057551 ape=0.4811
[22:40:45] warmStart 15% (188/1176) regret=0.056793 ape=0.4802
[22:40:45] warmStart 16% (189/1176) regret=0.056779 ape=0.4802
[22:40:45] warmStart 16% (190/1176) regret=0.056862 ape=0.4802
[22:40:45] warmStart 16% (191/1176) regret=0.056878 ape=0.4802
[22:40:45] warmStart 16% (192/1176) regret=0.056577 ape=0.4802
[22:40:45] warmStart 16% (193/1176) regret=0.056548 ape=0.4802
[22:40:46] warmStart 16% (194/1176) regret=0.056142 ape=0.4802
[22:40:46] warmStart 16% (195/1176) regret=0.055371 ape=0.4783
[22:40:46] warmStart 16% (196/1176) regret=0.055403 ape=0.4793
[22:40:46] warmStart 16% (197/1176) regret=0.055069 ape=0.4783
[22:40:46] warmStart 16% (198/1176) regret=0.055111 ape=0.4802
[22:40:46] warmStart 16% (199/1176) regret=0.053820 ape=0.4765
[22:40:46] warmStart 17% (200/1176) regret=0.053781 ape=0.4756
[22:40:47] warmStart 17% (201/1176) regret=0.053773 ape=0.4774
[22:40:47] warmStart 17% (202/1176) regret=0.054095 ape=0.4783
[22:40:47] warmStart 17% (203/1176) regret=0.053669 ape=0.4783
[22:40:47] warmStart 17% (204/1176) regret=0.053618 ape=0.4783
[22:40:47] warmStart 17% (205/1176) regret=0.054078 ape=0.4802
[22:40:47] warmStart 17% (206/1176) regret=0.054399 ape=0.4802
[22:40:48] warmStart 17% (207/1176) regret=0.054442 ape=0.4820
[22:40:48] warmStart 17% (208/1176) regret=0.054353 ape=0.4811
[22:40:48] warmStart 17% (209/1176) regret=0.055116 ape=0.4802
[22:40:48] warmStart 17% (210/1176) regret=0.054864 ape=0.4802
[22:40:48] warmStart 17% (211/1176) regret=0.053728 ape=0.4802
[22:40:48] warmStart 18% (212/1176) regret=0.053456 ape=0.4811
[22:40:48] warmStart 18% (213/1176) regret=0.053306 ape=0.4802
[22:40:49] warmStart 18% (214/1176) regret=0.053306 ape=0.4802
[22:40:49] warmStart 18% (215/1176) regret=0.053247 ape=0.4802
[22:40:49] warmStart 18% (216/1176) regret=0.053247 ape=0.4802
[22:40:49] warmStart 18% (217/1176) regret=0.053253 ape=0.4802
[22:40:49] warmStart 18% (218/1176) regret=0.053253 ape=0.4802
[22:40:49] warmStart 18% (219/1176) regret=0.053309 ape=0.4811
[22:40:49] warmStart 18% (220/1176) regret=0.053346 ape=0.4811
[22:40:50] warmStart 18% (221/1176) regret=0.053346 ape=0.4811
[22:40:50] warmStart 18% (222/1176) regret=0.053346 ape=0.4811
[22:40:50] warmStart 18% (223/1176) regret=0.053373 ape=0.4811
[22:40:50] warmStart 19% (224/1176) regret=0.053373 ape=0.4811
[22:40:50] warmStart 19% (225/1176) regret=0.053373 ape=0.4811
[22:40:50] warmStart 19% (226/1176) regret=0.053373 ape=0.4811
[22:40:51] warmStart 19% (227/1176) regret=0.053373 ape=0.4811
[22:40:51] warmStart 19% (228/1176) regret=0.053373 ape=0.4811
[22:40:51] warmStart 19% (229/1176) regret=0.053373 ape=0.4811
[22:40:51] warmStart 19% (230/1176) regret=0.053373 ape=0.4811
[22:40:51] warmStart 19% (231/1176) regret=0.053373 ape=0.4811
[22:40:51] warmStart 19% (232/1176) regret=0.053373 ape=0.4811
[22:40:51] warmStart 19% (233/1176) regret=0.053373 ape=0.4811
[22:40:52] warmStart 19% (234/1176) regret=0.053235 ape=0.4802
[22:40:52] warmStart 19% (235/1176) regret=0.053244 ape=0.4802
[22:40:52] warmStart 20% (236/1176) regret=0.053244 ape=0.4802
[22:40:52] warmStart 20% (237/1176) regret=0.053288 ape=0.4802
[22:40:52] warmStart 20% (238/1176) regret=0.053224 ape=0.4793
[22:40:52] warmStart 20% (239/1176) regret=0.053150 ape=0.4793
[22:40:52] warmStart 20% (240/1176) regret=0.053150 ape=0.4793
[22:40:53] warmStart 20% (241/1176) regret=0.053150 ape=0.4793
[22:40:53] warmStart 20% (242/1176) regret=0.053150 ape=0.4793
[22:40:53] warmStart 20% (243/1176) regret=0.053113 ape=0.4793
[22:40:53] warmStart 20% (244/1176) regret=0.052806 ape=0.4783
[22:40:53] warmStart 20% (245/1176) regret=0.052804 ape=0.4783
[22:40:53] warmStart 20% (246/1176) regret=0.052804 ape=0.4783
[22:40:54] warmStart 21% (247/1176) regret=0.052786 ape=0.4783
[22:40:54] warmStart 21% (248/1176) regret=0.052804 ape=0.4793
[22:40:54] warmStart 21% (249/1176) regret=0.052657 ape=0.4793
[22:40:54] warmStart 21% (250/1176) regret=0.052680 ape=0.4793
[22:40:54] warmStart 21% (251/1176) regret=0.052846 ape=0.4793
[22:40:54] warmStart 21% (252/1176) regret=0.052846 ape=0.4793
[22:40:54] warmStart 21% (253/1176) regret=0.052846 ape=0.4793
[22:40:55] warmStart 21% (254/1176) regret=0.052846 ape=0.4793
[22:40:55] warmStart 21% (255/1176) regret=0.052915 ape=0.4793
[22:40:55] warmStart 21% (256/1176) regret=0.052915 ape=0.4793
[22:40:55] warmStart 21% (257/1176) regret=0.052714 ape=0.4793
[22:40:55] warmStart 21% (258/1176) regret=0.052714 ape=0.4793
[22:40:55] warmStart 22% (259/1176) regret=0.052714 ape=0.4793
[22:40:55] warmStart 22% (260/1176) regret=0.052714 ape=0.4793
[22:40:56] warmStart 22% (261/1176) regret=0.052714 ape=0.4793
[22:40:56] warmStart 22% (262/1176) regret=0.052714 ape=0.4793
[22:40:56] warmStart 22% (263/1176) regret=0.052649 ape=0.4793
[22:40:56] warmStart 22% (264/1176) regret=0.052649 ape=0.4793
[22:40:56] warmStart 22% (265/1176) regret=0.052649 ape=0.4793
[22:40:57] warmStart 22% (266/1176) regret=0.052709 ape=0.4793
[22:40:57] warmStart 22% (267/1176) regret=0.052640 ape=0.4793
[22:40:57] warmStart 22% (268/1176) regret=0.052640 ape=0.4793
[22:40:57] warmStart 22% (269/1176) regret=0.052179 ape=0.4774
[22:40:57] warmStart 22% (270/1176) regret=0.052179 ape=0.4774
[22:40:57] warmStart 23% (271/1176) regret=0.052169 ape=0.4756
[22:40:57] warmStart 23% (272/1176) regret=0.052167 ape=0.4765
[22:40:58] warmStart 23% (273/1176) regret=0.052223 ape=0.4774
[22:40:58] warmStart 23% (274/1176) regret=0.052276 ape=0.4774
[22:40:58] warmStart 23% (275/1176) regret=0.052269 ape=0.4783
[22:40:58] warmStart 23% (276/1176) regret=0.052015 ape=0.4783
[22:40:58] warmStart 23% (277/1176) regret=0.052019 ape=0.4793
[22:40:58] warmStart 23% (278/1176) regret=0.052038 ape=0.4793
[22:40:58] warmStart 23% (279/1176) regret=0.052038 ape=0.4793
[22:40:59] warmStart 23% (280/1176) regret=0.052100 ape=0.4793
[22:40:59] warmStart 23% (281/1176) regret=0.052132 ape=0.4793
[22:40:59] warmStart 23% (282/1176) regret=0.052173 ape=0.4802
[22:40:59] warmStart 24% (283/1176) regret=0.052170 ape=0.4793
[22:40:59] warmStart 24% (284/1176) regret=0.052170 ape=0.4793
[22:40:59] warmStart 24% (285/1176) regret=0.052170 ape=0.4793
[22:40:59] warmStart 24% (286/1176) regret=0.052170 ape=0.4793
[22:41:00] warmStart 24% (287/1176) regret=0.052170 ape=0.4793
[22:41:00] warmStart 24% (288/1176) regret=0.052170 ape=0.4793
[22:41:00] warmStart 24% (289/1176) regret=0.052170 ape=0.4793
[22:41:00] warmStart 24% (290/1176) regret=0.052170 ape=0.4793
[22:41:00] warmStart 24% (291/1176) regret=0.052170 ape=0.4793
[22:41:00] warmStart 24% (292/1176) regret=0.051940 ape=0.4783
[22:41:01] warmStart 24% (293/1176) regret=0.051771 ape=0.4783
[22:41:01] warmStart 25% (294/1176) regret=0.051775 ape=0.4783
[22:41:01] warmStart 25% (295/1176) regret=0.051826 ape=0.4783
[22:41:01] warmStart 25% (296/1176) regret=0.051788 ape=0.4765
[22:41:01] warmStart 25% (297/1176) regret=0.051795 ape=0.4765
[22:41:01] warmStart 25% (298/1176) regret=0.051411 ape=0.4747
[22:41:01] warmStart 25% (299/1176) regret=0.051689 ape=0.4774
[22:41:02] warmStart 25% (300/1176) regret=0.051717 ape=0.4774
[22:41:02] warmStart 25% (301/1176) regret=0.051717 ape=0.4774
[22:41:02] warmStart 25% (302/1176) regret=0.051523 ape=0.4765
[22:41:02] warmStart 25% (303/1176) regret=0.051454 ape=0.4765
[22:41:02] warmStart 25% (304/1176) regret=0.051454 ape=0.4765
[22:41:02] warmStart 25% (305/1176) regret=0.051454 ape=0.4765
[22:41:03] warmStart 26% (306/1176) regret=0.051454 ape=0.4765
[22:41:03] warmStart 26% (307/1176) regret=0.051454 ape=0.4765
[22:41:03] warmStart 26% (308/1176) regret=0.050754 ape=0.4765
[22:41:03] warmStart 26% (309/1176) regret=0.050754 ape=0.4765
[22:41:03] warmStart 26% (310/1176) regret=0.050868 ape=0.4783
[22:41:03] warmStart 26% (311/1176) regret=0.050904 ape=0.4783
[22:41:03] warmStart 26% (312/1176) regret=0.050833 ape=0.4765
[22:41:04] warmStart 26% (313/1176) regret=0.050820 ape=0.4765
[22:41:04] warmStart 26% (314/1176) regret=0.050820 ape=0.4765
[22:41:04] warmStart 26% (315/1176) regret=0.050750 ape=0.4756
[22:41:04] warmStart 26% (316/1176) regret=0.050481 ape=0.4737
[22:41:04] warmStart 26% (317/1176) regret=0.050011 ape=0.4719
[22:41:04] warmStart 27% (318/1176) regret=0.049882 ape=0.4710
[22:41:04] warmStart 27% (319/1176) regret=0.049882 ape=0.4710
[22:41:05] warmStart 27% (320/1176) regret=0.049882 ape=0.4710
[22:41:05] warmStart 27% (321/1176) regret=0.049873 ape=0.4710
[22:41:05] warmStart 27% (322/1176) regret=0.049154 ape=0.4700
[22:41:05] warmStart 27% (323/1176) regret=0.049269 ape=0.4710
[22:41:05] warmStart 27% (324/1176) regret=0.049083 ape=0.4700
[22:41:05] warmStart 27% (325/1176) regret=0.048470 ape=0.4700
[22:41:05] warmStart 27% (326/1176) regret=0.048461 ape=0.4700
[22:41:06] warmStart 27% (327/1176) regret=0.048461 ape=0.4700
[22:41:06] warmStart 27% (328/1176) regret=0.048452 ape=0.4700
[22:41:06] warmStart 27% (329/1176) regret=0.048452 ape=0.4700
[22:41:06] warmStart 28% (330/1176) regret=0.048442 ape=0.4700
[22:41:06] warmStart 28% (331/1176) regret=0.048166 ape=0.4691
[22:41:06] warmStart 28% (332/1176) regret=0.048166 ape=0.4691
[22:41:07] warmStart 28% (333/1176) regret=0.048187 ape=0.4673
[22:41:07] warmStart 28% (334/1176) regret=0.048043 ape=0.4673
[22:41:07] warmStart 28% (335/1176) regret=0.048002 ape=0.4664
[22:41:07] warmStart 28% (336/1176) regret=0.047998 ape=0.4664
[22:41:07] warmStart 28% (337/1176) regret=0.047947 ape=0.4664
[22:41:07] warmStart 28% (338/1176) regret=0.047947 ape=0.4664
[22:41:07] warmStart 28% (339/1176) regret=0.048118 ape=0.4673
[22:41:08] warmStart 28% (340/1176) regret=0.048118 ape=0.4673
[22:41:08] warmStart 28% (341/1176) regret=0.048024 ape=0.4673
[22:41:08] warmStart 29% (342/1176) regret=0.048393 ape=0.4691
[22:41:08] warmStart 29% (343/1176) regret=0.048560 ape=0.4700
[22:41:08] warmStart 29% (344/1176) regret=0.048291 ape=0.4691
[22:41:08] warmStart 29% (345/1176) regret=0.047985 ape=0.4682
[22:41:09] warmStart 29% (346/1176) regret=0.047965 ape=0.4673
[22:41:09] warmStart 29% (347/1176) regret=0.047965 ape=0.4673
[22:41:09] warmStart 29% (348/1176) regret=0.048237 ape=0.4682
[22:41:09] warmStart 29% (349/1176) regret=0.048237 ape=0.4682
[22:41:09] warmStart 29% (350/1176) regret=0.048047 ape=0.4673
[22:41:09] warmStart 29% (351/1176) regret=0.048047 ape=0.4673
[22:41:10] warmStart 29% (352/1176) regret=0.048047 ape=0.4673
[22:41:10] warmStart 30% (353/1176) regret=0.048047 ape=0.4673
[22:41:10] warmStart 30% (354/1176) regret=0.048047 ape=0.4673
[22:41:10] warmStart 30% (355/1176) regret=0.048010 ape=0.4673
[22:41:10] warmStart 30% (356/1176) regret=0.047927 ape=0.4673
[22:41:10] warmStart 30% (357/1176) regret=0.047586 ape=0.4664
[22:41:10] warmStart 30% (358/1176) regret=0.047878 ape=0.4664
[22:41:11] warmStart 30% (359/1176) regret=0.047753 ape=0.4664
[22:41:11] warmStart 30% (360/1176) regret=0.047832 ape=0.4673
[22:41:11] warmStart 30% (361/1176) regret=0.048065 ape=0.4673
[22:41:11] warmStart 30% (362/1176) regret=0.048272 ape=0.4673
[22:41:11] warmStart 30% (363/1176) regret=0.048077 ape=0.4673
[22:41:11] warmStart 30% (364/1176) regret=0.048101 ape=0.4673
[22:41:12] warmStart 31% (365/1176) regret=0.048101 ape=0.4673
[22:41:12] warmStart 31% (366/1176) regret=0.048068 ape=0.4673
[22:41:12] warmStart 31% (367/1176) regret=0.048015 ape=0.4673
[22:41:12] warmStart 31% (368/1176) regret=0.048015 ape=0.4673
[22:41:12] warmStart 31% (369/1176) regret=0.048080 ape=0.4682
[22:41:12] warmStart 31% (370/1176) regret=0.048103 ape=0.4682
[22:41:12] warmStart 31% (371/1176) regret=0.048406 ape=0.4700
[22:41:13] warmStart 31% (372/1176) regret=0.048276 ape=0.4691
[22:41:13] warmStart 31% (373/1176) regret=0.048276 ape=0.4691
[22:41:13] warmStart 31% (374/1176) regret=0.049184 ape=0.4700
[22:41:13] warmStart 31% (375/1176) regret=0.048802 ape=0.4700
[22:41:13] warmStart 31% (376/1176) regret=0.048802 ape=0.4700
[22:41:13] warmStart 32% (377/1176) regret=0.048797 ape=0.4700
[22:41:14] warmStart 32% (378/1176) regret=0.048378 ape=0.4700
[22:41:14] warmStart 32% (379/1176) regret=0.048350 ape=0.4700
[22:41:14] warmStart 32% (380/1176) regret=0.048500 ape=0.4719
[22:41:14] warmStart 32% (381/1176) regret=0.048435 ape=0.4710
[22:41:14] warmStart 32% (382/1176) regret=0.048058 ape=0.4710
[22:41:14] warmStart 32% (383/1176) regret=0.048203 ape=0.4710
[22:41:14] warmStart 32% (384/1176) regret=0.048203 ape=0.4710
[22:41:15] warmStart 32% (385/1176) regret=0.048039 ape=0.4710
[22:41:15] warmStart 32% (386/1176) regret=0.048039 ape=0.4710
[22:41:15] warmStart 32% (387/1176) regret=0.047694 ape=0.4700
[22:41:15] warmStart 32% (388/1176) regret=0.047734 ape=0.4700
[22:41:15] warmStart 33% (389/1176) regret=0.047051 ape=0.4710
[22:41:15] warmStart 33% (390/1176) regret=0.047233 ape=0.4719
[22:41:16] warmStart 33% (391/1176) regret=0.047233 ape=0.4719
[22:41:16] warmStart 33% (392/1176) regret=0.047325 ape=0.4719
[22:41:16] warmStart 33% (393/1176) regret=0.047316 ape=0.4719
[22:41:16] warmStart 33% (394/1176) regret=0.047321 ape=0.4719
[22:41:16] warmStart 33% (395/1176) regret=0.047385 ape=0.4719
[22:41:16] warmStart 33% (396/1176) regret=0.048083 ape=0.4728
[22:41:16] warmStart 33% (397/1176) regret=0.048083 ape=0.4728
[22:41:17] warmStart 33% (398/1176) regret=0.048083 ape=0.4728
[22:41:17] warmStart 33% (399/1176) regret=0.048083 ape=0.4728
[22:41:17] warmStart 34% (400/1176) regret=0.048055 ape=0.4728
[22:41:17] warmStart 34% (401/1176) regret=0.048136 ape=0.4728
[22:41:17] warmStart 34% (402/1176) regret=0.048071 ape=0.4728
[22:41:17] warmStart 34% (403/1176) regret=0.048444 ape=0.4737
[22:41:17] warmStart 34% (404/1176) regret=0.048444 ape=0.4737
[22:41:18] warmStart 34% (405/1176) regret=0.048444 ape=0.4737
[22:41:18] warmStart 34% (406/1176) regret=0.048407 ape=0.4737
[22:41:18] warmStart 34% (407/1176) regret=0.048407 ape=0.4737
[22:41:18] warmStart 34% (408/1176) regret=0.048062 ape=0.4737
[22:41:18] warmStart 34% (409/1176) regret=0.047646 ape=0.4737
[22:41:18] warmStart 34% (410/1176) regret=0.048175 ape=0.4737
[22:41:19] warmStart 34% (411/1176) regret=0.047646 ape=0.4737
[22:41:19] warmStart 35% (412/1176) regret=0.047636 ape=0.4728
[22:41:19] warmStart 35% (413/1176) regret=0.047676 ape=0.4747
[22:41:19] warmStart 35% (414/1176) regret=0.047676 ape=0.4747
[22:41:19] warmStart 35% (415/1176) regret=0.047676 ape=0.4747
[22:41:19] warmStart 35% (416/1176) regret=0.047676 ape=0.4747
[22:41:19] warmStart 35% (417/1176) regret=0.047662 ape=0.4737
[22:41:20] warmStart 35% (418/1176) regret=0.047662 ape=0.4737
[22:41:20] warmStart 35% (419/1176) regret=0.047662 ape=0.4737
[22:41:20] warmStart 35% (420/1176) regret=0.047492 ape=0.4737
[22:41:20] warmStart 35% (421/1176) regret=0.047455 ape=0.4737
[22:41:20] warmStart 35% (422/1176) regret=0.047464 ape=0.4737
[22:41:20] warmStart 35% (423/1176) regret=0.047411 ape=0.4737
[22:41:21] warmStart 36% (424/1176) regret=0.047396 ape=0.4728
[22:41:21] warmStart 36% (425/1176) regret=0.047350 ape=0.4728
[22:41:21] warmStart 36% (426/1176) regret=0.047267 ape=0.4728
[22:41:21] warmStart 36% (427/1176) regret=0.047069 ape=0.4719
[22:41:21] warmStart 36% (428/1176) regret=0.047060 ape=0.4719
[22:41:21] warmStart 36% (429/1176) regret=0.047046 ape=0.4719
[22:41:22] warmStart 36% (430/1176) regret=0.047027 ape=0.4710
[22:41:22] warmStart 36% (431/1176) regret=0.047000 ape=0.4710
[22:41:22] warmStart 36% (432/1176) regret=0.047000 ape=0.4710
[22:41:22] warmStart 36% (433/1176) regret=0.046981 ape=0.4710
[22:41:22] warmStart 36% (434/1176) regret=0.046981 ape=0.4710
[22:41:22] warmStart 36% (435/1176) regret=0.046981 ape=0.4710
[22:41:22] warmStart 37% (436/1176) regret=0.046981 ape=0.4710
[22:41:23] warmStart 37% (437/1176) regret=0.046981 ape=0.4710
[22:41:23] warmStart 37% (438/1176) regret=0.046999 ape=0.4710
[22:41:23] warmStart 37% (439/1176) regret=0.047045 ape=0.4719
[22:41:23] warmStart 37% (440/1176) regret=0.047045 ape=0.4719
[22:41:23] warmStart 37% (441/1176) regret=0.047045 ape=0.4719
[22:41:23] warmStart 37% (442/1176) regret=0.047045 ape=0.4719
[22:41:24] warmStart 37% (443/1176) regret=0.047045 ape=0.4719
[22:41:24] warmStart 37% (444/1176) regret=0.047045 ape=0.4719
[22:41:24] warmStart 37% (445/1176) regret=0.046745 ape=0.4710
[22:41:24] warmStart 37% (446/1176) regret=0.046745 ape=0.4710
[22:41:24] warmStart 38% (447/1176) regret=0.046745 ape=0.4710
[22:41:24] warmStart 38% (448/1176) regret=0.046745 ape=0.4710
[22:41:25] warmStart 38% (449/1176) regret=0.046626 ape=0.4691
[22:41:25] warmStart 38% (450/1176) regret=0.046407 ape=0.4691
[22:41:25] warmStart 38% (451/1176) regret=0.046861 ape=0.4691
[22:41:25] warmStart 38% (452/1176) regret=0.046861 ape=0.4691
[22:41:25] warmStart 38% (453/1176) regret=0.046861 ape=0.4691
[22:41:25] warmStart 38% (454/1176) regret=0.046861 ape=0.4691
[22:41:25] warmStart 38% (455/1176) regret=0.046861 ape=0.4691
[22:41:26] warmStart 38% (456/1176) regret=0.046861 ape=0.4691
[22:41:26] warmStart 38% (457/1176) regret=0.046871 ape=0.4691
[22:41:26] warmStart 38% (458/1176) regret=0.046871 ape=0.4691
[22:41:26] warmStart 39% (459/1176) regret=0.046871 ape=0.4691
[22:41:26] warmStart 39% (460/1176) regret=0.046871 ape=0.4691
[22:41:26] warmStart 39% (461/1176) regret=0.046689 ape=0.4673
[22:41:27] warmStart 39% (462/1176) regret=0.046791 ape=0.4682
[22:41:27] warmStart 39% (463/1176) regret=0.046791 ape=0.4682
[22:41:27] warmStart 39% (464/1176) regret=0.046791 ape=0.4682
[22:41:27] warmStart 39% (465/1176) regret=0.046993 ape=0.4682
[22:41:27] warmStart 39% (466/1176) regret=0.046699 ape=0.4673
[22:41:27] warmStart 39% (467/1176) regret=0.047009 ape=0.4700
[22:41:27] warmStart 39% (468/1176) regret=0.046878 ape=0.4691
[22:41:28] warmStart 39% (469/1176) regret=0.047145 ape=0.4691
[22:41:28] warmStart 39% (470/1176) regret=0.046325 ape=0.4673
[22:41:28] warmStart 40% (471/1176) regret=0.046325 ape=0.4673
[22:41:28] warmStart 40% (472/1176) regret=0.046325 ape=0.4673
[22:41:28] warmStart 40% (473/1176) regret=0.046022 ape=0.4682
[22:41:28] warmStart 40% (474/1176) regret=0.045980 ape=0.4673
[22:41:28] warmStart 40% (475/1176) regret=0.045980 ape=0.4673
[22:41:29] warmStart 40% (476/1176) regret=0.045980 ape=0.4673
[22:41:29] warmStart 40% (477/1176) regret=0.045980 ape=0.4673
[22:41:29] warmStart 40% (478/1176) regret=0.045983 ape=0.4673
[22:41:29] warmStart 40% (479/1176) regret=0.046434 ape=0.4682
[22:41:29] warmStart 40% (480/1176) regret=0.046476 ape=0.4682
[22:41:29] warmStart 40% (481/1176) regret=0.046434 ape=0.4682
[22:41:30] warmStart 40% (482/1176) regret=0.046347 ape=0.4682
[22:41:30] warmStart 41% (483/1176) regret=0.046356 ape=0.4682
[22:41:30] warmStart 41% (484/1176) regret=0.046356 ape=0.4682
[22:41:30] warmStart 41% (485/1176) regret=0.046337 ape=0.4673
[22:41:30] warmStart 41% (486/1176) regret=0.046337 ape=0.4673
[22:41:30] warmStart 41% (487/1176) regret=0.046337 ape=0.4673
[22:41:30] warmStart 41% (488/1176) regret=0.046337 ape=0.4673
[22:41:31] warmStart 41% (489/1176) regret=0.046531 ape=0.4682
[22:41:31] warmStart 41% (490/1176) regret=0.047171 ape=0.4700
[22:41:31] warmStart 41% (491/1176) regret=0.047171 ape=0.4700
[22:41:31] warmStart 41% (492/1176) regret=0.047171 ape=0.4700
[22:41:31] warmStart 41% (493/1176) regret=0.047171 ape=0.4700
[22:41:31] warmStart 42% (494/1176) regret=0.047227 ape=0.4700
[22:41:31] warmStart 42% (495/1176) regret=0.047107 ape=0.4700
[22:41:32] warmStart 42% (496/1176) regret=0.047144 ape=0.4710
[22:41:32] warmStart 42% (497/1176) regret=0.047144 ape=0.4710
[22:41:32] warmStart 42% (498/1176) regret=0.047144 ape=0.4710
[22:41:32] warmStart 42% (499/1176) regret=0.047131 ape=0.4700
[22:41:32] warmStart 42% (500/1176) regret=0.047205 ape=0.4700
[22:41:32] warmStart 42% (501/1176) regret=0.047205 ape=0.4700
[22:41:32] warmStart 42% (502/1176) regret=0.047205 ape=0.4700
[22:41:33] warmStart 42% (503/1176) regret=0.047205 ape=0.4700
[22:41:33] warmStart 42% (504/1176) regret=0.047205 ape=0.4700
[22:41:33] warmStart 42% (505/1176) regret=0.047205 ape=0.4700
[22:41:33] warmStart 43% (506/1176) regret=0.047205 ape=0.4700
[22:41:33] warmStart 43% (507/1176) regret=0.047205 ape=0.4700
[22:41:33] warmStart 43% (508/1176) regret=0.047205 ape=0.4700
[22:41:34] warmStart 43% (509/1176) regret=0.047240 ape=0.4700
[22:41:34] warmStart 43% (510/1176) regret=0.046945 ape=0.4700
[22:41:34] warmStart 43% (511/1176) regret=0.046945 ape=0.4700
[22:41:34] warmStart 43% (512/1176) regret=0.046945 ape=0.4700
[22:41:34] warmStart 43% (513/1176) regret=0.046945 ape=0.4700
[22:41:34] warmStart 43% (514/1176) regret=0.046687 ape=0.4691
[22:41:34] warmStart 43% (515/1176) regret=0.046492 ape=0.4691
[22:41:35] warmStart 43% (516/1176) regret=0.046974 ape=0.4691
[22:41:35] warmStart 43% (517/1176) regret=0.046361 ape=0.4691
[22:41:35] warmStart 44% (518/1176) regret=0.046358 ape=0.4682
[22:41:35] warmStart 44% (519/1176) regret=0.046325 ape=0.4682
[22:41:35] warmStart 44% (520/1176) regret=0.046335 ape=0.4682
[22:41:35] warmStart 44% (521/1176) regret=0.046335 ape=0.4682
[22:41:36] warmStart 44% (522/1176) regret=0.046464 ape=0.4691
[22:41:36] warmStart 44% (523/1176) regret=0.046464 ape=0.4691
[22:41:36] warmStart 44% (524/1176) regret=0.046464 ape=0.4691
[22:41:36] warmStart 44% (525/1176) regret=0.046464 ape=0.4691
[22:41:36] warmStart 44% (526/1176) regret=0.045789 ape=0.4673
[22:41:36] warmStart 44% (527/1176) regret=0.045262 ape=0.4682
[22:41:37] warmStart 44% (528/1176) regret=0.045262 ape=0.4682
[22:41:37] warmStart 44% (529/1176) regret=0.045357 ape=0.4691
[22:41:37] warmStart 45% (530/1176) regret=0.045274 ape=0.4691
[22:41:37] warmStart 45% (531/1176) regret=0.045274 ape=0.4691
[22:41:37] warmStart 45% (532/1176) regret=0.045274 ape=0.4691
[22:41:37] warmStart 45% (533/1176) regret=0.045274 ape=0.4691
[22:41:37] warmStart 45% (534/1176) regret=0.045274 ape=0.4691
[22:41:38] warmStart 45% (535/1176) regret=0.045266 ape=0.4682
[22:41:38] warmStart 45% (536/1176) regret=0.045059 ape=0.4682
[22:41:38] warmStart 45% (537/1176) regret=0.044948 ape=0.4682
[22:41:38] warmStart 45% (538/1176) regret=0.044948 ape=0.4682
[22:41:38] warmStart 45% (539/1176) regret=0.044948 ape=0.4682
[22:41:38] warmStart 45% (540/1176) regret=0.044962 ape=0.4682
[22:41:39] warmStart 46% (541/1176) regret=0.044962 ape=0.4682
[22:41:39] warmStart 46% (542/1176) regret=0.044962 ape=0.4682
[22:41:39] warmStart 46% (543/1176) regret=0.045147 ape=0.4691
[22:41:39] warmStart 46% (544/1176) regret=0.044962 ape=0.4682
[22:41:39] warmStart 46% (545/1176) regret=0.045340 ape=0.4682
[22:41:39] warmStart 46% (546/1176) regret=0.044962 ape=0.4682
[22:41:39] warmStart 46% (547/1176) regret=0.044962 ape=0.4682
[22:41:40] warmStart 46% (548/1176) regret=0.045149 ape=0.4682
[22:41:40] warmStart 46% (549/1176) regret=0.045265 ape=0.4682
[22:41:40] warmStart 46% (550/1176) regret=0.044979 ape=0.4673
[22:41:40] warmStart 46% (551/1176) regret=0.044979 ape=0.4673
[22:41:40] warmStart 46% (552/1176) regret=0.044979 ape=0.4673
[22:41:40] warmStart 47% (553/1176) regret=0.045002 ape=0.4682
[22:41:41] warmStart 47% (554/1176) regret=0.044988 ape=0.4682
[22:41:41] warmStart 47% (555/1176) regret=0.045008 ape=0.4691
[22:41:41] warmStart 47% (556/1176) regret=0.044987 ape=0.4682
[22:41:41] warmStart 47% (557/1176) regret=0.044849 ape=0.4673
[22:41:41] warmStart 47% (558/1176) regret=0.044611 ape=0.4664
[22:41:41] warmStart 47% (559/1176) regret=0.044758 ape=0.4673
[22:41:41] warmStart 47% (560/1176) regret=0.044721 ape=0.4664
[22:41:42] warmStart 47% (561/1176) regret=0.044776 ape=0.4673
[22:41:42] warmStart 47% (562/1176) regret=0.044477 ape=0.4673
[22:41:42] warmStart 47% (563/1176) regret=0.044477 ape=0.4673
[22:41:42] warmStart 47% (564/1176) regret=0.044472 ape=0.4673
[22:41:42] warmStart 48% (565/1176) regret=0.044540 ape=0.4673
[22:41:42] warmStart 48% (566/1176) regret=0.044514 ape=0.4664
[22:41:42] warmStart 48% (567/1176) regret=0.044514 ape=0.4664
[22:41:43] warmStart 48% (568/1176) regret=0.044468 ape=0.4664
[22:41:43] warmStart 48% (569/1176) regret=0.044468 ape=0.4664
[22:41:43] warmStart 48% (570/1176) regret=0.044578 ape=0.4673
[22:41:43] warmStart 48% (571/1176) regret=0.044578 ape=0.4673
[22:41:43] warmStart 48% (572/1176) regret=0.044735 ape=0.4682
[22:41:43] warmStart 48% (573/1176) regret=0.044735 ape=0.4682
[22:41:44] warmStart 48% (574/1176) regret=0.044735 ape=0.4682
[22:41:44] warmStart 48% (575/1176) regret=0.044071 ape=0.4673
[22:41:44] warmStart 48% (576/1176) regret=0.044071 ape=0.4673
[22:41:44] warmStart 49% (577/1176) regret=0.044071 ape=0.4673
[22:41:44] warmStart 49% (578/1176) regret=0.044071 ape=0.4673
[22:41:44] warmStart 49% (579/1176) regret=0.044071 ape=0.4673
[22:41:44] warmStart 49% (580/1176) regret=0.044071 ape=0.4673
[22:41:45] warmStart 49% (581/1176) regret=0.044062 ape=0.4673
[22:41:45] warmStart 49% (582/1176) regret=0.044062 ape=0.4673
[22:41:45] warmStart 49% (583/1176) regret=0.044071 ape=0.4664
[22:41:45] warmStart 49% (584/1176) regret=0.043823 ape=0.4654
[22:41:45] warmStart 49% (585/1176) regret=0.044044 ape=0.4664
[22:41:45] warmStart 49% (586/1176) regret=0.044044 ape=0.4664
[22:41:46] warmStart 49% (587/1176) regret=0.044044 ape=0.4664
[22:41:46] warmStart 50% (588/1176) regret=0.043933 ape=0.4664
[22:41:46] warmStart 50% (589/1176) regret=0.043961 ape=0.4664
[22:41:46] warmStart 50% (590/1176) regret=0.043961 ape=0.4664
[22:41:46] warmStart 50% (591/1176) regret=0.043961 ape=0.4664
[22:41:46] warmStart 50% (592/1176) regret=0.043906 ape=0.4645
[22:41:46] warmStart 50% (593/1176) regret=0.043906 ape=0.4645
[22:41:47] warmStart 50% (594/1176) regret=0.043906 ape=0.4645
[22:41:47] warmStart 50% (595/1176) regret=0.043906 ape=0.4645
[22:41:47] warmStart 50% (596/1176) regret=0.043906 ape=0.4645
[22:41:47] warmStart 50% (597/1176) regret=0.043763 ape=0.4645
[22:41:47] warmStart 50% (598/1176) regret=0.043763 ape=0.4645
[22:41:47] warmStart 50% (599/1176) regret=0.043763 ape=0.4645
[22:41:47] warmStart 51% (600/1176) regret=0.043763 ape=0.4645
[22:41:48] warmStart 51% (601/1176) regret=0.043763 ape=0.4645
[22:41:48] warmStart 51% (602/1176) regret=0.043763 ape=0.4645
[22:41:48] warmStart 51% (603/1176) regret=0.043763 ape=0.4645
[22:41:48] warmStart 51% (604/1176) regret=0.043763 ape=0.4645
[22:41:48] warmStart 51% (605/1176) regret=0.043763 ape=0.4645
[22:41:48] warmStart 51% (606/1176) regret=0.043763 ape=0.4645
[22:41:49] warmStart 51% (607/1176) regret=0.043763 ape=0.4645
[22:41:49] warmStart 51% (608/1176) regret=0.043763 ape=0.4645
[22:41:49] warmStart 51% (609/1176) regret=0.043800 ape=0.4645
[22:41:49] warmStart 51% (610/1176) regret=0.043800 ape=0.4645
[22:41:49] warmStart 51% (611/1176) regret=0.043800 ape=0.4645
[22:41:49] warmStart 52% (612/1176) regret=0.043800 ape=0.4645
[22:41:49] warmStart 52% (613/1176) regret=0.043823 ape=0.4645
[22:41:50] warmStart 52% (614/1176) regret=0.043823 ape=0.4645
[22:41:50] warmStart 52% (615/1176) regret=0.043823 ape=0.4645
[22:41:50] warmStart 52% (616/1176) regret=0.043823 ape=0.4645
[22:41:50] warmStart 52% (617/1176) regret=0.043823 ape=0.4645
[22:41:50] warmStart 52% (618/1176) regret=0.043823 ape=0.4645
[22:41:50] warmStart 52% (619/1176) regret=0.043823 ape=0.4645
[22:41:51] warmStart 52% (620/1176) regret=0.043740 ape=0.4636
[22:41:51] warmStart 52% (621/1176) regret=0.043740 ape=0.4636
[22:41:51] warmStart 52% (622/1176) regret=0.043591 ape=0.4627
[22:41:51] warmStart 52% (623/1176) regret=0.043554 ape=0.4627
[22:41:51] warmStart 53% (624/1176) regret=0.043554 ape=0.4627
[22:41:51] warmStart 53% (625/1176) regret=0.043554 ape=0.4627
[22:41:52] warmStart 53% (626/1176) regret=0.043554 ape=0.4627
[22:41:52] warmStart 53% (627/1176) regret=0.043554 ape=0.4627
[22:41:52] warmStart 53% (628/1176) regret=0.043554 ape=0.4627
[22:41:52] warmStart 53% (629/1176) regret=0.043554 ape=0.4627
[22:41:52] warmStart 53% (630/1176) regret=0.043554 ape=0.4627
[22:41:52] warmStart 53% (631/1176) regret=0.043554 ape=0.4636
[22:41:52] warmStart 53% (632/1176) regret=0.043554 ape=0.4636
[22:41:53] warmStart 53% (633/1176) regret=0.043554 ape=0.4636
[22:41:53] warmStart 53% (634/1176) regret=0.043546 ape=0.4627
[22:41:53] warmStart 53% (635/1176) regret=0.043528 ape=0.4627
[22:41:53] warmStart 54% (636/1176) regret=0.043528 ape=0.4627
[22:41:53] warmStart 54% (637/1176) regret=0.043565 ape=0.4627
[22:41:53] warmStart 54% (638/1176) regret=0.043565 ape=0.4627
[22:41:54] warmStart 54% (639/1176) regret=0.043553 ape=0.4618
[22:41:54] warmStart 54% (640/1176) regret=0.043484 ape=0.4618
[22:41:54] warmStart 54% (641/1176) regret=0.043484 ape=0.4618
[22:41:54] warmStart 54% (642/1176) regret=0.043496 ape=0.4618
[22:41:54] warmStart 54% (643/1176) regret=0.043496 ape=0.4618
[22:41:54] warmStart 54% (644/1176) regret=0.043496 ape=0.4618
[22:41:54] warmStart 54% (645/1176) regret=0.043678 ape=0.4627
[22:41:55] warmStart 54% (646/1176) regret=0.043700 ape=0.4636
[22:41:55] warmStart 55% (647/1176) regret=0.043700 ape=0.4636
[22:41:55] warmStart 55% (648/1176) regret=0.043820 ape=0.4636
[22:41:55] warmStart 55% (649/1176) regret=0.043820 ape=0.4636
[22:41:55] warmStart 55% (650/1176) regret=0.043820 ape=0.4636
[22:41:55] warmStart 55% (651/1176) regret=0.043805 ape=0.4636
[22:41:56] warmStart 55% (652/1176) regret=0.043795 ape=0.4636
[22:41:56] warmStart 55% (653/1176) regret=0.043795 ape=0.4636
[22:41:56] warmStart 55% (654/1176) regret=0.043795 ape=0.4636
[22:41:56] warmStart 55% (655/1176) regret=0.043795 ape=0.4636
[22:41:56] warmStart 55% (656/1176) regret=0.043791 ape=0.4636
[22:41:56] warmStart 55% (657/1176) regret=0.043749 ape=0.4636
[22:41:56] warmStart 55% (658/1176) regret=0.043749 ape=0.4636
[22:41:57] warmStart 56% (659/1176) regret=0.043749 ape=0.4636
[22:41:57] warmStart 56% (660/1176) regret=0.043749 ape=0.4636
[22:41:57] warmStart 56% (661/1176) regret=0.043749 ape=0.4636
[22:41:57] warmStart 56% (662/1176) regret=0.043749 ape=0.4636
[22:41:57] warmStart 56% (663/1176) regret=0.043749 ape=0.4636
[22:41:57] warmStart 56% (664/1176) regret=0.043749 ape=0.4636
[22:41:58] warmStart 56% (665/1176) regret=0.043749 ape=0.4636
[22:41:58] warmStart 56% (666/1176) regret=0.043749 ape=0.4636
[22:41:58] warmStart 56% (667/1176) regret=0.043749 ape=0.4636
[22:41:58] warmStart 56% (668/1176) regret=0.043749 ape=0.4636
[22:41:58] warmStart 56% (669/1176) regret=0.043749 ape=0.4636
[22:41:58] warmStart 56% (670/1176) regret=0.043749 ape=0.4636
[22:41:58] warmStart 57% (671/1176) regret=0.043749 ape=0.4636
[22:41:59] warmStart 57% (672/1176) regret=0.043749 ape=0.4636
[22:41:59] warmStart 57% (673/1176) regret=0.043724 ape=0.4627
[22:41:59] warmStart 57% (674/1176) regret=0.043558 ape=0.4627
[22:41:59] warmStart 57% (675/1176) regret=0.043558 ape=0.4627
[22:41:59] warmStart 57% (676/1176) regret=0.043558 ape=0.4627
[22:41:59] warmStart 57% (677/1176) regret=0.043624 ape=0.4636
[22:41:59] warmStart 57% (678/1176) regret=0.043624 ape=0.4636
[22:42:00] warmStart 57% (679/1176) regret=0.043624 ape=0.4636
[22:42:00] warmStart 57% (680/1176) regret=0.043624 ape=0.4636
[22:42:00] warmStart 57% (681/1176) regret=0.043624 ape=0.4636
[22:42:00] warmStart 57% (682/1176) regret=0.043670 ape=0.4636
[22:42:00] warmStart 58% (683/1176) regret=0.043624 ape=0.4636
[22:42:00] warmStart 58% (684/1176) regret=0.043624 ape=0.4636
[22:42:01] warmStart 58% (685/1176) regret=0.043624 ape=0.4636
[22:42:01] warmStart 58% (686/1176) regret=0.043624 ape=0.4636
[22:42:01] warmStart 58% (687/1176) regret=0.043624 ape=0.4636
[22:42:01] warmStart 58% (688/1176) regret=0.043614 ape=0.4636
[22:42:01] warmStart 58% (689/1176) regret=0.043614 ape=0.4636
[22:42:01] warmStart 58% (690/1176) regret=0.043648 ape=0.4636
[22:42:01] warmStart 58% (691/1176) regret=0.043648 ape=0.4636
[22:42:02] warmStart 58% (692/1176) regret=0.043648 ape=0.4636
[22:42:02] warmStart 58% (693/1176) regret=0.043648 ape=0.4636
[22:42:02] warmStart 59% (694/1176) regret=0.043648 ape=0.4636
[22:42:02] warmStart 59% (695/1176) regret=0.043651 ape=0.4636
[22:42:02] warmStart 59% (696/1176) regret=0.043660 ape=0.4636
[22:42:02] warmStart 59% (697/1176) regret=0.043660 ape=0.4636
[22:42:03] warmStart 59% (698/1176) regret=0.043657 ape=0.4627
[22:42:03] warmStart 59% (699/1176) regret=0.043666 ape=0.4627
[22:42:03] warmStart 59% (700/1176) regret=0.043600 ape=0.4618
[22:42:03] warmStart 59% (701/1176) regret=0.043600 ape=0.4618
[22:42:03] warmStart 59% (702/1176) regret=0.043600 ape=0.4618
[22:42:03] warmStart 59% (703/1176) regret=0.043600 ape=0.4618
[22:42:03] warmStart 59% (704/1176) regret=0.043600 ape=0.4618
[22:42:04] warmStart 59% (705/1176) regret=0.043600 ape=0.4618
[22:42:04] warmStart 60% (706/1176) regret=0.043600 ape=0.4618
[22:42:04] warmStart 60% (707/1176) regret=0.043600 ape=0.4618
[22:42:04] warmStart 60% (708/1176) regret=0.043600 ape=0.4618
[22:42:04] warmStart 60% (709/1176) regret=0.043600 ape=0.4618
[22:42:04] warmStart 60% (710/1176) regret=0.043609 ape=0.4618
[22:42:04] warmStart 60% (711/1176) regret=0.043609 ape=0.4618
[22:42:05] warmStart 60% (712/1176) regret=0.043644 ape=0.4627
[22:42:05] warmStart 60% (713/1176) regret=0.043645 ape=0.4627
[22:42:05] warmStart 60% (714/1176) regret=0.043132 ape=0.4618
[22:42:05] warmStart 60% (715/1176) regret=0.043104 ape=0.4608
[22:42:05] warmStart 60% (716/1176) regret=0.043104 ape=0.4608
[22:42:05] warmStart 60% (717/1176) regret=0.043104 ape=0.4608
[22:42:06] warmStart 61% (718/1176) regret=0.043104 ape=0.4608
[22:42:06] warmStart 61% (719/1176) regret=0.043104 ape=0.4608
[22:42:06] warmStart 61% (720/1176) regret=0.043104 ape=0.4608
[22:42:06] warmStart 61% (721/1176) regret=0.043104 ape=0.4608
[22:42:06] warmStart 61% (722/1176) regret=0.043104 ape=0.4608
[22:42:06] warmStart 61% (723/1176) regret=0.043067 ape=0.4599
[22:42:07] warmStart 61% (724/1176) regret=0.043067 ape=0.4599
[22:42:07] warmStart 61% (725/1176) regret=0.043067 ape=0.4599
[22:42:07] warmStart 61% (726/1176) regret=0.043067 ape=0.4599
[22:42:07] warmStart 61% (727/1176) regret=0.043017 ape=0.4590
[22:42:07] warmStart 61% (728/1176) regret=0.043003 ape=0.4590
[22:42:07] warmStart 61% (729/1176) regret=0.043003 ape=0.4590
[22:42:08] warmStart 62% (730/1176) regret=0.043003 ape=0.4590
[22:42:08] warmStart 62% (731/1176) regret=0.043003 ape=0.4590
[22:42:08] warmStart 62% (732/1176) regret=0.043003 ape=0.4590
[22:42:08] warmStart 62% (733/1176) regret=0.043003 ape=0.4590
[22:42:08] warmStart 62% (734/1176) regret=0.043003 ape=0.4590
[22:42:08] warmStart 62% (735/1176) regret=0.043003 ape=0.4590
[22:42:09] warmStart 62% (736/1176) regret=0.042902 ape=0.4590
[22:42:09] warmStart 62% (737/1176) regret=0.042902 ape=0.4590
[22:42:09] warmStart 62% (738/1176) regret=0.042902 ape=0.4590
[22:42:09] warmStart 62% (739/1176) regret=0.042902 ape=0.4590
[22:42:09] warmStart 62% (740/1176) regret=0.042916 ape=0.4590
[22:42:09] warmStart 63% (741/1176) regret=0.042916 ape=0.4590
[22:42:09] warmStart 63% (742/1176) regret=0.042916 ape=0.4590
[22:42:10] warmStart 63% (743/1176) regret=0.042861 ape=0.4581
[22:42:10] warmStart 63% (744/1176) regret=0.042856 ape=0.4581
[22:42:10] warmStart 63% (745/1176) regret=0.042903 ape=0.4581
[22:42:10] warmStart 63% (746/1176) regret=0.042875 ape=0.4581
[22:42:10] warmStart 63% (747/1176) regret=0.042875 ape=0.4581
[22:42:10] warmStart 63% (748/1176) regret=0.042853 ape=0.4571
[22:42:11] warmStart 63% (749/1176) regret=0.042853 ape=0.4571
[22:42:11] warmStart 63% (750/1176) regret=0.042782 ape=0.4571
[22:42:11] warmStart 63% (751/1176) regret=0.042782 ape=0.4571
[22:42:11] warmStart 63% (752/1176) regret=0.042782 ape=0.4571
[22:42:11] warmStart 64% (753/1176) regret=0.042782 ape=0.4571
[22:42:11] warmStart 64% (754/1176) regret=0.042782 ape=0.4571
[22:42:12] warmStart 64% (755/1176) regret=0.042709 ape=0.4562
[22:42:12] warmStart 64% (756/1176) regret=0.042709 ape=0.4562
[22:42:12] warmStart 64% (757/1176) regret=0.042008 ape=0.4553
[22:42:12] warmStart 64% (758/1176) regret=0.042077 ape=0.4553
[22:42:12] warmStart 64% (759/1176) regret=0.042077 ape=0.4553
[22:42:12] warmStart 64% (760/1176) regret=0.042077 ape=0.4553
[22:42:12] warmStart 64% (761/1176) regret=0.042077 ape=0.4553
[22:42:13] warmStart 64% (762/1176) regret=0.042077 ape=0.4553
[22:42:13] warmStart 64% (763/1176) regret=0.042077 ape=0.4553
[22:42:13] warmStart 64% (764/1176) regret=0.042077 ape=0.4553
[22:42:13] warmStart 65% (765/1176) regret=0.041868 ape=0.4544
[22:42:13] warmStart 65% (766/1176) regret=0.041798 ape=0.4544
[22:42:13] warmStart 65% (767/1176) regret=0.041798 ape=0.4544
[22:42:14] warmStart 65% (768/1176) regret=0.041816 ape=0.4544
[22:42:14] warmStart 65% (769/1176) regret=0.041816 ape=0.4544
[22:42:14] warmStart 65% (770/1176) regret=0.041816 ape=0.4544
[22:42:14] warmStart 65% (771/1176) regret=0.041816 ape=0.4544
[22:42:14] warmStart 65% (772/1176) regret=0.041816 ape=0.4544
[22:42:14] warmStart 65% (773/1176) regret=0.041816 ape=0.4544
[22:42:14] warmStart 65% (774/1176) regret=0.041921 ape=0.4553
[22:42:15] warmStart 65% (775/1176) regret=0.041955 ape=0.4553
[22:42:15] warmStart 65% (776/1176) regret=0.041955 ape=0.4553
[22:42:15] warmStart 66% (777/1176) regret=0.041955 ape=0.4553
[22:42:15] warmStart 66% (778/1176) regret=0.041955 ape=0.4553
[22:42:15] warmStart 66% (779/1176) regret=0.041955 ape=0.4553
[22:42:15] warmStart 66% (780/1176) regret=0.041955 ape=0.4553
[22:42:15] warmStart 66% (781/1176) regret=0.041877 ape=0.4544
[22:42:16] warmStart 66% (782/1176) regret=0.041877 ape=0.4544
[22:42:16] warmStart 66% (783/1176) regret=0.041877 ape=0.4544
[22:42:16] warmStart 66% (784/1176) regret=0.041877 ape=0.4544
[22:42:16] warmStart 66% (785/1176) regret=0.042144 ape=0.4544
[22:42:16] warmStart 66% (786/1176) regret=0.041877 ape=0.4544
[22:42:16] warmStart 66% (787/1176) regret=0.041785 ape=0.4544
[22:42:17] warmStart 67% (788/1176) regret=0.041785 ape=0.4544
[22:42:17] warmStart 67% (789/1176) regret=0.041785 ape=0.4544
[22:42:17] warmStart 67% (790/1176) regret=0.041785 ape=0.4544
[22:42:17] warmStart 67% (791/1176) regret=0.041785 ape=0.4544
[22:42:17] warmStart 67% (792/1176) regret=0.041785 ape=0.4544
[22:42:17] warmStart 67% (793/1176) regret=0.041785 ape=0.4544
[22:42:17] warmStart 67% (794/1176) regret=0.041785 ape=0.4544
[22:42:18] warmStart 67% (795/1176) regret=0.041785 ape=0.4544
[22:42:18] warmStart 67% (796/1176) regret=0.041711 ape=0.4544
[22:42:18] warmStart 67% (797/1176) regret=0.041702 ape=0.4544
[22:42:18] warmStart 67% (798/1176) regret=0.041702 ape=0.4544
[22:42:18] warmStart 67% (799/1176) regret=0.041702 ape=0.4544
[22:42:18] warmStart 68% (800/1176) regret=0.041702 ape=0.4544
[22:42:19] warmStart 68% (801/1176) regret=0.041720 ape=0.4544
[22:42:19] warmStart 68% (802/1176) regret=0.041702 ape=0.4544
[22:42:19] warmStart 68% (803/1176) regret=0.041656 ape=0.4544
[22:42:19] warmStart 68% (804/1176) regret=0.041676 ape=0.4544
[22:42:19] warmStart 68% (805/1176) regret=0.041484 ape=0.4535
[22:42:19] warmStart 68% (806/1176) regret=0.041608 ape=0.4544
[22:42:20] warmStart 68% (807/1176) regret=0.041485 ape=0.4544
[22:42:20] warmStart 68% (808/1176) regret=0.041485 ape=0.4544
[22:42:20] warmStart 68% (809/1176) regret=0.041485 ape=0.4544
[22:42:20] warmStart 68% (810/1176) regret=0.041485 ape=0.4544
[22:42:20] warmStart 68% (811/1176) regret=0.041485 ape=0.4544
[22:42:20] warmStart 69% (812/1176) regret=0.041485 ape=0.4544
[22:42:21] warmStart 69% (813/1176) regret=0.041485 ape=0.4544
[22:42:21] warmStart 69% (814/1176) regret=0.041485 ape=0.4544
[22:42:21] warmStart 69% (815/1176) regret=0.041504 ape=0.4544
[22:42:21] warmStart 69% (816/1176) regret=0.041408 ape=0.4544
[22:42:21] warmStart 69% (817/1176) regret=0.041381 ape=0.4535
[22:42:21] warmStart 69% (818/1176) regret=0.041381 ape=0.4535
[22:42:21] warmStart 69% (819/1176) regret=0.041643 ape=0.4535
[22:42:22] warmStart 69% (820/1176) regret=0.041423 ape=0.4535
[22:42:22] warmStart 69% (821/1176) regret=0.041423 ape=0.4535
[22:42:22] warmStart 69% (822/1176) regret=0.041658 ape=0.4535
[22:42:22] warmStart 69% (823/1176) regret=0.041423 ape=0.4535
[22:42:22] warmStart 70% (824/1176) regret=0.041234 ape=0.4535
[22:42:22] warmStart 70% (825/1176) regret=0.041261 ape=0.4544
[22:42:22] warmStart 70% (826/1176) regret=0.041261 ape=0.4544
[22:42:23] warmStart 70% (827/1176) regret=0.041261 ape=0.4544
[22:42:23] warmStart 70% (828/1176) regret=0.041261 ape=0.4544
[22:42:23] warmStart 70% (829/1176) regret=0.041764 ape=0.4544
[22:42:23] warmStart 70% (830/1176) regret=0.041791 ape=0.4544
[22:42:23] warmStart 70% (831/1176) regret=0.041386 ape=0.4535
[22:42:23] warmStart 70% (832/1176) regret=0.041386 ape=0.4535
[22:42:24] warmStart 70% (833/1176) regret=0.041386 ape=0.4535
[22:42:24] warmStart 70% (834/1176) regret=0.041128 ape=0.4525
[22:42:24] warmStart 71% (835/1176) regret=0.041026 ape=0.4525
[22:42:24] warmStart 71% (836/1176) regret=0.040870 ape=0.4525
[22:42:24] warmStart 71% (837/1176) regret=0.040561 ape=0.4516
[22:42:24] warmStart 71% (838/1176) regret=0.040645 ape=0.4525
[22:42:25] warmStart 71% (839/1176) regret=0.040657 ape=0.4525
[22:42:25] warmStart 71% (840/1176) regret=0.040657 ape=0.4525
[22:42:25] warmStart 71% (841/1176) regret=0.040663 ape=0.4525
[22:42:25] warmStart 71% (842/1176) regret=0.040663 ape=0.4525
[22:42:25] warmStart 71% (843/1176) regret=0.040204 ape=0.4516
[22:42:25] warmStart 71% (844/1176) regret=0.040314 ape=0.4516
[22:42:25] warmStart 71% (845/1176) regret=0.040314 ape=0.4516
[22:42:26] warmStart 71% (846/1176) regret=0.040314 ape=0.4516
[22:42:26] warmStart 72% (847/1176) regret=0.039886 ape=0.4516
[22:42:26] warmStart 72% (848/1176) regret=0.040254 ape=0.4516
[22:42:26] warmStart 72% (849/1176) regret=0.040254 ape=0.4516
[22:42:26] warmStart 72% (850/1176) regret=0.040033 ape=0.4507
[22:42:26] warmStart 72% (851/1176) regret=0.040019 ape=0.4507
[22:42:26] warmStart 72% (852/1176) regret=0.040019 ape=0.4507
[22:42:27] warmStart 72% (853/1176) regret=0.039945 ape=0.4498
[22:42:27] warmStart 72% (854/1176) regret=0.039945 ape=0.4498
[22:42:27] warmStart 72% (855/1176) regret=0.039945 ape=0.4498
[22:42:27] warmStart 72% (856/1176) regret=0.039945 ape=0.4498
[22:42:27] warmStart 72% (857/1176) regret=0.039837 ape=0.4488
[22:42:27] warmStart 72% (858/1176) regret=0.040072 ape=0.4488
[22:42:28] warmStart 73% (859/1176) regret=0.040072 ape=0.4488
[22:42:28] warmStart 73% (860/1176) regret=0.040062 ape=0.4488
[22:42:28] warmStart 73% (861/1176) regret=0.040062 ape=0.4488
[22:42:28] warmStart 73% (862/1176) regret=0.040117 ape=0.4488
[22:42:28] warmStart 73% (863/1176) regret=0.040117 ape=0.4488
[22:42:28] warmStart 73% (864/1176) regret=0.040117 ape=0.4488
[22:42:28] warmStart 73% (865/1176) regret=0.040297 ape=0.4488
[22:42:29] warmStart 73% (866/1176) regret=0.040297 ape=0.4488
[22:42:29] warmStart 73% (867/1176) regret=0.040297 ape=0.4488
[22:42:29] warmStart 73% (868/1176) regret=0.040467 ape=0.4488
[22:42:29] warmStart 73% (869/1176) regret=0.040398 ape=0.4488
[22:42:29] warmStart 73% (870/1176) regret=0.040398 ape=0.4488
[22:42:29] warmStart 74% (871/1176) regret=0.040398 ape=0.4488
[22:42:30] warmStart 74% (872/1176) regret=0.040398 ape=0.4488
[22:42:30] warmStart 74% (873/1176) regret=0.040373 ape=0.4479
[22:42:30] warmStart 74% (874/1176) regret=0.040373 ape=0.4479
[22:42:30] warmStart 74% (875/1176) regret=0.040395 ape=0.4488
[22:42:30] warmStart 74% (876/1176) regret=0.040395 ape=0.4488
[22:42:30] warmStart 74% (877/1176) regret=0.040395 ape=0.4488
[22:42:30] warmStart 74% (878/1176) regret=0.040395 ape=0.4488
[22:42:31] warmStart 74% (879/1176) regret=0.040395 ape=0.4488
[22:42:31] warmStart 74% (880/1176) regret=0.040398 ape=0.4498
[22:42:31] warmStart 74% (881/1176) regret=0.040343 ape=0.4498
[22:42:31] warmStart 75% (882/1176) regret=0.040343 ape=0.4498
[22:42:31] warmStart 75% (883/1176) regret=0.040343 ape=0.4498
[22:42:31] warmStart 75% (884/1176) regret=0.040343 ape=0.4498
[22:42:32] warmStart 75% (885/1176) regret=0.040343 ape=0.4498
[22:42:32] warmStart 75% (886/1176) regret=0.040343 ape=0.4498
[22:42:32] warmStart 75% (887/1176) regret=0.040343 ape=0.4498
[22:42:32] warmStart 75% (888/1176) regret=0.040343 ape=0.4498
[22:42:32] warmStart 75% (889/1176) regret=0.040332 ape=0.4498
[22:42:32] warmStart 75% (890/1176) regret=0.040332 ape=0.4498
[22:42:32] warmStart 75% (891/1176) regret=0.040329 ape=0.4488
[22:42:33] warmStart 75% (892/1176) regret=0.040329 ape=0.4488
[22:42:33] warmStart 75% (893/1176) regret=0.040329 ape=0.4488
[22:42:33] warmStart 76% (894/1176) regret=0.040596 ape=0.4488
[22:42:33] warmStart 76% (895/1176) regret=0.040596 ape=0.4488
[22:42:33] warmStart 76% (896/1176) regret=0.040596 ape=0.4488
[22:42:33] warmStart 76% (897/1176) regret=0.040596 ape=0.4488
[22:42:34] warmStart 76% (898/1176) regret=0.040596 ape=0.4488
[22:42:34] warmStart 76% (899/1176) regret=0.040596 ape=0.4488
[22:42:34] warmStart 76% (900/1176) regret=0.040596 ape=0.4488
[22:42:34] warmStart 76% (901/1176) regret=0.040596 ape=0.4488
[22:42:34] warmStart 76% (902/1176) regret=0.040621 ape=0.4498
[22:42:34] warmStart 76% (903/1176) regret=0.040621 ape=0.4498
[22:42:35] warmStart 76% (904/1176) regret=0.040621 ape=0.4498
[22:42:35] warmStart 76% (905/1176) regret=0.040621 ape=0.4498
[22:42:35] warmStart 77% (906/1176) regret=0.040621 ape=0.4498
[22:42:35] warmStart 77% (907/1176) regret=0.040621 ape=0.4498
[22:42:35] warmStart 77% (908/1176) regret=0.040621 ape=0.4498
[22:42:35] warmStart 77% (909/1176) regret=0.040632 ape=0.4507
[22:42:35] warmStart 77% (910/1176) regret=0.040264 ape=0.4507
[22:42:36] warmStart 77% (911/1176) regret=0.040264 ape=0.4507
[22:42:36] warmStart 77% (912/1176) regret=0.040264 ape=0.4507
[22:42:36] warmStart 77% (913/1176) regret=0.040266 ape=0.4507
[22:42:36] warmStart 77% (914/1176) regret=0.040266 ape=0.4507
[22:42:36] warmStart 77% (915/1176) regret=0.040266 ape=0.4507
[22:42:36] warmStart 77% (916/1176) regret=0.040266 ape=0.4507
[22:42:37] warmStart 77% (917/1176) regret=0.040266 ape=0.4507
[22:42:37] warmStart 78% (918/1176) regret=0.040276 ape=0.4516
[22:42:37] warmStart 78% (919/1176) regret=0.040285 ape=0.4516
[22:42:37] warmStart 78% (920/1176) regret=0.040285 ape=0.4516
[22:42:37] warmStart 78% (921/1176) regret=0.040285 ape=0.4516
[22:42:37] warmStart 78% (922/1176) regret=0.040283 ape=0.4507
[22:42:38] warmStart 78% (923/1176) regret=0.040283 ape=0.4507
[22:42:38] warmStart 78% (924/1176) regret=0.040477 ape=0.4525
[22:42:38] warmStart 78% (925/1176) regret=0.040477 ape=0.4525
[22:42:38] warmStart 78% (926/1176) regret=0.040430 ape=0.4525
[22:42:38] warmStart 78% (927/1176) regret=0.040343 ape=0.4535
[22:42:38] warmStart 78% (928/1176) regret=0.040467 ape=0.4544
[22:42:38] warmStart 78% (929/1176) regret=0.040563 ape=0.4544
[22:42:39] warmStart 79% (930/1176) regret=0.040410 ape=0.4535
[22:42:39] warmStart 79% (931/1176) regret=0.040475 ape=0.4544
[22:42:39] warmStart 79% (932/1176) regret=0.040473 ape=0.4544
[22:42:39] warmStart 79% (933/1176) regret=0.040482 ape=0.4544
[22:42:39] warmStart 79% (934/1176) regret=0.040482 ape=0.4544
[22:42:39] warmStart 79% (935/1176) regret=0.040519 ape=0.4544
[22:42:40] warmStart 79% (936/1176) regret=0.040519 ape=0.4544
[22:42:40] warmStart 79% (937/1176) regret=0.040519 ape=0.4544
[22:42:40] warmStart 79% (938/1176) regret=0.040519 ape=0.4544
[22:42:40] warmStart 79% (939/1176) regret=0.040519 ape=0.4544
[22:42:40] warmStart 79% (940/1176) regret=0.040519 ape=0.4544
[22:42:40] warmStart 80% (941/1176) regret=0.040497 ape=0.4535
[22:42:40] warmStart 80% (942/1176) regret=0.040497 ape=0.4535
[22:42:41] warmStart 80% (943/1176) regret=0.040497 ape=0.4535
[22:42:41] warmStart 80% (944/1176) regret=0.040423 ape=0.4535
[22:42:41] warmStart 80% (945/1176) regret=0.040423 ape=0.4535
[22:42:41] warmStart 80% (946/1176) regret=0.040580 ape=0.4544
[22:42:41] warmStart 80% (947/1176) regret=0.040580 ape=0.4544
[22:42:41] warmStart 80% (948/1176) regret=0.040580 ape=0.4544
[22:42:41] warmStart 80% (949/1176) regret=0.040649 ape=0.4544
[22:42:42] warmStart 80% (950/1176) regret=0.040649 ape=0.4544
[22:42:42] warmStart 80% (951/1176) regret=0.040575 ape=0.4535
[22:42:42] warmStart 80% (952/1176) regret=0.040575 ape=0.4535
[22:42:42] warmStart 81% (953/1176) regret=0.040575 ape=0.4535
[22:42:42] warmStart 81% (954/1176) regret=0.040575 ape=0.4535
[22:42:42] warmStart 81% (955/1176) regret=0.040575 ape=0.4535
[22:42:43] warmStart 81% (956/1176) regret=0.040575 ape=0.4535
[22:42:43] warmStart 81% (957/1176) regret=0.040575 ape=0.4535
[22:42:43] warmStart 81% (958/1176) regret=0.040760 ape=0.4544
[22:42:43] warmStart 81% (959/1176) regret=0.040760 ape=0.4544
[22:42:43] warmStart 81% (960/1176) regret=0.040760 ape=0.4544
[22:42:43] warmStart 81% (961/1176) regret=0.040760 ape=0.4544
[22:42:43] warmStart 81% (962/1176) regret=0.040760 ape=0.4544
[22:42:44] warmStart 81% (963/1176) regret=0.040760 ape=0.4544
[22:42:44] warmStart 81% (964/1176) regret=0.040833 ape=0.4544
[22:42:44] warmStart 82% (965/1176) regret=0.040833 ape=0.4544
[22:42:44] warmStart 82% (966/1176) regret=0.040833 ape=0.4544
[22:42:44] warmStart 82% (967/1176) regret=0.040833 ape=0.4544
[22:42:44] warmStart 82% (968/1176) regret=0.040833 ape=0.4544
[22:42:45] warmStart 82% (969/1176) regret=0.040833 ape=0.4544
[22:42:45] warmStart 82% (970/1176) regret=0.040704 ape=0.4535
[22:42:45] warmStart 82% (971/1176) regret=0.040704 ape=0.4535
[22:42:45] warmStart 82% (972/1176) regret=0.040704 ape=0.4535
[22:42:45] warmStart 82% (973/1176) regret=0.040740 ape=0.4535
[22:42:45] warmStart 82% (974/1176) regret=0.040905 ape=0.4544
[22:42:45] warmStart 82% (975/1176) regret=0.040905 ape=0.4544
[22:42:46] warmStart 82% (976/1176) regret=0.040905 ape=0.4544
[22:42:46] warmStart 83% (977/1176) regret=0.040905 ape=0.4544
[22:42:46] warmStart 83% (978/1176) regret=0.040905 ape=0.4544
[22:42:46] warmStart 83% (979/1176) regret=0.040940 ape=0.4544
[22:42:46] warmStart 83% (980/1176) regret=0.040954 ape=0.4553
[22:42:46] warmStart 83% (981/1176) regret=0.040919 ape=0.4553
[22:42:47] warmStart 83% (982/1176) regret=0.040836 ape=0.4553
[22:42:47] warmStart 83% (983/1176) regret=0.040934 ape=0.4553
[22:42:47] warmStart 83% (984/1176) regret=0.040934 ape=0.4553
[22:42:47] warmStart 83% (985/1176) regret=0.040934 ape=0.4553
[22:42:47] warmStart 83% (986/1176) regret=0.040920 ape=0.4553
[22:42:47] warmStart 83% (987/1176) regret=0.040920 ape=0.4553
[22:42:48] warmStart 84% (988/1176) regret=0.040764 ape=0.4544
[22:42:48] warmStart 84% (989/1176) regret=0.040764 ape=0.4544
[22:42:48] warmStart 84% (990/1176) regret=0.040764 ape=0.4544
[22:42:48] warmStart 84% (991/1176) regret=0.040764 ape=0.4544
[22:42:48] warmStart 84% (992/1176) regret=0.040718 ape=0.4544
[22:42:48] warmStart 84% (993/1176) regret=0.040718 ape=0.4544
[22:42:49] warmStart 84% (994/1176) regret=0.040718 ape=0.4544
[22:42:49] warmStart 84% (995/1176) regret=0.040718 ape=0.4544
[22:42:49] warmStart 84% (996/1176) regret=0.040718 ape=0.4544
[22:42:49] warmStart 84% (997/1176) regret=0.040718 ape=0.4544
[22:42:49] warmStart 84% (998/1176) regret=0.040718 ape=0.4544
[22:42:49] warmStart 84% (999/1176) regret=0.040718 ape=0.4544
[22:42:50] warmStart 85% (1000/1176) regret=0.040718 ape=0.4544
[22:42:50] warmStart 85% (1001/1176) regret=0.040718 ape=0.4544
[22:42:50] warmStart 85% (1002/1176) regret=0.040718 ape=0.4544
[22:42:50] warmStart 85% (1003/1176) regret=0.040718 ape=0.4544
[22:42:50] warmStart 85% (1004/1176) regret=0.040782 ape=0.4544
[22:42:50] warmStart 85% (1005/1176) regret=0.040847 ape=0.4544
[22:42:50] warmStart 85% (1006/1176) regret=0.040782 ape=0.4544
[22:42:51] warmStart 85% (1007/1176) regret=0.040782 ape=0.4544
[22:42:51] warmStart 85% (1008/1176) regret=0.040782 ape=0.4544
[22:42:51] warmStart 85% (1009/1176) regret=0.040782 ape=0.4544
[22:42:51] warmStart 85% (1010/1176) regret=0.040782 ape=0.4544
[22:42:51] warmStart 85% (1011/1176) regret=0.040782 ape=0.4544
[22:42:51] warmStart 86% (1012/1176) regret=0.040782 ape=0.4544
[22:42:51] warmStart 86% (1013/1176) regret=0.040782 ape=0.4544
[22:42:52] warmStart 86% (1014/1176) regret=0.040782 ape=0.4544
[22:42:52] warmStart 86% (1015/1176) regret=0.040782 ape=0.4544
[22:42:52] warmStart 86% (1016/1176) regret=0.040801 ape=0.4544
[22:42:52] warmStart 86% (1017/1176) regret=0.040658 ape=0.4544
[22:42:52] warmStart 86% (1018/1176) regret=0.040658 ape=0.4544
[22:42:52] warmStart 86% (1019/1176) regret=0.040658 ape=0.4544
[22:42:53] warmStart 86% (1020/1176) regret=0.040658 ape=0.4544
[22:42:53] warmStart 86% (1021/1176) regret=0.040658 ape=0.4544
[22:42:53] warmStart 86% (1022/1176) regret=0.040487 ape=0.4535
[22:42:53] warmStart 86% (1023/1176) regret=0.040487 ape=0.4535
[22:42:53] warmStart 87% (1024/1176) regret=0.040487 ape=0.4535
[22:42:53] warmStart 87% (1025/1176) regret=0.040487 ape=0.4535
[22:42:54] warmStart 87% (1026/1176) regret=0.040487 ape=0.4535
[22:42:54] warmStart 87% (1027/1176) regret=0.040690 ape=0.4544
[22:42:54] warmStart 87% (1028/1176) regret=0.040690 ape=0.4544
[22:42:54] warmStart 87% (1029/1176) regret=0.040690 ape=0.4544
[22:42:54] warmStart 87% (1030/1176) regret=0.040690 ape=0.4544
[22:42:54] warmStart 87% (1031/1176) regret=0.040662 ape=0.4544
[22:42:54] warmStart 87% (1032/1176) regret=0.040404 ape=0.4544
[22:42:55] warmStart 87% (1033/1176) regret=0.040404 ape=0.4544
[22:42:55] warmStart 87% (1034/1176) regret=0.040404 ape=0.4544
[22:42:55] warmStart 88% (1035/1176) regret=0.040379 ape=0.4535
[22:42:55] warmStart 88% (1036/1176) regret=0.040365 ape=0.4544
[22:42:55] warmStart 88% (1037/1176) regret=0.040536 ape=0.4544
[22:42:55] warmStart 88% (1038/1176) regret=0.040467 ape=0.4544
[22:42:55] warmStart 88% (1039/1176) regret=0.040467 ape=0.4544
[22:42:56] warmStart 88% (1040/1176) regret=0.040462 ape=0.4535
[22:42:56] warmStart 88% (1041/1176) regret=0.040483 ape=0.4544
[22:42:56] warmStart 88% (1042/1176) regret=0.040517 ape=0.4544
[22:42:56] warmStart 88% (1043/1176) regret=0.040525 ape=0.4553
[22:42:56] warmStart 88% (1044/1176) regret=0.040498 ape=0.4553
[22:42:56] warmStart 88% (1045/1176) regret=0.040491 ape=0.4553
[22:42:56] warmStart 88% (1046/1176) regret=0.040491 ape=0.4553
[22:42:57] warmStart 89% (1047/1176) regret=0.040491 ape=0.4553
[22:42:57] warmStart 89% (1048/1176) regret=0.040516 ape=0.4562
[22:42:57] warmStart 89% (1049/1176) regret=0.040516 ape=0.4562
[22:42:57] warmStart 89% (1050/1176) regret=0.040516 ape=0.4562
[22:42:57] warmStart 89% (1051/1176) regret=0.040516 ape=0.4562
[22:42:57] warmStart 89% (1052/1176) regret=0.040516 ape=0.4562
[22:42:58] warmStart 89% (1053/1176) regret=0.040516 ape=0.4562
[22:42:58] warmStart 89% (1054/1176) regret=0.040516 ape=0.4562
[22:42:58] warmStart 89% (1055/1176) regret=0.040498 ape=0.4553
[22:42:58] warmStart 89% (1056/1176) regret=0.040498 ape=0.4553
[22:42:58] warmStart 89% (1057/1176) regret=0.040498 ape=0.4553
[22:42:58] warmStart 89% (1058/1176) regret=0.040498 ape=0.4553
[22:42:58] warmStart 90% (1059/1176) regret=0.040498 ape=0.4553
[22:42:59] warmStart 90% (1060/1176) regret=0.040399 ape=0.4553
[22:42:59] warmStart 90% (1061/1176) regret=0.040399 ape=0.4553
[22:42:59] warmStart 90% (1062/1176) regret=0.040427 ape=0.4553
[22:42:59] warmStart 90% (1063/1176) regret=0.040427 ape=0.4553
[22:42:59] warmStart 90% (1064/1176) regret=0.040384 ape=0.4553
[22:42:59] warmStart 90% (1065/1176) regret=0.040384 ape=0.4553
[22:42:59] warmStart 90% (1066/1176) regret=0.040391 ape=0.4553
[22:43:00] warmStart 90% (1067/1176) regret=0.040391 ape=0.4553
[22:43:00] warmStart 90% (1068/1176) regret=0.040391 ape=0.4553
[22:43:00] warmStart 90% (1069/1176) regret=0.040349 ape=0.4553
[22:43:00] warmStart 90% (1070/1176) regret=0.040156 ape=0.4544
[22:43:00] warmStart 91% (1071/1176) regret=0.040156 ape=0.4544
[22:43:00] warmStart 91% (1072/1176) regret=0.040156 ape=0.4544
[22:43:01] warmStart 91% (1073/1176) regret=0.040156 ape=0.4544
[22:43:01] warmStart 91% (1074/1176) regret=0.040152 ape=0.4544
[22:43:01] warmStart 91% (1075/1176) regret=0.040124 ape=0.4544
[22:43:01] warmStart 91% (1076/1176) regret=0.040124 ape=0.4544
[22:43:01] warmStart 91% (1077/1176) regret=0.040124 ape=0.4544
[22:43:01] warmStart 91% (1078/1176) regret=0.040124 ape=0.4544
[22:43:02] warmStart 91% (1079/1176) regret=0.040124 ape=0.4544
[22:43:02] warmStart 91% (1080/1176) regret=0.040124 ape=0.4544
[22:43:02] warmStart 91% (1081/1176) regret=0.039949 ape=0.4535
[22:43:02] warmStart 92% (1082/1176) regret=0.039949 ape=0.4535
[22:43:02] warmStart 92% (1083/1176) regret=0.039933 ape=0.4535
[22:43:02] warmStart 92% (1084/1176) regret=0.039887 ape=0.4535
[22:43:03] warmStart 92% (1085/1176) regret=0.039884 ape=0.4535
[22:43:03] warmStart 92% (1086/1176) regret=0.039815 ape=0.4535
[22:43:03] warmStart 92% (1087/1176) regret=0.039990 ape=0.4535
[22:43:03] warmStart 92% (1088/1176) regret=0.039983 ape=0.4535
[22:43:03] warmStart 92% (1089/1176) regret=0.039983 ape=0.4535
[22:43:03] warmStart 92% (1090/1176) regret=0.039990 ape=0.4535
[22:43:03] warmStart 92% (1091/1176) regret=0.039982 ape=0.4525
[22:43:04] warmStart 92% (1092/1176) regret=0.039982 ape=0.4525
[22:43:04] warmStart 92% (1093/1176) regret=0.039982 ape=0.4525
[22:43:04] warmStart 93% (1094/1176) regret=0.039982 ape=0.4525
[22:43:04] warmStart 93% (1095/1176) regret=0.039982 ape=0.4525
[22:43:04] warmStart 93% (1096/1176) regret=0.039982 ape=0.4525
[22:43:04] warmStart 93% (1097/1176) regret=0.039982 ape=0.4525
[22:43:05] warmStart 93% (1098/1176) regret=0.039982 ape=0.4525
[22:43:05] warmStart 93% (1099/1176) regret=0.039979 ape=0.4525
[22:43:05] warmStart 93% (1100/1176) regret=0.039979 ape=0.4525
[22:43:05] warmStart 93% (1101/1176) regret=0.039979 ape=0.4525
[22:43:05] warmStart 93% (1102/1176) regret=0.039979 ape=0.4525
[22:43:05] warmStart 93% (1103/1176) regret=0.039961 ape=0.4525
[22:43:05] warmStart 93% (1104/1176) regret=0.039961 ape=0.4525
[22:43:06] warmStart 93% (1105/1176) regret=0.039961 ape=0.4525
[22:43:06] warmStart 94% (1106/1176) regret=0.039901 ape=0.4516
[22:43:06] warmStart 94% (1107/1176) regret=0.039901 ape=0.4516
[22:43:06] warmStart 94% (1108/1176) regret=0.039901 ape=0.4516
[22:43:06] warmStart 94% (1109/1176) regret=0.039901 ape=0.4516
[22:43:06] warmStart 94% (1110/1176) regret=0.039901 ape=0.4516
[22:43:07] warmStart 94% (1111/1176) regret=0.039901 ape=0.4516
[22:43:07] warmStart 94% (1112/1176) regret=0.039749 ape=0.4507
[22:43:07] warmStart 94% (1113/1176) regret=0.039749 ape=0.4507
[22:43:07] warmStart 94% (1114/1176) regret=0.039749 ape=0.4507
[22:43:07] warmStart 94% (1115/1176) regret=0.039749 ape=0.4507
[22:43:07] warmStart 94% (1116/1176) regret=0.039749 ape=0.4507
[22:43:07] warmStart 94% (1117/1176) regret=0.039749 ape=0.4507
[22:43:08] warmStart 95% (1118/1176) regret=0.039772 ape=0.4507
[22:43:08] warmStart 95% (1119/1176) regret=0.039772 ape=0.4507
[22:43:08] warmStart 95% (1120/1176) regret=0.039772 ape=0.4507
[22:43:08] warmStart 95% (1121/1176) regret=0.039506 ape=0.4498
[22:43:08] warmStart 95% (1122/1176) regret=0.039235 ape=0.4498
[22:43:08] warmStart 95% (1123/1176) regret=0.039235 ape=0.4498
[22:43:09] warmStart 95% (1124/1176) regret=0.039238 ape=0.4498
[22:43:09] warmStart 95% (1125/1176) regret=0.039238 ape=0.4498
[22:43:09] warmStart 95% (1126/1176) regret=0.039238 ape=0.4498
[22:43:09] warmStart 95% (1127/1176) regret=0.039238 ape=0.4498
[22:43:09] warmStart 95% (1128/1176) regret=0.039238 ape=0.4498
[22:43:09] warmStart 96% (1129/1176) regret=0.039330 ape=0.4498
[22:43:10] warmStart 96% (1130/1176) regret=0.039330 ape=0.4498
[22:43:10] warmStart 96% (1131/1176) regret=0.039330 ape=0.4498
[22:43:10] warmStart 96% (1132/1176) regret=0.039261 ape=0.4479
[22:43:10] warmStart 96% (1133/1176) regret=0.039261 ape=0.4479
[22:43:10] warmStart 96% (1134/1176) regret=0.039261 ape=0.4479
[22:43:10] warmStart 96% (1135/1176) regret=0.039261 ape=0.4479
[22:43:10] warmStart 96% (1136/1176) regret=0.039261 ape=0.4479
[22:43:11] warmStart 96% (1137/1176) regret=0.039261 ape=0.4479
[22:43:11] warmStart 96% (1138/1176) regret=0.039261 ape=0.4479
[22:43:11] warmStart 96% (1139/1176) regret=0.039261 ape=0.4479
[22:43:11] warmStart 96% (1140/1176) regret=0.039261 ape=0.4479
[22:43:11] warmStart 97% (1141/1176) regret=0.039261 ape=0.4479
[22:43:11] warmStart 97% (1142/1176) regret=0.039161 ape=0.4470
[22:43:12] warmStart 97% (1143/1176) regret=0.039059 ape=0.4470
[22:43:12] warmStart 97% (1144/1176) regret=0.039059 ape=0.4470
[22:43:12] warmStart 97% (1145/1176) regret=0.039059 ape=0.4470
[22:43:12] warmStart 97% (1146/1176) regret=0.039059 ape=0.4470
[22:43:12] warmStart 97% (1147/1176) regret=0.039059 ape=0.4470
[22:43:12] warmStart 97% (1148/1176) regret=0.039059 ape=0.4470
[22:43:12] warmStart 97% (1149/1176) regret=0.039059 ape=0.4470
[22:43:13] warmStart 97% (1150/1176) regret=0.039059 ape=0.4470
[22:43:13] warmStart 97% (1151/1176) regret=0.039059 ape=0.4470
[22:43:13] warmStart 97% (1152/1176) regret=0.039059 ape=0.4470
[22:43:13] warmStart 98% (1153/1176) regret=0.039086 ape=0.4470
[22:43:13] warmStart 98% (1154/1176) regret=0.039132 ape=0.4470
[22:43:13] warmStart 98% (1155/1176) regret=0.039086 ape=0.4470
[22:43:14] warmStart 98% (1156/1176) regret=0.039086 ape=0.4470
[22:43:14] warmStart 98% (1157/1176) regret=0.039086 ape=0.4470
[22:43:14] warmStart 98% (1158/1176) regret=0.039059 ape=0.4470
[22:43:14] warmStart 98% (1159/1176) regret=0.039059 ape=0.4470
[22:43:14] warmStart 98% (1160/1176) regret=0.039059 ape=0.4470
[22:43:14] warmStart 98% (1161/1176) regret=0.039059 ape=0.4470
[22:43:15] warmStart 98% (1162/1176) regret=0.039059 ape=0.4470
[22:43:15] warmStart 98% (1163/1176) regret=0.039059 ape=0.4470
[22:43:15] warmStart 98% (1164/1176) regret=0.039059 ape=0.4470
[22:43:15] warmStart 99% (1165/1176) regret=0.039059 ape=0.4470
[22:43:15] warmStart 99% (1166/1176) regret=0.039059 ape=0.4470
[22:43:15] warmStart 99% (1167/1176) regret=0.038509 ape=0.4461
[22:43:16] warmStart 99% (1168/1176) regret=0.038426 ape=0.4461
[22:43:16] warmStart 99% (1169/1176) regret=0.038426 ape=0.4461
[22:43:16] warmStart 99% (1170/1176) regret=0.038546 ape=0.4461
[22:43:16] warmStart 99% (1171/1176) regret=0.038546 ape=0.4461
[22:43:16] warmStart 99% (1172/1176) regret=0.038546 ape=0.4461
[22:43:16] warmStart 99% (1173/1176) regret=0.038546 ape=0.4461
[22:43:16] warmStart 99% (1174/1176) regret=0.038546 ape=0.4461
Fractional warm start finished: 1175 points, 180.09s
  Final: regret=0.038546, ape=0.4461

Saved: /home/users/g/s/gsavary/LudiiMCTSVariations/slurm_sweep_full_dataset/output_fractional/warm/seed_1/sweep_fractional_warm_1_20260426_224317.json

Generating plots...
Saved: /home/users/g/s/gsavary/LudiiMCTSVariations/slurm_sweep_full_dataset/output_fractional/warm/seed_1/sweep_fractional_warm_1_20260426_224317_regret.png
Saved: /home/users/g/s/gsavary/LudiiMCTSVariations/slurm_sweep_full_dataset/output_fractional/warm/seed_1/sweep_fractional_warm_1_20260426_224317_ape.png

================================================================================
Experiment complete!
================================================================================
Done. Results in: /home/users/g/s/gsavary/LudiiMCTSVariations/slurm_sweep_full_dataset/output_fractional/warm/seed_1
