============================================================
Fractional warm start experiment
Method: warm
Seed:   3
Output: /home/users/g/s/gsavary/LudiiMCTSVariations/slurm_sweep_full_dataset/output_fractional/warm/seed_3
============================================================

================================================================================
SLURM Sweep Experiment - Single Fractional Sample Warm Start
================================================================================
Method:          warm
Time limit:      3600.0s
Seed:            3
Batch size:      20
Output dir:      /home/users/g/s/gsavary/LudiiMCTSVariations/slurm_sweep_full_dataset/output_fractional/warm/seed_3

Loading Ludii dataset...
Loaded 1085 games
Using 1085 games (full dataset)

Running timing probe (100 pulls)...
  Estimated secs/pull: 0.021784

Time budget: 3600.0s → ~165261 total pulls
Per-method budget: 23608 pulls (~514.3s)

Computing predictor-only performance...
  Predictions loaded: 23675 agent predictions
  Predictor-only: regret=0.104318, ape=0.4894

Running FRACTIONAL WARM START (1 sample per arm = ML predicted probability)...
[22:40:18] warmStart 0% (0/1181) regret=0.104318 ape=0.4894
[22:40:18] warmStart 0% (1/1181) regret=0.104318 ape=0.4894
[22:40:18] warmStart 0% (2/1181) regret=0.104318 ape=0.4894
[22:40:18] warmStart 0% (3/1181) regret=0.104318 ape=0.4894
[22:40:19] warmStart 0% (4/1181) regret=0.104318 ape=0.4894
[22:40:19] warmStart 0% (5/1181) regret=0.104318 ape=0.4894
[22:40:19] warmStart 0% (6/1181) regret=0.104306 ape=0.4885
[22:40:19] warmStart 0% (7/1181) regret=0.104306 ape=0.4885
[22:40:19] warmStart 0% (8/1181) regret=0.104306 ape=0.4885
[22:40:19] warmStart 0% (9/1181) regret=0.104306 ape=0.4885
[22:40:19] warmStart 0% (10/1181) regret=0.104306 ape=0.4885
[22:40:20] warmStart 0% (11/1181) regret=0.104261 ape=0.4876
[22:40:20] warmStart 1% (12/1181) regret=0.104261 ape=0.4876
[22:40:20] warmStart 1% (13/1181) regret=0.104151 ape=0.4876
[22:40:20] warmStart 1% (14/1181) regret=0.104151 ape=0.4876
[22:40:20] warmStart 1% (15/1181) regret=0.104118 ape=0.4876
[22:40:20] warmStart 1% (16/1181) regret=0.104725 ape=0.4885
[22:40:20] warmStart 1% (17/1181) regret=0.104780 ape=0.4885
[22:40:21] warmStart 1% (18/1181) regret=0.104978 ape=0.4885
[22:40:21] warmStart 1% (19/1181) regret=0.105309 ape=0.4903
[22:40:21] warmStart 1% (20/1181) regret=0.105228 ape=0.4885
[22:40:21] warmStart 1% (21/1181) regret=0.105228 ape=0.4885
[22:40:21] warmStart 1% (22/1181) regret=0.105228 ape=0.4885
[22:40:21] warmStart 1% (23/1181) regret=0.105500 ape=0.4894
[22:40:21] warmStart 2% (24/1181) regret=0.105596 ape=0.4894
[22:40:21] warmStart 2% (25/1181) regret=0.105530 ape=0.4903
[22:40:22] warmStart 2% (26/1181) regret=0.105512 ape=0.4912
[22:40:22] warmStart 2% (27/1181) regret=0.105512 ape=0.4912
[22:40:22] warmStart 2% (28/1181) regret=0.105668 ape=0.4903
[22:40:22] warmStart 2% (29/1181) regret=0.105521 ape=0.4903
[22:40:22] warmStart 2% (30/1181) regret=0.105761 ape=0.4912
[22:40:22] warmStart 2% (31/1181) regret=0.105758 ape=0.4912
[22:40:22] warmStart 2% (32/1181) regret=0.105682 ape=0.4912
[22:40:23] warmStart 2% (33/1181) regret=0.105682 ape=0.4912
[22:40:23] warmStart 2% (34/1181) regret=0.106068 ape=0.4959
[22:40:23] warmStart 2% (35/1181) regret=0.105387 ape=0.5005
[22:40:23] warmStart 3% (36/1181) regret=0.104280 ape=0.5051
[22:40:23] warmStart 3% (37/1181) regret=0.104314 ape=0.5060
[22:40:23] warmStart 3% (38/1181) regret=0.103691 ape=0.5060
[22:40:23] warmStart 3% (39/1181) regret=0.102622 ape=0.5069
[22:40:24] warmStart 3% (40/1181) regret=0.101789 ape=0.5051
[22:40:24] warmStart 3% (41/1181) regret=0.101176 ape=0.5106
[22:40:24] warmStart 3% (42/1181) regret=0.101833 ape=0.5115
[22:40:24] warmStart 3% (43/1181) regret=0.101683 ape=0.5115
[22:40:24] warmStart 3% (44/1181) regret=0.101683 ape=0.5115
[22:40:24] warmStart 3% (45/1181) regret=0.101683 ape=0.5115
[22:40:24] warmStart 3% (46/1181) regret=0.101683 ape=0.5115
[22:40:25] warmStart 3% (47/1181) regret=0.101683 ape=0.5115
[22:40:25] warmStart 4% (48/1181) regret=0.101683 ape=0.5115
[22:40:25] warmStart 4% (49/1181) regret=0.101683 ape=0.5115
[22:40:25] warmStart 4% (50/1181) regret=0.100932 ape=0.5115
[22:40:25] warmStart 4% (51/1181) regret=0.099292 ape=0.5097
[22:40:25] warmStart 4% (52/1181) regret=0.096982 ape=0.5088
[22:40:25] warmStart 4% (53/1181) regret=0.096323 ape=0.5088
[22:40:26] warmStart 4% (54/1181) regret=0.095242 ape=0.5078
[22:40:26] warmStart 4% (55/1181) regret=0.095252 ape=0.5088
[22:40:26] warmStart 4% (56/1181) regret=0.095274 ape=0.5088
[22:40:26] warmStart 4% (57/1181) regret=0.095274 ape=0.5088
[22:40:26] warmStart 4% (58/1181) regret=0.095274 ape=0.5088
[22:40:26] warmStart 4% (59/1181) regret=0.095257 ape=0.5088
[22:40:26] warmStart 5% (60/1181) regret=0.095312 ape=0.5097
[22:40:27] warmStart 5% (61/1181) regret=0.093283 ape=0.5097
[22:40:27] warmStart 5% (62/1181) regret=0.090199 ape=0.5069
[22:40:27] warmStart 5% (63/1181) regret=0.089126 ape=0.5051
[22:40:27] warmStart 5% (64/1181) regret=0.083661 ape=0.5005
[22:40:27] warmStart 5% (65/1181) regret=0.081879 ape=0.4986
[22:40:27] warmStart 5% (66/1181) regret=0.082472 ape=0.4977
[22:40:27] warmStart 5% (67/1181) regret=0.079009 ape=0.4959
[22:40:28] warmStart 5% (68/1181) regret=0.078056 ape=0.4959
[22:40:28] warmStart 5% (69/1181) regret=0.076259 ape=0.4949
[22:40:28] warmStart 5% (70/1181) regret=0.071195 ape=0.4912
[22:40:28] warmStart 6% (71/1181) regret=0.071176 ape=0.4922
[22:40:28] warmStart 6% (72/1181) regret=0.069243 ape=0.4912
[22:40:28] warmStart 6% (73/1181) regret=0.069220 ape=0.4912
[22:40:28] warmStart 6% (74/1181) regret=0.068318 ape=0.4894
[22:40:29] warmStart 6% (75/1181) regret=0.067210 ape=0.4885
[22:40:29] warmStart 6% (76/1181) regret=0.067164 ape=0.4885
[22:40:29] warmStart 6% (77/1181) regret=0.067040 ape=0.4894
[22:40:29] warmStart 6% (78/1181) regret=0.067818 ape=0.4912
[22:40:29] warmStart 6% (79/1181) regret=0.067906 ape=0.4922
[22:40:29] warmStart 6% (80/1181) regret=0.067406 ape=0.4912
[22:40:29] warmStart 6% (81/1181) regret=0.066989 ape=0.4912
[22:40:30] warmStart 6% (82/1181) regret=0.065857 ape=0.4912
[22:40:30] warmStart 7% (83/1181) regret=0.065703 ape=0.4912
[22:40:30] warmStart 7% (84/1181) regret=0.066190 ape=0.4931
[22:40:30] warmStart 7% (85/1181) regret=0.065703 ape=0.4931
[22:40:30] warmStart 7% (86/1181) regret=0.064816 ape=0.4922
[22:40:30] warmStart 7% (87/1181) regret=0.063594 ape=0.4922
[22:40:30] warmStart 7% (88/1181) regret=0.064077 ape=0.4922
[22:40:30] warmStart 7% (89/1181) regret=0.063932 ape=0.4903
[22:40:31] warmStart 7% (90/1181) regret=0.063893 ape=0.4894
[22:40:31] warmStart 7% (91/1181) regret=0.063761 ape=0.4894
[22:40:31] warmStart 7% (92/1181) regret=0.063697 ape=0.4894
[22:40:31] warmStart 7% (93/1181) regret=0.063540 ape=0.4894
[22:40:31] warmStart 7% (94/1181) regret=0.063987 ape=0.4894
[22:40:31] warmStart 8% (95/1181) regret=0.063662 ape=0.4894
[22:40:32] warmStart 8% (96/1181) regret=0.063144 ape=0.4894
[22:40:32] warmStart 8% (97/1181) regret=0.063144 ape=0.4894
[22:40:32] warmStart 8% (98/1181) regret=0.063144 ape=0.4894
[22:40:32] warmStart 8% (99/1181) regret=0.062969 ape=0.4894
[22:40:32] warmStart 8% (100/1181) regret=0.062754 ape=0.4903
[22:40:32] warmStart 8% (101/1181) regret=0.062703 ape=0.4894
[22:40:32] warmStart 8% (102/1181) regret=0.062698 ape=0.4894
[22:40:33] warmStart 8% (103/1181) regret=0.061851 ape=0.4876
[22:40:33] warmStart 8% (104/1181) regret=0.060717 ape=0.4866
[22:40:33] warmStart 8% (105/1181) regret=0.059820 ape=0.4857
[22:40:33] warmStart 8% (106/1181) regret=0.059525 ape=0.4839
[22:40:33] warmStart 9% (107/1181) regret=0.059525 ape=0.4839
[22:40:33] warmStart 9% (108/1181) regret=0.059454 ape=0.4839
[22:40:33] warmStart 9% (109/1181) regret=0.059500 ape=0.4839
[22:40:34] warmStart 9% (110/1181) regret=0.059717 ape=0.4848
[22:40:34] warmStart 9% (111/1181) regret=0.059202 ape=0.4839
[22:40:34] warmStart 9% (112/1181) regret=0.059017 ape=0.4839
[22:40:34] warmStart 9% (113/1181) regret=0.059077 ape=0.4839
[22:40:34] warmStart 9% (114/1181) regret=0.059077 ape=0.4839
[22:40:34] warmStart 9% (115/1181) regret=0.059077 ape=0.4839
[22:40:34] warmStart 9% (116/1181) regret=0.059291 ape=0.4848
[22:40:35] warmStart 9% (117/1181) regret=0.059503 ape=0.4839
[22:40:35] warmStart 9% (118/1181) regret=0.059397 ape=0.4839
[22:40:35] warmStart 10% (119/1181) regret=0.059397 ape=0.4839
[22:40:35] warmStart 10% (120/1181) regret=0.059397 ape=0.4839
[22:40:35] warmStart 10% (121/1181) regret=0.059397 ape=0.4839
[22:40:35] warmStart 10% (122/1181) regret=0.059397 ape=0.4839
[22:40:35] warmStart 10% (123/1181) regret=0.059381 ape=0.4839
[22:40:36] warmStart 10% (124/1181) regret=0.058711 ape=0.4829
[22:40:36] warmStart 10% (125/1181) regret=0.058471 ape=0.4829
[22:40:36] warmStart 10% (126/1181) regret=0.059411 ape=0.4839
[22:40:36] warmStart 10% (127/1181) regret=0.059536 ape=0.4829
[22:40:36] warmStart 10% (128/1181) regret=0.059547 ape=0.4829
[22:40:36] warmStart 10% (129/1181) regret=0.059068 ape=0.4820
[22:40:36] warmStart 11% (130/1181) regret=0.058851 ape=0.4829
[22:40:37] warmStart 11% (131/1181) regret=0.058628 ape=0.4820
[22:40:37] warmStart 11% (132/1181) regret=0.058582 ape=0.4820
[22:40:37] warmStart 11% (133/1181) regret=0.058428 ape=0.4820
[22:40:37] warmStart 11% (134/1181) regret=0.058160 ape=0.4811
[22:40:37] warmStart 11% (135/1181) regret=0.058139 ape=0.4811
[22:40:37] warmStart 11% (136/1181) regret=0.058139 ape=0.4820
[22:40:37] warmStart 11% (137/1181) regret=0.058571 ape=0.4829
[22:40:38] warmStart 11% (138/1181) regret=0.058672 ape=0.4848
[22:40:38] warmStart 11% (139/1181) regret=0.059316 ape=0.4839
[22:40:38] warmStart 11% (140/1181) regret=0.059448 ape=0.4839
[22:40:38] warmStart 11% (141/1181) regret=0.059441 ape=0.4839
[22:40:38] warmStart 12% (142/1181) regret=0.059600 ape=0.4820
[22:40:38] warmStart 12% (143/1181) regret=0.059609 ape=0.4848
[22:40:38] warmStart 12% (144/1181) regret=0.059621 ape=0.4857
[22:40:39] warmStart 12% (145/1181) regret=0.059674 ape=0.4848
[22:40:39] warmStart 12% (146/1181) regret=0.058852 ape=0.4839
[22:40:39] warmStart 12% (147/1181) regret=0.058223 ape=0.4839
[22:40:39] warmStart 12% (148/1181) regret=0.058260 ape=0.4848
[22:40:39] warmStart 12% (149/1181) regret=0.058260 ape=0.4848
[22:40:39] warmStart 12% (150/1181) regret=0.058361 ape=0.4848
[22:40:39] warmStart 12% (151/1181) regret=0.058312 ape=0.4839
[22:40:40] warmStart 12% (152/1181) regret=0.058551 ape=0.4839
[22:40:40] warmStart 12% (153/1181) regret=0.058551 ape=0.4839
[22:40:40] warmStart 13% (154/1181) regret=0.058551 ape=0.4839
[22:40:40] warmStart 13% (155/1181) regret=0.058551 ape=0.4839
[22:40:40] warmStart 13% (156/1181) regret=0.058551 ape=0.4839
[22:40:40] warmStart 13% (157/1181) regret=0.058551 ape=0.4839
[22:40:40] warmStart 13% (158/1181) regret=0.058551 ape=0.4839
[22:40:41] warmStart 13% (159/1181) regret=0.058551 ape=0.4839
[22:40:41] warmStart 13% (160/1181) regret=0.058521 ape=0.4839
[22:40:41] warmStart 13% (161/1181) regret=0.058521 ape=0.4839
[22:40:41] warmStart 13% (162/1181) regret=0.058429 ape=0.4839
[22:40:41] warmStart 13% (163/1181) regret=0.058429 ape=0.4839
[22:40:41] warmStart 13% (164/1181) regret=0.058530 ape=0.4848
[22:40:41] warmStart 13% (165/1181) regret=0.058500 ape=0.4848
[22:40:41] warmStart 14% (166/1181) regret=0.058507 ape=0.4866
[22:40:42] warmStart 14% (167/1181) regret=0.058142 ape=0.4848
[22:40:42] warmStart 14% (168/1181) regret=0.058142 ape=0.4848
[22:40:42] warmStart 14% (169/1181) regret=0.058132 ape=0.4848
[22:40:42] warmStart 14% (170/1181) regret=0.058132 ape=0.4848
[22:40:42] warmStart 14% (171/1181) regret=0.058805 ape=0.4857
[22:40:42] warmStart 14% (172/1181) regret=0.059017 ape=0.4857
[22:40:42] warmStart 14% (173/1181) regret=0.059045 ape=0.4857
[22:40:43] warmStart 14% (174/1181) regret=0.059045 ape=0.4857
[22:40:43] warmStart 14% (175/1181) regret=0.059077 ape=0.4857
[22:40:43] warmStart 14% (176/1181) regret=0.059024 ape=0.4876
[22:40:43] warmStart 14% (177/1181) regret=0.058874 ape=0.4848
[22:40:43] warmStart 15% (178/1181) regret=0.058761 ape=0.4839
[22:40:43] warmStart 15% (179/1181) regret=0.058761 ape=0.4839
[22:40:43] warmStart 15% (180/1181) regret=0.058789 ape=0.4848
[22:40:44] warmStart 15% (181/1181) regret=0.058890 ape=0.4848
[22:40:44] warmStart 15% (182/1181) regret=0.058733 ape=0.4848
[22:40:44] warmStart 15% (183/1181) regret=0.059157 ape=0.4848
[22:40:44] warmStart 15% (184/1181) regret=0.058676 ape=0.4848
[22:40:44] warmStart 15% (185/1181) regret=0.058093 ape=0.4848
[22:40:44] warmStart 15% (186/1181) regret=0.058710 ape=0.4848
[22:40:44] warmStart 15% (187/1181) regret=0.058533 ape=0.4857
[22:40:45] warmStart 15% (188/1181) regret=0.058610 ape=0.4866
[22:40:45] warmStart 16% (189/1181) regret=0.058855 ape=0.4876
[22:40:45] warmStart 16% (190/1181) regret=0.058847 ape=0.4866
[22:40:45] warmStart 16% (191/1181) regret=0.058705 ape=0.4857
[22:40:45] warmStart 16% (192/1181) regret=0.058880 ape=0.4866
[22:40:45] warmStart 16% (193/1181) regret=0.058387 ape=0.4848
[22:40:45] warmStart 16% (194/1181) regret=0.058387 ape=0.4848
[22:40:45] warmStart 16% (195/1181) regret=0.057648 ape=0.4839
[22:40:46] warmStart 16% (196/1181) regret=0.057698 ape=0.4839
[22:40:46] warmStart 16% (197/1181) regret=0.057684 ape=0.4829
[22:40:46] warmStart 16% (198/1181) regret=0.057870 ape=0.4820
[22:40:46] warmStart 16% (199/1181) regret=0.057665 ape=0.4820
[22:40:46] warmStart 16% (200/1181) regret=0.058148 ape=0.4820
[22:40:46] warmStart 17% (201/1181) regret=0.058169 ape=0.4839
[22:40:46] warmStart 17% (202/1181) regret=0.057893 ape=0.4820
[22:40:47] warmStart 17% (203/1181) regret=0.057912 ape=0.4829
[22:40:47] warmStart 17% (204/1181) regret=0.057775 ape=0.4839
[22:40:47] warmStart 17% (205/1181) regret=0.057807 ape=0.4857
[22:40:47] warmStart 17% (206/1181) regret=0.056479 ape=0.4829
[22:40:47] warmStart 17% (207/1181) regret=0.056424 ape=0.4811
[22:40:47] warmStart 17% (208/1181) regret=0.057099 ape=0.4829
[22:40:47] warmStart 17% (209/1181) regret=0.057322 ape=0.4829
[22:40:48] warmStart 17% (210/1181) regret=0.057058 ape=0.4829
[22:40:48] warmStart 17% (211/1181) regret=0.056823 ape=0.4829
[22:40:48] warmStart 17% (212/1181) regret=0.056642 ape=0.4839
[22:40:48] warmStart 18% (213/1181) regret=0.056490 ape=0.4829
[22:40:48] warmStart 18% (214/1181) regret=0.056531 ape=0.4839
[22:40:48] warmStart 18% (215/1181) regret=0.056571 ape=0.4848
[22:40:48] warmStart 18% (216/1181) regret=0.056811 ape=0.4839
[22:40:49] warmStart 18% (217/1181) regret=0.056400 ape=0.4839
[22:40:49] warmStart 18% (218/1181) regret=0.056391 ape=0.4829
[22:40:49] warmStart 18% (219/1181) regret=0.055390 ape=0.4820
[22:40:49] warmStart 18% (220/1181) regret=0.055418 ape=0.4829
[22:40:49] warmStart 18% (221/1181) regret=0.055339 ape=0.4839
[22:40:49] warmStart 18% (222/1181) regret=0.056791 ape=0.4857
[22:40:49] warmStart 18% (223/1181) regret=0.056777 ape=0.4866
[22:40:50] warmStart 18% (224/1181) regret=0.056713 ape=0.4857
[22:40:50] warmStart 19% (225/1181) regret=0.056673 ape=0.4848
[22:40:50] warmStart 19% (226/1181) regret=0.056673 ape=0.4848
[22:40:50] warmStart 19% (227/1181) regret=0.056673 ape=0.4848
[22:40:50] warmStart 19% (228/1181) regret=0.056673 ape=0.4848
[22:40:50] warmStart 19% (229/1181) regret=0.056673 ape=0.4848
[22:40:50] warmStart 19% (230/1181) regret=0.056673 ape=0.4848
[22:40:51] warmStart 19% (231/1181) regret=0.056693 ape=0.4857
[22:40:51] warmStart 19% (232/1181) regret=0.056693 ape=0.4857
[22:40:51] warmStart 19% (233/1181) regret=0.056693 ape=0.4857
[22:40:51] warmStart 19% (234/1181) regret=0.056693 ape=0.4857
[22:40:51] warmStart 19% (235/1181) regret=0.056693 ape=0.4857
[22:40:51] warmStart 19% (236/1181) regret=0.056693 ape=0.4857
[22:40:51] warmStart 20% (237/1181) regret=0.056693 ape=0.4857
[22:40:52] warmStart 20% (238/1181) regret=0.056726 ape=0.4857
[22:40:52] warmStart 20% (239/1181) regret=0.056726 ape=0.4857
[22:40:52] warmStart 20% (240/1181) regret=0.056726 ape=0.4857
[22:40:52] warmStart 20% (241/1181) regret=0.056726 ape=0.4857
[22:40:52] warmStart 20% (242/1181) regret=0.056726 ape=0.4857
[22:40:52] warmStart 20% (243/1181) regret=0.056942 ape=0.4866
[22:40:52] warmStart 20% (244/1181) regret=0.056942 ape=0.4866
[22:40:53] warmStart 20% (245/1181) regret=0.056965 ape=0.4876
[22:40:53] warmStart 20% (246/1181) regret=0.057009 ape=0.4876
[22:40:53] warmStart 20% (247/1181) regret=0.056991 ape=0.4876
[22:40:53] warmStart 20% (248/1181) regret=0.056991 ape=0.4876
[22:40:53] warmStart 21% (249/1181) regret=0.056972 ape=0.4876
[22:40:53] warmStart 21% (250/1181) regret=0.056972 ape=0.4876
[22:40:53] warmStart 21% (251/1181) regret=0.056972 ape=0.4876
[22:40:54] warmStart 21% (252/1181) regret=0.056903 ape=0.4885
[22:40:54] warmStart 21% (253/1181) regret=0.056767 ape=0.4866
[22:40:54] warmStart 21% (254/1181) regret=0.056823 ape=0.4876
[22:40:54] warmStart 21% (255/1181) regret=0.056428 ape=0.4876
[22:40:54] warmStart 21% (256/1181) regret=0.056410 ape=0.4876
[22:40:54] warmStart 21% (257/1181) regret=0.056410 ape=0.4876
[22:40:54] warmStart 21% (258/1181) regret=0.055968 ape=0.4894
[22:40:55] warmStart 21% (259/1181) regret=0.055691 ape=0.4876
[22:40:55] warmStart 22% (260/1181) regret=0.055691 ape=0.4876
[22:40:55] warmStart 22% (261/1181) regret=0.055756 ape=0.4876
[22:40:55] warmStart 22% (262/1181) regret=0.055756 ape=0.4876
[22:40:55] warmStart 22% (263/1181) regret=0.055756 ape=0.4876
[22:40:55] warmStart 22% (264/1181) regret=0.055756 ape=0.4876
[22:40:55] warmStart 22% (265/1181) regret=0.055756 ape=0.4876
[22:40:56] warmStart 22% (266/1181) regret=0.055687 ape=0.4876
[22:40:56] warmStart 22% (267/1181) regret=0.055687 ape=0.4876
[22:40:56] warmStart 22% (268/1181) regret=0.056000 ape=0.4876
[22:40:56] warmStart 22% (269/1181) regret=0.056000 ape=0.4876
[22:40:56] warmStart 22% (270/1181) regret=0.056000 ape=0.4876
[22:40:56] warmStart 22% (271/1181) regret=0.056000 ape=0.4876
[22:40:56] warmStart 23% (272/1181) regret=0.055613 ape=0.4876
[22:40:57] warmStart 23% (273/1181) regret=0.055613 ape=0.4876
[22:40:57] warmStart 23% (274/1181) regret=0.055579 ape=0.4876
[22:40:57] warmStart 23% (275/1181) regret=0.055579 ape=0.4876
[22:40:57] warmStart 23% (276/1181) regret=0.055720 ape=0.4876
[22:40:57] warmStart 23% (277/1181) regret=0.055724 ape=0.4876
[22:40:57] warmStart 23% (278/1181) regret=0.055991 ape=0.4885
[22:40:57] warmStart 23% (279/1181) regret=0.055955 ape=0.4885
[22:40:58] warmStart 23% (280/1181) regret=0.055891 ape=0.4876
[22:40:58] warmStart 23% (281/1181) regret=0.055892 ape=0.4876
[22:40:58] warmStart 23% (282/1181) regret=0.055865 ape=0.4876
[22:40:58] warmStart 23% (283/1181) regret=0.056050 ape=0.4903
[22:40:58] warmStart 24% (284/1181) regret=0.056048 ape=0.4903
[22:40:58] warmStart 24% (285/1181) regret=0.056048 ape=0.4903
[22:40:58] warmStart 24% (286/1181) regret=0.055965 ape=0.4903
[22:40:58] warmStart 24% (287/1181) regret=0.056029 ape=0.4903
[22:40:59] warmStart 24% (288/1181) regret=0.055960 ape=0.4894
[22:40:59] warmStart 24% (289/1181) regret=0.055957 ape=0.4894
[22:40:59] warmStart 24% (290/1181) regret=0.055999 ape=0.4903
[22:40:59] warmStart 24% (291/1181) regret=0.055999 ape=0.4903
[22:40:59] warmStart 24% (292/1181) regret=0.055999 ape=0.4903
[22:40:59] warmStart 24% (293/1181) regret=0.055999 ape=0.4903
[22:40:59] warmStart 24% (294/1181) regret=0.055999 ape=0.4903
[22:41:00] warmStart 24% (295/1181) regret=0.055999 ape=0.4903
[22:41:00] warmStart 25% (296/1181) regret=0.055999 ape=0.4903
[22:41:00] warmStart 25% (297/1181) regret=0.055999 ape=0.4903
[22:41:00] warmStart 25% (298/1181) regret=0.055999 ape=0.4903
[22:41:00] warmStart 25% (299/1181) regret=0.055999 ape=0.4903
[22:41:00] warmStart 25% (300/1181) regret=0.056082 ape=0.4903
[22:41:00] warmStart 25% (301/1181) regret=0.056286 ape=0.4912
[22:41:01] warmStart 25% (302/1181) regret=0.056162 ape=0.4912
[22:41:01] warmStart 25% (303/1181) regret=0.056157 ape=0.4912
[22:41:01] warmStart 25% (304/1181) regret=0.056119 ape=0.4894
[22:41:01] warmStart 25% (305/1181) regret=0.056215 ape=0.4903
[22:41:01] warmStart 25% (306/1181) regret=0.056169 ape=0.4894
[22:41:01] warmStart 25% (307/1181) regret=0.056378 ape=0.4912
[22:41:01] warmStart 26% (308/1181) regret=0.056378 ape=0.4912
[22:41:02] warmStart 26% (309/1181) regret=0.056281 ape=0.4912
[22:41:02] warmStart 26% (310/1181) regret=0.056240 ape=0.4912
[22:41:02] warmStart 26% (311/1181) regret=0.056240 ape=0.4912
[22:41:02] warmStart 26% (312/1181) regret=0.056240 ape=0.4912
[22:41:02] warmStart 26% (313/1181) regret=0.056240 ape=0.4912
[22:41:02] warmStart 26% (314/1181) regret=0.056240 ape=0.4912
[22:41:02] warmStart 26% (315/1181) regret=0.055493 ape=0.4912
[22:41:03] warmStart 26% (316/1181) regret=0.055493 ape=0.4912
[22:41:03] warmStart 26% (317/1181) regret=0.055493 ape=0.4912
[22:41:03] warmStart 26% (318/1181) regret=0.055559 ape=0.4940
[22:41:03] warmStart 27% (319/1181) regret=0.054947 ape=0.4903
[22:41:03] warmStart 27% (320/1181) regret=0.054871 ape=0.4885
[22:41:03] warmStart 27% (321/1181) regret=0.054871 ape=0.4885
[22:41:03] warmStart 27% (322/1181) regret=0.054871 ape=0.4885
[22:41:04] warmStart 27% (323/1181) regret=0.054779 ape=0.4885
[22:41:04] warmStart 27% (324/1181) regret=0.054397 ape=0.4876
[22:41:04] warmStart 27% (325/1181) regret=0.054024 ape=0.4848
[22:41:04] warmStart 27% (326/1181) regret=0.054024 ape=0.4848
[22:41:04] warmStart 27% (327/1181) regret=0.054024 ape=0.4848
[22:41:04] warmStart 27% (328/1181) regret=0.053909 ape=0.4839
[22:41:04] warmStart 27% (329/1181) regret=0.053909 ape=0.4839
[22:41:05] warmStart 27% (330/1181) regret=0.053300 ape=0.4839
[22:41:05] warmStart 28% (331/1181) regret=0.053385 ape=0.4848
[22:41:05] warmStart 28% (332/1181) regret=0.053385 ape=0.4848
[22:41:05] warmStart 28% (333/1181) regret=0.052747 ape=0.4839
[22:41:05] warmStart 28% (334/1181) regret=0.052747 ape=0.4839
[22:41:05] warmStart 28% (335/1181) regret=0.052701 ape=0.4839
[22:41:05] warmStart 28% (336/1181) regret=0.052701 ape=0.4839
[22:41:06] warmStart 28% (337/1181) regret=0.052756 ape=0.4839
[22:41:06] warmStart 28% (338/1181) regret=0.052756 ape=0.4839
[22:41:06] warmStart 28% (339/1181) regret=0.052996 ape=0.4839
[22:41:06] warmStart 28% (340/1181) regret=0.052300 ape=0.4811
[22:41:06] warmStart 28% (341/1181) regret=0.052299 ape=0.4811
[22:41:06] warmStart 28% (342/1181) regret=0.052256 ape=0.4802
[22:41:06] warmStart 29% (343/1181) regret=0.052249 ape=0.4802
[22:41:07] warmStart 29% (344/1181) regret=0.052360 ape=0.4793
[22:41:07] warmStart 29% (345/1181) regret=0.052480 ape=0.4802
[22:41:07] warmStart 29% (346/1181) regret=0.052475 ape=0.4802
[22:41:07] warmStart 29% (347/1181) regret=0.052660 ape=0.4811
[22:41:07] warmStart 29% (348/1181) regret=0.052660 ape=0.4811
[22:41:07] warmStart 29% (349/1181) regret=0.052661 ape=0.4811
[22:41:07] warmStart 29% (350/1181) regret=0.052661 ape=0.4811
[22:41:08] warmStart 29% (351/1181) regret=0.052661 ape=0.4811
[22:41:08] warmStart 29% (352/1181) regret=0.052799 ape=0.4811
[22:41:08] warmStart 29% (353/1181) regret=0.052760 ape=0.4793
[22:41:08] warmStart 29% (354/1181) regret=0.052760 ape=0.4793
[22:41:08] warmStart 30% (355/1181) regret=0.052760 ape=0.4793
[22:41:08] warmStart 30% (356/1181) regret=0.052661 ape=0.4793
[22:41:08] warmStart 30% (357/1181) regret=0.052652 ape=0.4793
[22:41:09] warmStart 30% (358/1181) regret=0.052683 ape=0.4793
[22:41:09] warmStart 30% (359/1181) regret=0.052683 ape=0.4793
[22:41:09] warmStart 30% (360/1181) regret=0.053017 ape=0.4802
[22:41:09] warmStart 30% (361/1181) regret=0.052906 ape=0.4802
[22:41:09] warmStart 30% (362/1181) regret=0.052657 ape=0.4802
[22:41:09] warmStart 30% (363/1181) regret=0.052482 ape=0.4802
[22:41:09] warmStart 30% (364/1181) regret=0.052510 ape=0.4802
[22:41:10] warmStart 30% (365/1181) regret=0.052464 ape=0.4802
[22:41:10] warmStart 30% (366/1181) regret=0.052445 ape=0.4802
[22:41:10] warmStart 31% (367/1181) regret=0.051773 ape=0.4802
[22:41:10] warmStart 31% (368/1181) regret=0.051773 ape=0.4802
[22:41:10] warmStart 31% (369/1181) regret=0.051823 ape=0.4820
[22:41:10] warmStart 31% (370/1181) regret=0.051531 ape=0.4811
[22:41:10] warmStart 31% (371/1181) regret=0.051531 ape=0.4811
[22:41:11] warmStart 31% (372/1181) regret=0.051517 ape=0.4802
[22:41:11] warmStart 31% (373/1181) regret=0.051508 ape=0.4802
[22:41:11] warmStart 31% (374/1181) regret=0.051531 ape=0.4802
[22:41:11] warmStart 31% (375/1181) regret=0.051531 ape=0.4802
[22:41:11] warmStart 31% (376/1181) regret=0.051307 ape=0.4802
[22:41:11] warmStart 31% (377/1181) regret=0.051439 ape=0.4811
[22:41:11] warmStart 32% (378/1181) regret=0.051439 ape=0.4811
[22:41:12] warmStart 32% (379/1181) regret=0.050829 ape=0.4811
[22:41:12] warmStart 32% (380/1181) regret=0.050239 ape=0.4811
[22:41:12] warmStart 32% (381/1181) regret=0.049879 ape=0.4802
[22:41:12] warmStart 32% (382/1181) regret=0.050158 ape=0.4793
[22:41:12] warmStart 32% (383/1181) regret=0.049688 ape=0.4802
[22:41:12] warmStart 32% (384/1181) regret=0.049476 ape=0.4802
[22:41:12] warmStart 32% (385/1181) regret=0.049476 ape=0.4802
[22:41:13] warmStart 32% (386/1181) regret=0.049476 ape=0.4802
[22:41:13] warmStart 32% (387/1181) regret=0.049465 ape=0.4793
[22:41:13] warmStart 32% (388/1181) regret=0.049407 ape=0.4793
[22:41:13] warmStart 32% (389/1181) regret=0.049564 ape=0.4802
[22:41:13] warmStart 33% (390/1181) regret=0.048574 ape=0.4793
[22:41:13] warmStart 33% (391/1181) regret=0.048574 ape=0.4793
[22:41:13] warmStart 33% (392/1181) regret=0.048561 ape=0.4783
[22:41:14] warmStart 33% (393/1181) regret=0.048459 ape=0.4783
[22:41:14] warmStart 33% (394/1181) regret=0.047745 ape=0.4783
[22:41:14] warmStart 33% (395/1181) regret=0.047817 ape=0.4793
[22:41:14] warmStart 33% (396/1181) regret=0.047817 ape=0.4793
[22:41:14] warmStart 33% (397/1181) regret=0.047817 ape=0.4793
[22:41:14] warmStart 33% (398/1181) regret=0.047817 ape=0.4793
[22:41:14] warmStart 33% (399/1181) regret=0.048024 ape=0.4802
[22:41:15] warmStart 33% (400/1181) regret=0.048006 ape=0.4802
[22:41:15] warmStart 33% (401/1181) regret=0.048006 ape=0.4802
[22:41:15] warmStart 34% (402/1181) regret=0.048006 ape=0.4802
[22:41:15] warmStart 34% (403/1181) regret=0.048006 ape=0.4802
[22:41:15] warmStart 34% (404/1181) regret=0.047914 ape=0.4793
[22:41:15] warmStart 34% (405/1181) regret=0.047583 ape=0.4793
[22:41:15] warmStart 34% (406/1181) regret=0.047066 ape=0.4783
[22:41:16] warmStart 34% (407/1181) regret=0.046642 ape=0.4793
[22:41:16] warmStart 34% (408/1181) regret=0.046642 ape=0.4793
[22:41:16] warmStart 34% (409/1181) regret=0.046645 ape=0.4802
[22:41:16] warmStart 34% (410/1181) regret=0.046642 ape=0.4793
[22:41:16] warmStart 34% (411/1181) regret=0.046624 ape=0.4793
[22:41:16] warmStart 34% (412/1181) regret=0.046566 ape=0.4793
[22:41:16] warmStart 34% (413/1181) regret=0.046713 ape=0.4793
[22:41:17] warmStart 35% (414/1181) regret=0.046713 ape=0.4793
[22:41:17] warmStart 35% (415/1181) regret=0.046897 ape=0.4793
[22:41:17] warmStart 35% (416/1181) regret=0.046925 ape=0.4802
[22:41:17] warmStart 35% (417/1181) regret=0.046925 ape=0.4802
[22:41:17] warmStart 35% (418/1181) regret=0.046894 ape=0.4802
[22:41:17] warmStart 35% (419/1181) regret=0.046894 ape=0.4802
[22:41:17] warmStart 35% (420/1181) regret=0.046516 ape=0.4793
[22:41:18] warmStart 35% (421/1181) regret=0.046516 ape=0.4793
[22:41:18] warmStart 35% (422/1181) regret=0.046564 ape=0.4802
[22:41:18] warmStart 35% (423/1181) regret=0.046785 ape=0.4811
[22:41:18] warmStart 35% (424/1181) regret=0.046513 ape=0.4802
[22:41:18] warmStart 35% (425/1181) regret=0.046477 ape=0.4802
[22:41:18] warmStart 36% (426/1181) regret=0.046440 ape=0.4802
[22:41:18] warmStart 36% (427/1181) regret=0.046391 ape=0.4802
[22:41:19] warmStart 36% (428/1181) regret=0.046391 ape=0.4802
[22:41:19] warmStart 36% (429/1181) regret=0.046391 ape=0.4802
[22:41:19] warmStart 36% (430/1181) regret=0.046391 ape=0.4802
[22:41:19] warmStart 36% (431/1181) regret=0.046403 ape=0.4802
[22:41:19] warmStart 36% (432/1181) regret=0.046414 ape=0.4811
[22:41:19] warmStart 36% (433/1181) regret=0.046288 ape=0.4811
[22:41:19] warmStart 36% (434/1181) regret=0.046288 ape=0.4811
[22:41:20] warmStart 36% (435/1181) regret=0.046288 ape=0.4811
[22:41:20] warmStart 36% (436/1181) regret=0.046288 ape=0.4811
[22:41:20] warmStart 37% (437/1181) regret=0.046288 ape=0.4811
[22:41:20] warmStart 37% (438/1181) regret=0.046288 ape=0.4811
[22:41:20] warmStart 37% (439/1181) regret=0.046288 ape=0.4811
[22:41:20] warmStart 37% (440/1181) regret=0.046288 ape=0.4811
[22:41:20] warmStart 37% (441/1181) regret=0.046781 ape=0.4811
[22:41:21] warmStart 37% (442/1181) regret=0.046530 ape=0.4802
[22:41:21] warmStart 37% (443/1181) regret=0.046723 ape=0.4811
[22:41:21] warmStart 37% (444/1181) regret=0.046723 ape=0.4811
[22:41:21] warmStart 37% (445/1181) regret=0.046682 ape=0.4811
[22:41:21] warmStart 37% (446/1181) regret=0.046682 ape=0.4811
[22:41:21] warmStart 37% (447/1181) regret=0.046682 ape=0.4811
[22:41:21] warmStart 37% (448/1181) regret=0.046693 ape=0.4820
[22:41:22] warmStart 38% (449/1181) regret=0.046693 ape=0.4820
[22:41:22] warmStart 38% (450/1181) regret=0.046693 ape=0.4820
[22:41:22] warmStart 38% (451/1181) regret=0.046458 ape=0.4802
[22:41:22] warmStart 38% (452/1181) regret=0.046531 ape=0.4811
[22:41:22] warmStart 38% (453/1181) regret=0.046678 ape=0.4820
[22:41:22] warmStart 38% (454/1181) regret=0.046531 ape=0.4811
[22:41:22] warmStart 38% (455/1181) regret=0.046531 ape=0.4811
[22:41:23] warmStart 38% (456/1181) regret=0.046531 ape=0.4811
[22:41:23] warmStart 38% (457/1181) regret=0.046531 ape=0.4811
[22:41:23] warmStart 38% (458/1181) regret=0.046531 ape=0.4811
[22:41:23] warmStart 38% (459/1181) regret=0.046531 ape=0.4811
[22:41:23] warmStart 38% (460/1181) regret=0.046531 ape=0.4811
[22:41:23] warmStart 39% (461/1181) regret=0.046531 ape=0.4811
[22:41:23] warmStart 39% (462/1181) regret=0.046328 ape=0.4802
[22:41:24] warmStart 39% (463/1181) regret=0.046017 ape=0.4793
[22:41:24] warmStart 39% (464/1181) regret=0.046017 ape=0.4793
[22:41:24] warmStart 39% (465/1181) regret=0.045860 ape=0.4793
[22:41:24] warmStart 39% (466/1181) regret=0.045768 ape=0.4783
[22:41:24] warmStart 39% (467/1181) regret=0.045768 ape=0.4783
[22:41:24] warmStart 39% (468/1181) regret=0.045780 ape=0.4793
[22:41:24] warmStart 39% (469/1181) regret=0.045717 ape=0.4793
[22:41:25] warmStart 39% (470/1181) regret=0.045712 ape=0.4783
[22:41:25] warmStart 39% (471/1181) regret=0.045761 ape=0.4783
[22:41:25] warmStart 39% (472/1181) regret=0.045761 ape=0.4783
[22:41:25] warmStart 40% (473/1181) regret=0.045964 ape=0.4774
[22:41:25] warmStart 40% (474/1181) regret=0.045826 ape=0.4774
[22:41:25] warmStart 40% (475/1181) regret=0.045844 ape=0.4774
[22:41:25] warmStart 40% (476/1181) regret=0.045844 ape=0.4774
[22:41:26] warmStart 40% (477/1181) regret=0.045803 ape=0.4765
[22:41:26] warmStart 40% (478/1181) regret=0.045803 ape=0.4765
[22:41:26] warmStart 40% (479/1181) regret=0.045803 ape=0.4765
[22:41:26] warmStart 40% (480/1181) regret=0.046116 ape=0.4765
[22:41:26] warmStart 40% (481/1181) regret=0.046183 ape=0.4774
[22:41:26] warmStart 40% (482/1181) regret=0.046745 ape=0.4783
[22:41:26] warmStart 40% (483/1181) regret=0.046344 ape=0.4774
[22:41:27] warmStart 40% (484/1181) regret=0.046344 ape=0.4774
[22:41:27] warmStart 41% (485/1181) regret=0.046399 ape=0.4765
[22:41:27] warmStart 41% (486/1181) regret=0.046653 ape=0.4756
[22:41:27] warmStart 41% (487/1181) regret=0.046717 ape=0.4765
[22:41:27] warmStart 41% (488/1181) regret=0.046717 ape=0.4765
[22:41:27] warmStart 41% (489/1181) regret=0.046717 ape=0.4765
[22:41:27] warmStart 41% (490/1181) regret=0.046667 ape=0.4756
[22:41:28] warmStart 41% (491/1181) regret=0.046667 ape=0.4756
[22:41:28] warmStart 41% (492/1181) regret=0.046667 ape=0.4756
[22:41:28] warmStart 41% (493/1181) regret=0.046362 ape=0.4747
[22:41:28] warmStart 41% (494/1181) regret=0.046404 ape=0.4756
[22:41:28] warmStart 41% (495/1181) regret=0.046404 ape=0.4756
[22:41:28] warmStart 41% (496/1181) regret=0.046404 ape=0.4756
[22:41:28] warmStart 42% (497/1181) regret=0.046404 ape=0.4756
[22:41:29] warmStart 42% (498/1181) regret=0.046504 ape=0.4756
[22:41:29] warmStart 42% (499/1181) regret=0.046329 ape=0.4747
[22:41:29] warmStart 42% (500/1181) regret=0.046329 ape=0.4747
[22:41:29] warmStart 42% (501/1181) regret=0.046329 ape=0.4747
[22:41:29] warmStart 42% (502/1181) regret=0.046407 ape=0.4747
[22:41:29] warmStart 42% (503/1181) regret=0.046407 ape=0.4747
[22:41:29] warmStart 42% (504/1181) regret=0.046407 ape=0.4747
[22:41:30] warmStart 42% (505/1181) regret=0.046407 ape=0.4747
[22:41:30] warmStart 42% (506/1181) regret=0.046396 ape=0.4747
[22:41:30] warmStart 42% (507/1181) regret=0.046345 ape=0.4737
[22:41:30] warmStart 43% (508/1181) regret=0.046345 ape=0.4737
[22:41:30] warmStart 43% (509/1181) regret=0.046345 ape=0.4737
[22:41:30] warmStart 43% (510/1181) regret=0.046368 ape=0.4747
[22:41:30] warmStart 43% (511/1181) regret=0.046368 ape=0.4747
[22:41:31] warmStart 43% (512/1181) regret=0.046368 ape=0.4747
[22:41:31] warmStart 43% (513/1181) regret=0.046368 ape=0.4747
[22:41:31] warmStart 43% (514/1181) regret=0.046368 ape=0.4747
[22:41:31] warmStart 43% (515/1181) regret=0.046354 ape=0.4747
[22:41:31] warmStart 43% (516/1181) regret=0.046354 ape=0.4747
[22:41:31] warmStart 43% (517/1181) regret=0.046354 ape=0.4747
[22:41:31] warmStart 43% (518/1181) regret=0.046294 ape=0.4737
[22:41:32] warmStart 43% (519/1181) regret=0.046294 ape=0.4737
[22:41:32] warmStart 44% (520/1181) regret=0.046791 ape=0.4747
[22:41:32] warmStart 44% (521/1181) regret=0.047476 ape=0.4747
[22:41:32] warmStart 44% (522/1181) regret=0.046711 ape=0.4728
[22:41:32] warmStart 44% (523/1181) regret=0.046619 ape=0.4728
[22:41:32] warmStart 44% (524/1181) regret=0.046602 ape=0.4728
[22:41:32] warmStart 44% (525/1181) regret=0.046602 ape=0.4728
[22:41:33] warmStart 44% (526/1181) regret=0.046611 ape=0.4728
[22:41:33] warmStart 44% (527/1181) regret=0.046583 ape=0.4728
[22:41:33] warmStart 44% (528/1181) regret=0.046528 ape=0.4719
[22:41:33] warmStart 44% (529/1181) regret=0.046076 ape=0.4710
[22:41:33] warmStart 44% (530/1181) regret=0.046268 ape=0.4719
[22:41:33] warmStart 44% (531/1181) regret=0.046268 ape=0.4719
[22:41:33] warmStart 45% (532/1181) regret=0.046273 ape=0.4728
[22:41:34] warmStart 45% (533/1181) regret=0.046259 ape=0.4728
[22:41:34] warmStart 45% (534/1181) regret=0.046167 ape=0.4719
[22:41:34] warmStart 45% (535/1181) regret=0.046167 ape=0.4719
[22:41:34] warmStart 45% (536/1181) regret=0.046167 ape=0.4719
[22:41:34] warmStart 45% (537/1181) regret=0.046167 ape=0.4719
[22:41:34] warmStart 45% (538/1181) regret=0.046167 ape=0.4719
[22:41:34] warmStart 45% (539/1181) regret=0.046162 ape=0.4719
[22:41:35] warmStart 45% (540/1181) regret=0.045698 ape=0.4710
[22:41:35] warmStart 45% (541/1181) regret=0.045518 ape=0.4700
[22:41:35] warmStart 45% (542/1181) regret=0.045397 ape=0.4691
[22:41:35] warmStart 45% (543/1181) regret=0.045306 ape=0.4682
[22:41:35] warmStart 46% (544/1181) regret=0.045306 ape=0.4682
[22:41:35] warmStart 46% (545/1181) regret=0.045306 ape=0.4682
[22:41:35] warmStart 46% (546/1181) regret=0.045225 ape=0.4673
[22:41:36] warmStart 46% (547/1181) regret=0.045224 ape=0.4673
[22:41:36] warmStart 46% (548/1181) regret=0.045675 ape=0.4691
[22:41:36] warmStart 46% (549/1181) regret=0.046021 ape=0.4691
[22:41:36] warmStart 46% (550/1181) regret=0.045763 ape=0.4691
[22:41:36] warmStart 46% (551/1181) regret=0.045763 ape=0.4691
[22:41:36] warmStart 46% (552/1181) regret=0.045763 ape=0.4691
[22:41:36] warmStart 46% (553/1181) regret=0.045752 ape=0.4700
[22:41:37] warmStart 46% (554/1181) regret=0.045752 ape=0.4700
[22:41:37] warmStart 46% (555/1181) regret=0.045752 ape=0.4700
[22:41:37] warmStart 47% (556/1181) regret=0.045752 ape=0.4700
[22:41:37] warmStart 47% (557/1181) regret=0.045752 ape=0.4700
[22:41:37] warmStart 47% (558/1181) regret=0.045744 ape=0.4691
[22:41:37] warmStart 47% (559/1181) regret=0.045763 ape=0.4691
[22:41:37] warmStart 47% (560/1181) regret=0.045675 ape=0.4682
[22:41:37] warmStart 47% (561/1181) regret=0.045686 ape=0.4673
[22:41:38] warmStart 47% (562/1181) regret=0.045769 ape=0.4682
[22:41:38] warmStart 47% (563/1181) regret=0.045795 ape=0.4682
[22:41:38] warmStart 47% (564/1181) regret=0.045927 ape=0.4691
[22:41:38] warmStart 47% (565/1181) regret=0.045827 ape=0.4691
[22:41:38] warmStart 47% (566/1181) regret=0.045827 ape=0.4691
[22:41:38] warmStart 48% (567/1181) regret=0.045661 ape=0.4682
[22:41:39] warmStart 48% (568/1181) regret=0.045772 ape=0.4691
[22:41:39] warmStart 48% (569/1181) regret=0.045772 ape=0.4691
[22:41:39] warmStart 48% (570/1181) regret=0.045712 ape=0.4682
[22:41:39] warmStart 48% (571/1181) regret=0.045712 ape=0.4682
[22:41:39] warmStart 48% (572/1181) regret=0.045712 ape=0.4682
[22:41:39] warmStart 48% (573/1181) regret=0.045712 ape=0.4682
[22:41:39] warmStart 48% (574/1181) regret=0.045700 ape=0.4682
[22:41:39] warmStart 48% (575/1181) regret=0.045700 ape=0.4682
[22:41:40] warmStart 48% (576/1181) regret=0.045714 ape=0.4691
[22:41:40] warmStart 48% (577/1181) regret=0.045714 ape=0.4691
[22:41:40] warmStart 48% (578/1181) regret=0.045714 ape=0.4691
[22:41:40] warmStart 49% (579/1181) regret=0.045714 ape=0.4691
[22:41:40] warmStart 49% (580/1181) regret=0.045714 ape=0.4691
[22:41:40] warmStart 49% (581/1181) regret=0.045419 ape=0.4682
[22:41:41] warmStart 49% (582/1181) regret=0.045944 ape=0.4682
[22:41:41] warmStart 49% (583/1181) regret=0.045944 ape=0.4682
[22:41:41] warmStart 49% (584/1181) regret=0.045944 ape=0.4682
[22:41:41] warmStart 49% (585/1181) regret=0.045944 ape=0.4682
[22:41:41] warmStart 49% (586/1181) regret=0.045709 ape=0.4682
[22:41:41] warmStart 49% (587/1181) regret=0.045184 ape=0.4673
[22:41:41] warmStart 49% (588/1181) regret=0.045175 ape=0.4673
[22:41:42] warmStart 49% (589/1181) regret=0.045175 ape=0.4673
[22:41:42] warmStart 49% (590/1181) regret=0.045182 ape=0.4673
[22:41:42] warmStart 50% (591/1181) regret=0.045182 ape=0.4673
[22:41:42] warmStart 50% (592/1181) regret=0.045486 ape=0.4673
[22:41:42] warmStart 50% (593/1181) regret=0.045486 ape=0.4673
[22:41:42] warmStart 50% (594/1181) regret=0.045486 ape=0.4673
[22:41:42] warmStart 50% (595/1181) regret=0.045486 ape=0.4673
[22:41:42] warmStart 50% (596/1181) regret=0.045486 ape=0.4673
[22:41:43] warmStart 50% (597/1181) regret=0.045467 ape=0.4673
[22:41:43] warmStart 50% (598/1181) regret=0.045467 ape=0.4673
[22:41:43] warmStart 50% (599/1181) regret=0.045428 ape=0.4654
[22:41:43] warmStart 50% (600/1181) regret=0.045428 ape=0.4654
[22:41:43] warmStart 50% (601/1181) regret=0.045428 ape=0.4654
[22:41:43] warmStart 50% (602/1181) regret=0.045428 ape=0.4654
[22:41:43] warmStart 51% (603/1181) regret=0.045428 ape=0.4654
[22:41:44] warmStart 51% (604/1181) regret=0.045439 ape=0.4654
[22:41:44] warmStart 51% (605/1181) regret=0.045439 ape=0.4654
[22:41:44] warmStart 51% (606/1181) regret=0.045439 ape=0.4654
[22:41:44] warmStart 51% (607/1181) regret=0.045439 ape=0.4654
[22:41:44] warmStart 51% (608/1181) regret=0.045617 ape=0.4654
[22:41:44] warmStart 51% (609/1181) regret=0.045617 ape=0.4654
[22:41:44] warmStart 51% (610/1181) regret=0.045546 ape=0.4654
[22:41:45] warmStart 51% (611/1181) regret=0.045779 ape=0.4664
[22:41:45] warmStart 51% (612/1181) regret=0.045779 ape=0.4664
[22:41:45] warmStart 51% (613/1181) regret=0.045687 ape=0.4654
[22:41:45] warmStart 51% (614/1181) regret=0.045687 ape=0.4654
[22:41:45] warmStart 52% (615/1181) regret=0.045687 ape=0.4654
[22:41:45] warmStart 52% (616/1181) regret=0.045687 ape=0.4654
[22:41:45] warmStart 52% (617/1181) regret=0.045687 ape=0.4654
[22:41:46] warmStart 52% (618/1181) regret=0.045687 ape=0.4654
[22:41:46] warmStart 52% (619/1181) regret=0.045687 ape=0.4654
[22:41:46] warmStart 52% (620/1181) regret=0.045687 ape=0.4654
[22:41:46] warmStart 52% (621/1181) regret=0.045687 ape=0.4654
[22:41:46] warmStart 52% (622/1181) regret=0.045729 ape=0.4654
[22:41:46] warmStart 52% (623/1181) regret=0.045729 ape=0.4654
[22:41:46] warmStart 52% (624/1181) regret=0.045779 ape=0.4673
[22:41:47] warmStart 52% (625/1181) regret=0.045747 ape=0.4673
[22:41:47] warmStart 53% (626/1181) regret=0.045912 ape=0.4682
[22:41:47] warmStart 53% (627/1181) regret=0.045912 ape=0.4682
[22:41:47] warmStart 53% (628/1181) regret=0.045912 ape=0.4682
[22:41:47] warmStart 53% (629/1181) regret=0.045912 ape=0.4682
[22:41:47] warmStart 53% (630/1181) regret=0.045912 ape=0.4682
[22:41:47] warmStart 53% (631/1181) regret=0.045912 ape=0.4682
[22:41:48] warmStart 53% (632/1181) regret=0.046022 ape=0.4700
[22:41:48] warmStart 53% (633/1181) regret=0.045995 ape=0.4700
[22:41:48] warmStart 53% (634/1181) regret=0.045870 ape=0.4700
[22:41:48] warmStart 53% (635/1181) regret=0.045847 ape=0.4691
[22:41:48] warmStart 53% (636/1181) regret=0.045847 ape=0.4691
[22:41:48] warmStart 53% (637/1181) regret=0.045870 ape=0.4700
[22:41:48] warmStart 54% (638/1181) regret=0.045870 ape=0.4700
[22:41:49] warmStart 54% (639/1181) regret=0.045875 ape=0.4700
[22:41:49] warmStart 54% (640/1181) regret=0.045878 ape=0.4710
[22:41:49] warmStart 54% (641/1181) regret=0.045887 ape=0.4710
[22:41:49] warmStart 54% (642/1181) regret=0.045887 ape=0.4710
[22:41:49] warmStart 54% (643/1181) regret=0.045509 ape=0.4700
[22:41:49] warmStart 54% (644/1181) regret=0.045509 ape=0.4700
[22:41:49] warmStart 54% (645/1181) regret=0.045412 ape=0.4691
[22:41:50] warmStart 54% (646/1181) regret=0.045401 ape=0.4682
[22:41:50] warmStart 54% (647/1181) regret=0.045403 ape=0.4673
[22:41:50] warmStart 54% (648/1181) regret=0.045537 ape=0.4682
[22:41:50] warmStart 54% (649/1181) regret=0.045589 ape=0.4691
[22:41:50] warmStart 55% (650/1181) regret=0.045589 ape=0.4691
[22:41:50] warmStart 55% (651/1181) regret=0.045564 ape=0.4691
[22:41:50] warmStart 55% (652/1181) regret=0.045564 ape=0.4691
[22:41:51] warmStart 55% (653/1181) regret=0.045564 ape=0.4691
[22:41:51] warmStart 55% (654/1181) regret=0.045564 ape=0.4691
[22:41:51] warmStart 55% (655/1181) regret=0.045564 ape=0.4691
[22:41:51] warmStart 55% (656/1181) regret=0.045776 ape=0.4700
[22:41:51] warmStart 55% (657/1181) regret=0.045601 ape=0.4700
[22:41:51] warmStart 55% (658/1181) regret=0.045865 ape=0.4710
[22:41:51] warmStart 55% (659/1181) regret=0.045778 ape=0.4700
[22:41:52] warmStart 55% (660/1181) regret=0.045778 ape=0.4700
[22:41:52] warmStart 55% (661/1181) regret=0.045778 ape=0.4700
[22:41:52] warmStart 56% (662/1181) regret=0.045778 ape=0.4700
[22:41:52] warmStart 56% (663/1181) regret=0.046143 ape=0.4710
[22:41:52] warmStart 56% (664/1181) regret=0.046143 ape=0.4710
[22:41:52] warmStart 56% (665/1181) regret=0.046204 ape=0.4700
[22:41:52] warmStart 56% (666/1181) regret=0.046204 ape=0.4700
[22:41:53] warmStart 56% (667/1181) regret=0.046204 ape=0.4700
[22:41:53] warmStart 56% (668/1181) regret=0.046204 ape=0.4700
[22:41:53] warmStart 56% (669/1181) regret=0.046215 ape=0.4710
[22:41:53] warmStart 56% (670/1181) regret=0.046215 ape=0.4710
[22:41:53] warmStart 56% (671/1181) regret=0.046215 ape=0.4710
[22:41:53] warmStart 56% (672/1181) regret=0.046215 ape=0.4710
[22:41:53] warmStart 56% (673/1181) regret=0.046215 ape=0.4710
[22:41:54] warmStart 57% (674/1181) regret=0.046215 ape=0.4710
[22:41:54] warmStart 57% (675/1181) regret=0.046215 ape=0.4710
[22:41:54] warmStart 57% (676/1181) regret=0.046215 ape=0.4710
[22:41:54] warmStart 57% (677/1181) regret=0.046215 ape=0.4710
[22:41:54] warmStart 57% (678/1181) regret=0.046261 ape=0.4719
[22:41:54] warmStart 57% (679/1181) regret=0.046261 ape=0.4719
[22:41:54] warmStart 57% (680/1181) regret=0.046278 ape=0.4719
[22:41:55] warmStart 57% (681/1181) regret=0.046278 ape=0.4719
[22:41:55] warmStart 57% (682/1181) regret=0.046131 ape=0.4719
[22:41:55] warmStart 57% (683/1181) regret=0.046106 ape=0.4710
[22:41:55] warmStart 57% (684/1181) regret=0.046106 ape=0.4710
[22:41:55] warmStart 58% (685/1181) regret=0.046106 ape=0.4710
[22:41:55] warmStart 58% (686/1181) regret=0.046106 ape=0.4710
[22:41:55] warmStart 58% (687/1181) regret=0.046115 ape=0.4710
[22:41:56] warmStart 58% (688/1181) regret=0.046179 ape=0.4719
[22:41:56] warmStart 58% (689/1181) regret=0.046115 ape=0.4710
[22:41:56] warmStart 58% (690/1181) regret=0.046115 ape=0.4710
[22:41:56] warmStart 58% (691/1181) regret=0.046115 ape=0.4710
[22:41:56] warmStart 58% (692/1181) regret=0.046115 ape=0.4710
[22:41:56] warmStart 58% (693/1181) regret=0.046054 ape=0.4719
[22:41:56] warmStart 58% (694/1181) regret=0.046054 ape=0.4719
[22:41:57] warmStart 58% (695/1181) regret=0.046054 ape=0.4719
[22:41:57] warmStart 58% (696/1181) regret=0.046054 ape=0.4719
[22:41:57] warmStart 59% (697/1181) regret=0.046054 ape=0.4719
[22:41:57] warmStart 59% (698/1181) regret=0.046054 ape=0.4719
[22:41:57] warmStart 59% (699/1181) regret=0.046054 ape=0.4719
[22:41:57] warmStart 59% (700/1181) regret=0.046054 ape=0.4719
[22:41:57] warmStart 59% (701/1181) regret=0.045870 ape=0.4710
[22:41:57] warmStart 59% (702/1181) regret=0.045872 ape=0.4710
[22:41:58] warmStart 59% (703/1181) regret=0.045872 ape=0.4710
[22:41:58] warmStart 59% (704/1181) regret=0.045983 ape=0.4710
[22:41:58] warmStart 59% (705/1181) regret=0.045983 ape=0.4710
[22:41:58] warmStart 59% (706/1181) regret=0.045992 ape=0.4710
[22:41:58] warmStart 59% (707/1181) regret=0.045992 ape=0.4710
[22:41:58] warmStart 59% (708/1181) regret=0.045992 ape=0.4710
[22:41:58] warmStart 60% (709/1181) regret=0.045992 ape=0.4710
[22:41:59] warmStart 60% (710/1181) regret=0.045992 ape=0.4710
[22:41:59] warmStart 60% (711/1181) regret=0.045992 ape=0.4710
[22:41:59] warmStart 60% (712/1181) regret=0.045992 ape=0.4710
[22:41:59] warmStart 60% (713/1181) regret=0.045992 ape=0.4710
[22:41:59] warmStart 60% (714/1181) regret=0.045992 ape=0.4710
[22:41:59] warmStart 60% (715/1181) regret=0.045992 ape=0.4710
[22:41:59] warmStart 60% (716/1181) regret=0.045992 ape=0.4710
[22:42:00] warmStart 60% (717/1181) regret=0.045992 ape=0.4710
[22:42:00] warmStart 60% (718/1181) regret=0.045961 ape=0.4710
[22:42:00] warmStart 60% (719/1181) regret=0.045973 ape=0.4710
[22:42:00] warmStart 60% (720/1181) regret=0.045973 ape=0.4710
[22:42:00] warmStart 61% (721/1181) regret=0.045973 ape=0.4710
[22:42:00] warmStart 61% (722/1181) regret=0.045973 ape=0.4710
[22:42:00] warmStart 61% (723/1181) regret=0.045973 ape=0.4710
[22:42:01] warmStart 61% (724/1181) regret=0.045310 ape=0.4700
[22:42:01] warmStart 61% (725/1181) regret=0.045310 ape=0.4700
[22:42:01] warmStart 61% (726/1181) regret=0.044978 ape=0.4691
[22:42:01] warmStart 61% (727/1181) regret=0.044978 ape=0.4691
[22:42:01] warmStart 61% (728/1181) regret=0.044978 ape=0.4691
[22:42:01] warmStart 61% (729/1181) regret=0.044978 ape=0.4691
[22:42:01] warmStart 61% (730/1181) regret=0.044978 ape=0.4691
[22:42:02] warmStart 61% (731/1181) regret=0.045093 ape=0.4682
[22:42:02] warmStart 61% (732/1181) regret=0.045093 ape=0.4682
[22:42:02] warmStart 62% (733/1181) regret=0.045091 ape=0.4682
[22:42:02] warmStart 62% (734/1181) regret=0.045091 ape=0.4682
[22:42:02] warmStart 62% (735/1181) regret=0.045091 ape=0.4682
[22:42:02] warmStart 62% (736/1181) regret=0.045091 ape=0.4682
[22:42:02] warmStart 62% (737/1181) regret=0.045207 ape=0.4682
[22:42:03] warmStart 62% (738/1181) regret=0.045207 ape=0.4682
[22:42:03] warmStart 62% (739/1181) regret=0.045207 ape=0.4682
[22:42:03] warmStart 62% (740/1181) regret=0.045207 ape=0.4682
[22:42:03] warmStart 62% (741/1181) regret=0.045207 ape=0.4682
[22:42:03] warmStart 62% (742/1181) regret=0.045018 ape=0.4673
[22:42:03] warmStart 62% (743/1181) regret=0.044988 ape=0.4673
[22:42:03] warmStart 62% (744/1181) regret=0.044988 ape=0.4673
[22:42:04] warmStart 63% (745/1181) regret=0.044536 ape=0.4664
[22:42:04] warmStart 63% (746/1181) regret=0.044757 ape=0.4664
[22:42:04] warmStart 63% (747/1181) regret=0.044743 ape=0.4664
[22:42:04] warmStart 63% (748/1181) regret=0.044743 ape=0.4664
[22:42:04] warmStart 63% (749/1181) regret=0.044743 ape=0.4664
[22:42:04] warmStart 63% (750/1181) regret=0.045057 ape=0.4664
[22:42:04] warmStart 63% (751/1181) regret=0.045112 ape=0.4673
[22:42:05] warmStart 63% (752/1181) regret=0.045112 ape=0.4673
[22:42:05] warmStart 63% (753/1181) regret=0.045112 ape=0.4673
[22:42:05] warmStart 63% (754/1181) regret=0.044829 ape=0.4664
[22:42:05] warmStart 63% (755/1181) regret=0.044821 ape=0.4654
[22:42:05] warmStart 64% (756/1181) regret=0.044821 ape=0.4654
[22:42:05] warmStart 64% (757/1181) regret=0.044984 ape=0.4654
[22:42:05] warmStart 64% (758/1181) regret=0.044809 ape=0.4645
[22:42:06] warmStart 64% (759/1181) regret=0.045302 ape=0.4664
[22:42:06] warmStart 64% (760/1181) regret=0.045302 ape=0.4664
[22:42:06] warmStart 64% (761/1181) regret=0.045436 ape=0.4673
[22:42:06] warmStart 64% (762/1181) regret=0.045436 ape=0.4673
[22:42:06] warmStart 64% (763/1181) regret=0.045216 ape=0.4654
[22:42:06] warmStart 64% (764/1181) regret=0.045212 ape=0.4654
[22:42:06] warmStart 64% (765/1181) regret=0.045212 ape=0.4654
[22:42:07] warmStart 64% (766/1181) regret=0.045212 ape=0.4654
[22:42:07] warmStart 64% (767/1181) regret=0.045212 ape=0.4654
[22:42:07] warmStart 65% (768/1181) regret=0.045223 ape=0.4664
[22:42:07] warmStart 65% (769/1181) regret=0.045333 ape=0.4673
[22:42:07] warmStart 65% (770/1181) regret=0.045333 ape=0.4673
[22:42:07] warmStart 65% (771/1181) regret=0.045333 ape=0.4673
[22:42:07] warmStart 65% (772/1181) regret=0.045333 ape=0.4673
[22:42:08] warmStart 65% (773/1181) regret=0.045333 ape=0.4673
[22:42:08] warmStart 65% (774/1181) regret=0.045333 ape=0.4673
[22:42:08] warmStart 65% (775/1181) regret=0.045333 ape=0.4673
[22:42:08] warmStart 65% (776/1181) regret=0.045281 ape=0.4673
[22:42:08] warmStart 65% (777/1181) regret=0.045124 ape=0.4664
[22:42:08] warmStart 65% (778/1181) regret=0.045152 ape=0.4664
[22:42:08] warmStart 65% (779/1181) regret=0.045152 ape=0.4664
[22:42:09] warmStart 66% (780/1181) regret=0.045152 ape=0.4664
[22:42:09] warmStart 66% (781/1181) regret=0.045152 ape=0.4664
[22:42:09] warmStart 66% (782/1181) regret=0.045152 ape=0.4664
[22:42:09] warmStart 66% (783/1181) regret=0.045149 ape=0.4664
[22:42:09] warmStart 66% (784/1181) regret=0.044881 ape=0.4664
[22:42:09] warmStart 66% (785/1181) regret=0.044881 ape=0.4664
[22:42:09] warmStart 66% (786/1181) regret=0.045056 ape=0.4673
[22:42:10] warmStart 66% (787/1181) regret=0.045056 ape=0.4673
[22:42:10] warmStart 66% (788/1181) regret=0.045056 ape=0.4673
[22:42:10] warmStart 66% (789/1181) regret=0.045056 ape=0.4673
[22:42:10] warmStart 66% (790/1181) regret=0.045056 ape=0.4673
[22:42:10] warmStart 66% (791/1181) regret=0.045056 ape=0.4673
[22:42:10] warmStart 67% (792/1181) regret=0.045056 ape=0.4673
[22:42:10] warmStart 67% (793/1181) regret=0.045056 ape=0.4673
[22:42:11] warmStart 67% (794/1181) regret=0.045056 ape=0.4673
[22:42:11] warmStart 67% (795/1181) regret=0.045056 ape=0.4673
[22:42:11] warmStart 67% (796/1181) regret=0.045056 ape=0.4673
[22:42:11] warmStart 67% (797/1181) regret=0.045056 ape=0.4673
[22:42:11] warmStart 67% (798/1181) regret=0.045056 ape=0.4673
[22:42:11] warmStart 67% (799/1181) regret=0.045056 ape=0.4673
[22:42:11] warmStart 67% (800/1181) regret=0.045056 ape=0.4673
[22:42:11] warmStart 67% (801/1181) regret=0.045056 ape=0.4673
[22:42:12] warmStart 67% (802/1181) regret=0.045028 ape=0.4664
[22:42:12] warmStart 67% (803/1181) regret=0.045019 ape=0.4664
[22:42:12] warmStart 68% (804/1181) regret=0.045019 ape=0.4664
[22:42:12] warmStart 68% (805/1181) regret=0.045019 ape=0.4664
[22:42:12] warmStart 68% (806/1181) regret=0.045019 ape=0.4664
[22:42:12] warmStart 68% (807/1181) regret=0.045035 ape=0.4664
[22:42:12] warmStart 68% (808/1181) regret=0.044962 ape=0.4654
[22:42:13] warmStart 68% (809/1181) regret=0.044496 ape=0.4654
[22:42:13] warmStart 68% (810/1181) regret=0.044515 ape=0.4654
[22:42:13] warmStart 68% (811/1181) regret=0.044515 ape=0.4654
[22:42:13] warmStart 68% (812/1181) regret=0.044515 ape=0.4654
[22:42:13] warmStart 68% (813/1181) regret=0.044519 ape=0.4654
[22:42:13] warmStart 68% (814/1181) regret=0.044856 ape=0.4664
[22:42:13] warmStart 69% (815/1181) regret=0.045169 ape=0.4664
[22:42:14] warmStart 69% (816/1181) regret=0.044856 ape=0.4664
[22:42:14] warmStart 69% (817/1181) regret=0.045008 ape=0.4664
[22:42:14] warmStart 69% (818/1181) regret=0.044856 ape=0.4664
[22:42:14] warmStart 69% (819/1181) regret=0.045261 ape=0.4682
[22:42:14] warmStart 69% (820/1181) regret=0.044874 ape=0.4673
[22:42:14] warmStart 69% (821/1181) regret=0.044682 ape=0.4654
[22:42:14] warmStart 69% (822/1181) regret=0.044571 ape=0.4645
[22:42:15] warmStart 69% (823/1181) regret=0.044553 ape=0.4636
[22:42:15] warmStart 69% (824/1181) regret=0.044553 ape=0.4636
[22:42:15] warmStart 69% (825/1181) regret=0.044553 ape=0.4636
[22:42:15] warmStart 69% (826/1181) regret=0.044553 ape=0.4636
[22:42:15] warmStart 70% (827/1181) regret=0.044553 ape=0.4636
[22:42:15] warmStart 70% (828/1181) regret=0.044553 ape=0.4636
[22:42:15] warmStart 70% (829/1181) regret=0.044553 ape=0.4636
[22:42:16] warmStart 70% (830/1181) regret=0.044553 ape=0.4636
[22:42:16] warmStart 70% (831/1181) regret=0.044581 ape=0.4636
[22:42:16] warmStart 70% (832/1181) regret=0.044516 ape=0.4636
[22:42:16] warmStart 70% (833/1181) regret=0.044465 ape=0.4636
[22:42:16] warmStart 70% (834/1181) regret=0.044502 ape=0.4645
[22:42:16] warmStart 70% (835/1181) regret=0.044378 ape=0.4654
[22:42:16] warmStart 70% (836/1181) regret=0.044378 ape=0.4654
[22:42:17] warmStart 70% (837/1181) regret=0.044378 ape=0.4654
[22:42:17] warmStart 70% (838/1181) regret=0.044338 ape=0.4654
[22:42:17] warmStart 71% (839/1181) regret=0.044147 ape=0.4645
[22:42:17] warmStart 71% (840/1181) regret=0.044373 ape=0.4654
[22:42:17] warmStart 71% (841/1181) regret=0.044419 ape=0.4654
[22:42:17] warmStart 71% (842/1181) regret=0.044310 ape=0.4645
[22:42:17] warmStart 71% (843/1181) regret=0.044033 ape=0.4636
[22:42:17] warmStart 71% (844/1181) regret=0.044033 ape=0.4636
[22:42:18] warmStart 71% (845/1181) regret=0.043469 ape=0.4636
[22:42:18] warmStart 71% (846/1181) regret=0.043469 ape=0.4636
[22:42:18] warmStart 71% (847/1181) regret=0.043469 ape=0.4636
[22:42:18] warmStart 71% (848/1181) regret=0.043475 ape=0.4636
[22:42:18] warmStart 71% (849/1181) regret=0.043475 ape=0.4636
[22:42:18] warmStart 71% (850/1181) regret=0.043475 ape=0.4636
[22:42:18] warmStart 72% (851/1181) regret=0.043429 ape=0.4618
[22:42:19] warmStart 72% (852/1181) regret=0.043448 ape=0.4618
[22:42:19] warmStart 72% (853/1181) regret=0.043448 ape=0.4618
[22:42:19] warmStart 72% (854/1181) regret=0.043577 ape=0.4618
[22:42:19] warmStart 72% (855/1181) regret=0.043412 ape=0.4608
[22:42:19] warmStart 72% (856/1181) regret=0.043412 ape=0.4608
[22:42:19] warmStart 72% (857/1181) regret=0.042978 ape=0.4599
[22:42:19] warmStart 72% (858/1181) regret=0.042978 ape=0.4599
[22:42:20] warmStart 72% (859/1181) regret=0.042859 ape=0.4599
[22:42:20] warmStart 72% (860/1181) regret=0.042829 ape=0.4608
[22:42:20] warmStart 72% (861/1181) regret=0.042581 ape=0.4608
[22:42:20] warmStart 72% (862/1181) regret=0.042479 ape=0.4599
[22:42:20] warmStart 73% (863/1181) regret=0.042043 ape=0.4581
[22:42:20] warmStart 73% (864/1181) regret=0.042031 ape=0.4571
[22:42:20] warmStart 73% (865/1181) regret=0.042092 ape=0.4562
[22:42:21] warmStart 73% (866/1181) regret=0.041912 ape=0.4562
[22:42:21] warmStart 73% (867/1181) regret=0.041912 ape=0.4562
[22:42:21] warmStart 73% (868/1181) regret=0.042017 ape=0.4562
[22:42:21] warmStart 73% (869/1181) regret=0.042017 ape=0.4562
[22:42:21] warmStart 73% (870/1181) regret=0.042017 ape=0.4562
[22:42:21] warmStart 73% (871/1181) regret=0.042017 ape=0.4562
[22:42:21] warmStart 73% (872/1181) regret=0.042017 ape=0.4562
[22:42:22] warmStart 73% (873/1181) regret=0.042088 ape=0.4571
[22:42:22] warmStart 74% (874/1181) regret=0.042164 ape=0.4571
[22:42:22] warmStart 74% (875/1181) regret=0.042164 ape=0.4571
[22:42:22] warmStart 74% (876/1181) regret=0.042227 ape=0.4581
[22:42:22] warmStart 74% (877/1181) regret=0.042178 ape=0.4590
[22:42:22] warmStart 74% (878/1181) regret=0.042176 ape=0.4581
[22:42:22] warmStart 74% (879/1181) regret=0.041981 ape=0.4571
[22:42:23] warmStart 74% (880/1181) regret=0.041981 ape=0.4571
[22:42:23] warmStart 74% (881/1181) regret=0.041981 ape=0.4571
[22:42:23] warmStart 74% (882/1181) regret=0.041981 ape=0.4571
[22:42:23] warmStart 74% (883/1181) regret=0.041981 ape=0.4571
[22:42:23] warmStart 74% (884/1181) regret=0.041838 ape=0.4571
[22:42:23] warmStart 74% (885/1181) regret=0.041804 ape=0.4571
[22:42:23] warmStart 75% (886/1181) regret=0.041998 ape=0.4571
[22:42:24] warmStart 75% (887/1181) regret=0.041804 ape=0.4571
[22:42:24] warmStart 75% (888/1181) regret=0.041666 ape=0.4571
[22:42:24] warmStart 75% (889/1181) regret=0.041620 ape=0.4562
[22:42:24] warmStart 75% (890/1181) regret=0.041620 ape=0.4562
[22:42:24] warmStart 75% (891/1181) regret=0.041666 ape=0.4571
[22:42:24] warmStart 75% (892/1181) regret=0.041592 ape=0.4562
[22:42:24] warmStart 75% (893/1181) regret=0.041666 ape=0.4571
[22:42:24] warmStart 75% (894/1181) regret=0.041666 ape=0.4571
[22:42:25] warmStart 75% (895/1181) regret=0.041666 ape=0.4571
[22:42:25] warmStart 75% (896/1181) regret=0.041666 ape=0.4571
[22:42:25] warmStart 75% (897/1181) regret=0.041717 ape=0.4571
[22:42:25] warmStart 76% (898/1181) regret=0.041717 ape=0.4571
[22:42:25] warmStart 76% (899/1181) regret=0.041717 ape=0.4571
[22:42:25] warmStart 76% (900/1181) regret=0.041873 ape=0.4581
[22:42:25] warmStart 76% (901/1181) regret=0.041873 ape=0.4581
[22:42:26] warmStart 76% (902/1181) regret=0.041873 ape=0.4581
[22:42:26] warmStart 76% (903/1181) regret=0.041873 ape=0.4581
[22:42:26] warmStart 76% (904/1181) regret=0.041751 ape=0.4590
[22:42:26] warmStart 76% (905/1181) regret=0.041751 ape=0.4590
[22:42:26] warmStart 76% (906/1181) regret=0.041765 ape=0.4590
[22:42:26] warmStart 76% (907/1181) regret=0.041765 ape=0.4590
[22:42:26] warmStart 76% (908/1181) regret=0.041765 ape=0.4590
[22:42:27] warmStart 76% (909/1181) regret=0.041765 ape=0.4590
[22:42:27] warmStart 77% (910/1181) regret=0.041765 ape=0.4590
[22:42:27] warmStart 77% (911/1181) regret=0.041765 ape=0.4590
[22:42:27] warmStart 77% (912/1181) regret=0.041765 ape=0.4590
[22:42:27] warmStart 77% (913/1181) regret=0.041756 ape=0.4590
[22:42:27] warmStart 77% (914/1181) regret=0.041756 ape=0.4590
[22:42:27] warmStart 77% (915/1181) regret=0.041758 ape=0.4590
[22:42:28] warmStart 77% (916/1181) regret=0.041758 ape=0.4590
[22:42:28] warmStart 77% (917/1181) regret=0.041758 ape=0.4590
[22:42:28] warmStart 77% (918/1181) regret=0.041765 ape=0.4590
[22:42:28] warmStart 77% (919/1181) regret=0.041728 ape=0.4581
[22:42:28] warmStart 77% (920/1181) regret=0.041728 ape=0.4581
[22:42:28] warmStart 77% (921/1181) regret=0.041737 ape=0.4581
[22:42:28] warmStart 78% (922/1181) regret=0.041737 ape=0.4581
[22:42:29] warmStart 78% (923/1181) regret=0.041737 ape=0.4581
[22:42:29] warmStart 78% (924/1181) regret=0.041737 ape=0.4581
[22:42:29] warmStart 78% (925/1181) regret=0.041774 ape=0.4581
[22:42:29] warmStart 78% (926/1181) regret=0.041774 ape=0.4581
[22:42:29] warmStart 78% (927/1181) regret=0.041415 ape=0.4581
[22:42:29] warmStart 78% (928/1181) regret=0.041203 ape=0.4581
[22:42:29] warmStart 78% (929/1181) regret=0.041203 ape=0.4581
[22:42:30] warmStart 78% (930/1181) regret=0.041470 ape=0.4590
[22:42:30] warmStart 78% (931/1181) regret=0.041495 ape=0.4590
[22:42:30] warmStart 78% (932/1181) regret=0.041334 ape=0.4581
[22:42:30] warmStart 79% (933/1181) regret=0.041334 ape=0.4581
[22:42:30] warmStart 79% (934/1181) regret=0.041332 ape=0.4581
[22:42:30] warmStart 79% (935/1181) regret=0.041321 ape=0.4581
[22:42:31] warmStart 79% (936/1181) regret=0.041376 ape=0.4590
[22:42:31] warmStart 79% (937/1181) regret=0.041321 ape=0.4581
[22:42:31] warmStart 79% (938/1181) regret=0.041573 ape=0.4581
[22:42:31] warmStart 79% (939/1181) regret=0.041573 ape=0.4581
[22:42:31] warmStart 79% (940/1181) regret=0.041296 ape=0.4581
[22:42:31] warmStart 79% (941/1181) regret=0.041324 ape=0.4581
[22:42:31] warmStart 79% (942/1181) regret=0.041324 ape=0.4581
[22:42:32] warmStart 79% (943/1181) regret=0.041333 ape=0.4581
[22:42:32] warmStart 79% (944/1181) regret=0.041333 ape=0.4581
[22:42:32] warmStart 80% (945/1181) regret=0.041325 ape=0.4571
[22:42:32] warmStart 80% (946/1181) regret=0.041334 ape=0.4571
[22:42:32] warmStart 80% (947/1181) regret=0.041364 ape=0.4571
[22:42:32] warmStart 80% (948/1181) regret=0.041060 ape=0.4562
[22:42:32] warmStart 80% (949/1181) regret=0.041143 ape=0.4571
[22:42:33] warmStart 80% (950/1181) regret=0.041140 ape=0.4562
[22:42:33] warmStart 80% (951/1181) regret=0.040605 ape=0.4553
[22:42:33] warmStart 80% (952/1181) regret=0.040605 ape=0.4553
[22:42:33] warmStart 80% (953/1181) regret=0.040768 ape=0.4553
[22:42:33] warmStart 80% (954/1181) regret=0.040837 ape=0.4553
[22:42:33] warmStart 80% (955/1181) regret=0.041054 ape=0.4562
[22:42:33] warmStart 80% (956/1181) regret=0.041054 ape=0.4562
[22:42:33] warmStart 81% (957/1181) regret=0.041054 ape=0.4562
[22:42:34] warmStart 81% (958/1181) regret=0.041045 ape=0.4562
[22:42:34] warmStart 81% (959/1181) regret=0.040485 ape=0.4553
[22:42:34] warmStart 81% (960/1181) regret=0.040485 ape=0.4553
[22:42:34] warmStart 81% (961/1181) regret=0.040485 ape=0.4553
[22:42:34] warmStart 81% (962/1181) regret=0.040485 ape=0.4553
[22:42:34] warmStart 81% (963/1181) regret=0.040485 ape=0.4553
[22:42:34] warmStart 81% (964/1181) regret=0.040512 ape=0.4553
[22:42:35] warmStart 81% (965/1181) regret=0.040475 ape=0.4553
[22:42:35] warmStart 81% (966/1181) regret=0.040475 ape=0.4553
[22:42:35] warmStart 81% (967/1181) regret=0.040475 ape=0.4553
[22:42:35] warmStart 81% (968/1181) regret=0.040497 ape=0.4553
[22:42:35] warmStart 82% (969/1181) regret=0.040456 ape=0.4544
[22:42:35] warmStart 82% (970/1181) regret=0.040456 ape=0.4544
[22:42:35] warmStart 82% (971/1181) regret=0.040456 ape=0.4544
[22:42:36] warmStart 82% (972/1181) regret=0.040456 ape=0.4544
[22:42:36] warmStart 82% (973/1181) regret=0.040456 ape=0.4544
[22:42:36] warmStart 82% (974/1181) regret=0.040456 ape=0.4544
[22:42:36] warmStart 82% (975/1181) regret=0.040313 ape=0.4535
[22:42:36] warmStart 82% (976/1181) regret=0.040313 ape=0.4535
[22:42:36] warmStart 82% (977/1181) regret=0.040313 ape=0.4535
[22:42:36] warmStart 82% (978/1181) regret=0.040313 ape=0.4535
[22:42:37] warmStart 82% (979/1181) regret=0.040143 ape=0.4535
[22:42:37] warmStart 82% (980/1181) regret=0.040143 ape=0.4535
[22:42:37] warmStart 83% (981/1181) regret=0.040143 ape=0.4535
[22:42:37] warmStart 83% (982/1181) regret=0.040143 ape=0.4535
[22:42:37] warmStart 83% (983/1181) regret=0.040143 ape=0.4535
[22:42:37] warmStart 83% (984/1181) regret=0.040133 ape=0.4535
[22:42:37] warmStart 83% (985/1181) regret=0.040133 ape=0.4535
[22:42:38] warmStart 83% (986/1181) regret=0.040133 ape=0.4535
[22:42:38] warmStart 83% (987/1181) regret=0.040133 ape=0.4535
[22:42:38] warmStart 83% (988/1181) regret=0.040133 ape=0.4535
[22:42:38] warmStart 83% (989/1181) regret=0.039797 ape=0.4525
[22:42:38] warmStart 83% (990/1181) regret=0.039797 ape=0.4525
[22:42:38] warmStart 83% (991/1181) regret=0.040018 ape=0.4535
[22:42:38] warmStart 83% (992/1181) regret=0.040018 ape=0.4535
[22:42:39] warmStart 84% (993/1181) regret=0.040018 ape=0.4535
[22:42:39] warmStart 84% (994/1181) regret=0.040092 ape=0.4535
[22:42:39] warmStart 84% (995/1181) regret=0.040089 ape=0.4535
[22:42:39] warmStart 84% (996/1181) regret=0.040057 ape=0.4525
[22:42:39] warmStart 84% (997/1181) regret=0.040057 ape=0.4525
[22:42:39] warmStart 84% (998/1181) regret=0.040057 ape=0.4525
[22:42:39] warmStart 84% (999/1181) regret=0.040057 ape=0.4525
[22:42:40] warmStart 84% (1000/1181) regret=0.040057 ape=0.4525
[22:42:40] warmStart 84% (1001/1181) regret=0.040064 ape=0.4525
[22:42:40] warmStart 84% (1002/1181) regret=0.040110 ape=0.4525
[22:42:40] warmStart 84% (1003/1181) regret=0.039898 ape=0.4516
[22:42:40] warmStart 85% (1004/1181) regret=0.039898 ape=0.4516
[22:42:40] warmStart 85% (1005/1181) regret=0.039898 ape=0.4516
[22:42:40] warmStart 85% (1006/1181) regret=0.039898 ape=0.4516
[22:42:41] warmStart 85% (1007/1181) regret=0.039898 ape=0.4516
[22:42:41] warmStart 85% (1008/1181) regret=0.039889 ape=0.4516
[22:42:41] warmStart 85% (1009/1181) regret=0.039820 ape=0.4516
[22:42:41] warmStart 85% (1010/1181) regret=0.039636 ape=0.4507
[22:42:41] warmStart 85% (1011/1181) regret=0.039597 ape=0.4507
[22:42:41] warmStart 85% (1012/1181) regret=0.039597 ape=0.4507
[22:42:41] warmStart 85% (1013/1181) regret=0.039597 ape=0.4507
[22:42:41] warmStart 85% (1014/1181) regret=0.039597 ape=0.4507
[22:42:42] warmStart 85% (1015/1181) regret=0.039523 ape=0.4507
[22:42:42] warmStart 86% (1016/1181) regret=0.039560 ape=0.4516
[22:42:42] warmStart 86% (1017/1181) regret=0.039618 ape=0.4516
[22:42:42] warmStart 86% (1018/1181) regret=0.039802 ape=0.4525
[22:42:42] warmStart 86% (1019/1181) regret=0.039203 ape=0.4516
[22:42:42] warmStart 86% (1020/1181) regret=0.039203 ape=0.4516
[22:42:42] warmStart 86% (1021/1181) regret=0.039185 ape=0.4516
[22:42:43] warmStart 86% (1022/1181) regret=0.039185 ape=0.4516
[22:42:43] warmStart 86% (1023/1181) regret=0.039148 ape=0.4507
[22:42:43] warmStart 86% (1024/1181) regret=0.038839 ape=0.4507
[22:42:43] warmStart 86% (1025/1181) regret=0.038594 ape=0.4507
[22:42:43] warmStart 86% (1026/1181) regret=0.038594 ape=0.4507
[22:42:43] warmStart 86% (1027/1181) regret=0.038594 ape=0.4507
[22:42:43] warmStart 87% (1028/1181) regret=0.038534 ape=0.4507
[22:42:44] warmStart 87% (1029/1181) regret=0.038534 ape=0.4507
[22:42:44] warmStart 87% (1030/1181) regret=0.038502 ape=0.4507
[22:42:44] warmStart 87% (1031/1181) regret=0.038502 ape=0.4507
[22:42:44] warmStart 87% (1032/1181) regret=0.038502 ape=0.4507
[22:42:44] warmStart 87% (1033/1181) regret=0.038474 ape=0.4507
[22:42:44] warmStart 87% (1034/1181) regret=0.038382 ape=0.4507
[22:42:44] warmStart 87% (1035/1181) regret=0.038382 ape=0.4507
[22:42:45] warmStart 87% (1036/1181) regret=0.038604 ape=0.4516
[22:42:45] warmStart 87% (1037/1181) regret=0.038604 ape=0.4516
[22:42:45] warmStart 87% (1038/1181) regret=0.038607 ape=0.4525
[22:42:45] warmStart 87% (1039/1181) regret=0.038736 ape=0.4535
[22:42:45] warmStart 88% (1040/1181) regret=0.038736 ape=0.4535
[22:42:45] warmStart 88% (1041/1181) regret=0.038724 ape=0.4525
[22:42:45] warmStart 88% (1042/1181) regret=0.038643 ape=0.4516
[22:42:46] warmStart 88% (1043/1181) regret=0.038643 ape=0.4516
[22:42:46] warmStart 88% (1044/1181) regret=0.038643 ape=0.4516
[22:42:46] warmStart 88% (1045/1181) regret=0.038643 ape=0.4516
[22:42:46] warmStart 88% (1046/1181) regret=0.038911 ape=0.4516
[22:42:46] warmStart 88% (1047/1181) regret=0.038911 ape=0.4516
[22:42:46] warmStart 88% (1048/1181) regret=0.038919 ape=0.4525
[22:42:46] warmStart 88% (1049/1181) regret=0.038896 ape=0.4525
[22:42:47] warmStart 88% (1050/1181) regret=0.038896 ape=0.4525
[22:42:47] warmStart 88% (1051/1181) regret=0.038573 ape=0.4516
[22:42:47] warmStart 89% (1052/1181) regret=0.038573 ape=0.4516
[22:42:47] warmStart 89% (1053/1181) regret=0.038573 ape=0.4516
[22:42:47] warmStart 89% (1054/1181) regret=0.038573 ape=0.4516
[22:42:47] warmStart 89% (1055/1181) regret=0.038573 ape=0.4516
[22:42:47] warmStart 89% (1056/1181) regret=0.038573 ape=0.4516
[22:42:48] warmStart 89% (1057/1181) regret=0.038573 ape=0.4516
[22:42:48] warmStart 89% (1058/1181) regret=0.038650 ape=0.4525
[22:42:48] warmStart 89% (1059/1181) regret=0.038807 ape=0.4525
[22:42:48] warmStart 89% (1060/1181) regret=0.038807 ape=0.4525
[22:42:48] warmStart 89% (1061/1181) regret=0.038816 ape=0.4535
[22:42:48] warmStart 89% (1062/1181) regret=0.038816 ape=0.4535
[22:42:48] warmStart 90% (1063/1181) regret=0.038816 ape=0.4535
[22:42:49] warmStart 90% (1064/1181) regret=0.038816 ape=0.4535
[22:42:49] warmStart 90% (1065/1181) regret=0.038816 ape=0.4535
[22:42:49] warmStart 90% (1066/1181) regret=0.038761 ape=0.4525
[22:42:49] warmStart 90% (1067/1181) regret=0.038761 ape=0.4525
[22:42:49] warmStart 90% (1068/1181) regret=0.038788 ape=0.4535
[22:42:49] warmStart 90% (1069/1181) regret=0.038788 ape=0.4535
[22:42:49] warmStart 90% (1070/1181) regret=0.038800 ape=0.4544
[22:42:50] warmStart 90% (1071/1181) regret=0.038800 ape=0.4544
[22:42:50] warmStart 90% (1072/1181) regret=0.038802 ape=0.4544
[22:42:50] warmStart 90% (1073/1181) regret=0.038802 ape=0.4544
[22:42:50] warmStart 90% (1074/1181) regret=0.038802 ape=0.4544
[22:42:50] warmStart 91% (1075/1181) regret=0.038802 ape=0.4544
[22:42:50] warmStart 91% (1076/1181) regret=0.038816 ape=0.4544
[22:42:50] warmStart 91% (1077/1181) regret=0.038816 ape=0.4544
[22:42:51] warmStart 91% (1078/1181) regret=0.038816 ape=0.4544
[22:42:51] warmStart 91% (1079/1181) regret=0.038816 ape=0.4544
[22:42:51] warmStart 91% (1080/1181) regret=0.038558 ape=0.4535
[22:42:51] warmStart 91% (1081/1181) regret=0.038558 ape=0.4535
[22:42:51] warmStart 91% (1082/1181) regret=0.038558 ape=0.4535
[22:42:51] warmStart 91% (1083/1181) regret=0.038558 ape=0.4535
[22:42:51] warmStart 91% (1084/1181) regret=0.038558 ape=0.4535
[22:42:52] warmStart 91% (1085/1181) regret=0.038558 ape=0.4535
[22:42:52] warmStart 91% (1086/1181) regret=0.038570 ape=0.4535
[22:42:52] warmStart 92% (1087/1181) regret=0.038570 ape=0.4535
[22:42:52] warmStart 92% (1088/1181) regret=0.038570 ape=0.4535
[22:42:52] warmStart 92% (1089/1181) regret=0.038570 ape=0.4535
[22:42:52] warmStart 92% (1090/1181) regret=0.038570 ape=0.4535
[22:42:52] warmStart 92% (1091/1181) regret=0.038578 ape=0.4535
[22:42:53] warmStart 92% (1092/1181) regret=0.038512 ape=0.4535
[22:42:53] warmStart 92% (1093/1181) regret=0.038528 ape=0.4544
[22:42:53] warmStart 92% (1094/1181) regret=0.038528 ape=0.4544
[22:42:53] warmStart 92% (1095/1181) regret=0.038528 ape=0.4544
[22:42:53] warmStart 92% (1096/1181) regret=0.038528 ape=0.4544
[22:42:53] warmStart 92% (1097/1181) regret=0.038520 ape=0.4535
[22:42:53] warmStart 92% (1098/1181) regret=0.038520 ape=0.4535
[22:42:53] warmStart 93% (1099/1181) regret=0.038354 ape=0.4535
[22:42:54] warmStart 93% (1100/1181) regret=0.038354 ape=0.4535
[22:42:54] warmStart 93% (1101/1181) regret=0.038331 ape=0.4525
[22:42:54] warmStart 93% (1102/1181) regret=0.038331 ape=0.4525
[22:42:54] warmStart 93% (1103/1181) regret=0.038309 ape=0.4525
[22:42:54] warmStart 93% (1104/1181) regret=0.038309 ape=0.4525
[22:42:54] warmStart 93% (1105/1181) regret=0.038309 ape=0.4525
[22:42:55] warmStart 93% (1106/1181) regret=0.038306 ape=0.4516
[22:42:55] warmStart 93% (1107/1181) regret=0.038315 ape=0.4516
[22:42:55] warmStart 93% (1108/1181) regret=0.038312 ape=0.4516
[22:42:55] warmStart 93% (1109/1181) regret=0.038382 ape=0.4516
[22:42:55] warmStart 93% (1110/1181) regret=0.038382 ape=0.4516
[22:42:55] warmStart 94% (1111/1181) regret=0.038382 ape=0.4516
[22:42:55] warmStart 94% (1112/1181) regret=0.038718 ape=0.4525
[22:42:55] warmStart 94% (1113/1181) regret=0.038718 ape=0.4525
[22:42:56] warmStart 94% (1114/1181) regret=0.038718 ape=0.4525
[22:42:56] warmStart 94% (1115/1181) regret=0.038718 ape=0.4525
[22:42:56] warmStart 94% (1116/1181) regret=0.038718 ape=0.4525
[22:42:56] warmStart 94% (1117/1181) regret=0.038718 ape=0.4525
[22:42:56] warmStart 94% (1118/1181) regret=0.038718 ape=0.4525
[22:42:56] warmStart 94% (1119/1181) regret=0.038718 ape=0.4525
[22:42:57] warmStart 94% (1120/1181) regret=0.038552 ape=0.4525
[22:42:57] warmStart 94% (1121/1181) regret=0.038552 ape=0.4525
[22:42:57] warmStart 95% (1122/1181) regret=0.038552 ape=0.4525
[22:42:57] warmStart 95% (1123/1181) regret=0.038552 ape=0.4525
[22:42:57] warmStart 95% (1124/1181) regret=0.038552 ape=0.4525
[22:42:57] warmStart 95% (1125/1181) regret=0.038552 ape=0.4525
[22:42:57] warmStart 95% (1126/1181) regret=0.038628 ape=0.4535
[22:42:58] warmStart 95% (1127/1181) regret=0.038628 ape=0.4535
[22:42:58] warmStart 95% (1128/1181) regret=0.038928 ape=0.4544
[22:42:58] warmStart 95% (1129/1181) regret=0.038928 ape=0.4544
[22:42:58] warmStart 95% (1130/1181) regret=0.038928 ape=0.4544
[22:42:58] warmStart 95% (1131/1181) regret=0.038928 ape=0.4544
[22:42:58] warmStart 95% (1132/1181) regret=0.038928 ape=0.4544
[22:42:58] warmStart 95% (1133/1181) regret=0.038891 ape=0.4544
[22:42:59] warmStart 96% (1134/1181) regret=0.038891 ape=0.4544
[22:42:59] warmStart 96% (1135/1181) regret=0.038891 ape=0.4544
[22:42:59] warmStart 96% (1136/1181) regret=0.038891 ape=0.4544
[22:42:59] warmStart 96% (1137/1181) regret=0.038891 ape=0.4544
[22:42:59] warmStart 96% (1138/1181) regret=0.038891 ape=0.4544
[22:42:59] warmStart 96% (1139/1181) regret=0.038891 ape=0.4544
[22:42:59] warmStart 96% (1140/1181) regret=0.038891 ape=0.4544
[22:43:00] warmStart 96% (1141/1181) regret=0.038891 ape=0.4544
[22:43:00] warmStart 96% (1142/1181) regret=0.038891 ape=0.4544
[22:43:00] warmStart 96% (1143/1181) regret=0.038891 ape=0.4544
[22:43:00] warmStart 96% (1144/1181) regret=0.038894 ape=0.4544
[22:43:00] warmStart 96% (1145/1181) regret=0.038894 ape=0.4544
[22:43:00] warmStart 97% (1146/1181) regret=0.038894 ape=0.4544
[22:43:00] warmStart 97% (1147/1181) regret=0.038952 ape=0.4544
[22:43:01] warmStart 97% (1148/1181) regret=0.038952 ape=0.4544
[22:43:01] warmStart 97% (1149/1181) regret=0.038952 ape=0.4544
[22:43:01] warmStart 97% (1150/1181) regret=0.038943 ape=0.4544
[22:43:01] warmStart 97% (1151/1181) regret=0.038925 ape=0.4535
[22:43:01] warmStart 97% (1152/1181) regret=0.038925 ape=0.4535
[22:43:01] warmStart 97% (1153/1181) regret=0.038247 ape=0.4516
[22:43:01] warmStart 97% (1154/1181) regret=0.038247 ape=0.4516
[22:43:02] warmStart 97% (1155/1181) regret=0.038247 ape=0.4516
[22:43:02] warmStart 97% (1156/1181) regret=0.038247 ape=0.4516
[22:43:02] warmStart 97% (1157/1181) regret=0.038229 ape=0.4516
[22:43:02] warmStart 98% (1158/1181) regret=0.038210 ape=0.4516
[22:43:02] warmStart 98% (1159/1181) regret=0.038210 ape=0.4516
[22:43:02] warmStart 98% (1160/1181) regret=0.038210 ape=0.4516
[22:43:02] warmStart 98% (1161/1181) regret=0.037851 ape=0.4507
[22:43:02] warmStart 98% (1162/1181) regret=0.037851 ape=0.4507
[22:43:03] warmStart 98% (1163/1181) regret=0.037851 ape=0.4507
[22:43:03] warmStart 98% (1164/1181) regret=0.037851 ape=0.4507
[22:43:03] warmStart 98% (1165/1181) regret=0.037851 ape=0.4507
[22:43:03] warmStart 98% (1166/1181) regret=0.037851 ape=0.4507
[22:43:03] warmStart 98% (1167/1181) regret=0.037888 ape=0.4507
[22:43:03] warmStart 98% (1168/1181) regret=0.037832 ape=0.4507
[22:43:04] warmStart 98% (1169/1181) regret=0.037832 ape=0.4507
[22:43:04] warmStart 99% (1170/1181) regret=0.037814 ape=0.4507
[22:43:04] warmStart 99% (1171/1181) regret=0.037814 ape=0.4507
[22:43:04] warmStart 99% (1172/1181) regret=0.037814 ape=0.4507
[22:43:04] warmStart 99% (1173/1181) regret=0.037814 ape=0.4507
[22:43:04] warmStart 99% (1174/1181) regret=0.037860 ape=0.4507
[22:43:04] warmStart 99% (1175/1181) regret=0.037860 ape=0.4507
[22:43:05] warmStart 99% (1176/1181) regret=0.037860 ape=0.4507
[22:43:05] warmStart 99% (1177/1181) regret=0.037860 ape=0.4507
[22:43:05] warmStart 99% (1178/1181) regret=0.037860 ape=0.4507
[22:43:05] warmStart 99% (1179/1181) regret=0.037860 ape=0.4507
Fractional warm start finished: 1180 points, 168.64s
  Final: regret=0.037860, ape=0.4507

Saved: /home/users/g/s/gsavary/LudiiMCTSVariations/slurm_sweep_full_dataset/output_fractional/warm/seed_3/sweep_fractional_warm_3_20260426_224305.json

Generating plots...
Saved: /home/users/g/s/gsavary/LudiiMCTSVariations/slurm_sweep_full_dataset/output_fractional/warm/seed_3/sweep_fractional_warm_3_20260426_224305_regret.png
Saved: /home/users/g/s/gsavary/LudiiMCTSVariations/slurm_sweep_full_dataset/output_fractional/warm/seed_3/sweep_fractional_warm_3_20260426_224305_ape.png

================================================================================
Experiment complete!
================================================================================
Done. Results in: /home/users/g/s/gsavary/LudiiMCTSVariations/slurm_sweep_full_dataset/output_fractional/warm/seed_3
