============================================================
Fractional warm start experiment
Method: baseline
Seed:   2
Output: /home/users/g/s/gsavary/LudiiMCTSVariations/slurm_sweep_full_dataset/output_fractional/baseline/seed_2
============================================================

================================================================================
SLURM Sweep Experiment - Single Fractional Sample Warm Start
================================================================================
Method:          baseline
Time limit:      3600.0s
Seed:            2
Batch size:      20
Output dir:      /home/users/g/s/gsavary/LudiiMCTSVariations/slurm_sweep_full_dataset/output_fractional/baseline/seed_2

Loading Ludii dataset...
Loaded 1085 games
Using 1085 games (full dataset)

Running timing probe (100 pulls)...
  Estimated secs/pull: 0.021716

Time budget: 3600.0s → ~165779 total pulls
Per-method budget: 23682 pulls (~514.3s)

Computing predictor-only performance...
  Predictions loaded: 23675 agent predictions
  Predictor-only: regret=0.104318, ape=0.4894

Running BASELINE (cold start)...
[22:40:15] regretChangePotential 0% (1/1185) regret=0.148105 ape=0.7161
[22:40:16] regretChangePotential 0% (2/1185) regret=0.147433 ape=0.7161
[22:40:16] regretChangePotential 0% (3/1185) regret=0.147309 ape=0.7161
[22:40:16] regretChangePotential 0% (4/1185) regret=0.147309 ape=0.7161
[22:40:16] regretChangePotential 0% (5/1185) regret=0.146047 ape=0.7152
[22:40:16] regretChangePotential 0% (6/1185) regret=0.146094 ape=0.7152
[22:40:16] regretChangePotential 0% (7/1185) regret=0.145657 ape=0.7161
[22:40:16] regretChangePotential 0% (8/1185) regret=0.144944 ape=0.7152
[22:40:17] regretChangePotential 0% (9/1185) regret=0.143609 ape=0.7143
[22:40:17] regretChangePotential 0% (10/1185) regret=0.143240 ape=0.7143
[22:40:17] regretChangePotential 0% (11/1185) regret=0.142933 ape=0.7124
[22:40:17] regretChangePotential 1% (12/1185) regret=0.142087 ape=0.7106
[22:40:17] regretChangePotential 1% (13/1185) regret=0.142102 ape=0.7106
[22:40:17] regretChangePotential 1% (14/1185) regret=0.142102 ape=0.7106
[22:40:17] regretChangePotential 1% (15/1185) regret=0.142102 ape=0.7106
[22:40:18] regretChangePotential 1% (16/1185) regret=0.141883 ape=0.7106
[22:40:18] regretChangePotential 1% (17/1185) regret=0.141284 ape=0.7097
[22:40:18] regretChangePotential 1% (18/1185) regret=0.140467 ape=0.7088
[22:40:18] regretChangePotential 1% (19/1185) regret=0.140444 ape=0.7097
[22:40:18] regretChangePotential 1% (20/1185) regret=0.139439 ape=0.7088
[22:40:18] regretChangePotential 1% (21/1185) regret=0.139075 ape=0.7078
[22:40:18] regretChangePotential 1% (22/1185) regret=0.138282 ape=0.7088
[22:40:19] regretChangePotential 1% (23/1185) regret=0.138282 ape=0.7088
[22:40:19] regretChangePotential 2% (24/1185) regret=0.138434 ape=0.7088
[22:40:19] regretChangePotential 2% (25/1185) regret=0.138428 ape=0.7088
[22:40:19] regretChangePotential 2% (26/1185) regret=0.137580 ape=0.7069
[22:40:19] regretChangePotential 2% (27/1185) regret=0.137106 ape=0.7060
[22:40:19] regretChangePotential 2% (28/1185) regret=0.137004 ape=0.7060
[22:40:19] regretChangePotential 2% (29/1185) regret=0.137004 ape=0.7060
[22:40:20] regretChangePotential 2% (30/1185) regret=0.135746 ape=0.7051
[22:40:20] regretChangePotential 2% (31/1185) regret=0.135134 ape=0.7041
[22:40:20] regretChangePotential 2% (32/1185) regret=0.135037 ape=0.7041
[22:40:20] regretChangePotential 2% (33/1185) regret=0.134751 ape=0.7041
[22:40:20] regretChangePotential 2% (34/1185) regret=0.134751 ape=0.7041
[22:40:20] regretChangePotential 2% (35/1185) regret=0.134750 ape=0.7041
[22:40:20] regretChangePotential 3% (36/1185) regret=0.132567 ape=0.7032
[22:40:21] regretChangePotential 3% (37/1185) regret=0.132116 ape=0.7023
[22:40:21] regretChangePotential 3% (38/1185) regret=0.132116 ape=0.7023
[22:40:21] regretChangePotential 3% (39/1185) regret=0.131157 ape=0.7014
[22:40:21] regretChangePotential 3% (40/1185) regret=0.131414 ape=0.7014
[22:40:21] regretChangePotential 3% (41/1185) regret=0.131414 ape=0.7014
[22:40:21] regretChangePotential 3% (42/1185) regret=0.131414 ape=0.7014
[22:40:21] regretChangePotential 3% (43/1185) regret=0.130750 ape=0.7005
[22:40:22] regretChangePotential 3% (44/1185) regret=0.130898 ape=0.7005
[22:40:22] regretChangePotential 3% (45/1185) regret=0.130898 ape=0.7005
[22:40:22] regretChangePotential 3% (46/1185) regret=0.129561 ape=0.6977
[22:40:22] regretChangePotential 3% (47/1185) regret=0.129561 ape=0.6977
[22:40:22] regretChangePotential 4% (48/1185) regret=0.128778 ape=0.6968
[22:40:22] regretChangePotential 4% (49/1185) regret=0.128075 ape=0.6968
[22:40:22] regretChangePotential 4% (50/1185) regret=0.127384 ape=0.6959
[22:40:23] regretChangePotential 4% (51/1185) regret=0.126360 ape=0.6940
[22:40:23] regretChangePotential 4% (52/1185) regret=0.126333 ape=0.6940
[22:40:23] regretChangePotential 4% (53/1185) regret=0.125824 ape=0.6922
[22:40:23] regretChangePotential 4% (54/1185) regret=0.125303 ape=0.6931
[22:40:23] regretChangePotential 4% (55/1185) regret=0.125285 ape=0.6912
[22:40:23] regretChangePotential 4% (56/1185) regret=0.125285 ape=0.6912
[22:40:23] regretChangePotential 4% (57/1185) regret=0.124686 ape=0.6912
[22:40:24] regretChangePotential 4% (58/1185) regret=0.124686 ape=0.6912
[22:40:24] regretChangePotential 4% (59/1185) regret=0.124271 ape=0.6894
[22:40:24] regretChangePotential 5% (60/1185) regret=0.123770 ape=0.6885
[22:40:24] regretChangePotential 5% (61/1185) regret=0.123038 ape=0.6885
[22:40:24] regretChangePotential 5% (62/1185) regret=0.122926 ape=0.6894
[22:40:24] regretChangePotential 5% (63/1185) regret=0.122320 ape=0.6894
[22:40:24] regretChangePotential 5% (64/1185) regret=0.122679 ape=0.6894
[22:40:25] regretChangePotential 5% (65/1185) regret=0.122582 ape=0.6894
[22:40:25] regretChangePotential 5% (66/1185) regret=0.122112 ape=0.6894
[22:40:25] regretChangePotential 5% (67/1185) regret=0.121748 ape=0.6885
[22:40:25] regretChangePotential 5% (68/1185) regret=0.120712 ape=0.6866
[22:40:25] regretChangePotential 5% (69/1185) regret=0.118783 ape=0.6857
[22:40:25] regretChangePotential 5% (70/1185) regret=0.119137 ape=0.6857
[22:40:25] regretChangePotential 5% (71/1185) regret=0.118109 ape=0.6857
[22:40:26] regretChangePotential 6% (72/1185) regret=0.116326 ape=0.6848
[22:40:26] regretChangePotential 6% (73/1185) regret=0.116326 ape=0.6848
[22:40:26] regretChangePotential 6% (74/1185) regret=0.116326 ape=0.6848
[22:40:26] regretChangePotential 6% (75/1185) regret=0.115727 ape=0.6848
[22:40:26] regretChangePotential 6% (76/1185) regret=0.115012 ape=0.6839
[22:40:26] regretChangePotential 6% (77/1185) regret=0.115020 ape=0.6839
[22:40:26] regretChangePotential 6% (78/1185) regret=0.114863 ape=0.6829
[22:40:27] regretChangePotential 6% (79/1185) regret=0.113532 ape=0.6811
[22:40:27] regretChangePotential 6% (80/1185) regret=0.113582 ape=0.6820
[22:40:27] regretChangePotential 6% (81/1185) regret=0.113762 ape=0.6829
[22:40:27] regretChangePotential 6% (82/1185) regret=0.113693 ape=0.6829
[22:40:27] regretChangePotential 7% (83/1185) regret=0.113118 ape=0.6820
[22:40:27] regretChangePotential 7% (84/1185) regret=0.111537 ape=0.6793
[22:40:27] regretChangePotential 7% (85/1185) regret=0.111002 ape=0.6793
[22:40:28] regretChangePotential 7% (86/1185) regret=0.111014 ape=0.6793
[22:40:28] regretChangePotential 7% (87/1185) regret=0.110839 ape=0.6783
[22:40:28] regretChangePotential 7% (88/1185) regret=0.110839 ape=0.6783
[22:40:28] regretChangePotential 7% (89/1185) regret=0.110839 ape=0.6783
[22:40:28] regretChangePotential 7% (90/1185) regret=0.110322 ape=0.6783
[22:40:28] regretChangePotential 7% (91/1185) regret=0.110303 ape=0.6783
[22:40:28] regretChangePotential 7% (92/1185) regret=0.109813 ape=0.6774
[22:40:29] regretChangePotential 7% (93/1185) regret=0.109449 ape=0.6774
[22:40:29] regretChangePotential 7% (94/1185) regret=0.109029 ape=0.6765
[22:40:29] regretChangePotential 8% (95/1185) regret=0.109189 ape=0.6765
[22:40:29] regretChangePotential 8% (96/1185) regret=0.109189 ape=0.6765
[22:40:29] regretChangePotential 8% (97/1185) regret=0.107834 ape=0.6747
[22:40:29] regretChangePotential 8% (98/1185) regret=0.107889 ape=0.6756
[22:40:29] regretChangePotential 8% (99/1185) regret=0.107935 ape=0.6756
[22:40:30] regretChangePotential 8% (100/1185) regret=0.106206 ape=0.6728
[22:40:30] regretChangePotential 8% (101/1185) regret=0.105422 ape=0.6728
[22:40:30] regretChangePotential 8% (102/1185) regret=0.105359 ape=0.6710
[22:40:30] regretChangePotential 8% (103/1185) regret=0.105611 ape=0.6710
[22:40:30] regretChangePotential 8% (104/1185) regret=0.104800 ape=0.6700
[22:40:30] regretChangePotential 8% (105/1185) regret=0.103682 ape=0.6700
[22:40:30] regretChangePotential 8% (106/1185) regret=0.103682 ape=0.6700
[22:40:31] regretChangePotential 9% (107/1185) regret=0.103037 ape=0.6691
[22:40:31] regretChangePotential 9% (108/1185) regret=0.101724 ape=0.6673
[22:40:31] regretChangePotential 9% (109/1185) regret=0.101790 ape=0.6673
[22:40:31] regretChangePotential 9% (110/1185) regret=0.101873 ape=0.6673
[22:40:31] regretChangePotential 9% (111/1185) regret=0.101734 ape=0.6673
[22:40:31] regretChangePotential 9% (112/1185) regret=0.101827 ape=0.6673
[22:40:31] regretChangePotential 9% (113/1185) regret=0.100859 ape=0.6664
[22:40:32] regretChangePotential 9% (114/1185) regret=0.100086 ape=0.6645
[22:40:32] regretChangePotential 9% (115/1185) regret=0.098602 ape=0.6627
[22:40:32] regretChangePotential 9% (116/1185) regret=0.097562 ape=0.6618
[22:40:32] regretChangePotential 9% (117/1185) regret=0.096811 ape=0.6608
[22:40:32] regretChangePotential 9% (118/1185) regret=0.096811 ape=0.6608
[22:40:32] regretChangePotential 10% (119/1185) regret=0.095995 ape=0.6599
[22:40:32] regretChangePotential 10% (120/1185) regret=0.094766 ape=0.6590
[22:40:33] regretChangePotential 10% (121/1185) regret=0.094370 ape=0.6581
[22:40:33] regretChangePotential 10% (122/1185) regret=0.094110 ape=0.6581
[22:40:33] regretChangePotential 10% (123/1185) regret=0.093869 ape=0.6571
[22:40:33] regretChangePotential 10% (124/1185) regret=0.092919 ape=0.6571
[22:40:33] regretChangePotential 10% (125/1185) regret=0.092422 ape=0.6562
[22:40:33] regretChangePotential 10% (126/1185) regret=0.092494 ape=0.6553
[22:40:33] regretChangePotential 10% (127/1185) regret=0.091463 ape=0.6525
[22:40:34] regretChangePotential 10% (128/1185) regret=0.091454 ape=0.6525
[22:40:34] regretChangePotential 10% (129/1185) regret=0.091306 ape=0.6516
[22:40:34] regretChangePotential 10% (130/1185) regret=0.091306 ape=0.6516
[22:40:34] regretChangePotential 11% (131/1185) regret=0.091421 ape=0.6525
[22:40:34] regretChangePotential 11% (132/1185) regret=0.090278 ape=0.6507
[22:40:34] regretChangePotential 11% (133/1185) regret=0.089795 ape=0.6507
[22:40:34] regretChangePotential 11% (134/1185) regret=0.089539 ape=0.6498
[22:40:35] regretChangePotential 11% (135/1185) regret=0.089459 ape=0.6488
[22:40:35] regretChangePotential 11% (136/1185) regret=0.089804 ape=0.6479
[22:40:35] regretChangePotential 11% (137/1185) regret=0.089150 ape=0.6470
[22:40:35] regretChangePotential 11% (138/1185) regret=0.088864 ape=0.6470
[22:40:35] regretChangePotential 11% (139/1185) regret=0.088485 ape=0.6470
[22:40:35] regretChangePotential 11% (140/1185) regret=0.088559 ape=0.6479
[22:40:35] regretChangePotential 11% (141/1185) regret=0.088409 ape=0.6498
[22:40:36] regretChangePotential 11% (142/1185) regret=0.088244 ape=0.6479
[22:40:36] regretChangePotential 12% (143/1185) regret=0.088290 ape=0.6488
[22:40:36] regretChangePotential 12% (144/1185) regret=0.087885 ape=0.6479
[22:40:36] regretChangePotential 12% (145/1185) regret=0.087221 ape=0.6452
[22:40:36] regretChangePotential 12% (146/1185) regret=0.086215 ape=0.6442
[22:40:36] regretChangePotential 12% (147/1185) regret=0.086471 ape=0.6442
[22:40:36] regretChangePotential 12% (148/1185) regret=0.085984 ape=0.6442
[22:40:37] regretChangePotential 12% (149/1185) regret=0.085984 ape=0.6442
[22:40:37] regretChangePotential 12% (150/1185) regret=0.086001 ape=0.6442
[22:40:37] regretChangePotential 12% (151/1185) regret=0.085918 ape=0.6442
[22:40:37] regretChangePotential 12% (152/1185) regret=0.085959 ape=0.6442
[22:40:37] regretChangePotential 12% (153/1185) regret=0.085563 ape=0.6433
[22:40:37] regretChangePotential 12% (154/1185) regret=0.085566 ape=0.6415
[22:40:37] regretChangePotential 13% (155/1185) regret=0.085612 ape=0.6415
[22:40:38] regretChangePotential 13% (156/1185) regret=0.085589 ape=0.6406
[22:40:38] regretChangePotential 13% (157/1185) regret=0.083617 ape=0.6396
[22:40:38] regretChangePotential 13% (158/1185) regret=0.083617 ape=0.6396
[22:40:38] regretChangePotential 13% (159/1185) regret=0.083220 ape=0.6387
[22:40:38] regretChangePotential 13% (160/1185) regret=0.082961 ape=0.6387
[22:40:38] regretChangePotential 13% (161/1185) regret=0.082734 ape=0.6396
[22:40:38] regretChangePotential 13% (162/1185) regret=0.081138 ape=0.6387
[22:40:39] regretChangePotential 13% (163/1185) regret=0.080612 ape=0.6378
[22:40:39] regretChangePotential 13% (164/1185) regret=0.080756 ape=0.6378
[22:40:39] regretChangePotential 13% (165/1185) regret=0.079844 ape=0.6369
[22:40:39] regretChangePotential 14% (166/1185) regret=0.079855 ape=0.6359
[22:40:39] regretChangePotential 14% (167/1185) regret=0.079534 ape=0.6359
[22:40:39] regretChangePotential 14% (168/1185) regret=0.079663 ape=0.6359
[22:40:39] regretChangePotential 14% (169/1185) regret=0.079501 ape=0.6359
[22:40:40] regretChangePotential 14% (170/1185) regret=0.079566 ape=0.6359
[22:40:40] regretChangePotential 14% (171/1185) regret=0.079494 ape=0.6359
[22:40:40] regretChangePotential 14% (172/1185) regret=0.079183 ape=0.6359
[22:40:40] regretChangePotential 14% (173/1185) regret=0.078855 ape=0.6341
[22:40:40] regretChangePotential 14% (174/1185) regret=0.078518 ape=0.6341
[22:40:40] regretChangePotential 14% (175/1185) regret=0.078125 ape=0.6332
[22:40:40] regretChangePotential 14% (176/1185) regret=0.078116 ape=0.6323
[22:40:41] regretChangePotential 14% (177/1185) regret=0.078000 ape=0.6313
[22:40:41] regretChangePotential 15% (178/1185) regret=0.078165 ape=0.6313
[22:40:41] regretChangePotential 15% (179/1185) regret=0.077867 ape=0.6313
[22:40:41] regretChangePotential 15% (180/1185) regret=0.077755 ape=0.6304
[22:40:41] regretChangePotential 15% (181/1185) regret=0.077594 ape=0.6286
[22:40:41] regretChangePotential 15% (182/1185) regret=0.077175 ape=0.6276
[22:40:41] regretChangePotential 15% (183/1185) regret=0.077059 ape=0.6276
[22:40:42] regretChangePotential 15% (184/1185) regret=0.076913 ape=0.6267
[22:40:42] regretChangePotential 15% (185/1185) regret=0.076586 ape=0.6267
[22:40:42] regretChangePotential 15% (186/1185) regret=0.076577 ape=0.6267
[22:40:42] regretChangePotential 15% (187/1185) regret=0.076176 ape=0.6258
[22:40:42] regretChangePotential 15% (188/1185) regret=0.076176 ape=0.6258
[22:40:42] regretChangePotential 15% (189/1185) regret=0.076176 ape=0.6258
[22:40:42] regretChangePotential 16% (190/1185) regret=0.076176 ape=0.6258
[22:40:43] regretChangePotential 16% (191/1185) regret=0.076176 ape=0.6258
[22:40:43] regretChangePotential 16% (192/1185) regret=0.076176 ape=0.6258
[22:40:43] regretChangePotential 16% (193/1185) regret=0.076176 ape=0.6258
[22:40:43] regretChangePotential 16% (194/1185) regret=0.076141 ape=0.6249
[22:40:43] regretChangePotential 16% (195/1185) regret=0.076141 ape=0.6249
[22:40:43] regretChangePotential 16% (196/1185) regret=0.076141 ape=0.6249
[22:40:43] regretChangePotential 16% (197/1185) regret=0.076141 ape=0.6249
[22:40:44] regretChangePotential 16% (198/1185) regret=0.076141 ape=0.6249
[22:40:44] regretChangePotential 16% (199/1185) regret=0.076141 ape=0.6249
[22:40:44] regretChangePotential 16% (200/1185) regret=0.075966 ape=0.6240
[22:40:44] regretChangePotential 16% (201/1185) regret=0.075952 ape=0.6240
[22:40:44] regretChangePotential 17% (202/1185) regret=0.075952 ape=0.6240
[22:40:44] regretChangePotential 17% (203/1185) regret=0.075952 ape=0.6240
[22:40:44] regretChangePotential 17% (204/1185) regret=0.075952 ape=0.6240
[22:40:45] regretChangePotential 17% (205/1185) regret=0.075952 ape=0.6240
[22:40:45] regretChangePotential 17% (206/1185) regret=0.075952 ape=0.6240
[22:40:45] regretChangePotential 17% (207/1185) regret=0.075952 ape=0.6240
[22:40:45] regretChangePotential 17% (208/1185) regret=0.075915 ape=0.6230
[22:40:45] regretChangePotential 17% (209/1185) regret=0.075915 ape=0.6230
[22:40:45] regretChangePotential 17% (210/1185) regret=0.075915 ape=0.6230
[22:40:45] regretChangePotential 17% (211/1185) regret=0.075915 ape=0.6230
[22:40:46] regretChangePotential 17% (212/1185) regret=0.075915 ape=0.6230
[22:40:46] regretChangePotential 17% (213/1185) regret=0.075915 ape=0.6230
[22:40:46] regretChangePotential 18% (214/1185) regret=0.075915 ape=0.6230
[22:40:46] regretChangePotential 18% (215/1185) regret=0.075261 ape=0.6221
[22:40:46] regretChangePotential 18% (216/1185) regret=0.075261 ape=0.6221
[22:40:46] regretChangePotential 18% (217/1185) regret=0.075261 ape=0.6221
[22:40:46] regretChangePotential 18% (218/1185) regret=0.075261 ape=0.6221
[22:40:47] regretChangePotential 18% (219/1185) regret=0.075274 ape=0.6221
[22:40:47] regretChangePotential 18% (220/1185) regret=0.075274 ape=0.6221
[22:40:47] regretChangePotential 18% (221/1185) regret=0.075274 ape=0.6221
[22:40:47] regretChangePotential 18% (222/1185) regret=0.075274 ape=0.6221
[22:40:47] regretChangePotential 18% (223/1185) regret=0.075118 ape=0.6212
[22:40:47] regretChangePotential 18% (224/1185) regret=0.074777 ape=0.6203
[22:40:47] regretChangePotential 18% (225/1185) regret=0.074080 ape=0.6194
[22:40:47] regretChangePotential 19% (226/1185) regret=0.074077 ape=0.6194
[22:40:48] regretChangePotential 19% (227/1185) regret=0.074077 ape=0.6194
[22:40:48] regretChangePotential 19% (228/1185) regret=0.074077 ape=0.6194
[22:40:48] regretChangePotential 19% (229/1185) regret=0.074077 ape=0.6194
[22:40:48] regretChangePotential 19% (230/1185) regret=0.074077 ape=0.6194
[22:40:48] regretChangePotential 19% (231/1185) regret=0.074077 ape=0.6194
[22:40:48] regretChangePotential 19% (232/1185) regret=0.074077 ape=0.6194
[22:40:49] regretChangePotential 19% (233/1185) regret=0.074077 ape=0.6194
[22:40:49] regretChangePotential 19% (234/1185) regret=0.074007 ape=0.6184
[22:40:49] regretChangePotential 19% (235/1185) regret=0.074007 ape=0.6184
[22:40:49] regretChangePotential 19% (236/1185) regret=0.074007 ape=0.6184
[22:40:49] regretChangePotential 20% (237/1185) regret=0.074007 ape=0.6184
[22:40:49] regretChangePotential 20% (238/1185) regret=0.073869 ape=0.6166
[22:40:49] regretChangePotential 20% (239/1185) regret=0.073869 ape=0.6166
[22:40:50] regretChangePotential 20% (240/1185) regret=0.073869 ape=0.6166
[22:40:50] regretChangePotential 20% (241/1185) regret=0.073842 ape=0.6166
[22:40:50] regretChangePotential 20% (242/1185) regret=0.073842 ape=0.6166
[22:40:50] regretChangePotential 20% (243/1185) regret=0.073805 ape=0.6157
[22:40:50] regretChangePotential 20% (244/1185) regret=0.073805 ape=0.6157
[22:40:50] regretChangePotential 20% (245/1185) regret=0.073805 ape=0.6157
[22:40:50] regretChangePotential 20% (246/1185) regret=0.073805 ape=0.6157
[22:40:50] regretChangePotential 20% (247/1185) regret=0.073805 ape=0.6157
[22:40:51] regretChangePotential 20% (248/1185) regret=0.073805 ape=0.6157
[22:40:51] regretChangePotential 21% (249/1185) regret=0.073805 ape=0.6157
[22:40:51] regretChangePotential 21% (250/1185) regret=0.073805 ape=0.6157
[22:40:51] regretChangePotential 21% (251/1185) regret=0.073731 ape=0.6157
[22:40:51] regretChangePotential 21% (252/1185) regret=0.073731 ape=0.6157
[22:40:51] regretChangePotential 21% (253/1185) regret=0.073731 ape=0.6157
[22:40:51] regretChangePotential 21% (254/1185) regret=0.073731 ape=0.6157
[22:40:52] regretChangePotential 21% (255/1185) regret=0.073731 ape=0.6157
[22:40:52] regretChangePotential 21% (256/1185) regret=0.073731 ape=0.6157
[22:40:52] regretChangePotential 21% (257/1185) regret=0.073763 ape=0.6157
[22:40:52] regretChangePotential 21% (258/1185) regret=0.073640 ape=0.6157
[22:40:52] regretChangePotential 21% (259/1185) regret=0.073640 ape=0.6157
[22:40:52] regretChangePotential 21% (260/1185) regret=0.073695 ape=0.6157
[22:40:52] regretChangePotential 22% (261/1185) regret=0.073695 ape=0.6157
[22:40:53] regretChangePotential 22% (262/1185) regret=0.073713 ape=0.6157
[22:40:53] regretChangePotential 22% (263/1185) regret=0.073435 ape=0.6157
[22:40:53] regretChangePotential 22% (264/1185) regret=0.073390 ape=0.6147
[22:40:53] regretChangePotential 22% (265/1185) regret=0.073285 ape=0.6147
[22:40:53] regretChangePotential 22% (266/1185) regret=0.072769 ape=0.6147
[22:40:53] regretChangePotential 22% (267/1185) regret=0.072548 ape=0.6147
[22:40:53] regretChangePotential 22% (268/1185) regret=0.072055 ape=0.6138
[22:40:54] regretChangePotential 22% (269/1185) regret=0.072055 ape=0.6138
[22:40:54] regretChangePotential 22% (270/1185) regret=0.072003 ape=0.6138
[22:40:54] regretChangePotential 22% (271/1185) regret=0.071857 ape=0.6138
[22:40:54] regretChangePotential 22% (272/1185) regret=0.071243 ape=0.6120
[22:40:54] regretChangePotential 23% (273/1185) regret=0.071187 ape=0.6120
[22:40:54] regretChangePotential 23% (274/1185) regret=0.071058 ape=0.6120
[22:40:54] regretChangePotential 23% (275/1185) regret=0.070432 ape=0.6120
[22:40:55] regretChangePotential 23% (276/1185) regret=0.070128 ape=0.6111
[22:40:55] regretChangePotential 23% (277/1185) regret=0.070075 ape=0.6101
[22:40:55] regretChangePotential 23% (278/1185) regret=0.069919 ape=0.6101
[22:40:55] regretChangePotential 23% (279/1185) regret=0.070389 ape=0.6111
[22:40:55] regretChangePotential 23% (280/1185) regret=0.070115 ape=0.6101
[22:40:55] regretChangePotential 23% (281/1185) regret=0.070115 ape=0.6101
[22:40:55] regretChangePotential 23% (282/1185) regret=0.070115 ape=0.6101
[22:40:56] regretChangePotential 23% (283/1185) regret=0.070244 ape=0.6101
[22:40:56] regretChangePotential 23% (284/1185) regret=0.069758 ape=0.6092
[22:40:56] regretChangePotential 24% (285/1185) regret=0.069818 ape=0.6092
[22:40:56] regretChangePotential 24% (286/1185) regret=0.069615 ape=0.6092
[22:40:56] regretChangePotential 24% (287/1185) regret=0.069615 ape=0.6092
[22:40:56] regretChangePotential 24% (288/1185) regret=0.069675 ape=0.6092
[22:40:56] regretChangePotential 24% (289/1185) regret=0.069758 ape=0.6083
[22:40:57] regretChangePotential 24% (290/1185) regret=0.069755 ape=0.6083
[22:40:57] regretChangePotential 24% (291/1185) regret=0.069872 ape=0.6074
[22:40:57] regretChangePotential 24% (292/1185) regret=0.068927 ape=0.6074
[22:40:57] regretChangePotential 24% (293/1185) regret=0.068927 ape=0.6074
[22:40:57] regretChangePotential 24% (294/1185) regret=0.068522 ape=0.6065
[22:40:57] regretChangePotential 24% (295/1185) regret=0.068614 ape=0.6065
[22:40:57] regretChangePotential 24% (296/1185) regret=0.068062 ape=0.6046
[22:40:58] regretChangePotential 25% (297/1185) regret=0.068062 ape=0.6046
[22:40:58] regretChangePotential 25% (298/1185) regret=0.068035 ape=0.6046
[22:40:58] regretChangePotential 25% (299/1185) regret=0.067338 ape=0.6028
[22:40:58] regretChangePotential 25% (300/1185) regret=0.067693 ape=0.6037
[22:40:58] regretChangePotential 25% (301/1185) regret=0.067737 ape=0.6037
[22:40:58] regretChangePotential 25% (302/1185) regret=0.067720 ape=0.6037
[22:40:58] regretChangePotential 25% (303/1185) regret=0.067470 ape=0.6037
[22:40:59] regretChangePotential 25% (304/1185) regret=0.067686 ape=0.6037
[22:40:59] regretChangePotential 25% (305/1185) regret=0.067588 ape=0.6046
[22:40:59] regretChangePotential 25% (306/1185) regret=0.067164 ape=0.6037
[22:40:59] regretChangePotential 25% (307/1185) regret=0.067405 ape=0.6037
[22:40:59] regretChangePotential 25% (308/1185) regret=0.067444 ape=0.6028
[22:40:59] regretChangePotential 26% (309/1185) regret=0.067400 ape=0.6028
[22:40:59] regretChangePotential 26% (310/1185) regret=0.067391 ape=0.6028
[22:41:00] regretChangePotential 26% (311/1185) regret=0.067443 ape=0.6028
[22:41:00] regretChangePotential 26% (312/1185) regret=0.067598 ape=0.6028
[22:41:00] regretChangePotential 26% (313/1185) regret=0.067161 ape=0.6028
[22:41:00] regretChangePotential 26% (314/1185) regret=0.067022 ape=0.6018
[22:41:00] regretChangePotential 26% (315/1185) regret=0.067041 ape=0.6018
[22:41:00] regretChangePotential 26% (316/1185) regret=0.066967 ape=0.6018
[22:41:00] regretChangePotential 26% (317/1185) regret=0.066515 ape=0.6009
[22:41:01] regretChangePotential 26% (318/1185) regret=0.065790 ape=0.6000
[22:41:01] regretChangePotential 26% (319/1185) regret=0.065500 ape=0.5991
[22:41:01] regretChangePotential 27% (320/1185) regret=0.065500 ape=0.5991
[22:41:01] regretChangePotential 27% (321/1185) regret=0.065371 ape=0.5982
[22:41:01] regretChangePotential 27% (322/1185) regret=0.065251 ape=0.5982
[22:41:01] regretChangePotential 27% (323/1185) regret=0.064942 ape=0.5982
[22:41:01] regretChangePotential 27% (324/1185) regret=0.064204 ape=0.5972
[22:41:02] regretChangePotential 27% (325/1185) regret=0.063970 ape=0.5972
[22:41:02] regretChangePotential 27% (326/1185) regret=0.064205 ape=0.5982
[22:41:02] regretChangePotential 27% (327/1185) regret=0.064012 ape=0.5972
[22:41:02] regretChangePotential 27% (328/1185) regret=0.064060 ape=0.5982
[22:41:02] regretChangePotential 27% (329/1185) regret=0.064060 ape=0.5982
[22:41:02] regretChangePotential 27% (330/1185) regret=0.064060 ape=0.5982
[22:41:02] regretChangePotential 27% (331/1185) regret=0.063815 ape=0.5972
[22:41:03] regretChangePotential 28% (332/1185) regret=0.063723 ape=0.5982
[22:41:03] regretChangePotential 28% (333/1185) regret=0.063719 ape=0.5982
[22:41:03] regretChangePotential 28% (334/1185) regret=0.063797 ape=0.6000
[22:41:03] regretChangePotential 28% (335/1185) regret=0.063232 ape=0.5991
[22:41:03] regretChangePotential 28% (336/1185) regret=0.063198 ape=0.5991
[22:41:03] regretChangePotential 28% (337/1185) regret=0.063244 ape=0.5991
[22:41:03] regretChangePotential 28% (338/1185) regret=0.063198 ape=0.5991
[22:41:04] regretChangePotential 28% (339/1185) regret=0.063410 ape=0.5991
[22:41:04] regretChangePotential 28% (340/1185) regret=0.063410 ape=0.5991
[22:41:04] regretChangePotential 28% (341/1185) regret=0.063436 ape=0.6000
[22:41:04] regretChangePotential 28% (342/1185) regret=0.063372 ape=0.6000
[22:41:04] regretChangePotential 28% (343/1185) regret=0.063397 ape=0.6009
[22:41:04] regretChangePotential 29% (344/1185) regret=0.063397 ape=0.6009
[22:41:04] regretChangePotential 29% (345/1185) regret=0.063389 ape=0.6009
[22:41:05] regretChangePotential 29% (346/1185) regret=0.063389 ape=0.6009
[22:41:05] regretChangePotential 29% (347/1185) regret=0.063278 ape=0.6009
[22:41:05] regretChangePotential 29% (348/1185) regret=0.063407 ape=0.6009
[22:41:05] regretChangePotential 29% (349/1185) regret=0.063988 ape=0.6009
[22:41:05] regretChangePotential 29% (350/1185) regret=0.063361 ape=0.6009
[22:41:05] regretChangePotential 29% (351/1185) regret=0.063357 ape=0.6009
[22:41:05] regretChangePotential 29% (352/1185) regret=0.063043 ape=0.6009
[22:41:06] regretChangePotential 29% (353/1185) regret=0.063043 ape=0.6009
[22:41:06] regretChangePotential 29% (354/1185) regret=0.063043 ape=0.6009
[22:41:06] regretChangePotential 29% (355/1185) regret=0.062629 ape=0.6000
[22:41:06] regretChangePotential 30% (356/1185) regret=0.062629 ape=0.6000
[22:41:06] regretChangePotential 30% (357/1185) regret=0.062629 ape=0.6000
[22:41:06] regretChangePotential 30% (358/1185) regret=0.062629 ape=0.6000
[22:41:06] regretChangePotential 30% (359/1185) regret=0.062629 ape=0.6000
[22:41:07] regretChangePotential 30% (360/1185) regret=0.062629 ape=0.6000
[22:41:07] regretChangePotential 30% (361/1185) regret=0.062652 ape=0.6000
[22:41:07] regretChangePotential 30% (362/1185) regret=0.062348 ape=0.5991
[22:41:07] regretChangePotential 30% (363/1185) regret=0.061797 ape=0.5982
[22:41:07] regretChangePotential 30% (364/1185) regret=0.061797 ape=0.5982
[22:41:07] regretChangePotential 30% (365/1185) regret=0.061797 ape=0.5982
[22:41:07] regretChangePotential 30% (366/1185) regret=0.061843 ape=0.5982
[22:41:08] regretChangePotential 30% (367/1185) regret=0.061843 ape=0.5982
[22:41:08] regretChangePotential 31% (368/1185) regret=0.061831 ape=0.5982
[22:41:08] regretChangePotential 31% (369/1185) regret=0.061676 ape=0.5982
[22:41:08] regretChangePotential 31% (370/1185) regret=0.061818 ape=0.5982
[22:41:08] regretChangePotential 31% (371/1185) regret=0.061565 ape=0.5982
[22:41:08] regretChangePotential 31% (372/1185) regret=0.061528 ape=0.5982
[22:41:08] regretChangePotential 31% (373/1185) regret=0.061556 ape=0.5982
[22:41:09] regretChangePotential 31% (374/1185) regret=0.061556 ape=0.5982
[22:41:09] regretChangePotential 31% (375/1185) regret=0.061556 ape=0.5982
[22:41:09] regretChangePotential 31% (376/1185) regret=0.061574 ape=0.5982
[22:41:09] regretChangePotential 31% (377/1185) regret=0.061560 ape=0.5982
[22:41:09] regretChangePotential 31% (378/1185) regret=0.061560 ape=0.5982
[22:41:09] regretChangePotential 31% (379/1185) regret=0.061560 ape=0.5982
[22:41:09] regretChangePotential 32% (380/1185) regret=0.061805 ape=0.5982
[22:41:10] regretChangePotential 32% (381/1185) regret=0.060998 ape=0.5972
[22:41:10] regretChangePotential 32% (382/1185) regret=0.060851 ape=0.5963
[22:41:10] regretChangePotential 32% (383/1185) regret=0.060605 ape=0.5954
[22:41:10] regretChangePotential 32% (384/1185) regret=0.060605 ape=0.5954
[22:41:10] regretChangePotential 32% (385/1185) regret=0.060494 ape=0.5945
[22:41:10] regretChangePotential 32% (386/1185) regret=0.060147 ape=0.5926
[22:41:10] regretChangePotential 32% (387/1185) regret=0.060123 ape=0.5926
[22:41:11] regretChangePotential 32% (388/1185) regret=0.060123 ape=0.5926
[22:41:11] regretChangePotential 32% (389/1185) regret=0.060095 ape=0.5926
[22:41:11] regretChangePotential 32% (390/1185) regret=0.059828 ape=0.5917
[22:41:11] regretChangePotential 32% (391/1185) regret=0.059920 ape=0.5917
[22:41:11] regretChangePotential 33% (392/1185) regret=0.059431 ape=0.5917
[22:41:11] regretChangePotential 33% (393/1185) regret=0.059721 ape=0.5917
[22:41:11] regretChangePotential 33% (394/1185) regret=0.059643 ape=0.5917
[22:41:12] regretChangePotential 33% (395/1185) regret=0.059504 ape=0.5917
[22:41:12] regretChangePotential 33% (396/1185) regret=0.059504 ape=0.5917
[22:41:12] regretChangePotential 33% (397/1185) regret=0.059030 ape=0.5917
[22:41:12] regretChangePotential 33% (398/1185) regret=0.059085 ape=0.5917
[22:41:12] regretChangePotential 33% (399/1185) regret=0.059085 ape=0.5917
[22:41:12] regretChangePotential 33% (400/1185) regret=0.059085 ape=0.5917
[22:41:12] regretChangePotential 33% (401/1185) regret=0.058987 ape=0.5917
[22:41:13] regretChangePotential 33% (402/1185) regret=0.058987 ape=0.5917
[22:41:13] regretChangePotential 34% (403/1185) regret=0.058987 ape=0.5917
[22:41:13] regretChangePotential 34% (404/1185) regret=0.058555 ape=0.5917
[22:41:13] regretChangePotential 34% (405/1185) regret=0.058457 ape=0.5917
[22:41:13] regretChangePotential 34% (406/1185) regret=0.058457 ape=0.5917
[22:41:13] regretChangePotential 34% (407/1185) regret=0.058411 ape=0.5917
[22:41:13] regretChangePotential 34% (408/1185) regret=0.058457 ape=0.5917
[22:41:14] regretChangePotential 34% (409/1185) regret=0.058696 ape=0.5926
[22:41:14] regretChangePotential 34% (410/1185) regret=0.058106 ape=0.5908
[22:41:14] regretChangePotential 34% (411/1185) regret=0.058117 ape=0.5908
[22:41:14] regretChangePotential 34% (412/1185) regret=0.058055 ape=0.5908
[22:41:14] regretChangePotential 34% (413/1185) regret=0.057901 ape=0.5908
[22:41:14] regretChangePotential 34% (414/1185) regret=0.057901 ape=0.5908
[22:41:14] regretChangePotential 35% (415/1185) regret=0.057901 ape=0.5908
[22:41:15] regretChangePotential 35% (416/1185) regret=0.057873 ape=0.5908
[22:41:15] regretChangePotential 35% (417/1185) regret=0.057578 ape=0.5908
[22:41:15] regretChangePotential 35% (418/1185) regret=0.057615 ape=0.5908
[22:41:15] regretChangePotential 35% (419/1185) regret=0.057454 ape=0.5917
[22:41:15] regretChangePotential 35% (420/1185) regret=0.057454 ape=0.5917
[22:41:15] regretChangePotential 35% (421/1185) regret=0.057702 ape=0.5926
[22:41:15] regretChangePotential 35% (422/1185) regret=0.057066 ape=0.5908
[22:41:16] regretChangePotential 35% (423/1185) regret=0.056477 ape=0.5899
[22:41:16] regretChangePotential 35% (424/1185) regret=0.056274 ape=0.5899
[22:41:16] regretChangePotential 35% (425/1185) regret=0.056412 ape=0.5889
[22:41:16] regretChangePotential 35% (426/1185) regret=0.056483 ape=0.5889
[22:41:16] regretChangePotential 36% (427/1185) regret=0.056339 ape=0.5889
[22:41:16] regretChangePotential 36% (428/1185) regret=0.056511 ape=0.5880
[22:41:16] regretChangePotential 36% (429/1185) regret=0.056574 ape=0.5871
[22:41:17] regretChangePotential 36% (430/1185) regret=0.056798 ape=0.5880
[22:41:17] regretChangePotential 36% (431/1185) regret=0.056798 ape=0.5880
[22:41:17] regretChangePotential 36% (432/1185) regret=0.056872 ape=0.5880
[22:41:17] regretChangePotential 36% (433/1185) regret=0.056949 ape=0.5889
[22:41:17] regretChangePotential 36% (434/1185) regret=0.057250 ape=0.5889
[22:41:17] regretChangePotential 36% (435/1185) regret=0.057237 ape=0.5889
[22:41:17] regretChangePotential 36% (436/1185) regret=0.056734 ape=0.5889
[22:41:18] regretChangePotential 36% (437/1185) regret=0.056705 ape=0.5899
[22:41:18] regretChangePotential 36% (438/1185) regret=0.057430 ape=0.5899
[22:41:18] regretChangePotential 37% (439/1185) regret=0.057329 ape=0.5899
[22:41:18] regretChangePotential 37% (440/1185) regret=0.057328 ape=0.5899
[22:41:18] regretChangePotential 37% (441/1185) regret=0.056646 ape=0.5889
[22:41:18] regretChangePotential 37% (442/1185) regret=0.056646 ape=0.5889
[22:41:18] regretChangePotential 37% (443/1185) regret=0.056646 ape=0.5899
[22:41:19] regretChangePotential 37% (444/1185) regret=0.056600 ape=0.5889
[22:41:19] regretChangePotential 37% (445/1185) regret=0.056575 ape=0.5889
[22:41:19] regretChangePotential 37% (446/1185) regret=0.056575 ape=0.5889
[22:41:19] regretChangePotential 37% (447/1185) regret=0.056575 ape=0.5889
[22:41:19] regretChangePotential 37% (448/1185) regret=0.056957 ape=0.5899
[22:41:19] regretChangePotential 37% (449/1185) regret=0.056650 ape=0.5899
[22:41:19] regretChangePotential 37% (450/1185) regret=0.056278 ape=0.5899
[22:41:20] regretChangePotential 38% (451/1185) regret=0.056294 ape=0.5899
[22:41:20] regretChangePotential 38% (452/1185) regret=0.055885 ape=0.5899
[22:41:20] regretChangePotential 38% (453/1185) regret=0.055885 ape=0.5899
[22:41:20] regretChangePotential 38% (454/1185) regret=0.055835 ape=0.5899
[22:41:20] regretChangePotential 38% (455/1185) regret=0.055485 ape=0.5880
[22:41:20] regretChangePotential 38% (456/1185) regret=0.055480 ape=0.5880
[22:41:20] regretChangePotential 38% (457/1185) regret=0.055485 ape=0.5880
[22:41:21] regretChangePotential 38% (458/1185) regret=0.055480 ape=0.5880
[22:41:21] regretChangePotential 38% (459/1185) regret=0.055480 ape=0.5880
[22:41:21] regretChangePotential 38% (460/1185) regret=0.055471 ape=0.5880
[22:41:21] regretChangePotential 38% (461/1185) regret=0.055458 ape=0.5889
[22:41:21] regretChangePotential 38% (462/1185) regret=0.055458 ape=0.5889
[22:41:21] regretChangePotential 39% (463/1185) regret=0.055458 ape=0.5889
[22:41:21] regretChangePotential 39% (464/1185) regret=0.055458 ape=0.5889
[22:41:22] regretChangePotential 39% (465/1185) regret=0.055458 ape=0.5889
[22:41:22] regretChangePotential 39% (466/1185) regret=0.055458 ape=0.5889
[22:41:22] regretChangePotential 39% (467/1185) regret=0.055407 ape=0.5889
[22:41:22] regretChangePotential 39% (468/1185) regret=0.055421 ape=0.5889
[22:41:22] regretChangePotential 39% (469/1185) regret=0.055421 ape=0.5889
[22:41:22] regretChangePotential 39% (470/1185) regret=0.055421 ape=0.5889
[22:41:22] regretChangePotential 39% (471/1185) regret=0.055421 ape=0.5889
[22:41:23] regretChangePotential 39% (472/1185) regret=0.055421 ape=0.5889
[22:41:23] regretChangePotential 39% (473/1185) regret=0.055421 ape=0.5889
[22:41:23] regretChangePotential 40% (474/1185) regret=0.055421 ape=0.5889
[22:41:23] regretChangePotential 40% (475/1185) regret=0.055421 ape=0.5889
[22:41:23] regretChangePotential 40% (476/1185) regret=0.055421 ape=0.5889
[22:41:23] regretChangePotential 40% (477/1185) regret=0.055421 ape=0.5889
[22:41:23] regretChangePotential 40% (478/1185) regret=0.055197 ape=0.5880
[22:41:23] regretChangePotential 40% (479/1185) regret=0.054750 ape=0.5880
[22:41:24] regretChangePotential 40% (480/1185) regret=0.054750 ape=0.5880
[22:41:24] regretChangePotential 40% (481/1185) regret=0.054750 ape=0.5880
[22:41:24] regretChangePotential 40% (482/1185) regret=0.054750 ape=0.5880
[22:41:24] regretChangePotential 40% (483/1185) regret=0.054750 ape=0.5880
[22:41:24] regretChangePotential 40% (484/1185) regret=0.054750 ape=0.5880
[22:41:24] regretChangePotential 40% (485/1185) regret=0.054750 ape=0.5880
[22:41:24] regretChangePotential 41% (486/1185) regret=0.054698 ape=0.5871
[22:41:25] regretChangePotential 41% (487/1185) regret=0.054698 ape=0.5871
[22:41:25] regretChangePotential 41% (488/1185) regret=0.054698 ape=0.5871
[22:41:25] regretChangePotential 41% (489/1185) regret=0.054698 ape=0.5871
[22:41:25] regretChangePotential 41% (490/1185) regret=0.054698 ape=0.5871
[22:41:25] regretChangePotential 41% (491/1185) regret=0.054698 ape=0.5871
[22:41:25] regretChangePotential 41% (492/1185) regret=0.054698 ape=0.5871
[22:41:25] regretChangePotential 41% (493/1185) regret=0.054698 ape=0.5871
[22:41:26] regretChangePotential 41% (494/1185) regret=0.054698 ape=0.5871
[22:41:26] regretChangePotential 41% (495/1185) regret=0.054698 ape=0.5871
[22:41:26] regretChangePotential 41% (496/1185) regret=0.054698 ape=0.5871
[22:41:26] regretChangePotential 41% (497/1185) regret=0.054698 ape=0.5871
[22:41:26] regretChangePotential 42% (498/1185) regret=0.054698 ape=0.5871
[22:41:26] regretChangePotential 42% (499/1185) regret=0.054698 ape=0.5871
[22:41:26] regretChangePotential 42% (500/1185) regret=0.054698 ape=0.5871
[22:41:27] regretChangePotential 42% (501/1185) regret=0.054698 ape=0.5871
[22:41:27] regretChangePotential 42% (502/1185) regret=0.054633 ape=0.5862
[22:41:27] regretChangePotential 42% (503/1185) regret=0.054633 ape=0.5862
[22:41:27] regretChangePotential 42% (504/1185) regret=0.054633 ape=0.5862
[22:41:27] regretChangePotential 42% (505/1185) regret=0.054633 ape=0.5862
[22:41:27] regretChangePotential 42% (506/1185) regret=0.054633 ape=0.5862
[22:41:27] regretChangePotential 42% (507/1185) regret=0.054633 ape=0.5862
[22:41:28] regretChangePotential 42% (508/1185) regret=0.054633 ape=0.5862
[22:41:28] regretChangePotential 42% (509/1185) regret=0.054633 ape=0.5862
[22:41:28] regretChangePotential 43% (510/1185) regret=0.054633 ape=0.5862
[22:41:28] regretChangePotential 43% (511/1185) regret=0.054633 ape=0.5862
[22:41:28] regretChangePotential 43% (512/1185) regret=0.054633 ape=0.5862
[22:41:28] regretChangePotential 43% (513/1185) regret=0.054633 ape=0.5862
[22:41:28] regretChangePotential 43% (514/1185) regret=0.054633 ape=0.5862
[22:41:28] regretChangePotential 43% (515/1185) regret=0.054633 ape=0.5862
[22:41:29] regretChangePotential 43% (516/1185) regret=0.054633 ape=0.5862
[22:41:29] regretChangePotential 43% (517/1185) regret=0.054633 ape=0.5862
[22:41:29] regretChangePotential 43% (518/1185) regret=0.054633 ape=0.5862
[22:41:29] regretChangePotential 43% (519/1185) regret=0.054477 ape=0.5853
[22:41:29] regretChangePotential 43% (520/1185) regret=0.054274 ape=0.5843
[22:41:29] regretChangePotential 43% (521/1185) regret=0.053868 ape=0.5834
[22:41:29] regretChangePotential 44% (522/1185) regret=0.053776 ape=0.5834
[22:41:30] regretChangePotential 44% (523/1185) regret=0.053776 ape=0.5834
[22:41:30] regretChangePotential 44% (524/1185) regret=0.053776 ape=0.5834
[22:41:30] regretChangePotential 44% (525/1185) regret=0.053776 ape=0.5834
[22:41:30] regretChangePotential 44% (526/1185) regret=0.053776 ape=0.5834
[22:41:30] regretChangePotential 44% (527/1185) regret=0.053776 ape=0.5834
[22:41:30] regretChangePotential 44% (528/1185) regret=0.053776 ape=0.5834
[22:41:30] regretChangePotential 44% (529/1185) regret=0.053407 ape=0.5825
[22:41:31] regretChangePotential 44% (530/1185) regret=0.053349 ape=0.5816
[22:41:31] regretChangePotential 44% (531/1185) regret=0.053399 ape=0.5816
[22:41:31] regretChangePotential 44% (532/1185) regret=0.053344 ape=0.5806
[22:41:31] regretChangePotential 44% (533/1185) regret=0.053346 ape=0.5806
[22:41:31] regretChangePotential 45% (534/1185) regret=0.053346 ape=0.5806
[22:41:31] regretChangePotential 45% (535/1185) regret=0.053346 ape=0.5806
[22:41:31] regretChangePotential 45% (536/1185) regret=0.053244 ape=0.5806
[22:41:32] regretChangePotential 45% (537/1185) regret=0.052839 ape=0.5806
[22:41:32] regretChangePotential 45% (538/1185) regret=0.052802 ape=0.5806
[22:41:32] regretChangePotential 45% (539/1185) regret=0.052769 ape=0.5797
[22:41:32] regretChangePotential 45% (540/1185) regret=0.052613 ape=0.5788
[22:41:32] regretChangePotential 45% (541/1185) regret=0.053038 ape=0.5788
[22:41:32] regretChangePotential 45% (542/1185) regret=0.052272 ape=0.5779
[22:41:32] regretChangePotential 45% (543/1185) regret=0.052364 ape=0.5788
[22:41:33] regretChangePotential 45% (544/1185) regret=0.052302 ape=0.5788
[22:41:33] regretChangePotential 45% (545/1185) regret=0.052269 ape=0.5779
[22:41:33] regretChangePotential 46% (546/1185) regret=0.052380 ape=0.5788
[22:41:33] regretChangePotential 46% (547/1185) regret=0.052657 ape=0.5779
[22:41:33] regretChangePotential 46% (548/1185) regret=0.052223 ape=0.5779
[22:41:33] regretChangePotential 46% (549/1185) regret=0.052074 ape=0.5770
[22:41:33] regretChangePotential 46% (550/1185) regret=0.052230 ape=0.5788
[22:41:34] regretChangePotential 46% (551/1185) regret=0.052258 ape=0.5788
[22:41:34] regretChangePotential 46% (552/1185) regret=0.052304 ape=0.5788
[22:41:34] regretChangePotential 46% (553/1185) regret=0.052405 ape=0.5797
[22:41:34] regretChangePotential 46% (554/1185) regret=0.052350 ape=0.5788
[22:41:34] regretChangePotential 46% (555/1185) regret=0.052350 ape=0.5788
[22:41:34] regretChangePotential 46% (556/1185) regret=0.051728 ape=0.5779
[22:41:34] regretChangePotential 47% (557/1185) regret=0.051493 ape=0.5770
[22:41:35] regretChangePotential 47% (558/1185) regret=0.051005 ape=0.5770
[22:41:35] regretChangePotential 47% (559/1185) regret=0.051005 ape=0.5770
[22:41:35] regretChangePotential 47% (560/1185) regret=0.051091 ape=0.5770
[22:41:35] regretChangePotential 47% (561/1185) regret=0.051091 ape=0.5770
[22:41:35] regretChangePotential 47% (562/1185) regret=0.050910 ape=0.5760
[22:41:35] regretChangePotential 47% (563/1185) regret=0.050940 ape=0.5760
[22:41:35] regretChangePotential 47% (564/1185) regret=0.051185 ape=0.5770
[22:41:36] regretChangePotential 47% (565/1185) regret=0.051159 ape=0.5770
[22:41:36] regretChangePotential 47% (566/1185) regret=0.051514 ape=0.5770
[22:41:36] regretChangePotential 47% (567/1185) regret=0.051185 ape=0.5770
[22:41:36] regretChangePotential 47% (568/1185) regret=0.051286 ape=0.5779
[22:41:36] regretChangePotential 48% (569/1185) regret=0.051028 ape=0.5770
[22:41:36] regretChangePotential 48% (570/1185) regret=0.050991 ape=0.5760
[22:41:36] regretChangePotential 48% (571/1185) regret=0.051141 ape=0.5760
[22:41:37] regretChangePotential 48% (572/1185) regret=0.051187 ape=0.5760
[22:41:37] regretChangePotential 48% (573/1185) regret=0.051187 ape=0.5760
[22:41:37] regretChangePotential 48% (574/1185) regret=0.050984 ape=0.5751
[22:41:37] regretChangePotential 48% (575/1185) regret=0.051214 ape=0.5751
[22:41:37] regretChangePotential 48% (576/1185) regret=0.050794 ape=0.5751
[22:41:37] regretChangePotential 48% (577/1185) regret=0.050717 ape=0.5751
[22:41:37] regretChangePotential 48% (578/1185) regret=0.050717 ape=0.5751
[22:41:38] regretChangePotential 48% (579/1185) regret=0.050717 ape=0.5751
[22:41:38] regretChangePotential 48% (580/1185) regret=0.050708 ape=0.5751
[22:41:38] regretChangePotential 49% (581/1185) regret=0.050708 ape=0.5751
[22:41:38] regretChangePotential 49% (582/1185) regret=0.051233 ape=0.5751
[22:41:38] regretChangePotential 49% (583/1185) regret=0.050616 ape=0.5742
[22:41:38] regretChangePotential 49% (584/1185) regret=0.050584 ape=0.5742
[22:41:38] regretChangePotential 49% (585/1185) regret=0.050584 ape=0.5742
[22:41:39] regretChangePotential 49% (586/1185) regret=0.050584 ape=0.5742
[22:41:39] regretChangePotential 49% (587/1185) regret=0.050584 ape=0.5742
[22:41:39] regretChangePotential 49% (588/1185) regret=0.050584 ape=0.5742
[22:41:39] regretChangePotential 49% (589/1185) regret=0.050584 ape=0.5742
[22:41:39] regretChangePotential 49% (590/1185) regret=0.050584 ape=0.5742
[22:41:39] regretChangePotential 49% (591/1185) regret=0.050584 ape=0.5742
[22:41:40] regretChangePotential 49% (592/1185) regret=0.050584 ape=0.5742
[22:41:40] regretChangePotential 50% (593/1185) regret=0.050584 ape=0.5742
[22:41:40] regretChangePotential 50% (594/1185) regret=0.050584 ape=0.5742
[22:41:40] regretChangePotential 50% (595/1185) regret=0.050584 ape=0.5742
[22:41:40] regretChangePotential 50% (596/1185) regret=0.050584 ape=0.5742
[22:41:40] regretChangePotential 50% (597/1185) regret=0.050584 ape=0.5742
[22:41:40] regretChangePotential 50% (598/1185) regret=0.050584 ape=0.5742
[22:41:40] regretChangePotential 50% (599/1185) regret=0.050584 ape=0.5742
[22:41:41] regretChangePotential 50% (600/1185) regret=0.050584 ape=0.5742
[22:41:41] regretChangePotential 50% (601/1185) regret=0.050584 ape=0.5742
[22:41:41] regretChangePotential 50% (602/1185) regret=0.050584 ape=0.5742
[22:41:41] regretChangePotential 50% (603/1185) regret=0.050584 ape=0.5742
[22:41:41] regretChangePotential 50% (604/1185) regret=0.050584 ape=0.5742
[22:41:41] regretChangePotential 51% (605/1185) regret=0.050584 ape=0.5742
[22:41:41] regretChangePotential 51% (606/1185) regret=0.050584 ape=0.5742
[22:41:42] regretChangePotential 51% (607/1185) regret=0.050584 ape=0.5742
[22:41:42] regretChangePotential 51% (608/1185) regret=0.050584 ape=0.5742
[22:41:42] regretChangePotential 51% (609/1185) regret=0.050584 ape=0.5742
[22:41:42] regretChangePotential 51% (610/1185) regret=0.050656 ape=0.5742
[22:41:42] regretChangePotential 51% (611/1185) regret=0.050802 ape=0.5751
[22:41:42] regretChangePotential 51% (612/1185) regret=0.050774 ape=0.5751
[22:41:42] regretChangePotential 51% (613/1185) regret=0.050528 ape=0.5751
[22:41:43] regretChangePotential 51% (614/1185) regret=0.050492 ape=0.5751
[22:41:43] regretChangePotential 51% (615/1185) regret=0.050193 ape=0.5742
[22:41:43] regretChangePotential 51% (616/1185) regret=0.050031 ape=0.5742
[22:41:43] regretChangePotential 52% (617/1185) regret=0.050154 ape=0.5742
[22:41:43] regretChangePotential 52% (618/1185) regret=0.049976 ape=0.5733
[22:41:43] regretChangePotential 52% (619/1185) regret=0.050122 ape=0.5724
[22:41:43] regretChangePotential 52% (620/1185) regret=0.050031 ape=0.5724
[22:41:44] regretChangePotential 52% (621/1185) regret=0.050056 ape=0.5724
[22:41:44] regretChangePotential 52% (622/1185) regret=0.050056 ape=0.5724
[22:41:44] regretChangePotential 52% (623/1185) regret=0.050056 ape=0.5724
[22:41:44] regretChangePotential 52% (624/1185) regret=0.050056 ape=0.5724
[22:41:44] regretChangePotential 52% (625/1185) regret=0.050097 ape=0.5724
[22:41:44] regretChangePotential 52% (626/1185) regret=0.050130 ape=0.5733
[22:41:45] regretChangePotential 52% (627/1185) regret=0.050130 ape=0.5733
[22:41:45] regretChangePotential 52% (628/1185) regret=0.050130 ape=0.5733
[22:41:45] regretChangePotential 53% (629/1185) regret=0.050130 ape=0.5733
[22:41:45] regretChangePotential 53% (630/1185) regret=0.050130 ape=0.5733
[22:41:45] regretChangePotential 53% (631/1185) regret=0.050130 ape=0.5733
[22:41:45] regretChangePotential 53% (632/1185) regret=0.050168 ape=0.5733
[22:41:45] regretChangePotential 53% (633/1185) regret=0.050112 ape=0.5733
[22:41:46] regretChangePotential 53% (634/1185) regret=0.050173 ape=0.5742
[22:41:46] regretChangePotential 53% (635/1185) regret=0.049883 ape=0.5724
[22:41:46] regretChangePotential 53% (636/1185) regret=0.050067 ape=0.5733
[22:41:46] regretChangePotential 53% (637/1185) regret=0.050067 ape=0.5733
[22:41:46] regretChangePotential 53% (638/1185) regret=0.050067 ape=0.5733
[22:41:46] regretChangePotential 53% (639/1185) regret=0.050067 ape=0.5733
[22:41:46] regretChangePotential 54% (640/1185) regret=0.049846 ape=0.5733
[22:41:46] regretChangePotential 54% (641/1185) regret=0.049846 ape=0.5733
[22:41:47] regretChangePotential 54% (642/1185) regret=0.049846 ape=0.5733
[22:41:47] regretChangePotential 54% (643/1185) regret=0.049846 ape=0.5733
[22:41:47] regretChangePotential 54% (644/1185) regret=0.049846 ape=0.5733
[22:41:47] regretChangePotential 54% (645/1185) regret=0.049846 ape=0.5733
[22:41:47] regretChangePotential 54% (646/1185) regret=0.049846 ape=0.5733
[22:41:47] regretChangePotential 54% (647/1185) regret=0.050574 ape=0.5733
[22:41:47] regretChangePotential 54% (648/1185) regret=0.050574 ape=0.5733
[22:41:48] regretChangePotential 54% (649/1185) regret=0.050548 ape=0.5724
[22:41:48] regretChangePotential 54% (650/1185) regret=0.050548 ape=0.5724
[22:41:48] regretChangePotential 54% (651/1185) regret=0.050452 ape=0.5724
[22:41:48] regretChangePotential 55% (652/1185) regret=0.050441 ape=0.5724
[22:41:48] regretChangePotential 55% (653/1185) regret=0.050441 ape=0.5724
[22:41:48] regretChangePotential 55% (654/1185) regret=0.050441 ape=0.5724
[22:41:48] regretChangePotential 55% (655/1185) regret=0.050441 ape=0.5724
[22:41:49] regretChangePotential 55% (656/1185) regret=0.050441 ape=0.5724
[22:41:49] regretChangePotential 55% (657/1185) regret=0.050441 ape=0.5724
[22:41:49] regretChangePotential 55% (658/1185) regret=0.050441 ape=0.5724
[22:41:49] regretChangePotential 55% (659/1185) regret=0.050441 ape=0.5724
[22:41:49] regretChangePotential 55% (660/1185) regret=0.050441 ape=0.5724
[22:41:49] regretChangePotential 55% (661/1185) regret=0.050441 ape=0.5724
[22:41:49] regretChangePotential 55% (662/1185) regret=0.050441 ape=0.5724
[22:41:50] regretChangePotential 55% (663/1185) regret=0.050441 ape=0.5724
[22:41:50] regretChangePotential 56% (664/1185) regret=0.050441 ape=0.5724
[22:41:50] regretChangePotential 56% (665/1185) regret=0.049879 ape=0.5714
[22:41:50] regretChangePotential 56% (666/1185) regret=0.049879 ape=0.5714
[22:41:50] regretChangePotential 56% (667/1185) regret=0.049879 ape=0.5714
[22:41:50] regretChangePotential 56% (668/1185) regret=0.049953 ape=0.5714
[22:41:50] regretChangePotential 56% (669/1185) regret=0.049953 ape=0.5714
[22:41:51] regretChangePotential 56% (670/1185) regret=0.049953 ape=0.5714
[22:41:51] regretChangePotential 56% (671/1185) regret=0.049778 ape=0.5714
[22:41:51] regretChangePotential 56% (672/1185) regret=0.049778 ape=0.5714
[22:41:51] regretChangePotential 56% (673/1185) regret=0.049778 ape=0.5714
[22:41:51] regretChangePotential 56% (674/1185) regret=0.049778 ape=0.5714
[22:41:51] regretChangePotential 56% (675/1185) regret=0.049714 ape=0.5705
[22:41:51] regretChangePotential 57% (676/1185) regret=0.049714 ape=0.5705
[22:41:52] regretChangePotential 57% (677/1185) regret=0.049714 ape=0.5705
[22:41:52] regretChangePotential 57% (678/1185) regret=0.049714 ape=0.5705
[22:41:52] regretChangePotential 57% (679/1185) regret=0.049714 ape=0.5705
[22:41:52] regretChangePotential 57% (680/1185) regret=0.049714 ape=0.5705
[22:41:52] regretChangePotential 57% (681/1185) regret=0.049714 ape=0.5705
[22:41:52] regretChangePotential 57% (682/1185) regret=0.049714 ape=0.5705
[22:41:52] regretChangePotential 57% (683/1185) regret=0.049714 ape=0.5705
[22:41:53] regretChangePotential 57% (684/1185) regret=0.049714 ape=0.5705
[22:41:53] regretChangePotential 57% (685/1185) regret=0.049507 ape=0.5696
[22:41:53] regretChangePotential 57% (686/1185) regret=0.049479 ape=0.5696
[22:41:53] regretChangePotential 57% (687/1185) regret=0.049479 ape=0.5696
[22:41:53] regretChangePotential 58% (688/1185) regret=0.049479 ape=0.5696
[22:41:53] regretChangePotential 58% (689/1185) regret=0.049479 ape=0.5696
[22:41:53] regretChangePotential 58% (690/1185) regret=0.049479 ape=0.5696
[22:41:53] regretChangePotential 58% (691/1185) regret=0.049479 ape=0.5696
[22:41:54] regretChangePotential 58% (692/1185) regret=0.049479 ape=0.5696
[22:41:54] regretChangePotential 58% (693/1185) regret=0.049479 ape=0.5696
[22:41:54] regretChangePotential 58% (694/1185) regret=0.049448 ape=0.5687
[22:41:54] regretChangePotential 58% (695/1185) regret=0.049448 ape=0.5687
[22:41:54] regretChangePotential 58% (696/1185) regret=0.048734 ape=0.5687
[22:41:54] regretChangePotential 58% (697/1185) regret=0.048734 ape=0.5687
[22:41:54] regretChangePotential 58% (698/1185) regret=0.048734 ape=0.5687
[22:41:55] regretChangePotential 58% (699/1185) regret=0.048734 ape=0.5687
[22:41:55] regretChangePotential 59% (700/1185) regret=0.048467 ape=0.5687
[22:41:55] regretChangePotential 59% (701/1185) regret=0.048467 ape=0.5687
[22:41:55] regretChangePotential 59% (702/1185) regret=0.048411 ape=0.5677
[22:41:55] regretChangePotential 59% (703/1185) regret=0.048204 ape=0.5668
[22:41:55] regretChangePotential 59% (704/1185) regret=0.048204 ape=0.5668
[22:41:55] regretChangePotential 59% (705/1185) regret=0.048204 ape=0.5668
[22:41:56] regretChangePotential 59% (706/1185) regret=0.048135 ape=0.5659
[22:41:56] regretChangePotential 59% (707/1185) regret=0.048080 ape=0.5650
[22:41:56] regretChangePotential 59% (708/1185) regret=0.048080 ape=0.5650
[22:41:56] regretChangePotential 59% (709/1185) regret=0.048126 ape=0.5659
[22:41:56] regretChangePotential 59% (710/1185) regret=0.047951 ape=0.5650
[22:41:56] regretChangePotential 60% (711/1185) regret=0.047951 ape=0.5650
[22:41:56] regretChangePotential 60% (712/1185) regret=0.047951 ape=0.5650
[22:41:57] regretChangePotential 60% (713/1185) regret=0.047951 ape=0.5650
[22:41:57] regretChangePotential 60% (714/1185) regret=0.048117 ape=0.5659
[22:41:57] regretChangePotential 60% (715/1185) regret=0.048117 ape=0.5659
[22:41:57] regretChangePotential 60% (716/1185) regret=0.048117 ape=0.5659
[22:41:57] regretChangePotential 60% (717/1185) regret=0.048117 ape=0.5659
[22:41:57] regretChangePotential 60% (718/1185) regret=0.047697 ape=0.5650
[22:41:57] regretChangePotential 60% (719/1185) regret=0.046988 ape=0.5641
[22:41:58] regretChangePotential 60% (720/1185) regret=0.046988 ape=0.5641
[22:41:58] regretChangePotential 60% (721/1185) regret=0.046988 ape=0.5641
[22:41:58] regretChangePotential 60% (722/1185) regret=0.046969 ape=0.5641
[22:41:58] regretChangePotential 61% (723/1185) regret=0.046969 ape=0.5641
[22:41:58] regretChangePotential 61% (724/1185) regret=0.046969 ape=0.5641
[22:41:58] regretChangePotential 61% (725/1185) regret=0.046946 ape=0.5631
[22:41:59] regretChangePotential 61% (726/1185) regret=0.046946 ape=0.5631
[22:41:59] regretChangePotential 61% (727/1185) regret=0.046946 ape=0.5631
[22:41:59] regretChangePotential 61% (728/1185) regret=0.046978 ape=0.5631
[22:41:59] regretChangePotential 61% (729/1185) regret=0.046978 ape=0.5631
[22:41:59] regretChangePotential 61% (730/1185) regret=0.046978 ape=0.5631
[22:41:59] regretChangePotential 61% (731/1185) regret=0.046905 ape=0.5631
[22:41:59] regretChangePotential 61% (732/1185) regret=0.046983 ape=0.5631
[22:42:00] regretChangePotential 61% (733/1185) regret=0.046983 ape=0.5631
[22:42:00] regretChangePotential 61% (734/1185) regret=0.046983 ape=0.5631
[22:42:00] regretChangePotential 62% (735/1185) regret=0.046983 ape=0.5631
[22:42:00] regretChangePotential 62% (736/1185) regret=0.046983 ape=0.5631
[22:42:00] regretChangePotential 62% (737/1185) regret=0.046983 ape=0.5631
[22:42:00] regretChangePotential 62% (738/1185) regret=0.046983 ape=0.5631
[22:42:00] regretChangePotential 62% (739/1185) regret=0.047117 ape=0.5631
[22:42:01] regretChangePotential 62% (740/1185) regret=0.047024 ape=0.5631
[22:42:01] regretChangePotential 62% (741/1185) regret=0.046969 ape=0.5631
[22:42:01] regretChangePotential 62% (742/1185) regret=0.046969 ape=0.5631
[22:42:01] regretChangePotential 62% (743/1185) regret=0.046969 ape=0.5631
[22:42:01] regretChangePotential 62% (744/1185) regret=0.046969 ape=0.5631
[22:42:01] regretChangePotential 62% (745/1185) regret=0.046739 ape=0.5622
[22:42:01] regretChangePotential 62% (746/1185) regret=0.046752 ape=0.5622
[22:42:02] regretChangePotential 63% (747/1185) regret=0.046752 ape=0.5622
[22:42:02] regretChangePotential 63% (748/1185) regret=0.046733 ape=0.5622
[22:42:02] regretChangePotential 63% (749/1185) regret=0.046733 ape=0.5622
[22:42:02] regretChangePotential 63% (750/1185) regret=0.046364 ape=0.5613
[22:42:02] regretChangePotential 63% (751/1185) regret=0.046524 ape=0.5622
[22:42:02] regretChangePotential 63% (752/1185) regret=0.046524 ape=0.5622
[22:42:03] regretChangePotential 63% (753/1185) regret=0.046851 ape=0.5622
[22:42:03] regretChangePotential 63% (754/1185) regret=0.046906 ape=0.5631
[22:42:03] regretChangePotential 63% (755/1185) regret=0.046519 ape=0.5622
[22:42:03] regretChangePotential 63% (756/1185) regret=0.046524 ape=0.5622
[22:42:03] regretChangePotential 63% (757/1185) regret=0.046413 ape=0.5622
[22:42:03] regretChangePotential 63% (758/1185) regret=0.046413 ape=0.5622
[22:42:03] regretChangePotential 64% (759/1185) regret=0.046330 ape=0.5613
[22:42:03] regretChangePotential 64% (760/1185) regret=0.046330 ape=0.5613
[22:42:04] regretChangePotential 64% (761/1185) regret=0.046367 ape=0.5613
[22:42:04] regretChangePotential 64% (762/1185) regret=0.046275 ape=0.5613
[22:42:04] regretChangePotential 64% (763/1185) regret=0.046275 ape=0.5613
[22:42:04] regretChangePotential 64% (764/1185) regret=0.046302 ape=0.5604
[22:42:04] regretChangePotential 64% (765/1185) regret=0.046302 ape=0.5604
[22:42:04] regretChangePotential 64% (766/1185) regret=0.046302 ape=0.5604
[22:42:05] regretChangePotential 64% (767/1185) regret=0.046302 ape=0.5604
[22:42:05] regretChangePotential 64% (768/1185) regret=0.046302 ape=0.5604
[22:42:05] regretChangePotential 64% (769/1185) regret=0.045812 ape=0.5604
[22:42:05] regretChangePotential 64% (770/1185) regret=0.046056 ape=0.5604
[22:42:05] regretChangePotential 65% (771/1185) regret=0.046056 ape=0.5604
[22:42:05] regretChangePotential 65% (772/1185) regret=0.045967 ape=0.5594
[22:42:05] regretChangePotential 65% (773/1185) regret=0.045967 ape=0.5594
[22:42:06] regretChangePotential 65% (774/1185) regret=0.045923 ape=0.5604
[22:42:06] regretChangePotential 65% (775/1185) regret=0.045766 ape=0.5594
[22:42:06] regretChangePotential 65% (776/1185) regret=0.045805 ape=0.5594
[22:42:06] regretChangePotential 65% (777/1185) regret=0.045805 ape=0.5594
[22:42:06] regretChangePotential 65% (778/1185) regret=0.045805 ape=0.5594
[22:42:06] regretChangePotential 65% (779/1185) regret=0.045478 ape=0.5585
[22:42:06] regretChangePotential 65% (780/1185) regret=0.045727 ape=0.5594
[22:42:07] regretChangePotential 65% (781/1185) regret=0.045727 ape=0.5594
[22:42:07] regretChangePotential 65% (782/1185) regret=0.045586 ape=0.5594
[22:42:07] regretChangePotential 66% (783/1185) regret=0.045749 ape=0.5594
[22:42:07] regretChangePotential 66% (784/1185) regret=0.045749 ape=0.5594
[22:42:07] regretChangePotential 66% (785/1185) regret=0.045749 ape=0.5594
[22:42:07] regretChangePotential 66% (786/1185) regret=0.045749 ape=0.5594
[22:42:07] regretChangePotential 66% (787/1185) regret=0.045658 ape=0.5576
[22:42:08] regretChangePotential 66% (788/1185) regret=0.045593 ape=0.5567
[22:42:08] regretChangePotential 66% (789/1185) regret=0.045593 ape=0.5567
[22:42:08] regretChangePotential 66% (790/1185) regret=0.046011 ape=0.5576
[22:42:08] regretChangePotential 66% (791/1185) regret=0.045606 ape=0.5567
[22:42:08] regretChangePotential 66% (792/1185) regret=0.045548 ape=0.5558
[22:42:08] regretChangePotential 66% (793/1185) regret=0.045548 ape=0.5558
[22:42:08] regretChangePotential 67% (794/1185) regret=0.045502 ape=0.5548
[22:42:09] regretChangePotential 67% (795/1185) regret=0.045643 ape=0.5567
[22:42:09] regretChangePotential 67% (796/1185) regret=0.045402 ape=0.5548
[22:42:09] regretChangePotential 67% (797/1185) regret=0.045218 ape=0.5539
[22:42:09] regretChangePotential 67% (798/1185) regret=0.045292 ape=0.5548
[22:42:09] regretChangePotential 67% (799/1185) regret=0.045261 ape=0.5548
[22:42:09] regretChangePotential 67% (800/1185) regret=0.045341 ape=0.5548
[22:42:09] regretChangePotential 67% (801/1185) regret=0.045296 ape=0.5548
[22:42:10] regretChangePotential 67% (802/1185) regret=0.045268 ape=0.5539
[22:42:10] regretChangePotential 67% (803/1185) regret=0.045259 ape=0.5539
[22:42:10] regretChangePotential 67% (804/1185) regret=0.045204 ape=0.5530
[22:42:10] regretChangePotential 67% (805/1185) regret=0.045038 ape=0.5530
[22:42:10] regretChangePotential 68% (806/1185) regret=0.045050 ape=0.5530
[22:42:10] regretChangePotential 68% (807/1185) regret=0.045050 ape=0.5530
[22:42:10] regretChangePotential 68% (808/1185) regret=0.045050 ape=0.5530
[22:42:11] regretChangePotential 68% (809/1185) regret=0.045022 ape=0.5530
[22:42:11] regretChangePotential 68% (810/1185) regret=0.045003 ape=0.5530
[22:42:11] regretChangePotential 68% (811/1185) regret=0.044902 ape=0.5521
[22:42:11] regretChangePotential 68% (812/1185) regret=0.044902 ape=0.5521
[22:42:11] regretChangePotential 68% (813/1185) regret=0.044980 ape=0.5521
[22:42:11] regretChangePotential 68% (814/1185) regret=0.044902 ape=0.5521
[22:42:11] regretChangePotential 68% (815/1185) regret=0.045011 ape=0.5521
[22:42:12] regretChangePotential 68% (816/1185) regret=0.044946 ape=0.5512
[22:42:12] regretChangePotential 68% (817/1185) regret=0.044836 ape=0.5502
[22:42:12] regretChangePotential 69% (818/1185) regret=0.044827 ape=0.5493
[22:42:12] regretChangePotential 69% (819/1185) regret=0.044587 ape=0.5493
[22:42:12] regretChangePotential 69% (820/1185) regret=0.044587 ape=0.5493
[22:42:12] regretChangePotential 69% (821/1185) regret=0.044415 ape=0.5493
[22:42:13] regretChangePotential 69% (822/1185) regret=0.044763 ape=0.5493
[22:42:13] regretChangePotential 69% (823/1185) regret=0.044352 ape=0.5493
[22:42:13] regretChangePotential 69% (824/1185) regret=0.044264 ape=0.5493
[22:42:13] regretChangePotential 69% (825/1185) regret=0.044157 ape=0.5484
[22:42:13] regretChangePotential 69% (826/1185) regret=0.044157 ape=0.5484
[22:42:13] regretChangePotential 69% (827/1185) regret=0.044157 ape=0.5484
[22:42:13] regretChangePotential 69% (828/1185) regret=0.044157 ape=0.5484
[22:42:14] regretChangePotential 69% (829/1185) regret=0.044157 ape=0.5484
[22:42:14] regretChangePotential 70% (830/1185) regret=0.044157 ape=0.5484
[22:42:14] regretChangePotential 70% (831/1185) regret=0.044157 ape=0.5484
[22:42:14] regretChangePotential 70% (832/1185) regret=0.044157 ape=0.5484
[22:42:14] regretChangePotential 70% (833/1185) regret=0.044157 ape=0.5484
[22:42:14] regretChangePotential 70% (834/1185) regret=0.044157 ape=0.5484
[22:42:14] regretChangePotential 70% (835/1185) regret=0.044157 ape=0.5484
[22:42:15] regretChangePotential 70% (836/1185) regret=0.044157 ape=0.5484
[22:42:15] regretChangePotential 70% (837/1185) regret=0.044157 ape=0.5484
[22:42:15] regretChangePotential 70% (838/1185) regret=0.044157 ape=0.5484
[22:42:15] regretChangePotential 70% (839/1185) regret=0.044157 ape=0.5484
[22:42:15] regretChangePotential 70% (840/1185) regret=0.044157 ape=0.5484
[22:42:15] regretChangePotential 70% (841/1185) regret=0.044157 ape=0.5484
[22:42:15] regretChangePotential 71% (842/1185) regret=0.044157 ape=0.5484
[22:42:16] regretChangePotential 71% (843/1185) regret=0.044157 ape=0.5484
[22:42:16] regretChangePotential 71% (844/1185) regret=0.044157 ape=0.5484
[22:42:16] regretChangePotential 71% (845/1185) regret=0.044157 ape=0.5484
[22:42:16] regretChangePotential 71% (846/1185) regret=0.044157 ape=0.5484
[22:42:16] regretChangePotential 71% (847/1185) regret=0.044157 ape=0.5484
[22:42:16] regretChangePotential 71% (848/1185) regret=0.044157 ape=0.5484
[22:42:16] regretChangePotential 71% (849/1185) regret=0.044157 ape=0.5484
[22:42:17] regretChangePotential 71% (850/1185) regret=0.044157 ape=0.5484
[22:42:17] regretChangePotential 71% (851/1185) regret=0.044157 ape=0.5484
[22:42:17] regretChangePotential 71% (852/1185) regret=0.044157 ape=0.5484
[22:42:17] regretChangePotential 71% (853/1185) regret=0.044157 ape=0.5484
[22:42:17] regretChangePotential 72% (854/1185) regret=0.044157 ape=0.5484
[22:42:17] regretChangePotential 72% (855/1185) regret=0.044157 ape=0.5484
[22:42:17] regretChangePotential 72% (856/1185) regret=0.044157 ape=0.5484
[22:42:18] regretChangePotential 72% (857/1185) regret=0.044325 ape=0.5465
[22:42:18] regretChangePotential 72% (858/1185) regret=0.044265 ape=0.5475
[22:42:18] regretChangePotential 72% (859/1185) regret=0.044035 ape=0.5465
[22:42:18] regretChangePotential 72% (860/1185) regret=0.044035 ape=0.5465
[22:42:18] regretChangePotential 72% (861/1185) regret=0.044035 ape=0.5465
[22:42:18] regretChangePotential 72% (862/1185) regret=0.044035 ape=0.5465
[22:42:18] regretChangePotential 72% (863/1185) regret=0.044035 ape=0.5465
[22:42:19] regretChangePotential 72% (864/1185) regret=0.044035 ape=0.5465
[22:42:19] regretChangePotential 72% (865/1185) regret=0.044035 ape=0.5465
[22:42:19] regretChangePotential 73% (866/1185) regret=0.044035 ape=0.5465
[22:42:19] regretChangePotential 73% (867/1185) regret=0.044035 ape=0.5465
[22:42:19] regretChangePotential 73% (868/1185) regret=0.044035 ape=0.5465
[22:42:19] regretChangePotential 73% (869/1185) regret=0.044035 ape=0.5465
[22:42:19] regretChangePotential 73% (870/1185) regret=0.044035 ape=0.5465
[22:42:20] regretChangePotential 73% (871/1185) regret=0.044035 ape=0.5465
[22:42:20] regretChangePotential 73% (872/1185) regret=0.044035 ape=0.5465
[22:42:20] regretChangePotential 73% (873/1185) regret=0.044035 ape=0.5465
[22:42:20] regretChangePotential 73% (874/1185) regret=0.044035 ape=0.5465
[22:42:20] regretChangePotential 73% (875/1185) regret=0.044035 ape=0.5465
[22:42:20] regretChangePotential 73% (876/1185) regret=0.044035 ape=0.5465
[22:42:20] regretChangePotential 74% (877/1185) regret=0.044035 ape=0.5465
[22:42:20] regretChangePotential 74% (878/1185) regret=0.044035 ape=0.5465
[22:42:21] regretChangePotential 74% (879/1185) regret=0.044035 ape=0.5465
[22:42:21] regretChangePotential 74% (880/1185) regret=0.044035 ape=0.5465
[22:42:21] regretChangePotential 74% (881/1185) regret=0.044035 ape=0.5465
[22:42:21] regretChangePotential 74% (882/1185) regret=0.044035 ape=0.5465
[22:42:21] regretChangePotential 74% (883/1185) regret=0.044035 ape=0.5465
[22:42:21] regretChangePotential 74% (884/1185) regret=0.044035 ape=0.5465
[22:42:21] regretChangePotential 74% (885/1185) regret=0.044035 ape=0.5465
[22:42:22] regretChangePotential 74% (886/1185) regret=0.044035 ape=0.5465
[22:42:22] regretChangePotential 74% (887/1185) regret=0.044035 ape=0.5465
[22:42:22] regretChangePotential 74% (888/1185) regret=0.044035 ape=0.5465
[22:42:22] regretChangePotential 75% (889/1185) regret=0.044035 ape=0.5465
[22:42:22] regretChangePotential 75% (890/1185) regret=0.044035 ape=0.5465
[22:42:22] regretChangePotential 75% (891/1185) regret=0.044035 ape=0.5465
[22:42:22] regretChangePotential 75% (892/1185) regret=0.044035 ape=0.5465
[22:42:23] regretChangePotential 75% (893/1185) regret=0.044035 ape=0.5465
[22:42:23] regretChangePotential 75% (894/1185) regret=0.044035 ape=0.5465
[22:42:23] regretChangePotential 75% (895/1185) regret=0.044035 ape=0.5465
[22:42:23] regretChangePotential 75% (896/1185) regret=0.044035 ape=0.5465
[22:42:23] regretChangePotential 75% (897/1185) regret=0.044035 ape=0.5465
[22:42:23] regretChangePotential 75% (898/1185) regret=0.044035 ape=0.5465
[22:42:23] regretChangePotential 75% (899/1185) regret=0.044035 ape=0.5465
[22:42:24] regretChangePotential 75% (900/1185) regret=0.044035 ape=0.5465
[22:42:24] regretChangePotential 76% (901/1185) regret=0.044035 ape=0.5465
[22:42:24] regretChangePotential 76% (902/1185) regret=0.044040 ape=0.5465
[22:42:24] regretChangePotential 76% (903/1185) regret=0.044040 ape=0.5465
[22:42:24] regretChangePotential 76% (904/1185) regret=0.044040 ape=0.5465
[22:42:24] regretChangePotential 76% (905/1185) regret=0.044040 ape=0.5465
[22:42:24] regretChangePotential 76% (906/1185) regret=0.044040 ape=0.5465
[22:42:24] regretChangePotential 76% (907/1185) regret=0.044040 ape=0.5465
[22:42:25] regretChangePotential 76% (908/1185) regret=0.044040 ape=0.5465
[22:42:25] regretChangePotential 76% (909/1185) regret=0.043860 ape=0.5465
[22:42:25] regretChangePotential 76% (910/1185) regret=0.043860 ape=0.5465
[22:42:25] regretChangePotential 76% (911/1185) regret=0.043860 ape=0.5465
[22:42:25] regretChangePotential 76% (912/1185) regret=0.043860 ape=0.5465
[22:42:25] regretChangePotential 77% (913/1185) regret=0.043860 ape=0.5465
[22:42:25] regretChangePotential 77% (914/1185) regret=0.043860 ape=0.5465
[22:42:26] regretChangePotential 77% (915/1185) regret=0.043860 ape=0.5465
[22:42:26] regretChangePotential 77% (916/1185) regret=0.043860 ape=0.5465
[22:42:26] regretChangePotential 77% (917/1185) regret=0.043860 ape=0.5465
[22:42:26] regretChangePotential 77% (918/1185) regret=0.043860 ape=0.5465
[22:42:26] regretChangePotential 77% (919/1185) regret=0.044095 ape=0.5475
[22:42:26] regretChangePotential 77% (920/1185) regret=0.044095 ape=0.5475
[22:42:27] regretChangePotential 77% (921/1185) regret=0.043854 ape=0.5465
[22:42:27] regretChangePotential 77% (922/1185) regret=0.043854 ape=0.5465
[22:42:27] regretChangePotential 77% (923/1185) regret=0.043854 ape=0.5465
[22:42:27] regretChangePotential 77% (924/1185) regret=0.043686 ape=0.5465
[22:42:27] regretChangePotential 78% (925/1185) regret=0.043715 ape=0.5475
[22:42:27] regretChangePotential 78% (926/1185) regret=0.043715 ape=0.5475
[22:42:27] regretChangePotential 78% (927/1185) regret=0.043715 ape=0.5475
[22:42:28] regretChangePotential 78% (928/1185) regret=0.043715 ape=0.5475
[22:42:28] regretChangePotential 78% (929/1185) regret=0.043715 ape=0.5475
[22:42:28] regretChangePotential 78% (930/1185) regret=0.043331 ape=0.5465
[22:42:28] regretChangePotential 78% (931/1185) regret=0.043363 ape=0.5475
[22:42:28] regretChangePotential 78% (932/1185) regret=0.043363 ape=0.5475
[22:42:28] regretChangePotential 78% (933/1185) regret=0.043171 ape=0.5465
[22:42:28] regretChangePotential 78% (934/1185) regret=0.043171 ape=0.5465
[22:42:29] regretChangePotential 78% (935/1185) regret=0.043171 ape=0.5465
[22:42:29] regretChangePotential 78% (936/1185) regret=0.042517 ape=0.5465
[22:42:29] regretChangePotential 79% (937/1185) regret=0.042545 ape=0.5475
[22:42:29] regretChangePotential 79% (938/1185) regret=0.042709 ape=0.5475
[22:42:29] regretChangePotential 79% (939/1185) regret=0.042488 ape=0.5465
[22:42:29] regretChangePotential 79% (940/1185) regret=0.042737 ape=0.5465
[22:42:29] regretChangePotential 79% (941/1185) regret=0.042737 ape=0.5465
[22:42:30] regretChangePotential 79% (942/1185) regret=0.042737 ape=0.5465
[22:42:30] regretChangePotential 79% (943/1185) regret=0.042488 ape=0.5456
[22:42:30] regretChangePotential 79% (944/1185) regret=0.042554 ape=0.5456
[22:42:30] regretChangePotential 79% (945/1185) regret=0.042554 ape=0.5456
[22:42:30] regretChangePotential 79% (946/1185) regret=0.042554 ape=0.5456
[22:42:30] regretChangePotential 79% (947/1185) regret=0.042572 ape=0.5456
[22:42:30] regretChangePotential 80% (948/1185) regret=0.042554 ape=0.5456
[22:42:31] regretChangePotential 80% (949/1185) regret=0.042201 ape=0.5456
[22:42:31] regretChangePotential 80% (950/1185) regret=0.042158 ape=0.5456
[22:42:31] regretChangePotential 80% (951/1185) regret=0.042075 ape=0.5456
[22:42:31] regretChangePotential 80% (952/1185) regret=0.042199 ape=0.5456
[22:42:31] regretChangePotential 80% (953/1185) regret=0.041853 ape=0.5447
[22:42:31] regretChangePotential 80% (954/1185) regret=0.041853 ape=0.5447
[22:42:31] regretChangePotential 80% (955/1185) regret=0.041397 ape=0.5438
[22:42:32] regretChangePotential 80% (956/1185) regret=0.041243 ape=0.5438
[22:42:32] regretChangePotential 80% (957/1185) regret=0.041095 ape=0.5429
[22:42:32] regretChangePotential 80% (958/1185) regret=0.041095 ape=0.5429
[22:42:32] regretChangePotential 80% (959/1185) regret=0.041095 ape=0.5429
[22:42:32] regretChangePotential 81% (960/1185) regret=0.041046 ape=0.5429
[22:42:32] regretChangePotential 81% (961/1185) regret=0.041046 ape=0.5429
[22:42:32] regretChangePotential 81% (962/1185) regret=0.041046 ape=0.5429
[22:42:33] regretChangePotential 81% (963/1185) regret=0.041046 ape=0.5429
[22:42:33] regretChangePotential 81% (964/1185) regret=0.041078 ape=0.5429
[22:42:33] regretChangePotential 81% (965/1185) regret=0.041046 ape=0.5429
[22:42:33] regretChangePotential 81% (966/1185) regret=0.041046 ape=0.5429
[22:42:33] regretChangePotential 81% (967/1185) regret=0.041046 ape=0.5429
[22:42:33] regretChangePotential 81% (968/1185) regret=0.041046 ape=0.5429
[22:42:33] regretChangePotential 81% (969/1185) regret=0.040875 ape=0.5419
[22:42:34] regretChangePotential 81% (970/1185) regret=0.040718 ape=0.5419
[22:42:34] regretChangePotential 81% (971/1185) regret=0.040718 ape=0.5419
[22:42:34] regretChangePotential 82% (972/1185) regret=0.040718 ape=0.5419
[22:42:34] regretChangePotential 82% (973/1185) regret=0.040769 ape=0.5429
[22:42:34] regretChangePotential 82% (974/1185) regret=0.040802 ape=0.5429
[22:42:34] regretChangePotential 82% (975/1185) regret=0.040802 ape=0.5429
[22:42:34] regretChangePotential 82% (976/1185) regret=0.040802 ape=0.5429
[22:42:35] regretChangePotential 82% (977/1185) regret=0.040996 ape=0.5419
[22:42:35] regretChangePotential 82% (978/1185) regret=0.040563 ape=0.5419
[22:42:35] regretChangePotential 82% (979/1185) regret=0.040563 ape=0.5419
[22:42:35] regretChangePotential 82% (980/1185) regret=0.040337 ape=0.5410
[22:42:35] regretChangePotential 82% (981/1185) regret=0.040337 ape=0.5410
[22:42:35] regretChangePotential 82% (982/1185) regret=0.040337 ape=0.5410
[22:42:35] regretChangePotential 82% (983/1185) regret=0.040337 ape=0.5410
[22:42:36] regretChangePotential 83% (984/1185) regret=0.040337 ape=0.5410
[22:42:36] regretChangePotential 83% (985/1185) regret=0.040337 ape=0.5410
[22:42:36] regretChangePotential 83% (986/1185) regret=0.040337 ape=0.5410
[22:42:36] regretChangePotential 83% (987/1185) regret=0.040337 ape=0.5410
[22:42:36] regretChangePotential 83% (988/1185) regret=0.040337 ape=0.5410
[22:42:36] regretChangePotential 83% (989/1185) regret=0.040337 ape=0.5410
[22:42:36] regretChangePotential 83% (990/1185) regret=0.040337 ape=0.5410
[22:42:37] regretChangePotential 83% (991/1185) regret=0.040337 ape=0.5410
[22:42:37] regretChangePotential 83% (992/1185) regret=0.040337 ape=0.5410
[22:42:37] regretChangePotential 83% (993/1185) regret=0.040337 ape=0.5410
[22:42:37] regretChangePotential 83% (994/1185) regret=0.040337 ape=0.5410
[22:42:37] regretChangePotential 83% (995/1185) regret=0.040337 ape=0.5410
[22:42:37] regretChangePotential 84% (996/1185) regret=0.040337 ape=0.5410
[22:42:37] regretChangePotential 84% (997/1185) regret=0.040337 ape=0.5410
[22:42:38] regretChangePotential 84% (998/1185) regret=0.040337 ape=0.5410
[22:42:38] regretChangePotential 84% (999/1185) regret=0.040337 ape=0.5410
[22:42:38] regretChangePotential 84% (1000/1185) regret=0.040337 ape=0.5410
[22:42:38] regretChangePotential 84% (1001/1185) regret=0.040337 ape=0.5410
[22:42:38] regretChangePotential 84% (1002/1185) regret=0.040337 ape=0.5410
[22:42:38] regretChangePotential 84% (1003/1185) regret=0.040337 ape=0.5410
[22:42:38] regretChangePotential 84% (1004/1185) regret=0.040337 ape=0.5410
[22:42:39] regretChangePotential 84% (1005/1185) regret=0.040337 ape=0.5410
[22:42:39] regretChangePotential 84% (1006/1185) regret=0.040337 ape=0.5410
[22:42:39] regretChangePotential 84% (1007/1185) regret=0.040217 ape=0.5410
[22:42:39] regretChangePotential 85% (1008/1185) regret=0.040217 ape=0.5410
[22:42:39] regretChangePotential 85% (1009/1185) regret=0.040070 ape=0.5410
[22:42:39] regretChangePotential 85% (1010/1185) regret=0.040027 ape=0.5401
[22:42:39] regretChangePotential 85% (1011/1185) regret=0.040073 ape=0.5401
[22:42:40] regretChangePotential 85% (1012/1185) regret=0.040027 ape=0.5401
[22:42:40] regretChangePotential 85% (1013/1185) regret=0.040183 ape=0.5410
[22:42:40] regretChangePotential 85% (1014/1185) regret=0.040027 ape=0.5401
[22:42:40] regretChangePotential 85% (1015/1185) regret=0.040027 ape=0.5401
[22:42:40] regretChangePotential 85% (1016/1185) regret=0.040027 ape=0.5401
[22:42:40] regretChangePotential 85% (1017/1185) regret=0.039962 ape=0.5401
[22:42:40] regretChangePotential 85% (1018/1185) regret=0.039916 ape=0.5401
[22:42:41] regretChangePotential 85% (1019/1185) regret=0.040266 ape=0.5401
[22:42:41] regretChangePotential 86% (1020/1185) regret=0.039925 ape=0.5392
[22:42:41] regretChangePotential 86% (1021/1185) regret=0.040395 ape=0.5382
[22:42:41] regretChangePotential 86% (1022/1185) regret=0.039750 ape=0.5373
[22:42:41] regretChangePotential 86% (1023/1185) regret=0.039612 ape=0.5364
[22:42:41] regretChangePotential 86% (1024/1185) regret=0.039750 ape=0.5373
[22:42:41] regretChangePotential 86% (1025/1185) regret=0.039944 ape=0.5373
[22:42:42] regretChangePotential 86% (1026/1185) regret=0.039944 ape=0.5373
[22:42:42] regretChangePotential 86% (1027/1185) regret=0.039835 ape=0.5373
[22:42:42] regretChangePotential 86% (1028/1185) regret=0.039835 ape=0.5373
[22:42:42] regretChangePotential 86% (1029/1185) regret=0.039810 ape=0.5373
[22:42:42] regretChangePotential 86% (1030/1185) regret=0.039776 ape=0.5373
[22:42:42] regretChangePotential 87% (1031/1185) regret=0.039824 ape=0.5373
[22:42:42] regretChangePotential 87% (1032/1185) regret=0.039807 ape=0.5373
[22:42:43] regretChangePotential 87% (1033/1185) regret=0.039807 ape=0.5373
[22:42:43] regretChangePotential 87% (1034/1185) regret=0.039695 ape=0.5364
[22:42:43] regretChangePotential 87% (1035/1185) regret=0.039695 ape=0.5364
[22:42:43] regretChangePotential 87% (1036/1185) regret=0.039695 ape=0.5364
[22:42:43] regretChangePotential 87% (1037/1185) regret=0.039695 ape=0.5364
[22:42:43] regretChangePotential 87% (1038/1185) regret=0.039716 ape=0.5373
[22:42:43] regretChangePotential 87% (1039/1185) regret=0.039569 ape=0.5373
[22:42:44] regretChangePotential 87% (1040/1185) regret=0.039615 ape=0.5373
[22:42:44] regretChangePotential 87% (1041/1185) regret=0.039562 ape=0.5373
[22:42:44] regretChangePotential 87% (1042/1185) regret=0.039577 ape=0.5382
[22:42:44] regretChangePotential 88% (1043/1185) regret=0.039577 ape=0.5382
[22:42:44] regretChangePotential 88% (1044/1185) regret=0.039716 ape=0.5392
[22:42:44] regretChangePotential 88% (1045/1185) regret=0.039799 ape=0.5392
[22:42:44] regretChangePotential 88% (1046/1185) regret=0.039799 ape=0.5392
[22:42:45] regretChangePotential 88% (1047/1185) regret=0.039799 ape=0.5392
[22:42:45] regretChangePotential 88% (1048/1185) regret=0.040014 ape=0.5392
[22:42:45] regretChangePotential 88% (1049/1185) regret=0.040345 ape=0.5401
[22:42:45] regretChangePotential 88% (1050/1185) regret=0.040014 ape=0.5392
[22:42:45] regretChangePotential 88% (1051/1185) regret=0.039756 ape=0.5382
[22:42:45] regretChangePotential 88% (1052/1185) regret=0.039834 ape=0.5382
[22:42:45] regretChangePotential 88% (1053/1185) regret=0.039756 ape=0.5382
[22:42:46] regretChangePotential 88% (1054/1185) regret=0.039756 ape=0.5382
[22:42:46] regretChangePotential 89% (1055/1185) regret=0.039756 ape=0.5382
[22:42:46] regretChangePotential 89% (1056/1185) regret=0.039756 ape=0.5382
[22:42:46] regretChangePotential 89% (1057/1185) regret=0.039756 ape=0.5382
[22:42:46] regretChangePotential 89% (1058/1185) regret=0.039663 ape=0.5373
[22:42:46] regretChangePotential 89% (1059/1185) regret=0.039612 ape=0.5364
[22:42:46] regretChangePotential 89% (1060/1185) regret=0.039612 ape=0.5364
[22:42:47] regretChangePotential 89% (1061/1185) regret=0.039612 ape=0.5364
[22:42:47] regretChangePotential 89% (1062/1185) regret=0.039612 ape=0.5364
[22:42:47] regretChangePotential 89% (1063/1185) regret=0.039612 ape=0.5364
[22:42:47] regretChangePotential 89% (1064/1185) regret=0.039962 ape=0.5373
[22:42:47] regretChangePotential 89% (1065/1185) regret=0.039667 ape=0.5373
[22:42:47] regretChangePotential 89% (1066/1185) regret=0.039667 ape=0.5373
[22:42:47] regretChangePotential 90% (1067/1185) regret=0.039667 ape=0.5373
[22:42:48] regretChangePotential 90% (1068/1185) regret=0.039676 ape=0.5373
[22:42:48] regretChangePotential 90% (1069/1185) regret=0.039676 ape=0.5373
[22:42:48] regretChangePotential 90% (1070/1185) regret=0.039676 ape=0.5373
[22:42:48] regretChangePotential 90% (1071/1185) regret=0.039676 ape=0.5373
[22:42:48] regretChangePotential 90% (1072/1185) regret=0.039083 ape=0.5364
[22:42:48] regretChangePotential 90% (1073/1185) regret=0.039083 ape=0.5364
[22:42:48] regretChangePotential 90% (1074/1185) regret=0.039083 ape=0.5364
[22:42:49] regretChangePotential 90% (1075/1185) regret=0.038859 ape=0.5355
[22:42:49] regretChangePotential 90% (1076/1185) regret=0.038827 ape=0.5346
[22:42:49] regretChangePotential 90% (1077/1185) regret=0.038827 ape=0.5346
[22:42:49] regretChangePotential 90% (1078/1185) regret=0.038827 ape=0.5346
[22:42:49] regretChangePotential 91% (1079/1185) regret=0.038827 ape=0.5346
[22:42:49] regretChangePotential 91% (1080/1185) regret=0.038827 ape=0.5346
[22:42:49] regretChangePotential 91% (1081/1185) regret=0.038647 ape=0.5346
[22:42:50] regretChangePotential 91% (1082/1185) regret=0.038647 ape=0.5346
[22:42:50] regretChangePotential 91% (1083/1185) regret=0.038647 ape=0.5346
[22:42:50] regretChangePotential 91% (1084/1185) regret=0.038647 ape=0.5346
[22:42:50] regretChangePotential 91% (1085/1185) regret=0.038678 ape=0.5346
[22:42:50] regretChangePotential 91% (1086/1185) regret=0.038678 ape=0.5346
[22:42:50] regretChangePotential 91% (1087/1185) regret=0.038678 ape=0.5346
[22:42:50] regretChangePotential 91% (1088/1185) regret=0.038678 ape=0.5346
[22:42:51] regretChangePotential 91% (1089/1185) regret=0.038678 ape=0.5346
[22:42:51] regretChangePotential 91% (1090/1185) regret=0.038678 ape=0.5346
[22:42:51] regretChangePotential 92% (1091/1185) regret=0.038678 ape=0.5346
[22:42:51] regretChangePotential 92% (1092/1185) regret=0.038678 ape=0.5346
[22:42:51] regretChangePotential 92% (1093/1185) regret=0.038678 ape=0.5346
[22:42:51] regretChangePotential 92% (1094/1185) regret=0.038678 ape=0.5346
[22:42:51] regretChangePotential 92% (1095/1185) regret=0.038438 ape=0.5336
[22:42:52] regretChangePotential 92% (1096/1185) regret=0.038438 ape=0.5336
[22:42:52] regretChangePotential 92% (1097/1185) regret=0.038438 ape=0.5336
[22:42:52] regretChangePotential 92% (1098/1185) regret=0.038438 ape=0.5336
[22:42:52] regretChangePotential 92% (1099/1185) regret=0.038438 ape=0.5336
[22:42:52] regretChangePotential 92% (1100/1185) regret=0.038503 ape=0.5336
[22:42:52] regretChangePotential 92% (1101/1185) regret=0.038503 ape=0.5336
[22:42:52] regretChangePotential 92% (1102/1185) regret=0.038471 ape=0.5336
[22:42:53] regretChangePotential 93% (1103/1185) regret=0.038471 ape=0.5336
[22:42:53] regretChangePotential 93% (1104/1185) regret=0.038143 ape=0.5336
[22:42:53] regretChangePotential 93% (1105/1185) regret=0.037830 ape=0.5327
[22:42:53] regretChangePotential 93% (1106/1185) regret=0.037830 ape=0.5327
[22:42:53] regretChangePotential 93% (1107/1185) regret=0.037830 ape=0.5327
[22:42:53] regretChangePotential 93% (1108/1185) regret=0.037830 ape=0.5327
[22:42:53] regretChangePotential 93% (1109/1185) regret=0.037830 ape=0.5327
[22:42:54] regretChangePotential 93% (1110/1185) regret=0.037830 ape=0.5327
[22:42:54] regretChangePotential 93% (1111/1185) regret=0.037830 ape=0.5327
[22:42:54] regretChangePotential 93% (1112/1185) regret=0.037813 ape=0.5327
[22:42:54] regretChangePotential 93% (1113/1185) regret=0.037813 ape=0.5327
[22:42:54] regretChangePotential 94% (1114/1185) regret=0.037813 ape=0.5327
[22:42:54] regretChangePotential 94% (1115/1185) regret=0.037813 ape=0.5327
[22:42:54] regretChangePotential 94% (1116/1185) regret=0.037824 ape=0.5327
[22:42:54] regretChangePotential 94% (1117/1185) regret=0.037824 ape=0.5327
[22:42:55] regretChangePotential 94% (1118/1185) regret=0.038108 ape=0.5318
[22:42:55] regretChangePotential 94% (1119/1185) regret=0.038108 ape=0.5318
[22:42:55] regretChangePotential 94% (1120/1185) regret=0.037647 ape=0.5309
[22:42:55] regretChangePotential 94% (1121/1185) regret=0.037592 ape=0.5300
[22:42:55] regretChangePotential 94% (1122/1185) regret=0.037592 ape=0.5300
[22:42:55] regretChangePotential 94% (1123/1185) regret=0.037574 ape=0.5300
[22:42:55] regretChangePotential 94% (1124/1185) regret=0.037592 ape=0.5300
[22:42:56] regretChangePotential 94% (1125/1185) regret=0.037523 ape=0.5300
[22:42:56] regretChangePotential 95% (1126/1185) regret=0.037523 ape=0.5300
[22:42:56] regretChangePotential 95% (1127/1185) regret=0.037523 ape=0.5300
[22:42:56] regretChangePotential 95% (1128/1185) regret=0.037523 ape=0.5300
[22:42:56] regretChangePotential 95% (1129/1185) regret=0.037523 ape=0.5300
[22:42:56] regretChangePotential 95% (1130/1185) regret=0.037523 ape=0.5300
[22:42:56] regretChangePotential 95% (1131/1185) regret=0.037523 ape=0.5300
[22:42:57] regretChangePotential 95% (1132/1185) regret=0.037523 ape=0.5300
[22:42:57] regretChangePotential 95% (1133/1185) regret=0.037523 ape=0.5300
[22:42:57] regretChangePotential 95% (1134/1185) regret=0.037523 ape=0.5300
[22:42:57] regretChangePotential 95% (1135/1185) regret=0.037523 ape=0.5300
[22:42:57] regretChangePotential 95% (1136/1185) regret=0.037602 ape=0.5300
[22:42:57] regretChangePotential 95% (1137/1185) regret=0.037479 ape=0.5300
[22:42:57] regretChangePotential 96% (1138/1185) regret=0.037462 ape=0.5300
[22:42:58] regretChangePotential 96% (1139/1185) regret=0.037462 ape=0.5300
[22:42:58] regretChangePotential 96% (1140/1185) regret=0.037481 ape=0.5300
[22:42:58] regretChangePotential 96% (1141/1185) regret=0.037379 ape=0.5300
[22:42:58] regretChangePotential 96% (1142/1185) regret=0.037402 ape=0.5300
[22:42:58] regretChangePotential 96% (1143/1185) regret=0.037181 ape=0.5281
[22:42:58] regretChangePotential 96% (1144/1185) regret=0.037380 ape=0.5281
[22:42:58] regretChangePotential 96% (1145/1185) regret=0.037294 ape=0.5281
[22:42:59] regretChangePotential 96% (1146/1185) regret=0.037562 ape=0.5281
[22:42:59] regretChangePotential 96% (1147/1185) regret=0.037707 ape=0.5290
[22:42:59] regretChangePotential 96% (1148/1185) regret=0.037707 ape=0.5290
[22:42:59] regretChangePotential 96% (1149/1185) regret=0.037633 ape=0.5281
[22:42:59] regretChangePotential 97% (1150/1185) regret=0.037541 ape=0.5281
[22:42:59] regretChangePotential 97% (1151/1185) regret=0.037661 ape=0.5281
[22:42:59] regretChangePotential 97% (1152/1185) regret=0.037633 ape=0.5272
[22:43:00] regretChangePotential 97% (1153/1185) regret=0.037702 ape=0.5272
[22:43:00] regretChangePotential 97% (1154/1185) regret=0.037659 ape=0.5272
[22:43:00] regretChangePotential 97% (1155/1185) regret=0.037595 ape=0.5263
[22:43:00] regretChangePotential 97% (1156/1185) regret=0.037595 ape=0.5263
[22:43:00] regretChangePotential 97% (1157/1185) regret=0.037595 ape=0.5263
[22:43:00] regretChangePotential 97% (1158/1185) regret=0.037595 ape=0.5263
[22:43:00] regretChangePotential 97% (1159/1185) regret=0.037595 ape=0.5263
[22:43:01] regretChangePotential 97% (1160/1185) regret=0.037595 ape=0.5263
[22:43:01] regretChangePotential 97% (1161/1185) regret=0.037604 ape=0.5263
[22:43:01] regretChangePotential 98% (1162/1185) regret=0.037419 ape=0.5253
[22:43:01] regretChangePotential 98% (1163/1185) regret=0.037419 ape=0.5253
[22:43:01] regretChangePotential 98% (1164/1185) regret=0.037102 ape=0.5253
[22:43:01] regretChangePotential 98% (1165/1185) regret=0.037102 ape=0.5253
[22:43:01] regretChangePotential 98% (1166/1185) regret=0.037249 ape=0.5263
[22:43:02] regretChangePotential 98% (1167/1185) regret=0.037249 ape=0.5263
[22:43:02] regretChangePotential 98% (1168/1185) regret=0.037263 ape=0.5263
[22:43:02] regretChangePotential 98% (1169/1185) regret=0.037327 ape=0.5272
[22:43:02] regretChangePotential 98% (1170/1185) regret=0.037263 ape=0.5263
[22:43:02] regretChangePotential 98% (1171/1185) regret=0.036945 ape=0.5263
[22:43:02] regretChangePotential 98% (1172/1185) regret=0.037258 ape=0.5263
[22:43:02] regretChangePotential 98% (1173/1185) regret=0.037258 ape=0.5263
[22:43:03] regretChangePotential 99% (1174/1185) regret=0.037258 ape=0.5263
[22:43:03] regretChangePotential 99% (1175/1185) regret=0.037258 ape=0.5263
[22:43:03] regretChangePotential 99% (1176/1185) regret=0.037240 ape=0.5263
[22:43:03] regretChangePotential 99% (1177/1185) regret=0.037244 ape=0.5263
[22:43:03] regretChangePotential 99% (1178/1185) regret=0.037277 ape=0.5263
[22:43:03] regretChangePotential 99% (1179/1185) regret=0.037277 ape=0.5263
[22:43:03] regretChangePotential 99% (1180/1185) regret=0.037277 ape=0.5263
[22:43:04] regretChangePotential 99% (1181/1185) regret=0.037277 ape=0.5263
[22:43:04] regretChangePotential 99% (1182/1185) regret=0.037277 ape=0.5263
[22:43:04] regretChangePotential 99% (1183/1185) regret=0.037277 ape=0.5263
[22:43:04] regretChangePotential 99% (1184/1185) regret=0.037277 ape=0.5263
Baseline finished: 1185 points, 170.22s
  Final: regret=0.037277, ape=0.5263

Saved: /home/users/g/s/gsavary/LudiiMCTSVariations/slurm_sweep_full_dataset/output_fractional/baseline/seed_2/sweep_fractional_baseline_2_20260426_224304.json

Generating plots...
Saved: /home/users/g/s/gsavary/LudiiMCTSVariations/slurm_sweep_full_dataset/output_fractional/baseline/seed_2/sweep_fractional_baseline_2_20260426_224304_regret.png
Saved: /home/users/g/s/gsavary/LudiiMCTSVariations/slurm_sweep_full_dataset/output_fractional/baseline/seed_2/sweep_fractional_baseline_2_20260426_224304_ape.png

================================================================================
Experiment complete!
================================================================================
Done. Results in: /home/users/g/s/gsavary/LudiiMCTSVariations/slurm_sweep_full_dataset/output_fractional/baseline/seed_2
