============================================================
Fractional warm start experiment
Method: baseline
Seed:   1
Output: /home/users/g/s/gsavary/LudiiMCTSVariations/slurm_sweep_full_dataset/output_fractional/baseline/seed_1
============================================================

================================================================================
SLURM Sweep Experiment - Single Fractional Sample Warm Start
================================================================================
Method:          baseline
Time limit:      3600.0s
Seed:            1
Batch size:      20
Output dir:      /home/users/g/s/gsavary/LudiiMCTSVariations/slurm_sweep_full_dataset/output_fractional/baseline/seed_1

Loading Ludii dataset...
Loaded 1085 games
Using 1085 games (full dataset)

Running timing probe (100 pulls)...
  Estimated secs/pull: 0.021759

Time budget: 3600.0s → ~165448 total pulls
Per-method budget: 23635 pulls (~514.3s)

Computing predictor-only performance...
  Predictions loaded: 23675 agent predictions
  Predictor-only: regret=0.104318, ape=0.4894

Running BASELINE (cold start)...
[22:40:13] regretChangePotential 0% (1/1182) regret=0.147464 ape=0.7161
[22:40:13] regretChangePotential 0% (2/1182) regret=0.147552 ape=0.7171
[22:40:14] regretChangePotential 0% (3/1182) regret=0.147244 ape=0.7171
[22:40:14] regretChangePotential 0% (4/1182) regret=0.146971 ape=0.7171
[22:40:14] regretChangePotential 0% (5/1182) regret=0.145706 ape=0.7180
[22:40:14] regretChangePotential 0% (6/1182) regret=0.145189 ape=0.7180
[22:40:14] regretChangePotential 0% (7/1182) regret=0.144373 ape=0.7180
[22:40:14] regretChangePotential 0% (8/1182) regret=0.143364 ape=0.7161
[22:40:14] regretChangePotential 0% (9/1182) regret=0.141982 ape=0.7134
[22:40:15] regretChangePotential 0% (10/1182) regret=0.142031 ape=0.7134
[22:40:15] regretChangePotential 0% (11/1182) regret=0.142016 ape=0.7134
[22:40:15] regretChangePotential 1% (12/1182) regret=0.140934 ape=0.7124
[22:40:15] regretChangePotential 1% (13/1182) regret=0.140934 ape=0.7124
[22:40:15] regretChangePotential 1% (14/1182) regret=0.140847 ape=0.7124
[22:40:15] regretChangePotential 1% (15/1182) regret=0.140787 ape=0.7124
[22:40:15] regretChangePotential 1% (16/1182) regret=0.140009 ape=0.7124
[22:40:16] regretChangePotential 1% (17/1182) regret=0.140046 ape=0.7115
[22:40:16] regretChangePotential 1% (18/1182) regret=0.140581 ape=0.7115
[22:40:16] regretChangePotential 1% (19/1182) regret=0.139595 ape=0.7097
[22:40:16] regretChangePotential 1% (20/1182) regret=0.138678 ape=0.7078
[22:40:16] regretChangePotential 1% (21/1182) regret=0.138741 ape=0.7088
[22:40:16] regretChangePotential 1% (22/1182) regret=0.137741 ape=0.7088
[22:40:16] regretChangePotential 1% (23/1182) regret=0.137764 ape=0.7088
[22:40:17] regretChangePotential 2% (24/1182) regret=0.137861 ape=0.7088
[22:40:17] regretChangePotential 2% (25/1182) regret=0.137373 ape=0.7078
[22:40:17] regretChangePotential 2% (26/1182) regret=0.136350 ape=0.7069
[22:40:17] regretChangePotential 2% (27/1182) regret=0.136700 ape=0.7069
[22:40:17] regretChangePotential 2% (28/1182) regret=0.136631 ape=0.7069
[22:40:17] regretChangePotential 2% (29/1182) regret=0.136631 ape=0.7069
[22:40:17] regretChangePotential 2% (30/1182) regret=0.135810 ape=0.7069
[22:40:18] regretChangePotential 2% (31/1182) regret=0.135184 ape=0.7060
[22:40:18] regretChangePotential 2% (32/1182) regret=0.134912 ape=0.7060
[22:40:18] regretChangePotential 2% (33/1182) regret=0.134912 ape=0.7060
[22:40:18] regretChangePotential 2% (34/1182) regret=0.134931 ape=0.7060
[22:40:18] regretChangePotential 2% (35/1182) regret=0.134912 ape=0.7060
[22:40:18] regretChangePotential 3% (36/1182) regret=0.135091 ape=0.7060
[22:40:18] regretChangePotential 3% (37/1182) regret=0.134222 ape=0.7060
[22:40:19] regretChangePotential 3% (38/1182) regret=0.133771 ape=0.7051
[22:40:19] regretChangePotential 3% (39/1182) regret=0.133771 ape=0.7051
[22:40:19] regretChangePotential 3% (40/1182) regret=0.132751 ape=0.7032
[22:40:19] regretChangePotential 3% (41/1182) regret=0.132700 ape=0.7032
[22:40:19] regretChangePotential 3% (42/1182) regret=0.132700 ape=0.7032
[22:40:19] regretChangePotential 3% (43/1182) regret=0.132700 ape=0.7032
[22:40:19] regretChangePotential 3% (44/1182) regret=0.132700 ape=0.7032
[22:40:20] regretChangePotential 3% (45/1182) regret=0.131686 ape=0.7023
[22:40:20] regretChangePotential 3% (46/1182) regret=0.131686 ape=0.7023
[22:40:20] regretChangePotential 3% (47/1182) regret=0.130156 ape=0.7005
[22:40:20] regretChangePotential 4% (48/1182) regret=0.129686 ape=0.7005
[22:40:20] regretChangePotential 4% (49/1182) regret=0.129686 ape=0.7005
[22:40:20] regretChangePotential 4% (50/1182) regret=0.129378 ape=0.6995
[22:40:20] regretChangePotential 4% (51/1182) regret=0.127504 ape=0.6986
[22:40:21] regretChangePotential 4% (52/1182) regret=0.126730 ape=0.6977
[22:40:21] regretChangePotential 4% (53/1182) regret=0.125748 ape=0.6959
[22:40:21] regretChangePotential 4% (54/1182) regret=0.125748 ape=0.6959
[22:40:21] regretChangePotential 4% (55/1182) regret=0.125621 ape=0.6959
[22:40:21] regretChangePotential 4% (56/1182) regret=0.124833 ape=0.6959
[22:40:21] regretChangePotential 4% (57/1182) regret=0.124714 ape=0.6949
[22:40:21] regretChangePotential 4% (58/1182) regret=0.124714 ape=0.6949
[22:40:22] regretChangePotential 4% (59/1182) regret=0.124593 ape=0.6959
[22:40:22] regretChangePotential 5% (60/1182) regret=0.124721 ape=0.6968
[22:40:22] regretChangePotential 5% (61/1182) regret=0.124730 ape=0.6968
[22:40:22] regretChangePotential 5% (62/1182) regret=0.124743 ape=0.6968
[22:40:22] regretChangePotential 5% (63/1182) regret=0.124730 ape=0.6968
[22:40:22] regretChangePotential 5% (64/1182) regret=0.124458 ape=0.6959
[22:40:22] regretChangePotential 5% (65/1182) regret=0.124430 ape=0.6959
[22:40:23] regretChangePotential 5% (66/1182) regret=0.124540 ape=0.6959
[22:40:23] regretChangePotential 5% (67/1182) regret=0.124157 ape=0.6959
[22:40:23] regretChangePotential 5% (68/1182) regret=0.124157 ape=0.6959
[22:40:23] regretChangePotential 5% (69/1182) regret=0.122788 ape=0.6959
[22:40:23] regretChangePotential 5% (70/1182) regret=0.121848 ape=0.6949
[22:40:23] regretChangePotential 6% (71/1182) regret=0.121733 ape=0.6949
[22:40:23] regretChangePotential 6% (72/1182) regret=0.120705 ape=0.6931
[22:40:24] regretChangePotential 6% (73/1182) regret=0.118730 ape=0.6922
[22:40:24] regretChangePotential 6% (74/1182) regret=0.117848 ape=0.6912
[22:40:24] regretChangePotential 6% (75/1182) regret=0.115401 ape=0.6894
[22:40:24] regretChangePotential 6% (76/1182) regret=0.115401 ape=0.6894
[22:40:24] regretChangePotential 6% (77/1182) regret=0.115401 ape=0.6894
[22:40:24] regretChangePotential 6% (78/1182) regret=0.114737 ape=0.6885
[22:40:24] regretChangePotential 6% (79/1182) regret=0.113966 ape=0.6885
[22:40:25] regretChangePotential 6% (80/1182) regret=0.113118 ape=0.6866
[22:40:25] regretChangePotential 6% (81/1182) regret=0.113038 ape=0.6848
[22:40:25] regretChangePotential 6% (82/1182) regret=0.112379 ape=0.6848
[22:40:25] regretChangePotential 7% (83/1182) regret=0.111393 ape=0.6829
[22:40:25] regretChangePotential 7% (84/1182) regret=0.111470 ape=0.6839
[22:40:25] regretChangePotential 7% (85/1182) regret=0.111258 ape=0.6839
[22:40:25] regretChangePotential 7% (86/1182) regret=0.111488 ape=0.6839
[22:40:26] regretChangePotential 7% (87/1182) regret=0.110948 ape=0.6829
[22:40:26] regretChangePotential 7% (88/1182) regret=0.109888 ape=0.6820
[22:40:26] regretChangePotential 7% (89/1182) regret=0.109423 ape=0.6802
[22:40:26] regretChangePotential 7% (90/1182) regret=0.109423 ape=0.6802
[22:40:26] regretChangePotential 7% (91/1182) regret=0.109248 ape=0.6793
[22:40:26] regretChangePotential 7% (92/1182) regret=0.109423 ape=0.6802
[22:40:26] regretChangePotential 7% (93/1182) regret=0.109423 ape=0.6802
[22:40:27] regretChangePotential 7% (94/1182) regret=0.107916 ape=0.6793
[22:40:27] regretChangePotential 8% (95/1182) regret=0.107876 ape=0.6793
[22:40:27] regretChangePotential 8% (96/1182) regret=0.106976 ape=0.6774
[22:40:27] regretChangePotential 8% (97/1182) regret=0.106673 ape=0.6765
[22:40:27] regretChangePotential 8% (98/1182) regret=0.106158 ape=0.6756
[22:40:27] regretChangePotential 8% (99/1182) regret=0.106278 ape=0.6756
[22:40:27] regretChangePotential 8% (100/1182) regret=0.105658 ape=0.6737
[22:40:28] regretChangePotential 8% (101/1182) regret=0.105639 ape=0.6737
[22:40:28] regretChangePotential 8% (102/1182) regret=0.105639 ape=0.6737
[22:40:28] regretChangePotential 8% (103/1182) regret=0.104641 ape=0.6728
[22:40:28] regretChangePotential 8% (104/1182) regret=0.104585 ape=0.6737
[22:40:28] regretChangePotential 8% (105/1182) regret=0.103642 ape=0.6719
[22:40:28] regretChangePotential 8% (106/1182) regret=0.103601 ape=0.6728
[22:40:28] regretChangePotential 9% (107/1182) regret=0.103154 ape=0.6728
[22:40:29] regretChangePotential 9% (108/1182) regret=0.102184 ape=0.6728
[22:40:29] regretChangePotential 9% (109/1182) regret=0.101783 ape=0.6728
[22:40:29] regretChangePotential 9% (110/1182) regret=0.101082 ape=0.6719
[22:40:29] regretChangePotential 9% (111/1182) regret=0.099946 ape=0.6700
[22:40:29] regretChangePotential 9% (112/1182) regret=0.099872 ape=0.6700
[22:40:29] regretChangePotential 9% (113/1182) regret=0.099863 ape=0.6700
[22:40:29] regretChangePotential 9% (114/1182) regret=0.099863 ape=0.6700
[22:40:30] regretChangePotential 9% (115/1182) regret=0.099943 ape=0.6700
[22:40:30] regretChangePotential 9% (116/1182) regret=0.098860 ape=0.6673
[22:40:30] regretChangePotential 9% (117/1182) regret=0.098293 ape=0.6664
[22:40:30] regretChangePotential 9% (118/1182) regret=0.096638 ape=0.6645
[22:40:30] regretChangePotential 10% (119/1182) regret=0.095887 ape=0.6636
[22:40:30] regretChangePotential 10% (120/1182) regret=0.095887 ape=0.6636
[22:40:30] regretChangePotential 10% (121/1182) regret=0.095560 ape=0.6627
[22:40:31] regretChangePotential 10% (122/1182) regret=0.094497 ape=0.6618
[22:40:31] regretChangePotential 10% (123/1182) regret=0.093746 ape=0.6599
[22:40:31] regretChangePotential 10% (124/1182) regret=0.093746 ape=0.6599
[22:40:31] regretChangePotential 10% (125/1182) regret=0.093210 ape=0.6590
[22:40:31] regretChangePotential 10% (126/1182) regret=0.092998 ape=0.6590
[22:40:31] regretChangePotential 10% (127/1182) regret=0.092915 ape=0.6581
[22:40:31] regretChangePotential 10% (128/1182) regret=0.092288 ape=0.6562
[22:40:32] regretChangePotential 10% (129/1182) regret=0.092223 ape=0.6553
[22:40:32] regretChangePotential 10% (130/1182) regret=0.092055 ape=0.6544
[22:40:32] regretChangePotential 11% (131/1182) regret=0.091539 ape=0.6535
[22:40:32] regretChangePotential 11% (132/1182) regret=0.091105 ape=0.6525
[22:40:32] regretChangePotential 11% (133/1182) regret=0.090893 ape=0.6516
[22:40:32] regretChangePotential 11% (134/1182) regret=0.090191 ape=0.6507
[22:40:32] regretChangePotential 11% (135/1182) regret=0.090112 ape=0.6507
[22:40:33] regretChangePotential 11% (136/1182) regret=0.089598 ape=0.6498
[22:40:33] regretChangePotential 11% (137/1182) regret=0.089103 ape=0.6507
[22:40:33] regretChangePotential 11% (138/1182) regret=0.088658 ape=0.6498
[22:40:33] regretChangePotential 11% (139/1182) regret=0.088455 ape=0.6498
[22:40:33] regretChangePotential 11% (140/1182) regret=0.088223 ape=0.6498
[22:40:33] regretChangePotential 11% (141/1182) regret=0.088256 ape=0.6498
[22:40:33] regretChangePotential 12% (142/1182) regret=0.088733 ape=0.6498
[22:40:34] regretChangePotential 12% (143/1182) regret=0.088541 ape=0.6488
[22:40:34] regretChangePotential 12% (144/1182) regret=0.088394 ape=0.6488
[22:40:34] regretChangePotential 12% (145/1182) regret=0.087743 ape=0.6470
[22:40:34] regretChangePotential 12% (146/1182) regret=0.087808 ape=0.6479
[22:40:34] regretChangePotential 12% (147/1182) regret=0.087411 ape=0.6479
[22:40:34] regretChangePotential 12% (148/1182) regret=0.086362 ape=0.6452
[22:40:34] regretChangePotential 12% (149/1182) regret=0.086468 ape=0.6442
[22:40:35] regretChangePotential 12% (150/1182) regret=0.086017 ape=0.6433
[22:40:35] regretChangePotential 12% (151/1182) regret=0.085164 ape=0.6415
[22:40:35] regretChangePotential 12% (152/1182) regret=0.085164 ape=0.6415
[22:40:35] regretChangePotential 12% (153/1182) regret=0.085164 ape=0.6415
[22:40:35] regretChangePotential 13% (154/1182) regret=0.085155 ape=0.6406
[22:40:35] regretChangePotential 13% (155/1182) regret=0.084307 ape=0.6387
[22:40:35] regretChangePotential 13% (156/1182) regret=0.084183 ape=0.6396
[22:40:36] regretChangePotential 13% (157/1182) regret=0.084210 ape=0.6396
[22:40:36] regretChangePotential 13% (158/1182) regret=0.083359 ape=0.6396
[22:40:36] regretChangePotential 13% (159/1182) regret=0.083359 ape=0.6396
[22:40:36] regretChangePotential 13% (160/1182) regret=0.082981 ape=0.6387
[22:40:36] regretChangePotential 13% (161/1182) regret=0.082751 ape=0.6387
[22:40:36] regretChangePotential 13% (162/1182) regret=0.082798 ape=0.6387
[22:40:36] regretChangePotential 13% (163/1182) regret=0.082658 ape=0.6378
[22:40:37] regretChangePotential 13% (164/1182) regret=0.081652 ape=0.6359
[22:40:37] regretChangePotential 13% (165/1182) regret=0.081566 ape=0.6369
[22:40:37] regretChangePotential 14% (166/1182) regret=0.080971 ape=0.6350
[22:40:37] regretChangePotential 14% (167/1182) regret=0.081219 ape=0.6341
[22:40:37] regretChangePotential 14% (168/1182) regret=0.080805 ape=0.6341
[22:40:37] regretChangePotential 14% (169/1182) regret=0.079938 ape=0.6323
[22:40:37] regretChangePotential 14% (170/1182) regret=0.079652 ape=0.6313
[22:40:38] regretChangePotential 14% (171/1182) regret=0.079187 ape=0.6295
[22:40:38] regretChangePotential 14% (172/1182) regret=0.078726 ape=0.6295
[22:40:38] regretChangePotential 14% (173/1182) regret=0.078726 ape=0.6295
[22:40:38] regretChangePotential 14% (174/1182) regret=0.078665 ape=0.6295
[22:40:38] regretChangePotential 14% (175/1182) regret=0.078692 ape=0.6286
[22:40:38] regretChangePotential 14% (176/1182) regret=0.078582 ape=0.6286
[22:40:38] regretChangePotential 14% (177/1182) regret=0.077792 ape=0.6286
[22:40:39] regretChangePotential 15% (178/1182) regret=0.077706 ape=0.6286
[22:40:39] regretChangePotential 15% (179/1182) regret=0.076849 ape=0.6267
[22:40:39] regretChangePotential 15% (180/1182) regret=0.076847 ape=0.6258
[22:40:39] regretChangePotential 15% (181/1182) regret=0.076531 ape=0.6249
[22:40:39] regretChangePotential 15% (182/1182) regret=0.076321 ape=0.6240
[22:40:39] regretChangePotential 15% (183/1182) regret=0.076266 ape=0.6240
[22:40:39] regretChangePotential 15% (184/1182) regret=0.076006 ape=0.6240
[22:40:40] regretChangePotential 15% (185/1182) regret=0.076017 ape=0.6249
[22:40:40] regretChangePotential 15% (186/1182) regret=0.075649 ape=0.6230
[22:40:40] regretChangePotential 15% (187/1182) regret=0.075584 ape=0.6230
[22:40:40] regretChangePotential 15% (188/1182) regret=0.074815 ape=0.6221
[22:40:40] regretChangePotential 15% (189/1182) regret=0.074293 ape=0.6203
[22:40:40] regretChangePotential 16% (190/1182) regret=0.073630 ape=0.6194
[22:40:40] regretChangePotential 16% (191/1182) regret=0.072980 ape=0.6184
[22:40:41] regretChangePotential 16% (192/1182) regret=0.072980 ape=0.6184
[22:40:41] regretChangePotential 16% (193/1182) regret=0.072980 ape=0.6184
[22:40:41] regretChangePotential 16% (194/1182) regret=0.072980 ape=0.6184
[22:40:41] regretChangePotential 16% (195/1182) regret=0.072980 ape=0.6184
[22:40:41] regretChangePotential 16% (196/1182) regret=0.072980 ape=0.6184
[22:40:41] regretChangePotential 16% (197/1182) regret=0.072934 ape=0.6184
[22:40:41] regretChangePotential 16% (198/1182) regret=0.072934 ape=0.6184
[22:40:42] regretChangePotential 16% (199/1182) regret=0.072809 ape=0.6175
[22:40:42] regretChangePotential 16% (200/1182) regret=0.072809 ape=0.6175
[22:40:42] regretChangePotential 17% (201/1182) regret=0.072809 ape=0.6175
[22:40:42] regretChangePotential 17% (202/1182) regret=0.072809 ape=0.6175
[22:40:42] regretChangePotential 17% (203/1182) regret=0.072809 ape=0.6175
[22:40:42] regretChangePotential 17% (204/1182) regret=0.072809 ape=0.6175
[22:40:42] regretChangePotential 17% (205/1182) regret=0.072809 ape=0.6175
[22:40:43] regretChangePotential 17% (206/1182) regret=0.072782 ape=0.6166
[22:40:43] regretChangePotential 17% (207/1182) regret=0.072782 ape=0.6166
[22:40:43] regretChangePotential 17% (208/1182) regret=0.072782 ape=0.6166
[22:40:43] regretChangePotential 17% (209/1182) regret=0.072727 ape=0.6166
[22:40:43] regretChangePotential 17% (210/1182) regret=0.072727 ape=0.6166
[22:40:43] regretChangePotential 17% (211/1182) regret=0.072727 ape=0.6166
[22:40:43] regretChangePotential 17% (212/1182) regret=0.072727 ape=0.6166
[22:40:44] regretChangePotential 18% (213/1182) regret=0.072727 ape=0.6166
[22:40:44] regretChangePotential 18% (214/1182) regret=0.072727 ape=0.6166
[22:40:44] regretChangePotential 18% (215/1182) regret=0.072727 ape=0.6166
[22:40:44] regretChangePotential 18% (216/1182) regret=0.072727 ape=0.6166
[22:40:44] regretChangePotential 18% (217/1182) regret=0.072727 ape=0.6166
[22:40:44] regretChangePotential 18% (218/1182) regret=0.072727 ape=0.6166
[22:40:44] regretChangePotential 18% (219/1182) regret=0.072727 ape=0.6166
[22:40:45] regretChangePotential 18% (220/1182) regret=0.072727 ape=0.6166
[22:40:45] regretChangePotential 18% (221/1182) regret=0.072727 ape=0.6166
[22:40:45] regretChangePotential 18% (222/1182) regret=0.072727 ape=0.6166
[22:40:45] regretChangePotential 18% (223/1182) regret=0.072727 ape=0.6166
[22:40:45] regretChangePotential 18% (224/1182) regret=0.072727 ape=0.6166
[22:40:45] regretChangePotential 19% (225/1182) regret=0.072727 ape=0.6166
[22:40:45] regretChangePotential 19% (226/1182) regret=0.072727 ape=0.6166
[22:40:46] regretChangePotential 19% (227/1182) regret=0.072731 ape=0.6175
[22:40:46] regretChangePotential 19% (228/1182) regret=0.072731 ape=0.6175
[22:40:46] regretChangePotential 19% (229/1182) regret=0.072731 ape=0.6175
[22:40:46] regretChangePotential 19% (230/1182) regret=0.072731 ape=0.6175
[22:40:46] regretChangePotential 19% (231/1182) regret=0.072602 ape=0.6157
[22:40:46] regretChangePotential 19% (232/1182) regret=0.072441 ape=0.6138
[22:40:46] regretChangePotential 19% (233/1182) regret=0.072429 ape=0.6129
[22:40:47] regretChangePotential 19% (234/1182) regret=0.072429 ape=0.6129
[22:40:47] regretChangePotential 19% (235/1182) regret=0.072429 ape=0.6129
[22:40:47] regretChangePotential 19% (236/1182) regret=0.072429 ape=0.6129
[22:40:47] regretChangePotential 20% (237/1182) regret=0.072429 ape=0.6129
[22:40:47] regretChangePotential 20% (238/1182) regret=0.072429 ape=0.6129
[22:40:47] regretChangePotential 20% (239/1182) regret=0.072429 ape=0.6129
[22:40:47] regretChangePotential 20% (240/1182) regret=0.072429 ape=0.6129
[22:40:48] regretChangePotential 20% (241/1182) regret=0.072429 ape=0.6129
[22:40:48] regretChangePotential 20% (242/1182) regret=0.072360 ape=0.6120
[22:40:48] regretChangePotential 20% (243/1182) regret=0.072360 ape=0.6120
[22:40:48] regretChangePotential 20% (244/1182) regret=0.072360 ape=0.6120
[22:40:48] regretChangePotential 20% (245/1182) regret=0.072360 ape=0.6120
[22:40:48] regretChangePotential 20% (246/1182) regret=0.072360 ape=0.6120
[22:40:48] regretChangePotential 20% (247/1182) regret=0.072360 ape=0.6120
[22:40:49] regretChangePotential 20% (248/1182) regret=0.072258 ape=0.6120
[22:40:49] regretChangePotential 21% (249/1182) regret=0.072258 ape=0.6120
[22:40:49] regretChangePotential 21% (250/1182) regret=0.072258 ape=0.6120
[22:40:49] regretChangePotential 21% (251/1182) regret=0.072245 ape=0.6120
[22:40:49] regretChangePotential 21% (252/1182) regret=0.072245 ape=0.6120
[22:40:49] regretChangePotential 21% (253/1182) regret=0.072245 ape=0.6120
[22:40:49] regretChangePotential 21% (254/1182) regret=0.072245 ape=0.6120
[22:40:50] regretChangePotential 21% (255/1182) regret=0.072245 ape=0.6120
[22:40:50] regretChangePotential 21% (256/1182) regret=0.072245 ape=0.6120
[22:40:50] regretChangePotential 21% (257/1182) regret=0.072245 ape=0.6120
[22:40:50] regretChangePotential 21% (258/1182) regret=0.072245 ape=0.6120
[22:40:50] regretChangePotential 21% (259/1182) regret=0.072245 ape=0.6120
[22:40:50] regretChangePotential 21% (260/1182) regret=0.072240 ape=0.6120
[22:40:50] regretChangePotential 22% (261/1182) regret=0.072240 ape=0.6120
[22:40:51] regretChangePotential 22% (262/1182) regret=0.072240 ape=0.6120
[22:40:51] regretChangePotential 22% (263/1182) regret=0.072240 ape=0.6120
[22:40:51] regretChangePotential 22% (264/1182) regret=0.072240 ape=0.6120
[22:40:51] regretChangePotential 22% (265/1182) regret=0.072240 ape=0.6120
[22:40:51] regretChangePotential 22% (266/1182) regret=0.072240 ape=0.6120
[22:40:51] regretChangePotential 22% (267/1182) regret=0.072240 ape=0.6120
[22:40:51] regretChangePotential 22% (268/1182) regret=0.071908 ape=0.6111
[22:40:52] regretChangePotential 22% (269/1182) regret=0.071994 ape=0.6120
[22:40:52] regretChangePotential 22% (270/1182) regret=0.071851 ape=0.6111
[22:40:52] regretChangePotential 22% (271/1182) regret=0.071421 ape=0.6101
[22:40:52] regretChangePotential 23% (272/1182) regret=0.071393 ape=0.6101
[22:40:52] regretChangePotential 23% (273/1182) regret=0.071389 ape=0.6101
[22:40:52] regretChangePotential 23% (274/1182) regret=0.071425 ape=0.6101
[22:40:52] regretChangePotential 23% (275/1182) regret=0.071158 ape=0.6101
[22:40:53] regretChangePotential 23% (276/1182) regret=0.070753 ape=0.6092
[22:40:53] regretChangePotential 23% (277/1182) regret=0.070507 ape=0.6092
[22:40:53] regretChangePotential 23% (278/1182) regret=0.070530 ape=0.6092
[22:40:53] regretChangePotential 23% (279/1182) regret=0.070229 ape=0.6074
[22:40:53] regretChangePotential 23% (280/1182) regret=0.070050 ape=0.6074
[22:40:53] regretChangePotential 23% (281/1182) regret=0.070077 ape=0.6074
[22:40:53] regretChangePotential 23% (282/1182) regret=0.070004 ape=0.6074
[22:40:54] regretChangePotential 23% (283/1182) regret=0.069964 ape=0.6065
[22:40:54] regretChangePotential 24% (284/1182) regret=0.070037 ape=0.6065
[22:40:54] regretChangePotential 24% (285/1182) regret=0.069982 ape=0.6065
[22:40:54] regretChangePotential 24% (286/1182) regret=0.070162 ape=0.6074
[22:40:54] regretChangePotential 24% (287/1182) regret=0.069975 ape=0.6065
[22:40:54] regretChangePotential 24% (288/1182) regret=0.069965 ape=0.6074
[22:40:54] regretChangePotential 24% (289/1182) regret=0.069753 ape=0.6055
[22:40:55] regretChangePotential 24% (290/1182) regret=0.069151 ape=0.6055
[22:40:55] regretChangePotential 24% (291/1182) regret=0.069151 ape=0.6055
[22:40:55] regretChangePotential 24% (292/1182) regret=0.069207 ape=0.6055
[22:40:55] regretChangePotential 24% (293/1182) regret=0.069191 ape=0.6055
[22:40:55] regretChangePotential 24% (294/1182) regret=0.069191 ape=0.6055
[22:40:55] regretChangePotential 24% (295/1182) regret=0.068927 ape=0.6046
[22:40:55] regretChangePotential 25% (296/1182) regret=0.068952 ape=0.6055
[22:40:56] regretChangePotential 25% (297/1182) regret=0.068620 ape=0.6037
[22:40:56] regretChangePotential 25% (298/1182) regret=0.068146 ape=0.6018
[22:40:56] regretChangePotential 25% (299/1182) regret=0.068146 ape=0.6018
[22:40:56] regretChangePotential 25% (300/1182) regret=0.067993 ape=0.6000
[22:40:56] regretChangePotential 25% (301/1182) regret=0.067877 ape=0.6000
[22:40:56] regretChangePotential 25% (302/1182) regret=0.067292 ape=0.6000
[22:40:56] regretChangePotential 25% (303/1182) regret=0.066877 ape=0.5982
[22:40:57] regretChangePotential 25% (304/1182) regret=0.066793 ape=0.5982
[22:40:57] regretChangePotential 25% (305/1182) regret=0.066401 ape=0.5972
[22:40:57] regretChangePotential 25% (306/1182) regret=0.066521 ape=0.5982
[22:40:57] regretChangePotential 25% (307/1182) regret=0.066076 ape=0.5972
[22:40:57] regretChangePotential 26% (308/1182) regret=0.065993 ape=0.5972
[22:40:57] regretChangePotential 26% (309/1182) regret=0.065896 ape=0.5972
[22:40:57] regretChangePotential 26% (310/1182) regret=0.065401 ape=0.5972
[22:40:58] regretChangePotential 26% (311/1182) regret=0.065480 ape=0.5972
[22:40:58] regretChangePotential 26% (312/1182) regret=0.065308 ape=0.5972
[22:40:58] regretChangePotential 26% (313/1182) regret=0.065308 ape=0.5972
[22:40:58] regretChangePotential 26% (314/1182) regret=0.065372 ape=0.5963
[22:40:58] regretChangePotential 26% (315/1182) regret=0.065372 ape=0.5963
[22:40:58] regretChangePotential 26% (316/1182) regret=0.065406 ape=0.5963
[22:40:58] regretChangePotential 26% (317/1182) regret=0.065406 ape=0.5963
[22:40:59] regretChangePotential 26% (318/1182) regret=0.065236 ape=0.5954
[22:40:59] regretChangePotential 26% (319/1182) regret=0.065100 ape=0.5954
[22:40:59] regretChangePotential 27% (320/1182) regret=0.065035 ape=0.5954
[22:40:59] regretChangePotential 27% (321/1182) regret=0.064865 ape=0.5954
[22:40:59] regretChangePotential 27% (322/1182) regret=0.065035 ape=0.5954
[22:40:59] regretChangePotential 27% (323/1182) regret=0.065035 ape=0.5954
[22:40:59] regretChangePotential 27% (324/1182) regret=0.065436 ape=0.5954
[22:41:00] regretChangePotential 27% (325/1182) regret=0.065510 ape=0.5963
[22:41:00] regretChangePotential 27% (326/1182) regret=0.065567 ape=0.5963
[22:41:00] regretChangePotential 27% (327/1182) regret=0.065558 ape=0.5954
[22:41:00] regretChangePotential 27% (328/1182) regret=0.065558 ape=0.5954
[22:41:00] regretChangePotential 27% (329/1182) regret=0.065715 ape=0.5954
[22:41:00] regretChangePotential 27% (330/1182) regret=0.065730 ape=0.5954
[22:41:00] regretChangePotential 28% (331/1182) regret=0.065713 ape=0.5954
[22:41:01] regretChangePotential 28% (332/1182) regret=0.065655 ape=0.5963
[22:41:01] regretChangePotential 28% (333/1182) regret=0.065581 ape=0.5963
[22:41:01] regretChangePotential 28% (334/1182) regret=0.065360 ape=0.5963
[22:41:01] regretChangePotential 28% (335/1182) regret=0.065414 ape=0.5963
[22:41:01] regretChangePotential 28% (336/1182) regret=0.065414 ape=0.5963
[22:41:01] regretChangePotential 28% (337/1182) regret=0.065414 ape=0.5963
[22:41:02] regretChangePotential 28% (338/1182) regret=0.065391 ape=0.5963
[22:41:02] regretChangePotential 28% (339/1182) regret=0.065900 ape=0.5972
[22:41:02] regretChangePotential 28% (340/1182) regret=0.065877 ape=0.5972
[22:41:02] regretChangePotential 28% (341/1182) regret=0.065349 ape=0.5963
[22:41:02] regretChangePotential 28% (342/1182) regret=0.065214 ape=0.5963
[22:41:02] regretChangePotential 29% (343/1182) regret=0.065195 ape=0.5972
[22:41:02] regretChangePotential 29% (344/1182) regret=0.065233 ape=0.5982
[22:41:03] regretChangePotential 29% (345/1182) regret=0.065233 ape=0.5982
[22:41:03] regretChangePotential 29% (346/1182) regret=0.065203 ape=0.5982
[22:41:03] regretChangePotential 29% (347/1182) regret=0.065124 ape=0.5982
[22:41:03] regretChangePotential 29% (348/1182) regret=0.064866 ape=0.5972
[22:41:03] regretChangePotential 29% (349/1182) regret=0.065101 ape=0.5982
[22:41:03] regretChangePotential 29% (350/1182) regret=0.065110 ape=0.5991
[22:41:03] regretChangePotential 29% (351/1182) regret=0.064917 ape=0.5982
[22:41:04] regretChangePotential 29% (352/1182) regret=0.064751 ape=0.5982
[22:41:04] regretChangePotential 29% (353/1182) regret=0.064631 ape=0.5982
[22:41:04] regretChangePotential 29% (354/1182) regret=0.064677 ape=0.5982
[22:41:04] regretChangePotential 30% (355/1182) regret=0.064603 ape=0.5982
[22:41:04] regretChangePotential 30% (356/1182) regret=0.064603 ape=0.5982
[22:41:04] regretChangePotential 30% (357/1182) regret=0.064622 ape=0.5982
[22:41:04] regretChangePotential 30% (358/1182) regret=0.064644 ape=0.5982
[22:41:05] regretChangePotential 30% (359/1182) regret=0.064622 ape=0.5982
[22:41:05] regretChangePotential 30% (360/1182) regret=0.064617 ape=0.5982
[22:41:05] regretChangePotential 30% (361/1182) regret=0.064672 ape=0.5991
[22:41:05] regretChangePotential 30% (362/1182) regret=0.064886 ape=0.5991
[22:41:05] regretChangePotential 30% (363/1182) regret=0.064600 ape=0.5991
[22:41:05] regretChangePotential 30% (364/1182) regret=0.064600 ape=0.5991
[22:41:05] regretChangePotential 30% (365/1182) regret=0.064600 ape=0.5991
[22:41:06] regretChangePotential 30% (366/1182) regret=0.064600 ape=0.5991
[22:41:06] regretChangePotential 31% (367/1182) regret=0.064480 ape=0.6000
[22:41:06] regretChangePotential 31% (368/1182) regret=0.064181 ape=0.5991
[22:41:06] regretChangePotential 31% (369/1182) regret=0.064350 ape=0.5982
[22:41:06] regretChangePotential 31% (370/1182) regret=0.064350 ape=0.5982
[22:41:06] regretChangePotential 31% (371/1182) regret=0.064382 ape=0.5982
[22:41:06] regretChangePotential 31% (372/1182) regret=0.064494 ape=0.5982
[22:41:07] regretChangePotential 31% (373/1182) regret=0.064172 ape=0.5963
[22:41:07] regretChangePotential 31% (374/1182) regret=0.064172 ape=0.5963
[22:41:07] regretChangePotential 31% (375/1182) regret=0.064172 ape=0.5963
[22:41:07] regretChangePotential 31% (376/1182) regret=0.063268 ape=0.5945
[22:41:07] regretChangePotential 31% (377/1182) regret=0.063268 ape=0.5945
[22:41:07] regretChangePotential 31% (378/1182) regret=0.063268 ape=0.5945
[22:41:07] regretChangePotential 32% (379/1182) regret=0.063268 ape=0.5945
[22:41:08] regretChangePotential 32% (380/1182) regret=0.063268 ape=0.5945
[22:41:08] regretChangePotential 32% (381/1182) regret=0.063268 ape=0.5945
[22:41:08] regretChangePotential 32% (382/1182) regret=0.063628 ape=0.5945
[22:41:08] regretChangePotential 32% (383/1182) regret=0.063628 ape=0.5945
[22:41:08] regretChangePotential 32% (384/1182) regret=0.063562 ape=0.5935
[22:41:08] regretChangePotential 32% (385/1182) regret=0.063562 ape=0.5935
[22:41:08] regretChangePotential 32% (386/1182) regret=0.063253 ape=0.5926
[22:41:09] regretChangePotential 32% (387/1182) regret=0.063545 ape=0.5926
[22:41:09] regretChangePotential 32% (388/1182) regret=0.063135 ape=0.5926
[22:41:09] regretChangePotential 32% (389/1182) regret=0.063172 ape=0.5926
[22:41:09] regretChangePotential 32% (390/1182) regret=0.063135 ape=0.5926
[22:41:09] regretChangePotential 33% (391/1182) regret=0.063163 ape=0.5926
[22:41:09] regretChangePotential 33% (392/1182) regret=0.063328 ape=0.5935
[22:41:09] regretChangePotential 33% (393/1182) regret=0.063268 ape=0.5935
[22:41:10] regretChangePotential 33% (394/1182) regret=0.063268 ape=0.5935
[22:41:10] regretChangePotential 33% (395/1182) regret=0.063230 ape=0.5926
[22:41:10] regretChangePotential 33% (396/1182) regret=0.063230 ape=0.5926
[22:41:10] regretChangePotential 33% (397/1182) regret=0.063230 ape=0.5926
[22:41:10] regretChangePotential 33% (398/1182) regret=0.063223 ape=0.5917
[22:41:10] regretChangePotential 33% (399/1182) regret=0.063627 ape=0.5917
[22:41:10] regretChangePotential 33% (400/1182) regret=0.063318 ape=0.5917
[22:41:11] regretChangePotential 33% (401/1182) regret=0.063272 ape=0.5917
[22:41:11] regretChangePotential 34% (402/1182) regret=0.063272 ape=0.5917
[22:41:11] regretChangePotential 34% (403/1182) regret=0.063272 ape=0.5917
[22:41:11] regretChangePotential 34% (404/1182) regret=0.063272 ape=0.5917
[22:41:11] regretChangePotential 34% (405/1182) regret=0.063272 ape=0.5917
[22:41:11] regretChangePotential 34% (406/1182) regret=0.063005 ape=0.5917
[22:41:11] regretChangePotential 34% (407/1182) regret=0.063272 ape=0.5917
[22:41:12] regretChangePotential 34% (408/1182) regret=0.063235 ape=0.5917
[22:41:12] regretChangePotential 34% (409/1182) regret=0.063258 ape=0.5917
[22:41:12] regretChangePotential 34% (410/1182) regret=0.063230 ape=0.5917
[22:41:12] regretChangePotential 34% (411/1182) regret=0.063230 ape=0.5917
[22:41:12] regretChangePotential 34% (412/1182) regret=0.063086 ape=0.5908
[22:41:12] regretChangePotential 34% (413/1182) regret=0.063069 ape=0.5908
[22:41:12] regretChangePotential 35% (414/1182) regret=0.062871 ape=0.5889
[22:41:13] regretChangePotential 35% (415/1182) regret=0.062871 ape=0.5889
[22:41:13] regretChangePotential 35% (416/1182) regret=0.062535 ape=0.5880
[22:41:13] regretChangePotential 35% (417/1182) regret=0.062535 ape=0.5880
[22:41:13] regretChangePotential 35% (418/1182) regret=0.062525 ape=0.5871
[22:41:13] regretChangePotential 35% (419/1182) regret=0.062525 ape=0.5871
[22:41:13] regretChangePotential 35% (420/1182) regret=0.062562 ape=0.5871
[22:41:14] regretChangePotential 35% (421/1182) regret=0.062525 ape=0.5871
[22:41:14] regretChangePotential 35% (422/1182) regret=0.062525 ape=0.5871
[22:41:14] regretChangePotential 35% (423/1182) regret=0.062668 ape=0.5871
[22:41:14] regretChangePotential 35% (424/1182) regret=0.062512 ape=0.5862
[22:41:14] regretChangePotential 35% (425/1182) regret=0.062512 ape=0.5862
[22:41:14] regretChangePotential 36% (426/1182) regret=0.062404 ape=0.5853
[22:41:14] regretChangePotential 36% (427/1182) regret=0.062170 ape=0.5843
[22:41:15] regretChangePotential 36% (428/1182) regret=0.061764 ape=0.5843
[22:41:15] regretChangePotential 36% (429/1182) regret=0.061433 ape=0.5843
[22:41:15] regretChangePotential 36% (430/1182) regret=0.060926 ape=0.5843
[22:41:15] regretChangePotential 36% (431/1182) regret=0.060446 ape=0.5843
[22:41:15] regretChangePotential 36% (432/1182) regret=0.060446 ape=0.5843
[22:41:15] regretChangePotential 36% (433/1182) regret=0.060446 ape=0.5843
[22:41:15] regretChangePotential 36% (434/1182) regret=0.060474 ape=0.5834
[22:41:16] regretChangePotential 36% (435/1182) regret=0.060009 ape=0.5825
[22:41:16] regretChangePotential 36% (436/1182) regret=0.059981 ape=0.5816
[22:41:16] regretChangePotential 36% (437/1182) regret=0.060231 ape=0.5825
[22:41:16] regretChangePotential 37% (438/1182) regret=0.060188 ape=0.5816
[22:41:16] regretChangePotential 37% (439/1182) regret=0.060188 ape=0.5816
[22:41:16] regretChangePotential 37% (440/1182) regret=0.060009 ape=0.5806
[22:41:16] regretChangePotential 37% (441/1182) regret=0.060115 ape=0.5806
[22:41:16] regretChangePotential 37% (442/1182) regret=0.060080 ape=0.5806
[22:41:17] regretChangePotential 37% (443/1182) regret=0.059994 ape=0.5816
[22:41:17] regretChangePotential 37% (444/1182) regret=0.060177 ape=0.5816
[22:41:17] regretChangePotential 37% (445/1182) regret=0.058906 ape=0.5788
[22:41:17] regretChangePotential 37% (446/1182) regret=0.058933 ape=0.5788
[22:41:17] regretChangePotential 37% (447/1182) regret=0.059089 ape=0.5788
[22:41:17] regretChangePotential 37% (448/1182) regret=0.059078 ape=0.5788
[22:41:17] regretChangePotential 37% (449/1182) regret=0.059316 ape=0.5788
[22:41:18] regretChangePotential 38% (450/1182) regret=0.058873 ape=0.5779
[22:41:18] regretChangePotential 38% (451/1182) regret=0.058873 ape=0.5779
[22:41:18] regretChangePotential 38% (452/1182) regret=0.058975 ape=0.5788
[22:41:18] regretChangePotential 38% (453/1182) regret=0.058629 ape=0.5788
[22:41:18] regretChangePotential 38% (454/1182) regret=0.058512 ape=0.5788
[22:41:18] regretChangePotential 38% (455/1182) regret=0.058486 ape=0.5788
[22:41:18] regretChangePotential 38% (456/1182) regret=0.058486 ape=0.5788
[22:41:19] regretChangePotential 38% (457/1182) regret=0.058483 ape=0.5788
[22:41:19] regretChangePotential 38% (458/1182) regret=0.058290 ape=0.5779
[22:41:19] regretChangePotential 38% (459/1182) regret=0.058184 ape=0.5779
[22:41:19] regretChangePotential 38% (460/1182) regret=0.057797 ape=0.5770
[22:41:19] regretChangePotential 39% (461/1182) regret=0.057377 ape=0.5770
[22:41:19] regretChangePotential 39% (462/1182) regret=0.057373 ape=0.5770
[22:41:19] regretChangePotential 39% (463/1182) regret=0.057373 ape=0.5770
[22:41:20] regretChangePotential 39% (464/1182) regret=0.057373 ape=0.5770
[22:41:20] regretChangePotential 39% (465/1182) regret=0.057373 ape=0.5770
[22:41:20] regretChangePotential 39% (466/1182) regret=0.057373 ape=0.5770
[22:41:20] regretChangePotential 39% (467/1182) regret=0.057373 ape=0.5770
[22:41:20] regretChangePotential 39% (468/1182) regret=0.057345 ape=0.5770
[22:41:20] regretChangePotential 39% (469/1182) regret=0.057345 ape=0.5770
[22:41:21] regretChangePotential 39% (470/1182) regret=0.057278 ape=0.5779
[22:41:21] regretChangePotential 39% (471/1182) regret=0.057278 ape=0.5779
[22:41:21] regretChangePotential 39% (472/1182) regret=0.057278 ape=0.5779
[22:41:21] regretChangePotential 40% (473/1182) regret=0.057278 ape=0.5779
[22:41:21] regretChangePotential 40% (474/1182) regret=0.057278 ape=0.5779
[22:41:21] regretChangePotential 40% (475/1182) regret=0.057059 ape=0.5770
[22:41:21] regretChangePotential 40% (476/1182) regret=0.057059 ape=0.5770
[22:41:21] regretChangePotential 40% (477/1182) regret=0.057059 ape=0.5770
[22:41:22] regretChangePotential 40% (478/1182) regret=0.057059 ape=0.5770
[22:41:22] regretChangePotential 40% (479/1182) regret=0.057059 ape=0.5770
[22:41:22] regretChangePotential 40% (480/1182) regret=0.057059 ape=0.5770
[22:41:22] regretChangePotential 40% (481/1182) regret=0.057059 ape=0.5770
[22:41:22] regretChangePotential 40% (482/1182) regret=0.057059 ape=0.5770
[22:41:22] regretChangePotential 40% (483/1182) regret=0.057059 ape=0.5770
[22:41:22] regretChangePotential 40% (484/1182) regret=0.056732 ape=0.5760
[22:41:23] regretChangePotential 41% (485/1182) regret=0.056732 ape=0.5760
[22:41:23] regretChangePotential 41% (486/1182) regret=0.056711 ape=0.5751
[22:41:23] regretChangePotential 41% (487/1182) regret=0.056711 ape=0.5751
[22:41:23] regretChangePotential 41% (488/1182) regret=0.056693 ape=0.5751
[22:41:23] regretChangePotential 41% (489/1182) regret=0.056686 ape=0.5742
[22:41:23] regretChangePotential 41% (490/1182) regret=0.056686 ape=0.5742
[22:41:23] regretChangePotential 41% (491/1182) regret=0.056686 ape=0.5742
[22:41:24] regretChangePotential 41% (492/1182) regret=0.056686 ape=0.5742
[22:41:24] regretChangePotential 41% (493/1182) regret=0.056686 ape=0.5742
[22:41:24] regretChangePotential 41% (494/1182) regret=0.056686 ape=0.5742
[22:41:24] regretChangePotential 41% (495/1182) regret=0.056686 ape=0.5742
[22:41:24] regretChangePotential 41% (496/1182) regret=0.056686 ape=0.5742
[22:41:24] regretChangePotential 42% (497/1182) regret=0.056686 ape=0.5742
[22:41:24] regretChangePotential 42% (498/1182) regret=0.056686 ape=0.5742
[22:41:25] regretChangePotential 42% (499/1182) regret=0.056686 ape=0.5742
[22:41:25] regretChangePotential 42% (500/1182) regret=0.056686 ape=0.5742
[22:41:25] regretChangePotential 42% (501/1182) regret=0.056686 ape=0.5742
[22:41:25] regretChangePotential 42% (502/1182) regret=0.056686 ape=0.5742
[22:41:25] regretChangePotential 42% (503/1182) regret=0.056686 ape=0.5742
[22:41:25] regretChangePotential 42% (504/1182) regret=0.056686 ape=0.5742
[22:41:25] regretChangePotential 42% (505/1182) regret=0.056686 ape=0.5742
[22:41:26] regretChangePotential 42% (506/1182) regret=0.056686 ape=0.5742
[22:41:26] regretChangePotential 42% (507/1182) regret=0.056686 ape=0.5742
[22:41:26] regretChangePotential 42% (508/1182) regret=0.056686 ape=0.5742
[22:41:26] regretChangePotential 43% (509/1182) regret=0.056686 ape=0.5742
[22:41:26] regretChangePotential 43% (510/1182) regret=0.056438 ape=0.5733
[22:41:26] regretChangePotential 43% (511/1182) regret=0.056438 ape=0.5733
[22:41:26] regretChangePotential 43% (512/1182) regret=0.056376 ape=0.5724
[22:41:27] regretChangePotential 43% (513/1182) regret=0.056376 ape=0.5724
[22:41:27] regretChangePotential 43% (514/1182) regret=0.056376 ape=0.5724
[22:41:27] regretChangePotential 43% (515/1182) regret=0.056376 ape=0.5724
[22:41:27] regretChangePotential 43% (516/1182) regret=0.056376 ape=0.5724
[22:41:27] regretChangePotential 43% (517/1182) regret=0.056376 ape=0.5724
[22:41:27] regretChangePotential 43% (518/1182) regret=0.056376 ape=0.5724
[22:41:27] regretChangePotential 43% (519/1182) regret=0.056376 ape=0.5724
[22:41:28] regretChangePotential 43% (520/1182) regret=0.056376 ape=0.5724
[22:41:28] regretChangePotential 44% (521/1182) regret=0.056347 ape=0.5724
[22:41:28] regretChangePotential 44% (522/1182) regret=0.056347 ape=0.5724
[22:41:28] regretChangePotential 44% (523/1182) regret=0.056347 ape=0.5724
[22:41:28] regretChangePotential 44% (524/1182) regret=0.056347 ape=0.5724
[22:41:28] regretChangePotential 44% (525/1182) regret=0.056347 ape=0.5724
[22:41:28] regretChangePotential 44% (526/1182) regret=0.056347 ape=0.5724
[22:41:28] regretChangePotential 44% (527/1182) regret=0.056347 ape=0.5724
[22:41:29] regretChangePotential 44% (528/1182) regret=0.056347 ape=0.5724
[22:41:29] regretChangePotential 44% (529/1182) regret=0.055941 ape=0.5714
[22:41:29] regretChangePotential 44% (530/1182) regret=0.055418 ape=0.5705
[22:41:29] regretChangePotential 44% (531/1182) regret=0.055418 ape=0.5705
[22:41:29] regretChangePotential 45% (532/1182) regret=0.055418 ape=0.5705
[22:41:29] regretChangePotential 45% (533/1182) regret=0.055418 ape=0.5705
[22:41:29] regretChangePotential 45% (534/1182) regret=0.055418 ape=0.5705
[22:41:30] regretChangePotential 45% (535/1182) regret=0.055418 ape=0.5705
[22:41:30] regretChangePotential 45% (536/1182) regret=0.055418 ape=0.5705
[22:41:30] regretChangePotential 45% (537/1182) regret=0.055418 ape=0.5705
[22:41:30] regretChangePotential 45% (538/1182) regret=0.055537 ape=0.5705
[22:41:30] regretChangePotential 45% (539/1182) regret=0.055418 ape=0.5705
[22:41:30] regretChangePotential 45% (540/1182) regret=0.055418 ape=0.5705
[22:41:30] regretChangePotential 45% (541/1182) regret=0.055777 ape=0.5705
[22:41:31] regretChangePotential 45% (542/1182) regret=0.055316 ape=0.5705
[22:41:31] regretChangePotential 45% (543/1182) regret=0.055316 ape=0.5705
[22:41:31] regretChangePotential 46% (544/1182) regret=0.055213 ape=0.5696
[22:41:31] regretChangePotential 46% (545/1182) regret=0.055176 ape=0.5687
[22:41:31] regretChangePotential 46% (546/1182) regret=0.055176 ape=0.5687
[22:41:31] regretChangePotential 46% (547/1182) regret=0.055176 ape=0.5687
[22:41:31] regretChangePotential 46% (548/1182) regret=0.055176 ape=0.5687
[22:41:32] regretChangePotential 46% (549/1182) regret=0.055176 ape=0.5687
[22:41:32] regretChangePotential 46% (550/1182) regret=0.055176 ape=0.5687
[22:41:32] regretChangePotential 46% (551/1182) regret=0.055268 ape=0.5687
[22:41:32] regretChangePotential 46% (552/1182) regret=0.055005 ape=0.5677
[22:41:32] regretChangePotential 46% (553/1182) regret=0.055005 ape=0.5677
[22:41:32] regretChangePotential 46% (554/1182) regret=0.054701 ape=0.5668
[22:41:32] regretChangePotential 46% (555/1182) regret=0.054438 ape=0.5677
[22:41:33] regretChangePotential 47% (556/1182) regret=0.054438 ape=0.5677
[22:41:33] regretChangePotential 47% (557/1182) regret=0.054328 ape=0.5677
[22:41:33] regretChangePotential 47% (558/1182) regret=0.053913 ape=0.5668
[22:41:33] regretChangePotential 47% (559/1182) regret=0.053812 ape=0.5668
[22:41:33] regretChangePotential 47% (560/1182) regret=0.053895 ape=0.5668
[22:41:33] regretChangePotential 47% (561/1182) regret=0.053767 ape=0.5668
[22:41:33] regretChangePotential 47% (562/1182) regret=0.053767 ape=0.5668
[22:41:34] regretChangePotential 47% (563/1182) regret=0.053640 ape=0.5668
[22:41:34] regretChangePotential 47% (564/1182) regret=0.053604 ape=0.5668
[22:41:34] regretChangePotential 47% (565/1182) regret=0.053604 ape=0.5668
[22:41:34] regretChangePotential 47% (566/1182) regret=0.053601 ape=0.5668
[22:41:34] regretChangePotential 47% (567/1182) regret=0.053537 ape=0.5668
[22:41:34] regretChangePotential 48% (568/1182) regret=0.053822 ape=0.5659
[22:41:34] regretChangePotential 48% (569/1182) regret=0.053362 ape=0.5659
[22:41:35] regretChangePotential 48% (570/1182) regret=0.053435 ape=0.5659
[22:41:35] regretChangePotential 48% (571/1182) regret=0.053211 ape=0.5659
[22:41:35] regretChangePotential 48% (572/1182) regret=0.053014 ape=0.5641
[22:41:35] regretChangePotential 48% (573/1182) regret=0.053107 ape=0.5641
[22:41:35] regretChangePotential 48% (574/1182) regret=0.053190 ape=0.5641
[22:41:35] regretChangePotential 48% (575/1182) regret=0.053143 ape=0.5641
[22:41:35] regretChangePotential 48% (576/1182) regret=0.053297 ape=0.5641
[22:41:36] regretChangePotential 48% (577/1182) regret=0.053162 ape=0.5641
[22:41:36] regretChangePotential 48% (578/1182) regret=0.052747 ape=0.5622
[22:41:36] regretChangePotential 48% (579/1182) regret=0.052858 ape=0.5622
[22:41:36] regretChangePotential 49% (580/1182) regret=0.052397 ape=0.5613
[22:41:36] regretChangePotential 49% (581/1182) regret=0.052397 ape=0.5613
[22:41:36] regretChangePotential 49% (582/1182) regret=0.051735 ape=0.5613
[22:41:36] regretChangePotential 49% (583/1182) regret=0.052039 ape=0.5613
[22:41:37] regretChangePotential 49% (584/1182) regret=0.052057 ape=0.5613
[22:41:37] regretChangePotential 49% (585/1182) regret=0.051726 ape=0.5613
[22:41:37] regretChangePotential 49% (586/1182) regret=0.051726 ape=0.5613
[22:41:37] regretChangePotential 49% (587/1182) regret=0.051726 ape=0.5613
[22:41:37] regretChangePotential 49% (588/1182) regret=0.051726 ape=0.5613
[22:41:37] regretChangePotential 49% (589/1182) regret=0.051726 ape=0.5613
[22:41:37] regretChangePotential 49% (590/1182) regret=0.051744 ape=0.5613
[22:41:38] regretChangePotential 50% (591/1182) regret=0.051578 ape=0.5613
[22:41:38] regretChangePotential 50% (592/1182) regret=0.051569 ape=0.5613
[22:41:38] regretChangePotential 50% (593/1182) regret=0.051431 ape=0.5613
[22:41:38] regretChangePotential 50% (594/1182) regret=0.050990 ape=0.5613
[22:41:38] regretChangePotential 50% (595/1182) regret=0.051165 ape=0.5613
[22:41:38] regretChangePotential 50% (596/1182) regret=0.050621 ape=0.5604
[22:41:39] regretChangePotential 50% (597/1182) regret=0.050621 ape=0.5604
[22:41:39] regretChangePotential 50% (598/1182) regret=0.050621 ape=0.5604
[22:41:39] regretChangePotential 50% (599/1182) regret=0.050621 ape=0.5604
[22:41:39] regretChangePotential 50% (600/1182) regret=0.050621 ape=0.5604
[22:41:39] regretChangePotential 50% (601/1182) regret=0.050621 ape=0.5604
[22:41:39] regretChangePotential 50% (602/1182) regret=0.050621 ape=0.5604
[22:41:39] regretChangePotential 51% (603/1182) regret=0.050621 ape=0.5604
[22:41:40] regretChangePotential 51% (604/1182) regret=0.050621 ape=0.5604
[22:41:40] regretChangePotential 51% (605/1182) regret=0.050621 ape=0.5604
[22:41:40] regretChangePotential 51% (606/1182) regret=0.050621 ape=0.5604
[22:41:40] regretChangePotential 51% (607/1182) regret=0.050621 ape=0.5604
[22:41:40] regretChangePotential 51% (608/1182) regret=0.050621 ape=0.5604
[22:41:40] regretChangePotential 51% (609/1182) regret=0.050621 ape=0.5604
[22:41:40] regretChangePotential 51% (610/1182) regret=0.050621 ape=0.5604
[22:41:41] regretChangePotential 51% (611/1182) regret=0.050621 ape=0.5604
[22:41:41] regretChangePotential 51% (612/1182) regret=0.050621 ape=0.5604
[22:41:41] regretChangePotential 51% (613/1182) regret=0.050621 ape=0.5604
[22:41:41] regretChangePotential 51% (614/1182) regret=0.050621 ape=0.5604
[22:41:41] regretChangePotential 52% (615/1182) regret=0.050621 ape=0.5604
[22:41:41] regretChangePotential 52% (616/1182) regret=0.050612 ape=0.5604
[22:41:41] regretChangePotential 52% (617/1182) regret=0.050612 ape=0.5604
[22:41:42] regretChangePotential 52% (618/1182) regret=0.050612 ape=0.5604
[22:41:42] regretChangePotential 52% (619/1182) regret=0.050612 ape=0.5604
[22:41:42] regretChangePotential 52% (620/1182) regret=0.050612 ape=0.5604
[22:41:42] regretChangePotential 52% (621/1182) regret=0.050612 ape=0.5604
[22:41:42] regretChangePotential 52% (622/1182) regret=0.050612 ape=0.5604
[22:41:42] regretChangePotential 52% (623/1182) regret=0.050612 ape=0.5604
[22:41:42] regretChangePotential 52% (624/1182) regret=0.050612 ape=0.5604
[22:41:43] regretChangePotential 52% (625/1182) regret=0.050612 ape=0.5604
[22:41:43] regretChangePotential 52% (626/1182) regret=0.050612 ape=0.5604
[22:41:43] regretChangePotential 53% (627/1182) regret=0.051001 ape=0.5604
[22:41:43] regretChangePotential 53% (628/1182) regret=0.050408 ape=0.5585
[22:41:43] regretChangePotential 53% (629/1182) regret=0.050206 ape=0.5585
[22:41:43] regretChangePotential 53% (630/1182) regret=0.050174 ape=0.5585
[22:41:43] regretChangePotential 53% (631/1182) regret=0.049796 ape=0.5576
[22:41:44] regretChangePotential 53% (632/1182) regret=0.049989 ape=0.5594
[22:41:44] regretChangePotential 53% (633/1182) regret=0.049906 ape=0.5585
[22:41:44] regretChangePotential 53% (634/1182) regret=0.049913 ape=0.5585
[22:41:44] regretChangePotential 53% (635/1182) regret=0.049781 ape=0.5567
[22:41:44] regretChangePotential 53% (636/1182) regret=0.049765 ape=0.5567
[22:41:44] regretChangePotential 53% (637/1182) regret=0.049781 ape=0.5567
[22:41:44] regretChangePotential 53% (638/1182) regret=0.049781 ape=0.5567
[22:41:45] regretChangePotential 54% (639/1182) regret=0.049781 ape=0.5567
[22:41:45] regretChangePotential 54% (640/1182) regret=0.049610 ape=0.5558
[22:41:45] regretChangePotential 54% (641/1182) regret=0.049338 ape=0.5548
[22:41:45] regretChangePotential 54% (642/1182) regret=0.049297 ape=0.5548
[22:41:45] regretChangePotential 54% (643/1182) regret=0.049288 ape=0.5548
[22:41:45] regretChangePotential 54% (644/1182) regret=0.049288 ape=0.5548
[22:41:45] regretChangePotential 54% (645/1182) regret=0.049288 ape=0.5548
[22:41:46] regretChangePotential 54% (646/1182) regret=0.049288 ape=0.5548
[22:41:46] regretChangePotential 54% (647/1182) regret=0.049288 ape=0.5548
[22:41:46] regretChangePotential 54% (648/1182) regret=0.049581 ape=0.5548
[22:41:46] regretChangePotential 54% (649/1182) regret=0.049591 ape=0.5558
[22:41:46] regretChangePotential 54% (650/1182) regret=0.049688 ape=0.5558
[22:41:46] regretChangePotential 55% (651/1182) regret=0.049688 ape=0.5558
[22:41:46] regretChangePotential 55% (652/1182) regret=0.049688 ape=0.5558
[22:41:47] regretChangePotential 55% (653/1182) regret=0.049688 ape=0.5558
[22:41:47] regretChangePotential 55% (654/1182) regret=0.049688 ape=0.5558
[22:41:47] regretChangePotential 55% (655/1182) regret=0.049688 ape=0.5558
[22:41:47] regretChangePotential 55% (656/1182) regret=0.049682 ape=0.5558
[22:41:47] regretChangePotential 55% (657/1182) regret=0.049668 ape=0.5558
[22:41:47] regretChangePotential 55% (658/1182) regret=0.049668 ape=0.5558
[22:41:47] regretChangePotential 55% (659/1182) regret=0.049668 ape=0.5558
[22:41:48] regretChangePotential 55% (660/1182) regret=0.049668 ape=0.5558
[22:41:48] regretChangePotential 55% (661/1182) regret=0.049668 ape=0.5558
[22:41:48] regretChangePotential 56% (662/1182) regret=0.049668 ape=0.5558
[22:41:48] regretChangePotential 56% (663/1182) regret=0.049668 ape=0.5558
[22:41:48] regretChangePotential 56% (664/1182) regret=0.049715 ape=0.5567
[22:41:48] regretChangePotential 56% (665/1182) regret=0.049808 ape=0.5567
[22:41:48] regretChangePotential 56% (666/1182) regret=0.049808 ape=0.5567
[22:41:49] regretChangePotential 56% (667/1182) regret=0.049525 ape=0.5558
[22:41:49] regretChangePotential 56% (668/1182) regret=0.049525 ape=0.5558
[22:41:49] regretChangePotential 56% (669/1182) regret=0.049525 ape=0.5558
[22:41:49] regretChangePotential 56% (670/1182) regret=0.049525 ape=0.5558
[22:41:49] regretChangePotential 56% (671/1182) regret=0.049525 ape=0.5558
[22:41:49] regretChangePotential 56% (672/1182) regret=0.049525 ape=0.5558
[22:41:49] regretChangePotential 56% (673/1182) regret=0.049525 ape=0.5558
[22:41:50] regretChangePotential 57% (674/1182) regret=0.049525 ape=0.5558
[22:41:50] regretChangePotential 57% (675/1182) regret=0.049525 ape=0.5558
[22:41:50] regretChangePotential 57% (676/1182) regret=0.049525 ape=0.5558
[22:41:50] regretChangePotential 57% (677/1182) regret=0.049525 ape=0.5558
[22:41:50] regretChangePotential 57% (678/1182) regret=0.049525 ape=0.5558
[22:41:50] regretChangePotential 57% (679/1182) regret=0.049525 ape=0.5558
[22:41:50] regretChangePotential 57% (680/1182) regret=0.049525 ape=0.5558
[22:41:51] regretChangePotential 57% (681/1182) regret=0.049525 ape=0.5558
[22:41:51] regretChangePotential 57% (682/1182) regret=0.049525 ape=0.5558
[22:41:51] regretChangePotential 57% (683/1182) regret=0.049599 ape=0.5558
[22:41:51] regretChangePotential 57% (684/1182) regret=0.049516 ape=0.5558
[22:41:51] regretChangePotential 57% (685/1182) regret=0.049516 ape=0.5558
[22:41:51] regretChangePotential 58% (686/1182) regret=0.049516 ape=0.5558
[22:41:51] regretChangePotential 58% (687/1182) regret=0.049516 ape=0.5558
[22:41:52] regretChangePotential 58% (688/1182) regret=0.049516 ape=0.5558
[22:41:52] regretChangePotential 58% (689/1182) regret=0.049516 ape=0.5558
[22:41:52] regretChangePotential 58% (690/1182) regret=0.049516 ape=0.5558
[22:41:52] regretChangePotential 58% (691/1182) regret=0.049516 ape=0.5558
[22:41:52] regretChangePotential 58% (692/1182) regret=0.049415 ape=0.5558
[22:41:52] regretChangePotential 58% (693/1182) regret=0.049516 ape=0.5558
[22:41:52] regretChangePotential 58% (694/1182) regret=0.049516 ape=0.5558
[22:41:52] regretChangePotential 58% (695/1182) regret=0.049516 ape=0.5558
[22:41:53] regretChangePotential 58% (696/1182) regret=0.049516 ape=0.5558
[22:41:53] regretChangePotential 58% (697/1182) regret=0.049516 ape=0.5558
[22:41:53] regretChangePotential 59% (698/1182) regret=0.049516 ape=0.5558
[22:41:53] regretChangePotential 59% (699/1182) regret=0.049516 ape=0.5558
[22:41:53] regretChangePotential 59% (700/1182) regret=0.049516 ape=0.5558
[22:41:53] regretChangePotential 59% (701/1182) regret=0.049406 ape=0.5558
[22:41:53] regretChangePotential 59% (702/1182) regret=0.049406 ape=0.5558
[22:41:54] regretChangePotential 59% (703/1182) regret=0.049161 ape=0.5558
[22:41:54] regretChangePotential 59% (704/1182) regret=0.049161 ape=0.5558
[22:41:54] regretChangePotential 59% (705/1182) regret=0.049161 ape=0.5558
[22:41:54] regretChangePotential 59% (706/1182) regret=0.049078 ape=0.5558
[22:41:54] regretChangePotential 59% (707/1182) regret=0.049078 ape=0.5558
[22:41:54] regretChangePotential 59% (708/1182) regret=0.049078 ape=0.5558
[22:41:54] regretChangePotential 59% (709/1182) regret=0.048949 ape=0.5548
[22:41:55] regretChangePotential 60% (710/1182) regret=0.049046 ape=0.5548
[22:41:55] regretChangePotential 60% (711/1182) regret=0.049046 ape=0.5548
[22:41:55] regretChangePotential 60% (712/1182) regret=0.049032 ape=0.5548
[22:41:55] regretChangePotential 60% (713/1182) regret=0.049032 ape=0.5548
[22:41:55] regretChangePotential 60% (714/1182) regret=0.049032 ape=0.5548
[22:41:55] regretChangePotential 60% (715/1182) regret=0.049032 ape=0.5548
[22:41:55] regretChangePotential 60% (716/1182) regret=0.048968 ape=0.5548
[22:41:56] regretChangePotential 60% (717/1182) regret=0.048968 ape=0.5548
[22:41:56] regretChangePotential 60% (718/1182) regret=0.048968 ape=0.5548
[22:41:56] regretChangePotential 60% (719/1182) regret=0.048912 ape=0.5558
[22:41:56] regretChangePotential 60% (720/1182) regret=0.048585 ape=0.5558
[22:41:56] regretChangePotential 60% (721/1182) regret=0.048325 ape=0.5548
[22:41:56] regretChangePotential 61% (722/1182) regret=0.048555 ape=0.5558
[22:41:56] regretChangePotential 61% (723/1182) regret=0.048555 ape=0.5558
[22:41:57] regretChangePotential 61% (724/1182) regret=0.048592 ape=0.5558
[22:41:57] regretChangePotential 61% (725/1182) regret=0.048592 ape=0.5558
[22:41:57] regretChangePotential 61% (726/1182) regret=0.048592 ape=0.5558
[22:41:57] regretChangePotential 61% (727/1182) regret=0.048694 ape=0.5567
[22:41:57] regretChangePotential 61% (728/1182) regret=0.048694 ape=0.5567
[22:41:57] regretChangePotential 61% (729/1182) regret=0.048694 ape=0.5567
[22:41:57] regretChangePotential 61% (730/1182) regret=0.048694 ape=0.5567
[22:41:58] regretChangePotential 61% (731/1182) regret=0.048694 ape=0.5567
[22:41:58] regretChangePotential 61% (732/1182) regret=0.048694 ape=0.5567
[22:41:58] regretChangePotential 62% (733/1182) regret=0.048694 ape=0.5567
[22:41:58] regretChangePotential 62% (734/1182) regret=0.048274 ape=0.5558
[22:41:58] regretChangePotential 62% (735/1182) regret=0.047491 ape=0.5548
[22:41:58] regretChangePotential 62% (736/1182) regret=0.047491 ape=0.5548
[22:41:58] regretChangePotential 62% (737/1182) regret=0.047491 ape=0.5548
[22:41:59] regretChangePotential 62% (738/1182) regret=0.047491 ape=0.5548
[22:41:59] regretChangePotential 62% (739/1182) regret=0.047491 ape=0.5548
[22:41:59] regretChangePotential 62% (740/1182) regret=0.047574 ape=0.5558
[22:41:59] regretChangePotential 62% (741/1182) regret=0.047177 ape=0.5548
[22:41:59] regretChangePotential 62% (742/1182) regret=0.046892 ape=0.5548
[22:41:59] regretChangePotential 62% (743/1182) regret=0.046892 ape=0.5548
[22:42:00] regretChangePotential 62% (744/1182) regret=0.046919 ape=0.5548
[22:42:00] regretChangePotential 63% (745/1182) regret=0.046919 ape=0.5548
[22:42:00] regretChangePotential 63% (746/1182) regret=0.046919 ape=0.5548
[22:42:00] regretChangePotential 63% (747/1182) regret=0.046781 ape=0.5539
[22:42:00] regretChangePotential 63% (748/1182) regret=0.046781 ape=0.5539
[22:42:00] regretChangePotential 63% (749/1182) regret=0.046684 ape=0.5530
[22:42:00] regretChangePotential 63% (750/1182) regret=0.046758 ape=0.5539
[22:42:01] regretChangePotential 63% (751/1182) regret=0.046758 ape=0.5539
[22:42:01] regretChangePotential 63% (752/1182) regret=0.046758 ape=0.5539
[22:42:01] regretChangePotential 63% (753/1182) regret=0.046758 ape=0.5539
[22:42:01] regretChangePotential 63% (754/1182) regret=0.046758 ape=0.5539
[22:42:01] regretChangePotential 63% (755/1182) regret=0.046956 ape=0.5539
[22:42:01] regretChangePotential 63% (756/1182) regret=0.046988 ape=0.5539
[22:42:01] regretChangePotential 64% (757/1182) regret=0.046933 ape=0.5539
[22:42:02] regretChangePotential 64% (758/1182) regret=0.046518 ape=0.5530
[22:42:02] regretChangePotential 64% (759/1182) regret=0.046399 ape=0.5521
[22:42:02] regretChangePotential 64% (760/1182) regret=0.046196 ape=0.5521
[22:42:02] regretChangePotential 64% (761/1182) regret=0.046270 ape=0.5521
[22:42:02] regretChangePotential 64% (762/1182) regret=0.046214 ape=0.5512
[22:42:02] regretChangePotential 64% (763/1182) regret=0.046251 ape=0.5512
[22:42:02] regretChangePotential 64% (764/1182) regret=0.046251 ape=0.5512
[22:42:03] regretChangePotential 64% (765/1182) regret=0.046251 ape=0.5512
[22:42:03] regretChangePotential 64% (766/1182) regret=0.046283 ape=0.5512
[22:42:03] regretChangePotential 64% (767/1182) regret=0.046283 ape=0.5512
[22:42:03] regretChangePotential 64% (768/1182) regret=0.046010 ape=0.5502
[22:42:03] regretChangePotential 65% (769/1182) regret=0.046015 ape=0.5502
[22:42:03] regretChangePotential 65% (770/1182) regret=0.046015 ape=0.5502
[22:42:03] regretChangePotential 65% (771/1182) regret=0.045490 ape=0.5502
[22:42:04] regretChangePotential 65% (772/1182) regret=0.045521 ape=0.5502
[22:42:04] regretChangePotential 65% (773/1182) regret=0.045565 ape=0.5512
[22:42:04] regretChangePotential 65% (774/1182) regret=0.045123 ape=0.5502
[22:42:04] regretChangePotential 65% (775/1182) regret=0.045123 ape=0.5502
[22:42:04] regretChangePotential 65% (776/1182) regret=0.045113 ape=0.5512
[22:42:04] regretChangePotential 65% (777/1182) regret=0.045113 ape=0.5512
[22:42:04] regretChangePotential 65% (778/1182) regret=0.044579 ape=0.5512
[22:42:05] regretChangePotential 65% (779/1182) regret=0.044831 ape=0.5512
[22:42:05] regretChangePotential 65% (780/1182) regret=0.044831 ape=0.5512
[22:42:05] regretChangePotential 66% (781/1182) regret=0.044831 ape=0.5512
[22:42:05] regretChangePotential 66% (782/1182) regret=0.044831 ape=0.5512
[22:42:05] regretChangePotential 66% (783/1182) regret=0.044721 ape=0.5493
[22:42:05] regretChangePotential 66% (784/1182) regret=0.044721 ape=0.5493
[22:42:05] regretChangePotential 66% (785/1182) regret=0.044910 ape=0.5484
[22:42:06] regretChangePotential 66% (786/1182) regret=0.044910 ape=0.5484
[22:42:06] regretChangePotential 66% (787/1182) regret=0.044910 ape=0.5484
[22:42:06] regretChangePotential 66% (788/1182) regret=0.044910 ape=0.5484
[22:42:06] regretChangePotential 66% (789/1182) regret=0.044910 ape=0.5484
[22:42:06] regretChangePotential 66% (790/1182) regret=0.044911 ape=0.5484
[22:42:06] regretChangePotential 66% (791/1182) regret=0.044911 ape=0.5484
[22:42:07] regretChangePotential 67% (792/1182) regret=0.044889 ape=0.5484
[22:42:07] regretChangePotential 67% (793/1182) regret=0.044954 ape=0.5493
[22:42:07] regretChangePotential 67% (794/1182) regret=0.044954 ape=0.5493
[22:42:07] regretChangePotential 67% (795/1182) regret=0.044954 ape=0.5493
[22:42:07] regretChangePotential 67% (796/1182) regret=0.044747 ape=0.5484
[22:42:07] regretChangePotential 67% (797/1182) regret=0.044641 ape=0.5475
[22:42:07] regretChangePotential 67% (798/1182) regret=0.044641 ape=0.5475
[22:42:08] regretChangePotential 67% (799/1182) regret=0.044346 ape=0.5475
[22:42:08] regretChangePotential 67% (800/1182) regret=0.044346 ape=0.5475
[22:42:08] regretChangePotential 67% (801/1182) regret=0.044346 ape=0.5475
[22:42:08] regretChangePotential 67% (802/1182) regret=0.044267 ape=0.5475
[22:42:08] regretChangePotential 67% (803/1182) regret=0.044242 ape=0.5475
[22:42:08] regretChangePotential 68% (804/1182) regret=0.044242 ape=0.5475
[22:42:08] regretChangePotential 68% (805/1182) regret=0.044652 ape=0.5475
[22:42:09] regretChangePotential 68% (806/1182) regret=0.044170 ape=0.5465
[22:42:09] regretChangePotential 68% (807/1182) regret=0.044161 ape=0.5465
[22:42:09] regretChangePotential 68% (808/1182) regret=0.044112 ape=0.5456
[22:42:09] regretChangePotential 68% (809/1182) regret=0.044057 ape=0.5456
[22:42:09] regretChangePotential 68% (810/1182) regret=0.044057 ape=0.5456
[22:42:09] regretChangePotential 68% (811/1182) regret=0.044057 ape=0.5456
[22:42:09] regretChangePotential 68% (812/1182) regret=0.044057 ape=0.5456
[22:42:10] regretChangePotential 68% (813/1182) regret=0.044061 ape=0.5456
[22:42:10] regretChangePotential 68% (814/1182) regret=0.043928 ape=0.5456
[22:42:10] regretChangePotential 68% (815/1182) regret=0.043863 ape=0.5456
[22:42:10] regretChangePotential 69% (816/1182) regret=0.043780 ape=0.5456
[22:42:10] regretChangePotential 69% (817/1182) regret=0.043863 ape=0.5456
[22:42:10] regretChangePotential 69% (818/1182) regret=0.043863 ape=0.5456
[22:42:10] regretChangePotential 69% (819/1182) regret=0.043863 ape=0.5456
[22:42:11] regretChangePotential 69% (820/1182) regret=0.043898 ape=0.5456
[22:42:11] regretChangePotential 69% (821/1182) regret=0.043845 ape=0.5456
[22:42:11] regretChangePotential 69% (822/1182) regret=0.043867 ape=0.5456
[22:42:11] regretChangePotential 69% (823/1182) regret=0.043898 ape=0.5456
[22:42:11] regretChangePotential 69% (824/1182) regret=0.043653 ape=0.5447
[22:42:11] regretChangePotential 69% (825/1182) regret=0.043653 ape=0.5447
[22:42:11] regretChangePotential 69% (826/1182) regret=0.043716 ape=0.5447
[22:42:12] regretChangePotential 69% (827/1182) regret=0.043426 ape=0.5438
[22:42:12] regretChangePotential 70% (828/1182) regret=0.043426 ape=0.5438
[22:42:12] regretChangePotential 70% (829/1182) regret=0.043426 ape=0.5438
[22:42:12] regretChangePotential 70% (830/1182) regret=0.043325 ape=0.5438
[22:42:12] regretChangePotential 70% (831/1182) regret=0.043219 ape=0.5429
[22:42:12] regretChangePotential 70% (832/1182) regret=0.043219 ape=0.5429
[22:42:13] regretChangePotential 70% (833/1182) regret=0.043286 ape=0.5429
[22:42:13] regretChangePotential 70% (834/1182) regret=0.043238 ape=0.5429
[22:42:13] regretChangePotential 70% (835/1182) regret=0.043853 ape=0.5419
[22:42:13] regretChangePotential 70% (836/1182) regret=0.043194 ape=0.5419
[22:42:13] regretChangePotential 70% (837/1182) regret=0.043194 ape=0.5419
[22:42:13] regretChangePotential 70% (838/1182) regret=0.043194 ape=0.5419
[22:42:13] regretChangePotential 70% (839/1182) regret=0.043194 ape=0.5419
[22:42:14] regretChangePotential 71% (840/1182) regret=0.043194 ape=0.5419
[22:42:14] regretChangePotential 71% (841/1182) regret=0.043203 ape=0.5419
[22:42:14] regretChangePotential 71% (842/1182) regret=0.043111 ape=0.5410
[22:42:14] regretChangePotential 71% (843/1182) regret=0.043024 ape=0.5410
[22:42:14] regretChangePotential 71% (844/1182) regret=0.043024 ape=0.5410
[22:42:14] regretChangePotential 71% (845/1182) regret=0.042802 ape=0.5410
[22:42:14] regretChangePotential 71% (846/1182) regret=0.042802 ape=0.5410
[22:42:15] regretChangePotential 71% (847/1182) regret=0.042802 ape=0.5410
[22:42:15] regretChangePotential 71% (848/1182) regret=0.042802 ape=0.5410
[22:42:15] regretChangePotential 71% (849/1182) regret=0.042862 ape=0.5419
[22:42:15] regretChangePotential 71% (850/1182) regret=0.042323 ape=0.5410
[22:42:15] regretChangePotential 71% (851/1182) regret=0.042148 ape=0.5410
[22:42:15] regretChangePotential 72% (852/1182) regret=0.042148 ape=0.5410
[22:42:15] regretChangePotential 72% (853/1182) regret=0.042148 ape=0.5410
[22:42:16] regretChangePotential 72% (854/1182) regret=0.042148 ape=0.5410
[22:42:16] regretChangePotential 72% (855/1182) regret=0.042148 ape=0.5410
[22:42:16] regretChangePotential 72% (856/1182) regret=0.042148 ape=0.5410
[22:42:16] regretChangePotential 72% (857/1182) regret=0.042148 ape=0.5410
[22:42:16] regretChangePotential 72% (858/1182) regret=0.042148 ape=0.5410
[22:42:16] regretChangePotential 72% (859/1182) regret=0.042148 ape=0.5410
[22:42:16] regretChangePotential 72% (860/1182) regret=0.042148 ape=0.5410
[22:42:17] regretChangePotential 72% (861/1182) regret=0.042148 ape=0.5410
[22:42:17] regretChangePotential 72% (862/1182) regret=0.042148 ape=0.5410
[22:42:17] regretChangePotential 73% (863/1182) regret=0.042148 ape=0.5410
[22:42:17] regretChangePotential 73% (864/1182) regret=0.042148 ape=0.5410
[22:42:17] regretChangePotential 73% (865/1182) regret=0.042148 ape=0.5410
[22:42:17] regretChangePotential 73% (866/1182) regret=0.042148 ape=0.5410
[22:42:17] regretChangePotential 73% (867/1182) regret=0.042139 ape=0.5410
[22:42:18] regretChangePotential 73% (868/1182) regret=0.042139 ape=0.5410
[22:42:18] regretChangePotential 73% (869/1182) regret=0.042139 ape=0.5410
[22:42:18] regretChangePotential 73% (870/1182) regret=0.042139 ape=0.5410
[22:42:18] regretChangePotential 73% (871/1182) regret=0.042139 ape=0.5410
[22:42:18] regretChangePotential 73% (872/1182) regret=0.042139 ape=0.5410
[22:42:18] regretChangePotential 73% (873/1182) regret=0.042139 ape=0.5410
[22:42:18] regretChangePotential 73% (874/1182) regret=0.042139 ape=0.5410
[22:42:19] regretChangePotential 74% (875/1182) regret=0.042139 ape=0.5410
[22:42:19] regretChangePotential 74% (876/1182) regret=0.042139 ape=0.5410
[22:42:19] regretChangePotential 74% (877/1182) regret=0.042139 ape=0.5410
[22:42:19] regretChangePotential 74% (878/1182) regret=0.042139 ape=0.5410
[22:42:19] regretChangePotential 74% (879/1182) regret=0.041982 ape=0.5401
[22:42:19] regretChangePotential 74% (880/1182) regret=0.042021 ape=0.5410
[22:42:19] regretChangePotential 74% (881/1182) regret=0.042030 ape=0.5410
[22:42:20] regretChangePotential 74% (882/1182) regret=0.042220 ape=0.5419
[22:42:20] regretChangePotential 74% (883/1182) regret=0.042174 ape=0.5419
[22:42:20] regretChangePotential 74% (884/1182) regret=0.042174 ape=0.5419
[22:42:20] regretChangePotential 74% (885/1182) regret=0.042174 ape=0.5419
[22:42:20] regretChangePotential 74% (886/1182) regret=0.042174 ape=0.5419
[22:42:20] regretChangePotential 75% (887/1182) regret=0.042174 ape=0.5419
[22:42:20] regretChangePotential 75% (888/1182) regret=0.042174 ape=0.5419
[22:42:21] regretChangePotential 75% (889/1182) regret=0.042174 ape=0.5419
[22:42:21] regretChangePotential 75% (890/1182) regret=0.042174 ape=0.5419
[22:42:21] regretChangePotential 75% (891/1182) regret=0.042174 ape=0.5419
[22:42:21] regretChangePotential 75% (892/1182) regret=0.042174 ape=0.5419
[22:42:21] regretChangePotential 75% (893/1182) regret=0.042174 ape=0.5419
[22:42:21] regretChangePotential 75% (894/1182) regret=0.042174 ape=0.5419
[22:42:21] regretChangePotential 75% (895/1182) regret=0.042174 ape=0.5419
[22:42:22] regretChangePotential 75% (896/1182) regret=0.042174 ape=0.5419
[22:42:22] regretChangePotential 75% (897/1182) regret=0.042174 ape=0.5419
[22:42:22] regretChangePotential 75% (898/1182) regret=0.042174 ape=0.5419
[22:42:22] regretChangePotential 76% (899/1182) regret=0.042174 ape=0.5419
[22:42:22] regretChangePotential 76% (900/1182) regret=0.042275 ape=0.5419
[22:42:22] regretChangePotential 76% (901/1182) regret=0.042275 ape=0.5419
[22:42:22] regretChangePotential 76% (902/1182) regret=0.042275 ape=0.5419
[22:42:22] regretChangePotential 76% (903/1182) regret=0.042275 ape=0.5419
[22:42:23] regretChangePotential 76% (904/1182) regret=0.042275 ape=0.5419
[22:42:23] regretChangePotential 76% (905/1182) regret=0.042275 ape=0.5419
[22:42:23] regretChangePotential 76% (906/1182) regret=0.042275 ape=0.5419
[22:42:23] regretChangePotential 76% (907/1182) regret=0.042275 ape=0.5419
[22:42:23] regretChangePotential 76% (908/1182) regret=0.042275 ape=0.5419
[22:42:23] regretChangePotential 76% (909/1182) regret=0.042275 ape=0.5419
[22:42:24] regretChangePotential 76% (910/1182) regret=0.042275 ape=0.5419
[22:42:24] regretChangePotential 77% (911/1182) regret=0.042275 ape=0.5419
[22:42:24] regretChangePotential 77% (912/1182) regret=0.042275 ape=0.5419
[22:42:24] regretChangePotential 77% (913/1182) regret=0.042275 ape=0.5419
[22:42:24] regretChangePotential 77% (914/1182) regret=0.042275 ape=0.5419
[22:42:24] regretChangePotential 77% (915/1182) regret=0.042275 ape=0.5419
[22:42:24] regretChangePotential 77% (916/1182) regret=0.042275 ape=0.5419
[22:42:24] regretChangePotential 77% (917/1182) regret=0.042275 ape=0.5419
[22:42:25] regretChangePotential 77% (918/1182) regret=0.042275 ape=0.5419
[22:42:25] regretChangePotential 77% (919/1182) regret=0.042275 ape=0.5419
[22:42:25] regretChangePotential 77% (920/1182) regret=0.042275 ape=0.5419
[22:42:25] regretChangePotential 77% (921/1182) regret=0.042275 ape=0.5419
[22:42:25] regretChangePotential 78% (922/1182) regret=0.042275 ape=0.5419
[22:42:25] regretChangePotential 78% (923/1182) regret=0.042275 ape=0.5419
[22:42:25] regretChangePotential 78% (924/1182) regret=0.042275 ape=0.5419
[22:42:26] regretChangePotential 78% (925/1182) regret=0.042275 ape=0.5419
[22:42:26] regretChangePotential 78% (926/1182) regret=0.042275 ape=0.5419
[22:42:26] regretChangePotential 78% (927/1182) regret=0.042275 ape=0.5419
[22:42:26] regretChangePotential 78% (928/1182) regret=0.042275 ape=0.5419
[22:42:26] regretChangePotential 78% (929/1182) regret=0.042275 ape=0.5419
[22:42:26] regretChangePotential 78% (930/1182) regret=0.042275 ape=0.5419
[22:42:26] regretChangePotential 78% (931/1182) regret=0.042275 ape=0.5419
[22:42:27] regretChangePotential 78% (932/1182) regret=0.042275 ape=0.5419
[22:42:27] regretChangePotential 78% (933/1182) regret=0.042179 ape=0.5419
[22:42:27] regretChangePotential 79% (934/1182) regret=0.042179 ape=0.5419
[22:42:27] regretChangePotential 79% (935/1182) regret=0.042179 ape=0.5419
[22:42:27] regretChangePotential 79% (936/1182) regret=0.042179 ape=0.5419
[22:42:27] regretChangePotential 79% (937/1182) regret=0.042179 ape=0.5419
[22:42:27] regretChangePotential 79% (938/1182) regret=0.042179 ape=0.5419
[22:42:28] regretChangePotential 79% (939/1182) regret=0.042179 ape=0.5419
[22:42:28] regretChangePotential 79% (940/1182) regret=0.042340 ape=0.5419
[22:42:28] regretChangePotential 79% (941/1182) regret=0.042326 ape=0.5419
[22:42:28] regretChangePotential 79% (942/1182) regret=0.042326 ape=0.5419
[22:42:28] regretChangePotential 79% (943/1182) regret=0.042324 ape=0.5419
[22:42:28] regretChangePotential 79% (944/1182) regret=0.042324 ape=0.5419
[22:42:28] regretChangePotential 79% (945/1182) regret=0.042324 ape=0.5419
[22:42:29] regretChangePotential 80% (946/1182) regret=0.042299 ape=0.5419
[22:42:29] regretChangePotential 80% (947/1182) regret=0.042299 ape=0.5419
[22:42:29] regretChangePotential 80% (948/1182) regret=0.042299 ape=0.5419
[22:42:29] regretChangePotential 80% (949/1182) regret=0.042327 ape=0.5429
[22:42:29] regretChangePotential 80% (950/1182) regret=0.042327 ape=0.5429
[22:42:29] regretChangePotential 80% (951/1182) regret=0.042526 ape=0.5429
[22:42:29] regretChangePotential 80% (952/1182) regret=0.042532 ape=0.5429
[22:42:30] regretChangePotential 80% (953/1182) regret=0.042544 ape=0.5429
[22:42:30] regretChangePotential 80% (954/1182) regret=0.042564 ape=0.5429
[22:42:30] regretChangePotential 80% (955/1182) regret=0.042564 ape=0.5429
[22:42:30] regretChangePotential 80% (956/1182) regret=0.042508 ape=0.5419
[22:42:30] regretChangePotential 80% (957/1182) regret=0.041872 ape=0.5410
[22:42:30] regretChangePotential 81% (958/1182) regret=0.041393 ape=0.5401
[22:42:30] regretChangePotential 81% (959/1182) regret=0.041530 ape=0.5392
[22:42:31] regretChangePotential 81% (960/1182) regret=0.041531 ape=0.5392
[22:42:31] regretChangePotential 81% (961/1182) regret=0.041439 ape=0.5392
[22:42:31] regretChangePotential 81% (962/1182) regret=0.041619 ape=0.5392
[22:42:31] regretChangePotential 81% (963/1182) regret=0.041135 ape=0.5382
[22:42:31] regretChangePotential 81% (964/1182) regret=0.041035 ape=0.5382
[22:42:31] regretChangePotential 81% (965/1182) regret=0.041035 ape=0.5382
[22:42:31] regretChangePotential 81% (966/1182) regret=0.041035 ape=0.5382
[22:42:32] regretChangePotential 81% (967/1182) regret=0.040832 ape=0.5373
[22:42:32] regretChangePotential 81% (968/1182) regret=0.040851 ape=0.5382
[22:42:32] regretChangePotential 81% (969/1182) regret=0.040961 ape=0.5373
[22:42:32] regretChangePotential 82% (970/1182) regret=0.040755 ape=0.5373
[22:42:32] regretChangePotential 82% (971/1182) regret=0.040780 ape=0.5382
[22:42:32] regretChangePotential 82% (972/1182) regret=0.040253 ape=0.5364
[22:42:32] regretChangePotential 82% (973/1182) regret=0.040243 ape=0.5364
[22:42:33] regretChangePotential 82% (974/1182) regret=0.040243 ape=0.5364
[22:42:33] regretChangePotential 82% (975/1182) regret=0.040243 ape=0.5364
[22:42:33] regretChangePotential 82% (976/1182) regret=0.040243 ape=0.5364
[22:42:33] regretChangePotential 82% (977/1182) regret=0.040265 ape=0.5364
[22:42:33] regretChangePotential 82% (978/1182) regret=0.040265 ape=0.5364
[22:42:33] regretChangePotential 82% (979/1182) regret=0.039836 ape=0.5364
[22:42:33] regretChangePotential 82% (980/1182) regret=0.039836 ape=0.5364
[22:42:34] regretChangePotential 82% (981/1182) regret=0.039836 ape=0.5364
[22:42:34] regretChangePotential 83% (982/1182) regret=0.039836 ape=0.5364
[22:42:34] regretChangePotential 83% (983/1182) regret=0.039836 ape=0.5364
[22:42:34] regretChangePotential 83% (984/1182) regret=0.039836 ape=0.5364
[22:42:34] regretChangePotential 83% (985/1182) regret=0.039836 ape=0.5364
[22:42:34] regretChangePotential 83% (986/1182) regret=0.039812 ape=0.5364
[22:42:34] regretChangePotential 83% (987/1182) regret=0.039812 ape=0.5364
[22:42:34] regretChangePotential 83% (988/1182) regret=0.039812 ape=0.5364
[22:42:35] regretChangePotential 83% (989/1182) regret=0.039812 ape=0.5364
[22:42:35] regretChangePotential 83% (990/1182) regret=0.039683 ape=0.5355
[22:42:35] regretChangePotential 83% (991/1182) regret=0.039691 ape=0.5355
[22:42:35] regretChangePotential 83% (992/1182) regret=0.039866 ape=0.5355
[22:42:35] regretChangePotential 84% (993/1182) regret=0.039763 ape=0.5355
[22:42:35] regretChangePotential 84% (994/1182) regret=0.039811 ape=0.5355
[22:42:36] regretChangePotential 84% (995/1182) regret=0.039811 ape=0.5355
[22:42:36] regretChangePotential 84% (996/1182) regret=0.039792 ape=0.5364
[22:42:36] regretChangePotential 84% (997/1182) regret=0.039811 ape=0.5364
[22:42:36] regretChangePotential 84% (998/1182) regret=0.039802 ape=0.5364
[22:42:36] regretChangePotential 84% (999/1182) regret=0.039802 ape=0.5364
[22:42:36] regretChangePotential 84% (1000/1182) regret=0.039802 ape=0.5364
[22:42:36] regretChangePotential 84% (1001/1182) regret=0.039802 ape=0.5364
[22:42:37] regretChangePotential 84% (1002/1182) regret=0.039802 ape=0.5364
[22:42:37] regretChangePotential 84% (1003/1182) regret=0.039802 ape=0.5364
[22:42:37] regretChangePotential 84% (1004/1182) regret=0.039802 ape=0.5364
[22:42:37] regretChangePotential 85% (1005/1182) regret=0.039802 ape=0.5364
[22:42:37] regretChangePotential 85% (1006/1182) regret=0.039802 ape=0.5364
[22:42:37] regretChangePotential 85% (1007/1182) regret=0.039802 ape=0.5364
[22:42:37] regretChangePotential 85% (1008/1182) regret=0.039802 ape=0.5364
[22:42:38] regretChangePotential 85% (1009/1182) regret=0.039802 ape=0.5364
[22:42:38] regretChangePotential 85% (1010/1182) regret=0.039792 ape=0.5364
[22:42:38] regretChangePotential 85% (1011/1182) regret=0.039792 ape=0.5364
[22:42:38] regretChangePotential 85% (1012/1182) regret=0.039792 ape=0.5364
[22:42:38] regretChangePotential 85% (1013/1182) regret=0.039792 ape=0.5364
[22:42:38] regretChangePotential 85% (1014/1182) regret=0.039792 ape=0.5364
[22:42:38] regretChangePotential 85% (1015/1182) regret=0.039792 ape=0.5364
[22:42:39] regretChangePotential 85% (1016/1182) regret=0.039792 ape=0.5364
[22:42:39] regretChangePotential 86% (1017/1182) regret=0.039792 ape=0.5364
[22:42:39] regretChangePotential 86% (1018/1182) regret=0.039792 ape=0.5364
[22:42:39] regretChangePotential 86% (1019/1182) regret=0.039792 ape=0.5364
[22:42:39] regretChangePotential 86% (1020/1182) regret=0.039792 ape=0.5364
[22:42:39] regretChangePotential 86% (1021/1182) regret=0.039792 ape=0.5364
[22:42:39] regretChangePotential 86% (1022/1182) regret=0.039792 ape=0.5364
[22:42:40] regretChangePotential 86% (1023/1182) regret=0.039792 ape=0.5364
[22:42:40] regretChangePotential 86% (1024/1182) regret=0.039792 ape=0.5364
[22:42:40] regretChangePotential 86% (1025/1182) regret=0.039792 ape=0.5364
[22:42:40] regretChangePotential 86% (1026/1182) regret=0.039942 ape=0.5364
[22:42:40] regretChangePotential 86% (1027/1182) regret=0.039606 ape=0.5355
[22:42:40] regretChangePotential 86% (1028/1182) regret=0.039606 ape=0.5355
[22:42:40] regretChangePotential 87% (1029/1182) regret=0.039587 ape=0.5355
[22:42:40] regretChangePotential 87% (1030/1182) regret=0.039587 ape=0.5355
[22:42:41] regretChangePotential 87% (1031/1182) regret=0.039546 ape=0.5346
[22:42:41] regretChangePotential 87% (1032/1182) regret=0.039546 ape=0.5346
[22:42:41] regretChangePotential 87% (1033/1182) regret=0.039546 ape=0.5346
[22:42:41] regretChangePotential 87% (1034/1182) regret=0.039500 ape=0.5346
[22:42:41] regretChangePotential 87% (1035/1182) regret=0.039362 ape=0.5336
[22:42:41] regretChangePotential 87% (1036/1182) regret=0.039352 ape=0.5327
[22:42:42] regretChangePotential 87% (1037/1182) regret=0.039362 ape=0.5336
[22:42:42] regretChangePotential 87% (1038/1182) regret=0.039343 ape=0.5336
[22:42:42] regretChangePotential 87% (1039/1182) regret=0.039426 ape=0.5336
[22:42:42] regretChangePotential 87% (1040/1182) regret=0.039426 ape=0.5336
[22:42:42] regretChangePotential 88% (1041/1182) regret=0.039362 ape=0.5336
[22:42:42] regretChangePotential 88% (1042/1182) regret=0.039362 ape=0.5336
[22:42:42] regretChangePotential 88% (1043/1182) regret=0.039291 ape=0.5336
[22:42:43] regretChangePotential 88% (1044/1182) regret=0.039229 ape=0.5336
[22:42:43] regretChangePotential 88% (1045/1182) regret=0.039266 ape=0.5336
[22:42:43] regretChangePotential 88% (1046/1182) regret=0.039266 ape=0.5336
[22:42:43] regretChangePotential 88% (1047/1182) regret=0.039266 ape=0.5336
[22:42:43] regretChangePotential 88% (1048/1182) regret=0.039266 ape=0.5336
[22:42:43] regretChangePotential 88% (1049/1182) regret=0.039312 ape=0.5346
[22:42:43] regretChangePotential 88% (1050/1182) regret=0.039266 ape=0.5336
[22:42:44] regretChangePotential 88% (1051/1182) regret=0.039266 ape=0.5336
[22:42:44] regretChangePotential 89% (1052/1182) regret=0.039197 ape=0.5336
[22:42:44] regretChangePotential 89% (1053/1182) regret=0.039335 ape=0.5346
[22:42:44] regretChangePotential 89% (1054/1182) regret=0.039253 ape=0.5346
[22:42:44] regretChangePotential 89% (1055/1182) regret=0.039432 ape=0.5346
[22:42:44] regretChangePotential 89% (1056/1182) regret=0.039239 ape=0.5346
[22:42:44] regretChangePotential 89% (1057/1182) regret=0.039239 ape=0.5346
[22:42:45] regretChangePotential 89% (1058/1182) regret=0.039497 ape=0.5346
[22:42:45] regretChangePotential 89% (1059/1182) regret=0.039592 ape=0.5346
[22:42:45] regretChangePotential 89% (1060/1182) regret=0.039672 ape=0.5346
[22:42:45] regretChangePotential 89% (1061/1182) regret=0.039497 ape=0.5346
[22:42:45] regretChangePotential 89% (1062/1182) regret=0.039469 ape=0.5346
[22:42:45] regretChangePotential 89% (1063/1182) regret=0.039847 ape=0.5346
[22:42:45] regretChangePotential 90% (1064/1182) regret=0.039211 ape=0.5346
[22:42:46] regretChangePotential 90% (1065/1182) regret=0.039211 ape=0.5346
[22:42:46] regretChangePotential 90% (1066/1182) regret=0.039179 ape=0.5327
[22:42:46] regretChangePotential 90% (1067/1182) regret=0.039019 ape=0.5327
[22:42:46] regretChangePotential 90% (1068/1182) regret=0.038941 ape=0.5327
[22:42:46] regretChangePotential 90% (1069/1182) regret=0.039150 ape=0.5318
[22:42:46] regretChangePotential 90% (1070/1182) regret=0.039057 ape=0.5309
[22:42:46] regretChangePotential 90% (1071/1182) regret=0.039057 ape=0.5309
[22:42:47] regretChangePotential 90% (1072/1182) regret=0.039014 ape=0.5300
[22:42:47] regretChangePotential 90% (1073/1182) regret=0.039119 ape=0.5309
[22:42:47] regretChangePotential 90% (1074/1182) regret=0.039119 ape=0.5309
[22:42:47] regretChangePotential 90% (1075/1182) regret=0.039119 ape=0.5309
[22:42:47] regretChangePotential 91% (1076/1182) regret=0.039119 ape=0.5309
[22:42:47] regretChangePotential 91% (1077/1182) regret=0.039119 ape=0.5309
[22:42:47] regretChangePotential 91% (1078/1182) regret=0.039119 ape=0.5309
[22:42:48] regretChangePotential 91% (1079/1182) regret=0.039119 ape=0.5309
[22:42:48] regretChangePotential 91% (1080/1182) regret=0.039119 ape=0.5309
[22:42:48] regretChangePotential 91% (1081/1182) regret=0.039119 ape=0.5309
[22:42:48] regretChangePotential 91% (1082/1182) regret=0.039123 ape=0.5309
[22:42:48] regretChangePotential 91% (1083/1182) regret=0.039123 ape=0.5309
[22:42:48] regretChangePotential 91% (1084/1182) regret=0.039120 ape=0.5309
[22:42:48] regretChangePotential 91% (1085/1182) regret=0.039120 ape=0.5309
[22:42:49] regretChangePotential 91% (1086/1182) regret=0.039120 ape=0.5309
[22:42:49] regretChangePotential 91% (1087/1182) regret=0.039120 ape=0.5309
[22:42:49] regretChangePotential 92% (1088/1182) regret=0.039120 ape=0.5309
[22:42:49] regretChangePotential 92% (1089/1182) regret=0.039120 ape=0.5309
[22:42:49] regretChangePotential 92% (1090/1182) regret=0.039099 ape=0.5309
[22:42:49] regretChangePotential 92% (1091/1182) regret=0.039099 ape=0.5309
[22:42:49] regretChangePotential 92% (1092/1182) regret=0.039182 ape=0.5309
[22:42:50] regretChangePotential 92% (1093/1182) regret=0.039237 ape=0.5309
[22:42:50] regretChangePotential 92% (1094/1182) regret=0.039237 ape=0.5309
[22:42:50] regretChangePotential 92% (1095/1182) regret=0.039237 ape=0.5309
[22:42:50] regretChangePotential 92% (1096/1182) regret=0.039237 ape=0.5309
[22:42:50] regretChangePotential 92% (1097/1182) regret=0.039237 ape=0.5309
[22:42:50] regretChangePotential 92% (1098/1182) regret=0.039514 ape=0.5309
[22:42:50] regretChangePotential 92% (1099/1182) regret=0.039514 ape=0.5309
[22:42:51] regretChangePotential 93% (1100/1182) regret=0.039016 ape=0.5300
[22:42:51] regretChangePotential 93% (1101/1182) regret=0.039071 ape=0.5300
[22:42:51] regretChangePotential 93% (1102/1182) regret=0.039071 ape=0.5300
[22:42:51] regretChangePotential 93% (1103/1182) regret=0.039071 ape=0.5300
[22:42:51] regretChangePotential 93% (1104/1182) regret=0.039071 ape=0.5300
[22:42:51] regretChangePotential 93% (1105/1182) regret=0.039071 ape=0.5300
[22:42:51] regretChangePotential 93% (1106/1182) regret=0.039154 ape=0.5300
[22:42:52] regretChangePotential 93% (1107/1182) regret=0.039058 ape=0.5290
[22:42:52] regretChangePotential 93% (1108/1182) regret=0.039058 ape=0.5290
[22:42:52] regretChangePotential 93% (1109/1182) regret=0.039058 ape=0.5290
[22:42:52] regretChangePotential 93% (1110/1182) regret=0.039058 ape=0.5290
[22:42:52] regretChangePotential 93% (1111/1182) regret=0.038445 ape=0.5281
[22:42:52] regretChangePotential 94% (1112/1182) regret=0.038445 ape=0.5281
[22:42:52] regretChangePotential 94% (1113/1182) regret=0.038445 ape=0.5281
[22:42:53] regretChangePotential 94% (1114/1182) regret=0.038445 ape=0.5281
[22:42:53] regretChangePotential 94% (1115/1182) regret=0.038455 ape=0.5281
[22:42:53] regretChangePotential 94% (1116/1182) regret=0.038455 ape=0.5281
[22:42:53] regretChangePotential 94% (1117/1182) regret=0.038529 ape=0.5281
[22:42:53] regretChangePotential 94% (1118/1182) regret=0.038529 ape=0.5281
[22:42:53] regretChangePotential 94% (1119/1182) regret=0.038529 ape=0.5281
[22:42:53] regretChangePotential 94% (1120/1182) regret=0.038529 ape=0.5281
[22:42:54] regretChangePotential 94% (1121/1182) regret=0.038529 ape=0.5281
[22:42:54] regretChangePotential 94% (1122/1182) regret=0.038529 ape=0.5281
[22:42:54] regretChangePotential 95% (1123/1182) regret=0.038529 ape=0.5281
[22:42:54] regretChangePotential 95% (1124/1182) regret=0.038529 ape=0.5281
[22:42:54] regretChangePotential 95% (1125/1182) regret=0.038529 ape=0.5281
[22:42:54] regretChangePotential 95% (1126/1182) regret=0.038529 ape=0.5281
[22:42:54] regretChangePotential 95% (1127/1182) regret=0.038810 ape=0.5290
[22:42:55] regretChangePotential 95% (1128/1182) regret=0.038810 ape=0.5290
[22:42:55] regretChangePotential 95% (1129/1182) regret=0.038829 ape=0.5290
[22:42:55] regretChangePotential 95% (1130/1182) regret=0.038804 ape=0.5290
[22:42:55] regretChangePotential 95% (1131/1182) regret=0.038601 ape=0.5281
[22:42:55] regretChangePotential 95% (1132/1182) regret=0.038601 ape=0.5281
[22:42:55] regretChangePotential 95% (1133/1182) regret=0.038601 ape=0.5281
[22:42:55] regretChangePotential 95% (1134/1182) regret=0.038574 ape=0.5272
[22:42:56] regretChangePotential 96% (1135/1182) regret=0.038574 ape=0.5272
[22:42:56] regretChangePotential 96% (1136/1182) regret=0.038574 ape=0.5272
[22:42:56] regretChangePotential 96% (1137/1182) regret=0.038574 ape=0.5272
[22:42:56] regretChangePotential 96% (1138/1182) regret=0.038574 ape=0.5272
[22:42:56] regretChangePotential 96% (1139/1182) regret=0.038574 ape=0.5272
[22:42:56] regretChangePotential 96% (1140/1182) regret=0.038466 ape=0.5263
[22:42:56] regretChangePotential 96% (1141/1182) regret=0.038402 ape=0.5263
[22:42:56] regretChangePotential 96% (1142/1182) regret=0.038402 ape=0.5263
[22:42:57] regretChangePotential 96% (1143/1182) regret=0.038402 ape=0.5263
[22:42:57] regretChangePotential 96% (1144/1182) regret=0.038402 ape=0.5263
[22:42:57] regretChangePotential 96% (1145/1182) regret=0.038402 ape=0.5263
[22:42:57] regretChangePotential 96% (1146/1182) regret=0.038128 ape=0.5253
[22:42:57] regretChangePotential 97% (1147/1182) regret=0.038128 ape=0.5253
[22:42:57] regretChangePotential 97% (1148/1182) regret=0.038128 ape=0.5253
[22:42:57] regretChangePotential 97% (1149/1182) regret=0.038174 ape=0.5253
[22:42:58] regretChangePotential 97% (1150/1182) regret=0.038174 ape=0.5253
[22:42:58] regretChangePotential 97% (1151/1182) regret=0.038174 ape=0.5253
[22:42:58] regretChangePotential 97% (1152/1182) regret=0.038174 ape=0.5253
[22:42:58] regretChangePotential 97% (1153/1182) regret=0.038432 ape=0.5263
[22:42:58] regretChangePotential 97% (1154/1182) regret=0.038174 ape=0.5253
[22:42:58] regretChangePotential 97% (1155/1182) regret=0.038174 ape=0.5253
[22:42:58] regretChangePotential 97% (1156/1182) regret=0.038174 ape=0.5253
[22:42:58] regretChangePotential 97% (1157/1182) regret=0.038174 ape=0.5253
[22:42:59] regretChangePotential 97% (1158/1182) regret=0.038174 ape=0.5253
[22:42:59] regretChangePotential 98% (1159/1182) regret=0.038063 ape=0.5253
[22:42:59] regretChangePotential 98% (1160/1182) regret=0.038174 ape=0.5253
[22:42:59] regretChangePotential 98% (1161/1182) regret=0.038232 ape=0.5263
[22:42:59] regretChangePotential 98% (1162/1182) regret=0.038232 ape=0.5263
[22:42:59] regretChangePotential 98% (1163/1182) regret=0.038232 ape=0.5263
[22:42:59] regretChangePotential 98% (1164/1182) regret=0.038232 ape=0.5263
[22:43:00] regretChangePotential 98% (1165/1182) regret=0.038211 ape=0.5263
[22:43:00] regretChangePotential 98% (1166/1182) regret=0.038303 ape=0.5263
[22:43:00] regretChangePotential 98% (1167/1182) regret=0.038216 ape=0.5263
[22:43:00] regretChangePotential 98% (1168/1182) regret=0.038059 ape=0.5263
[22:43:00] regretChangePotential 98% (1169/1182) regret=0.038059 ape=0.5263
[22:43:00] regretChangePotential 98% (1170/1182) regret=0.038059 ape=0.5263
[22:43:00] regretChangePotential 99% (1171/1182) regret=0.038122 ape=0.5263
[22:43:01] regretChangePotential 99% (1172/1182) regret=0.038025 ape=0.5263
[22:43:01] regretChangePotential 99% (1173/1182) regret=0.038025 ape=0.5263
[22:43:01] regretChangePotential 99% (1174/1182) regret=0.038043 ape=0.5263
[22:43:01] regretChangePotential 99% (1175/1182) regret=0.037907 ape=0.5253
[22:43:01] regretChangePotential 99% (1176/1182) regret=0.038015 ape=0.5272
[22:43:01] regretChangePotential 99% (1177/1182) regret=0.038046 ape=0.5272
[22:43:01] regretChangePotential 99% (1178/1182) regret=0.038147 ape=0.5281
[22:43:02] regretChangePotential 99% (1179/1182) regret=0.038147 ape=0.5281
[22:43:02] regretChangePotential 99% (1180/1182) regret=0.038147 ape=0.5281
[22:43:02] regretChangePotential 99% (1181/1182) regret=0.038147 ape=0.5281
Baseline finished: 1182 points, 170.39s
  Final: regret=0.038147, ape=0.5281

Saved: /home/users/g/s/gsavary/LudiiMCTSVariations/slurm_sweep_full_dataset/output_fractional/baseline/seed_1/sweep_fractional_baseline_1_20260426_224302.json

Generating plots...
Saved: /home/users/g/s/gsavary/LudiiMCTSVariations/slurm_sweep_full_dataset/output_fractional/baseline/seed_1/sweep_fractional_baseline_1_20260426_224302_regret.png
Saved: /home/users/g/s/gsavary/LudiiMCTSVariations/slurm_sweep_full_dataset/output_fractional/baseline/seed_1/sweep_fractional_baseline_1_20260426_224302_ape.png

================================================================================
Experiment complete!
================================================================================
Done. Results in: /home/users/g/s/gsavary/LudiiMCTSVariations/slurm_sweep_full_dataset/output_fractional/baseline/seed_1
