============================================================
Fractional warm start experiment
Method: warm
Seed:   2
Output: /home/users/g/s/gsavary/LudiiMCTSVariations/slurm_sweep_full_dataset/output_fractional/warm/seed_2
============================================================

================================================================================
SLURM Sweep Experiment - Single Fractional Sample Warm Start
================================================================================
Method:          warm
Time limit:      3600.0s
Seed:            2
Batch size:      20
Output dir:      /home/users/g/s/gsavary/LudiiMCTSVariations/slurm_sweep_full_dataset/output_fractional/warm/seed_2

Loading Ludii dataset...
Loaded 1085 games
Using 1085 games (full dataset)

Running timing probe (100 pulls)...
  Estimated secs/pull: 0.021844

Time budget: 3600.0s → ~164801 total pulls
Per-method budget: 23543 pulls (~514.3s)

Computing predictor-only performance...
  Predictions loaded: 23675 agent predictions
  Predictor-only: regret=0.104318, ape=0.4894

Running FRACTIONAL WARM START (1 sample per arm = ML predicted probability)...
[22:40:18] warmStart 0% (0/1178) regret=0.104318 ape=0.4894
[22:40:18] warmStart 0% (1/1178) regret=0.104318 ape=0.4894
[22:40:18] warmStart 0% (2/1178) regret=0.104318 ape=0.4894
[22:40:19] warmStart 0% (3/1178) regret=0.104318 ape=0.4894
[22:40:19] warmStart 0% (4/1178) regret=0.104318 ape=0.4894
[22:40:19] warmStart 0% (5/1178) regret=0.104318 ape=0.4894
[22:40:19] warmStart 0% (6/1178) regret=0.104318 ape=0.4894
[22:40:19] warmStart 0% (7/1178) regret=0.104318 ape=0.4894
[22:40:19] warmStart 0% (8/1178) regret=0.104399 ape=0.4903
[22:40:19] warmStart 0% (9/1178) regret=0.104719 ape=0.4903
[22:40:20] warmStart 0% (10/1178) regret=0.104719 ape=0.4903
[22:40:20] warmStart 0% (11/1178) regret=0.104719 ape=0.4903
[22:40:20] warmStart 1% (12/1178) regret=0.104719 ape=0.4903
[22:40:20] warmStart 1% (13/1178) regret=0.104645 ape=0.4912
[22:40:20] warmStart 1% (14/1178) regret=0.104645 ape=0.4912
[22:40:20] warmStart 1% (15/1178) regret=0.104650 ape=0.4922
[22:40:20] warmStart 1% (16/1178) regret=0.104622 ape=0.4922
[22:40:21] warmStart 1% (17/1178) regret=0.104622 ape=0.4922
[22:40:21] warmStart 1% (18/1178) regret=0.104629 ape=0.4922
[22:40:21] warmStart 1% (19/1178) regret=0.104923 ape=0.4931
[22:40:21] warmStart 1% (20/1178) regret=0.104875 ape=0.4922
[22:40:21] warmStart 1% (21/1178) regret=0.104965 ape=0.4903
[22:40:21] warmStart 1% (22/1178) regret=0.104965 ape=0.4903
[22:40:21] warmStart 1% (23/1178) regret=0.104932 ape=0.4903
[22:40:21] warmStart 2% (24/1178) regret=0.104817 ape=0.4903
[22:40:22] warmStart 2% (25/1178) regret=0.104816 ape=0.4922
[22:40:22] warmStart 2% (26/1178) regret=0.104825 ape=0.4922
[22:40:22] warmStart 2% (27/1178) regret=0.105046 ape=0.4922
[22:40:22] warmStart 2% (28/1178) regret=0.104908 ape=0.4922
[22:40:22] warmStart 2% (29/1178) regret=0.104972 ape=0.4912
[22:40:22] warmStart 2% (30/1178) regret=0.105295 ape=0.4912
[22:40:22] warmStart 2% (31/1178) regret=0.105293 ape=0.4912
[22:40:23] warmStart 2% (32/1178) regret=0.105293 ape=0.4912
[22:40:23] warmStart 2% (33/1178) regret=0.105339 ape=0.4959
[22:40:23] warmStart 2% (34/1178) regret=0.105140 ape=0.4995
[22:40:23] warmStart 2% (35/1178) regret=0.104706 ape=0.5014
[22:40:23] warmStart 3% (36/1178) regret=0.104862 ape=0.5032
[22:40:23] warmStart 3% (37/1178) regret=0.104952 ape=0.5041
[22:40:23] warmStart 3% (38/1178) regret=0.104077 ape=0.5041
[22:40:24] warmStart 3% (39/1178) regret=0.103665 ape=0.5032
[22:40:24] warmStart 3% (40/1178) regret=0.103786 ape=0.5069
[22:40:24] warmStart 3% (41/1178) regret=0.103826 ape=0.5069
[22:40:24] warmStart 3% (42/1178) regret=0.103965 ape=0.5078
[22:40:24] warmStart 3% (43/1178) regret=0.103965 ape=0.5078
[22:40:24] warmStart 3% (44/1178) regret=0.103965 ape=0.5078
[22:40:24] warmStart 3% (45/1178) regret=0.103965 ape=0.5078
[22:40:25] warmStart 3% (46/1178) regret=0.103965 ape=0.5078
[22:40:25] warmStart 3% (47/1178) regret=0.103965 ape=0.5078
[22:40:25] warmStart 4% (48/1178) regret=0.103965 ape=0.5078
[22:40:25] warmStart 4% (49/1178) regret=0.102720 ape=0.5078
[22:40:25] warmStart 4% (50/1178) regret=0.100798 ape=0.5060
[22:40:25] warmStart 4% (51/1178) regret=0.098576 ape=0.5051
[22:40:25] warmStart 4% (52/1178) regret=0.097397 ape=0.5041
[22:40:26] warmStart 4% (53/1178) regret=0.096525 ape=0.5032
[22:40:26] warmStart 4% (54/1178) regret=0.096525 ape=0.5032
[22:40:26] warmStart 4% (55/1178) regret=0.096516 ape=0.5032
[22:40:26] warmStart 4% (56/1178) regret=0.096509 ape=0.5023
[22:40:26] warmStart 4% (57/1178) regret=0.096468 ape=0.5014
[22:40:26] warmStart 4% (58/1178) regret=0.096562 ape=0.5014
[22:40:26] warmStart 5% (59/1178) regret=0.096534 ape=0.5005
[22:40:27] warmStart 5% (60/1178) regret=0.094307 ape=0.4986
[22:40:27] warmStart 5% (61/1178) regret=0.091182 ape=0.4949
[22:40:27] warmStart 5% (62/1178) regret=0.089108 ape=0.4922
[22:40:27] warmStart 5% (63/1178) regret=0.084297 ape=0.4866
[22:40:27] warmStart 5% (64/1178) regret=0.081310 ape=0.4857
[22:40:27] warmStart 5% (65/1178) regret=0.081299 ape=0.4848
[22:40:27] warmStart 5% (66/1178) regret=0.079308 ape=0.4848
[22:40:28] warmStart 5% (67/1178) regret=0.079305 ape=0.4848
[22:40:28] warmStart 5% (68/1178) regret=0.078012 ape=0.4839
[22:40:28] warmStart 5% (69/1178) regret=0.071560 ape=0.4793
[22:40:28] warmStart 5% (70/1178) regret=0.071298 ape=0.4793
[22:40:28] warmStart 6% (71/1178) regret=0.068443 ape=0.4774
[22:40:28] warmStart 6% (72/1178) regret=0.067724 ape=0.4765
[22:40:28] warmStart 6% (73/1178) regret=0.068254 ape=0.4765
[22:40:29] warmStart 6% (74/1178) regret=0.067330 ape=0.4765
[22:40:29] warmStart 6% (75/1178) regret=0.067482 ape=0.4765
[22:40:29] warmStart 6% (76/1178) regret=0.067367 ape=0.4774
[22:40:29] warmStart 6% (77/1178) regret=0.067648 ape=0.4774
[22:40:29] warmStart 6% (78/1178) regret=0.067820 ape=0.4793
[22:40:29] warmStart 6% (79/1178) regret=0.067871 ape=0.4793
[22:40:29] warmStart 6% (80/1178) regret=0.067251 ape=0.4793
[22:40:30] warmStart 6% (81/1178) regret=0.066813 ape=0.4783
[22:40:30] warmStart 6% (82/1178) regret=0.064362 ape=0.4793
[22:40:30] warmStart 7% (83/1178) regret=0.064002 ape=0.4793
[22:40:30] warmStart 7% (84/1178) regret=0.064526 ape=0.4802
[22:40:30] warmStart 7% (85/1178) regret=0.064214 ape=0.4802
[22:40:30] warmStart 7% (86/1178) regret=0.062724 ape=0.4802
[22:40:30] warmStart 7% (87/1178) regret=0.062037 ape=0.4802
[22:40:31] warmStart 7% (88/1178) regret=0.062016 ape=0.4802
[22:40:31] warmStart 7% (89/1178) regret=0.062044 ape=0.4811
[22:40:31] warmStart 7% (90/1178) regret=0.062021 ape=0.4811
[22:40:31] warmStart 7% (91/1178) regret=0.061970 ape=0.4811
[22:40:31] warmStart 7% (92/1178) regret=0.062491 ape=0.4820
[22:40:31] warmStart 7% (93/1178) regret=0.062054 ape=0.4820
[22:40:31] warmStart 7% (94/1178) regret=0.061892 ape=0.4820
[22:40:32] warmStart 8% (95/1178) regret=0.061567 ape=0.4820
[22:40:32] warmStart 8% (96/1178) regret=0.062276 ape=0.4829
[22:40:32] warmStart 8% (97/1178) regret=0.062276 ape=0.4829
[22:40:32] warmStart 8% (98/1178) regret=0.062027 ape=0.4820
[22:40:32] warmStart 8% (99/1178) regret=0.062027 ape=0.4820
[22:40:32] warmStart 8% (100/1178) regret=0.061752 ape=0.4820
[22:40:32] warmStart 8% (101/1178) regret=0.061752 ape=0.4820
[22:40:33] warmStart 8% (102/1178) regret=0.062037 ape=0.4829
[22:40:33] warmStart 8% (103/1178) regret=0.059786 ape=0.4811
[22:40:33] warmStart 8% (104/1178) regret=0.057666 ape=0.4783
[22:40:33] warmStart 8% (105/1178) regret=0.057168 ape=0.4793
[22:40:33] warmStart 8% (106/1178) regret=0.056726 ape=0.4783
[22:40:33] warmStart 9% (107/1178) regret=0.056726 ape=0.4783
[22:40:33] warmStart 9% (108/1178) regret=0.056726 ape=0.4783
[22:40:34] warmStart 9% (109/1178) regret=0.057048 ape=0.4793
[22:40:34] warmStart 9% (110/1178) regret=0.057579 ape=0.4793
[22:40:34] warmStart 9% (111/1178) regret=0.056657 ape=0.4783
[22:40:34] warmStart 9% (112/1178) regret=0.056657 ape=0.4783
[22:40:34] warmStart 9% (113/1178) regret=0.056657 ape=0.4783
[22:40:34] warmStart 9% (114/1178) regret=0.056634 ape=0.4783
[22:40:35] warmStart 9% (115/1178) regret=0.056556 ape=0.4783
[22:40:35] warmStart 9% (116/1178) regret=0.056733 ape=0.4793
[22:40:35] warmStart 9% (117/1178) regret=0.056313 ape=0.4774
[22:40:35] warmStart 10% (118/1178) regret=0.056226 ape=0.4774
[22:40:35] warmStart 10% (119/1178) regret=0.056226 ape=0.4774
[22:40:35] warmStart 10% (120/1178) regret=0.056562 ape=0.4774
[22:40:35] warmStart 10% (121/1178) regret=0.056562 ape=0.4774
[22:40:36] warmStart 10% (122/1178) regret=0.056486 ape=0.4774
[22:40:36] warmStart 10% (123/1178) regret=0.056375 ape=0.4774
[22:40:36] warmStart 10% (124/1178) regret=0.056256 ape=0.4774
[22:40:36] warmStart 10% (125/1178) regret=0.056539 ape=0.4783
[22:40:36] warmStart 10% (126/1178) regret=0.057152 ape=0.4802
[22:40:36] warmStart 10% (127/1178) regret=0.057184 ape=0.4802
[22:40:36] warmStart 10% (128/1178) regret=0.056516 ape=0.4774
[22:40:37] warmStart 10% (129/1178) regret=0.056299 ape=0.4783
[22:40:37] warmStart 11% (130/1178) regret=0.056502 ape=0.4774
[22:40:37] warmStart 11% (131/1178) regret=0.056479 ape=0.4774
[22:40:37] warmStart 11% (132/1178) regret=0.056981 ape=0.4783
[22:40:37] warmStart 11% (133/1178) regret=0.056715 ape=0.4783
[22:40:37] warmStart 11% (134/1178) regret=0.056923 ape=0.4774
[22:40:37] warmStart 11% (135/1178) regret=0.057513 ape=0.4783
[22:40:38] warmStart 11% (136/1178) regret=0.057564 ape=0.4793
[22:40:38] warmStart 11% (137/1178) regret=0.057978 ape=0.4793
[22:40:38] warmStart 11% (138/1178) regret=0.058645 ape=0.4811
[22:40:38] warmStart 11% (139/1178) regret=0.059072 ape=0.4811
[22:40:38] warmStart 11% (140/1178) regret=0.058725 ape=0.4802
[22:40:38] warmStart 11% (141/1178) regret=0.058698 ape=0.4793
[22:40:38] warmStart 12% (142/1178) regret=0.058573 ape=0.4783
[22:40:39] warmStart 12% (143/1178) regret=0.058347 ape=0.4793
[22:40:39] warmStart 12% (144/1178) regret=0.058368 ape=0.4802
[22:40:39] warmStart 12% (145/1178) regret=0.058299 ape=0.4783
[22:40:39] warmStart 12% (146/1178) regret=0.058402 ape=0.4793
[22:40:39] warmStart 12% (147/1178) regret=0.058156 ape=0.4783
[22:40:39] warmStart 12% (148/1178) regret=0.057861 ape=0.4802
[22:40:39] warmStart 12% (149/1178) regret=0.057861 ape=0.4802
[22:40:40] warmStart 12% (150/1178) regret=0.057861 ape=0.4802
[22:40:40] warmStart 12% (151/1178) regret=0.057683 ape=0.4802
[22:40:40] warmStart 12% (152/1178) regret=0.056671 ape=0.4765
[22:40:40] warmStart 12% (153/1178) regret=0.056671 ape=0.4765
[22:40:40] warmStart 13% (154/1178) regret=0.056671 ape=0.4765
[22:40:40] warmStart 13% (155/1178) regret=0.056671 ape=0.4765
[22:40:40] warmStart 13% (156/1178) regret=0.056671 ape=0.4765
[22:40:41] warmStart 13% (157/1178) regret=0.056671 ape=0.4765
[22:40:41] warmStart 13% (158/1178) regret=0.056671 ape=0.4765
[22:40:41] warmStart 13% (159/1178) regret=0.056693 ape=0.4774
[22:40:41] warmStart 13% (160/1178) regret=0.056693 ape=0.4774
[22:40:41] warmStart 13% (161/1178) regret=0.056662 ape=0.4765
[22:40:41] warmStart 13% (162/1178) regret=0.056685 ape=0.4774
[22:40:41] warmStart 13% (163/1178) regret=0.056446 ape=0.4774
[22:40:42] warmStart 13% (164/1178) regret=0.056436 ape=0.4774
[22:40:42] warmStart 14% (165/1178) regret=0.056635 ape=0.4774
[22:40:42] warmStart 14% (166/1178) regret=0.056549 ape=0.4783
[22:40:42] warmStart 14% (167/1178) regret=0.056596 ape=0.4802
[22:40:42] warmStart 14% (168/1178) regret=0.056135 ape=0.4783
[22:40:42] warmStart 14% (169/1178) regret=0.056144 ape=0.4783
[22:40:42] warmStart 14% (170/1178) regret=0.056167 ape=0.4793
[22:40:43] warmStart 14% (171/1178) regret=0.055780 ape=0.4783
[22:40:43] warmStart 14% (172/1178) regret=0.056099 ape=0.4783
[22:40:43] warmStart 14% (173/1178) regret=0.056496 ape=0.4802
[22:40:43] warmStart 14% (174/1178) regret=0.056523 ape=0.4802
[22:40:43] warmStart 14% (175/1178) regret=0.056795 ape=0.4811
[22:40:43] warmStart 14% (176/1178) regret=0.056795 ape=0.4811
[22:40:43] warmStart 15% (177/1178) regret=0.056698 ape=0.4811
[22:40:43] warmStart 15% (178/1178) regret=0.056754 ape=0.4811
[22:40:44] warmStart 15% (179/1178) regret=0.056632 ape=0.4793
[22:40:44] warmStart 15% (180/1178) regret=0.056613 ape=0.4802
[22:40:44] warmStart 15% (181/1178) regret=0.056521 ape=0.4793
[22:40:44] warmStart 15% (182/1178) regret=0.056401 ape=0.4783
[22:40:44] warmStart 15% (183/1178) regret=0.055703 ape=0.4765
[22:40:44] warmStart 15% (184/1178) regret=0.055703 ape=0.4765
[22:40:44] warmStart 15% (185/1178) regret=0.055122 ape=0.4765
[22:40:45] warmStart 15% (186/1178) regret=0.054952 ape=0.4765
[22:40:45] warmStart 15% (187/1178) regret=0.054952 ape=0.4765
[22:40:45] warmStart 15% (188/1178) regret=0.054749 ape=0.4756
[22:40:45] warmStart 16% (189/1178) regret=0.054793 ape=0.4774
[22:40:45] warmStart 16% (190/1178) regret=0.054797 ape=0.4774
[22:40:45] warmStart 16% (191/1178) regret=0.054789 ape=0.4765
[22:40:45] warmStart 16% (192/1178) regret=0.054895 ape=0.4765
[22:40:46] warmStart 16% (193/1178) regret=0.054043 ape=0.4737
[22:40:46] warmStart 16% (194/1178) regret=0.052769 ape=0.4719
[22:40:46] warmStart 16% (195/1178) regret=0.053658 ape=0.4728
[22:40:46] warmStart 16% (196/1178) regret=0.053466 ape=0.4710
[22:40:46] warmStart 16% (197/1178) regret=0.053316 ape=0.4710
[22:40:46] warmStart 16% (198/1178) regret=0.053049 ape=0.4719
[22:40:46] warmStart 16% (199/1178) regret=0.052945 ape=0.4710
[22:40:47] warmStart 16% (200/1178) regret=0.052858 ape=0.4710
[22:40:47] warmStart 17% (201/1178) regret=0.052450 ape=0.4691
[22:40:47] warmStart 17% (202/1178) regret=0.052463 ape=0.4700
[22:40:47] warmStart 17% (203/1178) regret=0.052478 ape=0.4700
[22:40:47] warmStart 17% (204/1178) regret=0.052533 ape=0.4710
[22:40:47] warmStart 17% (205/1178) regret=0.052443 ape=0.4710
[22:40:47] warmStart 17% (206/1178) regret=0.052367 ape=0.4710
[22:40:48] warmStart 17% (207/1178) regret=0.052349 ape=0.4719
[22:40:48] warmStart 17% (208/1178) regret=0.052312 ape=0.4719
[22:40:48] warmStart 17% (209/1178) regret=0.052548 ape=0.4737
[22:40:48] warmStart 17% (210/1178) regret=0.052525 ape=0.4728
[22:40:48] warmStart 17% (211/1178) regret=0.052427 ape=0.4737
[22:40:48] warmStart 17% (212/1178) regret=0.052855 ape=0.4747
[22:40:48] warmStart 18% (213/1178) regret=0.053049 ape=0.4747
[22:40:49] warmStart 18% (214/1178) regret=0.053150 ape=0.4737
[22:40:49] warmStart 18% (215/1178) regret=0.052355 ape=0.4728
[22:40:49] warmStart 18% (216/1178) regret=0.052194 ape=0.4737
[22:40:49] warmStart 18% (217/1178) regret=0.051681 ape=0.4747
[22:40:49] warmStart 18% (218/1178) regret=0.051667 ape=0.4747
[22:40:49] warmStart 18% (219/1178) regret=0.051722 ape=0.4756
[22:40:49] warmStart 18% (220/1178) regret=0.051662 ape=0.4756
[22:40:50] warmStart 18% (221/1178) regret=0.051674 ape=0.4756
[22:40:50] warmStart 18% (222/1178) regret=0.051674 ape=0.4756
[22:40:50] warmStart 18% (223/1178) regret=0.051674 ape=0.4756
[22:40:50] warmStart 19% (224/1178) regret=0.051674 ape=0.4756
[22:40:50] warmStart 19% (225/1178) regret=0.051674 ape=0.4756
[22:40:50] warmStart 19% (226/1178) regret=0.051733 ape=0.4756
[22:40:50] warmStart 19% (227/1178) regret=0.051733 ape=0.4756
[22:40:51] warmStart 19% (228/1178) regret=0.051733 ape=0.4756
[22:40:51] warmStart 19% (229/1178) regret=0.051733 ape=0.4756
[22:40:51] warmStart 19% (230/1178) regret=0.051733 ape=0.4756
[22:40:51] warmStart 19% (231/1178) regret=0.051733 ape=0.4756
[22:40:51] warmStart 19% (232/1178) regret=0.051733 ape=0.4756
[22:40:51] warmStart 19% (233/1178) regret=0.051733 ape=0.4756
[22:40:51] warmStart 19% (234/1178) regret=0.051733 ape=0.4756
[22:40:52] warmStart 19% (235/1178) regret=0.051733 ape=0.4756
[22:40:52] warmStart 20% (236/1178) regret=0.051733 ape=0.4756
[22:40:52] warmStart 20% (237/1178) regret=0.051733 ape=0.4756
[22:40:52] warmStart 20% (238/1178) regret=0.051729 ape=0.4756
[22:40:52] warmStart 20% (239/1178) regret=0.051729 ape=0.4756
[22:40:52] warmStart 20% (240/1178) regret=0.051689 ape=0.4747
[22:40:52] warmStart 20% (241/1178) regret=0.051689 ape=0.4747
[22:40:53] warmStart 20% (242/1178) regret=0.051315 ape=0.4747
[22:40:53] warmStart 20% (243/1178) regret=0.051315 ape=0.4747
[22:40:53] warmStart 20% (244/1178) regret=0.051241 ape=0.4747
[22:40:53] warmStart 20% (245/1178) regret=0.051241 ape=0.4747
[22:40:53] warmStart 20% (246/1178) regret=0.051241 ape=0.4747
[22:40:53] warmStart 20% (247/1178) regret=0.051266 ape=0.4747
[22:40:53] warmStart 21% (248/1178) regret=0.051275 ape=0.4747
[22:40:54] warmStart 21% (249/1178) regret=0.051273 ape=0.4747
[22:40:54] warmStart 21% (250/1178) regret=0.051254 ape=0.4747
[22:40:54] warmStart 21% (251/1178) regret=0.051220 ape=0.4774
[22:40:54] warmStart 21% (252/1178) regret=0.051258 ape=0.4783
[22:40:54] warmStart 21% (253/1178) regret=0.051258 ape=0.4783
[22:40:54] warmStart 21% (254/1178) regret=0.051424 ape=0.4783
[22:40:54] warmStart 21% (255/1178) regret=0.051447 ape=0.4783
[22:40:54] warmStart 21% (256/1178) regret=0.051447 ape=0.4783
[22:40:55] warmStart 21% (257/1178) regret=0.051447 ape=0.4783
[22:40:55] warmStart 21% (258/1178) regret=0.051516 ape=0.4783
[22:40:55] warmStart 21% (259/1178) regret=0.051352 ape=0.4783
[22:40:55] warmStart 22% (260/1178) regret=0.051352 ape=0.4783
[22:40:55] warmStart 22% (261/1178) regret=0.051656 ape=0.4793
[22:40:55] warmStart 22% (262/1178) regret=0.051656 ape=0.4793
[22:40:56] warmStart 22% (263/1178) regret=0.051656 ape=0.4793
[22:40:56] warmStart 22% (264/1178) regret=0.051591 ape=0.4793
[22:40:56] warmStart 22% (265/1178) regret=0.051591 ape=0.4793
[22:40:56] warmStart 22% (266/1178) regret=0.051591 ape=0.4793
[22:40:56] warmStart 22% (267/1178) regret=0.051485 ape=0.4793
[22:40:56] warmStart 22% (268/1178) regret=0.051416 ape=0.4793
[22:40:56] warmStart 22% (269/1178) regret=0.051416 ape=0.4793
[22:40:56] warmStart 22% (270/1178) regret=0.051020 ape=0.4783
[22:40:57] warmStart 23% (271/1178) regret=0.051020 ape=0.4783
[22:40:57] warmStart 23% (272/1178) regret=0.051112 ape=0.4793
[22:40:57] warmStart 23% (273/1178) regret=0.051065 ape=0.4793
[22:40:57] warmStart 23% (274/1178) regret=0.051619 ape=0.4811
[22:40:57] warmStart 23% (275/1178) regret=0.051612 ape=0.4811
[22:40:57] warmStart 23% (276/1178) regret=0.051626 ape=0.4820
[22:40:57] warmStart 23% (277/1178) regret=0.051626 ape=0.4820
[22:40:58] warmStart 23% (278/1178) regret=0.051580 ape=0.4811
[22:40:58] warmStart 23% (279/1178) regret=0.051456 ape=0.4811
[22:40:58] warmStart 23% (280/1178) regret=0.051456 ape=0.4811
[22:40:58] warmStart 23% (281/1178) regret=0.051494 ape=0.4811
[22:40:58] warmStart 23% (282/1178) regret=0.051494 ape=0.4811
[22:40:58] warmStart 24% (283/1178) regret=0.051494 ape=0.4811
[22:40:58] warmStart 24% (284/1178) regret=0.051494 ape=0.4811
[22:40:59] warmStart 24% (285/1178) regret=0.051494 ape=0.4811
[22:40:59] warmStart 24% (286/1178) regret=0.051494 ape=0.4811
[22:40:59] warmStart 24% (287/1178) regret=0.051494 ape=0.4811
[22:40:59] warmStart 24% (288/1178) regret=0.051494 ape=0.4811
[22:40:59] warmStart 24% (289/1178) regret=0.051494 ape=0.4811
[22:40:59] warmStart 24% (290/1178) regret=0.051089 ape=0.4802
[22:40:59] warmStart 24% (291/1178) regret=0.051015 ape=0.4793
[22:41:00] warmStart 24% (292/1178) regret=0.050698 ape=0.4783
[22:41:00] warmStart 24% (293/1178) regret=0.051010 ape=0.4774
[22:41:00] warmStart 24% (294/1178) regret=0.050972 ape=0.4756
[22:41:00] warmStart 25% (295/1178) regret=0.051200 ape=0.4756
[22:41:00] warmStart 25% (296/1178) regret=0.050988 ape=0.4747
[22:41:00] warmStart 25% (297/1178) regret=0.050997 ape=0.4756
[22:41:00] warmStart 25% (298/1178) regret=0.050997 ape=0.4756
[22:41:01] warmStart 25% (299/1178) regret=0.050997 ape=0.4756
[22:41:01] warmStart 25% (300/1178) regret=0.051048 ape=0.4756
[22:41:01] warmStart 25% (301/1178) regret=0.051126 ape=0.4765
[22:41:01] warmStart 25% (302/1178) regret=0.051126 ape=0.4765
[22:41:01] warmStart 25% (303/1178) regret=0.051126 ape=0.4765
[22:41:01] warmStart 25% (304/1178) regret=0.051126 ape=0.4765
[22:41:01] warmStart 25% (305/1178) regret=0.050583 ape=0.4774
[22:41:02] warmStart 25% (306/1178) regret=0.050583 ape=0.4774
[22:41:02] warmStart 26% (307/1178) regret=0.050583 ape=0.4774
[22:41:02] warmStart 26% (308/1178) regret=0.050630 ape=0.4793
[22:41:02] warmStart 26% (309/1178) regret=0.050668 ape=0.4802
[22:41:02] warmStart 26% (310/1178) regret=0.050764 ape=0.4802
[22:41:02] warmStart 26% (311/1178) regret=0.050764 ape=0.4802
[22:41:02] warmStart 26% (312/1178) regret=0.050764 ape=0.4802
[22:41:03] warmStart 26% (313/1178) regret=0.050769 ape=0.4802
[22:41:03] warmStart 26% (314/1178) regret=0.050722 ape=0.4793
[22:41:03] warmStart 26% (315/1178) regret=0.050756 ape=0.4793
[22:41:03] warmStart 26% (316/1178) regret=0.050765 ape=0.4793
[22:41:03] warmStart 26% (317/1178) regret=0.050829 ape=0.4802
[22:41:03] warmStart 26% (318/1178) regret=0.050829 ape=0.4802
[22:41:03] warmStart 27% (319/1178) regret=0.050606 ape=0.4802
[22:41:04] warmStart 27% (320/1178) regret=0.050763 ape=0.4802
[22:41:04] warmStart 27% (321/1178) regret=0.050664 ape=0.4783
[22:41:04] warmStart 27% (322/1178) regret=0.050814 ape=0.4783
[22:41:04] warmStart 27% (323/1178) regret=0.050450 ape=0.4774
[22:41:04] warmStart 27% (324/1178) regret=0.050229 ape=0.4765
[22:41:04] warmStart 27% (325/1178) regret=0.050397 ape=0.4756
[22:41:04] warmStart 27% (326/1178) regret=0.050425 ape=0.4756
[22:41:05] warmStart 27% (327/1178) regret=0.050786 ape=0.4756
[22:41:05] warmStart 27% (328/1178) regret=0.050832 ape=0.4756
[22:41:05] warmStart 27% (329/1178) regret=0.051151 ape=0.4756
[22:41:05] warmStart 28% (330/1178) regret=0.051262 ape=0.4765
[22:41:05] warmStart 28% (331/1178) regret=0.051260 ape=0.4765
[22:41:05] warmStart 28% (332/1178) regret=0.051252 ape=0.4765
[22:41:05] warmStart 28% (333/1178) regret=0.051026 ape=0.4765
[22:41:06] warmStart 28% (334/1178) regret=0.050746 ape=0.4765
[22:41:06] warmStart 28% (335/1178) regret=0.050584 ape=0.4765
[22:41:06] warmStart 28% (336/1178) regret=0.051048 ape=0.4774
[22:41:06] warmStart 28% (337/1178) regret=0.050830 ape=0.4765
[22:41:06] warmStart 28% (338/1178) regret=0.050830 ape=0.4765
[22:41:06] warmStart 28% (339/1178) regret=0.050831 ape=0.4765
[22:41:06] warmStart 28% (340/1178) regret=0.050850 ape=0.4774
[22:41:07] warmStart 28% (341/1178) regret=0.050303 ape=0.4774
[22:41:07] warmStart 29% (342/1178) regret=0.050400 ape=0.4783
[22:41:07] warmStart 29% (343/1178) regret=0.050398 ape=0.4774
[22:41:07] warmStart 29% (344/1178) regret=0.050398 ape=0.4774
[22:41:07] warmStart 29% (345/1178) regret=0.050398 ape=0.4774
[22:41:07] warmStart 29% (346/1178) regret=0.050216 ape=0.4774
[22:41:07] warmStart 29% (347/1178) regret=0.049995 ape=0.4756
[22:41:08] warmStart 29% (348/1178) regret=0.049995 ape=0.4756
[22:41:08] warmStart 29% (349/1178) regret=0.050004 ape=0.4765
[22:41:08] warmStart 29% (350/1178) regret=0.050082 ape=0.4765
[22:41:08] warmStart 29% (351/1178) regret=0.050082 ape=0.4765
[22:41:08] warmStart 29% (352/1178) regret=0.050091 ape=0.4765
[22:41:08] warmStart 29% (353/1178) regret=0.050177 ape=0.4747
[22:41:08] warmStart 30% (354/1178) regret=0.050236 ape=0.4747
[22:41:09] warmStart 30% (355/1178) regret=0.049528 ape=0.4737
[22:41:09] warmStart 30% (356/1178) regret=0.049063 ape=0.4728
[22:41:09] warmStart 30% (357/1178) regret=0.049063 ape=0.4728
[22:41:09] warmStart 30% (358/1178) regret=0.049250 ape=0.4737
[22:41:09] warmStart 30% (359/1178) regret=0.049250 ape=0.4737
[22:41:09] warmStart 30% (360/1178) regret=0.049217 ape=0.4737
[22:41:09] warmStart 30% (361/1178) regret=0.049196 ape=0.4728
[22:41:10] warmStart 30% (362/1178) regret=0.049280 ape=0.4728
[22:41:10] warmStart 30% (363/1178) regret=0.049296 ape=0.4737
[22:41:10] warmStart 30% (364/1178) regret=0.049296 ape=0.4737
[22:41:10] warmStart 30% (365/1178) regret=0.049296 ape=0.4737
[22:41:10] warmStart 31% (366/1178) regret=0.049341 ape=0.4737
[22:41:10] warmStart 31% (367/1178) regret=0.049322 ape=0.4737
[22:41:10] warmStart 31% (368/1178) regret=0.049373 ape=0.4737
[22:41:11] warmStart 31% (369/1178) regret=0.049055 ape=0.4728
[22:41:11] warmStart 31% (370/1178) regret=0.049055 ape=0.4728
[22:41:11] warmStart 31% (371/1178) regret=0.049069 ape=0.4728
[22:41:11] warmStart 31% (372/1178) regret=0.049138 ape=0.4728
[22:41:11] warmStart 31% (373/1178) regret=0.049138 ape=0.4728
[22:41:11] warmStart 31% (374/1178) regret=0.049285 ape=0.4737
[22:41:12] warmStart 31% (375/1178) regret=0.049258 ape=0.4737
[22:41:12] warmStart 31% (376/1178) regret=0.049221 ape=0.4737
[22:41:12] warmStart 32% (377/1178) regret=0.048594 ape=0.4737
[22:41:12] warmStart 32% (378/1178) regret=0.047663 ape=0.4719
[22:41:12] warmStart 32% (379/1178) regret=0.047373 ape=0.4719
[22:41:12] warmStart 32% (380/1178) regret=0.047826 ape=0.4728
[22:41:12] warmStart 32% (381/1178) regret=0.047826 ape=0.4728
[22:41:13] warmStart 32% (382/1178) regret=0.047768 ape=0.4728
[22:41:13] warmStart 32% (383/1178) regret=0.048195 ape=0.4737
[22:41:13] warmStart 32% (384/1178) regret=0.048195 ape=0.4737
[22:41:13] warmStart 32% (385/1178) regret=0.047937 ape=0.4737
[22:41:13] warmStart 32% (386/1178) regret=0.048159 ape=0.4737
[22:41:13] warmStart 32% (387/1178) regret=0.047947 ape=0.4719
[22:41:13] warmStart 32% (388/1178) regret=0.047839 ape=0.4710
[22:41:13] warmStart 33% (389/1178) regret=0.047835 ape=0.4710
[22:41:14] warmStart 33% (390/1178) regret=0.047807 ape=0.4710
[22:41:14] warmStart 33% (391/1178) regret=0.047807 ape=0.4710
[22:41:14] warmStart 33% (392/1178) regret=0.047807 ape=0.4710
[22:41:14] warmStart 33% (393/1178) regret=0.047788 ape=0.4710
[22:41:14] warmStart 33% (394/1178) regret=0.047788 ape=0.4710
[22:41:14] warmStart 33% (395/1178) regret=0.047798 ape=0.4710
[22:41:14] warmStart 33% (396/1178) regret=0.047798 ape=0.4710
[22:41:15] warmStart 33% (397/1178) regret=0.047858 ape=0.4710
[22:41:15] warmStart 33% (398/1178) regret=0.047858 ape=0.4710
[22:41:15] warmStart 33% (399/1178) regret=0.047848 ape=0.4710
[22:41:15] warmStart 33% (400/1178) regret=0.047460 ape=0.4700
[22:41:15] warmStart 34% (401/1178) regret=0.047351 ape=0.4700
[22:41:15] warmStart 34% (402/1178) regret=0.046543 ape=0.4700
[22:41:15] warmStart 34% (403/1178) regret=0.046543 ape=0.4700
[22:41:16] warmStart 34% (404/1178) regret=0.046584 ape=0.4700
[22:41:16] warmStart 34% (405/1178) regret=0.046586 ape=0.4710
[22:41:16] warmStart 34% (406/1178) regret=0.046581 ape=0.4700
[22:41:16] warmStart 34% (407/1178) regret=0.046560 ape=0.4700
[22:41:16] warmStart 34% (408/1178) regret=0.046582 ape=0.4700
[22:41:16] warmStart 34% (409/1178) regret=0.046582 ape=0.4700
[22:41:16] warmStart 34% (410/1178) regret=0.046591 ape=0.4700
[22:41:17] warmStart 34% (411/1178) regret=0.046604 ape=0.4710
[22:41:17] warmStart 34% (412/1178) regret=0.046563 ape=0.4710
[22:41:17] warmStart 35% (413/1178) regret=0.046563 ape=0.4710
[22:41:17] warmStart 35% (414/1178) regret=0.046563 ape=0.4710
[22:41:17] warmStart 35% (415/1178) regret=0.046692 ape=0.4710
[22:41:17] warmStart 35% (416/1178) regret=0.046692 ape=0.4710
[22:41:17] warmStart 35% (417/1178) regret=0.046697 ape=0.4710
[22:41:18] warmStart 35% (418/1178) regret=0.046660 ape=0.4710
[22:41:18] warmStart 35% (419/1178) regret=0.046752 ape=0.4710
[22:41:18] warmStart 35% (420/1178) regret=0.046264 ape=0.4700
[22:41:18] warmStart 35% (421/1178) regret=0.046254 ape=0.4700
[22:41:18] warmStart 35% (422/1178) regret=0.046254 ape=0.4700
[22:41:18] warmStart 35% (423/1178) regret=0.046411 ape=0.4710
[22:41:18] warmStart 35% (424/1178) regret=0.046360 ape=0.4710
[22:41:19] warmStart 36% (425/1178) regret=0.046429 ape=0.4710
[22:41:19] warmStart 36% (426/1178) regret=0.046370 ape=0.4710
[22:41:19] warmStart 36% (427/1178) regret=0.045941 ape=0.4710
[22:41:19] warmStart 36% (428/1178) regret=0.045941 ape=0.4710
[22:41:19] warmStart 36% (429/1178) regret=0.045941 ape=0.4710
[22:41:19] warmStart 36% (430/1178) regret=0.045941 ape=0.4710
[22:41:19] warmStart 36% (431/1178) regret=0.045941 ape=0.4710
[22:41:20] warmStart 36% (432/1178) regret=0.045941 ape=0.4710
[22:41:20] warmStart 36% (433/1178) regret=0.045941 ape=0.4710
[22:41:20] warmStart 36% (434/1178) regret=0.045931 ape=0.4710
[22:41:20] warmStart 36% (435/1178) regret=0.045562 ape=0.4710
[22:41:20] warmStart 37% (436/1178) regret=0.045073 ape=0.4710
[22:41:20] warmStart 37% (437/1178) regret=0.045062 ape=0.4700
[22:41:20] warmStart 37% (438/1178) regret=0.045052 ape=0.4700
[22:41:21] warmStart 37% (439/1178) regret=0.045052 ape=0.4700
[22:41:21] warmStart 37% (440/1178) regret=0.045052 ape=0.4700
[22:41:21] warmStart 37% (441/1178) regret=0.045034 ape=0.4700
[22:41:21] warmStart 37% (442/1178) regret=0.045034 ape=0.4700
[22:41:21] warmStart 37% (443/1178) regret=0.045034 ape=0.4700
[22:41:21] warmStart 37% (444/1178) regret=0.044983 ape=0.4700
[22:41:21] warmStart 37% (445/1178) regret=0.045060 ape=0.4710
[22:41:22] warmStart 37% (446/1178) regret=0.045060 ape=0.4710
[22:41:22] warmStart 37% (447/1178) regret=0.044913 ape=0.4700
[22:41:22] warmStart 38% (448/1178) regret=0.044913 ape=0.4700
[22:41:22] warmStart 38% (449/1178) regret=0.044913 ape=0.4700
[22:41:22] warmStart 38% (450/1178) regret=0.044913 ape=0.4700
[22:41:22] warmStart 38% (451/1178) regret=0.044915 ape=0.4700
[22:41:22] warmStart 38% (452/1178) regret=0.044915 ape=0.4700
[22:41:23] warmStart 38% (453/1178) regret=0.044915 ape=0.4700
[22:41:23] warmStart 38% (454/1178) regret=0.044684 ape=0.4691
[22:41:23] warmStart 38% (455/1178) regret=0.044270 ape=0.4682
[22:41:23] warmStart 38% (456/1178) regret=0.044270 ape=0.4682
[22:41:23] warmStart 38% (457/1178) regret=0.044500 ape=0.4691
[22:41:23] warmStart 38% (458/1178) regret=0.044892 ape=0.4700
[22:41:23] warmStart 38% (459/1178) regret=0.044500 ape=0.4691
[22:41:24] warmStart 39% (460/1178) regret=0.044500 ape=0.4691
[22:41:24] warmStart 39% (461/1178) regret=0.044205 ape=0.4682
[22:41:24] warmStart 39% (462/1178) regret=0.044205 ape=0.4682
[22:41:24] warmStart 39% (463/1178) regret=0.044213 ape=0.4691
[22:41:24] warmStart 39% (464/1178) regret=0.044231 ape=0.4691
[22:41:24] warmStart 39% (465/1178) regret=0.043641 ape=0.4691
[22:41:24] warmStart 39% (466/1178) regret=0.043600 ape=0.4691
[22:41:25] warmStart 39% (467/1178) regret=0.043595 ape=0.4682
[22:41:25] warmStart 39% (468/1178) regret=0.043608 ape=0.4691
[22:41:25] warmStart 39% (469/1178) regret=0.043608 ape=0.4691
[22:41:25] warmStart 39% (470/1178) regret=0.043627 ape=0.4691
[22:41:25] warmStart 39% (471/1178) regret=0.043627 ape=0.4691
[22:41:25] warmStart 40% (472/1178) regret=0.043194 ape=0.4682
[22:41:25] warmStart 40% (473/1178) regret=0.043318 ape=0.4682
[22:41:26] warmStart 40% (474/1178) regret=0.043318 ape=0.4682
[22:41:26] warmStart 40% (475/1178) regret=0.043281 ape=0.4682
[22:41:26] warmStart 40% (476/1178) regret=0.043281 ape=0.4682
[22:41:26] warmStart 40% (477/1178) regret=0.043060 ape=0.4682
[22:41:26] warmStart 40% (478/1178) regret=0.042857 ape=0.4682
[22:41:26] warmStart 40% (479/1178) regret=0.042903 ape=0.4691
[22:41:26] warmStart 40% (480/1178) regret=0.043165 ape=0.4700
[22:41:27] warmStart 40% (481/1178) regret=0.043161 ape=0.4691
[22:41:27] warmStart 40% (482/1178) regret=0.043161 ape=0.4691
[22:41:27] warmStart 41% (483/1178) regret=0.043161 ape=0.4691
[22:41:27] warmStart 41% (484/1178) regret=0.043161 ape=0.4691
[22:41:27] warmStart 41% (485/1178) regret=0.043271 ape=0.4700
[22:41:27] warmStart 41% (486/1178) regret=0.043301 ape=0.4710
[22:41:28] warmStart 41% (487/1178) regret=0.043301 ape=0.4710
[22:41:28] warmStart 41% (488/1178) regret=0.043283 ape=0.4700
[22:41:28] warmStart 41% (489/1178) regret=0.043283 ape=0.4700
[22:41:28] warmStart 41% (490/1178) regret=0.043283 ape=0.4700
[22:41:28] warmStart 41% (491/1178) regret=0.043283 ape=0.4700
[22:41:28] warmStart 41% (492/1178) regret=0.043294 ape=0.4700
[22:41:28] warmStart 41% (493/1178) regret=0.043200 ape=0.4700
[22:41:28] warmStart 41% (494/1178) regret=0.043200 ape=0.4700
[22:41:29] warmStart 42% (495/1178) regret=0.043200 ape=0.4700
[22:41:29] warmStart 42% (496/1178) regret=0.043200 ape=0.4700
[22:41:29] warmStart 42% (497/1178) regret=0.043200 ape=0.4700
[22:41:29] warmStart 42% (498/1178) regret=0.043057 ape=0.4691
[22:41:29] warmStart 42% (499/1178) regret=0.042918 ape=0.4682
[22:41:29] warmStart 42% (500/1178) regret=0.042901 ape=0.4682
[22:41:29] warmStart 42% (501/1178) regret=0.042901 ape=0.4682
[22:41:30] warmStart 42% (502/1178) regret=0.042901 ape=0.4682
[22:41:30] warmStart 42% (503/1178) regret=0.042888 ape=0.4673
[22:41:30] warmStart 42% (504/1178) regret=0.042888 ape=0.4673
[22:41:30] warmStart 42% (505/1178) regret=0.042888 ape=0.4673
[22:41:30] warmStart 42% (506/1178) regret=0.042888 ape=0.4673
[22:41:30] warmStart 43% (507/1178) regret=0.042888 ape=0.4673
[22:41:30] warmStart 43% (508/1178) regret=0.042888 ape=0.4673
[22:41:31] warmStart 43% (509/1178) regret=0.042888 ape=0.4673
[22:41:31] warmStart 43% (510/1178) regret=0.042888 ape=0.4673
[22:41:31] warmStart 43% (511/1178) regret=0.042888 ape=0.4673
[22:41:31] warmStart 43% (512/1178) regret=0.042845 ape=0.4664
[22:41:31] warmStart 43% (513/1178) regret=0.042845 ape=0.4664
[22:41:31] warmStart 43% (514/1178) regret=0.042780 ape=0.4664
[22:41:31] warmStart 43% (515/1178) regret=0.042780 ape=0.4664
[22:41:32] warmStart 43% (516/1178) regret=0.042780 ape=0.4664
[22:41:32] warmStart 43% (517/1178) regret=0.042780 ape=0.4664
[22:41:32] warmStart 43% (518/1178) regret=0.042799 ape=0.4664
[22:41:32] warmStart 44% (519/1178) regret=0.042799 ape=0.4664
[22:41:32] warmStart 44% (520/1178) regret=0.042799 ape=0.4664
[22:41:32] warmStart 44% (521/1178) regret=0.042944 ape=0.4664
[22:41:32] warmStart 44% (522/1178) regret=0.042451 ape=0.4645
[22:41:33] warmStart 44% (523/1178) regret=0.042557 ape=0.4654
[22:41:33] warmStart 44% (524/1178) regret=0.042544 ape=0.4636
[22:41:33] warmStart 44% (525/1178) regret=0.042526 ape=0.4636
[22:41:33] warmStart 44% (526/1178) regret=0.042535 ape=0.4636
[22:41:33] warmStart 44% (527/1178) regret=0.042535 ape=0.4636
[22:41:33] warmStart 44% (528/1178) regret=0.042535 ape=0.4636
[22:41:33] warmStart 44% (529/1178) regret=0.042475 ape=0.4636
[22:41:34] warmStart 44% (530/1178) regret=0.042475 ape=0.4636
[22:41:34] warmStart 45% (531/1178) regret=0.042475 ape=0.4636
[22:41:34] warmStart 45% (532/1178) regret=0.042483 ape=0.4645
[22:41:34] warmStart 45% (533/1178) regret=0.042469 ape=0.4645
[22:41:34] warmStart 45% (534/1178) regret=0.042036 ape=0.4636
[22:41:34] warmStart 45% (535/1178) regret=0.041944 ape=0.4627
[22:41:34] warmStart 45% (536/1178) regret=0.041985 ape=0.4636
[22:41:35] warmStart 45% (537/1178) regret=0.041967 ape=0.4636
[22:41:35] warmStart 45% (538/1178) regret=0.041900 ape=0.4627
[22:41:35] warmStart 45% (539/1178) regret=0.041900 ape=0.4627
[22:41:35] warmStart 45% (540/1178) regret=0.041446 ape=0.4618
[22:41:35] warmStart 45% (541/1178) regret=0.041460 ape=0.4627
[22:41:35] warmStart 46% (542/1178) regret=0.041466 ape=0.4618
[22:41:35] warmStart 46% (543/1178) regret=0.041641 ape=0.4627
[22:41:36] warmStart 46% (544/1178) regret=0.041560 ape=0.4618
[22:41:36] warmStart 46% (545/1178) regret=0.041560 ape=0.4618
[22:41:36] warmStart 46% (546/1178) regret=0.041560 ape=0.4618
[22:41:36] warmStart 46% (547/1178) regret=0.041579 ape=0.4618
[22:41:36] warmStart 46% (548/1178) regret=0.041477 ape=0.4618
[22:41:36] warmStart 46% (549/1178) regret=0.041477 ape=0.4618
[22:41:36] warmStart 46% (550/1178) regret=0.041468 ape=0.4618
[22:41:37] warmStart 46% (551/1178) regret=0.041468 ape=0.4618
[22:41:37] warmStart 46% (552/1178) regret=0.041468 ape=0.4618
[22:41:37] warmStart 46% (553/1178) regret=0.041424 ape=0.4608
[22:41:37] warmStart 47% (554/1178) regret=0.041435 ape=0.4618
[22:41:37] warmStart 47% (555/1178) regret=0.041435 ape=0.4618
[22:41:37] warmStart 47% (556/1178) regret=0.041518 ape=0.4618
[22:41:37] warmStart 47% (557/1178) regret=0.041518 ape=0.4618
[22:41:37] warmStart 47% (558/1178) regret=0.041421 ape=0.4618
[22:41:38] warmStart 47% (559/1178) regret=0.041398 ape=0.4618
[22:41:38] warmStart 47% (560/1178) regret=0.041326 ape=0.4608
[22:41:38] warmStart 47% (561/1178) regret=0.041326 ape=0.4608
[22:41:38] warmStart 47% (562/1178) regret=0.041339 ape=0.4608
[22:41:38] warmStart 47% (563/1178) regret=0.041339 ape=0.4608
[22:41:38] warmStart 47% (564/1178) regret=0.041321 ape=0.4608
[22:41:38] warmStart 47% (565/1178) regret=0.041009 ape=0.4599
[22:41:39] warmStart 48% (566/1178) regret=0.041108 ape=0.4599
[22:41:39] warmStart 48% (567/1178) regret=0.041108 ape=0.4599
[22:41:39] warmStart 48% (568/1178) regret=0.041108 ape=0.4599
[22:41:39] warmStart 48% (569/1178) regret=0.041108 ape=0.4599
[22:41:39] warmStart 48% (570/1178) regret=0.041108 ape=0.4599
[22:41:39] warmStart 48% (571/1178) regret=0.041108 ape=0.4599
[22:41:39] warmStart 48% (572/1178) regret=0.041108 ape=0.4599
[22:41:40] warmStart 48% (573/1178) regret=0.041108 ape=0.4599
[22:41:40] warmStart 48% (574/1178) regret=0.040939 ape=0.4590
[22:41:40] warmStart 48% (575/1178) regret=0.040985 ape=0.4590
[22:41:40] warmStart 48% (576/1178) regret=0.041070 ape=0.4590
[22:41:40] warmStart 48% (577/1178) regret=0.041070 ape=0.4590
[22:41:40] warmStart 49% (578/1178) regret=0.041070 ape=0.4590
[22:41:40] warmStart 49% (579/1178) regret=0.041070 ape=0.4590
[22:41:41] warmStart 49% (580/1178) regret=0.041070 ape=0.4590
[22:41:41] warmStart 49% (581/1178) regret=0.041081 ape=0.4590
[22:41:41] warmStart 49% (582/1178) regret=0.041081 ape=0.4590
[22:41:41] warmStart 49% (583/1178) regret=0.041284 ape=0.4599
[22:41:41] warmStart 49% (584/1178) regret=0.041155 ape=0.4599
[22:41:41] warmStart 49% (585/1178) regret=0.041155 ape=0.4599
[22:41:41] warmStart 49% (586/1178) regret=0.041155 ape=0.4599
[22:41:42] warmStart 49% (587/1178) regret=0.041125 ape=0.4590
[22:41:42] warmStart 49% (588/1178) regret=0.041125 ape=0.4590
[22:41:42] warmStart 50% (589/1178) regret=0.041127 ape=0.4590
[22:41:42] warmStart 50% (590/1178) regret=0.041127 ape=0.4590
[22:41:42] warmStart 50% (591/1178) regret=0.040924 ape=0.4581
[22:41:42] warmStart 50% (592/1178) regret=0.040924 ape=0.4581
[22:41:42] warmStart 50% (593/1178) regret=0.040924 ape=0.4581
[22:41:43] warmStart 50% (594/1178) regret=0.040924 ape=0.4581
[22:41:43] warmStart 50% (595/1178) regret=0.040924 ape=0.4581
[22:41:43] warmStart 50% (596/1178) regret=0.040924 ape=0.4581
[22:41:43] warmStart 50% (597/1178) regret=0.040969 ape=0.4581
[22:41:43] warmStart 50% (598/1178) regret=0.040967 ape=0.4581
[22:41:43] warmStart 50% (599/1178) regret=0.040967 ape=0.4581
[22:41:43] warmStart 50% (600/1178) regret=0.040967 ape=0.4581
[22:41:44] warmStart 51% (601/1178) regret=0.040967 ape=0.4581
[22:41:44] warmStart 51% (602/1178) regret=0.040967 ape=0.4581
[22:41:44] warmStart 51% (603/1178) regret=0.040972 ape=0.4581
[22:41:44] warmStart 51% (604/1178) regret=0.040972 ape=0.4581
[22:41:44] warmStart 51% (605/1178) regret=0.040972 ape=0.4581
[22:41:44] warmStart 51% (606/1178) regret=0.040972 ape=0.4581
[22:41:44] warmStart 51% (607/1178) regret=0.041013 ape=0.4581
[22:41:45] warmStart 51% (608/1178) regret=0.041013 ape=0.4581
[22:41:45] warmStart 51% (609/1178) regret=0.041013 ape=0.4581
[22:41:45] warmStart 51% (610/1178) regret=0.041026 ape=0.4581
[22:41:45] warmStart 51% (611/1178) regret=0.041026 ape=0.4581
[22:41:45] warmStart 51% (612/1178) regret=0.041026 ape=0.4581
[22:41:45] warmStart 52% (613/1178) regret=0.041026 ape=0.4581
[22:41:45] warmStart 52% (614/1178) regret=0.041026 ape=0.4581
[22:41:46] warmStart 52% (615/1178) regret=0.041026 ape=0.4581
[22:41:46] warmStart 52% (616/1178) regret=0.041026 ape=0.4581
[22:41:46] warmStart 52% (617/1178) regret=0.041026 ape=0.4581
[22:41:46] warmStart 52% (618/1178) regret=0.041026 ape=0.4581
[22:41:46] warmStart 52% (619/1178) regret=0.041026 ape=0.4581
[22:41:46] warmStart 52% (620/1178) regret=0.041026 ape=0.4581
[22:41:46] warmStart 52% (621/1178) regret=0.041026 ape=0.4581
[22:41:47] warmStart 52% (622/1178) regret=0.041026 ape=0.4581
[22:41:47] warmStart 52% (623/1178) regret=0.041026 ape=0.4581
[22:41:47] warmStart 52% (624/1178) regret=0.041026 ape=0.4581
[22:41:47] warmStart 53% (625/1178) regret=0.041026 ape=0.4581
[22:41:47] warmStart 53% (626/1178) regret=0.041026 ape=0.4581
[22:41:47] warmStart 53% (627/1178) regret=0.040975 ape=0.4581
[22:41:47] warmStart 53% (628/1178) regret=0.040961 ape=0.4581
[22:41:48] warmStart 53% (629/1178) regret=0.040860 ape=0.4581
[22:41:48] warmStart 53% (630/1178) regret=0.040611 ape=0.4581
[22:41:48] warmStart 53% (631/1178) regret=0.040611 ape=0.4581
[22:41:48] warmStart 53% (632/1178) regret=0.040473 ape=0.4581
[22:41:48] warmStart 53% (633/1178) regret=0.040427 ape=0.4581
[22:41:48] warmStart 53% (634/1178) regret=0.040385 ape=0.4581
[22:41:48] warmStart 53% (635/1178) regret=0.040385 ape=0.4581
[22:41:49] warmStart 53% (636/1178) regret=0.040385 ape=0.4581
[22:41:49] warmStart 54% (637/1178) regret=0.040385 ape=0.4581
[22:41:49] warmStart 54% (638/1178) regret=0.040247 ape=0.4581
[22:41:49] warmStart 54% (639/1178) regret=0.040247 ape=0.4581
[22:41:49] warmStart 54% (640/1178) regret=0.040487 ape=0.4590
[22:41:49] warmStart 54% (641/1178) regret=0.040662 ape=0.4599
[22:41:49] warmStart 54% (642/1178) regret=0.040662 ape=0.4599
[22:41:49] warmStart 54% (643/1178) regret=0.040662 ape=0.4599
[22:41:50] warmStart 54% (644/1178) regret=0.040674 ape=0.4608
[22:41:50] warmStart 54% (645/1178) regret=0.040674 ape=0.4608
[22:41:50] warmStart 54% (646/1178) regret=0.040619 ape=0.4608
[22:41:50] warmStart 54% (647/1178) regret=0.040619 ape=0.4608
[22:41:50] warmStart 55% (648/1178) regret=0.040632 ape=0.4608
[22:41:50] warmStart 55% (649/1178) regret=0.040514 ape=0.4599
[22:41:51] warmStart 55% (650/1178) regret=0.040535 ape=0.4608
[22:41:51] warmStart 55% (651/1178) regret=0.040535 ape=0.4608
[22:41:51] warmStart 55% (652/1178) regret=0.040466 ape=0.4608
[22:41:51] warmStart 55% (653/1178) regret=0.040456 ape=0.4608
[22:41:51] warmStart 55% (654/1178) regret=0.040456 ape=0.4608
[22:41:51] warmStart 55% (655/1178) regret=0.040456 ape=0.4608
[22:41:51] warmStart 55% (656/1178) regret=0.040566 ape=0.4618
[22:41:51] warmStart 55% (657/1178) regret=0.040466 ape=0.4608
[22:41:52] warmStart 55% (658/1178) regret=0.040466 ape=0.4608
[22:41:52] warmStart 55% (659/1178) regret=0.040466 ape=0.4608
[22:41:52] warmStart 56% (660/1178) regret=0.040466 ape=0.4608
[22:41:52] warmStart 56% (661/1178) regret=0.040466 ape=0.4608
[22:41:52] warmStart 56% (662/1178) regret=0.040466 ape=0.4608
[22:41:52] warmStart 56% (663/1178) regret=0.040466 ape=0.4608
[22:41:52] warmStart 56% (664/1178) regret=0.040466 ape=0.4608
[22:41:53] warmStart 56% (665/1178) regret=0.040466 ape=0.4608
[22:41:53] warmStart 56% (666/1178) regret=0.040466 ape=0.4608
[22:41:53] warmStart 56% (667/1178) regret=0.040466 ape=0.4608
[22:41:53] warmStart 56% (668/1178) regret=0.040466 ape=0.4608
[22:41:53] warmStart 56% (669/1178) regret=0.040466 ape=0.4608
[22:41:53] warmStart 56% (670/1178) regret=0.040466 ape=0.4608
[22:41:53] warmStart 56% (671/1178) regret=0.040468 ape=0.4608
[22:41:54] warmStart 57% (672/1178) regret=0.040468 ape=0.4608
[22:41:54] warmStart 57% (673/1178) regret=0.040468 ape=0.4608
[22:41:54] warmStart 57% (674/1178) regret=0.040468 ape=0.4608
[22:41:54] warmStart 57% (675/1178) regret=0.040402 ape=0.4599
[22:41:54] warmStart 57% (676/1178) regret=0.040402 ape=0.4599
[22:41:54] warmStart 57% (677/1178) regret=0.040412 ape=0.4618
[22:41:54] warmStart 57% (678/1178) regret=0.040412 ape=0.4618
[22:41:55] warmStart 57% (679/1178) regret=0.040392 ape=0.4618
[22:41:55] warmStart 57% (680/1178) regret=0.040392 ape=0.4618
[22:41:55] warmStart 57% (681/1178) regret=0.040330 ape=0.4618
[22:41:55] warmStart 57% (682/1178) regret=0.040469 ape=0.4618
[22:41:55] warmStart 57% (683/1178) regret=0.040303 ape=0.4618
[22:41:55] warmStart 58% (684/1178) regret=0.040426 ape=0.4618
[22:41:55] warmStart 58% (685/1178) regret=0.040442 ape=0.4618
[22:41:56] warmStart 58% (686/1178) regret=0.040442 ape=0.4618
[22:41:56] warmStart 58% (687/1178) regret=0.040442 ape=0.4618
[22:41:56] warmStart 58% (688/1178) regret=0.040442 ape=0.4618
[22:41:56] warmStart 58% (689/1178) regret=0.040442 ape=0.4618
[22:41:56] warmStart 58% (690/1178) regret=0.040442 ape=0.4618
[22:41:56] warmStart 58% (691/1178) regret=0.040442 ape=0.4618
[22:41:56] warmStart 58% (692/1178) regret=0.040442 ape=0.4618
[22:41:57] warmStart 58% (693/1178) regret=0.040445 ape=0.4618
[22:41:57] warmStart 58% (694/1178) regret=0.040445 ape=0.4618
[22:41:57] warmStart 58% (695/1178) regret=0.040343 ape=0.4608
[22:41:57] warmStart 59% (696/1178) regret=0.040432 ape=0.4599
[22:41:57] warmStart 59% (697/1178) regret=0.040506 ape=0.4599
[22:41:57] warmStart 59% (698/1178) regret=0.040536 ape=0.4608
[22:41:57] warmStart 59% (699/1178) regret=0.040536 ape=0.4608
[22:41:58] warmStart 59% (700/1178) regret=0.040536 ape=0.4608
[22:41:58] warmStart 59% (701/1178) regret=0.040336 ape=0.4599
[22:41:58] warmStart 59% (702/1178) regret=0.040336 ape=0.4599
[22:41:58] warmStart 59% (703/1178) regret=0.040336 ape=0.4599
[22:41:58] warmStart 59% (704/1178) regret=0.040326 ape=0.4590
[22:41:58] warmStart 59% (705/1178) regret=0.040326 ape=0.4590
[22:41:58] warmStart 59% (706/1178) regret=0.040326 ape=0.4590
[22:41:58] warmStart 60% (707/1178) regret=0.040326 ape=0.4590
[22:41:59] warmStart 60% (708/1178) regret=0.040326 ape=0.4590
[22:41:59] warmStart 60% (709/1178) regret=0.040326 ape=0.4590
[22:41:59] warmStart 60% (710/1178) regret=0.040326 ape=0.4590
[22:41:59] warmStart 60% (711/1178) regret=0.040326 ape=0.4590
[22:41:59] warmStart 60% (712/1178) regret=0.040326 ape=0.4590
[22:41:59] warmStart 60% (713/1178) regret=0.040326 ape=0.4590
[22:41:59] warmStart 60% (714/1178) regret=0.040326 ape=0.4590
[22:42:00] warmStart 60% (715/1178) regret=0.039866 ape=0.4581
[22:42:00] warmStart 60% (716/1178) regret=0.039866 ape=0.4581
[22:42:00] warmStart 60% (717/1178) regret=0.039866 ape=0.4581
[22:42:00] warmStart 60% (718/1178) regret=0.039866 ape=0.4581
[22:42:00] warmStart 61% (719/1178) regret=0.039863 ape=0.4581
[22:42:00] warmStart 61% (720/1178) regret=0.039912 ape=0.4581
[22:42:00] warmStart 61% (721/1178) regret=0.039912 ape=0.4581
[22:42:01] warmStart 61% (722/1178) regret=0.039912 ape=0.4581
[22:42:01] warmStart 61% (723/1178) regret=0.039912 ape=0.4581
[22:42:01] warmStart 61% (724/1178) regret=0.039912 ape=0.4581
[22:42:01] warmStart 61% (725/1178) regret=0.039912 ape=0.4581
[22:42:01] warmStart 61% (726/1178) regret=0.039912 ape=0.4581
[22:42:01] warmStart 61% (727/1178) regret=0.039912 ape=0.4581
[22:42:01] warmStart 61% (728/1178) regret=0.039947 ape=0.4581
[22:42:02] warmStart 61% (729/1178) regret=0.039997 ape=0.4590
[22:42:02] warmStart 61% (730/1178) regret=0.039985 ape=0.4590
[22:42:02] warmStart 62% (731/1178) regret=0.039985 ape=0.4590
[22:42:02] warmStart 62% (732/1178) regret=0.039985 ape=0.4590
[22:42:02] warmStart 62% (733/1178) regret=0.039989 ape=0.4590
[22:42:02] warmStart 62% (734/1178) regret=0.039989 ape=0.4590
[22:42:02] warmStart 62% (735/1178) regret=0.039971 ape=0.4590
[22:42:03] warmStart 62% (736/1178) regret=0.039971 ape=0.4590
[22:42:03] warmStart 62% (737/1178) regret=0.039971 ape=0.4590
[22:42:03] warmStart 62% (738/1178) regret=0.039971 ape=0.4590
[22:42:03] warmStart 62% (739/1178) regret=0.040026 ape=0.4590
[22:42:03] warmStart 62% (740/1178) regret=0.040026 ape=0.4590
[22:42:03] warmStart 62% (741/1178) regret=0.039986 ape=0.4581
[22:42:03] warmStart 62% (742/1178) regret=0.039986 ape=0.4581
[22:42:04] warmStart 63% (743/1178) regret=0.039986 ape=0.4581
[22:42:04] warmStart 63% (744/1178) regret=0.040027 ape=0.4581
[22:42:04] warmStart 63% (745/1178) regret=0.040009 ape=0.4581
[22:42:04] warmStart 63% (746/1178) regret=0.040009 ape=0.4581
[22:42:04] warmStart 63% (747/1178) regret=0.040046 ape=0.4581
[22:42:04] warmStart 63% (748/1178) regret=0.040046 ape=0.4581
[22:42:04] warmStart 63% (749/1178) regret=0.039805 ape=0.4571
[22:42:05] warmStart 63% (750/1178) regret=0.039805 ape=0.4571
[22:42:05] warmStart 63% (751/1178) regret=0.039699 ape=0.4562
[22:42:05] warmStart 63% (752/1178) regret=0.039699 ape=0.4562
[22:42:05] warmStart 63% (753/1178) regret=0.039699 ape=0.4562
[22:42:05] warmStart 64% (754/1178) regret=0.039699 ape=0.4562
[22:42:05] warmStart 64% (755/1178) regret=0.039893 ape=0.4571
[22:42:05] warmStart 64% (756/1178) regret=0.039879 ape=0.4562
[22:42:06] warmStart 64% (757/1178) regret=0.040017 ape=0.4562
[22:42:06] warmStart 64% (758/1178) regret=0.039944 ape=0.4562
[22:42:06] warmStart 64% (759/1178) regret=0.039917 ape=0.4562
[22:42:06] warmStart 64% (760/1178) regret=0.039927 ape=0.4562
[22:42:06] warmStart 64% (761/1178) regret=0.040010 ape=0.4571
[22:42:06] warmStart 64% (762/1178) regret=0.040010 ape=0.4571
[22:42:06] warmStart 64% (763/1178) regret=0.040010 ape=0.4571
[22:42:07] warmStart 64% (764/1178) regret=0.040065 ape=0.4571
[22:42:07] warmStart 64% (765/1178) regret=0.040065 ape=0.4571
[22:42:07] warmStart 65% (766/1178) regret=0.040065 ape=0.4571
[22:42:07] warmStart 65% (767/1178) regret=0.040065 ape=0.4571
[22:42:07] warmStart 65% (768/1178) regret=0.040065 ape=0.4571
[22:42:07] warmStart 65% (769/1178) regret=0.040159 ape=0.4571
[22:42:07] warmStart 65% (770/1178) regret=0.040097 ape=0.4571
[22:42:08] warmStart 65% (771/1178) regret=0.040171 ape=0.4571
[22:42:08] warmStart 65% (772/1178) regret=0.040120 ape=0.4571
[22:42:08] warmStart 65% (773/1178) regret=0.040120 ape=0.4571
[22:42:08] warmStart 65% (774/1178) regret=0.040120 ape=0.4571
[22:42:08] warmStart 65% (775/1178) regret=0.040120 ape=0.4571
[22:42:08] warmStart 65% (776/1178) regret=0.039991 ape=0.4562
[22:42:08] warmStart 65% (777/1178) regret=0.039991 ape=0.4562
[22:42:09] warmStart 66% (778/1178) regret=0.039936 ape=0.4553
[22:42:09] warmStart 66% (779/1178) regret=0.039936 ape=0.4553
[22:42:09] warmStart 66% (780/1178) regret=0.039936 ape=0.4553
[22:42:09] warmStart 66% (781/1178) regret=0.039936 ape=0.4553
[22:42:09] warmStart 66% (782/1178) regret=0.039936 ape=0.4553
[22:42:09] warmStart 66% (783/1178) regret=0.039936 ape=0.4553
[22:42:09] warmStart 66% (784/1178) regret=0.039936 ape=0.4553
[22:42:10] warmStart 66% (785/1178) regret=0.039936 ape=0.4553
[22:42:10] warmStart 66% (786/1178) regret=0.040010 ape=0.4562
[22:42:10] warmStart 66% (787/1178) regret=0.039996 ape=0.4562
[22:42:10] warmStart 66% (788/1178) regret=0.039996 ape=0.4562
[22:42:10] warmStart 66% (789/1178) regret=0.039862 ape=0.4553
[22:42:10] warmStart 67% (790/1178) regret=0.039835 ape=0.4553
[22:42:10] warmStart 67% (791/1178) regret=0.040286 ape=0.4553
[22:42:11] warmStart 67% (792/1178) regret=0.039364 ape=0.4544
[22:42:11] warmStart 67% (793/1178) regret=0.039348 ape=0.4544
[22:42:11] warmStart 67% (794/1178) regret=0.039348 ape=0.4544
[22:42:11] warmStart 67% (795/1178) regret=0.039348 ape=0.4544
[22:42:11] warmStart 67% (796/1178) regret=0.039348 ape=0.4544
[22:42:11] warmStart 67% (797/1178) regret=0.039311 ape=0.4544
[22:42:11] warmStart 67% (798/1178) regret=0.039348 ape=0.4544
[22:42:12] warmStart 67% (799/1178) regret=0.039422 ape=0.4544
[22:42:12] warmStart 67% (800/1178) regret=0.039422 ape=0.4544
[22:42:12] warmStart 67% (801/1178) regret=0.039413 ape=0.4544
[22:42:12] warmStart 68% (802/1178) regret=0.039441 ape=0.4544
[22:42:12] warmStart 68% (803/1178) regret=0.039441 ape=0.4544
[22:42:12] warmStart 68% (804/1178) regret=0.039441 ape=0.4544
[22:42:12] warmStart 68% (805/1178) regret=0.039484 ape=0.4544
[22:42:13] warmStart 68% (806/1178) regret=0.039484 ape=0.4544
[22:42:13] warmStart 68% (807/1178) regret=0.039484 ape=0.4544
[22:42:13] warmStart 68% (808/1178) regret=0.039838 ape=0.4553
[22:42:13] warmStart 68% (809/1178) regret=0.039350 ape=0.4544
[22:42:13] warmStart 68% (810/1178) regret=0.039285 ape=0.4544
[22:42:13] warmStart 68% (811/1178) regret=0.039520 ape=0.4553
[22:42:13] warmStart 68% (812/1178) regret=0.039520 ape=0.4553
[22:42:14] warmStart 69% (813/1178) regret=0.039520 ape=0.4553
[22:42:14] warmStart 69% (814/1178) regret=0.039520 ape=0.4553
[22:42:14] warmStart 69% (815/1178) regret=0.039520 ape=0.4553
[22:42:14] warmStart 69% (816/1178) regret=0.039520 ape=0.4553
[22:42:14] warmStart 69% (817/1178) regret=0.039520 ape=0.4553
[22:42:14] warmStart 69% (818/1178) regret=0.039520 ape=0.4553
[22:42:14] warmStart 69% (819/1178) regret=0.039179 ape=0.4544
[22:42:15] warmStart 69% (820/1178) regret=0.039179 ape=0.4544
[22:42:15] warmStart 69% (821/1178) regret=0.039179 ape=0.4544
[22:42:15] warmStart 69% (822/1178) regret=0.039179 ape=0.4544
[22:42:15] warmStart 69% (823/1178) regret=0.038776 ape=0.4544
[22:42:15] warmStart 69% (824/1178) regret=0.039123 ape=0.4553
[22:42:15] warmStart 70% (825/1178) regret=0.039123 ape=0.4553
[22:42:15] warmStart 70% (826/1178) regret=0.039151 ape=0.4553
[22:42:16] warmStart 70% (827/1178) regret=0.039096 ape=0.4553
[22:42:16] warmStart 70% (828/1178) regret=0.038782 ape=0.4544
[22:42:16] warmStart 70% (829/1178) regret=0.038795 ape=0.4544
[22:42:16] warmStart 70% (830/1178) regret=0.038795 ape=0.4544
[22:42:16] warmStart 70% (831/1178) regret=0.038795 ape=0.4544
[22:42:16] warmStart 70% (832/1178) regret=0.038795 ape=0.4544
[22:42:16] warmStart 70% (833/1178) regret=0.038795 ape=0.4544
[22:42:17] warmStart 70% (834/1178) regret=0.038943 ape=0.4544
[22:42:17] warmStart 70% (835/1178) regret=0.038842 ape=0.4544
[22:42:17] warmStart 70% (836/1178) regret=0.038963 ape=0.4544
[22:42:17] warmStart 71% (837/1178) regret=0.039240 ape=0.4553
[22:42:17] warmStart 71% (838/1178) regret=0.039263 ape=0.4553
[22:42:17] warmStart 71% (839/1178) regret=0.039263 ape=0.4553
[22:42:17] warmStart 71% (840/1178) regret=0.039263 ape=0.4553
[22:42:18] warmStart 71% (841/1178) regret=0.039263 ape=0.4553
[22:42:18] warmStart 71% (842/1178) regret=0.039263 ape=0.4553
[22:42:18] warmStart 71% (843/1178) regret=0.039263 ape=0.4553
[22:42:18] warmStart 71% (844/1178) regret=0.039396 ape=0.4562
[22:42:18] warmStart 71% (845/1178) regret=0.039396 ape=0.4562
[22:42:18] warmStart 71% (846/1178) regret=0.039396 ape=0.4562
[22:42:18] warmStart 71% (847/1178) regret=0.039402 ape=0.4571
[22:42:19] warmStart 71% (848/1178) regret=0.039444 ape=0.4571
[22:42:19] warmStart 72% (849/1178) regret=0.038945 ape=0.4571
[22:42:19] warmStart 72% (850/1178) regret=0.038945 ape=0.4571
[22:42:19] warmStart 72% (851/1178) regret=0.038760 ape=0.4562
[22:42:19] warmStart 72% (852/1178) regret=0.038760 ape=0.4562
[22:42:19] warmStart 72% (853/1178) regret=0.038742 ape=0.4562
[22:42:19] warmStart 72% (854/1178) regret=0.038751 ape=0.4562
[22:42:20] warmStart 72% (855/1178) regret=0.038617 ape=0.4553
[22:42:20] warmStart 72% (856/1178) regret=0.038617 ape=0.4553
[22:42:20] warmStart 72% (857/1178) regret=0.038590 ape=0.4553
[22:42:20] warmStart 72% (858/1178) regret=0.038691 ape=0.4553
[22:42:20] warmStart 72% (859/1178) regret=0.038617 ape=0.4553
[22:42:20] warmStart 73% (860/1178) regret=0.038447 ape=0.4544
[22:42:20] warmStart 73% (861/1178) regret=0.038203 ape=0.4535
[22:42:21] warmStart 73% (862/1178) regret=0.038140 ape=0.4535
[22:42:21] warmStart 73% (863/1178) regret=0.038140 ape=0.4535
[22:42:21] warmStart 73% (864/1178) regret=0.038251 ape=0.4544
[22:42:21] warmStart 73% (865/1178) regret=0.038251 ape=0.4544
[22:42:21] warmStart 73% (866/1178) regret=0.038251 ape=0.4544
[22:42:21] warmStart 73% (867/1178) regret=0.038306 ape=0.4553
[22:42:21] warmStart 73% (868/1178) regret=0.038343 ape=0.4553
[22:42:22] warmStart 73% (869/1178) regret=0.038346 ape=0.4553
[22:42:22] warmStart 73% (870/1178) regret=0.038382 ape=0.4553
[22:42:22] warmStart 73% (871/1178) regret=0.038327 ape=0.4553
[22:42:22] warmStart 74% (872/1178) regret=0.038235 ape=0.4544
[22:42:22] warmStart 74% (873/1178) regret=0.038235 ape=0.4544
[22:42:22] warmStart 74% (874/1178) regret=0.038235 ape=0.4544
[22:42:22] warmStart 74% (875/1178) regret=0.038245 ape=0.4544
[22:42:23] warmStart 74% (876/1178) regret=0.038242 ape=0.4544
[22:42:23] warmStart 74% (877/1178) regret=0.038242 ape=0.4544
[22:42:23] warmStart 74% (878/1178) regret=0.038211 ape=0.4553
[22:42:23] warmStart 74% (879/1178) regret=0.038137 ape=0.4553
[22:42:23] warmStart 74% (880/1178) regret=0.038165 ape=0.4553
[22:42:23] warmStart 74% (881/1178) regret=0.038081 ape=0.4553
[22:42:23] warmStart 74% (882/1178) regret=0.038081 ape=0.4553
[22:42:24] warmStart 74% (883/1178) regret=0.038081 ape=0.4553
[22:42:24] warmStart 75% (884/1178) regret=0.038075 ape=0.4553
[22:42:24] warmStart 75% (885/1178) regret=0.038075 ape=0.4553
[22:42:24] warmStart 75% (886/1178) regret=0.038048 ape=0.4553
[22:42:24] warmStart 75% (887/1178) regret=0.038140 ape=0.4562
[22:42:24] warmStart 75% (888/1178) regret=0.038140 ape=0.4562
[22:42:24] warmStart 75% (889/1178) regret=0.038018 ape=0.4562
[22:42:25] warmStart 75% (890/1178) regret=0.038006 ape=0.4544
[22:42:25] warmStart 75% (891/1178) regret=0.038061 ape=0.4553
[22:42:25] warmStart 75% (892/1178) regret=0.038061 ape=0.4553
[22:42:25] warmStart 75% (893/1178) regret=0.038061 ape=0.4553
[22:42:25] warmStart 75% (894/1178) regret=0.038124 ape=0.4562
[22:42:25] warmStart 75% (895/1178) regret=0.038124 ape=0.4562
[22:42:25] warmStart 76% (896/1178) regret=0.038124 ape=0.4562
[22:42:26] warmStart 76% (897/1178) regret=0.038124 ape=0.4562
[22:42:26] warmStart 76% (898/1178) regret=0.038127 ape=0.4562
[22:42:26] warmStart 76% (899/1178) regret=0.038127 ape=0.4562
[22:42:26] warmStart 76% (900/1178) regret=0.038127 ape=0.4562
[22:42:26] warmStart 76% (901/1178) regret=0.038127 ape=0.4562
[22:42:26] warmStart 76% (902/1178) regret=0.038127 ape=0.4562
[22:42:26] warmStart 76% (903/1178) regret=0.038021 ape=0.4553
[22:42:27] warmStart 76% (904/1178) regret=0.038163 ape=0.4562
[22:42:27] warmStart 76% (905/1178) regret=0.038163 ape=0.4562
[22:42:27] warmStart 76% (906/1178) regret=0.038163 ape=0.4562
[22:42:27] warmStart 76% (907/1178) regret=0.038163 ape=0.4562
[22:42:27] warmStart 77% (908/1178) regret=0.038163 ape=0.4562
[22:42:27] warmStart 77% (909/1178) regret=0.038163 ape=0.4562
[22:42:27] warmStart 77% (910/1178) regret=0.038163 ape=0.4562
[22:42:28] warmStart 77% (911/1178) regret=0.038163 ape=0.4562
[22:42:28] warmStart 77% (912/1178) regret=0.038034 ape=0.4553
[22:42:28] warmStart 77% (913/1178) regret=0.038034 ape=0.4553
[22:42:28] warmStart 77% (914/1178) regret=0.038034 ape=0.4553
[22:42:28] warmStart 77% (915/1178) regret=0.038036 ape=0.4553
[22:42:28] warmStart 77% (916/1178) regret=0.038036 ape=0.4553
[22:42:28] warmStart 77% (917/1178) regret=0.038036 ape=0.4553
[22:42:29] warmStart 77% (918/1178) regret=0.038036 ape=0.4553
[22:42:29] warmStart 78% (919/1178) regret=0.038036 ape=0.4553
[22:42:29] warmStart 78% (920/1178) regret=0.038036 ape=0.4553
[22:42:29] warmStart 78% (921/1178) regret=0.038099 ape=0.4562
[22:42:29] warmStart 78% (922/1178) regret=0.038140 ape=0.4562
[22:42:29] warmStart 78% (923/1178) regret=0.038130 ape=0.4562
[22:42:29] warmStart 78% (924/1178) regret=0.038048 ape=0.4562
[22:42:30] warmStart 78% (925/1178) regret=0.038048 ape=0.4562
[22:42:30] warmStart 78% (926/1178) regret=0.038048 ape=0.4562
[22:42:30] warmStart 78% (927/1178) regret=0.038048 ape=0.4562
[22:42:30] warmStart 78% (928/1178) regret=0.038048 ape=0.4562
[22:42:30] warmStart 78% (929/1178) regret=0.038048 ape=0.4562
[22:42:30] warmStart 78% (930/1178) regret=0.038084 ape=0.4562
[22:42:30] warmStart 79% (931/1178) regret=0.038084 ape=0.4562
[22:42:31] warmStart 79% (932/1178) regret=0.038105 ape=0.4571
[22:42:31] warmStart 79% (933/1178) regret=0.038105 ape=0.4571
[22:42:31] warmStart 79% (934/1178) regret=0.038105 ape=0.4571
[22:42:31] warmStart 79% (935/1178) regret=0.038105 ape=0.4571
[22:42:31] warmStart 79% (936/1178) regret=0.038133 ape=0.4581
[22:42:31] warmStart 79% (937/1178) regret=0.038210 ape=0.4581
[22:42:31] warmStart 79% (938/1178) regret=0.038210 ape=0.4581
[22:42:32] warmStart 79% (939/1178) regret=0.038210 ape=0.4581
[22:42:32] warmStart 79% (940/1178) regret=0.038157 ape=0.4581
[22:42:32] warmStart 79% (941/1178) regret=0.038157 ape=0.4581
[22:42:32] warmStart 79% (942/1178) regret=0.038157 ape=0.4581
[22:42:32] warmStart 80% (943/1178) regret=0.038157 ape=0.4581
[22:42:32] warmStart 80% (944/1178) regret=0.038147 ape=0.4571
[22:42:32] warmStart 80% (945/1178) regret=0.038147 ape=0.4571
[22:42:33] warmStart 80% (946/1178) regret=0.038147 ape=0.4571
[22:42:33] warmStart 80% (947/1178) regret=0.038147 ape=0.4571
[22:42:33] warmStart 80% (948/1178) regret=0.038188 ape=0.4571
[22:42:33] warmStart 80% (949/1178) regret=0.038188 ape=0.4571
[22:42:33] warmStart 80% (950/1178) regret=0.038188 ape=0.4571
[22:42:33] warmStart 80% (951/1178) regret=0.038266 ape=0.4581
[22:42:33] warmStart 80% (952/1178) regret=0.038240 ape=0.4581
[22:42:34] warmStart 80% (953/1178) regret=0.038230 ape=0.4581
[22:42:34] warmStart 80% (954/1178) regret=0.038313 ape=0.4581
[22:42:34] warmStart 81% (955/1178) regret=0.038313 ape=0.4581
[22:42:34] warmStart 81% (956/1178) regret=0.038313 ape=0.4581
[22:42:34] warmStart 81% (957/1178) regret=0.038313 ape=0.4581
[22:42:34] warmStart 81% (958/1178) regret=0.038313 ape=0.4581
[22:42:34] warmStart 81% (959/1178) regret=0.038313 ape=0.4581
[22:42:35] warmStart 81% (960/1178) regret=0.038313 ape=0.4581
[22:42:35] warmStart 81% (961/1178) regret=0.038313 ape=0.4581
[22:42:35] warmStart 81% (962/1178) regret=0.038313 ape=0.4581
[22:42:35] warmStart 81% (963/1178) regret=0.038313 ape=0.4581
[22:42:35] warmStart 81% (964/1178) regret=0.038313 ape=0.4581
[22:42:35] warmStart 81% (965/1178) regret=0.038273 ape=0.4581
[22:42:35] warmStart 82% (966/1178) regret=0.038310 ape=0.4581
[22:42:35] warmStart 82% (967/1178) regret=0.038310 ape=0.4581
[22:42:36] warmStart 82% (968/1178) regret=0.038310 ape=0.4581
[22:42:36] warmStart 82% (969/1178) regret=0.038310 ape=0.4581
[22:42:36] warmStart 82% (970/1178) regret=0.038310 ape=0.4581
[22:42:36] warmStart 82% (971/1178) regret=0.038310 ape=0.4581
[22:42:36] warmStart 82% (972/1178) regret=0.038356 ape=0.4581
[22:42:36] warmStart 82% (973/1178) regret=0.038310 ape=0.4571
[22:42:37] warmStart 82% (974/1178) regret=0.038310 ape=0.4571
[22:42:37] warmStart 82% (975/1178) regret=0.038310 ape=0.4571
[22:42:37] warmStart 82% (976/1178) regret=0.038310 ape=0.4571
[22:42:37] warmStart 82% (977/1178) regret=0.038308 ape=0.4571
[22:42:37] warmStart 83% (978/1178) regret=0.038308 ape=0.4571
[22:42:37] warmStart 83% (979/1178) regret=0.038308 ape=0.4571
[22:42:37] warmStart 83% (980/1178) regret=0.038308 ape=0.4571
[22:42:38] warmStart 83% (981/1178) regret=0.038437 ape=0.4581
[22:42:38] warmStart 83% (982/1178) regret=0.038421 ape=0.4581
[22:42:38] warmStart 83% (983/1178) regret=0.038421 ape=0.4581
[22:42:38] warmStart 83% (984/1178) regret=0.038421 ape=0.4581
[22:42:38] warmStart 83% (985/1178) regret=0.038719 ape=0.4590
[22:42:38] warmStart 83% (986/1178) regret=0.038719 ape=0.4590
[22:42:38] warmStart 83% (987/1178) regret=0.038719 ape=0.4590
[22:42:39] warmStart 83% (988/1178) regret=0.038719 ape=0.4590
[22:42:39] warmStart 83% (989/1178) regret=0.038719 ape=0.4590
[22:42:39] warmStart 84% (990/1178) regret=0.038710 ape=0.4590
[22:42:39] warmStart 84% (991/1178) regret=0.038710 ape=0.4590
[22:42:39] warmStart 84% (992/1178) regret=0.038596 ape=0.4590
[22:42:39] warmStart 84% (993/1178) regret=0.038559 ape=0.4590
[22:42:39] warmStart 84% (994/1178) regret=0.038559 ape=0.4590
[22:42:40] warmStart 84% (995/1178) regret=0.038559 ape=0.4590
[22:42:40] warmStart 84% (996/1178) regret=0.038559 ape=0.4590
[22:42:40] warmStart 84% (997/1178) regret=0.038559 ape=0.4590
[22:42:40] warmStart 84% (998/1178) regret=0.038559 ape=0.4590
[22:42:40] warmStart 84% (999/1178) regret=0.038559 ape=0.4590
[22:42:40] warmStart 84% (1000/1178) regret=0.038854 ape=0.4590
[22:42:40] warmStart 84% (1001/1178) regret=0.038848 ape=0.4590
[22:42:40] warmStart 85% (1002/1178) regret=0.038848 ape=0.4590
[22:42:41] warmStart 85% (1003/1178) regret=0.038848 ape=0.4590
[22:42:41] warmStart 85% (1004/1178) regret=0.038967 ape=0.4590
[22:42:41] warmStart 85% (1005/1178) regret=0.039004 ape=0.4590
[22:42:41] warmStart 85% (1006/1178) regret=0.039004 ape=0.4590
[22:42:41] warmStart 85% (1007/1178) regret=0.039004 ape=0.4590
[22:42:41] warmStart 85% (1008/1178) regret=0.039004 ape=0.4590
[22:42:41] warmStart 85% (1009/1178) regret=0.039069 ape=0.4590
[22:42:42] warmStart 85% (1010/1178) regret=0.039069 ape=0.4590
[22:42:42] warmStart 85% (1011/1178) regret=0.039145 ape=0.4590
[22:42:42] warmStart 85% (1012/1178) regret=0.039145 ape=0.4590
[22:42:42] warmStart 85% (1013/1178) regret=0.039145 ape=0.4590
[22:42:42] warmStart 86% (1014/1178) regret=0.039145 ape=0.4590
[22:42:42] warmStart 86% (1015/1178) regret=0.039145 ape=0.4590
[22:42:42] warmStart 86% (1016/1178) regret=0.039156 ape=0.4581
[22:42:43] warmStart 86% (1017/1178) regret=0.039209 ape=0.4581
[22:42:43] warmStart 86% (1018/1178) regret=0.039209 ape=0.4581
[22:42:43] warmStart 86% (1019/1178) regret=0.039137 ape=0.4571
[22:42:43] warmStart 86% (1020/1178) regret=0.039137 ape=0.4571
[22:42:43] warmStart 86% (1021/1178) regret=0.039137 ape=0.4571
[22:42:43] warmStart 86% (1022/1178) regret=0.039137 ape=0.4571
[22:42:43] warmStart 86% (1023/1178) regret=0.039137 ape=0.4571
[22:42:44] warmStart 86% (1024/1178) regret=0.039137 ape=0.4571
[22:42:44] warmStart 87% (1025/1178) regret=0.039137 ape=0.4571
[22:42:44] warmStart 87% (1026/1178) regret=0.039170 ape=0.4571
[22:42:44] warmStart 87% (1027/1178) regret=0.039170 ape=0.4571
[22:42:44] warmStart 87% (1028/1178) regret=0.039170 ape=0.4571
[22:42:44] warmStart 87% (1029/1178) regret=0.039189 ape=0.4571
[22:42:44] warmStart 87% (1030/1178) regret=0.039136 ape=0.4571
[22:42:45] warmStart 87% (1031/1178) regret=0.039136 ape=0.4571
[22:42:45] warmStart 87% (1032/1178) regret=0.039146 ape=0.4571
[22:42:45] warmStart 87% (1033/1178) regret=0.039146 ape=0.4571
[22:42:45] warmStart 87% (1034/1178) regret=0.039136 ape=0.4571
[22:42:45] warmStart 87% (1035/1178) regret=0.039011 ape=0.4562
[22:42:45] warmStart 87% (1036/1178) regret=0.039297 ape=0.4562
[22:42:45] warmStart 88% (1037/1178) regret=0.039085 ape=0.4562
[22:42:46] warmStart 88% (1038/1178) regret=0.039085 ape=0.4562
[22:42:46] warmStart 88% (1039/1178) regret=0.039097 ape=0.4581
[22:42:46] warmStart 88% (1040/1178) regret=0.039097 ape=0.4581
[22:42:46] warmStart 88% (1041/1178) regret=0.039097 ape=0.4581
[22:42:46] warmStart 88% (1042/1178) regret=0.039295 ape=0.4581
[22:42:46] warmStart 88% (1043/1178) regret=0.039318 ape=0.4590
[22:42:46] warmStart 88% (1044/1178) regret=0.038974 ape=0.4571
[22:42:47] warmStart 88% (1045/1178) regret=0.038974 ape=0.4571
[22:42:47] warmStart 88% (1046/1178) regret=0.038982 ape=0.4581
[22:42:47] warmStart 88% (1047/1178) regret=0.038559 ape=0.4562
[22:42:47] warmStart 88% (1048/1178) regret=0.038292 ape=0.4562
[22:42:47] warmStart 89% (1049/1178) regret=0.038292 ape=0.4562
[22:42:47] warmStart 89% (1050/1178) regret=0.038292 ape=0.4562
[22:42:47] warmStart 89% (1051/1178) regret=0.038292 ape=0.4562
[22:42:47] warmStart 89% (1052/1178) regret=0.038292 ape=0.4562
[22:42:48] warmStart 89% (1053/1178) regret=0.038294 ape=0.4562
[22:42:48] warmStart 89% (1054/1178) regret=0.038294 ape=0.4562
[22:42:48] warmStart 89% (1055/1178) regret=0.038294 ape=0.4562
[22:42:48] warmStart 89% (1056/1178) regret=0.038294 ape=0.4562
[22:42:48] warmStart 89% (1057/1178) regret=0.038294 ape=0.4562
[22:42:48] warmStart 89% (1058/1178) regret=0.038234 ape=0.4553
[22:42:48] warmStart 89% (1059/1178) regret=0.038234 ape=0.4553
[22:42:49] warmStart 89% (1060/1178) regret=0.038234 ape=0.4553
[22:42:49] warmStart 90% (1061/1178) regret=0.038221 ape=0.4553
[22:42:49] warmStart 90% (1062/1178) regret=0.038238 ape=0.4553
[22:42:49] warmStart 90% (1063/1178) regret=0.038238 ape=0.4553
[22:42:49] warmStart 90% (1064/1178) regret=0.038238 ape=0.4553
[22:42:49] warmStart 90% (1065/1178) regret=0.038238 ape=0.4553
[22:42:49] warmStart 90% (1066/1178) regret=0.037952 ape=0.4544
[22:42:50] warmStart 90% (1067/1178) regret=0.037933 ape=0.4544
[22:42:50] warmStart 90% (1068/1178) regret=0.037933 ape=0.4544
[22:42:50] warmStart 90% (1069/1178) regret=0.037933 ape=0.4544
[22:42:50] warmStart 90% (1070/1178) regret=0.037933 ape=0.4544
[22:42:50] warmStart 90% (1071/1178) regret=0.037936 ape=0.4544
[22:42:50] warmStart 91% (1072/1178) regret=0.037954 ape=0.4544
[22:42:50] warmStart 91% (1073/1178) regret=0.037954 ape=0.4544
[22:42:51] warmStart 91% (1074/1178) regret=0.037936 ape=0.4544
[22:42:51] warmStart 91% (1075/1178) regret=0.037936 ape=0.4544
[22:42:51] warmStart 91% (1076/1178) regret=0.037952 ape=0.4544
[22:42:51] warmStart 91% (1077/1178) regret=0.037952 ape=0.4544
[22:42:51] warmStart 91% (1078/1178) regret=0.037952 ape=0.4544
[22:42:51] warmStart 91% (1079/1178) regret=0.037952 ape=0.4544
[22:42:51] warmStart 91% (1080/1178) regret=0.038274 ape=0.4544
[22:42:52] warmStart 91% (1081/1178) regret=0.038274 ape=0.4544
[22:42:52] warmStart 91% (1082/1178) regret=0.038242 ape=0.4544
[22:42:52] warmStart 91% (1083/1178) regret=0.038196 ape=0.4535
[22:42:52] warmStart 92% (1084/1178) regret=0.038196 ape=0.4535
[22:42:52] warmStart 92% (1085/1178) regret=0.038196 ape=0.4535
[22:42:52] warmStart 92% (1086/1178) regret=0.038196 ape=0.4535
[22:42:52] warmStart 92% (1087/1178) regret=0.038196 ape=0.4535
[22:42:53] warmStart 92% (1088/1178) regret=0.038206 ape=0.4535
[22:42:53] warmStart 92% (1089/1178) regret=0.038206 ape=0.4535
[22:42:53] warmStart 92% (1090/1178) regret=0.038206 ape=0.4535
[22:42:53] warmStart 92% (1091/1178) regret=0.038206 ape=0.4535
[22:42:53] warmStart 92% (1092/1178) regret=0.038206 ape=0.4535
[22:42:53] warmStart 92% (1093/1178) regret=0.038333 ape=0.4535
[22:42:53] warmStart 92% (1094/1178) regret=0.038439 ape=0.4544
[22:42:54] warmStart 92% (1095/1178) regret=0.038439 ape=0.4544
[22:42:54] warmStart 93% (1096/1178) regret=0.038439 ape=0.4544
[22:42:54] warmStart 93% (1097/1178) regret=0.038439 ape=0.4544
[22:42:54] warmStart 93% (1098/1178) regret=0.038488 ape=0.4544
[22:42:54] warmStart 93% (1099/1178) regret=0.038488 ape=0.4544
[22:42:54] warmStart 93% (1100/1178) regret=0.038488 ape=0.4544
[22:42:54] warmStart 93% (1101/1178) regret=0.038151 ape=0.4535
[22:42:55] warmStart 93% (1102/1178) regret=0.038151 ape=0.4535
[22:42:55] warmStart 93% (1103/1178) regret=0.038151 ape=0.4535
[22:42:55] warmStart 93% (1104/1178) regret=0.038151 ape=0.4535
[22:42:55] warmStart 93% (1105/1178) regret=0.038193 ape=0.4535
[22:42:55] warmStart 93% (1106/1178) regret=0.038174 ape=0.4525
[22:42:55] warmStart 93% (1107/1178) regret=0.038174 ape=0.4525
[22:42:55] warmStart 94% (1108/1178) regret=0.038174 ape=0.4525
[22:42:56] warmStart 94% (1109/1178) regret=0.038174 ape=0.4525
[22:42:56] warmStart 94% (1110/1178) regret=0.038151 ape=0.4525
[22:42:56] warmStart 94% (1111/1178) regret=0.038151 ape=0.4525
[22:42:56] warmStart 94% (1112/1178) regret=0.038151 ape=0.4525
[22:42:56] warmStart 94% (1113/1178) regret=0.038151 ape=0.4525
[22:42:56] warmStart 94% (1114/1178) regret=0.038151 ape=0.4525
[22:42:56] warmStart 94% (1115/1178) regret=0.038151 ape=0.4525
[22:42:57] warmStart 94% (1116/1178) regret=0.038360 ape=0.4525
[22:42:57] warmStart 94% (1117/1178) regret=0.038160 ape=0.4525
[22:42:57] warmStart 94% (1118/1178) regret=0.038160 ape=0.4525
[22:42:57] warmStart 94% (1119/1178) regret=0.038160 ape=0.4525
[22:42:57] warmStart 95% (1120/1178) regret=0.038160 ape=0.4525
[22:42:57] warmStart 95% (1121/1178) regret=0.038160 ape=0.4525
[22:42:57] warmStart 95% (1122/1178) regret=0.038160 ape=0.4525
[22:42:58] warmStart 95% (1123/1178) regret=0.038160 ape=0.4525
[22:42:58] warmStart 95% (1124/1178) regret=0.038160 ape=0.4525
[22:42:58] warmStart 95% (1125/1178) regret=0.038160 ape=0.4525
[22:42:58] warmStart 95% (1126/1178) regret=0.038160 ape=0.4525
[22:42:58] warmStart 95% (1127/1178) regret=0.038156 ape=0.4516
[22:42:58] warmStart 95% (1128/1178) regret=0.038156 ape=0.4516
[22:42:58] warmStart 95% (1129/1178) regret=0.038296 ape=0.4525
[22:42:59] warmStart 95% (1130/1178) regret=0.038305 ape=0.4525
[22:42:59] warmStart 96% (1131/1178) regret=0.038305 ape=0.4525
[22:42:59] warmStart 96% (1132/1178) regret=0.038305 ape=0.4525
[22:42:59] warmStart 96% (1133/1178) regret=0.038300 ape=0.4516
[22:42:59] warmStart 96% (1134/1178) regret=0.038300 ape=0.4516
[22:42:59] warmStart 96% (1135/1178) regret=0.038300 ape=0.4516
[22:42:59] warmStart 96% (1136/1178) regret=0.038300 ape=0.4516
[22:43:00] warmStart 96% (1137/1178) regret=0.038300 ape=0.4516
[22:43:00] warmStart 96% (1138/1178) regret=0.038300 ape=0.4516
[22:43:00] warmStart 96% (1139/1178) regret=0.038300 ape=0.4516
[22:43:00] warmStart 96% (1140/1178) regret=0.038300 ape=0.4516
[22:43:00] warmStart 96% (1141/1178) regret=0.038300 ape=0.4516
[22:43:00] warmStart 96% (1142/1178) regret=0.038282 ape=0.4516
[22:43:00] warmStart 97% (1143/1178) regret=0.037996 ape=0.4516
[22:43:01] warmStart 97% (1144/1178) regret=0.037941 ape=0.4516
[22:43:01] warmStart 97% (1145/1178) regret=0.037973 ape=0.4516
[22:43:01] warmStart 97% (1146/1178) regret=0.037973 ape=0.4516
[22:43:01] warmStart 97% (1147/1178) regret=0.037945 ape=0.4516
[22:43:01] warmStart 97% (1148/1178) regret=0.037853 ape=0.4516
[22:43:01] warmStart 97% (1149/1178) regret=0.037853 ape=0.4516
[22:43:02] warmStart 97% (1150/1178) regret=0.037853 ape=0.4516
[22:43:02] warmStart 97% (1151/1178) regret=0.037853 ape=0.4516
[22:43:02] warmStart 97% (1152/1178) regret=0.037846 ape=0.4516
[22:43:02] warmStart 97% (1153/1178) regret=0.037846 ape=0.4516
[22:43:02] warmStart 97% (1154/1178) regret=0.037519 ape=0.4507
[22:43:02] warmStart 98% (1155/1178) regret=0.037519 ape=0.4507
[22:43:02] warmStart 98% (1156/1178) regret=0.037519 ape=0.4507
[22:43:02] warmStart 98% (1157/1178) regret=0.037519 ape=0.4507
[22:43:03] warmStart 98% (1158/1178) regret=0.037519 ape=0.4507
[22:43:03] warmStart 98% (1159/1178) regret=0.037671 ape=0.4507
[22:43:03] warmStart 98% (1160/1178) regret=0.037671 ape=0.4507
[22:43:03] warmStart 98% (1161/1178) regret=0.037643 ape=0.4507
[22:43:03] warmStart 98% (1162/1178) regret=0.037643 ape=0.4507
[22:43:03] warmStart 98% (1163/1178) regret=0.037643 ape=0.4507
[22:43:03] warmStart 98% (1164/1178) regret=0.037395 ape=0.4507
[22:43:04] warmStart 98% (1165/1178) regret=0.037395 ape=0.4507
[22:43:04] warmStart 98% (1166/1178) regret=0.037395 ape=0.4507
[22:43:04] warmStart 99% (1167/1178) regret=0.037395 ape=0.4507
[22:43:04] warmStart 99% (1168/1178) regret=0.037487 ape=0.4516
[22:43:04] warmStart 99% (1169/1178) regret=0.037487 ape=0.4516
[22:43:04] warmStart 99% (1170/1178) regret=0.037487 ape=0.4516
[22:43:04] warmStart 99% (1171/1178) regret=0.037487 ape=0.4516
[22:43:05] warmStart 99% (1172/1178) regret=0.037487 ape=0.4516
[22:43:05] warmStart 99% (1173/1178) regret=0.037503 ape=0.4516
[22:43:05] warmStart 99% (1174/1178) regret=0.037199 ape=0.4507
[22:43:05] warmStart 99% (1175/1178) regret=0.037199 ape=0.4507
[22:43:05] warmStart 99% (1176/1178) regret=0.037199 ape=0.4507
Fractional warm start finished: 1177 points, 168.79s
  Final: regret=0.037199, ape=0.4507

Saved: /home/users/g/s/gsavary/LudiiMCTSVariations/slurm_sweep_full_dataset/output_fractional/warm/seed_2/sweep_fractional_warm_2_20260426_224305.json

Generating plots...
Saved: /home/users/g/s/gsavary/LudiiMCTSVariations/slurm_sweep_full_dataset/output_fractional/warm/seed_2/sweep_fractional_warm_2_20260426_224305_regret.png
Saved: /home/users/g/s/gsavary/LudiiMCTSVariations/slurm_sweep_full_dataset/output_fractional/warm/seed_2/sweep_fractional_warm_2_20260426_224305_ape.png

================================================================================
Experiment complete!
================================================================================
Done. Results in: /home/users/g/s/gsavary/LudiiMCTSVariations/slurm_sweep_full_dataset/output_fractional/warm/seed_2
