============================================================
Fractional warm start experiment
Method: warm
Seed:   0
Output: /home/users/g/s/gsavary/LudiiMCTSVariations/slurm_sweep_full_dataset/output_fractional/warm/seed_0
============================================================

================================================================================
SLURM Sweep Experiment - Single Fractional Sample Warm Start
================================================================================
Method:          warm
Time limit:      3600.0s
Seed:            0
Batch size:      20
Output dir:      /home/users/g/s/gsavary/LudiiMCTSVariations/slurm_sweep_full_dataset/output_fractional/warm/seed_0

Loading Ludii dataset...
Loaded 1085 games
Using 1085 games (full dataset)

Running timing probe (100 pulls)...
  Estimated secs/pull: 0.021506

Time budget: 3600.0s → ~167395 total pulls
Per-method budget: 23913 pulls (~514.3s)

Computing predictor-only performance...
  Predictions loaded: 23675 agent predictions
  Predictor-only: regret=0.104318, ape=0.4894

Running FRACTIONAL WARM START (1 sample per arm = ML predicted probability)...
[22:40:18] warmStart 0% (0/1196) regret=0.104318 ape=0.4894
[22:40:18] warmStart 0% (1/1196) regret=0.104318 ape=0.4894
[22:40:18] warmStart 0% (2/1196) regret=0.104318 ape=0.4894
[22:40:18] warmStart 0% (3/1196) regret=0.104318 ape=0.4894
[22:40:19] warmStart 0% (4/1196) regret=0.104317 ape=0.4885
[22:40:19] warmStart 0% (5/1196) regret=0.104317 ape=0.4885
[22:40:19] warmStart 0% (6/1196) regret=0.104340 ape=0.4894
[22:40:19] warmStart 0% (7/1196) regret=0.104340 ape=0.4894
[22:40:19] warmStart 0% (8/1196) regret=0.104344 ape=0.4894
[22:40:19] warmStart 0% (9/1196) regret=0.104344 ape=0.4894
[22:40:19] warmStart 0% (10/1196) regret=0.104344 ape=0.4894
[22:40:20] warmStart 0% (11/1196) regret=0.104318 ape=0.4885
[22:40:20] warmStart 1% (12/1196) regret=0.104318 ape=0.4885
[22:40:20] warmStart 1% (13/1196) regret=0.104244 ape=0.4894
[22:40:20] warmStart 1% (14/1196) regret=0.104244 ape=0.4894
[22:40:20] warmStart 1% (15/1196) regret=0.104212 ape=0.4894
[22:40:20] warmStart 1% (16/1196) regret=0.104197 ape=0.4894
[22:40:20] warmStart 1% (17/1196) regret=0.104204 ape=0.4894
[22:40:21] warmStart 1% (18/1196) regret=0.104288 ape=0.4894
[22:40:21] warmStart 1% (19/1196) regret=0.104449 ape=0.4894
[22:40:21] warmStart 1% (20/1196) regret=0.104560 ape=0.4894
[22:40:21] warmStart 1% (21/1196) regret=0.104560 ape=0.4894
[22:40:21] warmStart 1% (22/1196) regret=0.104740 ape=0.4903
[22:40:21] warmStart 1% (23/1196) regret=0.104606 ape=0.4894
[22:40:21] warmStart 2% (24/1196) regret=0.104662 ape=0.4903
[22:40:22] warmStart 2% (25/1196) regret=0.104605 ape=0.4912
[22:40:22] warmStart 2% (26/1196) regret=0.104605 ape=0.4912
[22:40:22] warmStart 2% (27/1196) regret=0.104872 ape=0.4922
[22:40:22] warmStart 2% (28/1196) regret=0.104715 ape=0.4922
[22:40:22] warmStart 2% (29/1196) regret=0.104679 ape=0.4912
[22:40:22] warmStart 2% (30/1196) regret=0.104676 ape=0.4912
[22:40:22] warmStart 2% (31/1196) regret=0.104456 ape=0.4903
[22:40:23] warmStart 2% (32/1196) regret=0.104456 ape=0.4903
[22:40:23] warmStart 2% (33/1196) regret=0.104560 ape=0.4949
[22:40:23] warmStart 2% (34/1196) regret=0.103509 ape=0.4986
[22:40:23] warmStart 2% (35/1196) regret=0.102337 ape=0.5005
[22:40:23] warmStart 3% (36/1196) regret=0.102095 ape=0.5014
[22:40:23] warmStart 3% (37/1196) regret=0.101909 ape=0.5032
[22:40:23] warmStart 3% (38/1196) regret=0.101438 ape=0.5032
[22:40:24] warmStart 3% (39/1196) regret=0.101353 ape=0.5023
[22:40:24] warmStart 3% (40/1196) regret=0.101071 ape=0.5088
[22:40:24] warmStart 3% (41/1196) regret=0.101953 ape=0.5088
[22:40:24] warmStart 3% (42/1196) regret=0.101953 ape=0.5088
[22:40:24] warmStart 3% (43/1196) regret=0.101953 ape=0.5088
[22:40:24] warmStart 3% (44/1196) regret=0.101953 ape=0.5088
[22:40:24] warmStart 3% (45/1196) regret=0.101953 ape=0.5088
[22:40:25] warmStart 3% (46/1196) regret=0.101953 ape=0.5088
[22:40:25] warmStart 3% (47/1196) regret=0.101953 ape=0.5088
[22:40:25] warmStart 4% (48/1196) regret=0.101953 ape=0.5088
[22:40:25] warmStart 4% (49/1196) regret=0.100481 ape=0.5078
[22:40:25] warmStart 4% (50/1196) regret=0.098619 ape=0.5069
[22:40:25] warmStart 4% (51/1196) regret=0.097053 ape=0.5069
[22:40:25] warmStart 4% (52/1196) regret=0.095629 ape=0.5069
[22:40:26] warmStart 4% (53/1196) regret=0.094523 ape=0.5060
[22:40:26] warmStart 4% (54/1196) regret=0.094523 ape=0.5060
[22:40:26] warmStart 4% (55/1196) regret=0.094513 ape=0.5060
[22:40:26] warmStart 4% (56/1196) regret=0.094513 ape=0.5060
[22:40:26] warmStart 4% (57/1196) regret=0.094513 ape=0.5060
[22:40:26] warmStart 4% (58/1196) regret=0.094672 ape=0.5069
[22:40:26] warmStart 4% (59/1196) regret=0.094672 ape=0.5069
[22:40:27] warmStart 5% (60/1196) regret=0.093014 ape=0.5069
[22:40:27] warmStart 5% (61/1196) regret=0.091382 ape=0.5078
[22:40:27] warmStart 5% (62/1196) regret=0.089067 ape=0.5051
[22:40:27] warmStart 5% (63/1196) regret=0.085039 ape=0.5014
[22:40:27] warmStart 5% (64/1196) regret=0.082815 ape=0.5005
[22:40:27] warmStart 5% (65/1196) regret=0.083384 ape=0.4995
[22:40:27] warmStart 5% (66/1196) regret=0.081679 ape=0.4977
[22:40:28] warmStart 5% (67/1196) regret=0.080674 ape=0.4986
[22:40:28] warmStart 5% (68/1196) regret=0.079402 ape=0.4977
[22:40:28] warmStart 5% (69/1196) regret=0.072361 ape=0.4940
[22:40:28] warmStart 5% (70/1196) regret=0.071533 ape=0.4940
[22:40:28] warmStart 5% (71/1196) regret=0.069959 ape=0.4922
[22:40:28] warmStart 6% (72/1196) regret=0.070065 ape=0.4931
[22:40:28] warmStart 6% (73/1196) regret=0.069252 ape=0.4912
[22:40:29] warmStart 6% (74/1196) regret=0.068330 ape=0.4903
[22:40:29] warmStart 6% (75/1196) regret=0.068122 ape=0.4903
[22:40:29] warmStart 6% (76/1196) regret=0.068542 ape=0.4903
[22:40:29] warmStart 6% (77/1196) regret=0.068846 ape=0.4912
[22:40:29] warmStart 6% (78/1196) regret=0.069098 ape=0.4922
[22:40:29] warmStart 6% (79/1196) regret=0.069079 ape=0.4922
[22:40:29] warmStart 6% (80/1196) regret=0.068930 ape=0.4922
[22:40:30] warmStart 6% (81/1196) regret=0.067477 ape=0.4912
[22:40:30] warmStart 6% (82/1196) regret=0.067521 ape=0.4912
[22:40:30] warmStart 6% (83/1196) regret=0.067621 ape=0.4922
[22:40:30] warmStart 7% (84/1196) regret=0.066966 ape=0.4912
[22:40:30] warmStart 7% (85/1196) regret=0.066445 ape=0.4903
[22:40:30] warmStart 7% (86/1196) regret=0.065362 ape=0.4903
[22:40:30] warmStart 7% (87/1196) regret=0.064410 ape=0.4903
[22:40:31] warmStart 7% (88/1196) regret=0.064226 ape=0.4894
[22:40:31] warmStart 7% (89/1196) regret=0.064029 ape=0.4894
[22:40:31] warmStart 7% (90/1196) regret=0.063403 ape=0.4885
[22:40:31] warmStart 7% (91/1196) regret=0.063248 ape=0.4885
[22:40:31] warmStart 7% (92/1196) regret=0.063045 ape=0.4885
[22:40:31] warmStart 7% (93/1196) regret=0.063045 ape=0.4885
[22:40:31] warmStart 7% (94/1196) regret=0.063246 ape=0.4894
[22:40:32] warmStart 7% (95/1196) regret=0.063610 ape=0.4894
[22:40:32] warmStart 8% (96/1196) regret=0.063693 ape=0.4912
[22:40:32] warmStart 8% (97/1196) regret=0.064020 ape=0.4922
[22:40:32] warmStart 8% (98/1196) regret=0.063750 ape=0.4931
[22:40:32] warmStart 8% (99/1196) regret=0.063607 ape=0.4922
[22:40:32] warmStart 8% (100/1196) regret=0.063607 ape=0.4922
[22:40:32] warmStart 8% (101/1196) regret=0.063211 ape=0.4922
[22:40:33] warmStart 8% (102/1196) regret=0.061708 ape=0.4903
[22:40:33] warmStart 8% (103/1196) regret=0.060965 ape=0.4903
[22:40:33] warmStart 8% (104/1196) regret=0.060956 ape=0.4903
[22:40:33] warmStart 8% (105/1196) regret=0.060956 ape=0.4903
[22:40:33] warmStart 8% (106/1196) regret=0.060495 ape=0.4894
[22:40:33] warmStart 8% (107/1196) regret=0.061272 ape=0.4903
[22:40:33] warmStart 9% (108/1196) regret=0.060447 ape=0.4894
[22:40:34] warmStart 9% (109/1196) regret=0.060447 ape=0.4894
[22:40:34] warmStart 9% (110/1196) regret=0.060514 ape=0.4894
[22:40:34] warmStart 9% (111/1196) regret=0.060514 ape=0.4894
[22:40:34] warmStart 9% (112/1196) regret=0.060404 ape=0.4894
[22:40:34] warmStart 9% (113/1196) regret=0.060325 ape=0.4894
[22:40:34] warmStart 9% (114/1196) regret=0.060270 ape=0.4885
[22:40:35] warmStart 9% (115/1196) regret=0.060164 ape=0.4885
[22:40:35] warmStart 9% (116/1196) regret=0.060164 ape=0.4885
[22:40:35] warmStart 9% (117/1196) regret=0.060339 ape=0.4885
[22:40:35] warmStart 9% (118/1196) regret=0.060247 ape=0.4876
[22:40:35] warmStart 9% (119/1196) regret=0.060376 ape=0.4894
[22:40:35] warmStart 10% (120/1196) regret=0.060300 ape=0.4894
[22:40:35] warmStart 10% (121/1196) regret=0.060180 ape=0.4894
[22:40:36] warmStart 10% (122/1196) regret=0.060917 ape=0.4903
[22:40:36] warmStart 10% (123/1196) regret=0.060890 ape=0.4903
[22:40:36] warmStart 10% (124/1196) regret=0.060804 ape=0.4912
[22:40:36] warmStart 10% (125/1196) regret=0.060671 ape=0.4912
[22:40:36] warmStart 10% (126/1196) regret=0.060694 ape=0.4922
[22:40:36] warmStart 10% (127/1196) regret=0.060105 ape=0.4912
[22:40:36] warmStart 10% (128/1196) regret=0.060098 ape=0.4912
[22:40:37] warmStart 10% (129/1196) regret=0.060121 ape=0.4922
[22:40:37] warmStart 10% (130/1196) regret=0.060138 ape=0.4931
[22:40:37] warmStart 10% (131/1196) regret=0.060468 ape=0.4940
[22:40:37] warmStart 11% (132/1196) regret=0.060476 ape=0.4931
[22:40:37] warmStart 11% (133/1196) regret=0.060625 ape=0.4931
[22:40:37] warmStart 11% (134/1196) regret=0.060523 ape=0.4940
[22:40:37] warmStart 11% (135/1196) regret=0.060708 ape=0.4931
[22:40:38] warmStart 11% (136/1196) regret=0.060505 ape=0.4931
[22:40:38] warmStart 11% (137/1196) regret=0.060610 ape=0.4949
[22:40:38] warmStart 11% (138/1196) regret=0.060598 ape=0.4959
[22:40:38] warmStart 11% (139/1196) regret=0.060806 ape=0.4959
[22:40:38] warmStart 11% (140/1196) regret=0.060997 ape=0.4977
[22:40:38] warmStart 11% (141/1196) regret=0.060780 ape=0.4968
[22:40:38] warmStart 11% (142/1196) regret=0.060908 ape=0.4968
[22:40:39] warmStart 11% (143/1196) regret=0.060872 ape=0.4968
[22:40:39] warmStart 12% (144/1196) regret=0.060872 ape=0.4968
[22:40:39] warmStart 12% (145/1196) regret=0.060826 ape=0.4968
[22:40:39] warmStart 12% (146/1196) regret=0.060384 ape=0.4931
[22:40:39] warmStart 12% (147/1196) regret=0.060624 ape=0.4931
[22:40:39] warmStart 12% (148/1196) regret=0.060624 ape=0.4931
[22:40:39] warmStart 12% (149/1196) regret=0.060624 ape=0.4931
[22:40:40] warmStart 12% (150/1196) regret=0.060624 ape=0.4931
[22:40:40] warmStart 12% (151/1196) regret=0.060624 ape=0.4931
[22:40:40] warmStart 12% (152/1196) regret=0.060624 ape=0.4931
[22:40:40] warmStart 12% (153/1196) regret=0.060624 ape=0.4931
[22:40:40] warmStart 12% (154/1196) regret=0.060625 ape=0.4940
[22:40:40] warmStart 12% (155/1196) regret=0.060729 ape=0.4940
[22:40:40] warmStart 13% (156/1196) regret=0.060687 ape=0.4931
[22:40:41] warmStart 13% (157/1196) regret=0.060674 ape=0.4931
[22:40:41] warmStart 13% (158/1196) regret=0.060674 ape=0.4931
[22:40:41] warmStart 13% (159/1196) regret=0.060674 ape=0.4931
[22:40:41] warmStart 13% (160/1196) regret=0.060694 ape=0.4931
[22:40:41] warmStart 13% (161/1196) regret=0.060389 ape=0.4940
[22:40:41] warmStart 13% (162/1196) regret=0.060032 ape=0.4940
[22:40:41] warmStart 13% (163/1196) regret=0.060042 ape=0.4940
[22:40:42] warmStart 13% (164/1196) regret=0.059802 ape=0.4949
[22:40:42] warmStart 13% (165/1196) regret=0.059415 ape=0.4940
[22:40:42] warmStart 13% (166/1196) regret=0.059461 ape=0.4949
[22:40:42] warmStart 13% (167/1196) regret=0.059526 ape=0.4949
[22:40:42] warmStart 14% (168/1196) regret=0.059802 ape=0.4949
[22:40:42] warmStart 14% (169/1196) regret=0.059770 ape=0.4940
[22:40:42] warmStart 14% (170/1196) regret=0.059770 ape=0.4940
[22:40:42] warmStart 14% (171/1196) regret=0.059989 ape=0.4940
[22:40:43] warmStart 14% (172/1196) regret=0.059917 ape=0.4949
[22:40:43] warmStart 14% (173/1196) regret=0.059496 ape=0.4922
[22:40:43] warmStart 14% (174/1196) regret=0.059468 ape=0.4922
[22:40:43] warmStart 14% (175/1196) regret=0.059468 ape=0.4922
[22:40:43] warmStart 14% (176/1196) regret=0.059569 ape=0.4931
[22:40:43] warmStart 14% (177/1196) regret=0.059514 ape=0.4931
[22:40:43] warmStart 14% (178/1196) regret=0.059327 ape=0.4931
[22:40:44] warmStart 14% (179/1196) regret=0.058867 ape=0.4922
[22:40:44] warmStart 15% (180/1196) regret=0.058867 ape=0.4922
[22:40:44] warmStart 15% (181/1196) regret=0.057839 ape=0.4912
[22:40:44] warmStart 15% (182/1196) regret=0.057636 ape=0.4903
[22:40:44] warmStart 15% (183/1196) regret=0.057095 ape=0.4912
[22:40:44] warmStart 15% (184/1196) regret=0.059055 ape=0.4931
[22:40:44] warmStart 15% (185/1196) regret=0.059034 ape=0.4922
[22:40:45] warmStart 15% (186/1196) regret=0.059048 ape=0.4931
[22:40:45] warmStart 15% (187/1196) regret=0.059082 ape=0.4931
[22:40:45] warmStart 15% (188/1196) regret=0.058715 ape=0.4912
[22:40:45] warmStart 15% (189/1196) regret=0.058715 ape=0.4912
[22:40:45] warmStart 15% (190/1196) regret=0.057952 ape=0.4903
[22:40:45] warmStart 15% (191/1196) regret=0.057938 ape=0.4903
[22:40:46] warmStart 16% (192/1196) regret=0.058546 ape=0.4903
[22:40:46] warmStart 16% (193/1196) regret=0.058532 ape=0.4894
[22:40:46] warmStart 16% (194/1196) regret=0.058558 ape=0.4894
[22:40:46] warmStart 16% (195/1196) regret=0.058565 ape=0.4894
[22:40:46] warmStart 16% (196/1196) regret=0.058380 ape=0.4894
[22:40:46] warmStart 16% (197/1196) regret=0.058426 ape=0.4903
[22:40:46] warmStart 16% (198/1196) regret=0.058426 ape=0.4903
[22:40:47] warmStart 16% (199/1196) regret=0.058339 ape=0.4903
[22:40:47] warmStart 16% (200/1196) regret=0.057314 ape=0.4894
[22:40:47] warmStart 16% (201/1196) regret=0.057383 ape=0.4885
[22:40:47] warmStart 16% (202/1196) regret=0.057328 ape=0.4885
[22:40:47] warmStart 16% (203/1196) regret=0.056906 ape=0.4885
[22:40:47] warmStart 17% (204/1196) regret=0.057003 ape=0.4912
[22:40:47] warmStart 17% (205/1196) regret=0.056438 ape=0.4912
[22:40:48] warmStart 17% (206/1196) regret=0.056405 ape=0.4903
[22:40:48] warmStart 17% (207/1196) regret=0.056471 ape=0.4912
[22:40:48] warmStart 17% (208/1196) regret=0.056466 ape=0.4922
[22:40:48] warmStart 17% (209/1196) regret=0.056803 ape=0.4931
[22:40:48] warmStart 17% (210/1196) regret=0.056595 ape=0.4922
[22:40:48] warmStart 17% (211/1196) regret=0.056445 ape=0.4912
[22:40:49] warmStart 17% (212/1196) regret=0.056431 ape=0.4903
[22:40:49] warmStart 17% (213/1196) regret=0.056471 ape=0.4912
[22:40:49] warmStart 17% (214/1196) regret=0.056287 ape=0.4922
[22:40:49] warmStart 17% (215/1196) regret=0.056650 ape=0.4912
[22:40:49] warmStart 18% (216/1196) regret=0.056595 ape=0.4903
[22:40:49] warmStart 18% (217/1196) regret=0.055892 ape=0.4912
[22:40:49] warmStart 18% (218/1196) regret=0.056389 ape=0.4912
[22:40:50] warmStart 18% (219/1196) regret=0.056264 ape=0.4903
[22:40:50] warmStart 18% (220/1196) regret=0.055983 ape=0.4894
[22:40:50] warmStart 18% (221/1196) regret=0.055541 ape=0.4894
[22:40:50] warmStart 18% (222/1196) regret=0.055428 ape=0.4894
[22:40:50] warmStart 18% (223/1196) regret=0.055428 ape=0.4894
[22:40:50] warmStart 18% (224/1196) regret=0.055401 ape=0.4894
[22:40:50] warmStart 18% (225/1196) regret=0.055438 ape=0.4894
[22:40:51] warmStart 18% (226/1196) regret=0.055432 ape=0.4885
[22:40:51] warmStart 18% (227/1196) regret=0.055432 ape=0.4885
[22:40:51] warmStart 19% (228/1196) regret=0.055432 ape=0.4885
[22:40:51] warmStart 19% (229/1196) regret=0.055376 ape=0.4876
[22:40:51] warmStart 19% (230/1196) regret=0.055376 ape=0.4876
[22:40:51] warmStart 19% (231/1196) regret=0.055376 ape=0.4876
[22:40:52] warmStart 19% (232/1196) regret=0.055376 ape=0.4876
[22:40:52] warmStart 19% (233/1196) regret=0.055376 ape=0.4876
[22:40:52] warmStart 19% (234/1196) regret=0.055376 ape=0.4876
[22:40:52] warmStart 19% (235/1196) regret=0.055376 ape=0.4876
[22:40:52] warmStart 19% (236/1196) regret=0.055376 ape=0.4876
[22:40:52] warmStart 19% (237/1196) regret=0.055376 ape=0.4876
[22:40:52] warmStart 19% (238/1196) regret=0.055385 ape=0.4876
[22:40:53] warmStart 19% (239/1196) regret=0.055385 ape=0.4876
[22:40:53] warmStart 20% (240/1196) regret=0.055385 ape=0.4876
[22:40:53] warmStart 20% (241/1196) regret=0.055346 ape=0.4876
[22:40:53] warmStart 20% (242/1196) regret=0.055402 ape=0.4876
[22:40:53] warmStart 20% (243/1196) regret=0.056028 ape=0.4866
[22:40:53] warmStart 20% (244/1196) regret=0.055853 ape=0.4866
[22:40:53] warmStart 20% (245/1196) regret=0.055835 ape=0.4866
[22:40:54] warmStart 20% (246/1196) regret=0.055835 ape=0.4866
[22:40:54] warmStart 20% (247/1196) regret=0.055835 ape=0.4866
[22:40:54] warmStart 20% (248/1196) regret=0.055611 ape=0.4876
[22:40:54] warmStart 20% (249/1196) regret=0.055124 ape=0.4857
[22:40:54] warmStart 20% (250/1196) regret=0.054730 ape=0.4857
[22:40:54] warmStart 20% (251/1196) regret=0.054638 ape=0.4848
[22:40:55] warmStart 21% (252/1196) regret=0.054619 ape=0.4848
[22:40:55] warmStart 21% (253/1196) regret=0.054684 ape=0.4866
[22:40:55] warmStart 21% (254/1196) regret=0.054536 ape=0.4866
[22:40:55] warmStart 21% (255/1196) regret=0.054536 ape=0.4866
[22:40:55] warmStart 21% (256/1196) regret=0.054702 ape=0.4866
[22:40:55] warmStart 21% (257/1196) regret=0.054702 ape=0.4866
[22:40:55] warmStart 21% (258/1196) regret=0.054702 ape=0.4866
[22:40:56] warmStart 21% (259/1196) regret=0.054702 ape=0.4866
[22:40:56] warmStart 21% (260/1196) regret=0.054633 ape=0.4866
[22:40:56] warmStart 21% (261/1196) regret=0.054633 ape=0.4866
[22:40:56] warmStart 21% (262/1196) regret=0.054633 ape=0.4866
[22:40:56] warmStart 21% (263/1196) regret=0.054633 ape=0.4866
[22:40:56] warmStart 22% (264/1196) regret=0.054633 ape=0.4866
[22:40:57] warmStart 22% (265/1196) regret=0.054246 ape=0.4866
[22:40:57] warmStart 22% (266/1196) regret=0.054246 ape=0.4866
[22:40:57] warmStart 22% (267/1196) regret=0.054237 ape=0.4866
[22:40:57] warmStart 22% (268/1196) regret=0.054401 ape=0.4866
[22:40:57] warmStart 22% (269/1196) regret=0.053664 ape=0.4857
[22:40:57] warmStart 22% (270/1196) regret=0.053664 ape=0.4857
[22:40:58] warmStart 22% (271/1196) regret=0.052996 ape=0.4839
[22:40:58] warmStart 22% (272/1196) regret=0.052982 ape=0.4829
[22:40:58] warmStart 22% (273/1196) regret=0.052948 ape=0.4811
[22:40:58] warmStart 22% (274/1196) regret=0.052909 ape=0.4811
[22:40:58] warmStart 22% (275/1196) regret=0.052913 ape=0.4820
[22:40:58] warmStart 23% (276/1196) regret=0.053492 ape=0.4848
[22:40:58] warmStart 23% (277/1196) regret=0.053524 ape=0.4857
[22:40:59] warmStart 23% (278/1196) regret=0.053211 ape=0.4848
[22:40:59] warmStart 23% (279/1196) regret=0.053275 ape=0.4848
[22:40:59] warmStart 23% (280/1196) regret=0.053275 ape=0.4848
[22:40:59] warmStart 23% (281/1196) regret=0.053317 ape=0.4857
[22:40:59] warmStart 23% (282/1196) regret=0.053314 ape=0.4848
[22:40:59] warmStart 23% (283/1196) regret=0.053314 ape=0.4848
[22:40:59] warmStart 23% (284/1196) regret=0.053314 ape=0.4848
[22:41:00] warmStart 23% (285/1196) regret=0.053314 ape=0.4848
[22:41:00] warmStart 23% (286/1196) regret=0.053314 ape=0.4848
[22:41:00] warmStart 23% (287/1196) regret=0.053314 ape=0.4848
[22:41:00] warmStart 24% (288/1196) regret=0.053314 ape=0.4848
[22:41:00] warmStart 24% (289/1196) regret=0.053314 ape=0.4848
[22:41:00] warmStart 24% (290/1196) regret=0.053314 ape=0.4848
[22:41:01] warmStart 24% (291/1196) regret=0.053210 ape=0.4848
[22:41:01] warmStart 24% (292/1196) regret=0.052814 ape=0.4839
[22:41:01] warmStart 24% (293/1196) regret=0.052689 ape=0.4839
[22:41:01] warmStart 24% (294/1196) regret=0.052752 ape=0.4829
[22:41:01] warmStart 24% (295/1196) regret=0.052840 ape=0.4820
[22:41:01] warmStart 24% (296/1196) regret=0.052906 ape=0.4829
[22:41:01] warmStart 24% (297/1196) regret=0.052284 ape=0.4811
[22:41:02] warmStart 24% (298/1196) regret=0.052284 ape=0.4811
[22:41:02] warmStart 25% (299/1196) regret=0.052284 ape=0.4811
[22:41:02] warmStart 25% (300/1196) regret=0.052377 ape=0.4811
[22:41:02] warmStart 25% (301/1196) regret=0.052377 ape=0.4811
[22:41:02] warmStart 25% (302/1196) regret=0.051947 ape=0.4793
[22:41:02] warmStart 25% (303/1196) regret=0.051947 ape=0.4793
[22:41:03] warmStart 25% (304/1196) regret=0.051947 ape=0.4793
[22:41:03] warmStart 25% (305/1196) regret=0.051947 ape=0.4793
[22:41:03] warmStart 25% (306/1196) regret=0.051201 ape=0.4793
[22:41:03] warmStart 25% (307/1196) regret=0.051256 ape=0.4793
[22:41:03] warmStart 25% (308/1196) regret=0.051256 ape=0.4793
[22:41:03] warmStart 25% (309/1196) regret=0.051710 ape=0.4839
[22:41:03] warmStart 25% (310/1196) regret=0.051008 ape=0.4802
[22:41:04] warmStart 26% (311/1196) regret=0.051077 ape=0.4802
[22:41:04] warmStart 26% (312/1196) regret=0.051077 ape=0.4802
[22:41:04] warmStart 26% (313/1196) regret=0.051081 ape=0.4802
[22:41:04] warmStart 26% (314/1196) regret=0.050836 ape=0.4793
[22:41:04] warmStart 26% (315/1196) regret=0.049728 ape=0.4783
[22:41:04] warmStart 26% (316/1196) regret=0.049701 ape=0.4774
[22:41:04] warmStart 26% (317/1196) regret=0.049701 ape=0.4774
[22:41:05] warmStart 26% (318/1196) regret=0.049701 ape=0.4774
[22:41:05] warmStart 26% (319/1196) regret=0.049217 ape=0.4774
[22:41:05] warmStart 26% (320/1196) regret=0.049300 ape=0.4774
[22:41:05] warmStart 26% (321/1196) regret=0.048825 ape=0.4756
[22:41:05] warmStart 26% (322/1196) regret=0.048740 ape=0.4747
[22:41:05] warmStart 27% (323/1196) regret=0.048517 ape=0.4737
[22:41:06] warmStart 27% (324/1196) regret=0.048517 ape=0.4737
[22:41:06] warmStart 27% (325/1196) regret=0.048582 ape=0.4737
[22:41:06] warmStart 27% (326/1196) regret=0.048582 ape=0.4737
[22:41:06] warmStart 27% (327/1196) regret=0.048038 ape=0.4737
[22:41:06] warmStart 27% (328/1196) regret=0.048356 ape=0.4737
[22:41:06] warmStart 27% (329/1196) regret=0.048138 ape=0.4737
[22:41:06] warmStart 27% (330/1196) regret=0.048136 ape=0.4737
[22:41:07] warmStart 27% (331/1196) regret=0.048095 ape=0.4728
[22:41:07] warmStart 27% (332/1196) regret=0.047777 ape=0.4719
[22:41:07] warmStart 27% (333/1196) regret=0.047824 ape=0.4728
[22:41:07] warmStart 27% (334/1196) regret=0.047824 ape=0.4728
[22:41:07] warmStart 28% (335/1196) regret=0.047754 ape=0.4719
[22:41:07] warmStart 28% (336/1196) regret=0.047754 ape=0.4719
[22:41:07] warmStart 28% (337/1196) regret=0.047756 ape=0.4719
[22:41:08] warmStart 28% (338/1196) regret=0.047996 ape=0.4728
[22:41:08] warmStart 28% (339/1196) regret=0.047968 ape=0.4728
[22:41:08] warmStart 28% (340/1196) regret=0.047641 ape=0.4719
[22:41:08] warmStart 28% (341/1196) regret=0.047555 ape=0.4710
[22:41:08] warmStart 28% (342/1196) regret=0.047549 ape=0.4710
[22:41:08] warmStart 28% (343/1196) regret=0.047327 ape=0.4700
[22:41:09] warmStart 28% (344/1196) regret=0.047133 ape=0.4700
[22:41:09] warmStart 28% (345/1196) regret=0.046889 ape=0.4700
[22:41:09] warmStart 28% (346/1196) regret=0.047070 ape=0.4691
[22:41:09] warmStart 29% (347/1196) regret=0.047038 ape=0.4691
[22:41:09] warmStart 29% (348/1196) regret=0.047045 ape=0.4691
[22:41:09] warmStart 29% (349/1196) regret=0.046736 ape=0.4691
[22:41:10] warmStart 29% (350/1196) regret=0.046598 ape=0.4691
[22:41:10] warmStart 29% (351/1196) regret=0.046708 ape=0.4691
[22:41:10] warmStart 29% (352/1196) regret=0.046473 ape=0.4691
[22:41:10] warmStart 29% (353/1196) regret=0.046473 ape=0.4691
[22:41:10] warmStart 29% (354/1196) regret=0.046473 ape=0.4691
[22:41:10] warmStart 29% (355/1196) regret=0.046473 ape=0.4691
[22:41:10] warmStart 29% (356/1196) regret=0.046596 ape=0.4700
[22:41:11] warmStart 29% (357/1196) regret=0.046679 ape=0.4700
[22:41:11] warmStart 29% (358/1196) regret=0.046679 ape=0.4700
[22:41:11] warmStart 30% (359/1196) regret=0.046495 ape=0.4691
[22:41:11] warmStart 30% (360/1196) regret=0.046504 ape=0.4691
[22:41:11] warmStart 30% (361/1196) regret=0.046495 ape=0.4691
[22:41:11] warmStart 30% (362/1196) regret=0.046518 ape=0.4691
[22:41:12] warmStart 30% (363/1196) regret=0.046324 ape=0.4691
[22:41:12] warmStart 30% (364/1196) regret=0.046324 ape=0.4691
[22:41:12] warmStart 30% (365/1196) regret=0.046294 ape=0.4691
[22:41:12] warmStart 30% (366/1196) regret=0.046464 ape=0.4691
[22:41:12] warmStart 30% (367/1196) regret=0.046627 ape=0.4691
[22:41:12] warmStart 30% (368/1196) regret=0.045718 ape=0.4682
[22:41:12] warmStart 30% (369/1196) regret=0.046191 ape=0.4682
[22:41:13] warmStart 30% (370/1196) regret=0.046426 ape=0.4691
[22:41:13] warmStart 31% (371/1196) regret=0.046011 ape=0.4691
[22:41:13] warmStart 31% (372/1196) regret=0.046188 ape=0.4691
[22:41:13] warmStart 31% (373/1196) regret=0.046188 ape=0.4691
[22:41:13] warmStart 31% (374/1196) regret=0.046161 ape=0.4691
[22:41:13] warmStart 31% (375/1196) regret=0.046161 ape=0.4691
[22:41:14] warmStart 31% (376/1196) regret=0.045995 ape=0.4691
[22:41:14] warmStart 31% (377/1196) regret=0.046081 ape=0.4700
[22:41:14] warmStart 31% (378/1196) regret=0.045804 ape=0.4700
[22:41:14] warmStart 31% (379/1196) regret=0.046026 ape=0.4700
[22:41:14] warmStart 31% (380/1196) regret=0.046047 ape=0.4710
[22:41:14] warmStart 31% (381/1196) regret=0.046353 ape=0.4719
[22:41:14] warmStart 31% (382/1196) regret=0.046353 ape=0.4719
[22:41:15] warmStart 32% (383/1196) regret=0.046353 ape=0.4719
[22:41:15] warmStart 32% (384/1196) regret=0.046459 ape=0.4719
[22:41:15] warmStart 32% (385/1196) regret=0.046481 ape=0.4728
[22:41:15] warmStart 32% (386/1196) regret=0.046333 ape=0.4728
[22:41:15] warmStart 32% (387/1196) regret=0.046192 ape=0.4728
[22:41:15] warmStart 32% (388/1196) regret=0.046192 ape=0.4728
[22:41:16] warmStart 32% (389/1196) regret=0.046173 ape=0.4728
[22:41:16] warmStart 32% (390/1196) regret=0.046210 ape=0.4728
[22:41:16] warmStart 32% (391/1196) regret=0.046192 ape=0.4719
[22:41:16] warmStart 32% (392/1196) regret=0.045966 ape=0.4719
[22:41:16] warmStart 32% (393/1196) regret=0.045966 ape=0.4719
[22:41:16] warmStart 32% (394/1196) regret=0.045966 ape=0.4719
[22:41:16] warmStart 33% (395/1196) regret=0.045966 ape=0.4719
[22:41:17] warmStart 33% (396/1196) regret=0.045966 ape=0.4719
[22:41:17] warmStart 33% (397/1196) regret=0.045705 ape=0.4719
[22:41:17] warmStart 33% (398/1196) regret=0.045834 ape=0.4719
[22:41:17] warmStart 33% (399/1196) regret=0.045834 ape=0.4719
[22:41:17] warmStart 33% (400/1196) regret=0.045696 ape=0.4719
[22:41:17] warmStart 33% (401/1196) regret=0.045815 ape=0.4737
[22:41:17] warmStart 33% (402/1196) regret=0.045736 ape=0.4737
[22:41:18] warmStart 33% (403/1196) regret=0.045662 ape=0.4728
[22:41:18] warmStart 33% (404/1196) regret=0.045643 ape=0.4728
[22:41:18] warmStart 33% (405/1196) regret=0.045877 ape=0.4737
[22:41:18] warmStart 33% (406/1196) regret=0.045808 ape=0.4728
[22:41:18] warmStart 34% (407/1196) regret=0.045808 ape=0.4728
[22:41:18] warmStart 34% (408/1196) regret=0.045974 ape=0.4737
[22:41:19] warmStart 34% (409/1196) regret=0.045651 ape=0.4728
[22:41:19] warmStart 34% (410/1196) regret=0.045859 ape=0.4719
[22:41:19] warmStart 34% (411/1196) regret=0.045710 ape=0.4719
[22:41:19] warmStart 34% (412/1196) regret=0.045525 ape=0.4710
[22:41:19] warmStart 34% (413/1196) regret=0.045571 ape=0.4710
[22:41:19] warmStart 34% (414/1196) regret=0.045728 ape=0.4710
[22:41:20] warmStart 34% (415/1196) regret=0.045691 ape=0.4710
[22:41:20] warmStart 34% (416/1196) regret=0.045716 ape=0.4700
[22:41:20] warmStart 34% (417/1196) regret=0.045790 ape=0.4700
[22:41:20] warmStart 34% (418/1196) regret=0.045536 ape=0.4700
[22:41:20] warmStart 35% (419/1196) regret=0.045499 ape=0.4700
[22:41:20] warmStart 35% (420/1196) regret=0.045472 ape=0.4700
[22:41:20] warmStart 35% (421/1196) regret=0.045472 ape=0.4700
[22:41:21] warmStart 35% (422/1196) regret=0.045472 ape=0.4700
[22:41:21] warmStart 35% (423/1196) regret=0.045472 ape=0.4700
[22:41:21] warmStart 35% (424/1196) regret=0.045472 ape=0.4700
[22:41:21] warmStart 35% (425/1196) regret=0.045472 ape=0.4700
[22:41:21] warmStart 35% (426/1196) regret=0.045472 ape=0.4700
[22:41:21] warmStart 35% (427/1196) regret=0.045333 ape=0.4700
[22:41:22] warmStart 35% (428/1196) regret=0.045178 ape=0.4700
[22:41:22] warmStart 35% (429/1196) regret=0.044648 ape=0.4691
[22:41:22] warmStart 35% (430/1196) regret=0.044224 ape=0.4691
[22:41:22] warmStart 36% (431/1196) regret=0.044123 ape=0.4682
[22:41:22] warmStart 36% (432/1196) regret=0.044123 ape=0.4682
[22:41:22] warmStart 36% (433/1196) regret=0.044123 ape=0.4682
[22:41:23] warmStart 36% (434/1196) regret=0.044077 ape=0.4682
[22:41:23] warmStart 36% (435/1196) regret=0.044077 ape=0.4682
[22:41:23] warmStart 36% (436/1196) regret=0.044063 ape=0.4682
[22:41:23] warmStart 36% (437/1196) regret=0.044063 ape=0.4682
[22:41:23] warmStart 36% (438/1196) regret=0.044063 ape=0.4682
[22:41:23] warmStart 36% (439/1196) regret=0.044063 ape=0.4682
[22:41:23] warmStart 36% (440/1196) regret=0.044063 ape=0.4682
[22:41:24] warmStart 36% (441/1196) regret=0.044063 ape=0.4682
[22:41:24] warmStart 36% (442/1196) regret=0.044063 ape=0.4682
[22:41:24] warmStart 37% (443/1196) regret=0.044063 ape=0.4682
[22:41:24] warmStart 37% (444/1196) regret=0.044065 ape=0.4682
[22:41:24] warmStart 37% (445/1196) regret=0.044065 ape=0.4682
[22:41:24] warmStart 37% (446/1196) regret=0.044065 ape=0.4682
[22:41:25] warmStart 37% (447/1196) regret=0.044056 ape=0.4682
[22:41:25] warmStart 37% (448/1196) regret=0.043208 ape=0.4682
[22:41:25] warmStart 37% (449/1196) regret=0.043208 ape=0.4682
[22:41:25] warmStart 37% (450/1196) regret=0.043383 ape=0.4691
[22:41:25] warmStart 37% (451/1196) regret=0.043383 ape=0.4691
[22:41:25] warmStart 37% (452/1196) regret=0.043383 ape=0.4691
[22:41:25] warmStart 37% (453/1196) regret=0.043858 ape=0.4710
[22:41:26] warmStart 37% (454/1196) regret=0.043835 ape=0.4700
[22:41:26] warmStart 38% (455/1196) regret=0.043789 ape=0.4700
[22:41:26] warmStart 38% (456/1196) regret=0.043793 ape=0.4700
[22:41:26] warmStart 38% (457/1196) regret=0.043789 ape=0.4691
[22:41:26] warmStart 38% (458/1196) regret=0.043789 ape=0.4691
[22:41:26] warmStart 38% (459/1196) regret=0.043807 ape=0.4691
[22:41:27] warmStart 38% (460/1196) regret=0.043807 ape=0.4691
[22:41:27] warmStart 38% (461/1196) regret=0.043729 ape=0.4682
[22:41:27] warmStart 38% (462/1196) regret=0.043729 ape=0.4682
[22:41:27] warmStart 38% (463/1196) regret=0.043803 ape=0.4682
[22:41:27] warmStart 38% (464/1196) regret=0.043835 ape=0.4691
[22:41:27] warmStart 38% (465/1196) regret=0.043805 ape=0.4691
[22:41:28] warmStart 38% (466/1196) regret=0.043888 ape=0.4691
[22:41:28] warmStart 39% (467/1196) regret=0.043750 ape=0.4682
[22:41:28] warmStart 39% (468/1196) regret=0.043750 ape=0.4682
[22:41:28] warmStart 39% (469/1196) regret=0.043823 ape=0.4691
[22:41:28] warmStart 39% (470/1196) regret=0.043879 ape=0.4700
[22:41:28] warmStart 39% (471/1196) regret=0.043879 ape=0.4700
[22:41:28] warmStart 39% (472/1196) regret=0.043860 ape=0.4691
[22:41:29] warmStart 39% (473/1196) regret=0.043828 ape=0.4691
[22:41:29] warmStart 39% (474/1196) regret=0.043828 ape=0.4691
[22:41:29] warmStart 39% (475/1196) regret=0.043828 ape=0.4691
[22:41:29] warmStart 39% (476/1196) regret=0.043869 ape=0.4691
[22:41:29] warmStart 39% (477/1196) regret=0.043920 ape=0.4691
[22:41:29] warmStart 39% (478/1196) regret=0.043920 ape=0.4691
[22:41:29] warmStart 40% (479/1196) regret=0.043941 ape=0.4700
[22:41:30] warmStart 40% (480/1196) regret=0.043941 ape=0.4700
[22:41:30] warmStart 40% (481/1196) regret=0.043941 ape=0.4700
[22:41:30] warmStart 40% (482/1196) regret=0.043798 ape=0.4691
[22:41:30] warmStart 40% (483/1196) regret=0.043798 ape=0.4691
[22:41:30] warmStart 40% (484/1196) regret=0.043291 ape=0.4691
[22:41:30] warmStart 40% (485/1196) regret=0.043291 ape=0.4691
[22:41:30] warmStart 40% (486/1196) regret=0.043558 ape=0.4691
[22:41:31] warmStart 40% (487/1196) regret=0.043558 ape=0.4691
[22:41:31] warmStart 40% (488/1196) regret=0.043558 ape=0.4691
[22:41:31] warmStart 40% (489/1196) regret=0.043558 ape=0.4691
[22:41:31] warmStart 40% (490/1196) regret=0.043540 ape=0.4691
[22:41:31] warmStart 41% (491/1196) regret=0.043540 ape=0.4691
[22:41:31] warmStart 41% (492/1196) regret=0.043478 ape=0.4682
[22:41:32] warmStart 41% (493/1196) regret=0.043478 ape=0.4682
[22:41:32] warmStart 41% (494/1196) regret=0.043478 ape=0.4682
[22:41:32] warmStart 41% (495/1196) regret=0.043339 ape=0.4682
[22:41:32] warmStart 41% (496/1196) regret=0.043339 ape=0.4682
[22:41:32] warmStart 41% (497/1196) regret=0.043339 ape=0.4682
[22:41:32] warmStart 41% (498/1196) regret=0.043339 ape=0.4682
[22:41:32] warmStart 41% (499/1196) regret=0.043339 ape=0.4682
[22:41:33] warmStart 41% (500/1196) regret=0.043339 ape=0.4682
[22:41:33] warmStart 41% (501/1196) regret=0.043321 ape=0.4682
[22:41:33] warmStart 41% (502/1196) regret=0.043321 ape=0.4682
[22:41:33] warmStart 42% (503/1196) regret=0.043321 ape=0.4682
[22:41:33] warmStart 42% (504/1196) regret=0.043330 ape=0.4682
[22:41:33] warmStart 42% (505/1196) regret=0.043513 ape=0.4682
[22:41:34] warmStart 42% (506/1196) regret=0.043453 ape=0.4682
[22:41:34] warmStart 42% (507/1196) regret=0.043292 ape=0.4673
[22:41:34] warmStart 42% (508/1196) regret=0.043287 ape=0.4664
[22:41:34] warmStart 42% (509/1196) regret=0.043287 ape=0.4664
[22:41:34] warmStart 42% (510/1196) regret=0.042931 ape=0.4654
[22:41:34] warmStart 42% (511/1196) regret=0.042931 ape=0.4654
[22:41:34] warmStart 42% (512/1196) regret=0.042932 ape=0.4654
[22:41:35] warmStart 42% (513/1196) regret=0.042711 ape=0.4654
[22:41:35] warmStart 42% (514/1196) regret=0.042711 ape=0.4654
[22:41:35] warmStart 43% (515/1196) regret=0.042711 ape=0.4654
[22:41:35] warmStart 43% (516/1196) regret=0.042914 ape=0.4664
[22:41:35] warmStart 43% (517/1196) regret=0.042900 ape=0.4664
[22:41:35] warmStart 43% (518/1196) regret=0.042872 ape=0.4664
[22:41:36] warmStart 43% (519/1196) regret=0.042983 ape=0.4654
[22:41:36] warmStart 43% (520/1196) regret=0.042863 ape=0.4654
[22:41:36] warmStart 43% (521/1196) regret=0.042840 ape=0.4654
[22:41:36] warmStart 43% (522/1196) regret=0.042186 ape=0.4645
[22:41:36] warmStart 43% (523/1196) regret=0.042172 ape=0.4645
[22:41:36] warmStart 43% (524/1196) regret=0.042175 ape=0.4645
[22:41:36] warmStart 43% (525/1196) regret=0.042212 ape=0.4645
[22:41:37] warmStart 43% (526/1196) regret=0.042083 ape=0.4636
[22:41:37] warmStart 44% (527/1196) regret=0.042083 ape=0.4636
[22:41:37] warmStart 44% (528/1196) regret=0.042083 ape=0.4636
[22:41:37] warmStart 44% (529/1196) regret=0.042083 ape=0.4636
[22:41:37] warmStart 44% (530/1196) regret=0.042457 ape=0.4645
[22:41:37] warmStart 44% (531/1196) regret=0.042457 ape=0.4645
[22:41:38] warmStart 44% (532/1196) regret=0.042457 ape=0.4645
[22:41:38] warmStart 44% (533/1196) regret=0.042457 ape=0.4645
[22:41:38] warmStart 44% (534/1196) regret=0.042468 ape=0.4654
[22:41:38] warmStart 44% (535/1196) regret=0.042468 ape=0.4654
[22:41:38] warmStart 44% (536/1196) regret=0.042468 ape=0.4654
[22:41:38] warmStart 44% (537/1196) regret=0.042468 ape=0.4654
[22:41:38] warmStart 44% (538/1196) regret=0.042458 ape=0.4654
[22:41:39] warmStart 45% (539/1196) regret=0.042597 ape=0.4664
[22:41:39] warmStart 45% (540/1196) regret=0.042435 ape=0.4654
[22:41:39] warmStart 45% (541/1196) regret=0.042454 ape=0.4654
[22:41:39] warmStart 45% (542/1196) regret=0.042467 ape=0.4654
[22:41:39] warmStart 45% (543/1196) regret=0.042467 ape=0.4654
[22:41:39] warmStart 45% (544/1196) regret=0.042427 ape=0.4645
[22:41:40] warmStart 45% (545/1196) regret=0.042428 ape=0.4645
[22:41:40] warmStart 45% (546/1196) regret=0.042143 ape=0.4636
[22:41:40] warmStart 45% (547/1196) regret=0.042163 ape=0.4645
[22:41:40] warmStart 45% (548/1196) regret=0.042472 ape=0.4664
[22:41:40] warmStart 45% (549/1196) regret=0.042629 ape=0.4673
[22:41:40] warmStart 45% (550/1196) regret=0.042629 ape=0.4673
[22:41:40] warmStart 46% (551/1196) regret=0.042629 ape=0.4673
[22:41:41] warmStart 46% (552/1196) regret=0.042656 ape=0.4673
[22:41:41] warmStart 46% (553/1196) regret=0.042656 ape=0.4673
[22:41:41] warmStart 46% (554/1196) regret=0.042656 ape=0.4673
[22:41:41] warmStart 46% (555/1196) regret=0.042656 ape=0.4673
[22:41:41] warmStart 46% (556/1196) regret=0.042656 ape=0.4673
[22:41:41] warmStart 46% (557/1196) regret=0.042656 ape=0.4673
[22:41:42] warmStart 46% (558/1196) regret=0.042943 ape=0.4682
[22:41:42] warmStart 46% (559/1196) regret=0.042962 ape=0.4682
[22:41:42] warmStart 46% (560/1196) regret=0.042962 ape=0.4682
[22:41:42] warmStart 46% (561/1196) regret=0.043109 ape=0.4691
[22:41:42] warmStart 46% (562/1196) regret=0.043395 ape=0.4700
[22:41:42] warmStart 47% (563/1196) regret=0.043286 ape=0.4710
[22:41:42] warmStart 47% (564/1196) regret=0.043212 ape=0.4710
[22:41:43] warmStart 47% (565/1196) regret=0.043055 ape=0.4700
[22:41:43] warmStart 47% (566/1196) regret=0.043055 ape=0.4700
[22:41:43] warmStart 47% (567/1196) regret=0.042937 ape=0.4700
[22:41:43] warmStart 47% (568/1196) regret=0.042928 ape=0.4700
[22:41:43] warmStart 47% (569/1196) regret=0.042799 ape=0.4691
[22:41:43] warmStart 47% (570/1196) regret=0.042786 ape=0.4700
[22:41:44] warmStart 47% (571/1196) regret=0.042888 ape=0.4700
[22:41:44] warmStart 47% (572/1196) regret=0.042888 ape=0.4700
[22:41:44] warmStart 47% (573/1196) regret=0.042860 ape=0.4691
[22:41:44] warmStart 47% (574/1196) regret=0.042828 ape=0.4691
[22:41:44] warmStart 48% (575/1196) regret=0.042828 ape=0.4691
[22:41:44] warmStart 48% (576/1196) regret=0.042828 ape=0.4691
[22:41:44] warmStart 48% (577/1196) regret=0.042828 ape=0.4691
[22:41:45] warmStart 48% (578/1196) regret=0.042828 ape=0.4691
[22:41:45] warmStart 48% (579/1196) regret=0.042828 ape=0.4691
[22:41:45] warmStart 48% (580/1196) regret=0.042828 ape=0.4691
[22:41:45] warmStart 48% (581/1196) regret=0.042828 ape=0.4691
[22:41:45] warmStart 48% (582/1196) regret=0.042828 ape=0.4691
[22:41:45] warmStart 48% (583/1196) regret=0.042828 ape=0.4691
[22:41:46] warmStart 48% (584/1196) regret=0.042828 ape=0.4691
[22:41:46] warmStart 48% (585/1196) regret=0.042828 ape=0.4691
[22:41:46] warmStart 48% (586/1196) regret=0.042828 ape=0.4691
[22:41:46] warmStart 49% (587/1196) regret=0.042828 ape=0.4691
[22:41:46] warmStart 49% (588/1196) regret=0.043058 ape=0.4700
[22:41:46] warmStart 49% (589/1196) regret=0.043058 ape=0.4700
[22:41:46] warmStart 49% (590/1196) regret=0.043049 ape=0.4700
[22:41:47] warmStart 49% (591/1196) regret=0.043049 ape=0.4700
[22:41:47] warmStart 49% (592/1196) regret=0.043049 ape=0.4700
[22:41:47] warmStart 49% (593/1196) regret=0.042948 ape=0.4691
[22:41:47] warmStart 49% (594/1196) regret=0.042948 ape=0.4691
[22:41:47] warmStart 49% (595/1196) regret=0.042948 ape=0.4691
[22:41:47] warmStart 49% (596/1196) regret=0.042920 ape=0.4691
[22:41:48] warmStart 49% (597/1196) regret=0.042874 ape=0.4682
[22:41:48] warmStart 50% (598/1196) regret=0.042874 ape=0.4682
[22:41:48] warmStart 50% (599/1196) regret=0.042874 ape=0.4682
[22:41:48] warmStart 50% (600/1196) regret=0.042874 ape=0.4682
[22:41:48] warmStart 50% (601/1196) regret=0.042874 ape=0.4682
[22:41:48] warmStart 50% (602/1196) regret=0.042911 ape=0.4682
[22:41:48] warmStart 50% (603/1196) regret=0.042911 ape=0.4682
[22:41:49] warmStart 50% (604/1196) regret=0.043042 ape=0.4691
[22:41:49] warmStart 50% (605/1196) regret=0.043042 ape=0.4691
[22:41:49] warmStart 50% (606/1196) regret=0.043010 ape=0.4691
[22:41:49] warmStart 50% (607/1196) regret=0.043220 ape=0.4691
[22:41:49] warmStart 50% (608/1196) regret=0.043220 ape=0.4691
[22:41:49] warmStart 50% (609/1196) regret=0.043220 ape=0.4691
[22:41:50] warmStart 51% (610/1196) regret=0.043299 ape=0.4691
[22:41:50] warmStart 51% (611/1196) regret=0.043299 ape=0.4691
[22:41:50] warmStart 51% (612/1196) regret=0.043262 ape=0.4691
[22:41:50] warmStart 51% (613/1196) regret=0.043262 ape=0.4700
[22:41:50] warmStart 51% (614/1196) regret=0.043234 ape=0.4700
[22:41:50] warmStart 51% (615/1196) regret=0.043234 ape=0.4700
[22:41:51] warmStart 51% (616/1196) regret=0.043336 ape=0.4710
[22:41:51] warmStart 51% (617/1196) regret=0.043336 ape=0.4710
[22:41:51] warmStart 51% (618/1196) regret=0.043313 ape=0.4700
[22:41:51] warmStart 51% (619/1196) regret=0.043852 ape=0.4710
[22:41:51] warmStart 51% (620/1196) regret=0.043336 ape=0.4710
[22:41:51] warmStart 51% (621/1196) regret=0.043247 ape=0.4710
[22:41:52] warmStart 52% (622/1196) regret=0.043247 ape=0.4710
[22:41:52] warmStart 52% (623/1196) regret=0.043247 ape=0.4710
[22:41:52] warmStart 52% (624/1196) regret=0.043247 ape=0.4710
[22:41:52] warmStart 52% (625/1196) regret=0.043182 ape=0.4719
[22:41:52] warmStart 52% (626/1196) regret=0.043170 ape=0.4710
[22:41:52] warmStart 52% (627/1196) regret=0.043170 ape=0.4710
[22:41:52] warmStart 52% (628/1196) regret=0.043170 ape=0.4710
[22:41:53] warmStart 52% (629/1196) regret=0.043112 ape=0.4710
[22:41:53] warmStart 52% (630/1196) regret=0.043135 ape=0.4710
[22:41:53] warmStart 52% (631/1196) regret=0.043034 ape=0.4700
[22:41:53] warmStart 52% (632/1196) regret=0.043034 ape=0.4700
[22:41:53] warmStart 52% (633/1196) regret=0.043034 ape=0.4700
[22:41:53] warmStart 53% (634/1196) regret=0.043046 ape=0.4710
[22:41:54] warmStart 53% (635/1196) regret=0.043117 ape=0.4719
[22:41:54] warmStart 53% (636/1196) regret=0.043076 ape=0.4719
[22:41:54] warmStart 53% (637/1196) regret=0.043063 ape=0.4710
[22:41:54] warmStart 53% (638/1196) regret=0.043090 ape=0.4710
[22:41:54] warmStart 53% (639/1196) regret=0.043058 ape=0.4710
[22:41:54] warmStart 53% (640/1196) regret=0.043058 ape=0.4710
[22:41:54] warmStart 53% (641/1196) regret=0.043058 ape=0.4710
[22:41:55] warmStart 53% (642/1196) regret=0.043048 ape=0.4710
[22:41:55] warmStart 53% (643/1196) regret=0.043048 ape=0.4710
[22:41:55] warmStart 53% (644/1196) regret=0.043048 ape=0.4710
[22:41:55] warmStart 53% (645/1196) regret=0.042915 ape=0.4719
[22:41:55] warmStart 54% (646/1196) regret=0.042915 ape=0.4719
[22:41:55] warmStart 54% (647/1196) regret=0.042915 ape=0.4719
[22:41:56] warmStart 54% (648/1196) regret=0.042915 ape=0.4719
[22:41:56] warmStart 54% (649/1196) regret=0.042915 ape=0.4719
[22:41:56] warmStart 54% (650/1196) regret=0.042832 ape=0.4719
[22:41:56] warmStart 54% (651/1196) regret=0.042832 ape=0.4719
[22:41:56] warmStart 54% (652/1196) regret=0.042832 ape=0.4719
[22:41:56] warmStart 54% (653/1196) regret=0.042832 ape=0.4719
[22:41:56] warmStart 54% (654/1196) regret=0.042832 ape=0.4719
[22:41:57] warmStart 54% (655/1196) regret=0.042832 ape=0.4719
[22:41:57] warmStart 54% (656/1196) regret=0.042832 ape=0.4719
[22:41:57] warmStart 54% (657/1196) regret=0.042703 ape=0.4719
[22:41:57] warmStart 55% (658/1196) regret=0.042703 ape=0.4719
[22:41:57] warmStart 55% (659/1196) regret=0.042703 ape=0.4719
[22:41:57] warmStart 55% (660/1196) regret=0.042703 ape=0.4719
[22:41:58] warmStart 55% (661/1196) regret=0.042710 ape=0.4710
[22:41:58] warmStart 55% (662/1196) regret=0.042551 ape=0.4700
[22:41:58] warmStart 55% (663/1196) regret=0.042551 ape=0.4700
[22:41:58] warmStart 55% (664/1196) regret=0.042551 ape=0.4700
[22:41:58] warmStart 55% (665/1196) regret=0.042790 ape=0.4710
[22:41:58] warmStart 55% (666/1196) regret=0.042790 ape=0.4710
[22:41:58] warmStart 55% (667/1196) regret=0.042765 ape=0.4700
[22:41:59] warmStart 55% (668/1196) regret=0.042740 ape=0.4700
[22:41:59] warmStart 55% (669/1196) regret=0.042740 ape=0.4700
[22:41:59] warmStart 56% (670/1196) regret=0.042475 ape=0.4700
[22:41:59] warmStart 56% (671/1196) regret=0.042475 ape=0.4700
[22:41:59] warmStart 56% (672/1196) regret=0.043088 ape=0.4710
[22:41:59] warmStart 56% (673/1196) regret=0.043088 ape=0.4710
[22:41:59] warmStart 56% (674/1196) regret=0.043088 ape=0.4710
[22:42:00] warmStart 56% (675/1196) regret=0.043088 ape=0.4710
[22:42:00] warmStart 56% (676/1196) regret=0.043088 ape=0.4710
[22:42:00] warmStart 56% (677/1196) regret=0.043088 ape=0.4710
[22:42:00] warmStart 56% (678/1196) regret=0.043088 ape=0.4710
[22:42:00] warmStart 56% (679/1196) regret=0.043088 ape=0.4710
[22:42:00] warmStart 56% (680/1196) regret=0.043106 ape=0.4710
[22:42:01] warmStart 56% (681/1196) regret=0.043109 ape=0.4710
[22:42:01] warmStart 57% (682/1196) regret=0.043109 ape=0.4710
[22:42:01] warmStart 57% (683/1196) regret=0.043109 ape=0.4710
[22:42:01] warmStart 57% (684/1196) regret=0.043115 ape=0.4710
[22:42:01] warmStart 57% (685/1196) regret=0.043124 ape=0.4710
[22:42:01] warmStart 57% (686/1196) regret=0.043124 ape=0.4710
[22:42:01] warmStart 57% (687/1196) regret=0.043304 ape=0.4710
[22:42:02] warmStart 57% (688/1196) regret=0.043119 ape=0.4710
[22:42:02] warmStart 57% (689/1196) regret=0.043119 ape=0.4710
[22:42:02] warmStart 57% (690/1196) regret=0.043119 ape=0.4710
[22:42:02] warmStart 57% (691/1196) regret=0.043133 ape=0.4710
[22:42:02] warmStart 57% (692/1196) regret=0.042978 ape=0.4710
[22:42:02] warmStart 57% (693/1196) regret=0.042978 ape=0.4710
[22:42:02] warmStart 58% (694/1196) regret=0.042978 ape=0.4710
[22:42:03] warmStart 58% (695/1196) regret=0.042978 ape=0.4710
[22:42:03] warmStart 58% (696/1196) regret=0.042969 ape=0.4700
[22:42:03] warmStart 58% (697/1196) regret=0.042969 ape=0.4700
[22:42:03] warmStart 58% (698/1196) regret=0.042969 ape=0.4700
[22:42:03] warmStart 58% (699/1196) regret=0.042969 ape=0.4700
[22:42:03] warmStart 58% (700/1196) regret=0.042969 ape=0.4700
[22:42:04] warmStart 58% (701/1196) regret=0.042964 ape=0.4700
[22:42:04] warmStart 58% (702/1196) regret=0.042964 ape=0.4700
[22:42:04] warmStart 58% (703/1196) regret=0.042999 ape=0.4700
[22:42:04] warmStart 58% (704/1196) regret=0.042999 ape=0.4700
[22:42:04] warmStart 58% (705/1196) regret=0.042999 ape=0.4700
[22:42:04] warmStart 59% (706/1196) regret=0.043377 ape=0.4710
[22:42:04] warmStart 59% (707/1196) regret=0.043368 ape=0.4710
[22:42:05] warmStart 59% (708/1196) regret=0.043368 ape=0.4710
[22:42:05] warmStart 59% (709/1196) regret=0.043778 ape=0.4710
[22:42:05] warmStart 59% (710/1196) regret=0.043776 ape=0.4710
[22:42:05] warmStart 59% (711/1196) regret=0.043707 ape=0.4728
[22:42:05] warmStart 59% (712/1196) regret=0.043707 ape=0.4728
[22:42:06] warmStart 59% (713/1196) regret=0.043707 ape=0.4728
[22:42:06] warmStart 59% (714/1196) regret=0.043707 ape=0.4728
[22:42:06] warmStart 59% (715/1196) regret=0.043707 ape=0.4728
[22:42:06] warmStart 59% (716/1196) regret=0.043707 ape=0.4728
[22:42:06] warmStart 59% (717/1196) regret=0.043707 ape=0.4728
[22:42:06] warmStart 60% (718/1196) regret=0.043688 ape=0.4728
[22:42:06] warmStart 60% (719/1196) regret=0.043223 ape=0.4719
[22:42:07] warmStart 60% (720/1196) regret=0.043223 ape=0.4719
[22:42:07] warmStart 60% (721/1196) regret=0.043223 ape=0.4719
[22:42:07] warmStart 60% (722/1196) regret=0.043209 ape=0.4719
[22:42:07] warmStart 60% (723/1196) regret=0.043209 ape=0.4719
[22:42:07] warmStart 60% (724/1196) regret=0.043209 ape=0.4719
[22:42:07] warmStart 60% (725/1196) regret=0.043209 ape=0.4719
[22:42:08] warmStart 60% (726/1196) regret=0.043188 ape=0.4710
[22:42:08] warmStart 60% (727/1196) regret=0.043188 ape=0.4710
[22:42:08] warmStart 60% (728/1196) regret=0.043243 ape=0.4710
[22:42:08] warmStart 60% (729/1196) regret=0.043229 ape=0.4710
[22:42:08] warmStart 61% (730/1196) regret=0.043134 ape=0.4710
[22:42:08] warmStart 61% (731/1196) regret=0.043134 ape=0.4710
[22:42:09] warmStart 61% (732/1196) regret=0.043134 ape=0.4710
[22:42:09] warmStart 61% (733/1196) regret=0.043296 ape=0.4719
[22:42:09] warmStart 61% (734/1196) regret=0.043296 ape=0.4719
[22:42:09] warmStart 61% (735/1196) regret=0.043296 ape=0.4719
[22:42:09] warmStart 61% (736/1196) regret=0.043203 ape=0.4719
[22:42:09] warmStart 61% (737/1196) regret=0.043203 ape=0.4719
[22:42:10] warmStart 61% (738/1196) regret=0.042918 ape=0.4719
[22:42:10] warmStart 61% (739/1196) regret=0.042872 ape=0.4710
[22:42:10] warmStart 61% (740/1196) regret=0.042872 ape=0.4710
[22:42:10] warmStart 61% (741/1196) regret=0.042872 ape=0.4710
[22:42:10] warmStart 62% (742/1196) regret=0.042872 ape=0.4710
[22:42:10] warmStart 62% (743/1196) regret=0.042936 ape=0.4719
[22:42:10] warmStart 62% (744/1196) regret=0.042849 ape=0.4728
[22:42:11] warmStart 62% (745/1196) regret=0.042849 ape=0.4728
[22:42:11] warmStart 62% (746/1196) regret=0.042862 ape=0.4728
[22:42:11] warmStart 62% (747/1196) regret=0.042807 ape=0.4719
[22:42:11] warmStart 62% (748/1196) regret=0.042807 ape=0.4719
[22:42:11] warmStart 62% (749/1196) regret=0.042807 ape=0.4719
[22:42:11] warmStart 62% (750/1196) regret=0.042807 ape=0.4719
[22:42:12] warmStart 62% (751/1196) regret=0.042807 ape=0.4719
[22:42:12] warmStart 62% (752/1196) regret=0.042807 ape=0.4719
[22:42:12] warmStart 62% (753/1196) regret=0.042807 ape=0.4719
[22:42:12] warmStart 63% (754/1196) regret=0.042807 ape=0.4719
[22:42:12] warmStart 63% (755/1196) regret=0.042807 ape=0.4719
[22:42:12] warmStart 63% (756/1196) regret=0.042807 ape=0.4719
[22:42:12] warmStart 63% (757/1196) regret=0.042798 ape=0.4719
[22:42:13] warmStart 63% (758/1196) regret=0.042798 ape=0.4719
[22:42:13] warmStart 63% (759/1196) regret=0.042798 ape=0.4719
[22:42:13] warmStart 63% (760/1196) regret=0.042798 ape=0.4719
[22:42:13] warmStart 63% (761/1196) regret=0.042798 ape=0.4719
[22:42:13] warmStart 63% (762/1196) regret=0.042798 ape=0.4719
[22:42:13] warmStart 63% (763/1196) regret=0.042798 ape=0.4719
[22:42:13] warmStart 63% (764/1196) regret=0.042798 ape=0.4719
[22:42:14] warmStart 63% (765/1196) regret=0.042798 ape=0.4719
[22:42:14] warmStart 64% (766/1196) regret=0.042798 ape=0.4719
[22:42:14] warmStart 64% (767/1196) regret=0.042564 ape=0.4710
[22:42:14] warmStart 64% (768/1196) regret=0.042432 ape=0.4710
[22:42:14] warmStart 64% (769/1196) regret=0.042432 ape=0.4710
[22:42:14] warmStart 64% (770/1196) regret=0.042229 ape=0.4700
[22:42:15] warmStart 64% (771/1196) regret=0.042229 ape=0.4700
[22:42:15] warmStart 64% (772/1196) regret=0.042445 ape=0.4700
[22:42:15] warmStart 64% (773/1196) regret=0.042436 ape=0.4700
[22:42:15] warmStart 64% (774/1196) regret=0.042436 ape=0.4700
[22:42:15] warmStart 64% (775/1196) regret=0.042436 ape=0.4700
[22:42:15] warmStart 64% (776/1196) regret=0.042436 ape=0.4700
[22:42:15] warmStart 64% (777/1196) regret=0.042436 ape=0.4700
[22:42:16] warmStart 65% (778/1196) regret=0.042252 ape=0.4691
[22:42:16] warmStart 65% (779/1196) regret=0.042169 ape=0.4691
[22:42:16] warmStart 65% (780/1196) regret=0.042169 ape=0.4691
[22:42:16] warmStart 65% (781/1196) regret=0.042565 ape=0.4691
[22:42:16] warmStart 65% (782/1196) regret=0.042657 ape=0.4700
[22:42:16] warmStart 65% (783/1196) regret=0.042505 ape=0.4700
[22:42:17] warmStart 65% (784/1196) regret=0.042505 ape=0.4700
[22:42:17] warmStart 65% (785/1196) regret=0.042505 ape=0.4700
[22:42:17] warmStart 65% (786/1196) regret=0.042505 ape=0.4700
[22:42:17] warmStart 65% (787/1196) regret=0.042505 ape=0.4700
[22:42:17] warmStart 65% (788/1196) regret=0.042505 ape=0.4700
[22:42:17] warmStart 65% (789/1196) regret=0.042505 ape=0.4700
[22:42:17] warmStart 66% (790/1196) regret=0.042422 ape=0.4700
[22:42:18] warmStart 66% (791/1196) regret=0.042422 ape=0.4700
[22:42:18] warmStart 66% (792/1196) regret=0.042422 ape=0.4700
[22:42:18] warmStart 66% (793/1196) regret=0.042395 ape=0.4691
[22:42:18] warmStart 66% (794/1196) regret=0.042361 ape=0.4691
[22:42:18] warmStart 66% (795/1196) regret=0.042330 ape=0.4682
[22:42:18] warmStart 66% (796/1196) regret=0.042330 ape=0.4682
[22:42:19] warmStart 66% (797/1196) regret=0.042330 ape=0.4682
[22:42:19] warmStart 66% (798/1196) regret=0.042309 ape=0.4673
[22:42:19] warmStart 66% (799/1196) regret=0.042309 ape=0.4673
[22:42:19] warmStart 66% (800/1196) regret=0.042337 ape=0.4682
[22:42:19] warmStart 66% (801/1196) regret=0.042516 ape=0.4691
[22:42:19] warmStart 67% (802/1196) regret=0.042516 ape=0.4691
[22:42:20] warmStart 67% (803/1196) regret=0.042516 ape=0.4691
[22:42:20] warmStart 67% (804/1196) regret=0.042604 ape=0.4691
[22:42:20] warmStart 67% (805/1196) regret=0.042632 ape=0.4691
[22:42:20] warmStart 67% (806/1196) regret=0.042586 ape=0.4691
[22:42:20] warmStart 67% (807/1196) regret=0.042604 ape=0.4691
[22:42:20] warmStart 67% (808/1196) regret=0.042337 ape=0.4691
[22:42:21] warmStart 67% (809/1196) regret=0.042337 ape=0.4691
[22:42:21] warmStart 67% (810/1196) regret=0.042175 ape=0.4682
[22:42:21] warmStart 67% (811/1196) regret=0.042175 ape=0.4682
[22:42:21] warmStart 67% (812/1196) regret=0.042175 ape=0.4682
[22:42:21] warmStart 67% (813/1196) regret=0.041786 ape=0.4673
[22:42:21] warmStart 68% (814/1196) regret=0.041786 ape=0.4673
[22:42:21] warmStart 68% (815/1196) regret=0.041786 ape=0.4673
[22:42:22] warmStart 68% (816/1196) regret=0.041795 ape=0.4673
[22:42:22] warmStart 68% (817/1196) regret=0.041786 ape=0.4673
[22:42:22] warmStart 68% (818/1196) regret=0.041749 ape=0.4673
[22:42:22] warmStart 68% (819/1196) regret=0.041749 ape=0.4673
[22:42:22] warmStart 68% (820/1196) regret=0.041749 ape=0.4673
[22:42:22] warmStart 68% (821/1196) regret=0.041749 ape=0.4673
[22:42:23] warmStart 68% (822/1196) regret=0.041782 ape=0.4673
[22:42:23] warmStart 68% (823/1196) regret=0.041782 ape=0.4673
[22:42:23] warmStart 68% (824/1196) regret=0.041616 ape=0.4673
[22:42:23] warmStart 68% (825/1196) regret=0.041502 ape=0.4664
[22:42:23] warmStart 69% (826/1196) regret=0.041502 ape=0.4664
[22:42:23] warmStart 69% (827/1196) regret=0.041530 ape=0.4664
[22:42:23] warmStart 69% (828/1196) regret=0.041450 ape=0.4664
[22:42:24] warmStart 69% (829/1196) regret=0.041450 ape=0.4664
[22:42:24] warmStart 69% (830/1196) regret=0.041450 ape=0.4664
[22:42:24] warmStart 69% (831/1196) regret=0.041450 ape=0.4664
[22:42:24] warmStart 69% (832/1196) regret=0.041422 ape=0.4664
[22:42:24] warmStart 69% (833/1196) regret=0.041367 ape=0.4664
[22:42:24] warmStart 69% (834/1196) regret=0.041367 ape=0.4664
[22:42:25] warmStart 69% (835/1196) regret=0.041379 ape=0.4673
[22:42:25] warmStart 69% (836/1196) regret=0.041379 ape=0.4673
[22:42:25] warmStart 69% (837/1196) regret=0.041379 ape=0.4673
[22:42:25] warmStart 70% (838/1196) regret=0.041379 ape=0.4673
[22:42:25] warmStart 70% (839/1196) regret=0.041369 ape=0.4673
[22:42:25] warmStart 70% (840/1196) regret=0.041429 ape=0.4673
[22:42:25] warmStart 70% (841/1196) regret=0.041412 ape=0.4673
[22:42:26] warmStart 70% (842/1196) regret=0.041412 ape=0.4673
[22:42:26] warmStart 70% (843/1196) regret=0.041412 ape=0.4673
[22:42:26] warmStart 70% (844/1196) regret=0.041237 ape=0.4673
[22:42:26] warmStart 70% (845/1196) regret=0.041237 ape=0.4673
[22:42:26] warmStart 70% (846/1196) regret=0.041168 ape=0.4664
[22:42:26] warmStart 70% (847/1196) regret=0.041168 ape=0.4664
[22:42:27] warmStart 70% (848/1196) regret=0.041177 ape=0.4664
[22:42:27] warmStart 70% (849/1196) regret=0.041136 ape=0.4664
[22:42:27] warmStart 71% (850/1196) regret=0.041099 ape=0.4664
[22:42:27] warmStart 71% (851/1196) regret=0.041099 ape=0.4664
[22:42:27] warmStart 71% (852/1196) regret=0.041099 ape=0.4664
[22:42:27] warmStart 71% (853/1196) regret=0.041022 ape=0.4654
[22:42:27] warmStart 71% (854/1196) regret=0.041012 ape=0.4654
[22:42:28] warmStart 71% (855/1196) regret=0.040966 ape=0.4645
[22:42:28] warmStart 71% (856/1196) regret=0.040893 ape=0.4645
[22:42:28] warmStart 71% (857/1196) regret=0.040966 ape=0.4645
[22:42:28] warmStart 71% (858/1196) regret=0.040883 ape=0.4645
[22:42:28] warmStart 71% (859/1196) regret=0.040810 ape=0.4636
[22:42:28] warmStart 71% (860/1196) regret=0.040810 ape=0.4636
[22:42:28] warmStart 71% (861/1196) regret=0.040731 ape=0.4627
[22:42:29] warmStart 72% (862/1196) regret=0.040731 ape=0.4627
[22:42:29] warmStart 72% (863/1196) regret=0.040776 ape=0.4627
[22:42:29] warmStart 72% (864/1196) regret=0.040813 ape=0.4636
[22:42:29] warmStart 72% (865/1196) regret=0.040813 ape=0.4636
[22:42:29] warmStart 72% (866/1196) regret=0.040813 ape=0.4636
[22:42:29] warmStart 72% (867/1196) regret=0.040633 ape=0.4627
[22:42:30] warmStart 72% (868/1196) regret=0.040605 ape=0.4618
[22:42:30] warmStart 72% (869/1196) regret=0.040605 ape=0.4618
[22:42:30] warmStart 72% (870/1196) regret=0.040605 ape=0.4618
[22:42:30] warmStart 72% (871/1196) regret=0.040845 ape=0.4627
[22:42:30] warmStart 72% (872/1196) regret=0.040845 ape=0.4627
[22:42:30] warmStart 72% (873/1196) regret=0.040982 ape=0.4627
[22:42:30] warmStart 73% (874/1196) regret=0.040982 ape=0.4627
[22:42:31] warmStart 73% (875/1196) regret=0.040982 ape=0.4627
[22:42:31] warmStart 73% (876/1196) regret=0.040982 ape=0.4627
[22:42:31] warmStart 73% (877/1196) regret=0.040982 ape=0.4627
[22:42:31] warmStart 73% (878/1196) regret=0.040982 ape=0.4627
[22:42:31] warmStart 73% (879/1196) regret=0.040982 ape=0.4627
[22:42:31] warmStart 73% (880/1196) regret=0.040996 ape=0.4627
[22:42:32] warmStart 73% (881/1196) regret=0.040793 ape=0.4627
[22:42:32] warmStart 73% (882/1196) regret=0.040793 ape=0.4627
[22:42:32] warmStart 73% (883/1196) regret=0.040793 ape=0.4627
[22:42:32] warmStart 73% (884/1196) regret=0.040793 ape=0.4627
[22:42:32] warmStart 73% (885/1196) regret=0.040793 ape=0.4627
[22:42:32] warmStart 74% (886/1196) regret=0.040793 ape=0.4627
[22:42:33] warmStart 74% (887/1196) regret=0.040779 ape=0.4627
[22:42:33] warmStart 74% (888/1196) regret=0.040779 ape=0.4627
[22:42:33] warmStart 74% (889/1196) regret=0.040577 ape=0.4627
[22:42:33] warmStart 74% (890/1196) regret=0.040579 ape=0.4627
[22:42:33] warmStart 74% (891/1196) regret=0.040579 ape=0.4627
[22:42:33] warmStart 74% (892/1196) regret=0.040579 ape=0.4627
[22:42:33] warmStart 74% (893/1196) regret=0.040579 ape=0.4627
[22:42:34] warmStart 74% (894/1196) regret=0.040579 ape=0.4627
[22:42:34] warmStart 74% (895/1196) regret=0.040556 ape=0.4627
[22:42:34] warmStart 74% (896/1196) regret=0.040620 ape=0.4627
[22:42:34] warmStart 75% (897/1196) regret=0.040888 ape=0.4627
[22:42:34] warmStart 75% (898/1196) regret=0.040648 ape=0.4627
[22:42:34] warmStart 75% (899/1196) regret=0.040648 ape=0.4627
[22:42:35] warmStart 75% (900/1196) regret=0.040464 ape=0.4636
[22:42:35] warmStart 75% (901/1196) regret=0.040445 ape=0.4627
[22:42:35] warmStart 75% (902/1196) regret=0.040482 ape=0.4627
[22:42:35] warmStart 75% (903/1196) regret=0.040390 ape=0.4627
[22:42:35] warmStart 75% (904/1196) regret=0.040104 ape=0.4618
[22:42:35] warmStart 75% (905/1196) regret=0.040307 ape=0.4618
[22:42:36] warmStart 75% (906/1196) regret=0.040366 ape=0.4618
[22:42:36] warmStart 75% (907/1196) regret=0.040366 ape=0.4618
[22:42:36] warmStart 75% (908/1196) regret=0.040384 ape=0.4627
[22:42:36] warmStart 76% (909/1196) regret=0.040587 ape=0.4636
[22:42:36] warmStart 76% (910/1196) regret=0.040565 ape=0.4636
[22:42:36] warmStart 76% (911/1196) regret=0.040565 ape=0.4636
[22:42:37] warmStart 76% (912/1196) regret=0.040699 ape=0.4645
[22:42:37] warmStart 76% (913/1196) regret=0.040699 ape=0.4645
[22:42:37] warmStart 76% (914/1196) regret=0.040699 ape=0.4645
[22:42:37] warmStart 76% (915/1196) regret=0.040740 ape=0.4645
[22:42:37] warmStart 76% (916/1196) regret=0.040740 ape=0.4645
[22:42:37] warmStart 76% (917/1196) regret=0.040740 ape=0.4645
[22:42:37] warmStart 76% (918/1196) regret=0.040714 ape=0.4645
[22:42:38] warmStart 76% (919/1196) regret=0.040741 ape=0.4654
[22:42:38] warmStart 76% (920/1196) regret=0.040741 ape=0.4654
[22:42:38] warmStart 77% (921/1196) regret=0.040672 ape=0.4645
[22:42:38] warmStart 77% (922/1196) regret=0.040405 ape=0.4645
[22:42:38] warmStart 77% (923/1196) regret=0.040119 ape=0.4636
[22:42:38] warmStart 77% (924/1196) regret=0.040119 ape=0.4636
[22:42:39] warmStart 77% (925/1196) regret=0.040119 ape=0.4636
[22:42:39] warmStart 77% (926/1196) regret=0.040119 ape=0.4636
[22:42:39] warmStart 77% (927/1196) regret=0.040119 ape=0.4636
[22:42:39] warmStart 77% (928/1196) regret=0.040119 ape=0.4636
[22:42:39] warmStart 77% (929/1196) regret=0.040119 ape=0.4636
[22:42:39] warmStart 77% (930/1196) regret=0.040119 ape=0.4636
[22:42:40] warmStart 77% (931/1196) regret=0.039917 ape=0.4627
[22:42:40] warmStart 77% (932/1196) regret=0.039788 ape=0.4618
[22:42:40] warmStart 78% (933/1196) regret=0.039760 ape=0.4618
[22:42:40] warmStart 78% (934/1196) regret=0.039944 ape=0.4627
[22:42:40] warmStart 78% (935/1196) regret=0.039944 ape=0.4627
[22:42:40] warmStart 78% (936/1196) regret=0.039963 ape=0.4627
[22:42:40] warmStart 78% (937/1196) regret=0.039963 ape=0.4627
[22:42:41] warmStart 78% (938/1196) regret=0.039963 ape=0.4627
[22:42:41] warmStart 78% (939/1196) regret=0.039990 ape=0.4627
[22:42:41] warmStart 78% (940/1196) regret=0.040018 ape=0.4636
[22:42:41] warmStart 78% (941/1196) regret=0.040018 ape=0.4636
[22:42:41] warmStart 78% (942/1196) regret=0.040018 ape=0.4636
[22:42:41] warmStart 78% (943/1196) regret=0.040018 ape=0.4636
[22:42:42] warmStart 78% (944/1196) regret=0.040018 ape=0.4636
[22:42:42] warmStart 79% (945/1196) regret=0.040018 ape=0.4636
[22:42:42] warmStart 79% (946/1196) regret=0.040018 ape=0.4636
[22:42:42] warmStart 79% (947/1196) regret=0.040018 ape=0.4636
[22:42:42] warmStart 79% (948/1196) regret=0.040018 ape=0.4636
[22:42:42] warmStart 79% (949/1196) regret=0.040023 ape=0.4636
[22:42:42] warmStart 79% (950/1196) regret=0.040023 ape=0.4636
[22:42:43] warmStart 79% (951/1196) regret=0.040023 ape=0.4636
[22:42:43] warmStart 79% (952/1196) regret=0.040023 ape=0.4636
[22:42:43] warmStart 79% (953/1196) regret=0.040023 ape=0.4636
[22:42:43] warmStart 79% (954/1196) regret=0.040023 ape=0.4636
[22:42:43] warmStart 79% (955/1196) regret=0.040023 ape=0.4636
[22:42:43] warmStart 79% (956/1196) regret=0.040052 ape=0.4636
[22:42:44] warmStart 80% (957/1196) regret=0.040052 ape=0.4636
[22:42:44] warmStart 80% (958/1196) regret=0.040052 ape=0.4636
[22:42:44] warmStart 80% (959/1196) regret=0.039975 ape=0.4627
[22:42:44] warmStart 80% (960/1196) regret=0.039975 ape=0.4627
[22:42:44] warmStart 80% (961/1196) regret=0.039975 ape=0.4627
[22:42:44] warmStart 80% (962/1196) regret=0.039975 ape=0.4627
[22:42:44] warmStart 80% (963/1196) regret=0.039975 ape=0.4627
[22:42:45] warmStart 80% (964/1196) regret=0.039975 ape=0.4627
[22:42:45] warmStart 80% (965/1196) regret=0.039975 ape=0.4627
[22:42:45] warmStart 80% (966/1196) regret=0.039975 ape=0.4627
[22:42:45] warmStart 80% (967/1196) regret=0.039975 ape=0.4627
[22:42:45] warmStart 80% (968/1196) regret=0.039975 ape=0.4627
[22:42:45] warmStart 81% (969/1196) regret=0.039975 ape=0.4627
[22:42:46] warmStart 81% (970/1196) regret=0.039975 ape=0.4627
[22:42:46] warmStart 81% (971/1196) regret=0.039975 ape=0.4627
[22:42:46] warmStart 81% (972/1196) regret=0.040097 ape=0.4627
[22:42:46] warmStart 81% (973/1196) regret=0.039915 ape=0.4627
[22:42:46] warmStart 81% (974/1196) regret=0.039915 ape=0.4627
[22:42:46] warmStart 81% (975/1196) regret=0.039915 ape=0.4627
[22:42:46] warmStart 81% (976/1196) regret=0.039915 ape=0.4627
[22:42:47] warmStart 81% (977/1196) regret=0.039915 ape=0.4627
[22:42:47] warmStart 81% (978/1196) regret=0.040072 ape=0.4636
[22:42:47] warmStart 81% (979/1196) regret=0.040072 ape=0.4636
[22:42:47] warmStart 81% (980/1196) regret=0.040072 ape=0.4636
[22:42:47] warmStart 82% (981/1196) regret=0.040072 ape=0.4636
[22:42:47] warmStart 82% (982/1196) regret=0.040072 ape=0.4636
[22:42:48] warmStart 82% (983/1196) regret=0.040072 ape=0.4636
[22:42:48] warmStart 82% (984/1196) regret=0.040072 ape=0.4636
[22:42:48] warmStart 82% (985/1196) regret=0.039966 ape=0.4636
[22:42:48] warmStart 82% (986/1196) regret=0.039864 ape=0.4627
[22:42:48] warmStart 82% (987/1196) regret=0.039864 ape=0.4627
[22:42:48] warmStart 82% (988/1196) regret=0.039864 ape=0.4627
[22:42:48] warmStart 82% (989/1196) regret=0.039809 ape=0.4627
[22:42:49] warmStart 82% (990/1196) regret=0.039809 ape=0.4627
[22:42:49] warmStart 82% (991/1196) regret=0.039809 ape=0.4627
[22:42:49] warmStart 82% (992/1196) regret=0.039809 ape=0.4627
[22:42:49] warmStart 83% (993/1196) regret=0.039357 ape=0.4618
[22:42:49] warmStart 83% (994/1196) regret=0.039357 ape=0.4618
[22:42:49] warmStart 83% (995/1196) regret=0.039182 ape=0.4618
[22:42:50] warmStart 83% (996/1196) regret=0.039182 ape=0.4618
[22:42:50] warmStart 83% (997/1196) regret=0.039195 ape=0.4627
[22:42:50] warmStart 83% (998/1196) regret=0.039195 ape=0.4627
[22:42:50] warmStart 83% (999/1196) regret=0.039162 ape=0.4627
[22:42:50] warmStart 83% (1000/1196) regret=0.039130 ape=0.4627
[22:42:50] warmStart 83% (1001/1196) regret=0.039130 ape=0.4627
[22:42:51] warmStart 83% (1002/1196) regret=0.039130 ape=0.4627
[22:42:51] warmStart 83% (1003/1196) regret=0.039102 ape=0.4627
[22:42:51] warmStart 83% (1004/1196) regret=0.039167 ape=0.4636
[22:42:51] warmStart 84% (1005/1196) regret=0.039167 ape=0.4636
[22:42:51] warmStart 84% (1006/1196) regret=0.039167 ape=0.4636
[22:42:51] warmStart 84% (1007/1196) regret=0.039388 ape=0.4645
[22:42:51] warmStart 84% (1008/1196) regret=0.039388 ape=0.4645
[22:42:52] warmStart 84% (1009/1196) regret=0.039517 ape=0.4654
[22:42:52] warmStart 84% (1010/1196) regret=0.039517 ape=0.4654
[22:42:52] warmStart 84% (1011/1196) regret=0.039517 ape=0.4654
[22:42:52] warmStart 84% (1012/1196) regret=0.039517 ape=0.4654
[22:42:52] warmStart 84% (1013/1196) regret=0.039442 ape=0.4645
[22:42:52] warmStart 84% (1014/1196) regret=0.039460 ape=0.4645
[22:42:53] warmStart 84% (1015/1196) regret=0.039645 ape=0.4654
[22:42:53] warmStart 84% (1016/1196) regret=0.039324 ape=0.4645
[22:42:53] warmStart 85% (1017/1196) regret=0.039324 ape=0.4645
[22:42:53] warmStart 85% (1018/1196) regret=0.039324 ape=0.4645
[22:42:53] warmStart 85% (1019/1196) regret=0.039096 ape=0.4645
[22:42:53] warmStart 85% (1020/1196) regret=0.039179 ape=0.4645
[22:42:53] warmStart 85% (1021/1196) regret=0.039179 ape=0.4645
[22:42:54] warmStart 85% (1022/1196) regret=0.039179 ape=0.4645
[22:42:54] warmStart 85% (1023/1196) regret=0.039179 ape=0.4645
[22:42:54] warmStart 85% (1024/1196) regret=0.039179 ape=0.4645
[22:42:54] warmStart 85% (1025/1196) regret=0.039193 ape=0.4645
[22:42:54] warmStart 85% (1026/1196) regret=0.039183 ape=0.4645
[22:42:54] warmStart 85% (1027/1196) regret=0.039134 ape=0.4645
[22:42:55] warmStart 85% (1028/1196) regret=0.039171 ape=0.4645
[22:42:55] warmStart 86% (1029/1196) regret=0.039093 ape=0.4645
[22:42:55] warmStart 86% (1030/1196) regret=0.039056 ape=0.4636
[22:42:55] warmStart 86% (1031/1196) regret=0.039056 ape=0.4636
[22:42:55] warmStart 86% (1032/1196) regret=0.039073 ape=0.4636
[22:42:55] warmStart 86% (1033/1196) regret=0.039073 ape=0.4636
[22:42:55] warmStart 86% (1034/1196) regret=0.039073 ape=0.4636
[22:42:56] warmStart 86% (1035/1196) regret=0.039054 ape=0.4636
[22:42:56] warmStart 86% (1036/1196) regret=0.039054 ape=0.4636
[22:42:56] warmStart 86% (1037/1196) regret=0.039054 ape=0.4636
[22:42:56] warmStart 86% (1038/1196) regret=0.039054 ape=0.4636
[22:42:56] warmStart 86% (1039/1196) regret=0.039091 ape=0.4636
[22:42:56] warmStart 86% (1040/1196) regret=0.039093 ape=0.4636
[22:42:56] warmStart 87% (1041/1196) regret=0.039093 ape=0.4636
[22:42:57] warmStart 87% (1042/1196) regret=0.039093 ape=0.4636
[22:42:57] warmStart 87% (1043/1196) regret=0.039075 ape=0.4636
[22:42:57] warmStart 87% (1044/1196) regret=0.039010 ape=0.4636
[22:42:57] warmStart 87% (1045/1196) regret=0.039020 ape=0.4636
[22:42:57] warmStart 87% (1046/1196) regret=0.039070 ape=0.4636
[22:42:57] warmStart 87% (1047/1196) regret=0.038909 ape=0.4627
[22:42:58] warmStart 87% (1048/1196) regret=0.038909 ape=0.4627
[22:42:58] warmStart 87% (1049/1196) regret=0.038909 ape=0.4627
[22:42:58] warmStart 87% (1050/1196) regret=0.038909 ape=0.4627
[22:42:58] warmStart 87% (1051/1196) regret=0.038909 ape=0.4627
[22:42:58] warmStart 87% (1052/1196) regret=0.038909 ape=0.4627
[22:42:58] warmStart 88% (1053/1196) regret=0.038909 ape=0.4627
[22:42:58] warmStart 88% (1054/1196) regret=0.038909 ape=0.4627
[22:42:59] warmStart 88% (1055/1196) regret=0.038909 ape=0.4627
[22:42:59] warmStart 88% (1056/1196) regret=0.038911 ape=0.4627
[22:42:59] warmStart 88% (1057/1196) regret=0.038911 ape=0.4627
[22:42:59] warmStart 88% (1058/1196) regret=0.038892 ape=0.4627
[22:42:59] warmStart 88% (1059/1196) regret=0.038892 ape=0.4627
[22:42:59] warmStart 88% (1060/1196) regret=0.038892 ape=0.4627
[22:43:00] warmStart 88% (1061/1196) regret=0.038892 ape=0.4627
[22:43:00] warmStart 88% (1062/1196) regret=0.038892 ape=0.4627
[22:43:00] warmStart 88% (1063/1196) regret=0.038834 ape=0.4627
[22:43:00] warmStart 88% (1064/1196) regret=0.038834 ape=0.4627
[22:43:00] warmStart 89% (1065/1196) regret=0.038834 ape=0.4627
[22:43:00] warmStart 89% (1066/1196) regret=0.038834 ape=0.4627
[22:43:01] warmStart 89% (1067/1196) regret=0.038876 ape=0.4627
[22:43:01] warmStart 89% (1068/1196) regret=0.038876 ape=0.4627
[22:43:01] warmStart 89% (1069/1196) regret=0.038876 ape=0.4627
[22:43:01] warmStart 89% (1070/1196) regret=0.038922 ape=0.4627
[22:43:01] warmStart 89% (1071/1196) regret=0.038876 ape=0.4627
[22:43:01] warmStart 89% (1072/1196) regret=0.038876 ape=0.4627
[22:43:01] warmStart 89% (1073/1196) regret=0.038876 ape=0.4627
[22:43:02] warmStart 89% (1074/1196) regret=0.038876 ape=0.4627
[22:43:02] warmStart 89% (1075/1196) regret=0.038876 ape=0.4627
[22:43:02] warmStart 89% (1076/1196) regret=0.038876 ape=0.4627
[22:43:02] warmStart 90% (1077/1196) regret=0.038876 ape=0.4627
[22:43:02] warmStart 90% (1078/1196) regret=0.038876 ape=0.4627
[22:43:02] warmStart 90% (1079/1196) regret=0.038876 ape=0.4627
[22:43:03] warmStart 90% (1080/1196) regret=0.038876 ape=0.4627
[22:43:03] warmStart 90% (1081/1196) regret=0.038876 ape=0.4627
[22:43:03] warmStart 90% (1082/1196) regret=0.038876 ape=0.4627
[22:43:03] warmStart 90% (1083/1196) regret=0.039202 ape=0.4627
[22:43:03] warmStart 90% (1084/1196) regret=0.039202 ape=0.4627
[22:43:03] warmStart 90% (1085/1196) regret=0.039202 ape=0.4627
[22:43:04] warmStart 90% (1086/1196) regret=0.039202 ape=0.4627
[22:43:04] warmStart 90% (1087/1196) regret=0.039202 ape=0.4627
[22:43:04] warmStart 90% (1088/1196) regret=0.039202 ape=0.4627
[22:43:04] warmStart 91% (1089/1196) regret=0.039202 ape=0.4627
[22:43:04] warmStart 91% (1090/1196) regret=0.039210 ape=0.4627
[22:43:04] warmStart 91% (1091/1196) regret=0.039200 ape=0.4627
[22:43:04] warmStart 91% (1092/1196) regret=0.039276 ape=0.4636
[22:43:05] warmStart 91% (1093/1196) regret=0.039276 ape=0.4636
[22:43:05] warmStart 91% (1094/1196) regret=0.039340 ape=0.4645
[22:43:05] warmStart 91% (1095/1196) regret=0.039340 ape=0.4645
[22:43:05] warmStart 91% (1096/1196) regret=0.039248 ape=0.4627
[22:43:05] warmStart 91% (1097/1196) regret=0.039257 ape=0.4627
[22:43:05] warmStart 91% (1098/1196) regret=0.039251 ape=0.4627
[22:43:06] warmStart 91% (1099/1196) regret=0.039242 ape=0.4627
[22:43:06] warmStart 91% (1100/1196) regret=0.039242 ape=0.4627
[22:43:06] warmStart 92% (1101/1196) regret=0.039242 ape=0.4627
[22:43:06] warmStart 92% (1102/1196) regret=0.039242 ape=0.4627
[22:43:06] warmStart 92% (1103/1196) regret=0.039214 ape=0.4618
[22:43:06] warmStart 92% (1104/1196) regret=0.039214 ape=0.4618
[22:43:06] warmStart 92% (1105/1196) regret=0.039214 ape=0.4618
[22:43:07] warmStart 92% (1106/1196) regret=0.039214 ape=0.4618
[22:43:07] warmStart 92% (1107/1196) regret=0.039136 ape=0.4608
[22:43:07] warmStart 92% (1108/1196) regret=0.039214 ape=0.4618
[22:43:07] warmStart 92% (1109/1196) regret=0.039214 ape=0.4618
[22:43:07] warmStart 92% (1110/1196) regret=0.039214 ape=0.4618
[22:43:07] warmStart 92% (1111/1196) regret=0.039214 ape=0.4618
[22:43:08] warmStart 92% (1112/1196) regret=0.039214 ape=0.4618
[22:43:08] warmStart 93% (1113/1196) regret=0.039214 ape=0.4618
[22:43:08] warmStart 93% (1114/1196) regret=0.039214 ape=0.4618
[22:43:08] warmStart 93% (1115/1196) regret=0.039214 ape=0.4618
[22:43:08] warmStart 93% (1116/1196) regret=0.039214 ape=0.4618
[22:43:08] warmStart 93% (1117/1196) regret=0.039189 ape=0.4618
[22:43:08] warmStart 93% (1118/1196) regret=0.039189 ape=0.4618
[22:43:09] warmStart 93% (1119/1196) regret=0.038934 ape=0.4618
[22:43:09] warmStart 93% (1120/1196) regret=0.038934 ape=0.4618
[22:43:09] warmStart 93% (1121/1196) regret=0.039090 ape=0.4627
[22:43:09] warmStart 93% (1122/1196) regret=0.039081 ape=0.4627
[22:43:09] warmStart 93% (1123/1196) regret=0.039109 ape=0.4636
[22:43:09] warmStart 93% (1124/1196) regret=0.039081 ape=0.4627
[22:43:10] warmStart 94% (1125/1196) regret=0.039127 ape=0.4636
[22:43:10] warmStart 94% (1126/1196) regret=0.039127 ape=0.4636
[22:43:10] warmStart 94% (1127/1196) regret=0.039044 ape=0.4627
[22:43:10] warmStart 94% (1128/1196) regret=0.038805 ape=0.4618
[22:43:10] warmStart 94% (1129/1196) regret=0.038805 ape=0.4618
[22:43:10] warmStart 94% (1130/1196) regret=0.038805 ape=0.4618
[22:43:11] warmStart 94% (1131/1196) regret=0.038805 ape=0.4618
[22:43:11] warmStart 94% (1132/1196) regret=0.038805 ape=0.4618
[22:43:11] warmStart 94% (1133/1196) regret=0.038805 ape=0.4618
[22:43:11] warmStart 94% (1134/1196) regret=0.038805 ape=0.4618
[22:43:11] warmStart 94% (1135/1196) regret=0.038805 ape=0.4618
[22:43:11] warmStart 94% (1136/1196) regret=0.038860 ape=0.4618
[22:43:12] warmStart 95% (1137/1196) regret=0.038860 ape=0.4618
[22:43:12] warmStart 95% (1138/1196) regret=0.038860 ape=0.4618
[22:43:12] warmStart 95% (1139/1196) regret=0.038809 ape=0.4608
[22:43:12] warmStart 95% (1140/1196) regret=0.038865 ape=0.4608
[22:43:12] warmStart 95% (1141/1196) regret=0.038865 ape=0.4608
[22:43:12] warmStart 95% (1142/1196) regret=0.038865 ape=0.4608
[22:43:13] warmStart 95% (1143/1196) regret=0.038865 ape=0.4608
[22:43:13] warmStart 95% (1144/1196) regret=0.038865 ape=0.4608
[22:43:13] warmStart 95% (1145/1196) regret=0.038865 ape=0.4608
[22:43:13] warmStart 95% (1146/1196) regret=0.038865 ape=0.4608
[22:43:13] warmStart 95% (1147/1196) regret=0.038874 ape=0.4608
[22:43:13] warmStart 95% (1148/1196) regret=0.038874 ape=0.4608
[22:43:14] warmStart 96% (1149/1196) regret=0.038710 ape=0.4599
[22:43:14] warmStart 96% (1150/1196) regret=0.038699 ape=0.4599
[22:43:14] warmStart 96% (1151/1196) regret=0.038699 ape=0.4599
[22:43:14] warmStart 96% (1152/1196) regret=0.038689 ape=0.4599
[22:43:14] warmStart 96% (1153/1196) regret=0.038689 ape=0.4599
[22:43:14] warmStart 96% (1154/1196) regret=0.038689 ape=0.4599
[22:43:14] warmStart 96% (1155/1196) regret=0.038379 ape=0.4590
[22:43:15] warmStart 96% (1156/1196) regret=0.038351 ape=0.4581
[22:43:15] warmStart 96% (1157/1196) regret=0.038441 ape=0.4581
[22:43:15] warmStart 96% (1158/1196) regret=0.038429 ape=0.4581
[22:43:15] warmStart 96% (1159/1196) regret=0.038429 ape=0.4581
[22:43:15] warmStart 96% (1160/1196) regret=0.038423 ape=0.4581
[22:43:15] warmStart 97% (1161/1196) regret=0.038423 ape=0.4581
[22:43:16] warmStart 97% (1162/1196) regret=0.038315 ape=0.4581
[22:43:16] warmStart 97% (1163/1196) regret=0.038130 ape=0.4571
[22:43:16] warmStart 97% (1164/1196) regret=0.038130 ape=0.4571
[22:43:16] warmStart 97% (1165/1196) regret=0.038278 ape=0.4571
[22:43:16] warmStart 97% (1166/1196) regret=0.038315 ape=0.4571
[22:43:16] warmStart 97% (1167/1196) regret=0.038315 ape=0.4571
[22:43:17] warmStart 97% (1168/1196) regret=0.038315 ape=0.4571
[22:43:17] warmStart 97% (1169/1196) regret=0.038315 ape=0.4571
[22:43:17] warmStart 97% (1170/1196) regret=0.038315 ape=0.4571
[22:43:17] warmStart 97% (1171/1196) regret=0.038315 ape=0.4571
[22:43:17] warmStart 97% (1172/1196) regret=0.038384 ape=0.4581
[22:43:17] warmStart 98% (1173/1196) regret=0.038086 ape=0.4581
[22:43:18] warmStart 98% (1174/1196) regret=0.038086 ape=0.4581
[22:43:18] warmStart 98% (1175/1196) regret=0.038040 ape=0.4571
[22:43:18] warmStart 98% (1176/1196) regret=0.038021 ape=0.4562
[22:43:18] warmStart 98% (1177/1196) regret=0.038132 ape=0.4571
[22:43:18] warmStart 98% (1178/1196) regret=0.037740 ape=0.4562
[22:43:18] warmStart 98% (1179/1196) regret=0.037740 ape=0.4562
[22:43:18] warmStart 98% (1180/1196) regret=0.037593 ape=0.4562
[22:43:19] warmStart 98% (1181/1196) regret=0.037593 ape=0.4562
[22:43:19] warmStart 98% (1182/1196) regret=0.037602 ape=0.4562
[22:43:19] warmStart 98% (1183/1196) regret=0.037565 ape=0.4562
[22:43:19] warmStart 98% (1184/1196) regret=0.037565 ape=0.4562
[22:43:19] warmStart 99% (1185/1196) regret=0.037565 ape=0.4562
[22:43:19] warmStart 99% (1186/1196) regret=0.037556 ape=0.4562
[22:43:19] warmStart 99% (1187/1196) regret=0.037528 ape=0.4562
[22:43:20] warmStart 99% (1188/1196) regret=0.037528 ape=0.4562
[22:43:20] warmStart 99% (1189/1196) regret=0.037528 ape=0.4562
[22:43:20] warmStart 99% (1190/1196) regret=0.037010 ape=0.4562
[22:43:20] warmStart 99% (1191/1196) regret=0.037010 ape=0.4562
[22:43:20] warmStart 99% (1192/1196) regret=0.037010 ape=0.4562
[22:43:20] warmStart 99% (1193/1196) regret=0.036980 ape=0.4571
[22:43:20] warmStart 99% (1194/1196) regret=0.036980 ape=0.4571
Fractional warm start finished: 1195 points, 184.13s
  Final: regret=0.036980, ape=0.4571

Saved: /home/users/g/s/gsavary/LudiiMCTSVariations/slurm_sweep_full_dataset/output_fractional/warm/seed_0/sweep_fractional_warm_0_20260426_224321.json

Generating plots...
Saved: /home/users/g/s/gsavary/LudiiMCTSVariations/slurm_sweep_full_dataset/output_fractional/warm/seed_0/sweep_fractional_warm_0_20260426_224321_regret.png
Saved: /home/users/g/s/gsavary/LudiiMCTSVariations/slurm_sweep_full_dataset/output_fractional/warm/seed_0/sweep_fractional_warm_0_20260426_224321_ape.png

================================================================================
Experiment complete!
================================================================================
Done. Results in: /home/users/g/s/gsavary/LudiiMCTSVariations/slurm_sweep_full_dataset/output_fractional/warm/seed_0
