============================================================
Fractional warm start experiment
Method: baseline
Seed:   3
Output: /home/users/g/s/gsavary/LudiiMCTSVariations/slurm_sweep_full_dataset/output_fractional/baseline/seed_3
============================================================

================================================================================
SLURM Sweep Experiment - Single Fractional Sample Warm Start
================================================================================
Method:          baseline
Time limit:      3600.0s
Seed:            3
Batch size:      20
Output dir:      /home/users/g/s/gsavary/LudiiMCTSVariations/slurm_sweep_full_dataset/output_fractional/baseline/seed_3

Loading Ludii dataset...
Loaded 1085 games
Using 1085 games (full dataset)

Running timing probe (100 pulls)...
  Estimated secs/pull: 0.021605

Time budget: 3600.0s → ~166631 total pulls
Per-method budget: 23804 pulls (~514.3s)

Computing predictor-only performance...
  Predictions loaded: 23675 agent predictions
  Predictor-only: regret=0.104318, ape=0.4894

Running BASELINE (cold start)...
[22:40:14] regretChangePotential 0% (1/1191) regret=0.148532 ape=0.7161
[22:40:15] regretChangePotential 0% (2/1191) regret=0.148226 ape=0.7171
[22:40:15] regretChangePotential 0% (3/1191) regret=0.148280 ape=0.7180
[22:40:15] regretChangePotential 0% (4/1191) regret=0.147571 ape=0.7180
[22:40:15] regretChangePotential 0% (5/1191) regret=0.146144 ape=0.7171
[22:40:15] regretChangePotential 0% (6/1191) regret=0.145559 ape=0.7161
[22:40:15] regretChangePotential 0% (7/1191) regret=0.145137 ape=0.7161
[22:40:15] regretChangePotential 0% (8/1191) regret=0.144148 ape=0.7152
[22:40:16] regretChangePotential 0% (9/1191) regret=0.144148 ape=0.7152
[22:40:16] regretChangePotential 0% (10/1191) regret=0.142960 ape=0.7134
[22:40:16] regretChangePotential 0% (11/1191) regret=0.142551 ape=0.7134
[22:40:16] regretChangePotential 1% (12/1191) regret=0.141895 ape=0.7106
[22:40:16] regretChangePotential 1% (13/1191) regret=0.141418 ape=0.7097
[22:40:16] regretChangePotential 1% (14/1191) regret=0.141418 ape=0.7097
[22:40:16] regretChangePotential 1% (15/1191) regret=0.141418 ape=0.7097
[22:40:17] regretChangePotential 1% (16/1191) regret=0.141475 ape=0.7097
[22:40:17] regretChangePotential 1% (17/1191) regret=0.141088 ape=0.7097
[22:40:17] regretChangePotential 1% (18/1191) regret=0.140196 ape=0.7088
[22:40:17] regretChangePotential 1% (19/1191) regret=0.140316 ape=0.7106
[22:40:17] regretChangePotential 1% (20/1191) regret=0.139677 ape=0.7088
[22:40:17] regretChangePotential 1% (21/1191) regret=0.139013 ape=0.7078
[22:40:17] regretChangePotential 1% (22/1191) regret=0.139013 ape=0.7078
[22:40:17] regretChangePotential 1% (23/1191) regret=0.138322 ape=0.7078
[22:40:18] regretChangePotential 2% (24/1191) regret=0.138295 ape=0.7069
[22:40:18] regretChangePotential 2% (25/1191) regret=0.138316 ape=0.7078
[22:40:18] regretChangePotential 2% (26/1191) regret=0.138187 ape=0.7078
[22:40:18] regretChangePotential 2% (27/1191) regret=0.137610 ape=0.7078
[22:40:18] regretChangePotential 2% (28/1191) regret=0.136363 ape=0.7060
[22:40:18] regretChangePotential 2% (29/1191) regret=0.136390 ape=0.7060
[22:40:18] regretChangePotential 2% (30/1191) regret=0.136390 ape=0.7060
[22:40:19] regretChangePotential 2% (31/1191) regret=0.135800 ape=0.7060
[22:40:19] regretChangePotential 2% (32/1191) regret=0.135910 ape=0.7060
[22:40:19] regretChangePotential 2% (33/1191) regret=0.135411 ape=0.7051
[22:40:19] regretChangePotential 2% (34/1191) regret=0.135631 ape=0.7060
[22:40:19] regretChangePotential 2% (35/1191) regret=0.135631 ape=0.7060
[22:40:19] regretChangePotential 3% (36/1191) regret=0.134942 ape=0.7060
[22:40:20] regretChangePotential 3% (37/1191) regret=0.133153 ape=0.7032
[22:40:20] regretChangePotential 3% (38/1191) regret=0.133153 ape=0.7032
[22:40:20] regretChangePotential 3% (39/1191) regret=0.133153 ape=0.7032
[22:40:20] regretChangePotential 3% (40/1191) regret=0.132397 ape=0.7032
[22:40:20] regretChangePotential 3% (41/1191) regret=0.132397 ape=0.7032
[22:40:20] regretChangePotential 3% (42/1191) regret=0.132397 ape=0.7032
[22:40:20] regretChangePotential 3% (43/1191) regret=0.132397 ape=0.7032
[22:40:20] regretChangePotential 3% (44/1191) regret=0.131384 ape=0.7023
[22:40:21] regretChangePotential 3% (45/1191) regret=0.131384 ape=0.7023
[22:40:21] regretChangePotential 3% (46/1191) regret=0.130139 ape=0.7005
[22:40:21] regretChangePotential 3% (47/1191) regret=0.129227 ape=0.6986
[22:40:21] regretChangePotential 4% (48/1191) regret=0.129227 ape=0.6986
[22:40:21] regretChangePotential 4% (49/1191) regret=0.128629 ape=0.6977
[22:40:21] regretChangePotential 4% (50/1191) regret=0.127815 ape=0.6977
[22:40:22] regretChangePotential 4% (51/1191) regret=0.126193 ape=0.6949
[22:40:22] regretChangePotential 4% (52/1191) regret=0.126235 ape=0.6949
[22:40:22] regretChangePotential 4% (53/1191) regret=0.125341 ape=0.6940
[22:40:22] regretChangePotential 4% (54/1191) regret=0.125341 ape=0.6940
[22:40:22] regretChangePotential 4% (55/1191) regret=0.124853 ape=0.6931
[22:40:22] regretChangePotential 4% (56/1191) regret=0.123963 ape=0.6912
[22:40:22] regretChangePotential 4% (57/1191) regret=0.123638 ape=0.6903
[22:40:23] regretChangePotential 4% (58/1191) regret=0.123638 ape=0.6903
[22:40:23] regretChangePotential 4% (59/1191) regret=0.123484 ape=0.6903
[22:40:23] regretChangePotential 5% (60/1191) regret=0.123639 ape=0.6912
[22:40:23] regretChangePotential 5% (61/1191) regret=0.123593 ape=0.6912
[22:40:23] regretChangePotential 5% (62/1191) regret=0.123258 ape=0.6903
[22:40:23] regretChangePotential 5% (63/1191) regret=0.122482 ape=0.6903
[22:40:23] regretChangePotential 5% (64/1191) regret=0.122315 ape=0.6894
[22:40:24] regretChangePotential 5% (65/1191) regret=0.122255 ape=0.6894
[22:40:24] regretChangePotential 5% (66/1191) regret=0.122195 ape=0.6885
[22:40:24] regretChangePotential 5% (67/1191) regret=0.121835 ape=0.6885
[22:40:24] regretChangePotential 5% (68/1191) regret=0.121771 ape=0.6885
[22:40:24] regretChangePotential 5% (69/1191) regret=0.120978 ape=0.6894
[22:40:24] regretChangePotential 5% (70/1191) regret=0.119922 ape=0.6885
[22:40:24] regretChangePotential 5% (71/1191) regret=0.119098 ape=0.6876
[22:40:25] regretChangePotential 6% (72/1191) regret=0.118591 ape=0.6866
[22:40:25] regretChangePotential 6% (73/1191) regret=0.118537 ape=0.6866
[22:40:25] regretChangePotential 6% (74/1191) regret=0.116508 ape=0.6848
[22:40:25] regretChangePotential 6% (75/1191) regret=0.116529 ape=0.6848
[22:40:25] regretChangePotential 6% (76/1191) regret=0.115318 ape=0.6857
[22:40:25] regretChangePotential 6% (77/1191) regret=0.114415 ape=0.6848
[22:40:25] regretChangePotential 6% (78/1191) regret=0.114415 ape=0.6848
[22:40:25] regretChangePotential 6% (79/1191) regret=0.114341 ape=0.6848
[22:40:26] regretChangePotential 6% (80/1191) regret=0.113349 ape=0.6848
[22:40:26] regretChangePotential 6% (81/1191) regret=0.112315 ape=0.6839
[22:40:26] regretChangePotential 6% (82/1191) regret=0.112185 ape=0.6839
[22:40:26] regretChangePotential 6% (83/1191) regret=0.112078 ape=0.6829
[22:40:26] regretChangePotential 7% (84/1191) regret=0.111474 ape=0.6829
[22:40:26] regretChangePotential 7% (85/1191) regret=0.110776 ape=0.6829
[22:40:26] regretChangePotential 7% (86/1191) regret=0.110245 ape=0.6829
[22:40:27] regretChangePotential 7% (87/1191) regret=0.110176 ape=0.6829
[22:40:27] regretChangePotential 7% (88/1191) regret=0.109264 ape=0.6829
[22:40:27] regretChangePotential 7% (89/1191) regret=0.107761 ape=0.6820
[22:40:27] regretChangePotential 7% (90/1191) regret=0.106673 ape=0.6802
[22:40:27] regretChangePotential 7% (91/1191) regret=0.106673 ape=0.6802
[22:40:27] regretChangePotential 7% (92/1191) regret=0.106673 ape=0.6802
[22:40:27] regretChangePotential 7% (93/1191) regret=0.106673 ape=0.6802
[22:40:28] regretChangePotential 7% (94/1191) regret=0.106673 ape=0.6802
[22:40:28] regretChangePotential 7% (95/1191) regret=0.105558 ape=0.6783
[22:40:28] regretChangePotential 8% (96/1191) regret=0.106012 ape=0.6793
[22:40:28] regretChangePotential 8% (97/1191) regret=0.104872 ape=0.6774
[22:40:28] regretChangePotential 8% (98/1191) regret=0.104983 ape=0.6765
[22:40:28] regretChangePotential 8% (99/1191) regret=0.104610 ape=0.6747
[22:40:28] regretChangePotential 8% (100/1191) regret=0.104610 ape=0.6747
[22:40:29] regretChangePotential 8% (101/1191) regret=0.103277 ape=0.6737
[22:40:29] regretChangePotential 8% (102/1191) regret=0.103262 ape=0.6728
[22:40:29] regretChangePotential 8% (103/1191) regret=0.103262 ape=0.6728
[22:40:29] regretChangePotential 8% (104/1191) regret=0.103580 ape=0.6728
[22:40:29] regretChangePotential 8% (105/1191) regret=0.102746 ape=0.6719
[22:40:29] regretChangePotential 8% (106/1191) regret=0.102010 ape=0.6700
[22:40:29] regretChangePotential 8% (107/1191) regret=0.102136 ape=0.6710
[22:40:30] regretChangePotential 9% (108/1191) regret=0.101375 ape=0.6710
[22:40:30] regretChangePotential 9% (109/1191) regret=0.100626 ape=0.6710
[22:40:30] regretChangePotential 9% (110/1191) regret=0.100737 ape=0.6700
[22:40:30] regretChangePotential 9% (111/1191) regret=0.100269 ape=0.6691
[22:40:30] regretChangePotential 9% (112/1191) regret=0.099433 ape=0.6682
[22:40:30] regretChangePotential 9% (113/1191) regret=0.099433 ape=0.6682
[22:40:30] regretChangePotential 9% (114/1191) regret=0.099433 ape=0.6682
[22:40:30] regretChangePotential 9% (115/1191) regret=0.099073 ape=0.6682
[22:40:31] regretChangePotential 9% (116/1191) regret=0.099348 ape=0.6673
[22:40:31] regretChangePotential 9% (117/1191) regret=0.098622 ape=0.6664
[22:40:31] regretChangePotential 9% (118/1191) regret=0.097479 ape=0.6654
[22:40:31] regretChangePotential 9% (119/1191) regret=0.097069 ape=0.6645
[22:40:31] regretChangePotential 10% (120/1191) regret=0.096682 ape=0.6645
[22:40:31] regretChangePotential 10% (121/1191) regret=0.096682 ape=0.6645
[22:40:31] regretChangePotential 10% (122/1191) regret=0.095866 ape=0.6636
[22:40:32] regretChangePotential 10% (123/1191) regret=0.095142 ape=0.6627
[22:40:32] regretChangePotential 10% (124/1191) regret=0.094592 ape=0.6618
[22:40:32] regretChangePotential 10% (125/1191) regret=0.094438 ape=0.6627
[22:40:32] regretChangePotential 10% (126/1191) regret=0.094080 ape=0.6627
[22:40:32] regretChangePotential 10% (127/1191) regret=0.094069 ape=0.6618
[22:40:32] regretChangePotential 10% (128/1191) regret=0.094069 ape=0.6618
[22:40:32] regretChangePotential 10% (129/1191) regret=0.094308 ape=0.6627
[22:40:33] regretChangePotential 10% (130/1191) regret=0.094374 ape=0.6627
[22:40:33] regretChangePotential 10% (131/1191) regret=0.094305 ape=0.6627
[22:40:33] regretChangePotential 11% (132/1191) regret=0.094066 ape=0.6627
[22:40:33] regretChangePotential 11% (133/1191) regret=0.093614 ape=0.6627
[22:40:33] regretChangePotential 11% (134/1191) regret=0.093614 ape=0.6627
[22:40:33] regretChangePotential 11% (135/1191) regret=0.093024 ape=0.6618
[22:40:33] regretChangePotential 11% (136/1191) regret=0.092413 ape=0.6608
[22:40:34] regretChangePotential 11% (137/1191) regret=0.092072 ape=0.6590
[22:40:34] regretChangePotential 11% (138/1191) regret=0.092040 ape=0.6581
[22:40:34] regretChangePotential 11% (139/1191) regret=0.091635 ape=0.6571
[22:40:34] regretChangePotential 11% (140/1191) regret=0.091287 ape=0.6571
[22:40:34] regretChangePotential 11% (141/1191) regret=0.091593 ape=0.6571
[22:40:34] regretChangePotential 11% (142/1191) regret=0.090993 ape=0.6562
[22:40:34] regretChangePotential 12% (143/1191) regret=0.091162 ape=0.6562
[22:40:35] regretChangePotential 12% (144/1191) regret=0.090696 ape=0.6553
[22:40:35] regretChangePotential 12% (145/1191) regret=0.090722 ape=0.6553
[22:40:35] regretChangePotential 12% (146/1191) regret=0.090704 ape=0.6553
[22:40:35] regretChangePotential 12% (147/1191) regret=0.090635 ape=0.6544
[22:40:35] regretChangePotential 12% (148/1191) regret=0.090635 ape=0.6544
[22:40:35] regretChangePotential 12% (149/1191) regret=0.090635 ape=0.6544
[22:40:35] regretChangePotential 12% (150/1191) regret=0.090192 ape=0.6535
[22:40:36] regretChangePotential 12% (151/1191) regret=0.090218 ape=0.6544
[22:40:36] regretChangePotential 12% (152/1191) regret=0.089619 ape=0.6535
[22:40:36] regretChangePotential 12% (153/1191) regret=0.089124 ape=0.6525
[22:40:36] regretChangePotential 12% (154/1191) regret=0.089357 ape=0.6525
[22:40:36] regretChangePotential 13% (155/1191) regret=0.089246 ape=0.6525
[22:40:36] regretChangePotential 13% (156/1191) regret=0.089135 ape=0.6516
[22:40:36] regretChangePotential 13% (157/1191) regret=0.088661 ape=0.6507
[22:40:37] regretChangePotential 13% (158/1191) regret=0.088661 ape=0.6507
[22:40:37] regretChangePotential 13% (159/1191) regret=0.088661 ape=0.6507
[22:40:37] regretChangePotential 13% (160/1191) regret=0.088055 ape=0.6498
[22:40:37] regretChangePotential 13% (161/1191) regret=0.087387 ape=0.6507
[22:40:37] regretChangePotential 13% (162/1191) regret=0.087539 ape=0.6507
[22:40:37] regretChangePotential 13% (163/1191) regret=0.087205 ape=0.6488
[22:40:37] regretChangePotential 13% (164/1191) regret=0.087344 ape=0.6498
[22:40:38] regretChangePotential 13% (165/1191) regret=0.087247 ape=0.6498
[22:40:38] regretChangePotential 13% (166/1191) regret=0.086649 ape=0.6488
[22:40:38] regretChangePotential 14% (167/1191) regret=0.086514 ape=0.6488
[22:40:38] regretChangePotential 14% (168/1191) regret=0.086841 ape=0.6488
[22:40:38] regretChangePotential 14% (169/1191) regret=0.085977 ape=0.6488
[22:40:38] regretChangePotential 14% (170/1191) regret=0.086019 ape=0.6488
[22:40:38] regretChangePotential 14% (171/1191) regret=0.086042 ape=0.6479
[22:40:39] regretChangePotential 14% (172/1191) regret=0.085918 ape=0.6479
[22:40:39] regretChangePotential 14% (173/1191) regret=0.085761 ape=0.6470
[22:40:39] regretChangePotential 14% (174/1191) regret=0.085660 ape=0.6470
[22:40:39] regretChangePotential 14% (175/1191) regret=0.085616 ape=0.6479
[22:40:39] regretChangePotential 14% (176/1191) regret=0.085434 ape=0.6470
[22:40:39] regretChangePotential 14% (177/1191) regret=0.085360 ape=0.6470
[22:40:39] regretChangePotential 14% (178/1191) regret=0.084974 ape=0.6479
[22:40:40] regretChangePotential 15% (179/1191) regret=0.084956 ape=0.6479
[22:40:40] regretChangePotential 15% (180/1191) regret=0.084583 ape=0.6479
[22:40:40] regretChangePotential 15% (181/1191) regret=0.084603 ape=0.6479
[22:40:40] regretChangePotential 15% (182/1191) regret=0.083100 ape=0.6470
[22:40:40] regretChangePotential 15% (183/1191) regret=0.082556 ape=0.6452
[22:40:40] regretChangePotential 15% (184/1191) regret=0.082556 ape=0.6452
[22:40:40] regretChangePotential 15% (185/1191) regret=0.082831 ape=0.6461
[22:40:41] regretChangePotential 15% (186/1191) regret=0.083139 ape=0.6452
[22:40:41] regretChangePotential 15% (187/1191) regret=0.082775 ape=0.6452
[22:40:41] regretChangePotential 15% (188/1191) regret=0.082277 ape=0.6442
[22:40:41] regretChangePotential 15% (189/1191) regret=0.081549 ape=0.6433
[22:40:41] regretChangePotential 15% (190/1191) regret=0.081802 ape=0.6433
[22:40:41] regretChangePotential 16% (191/1191) regret=0.080868 ape=0.6415
[22:40:41] regretChangePotential 16% (192/1191) regret=0.080464 ape=0.6406
[22:40:42] regretChangePotential 16% (193/1191) regret=0.079865 ape=0.6396
[22:40:42] regretChangePotential 16% (194/1191) regret=0.079119 ape=0.6396
[22:40:42] regretChangePotential 16% (195/1191) regret=0.079119 ape=0.6396
[22:40:42] regretChangePotential 16% (196/1191) regret=0.079073 ape=0.6396
[22:40:42] regretChangePotential 16% (197/1191) regret=0.079073 ape=0.6396
[22:40:42] regretChangePotential 16% (198/1191) regret=0.079073 ape=0.6396
[22:40:42] regretChangePotential 16% (199/1191) regret=0.079096 ape=0.6396
[22:40:43] regretChangePotential 16% (200/1191) regret=0.079096 ape=0.6396
[22:40:43] regretChangePotential 16% (201/1191) regret=0.079096 ape=0.6396
[22:40:43] regretChangePotential 16% (202/1191) regret=0.079096 ape=0.6396
[22:40:43] regretChangePotential 17% (203/1191) regret=0.079096 ape=0.6396
[22:40:43] regretChangePotential 17% (204/1191) regret=0.079096 ape=0.6396
[22:40:43] regretChangePotential 17% (205/1191) regret=0.079096 ape=0.6396
[22:40:43] regretChangePotential 17% (206/1191) regret=0.079096 ape=0.6396
[22:40:44] regretChangePotential 17% (207/1191) regret=0.079096 ape=0.6396
[22:40:44] regretChangePotential 17% (208/1191) regret=0.079096 ape=0.6396
[22:40:44] regretChangePotential 17% (209/1191) regret=0.078893 ape=0.6378
[22:40:44] regretChangePotential 17% (210/1191) regret=0.078893 ape=0.6378
[22:40:44] regretChangePotential 17% (211/1191) regret=0.078893 ape=0.6378
[22:40:44] regretChangePotential 17% (212/1191) regret=0.078893 ape=0.6378
[22:40:44] regretChangePotential 17% (213/1191) regret=0.078893 ape=0.6378
[22:40:45] regretChangePotential 17% (214/1191) regret=0.078893 ape=0.6378
[22:40:45] regretChangePotential 18% (215/1191) regret=0.078736 ape=0.6378
[22:40:45] regretChangePotential 18% (216/1191) regret=0.078736 ape=0.6378
[22:40:45] regretChangePotential 18% (217/1191) regret=0.078727 ape=0.6378
[22:40:45] regretChangePotential 18% (218/1191) regret=0.078727 ape=0.6378
[22:40:45] regretChangePotential 18% (219/1191) regret=0.078727 ape=0.6378
[22:40:45] regretChangePotential 18% (220/1191) regret=0.078727 ape=0.6378
[22:40:46] regretChangePotential 18% (221/1191) regret=0.078718 ape=0.6369
[22:40:46] regretChangePotential 18% (222/1191) regret=0.078718 ape=0.6369
[22:40:46] regretChangePotential 18% (223/1191) regret=0.078718 ape=0.6369
[22:40:46] regretChangePotential 18% (224/1191) regret=0.078709 ape=0.6369
[22:40:46] regretChangePotential 18% (225/1191) regret=0.078709 ape=0.6369
[22:40:46] regretChangePotential 18% (226/1191) regret=0.078745 ape=0.6369
[22:40:46] regretChangePotential 19% (227/1191) regret=0.078745 ape=0.6369
[22:40:47] regretChangePotential 19% (228/1191) regret=0.078745 ape=0.6369
[22:40:47] regretChangePotential 19% (229/1191) regret=0.078745 ape=0.6369
[22:40:47] regretChangePotential 19% (230/1191) regret=0.078745 ape=0.6369
[22:40:47] regretChangePotential 19% (231/1191) regret=0.078745 ape=0.6369
[22:40:47] regretChangePotential 19% (232/1191) regret=0.078766 ape=0.6369
[22:40:47] regretChangePotential 19% (233/1191) regret=0.078840 ape=0.6369
[22:40:47] regretChangePotential 19% (234/1191) regret=0.077956 ape=0.6350
[22:40:48] regretChangePotential 19% (235/1191) regret=0.078051 ape=0.6341
[22:40:48] regretChangePotential 19% (236/1191) regret=0.077344 ape=0.6332
[22:40:48] regretChangePotential 19% (237/1191) regret=0.077344 ape=0.6332
[22:40:48] regretChangePotential 19% (238/1191) regret=0.077344 ape=0.6332
[22:40:48] regretChangePotential 20% (239/1191) regret=0.077344 ape=0.6332
[22:40:48] regretChangePotential 20% (240/1191) regret=0.077344 ape=0.6332
[22:40:48] regretChangePotential 20% (241/1191) regret=0.077344 ape=0.6332
[22:40:49] regretChangePotential 20% (242/1191) regret=0.077344 ape=0.6332
[22:40:49] regretChangePotential 20% (243/1191) regret=0.077344 ape=0.6332
[22:40:49] regretChangePotential 20% (244/1191) regret=0.077275 ape=0.6323
[22:40:49] regretChangePotential 20% (245/1191) regret=0.077275 ape=0.6323
[22:40:49] regretChangePotential 20% (246/1191) regret=0.077275 ape=0.6323
[22:40:49] regretChangePotential 20% (247/1191) regret=0.077275 ape=0.6323
[22:40:49] regretChangePotential 20% (248/1191) regret=0.077275 ape=0.6323
[22:40:50] regretChangePotential 20% (249/1191) regret=0.077275 ape=0.6323
[22:40:50] regretChangePotential 20% (250/1191) regret=0.077275 ape=0.6323
[22:40:50] regretChangePotential 21% (251/1191) regret=0.077275 ape=0.6323
[22:40:50] regretChangePotential 21% (252/1191) regret=0.077275 ape=0.6323
[22:40:50] regretChangePotential 21% (253/1191) regret=0.077275 ape=0.6323
[22:40:50] regretChangePotential 21% (254/1191) regret=0.077275 ape=0.6323
[22:40:50] regretChangePotential 21% (255/1191) regret=0.077275 ape=0.6323
[22:40:51] regretChangePotential 21% (256/1191) regret=0.077275 ape=0.6323
[22:40:51] regretChangePotential 21% (257/1191) regret=0.077275 ape=0.6323
[22:40:51] regretChangePotential 21% (258/1191) regret=0.077275 ape=0.6323
[22:40:51] regretChangePotential 21% (259/1191) regret=0.077275 ape=0.6323
[22:40:51] regretChangePotential 21% (260/1191) regret=0.077275 ape=0.6323
[22:40:51] regretChangePotential 21% (261/1191) regret=0.077275 ape=0.6323
[22:40:51] regretChangePotential 21% (262/1191) regret=0.077275 ape=0.6323
[22:40:51] regretChangePotential 22% (263/1191) regret=0.077275 ape=0.6323
[22:40:52] regretChangePotential 22% (264/1191) regret=0.077275 ape=0.6323
[22:40:52] regretChangePotential 22% (265/1191) regret=0.077275 ape=0.6323
[22:40:52] regretChangePotential 22% (266/1191) regret=0.077275 ape=0.6323
[22:40:52] regretChangePotential 22% (267/1191) regret=0.077165 ape=0.6323
[22:40:52] regretChangePotential 22% (268/1191) regret=0.077165 ape=0.6323
[22:40:52] regretChangePotential 22% (269/1191) regret=0.076381 ape=0.6304
[22:40:52] regretChangePotential 22% (270/1191) regret=0.076245 ape=0.6295
[22:40:53] regretChangePotential 22% (271/1191) regret=0.076245 ape=0.6295
[22:40:53] regretChangePotential 22% (272/1191) regret=0.076383 ape=0.6295
[22:40:53] regretChangePotential 22% (273/1191) regret=0.075724 ape=0.6295
[22:40:53] regretChangePotential 23% (274/1191) regret=0.075623 ape=0.6286
[22:40:53] regretChangePotential 23% (275/1191) regret=0.075623 ape=0.6286
[22:40:53] regretChangePotential 23% (276/1191) regret=0.075411 ape=0.6276
[22:40:53] regretChangePotential 23% (277/1191) regret=0.074917 ape=0.6267
[22:40:54] regretChangePotential 23% (278/1191) regret=0.074840 ape=0.6267
[22:40:54] regretChangePotential 23% (279/1191) regret=0.074690 ape=0.6267
[22:40:54] regretChangePotential 23% (280/1191) regret=0.074690 ape=0.6267
[22:40:54] regretChangePotential 23% (281/1191) regret=0.074524 ape=0.6267
[22:40:54] regretChangePotential 23% (282/1191) regret=0.074312 ape=0.6267
[22:40:54] regretChangePotential 23% (283/1191) regret=0.074376 ape=0.6267
[22:40:54] regretChangePotential 23% (284/1191) regret=0.074554 ape=0.6267
[22:40:55] regretChangePotential 23% (285/1191) regret=0.074246 ape=0.6258
[22:40:55] regretChangePotential 24% (286/1191) regret=0.074243 ape=0.6258
[22:40:55] regretChangePotential 24% (287/1191) regret=0.073826 ape=0.6249
[22:40:55] regretChangePotential 24% (288/1191) regret=0.074273 ape=0.6258
[22:40:55] regretChangePotential 24% (289/1191) regret=0.074688 ape=0.6258
[22:40:55] regretChangePotential 24% (290/1191) regret=0.074425 ape=0.6258
[22:40:55] regretChangePotential 24% (291/1191) regret=0.074425 ape=0.6258
[22:40:56] regretChangePotential 24% (292/1191) regret=0.074526 ape=0.6258
[22:40:56] regretChangePotential 24% (293/1191) regret=0.074526 ape=0.6258
[22:40:56] regretChangePotential 24% (294/1191) regret=0.074360 ape=0.6249
[22:40:56] regretChangePotential 24% (295/1191) regret=0.074471 ape=0.6249
[22:40:56] regretChangePotential 24% (296/1191) regret=0.074471 ape=0.6249
[22:40:56] regretChangePotential 24% (297/1191) regret=0.074314 ape=0.6249
[22:40:56] regretChangePotential 25% (298/1191) regret=0.074190 ape=0.6240
[22:40:57] regretChangePotential 25% (299/1191) regret=0.074391 ape=0.6240
[22:40:57] regretChangePotential 25% (300/1191) regret=0.073953 ape=0.6230
[22:40:57] regretChangePotential 25% (301/1191) regret=0.073856 ape=0.6230
[22:40:57] regretChangePotential 25% (302/1191) regret=0.073886 ape=0.6230
[22:40:57] regretChangePotential 25% (303/1191) regret=0.073886 ape=0.6230
[22:40:57] regretChangePotential 25% (304/1191) regret=0.073886 ape=0.6230
[22:40:57] regretChangePotential 25% (305/1191) regret=0.073529 ape=0.6221
[22:40:58] regretChangePotential 25% (306/1191) regret=0.073151 ape=0.6212
[22:40:58] regretChangePotential 25% (307/1191) regret=0.072831 ape=0.6212
[22:40:58] regretChangePotential 25% (308/1191) regret=0.072895 ape=0.6212
[22:40:58] regretChangePotential 25% (309/1191) regret=0.072236 ape=0.6203
[22:40:58] regretChangePotential 26% (310/1191) regret=0.072236 ape=0.6203
[22:40:58] regretChangePotential 26% (311/1191) regret=0.072280 ape=0.6194
[22:40:58] regretChangePotential 26% (312/1191) regret=0.072519 ape=0.6194
[22:40:59] regretChangePotential 26% (313/1191) regret=0.072524 ape=0.6203
[22:40:59] regretChangePotential 26% (314/1191) regret=0.072367 ape=0.6203
[22:40:59] regretChangePotential 26% (315/1191) regret=0.072293 ape=0.6203
[22:40:59] regretChangePotential 26% (316/1191) regret=0.072367 ape=0.6203
[22:40:59] regretChangePotential 26% (317/1191) regret=0.072554 ape=0.6203
[22:40:59] regretChangePotential 26% (318/1191) regret=0.072735 ape=0.6203
[22:40:59] regretChangePotential 26% (319/1191) regret=0.072717 ape=0.6203
[22:41:00] regretChangePotential 26% (320/1191) regret=0.072597 ape=0.6194
[22:41:00] regretChangePotential 26% (321/1191) regret=0.072412 ape=0.6194
[22:41:00] regretChangePotential 27% (322/1191) regret=0.072399 ape=0.6194
[22:41:00] regretChangePotential 27% (323/1191) regret=0.072242 ape=0.6194
[22:41:00] regretChangePotential 27% (324/1191) regret=0.072200 ape=0.6194
[22:41:00] regretChangePotential 27% (325/1191) regret=0.072009 ape=0.6203
[22:41:00] regretChangePotential 27% (326/1191) regret=0.071405 ape=0.6194
[22:41:01] regretChangePotential 27% (327/1191) regret=0.071313 ape=0.6194
[22:41:01] regretChangePotential 27% (328/1191) regret=0.071313 ape=0.6194
[22:41:01] regretChangePotential 27% (329/1191) regret=0.071023 ape=0.6184
[22:41:01] regretChangePotential 27% (330/1191) regret=0.070793 ape=0.6184
[22:41:01] regretChangePotential 27% (331/1191) regret=0.071154 ape=0.6184
[22:41:01] regretChangePotential 27% (332/1191) regret=0.071218 ape=0.6184
[22:41:01] regretChangePotential 27% (333/1191) regret=0.071246 ape=0.6184
[22:41:02] regretChangePotential 28% (334/1191) regret=0.071178 ape=0.6184
[22:41:02] regretChangePotential 28% (335/1191) regret=0.071125 ape=0.6184
[22:41:02] regretChangePotential 28% (336/1191) regret=0.070720 ape=0.6175
[22:41:02] regretChangePotential 28% (337/1191) regret=0.070334 ape=0.6157
[22:41:02] regretChangePotential 28% (338/1191) regret=0.070454 ape=0.6157
[22:41:02] regretChangePotential 28% (339/1191) regret=0.070412 ape=0.6157
[22:41:02] regretChangePotential 28% (340/1191) regret=0.070412 ape=0.6157
[22:41:03] regretChangePotential 28% (341/1191) regret=0.070412 ape=0.6157
[22:41:03] regretChangePotential 28% (342/1191) regret=0.070412 ape=0.6157
[22:41:03] regretChangePotential 28% (343/1191) regret=0.070468 ape=0.6157
[22:41:03] regretChangePotential 28% (344/1191) regret=0.070053 ape=0.6157
[22:41:03] regretChangePotential 28% (345/1191) regret=0.070007 ape=0.6147
[22:41:03] regretChangePotential 29% (346/1191) regret=0.069957 ape=0.6147
[22:41:03] regretChangePotential 29% (347/1191) regret=0.069957 ape=0.6157
[22:41:04] regretChangePotential 29% (348/1191) regret=0.069922 ape=0.6147
[22:41:04] regretChangePotential 29% (349/1191) regret=0.069315 ape=0.6138
[22:41:04] regretChangePotential 29% (350/1191) regret=0.069177 ape=0.6138
[22:41:04] regretChangePotential 29% (351/1191) regret=0.068946 ape=0.6129
[22:41:04] regretChangePotential 29% (352/1191) regret=0.068903 ape=0.6129
[22:41:04] regretChangePotential 29% (353/1191) regret=0.068999 ape=0.6138
[22:41:04] regretChangePotential 29% (354/1191) regret=0.068999 ape=0.6138
[22:41:05] regretChangePotential 29% (355/1191) regret=0.068824 ape=0.6129
[22:41:05] regretChangePotential 29% (356/1191) regret=0.069322 ape=0.6129
[22:41:05] regretChangePotential 29% (357/1191) regret=0.068791 ape=0.6129
[22:41:05] regretChangePotential 30% (358/1191) regret=0.068677 ape=0.6120
[22:41:05] regretChangePotential 30% (359/1191) regret=0.068677 ape=0.6120
[22:41:05] regretChangePotential 30% (360/1191) regret=0.069110 ape=0.6129
[22:41:05] regretChangePotential 30% (361/1191) regret=0.068820 ape=0.6129
[22:41:06] regretChangePotential 30% (362/1191) regret=0.068865 ape=0.6129
[22:41:06] regretChangePotential 30% (363/1191) regret=0.068820 ape=0.6129
[22:41:06] regretChangePotential 30% (364/1191) regret=0.068820 ape=0.6129
[22:41:06] regretChangePotential 30% (365/1191) regret=0.068437 ape=0.6129
[22:41:06] regretChangePotential 30% (366/1191) regret=0.068437 ape=0.6129
[22:41:06] regretChangePotential 30% (367/1191) regret=0.068437 ape=0.6129
[22:41:06] regretChangePotential 30% (368/1191) regret=0.068306 ape=0.6129
[22:41:07] regretChangePotential 30% (369/1191) regret=0.068306 ape=0.6129
[22:41:07] regretChangePotential 31% (370/1191) regret=0.068306 ape=0.6129
[22:41:07] regretChangePotential 31% (371/1191) regret=0.068306 ape=0.6129
[22:41:07] regretChangePotential 31% (372/1191) regret=0.068315 ape=0.6129
[22:41:07] regretChangePotential 31% (373/1191) regret=0.067628 ape=0.6129
[22:41:07] regretChangePotential 31% (374/1191) regret=0.067628 ape=0.6129
[22:41:07] regretChangePotential 31% (375/1191) regret=0.067628 ape=0.6129
[22:41:08] regretChangePotential 31% (376/1191) regret=0.067725 ape=0.6138
[22:41:08] regretChangePotential 31% (377/1191) regret=0.067642 ape=0.6138
[22:41:08] regretChangePotential 31% (378/1191) regret=0.067642 ape=0.6138
[22:41:08] regretChangePotential 31% (379/1191) regret=0.067642 ape=0.6138
[22:41:08] regretChangePotential 31% (380/1191) regret=0.067642 ape=0.6138
[22:41:08] regretChangePotential 31% (381/1191) regret=0.067710 ape=0.6138
[22:41:08] regretChangePotential 32% (382/1191) regret=0.067444 ape=0.6129
[22:41:08] regretChangePotential 32% (383/1191) regret=0.067444 ape=0.6129
[22:41:09] regretChangePotential 32% (384/1191) regret=0.067381 ape=0.6129
[22:41:09] regretChangePotential 32% (385/1191) regret=0.067381 ape=0.6129
[22:41:09] regretChangePotential 32% (386/1191) regret=0.067381 ape=0.6129
[22:41:09] regretChangePotential 32% (387/1191) regret=0.067381 ape=0.6129
[22:41:09] regretChangePotential 32% (388/1191) regret=0.067381 ape=0.6129
[22:41:09] regretChangePotential 32% (389/1191) regret=0.067381 ape=0.6129
[22:41:09] regretChangePotential 32% (390/1191) regret=0.067289 ape=0.6120
[22:41:10] regretChangePotential 32% (391/1191) regret=0.067289 ape=0.6120
[22:41:10] regretChangePotential 32% (392/1191) regret=0.067398 ape=0.6120
[22:41:10] regretChangePotential 32% (393/1191) regret=0.067217 ape=0.6111
[22:41:10] regretChangePotential 33% (394/1191) regret=0.067217 ape=0.6111
[22:41:10] regretChangePotential 33% (395/1191) regret=0.067070 ape=0.6101
[22:41:10] regretChangePotential 33% (396/1191) regret=0.067070 ape=0.6101
[22:41:10] regretChangePotential 33% (397/1191) regret=0.066711 ape=0.6092
[22:41:11] regretChangePotential 33% (398/1191) regret=0.066762 ape=0.6092
[22:41:11] regretChangePotential 33% (399/1191) regret=0.066237 ape=0.6083
[22:41:11] regretChangePotential 33% (400/1191) regret=0.066237 ape=0.6083
[22:41:11] regretChangePotential 33% (401/1191) regret=0.066237 ape=0.6083
[22:41:11] regretChangePotential 33% (402/1191) regret=0.066237 ape=0.6083
[22:41:11] regretChangePotential 33% (403/1191) regret=0.066227 ape=0.6083
[22:41:11] regretChangePotential 33% (404/1191) regret=0.066221 ape=0.6083
[22:41:12] regretChangePotential 34% (405/1191) regret=0.066249 ape=0.6092
[22:41:12] regretChangePotential 34% (406/1191) regret=0.066315 ape=0.6092
[22:41:12] regretChangePotential 34% (407/1191) regret=0.066171 ape=0.6092
[22:41:12] regretChangePotential 34% (408/1191) regret=0.066682 ape=0.6101
[22:41:12] regretChangePotential 34% (409/1191) regret=0.066272 ape=0.6092
[22:41:12] regretChangePotential 34% (410/1191) regret=0.066293 ape=0.6101
[22:41:12] regretChangePotential 34% (411/1191) regret=0.066169 ape=0.6092
[22:41:13] regretChangePotential 34% (412/1191) regret=0.066234 ape=0.6092
[22:41:13] regretChangePotential 34% (413/1191) regret=0.066234 ape=0.6092
[22:41:13] regretChangePotential 34% (414/1191) regret=0.066234 ape=0.6092
[22:41:13] regretChangePotential 34% (415/1191) regret=0.066238 ape=0.6092
[22:41:13] regretChangePotential 34% (416/1191) regret=0.066029 ape=0.6092
[22:41:13] regretChangePotential 35% (417/1191) regret=0.065869 ape=0.6083
[22:41:13] regretChangePotential 35% (418/1191) regret=0.065851 ape=0.6083
[22:41:14] regretChangePotential 35% (419/1191) regret=0.065851 ape=0.6083
[22:41:14] regretChangePotential 35% (420/1191) regret=0.065482 ape=0.6074
[22:41:14] regretChangePotential 35% (421/1191) regret=0.065482 ape=0.6074
[22:41:14] regretChangePotential 35% (422/1191) regret=0.065934 ape=0.6083
[22:41:14] regretChangePotential 35% (423/1191) regret=0.065538 ape=0.6065
[22:41:14] regretChangePotential 35% (424/1191) regret=0.065538 ape=0.6065
[22:41:14] regretChangePotential 35% (425/1191) regret=0.065326 ape=0.6065
[22:41:15] regretChangePotential 35% (426/1191) regret=0.065031 ape=0.6055
[22:41:15] regretChangePotential 35% (427/1191) regret=0.064999 ape=0.6055
[22:41:15] regretChangePotential 35% (428/1191) regret=0.064869 ape=0.6046
[22:41:15] regretChangePotential 36% (429/1191) regret=0.064905 ape=0.6055
[22:41:15] regretChangePotential 36% (430/1191) regret=0.064905 ape=0.6055
[22:41:15] regretChangePotential 36% (431/1191) regret=0.064347 ape=0.6046
[22:41:15] regretChangePotential 36% (432/1191) regret=0.063964 ape=0.6046
[22:41:16] regretChangePotential 36% (433/1191) regret=0.063964 ape=0.6046
[22:41:16] regretChangePotential 36% (434/1191) regret=0.063964 ape=0.6046
[22:41:16] regretChangePotential 36% (435/1191) regret=0.063964 ape=0.6046
[22:41:16] regretChangePotential 36% (436/1191) regret=0.063912 ape=0.6037
[22:41:16] regretChangePotential 36% (437/1191) regret=0.064030 ape=0.6046
[22:41:16] regretChangePotential 36% (438/1191) regret=0.063804 ape=0.6037
[22:41:16] regretChangePotential 36% (439/1191) regret=0.063804 ape=0.6037
[22:41:17] regretChangePotential 36% (440/1191) regret=0.063770 ape=0.6037
[22:41:17] regretChangePotential 37% (441/1191) regret=0.063934 ape=0.6046
[22:41:17] regretChangePotential 37% (442/1191) regret=0.063740 ape=0.6037
[22:41:17] regretChangePotential 37% (443/1191) regret=0.063394 ape=0.6028
[22:41:17] regretChangePotential 37% (444/1191) regret=0.063997 ape=0.6028
[22:41:17] regretChangePotential 37% (445/1191) regret=0.064130 ape=0.6018
[22:41:17] regretChangePotential 37% (446/1191) regret=0.064106 ape=0.6028
[22:41:18] regretChangePotential 37% (447/1191) regret=0.063841 ape=0.6009
[22:41:18] regretChangePotential 37% (448/1191) regret=0.063764 ape=0.6009
[22:41:18] regretChangePotential 37% (449/1191) regret=0.063939 ape=0.6028
[22:41:18] regretChangePotential 37% (450/1191) regret=0.063082 ape=0.6018
[22:41:18] regretChangePotential 37% (451/1191) regret=0.063257 ape=0.6028
[22:41:18] regretChangePotential 37% (452/1191) regret=0.063190 ape=0.6018
[22:41:18] regretChangePotential 38% (453/1191) regret=0.063190 ape=0.6018
[22:41:19] regretChangePotential 38% (454/1191) regret=0.062761 ape=0.6009
[22:41:19] regretChangePotential 38% (455/1191) regret=0.062003 ape=0.6000
[22:41:19] regretChangePotential 38% (456/1191) regret=0.061572 ape=0.5991
[22:41:19] regretChangePotential 38% (457/1191) regret=0.061572 ape=0.5991
[22:41:19] regretChangePotential 38% (458/1191) regret=0.061572 ape=0.5991
[22:41:19] regretChangePotential 38% (459/1191) regret=0.061392 ape=0.5982
[22:41:19] regretChangePotential 38% (460/1191) regret=0.060950 ape=0.5963
[22:41:20] regretChangePotential 38% (461/1191) regret=0.060559 ape=0.5954
[22:41:20] regretChangePotential 38% (462/1191) regret=0.060430 ape=0.5954
[22:41:20] regretChangePotential 38% (463/1191) regret=0.059761 ape=0.5945
[22:41:20] regretChangePotential 38% (464/1191) regret=0.059761 ape=0.5945
[22:41:20] regretChangePotential 39% (465/1191) regret=0.059757 ape=0.5945
[22:41:20] regretChangePotential 39% (466/1191) regret=0.059661 ape=0.5935
[22:41:20] regretChangePotential 39% (467/1191) regret=0.059661 ape=0.5935
[22:41:21] regretChangePotential 39% (468/1191) regret=0.059661 ape=0.5935
[22:41:21] regretChangePotential 39% (469/1191) regret=0.059661 ape=0.5935
[22:41:21] regretChangePotential 39% (470/1191) regret=0.059661 ape=0.5935
[22:41:21] regretChangePotential 39% (471/1191) regret=0.059220 ape=0.5935
[22:41:21] regretChangePotential 39% (472/1191) regret=0.059220 ape=0.5935
[22:41:21] regretChangePotential 39% (473/1191) regret=0.059001 ape=0.5926
[22:41:21] regretChangePotential 39% (474/1191) regret=0.058955 ape=0.5926
[22:41:22] regretChangePotential 39% (475/1191) regret=0.058955 ape=0.5926
[22:41:22] regretChangePotential 39% (476/1191) regret=0.058955 ape=0.5926
[22:41:22] regretChangePotential 40% (477/1191) regret=0.058863 ape=0.5917
[22:41:22] regretChangePotential 40% (478/1191) regret=0.058644 ape=0.5908
[22:41:22] regretChangePotential 40% (479/1191) regret=0.058576 ape=0.5908
[22:41:22] regretChangePotential 40% (480/1191) regret=0.058576 ape=0.5908
[22:41:22] regretChangePotential 40% (481/1191) regret=0.058576 ape=0.5908
[22:41:23] regretChangePotential 40% (482/1191) regret=0.058576 ape=0.5908
[22:41:23] regretChangePotential 40% (483/1191) regret=0.058576 ape=0.5908
[22:41:23] regretChangePotential 40% (484/1191) regret=0.058576 ape=0.5908
[22:41:23] regretChangePotential 40% (485/1191) regret=0.058576 ape=0.5908
[22:41:23] regretChangePotential 40% (486/1191) regret=0.058576 ape=0.5908
[22:41:23] regretChangePotential 40% (487/1191) regret=0.058576 ape=0.5908
[22:41:23] regretChangePotential 40% (488/1191) regret=0.058576 ape=0.5908
[22:41:23] regretChangePotential 41% (489/1191) regret=0.058413 ape=0.5908
[22:41:24] regretChangePotential 41% (490/1191) regret=0.057966 ape=0.5908
[22:41:24] regretChangePotential 41% (491/1191) regret=0.057966 ape=0.5908
[22:41:24] regretChangePotential 41% (492/1191) regret=0.057966 ape=0.5908
[22:41:24] regretChangePotential 41% (493/1191) regret=0.057966 ape=0.5908
[22:41:24] regretChangePotential 41% (494/1191) regret=0.057966 ape=0.5908
[22:41:24] regretChangePotential 41% (495/1191) regret=0.057966 ape=0.5908
[22:41:24] regretChangePotential 41% (496/1191) regret=0.057966 ape=0.5908
[22:41:25] regretChangePotential 41% (497/1191) regret=0.057966 ape=0.5908
[22:41:25] regretChangePotential 41% (498/1191) regret=0.057966 ape=0.5908
[22:41:25] regretChangePotential 41% (499/1191) regret=0.057966 ape=0.5908
[22:41:25] regretChangePotential 41% (500/1191) regret=0.057966 ape=0.5908
[22:41:25] regretChangePotential 42% (501/1191) regret=0.057966 ape=0.5908
[22:41:25] regretChangePotential 42% (502/1191) regret=0.057966 ape=0.5908
[22:41:25] regretChangePotential 42% (503/1191) regret=0.057966 ape=0.5908
[22:41:26] regretChangePotential 42% (504/1191) regret=0.057966 ape=0.5908
[22:41:26] regretChangePotential 42% (505/1191) regret=0.057966 ape=0.5908
[22:41:26] regretChangePotential 42% (506/1191) regret=0.057966 ape=0.5908
[22:41:26] regretChangePotential 42% (507/1191) regret=0.057966 ape=0.5908
[22:41:26] regretChangePotential 42% (508/1191) regret=0.057966 ape=0.5908
[22:41:26] regretChangePotential 42% (509/1191) regret=0.057966 ape=0.5908
[22:41:26] regretChangePotential 42% (510/1191) regret=0.057966 ape=0.5908
[22:41:27] regretChangePotential 42% (511/1191) regret=0.057966 ape=0.5908
[22:41:27] regretChangePotential 42% (512/1191) regret=0.057901 ape=0.5908
[22:41:27] regretChangePotential 43% (513/1191) regret=0.057901 ape=0.5908
[22:41:27] regretChangePotential 43% (514/1191) regret=0.057839 ape=0.5899
[22:41:27] regretChangePotential 43% (515/1191) regret=0.057839 ape=0.5899
[22:41:27] regretChangePotential 43% (516/1191) regret=0.057839 ape=0.5899
[22:41:27] regretChangePotential 43% (517/1191) regret=0.057839 ape=0.5899
[22:41:27] regretChangePotential 43% (518/1191) regret=0.057839 ape=0.5899
[22:41:28] regretChangePotential 43% (519/1191) regret=0.057839 ape=0.5899
[22:41:28] regretChangePotential 43% (520/1191) regret=0.057839 ape=0.5899
[22:41:28] regretChangePotential 43% (521/1191) regret=0.057839 ape=0.5899
[22:41:28] regretChangePotential 43% (522/1191) regret=0.057706 ape=0.5889
[22:41:28] regretChangePotential 43% (523/1191) regret=0.057706 ape=0.5889
[22:41:28] regretChangePotential 43% (524/1191) regret=0.057706 ape=0.5889
[22:41:28] regretChangePotential 44% (525/1191) regret=0.057706 ape=0.5889
[22:41:29] regretChangePotential 44% (526/1191) regret=0.057706 ape=0.5889
[22:41:29] regretChangePotential 44% (527/1191) regret=0.057706 ape=0.5889
[22:41:29] regretChangePotential 44% (528/1191) regret=0.057706 ape=0.5889
[22:41:29] regretChangePotential 44% (529/1191) regret=0.057706 ape=0.5889
[22:41:29] regretChangePotential 44% (530/1191) regret=0.057503 ape=0.5880
[22:41:29] regretChangePotential 44% (531/1191) regret=0.056623 ape=0.5862
[22:41:29] regretChangePotential 44% (532/1191) regret=0.056269 ape=0.5853
[22:41:29] regretChangePotential 44% (533/1191) regret=0.056269 ape=0.5853
[22:41:30] regretChangePotential 44% (534/1191) regret=0.056269 ape=0.5853
[22:41:30] regretChangePotential 44% (535/1191) regret=0.056269 ape=0.5853
[22:41:30] regretChangePotential 45% (536/1191) regret=0.056269 ape=0.5853
[22:41:30] regretChangePotential 45% (537/1191) regret=0.056269 ape=0.5853
[22:41:30] regretChangePotential 45% (538/1191) regret=0.056269 ape=0.5853
[22:41:30] regretChangePotential 45% (539/1191) regret=0.056269 ape=0.5853
[22:41:30] regretChangePotential 45% (540/1191) regret=0.056123 ape=0.5853
[22:41:31] regretChangePotential 45% (541/1191) regret=0.056159 ape=0.5853
[22:41:31] regretChangePotential 45% (542/1191) regret=0.056174 ape=0.5853
[22:41:31] regretChangePotential 45% (543/1191) regret=0.056174 ape=0.5853
[22:41:31] regretChangePotential 45% (544/1191) regret=0.056174 ape=0.5853
[22:41:31] regretChangePotential 45% (545/1191) regret=0.056104 ape=0.5843
[22:41:31] regretChangePotential 45% (546/1191) regret=0.055902 ape=0.5834
[22:41:31] regretChangePotential 45% (547/1191) regret=0.055902 ape=0.5834
[22:41:32] regretChangePotential 46% (548/1191) regret=0.055843 ape=0.5834
[22:41:32] regretChangePotential 46% (549/1191) regret=0.055811 ape=0.5834
[22:41:32] regretChangePotential 46% (550/1191) regret=0.055797 ape=0.5834
[22:41:32] regretChangePotential 46% (551/1191) regret=0.056000 ape=0.5834
[22:41:32] regretChangePotential 46% (552/1191) regret=0.055668 ape=0.5834
[22:41:32] regretChangePotential 46% (553/1191) regret=0.055668 ape=0.5834
[22:41:32] regretChangePotential 46% (554/1191) regret=0.055539 ape=0.5825
[22:41:33] regretChangePotential 46% (555/1191) regret=0.055571 ape=0.5825
[22:41:33] regretChangePotential 46% (556/1191) regret=0.055341 ape=0.5816
[22:41:33] regretChangePotential 46% (557/1191) regret=0.055423 ape=0.5816
[22:41:33] regretChangePotential 46% (558/1191) regret=0.055285 ape=0.5806
[22:41:33] regretChangePotential 46% (559/1191) regret=0.054807 ape=0.5797
[22:41:33] regretChangePotential 47% (560/1191) regret=0.054964 ape=0.5806
[22:41:33] regretChangePotential 47% (561/1191) regret=0.054752 ape=0.5788
[22:41:34] regretChangePotential 47% (562/1191) regret=0.054783 ape=0.5788
[22:41:34] regretChangePotential 47% (563/1191) regret=0.054709 ape=0.5788
[22:41:34] regretChangePotential 47% (564/1191) regret=0.054709 ape=0.5788
[22:41:34] regretChangePotential 47% (565/1191) regret=0.054462 ape=0.5770
[22:41:34] regretChangePotential 47% (566/1191) regret=0.054474 ape=0.5770
[22:41:34] regretChangePotential 47% (567/1191) regret=0.054474 ape=0.5770
[22:41:34] regretChangePotential 47% (568/1191) regret=0.054068 ape=0.5760
[22:41:35] regretChangePotential 47% (569/1191) regret=0.054044 ape=0.5760
[22:41:35] regretChangePotential 47% (570/1191) regret=0.054197 ape=0.5770
[22:41:35] regretChangePotential 47% (571/1191) regret=0.054068 ape=0.5760
[22:41:35] regretChangePotential 48% (572/1191) regret=0.053727 ape=0.5751
[22:41:35] regretChangePotential 48% (573/1191) regret=0.053718 ape=0.5751
[22:41:35] regretChangePotential 48% (574/1191) regret=0.053718 ape=0.5751
[22:41:35] regretChangePotential 48% (575/1191) regret=0.053718 ape=0.5751
[22:41:36] regretChangePotential 48% (576/1191) regret=0.054317 ape=0.5760
[22:41:36] regretChangePotential 48% (577/1191) regret=0.053718 ape=0.5751
[22:41:36] regretChangePotential 48% (578/1191) regret=0.053718 ape=0.5751
[22:41:36] regretChangePotential 48% (579/1191) regret=0.053718 ape=0.5751
[22:41:36] regretChangePotential 48% (580/1191) regret=0.053718 ape=0.5751
[22:41:36] regretChangePotential 48% (581/1191) regret=0.053653 ape=0.5751
[22:41:36] regretChangePotential 48% (582/1191) regret=0.053653 ape=0.5751
[22:41:37] regretChangePotential 48% (583/1191) regret=0.053667 ape=0.5751
[22:41:37] regretChangePotential 49% (584/1191) regret=0.053667 ape=0.5751
[22:41:37] regretChangePotential 49% (585/1191) regret=0.053557 ape=0.5742
[22:41:37] regretChangePotential 49% (586/1191) regret=0.053557 ape=0.5742
[22:41:37] regretChangePotential 49% (587/1191) regret=0.052893 ape=0.5733
[22:41:37] regretChangePotential 49% (588/1191) regret=0.052893 ape=0.5733
[22:41:37] regretChangePotential 49% (589/1191) regret=0.052893 ape=0.5733
[22:41:38] regretChangePotential 49% (590/1191) regret=0.052893 ape=0.5733
[22:41:38] regretChangePotential 49% (591/1191) regret=0.052893 ape=0.5733
[22:41:38] regretChangePotential 49% (592/1191) regret=0.052893 ape=0.5733
[22:41:38] regretChangePotential 49% (593/1191) regret=0.052893 ape=0.5733
[22:41:38] regretChangePotential 49% (594/1191) regret=0.052893 ape=0.5733
[22:41:38] regretChangePotential 49% (595/1191) regret=0.052893 ape=0.5733
[22:41:38] regretChangePotential 50% (596/1191) regret=0.052893 ape=0.5733
[22:41:39] regretChangePotential 50% (597/1191) regret=0.052893 ape=0.5733
[22:41:39] regretChangePotential 50% (598/1191) regret=0.052893 ape=0.5733
[22:41:39] regretChangePotential 50% (599/1191) regret=0.052893 ape=0.5733
[22:41:39] regretChangePotential 50% (600/1191) regret=0.052893 ape=0.5733
[22:41:39] regretChangePotential 50% (601/1191) regret=0.052893 ape=0.5733
[22:41:39] regretChangePotential 50% (602/1191) regret=0.052893 ape=0.5733
[22:41:39] regretChangePotential 50% (603/1191) regret=0.052893 ape=0.5733
[22:41:40] regretChangePotential 50% (604/1191) regret=0.052893 ape=0.5733
[22:41:40] regretChangePotential 50% (605/1191) regret=0.052893 ape=0.5733
[22:41:40] regretChangePotential 50% (606/1191) regret=0.052893 ape=0.5733
[22:41:40] regretChangePotential 50% (607/1191) regret=0.052893 ape=0.5733
[22:41:40] regretChangePotential 51% (608/1191) regret=0.052893 ape=0.5733
[22:41:40] regretChangePotential 51% (609/1191) regret=0.052893 ape=0.5733
[22:41:40] regretChangePotential 51% (610/1191) regret=0.052893 ape=0.5733
[22:41:41] regretChangePotential 51% (611/1191) regret=0.052893 ape=0.5733
[22:41:41] regretChangePotential 51% (612/1191) regret=0.052893 ape=0.5733
[22:41:41] regretChangePotential 51% (613/1191) regret=0.052893 ape=0.5733
[22:41:41] regretChangePotential 51% (614/1191) regret=0.052893 ape=0.5733
[22:41:41] regretChangePotential 51% (615/1191) regret=0.052893 ape=0.5733
[22:41:41] regretChangePotential 51% (616/1191) regret=0.052893 ape=0.5733
[22:41:41] regretChangePotential 51% (617/1191) regret=0.052893 ape=0.5733
[22:41:42] regretChangePotential 51% (618/1191) regret=0.052893 ape=0.5733
[22:41:42] regretChangePotential 51% (619/1191) regret=0.052893 ape=0.5733
[22:41:42] regretChangePotential 52% (620/1191) regret=0.053027 ape=0.5742
[22:41:42] regretChangePotential 52% (621/1191) regret=0.052907 ape=0.5742
[22:41:42] regretChangePotential 52% (622/1191) regret=0.052907 ape=0.5742
[22:41:42] regretChangePotential 52% (623/1191) regret=0.052916 ape=0.5742
[22:41:42] regretChangePotential 52% (624/1191) regret=0.053016 ape=0.5751
[22:41:43] regretChangePotential 52% (625/1191) regret=0.053016 ape=0.5751
[22:41:43] regretChangePotential 52% (626/1191) regret=0.053180 ape=0.5742
[22:41:43] regretChangePotential 52% (627/1191) regret=0.053310 ape=0.5742
[22:41:43] regretChangePotential 52% (628/1191) regret=0.053145 ape=0.5742
[22:41:43] regretChangePotential 52% (629/1191) regret=0.053145 ape=0.5742
[22:41:43] regretChangePotential 52% (630/1191) regret=0.053145 ape=0.5742
[22:41:43] regretChangePotential 52% (631/1191) regret=0.053145 ape=0.5742
[22:41:44] regretChangePotential 53% (632/1191) regret=0.053145 ape=0.5742
[22:41:44] regretChangePotential 53% (633/1191) regret=0.053218 ape=0.5751
[22:41:44] regretChangePotential 53% (634/1191) regret=0.053218 ape=0.5751
[22:41:44] regretChangePotential 53% (635/1191) regret=0.053218 ape=0.5751
[22:41:44] regretChangePotential 53% (636/1191) regret=0.053218 ape=0.5751
[22:41:44] regretChangePotential 53% (637/1191) regret=0.053218 ape=0.5751
[22:41:45] regretChangePotential 53% (638/1191) regret=0.053134 ape=0.5751
[22:41:45] regretChangePotential 53% (639/1191) regret=0.053118 ape=0.5751
[22:41:45] regretChangePotential 53% (640/1191) regret=0.053120 ape=0.5751
[22:41:45] regretChangePotential 53% (641/1191) regret=0.053042 ape=0.5742
[22:41:45] regretChangePotential 53% (642/1191) regret=0.053023 ape=0.5742
[22:41:45] regretChangePotential 53% (643/1191) regret=0.053023 ape=0.5742
[22:41:45] regretChangePotential 54% (644/1191) regret=0.053023 ape=0.5742
[22:41:46] regretChangePotential 54% (645/1191) regret=0.053023 ape=0.5742
[22:41:46] regretChangePotential 54% (646/1191) regret=0.053060 ape=0.5742
[22:41:46] regretChangePotential 54% (647/1191) regret=0.053060 ape=0.5742
[22:41:46] regretChangePotential 54% (648/1191) regret=0.053060 ape=0.5742
[22:41:46] regretChangePotential 54% (649/1191) regret=0.053060 ape=0.5742
[22:41:46] regretChangePotential 54% (650/1191) regret=0.053060 ape=0.5742
[22:41:46] regretChangePotential 54% (651/1191) regret=0.053060 ape=0.5742
[22:41:46] regretChangePotential 54% (652/1191) regret=0.052894 ape=0.5742
[22:41:47] regretChangePotential 54% (653/1191) regret=0.052894 ape=0.5742
[22:41:47] regretChangePotential 54% (654/1191) regret=0.052295 ape=0.5733
[22:41:47] regretChangePotential 54% (655/1191) regret=0.052894 ape=0.5742
[22:41:47] regretChangePotential 55% (656/1191) regret=0.052894 ape=0.5742
[22:41:47] regretChangePotential 55% (657/1191) regret=0.052894 ape=0.5742
[22:41:47] regretChangePotential 55% (658/1191) regret=0.052894 ape=0.5742
[22:41:47] regretChangePotential 55% (659/1191) regret=0.052894 ape=0.5742
[22:41:48] regretChangePotential 55% (660/1191) regret=0.052894 ape=0.5742
[22:41:48] regretChangePotential 55% (661/1191) regret=0.052894 ape=0.5742
[22:41:48] regretChangePotential 55% (662/1191) regret=0.052894 ape=0.5742
[22:41:48] regretChangePotential 55% (663/1191) regret=0.052894 ape=0.5742
[22:41:48] regretChangePotential 55% (664/1191) regret=0.052894 ape=0.5742
[22:41:48] regretChangePotential 55% (665/1191) regret=0.052894 ape=0.5742
[22:41:48] regretChangePotential 55% (666/1191) regret=0.052894 ape=0.5742
[22:41:49] regretChangePotential 56% (667/1191) regret=0.052894 ape=0.5742
[22:41:49] regretChangePotential 56% (668/1191) regret=0.052894 ape=0.5742
[22:41:49] regretChangePotential 56% (669/1191) regret=0.052894 ape=0.5742
[22:41:49] regretChangePotential 56% (670/1191) regret=0.052307 ape=0.5724
[22:41:49] regretChangePotential 56% (671/1191) regret=0.052307 ape=0.5724
[22:41:49] regretChangePotential 56% (672/1191) regret=0.052307 ape=0.5724
[22:41:49] regretChangePotential 56% (673/1191) regret=0.052307 ape=0.5724
[22:41:50] regretChangePotential 56% (674/1191) regret=0.052307 ape=0.5724
[22:41:50] regretChangePotential 56% (675/1191) regret=0.052307 ape=0.5724
[22:41:50] regretChangePotential 56% (676/1191) regret=0.052307 ape=0.5724
[22:41:50] regretChangePotential 56% (677/1191) regret=0.052307 ape=0.5724
[22:41:50] regretChangePotential 56% (678/1191) regret=0.052307 ape=0.5724
[22:41:50] regretChangePotential 57% (679/1191) regret=0.051924 ape=0.5714
[22:41:50] regretChangePotential 57% (680/1191) regret=0.051924 ape=0.5714
[22:41:51] regretChangePotential 57% (681/1191) regret=0.051924 ape=0.5714
[22:41:51] regretChangePotential 57% (682/1191) regret=0.051362 ape=0.5705
[22:41:51] regretChangePotential 57% (683/1191) regret=0.051362 ape=0.5705
[22:41:51] regretChangePotential 57% (684/1191) regret=0.051362 ape=0.5705
[22:41:51] regretChangePotential 57% (685/1191) regret=0.051362 ape=0.5705
[22:41:51] regretChangePotential 57% (686/1191) regret=0.051362 ape=0.5705
[22:41:51] regretChangePotential 57% (687/1191) regret=0.051362 ape=0.5705
[22:41:51] regretChangePotential 57% (688/1191) regret=0.051310 ape=0.5705
[22:41:52] regretChangePotential 57% (689/1191) regret=0.051079 ape=0.5696
[22:41:52] regretChangePotential 57% (690/1191) regret=0.051079 ape=0.5696
[22:41:52] regretChangePotential 58% (691/1191) regret=0.051079 ape=0.5696
[22:41:52] regretChangePotential 58% (692/1191) regret=0.051070 ape=0.5696
[22:41:52] regretChangePotential 58% (693/1191) regret=0.050904 ape=0.5687
[22:41:52] regretChangePotential 58% (694/1191) regret=0.050904 ape=0.5687
[22:41:52] regretChangePotential 58% (695/1191) regret=0.050904 ape=0.5687
[22:41:53] regretChangePotential 58% (696/1191) regret=0.050904 ape=0.5687
[22:41:53] regretChangePotential 58% (697/1191) regret=0.050904 ape=0.5687
[22:41:53] regretChangePotential 58% (698/1191) regret=0.050429 ape=0.5687
[22:41:53] regretChangePotential 58% (699/1191) regret=0.050429 ape=0.5687
[22:41:53] regretChangePotential 58% (700/1191) regret=0.050429 ape=0.5687
[22:41:53] regretChangePotential 58% (701/1191) regret=0.050429 ape=0.5687
[22:41:53] regretChangePotential 58% (702/1191) regret=0.050429 ape=0.5687
[22:41:53] regretChangePotential 59% (703/1191) regret=0.050429 ape=0.5687
[22:41:54] regretChangePotential 59% (704/1191) regret=0.050429 ape=0.5687
[22:41:54] regretChangePotential 59% (705/1191) regret=0.050448 ape=0.5687
[22:41:54] regretChangePotential 59% (706/1191) regret=0.050448 ape=0.5687
[22:41:54] regretChangePotential 59% (707/1191) regret=0.050054 ape=0.5677
[22:41:54] regretChangePotential 59% (708/1191) regret=0.050054 ape=0.5677
[22:41:54] regretChangePotential 59% (709/1191) regret=0.050054 ape=0.5677
[22:41:55] regretChangePotential 59% (710/1191) regret=0.050054 ape=0.5677
[22:41:55] regretChangePotential 59% (711/1191) regret=0.050054 ape=0.5677
[22:41:55] regretChangePotential 59% (712/1191) regret=0.050054 ape=0.5677
[22:41:55] regretChangePotential 59% (713/1191) regret=0.049985 ape=0.5668
[22:41:55] regretChangePotential 59% (714/1191) regret=0.050031 ape=0.5677
[22:41:55] regretChangePotential 60% (715/1191) regret=0.050095 ape=0.5677
[22:41:55] regretChangePotential 60% (716/1191) regret=0.050095 ape=0.5677
[22:41:56] regretChangePotential 60% (717/1191) regret=0.050095 ape=0.5677
[22:41:56] regretChangePotential 60% (718/1191) regret=0.050118 ape=0.5687
[22:41:56] regretChangePotential 60% (719/1191) regret=0.050118 ape=0.5687
[22:41:56] regretChangePotential 60% (720/1191) regret=0.049717 ape=0.5668
[22:41:56] regretChangePotential 60% (721/1191) regret=0.049717 ape=0.5668
[22:41:56] regretChangePotential 60% (722/1191) regret=0.049717 ape=0.5668
[22:41:56] regretChangePotential 60% (723/1191) regret=0.049690 ape=0.5668
[22:41:57] regretChangePotential 60% (724/1191) regret=0.049690 ape=0.5668
[22:41:57] regretChangePotential 60% (725/1191) regret=0.049690 ape=0.5668
[22:41:57] regretChangePotential 60% (726/1191) regret=0.049690 ape=0.5668
[22:41:57] regretChangePotential 61% (727/1191) regret=0.049547 ape=0.5659
[22:41:57] regretChangePotential 61% (728/1191) regret=0.049547 ape=0.5659
[22:41:57] regretChangePotential 61% (729/1191) regret=0.049547 ape=0.5659
[22:41:58] regretChangePotential 61% (730/1191) regret=0.049547 ape=0.5659
[22:41:58] regretChangePotential 61% (731/1191) regret=0.049547 ape=0.5659
[22:41:58] regretChangePotential 61% (732/1191) regret=0.049547 ape=0.5659
[22:41:58] regretChangePotential 61% (733/1191) regret=0.049280 ape=0.5650
[22:41:58] regretChangePotential 61% (734/1191) regret=0.049280 ape=0.5650
[22:41:58] regretChangePotential 61% (735/1191) regret=0.049303 ape=0.5650
[22:41:58] regretChangePotential 61% (736/1191) regret=0.049303 ape=0.5650
[22:41:59] regretChangePotential 61% (737/1191) regret=0.049303 ape=0.5650
[22:41:59] regretChangePotential 61% (738/1191) regret=0.048931 ape=0.5650
[22:41:59] regretChangePotential 62% (739/1191) regret=0.048931 ape=0.5650
[22:41:59] regretChangePotential 62% (740/1191) regret=0.048700 ape=0.5650
[22:41:59] regretChangePotential 62% (741/1191) regret=0.048700 ape=0.5650
[22:41:59] regretChangePotential 62% (742/1191) regret=0.048700 ape=0.5650
[22:41:59] regretChangePotential 62% (743/1191) regret=0.048843 ape=0.5659
[22:42:00] regretChangePotential 62% (744/1191) regret=0.048428 ape=0.5650
[22:42:00] regretChangePotential 62% (745/1191) regret=0.048428 ape=0.5650
[22:42:00] regretChangePotential 62% (746/1191) regret=0.048428 ape=0.5650
[22:42:00] regretChangePotential 62% (747/1191) regret=0.048419 ape=0.5650
[22:42:00] regretChangePotential 62% (748/1191) regret=0.048382 ape=0.5650
[22:42:00] regretChangePotential 62% (749/1191) regret=0.048467 ape=0.5650
[22:42:00] regretChangePotential 62% (750/1191) regret=0.048467 ape=0.5650
[22:42:01] regretChangePotential 63% (751/1191) regret=0.048467 ape=0.5650
[22:42:01] regretChangePotential 63% (752/1191) regret=0.048467 ape=0.5650
[22:42:01] regretChangePotential 63% (753/1191) regret=0.048467 ape=0.5650
[22:42:01] regretChangePotential 63% (754/1191) regret=0.048467 ape=0.5650
[22:42:01] regretChangePotential 63% (755/1191) regret=0.048467 ape=0.5650
[22:42:01] regretChangePotential 63% (756/1191) regret=0.048467 ape=0.5650
[22:42:01] regretChangePotential 63% (757/1191) regret=0.048381 ape=0.5641
[22:42:02] regretChangePotential 63% (758/1191) regret=0.047938 ape=0.5631
[22:42:02] regretChangePotential 63% (759/1191) regret=0.047966 ape=0.5631
[22:42:02] regretChangePotential 63% (760/1191) regret=0.047800 ape=0.5622
[22:42:02] regretChangePotential 63% (761/1191) regret=0.047800 ape=0.5622
[22:42:02] regretChangePotential 63% (762/1191) regret=0.047708 ape=0.5622
[22:42:02] regretChangePotential 64% (763/1191) regret=0.047708 ape=0.5622
[22:42:02] regretChangePotential 64% (764/1191) regret=0.047708 ape=0.5622
[22:42:03] regretChangePotential 64% (765/1191) regret=0.047708 ape=0.5622
[22:42:03] regretChangePotential 64% (766/1191) regret=0.047708 ape=0.5622
[22:42:03] regretChangePotential 64% (767/1191) regret=0.047708 ape=0.5622
[22:42:03] regretChangePotential 64% (768/1191) regret=0.047275 ape=0.5622
[22:42:03] regretChangePotential 64% (769/1191) regret=0.047618 ape=0.5641
[22:42:03] regretChangePotential 64% (770/1191) regret=0.047578 ape=0.5641
[22:42:03] regretChangePotential 64% (771/1191) regret=0.047620 ape=0.5641
[22:42:04] regretChangePotential 64% (772/1191) regret=0.047491 ape=0.5641
[22:42:04] regretChangePotential 64% (773/1191) regret=0.047467 ape=0.5641
[22:42:04] regretChangePotential 64% (774/1191) regret=0.047317 ape=0.5631
[22:42:04] regretChangePotential 65% (775/1191) regret=0.047317 ape=0.5631
[22:42:04] regretChangePotential 65% (776/1191) regret=0.047349 ape=0.5631
[22:42:04] regretChangePotential 65% (777/1191) regret=0.047349 ape=0.5631
[22:42:04] regretChangePotential 65% (778/1191) regret=0.047100 ape=0.5622
[22:42:05] regretChangePotential 65% (779/1191) regret=0.047100 ape=0.5622
[22:42:05] regretChangePotential 65% (780/1191) regret=0.047100 ape=0.5622
[22:42:05] regretChangePotential 65% (781/1191) regret=0.047128 ape=0.5622
[22:42:05] regretChangePotential 65% (782/1191) regret=0.047089 ape=0.5622
[22:42:05] regretChangePotential 65% (783/1191) regret=0.047039 ape=0.5622
[22:42:05] regretChangePotential 65% (784/1191) regret=0.047163 ape=0.5631
[22:42:05] regretChangePotential 65% (785/1191) regret=0.047283 ape=0.5631
[22:42:06] regretChangePotential 65% (786/1191) regret=0.047145 ape=0.5622
[22:42:06] regretChangePotential 66% (787/1191) regret=0.047172 ape=0.5622
[22:42:06] regretChangePotential 66% (788/1191) regret=0.047255 ape=0.5631
[22:42:06] regretChangePotential 66% (789/1191) regret=0.047182 ape=0.5622
[22:42:06] regretChangePotential 66% (790/1191) regret=0.046905 ape=0.5622
[22:42:06] regretChangePotential 66% (791/1191) regret=0.046905 ape=0.5622
[22:42:06] regretChangePotential 66% (792/1191) regret=0.046902 ape=0.5622
[22:42:07] regretChangePotential 66% (793/1191) regret=0.046716 ape=0.5613
[22:42:07] regretChangePotential 66% (794/1191) regret=0.046716 ape=0.5613
[22:42:07] regretChangePotential 66% (795/1191) regret=0.046854 ape=0.5613
[22:42:07] regretChangePotential 66% (796/1191) regret=0.046965 ape=0.5613
[22:42:07] regretChangePotential 66% (797/1191) regret=0.046781 ape=0.5613
[22:42:07] regretChangePotential 67% (798/1191) regret=0.046781 ape=0.5613
[22:42:07] regretChangePotential 67% (799/1191) regret=0.046570 ape=0.5613
[22:42:08] regretChangePotential 67% (800/1191) regret=0.046564 ape=0.5604
[22:42:08] regretChangePotential 67% (801/1191) regret=0.046398 ape=0.5604
[22:42:08] regretChangePotential 67% (802/1191) regret=0.046387 ape=0.5604
[22:42:08] regretChangePotential 67% (803/1191) regret=0.046101 ape=0.5594
[22:42:08] regretChangePotential 67% (804/1191) regret=0.046111 ape=0.5594
[22:42:08] regretChangePotential 67% (805/1191) regret=0.046101 ape=0.5594
[22:42:08] regretChangePotential 67% (806/1191) regret=0.046104 ape=0.5594
[22:42:09] regretChangePotential 67% (807/1191) regret=0.046150 ape=0.5594
[22:42:09] regretChangePotential 67% (808/1191) regret=0.046104 ape=0.5594
[22:42:09] regretChangePotential 67% (809/1191) regret=0.046104 ape=0.5594
[22:42:09] regretChangePotential 68% (810/1191) regret=0.046113 ape=0.5594
[22:42:09] regretChangePotential 68% (811/1191) regret=0.045892 ape=0.5594
[22:42:09] regretChangePotential 68% (812/1191) regret=0.045802 ape=0.5594
[22:42:09] regretChangePotential 68% (813/1191) regret=0.045802 ape=0.5594
[22:42:10] regretChangePotential 68% (814/1191) regret=0.045690 ape=0.5585
[22:42:10] regretChangePotential 68% (815/1191) regret=0.045570 ape=0.5576
[22:42:10] regretChangePotential 68% (816/1191) regret=0.045577 ape=0.5576
[22:42:10] regretChangePotential 68% (817/1191) regret=0.045577 ape=0.5576
[22:42:10] regretChangePotential 68% (818/1191) regret=0.045724 ape=0.5576
[22:42:10] regretChangePotential 68% (819/1191) regret=0.045632 ape=0.5576
[22:42:10] regretChangePotential 68% (820/1191) regret=0.045793 ape=0.5576
[22:42:11] regretChangePotential 68% (821/1191) regret=0.045411 ape=0.5567
[22:42:11] regretChangePotential 69% (822/1191) regret=0.045420 ape=0.5567
[22:42:11] regretChangePotential 69% (823/1191) regret=0.045442 ape=0.5567
[22:42:11] regretChangePotential 69% (824/1191) regret=0.045170 ape=0.5558
[22:42:11] regretChangePotential 69% (825/1191) regret=0.045117 ape=0.5558
[22:42:11] regretChangePotential 69% (826/1191) regret=0.044897 ape=0.5558
[22:42:11] regretChangePotential 69% (827/1191) regret=0.044868 ape=0.5558
[22:42:12] regretChangePotential 69% (828/1191) regret=0.044788 ape=0.5548
[22:42:12] regretChangePotential 69% (829/1191) regret=0.044788 ape=0.5548
[22:42:12] regretChangePotential 69% (830/1191) regret=0.044788 ape=0.5548
[22:42:12] regretChangePotential 69% (831/1191) regret=0.044788 ape=0.5548
[22:42:12] regretChangePotential 69% (832/1191) regret=0.044852 ape=0.5548
[22:42:12] regretChangePotential 69% (833/1191) regret=0.044788 ape=0.5548
[22:42:12] regretChangePotential 70% (834/1191) regret=0.044751 ape=0.5548
[22:42:13] regretChangePotential 70% (835/1191) regret=0.044530 ape=0.5539
[22:42:13] regretChangePotential 70% (836/1191) regret=0.044530 ape=0.5539
[22:42:13] regretChangePotential 70% (837/1191) regret=0.044530 ape=0.5539
[22:42:13] regretChangePotential 70% (838/1191) regret=0.044530 ape=0.5539
[22:42:13] regretChangePotential 70% (839/1191) regret=0.044530 ape=0.5539
[22:42:13] regretChangePotential 70% (840/1191) regret=0.044530 ape=0.5539
[22:42:13] regretChangePotential 70% (841/1191) regret=0.044530 ape=0.5539
[22:42:14] regretChangePotential 70% (842/1191) regret=0.044530 ape=0.5539
[22:42:14] regretChangePotential 70% (843/1191) regret=0.044530 ape=0.5539
[22:42:14] regretChangePotential 70% (844/1191) regret=0.044530 ape=0.5539
[22:42:14] regretChangePotential 70% (845/1191) regret=0.044530 ape=0.5539
[22:42:14] regretChangePotential 71% (846/1191) regret=0.044530 ape=0.5539
[22:42:14] regretChangePotential 71% (847/1191) regret=0.044437 ape=0.5539
[22:42:14] regretChangePotential 71% (848/1191) regret=0.044437 ape=0.5539
[22:42:15] regretChangePotential 71% (849/1191) regret=0.044437 ape=0.5539
[22:42:15] regretChangePotential 71% (850/1191) regret=0.044437 ape=0.5539
[22:42:15] regretChangePotential 71% (851/1191) regret=0.044437 ape=0.5539
[22:42:15] regretChangePotential 71% (852/1191) regret=0.044437 ape=0.5539
[22:42:15] regretChangePotential 71% (853/1191) regret=0.044428 ape=0.5539
[22:42:15] regretChangePotential 71% (854/1191) regret=0.044419 ape=0.5539
[22:42:15] regretChangePotential 71% (855/1191) regret=0.044419 ape=0.5539
[22:42:16] regretChangePotential 71% (856/1191) regret=0.044419 ape=0.5539
[22:42:16] regretChangePotential 71% (857/1191) regret=0.044419 ape=0.5539
[22:42:16] regretChangePotential 72% (858/1191) regret=0.044419 ape=0.5539
[22:42:16] regretChangePotential 72% (859/1191) regret=0.044419 ape=0.5539
[22:42:16] regretChangePotential 72% (860/1191) regret=0.044419 ape=0.5539
[22:42:16] regretChangePotential 72% (861/1191) regret=0.044419 ape=0.5539
[22:42:16] regretChangePotential 72% (862/1191) regret=0.044419 ape=0.5539
[22:42:17] regretChangePotential 72% (863/1191) regret=0.044419 ape=0.5539
[22:42:17] regretChangePotential 72% (864/1191) regret=0.044419 ape=0.5539
[22:42:17] regretChangePotential 72% (865/1191) regret=0.044419 ape=0.5539
[22:42:17] regretChangePotential 72% (866/1191) regret=0.044456 ape=0.5539
[22:42:17] regretChangePotential 72% (867/1191) regret=0.044414 ape=0.5539
[22:42:17] regretChangePotential 72% (868/1191) regret=0.044406 ape=0.5539
[22:42:17] regretChangePotential 72% (869/1191) regret=0.044456 ape=0.5539
[22:42:18] regretChangePotential 73% (870/1191) regret=0.044456 ape=0.5539
[22:42:18] regretChangePotential 73% (871/1191) regret=0.044456 ape=0.5539
[22:42:18] regretChangePotential 73% (872/1191) regret=0.044456 ape=0.5539
[22:42:18] regretChangePotential 73% (873/1191) regret=0.044456 ape=0.5539
[22:42:18] regretChangePotential 73% (874/1191) regret=0.044456 ape=0.5539
[22:42:18] regretChangePotential 73% (875/1191) regret=0.044456 ape=0.5539
[22:42:18] regretChangePotential 73% (876/1191) regret=0.044456 ape=0.5539
[22:42:18] regretChangePotential 73% (877/1191) regret=0.044456 ape=0.5539
[22:42:19] regretChangePotential 73% (878/1191) regret=0.044456 ape=0.5539
[22:42:19] regretChangePotential 73% (879/1191) regret=0.044456 ape=0.5539
[22:42:19] regretChangePotential 73% (880/1191) regret=0.044456 ape=0.5539
[22:42:19] regretChangePotential 73% (881/1191) regret=0.044456 ape=0.5539
[22:42:19] regretChangePotential 74% (882/1191) regret=0.044456 ape=0.5539
[22:42:19] regretChangePotential 74% (883/1191) regret=0.044456 ape=0.5539
[22:42:19] regretChangePotential 74% (884/1191) regret=0.044456 ape=0.5539
[22:42:20] regretChangePotential 74% (885/1191) regret=0.044456 ape=0.5539
[22:42:20] regretChangePotential 74% (886/1191) regret=0.044456 ape=0.5539
[22:42:20] regretChangePotential 74% (887/1191) regret=0.044456 ape=0.5539
[22:42:20] regretChangePotential 74% (888/1191) regret=0.044456 ape=0.5539
[22:42:20] regretChangePotential 74% (889/1191) regret=0.044456 ape=0.5539
[22:42:20] regretChangePotential 74% (890/1191) regret=0.044456 ape=0.5539
[22:42:20] regretChangePotential 74% (891/1191) regret=0.044456 ape=0.5539
[22:42:21] regretChangePotential 74% (892/1191) regret=0.044456 ape=0.5539
[22:42:21] regretChangePotential 74% (893/1191) regret=0.044456 ape=0.5539
[22:42:21] regretChangePotential 75% (894/1191) regret=0.044456 ape=0.5539
[22:42:21] regretChangePotential 75% (895/1191) regret=0.044456 ape=0.5539
[22:42:21] regretChangePotential 75% (896/1191) regret=0.044456 ape=0.5539
[22:42:21] regretChangePotential 75% (897/1191) regret=0.044456 ape=0.5539
[22:42:21] regretChangePotential 75% (898/1191) regret=0.044456 ape=0.5539
[22:42:22] regretChangePotential 75% (899/1191) regret=0.044456 ape=0.5539
[22:42:22] regretChangePotential 75% (900/1191) regret=0.044456 ape=0.5539
[22:42:22] regretChangePotential 75% (901/1191) regret=0.044456 ape=0.5539
[22:42:22] regretChangePotential 75% (902/1191) regret=0.044456 ape=0.5539
[22:42:22] regretChangePotential 75% (903/1191) regret=0.044456 ape=0.5539
[22:42:22] regretChangePotential 75% (904/1191) regret=0.044456 ape=0.5539
[22:42:22] regretChangePotential 75% (905/1191) regret=0.044456 ape=0.5539
[22:42:22] regretChangePotential 76% (906/1191) regret=0.044456 ape=0.5539
[22:42:23] regretChangePotential 76% (907/1191) regret=0.044456 ape=0.5539
[22:42:23] regretChangePotential 76% (908/1191) regret=0.044456 ape=0.5539
[22:42:23] regretChangePotential 76% (909/1191) regret=0.044456 ape=0.5539
[22:42:23] regretChangePotential 76% (910/1191) regret=0.044456 ape=0.5539
[22:42:23] regretChangePotential 76% (911/1191) regret=0.044456 ape=0.5539
[22:42:23] regretChangePotential 76% (912/1191) regret=0.044456 ape=0.5539
[22:42:23] regretChangePotential 76% (913/1191) regret=0.044456 ape=0.5539
[22:42:24] regretChangePotential 76% (914/1191) regret=0.044456 ape=0.5539
[22:42:24] regretChangePotential 76% (915/1191) regret=0.044452 ape=0.5530
[22:42:24] regretChangePotential 76% (916/1191) regret=0.044452 ape=0.5530
[22:42:24] regretChangePotential 76% (917/1191) regret=0.044452 ape=0.5530
[22:42:24] regretChangePotential 77% (918/1191) regret=0.044452 ape=0.5530
[22:42:24] regretChangePotential 77% (919/1191) regret=0.044452 ape=0.5530
[22:42:24] regretChangePotential 77% (920/1191) regret=0.044452 ape=0.5530
[22:42:24] regretChangePotential 77% (921/1191) regret=0.044452 ape=0.5530
[22:42:25] regretChangePotential 77% (922/1191) regret=0.044600 ape=0.5530
[22:42:25] regretChangePotential 77% (923/1191) regret=0.044600 ape=0.5530
[22:42:25] regretChangePotential 77% (924/1191) regret=0.044600 ape=0.5530
[22:42:25] regretChangePotential 77% (925/1191) regret=0.044600 ape=0.5530
[22:42:25] regretChangePotential 77% (926/1191) regret=0.044529 ape=0.5530
[22:42:25] regretChangePotential 77% (927/1191) regret=0.044501 ape=0.5530
[22:42:25] regretChangePotential 77% (928/1191) regret=0.044575 ape=0.5539
[22:42:26] regretChangePotential 78% (929/1191) regret=0.044676 ape=0.5539
[22:42:26] regretChangePotential 78% (930/1191) regret=0.044557 ape=0.5539
[22:42:26] regretChangePotential 78% (931/1191) regret=0.044471 ape=0.5539
[22:42:26] regretChangePotential 78% (932/1191) regret=0.044467 ape=0.5539
[22:42:26] regretChangePotential 78% (933/1191) regret=0.044448 ape=0.5530
[22:42:26] regretChangePotential 78% (934/1191) regret=0.044471 ape=0.5530
[22:42:26] regretChangePotential 78% (935/1191) regret=0.044681 ape=0.5530
[22:42:27] regretChangePotential 78% (936/1191) regret=0.044681 ape=0.5530
[22:42:27] regretChangePotential 78% (937/1191) regret=0.044681 ape=0.5530
[22:42:27] regretChangePotential 78% (938/1191) regret=0.044875 ape=0.5539
[22:42:27] regretChangePotential 78% (939/1191) regret=0.044635 ape=0.5530
[22:42:27] regretChangePotential 78% (940/1191) regret=0.044630 ape=0.5530
[22:42:27] regretChangePotential 79% (941/1191) regret=0.044584 ape=0.5530
[22:42:27] regretChangePotential 79% (942/1191) regret=0.044584 ape=0.5530
[22:42:28] regretChangePotential 79% (943/1191) regret=0.044782 ape=0.5530
[22:42:28] regretChangePotential 79% (944/1191) regret=0.044782 ape=0.5530
[22:42:28] regretChangePotential 79% (945/1191) regret=0.044672 ape=0.5530
[22:42:28] regretChangePotential 79% (946/1191) regret=0.044676 ape=0.5530
[22:42:28] regretChangePotential 79% (947/1191) regret=0.044676 ape=0.5530
[22:42:28] regretChangePotential 79% (948/1191) regret=0.044676 ape=0.5530
[22:42:28] regretChangePotential 79% (949/1191) regret=0.044643 ape=0.5530
[22:42:29] regretChangePotential 79% (950/1191) regret=0.044556 ape=0.5521
[22:42:29] regretChangePotential 79% (951/1191) regret=0.044416 ape=0.5521
[22:42:29] regretChangePotential 79% (952/1191) regret=0.044416 ape=0.5521
[22:42:29] regretChangePotential 80% (953/1191) regret=0.044259 ape=0.5521
[22:42:29] regretChangePotential 80% (954/1191) regret=0.044167 ape=0.5521
[22:42:29] regretChangePotential 80% (955/1191) regret=0.044268 ape=0.5521
[22:42:29] regretChangePotential 80% (956/1191) regret=0.044268 ape=0.5521
[22:42:30] regretChangePotential 80% (957/1191) regret=0.044310 ape=0.5530
[22:42:30] regretChangePotential 80% (958/1191) regret=0.044310 ape=0.5530
[22:42:30] regretChangePotential 80% (959/1191) regret=0.044672 ape=0.5548
[22:42:30] regretChangePotential 80% (960/1191) regret=0.044527 ape=0.5539
[22:42:30] regretChangePotential 80% (961/1191) regret=0.044527 ape=0.5539
[22:42:30] regretChangePotential 80% (962/1191) regret=0.044527 ape=0.5539
[22:42:30] regretChangePotential 80% (963/1191) regret=0.044524 ape=0.5539
[22:42:31] regretChangePotential 80% (964/1191) regret=0.044268 ape=0.5539
[22:42:31] regretChangePotential 81% (965/1191) regret=0.044268 ape=0.5539
[22:42:31] regretChangePotential 81% (966/1191) regret=0.044268 ape=0.5539
[22:42:31] regretChangePotential 81% (967/1191) regret=0.044268 ape=0.5539
[22:42:31] regretChangePotential 81% (968/1191) regret=0.044268 ape=0.5539
[22:42:31] regretChangePotential 81% (969/1191) regret=0.044268 ape=0.5539
[22:42:31] regretChangePotential 81% (970/1191) regret=0.044268 ape=0.5539
[22:42:32] regretChangePotential 81% (971/1191) regret=0.044268 ape=0.5539
[22:42:32] regretChangePotential 81% (972/1191) regret=0.044314 ape=0.5539
[22:42:32] regretChangePotential 81% (973/1191) regret=0.044290 ape=0.5539
[22:42:32] regretChangePotential 81% (974/1191) regret=0.044290 ape=0.5539
[22:42:32] regretChangePotential 81% (975/1191) regret=0.044144 ape=0.5539
[22:42:32] regretChangePotential 81% (976/1191) regret=0.044144 ape=0.5539
[22:42:32] regretChangePotential 82% (977/1191) regret=0.044144 ape=0.5539
[22:42:32] regretChangePotential 82% (978/1191) regret=0.044144 ape=0.5539
[22:42:33] regretChangePotential 82% (979/1191) regret=0.043960 ape=0.5530
[22:42:33] regretChangePotential 82% (980/1191) regret=0.043960 ape=0.5530
[22:42:33] regretChangePotential 82% (981/1191) regret=0.043895 ape=0.5530
[22:42:33] regretChangePotential 82% (982/1191) regret=0.043809 ape=0.5521
[22:42:33] regretChangePotential 82% (983/1191) regret=0.044021 ape=0.5521
[22:42:33] regretChangePotential 82% (984/1191) regret=0.044035 ape=0.5521
[22:42:33] regretChangePotential 82% (985/1191) regret=0.043828 ape=0.5512
[22:42:34] regretChangePotential 82% (986/1191) regret=0.043828 ape=0.5512
[22:42:34] regretChangePotential 82% (987/1191) regret=0.043828 ape=0.5512
[22:42:34] regretChangePotential 82% (988/1191) regret=0.043828 ape=0.5512
[22:42:34] regretChangePotential 83% (989/1191) regret=0.043828 ape=0.5512
[22:42:34] regretChangePotential 83% (990/1191) regret=0.043828 ape=0.5512
[22:42:34] regretChangePotential 83% (991/1191) regret=0.043828 ape=0.5512
[22:42:34] regretChangePotential 83% (992/1191) regret=0.043828 ape=0.5512
[22:42:35] regretChangePotential 83% (993/1191) regret=0.043828 ape=0.5512
[22:42:35] regretChangePotential 83% (994/1191) regret=0.043828 ape=0.5512
[22:42:35] regretChangePotential 83% (995/1191) regret=0.043828 ape=0.5512
[22:42:35] regretChangePotential 83% (996/1191) regret=0.043828 ape=0.5512
[22:42:35] regretChangePotential 83% (997/1191) regret=0.043828 ape=0.5512
[22:42:35] regretChangePotential 83% (998/1191) regret=0.043828 ape=0.5512
[22:42:35] regretChangePotential 83% (999/1191) regret=0.043828 ape=0.5512
[22:42:36] regretChangePotential 83% (1000/1191) regret=0.043828 ape=0.5512
[22:42:36] regretChangePotential 84% (1001/1191) regret=0.043828 ape=0.5512
[22:42:36] regretChangePotential 84% (1002/1191) regret=0.043828 ape=0.5512
[22:42:36] regretChangePotential 84% (1003/1191) regret=0.043828 ape=0.5512
[22:42:36] regretChangePotential 84% (1004/1191) regret=0.043828 ape=0.5512
[22:42:36] regretChangePotential 84% (1005/1191) regret=0.043828 ape=0.5512
[22:42:36] regretChangePotential 84% (1006/1191) regret=0.043832 ape=0.5512
[22:42:37] regretChangePotential 84% (1007/1191) regret=0.043832 ape=0.5512
[22:42:37] regretChangePotential 84% (1008/1191) regret=0.043832 ape=0.5512
[22:42:37] regretChangePotential 84% (1009/1191) regret=0.043832 ape=0.5512
[22:42:37] regretChangePotential 84% (1010/1191) regret=0.043832 ape=0.5512
[22:42:37] regretChangePotential 84% (1011/1191) regret=0.043832 ape=0.5512
[22:42:37] regretChangePotential 84% (1012/1191) regret=0.043832 ape=0.5512
[22:42:37] regretChangePotential 85% (1013/1191) regret=0.043846 ape=0.5512
[22:42:38] regretChangePotential 85% (1014/1191) regret=0.043832 ape=0.5512
[22:42:38] regretChangePotential 85% (1015/1191) regret=0.043731 ape=0.5512
[22:42:38] regretChangePotential 85% (1016/1191) regret=0.043703 ape=0.5502
[22:42:38] regretChangePotential 85% (1017/1191) regret=0.043703 ape=0.5502
[22:42:38] regretChangePotential 85% (1018/1191) regret=0.043685 ape=0.5493
[22:42:38] regretChangePotential 85% (1019/1191) regret=0.043645 ape=0.5484
[22:42:38] regretChangePotential 85% (1020/1191) regret=0.043645 ape=0.5484
[22:42:39] regretChangePotential 85% (1021/1191) regret=0.043291 ape=0.5465
[22:42:39] regretChangePotential 85% (1022/1191) regret=0.043208 ape=0.5456
[22:42:39] regretChangePotential 85% (1023/1191) regret=0.043208 ape=0.5456
[22:42:39] regretChangePotential 85% (1024/1191) regret=0.042894 ape=0.5456
[22:42:39] regretChangePotential 86% (1025/1191) regret=0.042927 ape=0.5456
[22:42:39] regretChangePotential 86% (1026/1191) regret=0.042927 ape=0.5456
[22:42:39] regretChangePotential 86% (1027/1191) regret=0.042696 ape=0.5456
[22:42:40] regretChangePotential 86% (1028/1191) regret=0.042696 ape=0.5456
[22:42:40] regretChangePotential 86% (1029/1191) regret=0.042586 ape=0.5456
[22:42:40] regretChangePotential 86% (1030/1191) regret=0.042567 ape=0.5456
[22:42:40] regretChangePotential 86% (1031/1191) regret=0.042268 ape=0.5456
[22:42:40] regretChangePotential 86% (1032/1191) regret=0.042268 ape=0.5456
[22:42:40] regretChangePotential 86% (1033/1191) regret=0.042212 ape=0.5447
[22:42:40] regretChangePotential 86% (1034/1191) regret=0.042203 ape=0.5438
[22:42:41] regretChangePotential 86% (1035/1191) regret=0.042102 ape=0.5429
[22:42:41] regretChangePotential 86% (1036/1191) regret=0.042102 ape=0.5429
[22:42:41] regretChangePotential 87% (1037/1191) regret=0.042083 ape=0.5419
[22:42:41] regretChangePotential 87% (1038/1191) regret=0.042083 ape=0.5419
[22:42:41] regretChangePotential 87% (1039/1191) regret=0.041910 ape=0.5410
[22:42:41] regretChangePotential 87% (1040/1191) regret=0.041947 ape=0.5410
[22:42:41] regretChangePotential 87% (1041/1191) regret=0.041910 ape=0.5410
[22:42:42] regretChangePotential 87% (1042/1191) regret=0.041949 ape=0.5410
[22:42:42] regretChangePotential 87% (1043/1191) regret=0.041910 ape=0.5410
[22:42:42] regretChangePotential 87% (1044/1191) regret=0.041699 ape=0.5410
[22:42:42] regretChangePotential 87% (1045/1191) regret=0.041699 ape=0.5410
[22:42:42] regretChangePotential 87% (1046/1191) regret=0.041699 ape=0.5410
[22:42:42] regretChangePotential 87% (1047/1191) regret=0.041859 ape=0.5410
[22:42:42] regretChangePotential 87% (1048/1191) regret=0.041753 ape=0.5410
[22:42:43] regretChangePotential 88% (1049/1191) regret=0.042011 ape=0.5410
[22:42:43] regretChangePotential 88% (1050/1191) regret=0.041744 ape=0.5410
[22:42:43] regretChangePotential 88% (1051/1191) regret=0.041818 ape=0.5401
[22:42:43] regretChangePotential 88% (1052/1191) regret=0.041712 ape=0.5392
[22:42:43] regretChangePotential 88% (1053/1191) regret=0.041841 ape=0.5401
[22:42:43] regretChangePotential 88% (1054/1191) regret=0.041712 ape=0.5392
[22:42:43] regretChangePotential 88% (1055/1191) regret=0.041712 ape=0.5392
[22:42:44] regretChangePotential 88% (1056/1191) regret=0.041733 ape=0.5392
[22:42:44] regretChangePotential 88% (1057/1191) regret=0.041871 ape=0.5392
[22:42:44] regretChangePotential 88% (1058/1191) regret=0.041822 ape=0.5392
[22:42:44] regretChangePotential 88% (1059/1191) regret=0.041887 ape=0.5392
[22:42:44] regretChangePotential 89% (1060/1191) regret=0.041887 ape=0.5392
[22:42:44] regretChangePotential 89% (1061/1191) regret=0.041887 ape=0.5392
[22:42:44] regretChangePotential 89% (1062/1191) regret=0.041887 ape=0.5392
[22:42:45] regretChangePotential 89% (1063/1191) regret=0.041887 ape=0.5392
[22:42:45] regretChangePotential 89% (1064/1191) regret=0.041887 ape=0.5392
[22:42:45] regretChangePotential 89% (1065/1191) regret=0.041887 ape=0.5392
[22:42:45] regretChangePotential 89% (1066/1191) regret=0.041887 ape=0.5392
[22:42:45] regretChangePotential 89% (1067/1191) regret=0.041739 ape=0.5392
[22:42:45] regretChangePotential 89% (1068/1191) regret=0.041739 ape=0.5392
[22:42:45] regretChangePotential 89% (1069/1191) regret=0.041739 ape=0.5392
[22:42:46] regretChangePotential 89% (1070/1191) regret=0.041739 ape=0.5392
[22:42:46] regretChangePotential 89% (1071/1191) regret=0.041739 ape=0.5392
[22:42:46] regretChangePotential 90% (1072/1191) regret=0.041702 ape=0.5392
[22:42:46] regretChangePotential 90% (1073/1191) regret=0.041702 ape=0.5392
[22:42:46] regretChangePotential 90% (1074/1191) regret=0.041702 ape=0.5392
[22:42:46] regretChangePotential 90% (1075/1191) regret=0.041702 ape=0.5392
[22:42:46] regretChangePotential 90% (1076/1191) regret=0.041702 ape=0.5392
[22:42:47] regretChangePotential 90% (1077/1191) regret=0.041283 ape=0.5382
[22:42:47] regretChangePotential 90% (1078/1191) regret=0.041099 ape=0.5373
[22:42:47] regretChangePotential 90% (1079/1191) regret=0.040546 ape=0.5364
[22:42:47] regretChangePotential 90% (1080/1191) regret=0.040371 ape=0.5355
[22:42:47] regretChangePotential 90% (1081/1191) regret=0.040371 ape=0.5355
[22:42:47] regretChangePotential 90% (1082/1191) regret=0.040371 ape=0.5355
[22:42:47] regretChangePotential 90% (1083/1191) regret=0.040371 ape=0.5355
[22:42:48] regretChangePotential 91% (1084/1191) regret=0.040364 ape=0.5346
[22:42:48] regretChangePotential 91% (1085/1191) regret=0.040420 ape=0.5346
[22:42:48] regretChangePotential 91% (1086/1191) regret=0.040420 ape=0.5346
[22:42:48] regretChangePotential 91% (1087/1191) regret=0.040724 ape=0.5355
[22:42:48] regretChangePotential 91% (1088/1191) regret=0.040724 ape=0.5355
[22:42:48] regretChangePotential 91% (1089/1191) regret=0.040721 ape=0.5346
[22:42:48] regretChangePotential 91% (1090/1191) regret=0.040649 ape=0.5336
[22:42:49] regretChangePotential 91% (1091/1191) regret=0.040649 ape=0.5336
[22:42:49] regretChangePotential 91% (1092/1191) regret=0.040649 ape=0.5336
[22:42:49] regretChangePotential 91% (1093/1191) regret=0.040649 ape=0.5336
[22:42:49] regretChangePotential 91% (1094/1191) regret=0.040649 ape=0.5336
[22:42:49] regretChangePotential 91% (1095/1191) regret=0.040649 ape=0.5336
[22:42:49] regretChangePotential 92% (1096/1191) regret=0.040649 ape=0.5336
[22:42:49] regretChangePotential 92% (1097/1191) regret=0.040649 ape=0.5336
[22:42:50] regretChangePotential 92% (1098/1191) regret=0.040649 ape=0.5336
[22:42:50] regretChangePotential 92% (1099/1191) regret=0.040649 ape=0.5336
[22:42:50] regretChangePotential 92% (1100/1191) regret=0.040649 ape=0.5336
[22:42:50] regretChangePotential 92% (1101/1191) regret=0.040649 ape=0.5336
[22:42:50] regretChangePotential 92% (1102/1191) regret=0.040649 ape=0.5336
[22:42:50] regretChangePotential 92% (1103/1191) regret=0.040685 ape=0.5336
[22:42:50] regretChangePotential 92% (1104/1191) regret=0.040685 ape=0.5336
[22:42:51] regretChangePotential 92% (1105/1191) regret=0.040593 ape=0.5327
[22:42:51] regretChangePotential 92% (1106/1191) regret=0.040593 ape=0.5327
[22:42:51] regretChangePotential 92% (1107/1191) regret=0.040593 ape=0.5327
[22:42:51] regretChangePotential 93% (1108/1191) regret=0.040649 ape=0.5327
[22:42:51] regretChangePotential 93% (1109/1191) regret=0.040266 ape=0.5318
[22:42:51] regretChangePotential 93% (1110/1191) regret=0.040165 ape=0.5318
[22:42:51] regretChangePotential 93% (1111/1191) regret=0.040169 ape=0.5318
[22:42:52] regretChangePotential 93% (1112/1191) regret=0.040169 ape=0.5318
[22:42:52] regretChangePotential 93% (1113/1191) regret=0.040556 ape=0.5327
[22:42:52] regretChangePotential 93% (1114/1191) regret=0.040556 ape=0.5327
[22:42:52] regretChangePotential 93% (1115/1191) regret=0.040556 ape=0.5327
[22:42:52] regretChangePotential 93% (1116/1191) regret=0.040556 ape=0.5327
[22:42:52] regretChangePotential 93% (1117/1191) regret=0.040326 ape=0.5318
[22:42:52] regretChangePotential 93% (1118/1191) regret=0.040326 ape=0.5318
[22:42:52] regretChangePotential 93% (1119/1191) regret=0.040326 ape=0.5318
[22:42:53] regretChangePotential 94% (1120/1191) regret=0.040326 ape=0.5318
[22:42:53] regretChangePotential 94% (1121/1191) regret=0.040326 ape=0.5318
[22:42:53] regretChangePotential 94% (1122/1191) regret=0.040363 ape=0.5318
[22:42:53] regretChangePotential 94% (1123/1191) regret=0.040400 ape=0.5318
[22:42:53] regretChangePotential 94% (1124/1191) regret=0.040395 ape=0.5318
[22:42:53] regretChangePotential 94% (1125/1191) regret=0.040395 ape=0.5318
[22:42:53] regretChangePotential 94% (1126/1191) regret=0.040395 ape=0.5318
[22:42:54] regretChangePotential 94% (1127/1191) regret=0.040366 ape=0.5309
[22:42:54] regretChangePotential 94% (1128/1191) regret=0.040366 ape=0.5309
[22:42:54] regretChangePotential 94% (1129/1191) regret=0.040366 ape=0.5309
[22:42:54] regretChangePotential 94% (1130/1191) regret=0.040366 ape=0.5309
[22:42:54] regretChangePotential 94% (1131/1191) regret=0.040366 ape=0.5309
[22:42:54] regretChangePotential 95% (1132/1191) regret=0.040364 ape=0.5309
[22:42:54] regretChangePotential 95% (1133/1191) regret=0.040364 ape=0.5309
[22:42:54] regretChangePotential 95% (1134/1191) regret=0.040364 ape=0.5309
[22:42:55] regretChangePotential 95% (1135/1191) regret=0.040364 ape=0.5309
[22:42:55] regretChangePotential 95% (1136/1191) regret=0.040271 ape=0.5300
[22:42:55] regretChangePotential 95% (1137/1191) regret=0.040271 ape=0.5300
[22:42:55] regretChangePotential 95% (1138/1191) regret=0.040271 ape=0.5300
[22:42:55] regretChangePotential 95% (1139/1191) regret=0.040212 ape=0.5300
[22:42:55] regretChangePotential 95% (1140/1191) regret=0.040212 ape=0.5300
[22:42:55] regretChangePotential 95% (1141/1191) regret=0.040267 ape=0.5300
[22:42:56] regretChangePotential 95% (1142/1191) regret=0.040248 ape=0.5300
[22:42:56] regretChangePotential 95% (1143/1191) regret=0.040248 ape=0.5300
[22:42:56] regretChangePotential 96% (1144/1191) regret=0.040184 ape=0.5300
[22:42:56] regretChangePotential 96% (1145/1191) regret=0.040463 ape=0.5300
[22:42:56] regretChangePotential 96% (1146/1191) regret=0.040463 ape=0.5300
[22:42:56] regretChangePotential 96% (1147/1191) regret=0.040647 ape=0.5300
[22:42:56] regretChangePotential 96% (1148/1191) regret=0.040647 ape=0.5300
[22:42:57] regretChangePotential 96% (1149/1191) regret=0.040647 ape=0.5300
[22:42:57] regretChangePotential 96% (1150/1191) regret=0.040647 ape=0.5300
[22:42:57] regretChangePotential 96% (1151/1191) regret=0.040645 ape=0.5309
[22:42:57] regretChangePotential 96% (1152/1191) regret=0.040737 ape=0.5309
[22:42:57] regretChangePotential 96% (1153/1191) regret=0.040737 ape=0.5309
[22:42:57] regretChangePotential 96% (1154/1191) regret=0.040795 ape=0.5309
[22:42:57] regretChangePotential 96% (1155/1191) regret=0.040696 ape=0.5309
[22:42:58] regretChangePotential 97% (1156/1191) regret=0.040696 ape=0.5309
[22:42:58] regretChangePotential 97% (1157/1191) regret=0.040696 ape=0.5309
[22:42:58] regretChangePotential 97% (1158/1191) regret=0.040395 ape=0.5290
[22:42:58] regretChangePotential 97% (1159/1191) regret=0.040215 ape=0.5290
[22:42:58] regretChangePotential 97% (1160/1191) regret=0.040215 ape=0.5290
[22:42:58] regretChangePotential 97% (1161/1191) regret=0.040150 ape=0.5290
[22:42:58] regretChangePotential 97% (1162/1191) regret=0.039950 ape=0.5290
[22:42:59] regretChangePotential 97% (1163/1191) regret=0.039996 ape=0.5290
[22:42:59] regretChangePotential 97% (1164/1191) regret=0.039996 ape=0.5290
[22:42:59] regretChangePotential 97% (1165/1191) regret=0.039612 ape=0.5281
[22:42:59] regretChangePotential 97% (1166/1191) regret=0.039612 ape=0.5281
[22:42:59] regretChangePotential 97% (1167/1191) regret=0.039391 ape=0.5272
[22:42:59] regretChangePotential 98% (1168/1191) regret=0.039391 ape=0.5272
[22:42:59] regretChangePotential 98% (1169/1191) regret=0.039391 ape=0.5272
[22:43:00] regretChangePotential 98% (1170/1191) regret=0.039391 ape=0.5272
[22:43:00] regretChangePotential 98% (1171/1191) regret=0.039455 ape=0.5272
[22:43:00] regretChangePotential 98% (1172/1191) regret=0.039455 ape=0.5272
[22:43:00] regretChangePotential 98% (1173/1191) regret=0.039455 ape=0.5272
[22:43:00] regretChangePotential 98% (1174/1191) regret=0.039455 ape=0.5272
[22:43:00] regretChangePotential 98% (1175/1191) regret=0.039455 ape=0.5272
[22:43:00] regretChangePotential 98% (1176/1191) regret=0.039455 ape=0.5272
[22:43:00] regretChangePotential 98% (1177/1191) regret=0.039455 ape=0.5272
[22:43:01] regretChangePotential 98% (1178/1191) regret=0.039474 ape=0.5272
[22:43:01] regretChangePotential 98% (1179/1191) regret=0.039474 ape=0.5272
[22:43:01] regretChangePotential 99% (1180/1191) regret=0.039474 ape=0.5272
[22:43:01] regretChangePotential 99% (1181/1191) regret=0.039362 ape=0.5272
[22:43:01] regretChangePotential 99% (1182/1191) regret=0.039474 ape=0.5272
[22:43:01] regretChangePotential 99% (1183/1191) regret=0.039474 ape=0.5272
[22:43:01] regretChangePotential 99% (1184/1191) regret=0.039474 ape=0.5272
[22:43:02] regretChangePotential 99% (1185/1191) regret=0.039474 ape=0.5272
[22:43:02] regretChangePotential 99% (1186/1191) regret=0.039474 ape=0.5272
[22:43:02] regretChangePotential 99% (1187/1191) regret=0.039474 ape=0.5272
[22:43:02] regretChangePotential 99% (1188/1191) regret=0.039474 ape=0.5272
[22:43:02] regretChangePotential 99% (1189/1191) regret=0.039474 ape=0.5272
[22:43:02] regretChangePotential 99% (1190/1191) regret=0.039474 ape=0.5272
Baseline finished: 1191 points, 169.53s
  Final: regret=0.039474, ape=0.5272

Saved: /home/users/g/s/gsavary/LudiiMCTSVariations/slurm_sweep_full_dataset/output_fractional/baseline/seed_3/sweep_fractional_baseline_3_20260426_224302.json

Generating plots...
Saved: /home/users/g/s/gsavary/LudiiMCTSVariations/slurm_sweep_full_dataset/output_fractional/baseline/seed_3/sweep_fractional_baseline_3_20260426_224302_regret.png
Saved: /home/users/g/s/gsavary/LudiiMCTSVariations/slurm_sweep_full_dataset/output_fractional/baseline/seed_3/sweep_fractional_baseline_3_20260426_224302_ape.png

================================================================================
Experiment complete!
================================================================================
Done. Results in: /home/users/g/s/gsavary/LudiiMCTSVariations/slurm_sweep_full_dataset/output_fractional/baseline/seed_3
